I/org.umd.logging(10837): Method < 1 com.rovio.skynest.WebViewWrapper$11.run()
I/org.umd.logging(10837): Method > 631 com.rovio.skynest.WebViewWrapper$16.run(com.rovio.skynest.WebViewWrapper$16@820995913)
I/org.umd.logging(10837): Method < 631 com.rovio.skynest.WebViewWrapper$16.run()
E/Cataloger( 5532): syncFile:/storage/emulated/0/2016-11-22_11:51:13.325.jpg
W/ResourceType(10837): No known package when getting name for resource number 0xffffffff
I/org.umd.logging(10837): Method > 1 com.rovio.fusion.MyLegacySurfaceView.onTouchEvent(com.rovio.fusion.MyLegacySurfaceView@38262701<file=2016-11-22_11:51:13.325><x=0><y=0><width=1196><height=768><id=-1>, android.view.MotionEvent@791856120)
E/Cataloger( 5532): syncFile:/storage/emulated/0/2016-11-22_11:51:13.325.jpg
I/org.umd.logging(10837): Method < 1 com.rovio.fusion.MyLegacySurfaceView.onTouchEvent(true)
E/Cataloger( 5532): syncFile:/storage/emulated/0/2016-11-22_11:51:13.459.jpg
W/ResourceType(10837): No known package when getting name for resource number 0xffffffff
I/org.umd.logging(10837): Method > 1 com.rovio.fusion.MyLegacySurfaceView.onTouchEvent(com.rovio.fusion.MyLegacySurfaceView@38262701<file=2016-11-22_11:51:13.459><x=0><y=0><width=1196><height=768><id=-1>, android.view.MotionEvent@791856120)
E/Cataloger( 5532): syncFile:/storage/emulated/0/2016-11-22_11:51:13.459.jpg
I/org.umd.logging(10837): Method < 1 com.rovio.fusion.MyLegacySurfaceView.onTouchEvent(true)
E/Cataloger( 5532): syncFile:/storage/emulated/0/2016-11-22_11:51:13.594.jpg
W/ResourceType(10837): No known package when getting name for resource number 0xffffffff
I/org.umd.logging(10837): Method > 1 com.rovio.fusion.MyLegacySurfaceView.onTouchEvent(com.rovio.fusion.MyLegacySurfaceView@38262701<file=2016-11-22_11:51:13.594><x=0><y=0><width=1196><height=768><id=-1>, android.view.MotionEvent@791856120)
E/Cataloger( 5532): syncFile:/storage/emulated/0/2016-11-22_11:51:13.594.jpg
I/org.umd.logging(10837): Method < 1 com.rovio.fusion.MyLegacySurfaceView.onTouchEvent(true)
W/ResourceType(  742): No package identifier when getting value for resource number 0x00000000
W/PackageManager(  742): Failure retrieving resources for com.rovio.angrybirds: Resource ID #0x0
D/audio_hw_primary(  190): select_devices: out_snd_device(2: speaker) in_snd_device(0: none)
D/ACDB-LOADER(  190): ACDB -> send_afe_cal
D/audio_hw_primary(  190): enable_snd_device: snd_device(2: speaker)
D/audio_hw_primary(  190): enable_audio_route: apply and update mixer path: low-latency-playback
I/ActivityManager(  588): START u0 {act=com.android.systemui.recents.SHOW_RECENTS flg=0x10804000 cmp=com.android.systemui/.recents.RecentsActivity} from uid 10022 on display 0
I/org.umd.logging(10837): Method > 1 com.rovio.fusion.App.onPause(com.rovio.fusion.App@159715295<activity=true>)
E/Cataloger( 5532): syncFile:/storage/emulated/0/2016-11-22_11:51:14.277.jpg
W/ResourceType(10837): No known package when getting name for resource number 0xffffffff
I/org.umd.logging(10837): Method > 1 com.rovio.fusion.GLSurfaceView.onPause(com.rovio.fusion.MyLegacySurfaceView@38262701<file=2016-11-22_11:51:14.277><x=0><y=0><width=1196><height=768><id=-1>)
E/Cataloger( 5532): syncFile:/storage/emulated/0/2016-11-22_11:51:14.277.jpg
I/org.umd.logging(10837): Method > 631 com.rovio.fusion.MyLegacyRenderer.onPause(com.rovio.fusion.MyLegacyRenderer@409034095)
I/org.umd.logging(10837): Method < 631 com.rovio.fusion.MyLegacyRenderer.onPause()
I/org.umd.logging(10837): Method < 1 com.rovio.fusion.GLSurfaceView.onPause()
I/org.umd.logging(10837): Method > 1 com.rovio.fusion.MyLegacyRenderer$1.onPause(com.rovio.fusion.MyLegacyRenderer$1@882580439)
I/org.umd.logging(10837): Method < 1 com.rovio.fusion.MyLegacyRenderer$1.onPause()
I/org.umd.logging(10837): Method > 1 com.rovio.fusion.VideoPlayerBridge.onPause(com.rovio.fusion.VideoPlayerBridge@902700119)
I/org.umd.logging(10837): Method < 1 com.rovio.fusion.VideoPlayerBridge.onPause()
I/org.umd.logging(10837): Method > 1 com.rovio.fusion.RemoteNotificationsClientWrapper.onPause(com.rovio.fusion.RemoteNotificationsClientWrapper@1065356333)
I/org.umd.logging(10837): Method < 1 com.rovio.fusion.RemoteNotificationsClientWrapper.onPause()
I/org.umd.logging(10837): Method > 1 com.rovio.skynest.socialnetwork.FacebookService.onPause(com.rovio.skynest.socialnetwork.FacebookService@892217075)
I/org.umd.logging(10837): Method > 1 com.facebook.UiLifecycleHelper.onPause(com.facebook.UiLifecycleHelper@855522857)
I/org.umd.logging(10837): Method < 1 com.facebook.UiLifecycleHelper.onPause()
I/org.umd.logging(10837): Method < 1 com.rovio.skynest.socialnetwork.FacebookService.onPause()
I/org.umd.logging(10837): Method > 1 com.rovio.skynest.socialnetwork.SinaWeiboService.onPause(com.rovio.skynest.socialnetwork.SinaWeiboService@74528476)
I/org.umd.logging(10837): Method < 1 com.rovio.skynest.socialnetwork.SinaWeiboService.onPause()
I/org.umd.logging(10837): Method > 1 com.rovio.fusion.payment.google.GooglePlayPaymentProvider.onPause(com.rovio.fusion.payment.google.GooglePlayPaymentProvider@987302157)
D/GooglePlayPaymentProvider(10837): onPause(): unbind
I/org.umd.logging(10837): Method < 1 com.rovio.fusion.payment.google.GooglePlayPaymentProvider.onPause()
I/org.umd.logging(10837): Method > 1 com.rovio.skynest.VideoPlayerBridge.onPause(com.rovio.skynest.VideoPlayerBridge@952467819)
I/org.umd.logging(10837): Method < 1 com.rovio.skynest.VideoPlayerBridge.onPause()
I/org.umd.logging(10837): Method < 1 com.rovio.fusion.App.onPause()
W/InputMethodManagerService(  588): Starting input on non-focused client com.android.internal.view.IInputMethodClient$Stub$Proxy@3c6efac9 (uid=10222 pid=10837)
W/ResourceType(  742): No package identifier when getting value for resource number 0x00000000
W/PackageManager(  742): Failure retrieving resources for com.rovio.angrybirds: Resource ID #0x0
I/ActivityManager(  588): Killing 10837:com.rovio.angrybirds/u0a222 (adj 9): remove task
I/WindowState(  588): WIN DEATH: Window{1efceb40 u0 com.rovio.angrybirds/com.rovio.fusion.App}
W/WindowManager(  588): Force-removing child win Window{d9d13be u0 SurfaceView} from container Window{1efceb40 u0 com.rovio.angrybirds/com.rovio.fusion.App}
D/ConnectivityService(  588): ConnectivityService NetworkRequestInfo binderDied(NetworkRequest [ id=21, legacyType=-1, [ Capabilities: INTERNET&NOT_RESTRICTED&TRUSTED] ], android.os.BinderProxy@256fdcef)
D/ConnectivityService(  588): releasing NetworkRequest NetworkRequest [ id=21, legacyType=-1, [ Capabilities: INTERNET&NOT_RESTRICTED&TRUSTED] ]
E/ConnectivityService(  588): RemoteException caught trying to send a callback msg for NetworkRequest [ id=21, legacyType=-1, [ Capabilities: INTERNET&NOT_RESTRICTED&TRUSTED] ]
D/ConnectivityService(  588): ConnectivityService NetworkRequestInfo binderDied(NetworkRequest [ id=20, legacyType=-1, [ Capabilities: INTERNET&NOT_RESTRICTED&TRUSTED] ], android.os.BinderProxy@c2035ce)
D/ConnectivityService(  588): releasing NetworkRequest NetworkRequest [ id=20, legacyType=-1, [ Capabilities: INTERNET&NOT_RESTRICTED&TRUSTED] ]
E/ConnectivityService(  588): RemoteException caught trying to send a callback msg for NetworkRequest [ id=20, legacyType=-1, [ Capabilities: INTERNET&NOT_RESTRICTED&TRUSTED] ]
W/WindowManager(  588): Failed looking up window
W/WindowManager(  588): java.lang.IllegalArgumentException: Requested window android.os.BinderProxy@34ddda79 does not exist
W/WindowManager(  588): 	at com.android.server.wm.WindowManagerService.windowForClientLocked(WindowManagerService.java:8539)
W/WindowManager(  588): 	at com.android.server.wm.WindowManagerService.windowForClientLocked(WindowManagerService.java:8530)
W/WindowManager(  588): 	at com.android.server.wm.WindowState$DeathRecipient.binderDied(WindowState.java:1142)
W/WindowManager(  588): 	at android.os.BinderProxy.sendDeathNotice(Binder.java:551)
I/WindowState(  588): WIN DEATH: null
E/WifiStateMachine(  588): WifiStateMachine CMD_START_SCAN source -2 txSuccessRate=104.11 rxSuccessRate=194.28 targetRoamBSSID=any RSSI=-62
I/ActivityManager(  588): START u0 {act=android.intent.action.MAIN cat=[android.intent.category.HOME] flg=0x10200000 cmp=com.android.launcher/com.android.launcher2.Launcher} from uid 10022 on display 0
I/ActivityManager(  588): Config changes=480 {1.0 310mcc?mnc en_US ?layoutDir sw384dp w384dp h567dp 320dpi nrml port finger -keyb/v/h -nav/h s.9}
V/ActivityManager(  588): Display changed displayId=0
I/InputReader(  588): Reconfiguring input devices.  changes=0x00000004
I/InputReader(  588): Device reconfigured: id=6, name='touch_dev', size 768x1280, orientation 0, mode 1, display id 0
D/skia    (  742): --- SkImageDecoder::Factory returned null
D/TaskPersister(  588): removeObsoleteFile: deleting file=47_task.xml
D/TaskPersister(  588): removeObsoleteFile: deleting file=47_task_thumbnail.png
W/IInputConnectionWrapper(  742): showStatusIcon on inactive InputConnection
I/WindowManager(  588): Screen frozen for +437ms due to Window{381d42b5 u0 com.android.systemui.ImageWallpaper}
W/OpenGLRenderer(  980): Incorrectly called buildLayer on View: ShortcutAndWidgetContainer, destroying layer...
W/OpenGLRenderer(  980): Incorrectly called buildLayer on View: ShortcutAndWidgetContainer, destroying layer...
D/audio_hw_primary(  190): disable_audio_route: reset and update mixer path: low-latency-playback
D/audio_hw_primary(  190): disable_snd_device: snd_device(2: speaker)
I/art     (  588): Explicit concurrent mark sweep GC freed 37601(1964KB) AllocSpace objects, 4(64KB) LOS objects, 33% free, 22MB/33MB, paused 1.709ms total 130.138ms
I/PlayCommon( 1524): [135] com.google.android.play.a.g.e(862): Preparing logs for uploading
I/PlayCommon( 1524): [135] com.google.android.play.a.g.a(1002): Connecting to server: https://play.googleapis.com/play/log?format=raw&proto_v2=true
I/PlayCommon( 1524): [135] com.google.android.play.a.g.a(1077): Successfully uploaded logs.
I/DownloadManagerWrapper(  884): onReceive() : Charging = true
I/DeviceStateChecker( 7744): screenOn: true, isCharging: true
I/DownloadManagerWrapper(  884): onReceive() : Charging = true
I/DownloadManagerWrapper(  884): onReceive() : Charging = true
E/MtpServerJNI(  766): server is null in send_object_removed
W/Settings( 5532): Setting stay_on_while_plugged_in has moved from android.provider.Settings.System to android.provider.Settings.Global, returning read-only value.
