E/Cataloger( 5532): syncFile:/storage/emulated/0/2016-11-22_11:50:10.013.jpg
W/ResourceType(10837): No known package when getting name for resource number 0xffffffff
I/org.umd.logging(10837): Method > 1 com.rovio.fusion.MyLegacySurfaceView.onTouchEvent(com.rovio.fusion.MyLegacySurfaceView@38262701<file=2016-11-22_11:50:10.013><x=0><y=0><width=1196><height=768><id=-1>, android.view.MotionEvent@791856120)
E/Cataloger( 5532): syncFile:/storage/emulated/0/2016-11-22_11:50:10.013.jpg
I/org.umd.logging(10837): Method < 1 com.rovio.fusion.MyLegacySurfaceView.onTouchEvent(true)
E/Cataloger( 5532): syncFile:/storage/emulated/0/2016-11-22_11:50:10.131.jpg
W/ResourceType(10837): No known package when getting name for resource number 0xffffffff
I/org.umd.logging(10837): Method > 1 com.rovio.fusion.MyLegacySurfaceView.onTouchEvent(com.rovio.fusion.MyLegacySurfaceView@38262701<file=2016-11-22_11:50:10.131><x=0><y=0><width=1196><height=768><id=-1>, android.view.MotionEvent@791856120)
E/Cataloger( 5532): syncFile:/storage/emulated/0/2016-11-22_11:50:10.131.jpg
I/org.umd.logging(10837): Method < 1 com.rovio.fusion.MyLegacySurfaceView.onTouchEvent(true)
E/Cataloger( 5532): syncFile:/storage/emulated/0/2016-11-22_11:50:10.247.jpg
W/ResourceType(10837): No known package when getting name for resource number 0xffffffff
I/org.umd.logging(10837): Method > 1 com.rovio.fusion.MyLegacySurfaceView.onTouchEvent(com.rovio.fusion.MyLegacySurfaceView@38262701<file=2016-11-22_11:50:10.247><x=0><y=0><width=1196><height=768><id=-1>, android.view.MotionEvent@791856120)
E/Cataloger( 5532): syncFile:/storage/emulated/0/2016-11-22_11:50:10.247.jpg
I/org.umd.logging(10837): Method < 1 com.rovio.fusion.MyLegacySurfaceView.onTouchEvent(true)
E/Cataloger( 5532): syncFile:/storage/emulated/0/2016-11-22_11:50:10.347.jpg
W/ResourceType(10837): No known package when getting name for resource number 0xffffffff
I/org.umd.logging(10837): Method > 1 com.rovio.fusion.MyLegacySurfaceView.onTouchEvent(com.rovio.fusion.MyLegacySurfaceView@38262701<file=2016-11-22_11:50:10.347><x=0><y=0><width=1196><height=768><id=-1>, android.view.MotionEvent@791856120)
E/Cataloger( 5532): syncFile:/storage/emulated/0/2016-11-22_11:50:10.347.jpg
I/org.umd.logging(10837): Method < 1 com.rovio.fusion.MyLegacySurfaceView.onTouchEvent(true)
E/Cataloger( 5532): syncFile:/storage/emulated/0/2016-11-22_11:50:10.464.jpg
W/ResourceType(10837): No known package when getting name for resource number 0xffffffff
I/org.umd.logging(10837): Method > 1 com.rovio.fusion.MyLegacySurfaceView.onTouchEvent(com.rovio.fusion.MyLegacySurfaceView@38262701<file=2016-11-22_11:50:10.464><x=0><y=0><width=1196><height=768><id=-1>, android.view.MotionEvent@791856120)
E/Cataloger( 5532): syncFile:/storage/emulated/0/2016-11-22_11:50:10.464.jpg
I/org.umd.logging(10837): Method < 1 com.rovio.fusion.MyLegacySurfaceView.onTouchEvent(true)
E/Cataloger( 5532): syncFile:/storage/emulated/0/2016-11-22_11:50:10.581.jpg
W/ResourceType(10837): No known package when getting name for resource number 0xffffffff
I/org.umd.logging(10837): Method > 1 com.rovio.fusion.MyLegacySurfaceView.onTouchEvent(com.rovio.fusion.MyLegacySurfaceView@38262701<file=2016-11-22_11:50:10.581><x=0><y=0><width=1196><height=768><id=-1>, android.view.MotionEvent@791856120)
E/Cataloger( 5532): syncFile:/storage/emulated/0/2016-11-22_11:50:10.581.jpg
I/org.umd.logging(10837): Method < 1 com.rovio.fusion.MyLegacySurfaceView.onTouchEvent(true)
E/Cataloger( 5532): syncFile:/storage/emulated/0/2016-11-22_11:50:10.714.jpg
W/ResourceType(10837): No known package when getting name for resource number 0xffffffff
I/org.umd.logging(10837): Method > 1 com.rovio.fusion.MyLegacySurfaceView.onTouchEvent(com.rovio.fusion.MyLegacySurfaceView@38262701<file=2016-11-22_11:50:10.714><x=0><y=0><width=1196><height=768><id=-1>, android.view.MotionEvent@791856120)
E/Cataloger( 5532): syncFile:/storage/emulated/0/2016-11-22_11:50:10.714.jpg
I/org.umd.logging(10837): Method < 1 com.rovio.fusion.MyLegacySurfaceView.onTouchEvent(true)
I/org.umd.logging(10837): Method > 1 com.rovio.skynest.WebViewWrapper$1.run(com.rovio.skynest.WebViewWrapper$1@122119611)
I/org.umd.logging(10837): Method < 1 com.rovio.skynest.WebViewWrapper$1.run()
I/org.umd.logging(10837): Method > 1 com.rovio.skynest.WebViewWrapper$2.run(com.rovio.skynest.WebViewWrapper$2@67599064)
I/org.umd.logging(10837): Method < 1 com.rovio.skynest.WebViewWrapper$2.run()
I/org.umd.logging(10837): Method > 1 com.rovio.skynest.WebViewWrapper$4.run(com.rovio.skynest.WebViewWrapper$4@430788145)
I/org.umd.logging(10837): Method < 1 com.rovio.skynest.WebViewWrapper$4.run()
I/org.umd.logging(10837): Method > 1 com.rovio.skynest.WebViewWrapper$5.run(com.rovio.skynest.WebViewWrapper$5@662923542)
I/org.umd.logging(10837): Method < 1 com.rovio.skynest.WebViewWrapper$5.run()
I/org.umd.logging(10837): Method > 1 com.rovio.skynest.WebViewWrapper$8.run(com.rovio.skynest.WebViewWrapper$8@31812740)
E/Cataloger( 5532): syncFile:/storage/emulated/0/2016-11-22_11:50:10.836.jpg
W/ResourceType(10837): No known package when getting name for resource number 0xffffffff
I/org.umd.logging(10837): Api > 1 android.webkit.WebView.<init>(com.rovio.skynest.AdsWebView@912183603<file=2016-11-22_11:50:10.836><x=0><y=0><width=0><height=0><id=-1>, com.rovio.fusion.App@159715295)
E/Cataloger( 5532): syncFile:/storage/emulated/0/2016-11-22_11:50:10.836.jpg
E/Cataloger( 5532): syncFile:/storage/emulated/0/2016-11-22_11:50:10.938.jpg
W/ResourceType(10837): No known package when getting name for resource number 0xffffffff
I/org.umd.logging(10837): Api < 1 android.webkit.WebView.<init>(com.rovio.skynest.AdsWebView@912183603<file=2016-11-22_11:50:10.938><x=0><y=0><width=0><height=0><id=-1>)
E/Cataloger( 5532): syncFile:/storage/emulated/0/2016-11-22_11:50:10.938.jpg
I/cr_Ime  (10837): ImeThread is enabled.
I/org.umd.logging(10837): Method < 1 com.rovio.skynest.WebViewWrapper$8.run()
E/Cataloger( 5532): syncFile:/storage/emulated/0/2016-11-22_11:50:11.045.jpg
W/ResourceType(10837): No known package when getting name for resource number 0xffffffff
I/org.umd.logging(10837): Method > 1 com.rovio.fusion.MyLegacySurfaceView.onTouchEvent(com.rovio.fusion.MyLegacySurfaceView@38262701<file=2016-11-22_11:50:11.045><x=0><y=0><width=1196><height=768><id=-1>, android.view.MotionEvent@791856120)
E/Cataloger( 5532): syncFile:/storage/emulated/0/2016-11-22_11:50:11.045.jpg
I/org.umd.logging(10837): Method < 1 com.rovio.fusion.MyLegacySurfaceView.onTouchEvent(true)
E/Cataloger( 5532): syncFile:/storage/emulated/0/2016-11-22_11:50:11.161.jpg
W/ResourceType(10837): No known package when getting name for resource number 0xffffffff
I/org.umd.logging(10837): Method > 1 com.rovio.fusion.MyLegacySurfaceView.onTouchEvent(com.rovio.fusion.MyLegacySurfaceView@38262701<file=2016-11-22_11:50:11.161><x=0><y=0><width=1196><height=768><id=-1>, android.view.MotionEvent@791856120)
E/Cataloger( 5532): syncFile:/storage/emulated/0/2016-11-22_11:50:11.161.jpg
I/org.umd.logging(10837): Method < 1 com.rovio.fusion.MyLegacySurfaceView.onTouchEvent(true)
E/Cataloger( 5532): syncFile:/storage/emulated/0/2016-11-22_11:50:11.257.jpg
W/ResourceType(10837): No known package when getting name for resource number 0xffffffff
I/org.umd.logging(10837): Method > 1 com.rovio.fusion.MyLegacySurfaceView.onTouchEvent(com.rovio.fusion.MyLegacySurfaceView@38262701<file=2016-11-22_11:50:11.257><x=0><y=0><width=1196><height=768><id=-1>, android.view.MotionEvent@791856120)
E/Cataloger( 5532): syncFile:/storage/emulated/0/2016-11-22_11:50:11.257.jpg
I/org.umd.logging(10837): Method < 1 com.rovio.fusion.MyLegacySurfaceView.onTouchEvent(true)
W/cr_BindingManager(10837): Cannot call determinedVisibility() - never saw a connection for the pid: 10837
E/chromium(10837): [ERROR:interface_registry.cc(99)] Failed to locate a binder for interface: autofill::mojom::AutofillDriver
I/org.umd.logging(10837): Method > 631 com.rovio.skynest.WebViewWrapper$13.run(com.rovio.skynest.WebViewWrapper$13@254527516)
I/org.umd.logging(10837): Method > 1 com.rovio.skynest.WebViewWrapper$10.run(com.rovio.skynest.WebViewWrapper$10@1021968890)
I/org.umd.logging(10837): Method < 631 com.rovio.skynest.WebViewWrapper$13.run()
I/org.umd.logging(10837): Method < 1 com.rovio.skynest.WebViewWrapper$10.run()
W/art     (10837): Native thread exiting without having called DetachCurrentThread (maybe it's going to use a pthread_key_create destructor?): Thread[35,tid=11147,Native,Thread*=0xb864fb18,peer=0x12d0d0a0,"Thread-665"]
E/Cataloger( 5532): syncFile:/storage/emulated/0/2016-11-22_11:50:15.129.jpg
W/ResourceType(10837): No known package when getting name for resource number 0xffffffff
I/org.umd.logging(10837): Method > 1 com.rovio.fusion.MyLegacySurfaceView.onTouchEvent(com.rovio.fusion.MyLegacySurfaceView@38262701<file=2016-11-22_11:50:15.129><x=0><y=0><width=1196><height=768><id=-1>, android.view.MotionEvent@791856120)
E/Cataloger( 5532): syncFile:/storage/emulated/0/2016-11-22_11:50:15.129.jpg
I/org.umd.logging(10837): Method < 1 com.rovio.fusion.MyLegacySurfaceView.onTouchEvent(true)
I/art     (10837): Background sticky concurrent mark sweep GC freed 2757(156KB) AllocSpace objects, 3(7MB) LOS objects, 3% free, 37MB/38MB, paused 7.202ms total 40.195ms
I/art     (10837): WaitForGcToComplete blocked for 19.746ms for cause HeapTrim
E/Cataloger( 5532): syncFile:/storage/emulated/0/2016-11-22_11:50:15.250.jpg
W/ResourceType(10837): No known package when getting name for resource number 0xffffffff
I/org.umd.logging(10837): Method > 1 com.rovio.fusion.MyLegacySurfaceView.onTouchEvent(com.rovio.fusion.MyLegacySurfaceView@38262701<file=2016-11-22_11:50:15.250><x=0><y=0><width=1196><height=768><id=-1>, android.view.MotionEvent@791856120)
E/Cataloger( 5532): syncFile:/storage/emulated/0/2016-11-22_11:50:15.250.jpg
I/org.umd.logging(10837): Method < 1 com.rovio.fusion.MyLegacySurfaceView.onTouchEvent(true)
E/Cataloger( 5532): syncFile:/storage/emulated/0/2016-11-22_11:50:15.393.jpg
W/ResourceType(10837): No known package when getting name for resource number 0xffffffff
I/org.umd.logging(10837): Method > 1 com.rovio.fusion.MyLegacySurfaceView.onTouchEvent(com.rovio.fusion.MyLegacySurfaceView@38262701<file=2016-11-22_11:50:15.393><x=0><y=0><width=1196><height=768><id=-1>, android.view.MotionEvent@791856120)
E/Cataloger( 5532): syncFile:/storage/emulated/0/2016-11-22_11:50:15.393.jpg
I/org.umd.logging(10837): Method < 1 com.rovio.fusion.MyLegacySurfaceView.onTouchEvent(true)
E/WifiStateMachine(  588): WifiStateMachine CMD_START_SCAN source -2 txSuccessRate=57.70 rxSuccessRate=58.32 targetRoamBSSID=any RSSI=-60
E/Cataloger( 5532): syncFile:/storage/emulated/0/2016-11-22_11:50:17.831.jpg
W/ResourceType(10837): No known package when getting name for resource number 0xffffffff
I/org.umd.logging(10837): Method > 1 com.rovio.fusion.MyLegacySurfaceView.onTouchEvent(com.rovio.fusion.MyLegacySurfaceView@38262701<file=2016-11-22_11:50:17.831><x=0><y=0><width=1196><height=768><id=-1>, android.view.MotionEvent@791856120)
E/Cataloger( 5532): syncFile:/storage/emulated/0/2016-11-22_11:50:17.831.jpg
I/org.umd.logging(10837): Method < 1 com.rovio.fusion.MyLegacySurfaceView.onTouchEvent(true)
E/Cataloger( 5532): syncFile:/storage/emulated/0/2016-11-22_11:50:17.972.jpg
W/ResourceType(10837): No known package when getting name for resource number 0xffffffff
I/org.umd.logging(10837): Method > 1 com.rovio.fusion.MyLegacySurfaceView.onTouchEvent(com.rovio.fusion.MyLegacySurfaceView@38262701<file=2016-11-22_11:50:17.972><x=0><y=0><width=1196><height=768><id=-1>, android.view.MotionEvent@791856120)
E/Cataloger( 5532): syncFile:/storage/emulated/0/2016-11-22_11:50:17.972.jpg
I/org.umd.logging(10837): Method < 1 com.rovio.fusion.MyLegacySurfaceView.onTouchEvent(true)
I/art     (10837): Background sticky concurrent mark sweep GC freed 2130(126KB) AllocSpace objects, 2(7MB) LOS objects, 3% free, 37MB/38MB, paused 6.287ms total 26.583ms
E/Cataloger( 5532): syncFile:/storage/emulated/0/2016-11-22_11:50:18.105.jpg
W/ResourceType(10837): No known package when getting name for resource number 0xffffffff
I/org.umd.logging(10837): Method > 1 com.rovio.fusion.MyLegacySurfaceView.onTouchEvent(com.rovio.fusion.MyLegacySurfaceView@38262701<file=2016-11-22_11:50:18.105><x=0><y=0><width=1196><height=768><id=-1>, android.view.MotionEvent@791856120)
E/Cataloger( 5532): syncFile:/storage/emulated/0/2016-11-22_11:50:18.105.jpg
I/org.umd.logging(10837): Method < 1 com.rovio.fusion.MyLegacySurfaceView.onTouchEvent(true)
E/Cataloger( 5532): syncFile:/storage/emulated/0/2016-11-22_11:50:18.259.jpg
W/ResourceType(10837): No known package when getting name for resource number 0xffffffff
I/org.umd.logging(10837): Method > 1 com.rovio.fusion.MyLegacySurfaceView.onTouchEvent(com.rovio.fusion.MyLegacySurfaceView@38262701<file=2016-11-22_11:50:18.259><x=0><y=0><width=1196><height=768><id=-1>, android.view.MotionEvent@791856120)
E/Cataloger( 5532): syncFile:/storage/emulated/0/2016-11-22_11:50:18.259.jpg
I/org.umd.logging(10837): Method < 1 com.rovio.fusion.MyLegacySurfaceView.onTouchEvent(true)
E/Cataloger( 5532): syncFile:/storage/emulated/0/2016-11-22_11:50:18.389.jpg
W/ResourceType(10837): No known package when getting name for resource number 0xffffffff
I/org.umd.logging(10837): Method > 1 com.rovio.fusion.MyLegacySurfaceView.onTouchEvent(com.rovio.fusion.MyLegacySurfaceView@38262701<file=2016-11-22_11:50:18.389><x=0><y=0><width=1196><height=768><id=-1>, android.view.MotionEvent@791856120)
E/Cataloger( 5532): syncFile:/storage/emulated/0/2016-11-22_11:50:18.389.jpg
I/org.umd.logging(10837): Method < 1 com.rovio.fusion.MyLegacySurfaceView.onTouchEvent(true)
E/Cataloger( 5532): syncFile:/storage/emulated/0/2016-11-22_11:50:18.505.jpg
W/ResourceType(10837): No known package when getting name for resource number 0xffffffff
I/org.umd.logging(10837): Method > 1 com.rovio.fusion.MyLegacySurfaceView.onTouchEvent(com.rovio.fusion.MyLegacySurfaceView@38262701<file=2016-11-22_11:50:18.505><x=0><y=0><width=1196><height=768><id=-1>, android.view.MotionEvent@791856120)
E/Cataloger( 5532): syncFile:/storage/emulated/0/2016-11-22_11:50:18.505.jpg
I/org.umd.logging(10837): Method < 1 com.rovio.fusion.MyLegacySurfaceView.onTouchEvent(true)
E/Cataloger( 5532): syncFile:/storage/emulated/0/2016-11-22_11:50:18.622.jpg
W/ResourceType(10837): No known package when getting name for resource number 0xffffffff
I/org.umd.logging(10837): Method > 1 com.rovio.fusion.MyLegacySurfaceView.onTouchEvent(com.rovio.fusion.MyLegacySurfaceView@38262701<file=2016-11-22_11:50:18.622><x=0><y=0><width=1196><height=768><id=-1>, android.view.MotionEvent@791856120)
E/Cataloger( 5532): syncFile:/storage/emulated/0/2016-11-22_11:50:18.622.jpg
I/org.umd.logging(10837): Method < 1 com.rovio.fusion.MyLegacySurfaceView.onTouchEvent(true)
E/Cataloger( 5532): syncFile:/storage/emulated/0/2016-11-22_11:50:18.736.jpg
W/ResourceType(10837): No known package when getting name for resource number 0xffffffff
I/org.umd.logging(10837): Method > 1 com.rovio.fusion.MyLegacySurfaceView.onTouchEvent(com.rovio.fusion.MyLegacySurfaceView@38262701<file=2016-11-22_11:50:18.736><x=0><y=0><width=1196><height=768><id=-1>, android.view.MotionEvent@791856120)
E/Cataloger( 5532): syncFile:/storage/emulated/0/2016-11-22_11:50:18.736.jpg
I/org.umd.logging(10837): Method < 1 com.rovio.fusion.MyLegacySurfaceView.onTouchEvent(true)
E/Cataloger( 5532): syncFile:/storage/emulated/0/2016-11-22_11:50:18.853.jpg
W/ResourceType(10837): No known package when getting name for resource number 0xffffffff
I/org.umd.logging(10837): Method > 1 com.rovio.fusion.MyLegacySurfaceView.onTouchEvent(com.rovio.fusion.MyLegacySurfaceView@38262701<file=2016-11-22_11:50:18.853><x=0><y=0><width=1196><height=768><id=-1>, android.view.MotionEvent@791856120)
E/Cataloger( 5532): syncFile:/storage/emulated/0/2016-11-22_11:50:18.853.jpg
I/org.umd.logging(10837): Method < 1 com.rovio.fusion.MyLegacySurfaceView.onTouchEvent(true)
I/DownloadManagerWrapper(  884): onReceive() : Charging = true
I/org.umd.logging(10837): Method > 1 com.rovio.skynest.WebViewWrapper$11.run(com.rovio.skynest.WebViewWrapper$11@818299846)
I/org.umd.logging(10837): Method < 1 com.rovio.skynest.WebViewWrapper$11.run()
I/org.umd.logging(10837): Method > 631 com.rovio.skynest.WebViewWrapper$16.run(com.rovio.skynest.WebViewWrapper$16@155123380)
I/org.umd.logging(10837): Method < 631 com.rovio.skynest.WebViewWrapper$16.run()
I/org.umd.logging(10837): Method > 1 com.rovio.skynest.WebViewWrapper$6.run(com.rovio.skynest.WebViewWrapper$6@433247826)
I/org.umd.logging(10837): Method < 1 com.rovio.skynest.WebViewWrapper$6.run()
W/cr_ScreenOrientation(10837): Removing an inexistent observer!
E/Cataloger( 5532): syncFile:/storage/emulated/0/2016-11-22_11:50:25.418.jpg
W/ResourceType(10837): No known package when getting name for resource number 0xffffffff
I/org.umd.logging(10837): Method > 1 com.rovio.fusion.MyLegacySurfaceView.onTouchEvent(com.rovio.fusion.MyLegacySurfaceView@38262701<file=2016-11-22_11:50:25.418><x=0><y=0><width=1196><height=768><id=-1>, android.view.MotionEvent@791856120)
E/Cataloger( 5532): syncFile:/storage/emulated/0/2016-11-22_11:50:25.418.jpg
I/org.umd.logging(10837): Method < 1 com.rovio.fusion.MyLegacySurfaceView.onTouchEvent(true)
E/Cataloger( 5532): syncFile:/storage/emulated/0/2016-11-22_11:50:25.531.jpg
W/ResourceType(10837): No known package when getting name for resource number 0xffffffff
I/org.umd.logging(10837): Method > 1 com.rovio.fusion.MyLegacySurfaceView.onTouchEvent(com.rovio.fusion.MyLegacySurfaceView@38262701<file=2016-11-22_11:50:25.531><x=0><y=0><width=1196><height=768><id=-1>, android.view.MotionEvent@791856120)
I/org.umd.logging(10837): Method < 1 com.rovio.fusion.MyLegacySurfaceView.onTouchEvent(true)
E/Cataloger( 5532): syncFile:/storage/emulated/0/2016-11-22_11:50:25.531.jpg
E/Cataloger( 5532): syncFile:/storage/emulated/0/2016-11-22_11:50:25.634.jpg
W/ResourceType(10837): No known package when getting name for resource number 0xffffffff
I/org.umd.logging(10837): Method > 1 com.rovio.fusion.MyLegacySurfaceView.onTouchEvent(com.rovio.fusion.MyLegacySurfaceView@38262701<file=2016-11-22_11:50:25.634><x=0><y=0><width=1196><height=768><id=-1>, android.view.MotionEvent@791856120)
E/Cataloger( 5532): syncFile:/storage/emulated/0/2016-11-22_11:50:25.634.jpg
I/org.umd.logging(10837): Method < 1 com.rovio.fusion.MyLegacySurfaceView.onTouchEvent(true)
E/Cataloger( 5532): syncFile:/storage/emulated/0/2016-11-22_11:50:27.602.jpg
W/ResourceType(10837): No known package when getting name for resource number 0xffffffff
I/org.umd.logging(10837): Method > 1 com.rovio.fusion.MyLegacySurfaceView.onTouchEvent(com.rovio.fusion.MyLegacySurfaceView@38262701<file=2016-11-22_11:50:27.602><x=0><y=0><width=1196><height=768><id=-1>, android.view.MotionEvent@791856120)
E/Cataloger( 5532): syncFile:/storage/emulated/0/2016-11-22_11:50:27.602.jpg
I/org.umd.logging(10837): Method < 1 com.rovio.fusion.MyLegacySurfaceView.onTouchEvent(true)
E/Cataloger( 5532): syncFile:/storage/emulated/0/2016-11-22_11:50:27.715.jpg
W/ResourceType(10837): No known package when getting name for resource number 0xffffffff
I/org.umd.logging(10837): Method > 1 com.rovio.fusion.MyLegacySurfaceView.onTouchEvent(com.rovio.fusion.MyLegacySurfaceView@38262701<file=2016-11-22_11:50:27.715><x=0><y=0><width=1196><height=768><id=-1>, android.view.MotionEvent@791856120)
E/Cataloger( 5532): syncFile:/storage/emulated/0/2016-11-22_11:50:27.715.jpg
I/org.umd.logging(10837): Method < 1 com.rovio.fusion.MyLegacySurfaceView.onTouchEvent(true)
E/Cataloger( 5532): syncFile:/storage/emulated/0/2016-11-22_11:50:27.822.jpg
W/ResourceType(10837): No known package when getting name for resource number 0xffffffff
I/org.umd.logging(10837): Method > 1 com.rovio.fusion.MyLegacySurfaceView.onTouchEvent(com.rovio.fusion.MyLegacySurfaceView@38262701<file=2016-11-22_11:50:27.822><x=0><y=0><width=1196><height=768><id=-1>, android.view.MotionEvent@791856120)
E/Cataloger( 5532): syncFile:/storage/emulated/0/2016-11-22_11:50:27.822.jpg
I/org.umd.logging(10837): Method < 1 com.rovio.fusion.MyLegacySurfaceView.onTouchEvent(true)
I/DownloadManagerWrapper(  884): onReceive() : Charging = true
I/DownloadManagerWrapper(  884): onReceive() : Charging = true
E/MtpServerJNI(  766): server is null in send_object_removed
W/Settings( 5532): Setting stay_on_while_plugged_in has moved from android.provider.Settings.System to android.provider.Settings.Global, returning read-only value.
E/Cataloger( 5532): syncFile:/storage/emulated/0/2016-11-22_11:50:32.891.jpg
W/ResourceType(10837): No known package when getting name for resource number 0xffffffff
E/Cataloger( 5532): syncFile:/storage/emulated/0/2016-11-22_11:50:32.891.jpg
I/org.umd.logging(10837): Method > 1 com.rovio.fusion.MyLegacySurfaceView.onTouchEvent(com.rovio.fusion.MyLegacySurfaceView@38262701<file=2016-11-22_11:50:32.891><x=0><y=0><width=1196><height=768><id=-1>, android.view.MotionEvent@791856120)
I/org.umd.logging(10837): Method < 1 com.rovio.fusion.MyLegacySurfaceView.onTouchEvent(true)
E/Cataloger( 5532): syncFile:/storage/emulated/0/2016-11-22_11:50:33.001.jpg
W/ResourceType(10837): No known package when getting name for resource number 0xffffffff
I/org.umd.logging(10837): Method > 1 com.rovio.fusion.MyLegacySurfaceView.onTouchEvent(com.rovio.fusion.MyLegacySurfaceView@38262701<file=2016-11-22_11:50:33.001><x=0><y=0><width=1196><height=768><id=-1>, android.view.MotionEvent@791856120)
E/Cataloger( 5532): syncFile:/storage/emulated/0/2016-11-22_11:50:33.001.jpg
I/org.umd.logging(10837): Method < 1 com.rovio.fusion.MyLegacySurfaceView.onTouchEvent(true)
E/Cataloger( 5532): syncFile:/storage/emulated/0/2016-11-22_11:50:33.112.jpg
W/ResourceType(10837): No known package when getting name for resource number 0xffffffff
I/org.umd.logging(10837): Method > 1 com.rovio.fusion.MyLegacySurfaceView.onTouchEvent(com.rovio.fusion.MyLegacySurfaceView@38262701<file=2016-11-22_11:50:33.112><x=0><y=0><width=1196><height=768><id=-1>, android.view.MotionEvent@791856120)
E/Cataloger( 5532): syncFile:/storage/emulated/0/2016-11-22_11:50:33.112.jpg
I/org.umd.logging(10837): Method < 1 com.rovio.fusion.MyLegacySurfaceView.onTouchEvent(true)
E/Cataloger( 5532): syncFile:/storage/emulated/0/2016-11-22_11:50:34.671.jpg
W/ResourceType(10837): No known package when getting name for resource number 0xffffffff
I/org.umd.logging(10837): Method > 1 com.rovio.fusion.MyLegacySurfaceView.onTouchEvent(com.rovio.fusion.MyLegacySurfaceView@38262701<file=2016-11-22_11:50:34.671><x=0><y=0><width=1196><height=768><id=-1>, android.view.MotionEvent@791856120)
E/Cataloger( 5532): syncFile:/storage/emulated/0/2016-11-22_11:50:34.671.jpg
I/org.umd.logging(10837): Method < 1 com.rovio.fusion.MyLegacySurfaceView.onTouchEvent(true)
E/Cataloger( 5532): syncFile:/storage/emulated/0/2016-11-22_11:50:34.811.jpg
W/ResourceType(10837): No known package when getting name for resource number 0xffffffff
I/org.umd.logging(10837): Method > 1 com.rovio.fusion.MyLegacySurfaceView.onTouchEvent(com.rovio.fusion.MyLegacySurfaceView@38262701<file=2016-11-22_11:50:34.811><x=0><y=0><width=1196><height=768><id=-1>, android.view.MotionEvent@791856120)
E/Cataloger( 5532): syncFile:/storage/emulated/0/2016-11-22_11:50:34.811.jpg
I/org.umd.logging(10837): Method < 1 com.rovio.fusion.MyLegacySurfaceView.onTouchEvent(true)
E/Cataloger( 5532): syncFile:/storage/emulated/0/2016-11-22_11:50:34.911.jpg
W/ResourceType(10837): No known package when getting name for resource number 0xffffffff
I/org.umd.logging(10837): Method > 1 com.rovio.fusion.MyLegacySurfaceView.onTouchEvent(com.rovio.fusion.MyLegacySurfaceView@38262701<file=2016-11-22_11:50:34.911><x=0><y=0><width=1196><height=768><id=-1>, android.view.MotionEvent@791856120)
E/Cataloger( 5532): syncFile:/storage/emulated/0/2016-11-22_11:50:34.911.jpg
I/org.umd.logging(10837): Method < 1 com.rovio.fusion.MyLegacySurfaceView.onTouchEvent(true)
E/WifiStateMachine(  588): WifiStateMachine CMD_START_SCAN source -2 txSuccessRate=2.04 rxSuccessRate=2.23 targetRoamBSSID=any RSSI=-57
E/Cataloger( 5532): syncFile:/storage/emulated/0/2016-11-22_11:50:38.978.jpg
W/ResourceType(10837): No known package when getting name for resource number 0xffffffff
I/org.umd.logging(10837): Method > 1 com.rovio.fusion.MyLegacySurfaceView.onTouchEvent(com.rovio.fusion.MyLegacySurfaceView@38262701<file=2016-11-22_11:50:38.978><x=0><y=0><width=1196><height=768><id=-1>, android.view.MotionEvent@791856120)
E/Cataloger( 5532): syncFile:/storage/emulated/0/2016-11-22_11:50:38.978.jpg
I/org.umd.logging(10837): Method < 1 com.rovio.fusion.MyLegacySurfaceView.onTouchEvent(true)
E/Cataloger( 5532): syncFile:/storage/emulated/0/2016-11-22_11:50:39.110.jpg
W/ResourceType(10837): No known package when getting name for resource number 0xffffffff
I/org.umd.logging(10837): Method > 1 com.rovio.fusion.MyLegacySurfaceView.onTouchEvent(com.rovio.fusion.MyLegacySurfaceView@38262701<file=2016-11-22_11:50:39.110><x=0><y=0><width=1196><height=768><id=-1>, android.view.MotionEvent@791856120)
E/Cataloger( 5532): syncFile:/storage/emulated/0/2016-11-22_11:50:39.110.jpg
I/org.umd.logging(10837): Method < 1 com.rovio.fusion.MyLegacySurfaceView.onTouchEvent(true)
E/Cataloger( 5532): syncFile:/storage/emulated/0/2016-11-22_11:50:39.227.jpg
W/ResourceType(10837): No known package when getting name for resource number 0xffffffff
I/org.umd.logging(10837): Method > 1 com.rovio.fusion.MyLegacySurfaceView.onTouchEvent(com.rovio.fusion.MyLegacySurfaceView@38262701<file=2016-11-22_11:50:39.227><x=0><y=0><width=1196><height=768><id=-1>, android.view.MotionEvent@791856120)
E/Cataloger( 5532): syncFile:/storage/emulated/0/2016-11-22_11:50:39.227.jpg
I/org.umd.logging(10837): Method < 1 com.rovio.fusion.MyLegacySurfaceView.onTouchEvent(true)
E/Cataloger( 5532): syncFile:/storage/emulated/0/2016-11-22_11:50:39.327.jpg
W/ResourceType(10837): No known package when getting name for resource number 0xffffffff
I/org.umd.logging(10837): Method > 1 com.rovio.fusion.MyLegacySurfaceView.onTouchEvent(com.rovio.fusion.MyLegacySurfaceView@38262701<file=2016-11-22_11:50:39.327><x=0><y=0><width=1196><height=768><id=-1>, android.view.MotionEvent@791856120)
E/Cataloger( 5532): syncFile:/storage/emulated/0/2016-11-22_11:50:39.327.jpg
I/org.umd.logging(10837): Method < 1 com.rovio.fusion.MyLegacySurfaceView.onTouchEvent(true)
E/Cataloger( 5532): syncFile:/storage/emulated/0/2016-11-22_11:50:39.444.jpg
W/ResourceType(10837): No known package when getting name for resource number 0xffffffff
I/org.umd.logging(10837): Method > 1 com.rovio.fusion.MyLegacySurfaceView.onTouchEvent(com.rovio.fusion.MyLegacySurfaceView@38262701<file=2016-11-22_11:50:39.444><x=0><y=0><width=1196><height=768><id=-1>, android.view.MotionEvent@791856120)
E/Cataloger( 5532): syncFile:/storage/emulated/0/2016-11-22_11:50:39.444.jpg
I/org.umd.logging(10837): Method < 1 com.rovio.fusion.MyLegacySurfaceView.onTouchEvent(true)
E/Cataloger( 5532): syncFile:/storage/emulated/0/2016-11-22_11:50:39.561.jpg
W/ResourceType(10837): No known package when getting name for resource number 0xffffffff
I/org.umd.logging(10837): Method > 1 com.rovio.fusion.MyLegacySurfaceView.onTouchEvent(com.rovio.fusion.MyLegacySurfaceView@38262701<file=2016-11-22_11:50:39.561><x=0><y=0><width=1196><height=768><id=-1>, android.view.MotionEvent@791856120)
E/Cataloger( 5532): syncFile:/storage/emulated/0/2016-11-22_11:50:39.561.jpg
I/org.umd.logging(10837): Method < 1 com.rovio.fusion.MyLegacySurfaceView.onTouchEvent(true)
E/Cataloger( 5532): syncFile:/storage/emulated/0/2016-11-22_11:50:39.678.jpg
W/ResourceType(10837): No known package when getting name for resource number 0xffffffff
I/org.umd.logging(10837): Method > 1 com.rovio.fusion.MyLegacySurfaceView.onTouchEvent(com.rovio.fusion.MyLegacySurfaceView@38262701<file=2016-11-22_11:50:39.678><x=0><y=0><width=1196><height=768><id=-1>, android.view.MotionEvent@791856120)
E/Cataloger( 5532): syncFile:/storage/emulated/0/2016-11-22_11:50:39.678.jpg
I/org.umd.logging(10837): Method < 1 com.rovio.fusion.MyLegacySurfaceView.onTouchEvent(true)
E/Cataloger( 5532): syncFile:/storage/emulated/0/2016-11-22_11:50:39.794.jpg
I/DownloadManagerWrapper(  884): onReceive() : Charging = true
W/ResourceType(10837): No known package when getting name for resource number 0xffffffff
I/org.umd.logging(10837): Method > 1 com.rovio.fusion.MyLegacySurfaceView.onTouchEvent(com.rovio.fusion.MyLegacySurfaceView@38262701<file=2016-11-22_11:50:39.794><x=0><y=0><width=1196><height=768><id=-1>, android.view.MotionEvent@791856120)
E/Cataloger( 5532): syncFile:/storage/emulated/0/2016-11-22_11:50:39.794.jpg
I/org.umd.logging(10837): Method < 1 com.rovio.fusion.MyLegacySurfaceView.onTouchEvent(true)
E/Cataloger( 5532): syncFile:/storage/emulated/0/2016-11-22_11:50:39.911.jpg
W/ResourceType(10837): No known package when getting name for resource number 0xffffffff
I/org.umd.logging(10837): Method > 1 com.rovio.fusion.MyLegacySurfaceView.onTouchEvent(com.rovio.fusion.MyLegacySurfaceView@38262701<file=2016-11-22_11:50:39.911><x=0><y=0><width=1196><height=768><id=-1>, android.view.MotionEvent@791856120)
E/Cataloger( 5532): syncFile:/storage/emulated/0/2016-11-22_11:50:39.911.jpg
I/org.umd.logging(10837): Method < 1 com.rovio.fusion.MyLegacySurfaceView.onTouchEvent(true)
E/Cataloger( 5532): syncFile:/storage/emulated/0/2016-11-22_11:50:40.011.jpg
W/ResourceType(10837): No known package when getting name for resource number 0xffffffff
I/org.umd.logging(10837): Method > 1 com.rovio.fusion.MyLegacySurfaceView.onTouchEvent(com.rovio.fusion.MyLegacySurfaceView@38262701<file=2016-11-22_11:50:40.011><x=0><y=0><width=1196><height=768><id=-1>, android.view.MotionEvent@791856120)
E/Cataloger( 5532): syncFile:/storage/emulated/0/2016-11-22_11:50:40.011.jpg
I/org.umd.logging(10837): Method < 1 com.rovio.fusion.MyLegacySurfaceView.onTouchEvent(true)
E/Cataloger( 5532): syncFile:/storage/emulated/0/2016-11-22_11:50:40.130.jpg
W/ResourceType(10837): No known package when getting name for resource number 0xffffffff
I/org.umd.logging(10837): Method > 1 com.rovio.fusion.MyLegacySurfaceView.onTouchEvent(com.rovio.fusion.MyLegacySurfaceView@38262701<file=2016-11-22_11:50:40.130><x=0><y=0><width=1196><height=768><id=-1>, android.view.MotionEvent@791856120)
E/Cataloger( 5532): syncFile:/storage/emulated/0/2016-11-22_11:50:40.130.jpg
I/org.umd.logging(10837): Method < 1 com.rovio.fusion.MyLegacySurfaceView.onTouchEvent(true)
E/Cataloger( 5532): syncFile:/storage/emulated/0/2016-11-22_11:50:40.245.jpg
W/ResourceType(10837): No known package when getting name for resource number 0xffffffff
I/org.umd.logging(10837): Method > 1 com.rovio.fusion.MyLegacySurfaceView.onTouchEvent(com.rovio.fusion.MyLegacySurfaceView@38262701<file=2016-11-22_11:50:40.245><x=0><y=0><width=1196><height=768><id=-1>, android.view.MotionEvent@791856120)
E/Cataloger( 5532): syncFile:/storage/emulated/0/2016-11-22_11:50:40.245.jpg
I/org.umd.logging(10837): Method < 1 com.rovio.fusion.MyLegacySurfaceView.onTouchEvent(true)
E/Cataloger( 5532): syncFile:/storage/emulated/0/2016-11-22_11:50:40.359.jpg
W/ResourceType(10837): No known package when getting name for resource number 0xffffffff
I/org.umd.logging(10837): Method > 1 com.rovio.fusion.MyLegacySurfaceView.onTouchEvent(com.rovio.fusion.MyLegacySurfaceView@38262701<file=2016-11-22_11:50:40.359><x=0><y=0><width=1196><height=768><id=-1>, android.view.MotionEvent@791856120)
E/Cataloger( 5532): syncFile:/storage/emulated/0/2016-11-22_11:50:40.359.jpg
I/org.umd.logging(10837): Method < 1 com.rovio.fusion.MyLegacySurfaceView.onTouchEvent(true)
E/Cataloger( 5532): syncFile:/storage/emulated/0/2016-11-22_11:50:40.477.jpg
W/ResourceType(10837): No known package when getting name for resource number 0xffffffff
I/org.umd.logging(10837): Method > 1 com.rovio.fusion.MyLegacySurfaceView.onTouchEvent(com.rovio.fusion.MyLegacySurfaceView@38262701<file=2016-11-22_11:50:40.477><x=0><y=0><width=1196><height=768><id=-1>, android.view.MotionEvent@791856120)
E/Cataloger( 5532): syncFile:/storage/emulated/0/2016-11-22_11:50:40.477.jpg
I/org.umd.logging(10837): Method < 1 com.rovio.fusion.MyLegacySurfaceView.onTouchEvent(true)
I/DownloadManagerWrapper(  884): onReceive() : Charging = true
W/FlurryAgent(10837): MaxEventParams exceeded: 18
E/WifiStateMachine(  588): WifiStateMachine CMD_START_SCAN source -2 txSuccessRate=0.67 rxSuccessRate=0.39 targetRoamBSSID=any RSSI=-56
E/Cataloger( 5532): syncFile:/storage/emulated/0/2016-11-22_11:50:56.148.jpg
W/ResourceType(10837): No known package when getting name for resource number 0xffffffff
I/org.umd.logging(10837): Method > 1 com.rovio.fusion.MyLegacySurfaceView.onTouchEvent(com.rovio.fusion.MyLegacySurfaceView@38262701<file=2016-11-22_11:50:56.148><x=0><y=0><width=1196><height=768><id=-1>, android.view.MotionEvent@791856120)
I/org.umd.logging(10837): Method < 1 com.rovio.fusion.MyLegacySurfaceView.onTouchEvent(true)
E/Cataloger( 5532): syncFile:/storage/emulated/0/2016-11-22_11:50:56.148.jpg
E/Cataloger( 5532): syncFile:/storage/emulated/0/2016-11-22_11:50:56.262.jpg
W/ResourceType(10837): No known package when getting name for resource number 0xffffffff
I/org.umd.logging(10837): Method > 1 com.rovio.fusion.MyLegacySurfaceView.onTouchEvent(com.rovio.fusion.MyLegacySurfaceView@38262701<file=2016-11-22_11:50:56.262><x=0><y=0><width=1196><height=768><id=-1>, android.view.MotionEvent@791856120)
E/Cataloger( 5532): syncFile:/storage/emulated/0/2016-11-22_11:50:56.262.jpg
I/org.umd.logging(10837): Method < 1 com.rovio.fusion.MyLegacySurfaceView.onTouchEvent(true)
E/Cataloger( 5532): syncFile:/storage/emulated/0/2016-11-22_11:50:56.542.jpg
W/ResourceType(10837): No known package when getting name for resource number 0xffffffff
I/org.umd.logging(10837): Method > 1 com.rovio.fusion.MyLegacySurfaceView.onTouchEvent(com.rovio.fusion.MyLegacySurfaceView@38262701<file=2016-11-22_11:50:56.542><x=0><y=0><width=1196><height=768><id=-1>, android.view.MotionEvent@791856120)
E/Cataloger( 5532): syncFile:/storage/emulated/0/2016-11-22_11:50:56.542.jpg
I/org.umd.logging(10837): Method < 1 com.rovio.fusion.MyLegacySurfaceView.onTouchEvent(true)
E/Cataloger( 5532): syncFile:/storage/emulated/0/2016-11-22_11:50:56.689.jpg
W/ResourceType(10837): No known package when getting name for resource number 0xffffffff
I/org.umd.logging(10837): Method > 1 com.rovio.fusion.MyLegacySurfaceView.onTouchEvent(com.rovio.fusion.MyLegacySurfaceView@38262701<file=2016-11-22_11:50:56.689><x=0><y=0><width=1196><height=768><id=-1>, android.view.MotionEvent@791856120)
E/Cataloger( 5532): syncFile:/storage/emulated/0/2016-11-22_11:50:56.689.jpg
I/org.umd.logging(10837): Method < 1 com.rovio.fusion.MyLegacySurfaceView.onTouchEvent(true)
E/Cataloger( 5532): syncFile:/storage/emulated/0/2016-11-22_11:50:56.805.jpg
W/ResourceType(10837): No known package when getting name for resource number 0xffffffff
I/org.umd.logging(10837): Method > 1 com.rovio.fusion.MyLegacySurfaceView.onTouchEvent(com.rovio.fusion.MyLegacySurfaceView@38262701<file=2016-11-22_11:50:56.805><x=0><y=0><width=1196><height=768><id=-1>, android.view.MotionEvent@791856120)
E/Cataloger( 5532): syncFile:/storage/emulated/0/2016-11-22_11:50:56.805.jpg
I/org.umd.logging(10837): Method < 1 com.rovio.fusion.MyLegacySurfaceView.onTouchEvent(true)
E/Cataloger( 5532): syncFile:/storage/emulated/0/2016-11-22_11:50:59.303.jpg
I/art     (10837): Background partial concurrent mark sweep GC freed 2013(245KB) AllocSpace objects, 7(10MB) LOS objects, 40% free, 16MB/26MB, paused 6.745ms total 55.180ms
W/ResourceType(10837): No known package when getting name for resource number 0xffffffff
I/org.umd.logging(10837): Method > 1 com.rovio.fusion.MyLegacySurfaceView.onTouchEvent(com.rovio.fusion.MyLegacySurfaceView@38262701<file=2016-11-22_11:50:59.303><x=0><y=0><width=1196><height=768><id=-1>, android.view.MotionEvent@791856120)
E/Cataloger( 5532): syncFile:/storage/emulated/0/2016-11-22_11:50:59.303.jpg
I/org.umd.logging(10837): Method < 1 com.rovio.fusion.MyLegacySurfaceView.onTouchEvent(true)
E/Cataloger( 5532): syncFile:/storage/emulated/0/2016-11-22_11:50:59.421.jpg
W/ResourceType(10837): No known package when getting name for resource number 0xffffffff
I/org.umd.logging(10837): Method > 1 com.rovio.fusion.MyLegacySurfaceView.onTouchEvent(com.rovio.fusion.MyLegacySurfaceView@38262701<file=2016-11-22_11:50:59.421><x=0><y=0><width=1196><height=768><id=-1>, android.view.MotionEvent@791856120)
E/Cataloger( 5532): syncFile:/storage/emulated/0/2016-11-22_11:50:59.421.jpg
I/org.umd.logging(10837): Method < 1 com.rovio.fusion.MyLegacySurfaceView.onTouchEvent(true)
E/Cataloger( 5532): syncFile:/storage/emulated/0/2016-11-22_11:50:59.535.jpg
W/ResourceType(10837): No known package when getting name for resource number 0xffffffff
I/org.umd.logging(10837): Method > 1 com.rovio.fusion.MyLegacySurfaceView.onTouchEvent(com.rovio.fusion.MyLegacySurfaceView@38262701<file=2016-11-22_11:50:59.535><x=0><y=0><width=1196><height=768><id=-1>, android.view.MotionEvent@791856120)
E/Cataloger( 5532): syncFile:/storage/emulated/0/2016-11-22_11:50:59.535.jpg
I/org.umd.logging(10837): Method < 1 com.rovio.fusion.MyLegacySurfaceView.onTouchEvent(true)
I/org.umd.logging(10837): Method > 1 com.rovio.skynest.WebViewWrapper$10.run(com.rovio.skynest.WebViewWrapper$10@360026568)
I/org.umd.logging(10837): Method < 1 com.rovio.skynest.WebViewWrapper$10.run()
I/DownloadManagerWrapper(  884): onReceive() : Charging = true
I/org.umd.logging(10837): Method > 631 com.rovio.skynest.WebViewWrapper$15.run(com.rovio.skynest.WebViewWrapper$15@727134598)
W/art     (10837): Attempt to remove local handle scope entry from IRT, ignoring
I/org.umd.logging(10837): Method < 631 com.rovio.skynest.WebViewWrapper$15.run()
E/Cataloger( 5532): syncFile:/storage/emulated/0/2016-11-22_11:51:00.930.jpg
W/ResourceType(10837): No known package when getting name for resource number 0xffffffff
I/org.umd.logging(10837): Method > 1 com.rovio.fusion.MyLegacySurfaceView.onTouchEvent(com.rovio.fusion.MyLegacySurfaceView@38262701<file=2016-11-22_11:51:00.930><x=0><y=0><width=1196><height=768><id=-1>, android.view.MotionEvent@791856120)
I/org.umd.logging(10837): Method < 1 com.rovio.fusion.MyLegacySurfaceView.onTouchEvent(true)
E/Cataloger( 5532): syncFile:/storage/emulated/0/2016-11-22_11:51:00.930.jpg
E/Cataloger( 5532): syncFile:/storage/emulated/0/2016-11-22_11:51:01.155.jpg
W/ResourceType(10837): No known package when getting name for resource number 0xffffffff
I/org.umd.logging(10837): Method > 1 com.rovio.fusion.MyLegacySurfaceView.onTouchEvent(com.rovio.fusion.MyLegacySurfaceView@38262701<file=2016-11-22_11:51:01.155><x=0><y=0><width=1196><height=768><id=-1>, android.view.MotionEvent@791856120)
E/Cataloger( 5532): syncFile:/storage/emulated/0/2016-11-22_11:51:01.155.jpg
I/org.umd.logging(10837): Method < 1 com.rovio.fusion.MyLegacySurfaceView.onTouchEvent(true)
E/Cataloger( 5532): syncFile:/storage/emulated/0/2016-11-22_11:51:01.364.jpg
W/ResourceType(10837): No known package when getting name for resource number 0xffffffff
I/org.umd.logging(10837): Method > 1 com.rovio.fusion.MyLegacySurfaceView.onTouchEvent(com.rovio.fusion.MyLegacySurfaceView@38262701<file=2016-11-22_11:51:01.364><x=0><y=0><width=1196><height=768><id=-1>, android.view.MotionEvent@791856120)
E/Cataloger( 5532): syncFile:/storage/emulated/0/2016-11-22_11:51:01.364.jpg
I/org.umd.logging(10837): Method < 1 com.rovio.fusion.MyLegacySurfaceView.onTouchEvent(true)
W/FlurryAgent(10837): MaxEventParams exceeded: 16
I/org.umd.logging(10837): Method > 1 com.rovio.skynest.WebViewWrapper$11.run(com.rovio.skynest.WebViewWrapper$11@966324388)
I/org.umd.logging(10837): Method < 1 com.rovio.skynest.WebViewWrapper$11.run()
I/org.umd.logging(10837): Method > 631 com.rovio.skynest.WebViewWrapper$16.run(com.rovio.skynest.WebViewWrapper$16@575184397)
I/org.umd.logging(10837): Method < 631 com.rovio.skynest.WebViewWrapper$16.run()
E/Cataloger( 5532): syncFile:/storage/emulated/0/2016-11-22_11:51:03.755.jpg
W/ResourceType(10837): No known package when getting name for resource number 0xffffffff
I/org.umd.logging(10837): Method > 1 com.rovio.fusion.MyLegacySurfaceView.onTouchEvent(com.rovio.fusion.MyLegacySurfaceView@38262701<file=2016-11-22_11:51:03.755><x=0><y=0><width=1196><height=768><id=-1>, android.view.MotionEvent@791856120)
E/Cataloger( 5532): syncFile:/storage/emulated/0/2016-11-22_11:51:03.755.jpg
I/org.umd.logging(10837): Method < 1 com.rovio.fusion.MyLegacySurfaceView.onTouchEvent(true)
E/Cataloger( 5532): syncFile:/storage/emulated/0/2016-11-22_11:51:03.881.jpg
W/ResourceType(10837): No known package when getting name for resource number 0xffffffff
I/org.umd.logging(10837): Method > 1 com.rovio.fusion.MyLegacySurfaceView.onTouchEvent(com.rovio.fusion.MyLegacySurfaceView@38262701<file=2016-11-22_11:51:03.881><x=0><y=0><width=1196><height=768><id=-1>, android.view.MotionEvent@791856120)
E/Cataloger( 5532): syncFile:/storage/emulated/0/2016-11-22_11:51:03.881.jpg
I/org.umd.logging(10837): Method < 1 com.rovio.fusion.MyLegacySurfaceView.onTouchEvent(true)
E/Cataloger( 5532): syncFile:/storage/emulated/0/2016-11-22_11:51:04.003.jpg
W/ResourceType(10837): No known package when getting name for resource number 0xffffffff
I/org.umd.logging(10837): Method > 1 com.rovio.fusion.MyLegacySurfaceView.onTouchEvent(com.rovio.fusion.MyLegacySurfaceView@38262701<file=2016-11-22_11:51:04.003><x=0><y=0><width=1196><height=768><id=-1>, android.view.MotionEvent@791856120)
E/Cataloger( 5532): syncFile:/storage/emulated/0/2016-11-22_11:51:04.003.jpg
I/org.umd.logging(10837): Method < 1 com.rovio.fusion.MyLegacySurfaceView.onTouchEvent(true)
E/Cataloger( 5532): syncFile:/storage/emulated/0/2016-11-22_11:51:05.906.jpg
W/ResourceType(10837): No known package when getting name for resource number 0xffffffff
I/org.umd.logging(10837): Method > 1 com.rovio.fusion.MyLegacySurfaceView.onTouchEvent(com.rovio.fusion.MyLegacySurfaceView@38262701<file=2016-11-22_11:51:05.906><x=0><y=0><width=1196><height=768><id=-1>, android.view.MotionEvent@791856120)
E/Cataloger( 5532): syncFile:/storage/emulated/0/2016-11-22_11:51:05.906.jpg
I/org.umd.logging(10837): Method < 1 com.rovio.fusion.MyLegacySurfaceView.onTouchEvent(true)
E/Cataloger( 5532): syncFile:/storage/emulated/0/2016-11-22_11:51:06.032.jpg
W/ResourceType(10837): No known package when getting name for resource number 0xffffffff
I/org.umd.logging(10837): Method > 1 com.rovio.fusion.MyLegacySurfaceView.onTouchEvent(com.rovio.fusion.MyLegacySurfaceView@38262701<file=2016-11-22_11:51:06.032><x=0><y=0><width=1196><height=768><id=-1>, android.view.MotionEvent@791856120)
E/Cataloger( 5532): syncFile:/storage/emulated/0/2016-11-22_11:51:06.032.jpg
I/org.umd.logging(10837): Method < 1 com.rovio.fusion.MyLegacySurfaceView.onTouchEvent(true)
E/Cataloger( 5532): syncFile:/storage/emulated/0/2016-11-22_11:51:06.153.jpg
W/ResourceType(10837): No known package when getting name for resource number 0xffffffff
I/org.umd.logging(10837): Method > 1 com.rovio.fusion.MyLegacySurfaceView.onTouchEvent(com.rovio.fusion.MyLegacySurfaceView@38262701<file=2016-11-22_11:51:06.153><x=0><y=0><width=1196><height=768><id=-1>, android.view.MotionEvent@791856120)
I/org.umd.logging(10837): Method < 1 com.rovio.fusion.MyLegacySurfaceView.onTouchEvent(true)
E/Cataloger( 5532): syncFile:/storage/emulated/0/2016-11-22_11:51:06.153.jpg
W/        (10837): No TNT spawn rect specified for level
I/UsageStatsService(  588): User[0] Flushing usage stats to disk
W/art     (10837): Native thread exiting without having called DetachCurrentThread (maybe it's going to use a pthread_key_create destructor?): Thread[35,tid=11270,Native,Thread*=0xb9952a50,peer=0x12d0d0a0,"Thread-666"]
I/org.umd.logging(10837): Method > 1 com.rovio.skynest.WebViewWrapper$1.run(com.rovio.skynest.WebViewWrapper$1@497478543)
I/org.umd.logging(10837): Method < 1 com.rovio.skynest.WebViewWrapper$1.run()
I/org.umd.logging(10837): Method > 1 com.rovio.skynest.WebViewWrapper$2.run(com.rovio.skynest.WebViewWrapper$2@997330460)
I/org.umd.logging(10837): Method < 1 com.rovio.skynest.WebViewWrapper$2.run()
I/org.umd.logging(10837): Method > 1 com.rovio.skynest.WebViewWrapper$4.run(com.rovio.skynest.WebViewWrapper$4@361019941)
I/org.umd.logging(10837): Method < 1 com.rovio.skynest.WebViewWrapper$4.run()
I/org.umd.logging(10837): Method > 1 com.rovio.skynest.WebViewWrapper$5.run(com.rovio.skynest.WebViewWrapper$5@936949754)
I/org.umd.logging(10837): Method < 1 com.rovio.skynest.WebViewWrapper$5.run()
I/org.umd.logging(10837): Method > 1 com.rovio.skynest.WebViewWrapper$8.run(com.rovio.skynest.WebViewWrapper$8@347124139)
E/Cataloger( 5532): syncFile:/storage/emulated/0/2016-11-22_11:51:08.094.jpg
W/ResourceType(10837): No known package when getting name for resource number 0xffffffff
I/org.umd.logging(10837): Api > 1 android.webkit.WebView.<init>(com.rovio.skynest.AdsWebView@183130566<file=2016-11-22_11:51:08.094><x=0><y=0><width=0><height=0><id=-1>, com.rovio.fusion.App@159715295)
E/Cataloger( 5532): syncFile:/storage/emulated/0/2016-11-22_11:51:08.094.jpg
E/Cataloger( 5532): syncFile:/storage/emulated/0/2016-11-22_11:51:08.235.jpg
W/ResourceType(10837): No known package when getting name for resource number 0xffffffff
I/org.umd.logging(10837): Api < 1 android.webkit.WebView.<init>(com.rovio.skynest.AdsWebView@183130566<file=2016-11-22_11:51:08.235><x=0><y=0><width=0><height=0><id=-1>)
E/Cataloger( 5532): syncFile:/storage/emulated/0/2016-11-22_11:51:08.235.jpg
I/cr_Ime  (10837): ImeThread is enabled.
I/org.umd.logging(10837): Method < 1 com.rovio.skynest.WebViewWrapper$8.run()
W/cr_BindingManager(10837): Cannot call determinedVisibility() - never saw a connection for the pid: 10837
E/chromium(10837): [ERROR:interface_registry.cc(99)] Failed to locate a binder for interface: autofill::mojom::AutofillDriver
I/org.umd.logging(10837): Method > 631 com.rovio.skynest.WebViewWrapper$13.run(com.rovio.skynest.WebViewWrapper$13@591922356)
I/org.umd.logging(10837): Method < 631 com.rovio.skynest.WebViewWrapper$13.run()
E/Cataloger( 5532): syncFile:/storage/emulated/0/2016-11-22_11:51:08.534.jpg
W/ResourceType(10837): No known package when getting name for resource number 0xffffffff
I/org.umd.logging(10837): Method > 1 com.rovio.fusion.MyLegacySurfaceView.onTouchEvent(com.rovio.fusion.MyLegacySurfaceView@38262701<file=2016-11-22_11:51:08.534><x=0><y=0><width=1196><height=768><id=-1>, android.view.MotionEvent@791856120)
E/Cataloger( 5532): syncFile:/storage/emulated/0/2016-11-22_11:51:08.534.jpg
I/org.umd.logging(10837): Method < 1 com.rovio.fusion.MyLegacySurfaceView.onTouchEvent(true)
E/Cataloger( 5532): syncFile:/storage/emulated/0/2016-11-22_11:51:08.638.jpg
W/ResourceType(10837): No known package when getting name for resource number 0xffffffff
I/org.umd.logging(10837): Method > 1 com.rovio.fusion.MyLegacySurfaceView.onTouchEvent(com.rovio.fusion.MyLegacySurfaceView@38262701<file=2016-11-22_11:51:08.638><x=0><y=0><width=1196><height=768><id=-1>, android.view.MotionEvent@791856120)
I/org.umd.logging(10837): Method < 1 com.rovio.fusion.MyLegacySurfaceView.onTouchEvent(true)
E/Cataloger( 5532): syncFile:/storage/emulated/0/2016-11-22_11:51:08.638.jpg
I/org.umd.logging(10837): Method > 1 com.rovio.skynest.WebViewWrapper$10.run(com.rovio.skynest.WebViewWrapper$10@240191709)
I/org.umd.logging(10837): Method < 1 com.rovio.skynest.WebViewWrapper$10.run()
I/org.umd.logging(10837): Method > 631 com.rovio.skynest.WebViewWrapper$15.run(com.rovio.skynest.WebViewWrapper$15@19024978)
W/art     (10837): Attempt to remove local handle scope entry from IRT, ignoring
I/org.umd.logging(10837): Method < 631 com.rovio.skynest.WebViewWrapper$15.run()
I/DownloadManagerWrapper(  884): onReceive() : Charging = true
E/MtpServerJNI(  766): server is null in send_object_removed
I/DownloadManagerWrapper(  884): onReceive() : Charging = true
E/Cataloger( 5532): syncFile:/storage/emulated/0/2016-11-22_11:51:10.769.jpg
W/ResourceType(10837): No known package when getting name for resource number 0xffffffff
I/org.umd.logging(10837): Method > 1 com.rovio.fusion.MyLegacySurfaceView.onTouchEvent(com.rovio.fusion.MyLegacySurfaceView@38262701<file=2016-11-22_11:51:10.769><x=0><y=0><width=1196><height=768><id=-1>, android.view.MotionEvent@791856120)
E/Cataloger( 5532): syncFile:/storage/emulated/0/2016-11-22_11:51:10.769.jpg
I/org.umd.logging(10837): Method < 1 com.rovio.fusion.MyLegacySurfaceView.onTouchEvent(true)
E/Cataloger( 5532): syncFile:/storage/emulated/0/2016-11-22_11:51:10.984.jpg
W/ResourceType(10837): No known package when getting name for resource number 0xffffffff
I/org.umd.logging(10837): Method > 1 com.rovio.fusion.MyLegacySurfaceView.onTouchEvent(com.rovio.fusion.MyLegacySurfaceView@38262701<file=2016-11-22_11:51:10.984><x=0><y=0><width=1196><height=768><id=-1>, android.view.MotionEvent@791856120)
E/Cataloger( 5532): syncFile:/storage/emulated/0/2016-11-22_11:51:10.984.jpg
I/org.umd.logging(10837): Method < 1 com.rovio.fusion.MyLegacySurfaceView.onTouchEvent(true)
E/Cataloger( 5532): syncFile:/storage/emulated/0/2016-11-22_11:51:11.226.jpg
W/ResourceType(10837): No known package when getting name for resource number 0xffffffff
I/org.umd.logging(10837): Method > 1 com.rovio.fusion.MyLegacySurfaceView.onTouchEvent(com.rovio.fusion.MyLegacySurfaceView@38262701<file=2016-11-22_11:51:11.226><x=0><y=0><width=1196><height=768><id=-1>, android.view.MotionEvent@791856120)
E/Cataloger( 5532): syncFile:/storage/emulated/0/2016-11-22_11:51:11.226.jpg
I/org.umd.logging(10837): Method < 1 com.rovio.fusion.MyLegacySurfaceView.onTouchEvent(true)
W/FlurryAgent(10837): MaxEventParams exceeded: 16
I/org.umd.logging(10837): Method > 1 com.rovio.skynest.WebViewWrapper$11.run(com.rovio.skynest.WebViewWrapper$11@276588880)
