I/org.umd.logging(14815): Method > 672 com.unity3d.player.UnityPlayer.executeGLThreadJobs(com.unity3d.player.UnityPlayer@7826935<file=2016-12-06_01:07:03.204><x=0><y=0><width=1196><height=768><id=-1>)
I/org.umd.logging(14815): Method < 672 com.unity3d.player.UnityPlayer.executeGLThreadJobs()
E/Cataloger( 5092): syncFile:/storage/emulated/0/2016-12-06_01:07:03.204.jpg
E/Cataloger( 5092): syncFile:/storage/emulated/0/2016-12-06_01:07:03.336.jpg
W/ResourceType(14815): No known package when getting name for resource number 0xffffffff
I/org.umd.logging(14815): Method > 672 com.unity3d.player.UnityPlayer.executeGLThreadJobs(com.unity3d.player.UnityPlayer@7826935<file=2016-12-06_01:07:03.336><x=0><y=0><width=1196><height=768><id=-1>)
I/org.umd.logging(14815): Method < 672 com.unity3d.player.UnityPlayer.executeGLThreadJobs()
E/Cataloger( 5092): syncFile:/storage/emulated/0/2016-12-06_01:07:03.336.jpg
E/Cataloger( 5092): syncFile:/storage/emulated/0/Android/data/com.tractiongames.stickbmxfree/files/PlayerPrefs.txt
E/Cataloger( 5092): syncFile:/storage/emulated/0/Android/data/com.tractiongames.stickbmxfree/files/PlayerPrefs.txt
E/Cataloger( 5092): syncFile:/storage/emulated/0/Android/data/com.tractiongames.stickbmxfree/files/PlayerPrefs.txt
E/Cataloger( 5092): syncFile:/storage/emulated/0/Android/data/com.tractiongames.stickbmxfree/files/PlayerPrefs.txt
E/Cataloger( 5092): syncFile:/storage/emulated/0/2016-12-06_01:07:03.537.jpg
W/ResourceType(14815): No known package when getting name for resource number 0xffffffff
I/org.umd.logging(14815): Method > 672 com.unity3d.player.UnityPlayer.executeGLThreadJobs(com.unity3d.player.UnityPlayer@7826935<file=2016-12-06_01:07:03.537><x=0><y=0><width=1196><height=768><id=-1>)
I/org.umd.logging(14815): Method < 672 com.unity3d.player.UnityPlayer.executeGLThreadJobs()
E/Cataloger( 5092): syncFile:/storage/emulated/0/2016-12-06_01:07:03.537.jpg
E/Cataloger( 5092): syncFile:/storage/emulated/0/2016-12-06_01:07:03.807.jpg
W/ResourceType(14815): No known package when getting name for resource number 0xffffffff
I/org.umd.logging(14815): Method > 672 com.unity3d.player.UnityPlayer.executeGLThreadJobs(com.unity3d.player.UnityPlayer@7826935<file=2016-12-06_01:07:03.807><x=0><y=0><width=1196><height=768><id=-1>)
I/org.umd.logging(14815): Method < 672 com.unity3d.player.UnityPlayer.executeGLThreadJobs()
E/Cataloger( 5092): syncFile:/storage/emulated/0/2016-12-06_01:07:03.807.jpg
E/Cataloger( 5092): syncFile:/storage/emulated/0/2016-12-06_01:07:04.003.jpg
W/ResourceType(14815): No known package when getting name for resource number 0xffffffff
I/org.umd.logging(14815): Method > 672 com.unity3d.player.UnityPlayer.executeGLThreadJobs(com.unity3d.player.UnityPlayer@7826935<file=2016-12-06_01:07:04.003><x=0><y=0><width=1196><height=768><id=-1>)
I/org.umd.logging(14815): Method < 672 com.unity3d.player.UnityPlayer.executeGLThreadJobs()
E/Cataloger( 5092): syncFile:/storage/emulated/0/2016-12-06_01:07:04.003.jpg
W/Unity   (14815): The referenced script on this Behaviour is missing!
W/Unity   (14815):  
W/Unity   (14815): (Filename:  Line: 1783)
W/Unity   (14815): 
E/Cataloger( 5092): syncFile:/storage/emulated/0/2016-12-06_01:07:04.143.jpg
W/ResourceType(14815): No known package when getting name for resource number 0xffffffff
I/org.umd.logging(14815): Method > 672 com.unity3d.player.UnityPlayer.executeGLThreadJobs(com.unity3d.player.UnityPlayer@7826935<file=2016-12-06_01:07:04.143><x=0><y=0><width=1196><height=768><id=-1>)
I/org.umd.logging(14815): Method < 672 com.unity3d.player.UnityPlayer.executeGLThreadJobs()
W/Unity   (14815): The referenced script on this Behaviour is missing!
W/Unity   (14815):  
W/Unity   (14815): (Filename:  Line: 1783)
W/Unity   (14815): 
W/Unity   (14815): The referenced script on this Behaviour is missing!
W/Unity   (14815):  
W/Unity   (14815): (Filename:  Line: 1783)
W/Unity   (14815): 
I/org.umd.logging(14815): Method > 1 com.unity3d.player.UnityPlayer$4.run(com.unity3d.player.UnityPlayer$4@536204629)
I/org.umd.logging(14815): Method < 1 com.unity3d.player.UnityPlayer$4.run()
E/Cataloger( 5092): syncFile:/storage/emulated/0/2016-12-06_01:07:04.143.jpg
E/Cataloger( 5092): syncFile:/storage/emulated/0/Android/data/com.tractiongames.stickbmxfree/files/PlayerPrefs.txt
E/Cataloger( 5092): syncFile:/storage/emulated/0/Android/data/com.tractiongames.stickbmxfree/files/PlayerPrefs.txt
E/Cataloger( 5092): syncFile:/storage/emulated/0/Android/data/com.tractiongames.stickbmxfree/files/PlayerPrefs.txt
E/Cataloger( 5092): syncFile:/storage/emulated/0/Android/data/com.tractiongames.stickbmxfree/files/PlayerPrefs.txt
E/Cataloger( 5092): syncFile:/storage/emulated/0/Android/data/com.tractiongames.stickbmxfree/files/PlayerPrefs.txt
I/Unity   (14815): GETTING LEVEL at LOCATION:1 LEVEL:1
I/Unity   (14815):  
I/Unity   (14815): (Filename: ./artifacts/AndroidManagedGenerated/UnityEngineDebug.cpp Line: 49)
I/Unity   (14815): 
I/Unity   (14815): LEVEL PATH HERE BEFORE!
I/Unity   (14815):  
I/Unity   (14815): (Filename: ./artifacts/AndroidManagedGenerated/UnityEngineDebug.cpp Line: 49)
I/Unity   (14815): 
I/Unity   (14815): LEVEL PATH ERE:Levels/Location1/Level1
I/Unity   (14815):  
I/Unity   (14815): (Filename: ./artifacts/AndroidManagedGenerated/UnityEngineDebug.cpp Line: 49)
I/Unity   (14815): 
E/Cataloger( 5092): syncFile:/storage/emulated/0/2016-12-06_01:07:04.753.jpg
W/ResourceType(14815): No known package when getting name for resource number 0xffffffff
I/org.umd.logging(14815): Method > 672 com.unity3d.player.UnityPlayer.executeGLThreadJobs(com.unity3d.player.UnityPlayer@7826935<file=2016-12-06_01:07:04.753><x=0><y=0><width=1196><height=768><id=-1>)
I/org.umd.logging(14815): Method < 672 com.unity3d.player.UnityPlayer.executeGLThreadJobs()
E/Cataloger( 5092): syncFile:/storage/emulated/0/2016-12-06_01:07:04.753.jpg
E/Cataloger( 5092): syncFile:/storage/emulated/0/2016-12-06_01:07:04.879.jpg
W/ResourceType(14815): No known package when getting name for resource number 0xffffffff
I/org.umd.logging(14815): Method > 672 com.unity3d.player.UnityPlayer.executeGLThreadJobs(com.unity3d.player.UnityPlayer@7826935<file=2016-12-06_01:07:04.879><x=0><y=0><width=1196><height=768><id=-1>)
I/org.umd.logging(14815): Method < 672 com.unity3d.player.UnityPlayer.executeGLThreadJobs()
E/Cataloger( 5092): syncFile:/storage/emulated/0/2016-12-06_01:07:04.879.jpg
E/Cataloger( 5092): syncFile:/storage/emulated/0/2016-12-06_01:07:05.013.jpg
W/ResourceType(14815): No known package when getting name for resource number 0xffffffff
I/org.umd.logging(14815): Method > 672 com.unity3d.player.UnityPlayer.executeGLThreadJobs(com.unity3d.player.UnityPlayer@7826935<file=2016-12-06_01:07:05.013><x=0><y=0><width=1196><height=768><id=-1>)
E/Cataloger( 5092): syncFile:/storage/emulated/0/2016-12-06_01:07:05.013.jpg
I/org.umd.logging(14815): Method < 672 com.unity3d.player.UnityPlayer.executeGLThreadJobs()
E/Cataloger( 5092): syncFile:/storage/emulated/0/2016-12-06_01:07:05.134.jpg
W/ResourceType(14815): No known package when getting name for resource number 0xffffffff
I/org.umd.logging(14815): Method > 672 com.unity3d.player.UnityPlayer.executeGLThreadJobs(com.unity3d.player.UnityPlayer@7826935<file=2016-12-06_01:07:05.134><x=0><y=0><width=1196><height=768><id=-1>)
I/org.umd.logging(14815): Method < 672 com.unity3d.player.UnityPlayer.executeGLThreadJobs()
E/Cataloger( 5092): syncFile:/storage/emulated/0/2016-12-06_01:07:05.134.jpg
E/Cataloger( 5092): syncFile:/storage/emulated/0/2016-12-06_01:07:05.252.jpg
W/ResourceType(14815): No known package when getting name for resource number 0xffffffff
I/org.umd.logging(14815): Method > 672 com.unity3d.player.UnityPlayer.executeGLThreadJobs(com.unity3d.player.UnityPlayer@7826935<file=2016-12-06_01:07:05.252><x=0><y=0><width=1196><height=768><id=-1>)
I/org.umd.logging(14815): Method < 672 com.unity3d.player.UnityPlayer.executeGLThreadJobs()
E/Cataloger( 5092): syncFile:/storage/emulated/0/2016-12-06_01:07:05.252.jpg
E/Cataloger( 5092): syncFile:/storage/emulated/0/2016-12-06_01:07:05.399.jpg
W/ResourceType(14815): No known package when getting name for resource number 0xffffffff
I/org.umd.logging(14815): Method > 672 com.unity3d.player.UnityPlayer.executeGLThreadJobs(com.unity3d.player.UnityPlayer@7826935<file=2016-12-06_01:07:05.399><x=0><y=0><width=1196><height=768><id=-1>)
I/org.umd.logging(14815): Method < 672 com.unity3d.player.UnityPlayer.executeGLThreadJobs()
E/Cataloger( 5092): syncFile:/storage/emulated/0/2016-12-06_01:07:05.399.jpg
E/Cataloger( 5092): syncFile:/storage/emulated/0/2016-12-06_01:07:05.512.jpg
W/ResourceType(14815): No known package when getting name for resource number 0xffffffff
I/org.umd.logging(14815): Method > 672 com.unity3d.player.UnityPlayer.executeGLThreadJobs(com.unity3d.player.UnityPlayer@7826935<file=2016-12-06_01:07:05.512><x=0><y=0><width=1196><height=768><id=-1>)
I/org.umd.logging(14815): Method < 672 com.unity3d.player.UnityPlayer.executeGLThreadJobs()
E/Cataloger( 5092): syncFile:/storage/emulated/0/2016-12-06_01:07:05.512.jpg
E/Cataloger( 5092): syncFile:/storage/emulated/0/2016-12-06_01:07:05.646.jpg
W/ResourceType(14815): No known package when getting name for resource number 0xffffffff
I/org.umd.logging(14815): Method > 672 com.unity3d.player.UnityPlayer.executeGLThreadJobs(com.unity3d.player.UnityPlayer@7826935<file=2016-12-06_01:07:05.646><x=0><y=0><width=1196><height=768><id=-1>)
I/org.umd.logging(14815): Method < 672 com.unity3d.player.UnityPlayer.executeGLThreadJobs()
E/Cataloger( 5092): syncFile:/storage/emulated/0/2016-12-06_01:07:05.646.jpg
E/Cataloger( 5092): syncFile:/storage/emulated/0/2016-12-06_01:07:05.766.jpg
W/ResourceType(14815): No known package when getting name for resource number 0xffffffff
I/org.umd.logging(14815): Method > 672 com.unity3d.player.UnityPlayer.executeGLThreadJobs(com.unity3d.player.UnityPlayer@7826935<file=2016-12-06_01:07:05.766><x=0><y=0><width=1196><height=768><id=-1>)
I/org.umd.logging(14815): Method < 672 com.unity3d.player.UnityPlayer.executeGLThreadJobs()
E/Cataloger( 5092): syncFile:/storage/emulated/0/2016-12-06_01:07:05.766.jpg
E/Cataloger( 5092): syncFile:/storage/emulated/0/2016-12-06_01:07:05.915.jpg
W/ResourceType(14815): No known package when getting name for resource number 0xffffffff
I/org.umd.logging(14815): Method > 672 com.unity3d.player.UnityPlayer.executeGLThreadJobs(com.unity3d.player.UnityPlayer@7826935<file=2016-12-06_01:07:05.915><x=0><y=0><width=1196><height=768><id=-1>)
I/org.umd.logging(14815): Method < 672 com.unity3d.player.UnityPlayer.executeGLThreadJobs()
E/Cataloger( 5092): syncFile:/storage/emulated/0/2016-12-06_01:07:05.915.jpg
E/Cataloger( 5092): syncFile:/storage/emulated/0/2016-12-06_01:07:06.061.jpg
W/ResourceType(14815): No known package when getting name for resource number 0xffffffff
I/org.umd.logging(14815): Method > 672 com.unity3d.player.UnityPlayer.executeGLThreadJobs(com.unity3d.player.UnityPlayer@7826935<file=2016-12-06_01:07:06.061><x=0><y=0><width=1196><height=768><id=-1>)
I/org.umd.logging(14815): Method < 672 com.unity3d.player.UnityPlayer.executeGLThreadJobs()
E/Cataloger( 5092): syncFile:/storage/emulated/0/2016-12-06_01:07:06.061.jpg
E/Cataloger( 5092): syncFile:/storage/emulated/0/2016-12-06_01:07:06.190.jpg
W/ResourceType(14815): No known package when getting name for resource number 0xffffffff
I/org.umd.logging(14815): Method > 672 com.unity3d.player.UnityPlayer.executeGLThreadJobs(com.unity3d.player.UnityPlayer@7826935<file=2016-12-06_01:07:06.190><x=0><y=0><width=1196><height=768><id=-1>)
I/org.umd.logging(14815): Method < 672 com.unity3d.player.UnityPlayer.executeGLThreadJobs()
E/Cataloger( 5092): syncFile:/storage/emulated/0/2016-12-06_01:07:06.190.jpg
I/org.umd.logging(14815): Method > 1 com.unity3d.player.k$1.run(com.unity3d.player.k$1@428560285)
E/Cataloger( 5092): syncFile:/storage/emulated/0/2016-12-06_01:07:06.328.jpg
E/Cataloger( 5092): syncFile:/storage/emulated/0/2016-12-06_01:07:06.316.jpg
W/ResourceType(14815): No known package when getting name for resource number 0xffffffff
I/org.umd.logging(14815): Method > 1 com.unity3d.player.UnityPlayer.onTouchEvent(com.unity3d.player.UnityPlayer@7826935<file=2016-12-06_01:07:06.316><x=0><y=0><width=1196><height=768><id=-1>, android.view.MotionEvent@392817514)
I/org.umd.logging(14815): Method < 1 com.unity3d.player.UnityPlayer.onTouchEvent(false)
I/org.umd.logging(14815): Method > 1 com.unity3d.player.UnityPlayerNativeActivity.onTouchEvent(com.prime31.UnityPlayerNativeActivity@572129094<activity=true>, android.view.MotionEvent@392817514)
I/org.umd.logging(14815): Method < 1 com.unity3d.player.UnityPlayerNativeActivity.onTouchEvent(false)
I/org.umd.logging(14815): Method > 1 com.unity3d.player.k$1.run(com.unity3d.player.k$1@428560285)
I/org.umd.logging(14815): Method > 1 com.unity3d.player.UnityPlayerNativeActivity.onTouchEvent(com.prime31.UnityPlayerNativeActivity@572129094<activity=true>, android.view.MotionEvent@1003468891)
I/org.umd.logging(14815): Method < 1 com.unity3d.player.UnityPlayerNativeActivity.onTouchEvent(false)
I/org.umd.logging(14815): Method > 1 com.unity3d.player.k$1.run(com.unity3d.player.k$1@428560285)
I/org.umd.logging(14815): Method > 1 com.unity3d.player.UnityPlayerNativeActivity.onTouchEvent(com.prime31.UnityPlayerNativeActivity@572129094<activity=true>, android.view.MotionEvent@855599352)
I/org.umd.logging(14815): Method < 1 com.unity3d.player.UnityPlayerNativeActivity.onTouchEvent(false)
I/org.umd.logging(14815): Method > 1 com.unity3d.player.k$1.run(com.unity3d.player.k$1@428560285)
I/org.umd.logging(14815): Method < 1 com.unity3d.player.k$1.run()
I/org.umd.logging(14815): Method > 1 com.unity3d.player.k$1.run(com.unity3d.player.k$1@428560285)
I/org.umd.logging(14815): Method < 1 com.unity3d.player.k$1.run()
I/org.umd.logging(14815): Method > 1 com.unity3d.player.k$1.run(com.unity3d.player.k$1@428560285)
I/org.umd.logging(14815): Method < 1 com.unity3d.player.k$1.run()
E/Cataloger( 5092): syncFile:/storage/emulated/0/2016-12-06_01:07:06.316.jpg
W/ResourceType(14815): No known package when getting name for resource number 0xffffffff
I/org.umd.logging(14815): Method > 672 com.unity3d.player.UnityPlayer.executeGLThreadJobs(com.unity3d.player.UnityPlayer@7826935<file=2016-12-06_01:07:06.328><x=0><y=0><width=1196><height=768><id=-1>)
I/org.umd.logging(14815): Method < 672 com.unity3d.player.UnityPlayer.executeGLThreadJobs()
E/Cataloger( 5092): syncFile:/storage/emulated/0/2016-12-06_01:07:06.328.jpg
I/org.umd.logging(14815): Method > 1 com.unity3d.player.k$1.run(com.unity3d.player.k$1@428560285)
I/org.umd.logging(14815): Method > 1 com.unity3d.player.UnityPlayerNativeActivity.onTouchEvent(com.prime31.UnityPlayerNativeActivity@572129094<activity=true>, android.view.MotionEvent@814445009)
I/org.umd.logging(14815): Method < 1 com.unity3d.player.UnityPlayerNativeActivity.onTouchEvent(false)
I/org.umd.logging(14815): Method > 1 com.unity3d.player.k$1.run(com.unity3d.player.k$1@428560285)
I/org.umd.logging(14815): Method < 1 com.unity3d.player.k$1.run()
E/Cataloger( 5092): syncFile:/storage/emulated/0/2016-12-06_01:07:06.524.jpg
W/ResourceType(14815): No known package when getting name for resource number 0xffffffff
I/org.umd.logging(14815): Method > 672 com.unity3d.player.UnityPlayer.executeGLThreadJobs(com.unity3d.player.UnityPlayer@7826935<file=2016-12-06_01:07:06.524><x=0><y=0><width=1196><height=768><id=-1>)
I/org.umd.logging(14815): Method < 672 com.unity3d.player.UnityPlayer.executeGLThreadJobs()
E/Cataloger( 5092): syncFile:/storage/emulated/0/2016-12-06_01:07:06.524.jpg
E/Cataloger( 5092): syncFile:/storage/emulated/0/2016-12-06_01:07:06.668.jpg
W/ResourceType(14815): No known package when getting name for resource number 0xffffffff
I/org.umd.logging(14815): Method > 672 com.unity3d.player.UnityPlayer.executeGLThreadJobs(com.unity3d.player.UnityPlayer@7826935<file=2016-12-06_01:07:06.668><x=0><y=0><width=1196><height=768><id=-1>)
I/org.umd.logging(14815): Method < 672 com.unity3d.player.UnityPlayer.executeGLThreadJobs()
E/Cataloger( 5092): syncFile:/storage/emulated/0/2016-12-06_01:07:06.668.jpg
E/Cataloger( 5092): syncFile:/storage/emulated/0/2016-12-06_01:07:06.850.jpg
W/ResourceType(14815): No known package when getting name for resource number 0xffffffff
I/org.umd.logging(14815): Method > 672 com.unity3d.player.UnityPlayer.executeGLThreadJobs(com.unity3d.player.UnityPlayer@7826935<file=2016-12-06_01:07:06.850><x=0><y=0><width=1196><height=768><id=-1>)
I/org.umd.logging(14815): Method < 672 com.unity3d.player.UnityPlayer.executeGLThreadJobs()
E/Cataloger( 5092): syncFile:/storage/emulated/0/2016-12-06_01:07:06.850.jpg
I/org.umd.logging(14815): Method > 1 com.unity3d.player.k$1.run(com.unity3d.player.k$1@428560285)
I/org.umd.logging(14815): Method > 1 com.unity3d.player.UnityPlayerNativeActivity.onTouchEvent(com.prime31.UnityPlayerNativeActivity@572129094<activity=true>, android.view.MotionEvent@11752502)
I/org.umd.logging(14815): Method < 1 com.unity3d.player.UnityPlayerNativeActivity.onTouchEvent(false)
I/org.umd.logging(14815): Method > 1 com.unity3d.player.k$1.run(com.unity3d.player.k$1@428560285)
I/org.umd.logging(14815): Method > 1 com.unity3d.player.UnityPlayerNativeActivity.onTouchEvent(com.prime31.UnityPlayerNativeActivity@572129094<activity=true>, android.view.MotionEvent@130514743)
I/org.umd.logging(14815): Method < 1 com.unity3d.player.UnityPlayerNativeActivity.onTouchEvent(false)
I/org.umd.logging(14815): Method > 1 com.unity3d.player.k$1.run(com.unity3d.player.k$1@428560285)
I/org.umd.logging(14815): Method > 1 com.unity3d.player.UnityPlayerNativeActivity.onTouchEvent(com.prime31.UnityPlayerNativeActivity@572129094<activity=true>, android.view.MotionEvent@876485796)
I/org.umd.logging(14815): Method < 1 com.unity3d.player.UnityPlayerNativeActivity.onTouchEvent(false)
I/org.umd.logging(14815): Method > 1 com.unity3d.player.k$1.run(com.unity3d.player.k$1@428560285)
I/org.umd.logging(14815): Method < 1 com.unity3d.player.k$1.run()
I/org.umd.logging(14815): Method > 1 com.unity3d.player.k$1.run(com.unity3d.player.k$1@428560285)
I/org.umd.logging(14815): Method < 1 com.unity3d.player.k$1.run()
I/org.umd.logging(14815): Method > 1 com.unity3d.player.k$1.run(com.unity3d.player.k$1@428560285)
I/org.umd.logging(14815): Method < 1 com.unity3d.player.k$1.run()
E/Cataloger( 5092): syncFile:/storage/emulated/0/2016-12-06_01:07:07.000.jpg
W/ResourceType(14815): No known package when getting name for resource number 0xffffffff
I/org.umd.logging(14815): Method > 672 com.unity3d.player.UnityPlayer.executeGLThreadJobs(com.unity3d.player.UnityPlayer@7826935<file=2016-12-06_01:07:07.000><x=0><y=0><width=1196><height=768><id=-1>)
I/org.umd.logging(14815): Method < 672 com.unity3d.player.UnityPlayer.executeGLThreadJobs()
E/Cataloger( 5092): syncFile:/storage/emulated/0/2016-12-06_01:07:07.000.jpg
E/Cataloger( 5092): syncFile:/storage/emulated/0/2016-12-06_01:07:07.117.jpg
W/ResourceType(14815): No known package when getting name for resource number 0xffffffff
I/org.umd.logging(14815): Method > 672 com.unity3d.player.UnityPlayer.executeGLThreadJobs(com.unity3d.player.UnityPlayer@7826935<file=2016-12-06_01:07:07.117><x=0><y=0><width=1196><height=768><id=-1>)
I/org.umd.logging(14815): Method < 672 com.unity3d.player.UnityPlayer.executeGLThreadJobs()
E/Cataloger( 5092): syncFile:/storage/emulated/0/2016-12-06_01:07:07.117.jpg
E/Cataloger( 5092): syncFile:/storage/emulated/0/2016-12-06_01:07:07.266.jpg
W/ResourceType(14815): No known package when getting name for resource number 0xffffffff
I/org.umd.logging(14815): Method > 672 com.unity3d.player.UnityPlayer.executeGLThreadJobs(com.unity3d.player.UnityPlayer@7826935<file=2016-12-06_01:07:07.266><x=0><y=0><width=1196><height=768><id=-1>)
I/org.umd.logging(14815): Method < 672 com.unity3d.player.UnityPlayer.executeGLThreadJobs()
E/Cataloger( 5092): syncFile:/storage/emulated/0/2016-12-06_01:07:07.266.jpg
E/Cataloger( 5092): syncFile:/storage/emulated/0/2016-12-06_01:07:07.415.jpg
W/ResourceType(14815): No known package when getting name for resource number 0xffffffff
I/org.umd.logging(14815): Method > 672 com.unity3d.player.UnityPlayer.executeGLThreadJobs(com.unity3d.player.UnityPlayer@7826935<file=2016-12-06_01:07:07.415><x=0><y=0><width=1196><height=768><id=-1>)
I/org.umd.logging(14815): Method < 672 com.unity3d.player.UnityPlayer.executeGLThreadJobs()
E/Cataloger( 5092): syncFile:/storage/emulated/0/2016-12-06_01:07:07.415.jpg
E/Cataloger( 5092): syncFile:/storage/emulated/0/2016-12-06_01:07:07.550.jpg
W/ResourceType(14815): No known package when getting name for resource number 0xffffffff
I/org.umd.logging(14815): Method > 672 com.unity3d.player.UnityPlayer.executeGLThreadJobs(com.unity3d.player.UnityPlayer@7826935<file=2016-12-06_01:07:07.550><x=0><y=0><width=1196><height=768><id=-1>)
I/org.umd.logging(14815): Method < 672 com.unity3d.player.UnityPlayer.executeGLThreadJobs()
E/Cataloger( 5092): syncFile:/storage/emulated/0/2016-12-06_01:07:07.550.jpg
E/Cataloger( 5092): syncFile:/storage/emulated/0/2016-12-06_01:07:07.679.jpg
W/ResourceType(14815): No known package when getting name for resource number 0xffffffff
I/org.umd.logging(14815): Method > 672 com.unity3d.player.UnityPlayer.executeGLThreadJobs(com.unity3d.player.UnityPlayer@7826935<file=2016-12-06_01:07:07.679><x=0><y=0><width=1196><height=768><id=-1>)
I/org.umd.logging(14815): Method < 672 com.unity3d.player.UnityPlayer.executeGLThreadJobs()
E/Cataloger( 5092): syncFile:/storage/emulated/0/2016-12-06_01:07:07.679.jpg
E/Cataloger( 5092): syncFile:/storage/emulated/0/2016-12-06_01:07:07.801.jpg
W/ResourceType(14815): No known package when getting name for resource number 0xffffffff
I/org.umd.logging(14815): Method > 672 com.unity3d.player.UnityPlayer.executeGLThreadJobs(com.unity3d.player.UnityPlayer@7826935<file=2016-12-06_01:07:07.801><x=0><y=0><width=1196><height=768><id=-1>)
I/org.umd.logging(14815): Method < 672 com.unity3d.player.UnityPlayer.executeGLThreadJobs()
E/Cataloger( 5092): syncFile:/storage/emulated/0/2016-12-06_01:07:07.801.jpg
E/Cataloger( 5092): syncFile:/storage/emulated/0/2016-12-06_01:07:07.926.jpg
W/ResourceType(14815): No known package when getting name for resource number 0xffffffff
I/org.umd.logging(14815): Method > 672 com.unity3d.player.UnityPlayer.executeGLThreadJobs(com.unity3d.player.UnityPlayer@7826935<file=2016-12-06_01:07:07.926><x=0><y=0><width=1196><height=768><id=-1>)
I/org.umd.logging(14815): Method < 672 com.unity3d.player.UnityPlayer.executeGLThreadJobs()
E/Cataloger( 5092): syncFile:/storage/emulated/0/2016-12-06_01:07:07.926.jpg
E/Cataloger( 5092): syncFile:/storage/emulated/0/2016-12-06_01:07:08.048.jpg
W/ResourceType(14815): No known package when getting name for resource number 0xffffffff
I/org.umd.logging(14815): Method > 672 com.unity3d.player.UnityPlayer.executeGLThreadJobs(com.unity3d.player.UnityPlayer@7826935<file=2016-12-06_01:07:08.048><x=0><y=0><width=1196><height=768><id=-1>)
I/org.umd.logging(14815): Method < 672 com.unity3d.player.UnityPlayer.executeGLThreadJobs()
E/Cataloger( 5092): syncFile:/storage/emulated/0/2016-12-06_01:07:08.048.jpg
E/Cataloger( 5092): syncFile:/storage/emulated/0/2016-12-06_01:07:08.167.jpg
W/ResourceType(14815): No known package when getting name for resource number 0xffffffff
I/org.umd.logging(14815): Method > 672 com.unity3d.player.UnityPlayer.executeGLThreadJobs(com.unity3d.player.UnityPlayer@7826935<file=2016-12-06_01:07:08.167><x=0><y=0><width=1196><height=768><id=-1>)
I/org.umd.logging(14815): Method < 672 com.unity3d.player.UnityPlayer.executeGLThreadJobs()
E/Cataloger( 5092): syncFile:/storage/emulated/0/2016-12-06_01:07:08.167.jpg
E/Cataloger( 5092): syncFile:/storage/emulated/0/2016-12-06_01:07:08.375.jpg
W/ResourceType(14815): No known package when getting name for resource number 0xffffffff
I/org.umd.logging(14815): Method > 672 com.unity3d.player.UnityPlayer.executeGLThreadJobs(com.unity3d.player.UnityPlayer@7826935<file=2016-12-06_01:07:08.375><x=0><y=0><width=1196><height=768><id=-1>)
I/org.umd.logging(14815): Method < 672 com.unity3d.player.UnityPlayer.executeGLThreadJobs()
E/Cataloger( 5092): syncFile:/storage/emulated/0/2016-12-06_01:07:08.375.jpg
I/org.umd.logging(14815): Method > 1 com.unity3d.player.k$1.run(com.unity3d.player.k$1@428560285)
I/art     (14815): Background sticky concurrent mark sweep GC freed 735(47KB) AllocSpace objects, 1(3MB) LOS objects, 4% free, 42MB/44MB, paused 6.653ms total 19.624ms
W/ResourceType(14815): No known package when getting name for resource number 0xffffffff
I/org.umd.logging(14815): Method > 672 com.unity3d.player.UnityPlayer.executeGLThreadJobs(com.unity3d.player.UnityPlayer@7826935<file=><x=0><y=0><width=1196><height=768><id=-1>)
I/org.umd.logging(14815): Method < 672 com.unity3d.player.UnityPlayer.executeGLThreadJobs()
E/Cataloger( 5092): syncFile:/storage/emulated/0/2016-12-06_01:07:08.489.jpg
E/Cataloger( 5092): syncFile:/storage/emulated/0/2016-12-06_01:07:08.552.jpg
W/ResourceType(14815): No known package when getting name for resource number 0xffffffff
I/org.umd.logging(14815): Method > 1 com.unity3d.player.UnityPlayer.onTouchEvent(com.unity3d.player.UnityPlayer@7826935<file=2016-12-06_01:07:08.489><x=0><y=0><width=1196><height=768><id=-1>, android.view.MotionEvent@106462658)
I/org.umd.logging(14815): Method < 1 com.unity3d.player.UnityPlayer.onTouchEvent(false)
I/org.umd.logging(14815): Method > 1 com.unity3d.player.UnityPlayerNativeActivity.onTouchEvent(com.prime31.UnityPlayerNativeActivity@572129094<activity=true>, android.view.MotionEvent@106462658)
E/Cataloger( 5092): syncFile:/storage/emulated/0/2016-12-06_01:07:08.489.jpg
I/org.umd.logging(14815): Method < 1 com.unity3d.player.UnityPlayerNativeActivity.onTouchEvent(false)
I/org.umd.logging(14815): Method > 1 com.unity3d.player.k$1.run(com.unity3d.player.k$1@428560285)
I/org.umd.logging(14815): Method > 1 com.unity3d.player.UnityPlayerNativeActivity.onTouchEvent(com.prime31.UnityPlayerNativeActivity@572129094<activity=true>, android.view.MotionEvent@806016979)
I/org.umd.logging(14815): Method < 1 com.unity3d.player.UnityPlayerNativeActivity.onTouchEvent(false)
I/org.umd.logging(14815): Method > 1 com.unity3d.player.k$1.run(com.unity3d.player.k$1@428560285)
I/org.umd.logging(14815): Method > 1 com.unity3d.player.UnityPlayerNativeActivity.onTouchEvent(com.prime31.UnityPlayerNativeActivity@572129094<activity=true>, android.view.MotionEvent@43147024)
I/org.umd.logging(14815): Method < 1 com.unity3d.player.UnityPlayerNativeActivity.onTouchEvent(false)
I/org.umd.logging(14815): Method > 1 com.unity3d.player.k$1.run(com.unity3d.player.k$1@428560285)
I/org.umd.logging(14815): Method < 1 com.unity3d.player.k$1.run()
I/org.umd.logging(14815): Method > 1 com.unity3d.player.k$1.run(com.unity3d.player.k$1@428560285)
I/org.umd.logging(14815): Method < 1 com.unity3d.player.k$1.run()
I/org.umd.logging(14815): Method > 1 com.unity3d.player.k$1.run(com.unity3d.player.k$1@428560285)
I/org.umd.logging(14815): Method < 1 com.unity3d.player.k$1.run()
W/ResourceType(14815): No known package when getting name for resource number 0xffffffff
I/org.umd.logging(14815): Method > 672 com.unity3d.player.UnityPlayer.executeGLThreadJobs(com.unity3d.player.UnityPlayer@7826935<file=2016-12-06_01:07:08.552><x=0><y=0><width=1196><height=768><id=-1>)
I/org.umd.logging(14815): Method < 672 com.unity3d.player.UnityPlayer.executeGLThreadJobs()
E/Cataloger( 5092): syncFile:/storage/emulated/0/2016-12-06_01:07:08.552.jpg
E/Cataloger( 5092): syncFile:/storage/emulated/0/2016-12-06_01:07:08.684.jpg
W/ResourceType(14815): No known package when getting name for resource number 0xffffffff
I/org.umd.logging(14815): Method > 672 com.unity3d.player.UnityPlayer.executeGLThreadJobs(com.unity3d.player.UnityPlayer@7826935<file=2016-12-06_01:07:08.684><x=0><y=0><width=1196><height=768><id=-1>)
I/org.umd.logging(14815): Method < 672 com.unity3d.player.UnityPlayer.executeGLThreadJobs()
E/Cataloger( 5092): syncFile:/storage/emulated/0/2016-12-06_01:07:08.684.jpg
I/org.umd.logging(14815): Method > 1 com.unity3d.player.k$1.run(com.unity3d.player.k$1@428560285)
E/Cataloger( 5092): syncFile:/storage/emulated/0/2016-12-06_01:07:08.801.jpg
E/Cataloger( 5092): syncFile:/storage/emulated/0/2016-12-06_01:07:08.808.jpg
W/ResourceType(14815): No known package when getting name for resource number 0xffffffff
I/org.umd.logging(14815): Method > 1 com.unity3d.player.UnityPlayer.onTouchEvent(com.unity3d.player.UnityPlayer@7826935<file=2016-12-06_01:07:08.801><x=0><y=0><width=1196><height=768><id=-1>, android.view.MotionEvent@128551433)
I/org.umd.logging(14815): Method < 1 com.unity3d.player.UnityPlayer.onTouchEvent(false)
I/org.umd.logging(14815): Method > 1 com.unity3d.player.UnityPlayerNativeActivity.onTouchEvent(com.prime31.UnityPlayerNativeActivity@572129094<activity=true>, android.view.MotionEvent@128551433)
I/org.umd.logging(14815): Method < 1 com.unity3d.player.UnityPlayerNativeActivity.onTouchEvent(false)
I/org.umd.logging(14815): Method > 1 com.unity3d.player.k$1.run(com.unity3d.player.k$1@428560285)
I/org.umd.logging(14815): Method > 1 com.unity3d.player.UnityPlayerNativeActivity.onTouchEvent(com.prime31.UnityPlayerNativeActivity@572129094<activity=true>, android.view.MotionEvent@926200846)
I/org.umd.logging(14815): Method < 1 com.unity3d.player.UnityPlayerNativeActivity.onTouchEvent(false)
I/org.umd.logging(14815): Method > 1 com.unity3d.player.k$1.run(com.unity3d.player.k$1@428560285)
I/org.umd.logging(14815): Method < 1 com.unity3d.player.k$1.run()
I/org.umd.logging(14815): Method > 1 com.unity3d.player.k$1.run(com.unity3d.player.k$1@428560285)
I/org.umd.logging(14815): Method < 1 com.unity3d.player.k$1.run()
E/Cataloger( 5092): syncFile:/storage/emulated/0/2016-12-06_01:07:08.801.jpg
W/ResourceType(14815): No known package when getting name for resource number 0xffffffff
I/org.umd.logging(14815): Method > 672 com.unity3d.player.UnityPlayer.executeGLThreadJobs(com.unity3d.player.UnityPlayer@7826935<file=2016-12-06_01:07:08.808><x=0><y=0><width=1196><height=768><id=-1>)
I/org.umd.logging(14815): Method < 672 com.unity3d.player.UnityPlayer.executeGLThreadJobs()
E/Cataloger( 5092): syncFile:/storage/emulated/0/2016-12-06_01:07:08.808.jpg
I/org.umd.logging(14815): Method > 1 com.unity3d.player.k$1.run(com.unity3d.player.k$1@428560285)
I/org.umd.logging(14815): Method > 1 com.unity3d.player.UnityPlayerNativeActivity.onTouchEvent(com.prime31.UnityPlayerNativeActivity@572129094<activity=true>, android.view.MotionEvent@555818543)
I/org.umd.logging(14815): Method < 1 com.unity3d.player.UnityPlayerNativeActivity.onTouchEvent(false)
I/org.umd.logging(14815): Method > 1 com.unity3d.player.k$1.run(com.unity3d.player.k$1@428560285)
I/org.umd.logging(14815): Method < 1 com.unity3d.player.k$1.run()
E/Cataloger( 5092): syncFile:/storage/emulated/0/2016-12-06_01:07:08.936.jpg
I/DeviceStateChecker( 1197): screenOn: true, isCharging: true
W/ResourceType(14815): No known package when getting name for resource number 0xffffffff
I/org.umd.logging(14815): Method > 672 com.unity3d.player.UnityPlayer.executeGLThreadJobs(com.unity3d.player.UnityPlayer@7826935<file=2016-12-06_01:07:08.936><x=0><y=0><width=1196><height=768><id=-1>)
I/org.umd.logging(14815): Method < 672 com.unity3d.player.UnityPlayer.executeGLThreadJobs()
E/Cataloger( 5092): syncFile:/storage/emulated/0/2016-12-06_01:07:08.936.jpg
E/Cataloger( 5092): syncFile:/storage/emulated/0/2016-12-06_01:07:09.054.jpg
W/ResourceType(14815): No known package when getting name for resource number 0xffffffff
I/org.umd.logging(14815): Method > 672 com.unity3d.player.UnityPlayer.executeGLThreadJobs(com.unity3d.player.UnityPlayer@7826935<file=2016-12-06_01:07:09.054><x=0><y=0><width=1196><height=768><id=-1>)
I/org.umd.logging(14815): Method < 672 com.unity3d.player.UnityPlayer.executeGLThreadJobs()
E/Cataloger( 5092): syncFile:/storage/emulated/0/2016-12-06_01:07:09.054.jpg
E/Cataloger( 5092): syncFile:/storage/emulated/0/2016-12-06_01:07:09.251.jpg
W/ResourceType(14815): No known package when getting name for resource number 0xffffffff
I/org.umd.logging(14815): Method > 672 com.unity3d.player.UnityPlayer.executeGLThreadJobs(com.unity3d.player.UnityPlayer@7826935<file=2016-12-06_01:07:09.251><x=0><y=0><width=1196><height=768><id=-1>)
I/org.umd.logging(14815): Method < 672 com.unity3d.player.UnityPlayer.executeGLThreadJobs()
E/Cataloger( 5092): syncFile:/storage/emulated/0/2016-12-06_01:07:09.251.jpg
E/Cataloger( 5092): syncFile:/storage/emulated/0/2016-12-06_01:07:09.408.jpg
W/ResourceType(14815): No known package when getting name for resource number 0xffffffff
I/org.umd.logging(14815): Method > 672 com.unity3d.player.UnityPlayer.executeGLThreadJobs(com.unity3d.player.UnityPlayer@7826935<file=2016-12-06_01:07:09.408><x=0><y=0><width=1196><height=768><id=-1>)
I/org.umd.logging(14815): Method < 672 com.unity3d.player.UnityPlayer.executeGLThreadJobs()
E/Cataloger( 5092): syncFile:/storage/emulated/0/2016-12-06_01:07:09.408.jpg
I/org.umd.logging(14815): Method > 1 com.unity3d.player.k$1.run(com.unity3d.player.k$1@428560285)
I/org.umd.logging(14815): Method > 1 com.unity3d.player.UnityPlayerNativeActivity.onTouchEvent(com.prime31.UnityPlayerNativeActivity@572129094<activity=true>, android.view.MotionEvent@967203900)
I/org.umd.logging(14815): Method < 1 com.unity3d.player.UnityPlayerNativeActivity.onTouchEvent(false)
I/org.umd.logging(14815): Method > 1 com.unity3d.player.k$1.run(com.unity3d.player.k$1@428560285)
I/org.umd.logging(14815): Method < 1 com.unity3d.player.k$1.run()
I/org.umd.logging(14815): Method > 1 com.unity3d.player.k$1.run(com.unity3d.player.k$1@428560285)
I/org.umd.logging(14815): Method > 1 com.unity3d.player.UnityPlayerNativeActivity.onTouchEvent(com.prime31.UnityPlayerNativeActivity@572129094<activity=true>, android.view.MotionEvent@240631237)
I/org.umd.logging(14815): Method < 1 com.unity3d.player.UnityPlayerNativeActivity.onTouchEvent(false)
I/org.umd.logging(14815): Method > 1 com.unity3d.player.k$1.run(com.unity3d.player.k$1@428560285)
I/org.umd.logging(14815): Method > 1 com.unity3d.player.UnityPlayerNativeActivity.onTouchEvent(com.prime31.UnityPlayerNativeActivity@572129094<activity=true>, android.view.MotionEvent@579601178)
I/org.umd.logging(14815): Method < 1 com.unity3d.player.UnityPlayerNativeActivity.onTouchEvent(false)
I/org.umd.logging(14815): Method > 1 com.unity3d.player.k$1.run(com.unity3d.player.k$1@428560285)
I/org.umd.logging(14815): Method > 1 com.unity3d.player.UnityPlayerNativeActivity.onTouchEvent(com.prime31.UnityPlayerNativeActivity@572129094<activity=true>, android.view.MotionEvent@514551371)
I/org.umd.logging(14815): Method < 1 com.unity3d.player.UnityPlayerNativeActivity.onTouchEvent(false)
I/org.umd.logging(14815): Method > 1 com.unity3d.player.k$1.run(com.unity3d.player.k$1@428560285)
I/org.umd.logging(14815): Method < 1 com.unity3d.player.k$1.run()
I/org.umd.logging(14815): Method > 1 com.unity3d.player.k$1.run(com.unity3d.player.k$1@428560285)
I/org.umd.logging(14815): Method < 1 com.unity3d.player.k$1.run()
I/org.umd.logging(14815): Method > 1 com.unity3d.player.k$1.run(com.unity3d.player.k$1@428560285)
I/org.umd.logging(14815): Method < 1 com.unity3d.player.k$1.run()
E/Cataloger( 5092): syncFile:/storage/emulated/0/2016-12-06_01:07:09.541.jpg
W/ResourceType(14815): No known package when getting name for resource number 0xffffffff
I/org.umd.logging(14815): Method > 672 com.unity3d.player.UnityPlayer.executeGLThreadJobs(com.unity3d.player.UnityPlayer@7826935<file=2016-12-06_01:07:09.541><x=0><y=0><width=1196><height=768><id=-1>)
I/org.umd.logging(14815): Method < 672 com.unity3d.player.UnityPlayer.executeGLThreadJobs()
E/Cataloger( 5092): syncFile:/storage/emulated/0/2016-12-06_01:07:09.541.jpg
I/org.umd.logging(14815): Method > 1 com.unity3d.player.k$1.run(com.unity3d.player.k$1@428560285)
E/Cataloger( 5092): syncFile:/storage/emulated/0/2016-12-06_01:07:09.684.jpg
E/Cataloger( 5092): syncFile:/storage/emulated/0/2016-12-06_01:07:09.691.jpg
W/ResourceType(14815): No known package when getting name for resource number 0xffffffff
I/org.umd.logging(14815): Method > 1 com.unity3d.player.UnityPlayer.onTouchEvent(com.unity3d.player.UnityPlayer@7826935<file=2016-12-06_01:07:09.684><x=0><y=0><width=1196><height=768><id=-1>, android.view.MotionEvent@597360680)
I/org.umd.logging(14815): Method < 1 com.unity3d.player.UnityPlayer.onTouchEvent(false)
I/org.umd.logging(14815): Method > 1 com.unity3d.player.UnityPlayerNativeActivity.onTouchEvent(com.prime31.UnityPlayerNativeActivity@572129094<activity=true>, android.view.MotionEvent@597360680)
I/org.umd.logging(14815): Method < 1 com.unity3d.player.UnityPlayerNativeActivity.onTouchEvent(false)
I/org.umd.logging(14815): Method > 1 com.unity3d.player.k$1.run(com.unity3d.player.k$1@428560285)
I/org.umd.logging(14815): Method > 1 com.unity3d.player.UnityPlayerNativeActivity.onTouchEvent(com.prime31.UnityPlayerNativeActivity@572129094<activity=true>, android.view.MotionEvent@704344385)
I/org.umd.logging(14815): Method < 1 com.unity3d.player.UnityPlayerNativeActivity.onTouchEvent(false)
E/Cataloger( 5092): syncFile:/storage/emulated/0/2016-12-06_01:07:09.684.jpg
I/org.umd.logging(14815): Method > 1 com.unity3d.player.k$1.run(com.unity3d.player.k$1@428560285)
I/org.umd.logging(14815): Method > 1 com.unity3d.player.UnityPlayerNativeActivity.onTouchEvent(com.prime31.UnityPlayerNativeActivity@572129094<activity=true>, android.view.MotionEvent@366425830)
I/org.umd.logging(14815): Method < 1 com.unity3d.player.UnityPlayerNativeActivity.onTouchEvent(false)
I/org.umd.logging(14815): Method > 1 com.unity3d.player.k$1.run(com.unity3d.player.k$1@428560285)
I/org.umd.logging(14815): Method < 1 com.unity3d.player.k$1.run()
I/org.umd.logging(14815): Method > 1 com.unity3d.player.k$1.run(com.unity3d.player.k$1@428560285)
I/org.umd.logging(14815): Method < 1 com.unity3d.player.k$1.run()
I/org.umd.logging(14815): Method > 1 com.unity3d.player.k$1.run(com.unity3d.player.k$1@428560285)
I/org.umd.logging(14815): Method < 1 com.unity3d.player.k$1.run()
W/ResourceType(14815): No known package when getting name for resource number 0xffffffff
I/org.umd.logging(14815): Method > 672 com.unity3d.player.UnityPlayer.executeGLThreadJobs(com.unity3d.player.UnityPlayer@7826935<file=2016-12-06_01:07:09.691><x=0><y=0><width=1196><height=768><id=-1>)
I/org.umd.logging(14815): Method < 672 com.unity3d.player.UnityPlayer.executeGLThreadJobs()
E/Cataloger( 5092): syncFile:/storage/emulated/0/2016-12-06_01:07:09.691.jpg
I/org.umd.logging(14815): Method > 1 com.unity3d.player.k$1.run(com.unity3d.player.k$1@428560285)
E/Cataloger( 5092): syncFile:/storage/emulated/0/2016-12-06_01:07:09.824.jpg
W/ResourceType(14815): No known package when getting name for resource number 0xffffffff
I/org.umd.logging(14815): Method > 672 com.unity3d.player.UnityPlayer.executeGLThreadJobs(com.unity3d.player.UnityPlayer@7826935<file=><x=0><y=0><width=1196><height=768><id=-1>)
I/org.umd.logging(14815): Method < 672 com.unity3d.player.UnityPlayer.executeGLThreadJobs()
E/Cataloger( 5092): syncFile:/storage/emulated/0/2016-12-06_01:07:09.878.jpg
W/ResourceType(14815): No known package when getting name for resource number 0xffffffff
I/org.umd.logging(14815): Method > 1 com.unity3d.player.UnityPlayer.onTouchEvent(com.unity3d.player.UnityPlayer@7826935<file=2016-12-06_01:07:09.824><x=0><y=0><width=1196><height=768><id=-1>, android.view.MotionEvent@162789076)
I/org.umd.logging(14815): Method < 1 com.unity3d.player.UnityPlayer.onTouchEvent(false)
I/org.umd.logging(14815): Method > 1 com.unity3d.player.UnityPlayerNativeActivity.onTouchEvent(com.prime31.UnityPlayerNativeActivity@572129094<activity=true>, android.view.MotionEvent@162789076)
I/org.umd.logging(14815): Method < 1 com.unity3d.player.UnityPlayerNativeActivity.onTouchEvent(false)
I/org.umd.logging(14815): Method > 1 com.unity3d.player.k$1.run(com.unity3d.player.k$1@428560285)
I/org.umd.logging(14815): Method < 1 com.unity3d.player.k$1.run()
E/Cataloger( 5092): syncFile:/storage/emulated/0/2016-12-06_01:07:09.824.jpg
W/ResourceType(14815): No known package when getting name for resource number 0xffffffff
I/org.umd.logging(14815): Method > 672 com.unity3d.player.UnityPlayer.executeGLThreadJobs(com.unity3d.player.UnityPlayer@7826935<file=2016-12-06_01:07:09.878><x=0><y=0><width=1196><height=768><id=-1>)
I/org.umd.logging(14815): Method < 672 com.unity3d.player.UnityPlayer.executeGLThreadJobs()
E/Cataloger( 5092): syncFile:/storage/emulated/0/2016-12-06_01:07:09.878.jpg
I/org.umd.logging(14815): Method > 1 com.unity3d.player.k$1.run(com.unity3d.player.k$1@428560285)
I/org.umd.logging(14815): Method > 1 com.unity3d.player.UnityPlayerNativeActivity.onTouchEvent(com.prime31.UnityPlayerNativeActivity@572129094<activity=true>, android.view.MotionEvent@852287613)
I/org.umd.logging(14815): Method < 1 com.unity3d.player.UnityPlayerNativeActivity.onTouchEvent(false)
I/org.umd.logging(14815): Method > 1 com.unity3d.player.k$1.run(com.unity3d.player.k$1@428560285)
I/org.umd.logging(14815): Method > 1 com.unity3d.player.UnityPlayerNativeActivity.onTouchEvent(com.prime31.UnityPlayerNativeActivity@572129094<activity=true>, android.view.MotionEvent@726653810)
I/org.umd.logging(14815): Method < 1 com.unity3d.player.UnityPlayerNativeActivity.onTouchEvent(false)
I/org.umd.logging(14815): Method > 1 com.unity3d.player.k$1.run(com.unity3d.player.k$1@428560285)
I/org.umd.logging(14815): Method < 1 com.unity3d.player.k$1.run()
I/org.umd.logging(14815): Method > 1 com.unity3d.player.k$1.run(com.unity3d.player.k$1@428560285)
I/org.umd.logging(14815): Method < 1 com.unity3d.player.k$1.run()
E/Cataloger( 5092): syncFile:/storage/emulated/0/2016-12-06_01:07:10.006.jpg
W/ResourceType(14815): No known package when getting name for resource number 0xffffffff
I/org.umd.logging(14815): Method > 672 com.unity3d.player.UnityPlayer.executeGLThreadJobs(com.unity3d.player.UnityPlayer@7826935<file=2016-12-06_01:07:10.006><x=0><y=0><width=1196><height=768><id=-1>)
I/org.umd.logging(14815): Method < 672 com.unity3d.player.UnityPlayer.executeGLThreadJobs()
E/Cataloger( 5092): syncFile:/storage/emulated/0/2016-12-06_01:07:10.006.jpg
I/org.umd.logging(14815): Method > 1 com.unity3d.player.k$1.run(com.unity3d.player.k$1@428560285)
I/org.umd.logging(14815): Method > 1 com.unity3d.player.UnityPlayerNativeActivity.onTouchEvent(com.prime31.UnityPlayerNativeActivity@572129094<activity=true>, android.view.MotionEvent@839474115)
I/org.umd.logging(14815): Method < 1 com.unity3d.player.UnityPlayerNativeActivity.onTouchEvent(false)
I/org.umd.logging(14815): Method > 1 com.unity3d.player.k$1.run(com.unity3d.player.k$1@428560285)
I/org.umd.logging(14815): Method < 1 com.unity3d.player.k$1.run()
E/Cataloger( 5092): syncFile:/storage/emulated/0/2016-12-06_01:07:10.131.jpg
W/ResourceType(14815): No known package when getting name for resource number 0xffffffff
I/org.umd.logging(14815): Method > 672 com.unity3d.player.UnityPlayer.executeGLThreadJobs(com.unity3d.player.UnityPlayer@7826935<file=2016-12-06_01:07:10.131><x=0><y=0><width=1196><height=768><id=-1>)
I/org.umd.logging(14815): Method < 672 com.unity3d.player.UnityPlayer.executeGLThreadJobs()
E/Cataloger( 5092): syncFile:/storage/emulated/0/2016-12-06_01:07:10.131.jpg
E/Cataloger( 5092): syncFile:/storage/emulated/0/2016-12-06_01:07:10.306.jpg
I/DownloadManagerWrapper(  985): onReceive() : Charging = true
W/ResourceType(14815): No known package when getting name for resource number 0xffffffff
I/org.umd.logging(14815): Method > 672 com.unity3d.player.UnityPlayer.executeGLThreadJobs(com.unity3d.player.UnityPlayer@7826935<file=2016-12-06_01:07:10.306><x=0><y=0><width=1196><height=768><id=-1>)
I/org.umd.logging(14815): Method < 672 com.unity3d.player.UnityPlayer.executeGLThreadJobs()
E/Cataloger( 5092): syncFile:/storage/emulated/0/2016-12-06_01:07:10.306.jpg
E/Cataloger( 5092): syncFile:/storage/emulated/0/2016-12-06_01:07:10.494.jpg
W/ResourceType(14815): No known package when getting name for resource number 0xffffffff
I/org.umd.logging(14815): Method > 672 com.unity3d.player.UnityPlayer.executeGLThreadJobs(com.unity3d.player.UnityPlayer@7826935<file=2016-12-06_01:07:10.494><x=0><y=0><width=1196><height=768><id=-1>)
I/org.umd.logging(14815): Method < 672 com.unity3d.player.UnityPlayer.executeGLThreadJobs()
E/Cataloger( 5092): syncFile:/storage/emulated/0/2016-12-06_01:07:10.494.jpg
E/Cataloger( 5092): syncFile:/storage/emulated/0/2016-12-06_01:07:10.612.jpg
W/ResourceType(14815): No known package when getting name for resource number 0xffffffff
I/org.umd.logging(14815): Method > 672 com.unity3d.player.UnityPlayer.executeGLThreadJobs(com.unity3d.player.UnityPlayer@7826935<file=2016-12-06_01:07:10.612><x=0><y=0><width=1196><height=768><id=-1>)
I/org.umd.logging(14815): Method < 672 com.unity3d.player.UnityPlayer.executeGLThreadJobs()
E/Cataloger( 5092): syncFile:/storage/emulated/0/2016-12-06_01:07:10.612.jpg
E/Cataloger( 5092): syncFile:/storage/emulated/0/2016-12-06_01:07:10.729.jpg
W/ResourceType(14815): No known package when getting name for resource number 0xffffffff
I/org.umd.logging(14815): Method > 672 com.unity3d.player.UnityPlayer.executeGLThreadJobs(com.unity3d.player.UnityPlayer@7826935<file=2016-12-06_01:07:10.729><x=0><y=0><width=1196><height=768><id=-1>)
I/org.umd.logging(14815): Method < 672 com.unity3d.player.UnityPlayer.executeGLThreadJobs()
E/Cataloger( 5092): syncFile:/storage/emulated/0/2016-12-06_01:07:10.729.jpg
E/Cataloger( 5092): syncFile:/storage/emulated/0/2016-12-06_01:07:10.860.jpg
W/ResourceType(14815): No known package when getting name for resource number 0xffffffff
I/org.umd.logging(14815): Method > 672 com.unity3d.player.UnityPlayer.executeGLThreadJobs(com.unity3d.player.UnityPlayer@7826935<file=2016-12-06_01:07:10.860><x=0><y=0><width=1196><height=768><id=-1>)
I/org.umd.logging(14815): Method < 672 com.unity3d.player.UnityPlayer.executeGLThreadJobs()
E/Cataloger( 5092): syncFile:/storage/emulated/0/2016-12-06_01:07:10.860.jpg
E/Cataloger( 5092): syncFile:/storage/emulated/0/2016-12-06_01:07:10.981.jpg
W/ResourceType(14815): No known package when getting name for resource number 0xffffffff
I/org.umd.logging(14815): Method > 672 com.unity3d.player.UnityPlayer.executeGLThreadJobs(com.unity3d.player.UnityPlayer@7826935<file=2016-12-06_01:07:10.981><x=0><y=0><width=1196><height=768><id=-1>)
E/Cataloger( 5092): syncFile:/storage/emulated/0/2016-12-06_01:07:10.981.jpg
I/org.umd.logging(14815): Method < 672 com.unity3d.player.UnityPlayer.executeGLThreadJobs()
I/org.umd.logging(14815): Method > 1 com.unity3d.player.k$1.run(com.unity3d.player.k$1@428560285)
I/org.umd.logging(14815): Method > 1 com.unity3d.player.UnityPlayerNativeActivity.onTouchEvent(com.prime31.UnityPlayerNativeActivity@572129094<activity=true>, android.view.MotionEvent@600026176)
I/org.umd.logging(14815): Method < 1 com.unity3d.player.UnityPlayerNativeActivity.onTouchEvent(false)
I/org.umd.logging(14815): Method > 1 com.unity3d.player.k$1.run(com.unity3d.player.k$1@428560285)
I/org.umd.logging(14815): Method < 1 com.unity3d.player.k$1.run()
E/Cataloger( 5092): syncFile:/storage/emulated/0/2016-12-06_01:07:11.120.jpg
W/ResourceType(14815): No known package when getting name for resource number 0xffffffff
I/org.umd.logging(14815): Method > 672 com.unity3d.player.UnityPlayer.executeGLThreadJobs(com.unity3d.player.UnityPlayer@7826935<file=2016-12-06_01:07:11.120><x=0><y=0><width=1196><height=768><id=-1>)
I/org.umd.logging(14815): Method < 672 com.unity3d.player.UnityPlayer.executeGLThreadJobs()
E/Cataloger( 5092): syncFile:/storage/emulated/0/2016-12-06_01:07:11.120.jpg
I/org.umd.logging(14815): Method > 1 com.unity3d.player.k$1.run(com.unity3d.player.k$1@428560285)
E/Cataloger( 5092): syncFile:/storage/emulated/0/2016-12-06_01:07:11.258.jpg
W/ResourceType(14815): No known package when getting name for resource number 0xffffffff
I/org.umd.logging(14815): Method > 672 com.unity3d.player.UnityPlayer.executeGLThreadJobs(com.unity3d.player.UnityPlayer@7826935<file=><x=0><y=0><width=1196><height=768><id=-1>)
I/org.umd.logging(14815): Method < 672 com.unity3d.player.UnityPlayer.executeGLThreadJobs()
I/art     (14815): Background sticky concurrent mark sweep GC freed 1256(72KB) AllocSpace objects, 1(3MB) LOS objects, 0% free, 45MB/45MB, paused 10.682ms total 31.710ms
W/ResourceType(14815): No known package when getting name for resource number 0xffffffff
I/org.umd.logging(14815): Method > 1 com.unity3d.player.UnityPlayer.onTouchEvent(com.unity3d.player.UnityPlayer@7826935<file=2016-12-06_01:07:11.258><x=0><y=0><width=1196><height=768><id=-1>, android.view.MotionEvent@893140158)
I/org.umd.logging(14815): Method < 1 com.unity3d.player.UnityPlayer.onTouchEvent(false)
E/Cataloger( 5092): syncFile:/storage/emulated/0/2016-12-06_01:07:11.311.jpg
E/Cataloger( 5092): syncFile:/storage/emulated/0/2016-12-06_01:07:11.258.jpg
I/org.umd.logging(14815): Method > 1 com.unity3d.player.UnityPlayerNativeActivity.onTouchEvent(com.prime31.UnityPlayerNativeActivity@572129094<activity=true>, android.view.MotionEvent@893140158)
I/org.umd.logging(14815): Method < 1 com.unity3d.player.UnityPlayerNativeActivity.onTouchEvent(false)
I/org.umd.logging(14815): Method > 1 com.unity3d.player.k$1.run(com.unity3d.player.k$1@428560285)
I/org.umd.logging(14815): Method > 1 com.unity3d.player.UnityPlayerNativeActivity.onTouchEvent(com.prime31.UnityPlayerNativeActivity@572129094<activity=true>, android.view.MotionEvent@1042018591)
I/org.umd.logging(14815): Method < 1 com.unity3d.player.UnityPlayerNativeActivity.onTouchEvent(false)
I/org.umd.logging(14815): Method > 1 com.unity3d.player.k$1.run(com.unity3d.player.k$1@428560285)
I/org.umd.logging(14815): Method > 1 com.unity3d.player.UnityPlayerNativeActivity.onTouchEvent(com.prime31.UnityPlayerNativeActivity@572129094<activity=true>, android.view.MotionEvent@307711084)
