E/Cataloger( 5092): syncFile:/storage/emulated/0/2016-12-06_01:07:17.439.jpg
I/org.umd.logging(14815): Method > 1 com.unity3d.player.k$1.run(com.unity3d.player.k$1@428560285)
I/org.umd.logging(14815): Method > 1 com.unity3d.player.UnityPlayerNativeActivity.onTouchEvent(com.prime31.UnityPlayerNativeActivity@572129094<activity=true>, android.view.MotionEvent@1011402159)
I/org.umd.logging(14815): Method < 1 com.unity3d.player.UnityPlayerNativeActivity.onTouchEvent(false)
I/org.umd.logging(14815): Method > 1 com.unity3d.player.k$1.run(com.unity3d.player.k$1@428560285)
I/org.umd.logging(14815): Method < 1 com.unity3d.player.k$1.run()
E/Cataloger( 5092): syncFile:/storage/emulated/0/2016-12-06_01:07:17.565.jpg
W/ResourceType(14815): No known package when getting name for resource number 0xffffffff
I/org.umd.logging(14815): Method > 672 com.unity3d.player.UnityPlayer.executeGLThreadJobs(com.unity3d.player.UnityPlayer@7826935<file=2016-12-06_01:07:17.565><x=0><y=0><width=1196><height=768><id=-1>)
I/org.umd.logging(14815): Method < 672 com.unity3d.player.UnityPlayer.executeGLThreadJobs()
E/Cataloger( 5092): syncFile:/storage/emulated/0/2016-12-06_01:07:17.565.jpg
E/Cataloger( 5092): syncFile:/storage/emulated/0/2016-12-06_01:07:17.706.jpg
W/ResourceType(14815): No known package when getting name for resource number 0xffffffff
I/org.umd.logging(14815): Method > 672 com.unity3d.player.UnityPlayer.executeGLThreadJobs(com.unity3d.player.UnityPlayer@7826935<file=2016-12-06_01:07:17.706><x=0><y=0><width=1196><height=768><id=-1>)
E/Cataloger( 5092): syncFile:/storage/emulated/0/2016-12-06_01:07:17.706.jpg
I/org.umd.logging(14815): Method < 672 com.unity3d.player.UnityPlayer.executeGLThreadJobs()
E/Cataloger( 5092): syncFile:/storage/emulated/0/2016-12-06_01:07:17.860.jpg
W/ResourceType(14815): No known package when getting name for resource number 0xffffffff
I/org.umd.logging(14815): Method > 672 com.unity3d.player.UnityPlayer.executeGLThreadJobs(com.unity3d.player.UnityPlayer@7826935<file=2016-12-06_01:07:17.860><x=0><y=0><width=1196><height=768><id=-1>)
I/org.umd.logging(14815): Method < 672 com.unity3d.player.UnityPlayer.executeGLThreadJobs()
E/Cataloger( 5092): syncFile:/storage/emulated/0/2016-12-06_01:07:17.860.jpg
I/org.umd.logging(14815): Method > 1 com.unity3d.player.k$1.run(com.unity3d.player.k$1@428560285)
I/org.umd.logging(14815): Method > 1 com.unity3d.player.UnityPlayerNativeActivity.onTouchEvent(com.prime31.UnityPlayerNativeActivity@572129094<activity=true>, android.view.MotionEvent@730967484)
I/org.umd.logging(14815): Method < 1 com.unity3d.player.UnityPlayerNativeActivity.onTouchEvent(false)
I/org.umd.logging(14815): Method > 1 com.unity3d.player.k$1.run(com.unity3d.player.k$1@428560285)
I/org.umd.logging(14815): Method > 1 com.unity3d.player.UnityPlayerNativeActivity.onTouchEvent(com.prime31.UnityPlayerNativeActivity@572129094<activity=true>, android.view.MotionEvent@190738757)
I/org.umd.logging(14815): Method < 1 com.unity3d.player.UnityPlayerNativeActivity.onTouchEvent(false)
I/org.umd.logging(14815): Method > 1 com.unity3d.player.k$1.run(com.unity3d.player.k$1@428560285)
I/org.umd.logging(14815): Method > 1 com.unity3d.player.UnityPlayerNativeActivity.onTouchEvent(com.prime31.UnityPlayerNativeActivity@572129094<activity=true>, android.view.MotionEvent@1041723546)
I/org.umd.logging(14815): Method < 1 com.unity3d.player.UnityPlayerNativeActivity.onTouchEvent(false)
I/org.umd.logging(14815): Method > 1 com.unity3d.player.k$1.run(com.unity3d.player.k$1@428560285)
I/org.umd.logging(14815): Method < 1 com.unity3d.player.k$1.run()
I/org.umd.logging(14815): Method > 1 com.unity3d.player.k$1.run(com.unity3d.player.k$1@428560285)
I/org.umd.logging(14815): Method < 1 com.unity3d.player.k$1.run()
I/org.umd.logging(14815): Method > 1 com.unity3d.player.k$1.run(com.unity3d.player.k$1@428560285)
I/org.umd.logging(14815): Method < 1 com.unity3d.player.k$1.run()
E/Cataloger( 5092): syncFile:/storage/emulated/0/2016-12-06_01:07:17.986.jpg
W/ResourceType(14815): No known package when getting name for resource number 0xffffffff
I/org.umd.logging(14815): Method > 672 com.unity3d.player.UnityPlayer.executeGLThreadJobs(com.unity3d.player.UnityPlayer@7826935<file=2016-12-06_01:07:17.986><x=0><y=0><width=1196><height=768><id=-1>)
I/org.umd.logging(14815): Method < 672 com.unity3d.player.UnityPlayer.executeGLThreadJobs()
E/Cataloger( 5092): syncFile:/storage/emulated/0/2016-12-06_01:07:17.986.jpg
E/Cataloger( 5092): syncFile:/storage/emulated/0/2016-12-06_01:07:18.120.jpg
W/ResourceType(14815): No known package when getting name for resource number 0xffffffff
I/org.umd.logging(14815): Method > 672 com.unity3d.player.UnityPlayer.executeGLThreadJobs(com.unity3d.player.UnityPlayer@7826935<file=2016-12-06_01:07:18.120><x=0><y=0><width=1196><height=768><id=-1>)
I/org.umd.logging(14815): Method < 672 com.unity3d.player.UnityPlayer.executeGLThreadJobs()
E/Cataloger( 5092): syncFile:/storage/emulated/0/2016-12-06_01:07:18.120.jpg
I/org.umd.logging(14815): Method > 1 com.unity3d.player.k$1.run(com.unity3d.player.k$1@428560285)
E/Cataloger( 5092): syncFile:/storage/emulated/0/2016-12-06_01:07:18.252.jpg
I/art     (14815): Background sticky concurrent mark sweep GC freed 699(46KB) AllocSpace objects, 2(7MB) LOS objects, 11% free, 42MB/47MB, paused 6.928ms total 17.030ms
E/Cataloger( 5092): syncFile:/storage/emulated/0/2016-12-06_01:07:18.302.jpg
W/ResourceType(14815): No known package when getting name for resource number 0xffffffff
I/org.umd.logging(14815): Method > 1 com.unity3d.player.UnityPlayer.onTouchEvent(com.unity3d.player.UnityPlayer@7826935<file=2016-12-06_01:07:18.252><x=0><y=0><width=1196><height=768><id=-1>, android.view.MotionEvent@90574283)
I/org.umd.logging(14815): Method < 1 com.unity3d.player.UnityPlayer.onTouchEvent(false)
I/org.umd.logging(14815): Method > 1 com.unity3d.player.UnityPlayerNativeActivity.onTouchEvent(com.prime31.UnityPlayerNativeActivity@572129094<activity=true>, android.view.MotionEvent@90574283)
E/Cataloger( 5092): syncFile:/storage/emulated/0/2016-12-06_01:07:18.252.jpg
I/org.umd.logging(14815): Method < 1 com.unity3d.player.UnityPlayerNativeActivity.onTouchEvent(false)
I/org.umd.logging(14815): Method > 1 com.unity3d.player.k$1.run(com.unity3d.player.k$1@428560285)
I/org.umd.logging(14815): Method > 1 com.unity3d.player.UnityPlayerNativeActivity.onTouchEvent(com.prime31.UnityPlayerNativeActivity@572129094<activity=true>, android.view.MotionEvent@447343016)
I/org.umd.logging(14815): Method < 1 com.unity3d.player.UnityPlayerNativeActivity.onTouchEvent(false)
I/org.umd.logging(14815): Method > 1 com.unity3d.player.k$1.run(com.unity3d.player.k$1@428560285)
I/org.umd.logging(14815): Method < 1 com.unity3d.player.k$1.run()
I/org.umd.logging(14815): Method > 1 com.unity3d.player.k$1.run(com.unity3d.player.k$1@428560285)
I/org.umd.logging(14815): Method < 1 com.unity3d.player.k$1.run()
W/ResourceType(14815): No known package when getting name for resource number 0xffffffff
I/org.umd.logging(14815): Method > 672 com.unity3d.player.UnityPlayer.executeGLThreadJobs(com.unity3d.player.UnityPlayer@7826935<file=2016-12-06_01:07:18.302><x=0><y=0><width=1196><height=768><id=-1>)
I/org.umd.logging(14815): Method < 672 com.unity3d.player.UnityPlayer.executeGLThreadJobs()
E/Cataloger( 5092): syncFile:/storage/emulated/0/2016-12-06_01:07:18.302.jpg
E/Cataloger( 5092): syncFile:/storage/emulated/0/2016-12-06_01:07:18.439.jpg
W/ResourceType(14815): No known package when getting name for resource number 0xffffffff
I/org.umd.logging(14815): Method > 672 com.unity3d.player.UnityPlayer.executeGLThreadJobs(com.unity3d.player.UnityPlayer@7826935<file=2016-12-06_01:07:18.439><x=0><y=0><width=1196><height=768><id=-1>)
I/org.umd.logging(14815): Method < 672 com.unity3d.player.UnityPlayer.executeGLThreadJobs()
E/Cataloger( 5092): syncFile:/storage/emulated/0/2016-12-06_01:07:18.439.jpg
E/Cataloger( 5092): syncFile:/storage/emulated/0/2016-12-06_01:07:18.555.jpg
W/ResourceType(14815): No known package when getting name for resource number 0xffffffff
I/org.umd.logging(14815): Method > 672 com.unity3d.player.UnityPlayer.executeGLThreadJobs(com.unity3d.player.UnityPlayer@7826935<file=2016-12-06_01:07:18.555><x=0><y=0><width=1196><height=768><id=-1>)
I/org.umd.logging(14815): Method < 672 com.unity3d.player.UnityPlayer.executeGLThreadJobs()
E/Cataloger( 5092): syncFile:/storage/emulated/0/2016-12-06_01:07:18.555.jpg
E/Cataloger( 5092): syncFile:/storage/emulated/0/2016-12-06_01:07:18.685.jpg
W/ResourceType(14815): No known package when getting name for resource number 0xffffffff
I/org.umd.logging(14815): Method > 672 com.unity3d.player.UnityPlayer.executeGLThreadJobs(com.unity3d.player.UnityPlayer@7826935<file=2016-12-06_01:07:18.685><x=0><y=0><width=1196><height=768><id=-1>)
I/org.umd.logging(14815): Method < 672 com.unity3d.player.UnityPlayer.executeGLThreadJobs()
E/Cataloger( 5092): syncFile:/storage/emulated/0/2016-12-06_01:07:18.685.jpg
E/Cataloger( 5092): syncFile:/storage/emulated/0/2016-12-06_01:07:18.820.jpg
E/WifiStateMachine(  591): WifiStateMachine CMD_START_SCAN source -2 txSuccessRate=1.80 rxSuccessRate=1.99 targetRoamBSSID=b4:e9:b0:e5:06:d0 RSSI=-47
W/ResourceType(14815): No known package when getting name for resource number 0xffffffff
I/org.umd.logging(14815): Method > 672 com.unity3d.player.UnityPlayer.executeGLThreadJobs(com.unity3d.player.UnityPlayer@7826935<file=2016-12-06_01:07:18.820><x=0><y=0><width=1196><height=768><id=-1>)
I/org.umd.logging(14815): Method < 672 com.unity3d.player.UnityPlayer.executeGLThreadJobs()
E/Cataloger( 5092): syncFile:/storage/emulated/0/2016-12-06_01:07:18.820.jpg
E/Cataloger( 5092): syncFile:/storage/emulated/0/2016-12-06_01:07:18.950.jpg
W/ResourceType(14815): No known package when getting name for resource number 0xffffffff
I/org.umd.logging(14815): Method > 672 com.unity3d.player.UnityPlayer.executeGLThreadJobs(com.unity3d.player.UnityPlayer@7826935<file=2016-12-06_01:07:18.950><x=0><y=0><width=1196><height=768><id=-1>)
I/org.umd.logging(14815): Method < 672 com.unity3d.player.UnityPlayer.executeGLThreadJobs()
E/Cataloger( 5092): syncFile:/storage/emulated/0/2016-12-06_01:07:18.950.jpg
E/Cataloger( 5092): syncFile:/storage/emulated/0/2016-12-06_01:07:19.078.jpg
W/ResourceType(14815): No known package when getting name for resource number 0xffffffff
I/org.umd.logging(14815): Method > 672 com.unity3d.player.UnityPlayer.executeGLThreadJobs(com.unity3d.player.UnityPlayer@7826935<file=2016-12-06_01:07:19.078><x=0><y=0><width=1196><height=768><id=-1>)
I/org.umd.logging(14815): Method < 672 com.unity3d.player.UnityPlayer.executeGLThreadJobs()
E/Cataloger( 5092): syncFile:/storage/emulated/0/2016-12-06_01:07:19.078.jpg
E/Cataloger( 5092): syncFile:/storage/emulated/0/2016-12-06_01:07:19.223.jpg
W/ResourceType(14815): No known package when getting name for resource number 0xffffffff
I/org.umd.logging(14815): Method > 672 com.unity3d.player.UnityPlayer.executeGLThreadJobs(com.unity3d.player.UnityPlayer@7826935<file=2016-12-06_01:07:19.223><x=0><y=0><width=1196><height=768><id=-1>)
I/org.umd.logging(14815): Method < 672 com.unity3d.player.UnityPlayer.executeGLThreadJobs()
E/Cataloger( 5092): syncFile:/storage/emulated/0/2016-12-06_01:07:19.223.jpg
I/org.umd.logging(14815): Method > 1 com.unity3d.player.k$1.run(com.unity3d.player.k$1@428560285)
I/org.umd.logging(14815): Method > 1 com.unity3d.player.UnityPlayerNativeActivity.onTouchEvent(com.prime31.UnityPlayerNativeActivity@572129094<activity=true>, android.view.MotionEvent@1064950977)
I/org.umd.logging(14815): Method < 1 com.unity3d.player.UnityPlayerNativeActivity.onTouchEvent(false)
I/org.umd.logging(14815): Method > 1 com.unity3d.player.k$1.run(com.unity3d.player.k$1@428560285)
I/org.umd.logging(14815): Method < 1 com.unity3d.player.k$1.run()
E/Cataloger( 5092): syncFile:/storage/emulated/0/2016-12-06_01:07:19.396.jpg
W/ResourceType(14815): No known package when getting name for resource number 0xffffffff
I/org.umd.logging(14815): Method > 672 com.unity3d.player.UnityPlayer.executeGLThreadJobs(com.unity3d.player.UnityPlayer@7826935<file=2016-12-06_01:07:19.396><x=0><y=0><width=1196><height=768><id=-1>)
I/org.umd.logging(14815): Method < 672 com.unity3d.player.UnityPlayer.executeGLThreadJobs()
E/Cataloger( 5092): syncFile:/storage/emulated/0/2016-12-06_01:07:19.396.jpg
E/Cataloger( 5092): syncFile:/storage/emulated/0/2016-12-06_01:07:19.552.jpg
W/ResourceType(14815): No known package when getting name for resource number 0xffffffff
E/Cataloger( 5092): syncFile:/storage/emulated/0/2016-12-06_01:07:19.552.jpg
I/org.umd.logging(14815): Method > 672 com.unity3d.player.UnityPlayer.executeGLThreadJobs(com.unity3d.player.UnityPlayer@7826935<file=2016-12-06_01:07:19.552><x=0><y=0><width=1196><height=768><id=-1>)
I/org.umd.logging(14815): Method < 672 com.unity3d.player.UnityPlayer.executeGLThreadJobs()
E/Cataloger( 5092): syncFile:/storage/emulated/0/2016-12-06_01:07:19.680.jpg
W/ResourceType(14815): No known package when getting name for resource number 0xffffffff
I/org.umd.logging(14815): Method > 672 com.unity3d.player.UnityPlayer.executeGLThreadJobs(com.unity3d.player.UnityPlayer@7826935<file=2016-12-06_01:07:19.680><x=0><y=0><width=1196><height=768><id=-1>)
I/org.umd.logging(14815): Method < 672 com.unity3d.player.UnityPlayer.executeGLThreadJobs()
E/Cataloger( 5092): syncFile:/storage/emulated/0/2016-12-06_01:07:19.680.jpg
E/Cataloger( 5092): syncFile:/storage/emulated/0/2016-12-06_01:07:19.816.jpg
W/ResourceType(14815): No known package when getting name for resource number 0xffffffff
I/org.umd.logging(14815): Method > 672 com.unity3d.player.UnityPlayer.executeGLThreadJobs(com.unity3d.player.UnityPlayer@7826935<file=2016-12-06_01:07:19.816><x=0><y=0><width=1196><height=768><id=-1>)
I/org.umd.logging(14815): Method < 672 com.unity3d.player.UnityPlayer.executeGLThreadJobs()
E/Cataloger( 5092): syncFile:/storage/emulated/0/2016-12-06_01:07:19.816.jpg
E/Cataloger( 5092): syncFile:/storage/emulated/0/2016-12-06_01:07:19.939.jpg
W/ResourceType(14815): No known package when getting name for resource number 0xffffffff
I/org.umd.logging(14815): Method > 672 com.unity3d.player.UnityPlayer.executeGLThreadJobs(com.unity3d.player.UnityPlayer@7826935<file=2016-12-06_01:07:19.939><x=0><y=0><width=1196><height=768><id=-1>)
I/org.umd.logging(14815): Method < 672 com.unity3d.player.UnityPlayer.executeGLThreadJobs()
E/Cataloger( 5092): syncFile:/storage/emulated/0/2016-12-06_01:07:19.939.jpg
I/org.umd.logging(14815): Method > 1 com.unity3d.player.k$1.run(com.unity3d.player.k$1@428560285)
I/org.umd.logging(14815): Method > 1 com.unity3d.player.UnityPlayerNativeActivity.onTouchEvent(com.prime31.UnityPlayerNativeActivity@572129094<activity=true>, android.view.MotionEvent@644611174)
I/org.umd.logging(14815): Method < 1 com.unity3d.player.UnityPlayerNativeActivity.onTouchEvent(false)
I/org.umd.logging(14815): Method > 1 com.unity3d.player.k$1.run(com.unity3d.player.k$1@428560285)
I/org.umd.logging(14815): Method < 1 com.unity3d.player.k$1.run()
E/Cataloger( 5092): syncFile:/storage/emulated/0/2016-12-06_01:07:20.123.jpg
W/Conscrypt( 1323): Could not set socket write timeout: null
W/ResourceType(14815): No known package when getting name for resource number 0xffffffff
I/org.umd.logging(14815): Method > 672 com.unity3d.player.UnityPlayer.executeGLThreadJobs(com.unity3d.player.UnityPlayer@7826935<file=2016-12-06_01:07:20.123><x=0><y=0><width=1196><height=768><id=-1>)
I/org.umd.logging(14815): Method < 672 com.unity3d.player.UnityPlayer.executeGLThreadJobs()
E/Cataloger( 5092): syncFile:/storage/emulated/0/2016-12-06_01:07:20.123.jpg
E/Cataloger( 5092): syncFile:/storage/emulated/0/2016-12-06_01:07:20.242.jpg
W/Conscrypt( 1323): Could not set socket write timeout: null
W/ResourceType(14815): No known package when getting name for resource number 0xffffffff
I/org.umd.logging(14815): Method > 672 com.unity3d.player.UnityPlayer.executeGLThreadJobs(com.unity3d.player.UnityPlayer@7826935<file=2016-12-06_01:07:20.242><x=0><y=0><width=1196><height=768><id=-1>)
I/org.umd.logging(14815): Method < 672 com.unity3d.player.UnityPlayer.executeGLThreadJobs()
E/Cataloger( 5092): syncFile:/storage/emulated/0/2016-12-06_01:07:20.242.jpg
E/Cataloger( 5092): syncFile:/storage/emulated/0/2016-12-06_01:07:20.361.jpg
I/DownloadManagerWrapper(  985): onReceive() : Charging = true
W/ContentTaskController( 1323): Invalid task was provided to stopTracking.
E/MtpServerJNI(  765): server is null in send_object_removed
I/DownloadManagerWrapper(  985): onReceive() : Charging = true
W/ResourceType(14815): No known package when getting name for resource number 0xffffffff
I/org.umd.logging(14815): Method > 672 com.unity3d.player.UnityPlayer.executeGLThreadJobs(com.unity3d.player.UnityPlayer@7826935<file=2016-12-06_01:07:20.361><x=0><y=0><width=1196><height=768><id=-1>)
I/org.umd.logging(14815): Method < 672 com.unity3d.player.UnityPlayer.executeGLThreadJobs()
E/Cataloger( 5092): syncFile:/storage/emulated/0/2016-12-06_01:07:20.361.jpg
E/Cataloger( 5092): syncFile:/storage/emulated/0/2016-12-06_01:07:20.516.jpg
W/ResourceType(14815): No known package when getting name for resource number 0xffffffff
I/org.umd.logging(14815): Method > 672 com.unity3d.player.UnityPlayer.executeGLThreadJobs(com.unity3d.player.UnityPlayer@7826935<file=2016-12-06_01:07:20.516><x=0><y=0><width=1196><height=768><id=-1>)
I/org.umd.logging(14815): Method < 672 com.unity3d.player.UnityPlayer.executeGLThreadJobs()
E/Cataloger( 5092): syncFile:/storage/emulated/0/2016-12-06_01:07:20.516.jpg
E/Cataloger( 5092): syncFile:/storage/emulated/0/2016-12-06_01:07:20.634.jpg
W/ContentTaskController( 1323): Invalid newTask was provided to startTracking.
W/ResourceType(14815): No known package when getting name for resource number 0xffffffff
I/org.umd.logging(14815): Method > 672 com.unity3d.player.UnityPlayer.executeGLThreadJobs(com.unity3d.player.UnityPlayer@7826935<file=2016-12-06_01:07:20.634><x=0><y=0><width=1196><height=768><id=-1>)
I/org.umd.logging(14815): Method < 672 com.unity3d.player.UnityPlayer.executeGLThreadJobs()
E/Cataloger( 5092): syncFile:/storage/emulated/0/2016-12-06_01:07:20.634.jpg
E/Cataloger( 5092): syncFile:/storage/emulated/0/2016-12-06_01:07:20.759.jpg
W/ResourceType(14815): No known package when getting name for resource number 0xffffffff
I/org.umd.logging(14815): Method > 672 com.unity3d.player.UnityPlayer.executeGLThreadJobs(com.unity3d.player.UnityPlayer@7826935<file=2016-12-06_01:07:20.759><x=0><y=0><width=1196><height=768><id=-1>)
I/org.umd.logging(14815): Method < 672 com.unity3d.player.UnityPlayer.executeGLThreadJobs()
E/Cataloger( 5092): syncFile:/storage/emulated/0/2016-12-06_01:07:20.759.jpg
E/Cataloger( 5092): syncFile:/storage/emulated/0/2016-12-06_01:07:20.918.jpg
W/ResourceType(14815): No known package when getting name for resource number 0xffffffff
I/org.umd.logging(14815): Method > 672 com.unity3d.player.UnityPlayer.executeGLThreadJobs(com.unity3d.player.UnityPlayer@7826935<file=2016-12-06_01:07:20.918><x=0><y=0><width=1196><height=768><id=-1>)
I/org.umd.logging(14815): Method < 672 com.unity3d.player.UnityPlayer.executeGLThreadJobs()
E/Cataloger( 5092): syncFile:/storage/emulated/0/2016-12-06_01:07:20.918.jpg
E/Cataloger( 5092): syncFile:/storage/emulated/0/2016-12-06_01:07:21.073.jpg
W/ResourceType(14815): No known package when getting name for resource number 0xffffffff
I/org.umd.logging(14815): Method > 672 com.unity3d.player.UnityPlayer.executeGLThreadJobs(com.unity3d.player.UnityPlayer@7826935<file=2016-12-06_01:07:21.073><x=0><y=0><width=1196><height=768><id=-1>)
I/org.umd.logging(14815): Method < 672 com.unity3d.player.UnityPlayer.executeGLThreadJobs()
E/Cataloger( 5092): syncFile:/storage/emulated/0/2016-12-06_01:07:21.073.jpg
E/Cataloger( 5092): syncFile:/storage/emulated/0/2016-12-06_01:07:21.230.jpg
W/ResourceType(14815): No known package when getting name for resource number 0xffffffff
I/org.umd.logging(14815): Method > 672 com.unity3d.player.UnityPlayer.executeGLThreadJobs(com.unity3d.player.UnityPlayer@7826935<file=2016-12-06_01:07:21.230><x=0><y=0><width=1196><height=768><id=-1>)
I/org.umd.logging(14815): Method < 672 com.unity3d.player.UnityPlayer.executeGLThreadJobs()
E/Cataloger( 5092): syncFile:/storage/emulated/0/2016-12-06_01:07:21.230.jpg
E/Cataloger( 5092): syncFile:/storage/emulated/0/2016-12-06_01:07:21.371.jpg
W/ResourceType(14815): No known package when getting name for resource number 0xffffffff
I/org.umd.logging(14815): Method > 672 com.unity3d.player.UnityPlayer.executeGLThreadJobs(com.unity3d.player.UnityPlayer@7826935<file=2016-12-06_01:07:21.371><x=0><y=0><width=1196><height=768><id=-1>)
I/org.umd.logging(14815): Method < 672 com.unity3d.player.UnityPlayer.executeGLThreadJobs()
E/Cataloger( 5092): syncFile:/storage/emulated/0/2016-12-06_01:07:21.371.jpg
E/Cataloger( 5092): syncFile:/storage/emulated/0/2016-12-06_01:07:21.505.jpg
W/ResourceType(14815): No known package when getting name for resource number 0xffffffff
I/org.umd.logging(14815): Method > 672 com.unity3d.player.UnityPlayer.executeGLThreadJobs(com.unity3d.player.UnityPlayer@7826935<file=2016-12-06_01:07:21.505><x=0><y=0><width=1196><height=768><id=-1>)
I/org.umd.logging(14815): Method < 672 com.unity3d.player.UnityPlayer.executeGLThreadJobs()
E/Cataloger( 5092): syncFile:/storage/emulated/0/2016-12-06_01:07:21.505.jpg
E/Cataloger( 5092): syncFile:/storage/emulated/0/2016-12-06_01:07:21.634.jpg
W/ResourceType(14815): No known package when getting name for resource number 0xffffffff
I/org.umd.logging(14815): Method > 672 com.unity3d.player.UnityPlayer.executeGLThreadJobs(com.unity3d.player.UnityPlayer@7826935<file=2016-12-06_01:07:21.634><x=0><y=0><width=1196><height=768><id=-1>)
I/org.umd.logging(14815): Method < 672 com.unity3d.player.UnityPlayer.executeGLThreadJobs()
E/Cataloger( 5092): syncFile:/storage/emulated/0/2016-12-06_01:07:21.634.jpg
E/Cataloger( 5092): syncFile:/storage/emulated/0/2016-12-06_01:07:21.761.jpg
W/ResourceType(14815): No known package when getting name for resource number 0xffffffff
I/org.umd.logging(14815): Method > 672 com.unity3d.player.UnityPlayer.executeGLThreadJobs(com.unity3d.player.UnityPlayer@7826935<file=2016-12-06_01:07:21.761><x=0><y=0><width=1196><height=768><id=-1>)
I/org.umd.logging(14815): Method < 672 com.unity3d.player.UnityPlayer.executeGLThreadJobs()
E/Cataloger( 5092): syncFile:/storage/emulated/0/2016-12-06_01:07:21.761.jpg
E/Cataloger( 5092): syncFile:/storage/emulated/0/2016-12-06_01:07:21.940.jpg
W/ResourceType(14815): No known package when getting name for resource number 0xffffffff
I/org.umd.logging(14815): Method > 672 com.unity3d.player.UnityPlayer.executeGLThreadJobs(com.unity3d.player.UnityPlayer@7826935<file=2016-12-06_01:07:21.940><x=0><y=0><width=1196><height=768><id=-1>)
I/org.umd.logging(14815): Method < 672 com.unity3d.player.UnityPlayer.executeGLThreadJobs()
E/Cataloger( 5092): syncFile:/storage/emulated/0/2016-12-06_01:07:21.940.jpg
E/Cataloger( 5092): syncFile:/storage/emulated/0/2016-12-06_01:07:22.104.jpg
W/ResourceType(14815): No known package when getting name for resource number 0xffffffff
I/org.umd.logging(14815): Method > 672 com.unity3d.player.UnityPlayer.executeGLThreadJobs(com.unity3d.player.UnityPlayer@7826935<file=2016-12-06_01:07:22.104><x=0><y=0><width=1196><height=768><id=-1>)
I/org.umd.logging(14815): Method < 672 com.unity3d.player.UnityPlayer.executeGLThreadJobs()
E/Cataloger( 5092): syncFile:/storage/emulated/0/2016-12-06_01:07:22.104.jpg
E/Cataloger( 5092): syncFile:/storage/emulated/0/2016-12-06_01:07:22.280.jpg
W/ResourceType(14815): No known package when getting name for resource number 0xffffffff
I/org.umd.logging(14815): Method > 672 com.unity3d.player.UnityPlayer.executeGLThreadJobs(com.unity3d.player.UnityPlayer@7826935<file=2016-12-06_01:07:22.280><x=0><y=0><width=1196><height=768><id=-1>)
I/org.umd.logging(14815): Method < 672 com.unity3d.player.UnityPlayer.executeGLThreadJobs()
E/Cataloger( 5092): syncFile:/storage/emulated/0/2016-12-06_01:07:22.280.jpg
E/Cataloger( 5092): syncFile:/storage/emulated/0/2016-12-06_01:07:22.414.jpg
W/ResourceType(14815): No known package when getting name for resource number 0xffffffff
I/org.umd.logging(14815): Method > 672 com.unity3d.player.UnityPlayer.executeGLThreadJobs(com.unity3d.player.UnityPlayer@7826935<file=2016-12-06_01:07:22.414><x=0><y=0><width=1196><height=768><id=-1>)
I/org.umd.logging(14815): Method < 672 com.unity3d.player.UnityPlayer.executeGLThreadJobs()
E/Cataloger( 5092): syncFile:/storage/emulated/0/2016-12-06_01:07:22.414.jpg
I/org.umd.logging(14815): Method > 1 com.unity3d.player.k$1.run(com.unity3d.player.k$1@428560285)
E/Cataloger( 5092): syncFile:/storage/emulated/0/2016-12-06_01:07:22.553.jpg
I/org.umd.logging(14815): Method > 672 com.upsight.unity.AbstractUpsightPlugin.runSafelyOnUiThread(com.upsight.unity.UpsightPlugin@116486462, com.upsight.unity.UpsightPlugin$2@533052327)
I/org.umd.logging(14815): Method < 672 com.upsight.unity.AbstractUpsightPlugin.runSafelyOnUiThread()
I/Prime31 (14815): using adUnitId: ca-app-pub-9397713323853180/3167481601
I/Prime31 (14815): ad created. current time: 22
I/org.umd.logging(14815): Method > 672 com.prime31.AdMobPluginBase.runSafelyOnUiThread(com.prime31.AdMobPlugin@263009907, com.prime31.AdMobPlugin$1@478577661)
I/org.umd.logging(14815): Method < 672 com.prime31.AdMobPluginBase.runSafelyOnUiThread()
W/ResourceType(14815): No known package when getting name for resource number 0xffffffff
I/org.umd.logging(14815): Method > 1 com.unity3d.player.UnityPlayer.onTouchEvent(com.unity3d.player.UnityPlayer@7826935<file=2016-12-06_01:07:22.553><x=0><y=0><width=1196><height=768><id=-1>, android.view.MotionEvent@875264242)
I/org.umd.logging(14815): Method < 1 com.unity3d.player.UnityPlayer.onTouchEvent(false)
I/org.umd.logging(14815): Method > 1 com.unity3d.player.UnityPlayerNativeActivity.onTouchEvent(com.prime31.UnityPlayerNativeActivity@572129094<activity=true>, android.view.MotionEvent@875264242)
I/org.umd.logging(14815): Method < 1 com.unity3d.player.UnityPlayerNativeActivity.onTouchEvent(false)
I/org.umd.logging(14815): Method > 1 com.unity3d.player.k$1.run(com.unity3d.player.k$1@428560285)
I/org.umd.logging(14815): Method > 1 com.unity3d.player.UnityPlayerNativeActivity.onTouchEvent(com.prime31.UnityPlayerNativeActivity@572129094<activity=true>, android.view.MotionEvent@847801155)
I/org.umd.logging(14815): Method < 1 com.unity3d.player.UnityPlayerNativeActivity.onTouchEvent(false)
I/org.umd.logging(14815): Method > 1 com.unity3d.player.k$1.run(com.unity3d.player.k$1@428560285)
I/org.umd.logging(14815): Method < 1 com.unity3d.player.k$1.run()
I/org.umd.logging(14815): Method > 1 com.unity3d.player.k$1.run(com.unity3d.player.k$1@428560285)
I/org.umd.logging(14815): Method < 1 com.unity3d.player.k$1.run()
I/org.umd.logging(14815): Method > 1 com.upsight.unity.AbstractUpsightPlugin$2.run(com.upsight.unity.AbstractUpsightPlugin$2@227952064)
I/org.umd.logging(14815): Method > 1 com.upsight.unity.UpsightPlugin$2.run(com.upsight.unity.UpsightPlugin$2@533052327)
I/PlayHaven(14815): placement [ingamepopupmenu] dimensions: {}
I/org.umd.logging(14815): Api > 1 java.lang.Thread.start(java.lang.Thread@804532798<thread=761>)
I/org.umd.logging(14815): Api < 1 java.lang.Thread.start()
I/org.umd.logging(14815): Method < 1 com.upsight.unity.UpsightPlugin$2.run()
I/org.umd.logging(14815): Method < 1 com.upsight.unity.AbstractUpsightPlugin$2.run()
I/org.umd.logging(14815): Method > 1 com.prime31.AdMobPluginBase$1.run(com.prime31.AdMobPluginBase$1@742160543)
I/org.umd.logging(14815): Method > 1 com.prime31.AdMobPlugin$1.run(com.prime31.AdMobPlugin$1@478577661)
I/org.umd.logging(14815): Method > 1 com.prime31.AdMobPluginBase.runSafelyOnUiThread(com.prime31.AdMobPlugin@263009907, com.prime31.AdMobPlugin$4@735524277)
I/org.umd.logging(14815): Method > 1 com.prime31.AdMobPluginBase$1.run(com.prime31.AdMobPluginBase$1@1006449738)
I/org.umd.logging(14815): Method > 1 com.prime31.AdMobPlugin$4.run(com.prime31.AdMobPlugin$4@735524277)
D/DynamitePackage(14815): Instantiating com.google.android.gms.ads.ChimeraAdManagerCreatorImpl
I/org.umd.logging(14815): Method > 760 com.playhaven.android.cache.CacheCleaner.run(com.playhaven.android.cache.CacheCleaner@721358040)
I/org.umd.logging(14815): Method < 760 com.playhaven.android.cache.CacheCleaner.run()
I/org.umd.logging(14815): Method > 761 com.playhaven.android.req.PlayHavenRequest$1.run(com.playhaven.android.req.PlayHavenRequest$1@737804219)
I/org.umd.logging(14815): Api > 761 android.net.ConnectivityManager.getNetworkInfo(android.net.ConnectivityManager@909643315, 1)
I/org.umd.logging(14815): Api < 761 android.net.ConnectivityManager.getNetworkInfo(android.net.NetworkInfo@194148401)
E/Cataloger( 5092): syncFile:/storage/emulated/0/2016-12-06_01:07:22.609.jpg
I/Ads     (14815): Starting ad request.
I/Ads     (14815): Use AdRequest.Builder.addTestDevice("1F480C9603A7924489313051413E5A68") to get test ads on this device.
I/Ads     (14815): Please set theme of AdActivity to @android:style/Theme.Translucent to enable transparent background interstitial ad.
I/org.umd.logging(14815): Method < 1 com.prime31.AdMobPlugin$4.run()
I/org.umd.logging(14815): Method < 1 com.prime31.AdMobPluginBase$1.run()
I/org.umd.logging(14815): Method < 1 com.prime31.AdMobPluginBase.runSafelyOnUiThread()
I/org.umd.logging(14815): Method < 1 com.prime31.AdMobPlugin$1.run()
I/org.umd.logging(14815): Method < 1 com.prime31.AdMobPluginBase$1.run()
W/ActivityManager(  591): getRunningAppProcesses: caller 10232 does not hold REAL_GET_TASKS; limiting output
E/Cataloger( 5092): syncFile:/storage/emulated/0/2016-12-06_01:07:22.553.jpg
