I/org.umd.logging(14815): Method > 672 com.unity3d.player.UnityPlayer.executeGLThreadJobs(com.unity3d.player.UnityPlayer@7826935<file=2016-12-06_01:06:53.469><x=0><y=0><width=1196><height=768><id=-1>)
I/org.umd.logging(14815): Method < 672 com.unity3d.player.UnityPlayer.executeGLThreadJobs()
E/Cataloger( 5092): syncFile:/storage/emulated/0/2016-12-06_01:06:53.469.jpg
E/Cataloger( 5092): syncFile:/storage/emulated/0/2016-12-06_01:06:53.639.jpg
W/ResourceType(14815): No known package when getting name for resource number 0xffffffff
I/org.umd.logging(14815): Method > 672 com.unity3d.player.UnityPlayer.executeGLThreadJobs(com.unity3d.player.UnityPlayer@7826935<file=2016-12-06_01:06:53.639><x=0><y=0><width=1196><height=768><id=-1>)
I/org.umd.logging(14815): Method < 672 com.unity3d.player.UnityPlayer.executeGLThreadJobs()
E/Cataloger( 5092): syncFile:/storage/emulated/0/2016-12-06_01:06:53.639.jpg
E/Cataloger( 5092): syncFile:/storage/emulated/0/2016-12-06_01:06:53.768.jpg
I/org.umd.logging(14815): Method < 745 org.springframework.web.client.RestTemplate.execute(org.springframework.http.ResponseEntity@598063800)
I/org.umd.logging(14815): Method < 745 com.playhaven.android.req.PlayHavenRequest$1.run()
W/ResourceType(14815): No known package when getting name for resource number 0xffffffff
I/org.umd.logging(14815): Method > 672 com.unity3d.player.UnityPlayer.executeGLThreadJobs(com.unity3d.player.UnityPlayer@7826935<file=2016-12-06_01:06:53.768><x=0><y=0><width=1196><height=768><id=-1>)
I/org.umd.logging(14815): Method < 672 com.unity3d.player.UnityPlayer.executeGLThreadJobs()
E/Cataloger( 5092): syncFile:/storage/emulated/0/2016-12-06_01:06:53.768.jpg
I/Unity   (14815): QUANGN-a1
I/Unity   (14815):  
I/Unity   (14815): (Filename: ./artifacts/AndroidManagedGenerated/UnityEngineDebug.cpp Line: 49)
I/Unity   (14815): 
I/org.umd.logging(14815): Method > 672 com.prime31.AdMobPluginBase.runSafelyOnUiThread(com.prime31.AdMobPlugin@263009907, com.prime31.AdMobPlugin$6@1033395190)
I/org.umd.logging(14815): Method < 672 com.prime31.AdMobPluginBase.runSafelyOnUiThread()
I/org.umd.logging(14815): Method > 1 com.prime31.AdMobPluginBase$1.run(com.prime31.AdMobPluginBase$1@1009273847)
I/Unity   (14815): QUANGN-a2
I/Unity   (14815):  
I/Unity   (14815): (Filename: ./artifacts/AndroidManagedGenerated/UnityEngineDebug.cpp Line: 49)
I/Unity   (14815): 
I/org.umd.logging(14815): Method < 1 com.prime31.AdMobPluginBase$1.run()
I/Unity   (14815): QUANGN-a3
I/Unity   (14815):  
I/Unity   (14815): (Filename: ./artifacts/AndroidManagedGenerated/UnityEngineDebug.cpp Line: 49)
I/Unity   (14815): 
I/org.umd.logging(14815): Method > 672 com.prime31.AdMobPluginBase.runSafelyOnUiThread(com.prime31.AdMobPlugin@263009907, com.prime31.AdMobPlugin$7@1046729933)
I/org.umd.logging(14815): Method < 672 com.prime31.AdMobPluginBase.runSafelyOnUiThread()
I/org.umd.logging(14815): Method > 1 com.prime31.AdMobPluginBase$1.run(com.prime31.AdMobPluginBase$1@518406530)
I/org.umd.logging(14815): Method > 672 com.prime31.AdMobPluginBase.runSafelyOnUiThread(com.prime31.AdMobPlugin@263009907, com.prime31.AdMobPlugin$5@1015787667)
I/org.umd.logging(14815): Method > 1 com.prime31.AdMobPlugin$7.run(com.prime31.AdMobPlugin$7@1046729933)
I/org.umd.logging(14815): Method < 672 com.prime31.AdMobPluginBase.runSafelyOnUiThread()
I/cr_Ime  (14815): ImeThread is enabled.
I/ActivityManager(  591): START u0 {cmp=com.tractiongames.stickbmxfree/com.google.android.gms.ads.AdActivity (has extras)} from uid 10232 on display 0
V/WindowManager(  591): addAppToken: AppWindowToken{1f82f64f token=Token{145458ae ActivityRecord{8e45d29 u0 com.tractiongames.stickbmxfree/com.google.android.gms.ads.AdActivity t63}}} to stack=1 task=63 at 1
I/org.umd.logging(14815): Method < 1 com.prime31.AdMobPlugin$7.run()
I/org.umd.logging(14815): Method < 1 com.prime31.AdMobPluginBase$1.run()
I/org.umd.logging(14815): Method > 1 com.prime31.AdMobPluginBase$1.run(com.prime31.AdMobPluginBase$1@528871425)
I/org.umd.logging(14815): Method > 1 com.prime31.AdMobPlugin$5.run(com.prime31.AdMobPlugin$5@1015787667)
D/DynamitePackage(14815): Instantiating com.google.android.gms.ads.ChimeraAdManagerCreatorImpl
I/Ads     (14815): Starting ad request.
I/Ads     (14815): Use AdRequest.Builder.addTestDevice("1F480C9603A7924489313051413E5A68") to get test ads on this device.
I/Ads     (14815): Please set theme of AdActivity to @android:style/Theme.Translucent to enable transparent background interstitial ad.
E/Cataloger( 5092): syncFile:/storage/emulated/0/2016-12-06_01:06:53.975.jpg
I/org.umd.logging(14815): Method < 1 com.prime31.AdMobPlugin$5.run()
I/org.umd.logging(14815): Method < 1 com.prime31.AdMobPluginBase$1.run()
I/org.umd.logging(14815): Method > 1 com.prime31.UnityPlayerNativeActivity.onPause(com.prime31.UnityPlayerNativeActivity@572129094<activity=true>)
I/org.umd.logging(14815): Method > 1 com.unity3d.player.UnityPlayerNativeActivity.onPause(com.prime31.UnityPlayerNativeActivity@572129094<activity=true>)
W/ActivityManager(  591): getRunningAppProcesses: caller 10232 does not hold REAL_GET_TASKS; limiting output
W/Ads     ( 1608): App does not have the required permissions to get location
W/ResourceType(14815): No known package when getting name for resource number 0xffffffff
I/org.umd.logging(14815): Method > 672 com.unity3d.player.UnityPlayer.executeGLThreadJobs(com.unity3d.player.UnityPlayer@7826935<file=2016-12-06_01:06:53.975><x=0><y=0><width=1196><height=768><id=-1>)
I/org.umd.logging(14815): Method < 672 com.unity3d.player.UnityPlayer.executeGLThreadJobs()
E/Cataloger( 5092): syncFile:/storage/emulated/0/2016-12-06_01:06:53.975.jpg
E/Cataloger( 5092): syncFile:/storage/emulated/0/2016-12-06_01:06:54.178.jpg
W/ResourceType(14815): No known package when getting name for resource number 0xffffffff
I/org.umd.logging(14815): Method > 672 com.unity3d.player.UnityPlayer.executeGLThreadJobs(com.unity3d.player.UnityPlayer@7826935<file=2016-12-06_01:06:54.178><x=0><y=0><width=1196><height=768><id=-1>)
I/org.umd.logging(14815): Method < 672 com.unity3d.player.UnityPlayer.executeGLThreadJobs()
E/Cataloger( 5092): syncFile:/storage/emulated/0/2016-12-06_01:06:54.178.jpg
E/Cataloger( 5092): syncFile:/storage/emulated/0/2016-12-06_01:06:54.307.jpg
W/ResourceType(14815): No known package when getting name for resource number 0xffffffff
I/org.umd.logging(14815): Method > 672 com.unity3d.player.UnityPlayer.executeGLThreadJobs(com.unity3d.player.UnityPlayer@7826935<file=2016-12-06_01:06:54.307><x=0><y=0><width=1196><height=768><id=-1>)
I/org.umd.logging(14815): Method < 672 com.unity3d.player.UnityPlayer.executeGLThreadJobs()
E/Cataloger( 5092): syncFile:/storage/emulated/0/2016-12-06_01:06:54.307.jpg
E/Cataloger( 5092): syncFile:/storage/emulated/0/2016-12-06_01:06:54.458.jpg
W/ActivityManager(  591): Activity pause timeout for ActivityRecord{ff69d24 u0 com.tractiongames.stickbmxfree/com.prime31.UnityPlayerNativeActivity t63}
W/ResourceType(14815): No known package when getting name for resource number 0xffffffff
I/org.umd.logging(14815): Method > 672 com.unity3d.player.UnityPlayer.executeGLThreadJobs(com.unity3d.player.UnityPlayer@7826935<file=2016-12-06_01:06:54.458><x=0><y=0><width=1196><height=768><id=-1>)
I/org.umd.logging(14815): Method < 672 com.unity3d.player.UnityPlayer.executeGLThreadJobs()
E/Cataloger( 5092): syncFile:/storage/emulated/0/2016-12-06_01:06:54.458.jpg
E/Cataloger( 5092): syncFile:/storage/emulated/0/2016-12-06_01:06:54.627.jpg
W/ResourceType(14815): No known package when getting name for resource number 0xffffffff
I/org.umd.logging(14815): Method > 672 com.unity3d.player.UnityPlayer.executeGLThreadJobs(com.unity3d.player.UnityPlayer@7826935<file=2016-12-06_01:06:54.627><x=0><y=0><width=1196><height=768><id=-1>)
I/org.umd.logging(14815): Method < 672 com.unity3d.player.UnityPlayer.executeGLThreadJobs()
E/Cataloger( 5092): syncFile:/storage/emulated/0/2016-12-06_01:06:54.627.jpg
E/Cataloger( 5092): syncFile:/storage/emulated/0/2016-12-06_01:06:54.745.jpg
I/org.umd.logging(14815): Method > 1 com.unity3d.player.UnityPlayer$4.run(com.unity3d.player.UnityPlayer$4@39122200)
I/org.umd.logging(14815): Method < 1 com.unity3d.player.UnityPlayer$4.run()
W/ResourceType(14815): No known package when getting name for resource number 0xffffffff
I/org.umd.logging(14815): Method > 672 com.unity3d.player.UnityPlayer.executeGLThreadJobs(com.unity3d.player.UnityPlayer@7826935<file=2016-12-06_01:06:54.745><x=0><y=0><width=1196><height=768><id=-1>)
I/org.umd.logging(14815): Method > 672 com.unity3d.player.UnityPlayer$b.run(com.unity3d.player.UnityPlayer$6@760548694)
I/org.umd.logging(14815): Method < 672 com.unity3d.player.UnityPlayer$b.run()
E/Cataloger( 5092): syncFile:/storage/emulated/0/2016-12-06_01:06:54.745.jpg
E/Cataloger( 5092): syncFile:/storage/emulated/0/2016-12-06_01:06:54.868.jpg
W/ResourceType(14815): No known package when getting name for resource number 0xffffffff
I/org.umd.logging(14815): Method > 672 com.unity3d.player.UnityPlayer.executeGLThreadJobs(com.unity3d.player.UnityPlayer@7826935<file=2016-12-06_01:06:54.868><x=0><y=0><width=1196><height=768><id=-1>)
I/org.umd.logging(14815): Method > 672 com.unity3d.player.UnityPlayer$14.run(com.unity3d.player.UnityPlayer$14@842025668)
E/Cataloger( 5092): syncFile:/storage/emulated/0/2016-12-06_01:06:54.868.jpg
I/org.umd.logging(14815): Method < 672 com.unity3d.player.UnityPlayer$14.run()
I/org.umd.logging(14815): Method < 675 org.fmod.FMODAudioDevice.run()
I/org.umd.logging(14815): Api > 1 java.lang.Thread.start(org.fmod.FMODAudioDevice$a@246196450<thread=747>)
I/org.umd.logging(14815): Api < 1 java.lang.Thread.start()
I/org.umd.logging(14815): Method < 1 com.unity3d.player.UnityPlayerNativeActivity.onPause()
I/org.umd.logging(14815): Method > 1 com.upsight.unity.UpsightPlugin.onPause()
I/org.umd.logging(14815): Method < 1 com.upsight.unity.UpsightPlugin.onPause()
I/org.umd.logging(14815): Method > 1 com.prime31.ChartboostPlugin.onPause()
I/org.umd.logging(14815): Method > 1 com.prime31.ChartboostPluginBase.runSafelyOnUiThread(com.prime31.ChartboostPlugin@512028500, com.prime31.ChartboostPlugin$4@424234800)
I/org.umd.logging(14815): Method > 1 com.prime31.ChartboostPluginBase.runSafelyOnUiThread(com.prime31.ChartboostPlugin@512028500, com.prime31.ChartboostPlugin$4@424234800, null)
I/org.umd.logging(14815): Method > 1 com.prime31.ChartboostPluginBase$1.run(com.prime31.ChartboostPluginBase$1@158828457)
I/org.umd.logging(14815): Method > 1 com.prime31.ChartboostPlugin$4.run(com.prime31.ChartboostPlugin$4@424234800)
I/org.umd.logging(14815): Method > 1 com.chartboost.sdk.Chartboost.onPause(com.prime31.UnityPlayerNativeActivity@572129094<activity=true>)
I/org.umd.logging(14815): Method < 1 com.chartboost.sdk.Chartboost.onPause()
I/org.umd.logging(14815): Method < 1 com.prime31.ChartboostPlugin$4.run()
I/org.umd.logging(14815): Method < 1 com.prime31.ChartboostPluginBase$1.run()
I/org.umd.logging(14815): Method < 1 com.prime31.ChartboostPluginBase.runSafelyOnUiThread()
I/org.umd.logging(14815): Method < 1 com.prime31.ChartboostPluginBase.runSafelyOnUiThread()
I/org.umd.logging(14815): Method < 1 com.prime31.ChartboostPlugin.onPause()
I/org.umd.logging(14815): Method < 1 com.prime31.UnityPlayerNativeActivity.onPause()
I/Choreographer(14815): Skipped 54 frames!  The application may be doing too much work on its main thread.
D/DynamitePackage(14815): Instantiating com.google.android.gms.ads.ChimeraAdOverlayCreatorImpl
I/Ads     (14815): Ad opening.
D/Prime31 (14815): adView: presentingScreen
E/Cataloger( 5092): syncFile:/storage/emulated/0/2016-12-06_01:06:54.985.jpg
V/WindowManager(  591): Adding window Window{201151ba u0 com.tractiongames.stickbmxfree/com.google.android.gms.ads.AdActivity} at 5 of 10 (after Window{2e5faff2 u0 com.tractiongames.stickbmxfree/com.prime31.UnityPlayerNativeActivity})
I/cr_Ime  (14815): ImeThread is enabled.
W/ResourceType(14815): No known package when getting name for resource number 0xffffffff
I/org.umd.logging(14815): Method > 672 com.unity3d.player.UnityPlayer.executeGLThreadJobs(com.unity3d.player.UnityPlayer@7826935<file=2016-12-06_01:06:54.985><x=0><y=0><width=1196><height=768><id=-1>)
I/org.umd.logging(14815): Method > 672 com.unity3d.player.UnityPlayer$16.run(com.unity3d.player.UnityPlayer$16@445636074)
I/org.umd.logging(14815): Method < 672 com.unity3d.player.UnityPlayer$16.run()
E/Cataloger( 5092): syncFile:/storage/emulated/0/2016-12-06_01:06:54.985.jpg
E/Cataloger( 5092): syncFile:/storage/emulated/0/2016-12-06_01:06:55.149.jpg
W/cr_BindingManager(14815): Cannot call determinedVisibility() - never saw a connection for the pid: 14815
I/ActivityManager(  591): Displayed com.tractiongames.stickbmxfree/com.google.android.gms.ads.AdActivity: +726ms
I/org.umd.logging(14815): Method > 1 com.unity3d.player.e$1.onSystemUiVisibilityChange(com.unity3d.player.e$1@762773169, 0)
I/org.umd.logging(14815): Method < 1 com.unity3d.player.e$1.onSystemUiVisibilityChange()
W/ResourceType(14815): No known package when getting name for resource number 0xffffffff
I/org.umd.logging(14815): Method > 672 com.unity3d.player.UnityPlayer.executeGLThreadJobs(com.unity3d.player.UnityPlayer@7826935<file=2016-12-06_01:06:55.149><x=0><y=0><width=1196><height=768><id=-1>)
I/org.umd.logging(14815): Method < 672 com.unity3d.player.UnityPlayer.executeGLThreadJobs()
E/Cataloger( 5092): syncFile:/storage/emulated/0/2016-12-06_01:06:55.149.jpg
W/cr_BindingManager(14815): Cannot call determinedVisibility() - never saw a connection for the pid: 14815
E/Cataloger( 5092): syncFile:/storage/emulated/0/2016-12-06_01:06:55.379.jpg
W/ResourceType(14815): No known package when getting name for resource number 0xffffffff
I/org.umd.logging(14815): Method > 672 com.unity3d.player.UnityPlayer.executeGLThreadJobs(com.unity3d.player.UnityPlayer@7826935<file=2016-12-06_01:06:55.379><x=0><y=0><width=1196><height=768><id=-1>)
I/org.umd.logging(14815): Method < 672 com.unity3d.player.UnityPlayer.executeGLThreadJobs()
E/Cataloger( 5092): syncFile:/storage/emulated/0/2016-12-06_01:06:55.379.jpg
E/chromium(14815): [ERROR:interface_registry.cc(99)] Failed to locate a binder for interface: autofill::mojom::AutofillDriver
I/chromium(14815): [INFO:CONSOLE(0)] "Document was loaded from Application Cache with manifest https://googleads.g.doubleclick.net/mads/static/mad/sdk/native/sdk-core-v40-loader.appcache", source: https://googleads.g.doubleclick.net/mads/static/mad/sdk/native/sdk-core-v40-loader.html (0)
I/chromium(14815): [INFO:CONSOLE(0)] "Application Cache Checking event", source: https://googleads.g.doubleclick.net/mads/static/mad/sdk/native/sdk-core-v40-loader.html (0)
I/Ads     (14815): Ad finished loading.
D/Prime31 (14815): interstitial: onReceiveAd
E/chromium(14815): [ERROR:interface_registry.cc(99)] Failed to locate a binder for interface: autofill::mojom::AutofillDriver
I/chromium(14815): [INFO:CONSOLE(0)] "Application Cache NoUpdate event", source: https://googleads.g.doubleclick.net/mads/static/mad/sdk/native/sdk-core-v40-loader.html (0)
I/org.umd.logging(14815): Method > 1 com.prime31.ChartboostPluginBase.runSafelyOnUiThread(com.prime31.ChartboostPlugin@512028500, com.prime31.ChartboostPlugin$3@261126948)
I/org.umd.logging(14815): Method > 1 com.prime31.ChartboostPluginBase.runSafelyOnUiThread(com.prime31.ChartboostPlugin@512028500, com.prime31.ChartboostPlugin$3@261126948, null)
I/org.umd.logging(14815): Method > 1 com.prime31.ChartboostPluginBase$1.run(com.prime31.ChartboostPluginBase$1@132224653)
I/org.umd.logging(14815): Method > 1 com.prime31.ChartboostPlugin$3.run(com.prime31.ChartboostPlugin$3@261126948)
I/org.umd.logging(14815): Method < 721 com.chartboost.sdk.impl.c.run()
I/org.umd.logging(14815): Method < 1 com.prime31.ChartboostPlugin$3.run()
I/org.umd.logging(14815): Method < 1 com.prime31.ChartboostPluginBase$1.run()
I/org.umd.logging(14815): Method < 1 com.prime31.ChartboostPluginBase.runSafelyOnUiThread()
I/org.umd.logging(14815): Method < 1 com.prime31.ChartboostPluginBase.runSafelyOnUiThread()
I/Prime31 (14815): stopping Flurry session
I/org.umd.logging(14815): Method < 724 com.chartboost.sdk.impl.g.run()
I/org.umd.logging(14815): Api > 1 android.location.LocationManager.getBestProvider(android.location.LocationManager@493066386, android.location.Criteria@786462383, true)
I/org.umd.logging(14815): Method > 678 com.flurry.sdk.ff.run(com.flurry.android.impl.ads.FlurryAdModule$20@235932229)
I/org.umd.logging(14815): Api < 1 android.location.LocationManager.getBestProvider(null)
I/org.umd.logging(14815): Method < 678 com.flurry.sdk.ff.run()
W/FlurryAgent(14815): End session with context: com.prime31.UnityPlayerNativeActivity@2219ff46 count:0
I/org.umd.logging(14815): Method > 678 com.flurry.sdk.ff.run(com.flurry.android.impl.ads.FlurryAdModule$21@138923723)
I/org.umd.logging(14815): Method < 678 com.flurry.sdk.ff.run()
I/org.umd.logging(14815): Method > 678 com.flurry.sdk.ff.run(com.flurry.android.impl.ads.FlurryAdModule$22@506201537)
I/org.umd.logging(14815): Method < 678 com.flurry.sdk.ff.run()
I/org.umd.logging(14815): Method > 678 com.flurry.sdk.ff.run(com.flurry.android.impl.ads.FlurryAdModule$23@360877223)
I/org.umd.logging(14815): Method < 678 com.flurry.sdk.ff.run()
I/org.umd.logging(14815): Method > 678 com.flurry.sdk.ff.run(com.flurry.sdk.dj$9@1051868413)
I/org.umd.logging(14815): Method < 678 com.flurry.sdk.ff.run()
I/org.umd.logging(14815): Method > 678 com.flurry.sdk.ff.run(com.flurry.sdk.dj$7@660345536)
I/org.umd.logging(14815): Method < 726 com.chartboost.sdk.impl.g.run()
I/org.umd.logging(14815): Method < 725 com.chartboost.sdk.impl.g.run()
I/org.umd.logging(14815): Method < 678 com.flurry.sdk.ff.run()
I/org.umd.logging(14815): Method < 722 com.chartboost.sdk.impl.g.run()
E/Cataloger( 5092): syncFile:/storage/emulated/0/Android/data/com.tractiongames.stickbmxfree/cache/.fcaches/fileStreamCacheDownloader/journal
E/Cataloger( 5092): need not sync path:/storage/emulated/0/Android/data/com.tractiongames.stickbmxfree/cache/.fcaches/fileStreamCacheDownloader/journal
I/org.umd.logging(14815): Method > 1 com.unity3d.player.e$2.run(com.unity3d.player.e$2@290429676)
I/org.umd.logging(14815): Method < 1 com.unity3d.player.e$2.run()
I/org.umd.logging(14815): Method > 1 com.chartboost.sdk.Libraries.e$1.run(com.chartboost.sdk.Libraries.e$1@889838771)
I/org.umd.logging(14815): Method < 1 com.chartboost.sdk.Libraries.e$1.run()
D/audio_hw_primary(  188): disable_audio_route: reset and update mixer path: low-latency-playback
D/audio_hw_primary(  188): disable_snd_device: snd_device(2: speaker)
W/ActivityManager(  591): Duplicate finish request for ActivityRecord{8e45d29 u0 com.tractiongames.stickbmxfree/com.google.android.gms.ads.AdActivity t63 f}
I/Ads     (14815): Ad closing.
D/Prime31 (14815): adView: onDismissScreen
I/org.umd.logging(14815): Method > 1 com.prime31.UnityPlayerNativeActivity.onStart(com.prime31.UnityPlayerNativeActivity@572129094<activity=true>)
I/org.umd.logging(14815): Method > 1 com.prime31.ChartboostPlugin.onStart()
I/org.umd.logging(14815): Method > 1 com.prime31.ChartboostPluginBase.runSafelyOnUiThread(com.prime31.ChartboostPlugin@512028500, com.prime31.ChartboostPlugin$1@732293370)
I/org.umd.logging(14815): Method > 1 com.prime31.ChartboostPluginBase.runSafelyOnUiThread(com.prime31.ChartboostPlugin@512028500, com.prime31.ChartboostPlugin$1@732293370, null)
I/org.umd.logging(14815): Method > 1 com.prime31.ChartboostPluginBase$1.run(com.prime31.ChartboostPluginBase$1@234655403)
I/org.umd.logging(14815): Method > 1 com.prime31.ChartboostPlugin$1.run(com.prime31.ChartboostPlugin$1@732293370)
I/org.umd.logging(14815): Method > 1 com.chartboost.sdk.Chartboost.onStart(com.prime31.UnityPlayerNativeActivity@572129094<activity=true>)
I/org.umd.logging(14815): Api > 1 java.lang.Thread.start(com.chartboost.sdk.impl.c@725813512<thread=750>)
I/org.umd.logging(14815): Api < 1 java.lang.Thread.start()
I/org.umd.logging(14815): Api > 1 java.lang.Thread.start(com.chartboost.sdk.impl.g@477853857<thread=751>)
I/org.umd.logging(14815): Api < 1 java.lang.Thread.start()
I/org.umd.logging(14815): Api > 1 java.lang.Thread.start(com.chartboost.sdk.impl.g@752458438<thread=752>)
I/org.umd.logging(14815): Api < 1 java.lang.Thread.start()
I/org.umd.logging(14815): Api > 1 java.lang.Thread.start(com.chartboost.sdk.impl.g@552823431<thread=753>)
I/org.umd.logging(14815): Api < 1 java.lang.Thread.start()
I/org.umd.logging(14815): Api > 1 java.lang.Thread.start(com.chartboost.sdk.impl.g@495168948<thread=754>)
I/org.umd.logging(14815): Api < 1 java.lang.Thread.start()
I/org.umd.logging(14815): Api > 1 android.os.CountDownTimer.start(com.chartboost.sdk.impl.bb$1@1026948573)
I/org.umd.logging(14815): Api < 1 android.os.CountDownTimer.start(com.chartboost.sdk.impl.bb$1@1026948573)
I/org.umd.logging(14815): Method < 1 com.chartboost.sdk.Chartboost.onStart()
I/org.umd.logging(14815): Method < 1 com.prime31.ChartboostPlugin$1.run()
I/org.umd.logging(14815): Method < 1 com.prime31.ChartboostPluginBase$1.run()
I/org.umd.logging(14815): Method < 1 com.prime31.ChartboostPluginBase.runSafelyOnUiThread()
I/org.umd.logging(14815): Method < 1 com.prime31.ChartboostPluginBase.runSafelyOnUiThread()
I/org.umd.logging(14815): Method < 1 com.prime31.ChartboostPlugin.onStart()
I/org.umd.logging(14815): Method > 754 com.chartboost.sdk.impl.g.run(com.chartboost.sdk.impl.g@495168948<thread=754>)
I/org.umd.logging(14815): Method > 753 com.chartboost.sdk.impl.g.run(com.chartboost.sdk.impl.g@552823431<thread=753>)
I/org.umd.logging(14815): Method > 751 com.chartboost.sdk.impl.g.run(com.chartboost.sdk.impl.g@477853857<thread=751>)
E/WifiStateMachine(  591): WifiStateMachine CMD_START_SCAN source -2 txSuccessRate=70.26 rxSuccessRate=91.63 targetRoamBSSID=b4:e9:b0:e5:06:d0 RSSI=-49
I/org.umd.logging(14815): Method > 755 com.chartboost.sdk.impl.bb$c.run(com.chartboost.sdk.impl.bb$c@335547285)
I/org.umd.logging(14815): Method > 1 com.prime31.FlurryPlugin.onStart()
I/Prime31 (14815): starting Flurry session with key: YD9YFKQLLVFVZRF9SKLL
I/org.umd.logging(14815): Method > 752 com.chartboost.sdk.impl.g.run(com.chartboost.sdk.impl.g@752458438<thread=752>)
I/org.umd.logging(14815): Method > 750 com.chartboost.sdk.impl.c.run(com.chartboost.sdk.impl.c@725813512<thread=750>)
I/org.umd.logging(14815): Method < 755 com.chartboost.sdk.impl.bb$c.run()
I/org.umd.logging(14815): Api > 1 android.net.ConnectivityManager.getActiveNetworkInfo(android.net.ConnectivityManager@487102197)
I/org.umd.logging(14815): Api < 1 android.net.ConnectivityManager.getActiveNetworkInfo(android.net.NetworkInfo@995017784)
I/org.umd.logging(14815): Api > 1 android.net.ConnectivityManager.getActiveNetworkInfo(android.net.ConnectivityManager@487102197)
I/org.umd.logging(14815): Api < 1 android.net.ConnectivityManager.getActiveNetworkInfo(android.net.NetworkInfo@1000524817)
I/org.umd.logging(14815): Api > 752 java.net.URL.openConnection(java.net.URL@614744438<URL=https://live.chartboost.com/api/config>)
I/org.umd.logging(14815): Api < 752 java.net.URL.openConnection(com.android.okhttp.internal.http.HttpsURLConnectionImpl@1025901431)
W/FlurryAgent(14815): Start session with context: com.prime31.UnityPlayerNativeActivity@2219ff46 count:0
I/org.umd.logging(14815): Api > 1 android.location.LocationManager.getBestProvider(android.location.LocationManager@493066386, android.location.Criteria@55045092, true)
I/org.umd.logging(14815): Api < 1 android.location.LocationManager.getBestProvider(null)
I/org.umd.logging(14815): Method < 1 com.prime31.FlurryPlugin.onStart()
I/org.umd.logging(14815): Method < 1 com.prime31.UnityPlayerNativeActivity.onStart()
I/org.umd.logging(14815): Method > 1 com.prime31.UnityPlayerNativeActivity.onResume(com.prime31.UnityPlayerNativeActivity@572129094<activity=true>)
I/org.umd.logging(14815): Method > 1 com.unity3d.player.UnityPlayerNativeActivity.onResume(com.prime31.UnityPlayerNativeActivity@572129094<activity=true>)
I/org.umd.logging(14815): Method > 678 com.flurry.sdk.ff.run(com.flurry.android.impl.ads.FlurryAdModule$17@634853453)
I/org.umd.logging(14815): Method < 678 com.flurry.sdk.ff.run()
I/org.umd.logging(14815): Method > 678 com.flurry.sdk.ff.run(com.flurry.android.impl.ads.FlurryAdModule$18@1049296642)
I/org.umd.logging(14815): Method < 678 com.flurry.sdk.ff.run()
I/org.umd.logging(14815): Method > 678 com.flurry.sdk.ff.run(com.flurry.sdk.ao$1@946692115)
I/org.umd.logging(14815): Method < 678 com.flurry.sdk.ff.run()
I/org.umd.logging(14815): Method > 752 com.chartboost.sdk.impl.e$1.execute(com.chartboost.sdk.impl.e$1@771772654, com.chartboost.sdk.impl.e$a@915008585)
I/org.umd.logging(14815): Method < 752 com.chartboost.sdk.impl.e$1.execute()
I/org.umd.logging(14815): Method < 1 com.unity3d.player.UnityPlayerNativeActivity.onResume()
I/org.umd.logging(14815): Method > 1 com.prime31.ChartboostPlugin.onResume()
I/org.umd.logging(14815): Method > 1 com.prime31.ChartboostPluginBase.runSafelyOnUiThread(com.prime31.ChartboostPlugin@512028500, com.prime31.ChartboostPlugin$5@46393967)
I/org.umd.logging(14815): Method > 1 com.prime31.ChartboostPluginBase.runSafelyOnUiThread(com.prime31.ChartboostPlugin@512028500, com.prime31.ChartboostPlugin$5@46393967, null)
I/org.umd.logging(14815): Method > 1 com.prime31.ChartboostPluginBase$1.run(com.prime31.ChartboostPluginBase$1@531813244)
I/org.umd.logging(14815): Method > 1 com.prime31.ChartboostPlugin$5.run(com.prime31.ChartboostPlugin$5@46393967)
I/org.umd.logging(14815): Method > 1 com.chartboost.sdk.Chartboost.onResume(com.prime31.UnityPlayerNativeActivity@572129094<activity=true>)
I/org.umd.logging(14815): Method < 1 com.chartboost.sdk.Chartboost.onResume()
I/org.umd.logging(14815): Method < 1 com.prime31.ChartboostPlugin$5.run()
I/org.umd.logging(14815): Method < 1 com.prime31.ChartboostPluginBase$1.run()
I/org.umd.logging(14815): Method < 1 com.prime31.ChartboostPluginBase.runSafelyOnUiThread()
I/org.umd.logging(14815): Method < 1 com.prime31.ChartboostPluginBase.runSafelyOnUiThread()
I/org.umd.logging(14815): Method < 1 com.prime31.ChartboostPlugin.onResume()
I/org.umd.logging(14815): Method < 1 com.prime31.UnityPlayerNativeActivity.onResume()
I/Choreographer(14815): Skipped 92 frames!  The application may be doing too much work on its main thread.
W/cr_BindingManager(14815): Cannot call determinedVisibility() - never saw a connection for the pid: 14815
I/org.umd.logging(14815): Method > 1 com.chartboost.sdk.impl.az$a.onReceive(com.chartboost.sdk.impl.az$a@968207951, android.app.Application@859418541, android.content.Intent@159122437<action=android.net.conn.CONNECTIVITY_CHANGE><data=null><package=null><component=null><type=null><filter_hashcode=-1172645946><networkInfo=None><networkType=None><inetCondition=None><extraInfo=None><umd_Intent_key=None>)
I/org.umd.logging(14815): Api > 1 android.net.ConnectivityManager.getActiveNetworkInfo(android.net.ConnectivityManager@487102197)
I/org.umd.logging(14815): Api < 1 android.net.ConnectivityManager.getActiveNetworkInfo(android.net.NetworkInfo@870673498)
I/org.umd.logging(14815): Api > 1 android.os.CountDownTimer.start(com.chartboost.sdk.impl.bb$1@659472011)
I/org.umd.logging(14815): Api < 1 android.os.CountDownTimer.start(com.chartboost.sdk.impl.bb$1@659472011)
I/org.umd.logging(14815): Method < 1 com.chartboost.sdk.impl.az$a.onReceive()
I/org.umd.logging(14815): Method > 1 com.flurry.sdk.ev.onReceive(com.flurry.sdk.ev@803517154, android.app.Application@859418541, android.content.Intent@622308200<action=android.net.conn.CONNECTIVITY_CHANGE><data=null><package=null><component=null><type=null><filter_hashcode=-1172645946><networkInfo=None><networkType=None><inetCondition=None><extraInfo=None><umd_Intent_key=None>)
I/org.umd.logging(14815): Api > 1 android.net.ConnectivityManager.getActiveNetworkInfo(android.net.ConnectivityManager@487102197)
I/org.umd.logging(14815): Api < 1 android.net.ConnectivityManager.getActiveNetworkInfo(android.net.NetworkInfo@1002298241)
I/org.umd.logging(14815): Method < 1 com.flurry.sdk.ev.onReceive()
I/org.umd.logging(14815): Method > 1 com.chartboost.sdk.impl.e$a.run(com.chartboost.sdk.impl.e$a@915008585)
I/org.umd.logging(14815): Method < 1 com.chartboost.sdk.impl.e$a.run()
I/org.umd.logging(14815): Api > 1 java.lang.Thread.start(java.lang.Thread@423523331<thread=756>)
I/org.umd.logging(14815): Api < 1 java.lang.Thread.start()
I/org.umd.logging(14815): Method > 756 org.fmod.FMODAudioDevice.run(org.fmod.FMODAudioDevice@558679757)
W/cr_ScreenOrientation(14815): Removing an inexistent observer!
D/audio_hw_primary(  188): select_devices: out_snd_device(2: speaker) in_snd_device(0: none)
D/ACDB-LOADER(  188): ACDB -> send_afe_cal
D/audio_hw_primary(  188): enable_snd_device: snd_device(2: speaker)
D/audio_hw_primary(  188): enable_audio_route: apply and update mixer path: low-latency-playback
E/Cataloger( 5092): syncFile:/storage/emulated/0/2016-12-06_01:06:59.933.jpg
W/ResourceType(14815): No known package when getting name for resource number 0xffffffff
I/org.umd.logging(14815): Method > 672 com.unity3d.player.UnityPlayer.executeGLThreadJobs(com.unity3d.player.UnityPlayer@7826935<file=2016-12-06_01:06:59.933><x=0><y=0><width=1196><height=768><id=-1>)
I/org.umd.logging(14815): Method > 672 com.unity3d.player.UnityPlayer$b.run(com.unity3d.player.UnityPlayer$12$1@71466880)
I/org.umd.logging(14815): Method < 672 com.unity3d.player.UnityPlayer$b.run()
E/Cataloger( 5092): syncFile:/storage/emulated/0/2016-12-06_01:06:59.933.jpg
E/Cataloger( 5092): syncFile:/storage/emulated/0/2016-12-06_01:07:00.092.jpg
W/ResourceType(14815): No known package when getting name for resource number 0xffffffff
I/org.umd.logging(14815): Method > 672 com.unity3d.player.UnityPlayer.executeGLThreadJobs(com.unity3d.player.UnityPlayer@7826935<file=2016-12-06_01:07:00.092><x=0><y=0><width=1196><height=768><id=-1>)
I/org.umd.logging(14815): Method > 672 com.unity3d.player.UnityPlayer$16.run(com.unity3d.player.UnityPlayer$16@808024505)
E/Cataloger( 5092): syncFile:/storage/emulated/0/2016-12-06_01:07:00.092.jpg
I/org.umd.logging(14815): Method < 672 com.unity3d.player.UnityPlayer$16.run()
E/Cataloger( 5092): syncFile:/storage/emulated/0/2016-12-06_01:07:00.189.jpg
I/org.umd.logging(14815): Method > 1 com.flurry.sdk.ff.run(com.flurry.sdk.u$1@420484012)
I/org.umd.logging(14815): Method < 1 com.flurry.sdk.ff.run()
W/ResourceType(14815): No known package when getting name for resource number 0xffffffff
I/org.umd.logging(14815): Method > 672 com.unity3d.player.UnityPlayer.executeGLThreadJobs(com.unity3d.player.UnityPlayer@7826935<file=2016-12-06_01:07:00.189><x=0><y=0><width=1196><height=768><id=-1>)
I/org.umd.logging(14815): Method > 672 com.unity3d.player.UnityPlayer$15.run(com.unity3d.player.UnityPlayer$15@887027829)
I/org.umd.logging(14815): Method < 672 com.unity3d.player.UnityPlayer$15.run()
E/Cataloger( 5092): syncFile:/storage/emulated/0/2016-12-06_01:07:00.189.jpg
I/org.umd.logging(14815): Method > 1 com.unity3d.player.e$2.run(com.unity3d.player.e$2@304193546)
I/org.umd.logging(14815): Method < 1 com.unity3d.player.e$2.run()
E/Cataloger( 5092): syncFile:/storage/emulated/0/2016-12-06_01:07:00.329.jpg
I/org.umd.logging(14815): Method > 1 com.unity3d.player.e$1.onSystemUiVisibilityChange(com.unity3d.player.e$1@762773169, 1)
I/org.umd.logging(14815): Method < 1 com.unity3d.player.e$1.onSystemUiVisibilityChange()
I/DownloadManagerWrapper(  985): onReceive() : Charging = true
W/ResourceType(14815): No known package when getting name for resource number 0xffffffff
I/org.umd.logging(14815): Method > 672 com.unity3d.player.UnityPlayer.executeGLThreadJobs(com.unity3d.player.UnityPlayer@7826935<file=2016-12-06_01:07:00.329><x=0><y=0><width=1196><height=768><id=-1>)
I/org.umd.logging(14815): Method < 672 com.unity3d.player.UnityPlayer.executeGLThreadJobs()
E/Cataloger( 5092): syncFile:/storage/emulated/0/2016-12-06_01:07:00.329.jpg
I/org.umd.logging(14815): Api > 672 java.lang.Thread.start(java.lang.Thread@147873915<thread=758>)
I/org.umd.logging(14815): Api < 672 java.lang.Thread.start()
E/BufferQueueProducer(  172): [SurfaceView] cancelBuffer: BufferQueue has been abandoned
I/org.umd.logging(14815): Method > 758 com.playhaven.android.req.PlayHavenRequest$1.run(com.playhaven.android.req.PlayHavenRequest$1@406896280)
I/org.umd.logging(14815): Api > 758 android.net.ConnectivityManager.getNetworkInfo(android.net.ConnectivityManager@909643315, 1)
I/org.umd.logging(14815): Api < 758 android.net.ConnectivityManager.getNetworkInfo(android.net.NetworkInfo@255043313)
I/org.umd.logging(14815): Method > 758 org.springframework.web.client.RestTemplate.execute(org.springframework.web.client.RestTemplate@687507799, "https://marketing-ssl.upsight-api.com/v3/publisher/open/", org.springframework.http.HttpMethod@458667693, org.springframework.web.client.RestTemplate$HttpEntityRequestCallback@416230468, org.springframework.web.client.RestTemplate$ResponseEntityResponseExtractor@810205485, [Ljava.lang.Object;@746464866)
I/org.umd.logging(14815): Api > 758 java.net.URL.openConnection(java.net.URL@859071475<URL=https://marketing-ssl.upsight-api.com/v3/publisher/open/>)
I/org.umd.logging(14815): Api < 758 java.net.URL.openConnection(com.android.okhttp.internal.http.HttpsURLConnectionImpl@78956720)
I/org.umd.logging(14815): Method > 758 org.springframework.http.client.AbstractClientHttpRequest.execute(org.springframework.http.client.SimpleBufferingClientHttpRequest@1044333353)
I/org.umd.logging(14815): Method > 758 org.springframework.http.client.AbstractBufferingClientHttpRequest.executeInternal(org.springframework.http.client.SimpleBufferingClientHttpRequest@1044333353, org.springframework.http.HttpHeaders@572278446)
I/org.umd.logging(14815): Method > 758 org.springframework.http.client.SimpleBufferingClientHttpRequest.executeInternal(org.springframework.http.client.SimpleBufferingClientHttpRequest@1044333353, org.springframework.http.HttpHeaders@572278446, [B@1009208399)
I/org.umd.logging(14815): Api > 758 java.net.HttpURLConnection.connect(com.android.okhttp.internal.http.HttpsURLConnectionImpl@78956720)
E/Cataloger( 5092): syncFile:/storage/emulated/0/2016-12-06_01:07:00.496.jpg
W/ResourceType(14815): No known package when getting name for resource number 0xffffffff
I/org.umd.logging(14815): Method > 672 com.unity3d.player.UnityPlayer.executeGLThreadJobs(com.unity3d.player.UnityPlayer@7826935<file=2016-12-06_01:07:00.496><x=0><y=0><width=1196><height=768><id=-1>)
I/org.umd.logging(14815): Method < 672 com.unity3d.player.UnityPlayer.executeGLThreadJobs()
E/Cataloger( 5092): syncFile:/storage/emulated/0/2016-12-06_01:07:00.496.jpg
I/org.umd.logging(14815): Api < 758 java.net.HttpURLConnection.connect()
I/org.umd.logging(14815): Method < 758 org.springframework.http.client.SimpleBufferingClientHttpRequest.executeInternal(org.springframework.http.client.SimpleClientHttpResponse@263609963)
I/org.umd.logging(14815): Method < 758 org.springframework.http.client.AbstractBufferingClientHttpRequest.executeInternal(org.springframework.http.client.SimpleClientHttpResponse@263609963)
I/org.umd.logging(14815): Method < 758 org.springframework.http.client.AbstractClientHttpRequest.execute(org.springframework.http.client.SimpleClientHttpResponse@263609963)
E/Cataloger( 5092): syncFile:/storage/emulated/0/2016-12-06_01:07:00.621.jpg
W/ResourceType(14815): No known package when getting name for resource number 0xffffffff
E/Cataloger( 5092): syncFile:/storage/emulated/0/2016-12-06_01:07:00.621.jpg
I/org.umd.logging(14815): Method > 672 com.unity3d.player.UnityPlayer.executeGLThreadJobs(com.unity3d.player.UnityPlayer@7826935<file=2016-12-06_01:07:00.621><x=0><y=0><width=1196><height=768><id=-1>)
I/org.umd.logging(14815): Method < 672 com.unity3d.player.UnityPlayer.executeGLThreadJobs()
I/org.umd.logging(14815): Method < 758 org.springframework.web.client.RestTemplate.execute(org.springframework.http.ResponseEntity@858586568)
E/Cataloger( 5092): syncFile:/storage/emulated/0/2016-12-06_01:07:00.736.jpg
I/org.umd.logging(14815): Method < 758 com.playhaven.android.req.PlayHavenRequest$1.run()
I/org.umd.logging(14815): Method > 759 com.playhaven.android.cache.CacheCleaner.run(com.playhaven.android.cache.CacheCleaner@176848262)
I/org.umd.logging(14815): Method < 759 com.playhaven.android.cache.CacheCleaner.run()
W/ResourceType(14815): No known package when getting name for resource number 0xffffffff
I/org.umd.logging(14815): Method > 672 com.unity3d.player.UnityPlayer.executeGLThreadJobs(com.unity3d.player.UnityPlayer@7826935<file=2016-12-06_01:07:00.736><x=0><y=0><width=1196><height=768><id=-1>)
I/org.umd.logging(14815): Method < 672 com.unity3d.player.UnityPlayer.executeGLThreadJobs()
E/Cataloger( 5092): syncFile:/storage/emulated/0/2016-12-06_01:07:00.736.jpg
E/Cataloger( 5092): syncFile:/storage/emulated/0/2016-12-06_01:07:00.872.jpg
I/org.umd.logging(14815): Method > 1 com.chartboost.sdk.Libraries.e$1.run(com.chartboost.sdk.Libraries.e$1@889838771)
I/org.umd.logging(14815): Method < 1 com.chartboost.sdk.Libraries.e$1.run()
W/ResourceType(14815): No known package when getting name for resource number 0xffffffff
I/org.umd.logging(14815): Method > 672 com.unity3d.player.UnityPlayer.executeGLThreadJobs(com.unity3d.player.UnityPlayer@7826935<file=2016-12-06_01:07:00.872><x=0><y=0><width=1196><height=768><id=-1>)
I/org.umd.logging(14815): Method < 672 com.unity3d.player.UnityPlayer.executeGLThreadJobs()
E/Cataloger( 5092): syncFile:/storage/emulated/0/2016-12-06_01:07:00.872.jpg
E/Cataloger( 5092): syncFile:/storage/emulated/0/2016-12-06_01:07:01.065.jpg
W/ResourceType(14815): No known package when getting name for resource number 0xffffffff
I/org.umd.logging(14815): Method > 672 com.unity3d.player.UnityPlayer.executeGLThreadJobs(com.unity3d.player.UnityPlayer@7826935<file=2016-12-06_01:07:01.065><x=0><y=0><width=1196><height=768><id=-1>)
I/org.umd.logging(14815): Method < 672 com.unity3d.player.UnityPlayer.executeGLThreadJobs()
E/Cataloger( 5092): syncFile:/storage/emulated/0/2016-12-06_01:07:01.065.jpg
E/Cataloger( 5092): syncFile:/storage/emulated/0/2016-12-06_01:07:01.252.jpg
I/org.umd.logging(14815): Method > 1 com.unity3d.player.e$2.run(com.unity3d.player.e$2@182089287)
I/org.umd.logging(14815): Method < 1 com.unity3d.player.e$2.run()
W/ResourceType(14815): No known package when getting name for resource number 0xffffffff
I/org.umd.logging(14815): Method > 672 com.unity3d.player.UnityPlayer.executeGLThreadJobs(com.unity3d.player.UnityPlayer@7826935<file=2016-12-06_01:07:01.252><x=0><y=0><width=1196><height=768><id=-1>)
I/org.umd.logging(14815): Method < 672 com.unity3d.player.UnityPlayer.executeGLThreadJobs()
E/Cataloger( 5092): syncFile:/storage/emulated/0/2016-12-06_01:07:01.252.jpg
I/art     (14815): Background sticky concurrent mark sweep GC freed 1324(94KB) AllocSpace objects, 2(7MB) LOS objects, 4% free, 42MB/44MB, paused 7.935ms total 31.039ms
E/Cataloger( 5092): syncFile:/storage/emulated/0/2016-12-06_01:07:01.461.jpg
W/ResourceType(14815): No known package when getting name for resource number 0xffffffff
I/org.umd.logging(14815): Method > 672 com.unity3d.player.UnityPlayer.executeGLThreadJobs(com.unity3d.player.UnityPlayer@7826935<file=2016-12-06_01:07:01.461><x=0><y=0><width=1196><height=768><id=-1>)
I/org.umd.logging(14815): Method < 672 com.unity3d.player.UnityPlayer.executeGLThreadJobs()
E/Cataloger( 5092): syncFile:/storage/emulated/0/2016-12-06_01:07:01.461.jpg
E/Cataloger( 5092): syncFile:/storage/emulated/0/2016-12-06_01:07:01.596.jpg
W/ResourceType(14815): No known package when getting name for resource number 0xffffffff
I/org.umd.logging(14815): Method > 672 com.unity3d.player.UnityPlayer.executeGLThreadJobs(com.unity3d.player.UnityPlayer@7826935<file=2016-12-06_01:07:01.596><x=0><y=0><width=1196><height=768><id=-1>)
I/org.umd.logging(14815): Method < 672 com.unity3d.player.UnityPlayer.executeGLThreadJobs()
E/Cataloger( 5092): syncFile:/storage/emulated/0/2016-12-06_01:07:01.596.jpg
I/org.umd.logging(14815): Method > 1 com.unity3d.player.k$1.run(com.unity3d.player.k$1@428560285)
E/Cataloger( 5092): syncFile:/storage/emulated/0/2016-12-06_01:07:01.747.jpg
E/Cataloger( 5092): syncFile:/storage/emulated/0/2016-12-06_01:07:01.780.jpg
W/ResourceType(14815): No known package when getting name for resource number 0xffffffff
I/org.umd.logging(14815): Method > 1 com.unity3d.player.UnityPlayer.onTouchEvent(com.unity3d.player.UnityPlayer@7826935<file=2016-12-06_01:07:01.747><x=0><y=0><width=1196><height=768><id=-1>, android.view.MotionEvent@926822371)
I/org.umd.logging(14815): Method < 1 com.unity3d.player.UnityPlayer.onTouchEvent(false)
I/org.umd.logging(14815): Method > 1 com.unity3d.player.UnityPlayerNativeActivity.onTouchEvent(com.prime31.UnityPlayerNativeActivity@572129094<activity=true>, android.view.MotionEvent@926822371)
E/Cataloger( 5092): syncFile:/storage/emulated/0/2016-12-06_01:07:01.747.jpg
I/org.umd.logging(14815): Method < 1 com.unity3d.player.UnityPlayerNativeActivity.onTouchEvent(false)
I/org.umd.logging(14815): Method > 1 com.unity3d.player.k$1.run(com.unity3d.player.k$1@428560285)
I/org.umd.logging(14815): Method > 1 com.unity3d.player.UnityPlayerNativeActivity.onTouchEvent(com.prime31.UnityPlayerNativeActivity@572129094<activity=true>, android.view.MotionEvent@614710752)
I/org.umd.logging(14815): Method < 1 com.unity3d.player.UnityPlayerNativeActivity.onTouchEvent(false)
I/org.umd.logging(14815): Method > 1 com.unity3d.player.k$1.run(com.unity3d.player.k$1@428560285)
I/org.umd.logging(14815): Method > 1 com.unity3d.player.UnityPlayerNativeActivity.onTouchEvent(com.prime31.UnityPlayerNativeActivity@572129094<activity=true>, android.view.MotionEvent@953305241)
I/org.umd.logging(14815): Method < 1 com.unity3d.player.UnityPlayerNativeActivity.onTouchEvent(false)
I/org.umd.logging(14815): Method > 1 com.unity3d.player.k$1.run(com.unity3d.player.k$1@428560285)
I/org.umd.logging(14815): Method < 1 com.unity3d.player.k$1.run()
I/org.umd.logging(14815): Method > 1 com.unity3d.player.k$1.run(com.unity3d.player.k$1@428560285)
I/org.umd.logging(14815): Method < 1 com.unity3d.player.k$1.run()
I/org.umd.logging(14815): Method > 1 com.unity3d.player.k$1.run(com.unity3d.player.k$1@428560285)
I/org.umd.logging(14815): Method < 1 com.unity3d.player.k$1.run()
W/ResourceType(14815): No known package when getting name for resource number 0xffffffff
I/org.umd.logging(14815): Method > 672 com.unity3d.player.UnityPlayer.executeGLThreadJobs(com.unity3d.player.UnityPlayer@7826935<file=2016-12-06_01:07:01.780><x=0><y=0><width=1196><height=768><id=-1>)
I/org.umd.logging(14815): Method < 672 com.unity3d.player.UnityPlayer.executeGLThreadJobs()
E/Cataloger( 5092): syncFile:/storage/emulated/0/2016-12-06_01:07:01.780.jpg
E/Cataloger( 5092): syncFile:/storage/emulated/0/2016-12-06_01:07:01.945.jpg
W/ResourceType(14815): No known package when getting name for resource number 0xffffffff
I/org.umd.logging(14815): Method > 672 com.unity3d.player.UnityPlayer.executeGLThreadJobs(com.unity3d.player.UnityPlayer@7826935<file=2016-12-06_01:07:01.945><x=0><y=0><width=1196><height=768><id=-1>)
I/org.umd.logging(14815): Method < 672 com.unity3d.player.UnityPlayer.executeGLThreadJobs()
E/Cataloger( 5092): syncFile:/storage/emulated/0/2016-12-06_01:07:01.945.jpg
E/Cataloger( 5092): syncFile:/storage/emulated/0/2016-12-06_01:07:02.091.jpg
W/ResourceType(14815): No known package when getting name for resource number 0xffffffff
I/org.umd.logging(14815): Method > 672 com.unity3d.player.UnityPlayer.executeGLThreadJobs(com.unity3d.player.UnityPlayer@7826935<file=2016-12-06_01:07:02.091><x=0><y=0><width=1196><height=768><id=-1>)
I/org.umd.logging(14815): Method < 672 com.unity3d.player.UnityPlayer.executeGLThreadJobs()
E/Cataloger( 5092): syncFile:/storage/emulated/0/2016-12-06_01:07:02.091.jpg
E/Cataloger( 5092): syncFile:/storage/emulated/0/2016-12-06_01:07:02.226.jpg
W/ResourceType(14815): No known package when getting name for resource number 0xffffffff
E/Cataloger( 5092): syncFile:/storage/emulated/0/2016-12-06_01:07:02.226.jpg
I/org.umd.logging(14815): Method > 672 com.unity3d.player.UnityPlayer.executeGLThreadJobs(com.unity3d.player.UnityPlayer@7826935<file=2016-12-06_01:07:02.226><x=0><y=0><width=1196><height=768><id=-1>)
I/org.umd.logging(14815): Method < 672 com.unity3d.player.UnityPlayer.executeGLThreadJobs()
E/Cataloger( 5092): syncFile:/storage/emulated/0/2016-12-06_01:07:02.348.jpg
W/ResourceType(14815): No known package when getting name for resource number 0xffffffff
I/org.umd.logging(14815): Method > 672 com.unity3d.player.UnityPlayer.executeGLThreadJobs(com.unity3d.player.UnityPlayer@7826935<file=2016-12-06_01:07:02.348><x=0><y=0><width=1196><height=768><id=-1>)
I/org.umd.logging(14815): Method < 672 com.unity3d.player.UnityPlayer.executeGLThreadJobs()
E/Cataloger( 5092): syncFile:/storage/emulated/0/2016-12-06_01:07:02.348.jpg
E/Cataloger( 5092): syncFile:/storage/emulated/0/2016-12-06_01:07:02.471.jpg
W/ResourceType(14815): No known package when getting name for resource number 0xffffffff
I/org.umd.logging(14815): Method > 672 com.unity3d.player.UnityPlayer.executeGLThreadJobs(com.unity3d.player.UnityPlayer@7826935<file=2016-12-06_01:07:02.471><x=0><y=0><width=1196><height=768><id=-1>)
I/org.umd.logging(14815): Method < 672 com.unity3d.player.UnityPlayer.executeGLThreadJobs()
E/Cataloger( 5092): syncFile:/storage/emulated/0/2016-12-06_01:07:02.471.jpg
E/Cataloger( 5092): syncFile:/storage/emulated/0/2016-12-06_01:07:02.617.jpg
W/ResourceType(14815): No known package when getting name for resource number 0xffffffff
I/org.umd.logging(14815): Method > 672 com.unity3d.player.UnityPlayer.executeGLThreadJobs(com.unity3d.player.UnityPlayer@7826935<file=2016-12-06_01:07:02.617><x=0><y=0><width=1196><height=768><id=-1>)
I/org.umd.logging(14815): Method < 672 com.unity3d.player.UnityPlayer.executeGLThreadJobs()
E/Cataloger( 5092): syncFile:/storage/emulated/0/2016-12-06_01:07:02.617.jpg
E/Cataloger( 5092): syncFile:/storage/emulated/0/2016-12-06_01:07:02.749.jpg
W/ResourceType(14815): No known package when getting name for resource number 0xffffffff
I/org.umd.logging(14815): Method > 672 com.unity3d.player.UnityPlayer.executeGLThreadJobs(com.unity3d.player.UnityPlayer@7826935<file=2016-12-06_01:07:02.749><x=0><y=0><width=1196><height=768><id=-1>)
I/org.umd.logging(14815): Method < 672 com.unity3d.player.UnityPlayer.executeGLThreadJobs()
E/Cataloger( 5092): syncFile:/storage/emulated/0/2016-12-06_01:07:02.749.jpg
E/Cataloger( 5092): syncFile:/storage/emulated/0/2016-12-06_01:07:02.894.jpg
W/ResourceType(14815): No known package when getting name for resource number 0xffffffff
I/org.umd.logging(14815): Method > 672 com.unity3d.player.UnityPlayer.executeGLThreadJobs(com.unity3d.player.UnityPlayer@7826935<file=2016-12-06_01:07:02.894><x=0><y=0><width=1196><height=768><id=-1>)
I/org.umd.logging(14815): Method < 672 com.unity3d.player.UnityPlayer.executeGLThreadJobs()
E/Cataloger( 5092): syncFile:/storage/emulated/0/2016-12-06_01:07:02.894.jpg
E/Cataloger( 5092): syncFile:/storage/emulated/0/2016-12-06_01:07:03.031.jpg
W/ResourceType(14815): No known package when getting name for resource number 0xffffffff
I/org.umd.logging(14815): Method > 672 com.unity3d.player.UnityPlayer.executeGLThreadJobs(com.unity3d.player.UnityPlayer@7826935<file=2016-12-06_01:07:03.031><x=0><y=0><width=1196><height=768><id=-1>)
I/org.umd.logging(14815): Method < 672 com.unity3d.player.UnityPlayer.executeGLThreadJobs()
E/Cataloger( 5092): syncFile:/storage/emulated/0/2016-12-06_01:07:03.031.jpg
I/org.umd.logging(14815): Method > 1 com.unity3d.player.k$1.run(com.unity3d.player.k$1@428560285)
W/ResourceType(14815): No known package when getting name for resource number 0xffffffff
I/org.umd.logging(14815): Method > 672 com.unity3d.player.UnityPlayer.executeGLThreadJobs(com.unity3d.player.UnityPlayer@7826935<file=><x=0><y=0><width=1196><height=768><id=-1>)
I/org.umd.logging(14815): Method < 672 com.unity3d.player.UnityPlayer.executeGLThreadJobs()
E/Cataloger( 5092): syncFile:/storage/emulated/0/2016-12-06_01:07:03.157.jpg
E/Cataloger( 5092): syncFile:/storage/emulated/0/2016-12-06_01:07:03.204.jpg
W/ResourceType(14815): No known package when getting name for resource number 0xffffffff
E/Cataloger( 5092): syncFile:/storage/emulated/0/2016-12-06_01:07:03.157.jpg
I/org.umd.logging(14815): Method > 1 com.unity3d.player.UnityPlayer.onTouchEvent(com.unity3d.player.UnityPlayer@7826935<file=2016-12-06_01:07:03.157><x=0><y=0><width=1196><height=768><id=-1>, android.view.MotionEvent@77195071)
I/org.umd.logging(14815): Method < 1 com.unity3d.player.UnityPlayer.onTouchEvent(false)
I/org.umd.logging(14815): Method > 1 com.unity3d.player.UnityPlayerNativeActivity.onTouchEvent(com.prime31.UnityPlayerNativeActivity@572129094<activity=true>, android.view.MotionEvent@77195071)
I/org.umd.logging(14815): Method < 1 com.unity3d.player.UnityPlayerNativeActivity.onTouchEvent(false)
I/org.umd.logging(14815): Method > 1 com.unity3d.player.k$1.run(com.unity3d.player.k$1@428560285)
I/org.umd.logging(14815): Method > 1 com.unity3d.player.UnityPlayerNativeActivity.onTouchEvent(com.prime31.UnityPlayerNativeActivity@572129094<activity=true>, android.view.MotionEvent@867620876)
I/org.umd.logging(14815): Method < 1 com.unity3d.player.UnityPlayerNativeActivity.onTouchEvent(false)
I/org.umd.logging(14815): Method > 1 com.unity3d.player.k$1.run(com.unity3d.player.k$1@428560285)
I/org.umd.logging(14815): Method < 1 com.unity3d.player.k$1.run()
I/org.umd.logging(14815): Method > 1 com.unity3d.player.k$1.run(com.unity3d.player.k$1@428560285)
I/org.umd.logging(14815): Method < 1 com.unity3d.player.k$1.run()
W/ResourceType(14815): No known package when getting name for resource number 0xffffffff
