I/org.umd.logging(14815): Method < 1 com.unity3d.player.UnityPlayerNativeActivity.onTouchEvent(false)
I/org.umd.logging(14815): Method > 1 com.unity3d.player.k$1.run(com.unity3d.player.k$1@428560285)
I/org.umd.logging(14815): Method > 1 com.unity3d.player.UnityPlayerNativeActivity.onTouchEvent(com.prime31.UnityPlayerNativeActivity@572129094<activity=true>, android.view.MotionEvent@805085749)
I/org.umd.logging(14815): Method < 1 com.unity3d.player.UnityPlayerNativeActivity.onTouchEvent(false)
I/org.umd.logging(14815): Method > 1 com.unity3d.player.k$1.run(com.unity3d.player.k$1@428560285)
I/org.umd.logging(14815): Method > 1 com.unity3d.player.UnityPlayerNativeActivity.onTouchEvent(com.prime31.UnityPlayerNativeActivity@572129094<activity=true>, android.view.MotionEvent@301688522)
I/org.umd.logging(14815): Method < 1 com.unity3d.player.UnityPlayerNativeActivity.onTouchEvent(false)
I/org.umd.logging(14815): Method > 1 com.unity3d.player.k$1.run(com.unity3d.player.k$1@428560285)
I/org.umd.logging(14815): Method < 1 com.unity3d.player.k$1.run()
I/org.umd.logging(14815): Method > 1 com.unity3d.player.k$1.run(com.unity3d.player.k$1@428560285)
I/org.umd.logging(14815): Method < 1 com.unity3d.player.k$1.run()
I/org.umd.logging(14815): Method > 1 com.unity3d.player.k$1.run(com.unity3d.player.k$1@428560285)
I/org.umd.logging(14815): Method < 1 com.unity3d.player.k$1.run()
I/org.umd.logging(14815): Method > 1 com.unity3d.player.k$1.run(com.unity3d.player.k$1@428560285)
I/org.umd.logging(14815): Method < 1 com.unity3d.player.k$1.run()
I/org.umd.logging(14815): Method > 1 com.unity3d.player.k$1.run(com.unity3d.player.k$1@428560285)
I/org.umd.logging(14815): Method < 1 com.unity3d.player.k$1.run()
W/ResourceType(14815): No known package when getting name for resource number 0xffffffff
I/org.umd.logging(14815): Method > 672 com.unity3d.player.UnityPlayer.executeGLThreadJobs(com.unity3d.player.UnityPlayer@7826935<file=2016-12-06_01:07:11.311><x=0><y=0><width=1196><height=768><id=-1>)
I/org.umd.logging(14815): Method < 672 com.unity3d.player.UnityPlayer.executeGLThreadJobs()
E/Cataloger( 5092): syncFile:/storage/emulated/0/2016-12-06_01:07:11.311.jpg
I/org.umd.logging(14815): Method > 1 com.unity3d.player.k$1.run(com.unity3d.player.k$1@428560285)
E/Cataloger( 5092): syncFile:/storage/emulated/0/2016-12-06_01:07:11.508.jpg
E/Cataloger( 5092): syncFile:/storage/emulated/0/2016-12-06_01:07:11.515.jpg
W/ResourceType(14815): No known package when getting name for resource number 0xffffffff
I/org.umd.logging(14815): Method > 1 com.unity3d.player.UnityPlayer.onTouchEvent(com.unity3d.player.UnityPlayer@7826935<file=2016-12-06_01:07:11.508><x=0><y=0><width=1196><height=768><id=-1>, android.view.MotionEvent@194543675)
I/org.umd.logging(14815): Method < 1 com.unity3d.player.UnityPlayer.onTouchEvent(false)
E/Cataloger( 5092): syncFile:/storage/emulated/0/2016-12-06_01:07:11.508.jpg
I/org.umd.logging(14815): Method > 1 com.unity3d.player.UnityPlayerNativeActivity.onTouchEvent(com.prime31.UnityPlayerNativeActivity@572129094<activity=true>, android.view.MotionEvent@194543675)
I/org.umd.logging(14815): Method < 1 com.unity3d.player.UnityPlayerNativeActivity.onTouchEvent(false)
I/org.umd.logging(14815): Method > 1 com.unity3d.player.k$1.run(com.unity3d.player.k$1@428560285)
I/org.umd.logging(14815): Method > 1 com.unity3d.player.UnityPlayerNativeActivity.onTouchEvent(com.prime31.UnityPlayerNativeActivity@572129094<activity=true>, android.view.MotionEvent@262325080)
I/org.umd.logging(14815): Method < 1 com.unity3d.player.UnityPlayerNativeActivity.onTouchEvent(false)
I/org.umd.logging(14815): Method > 1 com.unity3d.player.k$1.run(com.unity3d.player.k$1@428560285)
I/org.umd.logging(14815): Method > 1 com.unity3d.player.UnityPlayerNativeActivity.onTouchEvent(com.prime31.UnityPlayerNativeActivity@572129094<activity=true>, android.view.MotionEvent@769797297)
I/org.umd.logging(14815): Method < 1 com.unity3d.player.UnityPlayerNativeActivity.onTouchEvent(false)
I/org.umd.logging(14815): Method > 1 com.unity3d.player.k$1.run(com.unity3d.player.k$1@428560285)
I/org.umd.logging(14815): Method < 1 com.unity3d.player.k$1.run()
I/org.umd.logging(14815): Method > 1 com.unity3d.player.k$1.run(com.unity3d.player.k$1@428560285)
I/org.umd.logging(14815): Method < 1 com.unity3d.player.k$1.run()
I/org.umd.logging(14815): Method > 1 com.unity3d.player.k$1.run(com.unity3d.player.k$1@428560285)
I/org.umd.logging(14815): Method < 1 com.unity3d.player.k$1.run()
W/ResourceType(14815): No known package when getting name for resource number 0xffffffff
I/org.umd.logging(14815): Method > 672 com.unity3d.player.UnityPlayer.executeGLThreadJobs(com.unity3d.player.UnityPlayer@7826935<file=2016-12-06_01:07:11.515><x=0><y=0><width=1196><height=768><id=-1>)
I/org.umd.logging(14815): Method < 672 com.unity3d.player.UnityPlayer.executeGLThreadJobs()
E/Cataloger( 5092): syncFile:/storage/emulated/0/2016-12-06_01:07:11.515.jpg
I/org.umd.logging(14815): Method > 1 com.unity3d.player.k$1.run(com.unity3d.player.k$1@428560285)
E/Cataloger( 5092): syncFile:/storage/emulated/0/2016-12-06_01:07:11.643.jpg
W/ResourceType(14815): No known package when getting name for resource number 0xffffffff
I/org.umd.logging(14815): Method > 672 com.unity3d.player.UnityPlayer.executeGLThreadJobs(com.unity3d.player.UnityPlayer@7826935<file=><x=0><y=0><width=1196><height=768><id=-1>)
I/org.umd.logging(14815): Method < 672 com.unity3d.player.UnityPlayer.executeGLThreadJobs()
E/Cataloger( 5092): syncFile:/storage/emulated/0/2016-12-06_01:07:11.690.jpg
W/ResourceType(14815): No known package when getting name for resource number 0xffffffff
I/org.umd.logging(14815): Method > 1 com.unity3d.player.UnityPlayer.onTouchEvent(com.unity3d.player.UnityPlayer@7826935<file=2016-12-06_01:07:11.643><x=0><y=0><width=1196><height=768><id=-1>, android.view.MotionEvent@512025879)
I/org.umd.logging(14815): Method < 1 com.unity3d.player.UnityPlayer.onTouchEvent(false)
I/org.umd.logging(14815): Method > 1 com.unity3d.player.UnityPlayerNativeActivity.onTouchEvent(com.prime31.UnityPlayerNativeActivity@572129094<activity=true>, android.view.MotionEvent@512025879)
E/Cataloger( 5092): syncFile:/storage/emulated/0/2016-12-06_01:07:11.643.jpg
I/org.umd.logging(14815): Method < 1 com.unity3d.player.UnityPlayerNativeActivity.onTouchEvent(false)
I/org.umd.logging(14815): Method > 1 com.unity3d.player.k$1.run(com.unity3d.player.k$1@428560285)
I/org.umd.logging(14815): Method > 1 com.unity3d.player.UnityPlayerNativeActivity.onTouchEvent(com.prime31.UnityPlayerNativeActivity@572129094<activity=true>, android.view.MotionEvent@53263620)
I/org.umd.logging(14815): Method < 1 com.unity3d.player.UnityPlayerNativeActivity.onTouchEvent(false)
I/org.umd.logging(14815): Method > 1 com.unity3d.player.k$1.run(com.unity3d.player.k$1@428560285)
I/org.umd.logging(14815): Method > 1 com.unity3d.player.UnityPlayerNativeActivity.onTouchEvent(com.prime31.UnityPlayerNativeActivity@572129094<activity=true>, android.view.MotionEvent@817619693)
I/org.umd.logging(14815): Method < 1 com.unity3d.player.UnityPlayerNativeActivity.onTouchEvent(false)
I/org.umd.logging(14815): Method > 1 com.unity3d.player.k$1.run(com.unity3d.player.k$1@428560285)
I/org.umd.logging(14815): Method < 1 com.unity3d.player.k$1.run()
I/org.umd.logging(14815): Method > 1 com.unity3d.player.k$1.run(com.unity3d.player.k$1@428560285)
I/org.umd.logging(14815): Method < 1 com.unity3d.player.k$1.run()
I/org.umd.logging(14815): Method > 1 com.unity3d.player.k$1.run(com.unity3d.player.k$1@428560285)
I/org.umd.logging(14815): Method < 1 com.unity3d.player.k$1.run()
W/ResourceType(14815): No known package when getting name for resource number 0xffffffff
I/org.umd.logging(14815): Method > 672 com.unity3d.player.UnityPlayer.executeGLThreadJobs(com.unity3d.player.UnityPlayer@7826935<file=2016-12-06_01:07:11.690><x=0><y=0><width=1196><height=768><id=-1>)
I/org.umd.logging(14815): Method < 672 com.unity3d.player.UnityPlayer.executeGLThreadJobs()
E/Cataloger( 5092): syncFile:/storage/emulated/0/2016-12-06_01:07:11.690.jpg
I/org.umd.logging(14815): Method > 1 com.unity3d.player.k$1.run(com.unity3d.player.k$1@428560285)
E/Cataloger( 5092): syncFile:/storage/emulated/0/2016-12-06_01:07:11.798.jpg
E/Cataloger( 5092): syncFile:/storage/emulated/0/2016-12-06_01:07:11.808.jpg
W/ResourceType(14815): No known package when getting name for resource number 0xffffffff
I/org.umd.logging(14815): Method > 1 com.unity3d.player.UnityPlayer.onTouchEvent(com.unity3d.player.UnityPlayer@7826935<file=2016-12-06_01:07:11.798><x=0><y=0><width=1196><height=768><id=-1>, android.view.MotionEvent@796001570)
I/org.umd.logging(14815): Method < 1 com.unity3d.player.UnityPlayer.onTouchEvent(false)
I/org.umd.logging(14815): Method > 1 com.unity3d.player.UnityPlayerNativeActivity.onTouchEvent(com.prime31.UnityPlayerNativeActivity@572129094<activity=true>, android.view.MotionEvent@796001570)
I/org.umd.logging(14815): Method < 1 com.unity3d.player.UnityPlayerNativeActivity.onTouchEvent(false)
I/org.umd.logging(14815): Method > 1 com.unity3d.player.k$1.run(com.unity3d.player.k$1@428560285)
I/org.umd.logging(14815): Method > 1 com.unity3d.player.UnityPlayerNativeActivity.onTouchEvent(com.prime31.UnityPlayerNativeActivity@572129094<activity=true>, android.view.MotionEvent@191413171)
I/org.umd.logging(14815): Method < 1 com.unity3d.player.UnityPlayerNativeActivity.onTouchEvent(false)
I/org.umd.logging(14815): Method > 1 com.unity3d.player.k$1.run(com.unity3d.player.k$1@428560285)
I/org.umd.logging(14815): Method > 1 com.unity3d.player.UnityPlayerNativeActivity.onTouchEvent(com.prime31.UnityPlayerNativeActivity@572129094<activity=true>, android.view.MotionEvent@607823216)
I/org.umd.logging(14815): Method < 1 com.unity3d.player.UnityPlayerNativeActivity.onTouchEvent(false)
I/org.umd.logging(14815): Method > 1 com.unity3d.player.k$1.run(com.unity3d.player.k$1@428560285)
I/org.umd.logging(14815): Method < 1 com.unity3d.player.k$1.run()
I/org.umd.logging(14815): Method > 1 com.unity3d.player.k$1.run(com.unity3d.player.k$1@428560285)
I/org.umd.logging(14815): Method < 1 com.unity3d.player.k$1.run()
I/org.umd.logging(14815): Method > 1 com.unity3d.player.k$1.run(com.unity3d.player.k$1@428560285)
I/org.umd.logging(14815): Method < 1 com.unity3d.player.k$1.run()
E/Cataloger( 5092): syncFile:/storage/emulated/0/2016-12-06_01:07:11.798.jpg
W/ResourceType(14815): No known package when getting name for resource number 0xffffffff
I/org.umd.logging(14815): Method > 672 com.unity3d.player.UnityPlayer.executeGLThreadJobs(com.unity3d.player.UnityPlayer@7826935<file=2016-12-06_01:07:11.808><x=0><y=0><width=1196><height=768><id=-1>)
I/org.umd.logging(14815): Method < 672 com.unity3d.player.UnityPlayer.executeGLThreadJobs()
E/Cataloger( 5092): syncFile:/storage/emulated/0/2016-12-06_01:07:11.808.jpg
I/org.umd.logging(14815): Method > 1 com.unity3d.player.k$1.run(com.unity3d.player.k$1@428560285)
E/Cataloger( 5092): syncFile:/storage/emulated/0/2016-12-06_01:07:11.943.jpg
E/Cataloger( 5092): syncFile:/storage/emulated/0/2016-12-06_01:07:11.953.jpg
W/ResourceType(14815): No known package when getting name for resource number 0xffffffff
I/org.umd.logging(14815): Method > 1 com.unity3d.player.UnityPlayer.onTouchEvent(com.unity3d.player.UnityPlayer@7826935<file=2016-12-06_01:07:11.943><x=0><y=0><width=1196><height=768><id=-1>, android.view.MotionEvent@805355753)
I/org.umd.logging(14815): Method < 1 com.unity3d.player.UnityPlayer.onTouchEvent(false)
I/org.umd.logging(14815): Method > 1 com.unity3d.player.UnityPlayerNativeActivity.onTouchEvent(com.prime31.UnityPlayerNativeActivity@572129094<activity=true>, android.view.MotionEvent@805355753)
I/org.umd.logging(14815): Method < 1 com.unity3d.player.UnityPlayerNativeActivity.onTouchEvent(false)
I/org.umd.logging(14815): Method > 1 com.unity3d.player.k$1.run(com.unity3d.player.k$1@428560285)
I/org.umd.logging(14815): Method > 1 com.unity3d.player.UnityPlayerNativeActivity.onTouchEvent(com.prime31.UnityPlayerNativeActivity@572129094<activity=true>, android.view.MotionEvent@139415918)
I/org.umd.logging(14815): Method < 1 com.unity3d.player.UnityPlayerNativeActivity.onTouchEvent(false)
I/org.umd.logging(14815): Method > 1 com.unity3d.player.k$1.run(com.unity3d.player.k$1@428560285)
I/org.umd.logging(14815): Method < 1 com.unity3d.player.k$1.run()
I/org.umd.logging(14815): Method > 1 com.unity3d.player.k$1.run(com.unity3d.player.k$1@428560285)
I/org.umd.logging(14815): Method < 1 com.unity3d.player.k$1.run()
E/Cataloger( 5092): syncFile:/storage/emulated/0/2016-12-06_01:07:11.943.jpg
W/ResourceType(14815): No known package when getting name for resource number 0xffffffff
I/org.umd.logging(14815): Method > 672 com.unity3d.player.UnityPlayer.executeGLThreadJobs(com.unity3d.player.UnityPlayer@7826935<file=2016-12-06_01:07:11.953><x=0><y=0><width=1196><height=768><id=-1>)
I/org.umd.logging(14815): Method < 672 com.unity3d.player.UnityPlayer.executeGLThreadJobs()
E/Cataloger( 5092): syncFile:/storage/emulated/0/2016-12-06_01:07:11.953.jpg
I/org.umd.logging(14815): Method > 1 com.unity3d.player.k$1.run(com.unity3d.player.k$1@428560285)
I/org.umd.logging(14815): Method > 1 com.unity3d.player.UnityPlayerNativeActivity.onTouchEvent(com.prime31.UnityPlayerNativeActivity@572129094<activity=true>, android.view.MotionEvent@497639439)
I/org.umd.logging(14815): Method < 1 com.unity3d.player.UnityPlayerNativeActivity.onTouchEvent(false)
I/org.umd.logging(14815): Method > 1 com.unity3d.player.k$1.run(com.unity3d.player.k$1@428560285)
I/org.umd.logging(14815): Method < 1 com.unity3d.player.k$1.run()
E/Cataloger( 5092): syncFile:/storage/emulated/0/2016-12-06_01:07:12.074.jpg
W/ResourceType(14815): No known package when getting name for resource number 0xffffffff
I/org.umd.logging(14815): Method > 672 com.unity3d.player.UnityPlayer.executeGLThreadJobs(com.unity3d.player.UnityPlayer@7826935<file=2016-12-06_01:07:12.074><x=0><y=0><width=1196><height=768><id=-1>)
I/org.umd.logging(14815): Method < 672 com.unity3d.player.UnityPlayer.executeGLThreadJobs()
E/Cataloger( 5092): syncFile:/storage/emulated/0/2016-12-06_01:07:12.074.jpg
I/org.umd.logging(14815): Method > 1 com.unity3d.player.k$1.run(com.unity3d.player.k$1@428560285)
E/Cataloger( 5092): syncFile:/storage/emulated/0/2016-12-06_01:07:12.210.jpg
E/Cataloger( 5092): syncFile:/storage/emulated/0/2016-12-06_01:07:12.200.jpg
W/ResourceType(14815): No known package when getting name for resource number 0xffffffff
I/org.umd.logging(14815): Method > 1 com.unity3d.player.UnityPlayer.onTouchEvent(com.unity3d.player.UnityPlayer@7826935<file=2016-12-06_01:07:12.200><x=0><y=0><width=1196><height=768><id=-1>, android.view.MotionEvent@385656988)
I/org.umd.logging(14815): Method < 1 com.unity3d.player.UnityPlayer.onTouchEvent(false)
I/org.umd.logging(14815): Method > 1 com.unity3d.player.UnityPlayerNativeActivity.onTouchEvent(com.prime31.UnityPlayerNativeActivity@572129094<activity=true>, android.view.MotionEvent@385656988)
I/org.umd.logging(14815): Method < 1 com.unity3d.player.UnityPlayerNativeActivity.onTouchEvent(false)
I/org.umd.logging(14815): Method > 1 com.unity3d.player.k$1.run(com.unity3d.player.k$1@428560285)
I/org.umd.logging(14815): Method > 1 com.unity3d.player.UnityPlayerNativeActivity.onTouchEvent(com.prime31.UnityPlayerNativeActivity@572129094<activity=true>, android.view.MotionEvent@161186469)
I/org.umd.logging(14815): Method < 1 com.unity3d.player.UnityPlayerNativeActivity.onTouchEvent(false)
I/org.umd.logging(14815): Method > 1 com.unity3d.player.k$1.run(com.unity3d.player.k$1@428560285)
I/org.umd.logging(14815): Method < 1 com.unity3d.player.k$1.run()
I/org.umd.logging(14815): Method > 1 com.unity3d.player.k$1.run(com.unity3d.player.k$1@428560285)
W/ResourceType(14815): No known package when getting name for resource number 0xffffffff
I/org.umd.logging(14815): Method > 672 com.unity3d.player.UnityPlayer.executeGLThreadJobs(com.unity3d.player.UnityPlayer@7826935<file=2016-12-06_01:07:12.210><x=0><y=0><width=1196><height=768><id=-1>)
I/org.umd.logging(14815): Method < 672 com.unity3d.player.UnityPlayer.executeGLThreadJobs()
I/org.umd.logging(14815): Method < 1 com.unity3d.player.k$1.run()
E/Cataloger( 5092): syncFile:/storage/emulated/0/2016-12-06_01:07:12.200.jpg
E/Cataloger( 5092): syncFile:/storage/emulated/0/2016-12-06_01:07:12.210.jpg
I/org.umd.logging(14815): Method > 1 com.unity3d.player.k$1.run(com.unity3d.player.k$1@428560285)
W/ResourceType(14815): No known package when getting name for resource number 0xffffffff
I/org.umd.logging(14815): Method > 672 com.unity3d.player.UnityPlayer.executeGLThreadJobs(com.unity3d.player.UnityPlayer@7826935<file=><x=0><y=0><width=1196><height=768><id=-1>)
I/org.umd.logging(14815): Method < 672 com.unity3d.player.UnityPlayer.executeGLThreadJobs()
E/Cataloger( 5092): syncFile:/storage/emulated/0/2016-12-06_01:07:12.343.jpg
E/Cataloger( 5092): syncFile:/storage/emulated/0/2016-12-06_01:07:12.383.jpg
W/ResourceType(14815): No known package when getting name for resource number 0xffffffff
I/org.umd.logging(14815): Method > 1 com.unity3d.player.UnityPlayer.onTouchEvent(com.unity3d.player.UnityPlayer@7826935<file=2016-12-06_01:07:12.343><x=0><y=0><width=1196><height=768><id=-1>, android.view.MotionEvent@128314923)
I/org.umd.logging(14815): Method < 1 com.unity3d.player.UnityPlayer.onTouchEvent(false)
E/Cataloger( 5092): syncFile:/storage/emulated/0/2016-12-06_01:07:12.343.jpg
I/org.umd.logging(14815): Method > 1 com.unity3d.player.UnityPlayerNativeActivity.onTouchEvent(com.prime31.UnityPlayerNativeActivity@572129094<activity=true>, android.view.MotionEvent@128314923)
I/org.umd.logging(14815): Method < 1 com.unity3d.player.UnityPlayerNativeActivity.onTouchEvent(false)
I/org.umd.logging(14815): Method > 1 com.unity3d.player.k$1.run(com.unity3d.player.k$1@428560285)
I/org.umd.logging(14815): Method > 1 com.unity3d.player.UnityPlayerNativeActivity.onTouchEvent(com.prime31.UnityPlayerNativeActivity@572129094<activity=true>, android.view.MotionEvent@813281928)
I/org.umd.logging(14815): Method < 1 com.unity3d.player.UnityPlayerNativeActivity.onTouchEvent(false)
I/org.umd.logging(14815): Method > 1 com.unity3d.player.k$1.run(com.unity3d.player.k$1@428560285)
I/org.umd.logging(14815): Method < 1 com.unity3d.player.k$1.run()
I/org.umd.logging(14815): Method > 1 com.unity3d.player.k$1.run(com.unity3d.player.k$1@428560285)
I/org.umd.logging(14815): Method < 1 com.unity3d.player.k$1.run()
W/ResourceType(14815): No known package when getting name for resource number 0xffffffff
I/org.umd.logging(14815): Method > 672 com.unity3d.player.UnityPlayer.executeGLThreadJobs(com.unity3d.player.UnityPlayer@7826935<file=2016-12-06_01:07:12.383><x=0><y=0><width=1196><height=768><id=-1>)
I/org.umd.logging(14815): Method < 672 com.unity3d.player.UnityPlayer.executeGLThreadJobs()
E/Cataloger( 5092): syncFile:/storage/emulated/0/2016-12-06_01:07:12.383.jpg
E/Cataloger( 5092): syncFile:/storage/emulated/0/2016-12-06_01:07:12.501.jpg
W/ResourceType(14815): No known package when getting name for resource number 0xffffffff
I/org.umd.logging(14815): Method > 672 com.unity3d.player.UnityPlayer.executeGLThreadJobs(com.unity3d.player.UnityPlayer@7826935<file=2016-12-06_01:07:12.501><x=0><y=0><width=1196><height=768><id=-1>)
I/org.umd.logging(14815): Method < 672 com.unity3d.player.UnityPlayer.executeGLThreadJobs()
E/Cataloger( 5092): syncFile:/storage/emulated/0/2016-12-06_01:07:12.501.jpg
I/org.umd.logging(14815): Method > 1 com.unity3d.player.k$1.run(com.unity3d.player.k$1@428560285)
E/Cataloger( 5092): syncFile:/storage/emulated/0/2016-12-06_01:07:12.624.jpg
E/Cataloger( 5092): syncFile:/storage/emulated/0/2016-12-06_01:07:12.639.jpg
W/ResourceType(14815): No known package when getting name for resource number 0xffffffff
I/org.umd.logging(14815): Method > 1 com.unity3d.player.UnityPlayer.onTouchEvent(com.unity3d.player.UnityPlayer@7826935<file=2016-12-06_01:07:12.624><x=0><y=0><width=1196><height=768><id=-1>, android.view.MotionEvent@359048225)
I/org.umd.logging(14815): Method < 1 com.unity3d.player.UnityPlayer.onTouchEvent(false)
I/org.umd.logging(14815): Method > 1 com.unity3d.player.UnityPlayerNativeActivity.onTouchEvent(com.prime31.UnityPlayerNativeActivity@572129094<activity=true>, android.view.MotionEvent@359048225)
I/org.umd.logging(14815): Method < 1 com.unity3d.player.UnityPlayerNativeActivity.onTouchEvent(false)
I/org.umd.logging(14815): Method > 1 com.unity3d.player.k$1.run(com.unity3d.player.k$1@428560285)
I/org.umd.logging(14815): Method > 1 com.unity3d.player.UnityPlayerNativeActivity.onTouchEvent(com.prime31.UnityPlayerNativeActivity@572129094<activity=true>, android.view.MotionEvent@893132870)
I/org.umd.logging(14815): Method < 1 com.unity3d.player.UnityPlayerNativeActivity.onTouchEvent(false)
I/org.umd.logging(14815): Method > 1 com.unity3d.player.k$1.run(com.unity3d.player.k$1@428560285)
I/org.umd.logging(14815): Method > 1 com.unity3d.player.UnityPlayerNativeActivity.onTouchEvent(com.prime31.UnityPlayerNativeActivity@572129094<activity=true>, android.view.MotionEvent@949174791)
I/org.umd.logging(14815): Method < 1 com.unity3d.player.UnityPlayerNativeActivity.onTouchEvent(false)
I/org.umd.logging(14815): Method > 1 com.unity3d.player.k$1.run(com.unity3d.player.k$1@428560285)
I/org.umd.logging(14815): Method < 1 com.unity3d.player.k$1.run()
E/Cataloger( 5092): syncFile:/storage/emulated/0/2016-12-06_01:07:12.624.jpg
I/org.umd.logging(14815): Method > 1 com.unity3d.player.k$1.run(com.unity3d.player.k$1@428560285)
I/org.umd.logging(14815): Method < 1 com.unity3d.player.k$1.run()
I/org.umd.logging(14815): Method > 1 com.unity3d.player.k$1.run(com.unity3d.player.k$1@428560285)
I/org.umd.logging(14815): Method < 1 com.unity3d.player.k$1.run()
W/ResourceType(14815): No known package when getting name for resource number 0xffffffff
I/org.umd.logging(14815): Method > 672 com.unity3d.player.UnityPlayer.executeGLThreadJobs(com.unity3d.player.UnityPlayer@7826935<file=2016-12-06_01:07:12.639><x=0><y=0><width=1196><height=768><id=-1>)
I/org.umd.logging(14815): Method < 672 com.unity3d.player.UnityPlayer.executeGLThreadJobs()
E/Cataloger( 5092): syncFile:/storage/emulated/0/2016-12-06_01:07:12.639.jpg
I/org.umd.logging(14815): Method > 1 com.unity3d.player.k$1.run(com.unity3d.player.k$1@428560285)
E/Cataloger( 5092): syncFile:/storage/emulated/0/2016-12-06_01:07:12.775.jpg
E/Cataloger( 5092): syncFile:/storage/emulated/0/2016-12-06_01:07:12.770.jpg
W/ResourceType(14815): No known package when getting name for resource number 0xffffffff
I/org.umd.logging(14815): Method > 672 com.unity3d.player.UnityPlayer.executeGLThreadJobs(com.unity3d.player.UnityPlayer@7826935<file=2016-12-06_01:07:12.775><x=0><y=0><width=1196><height=768><id=-1>)
I/org.umd.logging(14815): Method < 672 com.unity3d.player.UnityPlayer.executeGLThreadJobs()
E/Cataloger( 5092): syncFile:/storage/emulated/0/2016-12-06_01:07:12.775.jpg
W/ResourceType(14815): No known package when getting name for resource number 0xffffffff
I/org.umd.logging(14815): Method > 1 com.unity3d.player.UnityPlayer.onTouchEvent(com.unity3d.player.UnityPlayer@7826935<file=2016-12-06_01:07:12.770><x=0><y=0><width=1196><height=768><id=-1>, android.view.MotionEvent@221998900)
I/org.umd.logging(14815): Method < 1 com.unity3d.player.UnityPlayer.onTouchEvent(false)
E/Cataloger( 5092): syncFile:/storage/emulated/0/2016-12-06_01:07:12.770.jpg
I/org.umd.logging(14815): Method > 1 com.unity3d.player.UnityPlayerNativeActivity.onTouchEvent(com.prime31.UnityPlayerNativeActivity@572129094<activity=true>, android.view.MotionEvent@221998900)
I/org.umd.logging(14815): Method < 1 com.unity3d.player.UnityPlayerNativeActivity.onTouchEvent(false)
I/org.umd.logging(14815): Method > 1 com.unity3d.player.k$1.run(com.unity3d.player.k$1@428560285)
I/org.umd.logging(14815): Method > 1 com.unity3d.player.UnityPlayerNativeActivity.onTouchEvent(com.prime31.UnityPlayerNativeActivity@572129094<activity=true>, android.view.MotionEvent@879255901)
I/org.umd.logging(14815): Method < 1 com.unity3d.player.UnityPlayerNativeActivity.onTouchEvent(false)
I/org.umd.logging(14815): Method > 1 com.unity3d.player.k$1.run(com.unity3d.player.k$1@428560285)
I/org.umd.logging(14815): Method > 1 com.unity3d.player.UnityPlayerNativeActivity.onTouchEvent(com.prime31.UnityPlayerNativeActivity@572129094<activity=true>, android.view.MotionEvent@151648978)
I/org.umd.logging(14815): Method < 1 com.unity3d.player.UnityPlayerNativeActivity.onTouchEvent(false)
I/org.umd.logging(14815): Method > 1 com.unity3d.player.k$1.run(com.unity3d.player.k$1@428560285)
I/org.umd.logging(14815): Method < 1 com.unity3d.player.k$1.run()
I/org.umd.logging(14815): Method > 1 com.unity3d.player.k$1.run(com.unity3d.player.k$1@428560285)
I/org.umd.logging(14815): Method < 1 com.unity3d.player.k$1.run()
I/org.umd.logging(14815): Method > 1 com.unity3d.player.k$1.run(com.unity3d.player.k$1@428560285)
I/org.umd.logging(14815): Method < 1 com.unity3d.player.k$1.run()
E/Cataloger( 5092): syncFile:/storage/emulated/0/2016-12-06_01:07:12.875.jpg
W/ResourceType(14815): No known package when getting name for resource number 0xffffffff
I/org.umd.logging(14815): Method > 672 com.unity3d.player.UnityPlayer.executeGLThreadJobs(com.unity3d.player.UnityPlayer@7826935<file=2016-12-06_01:07:12.875><x=0><y=0><width=1196><height=768><id=-1>)
I/org.umd.logging(14815): Method < 672 com.unity3d.player.UnityPlayer.executeGLThreadJobs()
E/Cataloger( 5092): syncFile:/storage/emulated/0/2016-12-06_01:07:12.875.jpg
I/org.umd.logging(14815): Method > 1 com.unity3d.player.k$1.run(com.unity3d.player.k$1@428560285)
E/Cataloger( 5092): syncFile:/storage/emulated/0/2016-12-06_01:07:12.989.jpg
E/Cataloger( 5092): syncFile:/storage/emulated/0/2016-12-06_01:07:12.983.jpg
W/ResourceType(14815): No known package when getting name for resource number 0xffffffff
I/org.umd.logging(14815): Method > 672 com.unity3d.player.UnityPlayer.executeGLThreadJobs(com.unity3d.player.UnityPlayer@7826935<file=2016-12-06_01:07:12.989><x=0><y=0><width=1196><height=768><id=-1>)
I/org.umd.logging(14815): Method < 672 com.unity3d.player.UnityPlayer.executeGLThreadJobs()
E/Cataloger( 5092): syncFile:/storage/emulated/0/2016-12-06_01:07:12.989.jpg
W/ResourceType(14815): No known package when getting name for resource number 0xffffffff
I/org.umd.logging(14815): Method > 1 com.unity3d.player.UnityPlayer.onTouchEvent(com.unity3d.player.UnityPlayer@7826935<file=2016-12-06_01:07:12.983><x=0><y=0><width=1196><height=768><id=-1>, android.view.MotionEvent@873985955)
E/Cataloger( 5092): syncFile:/storage/emulated/0/2016-12-06_01:07:12.983.jpg
I/org.umd.logging(14815): Method < 1 com.unity3d.player.UnityPlayer.onTouchEvent(false)
I/org.umd.logging(14815): Method > 1 com.unity3d.player.UnityPlayerNativeActivity.onTouchEvent(com.prime31.UnityPlayerNativeActivity@572129094<activity=true>, android.view.MotionEvent@873985955)
I/org.umd.logging(14815): Method < 1 com.unity3d.player.UnityPlayerNativeActivity.onTouchEvent(false)
I/org.umd.logging(14815): Method > 1 com.unity3d.player.k$1.run(com.unity3d.player.k$1@428560285)
I/org.umd.logging(14815): Method > 1 com.unity3d.player.UnityPlayerNativeActivity.onTouchEvent(com.prime31.UnityPlayerNativeActivity@572129094<activity=true>, android.view.MotionEvent@649743008)
I/org.umd.logging(14815): Method < 1 com.unity3d.player.UnityPlayerNativeActivity.onTouchEvent(false)
I/org.umd.logging(14815): Method > 1 com.unity3d.player.k$1.run(com.unity3d.player.k$1@428560285)
I/org.umd.logging(14815): Method > 1 com.unity3d.player.UnityPlayerNativeActivity.onTouchEvent(com.prime31.UnityPlayerNativeActivity@572129094<activity=true>, android.view.MotionEvent@399423065)
I/org.umd.logging(14815): Method < 1 com.unity3d.player.UnityPlayerNativeActivity.onTouchEvent(false)
I/org.umd.logging(14815): Method > 1 com.unity3d.player.k$1.run(com.unity3d.player.k$1@428560285)
I/org.umd.logging(14815): Method < 1 com.unity3d.player.k$1.run()
I/org.umd.logging(14815): Method > 1 com.unity3d.player.k$1.run(com.unity3d.player.k$1@428560285)
I/org.umd.logging(14815): Method < 1 com.unity3d.player.k$1.run()
I/org.umd.logging(14815): Method > 1 com.unity3d.player.k$1.run(com.unity3d.player.k$1@428560285)
I/org.umd.logging(14815): Method < 1 com.unity3d.player.k$1.run()
E/Cataloger( 5092): syncFile:/storage/emulated/0/2016-12-06_01:07:13.113.jpg
W/ResourceType(14815): No known package when getting name for resource number 0xffffffff
I/org.umd.logging(14815): Method > 672 com.unity3d.player.UnityPlayer.executeGLThreadJobs(com.unity3d.player.UnityPlayer@7826935<file=2016-12-06_01:07:13.113><x=0><y=0><width=1196><height=768><id=-1>)
I/org.umd.logging(14815): Method < 672 com.unity3d.player.UnityPlayer.executeGLThreadJobs()
E/Cataloger( 5092): syncFile:/storage/emulated/0/2016-12-06_01:07:13.113.jpg
I/org.umd.logging(14815): Method > 1 com.unity3d.player.k$1.run(com.unity3d.player.k$1@428560285)
E/Cataloger( 5092): syncFile:/storage/emulated/0/2016-12-06_01:07:13.237.jpg
E/Cataloger( 5092): syncFile:/storage/emulated/0/2016-12-06_01:07:13.246.jpg
W/ResourceType(14815): No known package when getting name for resource number 0xffffffff
I/org.umd.logging(14815): Method > 672 com.unity3d.player.UnityPlayer.executeGLThreadJobs(com.unity3d.player.UnityPlayer@7826935<file=2016-12-06_01:07:13.246><x=0><y=0><width=1196><height=768><id=-1>)
I/org.umd.logging(14815): Method < 672 com.unity3d.player.UnityPlayer.executeGLThreadJobs()
E/Cataloger( 5092): syncFile:/storage/emulated/0/2016-12-06_01:07:13.246.jpg
W/ResourceType(14815): No known package when getting name for resource number 0xffffffff
I/org.umd.logging(14815): Method > 1 com.unity3d.player.UnityPlayer.onTouchEvent(com.unity3d.player.UnityPlayer@7826935<file=2016-12-06_01:07:13.237><x=0><y=0><width=1196><height=768><id=-1>, android.view.MotionEvent@6877726)
I/org.umd.logging(14815): Method < 1 com.unity3d.player.UnityPlayer.onTouchEvent(false)
I/org.umd.logging(14815): Method > 1 com.unity3d.player.UnityPlayerNativeActivity.onTouchEvent(com.prime31.UnityPlayerNativeActivity@572129094<activity=true>, android.view.MotionEvent@6877726)
E/Cataloger( 5092): syncFile:/storage/emulated/0/2016-12-06_01:07:13.237.jpg
I/org.umd.logging(14815): Method < 1 com.unity3d.player.UnityPlayerNativeActivity.onTouchEvent(false)
I/org.umd.logging(14815): Method > 1 com.unity3d.player.k$1.run(com.unity3d.player.k$1@428560285)
I/org.umd.logging(14815): Method > 1 com.unity3d.player.UnityPlayerNativeActivity.onTouchEvent(com.prime31.UnityPlayerNativeActivity@572129094<activity=true>, android.view.MotionEvent@128477951)
I/org.umd.logging(14815): Method < 1 com.unity3d.player.UnityPlayerNativeActivity.onTouchEvent(false)
I/org.umd.logging(14815): Method > 1 com.unity3d.player.k$1.run(com.unity3d.player.k$1@428560285)
I/org.umd.logging(14815): Method > 1 com.unity3d.player.UnityPlayerNativeActivity.onTouchEvent(com.prime31.UnityPlayerNativeActivity@572129094<activity=true>, android.view.MotionEvent@327774412)
I/org.umd.logging(14815): Method < 1 com.unity3d.player.UnityPlayerNativeActivity.onTouchEvent(false)
I/org.umd.logging(14815): Method > 1 com.unity3d.player.k$1.run(com.unity3d.player.k$1@428560285)
I/org.umd.logging(14815): Method < 1 com.unity3d.player.k$1.run()
I/org.umd.logging(14815): Method > 1 com.unity3d.player.k$1.run(com.unity3d.player.k$1@428560285)
I/org.umd.logging(14815): Method < 1 com.unity3d.player.k$1.run()
I/org.umd.logging(14815): Method > 1 com.unity3d.player.k$1.run(com.unity3d.player.k$1@428560285)
I/org.umd.logging(14815): Method < 1 com.unity3d.player.k$1.run()
E/Cataloger( 5092): syncFile:/storage/emulated/0/2016-12-06_01:07:13.375.jpg
W/ResourceType(14815): No known package when getting name for resource number 0xffffffff
I/org.umd.logging(14815): Method > 672 com.unity3d.player.UnityPlayer.executeGLThreadJobs(com.unity3d.player.UnityPlayer@7826935<file=2016-12-06_01:07:13.375><x=0><y=0><width=1196><height=768><id=-1>)
I/org.umd.logging(14815): Method < 672 com.unity3d.player.UnityPlayer.executeGLThreadJobs()
E/Cataloger( 5092): syncFile:/storage/emulated/0/2016-12-06_01:07:13.375.jpg
I/org.umd.logging(14815): Method > 1 com.unity3d.player.k$1.run(com.unity3d.player.k$1@428560285)
E/Cataloger( 5092): syncFile:/storage/emulated/0/2016-12-06_01:07:13.525.jpg
E/Cataloger( 5092): syncFile:/storage/emulated/0/2016-12-06_01:07:13.532.jpg
W/ResourceType(14815): No known package when getting name for resource number 0xffffffff
I/org.umd.logging(14815): Method > 1 com.unity3d.player.UnityPlayer.onTouchEvent(com.unity3d.player.UnityPlayer@7826935<file=2016-12-06_01:07:13.525><x=0><y=0><width=1196><height=768><id=-1>, android.view.MotionEvent@1001086741)
I/org.umd.logging(14815): Method < 1 com.unity3d.player.UnityPlayer.onTouchEvent(false)
I/org.umd.logging(14815): Method > 1 com.unity3d.player.UnityPlayerNativeActivity.onTouchEvent(com.prime31.UnityPlayerNativeActivity@572129094<activity=true>, android.view.MotionEvent@1001086741)
I/org.umd.logging(14815): Method < 1 com.unity3d.player.UnityPlayerNativeActivity.onTouchEvent(false)
I/org.umd.logging(14815): Method > 1 com.unity3d.player.k$1.run(com.unity3d.player.k$1@428560285)
I/org.umd.logging(14815): Method > 1 com.unity3d.player.UnityPlayerNativeActivity.onTouchEvent(com.prime31.UnityPlayerNativeActivity@572129094<activity=true>, android.view.MotionEvent@1043206698)
I/org.umd.logging(14815): Method < 1 com.unity3d.player.UnityPlayerNativeActivity.onTouchEvent(false)
I/org.umd.logging(14815): Method > 1 com.unity3d.player.k$1.run(com.unity3d.player.k$1@428560285)
I/org.umd.logging(14815): Method > 1 com.unity3d.player.UnityPlayerNativeActivity.onTouchEvent(com.prime31.UnityPlayerNativeActivity@572129094<activity=true>, android.view.MotionEvent@966965275)
I/org.umd.logging(14815): Method < 1 com.unity3d.player.UnityPlayerNativeActivity.onTouchEvent(false)
I/org.umd.logging(14815): Method > 1 com.unity3d.player.k$1.run(com.unity3d.player.k$1@428560285)
E/Cataloger( 5092): syncFile:/storage/emulated/0/2016-12-06_01:07:13.525.jpg
W/ResourceType(14815): No known package when getting name for resource number 0xffffffff
I/org.umd.logging(14815): Method > 672 com.unity3d.player.UnityPlayer.executeGLThreadJobs(com.unity3d.player.UnityPlayer@7826935<file=2016-12-06_01:07:13.532><x=0><y=0><width=1196><height=768><id=-1>)
I/org.umd.logging(14815): Method < 672 com.unity3d.player.UnityPlayer.executeGLThreadJobs()
E/Cataloger( 5092): syncFile:/storage/emulated/0/2016-12-06_01:07:13.532.jpg
E/Cataloger( 5092): syncFile:/storage/emulated/0/2016-12-06_01:07:13.626.jpg
E/Cataloger( 5092): syncFile:/storage/emulated/0/2016-12-06_01:07:13.654.jpg
W/ResourceType(14815): No known package when getting name for resource number 0xffffffff
I/org.umd.logging(14815): Method > 1 com.unity3d.player.UnityPlayer.onTouchEvent(com.unity3d.player.UnityPlayer@7826935<file=2016-12-06_01:07:13.626><x=0><y=0><width=1196><height=768><id=-1>, android.view.MotionEvent@507694520)
I/org.umd.logging(14815): Method < 1 com.unity3d.player.UnityPlayer.onTouchEvent(false)
I/org.umd.logging(14815): Method > 1 com.unity3d.player.UnityPlayerNativeActivity.onTouchEvent(com.prime31.UnityPlayerNativeActivity@572129094<activity=true>, android.view.MotionEvent@507694520)
I/org.umd.logging(14815): Method < 1 com.unity3d.player.UnityPlayerNativeActivity.onTouchEvent(false)
I/org.umd.logging(14815): Method > 1 com.unity3d.player.k$1.run(com.unity3d.player.k$1@428560285)
I/org.umd.logging(14815): Method < 1 com.unity3d.player.k$1.run()
I/org.umd.logging(14815): Method > 1 com.unity3d.player.k$1.run(com.unity3d.player.k$1@428560285)
I/org.umd.logging(14815): Method < 1 com.unity3d.player.k$1.run()
I/org.umd.logging(14815): Method > 1 com.unity3d.player.k$1.run(com.unity3d.player.k$1@428560285)
I/org.umd.logging(14815): Method < 1 com.unity3d.player.k$1.run()
I/org.umd.logging(14815): Method > 1 com.unity3d.player.k$1.run(com.unity3d.player.k$1@428560285)
I/org.umd.logging(14815): Method < 1 com.unity3d.player.k$1.run()
E/Cataloger( 5092): syncFile:/storage/emulated/0/2016-12-06_01:07:13.626.jpg
W/ResourceType(14815): No known package when getting name for resource number 0xffffffff
I/org.umd.logging(14815): Method > 672 com.unity3d.player.UnityPlayer.executeGLThreadJobs(com.unity3d.player.UnityPlayer@7826935<file=2016-12-06_01:07:13.654><x=0><y=0><width=1196><height=768><id=-1>)
I/org.umd.logging(14815): Method < 672 com.unity3d.player.UnityPlayer.executeGLThreadJobs()
E/Cataloger( 5092): syncFile:/storage/emulated/0/2016-12-06_01:07:13.654.jpg
I/org.umd.logging(14815): Method > 1 com.unity3d.player.k$1.run(com.unity3d.player.k$1@428560285)
I/org.umd.logging(14815): Method > 1 com.unity3d.player.UnityPlayerNativeActivity.onTouchEvent(com.prime31.UnityPlayerNativeActivity@572129094<activity=true>, android.view.MotionEvent@292542353)
I/org.umd.logging(14815): Method < 1 com.unity3d.player.UnityPlayerNativeActivity.onTouchEvent(false)
I/org.umd.logging(14815): Method > 1 com.unity3d.player.k$1.run(com.unity3d.player.k$1@428560285)
W/ResourceType(14815): No known package when getting name for resource number 0xffffffff
I/org.umd.logging(14815): Method > 672 com.unity3d.player.UnityPlayer.executeGLThreadJobs(com.unity3d.player.UnityPlayer@7826935<file=><x=0><y=0><width=1196><height=768><id=-1>)
I/org.umd.logging(14815): Method < 672 com.unity3d.player.UnityPlayer.executeGLThreadJobs()
E/Cataloger( 5092): syncFile:/storage/emulated/0/2016-12-06_01:07:13.778.jpg
E/Cataloger( 5092): syncFile:/storage/emulated/0/2016-12-06_01:07:13.806.jpg
W/ResourceType(14815): No known package when getting name for resource number 0xffffffff
I/org.umd.logging(14815): Method > 1 com.unity3d.player.UnityPlayer.onTouchEvent(com.unity3d.player.UnityPlayer@7826935<file=2016-12-06_01:07:13.778><x=0><y=0><width=1196><height=768><id=-1>, android.view.MotionEvent@237681399)
I/org.umd.logging(14815): Method < 1 com.unity3d.player.UnityPlayer.onTouchEvent(false)
E/Cataloger( 5092): syncFile:/storage/emulated/0/2016-12-06_01:07:13.778.jpg
I/org.umd.logging(14815): Method > 1 com.unity3d.player.UnityPlayerNativeActivity.onTouchEvent(com.prime31.UnityPlayerNativeActivity@572129094<activity=true>, android.view.MotionEvent@237681399)
I/org.umd.logging(14815): Method < 1 com.unity3d.player.UnityPlayerNativeActivity.onTouchEvent(false)
I/org.umd.logging(14815): Method > 1 com.unity3d.player.k$1.run(com.unity3d.player.k$1@428560285)
I/org.umd.logging(14815): Method > 1 com.unity3d.player.UnityPlayerNativeActivity.onTouchEvent(com.prime31.UnityPlayerNativeActivity@572129094<activity=true>, android.view.MotionEvent@523439460)
I/org.umd.logging(14815): Method < 1 com.unity3d.player.UnityPlayerNativeActivity.onTouchEvent(false)
I/org.umd.logging(14815): Method > 1 com.unity3d.player.k$1.run(com.unity3d.player.k$1@428560285)
I/org.umd.logging(14815): Method > 1 com.unity3d.player.UnityPlayerNativeActivity.onTouchEvent(com.prime31.UnityPlayerNativeActivity@572129094<activity=true>, android.view.MotionEvent@371809229)
I/org.umd.logging(14815): Method < 1 com.unity3d.player.UnityPlayerNativeActivity.onTouchEvent(false)
I/org.umd.logging(14815): Method > 1 com.unity3d.player.k$1.run(com.unity3d.player.k$1@428560285)
I/org.umd.logging(14815): Method < 1 com.unity3d.player.k$1.run()
I/org.umd.logging(14815): Method > 1 com.unity3d.player.k$1.run(com.unity3d.player.k$1@428560285)
I/org.umd.logging(14815): Method < 1 com.unity3d.player.k$1.run()
I/org.umd.logging(14815): Method > 1 com.unity3d.player.k$1.run(com.unity3d.player.k$1@428560285)
W/ResourceType(14815): No known package when getting name for resource number 0xffffffff
I/org.umd.logging(14815): Method > 672 com.unity3d.player.UnityPlayer.executeGLThreadJobs(com.unity3d.player.UnityPlayer@7826935<file=2016-12-06_01:07:13.806><x=0><y=0><width=1196><height=768><id=-1>)
I/org.umd.logging(14815): Method < 1 com.unity3d.player.k$1.run()
I/org.umd.logging(14815): Method < 672 com.unity3d.player.UnityPlayer.executeGLThreadJobs()
E/Cataloger( 5092): syncFile:/storage/emulated/0/2016-12-06_01:07:13.806.jpg
I/org.umd.logging(14815): Method > 1 com.unity3d.player.k$1.run(com.unity3d.player.k$1@428560285)
I/org.umd.logging(14815): Method < 1 com.unity3d.player.k$1.run()
I/org.umd.logging(14815): Method > 1 com.unity3d.player.k$1.run(com.unity3d.player.k$1@428560285)
W/ResourceType(14815): No known package when getting name for resource number 0xffffffff
I/org.umd.logging(14815): Method > 672 com.unity3d.player.UnityPlayer.executeGLThreadJobs(com.unity3d.player.UnityPlayer@7826935<file=><x=0><y=0><width=1196><height=768><id=-1>)
I/org.umd.logging(14815): Method < 672 com.unity3d.player.UnityPlayer.executeGLThreadJobs()
E/Cataloger( 5092): syncFile:/storage/emulated/0/2016-12-06_01:07:13.917.jpg
E/Cataloger( 5092): syncFile:/storage/emulated/0/2016-12-06_01:07:13.950.jpg
W/ResourceType(14815): No known package when getting name for resource number 0xffffffff
I/org.umd.logging(14815): Method > 1 com.unity3d.player.UnityPlayer.onTouchEvent(com.unity3d.player.UnityPlayer@7826935<file=2016-12-06_01:07:13.917><x=0><y=0><width=1196><height=768><id=-1>, android.view.MotionEvent@1036390291)
I/org.umd.logging(14815): Method < 1 com.unity3d.player.UnityPlayer.onTouchEvent(false)
I/org.umd.logging(14815): Method > 1 com.unity3d.player.UnityPlayerNativeActivity.onTouchEvent(com.prime31.UnityPlayerNativeActivity@572129094<activity=true>, android.view.MotionEvent@1036390291)
I/org.umd.logging(14815): Method < 1 com.unity3d.player.UnityPlayerNativeActivity.onTouchEvent(false)
I/org.umd.logging(14815): Method > 1 com.unity3d.player.k$1.run(com.unity3d.player.k$1@428560285)
I/org.umd.logging(14815): Method < 1 com.unity3d.player.k$1.run()
E/Cataloger( 5092): syncFile:/storage/emulated/0/2016-12-06_01:07:13.917.jpg
W/ResourceType(14815): No known package when getting name for resource number 0xffffffff
I/org.umd.logging(14815): Method > 672 com.unity3d.player.UnityPlayer.executeGLThreadJobs(com.unity3d.player.UnityPlayer@7826935<file=2016-12-06_01:07:13.950><x=0><y=0><width=1196><height=768><id=-1>)
I/org.umd.logging(14815): Method < 672 com.unity3d.player.UnityPlayer.executeGLThreadJobs()
E/Cataloger( 5092): syncFile:/storage/emulated/0/2016-12-06_01:07:13.950.jpg
I/org.umd.logging(14815): Method > 1 com.unity3d.player.k$1.run(com.unity3d.player.k$1@428560285)
I/org.umd.logging(14815): Method > 1 com.unity3d.player.UnityPlayerNativeActivity.onTouchEvent(com.prime31.UnityPlayerNativeActivity@572129094<activity=true>, android.view.MotionEvent@80059344)
I/org.umd.logging(14815): Method < 1 com.unity3d.player.UnityPlayerNativeActivity.onTouchEvent(false)
I/org.umd.logging(14815): Method > 1 com.unity3d.player.k$1.run(com.unity3d.player.k$1@428560285)
I/org.umd.logging(14815): Method > 1 com.unity3d.player.UnityPlayerNativeActivity.onTouchEvent(com.prime31.UnityPlayerNativeActivity@572129094<activity=true>, android.view.MotionEvent@276621257)
I/org.umd.logging(14815): Method < 1 com.unity3d.player.UnityPlayerNativeActivity.onTouchEvent(false)
I/org.umd.logging(14815): Method > 1 com.unity3d.player.k$1.run(com.unity3d.player.k$1@428560285)
I/org.umd.logging(14815): Method < 1 com.unity3d.player.k$1.run()
I/org.umd.logging(14815): Method > 1 com.unity3d.player.k$1.run(com.unity3d.player.k$1@428560285)
I/org.umd.logging(14815): Method < 1 com.unity3d.player.k$1.run()
E/Cataloger( 5092): syncFile:/storage/emulated/0/2016-12-06_01:07:14.091.jpg
W/ResourceType(14815): No known package when getting name for resource number 0xffffffff
I/org.umd.logging(14815): Method > 672 com.unity3d.player.UnityPlayer.executeGLThreadJobs(com.unity3d.player.UnityPlayer@7826935<file=2016-12-06_01:07:14.091><x=0><y=0><width=1196><height=768><id=-1>)
I/org.umd.logging(14815): Method < 672 com.unity3d.player.UnityPlayer.executeGLThreadJobs()
E/Cataloger( 5092): syncFile:/storage/emulated/0/2016-12-06_01:07:14.091.jpg
I/org.umd.logging(14815): Method > 1 com.unity3d.player.k$1.run(com.unity3d.player.k$1@428560285)
W/ResourceType(14815): No known package when getting name for resource number 0xffffffff
I/org.umd.logging(14815): Method > 672 com.unity3d.player.UnityPlayer.executeGLThreadJobs(com.unity3d.player.UnityPlayer@7826935<file=><x=0><y=0><width=1196><height=768><id=-1>)
I/org.umd.logging(14815): Method < 672 com.unity3d.player.UnityPlayer.executeGLThreadJobs()
E/Cataloger( 5092): syncFile:/storage/emulated/0/2016-12-06_01:07:14.211.jpg
E/Cataloger( 5092): syncFile:/storage/emulated/0/2016-12-06_01:07:14.252.jpg
W/ResourceType(14815): No known package when getting name for resource number 0xffffffff
I/org.umd.logging(14815): Method > 1 com.unity3d.player.UnityPlayer.onTouchEvent(com.unity3d.player.UnityPlayer@7826935<file=2016-12-06_01:07:14.211><x=0><y=0><width=1196><height=768><id=-1>, android.view.MotionEvent@968364527)
I/org.umd.logging(14815): Method < 1 com.unity3d.player.UnityPlayer.onTouchEvent(false)
I/org.umd.logging(14815): Method > 1 com.unity3d.player.UnityPlayerNativeActivity.onTouchEvent(com.prime31.UnityPlayerNativeActivity@572129094<activity=true>, android.view.MotionEvent@968364527)
I/org.umd.logging(14815): Method < 1 com.unity3d.player.UnityPlayerNativeActivity.onTouchEvent(false)
I/org.umd.logging(14815): Method > 1 com.unity3d.player.k$1.run(com.unity3d.player.k$1@428560285)
I/org.umd.logging(14815): Method > 1 com.unity3d.player.UnityPlayerNativeActivity.onTouchEvent(com.prime31.UnityPlayerNativeActivity@572129094<activity=true>, android.view.MotionEvent@917546236)
I/org.umd.logging(14815): Method < 1 com.unity3d.player.UnityPlayerNativeActivity.onTouchEvent(false)
I/org.umd.logging(14815): Method > 1 com.unity3d.player.k$1.run(com.unity3d.player.k$1@428560285)
I/org.umd.logging(14815): Method > 1 com.unity3d.player.UnityPlayerNativeActivity.onTouchEvent(com.prime31.UnityPlayerNativeActivity@572129094<activity=true>, android.view.MotionEvent@845363077)
I/org.umd.logging(14815): Method < 1 com.unity3d.player.UnityPlayerNativeActivity.onTouchEvent(false)
I/org.umd.logging(14815): Method > 1 com.unity3d.player.k$1.run(com.unity3d.player.k$1@428560285)
I/org.umd.logging(14815): Method < 1 com.unity3d.player.k$1.run()
I/org.umd.logging(14815): Method > 1 com.unity3d.player.k$1.run(com.unity3d.player.k$1@428560285)
I/org.umd.logging(14815): Method < 1 com.unity3d.player.k$1.run()
I/org.umd.logging(14815): Method > 1 com.unity3d.player.k$1.run(com.unity3d.player.k$1@428560285)
I/org.umd.logging(14815): Method < 1 com.unity3d.player.k$1.run()
E/Cataloger( 5092): syncFile:/storage/emulated/0/2016-12-06_01:07:14.211.jpg
W/ResourceType(14815): No known package when getting name for resource number 0xffffffff
I/org.umd.logging(14815): Method > 672 com.unity3d.player.UnityPlayer.executeGLThreadJobs(com.unity3d.player.UnityPlayer@7826935<file=2016-12-06_01:07:14.252><x=0><y=0><width=1196><height=768><id=-1>)
I/org.umd.logging(14815): Method < 672 com.unity3d.player.UnityPlayer.executeGLThreadJobs()
E/Cataloger( 5092): syncFile:/storage/emulated/0/2016-12-06_01:07:14.252.jpg
I/org.umd.logging(14815): Method > 1 com.unity3d.player.k$1.run(com.unity3d.player.k$1@428560285)
E/Cataloger( 5092): syncFile:/storage/emulated/0/2016-12-06_01:07:14.385.jpg
E/Cataloger( 5092): syncFile:/storage/emulated/0/2016-12-06_01:07:14.379.jpg
W/ResourceType(14815): No known package when getting name for resource number 0xffffffff
I/org.umd.logging(14815): Method > 672 com.unity3d.player.UnityPlayer.executeGLThreadJobs(com.unity3d.player.UnityPlayer@7826935<file=2016-12-06_01:07:14.385><x=0><y=0><width=1196><height=768><id=-1>)
I/org.umd.logging(14815): Method < 672 com.unity3d.player.UnityPlayer.executeGLThreadJobs()
E/Cataloger( 5092): syncFile:/storage/emulated/0/2016-12-06_01:07:14.385.jpg
W/ResourceType(14815): No known package when getting name for resource number 0xffffffff
I/org.umd.logging(14815): Method > 1 com.unity3d.player.UnityPlayer.onTouchEvent(com.unity3d.player.UnityPlayer@7826935<file=2016-12-06_01:07:14.379><x=0><y=0><width=1196><height=768><id=-1>, android.view.MotionEvent@621238746)
I/org.umd.logging(14815): Method < 1 com.unity3d.player.UnityPlayer.onTouchEvent(false)
E/Cataloger( 5092): syncFile:/storage/emulated/0/2016-12-06_01:07:14.379.jpg
I/org.umd.logging(14815): Method > 1 com.unity3d.player.UnityPlayerNativeActivity.onTouchEvent(com.prime31.UnityPlayerNativeActivity@572129094<activity=true>, android.view.MotionEvent@621238746)
I/org.umd.logging(14815): Method < 1 com.unity3d.player.UnityPlayerNativeActivity.onTouchEvent(false)
I/org.umd.logging(14815): Method > 1 com.unity3d.player.k$1.run(com.unity3d.player.k$1@428560285)
I/org.umd.logging(14815): Method > 1 com.unity3d.player.UnityPlayerNativeActivity.onTouchEvent(com.prime31.UnityPlayerNativeActivity@572129094<activity=true>, android.view.MotionEvent@438165003)
I/org.umd.logging(14815): Method < 1 com.unity3d.player.UnityPlayerNativeActivity.onTouchEvent(false)
I/org.umd.logging(14815): Method > 1 com.unity3d.player.k$1.run(com.unity3d.player.k$1@428560285)
I/org.umd.logging(14815): Method < 1 com.unity3d.player.k$1.run()
I/org.umd.logging(14815): Method > 1 com.unity3d.player.k$1.run(com.unity3d.player.k$1@428560285)
I/org.umd.logging(14815): Method < 1 com.unity3d.player.k$1.run()
E/Cataloger( 5092): syncFile:/storage/emulated/0/2016-12-06_01:07:14.495.jpg
W/ResourceType(14815): No known package when getting name for resource number 0xffffffff
I/org.umd.logging(14815): Method > 672 com.unity3d.player.UnityPlayer.executeGLThreadJobs(com.unity3d.player.UnityPlayer@7826935<file=2016-12-06_01:07:14.495><x=0><y=0><width=1196><height=768><id=-1>)
I/org.umd.logging(14815): Method < 672 com.unity3d.player.UnityPlayer.executeGLThreadJobs()
E/Cataloger( 5092): syncFile:/storage/emulated/0/2016-12-06_01:07:14.495.jpg
I/org.umd.logging(14815): Method > 1 com.unity3d.player.k$1.run(com.unity3d.player.k$1@428560285)
