E/SQLiteLog( 1212): (2067) abort at 35 in [INSERT INTO context(context_name,end_time,context_family,module_id,version,sync_state_mod_time_millis,start_time,sync_state,context_id,time_type,proto_blob) VALUES (?,?,?,?,?,?,?,?,?,?,?)]: UNI
E/SQLiteLog( 1212): (2067) abort at 35 in [INSERT INTO context(context_name,end_time,context_family,module_id,version,sync_state_mod_time_millis,start_time,sync_state,context_id,time_type,proto_blob) VALUES (?,?,?,?,?,?,?,?,?,?,?)]: UNI
E/SQLiteLog( 1212): (2067) abort at 35 in [INSERT INTO context(context_name,end_time,context_family,module_id,version,sync_state_mod_time_millis,start_time,sync_state,context_id,time_type,proto_blob) VALUES (?,?,?,?,?,?,?,?,?,?,?)]: UNI
E/SQLiteLog( 1212): (2067) abort at 35 in [INSERT INTO context(context_name,end_time,context_family,module_id,version,sync_state_mod_time_millis,start_time,sync_state,context_id,time_type,proto_blob) VALUES (?,?,?,?,?,?,?,?,?,?,?)]: UNI
E/SQLiteLog( 1212): (2067) abort at 35 in [INSERT INTO context(context_name,end_time,context_family,module_id,version,sync_state_mod_time_millis,start_time,sync_state,context_id,time_type,proto_blob) VALUES (?,?,?,?,?,?,?,?,?,?,?)]: UNI
E/SQLiteLog( 1212): (2067) abort at 35 in [INSERT INTO context(context_name,end_time,context_family,module_id,version,sync_state_mod_time_millis,start_time,sync_state,context_id,time_type,proto_blob) VALUES (?,?,?,?,?,?,?,?,?,?,?)]: UNI
E/SQLiteLog( 1212): (2067) abort at 35 in [INSERT INTO context(context_name,end_time,context_family,module_id,version,sync_state_mod_time_millis,start_time,sync_state,context_id,time_type,proto_blob) VALUES (?,?,?,?,?,?,?,?,?,?,?)]: UNI
E/SQLiteLog( 1212): (2067) abort at 35 in [INSERT INTO context(context_name,end_time,context_family,module_id,version,sync_state_mod_time_millis,start_time,sync_state,context_id,time_type,proto_blob) VALUES (?,?,?,?,?,?,?,?,?,?,?)]: UNI
E/SQLiteLog( 1212): (2067) abort at 35 in [INSERT INTO context(context_name,end_time,context_family,module_id,version,sync_state_mod_time_millis,start_time,sync_state,context_id,time_type,proto_blob) VALUES (?,?,?,?,?,?,?,?,?,?,?)]: UNI
E/SQLiteLog( 1212): (2067) abort at 35 in [INSERT INTO context(context_name,end_time,context_family,module_id,version,sync_state_mod_time_millis,start_time,sync_state,context_id,time_type,proto_blob) VALUES (?,?,?,?,?,?,?,?,?,?,?)]: UNI
I/DownloadManagerWrapper(  884): onReceive() : Charging = true
E/WifiStateMachine(  588): WifiStateMachine CMD_START_SCAN source -2 txSuccessRate=0.00 rxSuccessRate=0.01 targetRoamBSSID=any RSSI=-54
I/ActivityManager(  588): Killing 9828:com.google.android.gms.feedback/u0a8 (adj 13): empty for 1811s
I/ActivityManager(  588): Killing 9774:com.android.externalstorage/u0a7 (adj 13): empty for 1819s
I/ActivityManager(  588): Killing 9743:com.android.documentsui/u0a43 (adj 15): empty for 1819s
I/ActivityManager(  588): Killing 6301:com.halfbrick.fruitninjafree/u0a115 (adj 15): empty for 1819s
I/DownloadManagerWrapper(  884): onReceive() : Charging = true
I/DownloadManagerWrapper(  884): onReceive() : Charging = true
I/DownloadManagerWrapper(  884): onReceive() : Charging = true
D/AndroidRuntime(13442): >>>>>> START com.android.internal.os.RuntimeInit uid 0 <<<<<<
D/AndroidRuntime(13442): CheckJNI is OFF
D/AndroidRuntime(13442): Calling main entry com.android.commands.pm.Pm
I/Finsky  ( 1524): [1] com.google.android.vending.verifier.PackageVerificationReceiver.onReceive(40): Verification requested, id = 11
I/Finsky  ( 1524): [153] com.google.android.finsky.services.ForegroundCoordinator.a(102): Task 7 requested foreground
I/Finsky  ( 1524): [153] com.google.android.finsky.services.ForegroundCoordinator.a(114): Not entering foreground
I/Finsky  ( 1524): [1] com.google.android.vending.verifier.ak.a_(1747): Verification id=11 response=0
I/Finsky  ( 1524): [1] com.google.android.vending.verifier.ae.c(192): Verification complete: id=11, package_name=com.xbubble.bubbleisland2
I/Finsky  ( 1524): [1] com.google.android.vending.verifier.ae.f(13974): Verifying id=11, result=1
D/DefContainer( 6046): Copying /data/local/tmp/com.xbubble.bubbleisland2-20141023.apk to base.apk
D/PackageManager(  588): Renaming /data/app/vmdl1747556849.tmp to /data/app/com.xbubble.bubbleisland2-1
I/PackageManager(  588): Running dexopt on: /data/app/com.xbubble.bubbleisland2-1/base.apk pkg=com.xbubble.bubbleisland2 isa=arm vmSafeMode=false
I/dex2oat (13459): /system/bin/dex2oat --zip-fd=6 --zip-location=/data/app/com.xbubble.bubbleisland2-1/base.apk --oat-fd=7 --oat-location=/data/dalvik-cache/arm/data@app@com.xbubble.bubbleisland2-1@base.apk@classes.dex --instruction-set=arm --instruction-set-features=div --runtime-arg -Xms64m --runtime-arg -Xmx512m --swap-fd=8
I/PlayCommon( 1524): [149] com.google.android.play.a.g.e(862): Preparing logs for uploading
I/PlayCommon( 1524): [149] com.google.android.play.a.g.e(864): No file ready to send
I/dex2oat (13459): Decided to run without swap.
E/WifiStateMachine(  588): WifiStateMachine CMD_START_SCAN source -2 txSuccessRate=5.75 rxSuccessRate=5.25 targetRoamBSSID=any RSSI=-55
I/dex2oat (13459): dex2oat took 3.920s (threads: 4) arena alloc=1014KB java alloc=3MB native alloc=8MB free=1078KB
W/PackageSettings(  588): Skipping PackageSetting{184c3a0b game2048.b2048game.twozerofoureight2048.game/10128} due to missing metadata
W/PackageSettings(  588): Skipping PackageSetting{184c3a0b game2048.b2048game.twozerofoureight2048.game/10128} due to missing metadata
V/BackupManagerService(  588): restoreAtInstall pkg=com.xbubble.bubbleisland2 token=c restoreSet=302bd2dde5092e2a
D/BackupManagerService(  588): MSG_RUN_RESTORE observer=null
I/Backup  ( 1212): [GmsBackupTransport] New restore session, 2 apps
I/art     (  588): Explicit concurrent mark sweep GC freed 154437(7MB) AllocSpace objects, 36(2MB) LOS objects, 33% free, 23MB/35MB, paused 1.678ms total 121.745ms
W/Conscrypt( 1212): Could not set socket write timeout: null
W/Conscrypt( 1212): Could not set socket write timeout: null
I/GmsBackupTransport( 1212): Http Response Code : 200
E/BackupManagerService(  588): Required metadata but got 
I/Backup  ( 1212): [GmsBackupTransport] restore finished
I/BackupRestoreController(  588): restoreFinished for 0
I/BackupManagerService(  588): Restore complete.
I/InputReader(  588): Reconfiguring input devices.  changes=0x00000010
W/ActivityManager(  588): Skipping broadcast of Intent { act=android.intent.action.PACKAGE_ADDED dat=package:com.xbubble.bubbleisland2 flg=0x4000010 (has extras) }: user 10 is stopped
W/Settings(  588): Setting install_non_market_apps has moved from android.provider.Settings.Global to android.provider.Settings.Secure, returning read-only value.
W/ResourcesManager(  588): Asset path '/system/framework/com.google.widevine.software.drm.jar' does not exist or contains no resources.
W/InputMethodInfo(  588): Duplicated subtype definition found: , voice
W/BackupManagerService(  588): dataChanged but no participant pkg='com.android.providers.settings' uid=10098
D/BackupManagerService(  588): Received broadcast Intent { act=android.intent.action.PACKAGE_ADDED dat=package:com.xbubble.bubbleisland2 flg=0x4000010 (has extras) }
I/Finsky  ( 1524): [1] com.google.android.finsky.utils.bj.run(2299): Package state data is missing for com.xbubble.bubbleisland2
I/WearableService( 1212): Wear is not allowed to run on this device. Not starting Wear service.
E/Finsky  ( 1524): [1] com.google.android.finsky.wear.bp.a(843): onConnectionFailed: ConnectionResult{statusCode=API_UNAVAILABLE, resolution=null, message=null}
I/Finsky  ( 1524): [1] com.google.android.finsky.wear.an.run(2399): Dropping command=send_installed_apps due to Gms not connected
I/UpdateIcingCorporaServi( 7744): Updating corpora: APPS=com.xbubble.bubbleisland2, CONTACTS=MAYBE
W/ActivityManager(  588): getTasks: caller 10098 does not hold REAL_GET_TASKS; limiting output
I/ActivityManager(  588): START u0 {flg=0x10800000 cmp=com.estrongs.android.pop/.app.InstallMonitorActivity (has extras)} from uid 10098 on display 0
V/WindowManager(  588): addAppToken: AppWindowToken{38ad1a35 token=Token{361ea46c ActivityRecord{3189a91f u0 com.estrongs.android.pop/.app.InstallMonitorActivity t52}}} to stack=1 task=52 at 0
W/ActivityManager(  588): getTasks: caller 10098 does not hold REAL_GET_TASKS; limiting output
W/FlurryAgent( 5532): Flurry session started for context:com.estrongs.android.pop.app.InstallMonitorActivity@36cd3fd3
W/FlurryAgent( 5532): Flurry session resumed for context:com.estrongs.android.pop.app.InstallMonitorActivity@36cd3fd3
W/InputMethodManagerService(  588): Window already focused, ignoring focus gain of: com.android.internal.view.IInputMethodClient$Stub$Proxy@3f5180f attribute=null, token = android.os.BinderProxy@32e884a5
I/art     (  588): Explicit concurrent mark sweep GC freed 17161(836KB) AllocSpace objects, 3(1404KB) LOS objects, 33% free, 22MB/33MB, paused 2.563ms total 286.250ms
I/art     (13442): System.exit called, status: 0
I/AndroidRuntime(13442): VM exiting with result code 0.
W/IcingInternalCorpora( 2359): getNumBytesRead when not calculated.
W/FlurryAgent( 5532): Flurry session paused for context:com.estrongs.android.pop.app.InstallMonitorActivity@36cd3fd3
I/Icing   ( 2359): Usage reports 0 indexed 0 rejected 0 imm upload false
I/Icing   ( 2359): Usage reports 0 indexed 0 rejected 0 imm upload false
I/UpdateIcingCorporaServi( 7744): UpdateCorporaTask done [took 233 ms] updated apps [took 233 ms] 
E/Cataloger( 5532): syncFile:/storage/emulated/0/backups/system/.timestamp
E/Cataloger( 5532): need not sync path:/storage/emulated/0/backups/system/.timestamp
I/Icing   ( 2359): Usage reports 0 indexed 0 rejected 0 imm upload true
W/ResourcesManager(  980): Asset path '/system/framework/com.google.android.maps.jar' does not exist or contains no resources.
E/Cataloger( 5532): syncFile:/storage/emulated/0/Android/data/com.estrongs.android.pop/recomm/setting.download.tmp.tmp
E/Cataloger( 5532): need not sync path:/storage/emulated/0/Android/data/com.estrongs.android.pop/recomm/setting.download.tmp.tmp
E/Cataloger( 5532): syncFile:/storage/emulated/0/Android/data/com.estrongs.android.pop/recomm/setting.download.tmp.tmp
E/Cataloger( 5532): need not sync path:/storage/emulated/0/Android/data/com.estrongs.android.pop/recomm/setting.download.tmp.tmp
E/AppsCustomizePagedView(  980): Widget ComponentInfo{pl.bialorucki.computerquotes/pl.bialorucki.computerquotes.QuoteOfDay} has invalid dimensions (0, 0)
E/Cataloger( 5532): syncFile:/storage/emulated/0/Android/data/com.estrongs.android.pop/recomm/setting.download.tmp.tmp
E/Cataloger( 5532): need not sync path:/storage/emulated/0/Android/data/com.estrongs.android.pop/recomm/setting.download.tmp.tmp
W/FlurryAgent( 5532): Analytics report sent.
I/Icing   ( 2359): Indexing 5944125298544D7A097FCC8A6E8898C3EF1BF63F from com.google.android.googlequicksearchbox
E/Cataloger( 5532): syncFile:/storage/emulated/0/Android/data/com.estrongs.android.pop/recomm/setting.download.tmp.tmp
E/Cataloger( 5532): need not sync path:/storage/emulated/0/Android/data/com.estrongs.android.pop/recomm/setting.download.tmp.tmp
E/Cataloger( 5532): syncFile:/storage/emulated/0/Android/data/com.estrongs.android.pop/recomm/setting.download.tmp.tmp
E/Cataloger( 5532): need not sync path:/storage/emulated/0/Android/data/com.estrongs.android.pop/recomm/setting.download.tmp.tmp
E/Cataloger( 5532): syncFile:/storage/emulated/0/Android/data/com.estrongs.android.pop/recomm/setting.download.tmp.tmp
E/Cataloger( 5532): need not sync path:/storage/emulated/0/Android/data/com.estrongs.android.pop/recomm/setting.download.tmp.tmp
I/Icing   ( 2359): Indexing 130FE3E93EE167F3737B4614BA43191AA05BC277 from com.google.android.gms
I/Icing   ( 2359): Indexing done 5944125298544D7A097FCC8A6E8898C3EF1BF63F
I/Icing   ( 2359): Indexing done 130FE3E93EE167F3737B4614BA43191AA05BC277
I/DownloadManagerWrapper(  884): onReceive() : Charging = true
I/DownloadManagerWrapper(  884): onReceive() : Charging = true
E/Cataloger( 5532): syncFile:/storage/emulated/0/Android/data/com.estrongs.android.pop/recomm/setting.download.tmp.tmp
E/Cataloger( 5532): need not sync path:/storage/emulated/0/Android/data/com.estrongs.android.pop/recomm/setting.download.tmp.tmp
E/Cataloger( 5532): 
E/Cataloger( 5532): syncFile:/storage/emulated/0/Android/data/com.estrongs.android.pop/recomm/setting.download.tmp
E/Cataloger( 5532): need not sync path:/storage/emulated/0/Android/data/com.estrongs.android.pop/recomm/setting.download.tmp
E/Cataloger( 5532): 
W/FlurryAgent( 5532): Flurry session ended
W/FlurryAgent( 5532): Analytics report sent.
I/DownloadManagerWrapper(  884): onReceive() : Charging = true
I/Finsky  ( 1524): [138] com.google.android.finsky.c.e.run(1152): Replicating app states via AMAS.
I/Finsky  ( 1524): [138] com.google.android.finsky.c.c.a(314): Completed 0 account content syncs with 0 successful.
I/Finsky  ( 1524): [1] com.google.android.finsky.services.j.a(148): Installation state replication succeeded.
E/WifiStateMachine(  588): WifiStateMachine CMD_START_SCAN source -2 txSuccessRate=5.97 rxSuccessRate=3.18 targetRoamBSSID=any RSSI=-53
I/DownloadManagerWrapper(  884): onReceive() : Charging = true
E/MtpServerJNI(  766): server is null in send_object_removed
I/DownloadManagerWrapper(  884): onReceive() : Charging = true
I/DownloadManagerWrapper(  884): onReceive() : Charging = true
E/WifiStateMachine(  588): WifiStateMachine CMD_START_SCAN source -2 txSuccessRate=2.00 rxSuccessRate=0.82 targetRoamBSSID=any RSSI=-52
I/DownloadManagerWrapper(  884): onReceive() : Charging = true
I/DownloadManagerWrapper(  884): onReceive() : Charging = true
I/DownloadManagerWrapper(  884): onReceive() : Charging = true
E/WifiStateMachine(  588): WifiStateMachine CMD_START_SCAN source -2 txSuccessRate=0.52 rxSuccessRate=0.01 targetRoamBSSID=any RSSI=-53
I/GrammarCompilationSvcCt( 7744): #startService for null, APP_NAMES.
I/ContextCompilationHandl( 7744): Compiling grammar for: en-US, type=APP_NAMES
W/IcingInternalCorpora( 2359): getNumBytesRead when not calculated.
I/Icing   ( 2359): Query from com.google.android.googlequicksearchbox package restrict com.google.android.gms start 0 num 1000
I/Icing   ( 2359): Usage reports 0 indexed 0 rejected 0 imm upload true
I/Icing   ( 2359): Usage reports 0 indexed 0 rejected 0 imm upload true
E/native  ( 7744): :0 Cannot transform: 2048
W/native  ( 7744): :0 Cannot transform: 2048
E/native  ( 7744): :0 Cannot transform: 2048
W/native  ( 7744): :0 Cannot transform: 2048
W/native  ( 7744): :0 Phrase not compiled:
W/native  ( 7744): written_phrase {
W/native  ( 7744):   weight: 1
W/native  ( 7744):   written_word: "2048"
W/native  ( 7744):   original_phrase: "2048"
W/native  ( 7744): }
W/native  ( 7744): spoken_phrase {
W/native  ( 7744):   spoken_forms {
W/native  ( 7744):     variant: "2048"
W/native  ( 7744):   }
W/native  ( 7744): }
W/native  ( 7744): 
W/native  ( 7744): Unknown grapheme: '2'
W/native  ( 7744): :0 Phrase not compiled:
W/native  ( 7744): written_phrase {
W/native  ( 7744):   weight: 1
W/native  ( 7744):   written_word: "2048"
W/native  ( 7744):   original_phrase: "2048"
W/native  ( 7744): }
W/native  ( 7744): spoken_phrase {
W/native  ( 7744):   spoken_forms {
W/native  ( 7744):     variant: "2048"
W/native  ( 7744):   }
W/native  ( 7744): }
W/native  ( 7744): 
W/native  ( 7744): Unknown grapheme: '2'
I/DownloadManagerWrapper(  884): onReceive() : Charging = true
I/DownloadManagerWrapper(  884): onReceive() : Charging = true
I/DownloadManagerWrapper(  884): onReceive() : Charging = true
E/WifiStateMachine(  588): WifiStateMachine CMD_START_SCAN source -2 txSuccessRate=0.21 rxSuccessRate=0.06 targetRoamBSSID=any RSSI=-52
I/DownloadManagerWrapper(  884): onReceive() : Charging = true
I/DownloadManagerWrapper(  884): onReceive() : Charging = true
I/DownloadManagerWrapper(  884): onReceive() : Charging = true
E/WifiStateMachine(  588): WifiStateMachine CMD_START_SCAN source -2 txSuccessRate=0.00 rxSuccessRate=0.00 targetRoamBSSID=any RSSI=-54
I/DeviceStateChecker( 7744): screenOn: true, isCharging: true
I/DownloadManagerWrapper(  884): onReceive() : Charging = true
I/DownloadManagerWrapper(  884): onReceive() : Charging = true
I/DownloadManagerWrapper(  884): onReceive() : Charging = true
E/WifiStateMachine(  588): WifiStateMachine CMD_START_SCAN source -2 txSuccessRate=0.10 rxSuccessRate=0.10 targetRoamBSSID=any RSSI=-54
D/audio_hw_primary(  190): select_devices: out_snd_device(2: speaker) in_snd_device(0: none)
D/ACDB-LOADER(  190): ACDB -> send_afe_cal
D/audio_hw_primary(  190): enable_snd_device: snd_device(2: speaker)
D/audio_hw_primary(  190): enable_audio_route: apply and update mixer path: low-latency-playback
D/android.widget.GridLayout(  980): horizontal constraints: x1-x0>=350, x2-x1>=390, x2-x0<=736 are inconsistent; permanently removing: x2-x0<=736. 
I/ActivityManager(  588): START u0 {act=android.intent.action.MAIN cat=[android.intent.category.LAUNCHER] flg=0x10200000 cmp=com.xbubble.bubbleisland2/.MainActivity (has extras)} from uid 10014 on display 0
V/WindowManager(  588): addAppToken: AppWindowToken{1bef97fb token=Token{20e5058a ActivityRecord{3fa283f5 u0 com.xbubble.bubbleisland2/.MainActivity t53}}} to stack=1 task=53 at 0
V/WindowManager(  588): Adding window Window{165b65c4 u0 Starting com.xbubble.bubbleisland2} at 3 of 8 (after Window{208f07a u0 com.android.launcher/com.android.launcher2.Launcher})
I/ActivityManager(  588): Start proc 13645:com.xbubble.bubbleisland2/u0a224 for activity com.xbubble.bubbleisland2/.MainActivity
I/art     (  199): Explicit concurrent mark sweep GC freed 707(30KB) AllocSpace objects, 0(0B) LOS objects, 39% free, 7MB/11MB, paused 274us total 22.829ms
I/art     (  199): Explicit concurrent mark sweep GC freed 7(240B) AllocSpace objects, 0(0B) LOS objects, 40% free, 7MB/11MB, paused 244us total 25.026ms
I/org.umd.logging(13645): Method > 1 com.xbubble.bubbleisland2.MainActivity.onCreate(com.xbubble.bubbleisland2.MainActivity@159715295<activity=true>, null)
I/org.umd.logging(13645): Method > 1 org.cocos2dx.lib.Cocos2dxActivity.onCreate(com.xbubble.bubbleisland2.MainActivity@159715295<activity=true>, null)
I/org.umd.logging(13645): Method > 1 org.cocos2dx.lib.Cocos2dxActivity.onCreateView(com.xbubble.bubbleisland2.MainActivity@159715295<activity=true>)
I/art     (  199): Explicit concurrent mark sweep GC freed 5(160B) AllocSpace objects, 0(0B) LOS objects, 40% free, 7MB/11MB, paused 885us total 38.058ms
W/ResourceType(13645): No known package when getting name for resource number 0xffffffff
I/org.umd.logging(13645): Method < 1 org.cocos2dx.lib.Cocos2dxActivity.onCreateView(org.cocos2dx.lib.Cocos2dxGLSurfaceView@270122741<file=><x=0><y=0><width=0><height=0><id=-1>)
I/org.umd.logging(13645): Method < 1 org.cocos2dx.lib.Cocos2dxActivity.onCreate()
W/ResourcesManager(13645): Asset path '/system/framework/com.android.media.remotedisplay.jar' does not exist or contains no resources.
W/ResourcesManager(13645): Asset path '/system/framework/com.android.location.provider.jar' does not exist or contains no resources.
D/DynamitePackage(13645): Instantiated singleton DynamitePackage.
D/DynamitePackage(13645): Instantiating com.google.android.gms.ads.ChimeraAdManagerCreatorImpl
I/DynamiteModule(13645): Considering local module com.google.android.gms.piccard.dynamite:0 and remote module com.google.android.gms.piccard.dynamite:9
I/DynamiteModule(13645): Selected remote version of com.google.android.gms.piccard.dynamite, version >= 9
E/DynamiteModule(13645): Failed to load DynamiteLoader: java.lang.ClassNotFoundException: Didn't find class "com.google.android.gms.dynamite.DynamiteModule$DynamiteLoaderClassLoader" on path: DexPathList[[zip file "/data/app/com.xbubble.bubbleisland2-1/base.apk"],nativeLibraryDirectories=[/data/app/com.xbubble.bubbleisland2-1/lib/arm, /vendor/lib, /system/lib]]
W/DynamiteModule(13645): Failed to load remote module: Failed to get module context
W/DynamiteModule(13645): Failed to load module via fast routeajo: Remote load failed. No local fallback found.
I/DynamiteModule(13645): Considering local module com.google.android.gms.piccard.dynamite:0 and remote module com.google.android.gms.piccard.dynamite:9
I/DynamiteModule(13645): Selected remote version of com.google.android.gms.piccard.dynamite, version >= 9
I/dex2oat (13687): /system/bin/dex2oat --runtime-arg -classpath --runtime-arg  --instruction-set=arm --instruction-set-features=div --runtime-arg -Xrelocate --boot-image=/system/framework/boot.art --dex-file=/data/data/com.xbubble.bubbleisland2/cache/1470286953684.jar --oat-fd=25 --oat-location=/data/data/com.xbubble.bubbleisland2/cache/1470286953684.dex --runtime-arg -Xms64m --runtime-arg -Xmx512m
I/WebViewFactory(13645): Loading com.google.android.webview version 54.0.2840.85 (code 284008500)
I/art     (13645): Rejecting re-init on previously-failed class java.lang.Class<com.android.webview.chromium.TokenBindingManagerAdapter>
I/art     (13645): Rejecting re-init on previously-failed class java.lang.Class<com.android.webview.chromium.TokenBindingManagerAdapter>
I/art     (13645): Rejecting re-init on previously-failed class java.lang.Class<com.android.webview.chromium.ServiceWorkerControllerAdapter>
I/art     (13645): Rejecting re-init on previously-failed class java.lang.Class<com.android.webview.chromium.ServiceWorkerControllerAdapter>
I/cr_LibraryLoader(13645): Time to load native libraries: 5 ms (timestamps 652-657)
I/cr_LibraryLoader(13645): Expected native library version number "54.0.2840.85", actual native library version number "54.0.2840.85"
I/cr_LibraryLoader(13645): Expected native library version number "54.0.2840.85", actual native library version number "54.0.2840.85"
I/VideoCapabilities(13645): Unsupported profile 4 for video/mp4v-es
I/chromium(13645): [INFO:library_loader_hooks.cc(151)] Chromium logging enabled: level = 0, default verbosity = 0
I/cr_BrowserStartup(13645): Initializing chromium process, singleProcess=true
I/dex2oat (13687): dex2oat took 110.758ms (threads: 4) arena alloc=196KB java alloc=24KB native alloc=1174KB free=25KB
I/Adreno-EGL(13645): <qeglDrvAPI_eglInitialize:379>: QUALCOMM Build: 01/15/15, ab0075f, Id3510ff6dc
I/Ads     (13645): Starting ad request.
I/Ads     (13645): Use AdRequest.Builder.addTestDevice("1F480C9603A7924489313051413E5A68") to get test ads on this device.
I/Ads     (13645): Please set theme of AdActivity to @android:style/Theme.Translucent to enable transparent background interstitial ad.
D/DynamitePackage(13645): Instantiating com.google.android.gms.ads.ChimeraAdManagerCreatorImpl
I/Ads     (13645): Starting ad request.
I/Ads     (13645): Use AdRequest.Builder.addTestDevice("1F480C9603A7924489313051413E5A68") to get test ads on this device.
W/ActivityManager(  588): getRunningAppProcesses: caller 10224 does not hold REAL_GET_TASKS; limiting output
I/Ads     (13645): Please set theme of AdActivity to @android:style/Theme.Translucent to enable transparent background interstitial ad.
D/DynamitePackage(13645): Instantiating com.google.android.gms.ads.ChimeraAdManagerCreatorImpl
I/Ads     (13645): Starting ad request.
I/Ads     (13645): Use AdRequest.Builder.addTestDevice("1F480C9603A7924489313051413E5A68") to get test ads on this device.
W/ActivityManager(  588): getRunningAppProcesses: caller 10224 does not hold REAL_GET_TASKS; limiting output
I/Ads     (13645): Please set theme of AdActivity to @android:style/Theme.Translucent to enable transparent background interstitial ad.
I/org.umd.logging(13645): Method < 1 com.xbubble.bubbleisland2.MainActivity.onCreate()
I/org.umd.logging(13645): Method > 1 com.xbubble.bubbleisland2.MainActivity.onStart(com.xbubble.bubbleisland2.MainActivity@159715295<activity=true>)
I/org.umd.logging(13645): Method > 1 org.cocos2dx.lib.Cocos2dxActivity.onStart(com.xbubble.bubbleisland2.MainActivity@159715295<activity=true>)
I/org.umd.logging(13645): Method < 1 org.cocos2dx.lib.Cocos2dxActivity.onStart()
I/org.umd.logging(13645): Api > 1 android.os.HandlerThread.start(android.os.HandlerThread@910036166<thread=699>)
I/org.umd.logging(13645): Api < 1 android.os.HandlerThread.start()
I/org.umd.logging(13645): Api > 1 android.net.ConnectivityManager.getActiveNetworkInfo(android.net.ConnectivityManager@250779613)
I/org.umd.logging(13645): Api < 1 android.net.ConnectivityManager.getActiveNetworkInfo(android.net.NetworkInfo@949047843)
I/org.umd.logging(13645): Api > 1 android.net.ConnectivityManager.getActiveNetworkInfo(android.net.ConnectivityManager@250779613)
W/ActivityManager(  588): getRunningAppProcesses: caller 10224 does not hold REAL_GET_TASKS; limiting output
I/org.umd.logging(13645): Api < 1 android.net.ConnectivityManager.getActiveNetworkInfo(android.net.NetworkInfo@856020185)
I/org.umd.logging(13645): Method > 699 com.flurry.sdk.ff.run(com.flurry.sdk.dj$1@150513225)
W/FlurryAgent(13645): Start session with context: com.xbubble.bubbleisland2.MainActivity@9850fdf count:0
I/org.umd.logging(13645): Api > 1 android.location.LocationManager.getBestProvider(android.location.LocationManager@571618415, android.location.Criteria@219962885, true)
I/org.umd.logging(13645): Api < 1 android.location.LocationManager.getBestProvider(null)
I/org.umd.logging(13645): Method < 1 com.xbubble.bubbleisland2.MainActivity.onStart()
I/org.umd.logging(13645): Method > 1 com.xbubble.bubbleisland2.MainActivity.onResume(com.xbubble.bubbleisland2.MainActivity@159715295<activity=true>)
I/org.umd.logging(13645): Method > 1 org.cocos2dx.lib.Cocos2dxActivity.onResume(com.xbubble.bubbleisland2.MainActivity@159715295<activity=true>)
I/org.umd.logging(13645): Method > 1 org.cocos2dx.lib.Cocos2dxHelper.onResume()
I/org.umd.logging(13645): Method < 1 org.cocos2dx.lib.Cocos2dxHelper.onResume()
W/ResourceType(13645): No known package when getting name for resource number 0xffffffff
I/org.umd.logging(13645): Method > 1 org.cocos2dx.lib.Cocos2dxGLSurfaceView.onResume(org.cocos2dx.lib.Cocos2dxGLSurfaceView@270122741<file=><x=0><y=0><width=0><height=0><id=-1>)
I/org.umd.logging(13645): Method < 1 org.cocos2dx.lib.Cocos2dxGLSurfaceView.onResume()
I/org.umd.logging(13645): Method < 1 org.cocos2dx.lib.Cocos2dxActivity.onResume()
I/org.umd.logging(13645): Method > 661 org.cocos2dx.lib.Cocos2dxGLSurfaceView$3.run(org.cocos2dx.lib.Cocos2dxGLSurfaceView$3@571069825)
I/org.umd.logging(13645): Method < 1 com.xbubble.bubbleisland2.MainActivity.onResume()
I/org.umd.logging(13645): Method < 661 org.cocos2dx.lib.Cocos2dxGLSurfaceView$3.run()
D/OpenGLRenderer(13645): Use EGL_SWAP_BEHAVIOR_PRESERVED: true
D/Atlas   (13645): Validating map...
V/WindowManager(  588): Adding window Window{1c129466 u0 com.xbubble.bubbleisland2/com.xbubble.bubbleisland2.MainActivity} at 3 of 9 (before Window{165b65c4 u0 Starting com.xbubble.bubbleisland2})
D/ConnectivityService(  588): listenForNetwork for NetworkRequest [ id=27, legacyType=-1, [ Capabilities: INTERNET&NOT_RESTRICTED&TRUSTED] ]
D/ConnectivityService(  588): handleRegisterNetworkRequest checking NetworkAgentInfo [WIFI () - 102]
D/ConnectivityService(  588): apparently satisfied.  currentScore=60
D/ConnectivityManager.CallbackHandler(13645): CM callback handler got msg 524290
I/org.umd.logging(13645): Method > 1 com.flurry.sdk.ev.onReceive(com.flurry.sdk.ev@959180446, android.app.Application@882580439, android.content.Intent@744658511<action=android.net.conn.CONNECTIVITY_CHANGE><data=null><package=null><component=null><type=null><filter_hashcode=-1172645946><networkInfo=None><networkType=None><inetCondition=None><extraInfo=None><umd_Intent_key=None>)
I/org.umd.logging(13645): Api > 1 android.net.ConnectivityManager.getActiveNetworkInfo(android.net.ConnectivityManager@250779613)
I/org.umd.logging(13645): Api < 1 android.net.ConnectivityManager.getActiveNetworkInfo(android.net.NetworkInfo@1071661532)
I/org.umd.logging(13645): Method < 1 com.flurry.sdk.ev.onReceive()
I/org.umd.logging(13645): Method < 699 com.flurry.sdk.ff.run()
I/org.umd.logging(13645): Method > 699 com.flurry.sdk.ff.run(com.flurry.sdk.dj$2@330133946)
I/org.umd.logging(13645): Method < 699 com.flurry.sdk.ff.run()
I/org.umd.logging(13645): Method > 699 com.flurry.sdk.ff.run(com.flurry.sdk.dj$3@673030088)
I/org.umd.logging(13645): Method < 699 com.flurry.sdk.ff.run()
I/org.umd.logging(13645): Method > 699 com.flurry.sdk.ff.run(com.flurry.sdk.dj$4@112258950)
I/org.umd.logging(13645): Method < 699 com.flurry.sdk.ff.run()
I/org.umd.logging(13645): Method > 699 com.flurry.sdk.ff.run(com.flurry.sdk.dj$5@558952564)
I/org.umd.logging(13645): Method < 699 com.flurry.sdk.ff.run()
I/org.umd.logging(13645): Method > 699 com.flurry.sdk.ff.run(com.flurry.sdk.de$1@242702819)
I/org.umd.logging(13645): Method < 699 com.flurry.sdk.ff.run()
I/org.umd.logging(13645): Method > 699 com.flurry.sdk.ff.run(com.flurry.sdk.de$3@914915993)
I/org.umd.logging(13645): Method < 699 com.flurry.sdk.ff.run()
I/org.umd.logging(13645): Method > 699 com.flurry.sdk.ff.run(com.flurry.sdk.de$2@658223423)
I/org.umd.logging(13645): Method < 699 com.flurry.sdk.ff.run()
I/org.umd.logging(13645): Method > 699 com.flurry.sdk.ff.run(com.flurry.sdk.de$3@975559180)
I/OpenGLRenderer(13645): Initialized EGL, version 1.4
D/OpenGLRenderer(13645): Enabling debug mode 0
I/org.umd.logging(13645): Method < 699 com.flurry.sdk.ff.run()
I/org.umd.logging(13645): Method > 704 com.flurry.sdk.ff.run(com.flurry.sdk.eg$1$1@878331446)
I/org.umd.logging(13645): Method < 704 com.flurry.sdk.ff.run()
I/org.umd.logging(13645): Method > 704 com.flurry.sdk.ff.run(com.flurry.sdk.el@130294363)
I/org.umd.logging(13645): Api > 704 java.net.URL.openConnection(java.net.URL@1053127693<URL=https://data.flurry.com/aap.do>)
I/org.umd.logging(13645): Api < 704 java.net.URL.openConnection(com.android.okhttp.internal.http.HttpsURLConnectionImpl@875675920)
V/WindowManager(  588): Adding window Window{2e7155ec u0 SurfaceView} at 3 of 10 (before Window{1c129466 u0 com.xbubble.bubbleisland2/com.xbubble.bubbleisland2.MainActivity})
I/ActivityManager(  588): Displayed com.xbubble.bubbleisland2/.MainActivity: +1s121ms (total +2m0s688ms)
W/Herrevad( 2359): Invalid mccmnc 
W/Herrevad( 2359): Invalid mccmnc 
D/Device Model(13645): Nexus 4
I/Ads     ( 2359): Received log message: <Google:HTML> You are using version 4.5 of the Google Play services Ads SDK. Please consider updating your SDK to the most recent SDK version to get the latest features and bug fixes. See http://goo.gl/r2TRzC for instructions on how to get the latest version of Google Play services.
W/Adreno-ES20(13645): <core_glHint:84>: GL_INVALID_ENUM
I/Ads     ( 2359): Received log message: <Google:HTML> You are using version 4.5 of the Google Play services Ads SDK. Please consider updating your SDK to the most recent SDK version to get the latest features and bug fixes. See http://goo.gl/r2TRzC for instructions on how to get the latest version of Google Play services.
W/FlurryAgent(13645): FlurryDataSender: report 5204d739-364a-44a5-bdae-a1247e8ae0d9 sent. HTTP response: 200
I/org.umd.logging(13645): Method > 699 com.flurry.sdk.ff.run(com.flurry.sdk.dd$2@311719373)
I/org.umd.logging(13645): Method < 699 com.flurry.sdk.ff.run()
I/org.umd.logging(13645): Method > 699 com.flurry.sdk.ff.run(com.flurry.sdk.de$4@660060563)
I/org.umd.logging(13645): Method < 699 com.flurry.sdk.ff.run()
I/org.umd.logging(13645): Method > 699 com.flurry.sdk.ff.run(com.flurry.sdk.de$3@362216912)
I/org.umd.logging(13645): Method < 704 com.flurry.sdk.ff.run()
I/org.umd.logging(13645): Method < 699 com.flurry.sdk.ff.run()
I/org.umd.logging(13645): Method > 704 com.flurry.sdk.ff.run(com.flurry.sdk.eg$1$2@18436302)
I/org.umd.logging(13645): Method < 704 com.flurry.sdk.ff.run()
I/art     (13645): Rejecting re-init on previously-failed class java.lang.Class<com.android.webview.chromium.WebViewContentsClientAdapter$WebResourceErrorImpl>
I/art     (13645): Rejecting re-init on previously-failed class java.lang.Class<com.android.webview.chromium.WebViewContentsClientAdapter$WebResourceErrorImpl>
D/ConnectivityService(  588): listenForNetwork for NetworkRequest [ id=28, legacyType=-1, [ Capabilities: INTERNET&NOT_RESTRICTED&TRUSTED] ]
D/ConnectivityService(  588): handleRegisterNetworkRequest checking NetworkAgentInfo [WIFI () - 102]
D/ConnectivityService(  588): apparently satisfied.  currentScore=60
D/ConnectivityManager.CallbackHandler(13645): CM callback handler got msg 524290
I/art     (13645): Rejecting re-init on previously-failed class java.lang.Class<org.chromium.content.browser.FloatingWebActionModeCallback>
I/art     (13645): Rejecting re-init on previously-failed class java.lang.Class<org.chromium.content.browser.FloatingWebActionModeCallback>
I/DownloadManagerWrapper(  884): onReceive() : Charging = true
I/DownloadManagerWrapper(  884): onReceive() : Charging = true
W/cr_media(13645): Requires BLUETOOTH permission
I/cr_Ime  (13645): ImeThread is enabled.
I/cr_Ime  (13645): ImeThread is enabled.
I/cr_Ime  (13645): ImeThread is enabled.
E/libEGL  (13645): validate_display:255 error 3008 (EGL_BAD_DISPLAY)
W/cr_BindingManager(13645): Cannot call determinedVisibility() - never saw a connection for the pid: 13645
W/cr_BindingManager(13645): Cannot call determinedVisibility() - never saw a connection for the pid: 13645
W/cr_BindingManager(13645): Cannot call determinedVisibility() - never saw a connection for the pid: 13645
D/luajc   (13645): CCLuaJavaBridge::callJavaStaticMethod(lua_State *L)
W/art     (13645): Call to JNI FindClass with dots in name: "com.xbubble.bubbleisland2.MainActivity"
D/luajc   (13645): CCLuaJavaBridge::callJavaStaticMethod("com.xbubble.bubbleisland2.MainActivity", "renameFile", args, "(Ljava/lang/String;Ljava/lang/String;)Z") SUCCESS
D/luajc   (13645): CCLuaJavaBridge::callJavaStaticMethod(lua_State *L)
W/art     (13645): Call to JNI FindClass with dots in name: "com.xbubble.bubbleisland2.MainActivity"
D/luajc   (13645): CCLuaJavaBridge::callJavaStaticMethod("com.xbubble.bubbleisland2.MainActivity", "postData", args, "(Ljava/lang/String;Ljava/lang/String;)V") SUCCESS
I/org.umd.logging(13645): Method > 1 com.xbubble.bubbleisland2.MainActivity$6.run(com.xbubble.bubbleisland2.MainActivity$6@683259362)
I/org.umd.logging(13645): Method > 1 com.engine.network.AsyncHttpPost.onPreExecute(com.engine.network.AsyncHttpPost@477471792<atask=true>)
I/org.umd.logging(13645): Method < 1 com.engine.network.AsyncHttpPost.onPreExecute()
I/org.umd.logging(13645): Method < 1 com.xbubble.bubbleisland2.MainActivity$6.run()
I/org.umd.logging(13645): Method > 718 com.engine.network.AsyncHttpPost.doInBackground(com.engine.network.AsyncHttpPost@477471792<atask=true>, [Ljava.lang.String;@264819548)
I/org.umd.logging(13645): Api > 718 org.apache.http.impl.client.DefaultHttpClient.<init>(org.apache.http.impl.client.DefaultHttpClient@1059399659)
I/org.umd.logging(13645): Api < 718 org.apache.http.impl.client.DefaultHttpClient.<init>(org.apache.http.impl.client.DefaultHttpClient@1059399659)
E/MediaPlayer(13645): Should have subtitle controller already set
E/MediaPlayer(13645): Should have subtitle controller already set
I/org.umd.logging(13645): Api > 661 android.media.MediaPlayer.stop(android.media.MediaPlayer@324596998)
D/NuPlayerDriver(  190): stop(0xb81594d8)
I/org.umd.logging(13645): Api < 661 android.media.MediaPlayer.stop()
E/MediaPlayer(13645): Should have subtitle controller already set
E/MediaPlayer(13645): Should have subtitle controller already set
D/NuPlayerDriver(  190): seekTo(0xb81594d8) 0 ms
I/org.umd.logging(13645): Api > 661 android.media.MediaPlayer.start(android.media.MediaPlayer@324596998)
D/NuPlayerDriver(  190): start(0xb81594d8)
I/GenericSource(  190): start
I/org.umd.logging(13645): Api < 661 android.media.MediaPlayer.start()
D/audio_hw_primary(  190): select_devices: out_snd_device(2: speaker) in_snd_device(0: none)
D/audio_hw_primary(  190): enable_audio_route: apply and update mixer path: deep-buffer-playback
D/audio_hw_primary(  190): disable_audio_route: reset and update mixer path: low-latency-playback
I/org.umd.logging(13645): Method < 718 com.engine.network.AsyncHttpPost.doInBackground(null)
E/chromium(13645): [ERROR:interface_registry.cc(99)] Failed to locate a binder for interface: autofill::mojom::AutofillDriver
E/chromium(13645): [ERROR:interface_registry.cc(99)] Failed to locate a binder for interface: autofill::mojom::AutofillDriver
E/chromium(13645): [ERROR:interface_registry.cc(99)] Failed to locate a binder for interface: autofill::mojom::AutofillDriver
I/Ads     (13645): Ad finished loading.
I/Ads     (13645): Scheduling ad refresh 493000 milliseconds from now.
I/cr_Ime  (13645): ImeThread is enabled.
I/Ads     (13645): Ad finished loading.
W/cr_BindingManager(13645): Cannot call determinedVisibility() - never saw a connection for the pid: 13645
I/chromium(13645): [INFO:CONSOLE(0)] "Creating Application Cache with manifest https://googleads.g.doubleclick.net/mads/static/mad/sdk/native/sdk-core-v40-loader.appcache", source: https://googleads.g.doubleclick.net/mads/static/mad/sdk/native/sdk-core-v40-loader.html (0)
I/chromium(13645): [INFO:CONSOLE(0)] "Application Cache Checking event", source: https://googleads.g.doubleclick.net/mads/static/mad/sdk/native/sdk-core-v40-loader.html (0)
E/chromium(13645): [ERROR:interface_registry.cc(99)] Failed to locate a binder for interface: autofill::mojom::AutofillDriver
I/chromium(13645): [INFO:CONSOLE(0)] "Application Cache Downloading event", source: https://googleads.g.doubleclick.net/mads/static/mad/sdk/native/sdk-core-v40-loader.html (0)
I/chromium(13645): [INFO:CONSOLE(0)] "Application Cache Progress event (0 of 3) https://googleads.g.doubleclick.net/mads/static/mad/sdk/native/canary/sdk-core-v40-impl.js", source: https://googleads.g.doubleclick.net/mads/static/mad/sdk/native/sdk-core-v40-loader.html (0)
I/chromium(13645): [INFO:CONSOLE(0)] "Application Cache Progress event (1 of 3) https://googleads.g.doubleclick.net/mads/static/mad/sdk/native/sdk-core-v40-loader.js", source: https://googleads.g.doubleclick.net/mads/static/mad/sdk/native/sdk-core-v40-loader.html (0)
I/chromium(13645): [INFO:CONSOLE(0)] "Application Cache Progress event (2 of 3) https://googleads.g.doubleclick.net/mads/static/mad/sdk/native/production/sdk-core-v40-impl.js", source: https://googleads.g.doubleclick.net/mads/static/mad/sdk/native/sdk-core-v40-loader.html (0)
I/chromium(13645): [INFO:CONSOLE(0)] "Application Cache Progress event (3 of 3) ", source: https://googleads.g.doubleclick.net/mads/static/mad/sdk/native/sdk-core-v40-loader.html (0)
I/chromium(13645): [INFO:CONSOLE(0)] "Application Cache Cached event", source: https://googleads.g.doubleclick.net/mads/static/mad/sdk/native/sdk-core-v40-loader.html (0)
I/Ads     (13645): Ad finished loading.
I/ExoPlayerImpl(13645): Init 1.3.1
I/OMXClient(13645): Using client-side OMX mux.
E/OMXMaster(13645): A component of name 'OMX.qcom.audio.decoder.aac' already exists, ignoring this one.
I/SoftAAC2(13645): Reconfiguring decoder: 0->44100 Hz, 0->2 channels
W/ResourceType(13645): No known package when getting name for resource number 0xffffffff
I/org.umd.logging(13645): Method > 1 org.cocos2dx.lib.Cocos2dxGLSurfaceView.onTouchEvent(org.cocos2dx.lib.Cocos2dxGLSurfaceView@270122741<file=><x=0><y=0><width=768><height=1184><id=-1>, android.view.MotionEvent@705740681)
I/org.umd.logging(13645): Method < 1 org.cocos2dx.lib.Cocos2dxGLSurfaceView.onTouchEvent(true)
I/org.umd.logging(13645): Method > 661 org.cocos2dx.lib.Cocos2dxGLSurfaceView$6.run(org.cocos2dx.lib.Cocos2dxGLSurfaceView$6@782569391)
I/org.umd.logging(13645): Method < 661 org.cocos2dx.lib.Cocos2dxGLSurfaceView$6.run()
W/ResourceType(13645): No known package when getting name for resource number 0xffffffff
I/org.umd.logging(13645): Method > 1 org.cocos2dx.lib.Cocos2dxGLSurfaceView.onTouchEvent(org.cocos2dx.lib.Cocos2dxGLSurfaceView@270122741<file=><x=0><y=0><width=768><height=1184><id=-1>, android.view.MotionEvent@705740681)
I/org.umd.logging(13645): Method < 1 org.cocos2dx.lib.Cocos2dxGLSurfaceView.onTouchEvent(true)
I/org.umd.logging(13645): Method > 661 org.cocos2dx.lib.Cocos2dxGLSurfaceView$7.run(org.cocos2dx.lib.Cocos2dxGLSurfaceView$7@196922181)
I/org.umd.logging(13645): Method < 661 org.cocos2dx.lib.Cocos2dxGLSurfaceView$7.run()
W/ResourceType(13645): No known package when getting name for resource number 0xffffffff
I/org.umd.logging(13645): Method > 1 org.cocos2dx.lib.Cocos2dxGLSurfaceView.onTouchEvent(org.cocos2dx.lib.Cocos2dxGLSurfaceView@270122741<file=><x=0><y=0><width=768><height=1184><id=-1>, android.view.MotionEvent@705740681)
I/org.umd.logging(13645): Method < 1 org.cocos2dx.lib.Cocos2dxGLSurfaceView.onTouchEvent(true)
I/org.umd.logging(13645): Method > 661 org.cocos2dx.lib.Cocos2dxGLSurfaceView$9.run(org.cocos2dx.lib.Cocos2dxGLSurfaceView$9@574420939)
D/NuPlayerDriver(  190): start(0xb818ce30)
I/GenericSource(  190): start
D/NuPlayerDriver(  190): reset(0xb818ce30)
D/NuPlayerDriver(  190): notifyResetComplete(0xb818ce30)
I/org.umd.logging(13645): Method < 661 org.cocos2dx.lib.Cocos2dxGLSurfaceView$9.run()
D/luajc   (13645): CCLuaJavaBridge::callJavaStaticMethod(lua_State *L)
W/art     (13645): Call to JNI FindClass with dots in name: "com.xbubble.bubbleisland2.MainActivity"
D/luajc   (13645): CCLuaJavaBridge::callJavaStaticMethod("com.xbubble.bubbleisland2.MainActivity", "postData", args, "(Ljava/lang/String;Ljava/lang/String;)V") SUCCESS
I/org.umd.logging(13645): Method > 1 com.xbubble.bubbleisland2.MainActivity$6.run(com.xbubble.bubbleisland2.MainActivity$6@427264936)
I/org.umd.logging(13645): Method > 1 com.engine.network.AsyncHttpPost.onPreExecute(com.engine.network.AsyncHttpPost@811849409<atask=true>)
I/org.umd.logging(13645): Method < 1 com.engine.network.AsyncHttpPost.onPreExecute()
I/org.umd.logging(13645): Method < 1 com.xbubble.bubbleisland2.MainActivity$6.run()
I/org.umd.logging(13645): Method > 726 com.engine.network.AsyncHttpPost.doInBackground(com.engine.network.AsyncHttpPost@811849409<atask=true>, [Ljava.lang.String;@606160295)
I/org.umd.logging(13645): Api > 726 org.apache.http.impl.client.DefaultHttpClient.<init>(org.apache.http.impl.client.DefaultHttpClient@193837652)
I/org.umd.logging(13645): Api < 726 org.apache.http.impl.client.DefaultHttpClient.<init>(org.apache.http.impl.client.DefaultHttpClient@193837652)
D/audio_hw_primary(  190): select_devices: out_snd_device(2: speaker) in_snd_device(0: none)
D/audio_hw_primary(  190): enable_audio_route: apply and update mixer path: low-latency-playback
I/org.umd.logging(13645): Method < 726 com.engine.network.AsyncHttpPost.doInBackground(null)
D/audio_hw_primary(  190): out_set_parameters: enter: usecase(0: deep-buffer-playback) kvpairs: routing=2
D/luajc   (13645): CCLuaJavaBridge::callJavaStaticMethod(lua_State *L)
W/art     (13645): Call to JNI FindClass with dots in name: "com.xbubble.bubbleisland2.MainActivity"
D/luajc   (13645): CCLuaJavaBridge::callJavaStaticMethod("com.xbubble.bubbleisland2.MainActivity", "showBannerAd", args, "(Z)V") SUCCESS
D/luajc   (13645): CCLuaJavaBridge::callJavaStaticMethod(lua_State *L)
W/art     (13645): Call to JNI FindClass with dots in name: "com.xbubble.bubbleisland2.MainActivity"
D/luajc   (13645): CCLuaJavaBridge::callJavaStaticMethod("com.xbubble.bubbleisland2.MainActivity", "isTextInterstitialADReady", args, "()Z") SUCCESS
D/luajc   (13645): CCLuaJavaBridge::callJavaStaticMethod(lua_State *L)
W/art     (13645): Call to JNI FindClass with dots in name: "com.xbubble.bubbleisland2.MainActivity"
D/luajc   (13645): CCLuaJavaBridge::callJavaStaticMethod("com.xbubble.bubbleisland2.MainActivity", "showTextInterstitialAD", args, "(Ljava/lang/String;)V") SUCCESS
I/org.umd.logging(13645): Method > 1 com.xbubble.bubbleisland2.MainActivity$3.run(com.xbubble.bubbleisland2.MainActivity$3@607914738)
I/org.umd.logging(13645): Method < 1 com.xbubble.bubbleisland2.MainActivity$3.run()
I/org.umd.logging(13645): Method > 1 com.xbubble.bubbleisland2.MainActivity$4.run(com.xbubble.bubbleisland2.MainActivity$4@540420032)
I/ActivityManager(  588): START u0 {cmp=com.xbubble.bubbleisland2/com.google.android.gms.ads.AdActivity (has extras)} from uid 10224 on display 0
V/WindowManager(  588): addAppToken: AppWindowToken{3b372f9b token=Token{2f3b7aa ActivityRecord{26122a95 u0 com.xbubble.bubbleisland2/com.google.android.gms.ads.AdActivity t53}}} to stack=1 task=53 at 1
I/org.umd.logging(13645): Method < 1 com.xbubble.bubbleisland2.MainActivity$4.run()
I/org.umd.logging(13645): Method > 1 com.xbubble.bubbleisland2.MainActivity.onPause(com.xbubble.bubbleisland2.MainActivity@159715295<activity=true>)
I/org.umd.logging(13645): Method > 1 org.cocos2dx.lib.Cocos2dxActivity.onPause(com.xbubble.bubbleisland2.MainActivity@159715295<activity=true>)
I/org.umd.logging(13645): Method > 1 org.cocos2dx.lib.Cocos2dxHelper.onPause()
I/org.umd.logging(13645): Method < 1 org.cocos2dx.lib.Cocos2dxHelper.onPause()
W/ResourceType(13645): No known package when getting name for resource number 0xffffffff
I/org.umd.logging(13645): Method > 1 org.cocos2dx.lib.Cocos2dxGLSurfaceView.onPause(org.cocos2dx.lib.Cocos2dxGLSurfaceView@270122741<file=><x=0><y=0><width=768><height=1184><id=-1>)
I/org.umd.logging(13645): Method < 1 org.cocos2dx.lib.Cocos2dxGLSurfaceView.onPause()
I/org.umd.logging(13645): Method < 1 org.cocos2dx.lib.Cocos2dxActivity.onPause()
I/org.umd.logging(13645): Method < 1 com.xbubble.bubbleisland2.MainActivity.onPause()
I/org.umd.logging(13645): Method > 661 org.cocos2dx.lib.Cocos2dxGLSurfaceView$4.run(org.cocos2dx.lib.Cocos2dxGLSurfaceView$4@267317809)
D/luajc   (13645): CCLuaJavaBridge::callJavaStaticMethod(lua_State *L)
W/art     (13645): Call to JNI FindClass with dots in name: "com.xbubble.bubbleisland2.MainActivity"
D/luajc   (13645): CCLuaJavaBridge::callJavaStaticMethod("com.xbubble.bubbleisland2.MainActivity", "renameFile", args, "(Ljava/lang/String;Ljava/lang/String;)Z") SUCCESS
D/DynamitePackage(13645): Instantiating com.google.android.gms.ads.ChimeraAdOverlayCreatorImpl
I/org.umd.logging(13645): Api > 661 android.media.MediaPlayer.pause(android.media.MediaPlayer@324596998)
I/org.umd.logging(13645): Api < 661 android.media.MediaPlayer.pause()
I/org.umd.logging(13645): Method < 661 org.cocos2dx.lib.Cocos2dxGLSurfaceView$4.run()
I/Ads     (13645): Ad opening.
V/WindowManager(  588): Adding window Window{2637db11 u0 com.xbubble.bubbleisland2/com.google.android.gms.ads.AdActivity} at 5 of 10 (after Window{1c129466 u0 com.xbubble.bubbleisland2/com.xbubble.bubbleisland2.MainActivity})
I/ActivityManager(  588): Displayed com.xbubble.bubbleisland2/com.google.android.gms.ads.AdActivity: +302ms
I/org.umd.logging(13645): Api > 1 android.location.LocationManager.getBestProvider(android.location.LocationManager@571618415, android.location.Criteria@800013340, true)
I/org.umd.logging(13645): Api < 1 android.location.LocationManager.getBestProvider(null)
W/FlurryAgent(13645): End session with context: com.xbubble.bubbleisland2.MainActivity@9850fdf count:0
I/org.umd.logging(13645): Method > 699 com.flurry.sdk.ff.run(com.flurry.sdk.dj$9@245143034)
I/org.umd.logging(13645): Method < 699 com.flurry.sdk.ff.run()
I/org.umd.logging(13645): Method > 699 com.flurry.sdk.ff.run(com.flurry.sdk.dj$7@888129953)
E/cocos2d (13645): add shortcut
I/org.umd.logging(13645): Method < 699 com.flurry.sdk.ff.run()
I/org.umd.logging(13645): Api > 1 android.content.Context.sendBroadcast(android.app.Application@882580439, android.content.Intent@755898310<action=com.android.launcher.action.INSTALL_SHORTCUT><data=null><package=null><component=null><type=null><filter_hashcode=555021408><android.intent.extra.shortcut.INTENT=None><umd_Intent_key=None><duplicate=None><android.intent.extra.shortcut.NAME=None><android.intent.extra.shortcut.ICON_RESOURCE=None>)
I/org.umd.logging(13645): Api < 1 android.content.Context.sendBroadcast()
D/Launcher.Model(  980): DbDebug    Add item (Bubble Bee) to db, id: 65 (-100, 2, 1, 1)
I/Launcher(  980): setLoadOnResume
I/DownloadManagerWrapper(  884): onReceive() : Charging = true
W/ActivityManager(  588): Duplicate finish request for ActivityRecord{26122a95 u0 com.xbubble.bubbleisland2/com.google.android.gms.ads.AdActivity t53 f}
I/Ads     (13645): Ad closing.
I/Ads     (13645): Starting ad request.
I/Ads     (13645): Use AdRequest.Builder.addTestDevice("1F480C9603A7924489313051413E5A68") to get test ads on this device.
I/Ads     (13645): Please set theme of AdActivity to @android:style/Theme.Translucent to enable transparent background interstitial ad.
I/org.umd.logging(13645): Method > 1 com.xbubble.bubbleisland2.MainActivity.onStart(com.xbubble.bubbleisland2.MainActivity@159715295<activity=true>)
I/org.umd.logging(13645): Method > 1 org.cocos2dx.lib.Cocos2dxActivity.onStart(com.xbubble.bubbleisland2.MainActivity@159715295<activity=true>)
I/org.umd.logging(13645): Method < 1 org.cocos2dx.lib.Cocos2dxActivity.onStart()
I/org.umd.logging(13645): Api > 1 android.net.ConnectivityManager.getActiveNetworkInfo(android.net.ConnectivityManager@250779613)
I/org.umd.logging(13645): Api < 1 android.net.ConnectivityManager.getActiveNetworkInfo(android.net.NetworkInfo@924737245)
I/org.umd.logging(13645): Api > 1 android.net.ConnectivityManager.getActiveNetworkInfo(android.net.ConnectivityManager@250779613)
I/org.umd.logging(13645): Api < 1 android.net.ConnectivityManager.getActiveNetworkInfo(android.net.NetworkInfo@885254738)
W/FlurryAgent(13645): Start session with context: com.xbubble.bubbleisland2.MainActivity@9850fdf count:0
I/org.umd.logging(13645): Api > 1 android.location.LocationManager.getBestProvider(android.location.LocationManager@571618415, android.location.Criteria@1067912153, true)
I/org.umd.logging(13645): Api < 1 android.location.LocationManager.getBestProvider(null)
I/org.umd.logging(13645): Method < 1 com.xbubble.bubbleisland2.MainActivity.onStart()
