I/org.umd.logging(14247): Method < 703 com.flurry.sdk.ff.run()
I/org.umd.logging(14247): Method > 703 com.flurry.sdk.ff.run(com.flurry.sdk.de$3@964993576)
I/org.umd.logging(14247): Method < 703 com.flurry.sdk.ff.run()
V/WindowManager(  588): Adding window Window{36e3b73b u0 SurfaceView} at 3 of 10 (before Window{1aa0b2c3 u0 com.xbubble.bubbleisland2/com.xbubble.bubbleisland2.MainActivity})
I/org.umd.logging(14247): Method > 711 com.flurry.sdk.ff.run(com.flurry.sdk.eg$1$1@429682034)
I/org.umd.logging(14247): Method < 711 com.flurry.sdk.ff.run()
I/org.umd.logging(14247): Method > 711 com.flurry.sdk.ff.run(com.flurry.sdk.el@644361767)
W/Ads     ( 2359): App does not have the required permissions to get location
W/Ads     ( 2359): App does not have the required permissions to get location
I/org.umd.logging(14247): Api > 711 java.net.URL.openConnection(java.net.URL@329728377<URL=https://data.flurry.com/aap.do>)
I/org.umd.logging(14247): Api < 711 java.net.URL.openConnection(com.android.okhttp.internal.http.HttpsURLConnectionImpl@409947756)
I/ActivityManager(  588): Displayed com.xbubble.bubbleisland2/.MainActivity: +1s209ms
W/Ads     ( 2359): App does not have the required permissions to get location
I/Ads     ( 2359): Received log message: <Google:HTML> You are using version 4.5 of the Google Play services Ads SDK. Please consider updating your SDK to the most recent SDK version to get the latest features and bug fixes. See http://goo.gl/r2TRzC for instructions on how to get the latest version of Google Play services.
D/Device Model(14247): Nexus 4
I/Ads     ( 2359): Received log message: <Google:HTML> You are using version 4.5 of the Google Play services Ads SDK. Please consider updating your SDK to the most recent SDK version to get the latest features and bug fixes. See http://goo.gl/r2TRzC for instructions on how to get the latest version of Google Play services.
W/Adreno-ES20(14247): <core_glHint:84>: GL_INVALID_ENUM
W/FlurryAgent(14247): FlurryDataSender: report 0ac0fc30-9b33-4f48-9ebc-4ace56665356 sent. HTTP response: 200
I/org.umd.logging(14247): Method > 703 com.flurry.sdk.ff.run(com.flurry.sdk.dd$2@312126374)
I/org.umd.logging(14247): Method < 703 com.flurry.sdk.ff.run()
I/org.umd.logging(14247): Method > 703 com.flurry.sdk.ff.run(com.flurry.sdk.de$4@731535764)
I/org.umd.logging(14247): Method < 703 com.flurry.sdk.ff.run()
I/org.umd.logging(14247): Method > 703 com.flurry.sdk.ff.run(com.flurry.sdk.de$3@880503869)
I/org.umd.logging(14247): Method < 703 com.flurry.sdk.ff.run()
I/org.umd.logging(14247): Method < 711 com.flurry.sdk.ff.run()
I/org.umd.logging(14247): Method > 711 com.flurry.sdk.ff.run(com.flurry.sdk.eg$1$2@305278339)
I/org.umd.logging(14247): Method < 711 com.flurry.sdk.ff.run()
I/art     (14247): Rejecting re-init on previously-failed class java.lang.Class<com.android.webview.chromium.WebViewContentsClientAdapter$WebResourceErrorImpl>
I/art     (14247): Rejecting re-init on previously-failed class java.lang.Class<com.android.webview.chromium.WebViewContentsClientAdapter$WebResourceErrorImpl>
D/ConnectivityService(  588): listenForNetwork for NetworkRequest [ id=30, legacyType=-1, [ Capabilities: INTERNET&NOT_RESTRICTED&TRUSTED] ]
D/ConnectivityService(  588): handleRegisterNetworkRequest checking NetworkAgentInfo [WIFI () - 102]
D/ConnectivityService(  588): apparently satisfied.  currentScore=60
D/ConnectivityManager.CallbackHandler(14247): CM callback handler got msg 524290
I/art     (14247): Rejecting re-init on previously-failed class java.lang.Class<org.chromium.content.browser.FloatingWebActionModeCallback>
I/art     (14247): Rejecting re-init on previously-failed class java.lang.Class<org.chromium.content.browser.FloatingWebActionModeCallback>
E/WifiStateMachine(  588): WifiStateMachine CMD_START_SCAN source -2 txSuccessRate=1.26 rxSuccessRate=0.61 targetRoamBSSID=any RSSI=-55
W/cr_media(14247): Requires BLUETOOTH permission
I/cr_Ime  (14247): ImeThread is enabled.
I/cr_Ime  (14247): ImeThread is enabled.
I/cr_Ime  (14247): ImeThread is enabled.
E/libEGL  (14247): validate_display:255 error 3008 (EGL_BAD_DISPLAY)
W/cr_BindingManager(14247): Cannot call determinedVisibility() - never saw a connection for the pid: 14247
W/cr_BindingManager(14247): Cannot call determinedVisibility() - never saw a connection for the pid: 14247
W/cr_BindingManager(14247): Cannot call determinedVisibility() - never saw a connection for the pid: 14247
D/luajc   (14247): CCLuaJavaBridge::callJavaStaticMethod(lua_State *L)
W/art     (14247): Call to JNI FindClass with dots in name: "com.xbubble.bubbleisland2.MainActivity"
D/luajc   (14247): CCLuaJavaBridge::callJavaStaticMethod("com.xbubble.bubbleisland2.MainActivity", "postData", args, "(Ljava/lang/String;Ljava/lang/String;)V") SUCCESS
I/org.umd.logging(14247): Method > 1 com.xbubble.bubbleisland2.MainActivity$6.run(com.xbubble.bubbleisland2.MainActivity$6@752014305)
I/org.umd.logging(14247): Method > 1 com.engine.network.AsyncHttpPost.onPreExecute(com.engine.network.AsyncHttpPost@539776967<atask=true>)
I/org.umd.logging(14247): Method < 1 com.engine.network.AsyncHttpPost.onPreExecute()
I/org.umd.logging(14247): Method < 1 com.xbubble.bubbleisland2.MainActivity$6.run()
I/org.umd.logging(14247): Method > 722 com.engine.network.AsyncHttpPost.doInBackground(com.engine.network.AsyncHttpPost@539776967<atask=true>, [Ljava.lang.String;@160213347)
I/org.umd.logging(14247): Api > 722 org.apache.http.impl.client.DefaultHttpClient.<init>(org.apache.http.impl.client.DefaultHttpClient@691248862)
I/org.umd.logging(14247): Api < 722 org.apache.http.impl.client.DefaultHttpClient.<init>(org.apache.http.impl.client.DefaultHttpClient@691248862)
E/MediaPlayer(14247): Should have subtitle controller already set
E/MediaPlayer(14247): Should have subtitle controller already set
I/org.umd.logging(14247): Api > 666 android.media.MediaPlayer.stop(android.media.MediaPlayer@202754956)
D/NuPlayerDriver(  190): stop(0xb80f1d10)
I/org.umd.logging(14247): Api < 666 android.media.MediaPlayer.stop()
E/MediaPlayer(14247): Should have subtitle controller already set
E/MediaPlayer(14247): Should have subtitle controller already set
D/NuPlayerDriver(  190): seekTo(0xb80f1d10) 0 ms
I/org.umd.logging(14247): Api > 666 android.media.MediaPlayer.start(android.media.MediaPlayer@202754956)
D/NuPlayerDriver(  190): start(0xb80f1d10)
I/GenericSource(  190): start
I/org.umd.logging(14247): Api < 666 android.media.MediaPlayer.start()
D/audio_hw_primary(  190): select_devices: out_snd_device(2: speaker) in_snd_device(0: none)
D/audio_hw_primary(  190): enable_audio_route: apply and update mixer path: deep-buffer-playback
I/org.umd.logging(14247): Method < 722 com.engine.network.AsyncHttpPost.doInBackground(null)
E/chromium(14247): [ERROR:interface_registry.cc(99)] Failed to locate a binder for interface: autofill::mojom::AutofillDriver
D/audio_hw_primary(  190): disable_audio_route: reset and update mixer path: low-latency-playback
E/chromium(14247): [ERROR:interface_registry.cc(99)] Failed to locate a binder for interface: autofill::mojom::AutofillDriver
W/ResourceType(14247): No known package when getting name for resource number 0xffffffff
I/org.umd.logging(14247): Method > 1 org.cocos2dx.lib.Cocos2dxGLSurfaceView.onTouchEvent(org.cocos2dx.lib.Cocos2dxGLSurfaceView@270122741<file=><x=0><y=0><width=768><height=1184><id=-1>, android.view.MotionEvent@388462417)
I/org.umd.logging(14247): Method < 1 org.cocos2dx.lib.Cocos2dxGLSurfaceView.onTouchEvent(true)
I/org.umd.logging(14247): Method > 666 org.cocos2dx.lib.Cocos2dxGLSurfaceView$6.run(org.cocos2dx.lib.Cocos2dxGLSurfaceView$6@873775287)
I/org.umd.logging(14247): Method < 666 org.cocos2dx.lib.Cocos2dxGLSurfaceView$6.run()
W/ResourceType(14247): No known package when getting name for resource number 0xffffffff
I/org.umd.logging(14247): Method > 1 org.cocos2dx.lib.Cocos2dxGLSurfaceView.onTouchEvent(org.cocos2dx.lib.Cocos2dxGLSurfaceView@270122741<file=><x=0><y=0><width=768><height=1184><id=-1>, android.view.MotionEvent@388462417)
I/org.umd.logging(14247): Method < 1 org.cocos2dx.lib.Cocos2dxGLSurfaceView.onTouchEvent(true)
I/org.umd.logging(14247): Method > 666 org.cocos2dx.lib.Cocos2dxGLSurfaceView$7.run(org.cocos2dx.lib.Cocos2dxGLSurfaceView$7@236664717)
I/org.umd.logging(14247): Method < 666 org.cocos2dx.lib.Cocos2dxGLSurfaceView$7.run()
W/ResourceType(14247): No known package when getting name for resource number 0xffffffff
I/org.umd.logging(14247): Method > 1 org.cocos2dx.lib.Cocos2dxGLSurfaceView.onTouchEvent(org.cocos2dx.lib.Cocos2dxGLSurfaceView@270122741<file=><x=0><y=0><width=768><height=1184><id=-1>, android.view.MotionEvent@388462417)
I/org.umd.logging(14247): Method < 1 org.cocos2dx.lib.Cocos2dxGLSurfaceView.onTouchEvent(true)
I/org.umd.logging(14247): Method > 666 org.cocos2dx.lib.Cocos2dxGLSurfaceView$9.run(org.cocos2dx.lib.Cocos2dxGLSurfaceView$9@1034596691)
D/NuPlayerDriver(  190): start(0xb810aba0)
I/GenericSource(  190): start
D/NuPlayerDriver(  190): reset(0xb810aba0)
D/NuPlayerDriver(  190): notifyResetComplete(0xb810aba0)
I/org.umd.logging(14247): Method < 666 org.cocos2dx.lib.Cocos2dxGLSurfaceView$9.run()
D/luajc   (14247): CCLuaJavaBridge::callJavaStaticMethod(lua_State *L)
W/art     (14247): Call to JNI FindClass with dots in name: "com.xbubble.bubbleisland2.MainActivity"
D/luajc   (14247): CCLuaJavaBridge::callJavaStaticMethod("com.xbubble.bubbleisland2.MainActivity", "postData", args, "(Ljava/lang/String;Ljava/lang/String;)V") SUCCESS
I/org.umd.logging(14247): Method > 1 com.xbubble.bubbleisland2.MainActivity$6.run(com.xbubble.bubbleisland2.MainActivity$6@1021770384)
I/org.umd.logging(14247): Method > 1 com.engine.network.AsyncHttpPost.onPreExecute(com.engine.network.AsyncHttpPost@705740681<atask=true>)
I/org.umd.logging(14247): Method < 1 com.engine.network.AsyncHttpPost.onPreExecute()
I/org.umd.logging(14247): Method < 1 com.xbubble.bubbleisland2.MainActivity$6.run()
D/audio_hw_primary(  190): select_devices: out_snd_device(2: speaker) in_snd_device(0: none)
D/audio_hw_primary(  190): enable_audio_route: apply and update mixer path: low-latency-playback
I/org.umd.logging(14247): Method > 724 com.engine.network.AsyncHttpPost.doInBackground(com.engine.network.AsyncHttpPost@705740681<atask=true>, [Ljava.lang.String;@782569391)
I/org.umd.logging(14247): Api > 724 org.apache.http.impl.client.DefaultHttpClient.<init>(org.apache.http.impl.client.DefaultHttpClient@929640380)
I/org.umd.logging(14247): Api < 724 org.apache.http.impl.client.DefaultHttpClient.<init>(org.apache.http.impl.client.DefaultHttpClient@929640380)
I/org.umd.logging(14247): Method < 724 com.engine.network.AsyncHttpPost.doInBackground(null)
I/Ads     (14247): Ad finished loading.
I/Ads     (14247): Scheduling ad refresh 493000 milliseconds from now.
I/cr_Ime  (14247): ImeThread is enabled.
I/Ads     (14247): Ad finished loading.
D/audio_hw_primary(  190): out_set_parameters: enter: usecase(0: deep-buffer-playback) kvpairs: routing=2
E/chromium(14247): [ERROR:interface_registry.cc(99)] Failed to locate a binder for interface: autofill::mojom::AutofillDriver
W/cr_BindingManager(14247): Cannot call determinedVisibility() - never saw a connection for the pid: 14247
D/luajc   (14247): CCLuaJavaBridge::callJavaStaticMethod(lua_State *L)
W/art     (14247): Call to JNI FindClass with dots in name: "com.xbubble.bubbleisland2.MainActivity"
D/luajc   (14247): CCLuaJavaBridge::callJavaStaticMethod("com.xbubble.bubbleisland2.MainActivity", "showBannerAd", args, "(Z)V") SUCCESS
D/luajc   (14247): CCLuaJavaBridge::callJavaStaticMethod(lua_State *L)
W/art     (14247): Call to JNI FindClass with dots in name: "com.xbubble.bubbleisland2.MainActivity"
D/luajc   (14247): CCLuaJavaBridge::callJavaStaticMethod("com.xbubble.bubbleisland2.MainActivity", "isTextInterstitialADReady", args, "()Z") SUCCESS
D/luajc   (14247): CCLuaJavaBridge::callJavaStaticMethod(lua_State *L)
W/art     (14247): Call to JNI FindClass with dots in name: "com.xbubble.bubbleisland2.MainActivity"
I/org.umd.logging(14247): Method > 1 com.xbubble.bubbleisland2.MainActivity$3.run(com.xbubble.bubbleisland2.MainActivity$3@457130655)
D/luajc   (14247): CCLuaJavaBridge::callJavaStaticMethod("com.xbubble.bubbleisland2.MainActivity", "showTextInterstitialAD", args, "(Ljava/lang/String;)V") SUCCESS
I/org.umd.logging(14247): Method < 1 com.xbubble.bubbleisland2.MainActivity$3.run()
I/org.umd.logging(14247): Method > 1 com.xbubble.bubbleisland2.MainActivity$4.run(com.xbubble.bubbleisland2.MainActivity$4@897585077)
I/ActivityManager(  588): START u0 {cmp=com.xbubble.bubbleisland2/com.google.android.gms.ads.AdActivity (has extras)} from uid 10224 on display 0
V/WindowManager(  588): addAppToken: AppWindowToken{284db1ff token=Token{28caf51e ActivityRecord{2a3ae559 u0 com.xbubble.bubbleisland2/com.google.android.gms.ads.AdActivity t54}}} to stack=1 task=54 at 1
I/org.umd.logging(14247): Method < 1 com.xbubble.bubbleisland2.MainActivity$4.run()
I/org.umd.logging(14247): Method > 1 com.xbubble.bubbleisland2.MainActivity.onPause(com.xbubble.bubbleisland2.MainActivity@159715295<activity=true>)
I/org.umd.logging(14247): Method > 1 org.cocos2dx.lib.Cocos2dxActivity.onPause(com.xbubble.bubbleisland2.MainActivity@159715295<activity=true>)
I/org.umd.logging(14247): Method > 1 org.cocos2dx.lib.Cocos2dxHelper.onPause()
I/org.umd.logging(14247): Method < 1 org.cocos2dx.lib.Cocos2dxHelper.onPause()
W/ResourceType(14247): No known package when getting name for resource number 0xffffffff
I/org.umd.logging(14247): Method > 1 org.cocos2dx.lib.Cocos2dxGLSurfaceView.onPause(org.cocos2dx.lib.Cocos2dxGLSurfaceView@270122741<file=><x=0><y=0><width=768><height=1184><id=-1>)
I/org.umd.logging(14247): Method < 1 org.cocos2dx.lib.Cocos2dxGLSurfaceView.onPause()
I/org.umd.logging(14247): Method < 1 org.cocos2dx.lib.Cocos2dxActivity.onPause()
I/org.umd.logging(14247): Method < 1 com.xbubble.bubbleisland2.MainActivity.onPause()
I/org.umd.logging(14247): Method > 666 org.cocos2dx.lib.Cocos2dxGLSurfaceView$4.run(org.cocos2dx.lib.Cocos2dxGLSurfaceView$4@426654998)
D/luajc   (14247): CCLuaJavaBridge::callJavaStaticMethod(lua_State *L)
W/art     (14247): Call to JNI FindClass with dots in name: "com.xbubble.bubbleisland2.MainActivity"
D/luajc   (14247): CCLuaJavaBridge::callJavaStaticMethod("com.xbubble.bubbleisland2.MainActivity", "renameFile", args, "(Ljava/lang/String;Ljava/lang/String;)Z") SUCCESS
I/org.umd.logging(14247): Api > 666 android.media.MediaPlayer.pause(android.media.MediaPlayer@202754956)
I/org.umd.logging(14247): Api < 666 android.media.MediaPlayer.pause()
I/org.umd.logging(14247): Method < 666 org.cocos2dx.lib.Cocos2dxGLSurfaceView$4.run()
D/DynamitePackage(14247): Instantiating com.google.android.gms.ads.ChimeraAdOverlayCreatorImpl
I/Ads     (14247): Ad opening.
V/WindowManager(  588): Adding window Window{3a2b7e15 u0 com.xbubble.bubbleisland2/com.google.android.gms.ads.AdActivity} at 5 of 10 (after Window{1aa0b2c3 u0 com.xbubble.bubbleisland2/com.xbubble.bubbleisland2.MainActivity})
I/ActivityManager(  588): Displayed com.xbubble.bubbleisland2/com.google.android.gms.ads.AdActivity: +136ms
I/org.umd.logging(14247): Api > 1 android.location.LocationManager.getBestProvider(android.location.LocationManager@42666515, android.location.Criteria@666515371, true)
I/org.umd.logging(14247): Api < 1 android.location.LocationManager.getBestProvider(null)
W/FlurryAgent(14247): End session with context: com.xbubble.bubbleisland2.MainActivity@9850fdf count:0
I/org.umd.logging(14247): Method > 703 com.flurry.sdk.ff.run(com.flurry.sdk.dj$9@888129953)
I/org.umd.logging(14247): Method < 703 com.flurry.sdk.ff.run()
I/org.umd.logging(14247): Method > 703 com.flurry.sdk.ff.run(com.flurry.sdk.dj$7@540865204)
I/org.umd.logging(14247): Method < 703 com.flurry.sdk.ff.run()
I/chromium(14247): [INFO:CONSOLE(0)] "Document was loaded from Application Cache with manifest https://googleads.g.doubleclick.net/mads/static/mad/sdk/native/sdk-core-v40-loader.appcache", source: https://googleads.g.doubleclick.net/mads/static/mad/sdk/native/sdk-core-v40-loader.html (0)
I/chromium(14247): [INFO:CONSOLE(0)] "Application Cache Checking event", source: https://googleads.g.doubleclick.net/mads/static/mad/sdk/native/sdk-core-v40-loader.html (0)
E/chromium(14247): [ERROR:interface_registry.cc(99)] Failed to locate a binder for interface: autofill::mojom::AutofillDriver
I/chromium(14247): [INFO:CONSOLE(0)] "Application Cache NoUpdate event", source: https://googleads.g.doubleclick.net/mads/static/mad/sdk/native/sdk-core-v40-loader.html (0)
I/Ads     (14247): Ad finished loading.
W/Ads     (14247): JS: Blink deferred a task in order to make scrolling smoother. Your timer and network tasks should take less than 50ms to run to avoid this. Please see https://developers.google.com/web/tools/chrome-devtools/profile/evaluate-performance/rail and https://crbug.com/574343#c40 for more information. (https://googleads.g.doubleclick.net/mads/gma?_activity_context=true&android_num_video_cache_tasks=0&caps=inlineVideo_interactiveVideo_mraid1_mraid2_sdkVideo_th_autoplay_mediation_av_sdkAdmobApiForAds_di_aso_sfv_dinm_dim_dinmo_gcache&eid=318475406%2C318476426%2C46621136&format=interstitial_mb&heap_free=7185886&heap_max=201326592&heap_total=19388526&js=afma-sdk-a-v10084236.4452000.2&msid=com.xbubble.bubbleisland2&preqs=2&scroll_index=-1&seq_num=3&target_api=15#_activity_context=true&android_num_video_cache_tasks=0&caps=inlineVideo_interactiveVideo_mraid1_mraid2_sdkVideo_th_autoplay_mediation_av_sdkAdmobApiForAds_di_aso_sfv_dinm_dim_dinmo_gcache&eid=318475406%252C318476426%252C46621136&format=interstitial_mb&heap_free=7185886&heap_max=201326592&heap_total=19388526&js=afma-sdk-a-v10084236.4452000.2&msid=com.xbubble.bubbleisland2&preqs=2&scroll_index=-1&seq_num=3&target_api=15:0)
I/chromium(14247): [INFO:CONSOLE(0)] "Blink deferred a task in order to make scrolling smoother. Your timer and network tasks should take less than 50ms to run to avoid this. Please see https://developers.google.com/web/tools/chrome-devtools/profile/evaluate-performance/rail and https://crbug.com/574343#c40 for more information.", source: https://googleads.g.doubleclick.net/mads/gma?_activity_context=true&android_num_video_cache_tasks=0&caps=inlineVideo_interactiveVideo_mraid1_mraid2_sdkVideo_th_autoplay_mediation_av_sdkAdmobApiForAds_di_aso_sfv_dinm_dim_dinmo_gcache&eid=318475406%2C318476426%2C46621136&format=interstitial_mb&heap_free=7185886&heap_max=201326592&heap_total=19388526&js=afma-sdk-a-v10084236.4452000.2&msid=com.xbubble.bubbleisland2&preqs=2&scroll_index=-1&seq_num=3&target_api=15#_activity_context=true&android_num_video_cache_tasks=0&caps=inlineVideo_interactiveVideo_mraid1_mraid2_sdkVideo_th_autoplay_mediation_av_sdkAdmobApiForAds_di_aso_sfv_dinm_dim_dinmo_gcache&eid=318475406%252C318476426%252C46621136&format=interstitial_mb&heap_free=7185886&heap_max=201326592&heap_total=19388526&js=afma-sdk-a-v10084236.4452000.2&msid=com.xbubble.bubbleisland2&preqs=2&scroll_index=-1&seq_num=3&target_api=15 (0)
W/Ads     (14247): JS: Blink deferred a task in order to make scrolling smoother. Your timer and network tasks should take less than 50ms to run to avoid this. Please see https://developers.google.com/web/tools/chrome-devtools/profile/evaluate-performance/rail and https://crbug.com/574343#c40 for more information. (https://googleads.g.doubleclick.net/mads/gma?_activity_context=true&android_num_video_cache_tasks=0&caps=inlineVideo_interactiveVideo_mraid1_mraid2_sdkVideo_th_autoplay_mediation_av_sdkAdmobApiForAds_di_aso_sfv_dinm_dim_dinmo_gcache&eid=318475406%2C318476426%2C46621136&format=384x50_as&heap_free=7496642&heap_max=201326592&heap_total=19388526&js=afma-sdk-a-v10084236.4452000.2&msid=com.xbubble.bubbleisland2&preqs=0&scroll_index=-1&seq_num=1&target_api=15#_activity_context=true&android_num_video_cache_tasks=0&caps=inlineVideo_interactiveVideo_mraid1_mraid2_sdkVideo_th_autoplay_mediation_av_sdkAdmobApiForAds_di_aso_sfv_dinm_dim_dinmo_gcache&eid=318475406%252C318476426%252C46621136&format=384x50_as&heap_free=7496642&heap_max=201326592&heap_total=19388526&js=afma-sdk-a-v10084236.4452000.2&msid=com.xbubble.bubbleisland2&preqs=0&scroll_index=-1&seq_num=1&target_api=15:0)
I/chromium(14247): [INFO:CONSOLE(0)] "Blink deferred a task in order to make scrolling smoother. Your timer and network tasks should take less than 50ms to run to avoid this. Please see https://developers.google.com/web/tools/chrome-devtools/profile/evaluate-performance/rail and https://crbug.com/574343#c40 for more information.", source: https://googleads.g.doubleclick.net/mads/gma?_activity_context=true&android_num_video_cache_tasks=0&caps=inlineVideo_interactiveVideo_mraid1_mraid2_sdkVideo_th_autoplay_mediation_av_sdkAdmobApiForAds_di_aso_sfv_dinm_dim_dinmo_gcache&eid=318475406%2C318476426%2C46621136&format=384x50_as&heap_free=7496642&heap_max=201326592&heap_total=19388526&js=afma-sdk-a-v10084236.4452000.2&msid=com.xbubble.bubbleisland2&preqs=0&scroll_index=-1&seq_num=1&target_api=15#_activity_context=true&android_num_video_cache_tasks=0&caps=inlineVideo_interactiveVideo_mraid1_mraid2_sdkVideo_th_autoplay_mediation_av_sdkAdmobApiForAds_di_aso_sfv_dinm_dim_dinmo_gcache&eid=318475406%252C318476426%252C46621136&format=384x50_as&heap_free=7496642&heap_max=201326592&heap_total=19388526&js=afma-sdk-a-v10084236.4452000.2&msid=com.xbubble.bubbleisland2&preqs=0&scroll_index=-1&seq_num=1&target_api=15 (0)
W/Ads     (14247): JS: Blink deferred a task in order to make scrolling smoother. Your timer and network tasks should take less than 50ms to run to avoid this. Please see https://developers.google.com/web/tools/chrome-devtools/profile/evaluate-performance/rail and https://crbug.com/574343#c40 for more information. (https://googleads.g.doubleclick.net/mads/gma?_activity_context=true&android_num_video_cache_tasks=0&caps=inlineVideo_interactiveVideo_mraid1_mraid2_sdkVideo_th_autoplay_mediation_av_sdkAdmobApiForAds_di_aso_sfv_dinm_dim_dinmo_gcache&eid=318475406%2C318476426%2C46621136&format=interstitial_mb&heap_free=7304726&heap_max=201326592&heap_total=19388526&js=afma-sdk-a-v10084236.4452000.2&msid=com.xbubble.bubbleisland2&preqs=1&scroll_index=-1&seq_num=2&target_api=15#_activity_context=true&android_num_video_cache_tasks=0&caps=inlineVideo_interactiveVideo_mraid1_mraid2_sdkVideo_th_autoplay_mediation_av_sdkAdmobApiForAds_di_aso_sfv_dinm_dim_dinmo_gcache&eid=318475406%252C318476426%252C46621136&format=interstitial_mb&heap_free=7304726&heap_max=201326592&heap_total=19388526&js=afma-sdk-a-v10084236.4452000.2&msid=com.xbubble.bubbleisland2&preqs=1&scroll_index=-1&seq_num=2&target_api=15:0)
I/chromium(14247): [INFO:CONSOLE(0)] "Blink deferred a task in order to make scrolling smoother. Your timer and network tasks should take less than 50ms to run to avoid this. Please see https://developers.google.com/web/tools/chrome-devtools/profile/evaluate-performance/rail and https://crbug.com/574343#c40 for more information.", source: https://googleads.g.doubleclick.net/mads/gma?_activity_context=true&android_num_video_cache_tasks=0&caps=inlineVideo_interactiveVideo_mraid1_mraid2_sdkVideo_th_autoplay_mediation_av_sdkAdmobApiForAds_di_aso_sfv_dinm_dim_dinmo_gcache&eid=318475406%2C318476426%2C46621136&format=interstitial_mb&heap_free=7304726&heap_max=201326592&heap_total=19388526&js=afma-sdk-a-v10084236.4452000.2&msid=com.xbubble.bubbleisland2&preqs=1&scroll_index=-1&seq_num=2&target_api=15#_activity_context=true&android_num_video_cache_tasks=0&caps=inlineVideo_interactiveVideo_mraid1_mraid2_sdkVideo_th_autoplay_mediation_av_sdkAdmobApiForAds_di_aso_sfv_dinm_dim_dinmo_gcache&eid=318475406%252C318476426%252C46621136&format=interstitial_mb&heap_free=7304726&heap_max=201326592&heap_total=19388526&js=afma-sdk-a-v10084236.4452000.2&msid=com.xbubble.bubbleisland2&preqs=1&scroll_index=-1&seq_num=2&target_api=15 (0)
W/Ads     (14247): JS: Blink deferred a task in order to make scrolling smoother. Your timer and network tasks should take less than 50ms to run to avoid this. Please see https://developers.google.com/web/tools/chrome-devtools/profile/evaluate-performance/rail and https://crbug.com/574343#c40 for more information. (https://googleads.g.doubleclick.net/mads/static/mad/sdk/native/sdk-core-v40-loader.html:0)
I/chromium(14247): [INFO:CONSOLE(0)] "Blink deferred a task in order to make scrolling smoother. Your timer and network tasks should take less than 50ms to run to avoid this. Please see https://developers.google.com/web/tools/chrome-devtools/profile/evaluate-performance/rail and https://crbug.com/574343#c40 for more information.", source: https://googleads.g.doubleclick.net/mads/static/mad/sdk/native/sdk-core-v40-loader.html (0)
W/ActivityManager(  588): Duplicate finish request for ActivityRecord{2a3ae559 u0 com.xbubble.bubbleisland2/com.google.android.gms.ads.AdActivity t54 f}
I/Ads     (14247): Ad closing.
I/Ads     (14247): Starting ad request.
I/Ads     (14247): Use AdRequest.Builder.addTestDevice("1F480C9603A7924489313051413E5A68") to get test ads on this device.
I/Ads     (14247): Please set theme of AdActivity to @android:style/Theme.Translucent to enable transparent background interstitial ad.
W/ActivityManager(  588): getRunningAppProcesses: caller 10224 does not hold REAL_GET_TASKS; limiting output
I/org.umd.logging(14247): Method > 1 com.xbubble.bubbleisland2.MainActivity.onStart(com.xbubble.bubbleisland2.MainActivity@159715295<activity=true>)
I/org.umd.logging(14247): Method > 1 org.cocos2dx.lib.Cocos2dxActivity.onStart(com.xbubble.bubbleisland2.MainActivity@159715295<activity=true>)
I/org.umd.logging(14247): Method < 1 org.cocos2dx.lib.Cocos2dxActivity.onStart()
I/org.umd.logging(14247): Api > 1 android.net.ConnectivityManager.getActiveNetworkInfo(android.net.ConnectivityManager@122108666)
I/org.umd.logging(14247): Api < 1 android.net.ConnectivityManager.getActiveNetworkInfo(android.net.NetworkInfo@735522271)
I/org.umd.logging(14247): Api > 1 android.net.ConnectivityManager.getActiveNetworkInfo(android.net.ConnectivityManager@122108666)
I/org.umd.logging(14247): Api < 1 android.net.ConnectivityManager.getActiveNetworkInfo(android.net.NetworkInfo@336767532)
W/FlurryAgent(14247): Start session with context: com.xbubble.bubbleisland2.MainActivity@9850fdf count:0
I/org.umd.logging(14247): Api > 1 android.location.LocationManager.getBestProvider(android.location.LocationManager@42666515, android.location.Criteria@97783029, true)
I/org.umd.logging(14247): Api < 1 android.location.LocationManager.getBestProvider(null)
I/org.umd.logging(14247): Method < 1 com.xbubble.bubbleisland2.MainActivity.onStart()
I/org.umd.logging(14247): Method > 1 com.xbubble.bubbleisland2.MainActivity.onResume(com.xbubble.bubbleisland2.MainActivity@159715295<activity=true>)
I/org.umd.logging(14247): Method > 1 org.cocos2dx.lib.Cocos2dxActivity.onResume(com.xbubble.bubbleisland2.MainActivity@159715295<activity=true>)
I/org.umd.logging(14247): Method > 1 org.cocos2dx.lib.Cocos2dxHelper.onResume()
I/org.umd.logging(14247): Method < 1 org.cocos2dx.lib.Cocos2dxHelper.onResume()
W/Ads     ( 2359): App does not have the required permissions to get location
W/ResourceType(14247): No known package when getting name for resource number 0xffffffff
I/org.umd.logging(14247): Method > 1 org.cocos2dx.lib.Cocos2dxGLSurfaceView.onResume(org.cocos2dx.lib.Cocos2dxGLSurfaceView@270122741<file=><x=0><y=0><width=768><height=1184><id=-1>)
I/org.umd.logging(14247): Method > 666 org.cocos2dx.lib.Cocos2dxGLSurfaceView$3.run(org.cocos2dx.lib.Cocos2dxGLSurfaceView$3@615172347)
I/org.umd.logging(14247): Api > 666 android.media.MediaPlayer.start(android.media.MediaPlayer@202754956)
D/NuPlayerDriver(  190): start(0xb80f1d10)
I/org.umd.logging(14247): Api < 666 android.media.MediaPlayer.start()
I/org.umd.logging(14247): Method < 666 org.cocos2dx.lib.Cocos2dxGLSurfaceView$3.run()
I/org.umd.logging(14247): Method < 1 org.cocos2dx.lib.Cocos2dxGLSurfaceView.onResume()
I/org.umd.logging(14247): Method < 1 org.cocos2dx.lib.Cocos2dxActivity.onResume()
I/org.umd.logging(14247): Method < 1 com.xbubble.bubbleisland2.MainActivity.onResume()
I/org.umd.logging(14247): Method > 1 com.flurry.sdk.ev.onReceive(com.flurry.sdk.ev@910036166, android.app.Application@882580439, android.content.Intent@320224536<action=android.net.conn.CONNECTIVITY_CHANGE><data=null><package=null><component=null><type=null><filter_hashcode=-1172645946><networkInfo=None><networkType=None><inetCondition=None><extraInfo=None><umd_Intent_key=None>)
I/org.umd.logging(14247): Api > 1 android.net.ConnectivityManager.getActiveNetworkInfo(android.net.ConnectivityManager@122108666)
I/org.umd.logging(14247): Api < 1 android.net.ConnectivityManager.getActiveNetworkInfo(android.net.NetworkInfo@1067811697)
I/org.umd.logging(14247): Method < 1 com.flurry.sdk.ev.onReceive()
D/audio_hw_primary(  190): out_set_parameters: enter: usecase(0: deep-buffer-playback) kvpairs: routing=2
W/cr_BindingManager(14247): Cannot call determinedVisibility() - never saw a connection for the pid: 14247
W/cr_ScreenOrientation(14247): Removing an inexistent observer!
I/cr_Ime  (14247): ImeThread is enabled.
W/cr_BindingManager(14247): Cannot call determinedVisibility() - never saw a connection for the pid: 14247
I/DownloadManagerWrapper(  884): onReceive() : Charging = true
I/DownloadManagerWrapper(  884): onReceive() : Charging = true
E/chromium(14247): [ERROR:interface_registry.cc(99)] Failed to locate a binder for interface: autofill::mojom::AutofillDriver
I/Ads     (14247): Ad finished loading.
W/ResourceType(14247): No known package when getting name for resource number 0xffffffff
I/org.umd.logging(14247): Method > 1 org.cocos2dx.lib.Cocos2dxGLSurfaceView.onTouchEvent(org.cocos2dx.lib.Cocos2dxGLSurfaceView@270122741<file=><x=0><y=0><width=768><height=1184><id=-1>, android.view.MotionEvent@388462417)
I/org.umd.logging(14247): Method < 1 org.cocos2dx.lib.Cocos2dxGLSurfaceView.onTouchEvent(true)
I/org.umd.logging(14247): Method > 666 org.cocos2dx.lib.Cocos2dxGLSurfaceView$6.run(org.cocos2dx.lib.Cocos2dxGLSurfaceView$6@416282926)
I/org.umd.logging(14247): Method < 666 org.cocos2dx.lib.Cocos2dxGLSurfaceView$6.run()
W/ResourceType(14247): No known package when getting name for resource number 0xffffffff
I/org.umd.logging(14247): Method > 1 org.cocos2dx.lib.Cocos2dxGLSurfaceView.onTouchEvent(org.cocos2dx.lib.Cocos2dxGLSurfaceView@270122741<file=><x=0><y=0><width=768><height=1184><id=-1>, android.view.MotionEvent@388462417)
I/org.umd.logging(14247): Method < 1 org.cocos2dx.lib.Cocos2dxGLSurfaceView.onTouchEvent(true)
I/org.umd.logging(14247): Method > 666 org.cocos2dx.lib.Cocos2dxGLSurfaceView$7.run(org.cocos2dx.lib.Cocos2dxGLSurfaceView$7@369970383)
I/org.umd.logging(14247): Method < 666 org.cocos2dx.lib.Cocos2dxGLSurfaceView$7.run()
W/ResourceType(14247): No known package when getting name for resource number 0xffffffff
I/org.umd.logging(14247): Method > 1 org.cocos2dx.lib.Cocos2dxGLSurfaceView.onTouchEvent(org.cocos2dx.lib.Cocos2dxGLSurfaceView@270122741<file=><x=0><y=0><width=768><height=1184><id=-1>, android.view.MotionEvent@388462417)
I/org.umd.logging(14247): Method < 1 org.cocos2dx.lib.Cocos2dxGLSurfaceView.onTouchEvent(true)
I/org.umd.logging(14247): Method > 666 org.cocos2dx.lib.Cocos2dxGLSurfaceView$9.run(org.cocos2dx.lib.Cocos2dxGLSurfaceView$9@673904220)
D/NuPlayerDriver(  190): start(0xb8124b48)
I/GenericSource(  190): start
D/NuPlayerDriver(  190): reset(0xb8124b48)
D/NuPlayerDriver(  190): notifyResetComplete(0xb8124b48)
I/org.umd.logging(14247): Method < 666 org.cocos2dx.lib.Cocos2dxGLSurfaceView$9.run()
D/audio_hw_primary(  190): out_set_parameters: enter: usecase(0: deep-buffer-playback) kvpairs: routing=2
W/ResourceType(14247): No known package when getting name for resource number 0xffffffff
I/org.umd.logging(14247): Method > 1 org.cocos2dx.lib.Cocos2dxGLSurfaceView.onTouchEvent(org.cocos2dx.lib.Cocos2dxGLSurfaceView@270122741<file=><x=0><y=0><width=768><height=1184><id=-1>, android.view.MotionEvent@388462417)
I/org.umd.logging(14247): Method > 666 org.cocos2dx.lib.Cocos2dxGLSurfaceView$6.run(org.cocos2dx.lib.Cocos2dxGLSurfaceView$6@411245925)
I/org.umd.logging(14247): Method < 1 org.cocos2dx.lib.Cocos2dxGLSurfaceView.onTouchEvent(true)
I/org.umd.logging(14247): Method < 666 org.cocos2dx.lib.Cocos2dxGLSurfaceView$6.run()
W/ResourceType(14247): No known package when getting name for resource number 0xffffffff
I/org.umd.logging(14247): Method > 1 org.cocos2dx.lib.Cocos2dxGLSurfaceView.onTouchEvent(org.cocos2dx.lib.Cocos2dxGLSurfaceView@270122741<file=><x=0><y=0><width=768><height=1184><id=-1>, android.view.MotionEvent@388462417)
I/org.umd.logging(14247): Method > 666 org.cocos2dx.lib.Cocos2dxGLSurfaceView$9.run(org.cocos2dx.lib.Cocos2dxGLSurfaceView$9@65436218)
I/org.umd.logging(14247): Method < 1 org.cocos2dx.lib.Cocos2dxGLSurfaceView.onTouchEvent(true)
I/org.umd.logging(14247): Method < 666 org.cocos2dx.lib.Cocos2dxGLSurfaceView$9.run()
D/luajc   (14247): CCLuaJavaBridge::callJavaStaticMethod(lua_State *L)
W/art     (14247): Call to JNI FindClass with dots in name: "com.xbubble.bubbleisland2.MainActivity"
D/luajc   (14247): CCLuaJavaBridge::callJavaStaticMethod("com.xbubble.bubbleisland2.MainActivity", "postData", args, "(Ljava/lang/String;Ljava/lang/String;)V") SUCCESS
I/org.umd.logging(14247): Method > 1 com.xbubble.bubbleisland2.MainActivity$6.run(com.xbubble.bubbleisland2.MainActivity$6@624682731)
I/org.umd.logging(14247): Method > 1 com.engine.network.AsyncHttpPost.onPreExecute(com.engine.network.AsyncHttpPost@530521160<atask=true>)
I/org.umd.logging(14247): Method < 1 com.engine.network.AsyncHttpPost.onPreExecute()
I/org.umd.logging(14247): Method < 1 com.xbubble.bubbleisland2.MainActivity$6.run()
I/org.umd.logging(14247): Method > 683 com.engine.network.AsyncHttpPost.doInBackground(com.engine.network.AsyncHttpPost@530521160<atask=true>, [Ljava.lang.String;@420293345)
I/org.umd.logging(14247): Api > 683 org.apache.http.impl.client.DefaultHttpClient.<init>(org.apache.http.impl.client.DefaultHttpClient@951189510)
I/org.umd.logging(14247): Api < 683 org.apache.http.impl.client.DefaultHttpClient.<init>(org.apache.http.impl.client.DefaultHttpClient@951189510)
I/org.umd.logging(14247): Method < 683 com.engine.network.AsyncHttpPost.doInBackground(null)
D/luajc   (14247): CCLuaJavaBridge::callJavaStaticMethod(lua_State *L)
W/art     (14247): Call to JNI FindClass with dots in name: "com.xbubble.bubbleisland2.MainActivity"
D/luajc   (14247): CCLuaJavaBridge::callJavaStaticMethod("com.xbubble.bubbleisland2.MainActivity", "getADHeight", args, "()I") SUCCESS
I/org.umd.logging(14247): Api > 666 android.media.MediaPlayer.release(android.media.MediaPlayer@202754956)
D/NuPlayerDriver(  190): reset(0xb80f1d10)
D/NuPlayerDriver(  190): notifyResetComplete(0xb80f1d10)
I/org.umd.logging(14247): Api < 666 android.media.MediaPlayer.release()
E/MediaPlayer(14247): Should have subtitle controller already set
E/MediaPlayer(14247): Should have subtitle controller already set
I/org.umd.logging(14247): Api > 666 android.media.MediaPlayer.stop(android.media.MediaPlayer@711984839)
D/NuPlayerDriver(  190): stop(0xb80eb8c0)
I/org.umd.logging(14247): Api < 666 android.media.MediaPlayer.stop()
E/MediaPlayer(14247): Should have subtitle controller already set
E/MediaPlayer(14247): Should have subtitle controller already set
D/NuPlayerDriver(  190): seekTo(0xb80eb8c0) 0 ms
I/org.umd.logging(14247): Api > 666 android.media.MediaPlayer.start(android.media.MediaPlayer@711984839)
D/NuPlayerDriver(  190): start(0xb80eb8c0)
I/GenericSource(  190): start
I/org.umd.logging(14247): Api < 666 android.media.MediaPlayer.start()
D/NuPlayerDriver(  190): start(0xb815ba08)
I/GenericSource(  190): start
D/NuPlayerDriver(  190): reset(0xb815ba08)
D/NuPlayerDriver(  190): notifyResetComplete(0xb815ba08)
D/audio_hw_primary(  190): out_set_parameters: enter: usecase(0: deep-buffer-playback) kvpairs: routing=2
W/AudioTrack(14247): AUDIO_OUTPUT_FLAG_FAST denied by client
I/ExoPlayerImpl(14247): Init 1.3.1
I/OMXClient(14247): Using client-side OMX mux.
E/OMXMaster(14247): A component of name 'OMX.qcom.audio.decoder.aac' already exists, ignoring this one.
I/SoftAAC2(14247): Reconfiguring decoder: 0->44100 Hz, 0->2 channels
D/audio_hw_primary(  190): out_set_parameters: enter: usecase(0: deep-buffer-playback) kvpairs: routing=2
W/ResourceType(14247): No known package when getting name for resource number 0xffffffff
I/org.umd.logging(14247): Method > 1 org.cocos2dx.lib.Cocos2dxGLSurfaceView.onTouchEvent(org.cocos2dx.lib.Cocos2dxGLSurfaceView@270122741<file=><x=0><y=0><width=768><height=1184><id=-1>, android.view.MotionEvent@388462417)
I/org.umd.logging(14247): Method < 1 org.cocos2dx.lib.Cocos2dxGLSurfaceView.onTouchEvent(true)
I/org.umd.logging(14247): Method > 666 org.cocos2dx.lib.Cocos2dxGLSurfaceView$6.run(org.cocos2dx.lib.Cocos2dxGLSurfaceView$6@1012799122)
I/org.umd.logging(14247): Method < 666 org.cocos2dx.lib.Cocos2dxGLSurfaceView$6.run()
W/ResourceType(14247): No known package when getting name for resource number 0xffffffff
I/org.umd.logging(14247): Method > 1 org.cocos2dx.lib.Cocos2dxGLSurfaceView.onTouchEvent(org.cocos2dx.lib.Cocos2dxGLSurfaceView@270122741<file=><x=0><y=0><width=768><height=1184><id=-1>, android.view.MotionEvent@388462417)
I/org.umd.logging(14247): Method > 666 org.cocos2dx.lib.Cocos2dxGLSurfaceView$7.run(org.cocos2dx.lib.Cocos2dxGLSurfaceView$7@635193443)
I/org.umd.logging(14247): Method < 666 org.cocos2dx.lib.Cocos2dxGLSurfaceView$7.run()
I/org.umd.logging(14247): Method < 1 org.cocos2dx.lib.Cocos2dxGLSurfaceView.onTouchEvent(true)
I/art     (14247): Background partial concurrent mark sweep GC freed 13879(682KB) AllocSpace objects, 13(31MB) LOS objects, 31% free, 34MB/50MB, paused 1.770ms total 104.440ms
W/ResourceType(14247): No known package when getting name for resource number 0xffffffff
I/org.umd.logging(14247): Method > 1 org.cocos2dx.lib.Cocos2dxGLSurfaceView.onTouchEvent(org.cocos2dx.lib.Cocos2dxGLSurfaceView@270122741<file=><x=0><y=0><width=768><height=1184><id=-1>, android.view.MotionEvent@388462417)
I/org.umd.logging(14247): Method < 1 org.cocos2dx.lib.Cocos2dxGLSurfaceView.onTouchEvent(true)
I/org.umd.logging(14247): Method > 666 org.cocos2dx.lib.Cocos2dxGLSurfaceView$9.run(org.cocos2dx.lib.Cocos2dxGLSurfaceView$9@476785760)
I/org.umd.logging(14247): Method < 666 org.cocos2dx.lib.Cocos2dxGLSurfaceView$9.run()
D/NuPlayerDriver(  190): start(0xb815b768)
I/GenericSource(  190): start
D/NuPlayerDriver(  190): reset(0xb815b768)
D/NuPlayerDriver(  190): notifyResetComplete(0xb815b768)
W/AudioTrack(14247): AUDIO_OUTPUT_FLAG_FAST denied by client
D/NuPlayerDriver(  190): start(0xb8195f30)
I/GenericSource(  190): start
D/NuPlayerDriver(  190): reset(0xb8195f30)
D/NuPlayerDriver(  190): notifyResetComplete(0xb8195f30)
D/audio_hw_primary(  190): out_set_parameters: enter: usecase(0: deep-buffer-playback) kvpairs: routing=2
W/AudioTrack(14247): AUDIO_OUTPUT_FLAG_FAST denied by client
W/AudioTrack(14247): AUDIO_OUTPUT_FLAG_FAST denied by client
D/NuPlayerDriver(  190): start(0xb80df708)
I/GenericSource(  190): start
D/NuPlayerDriver(  190): reset(0xb80df708)
D/NuPlayerDriver(  190): notifyResetComplete(0xb80df708)
D/audio_hw_primary(  190): out_set_parameters: enter: usecase(0: deep-buffer-playback) kvpairs: routing=2
W/AudioTrack(14247): AUDIO_OUTPUT_FLAG_FAST denied by client
W/AudioTrack(14247): AUDIO_OUTPUT_FLAG_FAST denied by client
W/AudioTrack(14247): AUDIO_OUTPUT_FLAG_FAST denied by client
W/ResourceType(14247): No known package when getting name for resource number 0xffffffff
I/org.umd.logging(14247): Method > 1 org.cocos2dx.lib.Cocos2dxGLSurfaceView.onTouchEvent(org.cocos2dx.lib.Cocos2dxGLSurfaceView@270122741<file=><x=0><y=0><width=768><height=1184><id=-1>, android.view.MotionEvent@388462417)
I/org.umd.logging(14247): Method < 1 org.cocos2dx.lib.Cocos2dxGLSurfaceView.onTouchEvent(true)
I/org.umd.logging(14247): Method > 666 org.cocos2dx.lib.Cocos2dxGLSurfaceView$6.run(org.cocos2dx.lib.Cocos2dxGLSurfaceView$6@862410009)
I/org.umd.logging(14247): Method < 666 org.cocos2dx.lib.Cocos2dxGLSurfaceView$6.run()
W/ResourceType(14247): No known package when getting name for resource number 0xffffffff
I/org.umd.logging(14247): Method > 1 org.cocos2dx.lib.Cocos2dxGLSurfaceView.onTouchEvent(org.cocos2dx.lib.Cocos2dxGLSurfaceView@270122741<file=><x=0><y=0><width=768><height=1184><id=-1>, android.view.MotionEvent@388462417)
I/org.umd.logging(14247): Method < 1 org.cocos2dx.lib.Cocos2dxGLSurfaceView.onTouchEvent(true)
I/org.umd.logging(14247): Method > 666 org.cocos2dx.lib.Cocos2dxGLSurfaceView$7.run(org.cocos2dx.lib.Cocos2dxGLSurfaceView$7@155388382)
I/org.umd.logging(14247): Method < 666 org.cocos2dx.lib.Cocos2dxGLSurfaceView$7.run()
W/ResourceType(14247): No known package when getting name for resource number 0xffffffff
I/org.umd.logging(14247): Method > 1 org.cocos2dx.lib.Cocos2dxGLSurfaceView.onTouchEvent(org.cocos2dx.lib.Cocos2dxGLSurfaceView@270122741<file=><x=0><y=0><width=768><height=1184><id=-1>, android.view.MotionEvent@388462417)
I/org.umd.logging(14247): Method < 1 org.cocos2dx.lib.Cocos2dxGLSurfaceView.onTouchEvent(true)
I/org.umd.logging(14247): Method > 666 org.cocos2dx.lib.Cocos2dxGLSurfaceView$9.run(org.cocos2dx.lib.Cocos2dxGLSurfaceView$9@507578303)
I/org.umd.logging(14247): Method < 666 org.cocos2dx.lib.Cocos2dxGLSurfaceView$9.run()
W/AudioTrack(14247): AUDIO_OUTPUT_FLAG_FAST denied by client
W/AudioTrack(14247): AUDIO_OUTPUT_FLAG_FAST denied by client
W/AudioTrack(14247): AUDIO_OUTPUT_FLAG_FAST denied by client
W/AudioTrack(14247): AUDIO_OUTPUT_FLAG_FAST denied by client
W/AudioTrack(14247): AUDIO_OUTPUT_FLAG_FAST denied by client
W/AudioTrack(14247): AUDIO_OUTPUT_FLAG_FAST denied by client
W/ResourceType(14247): No known package when getting name for resource number 0xffffffff
I/org.umd.logging(14247): Method > 1 org.cocos2dx.lib.Cocos2dxGLSurfaceView.onTouchEvent(org.cocos2dx.lib.Cocos2dxGLSurfaceView@270122741<file=><x=0><y=0><width=768><height=1184><id=-1>, android.view.MotionEvent@388462417)
I/org.umd.logging(14247): Method < 1 org.cocos2dx.lib.Cocos2dxGLSurfaceView.onTouchEvent(true)
I/org.umd.logging(14247): Method > 666 org.cocos2dx.lib.Cocos2dxGLSurfaceView$6.run(org.cocos2dx.lib.Cocos2dxGLSurfaceView$6@784772748)
I/org.umd.logging(14247): Method < 666 org.cocos2dx.lib.Cocos2dxGLSurfaceView$6.run()
W/ResourceType(14247): No known package when getting name for resource number 0xffffffff
I/org.umd.logging(14247): Method > 1 org.cocos2dx.lib.Cocos2dxGLSurfaceView.onTouchEvent(org.cocos2dx.lib.Cocos2dxGLSurfaceView@270122741<file=><x=0><y=0><width=768><height=1184><id=-1>, android.view.MotionEvent@388462417)
I/org.umd.logging(14247): Method < 1 org.cocos2dx.lib.Cocos2dxGLSurfaceView.onTouchEvent(true)
I/org.umd.logging(14247): Method > 666 org.cocos2dx.lib.Cocos2dxGLSurfaceView$7.run(org.cocos2dx.lib.Cocos2dxGLSurfaceView$7@993749)
I/org.umd.logging(14247): Method < 666 org.cocos2dx.lib.Cocos2dxGLSurfaceView$7.run()
I/art     (14247): Background partial concurrent mark sweep GC freed 3136(219KB) AllocSpace objects, 8(27MB) LOS objects, 29% free, 38MB/54MB, paused 2.105ms total 103.921ms
W/ResourceType(14247): No known package when getting name for resource number 0xffffffff
I/org.umd.logging(14247): Method > 1 org.cocos2dx.lib.Cocos2dxGLSurfaceView.onTouchEvent(org.cocos2dx.lib.Cocos2dxGLSurfaceView@270122741<file=><x=0><y=0><width=768><height=1184><id=-1>, android.view.MotionEvent@388462417)
I/org.umd.logging(14247): Method < 1 org.cocos2dx.lib.Cocos2dxGLSurfaceView.onTouchEvent(true)
I/org.umd.logging(14247): Method > 666 org.cocos2dx.lib.Cocos2dxGLSurfaceView$9.run(org.cocos2dx.lib.Cocos2dxGLSurfaceView$9@351397354)
I/org.umd.logging(14247): Method < 666 org.cocos2dx.lib.Cocos2dxGLSurfaceView$9.run()
W/AudioTrack(14247): AUDIO_OUTPUT_FLAG_FAST denied by client
W/ResourceType(14247): No known package when getting name for resource number 0xffffffff
I/org.umd.logging(14247): Method > 1 org.cocos2dx.lib.Cocos2dxGLSurfaceView.onTouchEvent(org.cocos2dx.lib.Cocos2dxGLSurfaceView@270122741<file=><x=0><y=0><width=768><height=1184><id=-1>, android.view.MotionEvent@388462417)
I/org.umd.logging(14247): Method < 1 org.cocos2dx.lib.Cocos2dxGLSurfaceView.onTouchEvent(true)
I/org.umd.logging(14247): Method > 666 org.cocos2dx.lib.Cocos2dxGLSurfaceView$6.run(org.cocos2dx.lib.Cocos2dxGLSurfaceView$6@470311131)
I/org.umd.logging(14247): Method < 666 org.cocos2dx.lib.Cocos2dxGLSurfaceView$6.run()
W/ResourceType(14247): No known package when getting name for resource number 0xffffffff
I/org.umd.logging(14247): Method > 1 org.cocos2dx.lib.Cocos2dxGLSurfaceView.onTouchEvent(org.cocos2dx.lib.Cocos2dxGLSurfaceView@270122741<file=><x=0><y=0><width=768><height=1184><id=-1>, android.view.MotionEvent@388462417)
I/org.umd.logging(14247): Method < 1 org.cocos2dx.lib.Cocos2dxGLSurfaceView.onTouchEvent(true)
I/org.umd.logging(14247): Method > 666 org.cocos2dx.lib.Cocos2dxGLSurfaceView$7.run(org.cocos2dx.lib.Cocos2dxGLSurfaceView$7@24520568)
I/org.umd.logging(14247): Method < 666 org.cocos2dx.lib.Cocos2dxGLSurfaceView$7.run()
W/ResourceType(14247): No known package when getting name for resource number 0xffffffff
I/org.umd.logging(14247): Method > 1 org.cocos2dx.lib.Cocos2dxGLSurfaceView.onTouchEvent(org.cocos2dx.lib.Cocos2dxGLSurfaceView@270122741<file=><x=0><y=0><width=768><height=1184><id=-1>, android.view.MotionEvent@388462417)
I/org.umd.logging(14247): Method < 1 org.cocos2dx.lib.Cocos2dxGLSurfaceView.onTouchEvent(true)
I/org.umd.logging(14247): Method > 666 org.cocos2dx.lib.Cocos2dxGLSurfaceView$9.run(org.cocos2dx.lib.Cocos2dxGLSurfaceView$9@505777745)
I/org.umd.logging(14247): Method < 666 org.cocos2dx.lib.Cocos2dxGLSurfaceView$9.run()
W/AudioTrack(14247): AUDIO_OUTPUT_FLAG_FAST denied by client
D/audio_hw_primary(  190): out_set_parameters: enter: usecase(0: deep-buffer-playback) kvpairs: routing=2
W/AudioTrack(14247): AUDIO_OUTPUT_FLAG_FAST denied by client
W/AudioTrack(14247): AUDIO_OUTPUT_FLAG_FAST denied by client
W/AudioTrack(14247): AUDIO_OUTPUT_FLAG_FAST denied by client
W/AudioTrack(14247): AUDIO_OUTPUT_FLAG_FAST denied by client
W/AudioTrack(14247): AUDIO_OUTPUT_FLAG_FAST denied by client
I/DownloadManagerWrapper(  884): onReceive() : Charging = true
D/audio_hw_primary(  190): out_set_parameters: enter: usecase(0: deep-buffer-playback) kvpairs: routing=2
W/ResourceType(14247): No known package when getting name for resource number 0xffffffff
I/org.umd.logging(14247): Method > 1 org.cocos2dx.lib.Cocos2dxGLSurfaceView.onTouchEvent(org.cocos2dx.lib.Cocos2dxGLSurfaceView@270122741<file=><x=0><y=0><width=768><height=1184><id=-1>, android.view.MotionEvent@388462417)
I/org.umd.logging(14247): Method < 1 org.cocos2dx.lib.Cocos2dxGLSurfaceView.onTouchEvent(true)
I/org.umd.logging(14247): Method > 666 org.cocos2dx.lib.Cocos2dxGLSurfaceView$6.run(org.cocos2dx.lib.Cocos2dxGLSurfaceView$6@721450678)
I/org.umd.logging(14247): Method < 666 org.cocos2dx.lib.Cocos2dxGLSurfaceView$6.run()
W/ResourceType(14247): No known package when getting name for resource number 0xffffffff
I/org.umd.logging(14247): Method > 1 org.cocos2dx.lib.Cocos2dxGLSurfaceView.onTouchEvent(org.cocos2dx.lib.Cocos2dxGLSurfaceView@270122741<file=><x=0><y=0><width=768><height=1184><id=-1>, android.view.MotionEvent@388462417)
I/org.umd.logging(14247): Method < 1 org.cocos2dx.lib.Cocos2dxGLSurfaceView.onTouchEvent(true)
I/org.umd.logging(14247): Method > 666 org.cocos2dx.lib.Cocos2dxGLSurfaceView$7.run(org.cocos2dx.lib.Cocos2dxGLSurfaceView$7@975318967)
I/org.umd.logging(14247): Method < 666 org.cocos2dx.lib.Cocos2dxGLSurfaceView$7.run()
W/ResourceType(14247): No known package when getting name for resource number 0xffffffff
I/org.umd.logging(14247): Method > 1 org.cocos2dx.lib.Cocos2dxGLSurfaceView.onTouchEvent(org.cocos2dx.lib.Cocos2dxGLSurfaceView@270122741<file=><x=0><y=0><width=768><height=1184><id=-1>, android.view.MotionEvent@388462417)
I/org.umd.logging(14247): Method < 1 org.cocos2dx.lib.Cocos2dxGLSurfaceView.onTouchEvent(true)
I/org.umd.logging(14247): Method > 666 org.cocos2dx.lib.Cocos2dxGLSurfaceView$9.run(org.cocos2dx.lib.Cocos2dxGLSurfaceView$9@161628964)
I/org.umd.logging(14247): Method < 666 org.cocos2dx.lib.Cocos2dxGLSurfaceView$9.run()
W/AudioTrack(14247): AUDIO_OUTPUT_FLAG_FAST denied by client
D/audio_hw_primary(  190): out_set_parameters: enter: usecase(0: deep-buffer-playback) kvpairs: routing=2
W/AudioTrack(14247): AUDIO_OUTPUT_FLAG_FAST denied by client
W/AudioTrack(14247): AUDIO_OUTPUT_FLAG_FAST denied by client
W/AudioTrack(14247): AUDIO_OUTPUT_FLAG_FAST denied by client
W/AudioTrack(14247): AUDIO_OUTPUT_FLAG_FAST denied by client
W/AudioTrack(14247): AUDIO_OUTPUT_FLAG_FAST denied by client
W/ResourceType(14247): No known package when getting name for resource number 0xffffffff
I/org.umd.logging(14247): Method > 1 org.cocos2dx.lib.Cocos2dxGLSurfaceView.onTouchEvent(org.cocos2dx.lib.Cocos2dxGLSurfaceView@270122741<file=><x=0><y=0><width=768><height=1184><id=-1>, android.view.MotionEvent@388462417)
I/org.umd.logging(14247): Method > 666 org.cocos2dx.lib.Cocos2dxGLSurfaceView$6.run(org.cocos2dx.lib.Cocos2dxGLSurfaceView$6@476298893)
I/org.umd.logging(14247): Method < 666 org.cocos2dx.lib.Cocos2dxGLSurfaceView$6.run()
I/org.umd.logging(14247): Method < 1 org.cocos2dx.lib.Cocos2dxGLSurfaceView.onTouchEvent(true)
W/ResourceType(14247): No known package when getting name for resource number 0xffffffff
I/org.umd.logging(14247): Method > 1 org.cocos2dx.lib.Cocos2dxGLSurfaceView.onTouchEvent(org.cocos2dx.lib.Cocos2dxGLSurfaceView@270122741<file=><x=0><y=0><width=768><height=1184><id=-1>, android.view.MotionEvent@388462417)
I/org.umd.logging(14247): Method < 1 org.cocos2dx.lib.Cocos2dxGLSurfaceView.onTouchEvent(true)
I/org.umd.logging(14247): Method > 666 org.cocos2dx.lib.Cocos2dxGLSurfaceView$7.run(org.cocos2dx.lib.Cocos2dxGLSurfaceView$7@680872002)
