I/org.umd.logging(14247): Method < 666 org.cocos2dx.lib.Cocos2dxGLSurfaceView$7.run()
W/ResourceType(14247): No known package when getting name for resource number 0xffffffff
I/org.umd.logging(14247): Method > 1 org.cocos2dx.lib.Cocos2dxGLSurfaceView.onTouchEvent(org.cocos2dx.lib.Cocos2dxGLSurfaceView@270122741<file=><x=0><y=0><width=768><height=1184><id=-1>, android.view.MotionEvent@388462417)
I/org.umd.logging(14247): Method < 1 org.cocos2dx.lib.Cocos2dxGLSurfaceView.onTouchEvent(true)
I/org.umd.logging(14247): Method > 666 org.cocos2dx.lib.Cocos2dxGLSurfaceView$9.run(org.cocos2dx.lib.Cocos2dxGLSurfaceView$9@681578579)
I/org.umd.logging(14247): Method < 666 org.cocos2dx.lib.Cocos2dxGLSurfaceView$9.run()
W/AudioTrack(14247): AUDIO_OUTPUT_FLAG_FAST denied by client
W/AudioTrack(14247): AUDIO_OUTPUT_FLAG_FAST denied by client
W/AudioTrack(14247): AUDIO_OUTPUT_FLAG_FAST denied by client
W/AudioTrack(14247): AUDIO_OUTPUT_FLAG_FAST denied by client
W/AudioTrack(14247): AUDIO_OUTPUT_FLAG_FAST denied by client
W/AudioTrack(14247): AUDIO_OUTPUT_FLAG_FAST denied by client
W/AudioTrack(14247): AUDIO_OUTPUT_FLAG_FAST denied by client
W/AudioTrack(14247): AUDIO_OUTPUT_FLAG_FAST denied by client
W/AudioTrack(14247): AUDIO_OUTPUT_FLAG_FAST denied by client
W/AudioTrack(14247): AUDIO_OUTPUT_FLAG_FAST denied by client
W/AudioTrack(14247): AUDIO_OUTPUT_FLAG_FAST denied by client
D/audio_hw_primary(  190): out_set_parameters: enter: usecase(0: deep-buffer-playback) kvpairs: routing=2
W/AudioTrack(14247): AUDIO_OUTPUT_FLAG_FAST denied by client
W/AudioTrack(14247): AUDIO_OUTPUT_FLAG_FAST denied by client
W/AudioTrack(14247): AUDIO_OUTPUT_FLAG_FAST denied by client
W/AudioTrack(14247): AUDIO_OUTPUT_FLAG_FAST denied by client
D/audio_hw_primary(  190): out_set_parameters: enter: usecase(0: deep-buffer-playback) kvpairs: routing=2
W/AudioTrack(14247): AUDIO_OUTPUT_FLAG_FAST denied by client
D/audio_hw_primary(  190): out_set_parameters: enter: usecase(0: deep-buffer-playback) kvpairs: routing=2
W/AudioTrack(14247): AUDIO_OUTPUT_FLAG_FAST denied by client
W/AudioTrack(14247): AUDIO_OUTPUT_FLAG_FAST denied by client
D/audio_hw_primary(  190): out_set_parameters: enter: usecase(0: deep-buffer-playback) kvpairs: routing=2
E/WifiStateMachine(  588): WifiStateMachine CMD_START_SCAN source -2 txSuccessRate=47.22 rxSuccessRate=71.21 targetRoamBSSID=any RSSI=-54
W/AudioTrack(14247): AUDIO_OUTPUT_FLAG_FAST denied by client
W/AudioTrack(14247): AUDIO_OUTPUT_FLAG_FAST denied by client
D/audio_hw_primary(  190): out_set_parameters: enter: usecase(0: deep-buffer-playback) kvpairs: routing=2
I/org.umd.logging(14247): Api > 666 android.media.MediaPlayer.pause(android.media.MediaPlayer@711984839)
I/org.umd.logging(14247): Api < 666 android.media.MediaPlayer.pause()
D/NuPlayerDriver(  190): start(0xb814e6c0)
I/GenericSource(  190): start
D/NuPlayerDriver(  190): reset(0xb814e6c0)
D/NuPlayerDriver(  190): notifyResetComplete(0xb814e6c0)
D/luajc   (14247): CCLuaJavaBridge::callJavaStaticMethod(lua_State *L)
W/art     (14247): Call to JNI FindClass with dots in name: "com.xbubble.bubbleisland2.MainActivity"
D/luajc   (14247): CCLuaJavaBridge::callJavaStaticMethod("com.xbubble.bubbleisland2.MainActivity", "renameFile", args, "(Ljava/lang/String;Ljava/lang/String;)Z") SUCCESS
D/luajc   (14247): CCLuaJavaBridge::callJavaStaticMethod(lua_State *L)
W/art     (14247): Call to JNI FindClass with dots in name: "com.xbubble.bubbleisland2.MainActivity"
D/luajc   (14247): CCLuaJavaBridge::callJavaStaticMethod("com.xbubble.bubbleisland2.MainActivity", "postData", args, "(Ljava/lang/String;Ljava/lang/String;)V") SUCCESS
I/org.umd.logging(14247): Method > 1 com.xbubble.bubbleisland2.MainActivity$6.run(com.xbubble.bubbleisland2.MainActivity$6@72510864)
I/org.umd.logging(14247): Method > 1 com.engine.network.AsyncHttpPost.onPreExecute(com.engine.network.AsyncHttpPost@31110793<atask=true>)
I/org.umd.logging(14247): Method < 1 com.engine.network.AsyncHttpPost.onPreExecute()
I/org.umd.logging(14247): Method < 1 com.xbubble.bubbleisland2.MainActivity$6.run()
I/org.umd.logging(14247): Method > 699 com.engine.network.AsyncHttpPost.doInBackground(com.engine.network.AsyncHttpPost@31110793<atask=true>, [Ljava.lang.String;@615753358)
I/org.umd.logging(14247): Api > 699 org.apache.http.impl.client.DefaultHttpClient.<init>(org.apache.http.impl.client.DefaultHttpClient@1024548527)
I/org.umd.logging(14247): Api < 699 org.apache.http.impl.client.DefaultHttpClient.<init>(org.apache.http.impl.client.DefaultHttpClient@1024548527)
I/org.umd.logging(14247): Method < 699 com.engine.network.AsyncHttpPost.doInBackground(null)
D/audio_hw_primary(  190): out_set_parameters: enter: usecase(1: low-latency-playback) kvpairs: routing=2
I/wpa_supplicant(  714): wlan0: WPA: Group rekeying completed with b4:e9:b0:e5:06:df [GTK=TKIP]
I/DownloadManagerWrapper(  884): onReceive() : Charging = true
E/MtpServerJNI(  766): server is null in send_object_removed
I/DownloadManagerWrapper(  884): onReceive() : Charging = true
D/audio_hw_primary(  190): disable_audio_route: reset and update mixer path: deep-buffer-playback
W/ResourceType(14247): No known package when getting name for resource number 0xffffffff
I/org.umd.logging(14247): Method > 1 org.cocos2dx.lib.Cocos2dxGLSurfaceView.onTouchEvent(org.cocos2dx.lib.Cocos2dxGLSurfaceView@270122741<file=><x=0><y=0><width=768><height=1184><id=-1>, android.view.MotionEvent@388462417)
I/org.umd.logging(14247): Method < 1 org.cocos2dx.lib.Cocos2dxGLSurfaceView.onTouchEvent(true)
I/org.umd.logging(14247): Method > 666 org.cocos2dx.lib.Cocos2dxGLSurfaceView$6.run(org.cocos2dx.lib.Cocos2dxGLSurfaceView$6@899207868)
I/org.umd.logging(14247): Method < 666 org.cocos2dx.lib.Cocos2dxGLSurfaceView$6.run()
W/ResourceType(14247): No known package when getting name for resource number 0xffffffff
I/org.umd.logging(14247): Method > 1 org.cocos2dx.lib.Cocos2dxGLSurfaceView.onTouchEvent(org.cocos2dx.lib.Cocos2dxGLSurfaceView@270122741<file=><x=0><y=0><width=768><height=1184><id=-1>, android.view.MotionEvent@388462417)
I/org.umd.logging(14247): Method < 1 org.cocos2dx.lib.Cocos2dxGLSurfaceView.onTouchEvent(true)
I/org.umd.logging(14247): Method > 666 org.cocos2dx.lib.Cocos2dxGLSurfaceView$7.run(org.cocos2dx.lib.Cocos2dxGLSurfaceView$7@464466501)
I/org.umd.logging(14247): Method < 666 org.cocos2dx.lib.Cocos2dxGLSurfaceView$7.run()
W/ResourceType(14247): No known package when getting name for resource number 0xffffffff
I/org.umd.logging(14247): Method > 1 org.cocos2dx.lib.Cocos2dxGLSurfaceView.onTouchEvent(org.cocos2dx.lib.Cocos2dxGLSurfaceView@270122741<file=><x=0><y=0><width=768><height=1184><id=-1>, android.view.MotionEvent@388462417)
I/org.umd.logging(14247): Method < 1 org.cocos2dx.lib.Cocos2dxGLSurfaceView.onTouchEvent(true)
I/org.umd.logging(14247): Method > 666 org.cocos2dx.lib.Cocos2dxGLSurfaceView$9.run(org.cocos2dx.lib.Cocos2dxGLSurfaceView$9@289906074)
I/org.umd.logging(14247): Method < 666 org.cocos2dx.lib.Cocos2dxGLSurfaceView$9.run()
D/luajc   (14247): CCLuaJavaBridge::callJavaStaticMethod(lua_State *L)
W/art     (14247): Call to JNI FindClass with dots in name: "com.xbubble.bubbleisland2.MainActivity"
D/luajc   (14247): CCLuaJavaBridge::callJavaStaticMethod("com.xbubble.bubbleisland2.MainActivity", "renameFile", args, "(Ljava/lang/String;Ljava/lang/String;)Z") SUCCESS
D/luajc   (14247): CCLuaJavaBridge::callJavaStaticMethod(lua_State *L)
W/art     (14247): Call to JNI FindClass with dots in name: "com.xbubble.bubbleisland2.MainActivity"
D/luajc   (14247): CCLuaJavaBridge::callJavaStaticMethod("com.xbubble.bubbleisland2.MainActivity", "showBannerAd", args, "(Z)V") SUCCESS
D/luajc   (14247): CCLuaJavaBridge::callJavaStaticMethod(lua_State *L)
W/art     (14247): Call to JNI FindClass with dots in name: "com.xbubble.bubbleisland2.MainActivity"
I/org.umd.logging(14247): Method > 1 com.xbubble.bubbleisland2.MainActivity$3.run(com.xbubble.bubbleisland2.MainActivity$3@748631755)
I/org.umd.logging(14247): Method < 1 com.xbubble.bubbleisland2.MainActivity$3.run()
D/luajc   (14247): CCLuaJavaBridge::callJavaStaticMethod("com.xbubble.bubbleisland2.MainActivity", "isTextInterstitialADReady", args, "()Z") SUCCESS
W/ResourceType(14247): No known package when getting name for resource number 0xffffffff
I/org.umd.logging(14247): Method > 1 org.cocos2dx.lib.Cocos2dxGLSurfaceView.onTouchEvent(org.cocos2dx.lib.Cocos2dxGLSurfaceView@270122741<file=><x=0><y=0><width=768><height=1184><id=-1>, android.view.MotionEvent@388462417)
I/org.umd.logging(14247): Method < 1 org.cocos2dx.lib.Cocos2dxGLSurfaceView.onTouchEvent(true)
I/org.umd.logging(14247): Method > 666 org.cocos2dx.lib.Cocos2dxGLSurfaceView$6.run(org.cocos2dx.lib.Cocos2dxGLSurfaceView$6@780033704)
I/org.umd.logging(14247): Method < 666 org.cocos2dx.lib.Cocos2dxGLSurfaceView$6.run()
W/ResourceType(14247): No known package when getting name for resource number 0xffffffff
I/org.umd.logging(14247): Method > 1 org.cocos2dx.lib.Cocos2dxGLSurfaceView.onTouchEvent(org.cocos2dx.lib.Cocos2dxGLSurfaceView@270122741<file=><x=0><y=0><width=768><height=1184><id=-1>, android.view.MotionEvent@388462417)
I/org.umd.logging(14247): Method < 1 org.cocos2dx.lib.Cocos2dxGLSurfaceView.onTouchEvent(true)
I/org.umd.logging(14247): Method > 666 org.cocos2dx.lib.Cocos2dxGLSurfaceView$7.run(org.cocos2dx.lib.Cocos2dxGLSurfaceView$7@714452417)
I/org.umd.logging(14247): Method < 666 org.cocos2dx.lib.Cocos2dxGLSurfaceView$7.run()
W/ResourceType(14247): No known package when getting name for resource number 0xffffffff
I/org.umd.logging(14247): Method > 1 org.cocos2dx.lib.Cocos2dxGLSurfaceView.onTouchEvent(org.cocos2dx.lib.Cocos2dxGLSurfaceView@270122741<file=><x=0><y=0><width=768><height=1184><id=-1>, android.view.MotionEvent@388462417)
I/org.umd.logging(14247): Method < 1 org.cocos2dx.lib.Cocos2dxGLSurfaceView.onTouchEvent(true)
I/org.umd.logging(14247): Method > 666 org.cocos2dx.lib.Cocos2dxGLSurfaceView$9.run(org.cocos2dx.lib.Cocos2dxGLSurfaceView$9@552728934)
D/NuPlayerDriver(  190): start(0xb815b880)
I/GenericSource(  190): start
D/NuPlayerDriver(  190): reset(0xb815b880)
D/NuPlayerDriver(  190): notifyResetComplete(0xb815b880)
I/org.umd.logging(14247): Method < 666 org.cocos2dx.lib.Cocos2dxGLSurfaceView$9.run()
W/ResourceType(14247): No known package when getting name for resource number 0xffffffff
I/org.umd.logging(14247): Method > 1 org.cocos2dx.lib.Cocos2dxGLSurfaceView.onKeyDown(org.cocos2dx.lib.Cocos2dxGLSurfaceView@270122741<file=><x=0><y=0><width=768><height=1184><id=-1>, 4, android.view.KeyEvent@95337812)
I/org.umd.logging(14247): Method < 1 org.cocos2dx.lib.Cocos2dxGLSurfaceView.onKeyDown(true)
I/org.umd.logging(14247): Method > 666 org.cocos2dx.lib.Cocos2dxGLSurfaceView$11.run(org.cocos2dx.lib.Cocos2dxGLSurfaceView$11@1033127410)
I/org.umd.logging(14247): Method < 666 org.cocos2dx.lib.Cocos2dxGLSurfaceView$11.run()
I/org.umd.logging(14247): Api > 666 android.media.MediaPlayer.release(android.media.MediaPlayer@711984839)
D/NuPlayerDriver(  190): reset(0xb80eb8c0)
D/NuPlayerDriver(  190): notifyResetComplete(0xb80eb8c0)
I/org.umd.logging(14247): Api < 666 android.media.MediaPlayer.release()
E/MediaPlayer(14247): Should have subtitle controller already set
E/MediaPlayer(14247): Should have subtitle controller already set
I/org.umd.logging(14247): Api > 666 android.media.MediaPlayer.stop(android.media.MediaPlayer@815641667)
D/NuPlayerDriver(  190): stop(0xb80c88b8)
I/org.umd.logging(14247): Api < 666 android.media.MediaPlayer.stop()
E/MediaPlayer(14247): Should have subtitle controller already set
E/MediaPlayer(14247): Should have subtitle controller already set
D/NuPlayerDriver(  190): seekTo(0xb80c88b8) 0 ms
I/org.umd.logging(14247): Api > 666 android.media.MediaPlayer.start(android.media.MediaPlayer@815641667)
D/NuPlayerDriver(  190): start(0xb80c88b8)
I/GenericSource(  190): start
I/org.umd.logging(14247): Api < 666 android.media.MediaPlayer.start()
D/audio_hw_primary(  190): select_devices: out_snd_device(2: speaker) in_snd_device(0: none)
D/audio_hw_primary(  190): enable_audio_route: apply and update mixer path: deep-buffer-playback
D/audio_hw_primary(  190): out_set_parameters: enter: usecase(0: deep-buffer-playback) kvpairs: routing=2
W/ResourceType(14247): No known package when getting name for resource number 0xffffffff
I/org.umd.logging(14247): Method > 1 org.cocos2dx.lib.Cocos2dxGLSurfaceView.onTouchEvent(org.cocos2dx.lib.Cocos2dxGLSurfaceView@270122741<file=><x=0><y=0><width=768><height=1184><id=-1>, android.view.MotionEvent@388462417)
I/org.umd.logging(14247): Method < 1 org.cocos2dx.lib.Cocos2dxGLSurfaceView.onTouchEvent(true)
I/org.umd.logging(14247): Method > 666 org.cocos2dx.lib.Cocos2dxGLSurfaceView$6.run(org.cocos2dx.lib.Cocos2dxGLSurfaceView$6@786717376)
I/org.umd.logging(14247): Method < 666 org.cocos2dx.lib.Cocos2dxGLSurfaceView$6.run()
W/ResourceType(14247): No known package when getting name for resource number 0xffffffff
I/org.umd.logging(14247): Method > 1 org.cocos2dx.lib.Cocos2dxGLSurfaceView.onTouchEvent(org.cocos2dx.lib.Cocos2dxGLSurfaceView@270122741<file=><x=0><y=0><width=768><height=1184><id=-1>, android.view.MotionEvent@388462417)
I/org.umd.logging(14247): Method < 1 org.cocos2dx.lib.Cocos2dxGLSurfaceView.onTouchEvent(true)
I/org.umd.logging(14247): Method > 666 org.cocos2dx.lib.Cocos2dxGLSurfaceView$7.run(org.cocos2dx.lib.Cocos2dxGLSurfaceView$7@996234233)
I/org.umd.logging(14247): Method < 666 org.cocos2dx.lib.Cocos2dxGLSurfaceView$7.run()
W/ResourceType(14247): No known package when getting name for resource number 0xffffffff
I/org.umd.logging(14247): Method > 1 org.cocos2dx.lib.Cocos2dxGLSurfaceView.onTouchEvent(org.cocos2dx.lib.Cocos2dxGLSurfaceView@270122741<file=><x=0><y=0><width=768><height=1184><id=-1>, android.view.MotionEvent@388462417)
I/org.umd.logging(14247): Method < 1 org.cocos2dx.lib.Cocos2dxGLSurfaceView.onTouchEvent(true)
I/org.umd.logging(14247): Method > 666 org.cocos2dx.lib.Cocos2dxGLSurfaceView$9.run(org.cocos2dx.lib.Cocos2dxGLSurfaceView$9@463261502)
I/org.umd.logging(14247): Method < 666 org.cocos2dx.lib.Cocos2dxGLSurfaceView$9.run()
W/ResourceType(14247): No known package when getting name for resource number 0xffffffff
I/org.umd.logging(14247): Method > 1 org.cocos2dx.lib.Cocos2dxGLSurfaceView.onTouchEvent(org.cocos2dx.lib.Cocos2dxGLSurfaceView@270122741<file=><x=0><y=0><width=768><height=1184><id=-1>, android.view.MotionEvent@388462417)
I/org.umd.logging(14247): Method < 1 org.cocos2dx.lib.Cocos2dxGLSurfaceView.onTouchEvent(true)
I/org.umd.logging(14247): Method > 666 org.cocos2dx.lib.Cocos2dxGLSurfaceView$6.run(org.cocos2dx.lib.Cocos2dxGLSurfaceView$6@282939807)
I/org.umd.logging(14247): Method < 666 org.cocos2dx.lib.Cocos2dxGLSurfaceView$6.run()
W/ResourceType(14247): No known package when getting name for resource number 0xffffffff
I/org.umd.logging(14247): Method > 1 org.cocos2dx.lib.Cocos2dxGLSurfaceView.onTouchEvent(org.cocos2dx.lib.Cocos2dxGLSurfaceView@270122741<file=><x=0><y=0><width=768><height=1184><id=-1>, android.view.MotionEvent@388462417)
I/org.umd.logging(14247): Method < 1 org.cocos2dx.lib.Cocos2dxGLSurfaceView.onTouchEvent(true)
I/org.umd.logging(14247): Method > 666 org.cocos2dx.lib.Cocos2dxGLSurfaceView$7.run(org.cocos2dx.lib.Cocos2dxGLSurfaceView$7@487875308)
I/org.umd.logging(14247): Method < 666 org.cocos2dx.lib.Cocos2dxGLSurfaceView$7.run()
I/art     (14247): Background sticky concurrent mark sweep GC freed 1854(92KB) AllocSpace objects, 2(6MB) LOS objects, 5% free, 38MB/40MB, paused 6.897ms total 33.419ms
W/ResourceType(14247): No known package when getting name for resource number 0xffffffff
I/org.umd.logging(14247): Method > 1 org.cocos2dx.lib.Cocos2dxGLSurfaceView.onTouchEvent(org.cocos2dx.lib.Cocos2dxGLSurfaceView@270122741<file=><x=0><y=0><width=768><height=1184><id=-1>, android.view.MotionEvent@388462417)
I/org.umd.logging(14247): Method < 1 org.cocos2dx.lib.Cocos2dxGLSurfaceView.onTouchEvent(true)
I/org.umd.logging(14247): Method > 666 org.cocos2dx.lib.Cocos2dxGLSurfaceView$9.run(org.cocos2dx.lib.Cocos2dxGLSurfaceView$9@106575541)
I/org.umd.logging(14247): Method < 666 org.cocos2dx.lib.Cocos2dxGLSurfaceView$9.run()
W/ActivityManager(  588): getRunningAppProcesses: caller 10224 does not hold REAL_GET_TASKS; limiting output
W/Ads     (14247): JS: Synchronous XMLHttpRequest on the main thread is deprecated because of its detrimental effects to the end user's experience. For more help, check https://xhr.spec.whatwg.org/. (https://googleads.g.doubleclick.net/mads/static/formats/templates.js:90)
I/chromium(14247): [INFO:CONSOLE(90)] "Synchronous XMLHttpRequest on the main thread is deprecated because of its detrimental effects to the end user's experience. For more help, check https://xhr.spec.whatwg.org/.", source: https://googleads.g.doubleclick.net/mads/static/formats/templates.js (90)
D/audio_hw_primary(  190): disable_audio_route: reset and update mixer path: low-latency-playback
W/ResourceType(  742): No package identifier when getting value for resource number 0x00000000
W/PackageManager(  742): Failure retrieving resources for com.xbubble.bubbleisland2: Resource ID #0x0
D/audio_hw_primary(  190): select_devices: out_snd_device(2: speaker) in_snd_device(0: none)
D/audio_hw_primary(  190): enable_audio_route: apply and update mixer path: low-latency-playback
I/ActivityManager(  588): START u0 {flg=0x10000000 cmp=com.xbubble.bubbleisland2/com.google.android.gms.ads.AdActivity (has extras)} from uid 10224 on display 0
V/WindowManager(  588): addAppToken: AppWindowToken{1ce99601 token=Token{260bbfe8 ActivityRecord{26ec550b u0 com.xbubble.bubbleisland2/com.google.android.gms.ads.AdActivity t54}}} to stack=1 task=54 at 1
I/org.umd.logging(14247): Method > 1 com.xbubble.bubbleisland2.MainActivity.onPause(com.xbubble.bubbleisland2.MainActivity@159715295<activity=true>)
I/org.umd.logging(14247): Method > 1 org.cocos2dx.lib.Cocos2dxActivity.onPause(com.xbubble.bubbleisland2.MainActivity@159715295<activity=true>)
I/org.umd.logging(14247): Method > 1 org.cocos2dx.lib.Cocos2dxHelper.onPause()
I/org.umd.logging(14247): Method < 1 org.cocos2dx.lib.Cocos2dxHelper.onPause()
I/ActivityManager(  588): START u0 {act=com.android.systemui.recents.SHOW_RECENTS flg=0x10804000 cmp=com.android.systemui/.recents.RecentsActivity} from uid 10022 on display 0
W/ResourceType(14247): No known package when getting name for resource number 0xffffffff
I/org.umd.logging(14247): Method > 1 org.cocos2dx.lib.Cocos2dxGLSurfaceView.onPause(org.cocos2dx.lib.Cocos2dxGLSurfaceView@270122741<file=><x=0><y=0><width=768><height=1184><id=-1>)
I/org.umd.logging(14247): Method < 1 org.cocos2dx.lib.Cocos2dxGLSurfaceView.onPause()
I/org.umd.logging(14247): Method < 1 org.cocos2dx.lib.Cocos2dxActivity.onPause()
I/org.umd.logging(14247): Method < 1 com.xbubble.bubbleisland2.MainActivity.onPause()
I/org.umd.logging(14247): Method > 666 org.cocos2dx.lib.Cocos2dxGLSurfaceView$4.run(org.cocos2dx.lib.Cocos2dxGLSurfaceView$4@234889333)
D/luajc   (14247): CCLuaJavaBridge::callJavaStaticMethod(lua_State *L)
W/art     (14247): Call to JNI FindClass with dots in name: "com.xbubble.bubbleisland2.MainActivity"
D/luajc   (14247): CCLuaJavaBridge::callJavaStaticMethod("com.xbubble.bubbleisland2.MainActivity", "renameFile", args, "(Ljava/lang/String;Ljava/lang/String;)Z") SUCCESS
I/org.umd.logging(14247): Api > 666 android.media.MediaPlayer.pause(android.media.MediaPlayer@815641667)
I/org.umd.logging(14247): Api < 666 android.media.MediaPlayer.pause()
I/org.umd.logging(14247): Method < 666 org.cocos2dx.lib.Cocos2dxGLSurfaceView$4.run()
I/art     (14247): Background partial concurrent mark sweep GC freed 7383(441KB) AllocSpace objects, 6(20MB) LOS objects, 39% free, 24MB/40MB, paused 7.050ms total 125.072ms
W/art     (  742): Suspending all threads took: 103.616ms
D/audio_hw_primary(  190): out_set_parameters: enter: usecase(0: deep-buffer-playback) kvpairs: routing=2
I/art     (  742): Background partial concurrent mark sweep GC freed 116276(4MB) AllocSpace objects, 4(20MB) LOS objects, 40% free, 17MB/29MB, paused 106.516ms total 398.718ms
I/org.umd.logging(14247): Api > 1 android.location.LocationManager.getBestProvider(android.location.LocationManager@42666515, android.location.Criteria@258975754, true)
I/org.umd.logging(14247): Api < 1 android.location.LocationManager.getBestProvider(null)
I/org.umd.logging(14247): Method > 703 com.flurry.sdk.ff.run(com.flurry.sdk.dj$9@427411579)
I/org.umd.logging(14247): Method < 703 com.flurry.sdk.ff.run()
W/FlurryAgent(14247): End session with context: com.xbubble.bubbleisland2.MainActivity@9850fdf count:0
I/org.umd.logging(14247): Method > 703 com.flurry.sdk.ff.run(com.flurry.sdk.dj$7@1041368728)
I/org.umd.logging(14247): Method < 703 com.flurry.sdk.ff.run()
W/ResourceType(  742): No package identifier when getting value for resource number 0x00000000
W/PackageManager(  742): Failure retrieving resources for com.xbubble.bubbleisland2: Resource ID #0x0
I/DownloadManagerWrapper(  884): onReceive() : Charging = true
I/org.umd.logging(14247): Method > 1 com.xbubble.bubbleisland2.MainActivity.onDestroy(com.xbubble.bubbleisland2.MainActivity@159715295<activity=true>)
I/org.umd.logging(14247): Method > 1 org.cocos2dx.lib.Cocos2dxActivity.onDestroy(com.xbubble.bubbleisland2.MainActivity@159715295<activity=true>)
I/ActivityManager(  588): Killing 14247:com.xbubble.bubbleisland2/u0a224 (adj 9): remove task
D/ConnectivityService(  588): ConnectivityService NetworkRequestInfo binderDied(NetworkRequest [ id=29, legacyType=-1, [ Capabilities: INTERNET&NOT_RESTRICTED&TRUSTED] ], android.os.BinderProxy@28b5aaf5)
I/WindowState(  588): WIN DEATH: Window{1aa0b2c3 u0 com.xbubble.bubbleisland2/com.xbubble.bubbleisland2.MainActivity}
D/ConnectivityService(  588): ConnectivityService NetworkRequestInfo binderDied(NetworkRequest [ id=30, legacyType=-1, [ Capabilities: INTERNET&NOT_RESTRICTED&TRUSTED] ], android.os.BinderProxy@1deea08a)
D/ConnectivityService(  588): releasing NetworkRequest NetworkRequest [ id=29, legacyType=-1, [ Capabilities: INTERNET&NOT_RESTRICTED&TRUSTED] ]
D/NuPlayerDriver(  190): reset(0xb80c88b8)
E/ConnectivityService(  588): RemoteException caught trying to send a callback msg for NetworkRequest [ id=29, legacyType=-1, [ Capabilities: INTERNET&NOT_RESTRICTED&TRUSTED] ]
D/ConnectivityService(  588): releasing NetworkRequest NetworkRequest [ id=30, legacyType=-1, [ Capabilities: INTERNET&NOT_RESTRICTED&TRUSTED] ]
W/WindowManager(  588): Force-removing child win Window{36e3b73b u0 SurfaceView} from container Window{1aa0b2c3 u0 com.xbubble.bubbleisland2/com.xbubble.bubbleisland2.MainActivity}
E/ConnectivityService(  588): RemoteException caught trying to send a callback msg for NetworkRequest [ id=30, legacyType=-1, [ Capabilities: INTERNET&NOT_RESTRICTED&TRUSTED] ]
D/NuPlayerDriver(  190): notifyResetComplete(0xb80c88b8)
W/AudioFlinger(  190): session id 288 not found for pid 14247
W/WindowManager(  588): Failed looking up window
W/WindowManager(  588): java.lang.IllegalArgumentException: Requested window android.os.BinderProxy@312519ca does not exist
W/WindowManager(  588): 	at com.android.server.wm.WindowManagerService.windowForClientLocked(WindowManagerService.java:8539)
W/WindowManager(  588): 	at com.android.server.wm.WindowManagerService.windowForClientLocked(WindowManagerService.java:8530)
W/WindowManager(  588): 	at com.android.server.wm.WindowState$DeathRecipient.binderDied(WindowState.java:1142)
W/WindowManager(  588): 	at android.os.BinderProxy.sendDeathNotice(Binder.java:551)
I/WindowState(  588): WIN DEATH: null
I/ActivityManager(  588): START u0 {act=android.intent.action.MAIN cat=[android.intent.category.HOME] flg=0x10200000 cmp=com.android.launcher/com.android.launcher2.Launcher} from uid 10022 on display 0
D/TaskPersister(  588): removeObsoleteFile: deleting file=54_task.xml
W/OpenGLRenderer(  980): Incorrectly called buildLayer on View: ShortcutAndWidgetContainer, destroying layer...
W/OpenGLRenderer(  980): Incorrectly called buildLayer on View: ShortcutAndWidgetContainer, destroying layer...
D/audio_hw_primary(  190): disable_audio_route: reset and update mixer path: low-latency-playback
D/audio_hw_primary(  190): disable_audio_route: reset and update mixer path: deep-buffer-playback
D/audio_hw_primary(  190): disable_snd_device: snd_device(2: speaker)
E/WifiStateMachine(  588): WifiStateMachine CMD_START_SCAN source -2 txSuccessRate=5.70 rxSuccessRate=4.68 targetRoamBSSID=any RSSI=-55
I/DownloadManagerWrapper(  884): onReceive() : Charging = true
W/Settings( 5532): Setting stay_on_while_plugged_in has moved from android.provider.Settings.System to android.provider.Settings.Global, returning read-only value.
I/DownloadManagerWrapper(  884): onReceive() : Charging = true
E/MtpServerJNI(  766): server is null in send_object_removed
