I/org.umd.logging(13645): Method > 1 com.xbubble.bubbleisland2.MainActivity.onResume(com.xbubble.bubbleisland2.MainActivity@159715295<activity=true>)
I/org.umd.logging(13645): Method > 1 org.cocos2dx.lib.Cocos2dxActivity.onResume(com.xbubble.bubbleisland2.MainActivity@159715295<activity=true>)
I/org.umd.logging(13645): Method > 1 org.cocos2dx.lib.Cocos2dxHelper.onResume()
I/org.umd.logging(13645): Method < 1 org.cocos2dx.lib.Cocos2dxHelper.onResume()
W/ActivityManager(  588): getRunningAppProcesses: caller 10224 does not hold REAL_GET_TASKS; limiting output
W/ResourceType(13645): No known package when getting name for resource number 0xffffffff
I/org.umd.logging(13645): Method > 1 org.cocos2dx.lib.Cocos2dxGLSurfaceView.onResume(org.cocos2dx.lib.Cocos2dxGLSurfaceView@270122741<file=><x=0><y=0><width=768><height=1184><id=-1>)
I/org.umd.logging(13645): Method > 661 org.cocos2dx.lib.Cocos2dxGLSurfaceView$3.run(org.cocos2dx.lib.Cocos2dxGLSurfaceView$3@440824234)
I/org.umd.logging(13645): Api > 661 android.media.MediaPlayer.start(android.media.MediaPlayer@324596998)
I/org.umd.logging(13645): Method < 1 org.cocos2dx.lib.Cocos2dxGLSurfaceView.onResume()
I/org.umd.logging(13645): Method < 1 org.cocos2dx.lib.Cocos2dxActivity.onResume()
I/org.umd.logging(13645): Method < 1 com.xbubble.bubbleisland2.MainActivity.onResume()
D/NuPlayerDriver(  190): start(0xb81594d8)
I/org.umd.logging(13645): Api < 661 android.media.MediaPlayer.start()
I/org.umd.logging(13645): Method < 661 org.cocos2dx.lib.Cocos2dxGLSurfaceView$3.run()
I/org.umd.logging(13645): Method > 1 com.flurry.sdk.ev.onReceive(com.flurry.sdk.ev@959180446, android.app.Application@882580439, android.content.Intent@131439945<action=android.net.conn.CONNECTIVITY_CHANGE><data=null><package=null><component=null><type=null><filter_hashcode=-1172645946><networkInfo=None><networkType=None><inetCondition=None><extraInfo=None><umd_Intent_key=None>)
I/org.umd.logging(13645): Api > 1 android.net.ConnectivityManager.getActiveNetworkInfo(android.net.ConnectivityManager@250779613)
I/org.umd.logging(13645): Api < 1 android.net.ConnectivityManager.getActiveNetworkInfo(android.net.NetworkInfo@458647118)
I/org.umd.logging(13645): Method < 1 com.flurry.sdk.ev.onReceive()
W/cr_BindingManager(13645): Cannot call determinedVisibility() - never saw a connection for the pid: 13645
W/Ads     ( 2359): App does not have the required permissions to get location
W/cr_ScreenOrientation(13645): Removing an inexistent observer!
D/audio_hw_primary(  190): out_set_parameters: enter: usecase(0: deep-buffer-playback) kvpairs: routing=2
I/cr_Ime  (13645): ImeThread is enabled.
W/cr_BindingManager(13645): Cannot call determinedVisibility() - never saw a connection for the pid: 13645
W/ResourceType(13645): No known package when getting name for resource number 0xffffffff
I/org.umd.logging(13645): Method > 1 org.cocos2dx.lib.Cocos2dxGLSurfaceView.onTouchEvent(org.cocos2dx.lib.Cocos2dxGLSurfaceView@270122741<file=><x=0><y=0><width=768><height=1184><id=-1>, android.view.MotionEvent@705740681)
I/org.umd.logging(13645): Method < 1 org.cocos2dx.lib.Cocos2dxGLSurfaceView.onTouchEvent(true)
I/org.umd.logging(13645): Method > 661 org.cocos2dx.lib.Cocos2dxGLSurfaceView$6.run(org.cocos2dx.lib.Cocos2dxGLSurfaceView$6@968159526)
I/org.umd.logging(13645): Method < 661 org.cocos2dx.lib.Cocos2dxGLSurfaceView$6.run()
W/ResourceType(13645): No known package when getting name for resource number 0xffffffff
I/org.umd.logging(13645): Method > 1 org.cocos2dx.lib.Cocos2dxGLSurfaceView.onTouchEvent(org.cocos2dx.lib.Cocos2dxGLSurfaceView@270122741<file=><x=0><y=0><width=768><height=1184><id=-1>, android.view.MotionEvent@705740681)
I/org.umd.logging(13645): Method < 1 org.cocos2dx.lib.Cocos2dxGLSurfaceView.onTouchEvent(true)
I/org.umd.logging(13645): Method > 661 org.cocos2dx.lib.Cocos2dxGLSurfaceView$7.run(org.cocos2dx.lib.Cocos2dxGLSurfaceView$7@484995431)
I/org.umd.logging(13645): Method < 661 org.cocos2dx.lib.Cocos2dxGLSurfaceView$7.run()
W/ResourceType(13645): No known package when getting name for resource number 0xffffffff
I/org.umd.logging(13645): Method > 1 org.cocos2dx.lib.Cocos2dxGLSurfaceView.onTouchEvent(org.cocos2dx.lib.Cocos2dxGLSurfaceView@270122741<file=><x=0><y=0><width=768><height=1184><id=-1>, android.view.MotionEvent@705740681)
I/org.umd.logging(13645): Method < 1 org.cocos2dx.lib.Cocos2dxGLSurfaceView.onTouchEvent(true)
E/chromium(13645): [ERROR:interface_registry.cc(99)] Failed to locate a binder for interface: autofill::mojom::AutofillDriver
I/org.umd.logging(13645): Method > 661 org.cocos2dx.lib.Cocos2dxGLSurfaceView$9.run(org.cocos2dx.lib.Cocos2dxGLSurfaceView$9@1043323668)
I/Ads     (13645): Ad finished loading.
D/NuPlayerDriver(  190): start(0xb8132c30)
I/GenericSource(  190): start
D/NuPlayerDriver(  190): reset(0xb8132c30)
D/NuPlayerDriver(  190): notifyResetComplete(0xb8132c30)
I/org.umd.logging(13645): Method < 661 org.cocos2dx.lib.Cocos2dxGLSurfaceView$9.run()
D/audio_hw_primary(  190): out_set_parameters: enter: usecase(0: deep-buffer-playback) kvpairs: routing=2
W/ResourceType(13645): No known package when getting name for resource number 0xffffffff
I/org.umd.logging(13645): Method > 1 org.cocos2dx.lib.Cocos2dxGLSurfaceView.onTouchEvent(org.cocos2dx.lib.Cocos2dxGLSurfaceView@270122741<file=><x=0><y=0><width=768><height=1184><id=-1>, android.view.MotionEvent@705740681)
I/org.umd.logging(13645): Method < 1 org.cocos2dx.lib.Cocos2dxGLSurfaceView.onTouchEvent(true)
I/org.umd.logging(13645): Method > 661 org.cocos2dx.lib.Cocos2dxGLSurfaceView$6.run(org.cocos2dx.lib.Cocos2dxGLSurfaceView$6@703527346)
I/org.umd.logging(13645): Method < 661 org.cocos2dx.lib.Cocos2dxGLSurfaceView$6.run()
W/ResourceType(13645): No known package when getting name for resource number 0xffffffff
I/org.umd.logging(13645): Method > 1 org.cocos2dx.lib.Cocos2dxGLSurfaceView.onTouchEvent(org.cocos2dx.lib.Cocos2dxGLSurfaceView@270122741<file=><x=0><y=0><width=768><height=1184><id=-1>, android.view.MotionEvent@705740681)
I/org.umd.logging(13645): Method < 1 org.cocos2dx.lib.Cocos2dxGLSurfaceView.onTouchEvent(true)
I/org.umd.logging(13645): Method > 661 org.cocos2dx.lib.Cocos2dxGLSurfaceView$9.run(org.cocos2dx.lib.Cocos2dxGLSurfaceView$9@1015069955)
I/org.umd.logging(13645): Method < 661 org.cocos2dx.lib.Cocos2dxGLSurfaceView$9.run()
D/luajc   (13645): CCLuaJavaBridge::callJavaStaticMethod(lua_State *L)
W/art     (13645): Call to JNI FindClass with dots in name: "com.xbubble.bubbleisland2.MainActivity"
D/luajc   (13645): CCLuaJavaBridge::callJavaStaticMethod("com.xbubble.bubbleisland2.MainActivity", "postData", args, "(Ljava/lang/String;Ljava/lang/String;)V") SUCCESS
I/org.umd.logging(13645): Method > 1 com.xbubble.bubbleisland2.MainActivity$6.run(com.xbubble.bubbleisland2.MainActivity$6@800691328)
I/org.umd.logging(13645): Method > 1 com.engine.network.AsyncHttpPost.onPreExecute(com.engine.network.AsyncHttpPost@943942329<atask=true>)
I/org.umd.logging(13645): Method < 1 com.engine.network.AsyncHttpPost.onPreExecute()
I/org.umd.logging(13645): Method < 1 com.xbubble.bubbleisland2.MainActivity$6.run()
I/org.umd.logging(13645): Method > 677 com.engine.network.AsyncHttpPost.doInBackground(com.engine.network.AsyncHttpPost@943942329<atask=true>, [Ljava.lang.String;@55508734)
I/org.umd.logging(13645): Api > 677 org.apache.http.impl.client.DefaultHttpClient.<init>(org.apache.http.impl.client.DefaultHttpClient@818423391)
I/org.umd.logging(13645): Api < 677 org.apache.http.impl.client.DefaultHttpClient.<init>(org.apache.http.impl.client.DefaultHttpClient@818423391)
I/org.umd.logging(13645): Method < 677 com.engine.network.AsyncHttpPost.doInBackground(null)
D/luajc   (13645): CCLuaJavaBridge::callJavaStaticMethod(lua_State *L)
W/art     (13645): Call to JNI FindClass with dots in name: "com.xbubble.bubbleisland2.MainActivity"
D/luajc   (13645): CCLuaJavaBridge::callJavaStaticMethod("com.xbubble.bubbleisland2.MainActivity", "getADHeight", args, "()I") SUCCESS
I/org.umd.logging(13645): Api > 661 android.media.MediaPlayer.release(android.media.MediaPlayer@324596998)
D/NuPlayerDriver(  190): reset(0xb81594d8)
D/NuPlayerDriver(  190): notifyResetComplete(0xb81594d8)
I/org.umd.logging(13645): Api < 661 android.media.MediaPlayer.release()
E/MediaPlayer(13645): Should have subtitle controller already set
E/MediaPlayer(13645): Should have subtitle controller already set
I/org.umd.logging(13645): Api > 661 android.media.MediaPlayer.stop(android.media.MediaPlayer@224622764)
D/NuPlayerDriver(  190): stop(0xb81594d8)
I/org.umd.logging(13645): Api < 661 android.media.MediaPlayer.stop()
E/MediaPlayer(13645): Should have subtitle controller already set
E/MediaPlayer(13645): Should have subtitle controller already set
D/NuPlayerDriver(  190): seekTo(0xb81594d8) 0 ms
I/org.umd.logging(13645): Api > 661 android.media.MediaPlayer.start(android.media.MediaPlayer@224622764)
D/NuPlayerDriver(  190): start(0xb81594d8)
I/GenericSource(  190): start
I/org.umd.logging(13645): Api < 661 android.media.MediaPlayer.start()
D/NuPlayerDriver(  190): start(0xb8154030)
I/GenericSource(  190): start
D/NuPlayerDriver(  190): reset(0xb8154030)
D/NuPlayerDriver(  190): notifyResetComplete(0xb8154030)
E/WifiStateMachine(  588): WifiStateMachine CMD_START_SCAN source -2 txSuccessRate=220.16 rxSuccessRate=340.13 targetRoamBSSID=any RSSI=-54
D/audio_hw_primary(  190): out_set_parameters: enter: usecase(0: deep-buffer-playback) kvpairs: routing=2
W/AudioTrack(13645): AUDIO_OUTPUT_FLAG_FAST denied by client
D/audio_hw_primary(  190): out_set_parameters: enter: usecase(0: deep-buffer-playback) kvpairs: routing=2
W/ResourceType(13645): No known package when getting name for resource number 0xffffffff
I/org.umd.logging(13645): Method > 1 org.cocos2dx.lib.Cocos2dxGLSurfaceView.onTouchEvent(org.cocos2dx.lib.Cocos2dxGLSurfaceView@270122741<file=><x=0><y=0><width=768><height=1184><id=-1>, android.view.MotionEvent@705740681)
I/org.umd.logging(13645): Method < 1 org.cocos2dx.lib.Cocos2dxGLSurfaceView.onTouchEvent(true)
I/org.umd.logging(13645): Method > 661 org.cocos2dx.lib.Cocos2dxGLSurfaceView$6.run(org.cocos2dx.lib.Cocos2dxGLSurfaceView$6@52885877)
I/org.umd.logging(13645): Method < 661 org.cocos2dx.lib.Cocos2dxGLSurfaceView$6.run()
W/ResourceType(13645): No known package when getting name for resource number 0xffffffff
I/org.umd.logging(13645): Method > 1 org.cocos2dx.lib.Cocos2dxGLSurfaceView.onTouchEvent(org.cocos2dx.lib.Cocos2dxGLSurfaceView@270122741<file=><x=0><y=0><width=768><height=1184><id=-1>, android.view.MotionEvent@705740681)
I/org.umd.logging(13645): Method < 1 org.cocos2dx.lib.Cocos2dxGLSurfaceView.onTouchEvent(true)
I/org.umd.logging(13645): Method > 661 org.cocos2dx.lib.Cocos2dxGLSurfaceView$7.run(org.cocos2dx.lib.Cocos2dxGLSurfaceView$7@488115466)
I/org.umd.logging(13645): Method < 661 org.cocos2dx.lib.Cocos2dxGLSurfaceView$7.run()
W/ResourceType(13645): No known package when getting name for resource number 0xffffffff
I/org.umd.logging(13645): Method > 1 org.cocos2dx.lib.Cocos2dxGLSurfaceView.onTouchEvent(org.cocos2dx.lib.Cocos2dxGLSurfaceView@270122741<file=><x=0><y=0><width=768><height=1184><id=-1>, android.view.MotionEvent@705740681)
I/org.umd.logging(13645): Method < 1 org.cocos2dx.lib.Cocos2dxGLSurfaceView.onTouchEvent(true)
I/org.umd.logging(13645): Method > 661 org.cocos2dx.lib.Cocos2dxGLSurfaceView$9.run(org.cocos2dx.lib.Cocos2dxGLSurfaceView$9@385010043)
I/org.umd.logging(13645): Method < 661 org.cocos2dx.lib.Cocos2dxGLSurfaceView$9.run()
W/ResourceType(13645): No known package when getting name for resource number 0xffffffff
I/org.umd.logging(13645): Method > 1 org.cocos2dx.lib.Cocos2dxGLSurfaceView.onTouchEvent(org.cocos2dx.lib.Cocos2dxGLSurfaceView@270122741<file=><x=0><y=0><width=768><height=1184><id=-1>, android.view.MotionEvent@705740681)
I/org.umd.logging(13645): Method < 1 org.cocos2dx.lib.Cocos2dxGLSurfaceView.onTouchEvent(true)
I/org.umd.logging(13645): Method > 661 org.cocos2dx.lib.Cocos2dxGLSurfaceView$6.run(org.cocos2dx.lib.Cocos2dxGLSurfaceView$6@249918360)
W/ResourceType(13645): No known package when getting name for resource number 0xffffffff
I/org.umd.logging(13645): Method > 1 org.cocos2dx.lib.Cocos2dxGLSurfaceView.onTouchEvent(org.cocos2dx.lib.Cocos2dxGLSurfaceView@270122741<file=><x=0><y=0><width=768><height=1184><id=-1>, android.view.MotionEvent@705740681)
I/org.umd.logging(13645): Method < 1 org.cocos2dx.lib.Cocos2dxGLSurfaceView.onTouchEvent(true)
I/org.umd.logging(13645): Method < 661 org.cocos2dx.lib.Cocos2dxGLSurfaceView$6.run()
I/org.umd.logging(13645): Method > 661 org.cocos2dx.lib.Cocos2dxGLSurfaceView$7.run(org.cocos2dx.lib.Cocos2dxGLSurfaceView$7@8042481)
I/org.umd.logging(13645): Method < 661 org.cocos2dx.lib.Cocos2dxGLSurfaceView$7.run()
W/ResourceType(13645): No known package when getting name for resource number 0xffffffff
I/org.umd.logging(13645): Method > 1 org.cocos2dx.lib.Cocos2dxGLSurfaceView.onTouchEvent(org.cocos2dx.lib.Cocos2dxGLSurfaceView@270122741<file=><x=0><y=0><width=768><height=1184><id=-1>, android.view.MotionEvent@705740681)
I/org.umd.logging(13645): Method < 1 org.cocos2dx.lib.Cocos2dxGLSurfaceView.onTouchEvent(true)
I/org.umd.logging(13645): Method > 661 org.cocos2dx.lib.Cocos2dxGLSurfaceView$9.run(org.cocos2dx.lib.Cocos2dxGLSurfaceView$9@229765078)
I/org.umd.logging(13645): Method < 661 org.cocos2dx.lib.Cocos2dxGLSurfaceView$9.run()
D/NuPlayerDriver(  190): start(0xb80dfa98)
I/GenericSource(  190): start
D/NuPlayerDriver(  190): reset(0xb80dfa98)
D/NuPlayerDriver(  190): notifyResetComplete(0xb80dfa98)
W/AudioTrack(13645): AUDIO_OUTPUT_FLAG_FAST denied by client
D/NuPlayerDriver(  190): start(0xb814acb8)
I/GenericSource(  190): start
D/NuPlayerDriver(  190): reset(0xb814acb8)
W/ALooperRoster(  190): failed to deliver message. Target handler 225 registered, but object gone.
D/NuPlayerDriver(  190): notifyResetComplete(0xb814acb8)
D/audio_hw_primary(  190): out_set_parameters: enter: usecase(0: deep-buffer-playback) kvpairs: routing=2
W/AudioTrack(13645): AUDIO_OUTPUT_FLAG_FAST denied by client
W/AudioTrack(13645): AUDIO_OUTPUT_FLAG_FAST denied by client
W/AudioTrack(13645): AUDIO_OUTPUT_FLAG_FAST denied by client
D/NuPlayerDriver(  190): start(0xb818ce98)
I/GenericSource(  190): start
D/NuPlayerDriver(  190): reset(0xb818ce98)
D/NuPlayerDriver(  190): notifyResetComplete(0xb818ce98)
W/AudioTrack(13645): AUDIO_OUTPUT_FLAG_FAST denied by client
W/AudioTrack(13645): AUDIO_OUTPUT_FLAG_FAST denied by client
W/ResourceType(13645): No known package when getting name for resource number 0xffffffff
I/org.umd.logging(13645): Method > 1 org.cocos2dx.lib.Cocos2dxGLSurfaceView.onTouchEvent(org.cocos2dx.lib.Cocos2dxGLSurfaceView@270122741<file=><x=0><y=0><width=768><height=1184><id=-1>, android.view.MotionEvent@705740681)
I/org.umd.logging(13645): Method < 1 org.cocos2dx.lib.Cocos2dxGLSurfaceView.onTouchEvent(true)
I/org.umd.logging(13645): Method > 661 org.cocos2dx.lib.Cocos2dxGLSurfaceView$6.run(org.cocos2dx.lib.Cocos2dxGLSurfaceView$6@559579735)
I/org.umd.logging(13645): Method < 661 org.cocos2dx.lib.Cocos2dxGLSurfaceView$6.run()
I/art     (13645): Background partial concurrent mark sweep GC freed 2231(108KB) AllocSpace objects, 8(27MB) LOS objects, 36% free, 27MB/43MB, paused 6.867ms total 61.284ms
W/ResourceType(13645): No known package when getting name for resource number 0xffffffff
I/org.umd.logging(13645): Method > 1 org.cocos2dx.lib.Cocos2dxGLSurfaceView.onTouchEvent(org.cocos2dx.lib.Cocos2dxGLSurfaceView@270122741<file=><x=0><y=0><width=768><height=1184><id=-1>, android.view.MotionEvent@705740681)
I/org.umd.logging(13645): Method < 1 org.cocos2dx.lib.Cocos2dxGLSurfaceView.onTouchEvent(true)
I/org.umd.logging(13645): Method > 661 org.cocos2dx.lib.Cocos2dxGLSurfaceView$7.run(org.cocos2dx.lib.Cocos2dxGLSurfaceView$7@764031300)
I/org.umd.logging(13645): Method < 661 org.cocos2dx.lib.Cocos2dxGLSurfaceView$7.run()
W/ResourceType(13645): No known package when getting name for resource number 0xffffffff
I/org.umd.logging(13645): Method > 1 org.cocos2dx.lib.Cocos2dxGLSurfaceView.onTouchEvent(org.cocos2dx.lib.Cocos2dxGLSurfaceView@270122741<file=><x=0><y=0><width=768><height=1184><id=-1>, android.view.MotionEvent@705740681)
I/org.umd.logging(13645): Method < 1 org.cocos2dx.lib.Cocos2dxGLSurfaceView.onTouchEvent(true)
I/org.umd.logging(13645): Method > 661 org.cocos2dx.lib.Cocos2dxGLSurfaceView$9.run(org.cocos2dx.lib.Cocos2dxGLSurfaceView$9@494002733)
I/org.umd.logging(13645): Method < 661 org.cocos2dx.lib.Cocos2dxGLSurfaceView$9.run()
W/AudioTrack(13645): AUDIO_OUTPUT_FLAG_FAST denied by client
I/DownloadManagerWrapper(  884): onReceive() : Charging = true
W/AudioTrack(13645): AUDIO_OUTPUT_FLAG_FAST denied by client
I/DownloadManagerWrapper(  884): onReceive() : Charging = true
W/AudioTrack(13645): AUDIO_OUTPUT_FLAG_FAST denied by client
W/AudioTrack(13645): AUDIO_OUTPUT_FLAG_FAST denied by client
W/AudioTrack(13645): AUDIO_OUTPUT_FLAG_FAST denied by client
W/AudioTrack(13645): AUDIO_OUTPUT_FLAG_FAST denied by client
D/audio_hw_primary(  190): out_set_parameters: enter: usecase(0: deep-buffer-playback) kvpairs: routing=2
W/ResourceType(13645): No known package when getting name for resource number 0xffffffff
I/org.umd.logging(13645): Method > 1 org.cocos2dx.lib.Cocos2dxGLSurfaceView.onTouchEvent(org.cocos2dx.lib.Cocos2dxGLSurfaceView@270122741<file=><x=0><y=0><width=768><height=1184><id=-1>, android.view.MotionEvent@705740681)
I/org.umd.logging(13645): Method < 1 org.cocos2dx.lib.Cocos2dxGLSurfaceView.onTouchEvent(true)
I/org.umd.logging(13645): Method > 661 org.cocos2dx.lib.Cocos2dxGLSurfaceView$6.run(org.cocos2dx.lib.Cocos2dxGLSurfaceView$6@406139746)
I/org.umd.logging(13645): Method < 661 org.cocos2dx.lib.Cocos2dxGLSurfaceView$6.run()
W/ResourceType(13645): No known package when getting name for resource number 0xffffffff
I/org.umd.logging(13645): Method > 1 org.cocos2dx.lib.Cocos2dxGLSurfaceView.onTouchEvent(org.cocos2dx.lib.Cocos2dxGLSurfaceView@270122741<file=><x=0><y=0><width=768><height=1184><id=-1>, android.view.MotionEvent@705740681)
I/org.umd.logging(13645): Method < 1 org.cocos2dx.lib.Cocos2dxGLSurfaceView.onTouchEvent(true)
I/org.umd.logging(13645): Method > 661 org.cocos2dx.lib.Cocos2dxGLSurfaceView$7.run(org.cocos2dx.lib.Cocos2dxGLSurfaceView$7@605744371)
I/org.umd.logging(13645): Method < 661 org.cocos2dx.lib.Cocos2dxGLSurfaceView$7.run()
W/ResourceType(13645): No known package when getting name for resource number 0xffffffff
I/org.umd.logging(13645): Method > 1 org.cocos2dx.lib.Cocos2dxGLSurfaceView.onTouchEvent(org.cocos2dx.lib.Cocos2dxGLSurfaceView@270122741<file=><x=0><y=0><width=768><height=1184><id=-1>, android.view.MotionEvent@705740681)
I/org.umd.logging(13645): Method < 1 org.cocos2dx.lib.Cocos2dxGLSurfaceView.onTouchEvent(true)
I/org.umd.logging(13645): Method > 661 org.cocos2dx.lib.Cocos2dxGLSurfaceView$9.run(org.cocos2dx.lib.Cocos2dxGLSurfaceView$9@177937840)
I/org.umd.logging(13645): Method < 661 org.cocos2dx.lib.Cocos2dxGLSurfaceView$9.run()
W/AudioTrack(13645): AUDIO_OUTPUT_FLAG_FAST denied by client
D/audio_hw_primary(  190): out_set_parameters: enter: usecase(0: deep-buffer-playback) kvpairs: routing=2
W/AudioTrack(13645): AUDIO_OUTPUT_FLAG_FAST denied by client
W/AudioTrack(13645): AUDIO_OUTPUT_FLAG_FAST denied by client
W/AudioTrack(13645): AUDIO_OUTPUT_FLAG_FAST denied by client
W/AudioTrack(13645): AUDIO_OUTPUT_FLAG_FAST denied by client
W/AudioTrack(13645): AUDIO_OUTPUT_FLAG_FAST denied by client
W/ProcessCpuTracker(  588): Skipping unknown process pid 14064
W/ProcessCpuTracker(  588): Skipping unknown process pid 14066
W/ProcessCpuTracker(  588): Skipping unknown process pid 14070
W/ResourceType(13645): No known package when getting name for resource number 0xffffffff
I/org.umd.logging(13645): Method > 1 org.cocos2dx.lib.Cocos2dxGLSurfaceView.onTouchEvent(org.cocos2dx.lib.Cocos2dxGLSurfaceView@270122741<file=><x=0><y=0><width=768><height=1184><id=-1>, android.view.MotionEvent@705740681)
I/org.umd.logging(13645): Method < 1 org.cocos2dx.lib.Cocos2dxGLSurfaceView.onTouchEvent(true)
I/org.umd.logging(13645): Method > 661 org.cocos2dx.lib.Cocos2dxGLSurfaceView$6.run(org.cocos2dx.lib.Cocos2dxGLSurfaceView$6@758608937)
I/org.umd.logging(13645): Method < 661 org.cocos2dx.lib.Cocos2dxGLSurfaceView$6.run()
W/ResourceType(13645): No known package when getting name for resource number 0xffffffff
I/org.umd.logging(13645): Method > 1 org.cocos2dx.lib.Cocos2dxGLSurfaceView.onTouchEvent(org.cocos2dx.lib.Cocos2dxGLSurfaceView@270122741<file=><x=0><y=0><width=768><height=1184><id=-1>, android.view.MotionEvent@705740681)
I/org.umd.logging(13645): Method < 1 org.cocos2dx.lib.Cocos2dxGLSurfaceView.onTouchEvent(true)
I/org.umd.logging(13645): Method > 661 org.cocos2dx.lib.Cocos2dxGLSurfaceView$7.run(org.cocos2dx.lib.Cocos2dxGLSurfaceView$7@649536430)
I/org.umd.logging(13645): Method < 661 org.cocos2dx.lib.Cocos2dxGLSurfaceView$7.run()
W/ResourceType(13645): No known package when getting name for resource number 0xffffffff
I/org.umd.logging(13645): Method > 1 org.cocos2dx.lib.Cocos2dxGLSurfaceView.onTouchEvent(org.cocos2dx.lib.Cocos2dxGLSurfaceView@270122741<file=><x=0><y=0><width=768><height=1184><id=-1>, android.view.MotionEvent@705740681)
I/org.umd.logging(13645): Method < 1 org.cocos2dx.lib.Cocos2dxGLSurfaceView.onTouchEvent(true)
I/org.umd.logging(13645): Method > 661 org.cocos2dx.lib.Cocos2dxGLSurfaceView$9.run(org.cocos2dx.lib.Cocos2dxGLSurfaceView$9@258827599)
I/org.umd.logging(13645): Method < 661 org.cocos2dx.lib.Cocos2dxGLSurfaceView$9.run()
W/AudioTrack(13645): AUDIO_OUTPUT_FLAG_FAST denied by client
W/AudioTrack(13645): AUDIO_OUTPUT_FLAG_FAST denied by client
W/AudioTrack(13645): AUDIO_OUTPUT_FLAG_FAST denied by client
W/AudioTrack(13645): AUDIO_OUTPUT_FLAG_FAST denied by client
W/AudioTrack(13645): AUDIO_OUTPUT_FLAG_FAST denied by client
W/AudioTrack(13645): AUDIO_OUTPUT_FLAG_FAST denied by client
D/audio_hw_primary(  190): out_set_parameters: enter: usecase(0: deep-buffer-playback) kvpairs: routing=2
W/ResourceType(13645): No known package when getting name for resource number 0xffffffff
I/org.umd.logging(13645): Method > 1 org.cocos2dx.lib.Cocos2dxGLSurfaceView.onTouchEvent(org.cocos2dx.lib.Cocos2dxGLSurfaceView@270122741<file=><x=0><y=0><width=768><height=1184><id=-1>, android.view.MotionEvent@705740681)
I/org.umd.logging(13645): Method < 1 org.cocos2dx.lib.Cocos2dxGLSurfaceView.onTouchEvent(true)
I/org.umd.logging(13645): Method > 661 org.cocos2dx.lib.Cocos2dxGLSurfaceView$6.run(org.cocos2dx.lib.Cocos2dxGLSurfaceView$6@277636316)
I/org.umd.logging(13645): Method < 661 org.cocos2dx.lib.Cocos2dxGLSurfaceView$6.run()
W/ResourceType(13645): No known package when getting name for resource number 0xffffffff
I/org.umd.logging(13645): Method > 1 org.cocos2dx.lib.Cocos2dxGLSurfaceView.onTouchEvent(org.cocos2dx.lib.Cocos2dxGLSurfaceView@270122741<file=><x=0><y=0><width=768><height=1184><id=-1>, android.view.MotionEvent@705740681)
I/org.umd.logging(13645): Method < 1 org.cocos2dx.lib.Cocos2dxGLSurfaceView.onTouchEvent(true)
I/org.umd.logging(13645): Method > 661 org.cocos2dx.lib.Cocos2dxGLSurfaceView$9.run(org.cocos2dx.lib.Cocos2dxGLSurfaceView$9@816458213)
I/org.umd.logging(13645): Method < 661 org.cocos2dx.lib.Cocos2dxGLSurfaceView$9.run()
I/art     (13645): Background partial concurrent mark sweep GC freed 2291(115KB) AllocSpace objects, 7(24MB) LOS objects, 33% free, 31MB/47MB, paused 5.310ms total 81.733ms
W/AudioTrack(13645): AUDIO_OUTPUT_FLAG_FAST denied by client
D/audio_hw_primary(  190): out_set_parameters: enter: usecase(0: deep-buffer-playback) kvpairs: routing=2
W/AudioTrack(13645): AUDIO_OUTPUT_FLAG_FAST denied by client
W/AudioTrack(13645): AUDIO_OUTPUT_FLAG_FAST denied by client
W/AudioTrack(13645): AUDIO_OUTPUT_FLAG_FAST denied by client
W/AudioTrack(13645): AUDIO_OUTPUT_FLAG_FAST denied by client
W/AudioTrack(13645): AUDIO_OUTPUT_FLAG_FAST denied by client
W/AudioTrack(13645): AUDIO_OUTPUT_FLAG_FAST denied by client
W/AudioTrack(13645): AUDIO_OUTPUT_FLAG_FAST denied by client
W/AudioTrack(13645): AUDIO_OUTPUT_FLAG_FAST denied by client
W/AudioTrack(13645): AUDIO_OUTPUT_FLAG_FAST denied by client
W/AudioTrack(13645): AUDIO_OUTPUT_FLAG_FAST denied by client
W/AudioTrack(13645): AUDIO_OUTPUT_FLAG_FAST denied by client
W/AudioTrack(13645): AUDIO_OUTPUT_FLAG_FAST denied by client
W/AudioTrack(13645): AUDIO_OUTPUT_FLAG_FAST denied by client
W/AudioTrack(13645): AUDIO_OUTPUT_FLAG_FAST denied by client
W/AudioTrack(13645): AUDIO_OUTPUT_FLAG_FAST denied by client
W/AudioTrack(13645): AUDIO_OUTPUT_FLAG_FAST denied by client
W/AudioTrack(13645): AUDIO_OUTPUT_FLAG_FAST denied by client
W/AudioTrack(13645): AUDIO_OUTPUT_FLAG_FAST denied by client
D/audio_hw_primary(  190): out_set_parameters: enter: usecase(0: deep-buffer-playback) kvpairs: routing=2
W/AudioTrack(13645): AUDIO_OUTPUT_FLAG_FAST denied by client
W/AudioTrack(13645): AUDIO_OUTPUT_FLAG_FAST denied by client
W/AudioTrack(13645): AUDIO_OUTPUT_FLAG_FAST denied by client
W/AudioTrack(13645): AUDIO_OUTPUT_FLAG_FAST denied by client
D/audio_hw_primary(  190): out_set_parameters: enter: usecase(0: deep-buffer-playback) kvpairs: routing=2
W/AudioTrack(13645): AUDIO_OUTPUT_FLAG_FAST denied by client
D/audio_hw_primary(  190): out_set_parameters: enter: usecase(0: deep-buffer-playback) kvpairs: routing=2
W/AudioTrack(13645): AUDIO_OUTPUT_FLAG_FAST denied by client
D/audio_hw_primary(  190): out_set_parameters: enter: usecase(0: deep-buffer-playback) kvpairs: routing=2
W/AudioTrack(13645): AUDIO_OUTPUT_FLAG_FAST denied by client
I/DownloadManagerWrapper(  884): onReceive() : Charging = true
D/audio_hw_primary(  190): out_set_parameters: enter: usecase(0: deep-buffer-playback) kvpairs: routing=2
W/AudioTrack(13645): AUDIO_OUTPUT_FLAG_FAST denied by client
I/org.umd.logging(13645): Api > 661 android.media.MediaPlayer.pause(android.media.MediaPlayer@224622764)
I/org.umd.logging(13645): Api < 661 android.media.MediaPlayer.pause()
D/audio_hw_primary(  190): out_set_parameters: enter: usecase(0: deep-buffer-playback) kvpairs: routing=2
D/NuPlayerDriver(  190): start(0xb818a118)
I/GenericSource(  190): start
D/NuPlayerDriver(  190): reset(0xb818a118)
D/NuPlayerDriver(  190): notifyResetComplete(0xb818a118)
D/luajc   (13645): CCLuaJavaBridge::callJavaStaticMethod(lua_State *L)
W/art     (13645): Call to JNI FindClass with dots in name: "com.xbubble.bubbleisland2.MainActivity"
D/luajc   (13645): CCLuaJavaBridge::callJavaStaticMethod("com.xbubble.bubbleisland2.MainActivity", "renameFile", args, "(Ljava/lang/String;Ljava/lang/String;)Z") SUCCESS
D/luajc   (13645): CCLuaJavaBridge::callJavaStaticMethod(lua_State *L)
W/art     (13645): Call to JNI FindClass with dots in name: "com.xbubble.bubbleisland2.MainActivity"
D/luajc   (13645): CCLuaJavaBridge::callJavaStaticMethod("com.xbubble.bubbleisland2.MainActivity", "postData", args, "(Ljava/lang/String;Ljava/lang/String;)V") SUCCESS
I/org.umd.logging(13645): Method > 1 com.xbubble.bubbleisland2.MainActivity$6.run(com.xbubble.bubbleisland2.MainActivity$6@492162234)
I/org.umd.logging(13645): Method > 1 com.engine.network.AsyncHttpPost.onPreExecute(com.engine.network.AsyncHttpPost@868550507<atask=true>)
I/org.umd.logging(13645): Method < 1 com.engine.network.AsyncHttpPost.onPreExecute()
I/org.umd.logging(13645): Method < 1 com.xbubble.bubbleisland2.MainActivity$6.run()
I/org.umd.logging(13645): Method > 694 com.engine.network.AsyncHttpPost.doInBackground(com.engine.network.AsyncHttpPost@868550507<atask=true>, [Ljava.lang.String;@988345032)
I/org.umd.logging(13645): Api > 694 org.apache.http.impl.client.DefaultHttpClient.<init>(org.apache.http.impl.client.DefaultHttpClient@500727649)
I/org.umd.logging(13645): Api < 694 org.apache.http.impl.client.DefaultHttpClient.<init>(org.apache.http.impl.client.DefaultHttpClient@500727649)
D/audio_hw_primary(  190): out_set_parameters: enter: usecase(1: low-latency-playback) kvpairs: routing=2
W/AudioTrack(13645): AUDIO_OUTPUT_FLAG_FAST denied by client
I/org.umd.logging(13645): Method < 694 com.engine.network.AsyncHttpPost.doInBackground(null)
W/AudioTrack(13645): AUDIO_OUTPUT_FLAG_FAST denied by client
W/ResourceType(13645): No known package when getting name for resource number 0xffffffff
I/org.umd.logging(13645): Method > 1 org.cocos2dx.lib.Cocos2dxGLSurfaceView.onTouchEvent(org.cocos2dx.lib.Cocos2dxGLSurfaceView@270122741<file=><x=0><y=0><width=768><height=1184><id=-1>, android.view.MotionEvent@705740681)
I/org.umd.logging(13645): Method < 1 org.cocos2dx.lib.Cocos2dxGLSurfaceView.onTouchEvent(true)
I/org.umd.logging(13645): Method > 661 org.cocos2dx.lib.Cocos2dxGLSurfaceView$6.run(org.cocos2dx.lib.Cocos2dxGLSurfaceView$6@302250630)
I/org.umd.logging(13645): Method < 661 org.cocos2dx.lib.Cocos2dxGLSurfaceView$6.run()
W/ResourceType(13645): No known package when getting name for resource number 0xffffffff
I/org.umd.logging(13645): Method > 1 org.cocos2dx.lib.Cocos2dxGLSurfaceView.onTouchEvent(org.cocos2dx.lib.Cocos2dxGLSurfaceView@270122741<file=><x=0><y=0><width=768><height=1184><id=-1>, android.view.MotionEvent@705740681)
I/org.umd.logging(13645): Method < 1 org.cocos2dx.lib.Cocos2dxGLSurfaceView.onTouchEvent(true)
I/org.umd.logging(13645): Method > 661 org.cocos2dx.lib.Cocos2dxGLSurfaceView$7.run(org.cocos2dx.lib.Cocos2dxGLSurfaceView$7@732606279)
I/org.umd.logging(13645): Method < 661 org.cocos2dx.lib.Cocos2dxGLSurfaceView$7.run()
W/ResourceType(13645): No known package when getting name for resource number 0xffffffff
I/org.umd.logging(13645): Method > 1 org.cocos2dx.lib.Cocos2dxGLSurfaceView.onTouchEvent(org.cocos2dx.lib.Cocos2dxGLSurfaceView@270122741<file=><x=0><y=0><width=768><height=1184><id=-1>, android.view.MotionEvent@705740681)
I/org.umd.logging(13645): Method < 1 org.cocos2dx.lib.Cocos2dxGLSurfaceView.onTouchEvent(true)
I/org.umd.logging(13645): Method > 661 org.cocos2dx.lib.Cocos2dxGLSurfaceView$9.run(org.cocos2dx.lib.Cocos2dxGLSurfaceView$9@821982068)
I/org.umd.logging(13645): Method < 661 org.cocos2dx.lib.Cocos2dxGLSurfaceView$9.run()
D/luajc   (13645): CCLuaJavaBridge::callJavaStaticMethod(lua_State *L)
W/art     (13645): Call to JNI FindClass with dots in name: "com.xbubble.bubbleisland2.MainActivity"
D/luajc   (13645): CCLuaJavaBridge::callJavaStaticMethod("com.xbubble.bubbleisland2.MainActivity", "renameFile", args, "(Ljava/lang/String;Ljava/lang/String;)Z") SUCCESS
D/luajc   (13645): CCLuaJavaBridge::callJavaStaticMethod(lua_State *L)
W/art     (13645): Call to JNI FindClass with dots in name: "com.xbubble.bubbleisland2.MainActivity"
D/luajc   (13645): CCLuaJavaBridge::callJavaStaticMethod("com.xbubble.bubbleisland2.MainActivity", "showBannerAd", args, "(Z)V") SUCCESS
D/luajc   (13645): CCLuaJavaBridge::callJavaStaticMethod(lua_State *L)
W/art     (13645): Call to JNI FindClass with dots in name: "com.xbubble.bubbleisland2.MainActivity"
D/luajc   (13645): CCLuaJavaBridge::callJavaStaticMethod("com.xbubble.bubbleisland2.MainActivity", "isTextInterstitialADReady", args, "()Z") SUCCESS
I/org.umd.logging(13645): Method > 1 com.xbubble.bubbleisland2.MainActivity$3.run(com.xbubble.bubbleisland2.MainActivity$3@591179933)
I/org.umd.logging(13645): Method < 1 com.xbubble.bubbleisland2.MainActivity$3.run()
W/ResourceType(  742): No package identifier when getting value for resource number 0x00000000
W/PackageManager(  742): Failure retrieving resources for com.xbubble.bubbleisland2: Resource ID #0x0
I/ActivityManager(  588): START u0 {act=com.android.systemui.recents.SHOW_RECENTS flg=0x10804000 cmp=com.android.systemui/.recents.RecentsActivity} from uid 10022 on display 0
I/org.umd.logging(13645): Method > 1 com.xbubble.bubbleisland2.MainActivity.onPause(com.xbubble.bubbleisland2.MainActivity@159715295<activity=true>)
I/org.umd.logging(13645): Method > 1 org.cocos2dx.lib.Cocos2dxActivity.onPause(com.xbubble.bubbleisland2.MainActivity@159715295<activity=true>)
I/org.umd.logging(13645): Method > 1 org.cocos2dx.lib.Cocos2dxHelper.onPause()
I/org.umd.logging(13645): Method < 1 org.cocos2dx.lib.Cocos2dxHelper.onPause()
W/ResourceType(13645): No known package when getting name for resource number 0xffffffff
I/org.umd.logging(13645): Method > 1 org.cocos2dx.lib.Cocos2dxGLSurfaceView.onPause(org.cocos2dx.lib.Cocos2dxGLSurfaceView@270122741<file=><x=0><y=0><width=768><height=1184><id=-1>)
I/org.umd.logging(13645): Method < 1 org.cocos2dx.lib.Cocos2dxGLSurfaceView.onPause()
I/org.umd.logging(13645): Method < 1 org.cocos2dx.lib.Cocos2dxActivity.onPause()
I/org.umd.logging(13645): Method < 1 com.xbubble.bubbleisland2.MainActivity.onPause()
I/org.umd.logging(13645): Api > 1 android.location.LocationManager.getBestProvider(android.location.LocationManager@571618415, android.location.Criteria@890583314, true)
I/org.umd.logging(13645): Api < 1 android.location.LocationManager.getBestProvider(null)
W/FlurryAgent(13645): End session with context: com.xbubble.bubbleisland2.MainActivity@9850fdf count:0
I/org.umd.logging(13645): Method > 699 com.flurry.sdk.ff.run(com.flurry.sdk.dj$9@123271395)
I/org.umd.logging(13645): Method < 699 com.flurry.sdk.ff.run()
I/org.umd.logging(13645): Method > 661 org.cocos2dx.lib.Cocos2dxGLSurfaceView$4.run(org.cocos2dx.lib.Cocos2dxGLSurfaceView$4@524899040)
D/luajc   (13645): CCLuaJavaBridge::callJavaStaticMethod(lua_State *L)
W/art     (13645): Call to JNI FindClass with dots in name: "com.xbubble.bubbleisland2.MainActivity"
D/luajc   (13645): CCLuaJavaBridge::callJavaStaticMethod("com.xbubble.bubbleisland2.MainActivity", "renameFile", args, "(Ljava/lang/String;Ljava/lang/String;)Z") SUCCESS
I/org.umd.logging(13645): Method < 661 org.cocos2dx.lib.Cocos2dxGLSurfaceView$4.run()
I/org.umd.logging(13645): Method > 699 com.flurry.sdk.ff.run(com.flurry.sdk.dj$7@582531481)
I/org.umd.logging(13645): Method < 699 com.flurry.sdk.ff.run()
W/InputMethodManagerService(  588): Starting input on non-focused client com.android.internal.view.IInputMethodClient$Stub$Proxy@1b7c35f1 (uid=10224 pid=13645)
D/audio_hw_primary(  190): disable_audio_route: reset and update mixer path: deep-buffer-playback
I/ActivityManager(  588): Killing 13645:com.xbubble.bubbleisland2/u0a224 (adj 9): remove task
I/WindowState(  588): WIN DEATH: Window{1c129466 u0 com.xbubble.bubbleisland2/com.xbubble.bubbleisland2.MainActivity}
W/WindowManager(  588): Force-removing child win Window{2e7155ec u0 SurfaceView} from container Window{1c129466 u0 com.xbubble.bubbleisland2/com.xbubble.bubbleisland2.MainActivity}
D/ConnectivityService(  588): ConnectivityService NetworkRequestInfo binderDied(NetworkRequest [ id=27, legacyType=-1, [ Capabilities: INTERNET&NOT_RESTRICTED&TRUSTED] ], android.os.BinderProxy@35b895d6)
D/ConnectivityService(  588): ConnectivityService NetworkRequestInfo binderDied(NetworkRequest [ id=28, legacyType=-1, [ Capabilities: INTERNET&NOT_RESTRICTED&TRUSTED] ], android.os.BinderProxy@16c33057)
D/ConnectivityService(  588): releasing NetworkRequest NetworkRequest [ id=27, legacyType=-1, [ Capabilities: INTERNET&NOT_RESTRICTED&TRUSTED] ]
D/NuPlayerDriver(  190): reset(0xb81594d8)
E/ConnectivityService(  588): RemoteException caught trying to send a callback msg for NetworkRequest [ id=27, legacyType=-1, [ Capabilities: INTERNET&NOT_RESTRICTED&TRUSTED] ]
D/ConnectivityService(  588): releasing NetworkRequest NetworkRequest [ id=28, legacyType=-1, [ Capabilities: INTERNET&NOT_RESTRICTED&TRUSTED] ]
E/ConnectivityService(  588): RemoteException caught trying to send a callback msg for NetworkRequest [ id=28, legacyType=-1, [ Capabilities: INTERNET&NOT_RESTRICTED&TRUSTED] ]
D/NuPlayerDriver(  190): notifyResetComplete(0xb81594d8)
W/AudioFlinger(  190): session id 135 not found for pid 13645
I/ActivityManager(  588): START u0 {act=android.intent.action.MAIN cat=[android.intent.category.HOME] flg=0x10200000 cmp=com.android.launcher/com.android.launcher2.Launcher} from uid 10022 on display 0
W/ResourcesManager(  980): Asset path '/system/framework/com.google.android.maps.jar' does not exist or contains no resources.
W/ResourcesManager(  980): Asset path '/system/framework/com.google.android.maps.jar' does not exist or contains no resources.
D/Launcher.Model(  980): DbDebug    Modify item (Gmail) in db, id: 3 (1, 0, 0, 0) --> (1, 0, 0, 0)
D/Launcher.Model(  980): DbDebug    Modify item (Google+) in db, id: 5 (1, 0, 1, 0) --> (1, 0, 1, 0)
D/Launcher.Model(  980): DbDebug    Modify item (Photos) in db, id: 7 (1, 0, 2, 0) --> (1, 0, 2, 0)
D/Launcher.Model(  980): DbDebug    Modify item (Maps) in db, id: 9 (1, 0, 0, 1) --> (1, 0, 0, 1)
D/Launcher.Model(  980): DbDebug    Modify item (Contacts) in db, id: 11 (1, 0, 1, 1) --> (1, 0, 1, 1)
D/Launcher.Model(  980): DbDebug    Modify item (Calendar) in db, id: 13 (1, 0, 2, 1) --> (1, 0, 2, 1)
D/Launcher.Model(  980): DbDebug    Modify item (Keep) in db, id: 15 (1, 0, 0, 2) --> (1, 0, 0, 2)
D/Launcher.Model(  980): DbDebug    Modify item (Drive) in db, id: 17 (1, 0, 1, 2) --> (1, 0, 1, 2)
D/Launcher.Model(  980): DbDebug    Modify item (YouTube) in db, id: 19 (1, 0, 2, 2) --> (1, 0, 2, 2)
E/WifiStateMachine(  588): WifiStateMachine CMD_START_SCAN source -2 txSuccessRate=5.88 rxSuccessRate=5.92 targetRoamBSSID=any RSSI=-55
D/TaskPersister(  588): removeObsoleteFile: deleting file=53_task.xml
D/TaskPersister(  588): removeObsoleteFile: deleting file=53_task_thumbnail.png
W/OpenGLRenderer(  980): Incorrectly called buildLayer on View: ShortcutAndWidgetContainer, destroying layer...
W/OpenGLRenderer(  980): Incorrectly called buildLayer on View: ShortcutAndWidgetContainer, destroying layer...
D/audio_hw_primary(  190): disable_audio_route: reset and update mixer path: low-latency-playback
D/audio_hw_primary(  190): disable_snd_device: snd_device(2: speaker)
I/DownloadManagerWrapper(  884): onReceive() : Charging = true
I/DownloadManagerWrapper(  884): onReceive() : Charging = true
I/DownloadManagerWrapper(  884): onReceive() : Charging = true
D/audio_hw_primary(  190): select_devices: out_snd_device(2: speaker) in_snd_device(0: none)
D/ACDB-LOADER(  190): ACDB -> send_afe_cal
D/audio_hw_primary(  190): enable_snd_device: snd_device(2: speaker)
D/audio_hw_primary(  190): enable_audio_route: apply and update mixer path: low-latency-playback
D/android.widget.GridLayout(  980): horizontal constraints: x1-x0>=350, x2-x1>=390, x2-x0<=736 are inconsistent; permanently removing: x2-x0<=736. 
I/ActivityManager(  588): START u0 {act=android.intent.action.MAIN cat=[android.intent.category.LAUNCHER] flg=0x10200000 cmp=com.xbubble.bubbleisland2/.MainActivity (has extras)} from uid 10014 on display 0
V/WindowManager(  588): addAppToken: AppWindowToken{32607af3 token=Token{31003962 ActivityRecord{1a0d402d u0 com.xbubble.bubbleisland2/.MainActivity t54}}} to stack=1 task=54 at 0
V/WindowManager(  588): Adding window Window{3b2ab229 u0 Starting com.xbubble.bubbleisland2} at 3 of 8 (after Window{208f07a u0 com.android.launcher/com.android.launcher2.Launcher})
I/ActivityManager(  588): Start proc 14247:com.xbubble.bubbleisland2/u0a224 for activity com.xbubble.bubbleisland2/.MainActivity
I/org.umd.logging(14247): Method > 1 com.xbubble.bubbleisland2.MainActivity.onCreate(com.xbubble.bubbleisland2.MainActivity@159715295<activity=true>, null)
I/org.umd.logging(14247): Method > 1 org.cocos2dx.lib.Cocos2dxActivity.onCreate(com.xbubble.bubbleisland2.MainActivity@159715295<activity=true>, null)
I/org.umd.logging(14247): Method > 1 org.cocos2dx.lib.Cocos2dxActivity.onCreateView(com.xbubble.bubbleisland2.MainActivity@159715295<activity=true>)
W/ResourceType(14247): No known package when getting name for resource number 0xffffffff
I/org.umd.logging(14247): Method < 1 org.cocos2dx.lib.Cocos2dxActivity.onCreateView(org.cocos2dx.lib.Cocos2dxGLSurfaceView@270122741<file=><x=0><y=0><width=0><height=0><id=-1>)
I/org.umd.logging(14247): Method < 1 org.cocos2dx.lib.Cocos2dxActivity.onCreate()
W/ResourcesManager(14247): Asset path '/system/framework/com.android.media.remotedisplay.jar' does not exist or contains no resources.
W/ResourcesManager(14247): Asset path '/system/framework/com.android.location.provider.jar' does not exist or contains no resources.
D/DynamitePackage(14247): Instantiated singleton DynamitePackage.
D/DynamitePackage(14247): Instantiating com.google.android.gms.ads.ChimeraAdManagerCreatorImpl
I/DynamiteModule(14247): Considering local module com.google.android.gms.piccard.dynamite:0 and remote module com.google.android.gms.piccard.dynamite:9
I/DynamiteModule(14247): Selected remote version of com.google.android.gms.piccard.dynamite, version >= 9
E/DynamiteModule(14247): Failed to load DynamiteLoader: java.lang.ClassNotFoundException: Didn't find class "com.google.android.gms.dynamite.DynamiteModule$DynamiteLoaderClassLoader" on path: DexPathList[[zip file "/data/app/com.xbubble.bubbleisland2-1/base.apk"],nativeLibraryDirectories=[/data/app/com.xbubble.bubbleisland2-1/lib/arm, /vendor/lib, /system/lib]]
W/DynamiteModule(14247): Failed to load remote module: Failed to get module context
W/DynamiteModule(14247): Failed to load module via fast routeajo: Remote load failed. No local fallback found.
I/DynamiteModule(14247): Considering local module com.google.android.gms.piccard.dynamite:0 and remote module com.google.android.gms.piccard.dynamite:9
I/DynamiteModule(14247): Selected remote version of com.google.android.gms.piccard.dynamite, version >= 9
I/WebViewFactory(14247): Loading com.google.android.webview version 54.0.2840.85 (code 284008500)
I/art     (14247): Rejecting re-init on previously-failed class java.lang.Class<com.android.webview.chromium.TokenBindingManagerAdapter>
I/art     (14247): Rejecting re-init on previously-failed class java.lang.Class<com.android.webview.chromium.TokenBindingManagerAdapter>
I/art     (14247): Rejecting re-init on previously-failed class java.lang.Class<com.android.webview.chromium.ServiceWorkerControllerAdapter>
I/art     (14247): Rejecting re-init on previously-failed class java.lang.Class<com.android.webview.chromium.ServiceWorkerControllerAdapter>
I/art     (14247): Background sticky concurrent mark sweep GC freed 12359(993KB) AllocSpace objects, 13(626KB) LOS objects, 7% free, 11MB/11MB, paused 7.782ms total 79.383ms
I/cr_LibraryLoader(14247): Time to load native libraries: 2 ms (timestamps 5385-5387)
I/cr_LibraryLoader(14247): Expected native library version number "54.0.2840.85", actual native library version number "54.0.2840.85"
I/VideoCapabilities(14247): Unsupported profile 4 for video/mp4v-es
I/cr_LibraryLoader(14247): Expected native library version number "54.0.2840.85", actual native library version number "54.0.2840.85"
I/chromium(14247): [INFO:library_loader_hooks.cc(151)] Chromium logging enabled: level = 0, default verbosity = 0
I/cr_BrowserStartup(14247): Initializing chromium process, singleProcess=true
I/Adreno-EGL(14247): <qeglDrvAPI_eglInitialize:379>: QUALCOMM Build: 01/15/15, ab0075f, Id3510ff6dc
I/Ads     (14247): Starting ad request.
I/Ads     (14247): Use AdRequest.Builder.addTestDevice("1F480C9603A7924489313051413E5A68") to get test ads on this device.
I/Ads     (14247): Please set theme of AdActivity to @android:style/Theme.Translucent to enable transparent background interstitial ad.
D/DynamitePackage(14247): Instantiating com.google.android.gms.ads.ChimeraAdManagerCreatorImpl
I/Ads     (14247): Starting ad request.
I/Ads     (14247): Use AdRequest.Builder.addTestDevice("1F480C9603A7924489313051413E5A68") to get test ads on this device.
I/Ads     (14247): Please set theme of AdActivity to @android:style/Theme.Translucent to enable transparent background interstitial ad.
W/ActivityManager(  588): getRunningAppProcesses: caller 10224 does not hold REAL_GET_TASKS; limiting output
D/DynamitePackage(14247): Instantiating com.google.android.gms.ads.ChimeraAdManagerCreatorImpl
I/Ads     (14247): Starting ad request.
I/Ads     (14247): Use AdRequest.Builder.addTestDevice("1F480C9603A7924489313051413E5A68") to get test ads on this device.
I/Ads     (14247): Please set theme of AdActivity to @android:style/Theme.Translucent to enable transparent background interstitial ad.
I/org.umd.logging(14247): Method < 1 com.xbubble.bubbleisland2.MainActivity.onCreate()
I/org.umd.logging(14247): Method > 1 com.xbubble.bubbleisland2.MainActivity.onStart(com.xbubble.bubbleisland2.MainActivity@159715295<activity=true>)
I/org.umd.logging(14247): Method > 1 org.cocos2dx.lib.Cocos2dxActivity.onStart(com.xbubble.bubbleisland2.MainActivity@159715295<activity=true>)
I/org.umd.logging(14247): Method < 1 org.cocos2dx.lib.Cocos2dxActivity.onStart()
I/org.umd.logging(14247): Api > 1 android.os.HandlerThread.start(android.os.HandlerThread@982388208<thread=703>)
I/org.umd.logging(14247): Api < 1 android.os.HandlerThread.start()
I/org.umd.logging(14247): Api > 1 android.net.ConnectivityManager.getActiveNetworkInfo(android.net.ConnectivityManager@122108666)
I/org.umd.logging(14247): Api < 1 android.net.ConnectivityManager.getActiveNetworkInfo(android.net.NetworkInfo@801221384)
I/org.umd.logging(14247): Api > 1 android.net.ConnectivityManager.getActiveNetworkInfo(android.net.ConnectivityManager@122108666)
I/org.umd.logging(14247): Api < 1 android.net.ConnectivityManager.getActiveNetworkInfo(android.net.NetworkInfo@667054753)
W/ActivityManager(  588): getRunningAppProcesses: caller 10224 does not hold REAL_GET_TASKS; limiting output
W/ActivityManager(  588): getRunningAppProcesses: caller 10224 does not hold REAL_GET_TASKS; limiting output
I/org.umd.logging(14247): Method > 703 com.flurry.sdk.ff.run(com.flurry.sdk.dj$1@822686582)
W/FlurryAgent(14247): Start session with context: com.xbubble.bubbleisland2.MainActivity@9850fdf count:0
I/org.umd.logging(14247): Api > 1 android.location.LocationManager.getBestProvider(android.location.LocationManager@42666515, android.location.Criteria@150513225, true)
I/org.umd.logging(14247): Api < 1 android.location.LocationManager.getBestProvider(null)
I/org.umd.logging(14247): Method < 1 com.xbubble.bubbleisland2.MainActivity.onStart()
I/org.umd.logging(14247): Method > 1 com.xbubble.bubbleisland2.MainActivity.onResume(com.xbubble.bubbleisland2.MainActivity@159715295<activity=true>)
I/org.umd.logging(14247): Method > 1 org.cocos2dx.lib.Cocos2dxActivity.onResume(com.xbubble.bubbleisland2.MainActivity@159715295<activity=true>)
I/org.umd.logging(14247): Method > 1 org.cocos2dx.lib.Cocos2dxHelper.onResume()
I/org.umd.logging(14247): Method < 1 org.cocos2dx.lib.Cocos2dxHelper.onResume()
W/ResourceType(14247): No known package when getting name for resource number 0xffffffff
I/org.umd.logging(14247): Method > 1 org.cocos2dx.lib.Cocos2dxGLSurfaceView.onResume(org.cocos2dx.lib.Cocos2dxGLSurfaceView@270122741<file=><x=0><y=0><width=0><height=0><id=-1>)
I/org.umd.logging(14247): Method < 1 org.cocos2dx.lib.Cocos2dxGLSurfaceView.onResume()
I/org.umd.logging(14247): Method < 1 org.cocos2dx.lib.Cocos2dxActivity.onResume()
I/org.umd.logging(14247): Method < 1 com.xbubble.bubbleisland2.MainActivity.onResume()
I/org.umd.logging(14247): Method > 666 org.cocos2dx.lib.Cocos2dxGLSurfaceView$3.run(org.cocos2dx.lib.Cocos2dxGLSurfaceView$3@52076035)
I/org.umd.logging(14247): Method < 666 org.cocos2dx.lib.Cocos2dxGLSurfaceView$3.run()
D/OpenGLRenderer(14247): Use EGL_SWAP_BEHAVIOR_PRESERVED: true
D/Atlas   (14247): Validating map...
V/WindowManager(  588): Adding window Window{1aa0b2c3 u0 com.xbubble.bubbleisland2/com.xbubble.bubbleisland2.MainActivity} at 3 of 9 (before Window{3b2ab229 u0 Starting com.xbubble.bubbleisland2})
I/art     (  588): Explicit concurrent mark sweep GC freed 65892(3MB) AllocSpace objects, 4(64KB) LOS objects, 33% free, 23MB/35MB, paused 7.508ms total 112.803ms
D/ConnectivityService(  588): listenForNetwork for NetworkRequest [ id=29, legacyType=-1, [ Capabilities: INTERNET&NOT_RESTRICTED&TRUSTED] ]
D/ConnectivityService(  588): handleRegisterNetworkRequest checking NetworkAgentInfo [WIFI () - 102]
D/ConnectivityService(  588): apparently satisfied.  currentScore=60
D/ConnectivityManager.CallbackHandler(14247): CM callback handler got msg 524290
I/org.umd.logging(14247): Method > 1 com.flurry.sdk.ev.onReceive(com.flurry.sdk.ev@910036166, android.app.Application@882580439, android.content.Intent@558952564<action=android.net.conn.CONNECTIVITY_CHANGE><data=null><package=null><component=null><type=null><filter_hashcode=-1172645946><networkInfo=None><networkType=None><inetCondition=None><extraInfo=None><umd_Intent_key=None>)
I/org.umd.logging(14247): Api > 1 android.net.ConnectivityManager.getActiveNetworkInfo(android.net.ConnectivityManager@122108666)
I/org.umd.logging(14247): Api < 1 android.net.ConnectivityManager.getActiveNetworkInfo(android.net.NetworkInfo@108128669)
I/org.umd.logging(14247): Method < 1 com.flurry.sdk.ev.onReceive()
I/org.umd.logging(14247): Method < 703 com.flurry.sdk.ff.run()
I/org.umd.logging(14247): Method > 703 com.flurry.sdk.ff.run(com.flurry.sdk.dj$2@130294363)
I/org.umd.logging(14247): Method < 703 com.flurry.sdk.ff.run()
I/org.umd.logging(14247): Method > 703 com.flurry.sdk.ff.run(com.flurry.sdk.dj$3@894131876)
I/org.umd.logging(14247): Method < 703 com.flurry.sdk.ff.run()
I/org.umd.logging(14247): Method > 703 com.flurry.sdk.ff.run(com.flurry.sdk.dj$4@847024066)
I/OpenGLRenderer(14247): Initialized EGL, version 1.4
D/OpenGLRenderer(14247): Enabling debug mode 0
I/org.umd.logging(14247): Method < 703 com.flurry.sdk.ff.run()
I/org.umd.logging(14247): Method > 703 com.flurry.sdk.ff.run(com.flurry.sdk.dj$5@875675920)
I/org.umd.logging(14247): Method < 703 com.flurry.sdk.ff.run()
I/org.umd.logging(14247): Method > 703 com.flurry.sdk.ff.run(com.flurry.sdk.de$1@482961455)
I/org.umd.logging(14247): Method < 703 com.flurry.sdk.ff.run()
I/org.umd.logging(14247): Method > 703 com.flurry.sdk.ff.run(com.flurry.sdk.de$3@383915973)
I/org.umd.logging(14247): Method < 703 com.flurry.sdk.ff.run()
I/org.umd.logging(14247): Method > 703 com.flurry.sdk.ff.run(com.flurry.sdk.de$2@227432523)
