V/AdResponse(17496): [0x461e]parseSiteSection, name: videoPlayer
V/AdResponse(17496): [0x461e]parseVideoPlayer, name: videoAsset
V/VideoAsset(17496): [0x461e]parse(), name: adSlots
V/AdResponse(17496): [0x461e]parseXMLString: name: eventCallbacks
D/AdContext(17496): [0x461e]loadExtension: MedialetsExtension
D/MedialetsExtension(17496): init
W/AdContext(17496): [0x461e]Need re-dispatchEvent extensionLoaded on main UI thread.
D/AdContext(17496): [0x461e]loadExtension: PauseAdExtension
D/PauseAdExtension(17496): init
D/AdContext(17496): [0x461e]addEventListener(type=requestComplete, listener=tv.freewheel.extension.pausead.PauseAdExtension$1@2864a6fa)
D/AdContext(17496): [0x461e]removeEventListener(type=requestComplete, listener=tv.freewheel.extension.pausead.PauseAdExtension$1@2864a6fa)
W/AdContext(17496): [0x461e]Need re-dispatchEvent extensionLoaded on main UI thread.
D/AdContext(17496): [0x461e]loadExtension: BlueKaiDataExtension
D/BlueKaiDataExtension(17496): init
D/AdContext(17496): [0x461e]addEventListener(type=requestComplete, listener=tv.freewheel.extension.blueKai.BlueKaiDataExtension$1@3d1774ab)
D/AdContext(17496): [0x461e]removeEventListener(type=requestComplete, listener=tv.freewheel.extension.blueKai.BlueKaiDataExtension$1@3d1774ab)
W/AdContext(17496): [0x461e]Need re-dispatchEvent extensionLoaded on main UI thread.
W/AdContext(17496): [0x461e]Need re-dispatchEvent requestComplete on main UI thread.
I/org.umd.logging(17496): Method < 872 tv.freewheel.ad.AdContext$1.run()
V/URLLoader(17496): httpclient[861256785] for URL: http://bea4.v.fwmrm.net/ad/p/1? is reclaimed
I/org.umd.logging(17496): Method < 872 tv.freewheel.utils.URLLoader$1.run()
I/org.umd.logging(17496): Method > 1 tv.freewheel.ad.AdContext$5.run(tv.freewheel.ad.AdContext$5@264959752)
D/AdContext(17496): [0x4458]dispatchEvent(event=extensionLoaded)
I/org.umd.logging(17496): Method < 1 tv.freewheel.ad.AdContext$5.run()
I/org.umd.logging(17496): Method > 1 tv.freewheel.ad.AdContext$5.run(tv.freewheel.ad.AdContext$5@685756065)
D/AdContext(17496): [0x4458]dispatchEvent(event=extensionLoaded)
I/org.umd.logging(17496): Method < 1 tv.freewheel.ad.AdContext$5.run()
I/org.umd.logging(17496): Method > 1 tv.freewheel.ad.AdContext$5.run(tv.freewheel.ad.AdContext$5@163985606)
D/AdContext(17496): [0x4458]dispatchEvent(event=extensionLoaded)
I/org.umd.logging(17496): Method < 1 tv.freewheel.ad.AdContext$5.run()
I/org.umd.logging(17496): Method < 874 tv.freewheel.utils.http.SimpleHttpClient.execute(org.apache.http.message.BasicHttpResponse@1037480071)
V/AndroidCookieStore(17496): got cookie: _ha="";domain=.fwmrm.net;path=/;, for url: http://bea4.v.fwmrm.net/ad/p/1?
I/org.umd.logging(17496): Method > 1 tv.freewheel.ad.AdContext$5.run(tv.freewheel.ad.AdContext$5@228359092)
D/AdContext(17496): [0x4458]dispatchEvent(event=requestComplete)
I/org.umd.logging(17496): Method > 1 com.cnn.mobile.android.phone.ads.AdsHelper$1.run(com.cnn.mobile.android.phone.ads.AdsHelper$1@1045128391, tv.freewheel.utils.events.Event@445232093)
I/org.umd.logging(17496): Method > 1 com.cnn.mobile.android.phone.ads.AdsHelper$1$1.run(com.cnn.mobile.android.phone.ads.AdsHelper$1$1@995957586)
D/AdsHelper(17496): $$$ requestAd onAdRequestComplete() single ad. Ads returned = (0) page=7 position=99
D/AdsHelper(17496): $$$ requestAd onAdRequestComplete() single ad. Ads temporal = (0) event={message=request succeeded, success=true} position=99
D/AdsHelper(17496): NO FREEWHEEL AD RETURNED!!!!!!!!!!!!!!  (768x1038) position=99
I/org.umd.logging(17496): Method < 1 com.cnn.mobile.android.phone.ads.AdsHelper$1$1.run()
I/org.umd.logging(17496): Method < 1 com.cnn.mobile.android.phone.ads.AdsHelper$1.run()
I/org.umd.logging(17496): Method > 1 tv.freewheel.extension.pausead.PauseAdExtension$1.run(tv.freewheel.extension.pausead.PauseAdExtension$1@677684986, tv.freewheel.utils.events.Event@445232093)
D/PauseAdExtension(17496): requestCompleteListener()
D/PauseAdExtension(17496): toBePlayedPauseSlotCustomId:null
D/AdContext(17496): [0x4458]addEventListener(type=userActionNotified, listener=tv.freewheel.extension.pausead.PauseAdExtension$2@1863ce23)
D/AdContext(17496): [0x4458]removeEventListener(type=userActionNotified, listener=tv.freewheel.extension.pausead.PauseAdExtension$2@1863ce23)
D/AdContext(17496): [0x4458]addEventListener(type=slotStarted, listener=tv.freewheel.extension.pausead.PauseAdExtension$3@1d5f9f20)
D/AdContext(17496): [0x4458]removeEventListener(type=slotStarted, listener=tv.freewheel.extension.pausead.PauseAdExtension$3@1d5f9f20)
D/AdContext(17496): [0x4458]addEventListener(type=slotEnded, listener=tv.freewheel.extension.pausead.PauseAdExtension$4@16f2b0d9)
D/AdContext(17496): [0x4458]removeEventListener(type=slotEnded, listener=tv.freewheel.extension.pausead.PauseAdExtension$4@16f2b0d9)
D/AdContext(17496): [0x4458]addEventListener(type=defaultImpression, listener=tv.freewheel.extension.pausead.PauseAdExtension$5@180d9a9e)
D/AdContext(17496): [0x4458]removeEventListener(type=defaultImpression, listener=tv.freewheel.extension.pausead.PauseAdExtension$5@180d9a9e)
D/AdContext(17496): [0x4458]addEventListener(type=_e_unknown, listener=tv.freewheel.extension.pausead.PauseAdExtension$6@171b297f)
D/AdContext(17496): [0x4458]removeEventListener(type=_e_unknown, listener=tv.freewheel.extension.pausead.PauseAdExtension$6@171b297f)
I/org.umd.logging(17496): Method < 1 tv.freewheel.extension.pausead.PauseAdExtension$1.run()
I/org.umd.logging(17496): Method > 1 tv.freewheel.extension.blueKai.BlueKaiDataExtension$1.run(tv.freewheel.extension.blueKai.BlueKaiDataExtension$1@1024947371, tv.freewheel.utils.events.Event@445232093)
D/BlueKaiDataExtension(17496): requestCompleteListener()
I/org.umd.logging(17496): Method < 1 tv.freewheel.extension.blueKai.BlueKaiDataExtension$1.run()
I/org.umd.logging(17496): Method < 1 tv.freewheel.ad.AdContext$5.run()
I/org.umd.logging(17496): Method > 1 com.cnn.mobile.android.phone.ui.BroadsheetFragment$BroadsheetSectionFragment$6.onReceive(com.cnn.mobile.android.phone.ui.BroadsheetFragment$BroadsheetSectionFragment$6@62249185, com.cnn.mobile.android.phone.ui.MainActivity@427156885, android.content.Intent@879725900<action=com.cnn.mobile.android.phone.service.no_freewheel_ad><data=null><package=null><component=null><type=null><filter_hashcode=1532140005><adPageIndex=None><adPosition=None><umd_Intent_key=None>)
D/BroadsheetFragment(17496): setBroadcastReceivers() received notification freewheelAdReceiver 99 section 7 pageindex 7
I/org.umd.logging(17496): Method > 1 com.cnn.mobile.android.phone.ui.BroadsheetFragment$BroadsheetSectionFragment$6$1.run(com.cnn.mobile.android.phone.ui.BroadsheetFragment$BroadsheetSectionFragment$6$1@626295189)
D/BroadsheetFragment(17496): $$$ removeAdCard(99)
I/org.umd.logging(17496): Method < 1 com.cnn.mobile.android.phone.ui.BroadsheetFragment$BroadsheetSectionFragment$6$1.run()
I/org.umd.logging(17496): Method < 1 com.cnn.mobile.android.phone.ui.BroadsheetFragment$BroadsheetSectionFragment$6.onReceive()
I/org.umd.logging(17496): Method > 1 com.cnn.mobile.android.phone.ui.BroadsheetFragment$BroadsheetSectionFragment$6.onReceive(com.cnn.mobile.android.phone.ui.BroadsheetFragment$BroadsheetSectionFragment$6@711599551, com.cnn.mobile.android.phone.ui.MainActivity@427156885, android.content.Intent@850707114<action=com.cnn.mobile.android.phone.service.no_freewheel_ad><data=null><package=null><component=null><type=null><filter_hashcode=1532140005><adPageIndex=None><adPosition=None><umd_Intent_key=None>)
D/BroadsheetFragment(17496): setBroadcastReceivers() received notification freewheelAdReceiver 99 section 6 pageindex 7
I/org.umd.logging(17496): Method > 1 com.cnn.mobile.android.phone.ui.BroadsheetFragment$BroadsheetSectionFragment$6$1.run(com.cnn.mobile.android.phone.ui.BroadsheetFragment$BroadsheetSectionFragment$6$1@599973531)
I/org.umd.logging(17496): Method < 1 com.cnn.mobile.android.phone.ui.BroadsheetFragment$BroadsheetSectionFragment$6$1.run()
I/org.umd.logging(17496): Method < 1 com.cnn.mobile.android.phone.ui.BroadsheetFragment$BroadsheetSectionFragment$6.onReceive()
I/org.umd.logging(17496): Method > 1 com.cnn.mobile.android.phone.ui.BroadsheetFragment$BroadsheetSectionFragment$6.onReceive(com.cnn.mobile.android.phone.ui.BroadsheetFragment$BroadsheetSectionFragment$6@1063832717, com.cnn.mobile.android.phone.ui.MainActivity@427156885, android.content.Intent@548287032<action=com.cnn.mobile.android.phone.service.no_freewheel_ad><data=null><package=null><component=null><type=null><filter_hashcode=1532140005><adPageIndex=None><adPosition=None><umd_Intent_key=None>)
D/BroadsheetFragment(17496): setBroadcastReceivers() received notification freewheelAdReceiver 99 section 8 pageindex 7
I/org.umd.logging(17496): Method > 1 com.cnn.mobile.android.phone.ui.BroadsheetFragment$BroadsheetSectionFragment$6$1.run(com.cnn.mobile.android.phone.ui.BroadsheetFragment$BroadsheetSectionFragment$6$1@214475281)
I/org.umd.logging(17496): Method < 1 com.cnn.mobile.android.phone.ui.BroadsheetFragment$BroadsheetSectionFragment$6$1.run()
I/org.umd.logging(17496): Method < 1 com.cnn.mobile.android.phone.ui.BroadsheetFragment$BroadsheetSectionFragment$6.onReceive()
V/AndroidCookieStore(17496): got cookie: _drh="nontemporal-slot-1-1%3A11237936%2C11256386%2C11256385%2C11237935%2C%7C";domain=.fwmrm.net;path=/;, for url: http://bea4.v.fwmrm.net/ad/p/1?
V/AndroidCookieStore(17496): got cookie: _stid="48804.0.0%2C";expires=Wed, 22 Nov 2017 17:35:02 GMT;domain=.fwmrm.net;path=/;, for url: http://bea4.v.fwmrm.net/ad/p/1?
V/AndroidCookieStore(17496): got cookie: _sc="sg233924.1479836004.1479836102.28800.0.0%2C";expires=Thu, 22 Dec 2016 17:35:02 GMT;domain=.fwmrm.net;path=/;, for url: http://bea4.v.fwmrm.net/ad/p/1?
V/AndroidCookieStore(17496): got cookie: _pr="1479836102..11237935%7E11237936%7E11256385%7E11256386%7E%2C";expires=Thu, 22 Dec 2016 17:35:02 GMT;domain=.fwmrm.net;path=/;, for url: http://bea4.v.fwmrm.net/ad/p/1?
D/URLLoader(17496): [0x4628]dispatchEvent(event=URLLoader.Load.Complete)
I/org.umd.logging(17496): Method > 874 tv.freewheel.ad.AdContext$1.run(tv.freewheel.ad.AdContext$1@346154968, tv.freewheel.utils.events.Event@879151479)
D/AdContext(17496): [0x4628]got response: 
D/AdContext(17496): [0x4628]<adResponse networkId='48804' version='1'><rendererManifest version='1'>&lt;?xml version=&quot;1.0&quot; encoding=&quot;UTF-8&quot;?&gt;
D/AdContext(17496): &lt;adRenderers version=&apos;1&apos;&gt;&lt;adRenderer adUnit=&apos;still-image,fixed-size-interactive,app-interstitial,&apos; contentType=&apos;external/admob-view,external/admob-interstitial,external/admob,&apos; creativeApi=&apos;None,&apos; name=&apos;g_android_admob_since_5.5&apos; slotType=&apos;preroll,midroll,postroll,display,pause_midroll,&apos; url=&apos;class://tv.freewheel.renderers.admob.AdMobRenderer&apos;/&gt;&lt;adRenderer adUnit=&apos;video,still-image,fixed-size-interactive,linear-animation,slate,app-interstitial,&apos; contentType=&apos;external/vast-2,&apos; creativeApi=&apos;None,&apos; name=&apos;g_android_vast_since_5.5&apos; slotType=&apos;preroll,midroll,postroll,overlay,display,pause_midroll,&apos; url=&apos;class://tv.freewheel.renderers.vast.VastTranslator&apos;/&gt;&lt;adRenderer adUnit=&apos;video,slate,&apos; contentType=&apos;video/mp4-h264,video/mp4,video/m4v,video/mp4-mpeg4,video/mp4-mpeg4_simple,video/m4v-h264_less_eq_level_3_baseline-640-480-less_eq_1500_kbps-aaclc,video/mp4-h264_less_eq_level_3_baseline-640-480-less_eq_1500_kbps-aaclc,video/mov-h264_less_eq_level_3_baseline-640-480-less_eq_1500_kbps-aaclc,video/m4v-h264_less_level_1.3_baseline-320-240-less_eq_768_kbps-aaclc,video/mp4-h264_less_level_1.3_baseline-320-240-less_eq_768_kbps-aaclc,video/mov-h264_less_level_1.3_baseline-320-240-less_eq_768_kbps-aaclc,video/m4v-mpeg4-640-480-less_eq_2500_kbps-aaclc,video/mp4-mpeg4-640-480-less_eq_2500_kbps-aaclc,video/mov-mpeg4-640-480-less_eq_2500_kbps-aaclc,video/mp4-h264_less_eq_level_3.1_main-heaac,video/mp4-h264_less_eq_level_3.1_high-heaac,video/mp4-h264_less_eq_level_4.1_main-heaac,video/mp4-h264_less_eq_level_4.1_high-heaac,video/3gpp,video/webm,video/mp4-h264_less_eq_level_3_baseline-less_eq_768_kbps-aaclc,video/mp4-h264_less_eq_level_4.1_main-less_eq_768_kbps-aaclc,video/mp4-h264-baseline,&apos; creativeApi=&apos;None,&apos; name=&apos;g_android_video_since_5.5&apos; slotType=&apos;preroll,midroll,postroll,&apos; url=&apos;class://tv.freewheel.renderers.temporal.VideoRenderer&apos;/&gt;&lt;adRenderer adUnit=&apos;video,still-image,fixed-size-interactive,linear-animation,slate,app-interstitial,&apos; contentType=&apos;text/html_doc_ref,text/html_doc_lit_mobile,&apos; creativeApi=&apos;MRAID-1.0,None,MRAID-2.0,&apos; name=&apos;g_android_html_w_mraid2_since_5.8&apos; slotType=&apos;preroll,midroll,postroll,overlay,display,pause_midroll,&apos; url=&apos;class://tv.freewheel.renderers.html.HTMLRenderer&apos;&gt;&lt;parameter name=&apos;renderer.html.isBackgroundTransparent&apos; value=&apos;true&apos;/&gt;&lt;/adRenderer&gt;&lt;/adRenderers&gt;</rendererManifest><parameters><parameter category='profile' name='fwImpressionMap'><![CDATA[i:defaultImpression:29 ]]></parameter><parameter category='profile' name='replaceMissingCompanion'><![CDATA[blank]]></parameter></parameters><visitor/><ads><ad adId='11256386' adUnit='26692'><creatives><creative adUnit='fixed-size-interactive' baseUnit='fixed-size-interactive' creativeId='1755972' duration='15'><creativeRenditions><creativeRendition adReplicaId='0' creativeApi='None' creativeRenditionId='4047439' height='250' preference='0' width='300'><asset bytes='1053' contentType='text/html_doc_lit_mobile' id='3993485' mimeType='text/html' name='external url/tag for Default asset package of  - 1'><content><![CDATA[<html>
D/AdContext(17496): <head>
D/AdContext(17496): 	<meta name = "viewport" content = "initial-scale = 1.0,target-densitydpi = device-dpi" />
D/AdContext(17496): 	<title>Advertisement</title>
D/AdContext(17496): 	 
D/AdContext(17496): 	<script type="text/javascript">window._fw_page_url = "";</script>
D/AdContext(17496): </head>
D/AdContext(17496): <body style="margin:0px;background-color:transparent;"><span data-width="300" data-height="250" style="display:block; vertical-align:top; margin:0px 0px 0px 0px;"><div id="nexage_adreturn_banner" >
D/AdContext(17496): <script src="http://sjc.ads.nexage.com/js/admax/admax_api.js"></script>
D/AdContext(17496): <script>
D/AdContext(17496): var suid = getSuid();
D/AdContext(17496): var
D/AdContext(17496): [0x4628] loc = "";
D/AdContext(17496): if (loc == ",") loc = "";
D/AdContext(17496): var admax_vars = {
D/AdContext(17496):     "dcn": "8a80944a01484840e18d41e4b3c2000c"
D/AdContext(17496):     ,"pos": "banner_300x250"
D/AdContext(17496):     ,"req(loc)": loc
D/AdContext(17496):     ,"d(id24)": "229d4aea-d76e-47c3-ad88-1eafdf3529f0"
D/AdContext(17496):  };
D/AdContext(17496): if (suid) admax_vars["u(id)"]=suid;
D/AdContext(17496): admaxAd(admax_vars);
D/AdContext(17496): </script>
D/AdContext(17496): <script>
D/AdContext(17496):     function setTarget() {
D/AdContext(17496):         var clickThru = document.getElementById('nexage_adreturn_banner').getElementsByTagName('a');
D/AdContext(17496):         clickThru[0].setAttribute('target', '_blank'); 
D/AdContext(17496):     }
D/AdContext(17496):     setTarget();
D/AdContext(17496): </script> 
D/AdContext(17496): </div></span>
D/AdContext(17496): 
D/AdContext(17496): </body>
D/AdContext(17496): </html>
D/AdContext(17496): ]]></content></asset></creativeRendition></creativeRenditions><parameters><parameter name='moat'><![CDATA[48804;;;11256384;1755972;;g158857;g233924;232217;15;48804]]></parameter><parameter name='moat_callback'><![CDATA[http://bea4.v.fwmrm.net/ad/l/1?s=a133&n=48804%3B48804%3B379619%3B381963&t=1479836102824382005&f=&r=48804&adid=11256386&reid=4047439&arid=0&absid=&trigid=&et=i&cn=concreteEvent]]></parameter></parameters></creative></creatives></ad><ad adId='11237936' adUnit='26692'><creatives><creative adUnit='fixed-size-interactive' baseUnit='fixed-size-interactive' creativeId='1755970' duration='15'><creativeRenditions><creativeRendition adReplicaId='0' creativeApi='None' creativeRenditionId='4047437' height='250' preference='0' width='300'><asset bytes='1053' contentType='text/html_doc_lit_mobile' id='3993483' mimeType='text/html' name='external url/tag for Default asset package of  - 1'><content><![CDATA[<html>
D/AdContext(17496): <head>
D/AdContext(17496): 	<meta name = "viewport" content = "initial-scale = 1.0,target-densitydpi = device-dpi" />
D/AdContext(17496): 	<title>Advertisement</title>
D/AdContext(17496): 	 
D/AdContext(17496): 	<script type="text/javascript">window._fw_page_url = "";</script>
D/AdContext(17496): </head>
D/AdContext(17496): <body style="margin:0px;background-color:transparent;"><span data-width="300" data-height="250" style="display:block; vertical-align:top; margin:0px 0px 0px 0px;"><div id="nexage_adreturn_banner" >
D/AdContext(17496): <script src="http://sjc.ads.nexage.com/js/admax/admax_api.js"></script>
D/AdContext(17496): <script>
D/AdContext(17496): var suid = getSuid();
D/AdContext(17496): var loc = "";
D/AdContext(17496): if (loc == ",") loc = "";
D/AdContext(17496): var admax_vars = {
D/AdContext(17496):     "dcn": "8a80944a01484840e18d41e4b3c2000c"
D/AdContext(17496):     ,"pos": "banner_300x250"
D/AdContext(17496):     ,"req(loc)": loc
D/AdContext(17496):     ,"d(id24)": "229d4aea-d76e-47c3-ad88-1eafdf3529f0"
D/AdContext(17496):  };
D/AdContext(17496): if (suid) admax_vars["u(id)"]=suid;
D/AdContext(17496): admaxAd(admax_vars);
D/AdContext(17496): </script>
D/AdContext(17496): <script>
D/AdContext(17496):     function setTarget() {
D/AdContext(17496):         var clickThru = document.getElementById('nexage_adreturn_banner').getElementsByTagName('a');
D/AdContext(17496):         clickThru[0].setAttribute('target', '_blank'); 
D/AdContext(17496):     }
D/AdContext(17496):     setTarget();
D/AdContext(17496): </script> 
D/AdContext(17496): </div></span>
D/AdContext(17496): 
D/AdContext(17496): </body>
D/AdContext(17496): </html>
D/AdContext(17496): ]]></content></asset></creativeRendition></creativeRenditions><parameters><parameter name='moat'><![CDATA[48804;;;11237678;1755970;;g158857;g233924;232217;15;48804]]></parameter><parameter name='moat_callback'><![CDATA[http://bea4.v.fwmrm.net/ad/l/1?s=a133&n=48804%3B48804%3B379619%3B381963&t=1479836102824382005&f=&r=48804&adid=11237936&reid=4047437&arid=0&absid=&trigid=&et=i&cn=concreteEvent]]></parameter></parameters></creative></creatives></ad></ads><siteSection customId='cnn.com_mobile_apps_main_androidphone_technology'><videoPlayer><videoAsset><adSlots/></videoAsset></videoPlayer><adSlots><adSlot customId='nontemporal-slot-1-1' height='250' width='300'><selectedAds><adReference adId='11256386' creativeId='1755972' creativeRenditionId='4047439' replicaId='0'><eventCallbacks><eventCallback type='GENERIC' url='http://bea4.v.fwmrm.net/ad/l/1?s=a133&amp;n=48804%3B48804%3B379619%3B381963&amp;t=1479836102824382005&amp;f=&amp;r=48804&amp;adid=11256386&amp;reid=4047439&amp;arid=0'/><eventCallback name='defaultImpression' type='IMPRESSION' url='http://bea4.v.fwmrm.net/ad/l/1?s=a133&amp;n=48804%3B48804%3B379619%3B381963&amp;t=1479836102824382005&amp;f=&amp;r=48804&amp;adid=11256386&amp;reid=4047439&amp;arid=0&amp;auid=&amp;cn=defaultImpression&amp;et=i&amp;_cc=11256386,4047439,20628.,20628.21659.,1479836102,1&amp;tpos=&amp;init=1&amp;pcreids=29&amp;cr='/><eventCallback name='defaultClick' type='CLICK' url='http://bea4.v.fwmrm.net/ad/l/1?s=a133&amp;n=48804%3B48804%3B379619%3
D/AdContext(17496): [0x4628]B381963&amp;t=1479836102824382005&amp;f=&amp;r=48804&amp;adid=11256386&amp;reid=4047439&amp;arid=0&amp;auid=&amp;cn=defaultClick&amp;et=c&amp;_cc=&amp;tpos=&amp;cr='/></eventCallbacks><fallbackAds><adReference adId='11237936' creativeId='1755970' creativeRenditionId='4047437' replicaId='0'><eventCallbacks><eventCallback type='GENERIC' url='http://bea4.v.fwmrm.net/ad/l/1?s=a133&amp;n=48804%3B48804%3B379619%3B381963&amp;t=1479836102824382005&amp;f=&amp;r=48804&amp;adid=11237936&amp;reid=4047437&amp;arid=0'/><eventCallback name='defaultImpression' type='IMPRESSION' url='http://bea4.v.fwmrm.net/ad/l/1?s=a133&amp;n=48804%3B48804%3B379619%3B381963&amp;t=1479836102824382005&amp;f=&amp;r=48804&amp;adid=11237936&amp;reid=4047437&amp;arid=0&amp;auid=&amp;cn=defaultImpression&amp;et=i&amp;_cc=11237936,4047437,20628.,20628.21659.,1479836102,1&amp;tpos=&amp;init=1&amp;pcreids=29&amp;cr='/><eventCallback name='defaultClick' type='CLICK' url='http://bea4.v.fwmrm.net/ad/l/1?s=a133&amp;n=48804%3B48804%3B379619%3B381963&amp;t=1479836102824382005&amp;f=&amp;r=48804&amp;adid=11237936&amp;reid=4047437&amp;arid=0&amp;auid=&amp;cn=defaultClick&amp;et=c&amp;_cc=&amp;tpos=&amp;cr='/></eventCallbacks></adReference></fallbackAds></adReference></selectedAds></adSlot></adSlots></siteSection><eventCallbacks><eventCallback type='GENERIC' url='http://bea4.v.fwmrm.net/ad/l/1?s=a133&amp;n=48804%3B48804%3B379619%3B381963&amp;t=1479836102824382005'/></eventCallbacks></adResponse>
V/AdResponse(17496): [0x4628]parseXMLString: name: rendererManifest
V/AdResponse(17496): [0x4628]parseAdRenderers: <?xml version="1.0" encoding="UTF-8"?>
V/AdResponse(17496): <adRenderers version='1'><adRenderer adUnit='still-image,fixed-size-interactive,app-interstitial,' contentType='external/admob-view,external/admob-interstitial,external/admob,' creativeApi='None,' name='g_android_admob_since_5.5' slotType='preroll,midroll,postroll,display,pause_midroll,' url='class://tv.freewheel.renderers.admob.AdMobRenderer'/><adRenderer adUnit='video,still-image,fixed-size-interactive,linear-animation,slate,app-interstitial,' contentType='external/vast-2,' creativeApi='None,' name='g_android_vast_since_5.5' slotType='preroll,midroll,postroll,overlay,display,pause_midroll,' url='class://tv.freewheel.renderers.vast.VastTranslator'/><adRenderer adUnit='video,slate,' contentType='video/mp4-h264,video/mp4,video/m4v,video/mp4-mpeg4,video/mp4-mpeg4_simple,video/m4v-h264_less_eq_level_3_baseline-640-480-less_eq_1500_kbps-aaclc,video/mp4-h264_less_eq_level_3_baseline-640-480-less_eq_1500_kbps-aaclc,video/mov-h264_less_eq_level_3_baseline-640-480-less_eq_1500_kbps-aaclc,video/m4v-h264_less_level_1.3_baseline-320-240-less_eq_768_kbps-aaclc,video/mp4-h264_less_level_1.3_baseline-320-240-less_eq_768_kbps-aaclc,video/mov-h264_less_level_1.3_baseline-320-240-less_eq_768_kbps-aaclc,video/m4v-mpeg4-640-480-less_eq_2500_kbps-aaclc,video/mp4-mpeg4-640-480-less_eq_2500_kbps-aaclc,video/mov-mpeg4-640-480-less_eq_2500_kbps-aaclc,video/mp4-h264_less_eq_level_3.1_main-heaac,video/mp4-h264_less_eq_level_3.1_high-heaac,video/mp4-h264_less_eq_level_4.1_main-heaac,video/mp4-h264_less_eq_level_4.1_high-heaac,video/3gpp,video/webm,video/mp4-h264_less_eq_level_3_baseline-less_eq_768_kbps-aaclc,video/mp4-h264_less_eq_level_4.1_main-less_eq_768_kbps-aaclc,video/mp4-h264-baseline,' creativeApi='None,' name='g_android_video_since_5.5' slotType='preroll,midroll,postroll,' url='class://tv.freewheel.renderers.temporal.VideoRenderer'/><adRenderer adUnit='video,still-image,fixed-size-interactive,linear-animation,slate,app-interstitial,' contentType='text/html_doc_ref,text/html_doc_lit_mobile,' creativeApi='MRAID-1.0,None,MRAID-2.0,' name='g_android_html_w_mraid2_since_5.8' slotType='preroll,midroll,postroll,overlay,display,pause_midroll,' url='class://tv.freewheel.renderers.html.HTMLRenderer'><parameter name='renderer.html.isBackgroundTransparent' value='true'/></adRenderer></adRenderers>
V/AdResponse(17496): [0x4628]parseAdRendererNode, name: adRenderer
V/AdResponse(17496): [0x4628]parseAdRendererNode, name: adRenderer
V/AdResponse(17496): [0x4628]parseAdRendererNode, name: adRenderer
V/AdResponse(17496): [0x4628]parseAdRendererNode, name: adRenderer
V/AdRenderer(17496): [0x4628]parse(), name: parameter
V/AdResponse(17496): [0x4628]parseXMLString: name: parameters
D/ParametersHolder(17496): profile parameter name:fwImpressionMap value:i:defaultImpression:29 
D/ParametersHolder(17496): profile parameter name:replaceMissingCompanion value:blank
V/AdResponse(17496): [0x4628]parseXMLString: name: visitor
V/AdResponse(17496): [0x4628]parseXMLString: name: ads
V/AdResponse(17496): [0x4628]parseAds, name: ad
V/Ad      (17496): [0x4628]parse(), name: creatives
V/Ad      (17496): [0x4628]parse(), name: creative
V/Creative(17496): [0x4628]parse(), creative: 1755972, parsed duration: 15.0
V/Creative(17496): [0x4628]parse(), name: creativeRenditions
V/Creative(17496): [0x4628]parse(), name: creativeRendition
V/CreativeRendition(17496): [0x4628]parse(), name: asset
V/CreativeRenditionAsset(17496): [0x4628]parse(), name: content
V/Creative(17496): [0x4628]parse(), name: parameters
D/ParametersHolder(17496): profile parameter name:moat value:48804;;;11256384;1755972;;g158857;g233924;232217;15;48804
D/ParametersHolder(17496): profile parameter name:moat_callback value:http://bea4.v.fwmrm.net/ad/l/1?s=a133&n=48804%3B48804%3B379619%3B381963&t=1479836102824382005&f=&r=48804&adid=11256386&reid=4047439&arid=0&absid=&trigid=&et=i&cn=concreteEvent
V/AdResponse(17496): [0x4628]parseAds, name: ad
V/Ad      (17496): [0x4628]parse(), name: creatives
V/Ad      (17496): [0x4628]parse(), name: creative
V/Creative(17496): [0x4628]parse(), creative: 1755970, parsed duration: 15.0
V/Creative(17496): [0x4628]parse(), name: creativeRenditions
V/Creative(17496): [0x4628]parse(), name: creativeRendition
V/CreativeRendition(17496): [0x4628]parse(), name: asset
V/CreativeRenditionAsset(17496): [0x4628]parse(), name: content
V/Creative(17496): [0x4628]parse(), name: parameters
D/ParametersHolder(17496): profile parameter name:moat value:48804;;;11237678;1755970;;g158857;g233924;232217;15;48804
D/ParametersHolder(17496): profile parameter name:moat_callback value:http://bea4.v.fwmrm.net/ad/l/1?s=a133&n=48804%3B48804%3B379619%3B381963&t=1479836102824382005&f=&r=48804&adid=11237936&reid=4047437&arid=0&absid=&trigid=&et=i&cn=concreteEvent
V/AdResponse(17496): [0x4628]parseXMLString: name: siteSection
V/AdResponse(17496): [0x4628]parseSiteSection, name: adSlots
V/AdResponse(17496): [0x4628]parseAdSlots, name: adSlot
V/NonTemporalSlot(17496): [0x4628]parse(), name: adReference
V/AdInstance(17496): [0x4628]parse(), name: eventCallbacks
D/AdInstance(17496): [0x4628]createEventHandler(,ERROR,true)
D/ErrorCallbackHandler(17496): getExpandedPingbackUrl():http://bea4.v.fwmrm.net/ad/l/1?s=a133&n=48804%3B48804%3B379619%3B381963&t=1479836102824382005&f=&r=48804&adid=11256386&reid=4047439&arid=0
D/AdInstance(17496): [0x4628]createEventHandler(defaultImpression,IMPRESSION,false)
D/AdImpressionCallbackHandler(17496): getExpandedPingbackUrl():http://bea4.v.fwmrm.net/ad/l/1?s=a133&n=48804%3B48804%3B379619%3B381963&t=1479836102824382005&f=&r=48804&adid=11256386&reid=4047439&arid=0&auid=&cn=defaultImpression&et=i&_cc=11256386,4047439,20628.,20628.21659.,1479836102,1&tpos=&init=1&pcreids=29&cr=
D/AdInstance(17496): [0x4628]createEventHandler(defaultClick,CLICK,false)
D/ClickCallbackHandler(17496): getExpandedPingbackUrl():http://bea4.v.fwmrm.net/ad/l/1?s=a133&n=48804%3B48804%3B379619%3B381963&t=1479836102824382005&f=&r=48804&adid=11256386&reid=4047439&arid=0&auid=&cn=defaultClick&et=c&_cc=&tpos=&cr=
V/AdInstance(17496): [0x4628]parse(), name: fallbackAds
V/AdInstance(17496): [0x4628]parse(), name: adReference
V/AdInstance(17496): [0x4628]parse(), name: eventCallbacks
D/AdInstance(17496): [0x4628]createEventHandler(,ERROR,true)
D/ErrorCallbackHandler(17496): getExpandedPingbackUrl():http://bea4.v.fwmrm.net/ad/l/1?s=a133&n=48804%3B48804%3B379619%3B381963&t=1479836102824382005&f=&r=48804&adid=11237936&reid=4047437&arid=0
D/AdInstance(17496): [0x4628]createEventHandler(defaultImpression,IMPRESSION,false)
D/AdImpressionCallbackHandler(17496): getExpandedPingbackUrl():http://bea4.v.fwmrm.net/ad/l/1?s=a133&n=48804%3B48804%3B379619%3B381963&t=1479836102824382005&f=&r=48804&adid=11237936&reid=4047437&arid=0&auid=&cn=defaultImpression&et=i&_cc=11237936,4047437,20628.,20628.21659.,1479836102,1&tpos=&init=1&pcreids=29&cr=
D/AdInstance(17496): [0x4628]createEventHandler(defaultClick,CLICK,false)
D/ClickCallbackHandler(17496): getExpandedPingbackUrl():http://bea4.v.fwmrm.net/ad/l/1?s=a133&n=48804%3B48804%3B379619%3B381963&t=1479836102824382005&f=&r=48804&adid=11237936&reid=4047437&arid=0&auid=&cn=defaultClick&et=c&_cc=&tpos=&cr=
D/AdChain (17496): [AdChain []] append [AdInst adId:11256386 replicaId:0 AdInitState]
D/AdInstance(17496): [0x4628][AdInst adId:11256386 replicaId:0 AdInitState] build add chain [AdChain [[AdInst adId:11256386 replicaId:0 AdInitState]]]
D/AdChain (17496): [AdChain [[AdInst adId:11256386 replicaId:0 AdInitState]]] append [AdInst adId:11237936 replicaId:0 AdInitState]
V/AdResponse(17496): [0x4628]parseSiteSection, name: videoPlayer
V/AdResponse(17496): [0x4628]parseVideoPlayer, name: videoAsset
V/VideoAsset(17496): [0x4628]parse(), name: adSlots
V/AdResponse(17496): [0x4628]parseXMLString: name: eventCallbacks
D/AdContext(17496): [0x4628]loadExtension: MedialetsExtension
D/MedialetsExtension(17496): init
W/AdContext(17496): [0x4628]Need re-dispatchEvent extensionLoaded on main UI thread.
D/AdContext(17496): [0x4628]loadExtension: PauseAdExtension
D/PauseAdExtension(17496): init
I/org.umd.logging(17496): Method > 1 tv.freewheel.ad.AdContext$5.run(tv.freewheel.ad.AdContext$5@707803620)
D/AdContext(17496): [0x4458]dispatchEvent(event=extensionLoaded)
D/AdContext(17496): [0x4628]addEventListener(type=requestComplete, listener=tv.freewheel.extension.pausead.PauseAdExtension$1@12844e4d)
D/AdContext(17496): [0x4628]removeEventListener(type=requestComplete, listener=tv.freewheel.extension.pausead.PauseAdExtension$1@12844e4d)
I/org.umd.logging(17496): Method < 1 tv.freewheel.ad.AdContext$5.run()
W/AdContext(17496): [0x4628]Need re-dispatchEvent extensionLoaded on main UI thread.
D/AdContext(17496): [0x4628]loadExtension: BlueKaiDataExtension
I/org.umd.logging(17496): Method > 1 tv.freewheel.ad.AdContext$5.run(tv.freewheel.ad.AdContext$5@247397634)
D/AdContext(17496): [0x4458]dispatchEvent(event=extensionLoaded)
D/BlueKaiDataExtension(17496): init
I/org.umd.logging(17496): Method < 1 tv.freewheel.ad.AdContext$5.run()
D/AdContext(17496): [0x4628]addEventListener(type=requestComplete, listener=tv.freewheel.extension.blueKai.BlueKaiDataExtension$1@29f48613)
D/AdContext(17496): [0x4628]removeEventListener(type=requestComplete, listener=tv.freewheel.extension.blueKai.BlueKaiDataExtension$1@29f48613)
W/AdContext(17496): [0x4628]Need re-dispatchEvent extensionLoaded on main UI thread.
W/AdContext(17496): [0x4628]Need re-dispatchEvent requestComplete on main UI thread.
I/org.umd.logging(17496): Method > 1 tv.freewheel.ad.AdContext$5.run(tv.freewheel.ad.AdContext$5@598282320)
I/org.umd.logging(17496): Method < 874 tv.freewheel.ad.AdContext$1.run()
V/URLLoader(17496): httpclient[208263664] for URL: http://bea4.v.fwmrm.net/ad/p/1? is reclaimed
D/AdContext(17496): [0x4458]dispatchEvent(event=extensionLoaded)
I/org.umd.logging(17496): Method < 1 tv.freewheel.ad.AdContext$5.run()
I/org.umd.logging(17496): Method > 1 tv.freewheel.ad.AdContext$5.run(tv.freewheel.ad.AdContext$5@534020681)
D/AdContext(17496): [0x4458]dispatchEvent(event=requestComplete)
I/org.umd.logging(17496): Method > 1 com.cnn.mobile.android.phone.ads.AdsHelper$1.run(com.cnn.mobile.android.phone.ads.AdsHelper$1@538257644, tv.freewheel.utils.events.Event@446949198)
I/org.umd.logging(17496): Method > 1 com.cnn.mobile.android.phone.ads.AdsHelper$1$1.run(com.cnn.mobile.android.phone.ads.AdsHelper$1$1@1016557679)
I/org.umd.logging(17496): Method < 874 tv.freewheel.utils.URLLoader$1.run()
D/AdsHelper(17496): $$$ requestAd onAdRequestComplete() single ad. Ads returned = (1) page=7 position=1
D/AdsHelper(17496): $$$ requestAd onAdRequestComplete() single ad. Ads temporal = (0) event={message=request succeeded, success=true} position=1
D/SlotInitState(17496): play
I/org.umd.logging(17496): Method > 1 tv.freewheel.ad.slot.Slot.onStartPlay(tv.freewheel.ad.slot.NonTemporalSlot@362209660)
I/NonTemporalSlot(17496): [0x4458]onStartPlay
D/AdContext(17496): [0x4458]dispatchEvent(event=slotStarted)
I/NonTemporalSlot(17496): [0x4458]playAd
D/NonTemporalSlot(17496): [0x4458][Slot:nontemporal-slot-1-1, timePositionClass: 5, state: SlotPlayingState] findNextAdToWork() from:null
D/NonTemporalSlot(17496): [0x4458][Slot:nontemporal-slot-1-1, timePositionClass: 5, state: SlotPlayingState] findNextPlayableAd() from:null
D/NonTemporalSlot(17496): [0x4458][Slot:nontemporal-slot-1-1, timePositionClass: 5, state: SlotPlayingState] findNextPlayableAd() look from chain index 0 chain size:1
D/AdInstance(17496): [0x4458][AdInst adId:11256386 replicaId:0 AdInitState] isPlayable returning true
D/AdChain (17496): [AdChain [[AdInst adId:11256386 replicaId:0 AdInitState], [AdInst adId:11237936 replicaId:0 AdInitState]]] findNextPlayableAd returning [AdInst adId:11256386 replicaId:0 AdInitState]
D/NonTemporalSlot(17496): [0x4458][Slot:nontemporal-slot-1-1, timePositionClass: 5, state: SlotPlayingState] findNextPlayableAd() returning [AdInst adId:11256386 replicaId:0 AdInitState]
D/AdInstance(17496): [0x4458][AdInst adId:11256386 replicaId:0 AdInitState] play()
D/AdInitState(17496): load
D/AdInstance(17496): [0x4458]loadRenderer()
D/AdInstance(17496): [0x4458][AdInst adId:11256386 replicaId:0 AdLoadingState] findRenderer(adUnit:fixed-size-interactive,soAdUnit:26692,contentType:text/html_doc_lit_mobile,slotType:5,creativeAPI:None,wrapperType:
D/AdInstance(17496): [0x4458]startPlay: 
D/AdRenderer(17496): getRenderer for url class://tv.freewheel.renderers.html.HTMLRenderer
I/HTMLRenderer(17496): Android SDK Version: 22, API Version: 22
D/RendererInitState(17496): load
I/org.umd.logging(17496): Method > 1 tv.freewheel.renderers.html.HTMLRenderer$2.run(tv.freewheel.renderers.html.HTMLRenderer$2@198834693)
I/HTMLRenderer(17496): load
D/HTMLRenderer(17496): Display size: 768x1184 px, app size: 768x1038
D/HTMLRenderer(17496): creativeApi: None, isMRAIDAd:false
D/AdInstance(17496): [0x4458]getParameter:renderer.html.placementType:null
D/AdInstance(17496): [0x4458]getParameter:renderer.html.primaryAnchor:null
D/AdInstance(17496): [0x4458]getParameter:renderer.html.marginWidth:null
D/AdInstance(17496): [0x4458]getParameter:renderer.html.marginHeight:null
D/AdInstance(17496): [0x4458]getParameter:renderer.html.bootstrap:null
D/AdInstance(17496): [0x4458]getParameter:renderer.html.shouldEndAfterDuration:null
D/AdInstance(17496): [0x4458]getParameter:renderer.html.isBackgroundTransparent:true
D/Parameters(17496): {"logger":"tv.freewheel.utils.Logger@1adb2a5a","marginHeight":0,"marginWidth":0,"primaryAnchor":"bc","shouldBackgroundTransparent":true}
D/HTMLRenderer(17496): isInterstitial:false
D/MRAIDBackgroundView(17496): MRAIDBackgroundView
E/Cataloger( 5532): syncFile:/storage/emulated/0/2016-11-22_12:35:03.325.jpg
W/ResourceType(17496): No known package when getting name for resource number 0xffffffff
I/org.umd.logging(17496): Api > 1 android.webkit.WebView.<init>(tv.freewheel.renderers.html.MRAIDWebView@84226433<file=2016-11-22_12:35:03.325><x=0><y=0><width=0><height=0><id=-1>, com.cnn.mobile.android.phone.ui.MainActivity@427156885)
E/Cataloger( 5532): syncFile:/storage/emulated/0/2016-11-22_12:35:03.325.jpg
E/Cataloger( 5532): syncFile:/storage/emulated/0/2016-11-22_12:35:03.442.jpg
W/SurfaceFlinger(  174): couldn't log to binary event log: overflow.
W/ResourceType(17496): No known package when getting name for resource number 0xffffffff
I/org.umd.logging(17496): Api < 1 android.webkit.WebView.<init>(tv.freewheel.renderers.html.MRAIDWebView@84226433<file=2016-11-22_12:35:03.442><x=0><y=0><width=0><height=0><id=-1>)
E/Cataloger( 5532): syncFile:/storage/emulated/0/2016-11-22_12:35:03.442.jpg
D/MRAIDBackgroundView(17496): MRAIDBackgroundView
D/MRAIDWebView(17496): enabling transparent: null
E/Cataloger( 5532): syncFile:/storage/emulated/0/2016-11-22_12:35:03.613.jpg
W/ResourceType(17496): No known package when getting name for resource number 0xffffffff
E/Cataloger( 5532): syncFile:/storage/emulated/0/2016-11-22_12:35:03.613.jpg
I/org.umd.logging(17496): Api > 1 android.webkit.WebView.<init>(tv.freewheel.renderers.html.MRAIDWebView@805823508<file=2016-11-22_12:35:03.613><x=0><y=0><width=0><height=0><id=-1>, com.cnn.mobile.android.phone.ui.MainActivity@427156885)
W/ResourceType(  742): No package identifier when getting value for resource number 0x00000000
W/PackageManager(  742): Failure retrieving resources for com.cnn.mobile.android.phone: Resource ID #0x0
I/ActivityManager(  588): START u0 {act=com.android.systemui.recents.SHOW_RECENTS flg=0x10804000 cmp=com.android.systemui/.recents.RecentsActivity} from uid 10022 on display 0
E/Cataloger( 5532): syncFile:/storage/emulated/0/2016-11-22_12:35:03.769.jpg
W/ResourceType(17496): No known package when getting name for resource number 0xffffffff
I/org.umd.logging(17496): Api < 1 android.webkit.WebView.<init>(tv.freewheel.renderers.html.MRAIDWebView@805823508<file=2016-11-22_12:35:03.769><x=0><y=0><width=0><height=0><id=-1>)
E/Cataloger( 5532): syncFile:/storage/emulated/0/2016-11-22_12:35:03.769.jpg
D/MRAIDBackgroundView(17496): MRAIDBackgroundView
D/MRAIDWebView(17496): enabling transparent: null
D/MRAIDPresentationInLine(17496): calculateAdSize, slot width: 300, rendition width:300
D/MRAIDPresentationInLine(17496): ad width = 600 height = 500
D/HTMLRenderer(17496): shouldPauseResumeMainVideoOnActivityStateChange:true, shouldPauseResumeMainVideoWhenExpand:false
I/MRAIDPresentationInLine(17496): loadCreativeWithScript(null, <html>
I/MRAIDPresentationInLine(17496): <head>
I/MRAIDPresentationInLine(17496): 	<meta name = "viewport" content = "initial-scale = 1.0" />
I/MRAIDPresentationInLine(17496): 	<title>Advertisement</title>
I/MRAIDPresentationInLine(17496): 	 
I/MRAIDPresentationInLine(17496): 	<script type="text/javascript">window._fw_page_url = "";</script>
I/MRAIDPresentationInLine(17496): </head>
I/MRAIDPresentationInLine(17496): <body style="margin:0px;background-color:transparent;"><span data-width="300" data-height="250" style="display:block; vertical-align:top; margin:0px 0px 0px 0px;"><div id="nexage_adreturn_banner" >
I/MRAIDPresentationInLine(17496): <script src="http://sjc.ads.nexage.com/js/admax/admax_api.js"></script>
I/MRAIDPresentationInLine(17496): <script>
I/MRAIDPresentationInLine(17496): var suid = getSuid();
I/MRAIDPresentationInLine(17496): var loc = "";
I/MRAIDPresentationInLine(17496): if (loc == ",") loc = "";
I/MRAIDPresentationInLine(17496): var admax_vars = {
I/MRAIDPresentationInLine(17496):     "dcn": "8a80944a01484840e18d41e4b3c2000c"
I/MRAIDPresentationInLine(17496):     ,"pos": "banner_300x250"
I/MRAIDPresentationInLine(17496):     ,"req(loc)": loc
I/MRAIDPresentationInLine(17496):     ,"d(id24)": "229d4aea-d76e-47c3-ad88-1eafdf3529f0"
I/MRAIDPresentationInLine(17496):  };
I/MRAIDPresentationInLine(17496): if (suid) admax_vars["u(id)"]=suid;
I/MRAIDPresentationInLine(17496): admaxAd(admax_vars);
I/MRAIDPresentationInLine(17496): </script>
I/MRAIDPresentationInLine(17496): <script>
I/MRAIDPresentationInLine(17496):     function setTarget() {
I/MRAIDPresentationInLine(17496):         var clickThru = document.getElementById('nexage_adreturn_banner').getElementsByTagName('a');
I/MRAIDPresentationInLine(17496):         clickThru[0].setAttribute('target', '_blank'); 
I/MRAIDPresentationInLine(17496):     }
I/MRAIDPresentationInLine(17496):     setTarget();
I/MRAIDPresentationInLine(17496): </script> 
I/MRAIDPresentationInLine(17496): </div></span>
I/MRAIDPresentationInLine(17496): 
I/MRAIDPresentationInLine(17496): </body>
I/MRAIDPresentationInLine(17496): </html>
I/MRAIDPresentationInLine(17496): ,null)
D/MRAIDWebView(17496): load creative url: null or content: <html>
D/MRAIDWebView(17496): <head>
D/MRAIDWebView(17496): 	<meta name = "viewport" content = "initial-scale = 1.0" />
D/MRAIDWebView(17496): 	<title>Advertisement</title>
D/MRAIDWebView(17496): 	 
D/MRAIDWebView(17496): 	<script type="text/javascript">window._fw_page_url = "";</script>
D/MRAIDWebView(17496): </head>
D/MRAIDWebView(17496): <body style="margin:0px;background-color:transparent;"><span data-width="300" data-height="250" style="display:block; vertical-align:top; margin:0px 0px 0px 0px;"><div id="nexage_adreturn_banner" >
D/MRAIDWebView(17496): <script src="http://sjc.ads.nexage.com/js/admax/admax_api.js"></script>
D/MRAIDWebView(17496): <script>
D/MRAIDWebView(17496): var suid = getSuid();
D/MRAIDWebView(17496): var loc = "";
D/MRAIDWebView(17496): if (loc == ",") loc = "";
D/MRAIDWebView(17496): var admax_vars = {
D/MRAIDWebView(17496):     "dcn": "8a80944a01484840e18d41e4b3c2000c"
D/MRAIDWebView(17496):     ,"pos": "banner_300x250"
D/MRAIDWebView(17496):     ,"req(loc)": loc
D/MRAIDWebView(17496):     ,"d(id24)": "229d4aea-d76e-47c3-ad88-1eafdf3529f0"
D/MRAIDWebView(17496):  };
D/MRAIDWebView(17496): if (suid) admax_vars["u(id)"]=suid;
D/MRAIDWebView(17496): admaxAd(admax_vars);
D/MRAIDWebView(17496): </script>
D/MRAIDWebView(17496): <script>
D/MRAIDWebView(17496):     function setTarget() {
D/MRAIDWebView(17496):         var clickThru = document.getElementById('nexage_adreturn_banner').getElementsByTagName('a');
D/MRAIDWebView(17496):         clickThru[0].setAttribute('target', '_blank'); 
D/MRAIDWebView(17496):     }
D/MRAIDWebView(17496):     setTarget();
D/MRAIDWebView(17496): </script> 
D/MRAIDWebView(17496): </div></span>
D/MRAIDWebView(17496): 
D/MRAIDWebView(17496): </body>
D/MRAIDWebView(17496): </html>
D/MRAIDWebView(17496):  with script:null
D/MRAIDWebView(17496): Inject script into html: <html>
D/MRAIDWebView(17496): <head>
D/MRAIDWebView(17496): 	<meta name = "viewport" content = "initial-scale = 1.0" />
D/MRAIDWebView(17496): 	<title>Advertisement</title>
D/MRAIDWebView(17496): 	 
D/MRAIDWebView(17496): 	<script type="text/javascript">window._fw_page_url = "";</script>
D/MRAIDWebView(17496): </head>
D/MRAIDWebView(17496): <body style="margin:0px;background-color:transparent;"><span data-width="300" data-height="250" style="display:block; vertical-align:top; margin:0px 0px 0px 0px;"><div id="nexage_adreturn_banner" >
D/MRAIDWebView(17496): <script src="http://sjc.ads.nexage.com/js/admax/admax_api.js"></script>
D/MRAIDWebView(17496): <script>
D/MRAIDWebView(17496): var suid = getSuid();
D/MRAIDWebView(17496): var loc = "";
D/MRAIDWebView(17496): if (loc == ",") loc = "";
D/MRAIDWebView(17496): var admax_vars = {
D/MRAIDWebView(17496):     "dcn": "8a80944a01484840e18d41e4b3c2000c"
D/MRAIDWebView(17496):     ,"pos": "banner_300x250"
D/MRAIDWebView(17496):     ,"req(loc)": loc
D/MRAIDWebView(17496):     ,"d(id24)": "229d4aea-d76e-47c3-ad88-1eafdf3529f0"
D/MRAIDWebView(17496):  };
D/MRAIDWebView(17496): if (suid) admax_vars["u(id)"]=suid;
D/MRAIDWebView(17496): admaxAd(admax_vars);
D/MRAIDWebView(17496): </script>
D/MRAIDWebView(17496): <script>
D/MRAIDWebView(17496):     function setTarget() {
D/MRAIDWebView(17496):         var clickThru = document.getElementById('nexage_adreturn_banner').getElementsByTagName('a');
D/MRAIDWebView(17496):         clickThru[0].setAttribute('target', '_blank'); 
D/MRAIDWebView(17496):     }
D/MRAIDWebView(17496):     setTarget();
D/MRAIDWebView(17496): </script> 
D/MRAIDWebView(17496): </div></span>
D/MRAIDWebView(17496): 
D/MRAIDWebView(17496): </body>
D/MRAIDWebView(17496): </html>
D/MRAIDWebView(17496): loadDataWithBaseURL
I/cr_Ime  (17496): ImeThread is enabled.
D/AdInstance(17496): [0x4458]dispatchEvent(eventName=loaded)
D/AdInstance(17496): [0x4458]process ad event:loaded
D/AdInstance(17496): [0x4458]onRendererLoaded
D/AdLoadingState(17496): notifyAdLoaded
D/AdInstance(17496): [0x4458][AdInst adId:11256386 replicaId:0 AdLoadedState] commitAdInstances()
D/AdInstance(17496): [0x4458][AdInst adId:11256386 replicaId:0 AdLoadedState]commitAdInstances() nothing to commit, translatedAds is empty.
D/AdLoadedState(17496): play
I/org.umd.logging(17496): Method > 1 tv.freewheel.ad.AdInstance.onStartPlay(tv.freewheel.ad.AdInstance@374498493)
D/AdInstance(17496): [0x4458]onStartPlay()
I/org.umd.logging(17496): Method > 1 tv.freewheel.ad.state.RendererLoadedState.start(tv.freewheel.ad.state.RendererLoadedState@706982114, tv.freewheel.ad.AdInstance@374498493)
D/RendererLoadedState(17496): start
I/org.umd.logging(17496): Api > 1 java.lang.Object.start(tv.freewheel.renderers.html.HTMLRenderer@49588914)
I/org.umd.logging(17496): Method > 1 tv.freewheel.renderers.html.HTMLRenderer.start(tv.freewheel.renderers.html.HTMLRenderer@49588914)
I/HTMLRenderer(17496): @49588914-inline|display|start
I/org.umd.logging(17496): Method < 1 tv.freewheel.renderers.html.HTMLRenderer.start()
I/org.umd.logging(17496): Api < 1 java.lang.Object.start()
I/org.umd.logging(17496): Method < 1 tv.freewheel.ad.state.RendererLoadedState.start()
I/org.umd.logging(17496): Method < 1 tv.freewheel.ad.AdInstance.onStartPlay()
I/org.umd.logging(17496): Method < 1 tv.freewheel.renderers.html.HTMLRenderer$2.run()
I/org.umd.logging(17496): Method < 1 tv.freewheel.ad.slot.Slot.onStartPlay()
D/AdsHelper(17496): $$$ playing ad [Slot:nontemporal-slot-1-1, timePositionClass: 5, state: SlotPlayingState]
D/AdsHelper(17496): $$$ playing ad: 7 Position: 1 view true currsection= 7
I/org.umd.logging(17496): Method < 1 com.cnn.mobile.android.phone.ads.AdsHelper$1$1.run()
I/org.umd.logging(17496): Method < 1 com.cnn.mobile.android.phone.ads.AdsHelper$1.run()
I/org.umd.logging(17496): Method > 1 tv.freewheel.extension.pausead.PauseAdExtension$1.run(tv.freewheel.extension.pausead.PauseAdExtension$1@310660685, tv.freewheel.utils.events.Event@446949198)
D/PauseAdExtension(17496): requestCompleteListener()
D/PauseAdExtension(17496): toBePlayedPauseSlotCustomId:null
D/AdContext(17496): [0x4458]addEventListener(type=userActionNotified, listener=tv.freewheel.extension.pausead.PauseAdExtension$2@5db1a03)
D/AdContext(17496): [0x4458]removeEventListener(type=userActionNotified, listener=tv.freewheel.extension.pausead.PauseAdExtension$2@5db1a03)
D/AdContext(17496): [0x4458]addEventListener(type=slotStarted, listener=tv.freewheel.extension.pausead.PauseAdExtension$3@21892d80)
D/AdContext(17496): [0x4458]removeEventListener(type=slotStarted, listener=tv.freewheel.extension.pausead.PauseAdExtension$3@21892d80)
D/AdContext(17496): [0x4458]addEventListener(type=slotEnded, listener=tv.freewheel.extension.pausead.PauseAdExtension$4@4458fb9)
D/AdContext(17496): [0x4458]removeEventListener(type=slotEnded, listener=tv.freewheel.extension.pausead.PauseAdExtension$4@4458fb9)
D/AdContext(17496): [0x4458]addEventListener(type=defaultImpression, listener=tv.freewheel.extension.pausead.PauseAdExtension$5@257ebffe)
D/AdContext(17496): [0x4458]removeEventListener(type=defaultImpression, listener=tv.freewheel.extension.pausead.PauseAdExtension$5@257ebffe)
D/AdContext(17496): [0x4458]addEventListener(type=_e_unknown, listener=tv.freewheel.extension.pausead.PauseAdExtension$6@11eb535f)
D/AdContext(17496): [0x4458]removeEventListener(type=_e_unknown, listener=tv.freewheel.extension.pausead.PauseAdExtension$6@11eb535f)
I/org.umd.logging(17496): Method < 1 tv.freewheel.extension.pausead.PauseAdExtension$1.run()
I/org.umd.logging(17496): Method > 1 tv.freewheel.extension.blueKai.BlueKaiDataExtension$1.run(tv.freewheel.extension.blueKai.BlueKaiDataExtension$1@703890963, tv.freewheel.utils.events.Event@446949198)
D/BlueKaiDataExtension(17496): requestCompleteListener()
I/org.umd.logging(17496): Method < 1 tv.freewheel.extension.blueKai.BlueKaiDataExtension$1.run()
I/org.umd.logging(17496): Method < 1 tv.freewheel.ad.AdContext$5.run()
I/Choreographer(17496): Skipped 40 frames!  The application may be doing too much work on its main thread.
I/org.umd.logging(17496): Method > 1 com.cnn.mobile.android.phone.ui.SettingsFragmentActivity14.onDestroy(com.cnn.mobile.android.phone.ui.SettingsFragmentActivity14@879672786<activity=true>)
I/org.umd.logging(17496): Method > 1 com.cnn.mobile.android.phone.ui.BaseFragmentActivity.onDestroy(com.cnn.mobile.android.phone.ui.SettingsFragmentActivity14@879672786<activity=true>)
I/org.umd.logging(17496): Method < 1 com.cnn.mobile.android.phone.ui.BaseFragmentActivity.onDestroy()
I/org.umd.logging(17496): Method < 1 com.cnn.mobile.android.phone.ui.SettingsFragmentActivity14.onDestroy()
I/org.umd.logging(17496): Method > 1 com.cnn.mobile.android.phone.ui.MainActivity.onPause(com.cnn.mobile.android.phone.ui.MainActivity@427156885<activity=true>)
I/org.umd.logging(17496): Method > 1 com.cnn.mobile.android.phone.ui.BaseFragmentActivity.onPause(com.cnn.mobile.android.phone.ui.MainActivity@427156885<activity=true>)
I/org.umd.logging(17496): Method > 1 com.cnn.mobile.android.phone.ui.BroadsheetFragment.onPause(com.cnn.mobile.android.phone.ui.BroadsheetFragment@676730284<fragment=true>)
I/org.umd.logging(17496): Method < 1 com.cnn.mobile.android.phone.ui.BroadsheetFragment.onPause()
I/org.umd.logging(17496): Method > 1 com.cnn.mobile.android.phone.ui.BroadsheetFragment$BroadsheetSectionFragment.onPause(com.cnn.mobile.android.phone.ui.BroadsheetFragment$BroadsheetSectionFragment@815641667<fragment=true>)
I/org.umd.logging(17496): Method < 1 com.cnn.mobile.android.phone.ui.BroadsheetFragment$BroadsheetSectionFragment.onPause()
I/org.umd.logging(17496): Method > 1 com.cnn.mobile.android.phone.ui.BroadsheetFragment$BroadsheetSectionFragment.onPause(com.cnn.mobile.android.phone.ui.BroadsheetFragment$BroadsheetSectionFragment@317067170<fragment=true>)
I/org.umd.logging(17496): Method < 1 com.cnn.mobile.android.phone.ui.BroadsheetFragment$BroadsheetSectionFragment.onPause()
I/org.umd.logging(17496): Method > 1 com.cnn.mobile.android.phone.ui.BroadsheetFragment$BroadsheetSectionFragment.onPause(com.cnn.mobile.android.phone.ui.BroadsheetFragment$BroadsheetSectionFragment@152794548<fragment=true>)
