E/Cataloger( 8854): syncFile:/storage/emulated/0/2016-12-08_10:40:03.929.jpg
I/art     (21001): Background partial concurrent mark sweep GC freed 1389(71KB) AllocSpace objects, 6(22MB) LOS objects, 33% free, 32MB/48MB, paused 2.533ms total 106.363ms
I/org.umd.logging(21001): Method > 1 com.migal.android.MigalView.onTouchEvent(com.migal.android.MigalView@937357795<file=2016-12-08_10:40:03.929><x=0><y=0><width=768><height=1280><id=2131558495><imagename=migal_view>, android.view.MotionEvent@701224173)
E/Cataloger( 8854): syncFile:/storage/emulated/0/2016-12-08_10:40:03.929.jpg
I/org.umd.logging(21001): Method < 1 com.migal.android.MigalView.onTouchEvent(true)
I/InputDispatcher(  591): Window 'Window{12a41b3 u0 com.fortafygames.colorswitch/com.migal.android.MigalActivity}' spent 3690.4ms processing the last input event: MotionEvent(deviceId=6, source=0x00001002, action=261, flags=0x00000000, metaState=0x00000000, buttonState=0x00000000, edgeFlags=0x00000000, xPrecision=2.0, yPrecision=2.0, displayId=0, pointers=[0: (40.5, 578.0), 1: (267.0, 509.0)]), policyFlags=0x62000000
I/org.umd.logging(21001): Method > 3411 com.migal.android.MigalView$1.run(com.migal.android.MigalView$1@62070437)
I/org.umd.logging(21001): Method < 3411 com.migal.android.MigalView$1.run()
E/Cataloger( 8854): syncFile:/storage/emulated/0/2016-12-08_10:40:04.134.jpg
I/org.umd.logging(21001): Method > 1 com.migal.android.MigalView.onTouchEvent(com.migal.android.MigalView@937357795<file=2016-12-08_10:40:04.134><x=0><y=0><width=768><height=1280><id=2131558495><imagename=migal_view>, android.view.MotionEvent@701224173)
I/org.umd.logging(21001): Method < 1 com.migal.android.MigalView.onTouchEvent(true)
I/InputDispatcher(  591): Window 'Window{12a41b3 u0 com.fortafygames.colorswitch/com.migal.android.MigalActivity}' spent 3887.5ms processing the last input event: MotionEvent(deviceId=6, source=0x00001002, action=2, flags=0x00000000, metaState=0x00000000, buttonState=0x00000000, edgeFlags=0x00000000, xPrecision=2.0, yPrecision=2.0, displayId=0, pointers=[0: (40.0, 577.5), 1: (267.5, 508.5)]), policyFlags=0x62000000
I/InputDispatcher(  591): Window 'Window{12a41b3 u0 com.fortafygames.colorswitch/com.migal.android.MigalActivity}' spent 3887.4ms processing the last input event: MotionEvent(deviceId=6, source=0x00001002, action=2, flags=0x00000000, metaState=0x00000000, buttonState=0x00000000, edgeFlags=0x00000000, xPrecision=2.0, yPrecision=2.0, displayId=0, pointers=[0: (40.0, 576.0), 1: (267.5, 508.5)]), policyFlags=0x62000000
I/InputDispatcher(  591): Window 'Window{12a41b3 u0 com.fortafygames.colorswitch/com.migal.android.MigalActivity}' spent 3887.2ms processing the last input event: MotionEvent(deviceId=6, source=0x00001002, action=2, flags=0x00000000, metaState=0x00000000, buttonState=0x00000000, edgeFlags=0x00000000, xPrecision=2.0, yPrecision=2.0, displayId=0, pointers=[0: (40.0, 574.0), 1: (267.5, 508.5)]), policyFlags=0x62000000
I/InputDispatcher(  591): Window 'Window{12a41b3 u0 com.fortafygames.colorswitch/com.migal.android.MigalActivity}' spent 3887.1ms processing the last input event: MotionEvent(deviceId=6, source=0x00001002, action=2, flags=0x00000000, metaState=0x00000000, buttonState=0x00000000, edgeFlags=0x00000000, xPrecision=2.0, yPrecision=2.0, displayId=0, pointers=[0: (39.5, 571.5), 1: (267.5, 508.0)]), policyFlags=0x62000000
E/Cataloger( 8854): syncFile:/storage/emulated/0/2016-12-08_10:40:04.134.jpg
I/org.umd.logging(21001): Method > 3411 com.migal.android.MigalView$1.run(com.migal.android.MigalView$1@1060668026)
I/org.umd.logging(21001): Method < 3411 com.migal.android.MigalView$1.run()
I/org.umd.logging(21001): Method > 3411 com.migal.android.MigalView$1.run(com.migal.android.MigalView$1@120384043)
I/org.umd.logging(21001): Method < 3411 com.migal.android.MigalView$1.run()
E/Cataloger( 8854): syncFile:/storage/emulated/0/2016-12-08_10:40:04.327.jpg
I/org.umd.logging(21001): Method > 1 com.migal.android.MigalView.onTouchEvent(com.migal.android.MigalView@937357795<file=2016-12-08_10:40:04.327><x=0><y=0><width=768><height=1280><id=2131558495><imagename=migal_view>, android.view.MotionEvent@701224173)
I/org.umd.logging(21001): Method < 1 com.migal.android.MigalView.onTouchEvent(true)
I/InputDispatcher(  591): Window 'Window{12a41b3 u0 com.fortafygames.colorswitch/com.migal.android.MigalActivity}' spent 4061.3ms processing the last input event: MotionEvent(deviceId=6, source=0x00001002, action=517, flags=0x00000000, metaState=0x00000000, buttonState=0x00000000, edgeFlags=0x00000000, xPrecision=2.0, yPrecision=2.0, displayId=0, pointers=[0: (39.5, 571.5), 1: (267.5, 508.0), 2: (581.5, 728.0)]), policyFlags=0x62000000
E/Cataloger( 8854): syncFile:/storage/emulated/0/2016-12-08_10:40:04.327.jpg
I/org.umd.logging(21001): Method > 3411 com.migal.android.MigalView$1.run(com.migal.android.MigalView$1@96140936)
I/org.umd.logging(21001): Method < 3411 com.migal.android.MigalView$1.run()
E/Cataloger( 8854): syncFile:/storage/emulated/0/2016-12-08_10:40:04.504.jpg
E/Cataloger( 8854): syncFile:/storage/emulated/0/2016-12-08_10:40:04.504.jpg
I/org.umd.logging(21001): Method > 1 com.migal.android.MigalView.onTouchEvent(com.migal.android.MigalView@937357795<file=2016-12-08_10:40:04.504><x=0><y=0><width=768><height=1280><id=2131558495><imagename=migal_view>, android.view.MotionEvent@701224173)
I/org.umd.logging(21001): Method < 1 com.migal.android.MigalView.onTouchEvent(true)
I/InputDispatcher(  591): Window 'Window{12a41b3 u0 com.fortafygames.colorswitch/com.migal.android.MigalActivity}' spent 4278.8ms processing the last input event: MotionEvent(deviceId=6, source=0x00001002, action=2, flags=0x00000000, metaState=0x00000000, buttonState=0x00000000, edgeFlags=0x00000000, xPrecision=2.0, yPrecision=2.0, displayId=0, pointers=[0: (39.0, 570.0), 1: (267.5, 507.5), 2: (585.0, 727.0)]), policyFlags=0x62000000
I/org.umd.logging(21001): Method > 3411 com.migal.android.MigalView$1.run(com.migal.android.MigalView$1@257687585)
I/org.umd.logging(21001): Method < 3411 com.migal.android.MigalView$1.run()
I/org.umd.logging(21001): Method > 3411 com.migal.android.MigalView$1.run(com.migal.android.MigalView$1@213666886)
I/org.umd.logging(21001): Method < 3411 com.migal.android.MigalView$1.run()
I/org.umd.logging(21001): Method > 3411 com.migal.android.MigalView$1.run(com.migal.android.MigalView$1@260963847)
I/org.umd.logging(21001): Method < 3411 com.migal.android.MigalView$1.run()
E/Cataloger( 8854): syncFile:/storage/emulated/0/2016-12-08_10:40:04.721.jpg
I/org.umd.logging(21001): Method > 1 com.migal.android.MigalView.onTouchEvent(com.migal.android.MigalView@937357795<file=2016-12-08_10:40:04.721><x=0><y=0><width=768><height=1280><id=2131558495><imagename=migal_view>, android.view.MotionEvent@701224173)
I/org.umd.logging(21001): Method < 1 com.migal.android.MigalView.onTouchEvent(true)
E/Cataloger( 8854): syncFile:/storage/emulated/0/2016-12-08_10:40:04.721.jpg
I/InputDispatcher(  591): Window 'Window{12a41b3 u0 com.fortafygames.colorswitch/com.migal.android.MigalActivity}' spent 4454.5ms processing the last input event: MotionEvent(deviceId=6, source=0x00001002, action=6, flags=0x00000000, metaState=0x00000000, buttonState=0x00000000, edgeFlags=0x00000000, xPrecision=2.0, yPrecision=2.0, displayId=0, pointers=[0: (39.0, 570.0), 1: (267.5, 507.0), 2: (585.0, 727.0)]), policyFlags=0x62000000
I/org.umd.logging(21001): Method > 3411 com.migal.android.MigalView$1.run(com.migal.android.MigalView$1@591756084)
I/org.umd.logging(21001): Method < 3411 com.migal.android.MigalView$1.run()
E/Cataloger( 8854): syncFile:/storage/emulated/0/2016-12-08_10:40:04.897.jpg
I/org.umd.logging(21001): Method > 1 com.migal.android.MigalView.onTouchEvent(com.migal.android.MigalView@937357795<file=2016-12-08_10:40:04.897><x=0><y=0><width=768><height=1280><id=2131558495><imagename=migal_view>, android.view.MotionEvent@701224173)
I/org.umd.logging(21001): Method < 1 com.migal.android.MigalView.onTouchEvent(true)
I/InputDispatcher(  591): Window 'Window{12a41b3 u0 com.fortafygames.colorswitch/com.migal.android.MigalActivity}' spent 4633.1ms processing the last input event: MotionEvent(deviceId=6, source=0x00001002, action=2, flags=0x00000000, metaState=0x00000000, buttonState=0x00000000, edgeFlags=0x00000000, xPrecision=2.0, yPrecision=2.0, displayId=0, pointers=[1: (267.5, 507.0), 2: (585.0, 727.0)]), policyFlags=0x62000000
I/org.umd.logging(21001): Method > 3411 com.migal.android.MigalView$1.run(com.migal.android.MigalView$1@777485661)
I/org.umd.logging(21001): Method < 3411 com.migal.android.MigalView$1.run()
I/org.umd.logging(21001): Method > 3411 com.migal.android.MigalView$1.run(com.migal.android.MigalView$1@912320210)
E/Cataloger( 8854): syncFile:/storage/emulated/0/2016-12-08_10:40:04.897.jpg
I/org.umd.logging(21001): Method < 3411 com.migal.android.MigalView$1.run()
E/Cataloger( 8854): syncFile:/storage/emulated/0/2016-12-08_10:40:05.077.jpg
I/org.umd.logging(21001): Method > 1 com.migal.android.MigalView.onTouchEvent(com.migal.android.MigalView@937357795<file=2016-12-08_10:40:05.077><x=0><y=0><width=768><height=1280><id=2131558495><imagename=migal_view>, android.view.MotionEvent@701224173)
I/org.umd.logging(21001): Method < 1 com.migal.android.MigalView.onTouchEvent(true)
E/Cataloger( 8854): syncFile:/storage/emulated/0/2016-12-08_10:40:05.077.jpg
I/InputDispatcher(  591): Window 'Window{12a41b3 u0 com.fortafygames.colorswitch/com.migal.android.MigalActivity}' spent 4802.2ms processing the last input event: MotionEvent(deviceId=6, source=0x00001002, action=6, flags=0x00000000, metaState=0x00000000, buttonState=0x00000000, edgeFlags=0x00000000, xPrecision=2.0, yPrecision=2.0, displayId=0, pointers=[1: (267.5, 507.0), 2: (585.5, 727.0)]), policyFlags=0x62000000
I/org.umd.logging(21001): Method > 3411 com.migal.android.MigalView$1.run(com.migal.android.MigalView$1@100823971)
I/org.umd.logging(21001): Method < 3411 com.migal.android.MigalView$1.run()
E/Cataloger( 8854): syncFile:/storage/emulated/0/2016-12-08_10:40:05.247.jpg
I/org.umd.logging(21001): Api > 3582 android.net.ConnectivityManager.getActiveNetworkInfo(android.net.ConnectivityManager@813451098)
I/org.umd.logging(21001): Api < 3582 android.net.ConnectivityManager.getActiveNetworkInfo(android.net.NetworkInfo@559486624)
I/org.umd.logging(21001): Api > 3582 android.net.ConnectivityManager.getActiveNetworkInfo(android.net.ConnectivityManager@813451098)
I/org.umd.logging(21001): Api < 3582 android.net.ConnectivityManager.getActiveNetworkInfo(android.net.NetworkInfo@932418137)
I/org.umd.logging(21001): Method > 1 com.migal.android.MigalView.onTouchEvent(com.migal.android.MigalView@937357795<file=2016-12-08_10:40:05.247><x=0><y=0><width=768><height=1280><id=2131558495><imagename=migal_view>, android.view.MotionEvent@701224173)
I/org.umd.logging(21001): Method > 3411 com.migal.android.MigalView$1.run(com.migal.android.MigalView$1@709008926)
I/org.umd.logging(21001): Method < 1 com.migal.android.MigalView.onTouchEvent(true)
I/org.umd.logging(21001): Method < 3411 com.migal.android.MigalView$1.run()
I/InputDispatcher(  591): Window 'Window{12a41b3 u0 com.fortafygames.colorswitch/com.migal.android.MigalActivity}' spent 5000.9ms processing the last input event: MotionEvent(deviceId=6, source=0x00001002, action=2, flags=0x00000000, metaState=0x00000000, buttonState=0x00000000, edgeFlags=0x00000000, xPrecision=2.0, yPrecision=2.0, displayId=0, pointers=[2: (585.5, 727.0)]), policyFlags=0x62000000
I/InputDispatcher(  591): Window 'Window{12a41b3 u0 com.fortafygames.colorswitch/com.migal.android.MigalActivity}' spent 5001.1ms processing the last input event: MotionEvent(deviceId=6, source=0x00001002, action=2, flags=0x00000000, metaState=0x00000000, buttonState=0x00000000, edgeFlags=0x00000000, xPrecision=2.0, yPrecision=2.0, displayId=0, pointers=[2: (586.0, 727.0)]), policyFlags=0x62000000
I/InputDispatcher(  591): Window 'Window{12a41b3 u0 com.fortafygames.colorswitch/com.migal.android.MigalActivity}' spent 5001.3ms processing the last input event: MotionEvent(deviceId=6, source=0x00001002, action=2, flags=0x00000000, metaState=0x00000000, buttonState=0x00000000, edgeFlags=0x00000000, xPrecision=2.0, yPrecision=2.0, displayId=0, pointers=[2: (586.5, 727.0)]), policyFlags=0x62000000
E/Cataloger( 8854): syncFile:/storage/emulated/0/2016-12-08_10:40:05.247.jpg
E/Cataloger( 8854): syncFile:/storage/emulated/0/2016-12-08_10:40:05.447.jpg
I/org.umd.logging(21001): Method > 1 com.migal.android.MigalView.onTouchEvent(com.migal.android.MigalView@937357795<file=2016-12-08_10:40:05.447><x=0><y=0><width=768><height=1280><id=2131558495><imagename=migal_view>, android.view.MotionEvent@701224173)
I/org.umd.logging(21001): Method < 1 com.migal.android.MigalView.onTouchEvent(true)
E/Cataloger( 8854): syncFile:/storage/emulated/0/2016-12-08_10:40:05.447.jpg
I/InputDispatcher(  591): Window 'Window{12a41b3 u0 com.fortafygames.colorswitch/com.migal.android.MigalActivity}' spent 5192.1ms processing the last input event: MotionEvent(deviceId=6, source=0x00001002, action=1, flags=0x00000000, metaState=0x00000000, buttonState=0x00000000, edgeFlags=0x00000000, xPrecision=2.0, yPrecision=2.0, displayId=0, pointers=[2: (586.5, 727.0)]), policyFlags=0x62000000
I/org.umd.logging(21001): Method > 3411 com.migal.android.MigalView$1.run(com.migal.android.MigalView$1@868132607)
I/org.umd.logging(21001): Method < 3411 com.migal.android.MigalView$1.run()
E/Cataloger( 8854): syncFile:/storage/emulated/0/2016-12-08_10:40:05.637.jpg
I/org.umd.logging(21001): Method > 1 com.migal.android.MigalView.onTouchEvent(com.migal.android.MigalView@937357795<file=2016-12-08_10:40:05.637><x=0><y=0><width=768><height=1280><id=2131558495><imagename=migal_view>, android.view.MotionEvent@701224173)
I/org.umd.logging(21001): Method < 1 com.migal.android.MigalView.onTouchEvent(true)
E/Cataloger( 8854): syncFile:/storage/emulated/0/2016-12-08_10:40:05.637.jpg
I/InputDispatcher(  591): Window 'Window{12a41b3 u0 com.fortafygames.colorswitch/com.migal.android.MigalActivity}' spent 5397.1ms processing the last input event: MotionEvent(deviceId=6, source=0x00001002, action=0, flags=0x00000000, metaState=0x00000000, buttonState=0x00000000, edgeFlags=0x00000000, xPrecision=2.0, yPrecision=2.0, displayId=0, pointers=[0: (33.0, 499.0)]), policyFlags=0x62000000
I/org.umd.logging(21001): Method > 3411 com.migal.android.MigalView$1.run(com.migal.android.MigalView$1@122223820)
I/org.umd.logging(21001): Method < 3411 com.migal.android.MigalView$1.run()
I/org.umd.logging(11423): Method > 1 com.cleanmaster.base.crash.util.debug.b.run(com.cleanmaster.base.crash.util.debug.b@614779553)
I/org.umd.logging(11423): Method < 1 com.cleanmaster.base.crash.util.debug.b.run()
E/Cataloger( 8854): syncFile:/storage/emulated/0/2016-12-08_10:40:05.842.jpg
I/org.umd.logging(21001): Method > 1 com.migal.android.MigalView.onTouchEvent(com.migal.android.MigalView@937357795<file=2016-12-08_10:40:05.842><x=0><y=0><width=768><height=1280><id=2131558495><imagename=migal_view>, android.view.MotionEvent@701224173)
I/org.umd.logging(21001): Method < 1 com.migal.android.MigalView.onTouchEvent(true)
E/Cataloger( 8854): syncFile:/storage/emulated/0/2016-12-08_10:40:05.842.jpg
I/InputDispatcher(  591): Window 'Window{12a41b3 u0 com.fortafygames.colorswitch/com.migal.android.MigalActivity}' spent 5563.0ms processing the last input event: MotionEvent(deviceId=6, source=0x00001002, action=261, flags=0x00000000, metaState=0x00000000, buttonState=0x00000000, edgeFlags=0x00000000, xPrecision=2.0, yPrecision=2.0, displayId=0, pointers=[0: (33.0, 499.0), 1: (254.0, 451.0)]), policyFlags=0x62000000
I/org.umd.logging(21001): Method > 3411 com.migal.android.MigalView$1.run(com.migal.android.MigalView$1@685898517)
I/org.umd.logging(21001): Method < 3411 com.migal.android.MigalView$1.run()
E/Cataloger( 8854): syncFile:/storage/emulated/0/2016-12-08_10:40:06.011.jpg
I/InputDispatcher(  591): Application is not responding: Window{12a41b3 u0 com.fortafygames.colorswitch/com.migal.android.MigalActivity}.  It has been 5001.8ms since event, 5001.1ms since wait started.  Reason: Waiting to send non-key event because the touched window has not finished processing certain input events that were delivered to it over 500.0ms ago.  Wait queue length: 25.  Wait queue head age: 5715.3ms.
I/WindowManager(  591): Input event dispatching timed out sending to com.fortafygames.colorswitch/com.migal.android.MigalActivity.  Reason: Waiting to send non-key event because the touched window has not finished processing certain input events that were delivered to it over 500.0ms ago.  Wait queue length: 25.  Wait queue head age: 5715.3ms.
I/org.umd.logging(21001): Method > 1 com.migal.android.MigalView.onTouchEvent(com.migal.android.MigalView@937357795<file=2016-12-08_10:40:06.011><x=0><y=0><width=768><height=1280><id=2131558495><imagename=migal_view>, android.view.MotionEvent@701224173)
I/ActivityManager(  591): Skipping duplicate ANR: ProcessRecord{3ef28009 21001:com.fortafygames.colorswitch/u0a244} Input dispatching timed out (Waiting to send non-key event because the touched window has not finished processing certain input events that were delivered to it over 500.0ms ago.  Wait queue length: 25.  Wait queue head age: 5715.3ms.)
I/org.umd.logging(21001): Method < 1 com.migal.android.MigalView.onTouchEvent(true)
I/InputDispatcher(  591): Window 'Window{12a41b3 u0 com.fortafygames.colorswitch/com.migal.android.MigalActivity}' spent 5787.9ms processing the last input event: MotionEvent(deviceId=6, source=0x00001002, action=2, flags=0x00000000, metaState=0x00000000, buttonState=0x00000000, edgeFlags=0x00000000, xPrecision=2.0, yPrecision=2.0, displayId=0, pointers=[0: (33.0, 499.0), 1: (255.0, 450.0)]), policyFlags=0x62000000
I/InputDispatcher(  591): Window 'Window{12a41b3 u0 com.fortafygames.colorswitch/com.migal.android.MigalActivity}' spent 5787.7ms processing the last input event: MotionEvent(deviceId=6, source=0x00001002, action=2, flags=0x00000000, metaState=0x00000000, buttonState=0x00000000, edgeFlags=0x00000000, xPrecision=2.0, yPrecision=2.0, displayId=0, pointers=[0: (33.0, 498.5), 1: (255.0, 450.0)]), policyFlags=0x62000000
E/Cataloger( 8854): syncFile:/storage/emulated/0/2016-12-08_10:40:06.011.jpg
I/InputDispatcher(  591): Window 'Window{12a41b3 u0 com.fortafygames.colorswitch/com.migal.android.MigalActivity}' spent 5787.5ms processing the last input event: MotionEvent(deviceId=6, source=0x00001002, action=2, flags=0x00000000, metaState=0x00000000, buttonState=0x00000000, edgeFlags=0x00000000, xPrecision=2.0, yPrecision=2.0, displayId=0, pointers=[0: (33.0, 497.5), 1: (255.0, 450.0)]), policyFlags=0x62000000
I/InputDispatcher(  591): Window 'Window{12a41b3 u0 com.fortafygames.colorswitch/com.migal.android.MigalActivity}' spent 5787.0ms processing the last input event: MotionEvent(deviceId=6, source=0x00001002, action=2, flags=0x00000000, metaState=0x00000000, buttonState=0x00000000, edgeFlags=0x00000000, xPrecision=2.0, yPrecision=2.0, displayId=0, pointers=[0: (33.0, 496.0), 1: (255.5, 449.5)]), policyFlags=0x62000000
I/org.umd.logging(21001): Method > 3411 com.migal.android.MigalView$1.run(com.migal.android.MigalView$1@167149098)
I/org.umd.logging(21001): Method < 3411 com.migal.android.MigalView$1.run()
I/org.umd.logging(21001): Method > 3411 com.migal.android.MigalView$1.run(com.migal.android.MigalView$1@383824923)
I/org.umd.logging(21001): Method < 3411 com.migal.android.MigalView$1.run()
E/Cataloger( 8854): syncFile:/storage/emulated/0/2016-12-08_10:40:06.236.jpg
I/org.umd.logging(21001): Method > 1 com.migal.android.MigalView.onTouchEvent(com.migal.android.MigalView@937357795<file=2016-12-08_10:40:06.236><x=0><y=0><width=768><height=1280><id=2131558495><imagename=migal_view>, android.view.MotionEvent@701224173)
E/Cataloger( 8854): syncFile:/storage/emulated/0/2016-12-08_10:40:06.236.jpg
I/org.umd.logging(21001): Method < 1 com.migal.android.MigalView.onTouchEvent(true)
I/InputDispatcher(  591): Window 'Window{12a41b3 u0 com.fortafygames.colorswitch/com.migal.android.MigalActivity}' spent 5974.6ms processing the last input event: MotionEvent(deviceId=6, source=0x00001002, action=6, flags=0x00000000, metaState=0x00000000, buttonState=0x00000000, edgeFlags=0x00000000, xPrecision=2.0, yPrecision=2.0, displayId=0, pointers=[0: (33.0, 496.0), 1: (256.0, 449.0)]), policyFlags=0x62000000
I/org.umd.logging(21001): Method > 3411 com.migal.android.MigalView$1.run(com.migal.android.MigalView$1@477043128)
I/org.umd.logging(21001): Method < 3411 com.migal.android.MigalView$1.run()
E/Cataloger( 8854): syncFile:/storage/emulated/0/2016-12-08_10:40:06.424.jpg
I/org.umd.logging(21001): Method > 1 com.migal.android.MigalView.onTouchEvent(com.migal.android.MigalView@937357795<file=2016-12-08_10:40:06.424><x=0><y=0><width=768><height=1280><id=2131558495><imagename=migal_view>, android.view.MotionEvent@701224173)
I/org.umd.logging(21001): Method > 3411 com.migal.android.MigalView$1.run(com.migal.android.MigalView$1@292828049)
I/org.umd.logging(21001): Method < 3411 com.migal.android.MigalView$1.run()
I/org.umd.logging(21001): Method < 1 com.migal.android.MigalView.onTouchEvent(true)
E/Cataloger( 8854): syncFile:/storage/emulated/0/2016-12-08_10:40:06.424.jpg
I/InputDispatcher(  591): Window 'Window{12a41b3 u0 com.fortafygames.colorswitch/com.migal.android.MigalActivity}' spent 6165.1ms processing the last input event: MotionEvent(deviceId=6, source=0x00001002, action=2, flags=0x00000000, metaState=0x00000000, buttonState=0x00000000, edgeFlags=0x00000000, xPrecision=2.0, yPrecision=2.0, displayId=0, pointers=[1: (256.0, 449.0)]), policyFlags=0x62000000
I/InputDispatcher(  591): Window 'Window{12a41b3 u0 com.fortafygames.colorswitch/com.migal.android.MigalActivity}' spent 6168.7ms processing the last input event: MotionEvent(deviceId=6, source=0x00001002, action=2, flags=0x00000000, metaState=0x00000000, buttonState=0x00000000, edgeFlags=0x00000000, xPrecision=2.0, yPrecision=2.0, displayId=0, pointers=[1: (256.5, 448.5)]), policyFlags=0x62000000
I/InputDispatcher(  591): Window 'Window{12a41b3 u0 com.fortafygames.colorswitch/com.migal.android.MigalActivity}' spent 6168.5ms processing the last input event: MotionEvent(deviceId=6, source=0x00001002, action=2, flags=0x00000000, metaState=0x00000000, buttonState=0x00000000, edgeFlags=0x00000000, xPrecision=2.0, yPrecision=2.0, displayId=0, pointers=[1: (257.0, 448.0)]), policyFlags=0x62000000
E/Cataloger( 8854): syncFile:/storage/emulated/0/2016-12-08_10:40:06.619.jpg
I/org.umd.logging(21001): Method > 1 com.migal.android.MigalView.onTouchEvent(com.migal.android.MigalView@937357795<file=2016-12-08_10:40:06.619><x=0><y=0><width=768><height=1280><id=2131558495><imagename=migal_view>, android.view.MotionEvent@701224173)
E/Cataloger( 8854): syncFile:/storage/emulated/0/2016-12-08_10:40:06.619.jpg
I/org.umd.logging(21001): Method < 1 com.migal.android.MigalView.onTouchEvent(true)
I/InputDispatcher(  591): Window 'Window{12a41b3 u0 com.fortafygames.colorswitch/com.migal.android.MigalActivity}' spent 6357.1ms processing the last input event: MotionEvent(deviceId=6, source=0x00001002, action=1, flags=0x00000000, metaState=0x00000000, buttonState=0x00000000, edgeFlags=0x00000000, xPrecision=2.0, yPrecision=2.0, displayId=0, pointers=[1: (257.0, 448.0)]), policyFlags=0x62000000
I/org.umd.logging(21001): Method > 3411 com.migal.android.MigalView$1.run(com.migal.android.MigalView$1@156652278)
I/org.umd.logging(21001): Method < 3411 com.migal.android.MigalView$1.run()
E/Cataloger( 8854): syncFile:/storage/emulated/0/2016-12-08_10:40:06.807.jpg
I/org.umd.logging(21001): Method > 3474 com.heyzap.common.concurrency.FutureUtils$3.run(com.heyzap.common.concurrency.FutureUtils$3@659322615)
I/org.umd.logging(21001): Method > 3474 com.heyzap.common.concurrency.ExecutionList$RunnableExecutorPair.execute(com.heyzap.common.concurrency.ExecutionList$RunnableExecutorPair@30939492)
I/org.umd.logging(21001): Method > 3474 com.heyzap.common.concurrency.ExecutorPool$WrappedScheduledThreadPoolExecutor.execute(com.heyzap.common.concurrency.ExecutorPool$WrappedScheduledThreadPoolExecutor@340997079, com.heyzap.mediation.ConcurrentLoaderStrategy$2@672626637)
I/org.umd.logging(21001): Method < 3474 com.heyzap.common.concurrency.ExecutorPool$WrappedScheduledThreadPoolExecutor.execute()
I/org.umd.logging(21001): Method > 3426 com.heyzap.common.concurrency.WrappedRunnable.run(com.heyzap.common.concurrency.WrappedRunnable@772581506)
I/org.umd.logging(21001): Method > 3426 com.heyzap.mediation.ConcurrentLoaderStrategy$2.run(com.heyzap.mediation.ConcurrentLoaderStrategy$2@672626637)
I/org.umd.logging(21001): Api > 3426 java.lang.Object.start(com.heyzap.sdk.mediation.adapter.HeyzapAdapter@222792595, com.heyzap.common.lifecycle.FetchOptions@984573904)
I/org.umd.logging(21001): Method > 3426 com.heyzap.mediation.abstr.FetchBackedNetworkAdapter.start(com.heyzap.sdk.mediation.adapter.HeyzapAdapter@222792595, com.heyzap.common.lifecycle.FetchOptions@984573904)
I/org.umd.logging(21001): Method > 3426 com.heyzap.internal.RetryManager.start(com.heyzap.internal.RetryManager@154190793)
I/org.umd.logging(21001): Method < 3426 com.heyzap.internal.RetryManager.start()
I/org.umd.logging(21001): Method > 3517 com.heyzap.mediation.abstr.FetchBackedNetworkAdapter$2.run(com.heyzap.mediation.abstr.FetchBackedNetworkAdapter$2@1004587726)
I/org.umd.logging(21001): Method > 3516 com.heyzap.mediation.adapter.FetchRequestConsumer$ConsumeCallback.run(com.heyzap.mediation.adapter.FetchRequestConsumer$ConsumeCallback@634736111)
I/org.umd.logging(21001): Method > 3516 com.heyzap.mediation.abstr.FetchBackedNetworkAdapter$2$1.run(com.heyzap.mediation.abstr.FetchBackedNetworkAdapter$2$1@258683132)
I/org.umd.logging(21001): Method < 3426 com.heyzap.mediation.abstr.FetchBackedNetworkAdapter.start(com.heyzap.common.concurrency.SettableFuture@410571653)
I/org.umd.logging(21001): Method > 3516 com.heyzap.house.Manager.start(com.heyzap.internal.ContextReference@178597448, "717332e2154149277af63845bfba588a")
I/org.umd.logging(21001): Method < 3517 com.heyzap.mediation.abstr.FetchBackedNetworkAdapter$2.run()
I/org.umd.logging(21001): Api < 3426 java.lang.Object.start(com.heyzap.common.concurrency.SettableFuture@410571653)
I/org.umd.logging(21001): Method < 3426 com.heyzap.mediation.ConcurrentLoaderStrategy$2.run()
I/org.umd.logging(21001): Method < 3474 com.heyzap.common.concurrency.ExecutionList$RunnableExecutorPair.execute()
I/org.umd.logging(21001): Method < 3474 com.heyzap.common.concurrency.FutureUtils$3.run()
I/org.umd.logging(21001): Method > 3516 com.heyzap.common.concurrency.ExecutionList$RunnableExecutorPair.execute(com.heyzap.common.concurrency.ExecutionList$RunnableExecutorPair@432195034)
I/org.umd.logging(21001): Method > 3516 com.heyzap.common.concurrency.ExecutorPool$WrappedScheduledThreadPoolExecutor.execute(com.heyzap.common.concurrency.ExecutorPool$WrappedScheduledThreadPoolExecutor@340997079, com.heyzap.sdk.mediation.adapter.HeyzapAdapter$1@934830312)
I/org.umd.logging(21001): Method > 3604 com.heyzap.common.concurrency.WrappedRunnable.run(com.heyzap.common.concurrency.WrappedRunnable@41427713)
I/org.umd.logging(21001): Method < 3516 com.heyzap.common.concurrency.ExecutorPool$WrappedScheduledThreadPoolExecutor.execute()
I/org.umd.logging(21001): Method > 3604 com.heyzap.sdk.mediation.adapter.HeyzapAdapter$1.run(com.heyzap.sdk.mediation.adapter.HeyzapAdapter$1@934830312)
I/org.umd.logging(21001): Method < 3516 com.heyzap.common.concurrency.ExecutionList$RunnableExecutorPair.execute()
I/org.umd.logging(21001): Method < 3516 com.heyzap.mediation.abstr.FetchBackedNetworkAdapter$2$1.run()
I/org.umd.logging(21001): Method < 3516 com.heyzap.mediation.adapter.FetchRequestConsumer$ConsumeCallback.run()
I/org.umd.logging(21001): Method > 3604 com.heyzap.house.request.FetchRequest.execute(com.heyzap.house.request.FetchRequest@80940007, com.migal.android.MigalApplication@202442106)
I/org.umd.logging(21001): Method > 3604 com.heyzap.common.concurrency.ExecutorPool$WrappedScheduledThreadPoolExecutor.execute(com.heyzap.common.concurrency.ExecutorPool$WrappedScheduledThreadPoolExecutor@340997079, com.heyzap.house.request.FetchRequest$1@432205373)
I/org.umd.logging(21001): Method < 3604 com.heyzap.common.concurrency.ExecutorPool$WrappedScheduledThreadPoolExecutor.execute()
I/org.umd.logging(21001): Method > 3424 com.heyzap.common.concurrency.WrappedRunnable.run(com.heyzap.common.concurrency.WrappedRunnable@482620978)
I/org.umd.logging(21001): Method < 3604 com.heyzap.house.request.FetchRequest.execute()
I/org.umd.logging(21001): Method > 3424 com.heyzap.house.request.FetchRequest$1.run(com.heyzap.house.request.FetchRequest$1@432205373)
I/org.umd.logging(21001): Method < 3604 com.heyzap.sdk.mediation.adapter.HeyzapAdapter$1.run()
I/org.umd.logging(21001): Method < 3604 com.heyzap.common.concurrency.WrappedRunnable.run()
I/org.umd.logging(21001): Method > 3424 com.heyzap.common.concurrency.ExecutorPool$WrappedScheduledThreadPoolExecutor.execute(com.heyzap.common.concurrency.ExecutorPool$WrappedScheduledThreadPoolExecutor@340997079, com.heyzap.common.net.APIClient$3@616202115)
I/org.umd.logging(21001): Method < 3424 com.heyzap.common.concurrency.ExecutorPool$WrappedScheduledThreadPoolExecutor.execute()
I/org.umd.logging(21001): Method < 3424 com.heyzap.house.request.FetchRequest$1.run()
I/org.umd.logging(21001): Method < 3424 com.heyzap.common.concurrency.WrappedRunnable.run()
I/org.umd.logging(21001): Method > 3424 com.heyzap.common.concurrency.WrappedRunnable.run(com.heyzap.common.concurrency.WrappedRunnable@412378368)
I/org.umd.logging(21001): Method > 3424 com.heyzap.common.net.APIClient$3.run(com.heyzap.common.net.APIClient$3@616202115)
I/org.umd.logging(21001): Api > 3424 android.net.ConnectivityManager.getActiveNetworkInfo(android.net.ConnectivityManager@919162284)
I/org.umd.logging(21001): Api < 3424 android.net.ConnectivityManager.getActiveNetworkInfo(android.net.NetworkInfo@200618297)
I/org.umd.logging(21001): Method < 3426 com.heyzap.common.concurrency.WrappedRunnable.run()
I/org.umd.logging(21001): Method > 3517 com.heyzap.http.AsyncHttpRequest.run(com.heyzap.http.AsyncHttpRequest@393970558)
I/org.umd.logging(21001): Method > 3517 com.heyzap.http.AsyncHttpResponseHandler.onStart(com.heyzap.house.handler.InterstitialFetchHandler@878367020)
I/org.umd.logging(21001): Method < 3517 com.heyzap.http.AsyncHttpResponseHandler.onStart()
I/org.umd.logging(21001): Method < 3424 com.heyzap.common.net.APIClient$3.run()
I/org.umd.logging(21001): Method < 3424 com.heyzap.common.concurrency.WrappedRunnable.run()
I/org.umd.logging(21001): Method > 1 com.migal.android.MigalView.onTouchEvent(com.migal.android.MigalView@937357795<file=2016-12-08_10:40:06.807><x=0><y=0><width=768><height=1280><id=2131558495><imagename=migal_view>, android.view.MotionEvent@701224173)
I/org.umd.logging(21001): Method < 1 com.migal.android.MigalView.onTouchEvent(true)
E/Cataloger( 8854): syncFile:/storage/emulated/0/2016-12-08_10:40:06.807.jpg
I/InputDispatcher(  591): Window 'Window{12a41b3 u0 com.fortafygames.colorswitch/com.migal.android.MigalActivity}' spent 6610.8ms processing the last input event: MotionEvent(deviceId=6, source=0x00001002, action=0, flags=0x00000000, metaState=0x00000000, buttonState=0x00000000, edgeFlags=0x00000000, xPrecision=2.0, yPrecision=2.0, displayId=0, pointers=[0: (576.5, 573.5)]), policyFlags=0x62000000
I/org.umd.logging(21001): Method > 3411 com.migal.android.MigalView$1.run(com.migal.android.MigalView$1@617109898)
I/org.umd.logging(21001): Method < 3411 com.migal.android.MigalView$1.run()
I/org.umd.logging(21001): Method > 3429 com.heyzap.common.concurrency.FutureUtils$3.run(com.heyzap.common.concurrency.FutureUtils$3@758764568)
I/org.umd.logging(21001): Method > 3429 com.heyzap.common.concurrency.ExecutionList$RunnableExecutorPair.execute(com.heyzap.common.concurrency.ExecutionList$RunnableExecutorPair@47107697)
I/org.umd.logging(21001): Method > 3429 com.heyzap.common.concurrency.ExecutorPool$WrappedScheduledThreadPoolExecutor.execute(com.heyzap.common.concurrency.ExecutorPool$WrappedScheduledThreadPoolExecutor@340997079, com.heyzap.mediation.ConcurrentLoaderStrategy$2@291144790)
I/org.umd.logging(21001): Method < 3429 com.heyzap.common.concurrency.ExecutorPool$WrappedScheduledThreadPoolExecutor.execute()
I/org.umd.logging(21001): Method < 3429 com.heyzap.common.concurrency.ExecutionList$RunnableExecutorPair.execute()
I/org.umd.logging(21001): Method < 3429 com.heyzap.common.concurrency.FutureUtils$3.run()
I/org.umd.logging(21001): Method > 3429 com.heyzap.common.concurrency.WrappedRunnable.run(com.heyzap.common.concurrency.WrappedRunnable@677428439)
I/org.umd.logging(21001): Method > 3429 com.heyzap.mediation.ConcurrentLoaderStrategy$2.run(com.heyzap.mediation.ConcurrentLoaderStrategy$2@291144790)
I/org.umd.logging(21001): Api > 3429 java.lang.Object.start(com.heyzap.sdk.mediation.adapter.HeyzapAdapter@222792595, com.heyzap.common.lifecycle.FetchOptions@268704196)
I/org.umd.logging(21001): Method > 3429 com.heyzap.mediation.abstr.FetchBackedNetworkAdapter.start(com.heyzap.sdk.mediation.adapter.HeyzapAdapter@222792595, com.heyzap.common.lifecycle.FetchOptions@268704196)
I/org.umd.logging(21001): Method > 3429 com.heyzap.internal.RetryManager.start(com.heyzap.internal.RetryManager@53534893)
I/org.umd.logging(21001): Method > 3426 com.heyzap.mediation.abstr.FetchBackedNetworkAdapter$2.run(com.heyzap.mediation.abstr.FetchBackedNetworkAdapter$2@856854498)
I/org.umd.logging(21001): Method < 3426 com.heyzap.mediation.abstr.FetchBackedNetworkAdapter$2.run()
I/org.umd.logging(21001): Method > 3424 com.heyzap.mediation.adapter.FetchRequestConsumer$ConsumeCallback.run(com.heyzap.mediation.adapter.FetchRequestConsumer$ConsumeCallback@640146089)
I/org.umd.logging(21001): Method > 3424 com.heyzap.mediation.abstr.FetchBackedNetworkAdapter$2$1.run(com.heyzap.mediation.abstr.FetchBackedNetworkAdapter$2$1@726517806)
I/org.umd.logging(21001): Method > 3424 com.heyzap.house.Manager.start(com.heyzap.internal.ContextReference@178597448, "717332e2154149277af63845bfba588a")
I/org.umd.logging(21001): Method > 3424 com.heyzap.common.concurrency.ExecutionList$RunnableExecutorPair.execute(com.heyzap.common.concurrency.ExecutionList$RunnableExecutorPair@615542735)
I/org.umd.logging(21001): Method > 3424 com.heyzap.common.concurrency.ExecutorPool$WrappedScheduledThreadPoolExecutor.execute(com.heyzap.common.concurrency.ExecutorPool$WrappedScheduledThreadPoolExecutor@340997079, com.heyzap.sdk.mediation.adapter.HeyzapAdapter$1@709549404)
I/org.umd.logging(21001): Method < 3424 com.heyzap.common.concurrency.ExecutorPool$WrappedScheduledThreadPoolExecutor.execute()
I/org.umd.logging(21001): Method < 3424 com.heyzap.common.concurrency.ExecutionList$RunnableExecutorPair.execute()
I/org.umd.logging(21001): Method < 3424 com.heyzap.mediation.abstr.FetchBackedNetworkAdapter$2$1.run()
I/org.umd.logging(21001): Method < 3424 com.heyzap.mediation.adapter.FetchRequestConsumer$ConsumeCallback.run()
I/org.umd.logging(21001): Method < 3429 com.heyzap.internal.RetryManager.start()
I/org.umd.logging(21001): Method > 3474 com.heyzap.common.concurrency.WrappedRunnable.run(com.heyzap.common.concurrency.WrappedRunnable@578451557)
I/org.umd.logging(21001): Method < 3429 com.heyzap.mediation.abstr.FetchBackedNetworkAdapter.start(com.heyzap.common.concurrency.SettableFuture@32651578)
I/org.umd.logging(21001): Method > 3474 com.heyzap.sdk.mediation.adapter.HeyzapAdapter$1.run(com.heyzap.sdk.mediation.adapter.HeyzapAdapter$1@709549404)
I/org.umd.logging(21001): Api < 3429 java.lang.Object.start(com.heyzap.common.concurrency.SettableFuture@32651578)
I/org.umd.logging(21001): Method < 3429 com.heyzap.mediation.ConcurrentLoaderStrategy$2.run()
I/org.umd.logging(21001): Method > 3474 com.heyzap.house.request.FetchRequest.execute(com.heyzap.house.request.FetchRequest@510540267, com.migal.android.MigalApplication@202442106)
I/org.umd.logging(21001): Method > 3474 com.heyzap.common.concurrency.ExecutorPool$WrappedScheduledThreadPoolExecutor.execute(com.heyzap.common.concurrency.ExecutorPool$WrappedScheduledThreadPoolExecutor@340997079, com.heyzap.house.request.FetchRequest$1@22442824)
I/org.umd.logging(21001): Method < 3474 com.heyzap.common.concurrency.ExecutorPool$WrappedScheduledThreadPoolExecutor.execute()
I/org.umd.logging(21001): Method > 3419 com.heyzap.common.concurrency.WrappedRunnable.run(com.heyzap.common.concurrency.WrappedRunnable@446641633)
I/org.umd.logging(21001): Method > 3419 com.heyzap.house.request.FetchRequest$1.run(com.heyzap.house.request.FetchRequest$1@22442824)
I/org.umd.logging(21001): Method > 3419 com.heyzap.common.concurrency.ExecutorPool$WrappedScheduledThreadPoolExecutor.execute(com.heyzap.common.concurrency.ExecutorPool$WrappedScheduledThreadPoolExecutor@340997079, com.heyzap.common.net.APIClient$3@624602886)
I/org.umd.logging(21001): Method < 3419 com.heyzap.common.concurrency.ExecutorPool$WrappedScheduledThreadPoolExecutor.execute()
I/org.umd.logging(21001): Method > 3516 com.heyzap.common.concurrency.WrappedRunnable.run(com.heyzap.common.concurrency.WrappedRunnable@536119751)
I/org.umd.logging(21001): Method < 3429 com.heyzap.common.concurrency.WrappedRunnable.run()
I/org.umd.logging(21001): Method < 3419 com.heyzap.house.request.FetchRequest$1.run()
I/org.umd.logging(21001): Method > 3516 com.heyzap.common.net.APIClient$3.run(com.heyzap.common.net.APIClient$3@624602886)
I/org.umd.logging(21001): Method < 3419 com.heyzap.common.concurrency.WrappedRunnable.run()
I/org.umd.logging(21001): Method < 3474 com.heyzap.house.request.FetchRequest.execute()
I/org.umd.logging(21001): Method < 3474 com.heyzap.sdk.mediation.adapter.HeyzapAdapter$1.run()
I/org.umd.logging(21001): Method < 3474 com.heyzap.common.concurrency.WrappedRunnable.run()
I/org.umd.logging(21001): Api > 3516 android.net.ConnectivityManager.getActiveNetworkInfo(android.net.ConnectivityManager@919162284)
I/org.umd.logging(21001): Api < 3516 android.net.ConnectivityManager.getActiveNetworkInfo(android.net.NetworkInfo@872643572)
I/org.umd.logging(21001): Method < 3516 com.heyzap.common.net.APIClient$3.run()
I/org.umd.logging(21001): Method < 3516 com.heyzap.common.concurrency.WrappedRunnable.run()
I/org.umd.logging(21001): Method > 3516 com.heyzap.http.AsyncHttpRequest.run(com.heyzap.http.AsyncHttpRequest@133713693)
I/org.umd.logging(21001): Method > 3516 com.heyzap.http.AsyncHttpResponseHandler.onStart(com.heyzap.house.handler.InterstitialFetchHandler@440579474)
I/org.umd.logging(21001): Method < 3516 com.heyzap.http.AsyncHttpResponseHandler.onStart()
E/Cataloger( 8854): syncFile:/storage/emulated/0/2016-12-08_10:40:07.064.jpg
I/art     (21001): Background partial concurrent mark sweep GC freed 17570(904KB) AllocSpace objects, 6(22MB) LOS objects, 32% free, 32MB/48MB, paused 2.716ms total 160.048ms
I/org.umd.logging(21001): Method > 1 com.migal.android.MigalView.onTouchEvent(com.migal.android.MigalView@937357795<file=2016-12-08_10:40:07.064><x=0><y=0><width=768><height=1280><id=2131558495><imagename=migal_view>, android.view.MotionEvent@701224173)
E/Cataloger( 8854): syncFile:/storage/emulated/0/2016-12-08_10:40:07.064.jpg
I/org.umd.logging(21001): Method < 1 com.migal.android.MigalView.onTouchEvent(true)
I/InputDispatcher(  591): Window 'Window{12a41b3 u0 com.fortafygames.colorswitch/com.migal.android.MigalActivity}' spent 6828.3ms processing the last input event: MotionEvent(deviceId=6, source=0x00001002, action=2, flags=0x00000000, metaState=0x00000000, buttonState=0x00000000, edgeFlags=0x00000000, xPrecision=2.0, yPrecision=2.0, displayId=0, pointers=[0: (576.5, 572.5)]), policyFlags=0x62000000
I/org.umd.logging(21001): Method > 3411 com.migal.android.MigalView$1.run(com.migal.android.MigalView$1@81159008)
I/org.umd.logging(21001): Method < 3411 com.migal.android.MigalView$1.run()
E/Cataloger( 8854): syncFile:/storage/emulated/0/2016-12-08_10:40:07.278.jpg
I/org.umd.logging(21001): Api > 3517 java.lang.Thread.start(java.lang.Thread@701520209<thread=3624>)
I/org.umd.logging(21001): Api < 3517 java.lang.Thread.start()
I/org.umd.logging(21001): Method < 3517 com.heyzap.http.AsyncHttpRequest.run()
I/org.umd.logging(21001): Method > 3624 com.heyzap.http.JsonHttpResponseHandler$1.run(com.heyzap.http.JsonHttpResponseHandler$1@781378998)
I/org.umd.logging(21001): Method > 3624 com.heyzap.http.JsonHttpResponseHandler$1$1.run(com.heyzap.http.JsonHttpResponseHandler$1$1@927822519)
I/org.umd.logging(21001): Api > 3582 android.net.ConnectivityManager.getActiveNetworkInfo(android.net.ConnectivityManager@813451098)
I/org.umd.logging(21001): Api < 3582 android.net.ConnectivityManager.getActiveNetworkInfo(android.net.NetworkInfo@360172068)
I/org.umd.logging(21001): Api > 3582 android.net.ConnectivityManager.getActiveNetworkInfo(android.net.ConnectivityManager@813451098)
I/org.umd.logging(21001): Api < 3582 android.net.ConnectivityManager.getActiveNetworkInfo(android.net.NetworkInfo@527448461)
I/org.umd.logging(21001): Method > 3624 com.heyzap.common.concurrency.ExecutorPool$WrappedScheduledThreadPoolExecutor.execute(com.heyzap.common.concurrency.ExecutorPool$WrappedScheduledThreadPoolExecutor@340997079, com.heyzap.house.model.AdModel$HtmlAssetFetcher$1@12354387)
I/org.umd.logging(21001): Method < 3624 com.heyzap.common.concurrency.ExecutorPool$WrappedScheduledThreadPoolExecutor.execute()
I/org.umd.logging(21001): Method > 3624 com.heyzap.common.video.Cacher.start(com.migal.android.MigalApplication@202442106, com.heyzap.house.model.VideoModel@146006409, com.heyzap.house.handler.InterstitialFetchHandler$1@637665711)
I/org.umd.logging(21001): Method > 3604 com.heyzap.common.concurrency.WrappedRunnable.run(com.heyzap.common.concurrency.WrappedRunnable@129513916)
I/org.umd.logging(21001): Method > 3604 com.heyzap.house.model.AdModel$HtmlAssetFetcher$1.run(com.heyzap.house.model.AdModel$HtmlAssetFetcher$1@12354387)
I/org.umd.logging(21001): Method > 3624 com.heyzap.common.concurrency.ExecutionList$RunnableExecutorPair.execute(com.heyzap.common.concurrency.ExecutionList$RunnableExecutorPair@242224453)
I/org.umd.logging(21001): Method > 3624 com.heyzap.common.concurrency.ExecutorPool$WrappedScheduledThreadPoolExecutor.execute(com.heyzap.common.concurrency.ExecutorPool$WrappedScheduledThreadPoolExecutor@340997079, com.heyzap.common.concurrency.FutureUtils$5@304012442)
I/org.umd.logging(21001): Method < 3604 com.heyzap.house.model.AdModel$HtmlAssetFetcher$1.run()
I/org.umd.logging(21001): Method < 3604 com.heyzap.common.concurrency.WrappedRunnable.run()
I/org.umd.logging(21001): Method > 3604 com.heyzap.common.concurrency.WrappedRunnable.run(com.heyzap.common.concurrency.WrappedRunnable@393677259)
I/org.umd.logging(21001): Method > 3604 com.heyzap.common.concurrency.FutureUtils$5.run(com.heyzap.common.concurrency.FutureUtils$5@304012442)
I/org.umd.logging(21001): Method > 3604 com.heyzap.common.concurrency.ExecutionList$RunnableExecutorPair.execute(com.heyzap.common.concurrency.ExecutionList$RunnableExecutorPair@548222376)
I/org.umd.logging(21001): Method > 3604 com.heyzap.common.concurrency.ExecutorPool$WrappedScheduledThreadPoolExecutor.execute(com.heyzap.common.concurrency.ExecutorPool$WrappedScheduledThreadPoolExecutor@340997079, com.heyzap.mediation.abstr.FetchBackedNetworkAdapter$2$1$1@403257537)
I/org.umd.logging(21001): Method < 3604 com.heyzap.common.concurrency.ExecutorPool$WrappedScheduledThreadPoolExecutor.execute()
I/org.umd.logging(21001): Method > 3419 com.heyzap.common.concurrency.WrappedRunnable.run(com.heyzap.common.concurrency.WrappedRunnable@830351462)
I/org.umd.logging(21001): Method > 3419 com.heyzap.mediation.abstr.FetchBackedNetworkAdapter$2$1$1.run(com.heyzap.mediation.abstr.FetchBackedNetworkAdapter$2$1$1@403257537)
I/org.umd.logging(21001): Method < 3624 com.heyzap.common.concurrency.ExecutorPool$WrappedScheduledThreadPoolExecutor.execute()
I/org.umd.logging(21001): Method > 3419 com.heyzap.common.concurrency.ExecutionList$RunnableExecutorPair.execute(com.heyzap.common.concurrency.ExecutionList$RunnableExecutorPair@669677479)
I/org.umd.logging(21001): Method > 3419 com.heyzap.common.concurrency.ExecutorPool$WrappedScheduledThreadPoolExecutor.execute(com.heyzap.common.concurrency.ExecutorPool$WrappedScheduledThreadPoolExecutor@340997079, com.heyzap.common.concurrency.FutureUtils$4@561251412)
I/org.umd.logging(21001): Method < 3419 com.heyzap.common.concurrency.ExecutorPool$WrappedScheduledThreadPoolExecutor.execute()
I/org.umd.logging(21001): Method > 3622 com.heyzap.common.concurrency.WrappedRunnable.run(com.heyzap.common.concurrency.WrappedRunnable@78618621)
I/org.umd.logging(21001): Method < 3419 com.heyzap.common.concurrency.ExecutionList$RunnableExecutorPair.execute()
I/org.umd.logging(21001): Method > 3622 com.heyzap.common.concurrency.FutureUtils$FutureRunnable.run(com.heyzap.common.concurrency.FutureUtils$4@561251412)
I/org.umd.logging(21001): Method < 3419 com.heyzap.mediation.abstr.FetchBackedNetworkAdapter$2$1$1.run()
I/org.umd.logging(21001): Method < 3419 com.heyzap.common.concurrency.WrappedRunnable.run()
I/org.umd.logging(21001): Method < 3604 com.heyzap.common.concurrency.ExecutionList$RunnableExecutorPair.execute()
I/org.umd.logging(21001): Method > 3622 com.heyzap.common.concurrency.FutureUtils$4.run(com.heyzap.common.concurrency.FutureUtils$4@561251412, true, null)
I/org.umd.logging(21001): Method < 3604 com.heyzap.common.concurrency.FutureUtils$5.run()
I/org.umd.logging(21001): Method > 3622 com.heyzap.common.concurrency.ExecutionList$RunnableExecutorPair.execute(com.heyzap.common.concurrency.ExecutionList$RunnableExecutorPair@1010066674)
I/org.umd.logging(21001): Method < 3604 com.heyzap.common.concurrency.WrappedRunnable.run()
I/org.umd.logging(21001): Method > 3622 com.heyzap.common.concurrency.ExecutorPool$WrappedScheduledThreadPoolExecutor.execute(com.heyzap.common.concurrency.ExecutorPool$WrappedScheduledThreadPoolExecutor@340997079, com.heyzap.mediation.ConcurrentLoaderStrategy$2@507307843)
I/org.umd.logging(21001): Method < 3622 com.heyzap.common.concurrency.ExecutorPool$WrappedScheduledThreadPoolExecutor.execute()
I/org.umd.logging(21001): Method < 3622 com.heyzap.common.concurrency.ExecutionList$RunnableExecutorPair.execute()
I/org.umd.logging(21001): Method < 3622 com.heyzap.common.concurrency.FutureUtils$4.run()
I/org.umd.logging(21001): Method < 3622 com.heyzap.common.concurrency.FutureUtils$FutureRunnable.run()
I/org.umd.logging(21001): Method < 3622 com.heyzap.common.concurrency.WrappedRunnable.run()
I/org.umd.logging(21001): Method > 3622 com.heyzap.common.concurrency.WrappedRunnable.run(com.heyzap.common.concurrency.WrappedRunnable@255267264)
I/org.umd.logging(21001): Method > 3622 com.heyzap.mediation.ConcurrentLoaderStrategy$2.run(com.heyzap.mediation.ConcurrentLoaderStrategy$2@507307843)
I/org.umd.logging(21001): Method < 3622 com.heyzap.mediation.ConcurrentLoaderStrategy$2.run()
I/org.umd.logging(21001): Method < 3622 com.heyzap.common.concurrency.WrappedRunnable.run()
I/org.umd.logging(21001): Method < 3624 com.heyzap.common.concurrency.ExecutionList$RunnableExecutorPair.execute()
I/org.umd.logging(21001): Method < 3624 com.heyzap.common.video.Cacher.start()
I/org.umd.logging(21001): Method < 3624 com.heyzap.http.JsonHttpResponseHandler$1$1.run()
I/org.umd.logging(21001): Method < 3624 com.heyzap.http.JsonHttpResponseHandler$1.run()
I/org.umd.logging(21001): Method > 1 com.migal.android.MigalView.onTouchEvent(com.migal.android.MigalView@937357795<file=2016-12-08_10:40:07.278><x=0><y=0><width=768><height=1280><id=2131558495><imagename=migal_view>, android.view.MotionEvent@701224173)
I/org.umd.logging(21001): Method < 1 com.migal.android.MigalView.onTouchEvent(true)
I/InputDispatcher(  591): Window 'Window{12a41b3 u0 com.fortafygames.colorswitch/com.migal.android.MigalActivity}' spent 7054.5ms processing the last input event: MotionEvent(deviceId=6, source=0x00001002, action=1, flags=0x00000000, metaState=0x00000000, buttonState=0x00000000, edgeFlags=0x00000000, xPrecision=2.0, yPrecision=2.0, displayId=0, pointers=[0: (576.5, 572.5)]), policyFlags=0x62000000
E/Cataloger( 8854): syncFile:/storage/emulated/0/2016-12-08_10:40:07.278.jpg
I/org.umd.logging(21001): Method > 3411 com.migal.android.MigalView$1.run(com.migal.android.MigalView$1@1012612857)
I/org.umd.logging(21001): Method < 3411 com.migal.android.MigalView$1.run()
E/Cataloger( 8854): syncFile:/storage/emulated/0/2016-12-08_10:40:07.505.jpg
I/org.umd.logging(21001): Method > 1 com.migal.android.MigalView.onTouchEvent(com.migal.android.MigalView@937357795<file=2016-12-08_10:40:07.505><x=0><y=0><width=768><height=1280><id=2131558495><imagename=migal_view>, android.view.MotionEvent@701224173)
I/org.umd.logging(21001): Method < 1 com.migal.android.MigalView.onTouchEvent(true)
I/InputDispatcher(  591): Window 'Window{12a41b3 u0 com.fortafygames.colorswitch/com.migal.android.MigalActivity}' spent 7274.5ms processing the last input event: MotionEvent(deviceId=6, source=0x00001002, action=0, flags=0x00000000, metaState=0x00000000, buttonState=0x00000000, edgeFlags=0x00000000, xPrecision=2.0, yPrecision=2.0, displayId=0, pointers=[0: (72.5, 401.5)]), policyFlags=0x62000000
I/org.umd.logging(21001): Method > 3411 com.migal.android.MigalView$1.run(com.migal.android.MigalView$1@765451838)
I/org.umd.logging(21001): Method < 3411 com.migal.android.MigalView$1.run()
E/Cataloger( 8854): syncFile:/storage/emulated/0/2016-12-08_10:40:07.505.jpg
E/Cataloger( 8854): syncFile:/storage/emulated/0/2016-12-08_10:40:07.725.jpg
I/org.umd.logging(21001): Method > 1 com.migal.android.MigalView.onTouchEvent(com.migal.android.MigalView@937357795<file=2016-12-08_10:40:07.725><x=0><y=0><width=768><height=1280><id=2131558495><imagename=migal_view>, android.view.MotionEvent@701224173)
