F/google-breakpad(20484): M B52CE000 00000000 00021000 461206238C83FB507F268B026584DA8B0 libbcc.so
F/google-breakpad(20484): M B5312000 00000000 008EF000 7DCD2B490BA4DC0DBA7C083FE5DF64960 libLLVM.so
F/google-breakpad(20484): M B5C51000 00000000 00002000 7AE0C00FAEDEA3E81109CC784D49A6960 libunwind-ptrace.so
F/google-breakpad(20484): M B5C55000 00000000 0000C000 FEC52DCEA9703BC3D04786B7558687FF0 libunwind.so
F/google-breakpad(20484): M B5CA9000 00000000 00004000 3874D35A672DF92604963290963F44990 libgccdemangle.so
F/google-breakpad(20484): M B5CB0000 00000000 00010000 1ED721809D4ADEC8823197FA7B47EA470 libpcre.so
F/google-breakpad(20484): M B5CC2000 00000000 0008E000 E1512A4C80BFFB98EE1A27F8109CA7CE0 libc++.so
F/google-breakpad(20484): M B5D59000 00000000 00026000 812ACAFEE7E218F5753675B0F07C2CCF0 libpng.so
F/google-breakpad(20484): M B5D81000 00000000 00056000 659F1470013A04F7702E4BAB65F034E70 libft2.so
F/google-breakpad(20484): M B5DDB000 00000000 00014000 13D09411C5174EBD2D65F3D2FE4DEEEC0 libstagefright_foundation.so
F/google-breakpad(20484): M B5DF2000 00000000 00007000 C84019C90BCA7E95A773B5A75A460D880 libnbaio.so
F/google-breakpad(20484): M B5DFC000 00000000 00004000 F4F99E4A6E63BF8C8005D96B2BAC8CEB0 libgabi++.so
F/google-breakpad(20484): M B5E02000 00000000 0001B000 7176C4FDA0EED9424034523F8CA475C80 libRScpp.so
F/google-breakpad(20484): M B5E1F000 00000000 00037000 0E4D8BDE46E4C80F5E49AF11029549F30 libRS.so
F/google-breakpad(20484): M B5E59000 00000000 00003000 254351EC49125FE3A72F78EAB38381410 libwpa_client.so
F/google-breakpad(20484): M B5E5E000 00000000 00001000 2D9083CB8C22C02E1412DA13B1CA43AE0 libsync.so
F/google-breakpad(20484): M B5E61000 00000000 00003000 AC1D054A26491BE96E8BCCB1E5F2926F0 libspeexresampler.so
F/google-breakpad(20484): M B5E67000 00000000 0006D000 A12BAF7D82BE28EC681730452D351E880 libGLES_trace.so
F/google-breakpad(20484): M B5ED8000 00000000 00006000 BBF745C99E586EA55F33C880C56C60100 libbacktrace.so
F/google-breakpad(20484): M B5EE2000 00000000 00018000 03AD92B0BEDAA751C0016E97AE374CAE0 libz.so
F/google-breakpad(20484): M B5EFC000 00000000 00002000 3CBDF0DE27B9554508AD60FDC96CBC620 libusbhost.so
F/google-breakpad(20484): M B5F00000 00000000 0000A000 4C7E06828A3225C3FD4003E47756B8730 libui.so
F/google-breakpad(20484): M B5F0C000 00000000 00037000 2FE003E5119C67BABE1A9FAB459A5A5D0 libstlport.so
F/google-breakpad(20484): M B5F47000 00000000 0003B000 127BC979BDE074D327028354657BA61B0 libssl.so
F/google-breakpad(20484): M B5F88000 00000000 0005D000 D366DAE98FA73F271C265A1DCC8C35250 libsqlite.so
F/google-breakpad(20484): M B5FE9000 00000000 0000A000 F954BA248E12C9AF32F54434F977FEF80 libsoundtrigger.so
F/google-breakpad(20484): M B5FF8000 00000000 0004F000 6E42A82035D93C21993C08A98EE5B24C0 libsonivox.so
F/google-breakpad(20484): M B604E000 00000000 00216000 65E6BBE996BFB2289FE8BE6C3E5A3EC50 libskia.so
F/google-breakpad(20484): M B6282000 00000000 0000C000 138271F0F6E8EE5F5C2B7D39715D13000 libselinux.so
F/google-breakpad(20484): M B6290000 00000000 00002000 4E6C8C876BA563C3C4B0B3BA562093920 libprocessgroup.so
F/google-breakpad(20484): M B6294000 00000000 0044A000 83C5B450634DDB5C4FC41CA61A35B3740 libpdfium.so
F/google-breakpad(20484): M B66F5000 00000000 00005000 F8BA9819E3B7FA0BE155985B6C09FC570 libnetutils.so
F/google-breakpad(20484): M B66FC000 00000000 00001000 6BAB6E71D6E2A765F362D19F1D6B0E990 libnetd_client.so
F/google-breakpad(20484): M B6701000 00000000 00005000 8780B853CBEA7DCE643BD5DD81F418140 libnativehelper.so
F/google-breakpad(20484): M B6708000 00000000 00002000 D11A32F1E80EA4A32E0F94053E4C19140 libnativebridge.so
F/google-breakpad(20484): M B670C000 00000000 00009000 1CA7BC0790E903E9229128A166929FEB0 libminikin.so
F/google-breakpad(20484): M B6718000 00000000 00001000 CCA8BE0D07D24523C8D02FEE5F724EA70 libmemtrack.so
F/google-breakpad(20484): M B671B000 00000000 00082000 994A6BA0D7C9B9977CF43D92BCD5D3860 libmedia.so
F/google-breakpad(20484): M B67B7000 00000000 0002F000 89A4F06810290EEAF309C12642A3ECFA0 libjpeg.so
F/google-breakpad(20484): M B67E9000 00000000 00037000 C5E637BD039BDA410F5348296DAAD1120 libinputflinger.so
F/google-breakpad(20484): M B6825000 00000000 00017000 74F168649BE8583159D23A6406D107740 libinput.so
F/google-breakpad(20484): M B6840000 00000000 0000A000 5B082E821F342B59EB7E98B4A5A1B7D10 libimg_utils.so
F/google-breakpad(20484): M B684D000 00000000 00104000 1B1FD653750DE88B86D7E83095EE37160 libicuuc.so
F/google-breakpad(20484): M B6962000 00000000 0015B000 237F53C12084A7F42405B410FDE8B4020 libicui18n.so
F/google-breakpad(20484): M B6AC9000 00000000 00048000 01F66AB86D6D659031248B22951BF2670 libhwui.so
F/google-breakpad(20484): M B6B16000 00000000 00045000 AC5AE16EC01F4362C8E63DF66565090D0 libharfbuzz_ng.so
F/google-breakpad(20484): M B6B5E000 00000000 00004000 C08391F010B5A32265D4D781325FFCEE0 libhardware_legacy.so
F/google-breakpad(20484): M B6B65000 00000000 00001000 914425D16565257955F7E1574360B71F0 libhardware.so
F/google-breakpad(20484): M B6B68000 00000000 00042000 34E1D1BEAB95ED34D0DAC916C78C0F6A0 libgui.so
F/google-breakpad(20484): M B6BB7000 00000000 00014000 B98E65710C415C83E972EBDC1EB52AC00 libexpat.so
F/google-breakpad(20484): M B6BCE000 00000000 000ED000 8DBD3D1934484B7829F6D270148168210 libcrypto.so
F/google-breakpad(20484): M B6CD2000 00000000 00006000 FD57BD3754F1C9D63F3F9E1E550B9E950 libcamera_metadata.so
F/google-breakpad(20484): M B6CDA000 00000000 0002F000 116B764A83A70C0F905AA2C1D527450B0 libcamera_client.so
F/google-breakpad(20484): M B6D14000 00000000 00004000 D330B25521C028B95D7E9360F7C6D6510 libaudioutils.so
F/google-breakpad(20484): M B6D1A000 00000000 00023000 12AF731CDBA8D51DC48CA7314B5B91EF0 libandroidfw.so
F/google-breakpad(20484): M B6D41000 00000000 00009000 E2F67EE50006FD0ED1482E1463C5CCFF0 libGLESv2.so
F/google-breakpad(20484): M B6D4C000 00000000 00005000 EFE6AB19F4060BCECF8CF0E68958C2F60 libGLESv1_CM.so
F/google-breakpad(20484): M B6D53000 00000000 00002000 C91EAF69D18F0D499BD58532BBA173690 libETC1.so
F/google-breakpad(20484): M B6D58000 00000000 0005D000 92714C4D425611328101DB55FDE48EFD0 libEGL.so
F/google-breakpad(20484): M B6DC3000 00000000 00015000 4939D39D90E5757D5AA90A21AD57F4720 libutils.so
F/google-breakpad(20484): M B6DDB000 00000000 00002000 DFCD7772F3A5BD1E84A50C4DBFDE6F570 libstdc++.so
F/google-breakpad(20484): M B6DDF000 00000000 00017000 AE3467401278371A956801500FC8187D0 libm.so
F/google-breakpad(20484): M B6DF8000 00000000 00005000 0A492DEF82842051996A468D87F23F010 liblog.so
F/google-breakpad(20484): M B6DFF000 00000000 0000B000 1571FDB16320E359838589E61511EE3E0 libcutils.so
F/google-breakpad(20484): M B6E0C000 00000000 00054000 175D1D75042A7F67A4D8449633BFCF3E0 libc.so
F/google-breakpad(20484): M B6E6F000 00000000 00027000 ACE63A0E3012450D39746D59E61167700 libbinder.so
F/google-breakpad(20484): M B6E9F000 00000000 000D0000 8FEFF239D8EA0192C6AAA04A708AD3110 libandroid_runtime.so
F/google-breakpad(20484): M B6F83000 00000000 0000D000 8BE93D1D133BBFEAD6E1648C87A5E0F70 linker
F/google-breakpad(20484): -----END BREAKPAD MICRODUMP-----
F/libc    (19548): Fatal signal 11 (SIGSEGV), code 1, fault addr 0x4 in tid 19548 (mes.colorswitch)
I/DEBUG   (  185): *** *** *** *** *** *** *** *** *** *** *** *** *** *** *** ***
I/DEBUG   (  185): Build fingerprint: 'google/occam/mako:5.1.1/LMY48T/2237560:user/release-keys'
I/DEBUG   (  185): Revision: '11'
I/DEBUG   (  185): ABI: 'arm'
I/DEBUG   (  185): pid: 19548, tid: 19548, name: mes.colorswitch  >>> com.fortafygames.colorswitch <<<
I/DEBUG   (  185): signal 11 (SIGSEGV), code 1 (SEGV_MAPERR), fault addr 0x4
I/DEBUG   (  185):     r0 00000000  r1 00000000  r2 00000001  r3 af8e3058
I/DEBUG   (  185):     r4 b80c6a38  r5 af8e2e7c  r6 af8da128  r7 bebb6038
I/DEBUG   (  185):     r8 bebb6034  r9 b8eb9918  sl bebb6030  fp 00000000
I/DEBUG   (  185):     ip 00000073  sp bebb5fc8  lr af79037c  pc af865544  cpsr 200f0010
I/DEBUG   (  185): 
I/DEBUG   (  185): backtrace:
I/DEBUG   (  185):     #00 pc 00111544  /data/app/com.fortafygames.colorswitch-1/lib/arm/libmigal.so (MainInit(int, char const**)+28)
I/DEBUG   (  185):     #01 pc 0003c378  /data/app/com.fortafygames.colorswitch-1/lib/arm/libmigal.so (start(char const*)+92)
I/DEBUG   (  185):     #02 pc 0003e3dc  /data/app/com.fortafygames.colorswitch-1/lib/arm/libmigal.so (native_start+3488)
I/DEBUG   (  185):     #03 pc 00941105  /data/dalvik-cache/arm/data@app@com.fortafygames.colorswitch-1@base.apk@classes.dex
E/NativeCrashListener(  591): Exception dealing with report
E/NativeCrashListener(  591): android.system.ErrnoException: read failed: EAGAIN (Try again)
E/NativeCrashListener(  591): 	at libcore.io.Posix.readBytes(Native Method)
E/NativeCrashListener(  591): 	at libcore.io.Posix.read(Posix.java:165)
E/NativeCrashListener(  591): 	at libcore.io.BlockGuardOs.read(BlockGuardOs.java:230)
E/NativeCrashListener(  591): 	at android.system.Os.read(Os.java:350)
E/NativeCrashListener(  591): 	at com.android.server.am.NativeCrashListener.consumeNativeCrashData(NativeCrashListener.java:240)
E/NativeCrashListener(  591): 	at com.android.server.am.NativeCrashListener.run(NativeCrashListener.java:138)
I/BootReceiver(  591): Copying /data/tombstones/tombstone_04 to DropBox (SYSTEM_TOMBSTONE)
D/ConnectivityService(  591): ConnectivityService NetworkRequestInfo binderDied(NetworkRequest [ id=129, legacyType=-1, [ Capabilities: INTERNET&NOT_RESTRICTED&TRUSTED] ], android.os.BinderProxy@551acc5)
I/WindowState(  591): WIN DEATH: Window{3242bfa0 u0 com.fortafygames.colorswitch/com.migal.android.MigalActivity}
W/WindowManager(  591): Force-removing child win Window{19cc2982 u0 SurfaceView} from container Window{3242bfa0 u0 com.fortafygames.colorswitch/com.migal.android.MigalActivity}
D/ConnectivityService(  591): ConnectivityService NetworkRequestInfo binderDied(NetworkRequest [ id=128, legacyType=-1, [ Capabilities: INTERNET&NOT_RESTRICTED&TRUSTED] ], android.os.BinderProxy@2f4754b)
D/ConnectivityService(  591): releasing NetworkRequest NetworkRequest [ id=129, legacyType=-1, [ Capabilities: INTERNET&NOT_RESTRICTED&TRUSTED] ]
E/ConnectivityService(  591): RemoteException caught trying to send a callback msg for NetworkRequest [ id=129, legacyType=-1, [ Capabilities: INTERNET&NOT_RESTRICTED&TRUSTED] ]
D/ConnectivityService(  591): releasing NetworkRequest NetworkRequest [ id=128, legacyType=-1, [ Capabilities: INTERNET&NOT_RESTRICTED&TRUSTED] ]
E/ConnectivityService(  591): RemoteException caught trying to send a callback msg for NetworkRequest [ id=128, legacyType=-1, [ Capabilities: INTERNET&NOT_RESTRICTED&TRUSTED] ]
I/WindowState(  591): WIN DEATH: Window{336d7dbd u0 com.fortafygames.colorswitch/com.migal.android.SplashActivity}
I/WindowState(  591): WIN DEATH: Window{1a836202 u0 com.fortafygames.colorswitch/com.migal.android.SplashActivity}
I/ActivityManager(  591): Process com.fortafygames.colorswitch (pid 19548) has died
W/ActivityManager(  591): Force removing ActivityRecord{1c70ba81 u0 com.fortafygames.colorswitch/com.migal.android.SplashActivity t143}: app died, no saved state
I/WindowManager(  591): Input event dispatching timed out sending to application AppWindowToken{13c68736 token=Token{31ef90d1 ActivityRecord{ef4a3f8 u0 com.fortafygames.colorswitch/com.migal.android.MigalActivity t143}}}.  Reason: Waiting because no window has focus but there is a focused application that may eventually add a window when it finishes starting up.
V/WindowManager(  591): Adding window Window{78c42c3 u0 Starting com.fortafygames.colorswitch} at 4 of 10 (after Window{336d7dbd u0 com.fortafygames.colorswitch/com.migal.android.SplashActivity EXITING})
I/ActivityManager(  591): Start proc 20510:com.fortafygames.colorswitch/u0a244 for activity com.fortafygames.colorswitch/com.migal.android.MigalActivity
W/InputManager(  591): Input event injection from pid 20405 timed out.
W/AppOps  (  591): Bad call: specified package com.google.android.gms under uid 10244 but it is really 10008
W/AppOps  (  591): Bad call: specified package com.google.android.gms under uid 10244 but it is really 10008
W/AppOps  (  591): Bad call: specified package com.google.android.gms under uid 10244 but it is really 10008
W/AppOps  (  591): Bad call: specified package com.google.android.gms under uid 10244 but it is really 10008
V/WindowManager(  591): Adding window Window{c4d2d88 u0 com.fortafygames.colorswitch/com.migal.android.MigalActivity} at 3 of 10 (before Window{78c42c3 u0 Starting com.fortafygames.colorswitch})
V/WindowManager(  591): Adding window Window{2b64b05d u0 SurfaceView} at 3 of 11 (before Window{c4d2d88 u0 com.fortafygames.colorswitch/com.migal.android.MigalActivity})
W/ViewRootImpl(20510): Cancelling event due to no window focus: KeyEvent { action=ACTION_UP, keyCode=KEYCODE_VOLUME_UP, scanCode=0, metaState=0, flags=0x28, repeatCount=0, eventTime=167570371, downTime=167570371, deviceId=-1, source=0x101 }
W/ViewRootImpl(20510): Cancelling event due to no window focus: KeyEvent { action=ACTION_UP, keyCode=KEYCODE_VOLUME_UP, scanCode=0, metaState=0, flags=0x28, repeatCount=0, eventTime=167570371, downTime=167570371, deviceId=-1, source=0x101 }
W/ViewRootImpl(20510): Cancelling event due to no window focus: KeyEvent { action=ACTION_UP, keyCode=KEYCODE_VOLUME_UP, scanCode=0, metaState=0, flags=0x28, repeatCount=0, eventTime=167570371, downTime=167570371, deviceId=-1, source=0x101 }
W/ViewRootImpl(20510): Cancelling event due to no window focus: KeyEvent { action=ACTION_UP, keyCode=KEYCODE_VOLUME_UP, scanCode=0, metaState=0, flags=0x28, repeatCount=0, eventTime=167570371, downTime=167570371, deviceId=-1, source=0x101 }
W/ViewRootImpl(20510): Cancelling event due to no window focus: KeyEvent { action=ACTION_UP, keyCode=KEYCODE_VOLUME_UP, scanCode=0, metaState=0, flags=0x28, repeatCount=0, eventTime=167570371, downTime=167570371, deviceId=-1, source=0x101 }
W/ViewRootImpl(20510): Cancelling event due to no window focus: KeyEvent { action=ACTION_UP, keyCode=KEYCODE_VOLUME_UP, scanCode=0, metaState=0, flags=0x28, repeatCount=0, eventTime=167570371, downTime=167570371, deviceId=-1, source=0x101 }
W/ViewRootImpl(  729): Dropping event due to no window focus: KeyEvent { action=ACTION_DOWN, keyCode=KEYCODE_DPAD_CENTER, scanCode=0, metaState=0, flags=0x8, repeatCount=0, eventTime=167571474, downTime=167571474, deviceId=-1, source=0x101 }
W/ViewRootImpl(  729): Cancelling event due to no window focus: KeyEvent { action=ACTION_UP, keyCode=KEYCODE_DPAD_CENTER, scanCode=0, metaState=0, flags=0x28, repeatCount=0, eventTime=167571491, downTime=167571491, deviceId=-1, source=0x101 }
W/ViewRootImpl(  729): Cancelling event due to no window focus: KeyEvent { action=ACTION_UP, keyCode=KEYCODE_DPAD_CENTER, scanCode=0, metaState=0, flags=0x28, repeatCount=0, eventTime=167571491, downTime=167571491, deviceId=-1, source=0x101 }
W/ViewRootImpl(  729): Cancelling event due to no window focus: KeyEvent { action=ACTION_UP, keyCode=KEYCODE_DPAD_CENTER, scanCode=0, metaState=0, flags=0x28, repeatCount=0, eventTime=167571491, downTime=167571491, deviceId=-1, source=0x101 }
W/ViewRootImpl(  729): Cancelling event due to no window focus: KeyEvent { action=ACTION_UP, keyCode=KEYCODE_DPAD_CENTER, scanCode=0, metaState=0, flags=0x28, repeatCount=0, eventTime=167571491, downTime=167571491, deviceId=-1, source=0x101 }
W/ViewRootImpl(  729): Cancelling event due to no window focus: KeyEvent { action=ACTION_UP, keyCode=KEYCODE_DPAD_CENTER, scanCode=0, metaState=0, flags=0x28, repeatCount=0, eventTime=167571491, downTime=167571491, deviceId=-1, source=0x101 }
W/ViewRootImpl(  729): Cancelling event due to no window focus: KeyEvent { action=ACTION_UP, keyCode=KEYCODE_DPAD_CENTER, scanCode=0, metaState=0, flags=0x28, repeatCount=0, eventTime=167571491, downTime=167571491, deviceId=-1, source=0x101 }
W/ViewRootImpl(  729): Cancelling event due to no window focus: KeyEvent { action=ACTION_UP, keyCode=KEYCODE_DPAD_CENTER, scanCode=0, metaState=0, flags=0x28, repeatCount=0, eventTime=167571491, downTime=167571491, deviceId=-1, source=0x101 }
W/ViewRootImpl(  729): Cancelling event due to no window focus: KeyEvent { action=ACTION_UP, keyCode=KEYCODE_DPAD_CENTER, scanCode=0, metaState=0, flags=0x28, repeatCount=0, eventTime=167571491, downTime=167571491, deviceId=-1, source=0x101 }
W/ViewRootImpl(  729): Cancelling event due to no window focus: KeyEvent { action=ACTION_UP, keyCode=KEYCODE_DPAD_CENTER, scanCode=0, metaState=0, flags=0x28, repeatCount=0, eventTime=167571491, downTime=167571491, deviceId=-1, source=0x101 }
W/ViewRootImpl(  729): Dropping event due to no window focus: KeyEvent { action=ACTION_DOWN, keyCode=KEYCODE_NUMPAD_0, scanCode=0, metaState=0, flags=0x8, repeatCount=0, eventTime=167571512, downTime=167571512, deviceId=-1, source=0x101 }
W/ViewRootImpl(  729): Dropping event due to no window focus: KeyEvent { action=ACTION_DOWN, keyCode=KEYCODE_INSERT, scanCode=0, metaState=0, flags=0x8, repeatCount=0, eventTime=167571512, downTime=167571512, deviceId=-1, source=0x101 }
W/ViewRootImpl(  729): Cancelling event due to no window focus: KeyEvent { action=ACTION_UP, keyCode=KEYCODE_NUMPAD_0, scanCode=0, metaState=0, flags=0x28, repeatCount=0, eventTime=167571534, downTime=167571512, deviceId=-1, source=0x101 }
W/ViewRootImpl(  729): Cancelling event due to no window focus: KeyEvent { action=ACTION_UP, keyCode=KEYCODE_NUMPAD_0, scanCode=0, metaState=0, flags=0x28, repeatCount=0, eventTime=167571534, downTime=167571512, deviceId=-1, source=0x101 }
W/ViewRootImpl(  729): Cancelling event due to no window focus: KeyEvent { action=ACTION_UP, keyCode=KEYCODE_NUMPAD_0, scanCode=0, metaState=0, flags=0x28, repeatCount=0, eventTime=167571534, downTime=167571512, deviceId=-1, source=0x101 }
W/ViewRootImpl(  729): Cancelling event due to no window focus: KeyEvent { action=ACTION_UP, keyCode=KEYCODE_NUMPAD_0, scanCode=0, metaState=0, flags=0x28, repeatCount=0, eventTime=167571534, downTime=167571512, deviceId=-1, source=0x101 }
W/ViewRootImpl(  729): Cancelling event due to no window focus: KeyEvent { action=ACTION_UP, keyCode=KEYCODE_NUMPAD_0, scanCode=0, metaState=0, flags=0x28, repeatCount=0, eventTime=167571534, downTime=167571512, deviceId=-1, source=0x101 }
W/ViewRootImpl(  729): Cancelling event due to no window focus: KeyEvent { action=ACTION_UP, keyCode=KEYCODE_NUMPAD_0, scanCode=0, metaState=0, flags=0x28, repeatCount=0, eventTime=167571534, downTime=167571512, deviceId=-1, source=0x101 }
W/ViewRootImpl(  729): Cancelling event due to no window focus: KeyEvent { action=ACTION_UP, keyCode=KEYCODE_NUMPAD_0, scanCode=0, metaState=0, flags=0x28, repeatCount=0, eventTime=167571534, downTime=167571512, deviceId=-1, source=0x101 }
W/ViewRootImpl(  729): Cancelling event due to no window focus: KeyEvent { action=ACTION_UP, keyCode=KEYCODE_NUMPAD_0, scanCode=0, metaState=0, flags=0x28, repeatCount=0, eventTime=167571534, downTime=167571512, deviceId=-1, source=0x101 }
W/ViewRootImpl(  729): Cancelling event due to no window focus: KeyEvent { action=ACTION_UP, keyCode=KEYCODE_NUMPAD_0, scanCode=0, metaState=0, flags=0x28, repeatCount=0, eventTime=167571534, downTime=167571512, deviceId=-1, source=0x101 }
W/ViewRootImpl(20510): Cancelling event due to no window focus: KeyEvent { action=ACTION_UP, keyCode=KEYCODE_NUMPAD_0, scanCode=0, metaState=0, flags=0x28, repeatCount=0, eventTime=167571520, downTime=167571520, deviceId=-1, source=0x101 }
W/ViewRootImpl(20510): Cancelling event due to no window focus: KeyEvent { action=ACTION_UP, keyCode=KEYCODE_NUMPAD_0, scanCode=0, metaState=0, flags=0x28, repeatCount=0, eventTime=167571520, downTime=167571520, deviceId=-1, source=0x101 }
W/ViewRootImpl(20510): Cancelling event due to no window focus: KeyEvent { action=ACTION_UP, keyCode=KEYCODE_NUMPAD_0, scanCode=0, metaState=0, flags=0x28, repeatCount=0, eventTime=167571520, downTime=167571520, deviceId=-1, source=0x101 }
W/ViewRootImpl(20510): Cancelling event due to no window focus: KeyEvent { action=ACTION_UP, keyCode=KEYCODE_NUMPAD_0, scanCode=0, metaState=0, flags=0x28, repeatCount=0, eventTime=167571520, downTime=167571520, deviceId=-1, source=0x101 }
W/ViewRootImpl(20510): Cancelling event due to no window focus: KeyEvent { action=ACTION_UP, keyCode=KEYCODE_NUMPAD_0, scanCode=0, metaState=0, flags=0x28, repeatCount=0, eventTime=167571520, downTime=167571520, deviceId=-1, source=0x101 }
W/ViewRootImpl(20510): Cancelling event due to no window focus: KeyEvent { action=ACTION_UP, keyCode=KEYCODE_NUMPAD_0, scanCode=0, metaState=0, flags=0x28, repeatCount=0, eventTime=167571520, downTime=167571520, deviceId=-1, source=0x101 }
W/ViewRootImpl(20510): Cancelling event due to no window focus: KeyEvent { action=ACTION_UP, keyCode=KEYCODE_NUMPAD_0, scanCode=0, metaState=0, flags=0x28, repeatCount=0, eventTime=167571520, downTime=167571520, deviceId=-1, source=0x101 }
W/ViewRootImpl(20510): Cancelling event due to no window focus: KeyEvent { action=ACTION_UP, keyCode=KEYCODE_NUMPAD_0, scanCode=0, metaState=0, flags=0x28, repeatCount=0, eventTime=167571520, downTime=167571520, deviceId=-1, source=0x101 }
W/ViewRootImpl(20510): Cancelling event due to no window focus: KeyEvent { action=ACTION_UP, keyCode=KEYCODE_NUMPAD_0, scanCode=0, metaState=0, flags=0x28, repeatCount=0, eventTime=167571520, downTime=167571520, deviceId=-1, source=0x101 }
W/ActivityManager(  591): Launch timeout has expired, giving up wake lock!
W/ViewRootImpl(20510): Dropping event due to no window focus: KeyEvent { action=ACTION_DOWN, keyCode=KEYCODE_DPAD_CENTER, scanCode=0, metaState=0, flags=0x8, repeatCount=0, eventTime=167573927, downTime=167573927, deviceId=-1, source=0x101 }
W/ViewRootImpl(20510): Cancelling event due to no window focus: KeyEvent { action=ACTION_UP, keyCode=KEYCODE_DPAD_CENTER, scanCode=0, metaState=0, flags=0x28, repeatCount=0, eventTime=167575485, downTime=167575485, deviceId=-1, source=0x101 }
W/ViewRootImpl(20510): Cancelling event due to no window focus: KeyEvent { action=ACTION_UP, keyCode=KEYCODE_DPAD_CENTER, scanCode=0, metaState=0, flags=0x28, repeatCount=0, eventTime=167575485, downTime=167575485, deviceId=-1, source=0x101 }
W/ViewRootImpl(20510): Cancelling event due to no window focus: KeyEvent { action=ACTION_UP, keyCode=KEYCODE_DPAD_CENTER, scanCode=0, metaState=0, flags=0x28, repeatCount=0, eventTime=167575485, downTime=167575485, deviceId=-1, source=0x101 }
W/ViewRootImpl(20510): Cancelling event due to no window focus: KeyEvent { action=ACTION_UP, keyCode=KEYCODE_DPAD_CENTER, scanCode=0, metaState=0, flags=0x28, repeatCount=0, eventTime=167575485, downTime=167575485, deviceId=-1, source=0x101 }
W/ViewRootImpl(20510): Cancelling event due to no window focus: KeyEvent { action=ACTION_UP, keyCode=KEYCODE_DPAD_CENTER, scanCode=0, metaState=0, flags=0x28, repeatCount=0, eventTime=167575485, downTime=167575485, deviceId=-1, source=0x101 }
W/ViewRootImpl(20510): Cancelling event due to no window focus: KeyEvent { action=ACTION_UP, keyCode=KEYCODE_DPAD_CENTER, scanCode=0, metaState=0, flags=0x28, repeatCount=0, eventTime=167575485, downTime=167575485, deviceId=-1, source=0x101 }
W/ViewRootImpl(20510): Cancelling event due to no window focus: KeyEvent { action=ACTION_UP, keyCode=KEYCODE_DPAD_CENTER, scanCode=0, metaState=0, flags=0x28, repeatCount=0, eventTime=167575485, downTime=167575485, deviceId=-1, source=0x101 }
W/ViewRootImpl(20510): Cancelling event due to no window focus: KeyEvent { action=ACTION_UP, keyCode=KEYCODE_DPAD_CENTER, scanCode=0, metaState=0, flags=0x28, repeatCount=0, eventTime=167575485, downTime=167575485, deviceId=-1, source=0x101 }
W/ViewRootImpl(20510): Cancelling event due to no window focus: KeyEvent { action=ACTION_UP, keyCode=KEYCODE_DPAD_CENTER, scanCode=0, metaState=0, flags=0x28, repeatCount=0, eventTime=167575485, downTime=167575485, deviceId=-1, source=0x101 }
W/ViewRootImpl(20510): Dropping event due to no window focus: KeyEvent { action=ACTION_DOWN, keyCode=KEYCODE_DPAD_UP, scanCode=0, metaState=0, flags=0x8, repeatCount=0, eventTime=167575491, downTime=167575491, deviceId=-1, source=0x101 }
W/ViewRootImpl(20510): Cancelling event due to no window focus: KeyEvent { action=ACTION_UP, keyCode=KEYCODE_DPAD_UP, scanCode=0, metaState=0, flags=0x28, repeatCount=0, eventTime=167575824, downTime=167575824, deviceId=-1, source=0x101 }
W/ViewRootImpl(20510): Cancelling event due to no window focus: KeyEvent { action=ACTION_UP, keyCode=KEYCODE_DPAD_UP, scanCode=0, metaState=0, flags=0x28, repeatCount=0, eventTime=167575824, downTime=167575824, deviceId=-1, source=0x101 }
W/ViewRootImpl(20510): Cancelling event due to no window focus: KeyEvent { action=ACTION_UP, keyCode=KEYCODE_DPAD_UP, scanCode=0, metaState=0, flags=0x28, repeatCount=0, eventTime=167575824, downTime=167575824, deviceId=-1, source=0x101 }
W/ViewRootImpl(20510): Cancelling event due to no window focus: KeyEvent { action=ACTION_UP, keyCode=KEYCODE_DPAD_UP, scanCode=0, metaState=0, flags=0x28, repeatCount=0, eventTime=167575824, downTime=167575824, deviceId=-1, source=0x101 }
W/ViewRootImpl(20510): Cancelling event due to no window focus: KeyEvent { action=ACTION_UP, keyCode=KEYCODE_DPAD_UP, scanCode=0, metaState=0, flags=0x28, repeatCount=0, eventTime=167575824, downTime=167575824, deviceId=-1, source=0x101 }
W/ViewRootImpl(20510): Cancelling event due to no window focus: KeyEvent { action=ACTION_UP, keyCode=KEYCODE_DPAD_UP, scanCode=0, metaState=0, flags=0x28, repeatCount=0, eventTime=167575824, downTime=167575824, deviceId=-1, source=0x101 }
W/ViewRootImpl(20510): Cancelling event due to no window focus: KeyEvent { action=ACTION_UP, keyCode=KEYCODE_DPAD_UP, scanCode=0, metaState=0, flags=0x28, repeatCount=0, eventTime=167575824, downTime=167575824, deviceId=-1, source=0x101 }
W/ViewRootImpl(20510): Cancelling event due to no window focus: KeyEvent { action=ACTION_UP, keyCode=KEYCODE_DPAD_UP, scanCode=0, metaState=0, flags=0x28, repeatCount=0, eventTime=167575824, downTime=167575824, deviceId=-1, source=0x101 }
W/ViewRootImpl(20510): Cancelling event due to no window focus: KeyEvent { action=ACTION_UP, keyCode=KEYCODE_DPAD_UP, scanCode=0, metaState=0, flags=0x28, repeatCount=0, eventTime=167575824, downTime=167575824, deviceId=-1, source=0x101 }
W/ViewRootImpl(20510): Dropping event due to no window focus: KeyEvent { action=ACTION_DOWN, keyCode=KEYCODE_DPAD_RIGHT, scanCode=0, metaState=0, flags=0x8, repeatCount=0, eventTime=167575850, downTime=167575850, deviceId=-1, source=0x101 }
I/ActivityManager(  591): START u0 {act=android.intent.action.MAIN cat=[android.intent.category.LAUNCHER] flg=0x10200000 cmp=com.fortafygames.colorswitch/com.migal.android.SplashActivity} from uid 0 on display 0
V/WindowManager(  591): addAppToken: AppWindowToken{155a36d0 token=Token{35b03693 ActivityRecord{7511f82 u0 com.fortafygames.colorswitch/com.migal.android.SplashActivity t143}}} to stack=1 task=143 at 5
W/InputMethodManagerService(  591): Got RemoteException sending setActive(false) notification to pid 19548 uid 10244
W/ActivityManager(  591): Activity pause timeout for ActivityRecord{ef4a3f8 u0 com.fortafygames.colorswitch/com.migal.android.MigalActivity t143}
W/InputMethodManagerService(  591): Focus gain on non-focused client com.android.internal.view.IInputMethodClient$Stub$Proxy@2b73effc (uid=10244 pid=20510)
D/ConnectivityService(  591): listenForNetwork for NetworkRequest [ id=130, legacyType=-1, [ Capabilities: INTERNET&NOT_RESTRICTED&TRUSTED] ]
D/ConnectivityService(  591): handleRegisterNetworkRequest checking NetworkAgentInfo [WIFI () - 102]
D/ConnectivityService(  591): apparently satisfied.  currentScore=60
W/AlarmManager(  591): Suspiciously short interval 41980 millis; expanding to 60 seconds
W/AlarmManager(  591): Suspiciously short interval 30000 millis; expanding to 60 seconds
W/ResourcesManager(20510): Asset path '/system/framework/com.android.media.remotedisplay.jar' does not exist or contains no resources.
W/ResourcesManager(20510): Asset path '/system/framework/com.android.location.provider.jar' does not exist or contains no resources.
W/AppOps  (  591): Bad call: specified package com.google.android.gms under uid 10244 but it is really 10008
W/ActivityManager(  591): getRunningAppProcesses: caller 10244 does not hold REAL_GET_TASKS; limiting output
V/WindowManager(  591): Adding window Window{39b632a7 u0 com.fortafygames.colorswitch/com.migal.android.SplashActivity} at 5 of 11 (after Window{c4d2d88 u0 com.fortafygames.colorswitch/com.migal.android.MigalActivity})
D/ConnectivityService(  591): listenForNetwork for NetworkRequest [ id=131, legacyType=-1, [ Capabilities: INTERNET&NOT_RESTRICTED&TRUSTED] ]
D/ConnectivityService(  591): handleRegisterNetworkRequest checking NetworkAgentInfo [WIFI () - 102]
D/ConnectivityService(  591): apparently satisfied.  currentScore=60
W/ViewRootImpl(20510): Dropping event due to no window focus: KeyEvent { action=ACTION_DOWN, keyCode=KEYCODE_DPAD_DOWN, scanCode=0, metaState=0, flags=0x8, repeatCount=0, eventTime=167578036, downTime=167578036, deviceId=-1, source=0x101 }
W/ViewRootImpl(20510): Cancelling event due to no window focus: KeyEvent { action=ACTION_UP, keyCode=KEYCODE_DPAD_DOWN, scanCode=0, metaState=0, flags=0x28, repeatCount=0, eventTime=167580780, downTime=167580780, deviceId=-1, source=0x101 }
W/ViewRootImpl(20510): Cancelling event due to no window focus: KeyEvent { action=ACTION_UP, keyCode=KEYCODE_DPAD_DOWN, scanCode=0, metaState=0, flags=0x28, repeatCount=0, eventTime=167580780, downTime=167580780, deviceId=-1, source=0x101 }
W/ViewRootImpl(20510): Cancelling event due to no window focus: KeyEvent { action=ACTION_UP, keyCode=KEYCODE_DPAD_DOWN, scanCode=0, metaState=0, flags=0x28, repeatCount=0, eventTime=167580780, downTime=167580780, deviceId=-1, source=0x101 }
W/ViewRootImpl(20510): Cancelling event due to no window focus: KeyEvent { action=ACTION_UP, keyCode=KEYCODE_DPAD_DOWN, scanCode=0, metaState=0, flags=0x28, repeatCount=0, eventTime=167580780, downTime=167580780, deviceId=-1, source=0x101 }
W/ViewRootImpl(20510): Cancelling event due to no window focus: KeyEvent { action=ACTION_UP, keyCode=KEYCODE_DPAD_DOWN, scanCode=0, metaState=0, flags=0x28, repeatCount=0, eventTime=167580780, downTime=167580780, deviceId=-1, source=0x101 }
W/ViewRootImpl(20510): Cancelling event due to no window focus: KeyEvent { action=ACTION_UP, keyCode=KEYCODE_DPAD_DOWN, scanCode=0, metaState=0, flags=0x28, repeatCount=0, eventTime=167580780, downTime=167580780, deviceId=-1, source=0x101 }
W/ViewRootImpl(20510): Cancelling event due to no window focus: KeyEvent { action=ACTION_UP, keyCode=KEYCODE_DPAD_DOWN, scanCode=0, metaState=0, flags=0x28, repeatCount=0, eventTime=167580780, downTime=167580780, deviceId=-1, source=0x101 }
W/ViewRootImpl(20510): Cancelling event due to no window focus: KeyEvent { action=ACTION_UP, keyCode=KEYCODE_DPAD_DOWN, scanCode=0, metaState=0, flags=0x28, repeatCount=0, eventTime=167580780, downTime=167580780, deviceId=-1, source=0x101 }
W/ViewRootImpl(20510): Cancelling event due to no window focus: KeyEvent { action=ACTION_UP, keyCode=KEYCODE_DPAD_DOWN, scanCode=0, metaState=0, flags=0x28, repeatCount=0, eventTime=167580780, downTime=167580780, deviceId=-1, source=0x101 }
W/ViewRootImpl(  729): Dropping event due to no window focus: KeyEvent { action=ACTION_DOWN, keyCode=KEYCODE_DPAD_DOWN, scanCode=0, metaState=0, flags=0x8, repeatCount=0, eventTime=167581068, downTime=167581068, deviceId=-1, source=0x101 }
W/InputMethodManagerService(  591): Window already focused, ignoring focus gain of: com.android.internal.view.IInputMethodClient$Stub$Proxy@1e3cd4ab attribute=null, token = android.os.BinderProxy@1e87ef66
W/ViewRootImpl(  729): Cancelling event due to no window focus: KeyEvent { action=ACTION_UP, keyCode=KEYCODE_DPAD_DOWN, scanCode=0, metaState=0, flags=0x28, repeatCount=0, eventTime=167581113, downTime=167581113, deviceId=-1, source=0x101 }
W/ViewRootImpl(  729): Cancelling event due to no window focus: KeyEvent { action=ACTION_UP, keyCode=KEYCODE_DPAD_DOWN, scanCode=0, metaState=0, flags=0x28, repeatCount=0, eventTime=167581113, downTime=167581113, deviceId=-1, source=0x101 }
W/ViewRootImpl(  729): Cancelling event due to no window focus: KeyEvent { action=ACTION_UP, keyCode=KEYCODE_DPAD_DOWN, scanCode=0, metaState=0, flags=0x28, repeatCount=0, eventTime=167581113, downTime=167581113, deviceId=-1, source=0x101 }
W/ViewRootImpl(  729): Cancelling event due to no window focus: KeyEvent { action=ACTION_UP, keyCode=KEYCODE_DPAD_DOWN, scanCode=0, metaState=0, flags=0x28, repeatCount=0, eventTime=167581113, downTime=167581113, deviceId=-1, source=0x101 }
W/ViewRootImpl(  729): Cancelling event due to no window focus: KeyEvent { action=ACTION_UP, keyCode=KEYCODE_DPAD_DOWN, scanCode=0, metaState=0, flags=0x28, repeatCount=0, eventTime=167581113, downTime=167581113, deviceId=-1, source=0x101 }
W/ViewRootImpl(  729): Cancelling event due to no window focus: KeyEvent { action=ACTION_UP, keyCode=KEYCODE_DPAD_DOWN, scanCode=0, metaState=0, flags=0x28, repeatCount=0, eventTime=167581113, downTime=167581113, deviceId=-1, source=0x101 }
W/ViewRootImpl(  729): Cancelling event due to no window focus: KeyEvent { action=ACTION_UP, keyCode=KEYCODE_DPAD_DOWN, scanCode=0, metaState=0, flags=0x28, repeatCount=0, eventTime=167581113, downTime=167581113, deviceId=-1, source=0x101 }
W/ViewRootImpl(  729): Cancelling event due to no window focus: KeyEvent { action=ACTION_UP, keyCode=KEYCODE_DPAD_DOWN, scanCode=0, metaState=0, flags=0x28, repeatCount=0, eventTime=167581113, downTime=167581113, deviceId=-1, source=0x101 }
W/ViewRootImpl(  729): Cancelling event due to no window focus: KeyEvent { action=ACTION_UP, keyCode=KEYCODE_DPAD_DOWN, scanCode=0, metaState=0, flags=0x28, repeatCount=0, eventTime=167581113, downTime=167581113, deviceId=-1, source=0x101 }
V/WindowManager(  591): Adding window Window{3bf21087 u0 AtchDlg:com.fortafygames.colorswitch/com.migal.android.SplashActivity} at 6 of 12 (after Window{39b632a7 u0 com.fortafygames.colorswitch/com.migal.android.SplashActivity})
W/ViewRootImpl(  729): Dropping event due to no window focus: KeyEvent { action=ACTION_DOWN, keyCode=KEYCODE_TV_INPUT_COMPOSITE_2, scanCode=0, metaState=0, flags=0x8, repeatCount=0, eventTime=167581395, downTime=167581395, deviceId=-1, source=0x101 }
W/InputMethodManagerService(  591): Window already focused, ignoring focus gain of: com.android.internal.view.IInputMethodClient$Stub$Proxy@cd52e23 attribute=null, token = android.os.BinderProxy@1e87ef66
W/ViewRootImpl(  729): Cancelling event due to no window focus: KeyEvent { action=ACTION_UP, keyCode=KEYCODE_TV_INPUT_COMPOSITE_2, scanCode=0, metaState=0, flags=0x28, repeatCount=0, eventTime=167581418, downTime=167581418, deviceId=-1, source=0x101 }
W/ViewRootImpl(  729): Cancelling event due to no window focus: KeyEvent { action=ACTION_UP, keyCode=KEYCODE_TV_INPUT_COMPOSITE_2, scanCode=0, metaState=0, flags=0x28, repeatCount=0, eventTime=167581418, downTime=167581418, deviceId=-1, source=0x101 }
W/ViewRootImpl(  729): Cancelling event due to no window focus: KeyEvent { action=ACTION_UP, keyCode=KEYCODE_TV_INPUT_COMPOSITE_2, scanCode=0, metaState=0, flags=0x28, repeatCount=0, eventTime=167581418, downTime=167581418, deviceId=-1, source=0x101 }
W/ViewRootImpl(  729): Cancelling event due to no window focus: KeyEvent { action=ACTION_UP, keyCode=KEYCODE_TV_INPUT_COMPOSITE_2, scanCode=0, metaState=0, flags=0x28, repeatCount=0, eventTime=167581418, downTime=167581418, deviceId=-1, source=0x101 }
W/ViewRootImpl(  729): Cancelling event due to no window focus: KeyEvent { action=ACTION_UP, keyCode=KEYCODE_TV_INPUT_COMPOSITE_2, scanCode=0, metaState=0, flags=0x28, repeatCount=0, eventTime=167581418, downTime=167581418, deviceId=-1, source=0x101 }
W/ViewRootImpl(  729): Cancelling event due to no window focus: KeyEvent { action=ACTION_UP, keyCode=KEYCODE_TV_INPUT_COMPOSITE_2, scanCode=0, metaState=0, flags=0x28, repeatCount=0, eventTime=167581418, downTime=167581418, deviceId=-1, source=0x101 }
W/ViewRootImpl(  729): Cancelling event due to no window focus: KeyEvent { action=ACTION_UP, keyCode=KEYCODE_TV_INPUT_COMPOSITE_2, scanCode=0, metaState=0, flags=0x28, repeatCount=0, eventTime=167581418, downTime=167581418, deviceId=-1, source=0x101 }
W/ViewRootImpl(  729): Cancelling event due to no window focus: KeyEvent { action=ACTION_UP, keyCode=KEYCODE_TV_INPUT_COMPOSITE_2, scanCode=0, metaState=0, flags=0x28, repeatCount=0, eventTime=167581418, downTime=167581418, deviceId=-1, source=0x101 }
W/ViewRootImpl(  729): Cancelling event due to no window focus: KeyEvent { action=ACTION_UP, keyCode=KEYCODE_TV_INPUT_COMPOSITE_2, scanCode=0, metaState=0, flags=0x28, repeatCount=0, eventTime=167581418, downTime=167581418, deviceId=-1, source=0x101 }
V/WindowManager(  591): Adding window Window{2f3ae195 u0 AtchDlg:com.fortafygames.colorswitch/com.migal.android.SplashActivity} at 7 of 13 (after Window{3bf21087 u0 AtchDlg:com.fortafygames.colorswitch/com.migal.android.SplashActivity EXITING})
W/InputManager(  591): Input event injection from pid 20405 failed.
W/InputMethodManagerService(  591): Window already focused, ignoring focus gain of: com.android.internal.view.IInputMethodClient$Stub$Proxy@1b0ba2aa attribute=null, token = android.os.BinderProxy@1e87ef66
W/ViewRootImpl(  729): Dropping event due to no window focus: KeyEvent { action=ACTION_DOWN, keyCode=KEYCODE_TV, scanCode=0, metaState=0, flags=0x8, repeatCount=0, eventTime=167581683, downTime=167581683, deviceId=-1, source=0x101 }
W/ViewRootImpl(  729): Cancelling event due to no window focus: KeyEvent { action=ACTION_UP, keyCode=KEYCODE_TV, scanCode=0, metaState=0, flags=0x28, repeatCount=0, eventTime=167581691, downTime=167581691, deviceId=-1, source=0x101 }
W/ViewRootImpl(  729): Cancelling event due to no window focus: KeyEvent { action=ACTION_UP, keyCode=KEYCODE_TV, scanCode=0, metaState=0, flags=0x28, repeatCount=0, eventTime=167581691, downTime=167581691, deviceId=-1, source=0x101 }
W/ViewRootImpl(  729): Cancelling event due to no window focus: KeyEvent { action=ACTION_UP, keyCode=KEYCODE_TV, scanCode=0, metaState=0, flags=0x28, repeatCount=0, eventTime=167581691, downTime=167581691, deviceId=-1, source=0x101 }
W/ViewRootImpl(  729): Cancelling event due to no window focus: KeyEvent { action=ACTION_UP, keyCode=KEYCODE_TV, scanCode=0, metaState=0, flags=0x28, repeatCount=0, eventTime=167581691, downTime=167581691, deviceId=-1, source=0x101 }
W/ViewRootImpl(  729): Cancelling event due to no window focus: KeyEvent { action=ACTION_UP, keyCode=KEYCODE_TV, scanCode=0, metaState=0, flags=0x28, repeatCount=0, eventTime=167581691, downTime=167581691, deviceId=-1, source=0x101 }
W/ViewRootImpl(  729): Cancelling event due to no window focus: KeyEvent { action=ACTION_UP, keyCode=KEYCODE_TV, scanCode=0, metaState=0, flags=0x28, repeatCount=0, eventTime=167581691, downTime=167581691, deviceId=-1, source=0x101 }
W/ViewRootImpl(  729): Cancelling event due to no window focus: KeyEvent { action=ACTION_UP, keyCode=KEYCODE_TV, scanCode=0, metaState=0, flags=0x28, repeatCount=0, eventTime=167581691, downTime=167581691, deviceId=-1, source=0x101 }
W/ViewRootImpl(  729): Cancelling event due to no window focus: KeyEvent { action=ACTION_UP, keyCode=KEYCODE_TV, scanCode=0, metaState=0, flags=0x28, repeatCount=0, eventTime=167581691, downTime=167581691, deviceId=-1, source=0x101 }
W/ViewRootImpl(  729): Cancelling event due to no window focus: KeyEvent { action=ACTION_UP, keyCode=KEYCODE_TV, scanCode=0, metaState=0, flags=0x28, repeatCount=0, eventTime=167581691, downTime=167581691, deviceId=-1, source=0x101 }
W/InputMethodManagerService(  591): Window already focused, ignoring focus gain of: com.android.internal.view.IInputMethodClient$Stub$Proxy@9003e9b attribute=null, token = android.os.BinderProxy@1e87ef66
I/ActivityManager(  591): START u0 {act=android.intent.action.MAIN cat=[android.intent.category.LAUNCHER] flg=0x10200000 cmp=com.fortafygames.colorswitch/com.migal.android.SplashActivity} from uid 0 on display 0
V/WindowManager(  591): addAppToken: AppWindowToken{26d6ae4d token=Token{2cd019e4 ActivityRecord{201a2977 u0 com.fortafygames.colorswitch/com.migal.android.SplashActivity t143}}} to stack=1 task=143 at 6
V/WindowManager(  591): Adding window Window{7b25e67 u0 com.fortafygames.colorswitch/com.migal.android.SplashActivity} at 6 of 12 (after Window{39b632a7 u0 com.fortafygames.colorswitch/com.migal.android.SplashActivity})
W/ViewRootImpl(20510): Dropping event due to no window focus: KeyEvent { action=ACTION_DOWN, keyCode=KEYCODE_DPAD_CENTER, scanCode=0, metaState=0, flags=0x8, repeatCount=0, eventTime=167581879, downTime=167581879, deviceId=-1, source=0x101 }
W/ViewRootImpl(20510): Cancelling event due to no window focus: KeyEvent { action=ACTION_UP, keyCode=KEYCODE_DPAD_CENTER, scanCode=0, metaState=0, flags=0x28, repeatCount=0, eventTime=167581929, downTime=167581929, deviceId=-1, source=0x101 }
W/ViewRootImpl(20510): Cancelling event due to no window focus: KeyEvent { action=ACTION_UP, keyCode=KEYCODE_DPAD_CENTER, scanCode=0, metaState=0, flags=0x28, repeatCount=0, eventTime=167581929, downTime=167581929, deviceId=-1, source=0x101 }
W/ViewRootImpl(20510): Cancelling event due to no window focus: KeyEvent { action=ACTION_UP, keyCode=KEYCODE_DPAD_CENTER, scanCode=0, metaState=0, flags=0x28, repeatCount=0, eventTime=167581929, downTime=167581929, deviceId=-1, source=0x101 }
W/ViewRootImpl(20510): Cancelling event due to no window focus: KeyEvent { action=ACTION_UP, keyCode=KEYCODE_DPAD_CENTER, scanCode=0, metaState=0, flags=0x28, repeatCount=0, eventTime=167581929, downTime=167581929, deviceId=-1, source=0x101 }
W/ViewRootImpl(20510): Cancelling event due to no window focus: KeyEvent { action=ACTION_UP, keyCode=KEYCODE_DPAD_CENTER, scanCode=0, metaState=0, flags=0x28, repeatCount=0, eventTime=167581929, downTime=167581929, deviceId=-1, source=0x101 }
W/ViewRootImpl(20510): Cancelling event due to no window focus: KeyEvent { action=ACTION_UP, keyCode=KEYCODE_DPAD_CENTER, scanCode=0, metaState=0, flags=0x28, repeatCount=0, eventTime=167581929, downTime=167581929, deviceId=-1, source=0x101 }
W/ViewRootImpl(20510): Cancelling event due to no window focus: KeyEvent { action=ACTION_UP, keyCode=KEYCODE_DPAD_CENTER, scanCode=0, metaState=0, flags=0x28, repeatCount=0, eventTime=167581929, downTime=167581929, deviceId=-1, source=0x101 }
W/ViewRootImpl(20510): Cancelling event due to no window focus: KeyEvent { action=ACTION_UP, keyCode=KEYCODE_DPAD_CENTER, scanCode=0, metaState=0, flags=0x28, repeatCount=0, eventTime=167581929, downTime=167581929, deviceId=-1, source=0x101 }
W/ViewRootImpl(20510): Cancelling event due to no window focus: KeyEvent { action=ACTION_UP, keyCode=KEYCODE_DPAD_CENTER, scanCode=0, metaState=0, flags=0x28, repeatCount=0, eventTime=167581929, downTime=167581929, deviceId=-1, source=0x101 }
W/ViewRootImpl(20510): Dropping event due to no window focus: MotionEvent { action=ACTION_MOVE, id[0]=0, x[0]=-4.0, y[0]=2.0, toolType[0]=TOOL_TYPE_UNKNOWN, buttonState=0, metaState=0, flags=0x0, edgeFlags=0x0, pointerCount=1, historySize=9, eventTime=167582019, downTime=-1, deviceId=0, source=0x10004 }
W/ViewRootImpl(20510): Dropping event due to no window focus: KeyEvent { action=ACTION_DOWN, keyCode=KEYCODE_DPAD_CENTER, scanCode=0, metaState=0, flags=0x8, repeatCount=0, eventTime=167582033, downTime=167582033, deviceId=-1, source=0x101 }
W/ViewRootImpl(20510): Cancelling event due to no window focus: KeyEvent { action=ACTION_UP, keyCode=KEYCODE_DPAD_CENTER, scanCode=0, metaState=0, flags=0x28, repeatCount=0, eventTime=167582097, downTime=167582097, deviceId=-1, source=0x101 }
W/ViewRootImpl(20510): Cancelling event due to no window focus: KeyEvent { action=ACTION_UP, keyCode=KEYCODE_DPAD_CENTER, scanCode=0, metaState=0, flags=0x28, repeatCount=0, eventTime=167582097, downTime=167582097, deviceId=-1, source=0x101 }
W/ViewRootImpl(20510): Cancelling event due to no window focus: KeyEvent { action=ACTION_UP, keyCode=KEYCODE_DPAD_CENTER, scanCode=0, metaState=0, flags=0x28, repeatCount=0, eventTime=167582097, downTime=167582097, deviceId=-1, source=0x101 }
W/ViewRootImpl(20510): Cancelling event due to no window focus: KeyEvent { action=ACTION_UP, keyCode=KEYCODE_DPAD_CENTER, scanCode=0, metaState=0, flags=0x28, repeatCount=0, eventTime=167582097, downTime=167582097, deviceId=-1, source=0x101 }
W/ViewRootImpl(20510): Cancelling event due to no window focus: KeyEvent { action=ACTION_UP, keyCode=KEYCODE_DPAD_CENTER, scanCode=0, metaState=0, flags=0x28, repeatCount=0, eventTime=167582097, downTime=167582097, deviceId=-1, source=0x101 }
W/ViewRootImpl(20510): Cancelling event due to no window focus: KeyEvent { action=ACTION_UP, keyCode=KEYCODE_DPAD_CENTER, scanCode=0, metaState=0, flags=0x28, repeatCount=0, eventTime=167582097, downTime=167582097, deviceId=-1, source=0x101 }
W/ViewRootImpl(20510): Cancelling event due to no window focus: KeyEvent { action=ACTION_UP, keyCode=KEYCODE_DPAD_CENTER, scanCode=0, metaState=0, flags=0x28, repeatCount=0, eventTime=167582097, downTime=167582097, deviceId=-1, source=0x101 }
W/ViewRootImpl(20510): Cancelling event due to no window focus: KeyEvent { action=ACTION_UP, keyCode=KEYCODE_DPAD_CENTER, scanCode=0, metaState=0, flags=0x28, repeatCount=0, eventTime=167582097, downTime=167582097, deviceId=-1, source=0x101 }
W/ViewRootImpl(20510): Cancelling event due to no window focus: KeyEvent { action=ACTION_UP, keyCode=KEYCODE_DPAD_CENTER, scanCode=0, metaState=0, flags=0x28, repeatCount=0, eventTime=167582097, downTime=167582097, deviceId=-1, source=0x101 }
W/ViewRootImpl(20510): Dropping event due to no window focus: KeyEvent { action=ACTION_DOWN, keyCode=KEYCODE_DPAD_RIGHT, scanCode=0, metaState=0, flags=0x8, repeatCount=0, eventTime=167582100, downTime=167582100, deviceId=-1, source=0x101 }
W/ViewRootImpl(20510): Cancelling event due to no window focus: KeyEvent { action=ACTION_UP, keyCode=KEYCODE_DPAD_RIGHT, scanCode=0, metaState=0, flags=0x28, repeatCount=0, eventTime=167582101, downTime=167582101, deviceId=-1, source=0x101 }
W/ViewRootImpl(20510): Cancelling event due to no window focus: KeyEvent { action=ACTION_UP, keyCode=KEYCODE_DPAD_RIGHT, scanCode=0, metaState=0, flags=0x28, repeatCount=0, eventTime=167582101, downTime=167582101, deviceId=-1, source=0x101 }
W/ViewRootImpl(20510): Cancelling event due to no window focus: KeyEvent { action=ACTION_UP, keyCode=KEYCODE_DPAD_RIGHT, scanCode=0, metaState=0, flags=0x28, repeatCount=0, eventTime=167582101, downTime=167582101, deviceId=-1, source=0x101 }
W/ViewRootImpl(20510): Cancelling event due to no window focus: KeyEvent { action=ACTION_UP, keyCode=KEYCODE_DPAD_RIGHT, scanCode=0, metaState=0, flags=0x28, repeatCount=0, eventTime=167582101, downTime=167582101, deviceId=-1, source=0x101 }
W/ViewRootImpl(20510): Cancelling event due to no window focus: KeyEvent { action=ACTION_UP, keyCode=KEYCODE_DPAD_RIGHT, scanCode=0, metaState=0, flags=0x28, repeatCount=0, eventTime=167582101, downTime=167582101, deviceId=-1, source=0x101 }
W/ViewRootImpl(20510): Cancelling event due to no window focus: KeyEvent { action=ACTION_UP, keyCode=KEYCODE_DPAD_RIGHT, scanCode=0, metaState=0, flags=0x28, repeatCount=0, eventTime=167582101, downTime=167582101, deviceId=-1, source=0x101 }
W/ViewRootImpl(20510): Cancelling event due to no window focus: KeyEvent { action=ACTION_UP, keyCode=KEYCODE_DPAD_RIGHT, scanCode=0, metaState=0, flags=0x28, repeatCount=0, eventTime=167582101, downTime=167582101, deviceId=-1, source=0x101 }
W/ViewRootImpl(20510): Cancelling event due to no window focus: KeyEvent { action=ACTION_UP, keyCode=KEYCODE_DPAD_RIGHT, scanCode=0, metaState=0, flags=0x28, repeatCount=0, eventTime=167582101, downTime=167582101, deviceId=-1, source=0x101 }
W/ViewRootImpl(20510): Cancelling event due to no window focus: KeyEvent { action=ACTION_UP, keyCode=KEYCODE_DPAD_RIGHT, scanCode=0, metaState=0, flags=0x28, repeatCount=0, eventTime=167582101, downTime=167582101, deviceId=-1, source=0x101 }
W/ViewRootImpl(20510): Dropping event due to no window focus: KeyEvent { action=ACTION_DOWN, keyCode=KEYCODE_DPAD_CENTER, scanCode=0, metaState=0, flags=0x8, repeatCount=0, eventTime=167582121, downTime=167582121, deviceId=-1, source=0x101 }
W/ViewRootImpl(  729): Dropping event due to no window focus: KeyEvent { action=ACTION_DOWN, keyCode=KEYCODE_MENU, scanCode=0, metaState=0, flags=0x8, repeatCount=0, eventTime=167582153, downTime=167582153, deviceId=-1, source=0x101 }
W/ViewRootImpl(  729): Cancelling event due to no window focus: KeyEvent { action=ACTION_UP, keyCode=KEYCODE_MENU, scanCode=0, metaState=0, flags=0x28, repeatCount=0, eventTime=167582180, downTime=167582180, deviceId=-1, source=0x101 }
W/ViewRootImpl(  729): Cancelling event due to no window focus: KeyEvent { action=ACTION_UP, keyCode=KEYCODE_MENU, scanCode=0, metaState=0, flags=0x28, repeatCount=0, eventTime=167582180, downTime=167582180, deviceId=-1, source=0x101 }
W/ViewRootImpl(  729): Cancelling event due to no window focus: KeyEvent { action=ACTION_UP, keyCode=KEYCODE_MENU, scanCode=0, metaState=0, flags=0x28, repeatCount=0, eventTime=167582180, downTime=167582180, deviceId=-1, source=0x101 }
W/ViewRootImpl(  729): Cancelling event due to no window focus: KeyEvent { action=ACTION_UP, keyCode=KEYCODE_MENU, scanCode=0, metaState=0, flags=0x28, repeatCount=0, eventTime=167582180, downTime=167582180, deviceId=-1, source=0x101 }
W/ViewRootImpl(  729): Cancelling event due to no window focus: KeyEvent { action=ACTION_UP, keyCode=KEYCODE_MENU, scanCode=0, metaState=0, flags=0x28, repeatCount=0, eventTime=167582180, downTime=167582180, deviceId=-1, source=0x101 }
W/ViewRootImpl(  729): Cancelling event due to no window focus: KeyEvent { action=ACTION_UP, keyCode=KEYCODE_MENU, scanCode=0, metaState=0, flags=0x28, repeatCount=0, eventTime=167582180, downTime=167582180, deviceId=-1, source=0x101 }
