E/Cataloger( 8854): syncFile:/storage/emulated/0/2016-12-08_10:40:07.725.jpg
I/org.umd.logging(21001): Method < 1 com.migal.android.MigalView.onTouchEvent(true)
I/InputDispatcher(  591): Window 'Window{12a41b3 u0 com.fortafygames.colorswitch/com.migal.android.MigalActivity}' spent 7473.3ms processing the last input event: MotionEvent(deviceId=6, source=0x00001002, action=2, flags=0x00000000, metaState=0x00000000, buttonState=0x00000000, edgeFlags=0x00000000, xPrecision=2.0, yPrecision=2.0, displayId=0, pointers=[0: (68.5, 400.5)]), policyFlags=0x62000000
I/InputDispatcher(  591): Window 'Window{12a41b3 u0 com.fortafygames.colorswitch/com.migal.android.MigalActivity}' spent 7473.2ms processing the last input event: MotionEvent(deviceId=6, source=0x00001002, action=2, flags=0x00000000, metaState=0x00000000, buttonState=0x00000000, edgeFlags=0x00000000, xPrecision=2.0, yPrecision=2.0, displayId=0, pointers=[0: (68.0, 400.5)]), policyFlags=0x62000000
I/org.umd.logging(21001): Method > 3411 com.migal.android.MigalView$1.run(com.migal.android.MigalView$1@79475871)
I/org.umd.logging(21001): Method < 3411 com.migal.android.MigalView$1.run()
E/AudioTrackShared(  188): mFlush 0 -> 0x5c0, front 0xd3fe0, rear 0xd41c0, mask 0x3ff, newFront 0xd3dc0, filled 1024=0x400
E/Cataloger( 8854): syncFile:/storage/emulated/0/2016-12-08_10:40:07.926.jpg
I/org.umd.logging(21001): Method > 1 com.migal.android.MigalView.onTouchEvent(com.migal.android.MigalView@937357795<file=2016-12-08_10:40:07.926><x=0><y=0><width=768><height=1280><id=2131558495><imagename=migal_view>, android.view.MotionEvent@701224173)
I/org.umd.logging(21001): Method < 1 com.migal.android.MigalView.onTouchEvent(true)
I/InputDispatcher(  591): Window 'Window{12a41b3 u0 com.fortafygames.colorswitch/com.migal.android.MigalActivity}' spent 7672.0ms processing the last input event: MotionEvent(deviceId=6, source=0x00001002, action=261, flags=0x00000000, metaState=0x00000000, buttonState=0x00000000, edgeFlags=0x00000000, xPrecision=2.0, yPrecision=2.0, displayId=0, pointers=[0: (68.0, 400.5), 1: (308.5, 344.0)]), policyFlags=0x62000000
E/Cataloger( 8854): syncFile:/storage/emulated/0/2016-12-08_10:40:07.926.jpg
I/org.umd.logging(21001): Method > 3411 com.migal.android.MigalView$1.run(com.migal.android.MigalView$1@358320620)
I/org.umd.logging(21001): Method < 3411 com.migal.android.MigalView$1.run()
E/Cataloger( 8854): syncFile:/storage/emulated/0/2016-12-08_10:40:08.123.jpg
I/org.umd.logging(21001): Api > 3516 java.lang.Thread.start(java.lang.Thread@646808173<thread=3629>)
I/org.umd.logging(21001): Api < 3516 java.lang.Thread.start()
I/org.umd.logging(21001): Method < 3516 com.heyzap.http.AsyncHttpRequest.run()
I/org.umd.logging(21001): Method > 3629 com.heyzap.http.JsonHttpResponseHandler$1.run(com.heyzap.http.JsonHttpResponseHandler$1@357297826)
I/org.umd.logging(21001): Method > 3629 com.heyzap.http.JsonHttpResponseHandler$1$1.run(com.heyzap.http.JsonHttpResponseHandler$1$1@659957555)
I/org.umd.logging(21001): Method > 3629 com.heyzap.common.concurrency.ExecutorPool$WrappedScheduledThreadPoolExecutor.execute(com.heyzap.common.concurrency.ExecutorPool$WrappedScheduledThreadPoolExecutor@340997079, com.heyzap.house.model.AdModel$HtmlAssetFetcher$1@68315888)
I/org.umd.logging(21001): Method < 3629 com.heyzap.common.concurrency.ExecutorPool$WrappedScheduledThreadPoolExecutor.execute()
I/org.umd.logging(21001): Method < 3629 com.heyzap.http.JsonHttpResponseHandler$1$1.run()
I/org.umd.logging(21001): Method > 3621 com.heyzap.common.concurrency.WrappedRunnable.run(com.heyzap.common.concurrency.WrappedRunnable@1041029225)
I/org.umd.logging(21001): Method < 3629 com.heyzap.http.JsonHttpResponseHandler$1.run()
I/org.umd.logging(21001): Method > 3621 com.heyzap.house.model.AdModel$HtmlAssetFetcher$1.run(com.heyzap.house.model.AdModel$HtmlAssetFetcher$1@68315888)
I/org.umd.logging(21001): Api > 3621 java.net.URL.openStream(java.net.URL@530469614<URL=https://img-cloudflare.haizap.com/imgcache/img:a34338607d481ae2573bf158683ef083-type:standard>)
I/org.umd.logging(21001): Method > 1 com.migal.android.MigalView.onTouchEvent(com.migal.android.MigalView@937357795<file=2016-12-08_10:40:08.123><x=0><y=0><width=768><height=1280><id=2131558495><imagename=migal_view>, android.view.MotionEvent@701224173)
I/org.umd.logging(21001): Method < 1 com.migal.android.MigalView.onTouchEvent(true)
I/InputDispatcher(  591): Window 'Window{12a41b3 u0 com.fortafygames.colorswitch/com.migal.android.MigalActivity}' spent 7867.4ms processing the last input event: MotionEvent(deviceId=6, source=0x00001002, action=2, flags=0x00000000, metaState=0x00000000, buttonState=0x00000000, edgeFlags=0x00000000, xPrecision=2.0, yPrecision=2.0, displayId=0, pointers=[0: (67.5, 400.5), 1: (308.5, 344.0)]), policyFlags=0x62000000
I/InputDispatcher(  591): Window 'Window{12a41b3 u0 com.fortafygames.colorswitch/com.migal.android.MigalActivity}' spent 7867.3ms processing the last input event: MotionEvent(deviceId=6, source=0x00001002, action=2, flags=0x00000000, metaState=0x00000000, buttonState=0x00000000, edgeFlags=0x00000000, xPrecision=2.0, yPrecision=2.0, displayId=0, pointers=[0: (67.0, 400.0), 1: (308.5, 344.0)]), policyFlags=0x62000000
I/org.umd.logging(21001): Method > 3411 com.migal.android.MigalView$1.run(com.migal.android.MigalView$1@96600975)
I/org.umd.logging(21001): Method < 3411 com.migal.android.MigalView$1.run()
I/org.umd.logging(21001): Method > 3411 com.migal.android.MigalView$1.run(com.migal.android.MigalView$1@541804060)
I/org.umd.logging(21001): Method < 3411 com.migal.android.MigalView$1.run()
E/Cataloger( 8854): syncFile:/storage/emulated/0/2016-12-08_10:40:08.123.jpg
E/Cataloger( 8854): syncFile:/storage/emulated/0/2016-12-08_10:40:08.323.jpg
I/org.umd.logging(21001): Api < 3621 java.net.URL.openStream(com.android.okio.RealBufferedSource$1@1070901256)
I/org.umd.logging(21001): Api > 3621 java.net.URL.openStream(java.net.URL@921578401<URL=https://img-cloudflare.haizap.com/images/ads/closeButton.png>)
I/org.umd.logging(21001): Api < 3621 java.net.URL.openStream(com.android.okio.RealBufferedSource$1@339333574)
I/org.umd.logging(21001): Method > 3621 com.heyzap.common.concurrency.ExecutionList$RunnableExecutorPair.execute(com.heyzap.common.concurrency.ExecutionList$RunnableExecutorPair@1068291463)
I/org.umd.logging(21001): Method > 3621 com.heyzap.common.concurrency.ExecutorPool$WrappedScheduledThreadPoolExecutor.execute(com.heyzap.common.concurrency.ExecutorPool$WrappedScheduledThreadPoolExecutor@340997079, com.heyzap.common.concurrency.FutureUtils$5@856702132)
I/org.umd.logging(21001): Method > 3474 com.heyzap.common.concurrency.WrappedRunnable.run(com.heyzap.common.concurrency.WrappedRunnable@396419293)
I/org.umd.logging(21001): Method > 3474 com.heyzap.common.concurrency.FutureUtils$5.run(com.heyzap.common.concurrency.FutureUtils$5@856702132)
I/org.umd.logging(21001): Method > 3474 com.heyzap.common.concurrency.ExecutionList$RunnableExecutorPair.execute(com.heyzap.common.concurrency.ExecutionList$RunnableExecutorPair@468796498)
I/org.umd.logging(21001): Method > 3474 com.heyzap.common.concurrency.ExecutorPool$WrappedScheduledThreadPoolExecutor.execute(com.heyzap.common.concurrency.ExecutorPool$WrappedScheduledThreadPoolExecutor@340997079, com.heyzap.mediation.abstr.FetchBackedNetworkAdapter$2$1$1@301417251)
I/org.umd.logging(21001): Method > 3426 com.heyzap.common.concurrency.WrappedRunnable.run(com.heyzap.common.concurrency.WrappedRunnable@214855712)
I/org.umd.logging(21001): Method > 3426 com.heyzap.mediation.abstr.FetchBackedNetworkAdapter$2$1$1.run(com.heyzap.mediation.abstr.FetchBackedNetworkAdapter$2$1$1@301417251)
I/org.umd.logging(21001): Method < 3474 com.heyzap.common.concurrency.ExecutorPool$WrappedScheduledThreadPoolExecutor.execute()
I/org.umd.logging(21001): Method < 3474 com.heyzap.common.concurrency.ExecutionList$RunnableExecutorPair.execute()
I/org.umd.logging(21001): Method > 3426 com.heyzap.common.concurrency.ExecutionList$RunnableExecutorPair.execute(com.heyzap.common.concurrency.ExecutionList$RunnableExecutorPair@852471257)
I/org.umd.logging(21001): Method < 3474 com.heyzap.common.concurrency.FutureUtils$5.run()
I/org.umd.logging(21001): Method > 3426 com.heyzap.common.concurrency.ExecutorPool$WrappedScheduledThreadPoolExecutor.execute(com.heyzap.common.concurrency.ExecutorPool$WrappedScheduledThreadPoolExecutor@340997079, com.heyzap.common.concurrency.FutureUtils$4@943412126)
I/org.umd.logging(21001): Method < 3474 com.heyzap.common.concurrency.WrappedRunnable.run()
I/org.umd.logging(21001): Method > 3474 com.heyzap.common.concurrency.WrappedRunnable.run(com.heyzap.common.concurrency.WrappedRunnable@250670719)
I/org.umd.logging(21001): Method < 3426 com.heyzap.common.concurrency.ExecutorPool$WrappedScheduledThreadPoolExecutor.execute()
I/org.umd.logging(21001): Method > 3474 com.heyzap.common.concurrency.FutureUtils$FutureRunnable.run(com.heyzap.common.concurrency.FutureUtils$4@943412126)
I/org.umd.logging(21001): Method < 3426 com.heyzap.common.concurrency.ExecutionList$RunnableExecutorPair.execute()
I/org.umd.logging(21001): Method > 3474 com.heyzap.common.concurrency.FutureUtils$4.run(com.heyzap.common.concurrency.FutureUtils$4@943412126, true, null)
I/org.umd.logging(21001): Method < 3426 com.heyzap.mediation.abstr.FetchBackedNetworkAdapter$2$1$1.run()
I/org.umd.logging(21001): Method > 3474 com.heyzap.common.concurrency.ExecutionList$RunnableExecutorPair.execute(com.heyzap.common.concurrency.ExecutionList$RunnableExecutorPair@981102156)
I/org.umd.logging(21001): Method > 3474 com.heyzap.common.concurrency.ExecutorPool$WrappedScheduledThreadPoolExecutor.execute(com.heyzap.common.concurrency.ExecutorPool$WrappedScheduledThreadPoolExecutor@340997079, com.heyzap.mediation.ConcurrentLoaderStrategy$2@243551893)
I/org.umd.logging(21001): Method < 3426 com.heyzap.common.concurrency.WrappedRunnable.run()
I/org.umd.logging(21001): Method > 3622 com.heyzap.common.concurrency.WrappedRunnable.run(com.heyzap.common.concurrency.WrappedRunnable@444926890)
I/org.umd.logging(21001): Method > 3622 com.heyzap.mediation.ConcurrentLoaderStrategy$2.run(com.heyzap.mediation.ConcurrentLoaderStrategy$2@243551893)
I/org.umd.logging(21001): Method < 3621 com.heyzap.common.concurrency.ExecutorPool$WrappedScheduledThreadPoolExecutor.execute()
I/org.umd.logging(21001): Method < 3621 com.heyzap.common.concurrency.ExecutionList$RunnableExecutorPair.execute()
I/org.umd.logging(21001): Method < 3622 com.heyzap.mediation.ConcurrentLoaderStrategy$2.run()
I/org.umd.logging(21001): Method < 3622 com.heyzap.common.concurrency.WrappedRunnable.run()
I/org.umd.logging(21001): Method < 3621 com.heyzap.house.model.AdModel$HtmlAssetFetcher$1.run()
I/org.umd.logging(21001): Method < 3474 com.heyzap.common.concurrency.ExecutorPool$WrappedScheduledThreadPoolExecutor.execute()
I/org.umd.logging(21001): Method < 3474 com.heyzap.common.concurrency.ExecutionList$RunnableExecutorPair.execute()
I/org.umd.logging(21001): Method < 3474 com.heyzap.common.concurrency.FutureUtils$4.run()
I/org.umd.logging(21001): Method < 3474 com.heyzap.common.concurrency.FutureUtils$FutureRunnable.run()
I/org.umd.logging(21001): Method < 3474 com.heyzap.common.concurrency.WrappedRunnable.run()
I/org.umd.logging(21001): Method < 3621 com.heyzap.common.concurrency.WrappedRunnable.run()
I/org.umd.logging(21001): Method > 1 com.migal.android.MigalView.onTouchEvent(com.migal.android.MigalView@937357795<file=2016-12-08_10:40:08.323><x=0><y=0><width=768><height=1280><id=2131558495><imagename=migal_view>, android.view.MotionEvent@701224173)
I/org.umd.logging(21001): Method < 1 com.migal.android.MigalView.onTouchEvent(true)
I/InputDispatcher(  591): Window 'Window{12a41b3 u0 com.fortafygames.colorswitch/com.migal.android.MigalActivity}' spent 8075.1ms processing the last input event: MotionEvent(deviceId=6, source=0x00001002, action=6, flags=0x00000000, metaState=0x00000000, buttonState=0x00000000, edgeFlags=0x00000000, xPrecision=2.0, yPrecision=2.0, displayId=0, pointers=[0: (67.0, 400.0), 1: (308.5, 344.0)]), policyFlags=0x62000000
I/org.umd.logging(21001): Method > 3411 com.migal.android.MigalView$1.run(com.migal.android.MigalView$1@61862811)
I/org.umd.logging(21001): Method < 3411 com.migal.android.MigalView$1.run()
E/Cataloger( 8854): syncFile:/storage/emulated/0/2016-12-08_10:40:08.323.jpg
I/art     (21001): Background partial concurrent mark sweep GC freed 9845(557KB) AllocSpace objects, 10(22MB) LOS objects, 32% free, 32MB/48MB, paused 2.990ms total 119.792ms
E/Cataloger( 8854): syncFile:/storage/emulated/0/2016-12-08_10:40:08.526.jpg
I/org.umd.logging(21001): Method > 1 com.migal.android.MigalView.onTouchEvent(com.migal.android.MigalView@937357795<file=2016-12-08_10:40:08.526><x=0><y=0><width=768><height=1280><id=2131558495><imagename=migal_view>, android.view.MotionEvent@701224173)
I/org.umd.logging(21001): Method < 1 com.migal.android.MigalView.onTouchEvent(true)
E/Cataloger( 8854): syncFile:/storage/emulated/0/2016-12-08_10:40:08.526.jpg
I/InputDispatcher(  591): Window 'Window{12a41b3 u0 com.fortafygames.colorswitch/com.migal.android.MigalActivity}' spent 8243.8ms processing the last input event: MotionEvent(deviceId=6, source=0x00001002, action=261, flags=0x00000000, metaState=0x00000000, buttonState=0x00000000, edgeFlags=0x00000000, xPrecision=2.0, yPrecision=2.0, displayId=0, pointers=[1: (308.5, 344.0), 2: (534.0, 513.0)]), policyFlags=0x62000000
I/org.umd.logging(21001): Method > 3411 com.migal.android.MigalView$1.run(com.migal.android.MigalView$1@856040248)
I/org.umd.logging(21001): Method < 3411 com.migal.android.MigalView$1.run()
E/Cataloger( 8854): syncFile:/storage/emulated/0/2016-12-08_10:40:08.695.jpg
I/org.umd.logging(21001): Method > 1 com.migal.android.MigalView.onTouchEvent(com.migal.android.MigalView@937357795<file=2016-12-08_10:40:08.695><x=0><y=0><width=768><height=1280><id=2131558495><imagename=migal_view>, android.view.MotionEvent@701224173)
E/Cataloger( 8854): syncFile:/storage/emulated/0/2016-12-08_10:40:08.695.jpg
I/org.umd.logging(21001): Method < 1 com.migal.android.MigalView.onTouchEvent(true)
I/org.umd.logging(21001): Method > 3411 com.migal.android.MigalView$1.run(com.migal.android.MigalView$1@229130001)
I/org.umd.logging(21001): Method < 3411 com.migal.android.MigalView$1.run()
I/InputDispatcher(  591): Window 'Window{12a41b3 u0 com.fortafygames.colorswitch/com.migal.android.MigalActivity}' spent 8432.4ms processing the last input event: MotionEvent(deviceId=6, source=0x00001002, action=6, flags=0x00000000, metaState=0x00000000, buttonState=0x00000000, edgeFlags=0x00000000, xPrecision=2.0, yPrecision=2.0, displayId=0, pointers=[1: (308.5, 344.0), 2: (534.0, 513.0)]), policyFlags=0x62000000
E/Cataloger( 8854): syncFile:/storage/emulated/0/2016-12-08_10:40:08.884.jpg
I/org.umd.logging(21001): Method > 1 com.migal.android.MigalView.onTouchEvent(com.migal.android.MigalView@937357795<file=2016-12-08_10:40:08.884><x=0><y=0><width=768><height=1280><id=2131558495><imagename=migal_view>, android.view.MotionEvent@701224173)
I/org.umd.logging(21001): Method > 3411 com.migal.android.MigalView$1.run(com.migal.android.MigalView$1@738211958)
I/org.umd.logging(21001): Method < 3411 com.migal.android.MigalView$1.run()
I/org.umd.logging(21001): Method < 1 com.migal.android.MigalView.onTouchEvent(true)
I/InputDispatcher(  591): Window 'Window{12a41b3 u0 com.fortafygames.colorswitch/com.migal.android.MigalActivity}' spent 8613.9ms processing the last input event: MotionEvent(deviceId=6, source=0x00001002, action=1, flags=0x00000000, metaState=0x00000000, buttonState=0x00000000, edgeFlags=0x00000000, xPrecision=2.0, yPrecision=2.0, displayId=0, pointers=[2: (534.0, 513.0)]), policyFlags=0x62000000
E/Cataloger( 8854): syncFile:/storage/emulated/0/2016-12-08_10:40:08.884.jpg
E/Cataloger( 8854): syncFile:/storage/emulated/0/2016-12-08_10:40:09.070.jpg
I/org.umd.logging(21001): Method > 1 com.migal.android.MigalView.onTouchEvent(com.migal.android.MigalView@937357795<file=2016-12-08_10:40:09.070><x=0><y=0><width=768><height=1280><id=2131558495><imagename=migal_view>, android.view.MotionEvent@701224173)
I/org.umd.logging(21001): Method > 3411 com.migal.android.MigalView$1.run(com.migal.android.MigalView$1@781201015)
I/org.umd.logging(21001): Method < 3411 com.migal.android.MigalView$1.run()
E/Cataloger( 8854): syncFile:/storage/emulated/0/2016-12-08_10:40:09.070.jpg
I/org.umd.logging(21001): Method < 1 com.migal.android.MigalView.onTouchEvent(true)
I/InputDispatcher(  591): Window 'Window{12a41b3 u0 com.fortafygames.colorswitch/com.migal.android.MigalActivity}' spent 8490.7ms processing the last input event: MotionEvent(deviceId=6, source=0x00001002, action=0, flags=0x00000000, metaState=0x00000000, buttonState=0x00000000, edgeFlags=0x00000000, xPrecision=2.0, yPrecision=2.0, displayId=0, pointers=[0: (355.0, 1087.5)]), policyFlags=0x62000000
E/Cataloger( 8854): syncFile:/storage/emulated/0/2016-12-08_10:40:09.253.jpg
I/org.umd.logging(21001): Api > 3582 android.net.ConnectivityManager.getActiveNetworkInfo(android.net.ConnectivityManager@813451098)
I/org.umd.logging(21001): Api < 3582 android.net.ConnectivityManager.getActiveNetworkInfo(android.net.NetworkInfo@680934116)
I/org.umd.logging(21001): Api > 3582 android.net.ConnectivityManager.getActiveNetworkInfo(android.net.ConnectivityManager@813451098)
I/org.umd.logging(21001): Api < 3582 android.net.ConnectivityManager.getActiveNetworkInfo(android.net.NetworkInfo@1044429645)
I/System.out(21001): Exiting monitor
I/org.umd.logging(21001): Method > 1 com.migal.android.MigalView.onTouchEvent(com.migal.android.MigalView@937357795<file=2016-12-08_10:40:09.253><x=0><y=0><width=768><height=1280><id=2131558495><imagename=migal_view>, android.view.MotionEvent@701224173)
I/org.umd.logging(21001): Method < 1 com.migal.android.MigalView.onTouchEvent(true)
I/InputDispatcher(  591): Window 'Window{12a41b3 u0 com.fortafygames.colorswitch/com.migal.android.MigalActivity}' spent 8671.5ms processing the last input event: MotionEvent(deviceId=6, source=0x00001002, action=2, flags=0x00000000, metaState=0x00000000, buttonState=0x00000000, edgeFlags=0x00000000, xPrecision=2.0, yPrecision=2.0, displayId=0, pointers=[0: (352.0, 1087.5)]), policyFlags=0x62000000
E/Cataloger( 8854): syncFile:/storage/emulated/0/2016-12-08_10:40:09.253.jpg
I/org.umd.logging(21001): Method > 3411 com.migal.android.MigalView$1.run(com.migal.android.MigalView$1@623863298)
I/org.umd.logging(21001): Method < 3411 com.migal.android.MigalView$1.run()
E/Cataloger( 8854): syncFile:/storage/emulated/0/2016-12-08_10:40:09.439.jpg
I/org.umd.logging(21001): Method > 1 com.migal.android.MigalView.onTouchEvent(com.migal.android.MigalView@937357795<file=2016-12-08_10:40:09.439><x=0><y=0><width=768><height=1280><id=2131558495><imagename=migal_view>, android.view.MotionEvent@701224173)
E/Cataloger( 8854): syncFile:/storage/emulated/0/2016-12-08_10:40:09.439.jpg
I/org.umd.logging(21001): Method < 1 com.migal.android.MigalView.onTouchEvent(true)
I/InputDispatcher(  591): Window 'Window{12a41b3 u0 com.fortafygames.colorswitch/com.migal.android.MigalActivity}' spent 8861.9ms processing the last input event: MotionEvent(deviceId=6, source=0x00001002, action=1, flags=0x00000000, metaState=0x00000000, buttonState=0x00000000, edgeFlags=0x00000000, xPrecision=2.0, yPrecision=2.0, displayId=0, pointers=[0: (352.0, 1087.5)]), policyFlags=0x62000000
I/org.umd.logging(21001): Method > 3411 com.migal.android.MigalView$1.run(com.migal.android.MigalView$1@768555795)
I/org.umd.logging(21001): Method < 3411 com.migal.android.MigalView$1.run()
E/Cataloger( 8854): syncFile:/storage/emulated/0/2016-12-08_10:40:09.652.jpg
I/org.umd.logging(21001): Method > 1 com.migal.android.MigalView.onTouchEvent(com.migal.android.MigalView@937357795<file=2016-12-08_10:40:09.652><x=0><y=0><width=768><height=1280><id=2131558495><imagename=migal_view>, android.view.MotionEvent@701224173)
I/org.umd.logging(21001): Method < 1 com.migal.android.MigalView.onTouchEvent(true)
E/Cataloger( 8854): syncFile:/storage/emulated/0/2016-12-08_10:40:09.652.jpg
I/org.umd.logging(21001): Method > 3411 com.migal.android.MigalView$1.run(com.migal.android.MigalView$1@686694736)
I/org.umd.logging(21001): Method < 3411 com.migal.android.MigalView$1.run()
E/Cataloger( 8854): syncFile:/storage/emulated/0/2016-12-08_10:40:09.829.jpg
I/org.umd.logging(21001): Method > 1 com.migal.android.MigalView.onTouchEvent(com.migal.android.MigalView@937357795<file=2016-12-08_10:40:09.829><x=0><y=0><width=768><height=1280><id=2131558495><imagename=migal_view>, android.view.MotionEvent@701224173)
E/Cataloger( 8854): syncFile:/storage/emulated/0/2016-12-08_10:40:09.829.jpg
I/org.umd.logging(21001): Method < 1 com.migal.android.MigalView.onTouchEvent(true)
I/org.umd.logging(21001): Method > 3411 com.migal.android.MigalView$1.run(com.migal.android.MigalView$1@258654025)
I/org.umd.logging(21001): Method < 3411 com.migal.android.MigalView$1.run()
E/Cataloger( 8854): syncFile:/storage/emulated/0/2016-12-08_10:40:10.038.jpg
I/art     (21001): Background partial concurrent mark sweep GC freed 1410(80KB) AllocSpace objects, 7(26MB) LOS objects, 32% free, 32MB/48MB, paused 3.723ms total 101.938ms
I/org.umd.logging(21001): Method > 1 com.migal.android.MigalView.onTouchEvent(com.migal.android.MigalView@937357795<file=2016-12-08_10:40:10.038><x=0><y=0><width=768><height=1280><id=2131558495><imagename=migal_view>, android.view.MotionEvent@701224173)
I/org.umd.logging(21001): Method < 1 com.migal.android.MigalView.onTouchEvent(true)
I/org.umd.logging(21001): Method > 3411 com.migal.android.MigalView$1.run(com.migal.android.MigalView$1@305258574)
E/Cataloger( 8854): syncFile:/storage/emulated/0/2016-12-08_10:40:10.038.jpg
I/org.umd.logging(21001): Method < 3411 com.migal.android.MigalView$1.run()
E/Cataloger( 8854): syncFile:/storage/emulated/0/2016-12-08_10:40:10.233.jpg
I/AdColony(21001): Finished downloading:
I/AdColony(21001): https://androidads21.adcolony.com/configure?app_id=app092d8049fd924a1ea0&zones=vzba4d153f86e5459b81,vz352672a93b474c81ac&os_name=android&os_version=5.1.1&device_api=22&app_version=561&android_id_sha1=&device_id=d8733a1b-0bc2-4c9f-aa2d-0ed240569501&open_udid=&device_type=phone&ln=en&device_brand=LGE&device_model=Nexus%204&screen_width=768&screen_height=1184&sdk_type=android_native&sdk_version=2.2.2&origin_store=google&available_stores=google&imei_sha1=&memory_class=192&memory_used_mb=25&advertiser_id=229d4aea-d76e-47c3-ad88-1eafdf3529f0&limit_tracking=false&immersion=false&carrier=unknown&network_type=wifi&custom_id=&sid=32595501-d3a6-4da5-999c-6f1680edc287&s_imp_count=0
I/org.umd.logging(21001): Api > 3583 android.net.ConnectivityManager.getActiveNetworkInfo(android.net.ConnectivityManager@813451098)
I/org.umd.logging(21001): Api < 3583 android.net.ConnectivityManager.getActiveNetworkInfo(android.net.NetworkInfo@1005090159)
I/org.umd.logging(21001): Api > 3583 android.net.ConnectivityManager.getActiveNetworkInfo(android.net.ConnectivityManager@813451098)
I/org.umd.logging(21001): Api < 3583 android.net.ConnectivityManager.getActiveNetworkInfo(android.net.NetworkInfo@412877436)
I/org.umd.logging(21001): Api > 3583 java.lang.Thread.start(com.jirbo.adcolony.aa$a@722929413<thread=3638>)
I/org.umd.logging(21001): Api < 3583 java.lang.Thread.start()
I/org.umd.logging(21001): Api > 3583 java.lang.Thread.start(com.jirbo.adcolony.aa$a@265270106<thread=3639>)
I/org.umd.logging(21001): Api < 3583 java.lang.Thread.start()
I/org.umd.logging(21001): Method < 3583 com.jirbo.adcolony.ADCDownload.run()
I/org.umd.logging(21001): Method > 3639 com.jirbo.adcolony.ADCDownload.run(com.jirbo.adcolony.ADCDownload@363919755)
I/org.umd.logging(21001): Api > 3639 java.net.URL.openConnection(java.net.URL@887409256<URL=https://events3alt.adcolony.com/t/5.0/session_start?pl=me75MsM3czvnXxi4Ahvrw-7r8wdjyoBM3jrToMY8MSekanz5g9vfU4B3itAm8O7uvPxDM2GMJxMxRzjwfyRImqnVS7-omaGdtAuo8LU1alml5Z8so-m8TuoepIW_L2fvM8JbVcaxDAalp3_UAlPY4AYJph6t_syo0dUhmAuxnPRlpoKmxdzho3jF6BQIhThKqWLSs1Yz1-STE_-3HQat-DIWWpwG1WV64zPq6pKsWKEc0Cjg7xKWL3j7jwyRMDl2Z8vL3epagEUEPeciLIVW833bV9M0vELcID6i55Nfu7KBFdkWJubPEhIzAe6xFAMlstN5mnt03UyJXxtyO_Tq9I1mBq-d5NvwlZ3Z4rsBuHgxUmevBzysXvZuBk84K1RXOGd7UV_Zgy-XBQ%3D%3D>)
I/org.umd.logging(21001): Api < 3639 java.net.URL.openConnection(com.android.okhttp.internal.http.HttpsURLConnectionImpl@797314689)
I/org.umd.logging(21001): Api > 3639 java.net.URL.openConnection(java.net.URL@222669606<URL=https://events3alt.adcolony.com/t/5.0/session_start?pl=me75MsM3czvnXxi4Ahvrw-7r8wdjyoBM3jrToMY8MSekanz5g9vfU4B3itAm8O7uvPxDM2GMJxMxRzjwfyRImqnVS7-omaGdtAuo8LU1alml5Z8so-m8TuoepIW_L2fvM8JbVcaxDAalp3_UAlPY4AYJph6t_syo0dUhmAuxnPRlpoKmxdzho3jF6BQIhThKqWLSs1Yz1-STE_-3HQat-DIWWpwG1WV64zPq6pKsWKEc0Cjg7xKWL3j7jwyRMDl2Z8vL3epagEUEPeciLIVW833bV9M0vELcID6i55Nfu7KBFdkWJubPEhIzAe6xFAMlstN5mnt03UyJXxtyO_Tq9I1mBq-d5NvwlZ3Z4rsBuHgxUmevBzysXvZuBk84K1RXOGd7UV_Zgy-XBQ%3D%3D>)
I/org.umd.logging(21001): Api < 3639 java.net.URL.openConnection(com.android.okhttp.internal.http.HttpsURLConnectionImpl@640918375)
I/org.umd.logging(21001): Method > 3638 com.jirbo.adcolony.ADCDownload.run(com.jirbo.adcolony.ADCDownload@141567252)
I/org.umd.logging(21001): Api > 3638 java.net.URL.openConnection(java.net.URL@75764157<URL=https://events3.adcolony.com/t/5.0/install?pl=me75MsM3czvnXxi4Ahvrw-7r8wdjyoBM3jrToMY8MSekanz5g9vfU4B3itAm8O7uvPxDM2GMJxMxRzjwfyRImqnVS7-omaGdtAuo8LU1alml5Z8so-m8TuoepIW_L2fvM8JbVcaxDAalp3_UAlPY4AYJph6t_syo0dUhmAuxnPRlpoKmxdzho3jF6BQIhThKqWLSs1Yz1-STE_-3HQat-DIWWpwG1WV64zPq6pKsWKEc0Cjg7xKWL3j7jwyRMDl2Z8vL3epagEUEPeciLIVW833bV9M0vELcID6i55Nfu7KBFdkWJubPEhIzAe6xFAMlstN5mnt03UyJXxtyO_Tq9I1mBq-d5NvwlZ3Z4rsBuHgxUmevBzysXvZuBk84K1RXOGd7UV_Zgy-XBQ%3D%3D>)
I/org.umd.logging(21001): Api < 3638 java.net.URL.openConnection(com.android.okhttp.internal.http.HttpsURLConnectionImpl@517034930)
I/org.umd.logging(21001): Api > 3638 java.net.URL.openConnection(java.net.URL@340594435<URL=https://events3.adcolony.com/t/5.0/install?pl=me75MsM3czvnXxi4Ahvrw-7r8wdjyoBM3jrToMY8MSekanz5g9vfU4B3itAm8O7uvPxDM2GMJxMxRzjwfyRImqnVS7-omaGdtAuo8LU1alml5Z8so-m8TuoepIW_L2fvM8JbVcaxDAalp3_UAlPY4AYJph6t_syo0dUhmAuxnPRlpoKmxdzho3jF6BQIhThKqWLSs1Yz1-STE_-3HQat-DIWWpwG1WV64zPq6pKsWKEc0Cjg7xKWL3j7jwyRMDl2Z8vL3epagEUEPeciLIVW833bV9M0vELcID6i55Nfu7KBFdkWJubPEhIzAe6xFAMlstN5mnt03UyJXxtyO_Tq9I1mBq-d5NvwlZ3Z4rsBuHgxUmevBzysXvZuBk84K1RXOGd7UV_Zgy-XBQ%3D%3D>)
I/org.umd.logging(21001): Api < 3638 java.net.URL.openConnection(com.android.okhttp.internal.http.HttpsURLConnectionImpl@1052016256)
I/org.umd.logging(21001): Method > 1 com.migal.android.MigalView.onTouchEvent(com.migal.android.MigalView@937357795<file=2016-12-08_10:40:10.233><x=0><y=0><width=768><height=1280><id=2131558495><imagename=migal_view>, android.view.MotionEvent@701224173)
I/org.umd.logging(21001): Method < 1 com.migal.android.MigalView.onTouchEvent(true)
E/Cataloger( 8854): syncFile:/storage/emulated/0/2016-12-08_10:40:10.233.jpg
I/org.umd.logging(21001): Method > 3411 com.migal.android.MigalView$1.run(com.migal.android.MigalView$1@140840121)
I/org.umd.logging(21001): Method < 3411 com.migal.android.MigalView$1.run()
I/org.umd.logging(21001): Method > 3411 com.migal.android.MigalView$1.run(com.migal.android.MigalView$1@754776318)
I/org.umd.logging(21001): Method < 3411 com.migal.android.MigalView$1.run()
E/Cataloger( 8854): syncFile:/storage/emulated/0/2016-12-08_10:40:10.405.jpg
I/org.umd.logging(21001): Api > 3639 android.net.ConnectivityManager.getActiveNetworkInfo(android.net.ConnectivityManager@813451098)
I/org.umd.logging(21001): Api < 3639 android.net.ConnectivityManager.getActiveNetworkInfo(android.net.NetworkInfo@212576010)
I/org.umd.logging(21001): Api > 3639 android.net.ConnectivityManager.getActiveNetworkInfo(android.net.ConnectivityManager@813451098)
I/org.umd.logging(21001): Api < 3639 android.net.ConnectivityManager.getActiveNetworkInfo(android.net.NetworkInfo@766991227)
I/org.umd.logging(21001): Method < 3639 com.jirbo.adcolony.ADCDownload.run()
I/org.umd.logging(21001): Api > 3638 android.net.ConnectivityManager.getActiveNetworkInfo(android.net.ConnectivityManager@813451098)
I/org.umd.logging(21001): Api < 3638 android.net.ConnectivityManager.getActiveNetworkInfo(android.net.NetworkInfo@286498200)
I/org.umd.logging(21001): Method < 3638 com.jirbo.adcolony.ADCDownload.run()
I/org.umd.logging(21001): Method > 1 com.migal.android.MigalView.onTouchEvent(com.migal.android.MigalView@937357795<file=2016-12-08_10:40:10.405><x=0><y=0><width=768><height=1280><id=2131558495><imagename=migal_view>, android.view.MotionEvent@701224173)
I/org.umd.logging(21001): Method < 1 com.migal.android.MigalView.onTouchEvent(true)
E/Cataloger( 8854): syncFile:/storage/emulated/0/2016-12-08_10:40:10.405.jpg
I/org.umd.logging(21001): Method > 3411 com.migal.android.MigalView$1.run(com.migal.android.MigalView$1@988715505)
I/org.umd.logging(21001): Method < 3411 com.migal.android.MigalView$1.run()
E/Cataloger( 8854): syncFile:/storage/emulated/0/2016-12-08_10:40:10.594.jpg
I/org.umd.logging(21001): Method > 1 com.migal.android.MigalView.onTouchEvent(com.migal.android.MigalView@937357795<file=2016-12-08_10:40:10.594><x=0><y=0><width=768><height=1280><id=2131558495><imagename=migal_view>, android.view.MotionEvent@701224173)
E/Cataloger( 8854): syncFile:/storage/emulated/0/2016-12-08_10:40:10.594.jpg
I/org.umd.logging(21001): Method < 1 com.migal.android.MigalView.onTouchEvent(true)
I/org.umd.logging(21001): Method > 3411 com.migal.android.MigalView$1.run(com.migal.android.MigalView$1@199567830)
I/org.umd.logging(21001): Method < 3411 com.migal.android.MigalView$1.run()
I/org.umd.logging(21001): Method > 3411 com.migal.android.MigalView$1.run(com.migal.android.MigalView$1@349582423)
I/org.umd.logging(21001): Method < 3411 com.migal.android.MigalView$1.run()
I/org.umd.logging(21001): Method > 3411 com.migal.android.MigalView$1.run(com.migal.android.MigalView$1@896596804)
I/org.umd.logging(21001): Method < 3411 com.migal.android.MigalView$1.run()
E/Cataloger( 8854): syncFile:/storage/emulated/0/2016-12-08_10:40:10.755.jpg
I/org.umd.logging(21001): Method > 1 com.migal.android.MigalView.onTouchEvent(com.migal.android.MigalView@937357795<file=2016-12-08_10:40:10.755><x=0><y=0><width=768><height=1280><id=2131558495><imagename=migal_view>, android.view.MotionEvent@701224173)
I/org.umd.logging(21001): Method < 1 com.migal.android.MigalView.onTouchEvent(true)
E/Cataloger( 8854): syncFile:/storage/emulated/0/2016-12-08_10:40:10.755.jpg
I/org.umd.logging(21001): Method > 3411 com.migal.android.MigalView$1.run(com.migal.android.MigalView$1@138535981)
I/org.umd.logging(21001): Method < 3411 com.migal.android.MigalView$1.run()
E/Cataloger( 8854): syncFile:/storage/emulated/0/2016-12-08_10:40:10.931.jpg
I/org.umd.logging(21001): Method > 1 com.migal.android.MigalView.onTouchEvent(com.migal.android.MigalView@937357795<file=2016-12-08_10:40:10.931><x=0><y=0><width=768><height=1280><id=2131558495><imagename=migal_view>, android.view.MotionEvent@701224173)
I/org.umd.logging(21001): Method < 1 com.migal.android.MigalView.onTouchEvent(true)
E/Cataloger( 8854): syncFile:/storage/emulated/0/2016-12-08_10:40:10.931.jpg
I/org.umd.logging(21001): Method > 3411 com.migal.android.MigalView$1.run(com.migal.android.MigalView$1@1063390562)
I/org.umd.logging(21001): Method < 3411 com.migal.android.MigalView$1.run()
E/Cataloger( 8854): syncFile:/storage/emulated/0/2016-12-08_10:40:11.117.jpg
E/WifiStateMachine(  591): WifiStateMachine CMD_START_SCAN source -2 txSuccessRate=59.60 rxSuccessRate=110.86 targetRoamBSSID=any RSSI=-48
I/org.umd.logging(21001): Method > 1 com.migal.android.MigalView.onTouchEvent(com.migal.android.MigalView@937357795<file=2016-12-08_10:40:11.117><x=0><y=0><width=768><height=1280><id=2131558495><imagename=migal_view>, android.view.MotionEvent@701224173)
E/Cataloger( 8854): syncFile:/storage/emulated/0/2016-12-08_10:40:11.117.jpg
I/org.umd.logging(21001): Method < 1 com.migal.android.MigalView.onTouchEvent(true)
I/org.umd.logging(21001): Method > 3411 com.migal.android.MigalView$1.run(com.migal.android.MigalView$1@413122291)
I/org.umd.logging(21001): Method < 3411 com.migal.android.MigalView$1.run()
E/Cataloger( 8854): syncFile:/storage/emulated/0/2016-12-08_10:40:11.311.jpg
I/DownloadManagerWrapper(  985): onReceive() : Charging = true
I/org.umd.logging(21001): Method > 1 com.migal.android.MigalView.onTouchEvent(com.migal.android.MigalView@937357795<file=2016-12-08_10:40:11.311><x=0><y=0><width=768><height=1280><id=2131558495><imagename=migal_view>, android.view.MotionEvent@701224173)
E/Cataloger( 8854): syncFile:/storage/emulated/0/2016-12-08_10:40:11.311.jpg
I/org.umd.logging(21001): Method < 1 com.migal.android.MigalView.onTouchEvent(true)
I/org.umd.logging(21001): Method > 3411 com.migal.android.MigalView$1.run(com.migal.android.MigalView$1@33920553)
I/org.umd.logging(21001): Method < 3411 com.migal.android.MigalView$1.run()
E/Cataloger( 8854): syncFile:/storage/emulated/0/2016-12-08_10:40:11.527.jpg
I/org.umd.logging(21001): Method > 1 com.migal.android.MigalView.onTouchEvent(com.migal.android.MigalView@937357795<file=2016-12-08_10:40:11.527><x=0><y=0><width=768><height=1280><id=2131558495><imagename=migal_view>, android.view.MotionEvent@701224173)
I/org.umd.logging(21001): Method < 1 com.migal.android.MigalView.onTouchEvent(true)
E/Cataloger( 8854): syncFile:/storage/emulated/0/2016-12-08_10:40:11.527.jpg
I/InputDispatcher(  591): Window 'Window{12a41b3 u0 com.fortafygames.colorswitch/com.migal.android.MigalActivity}' spent 2054.5ms processing the last input event: MotionEvent(deviceId=6, source=0x00001002, action=2, flags=0x00000000, metaState=0x00000000, buttonState=0x00000000, edgeFlags=0x00000000, xPrecision=2.0, yPrecision=2.0, displayId=0, pointers=[0: (513.0, 1014.0)]), policyFlags=0x62000000
I/org.umd.logging(21001): Method > 3411 com.migal.android.MigalView$1.run(com.migal.android.MigalView$1@483892654)
I/org.umd.logging(21001): Method < 3411 com.migal.android.MigalView$1.run()
E/Cataloger( 8854): syncFile:/storage/emulated/0/2016-12-08_10:40:11.707.jpg
E/Cataloger( 8854): syncFile:/storage/emulated/0/2016-12-08_10:40:11.707.jpg
I/org.umd.logging(21001): Method > 1 com.migal.android.MigalView.onTouchEvent(com.migal.android.MigalView@937357795<file=2016-12-08_10:40:11.707><x=0><y=0><width=768><height=1280><id=2131558495><imagename=migal_view>, android.view.MotionEvent@701224173)
I/org.umd.logging(21001): Method < 1 com.migal.android.MigalView.onTouchEvent(true)
I/InputDispatcher(  591): Window 'Window{12a41b3 u0 com.fortafygames.colorswitch/com.migal.android.MigalActivity}' spent 2231.0ms processing the last input event: MotionEvent(deviceId=6, source=0x00001002, action=261, flags=0x00000000, metaState=0x00000000, buttonState=0x00000000, edgeFlags=0x00000000, xPrecision=2.0, yPrecision=2.0, displayId=0, pointers=[0: (513.0, 1014.0), 1: (170.0, 739.5)]), policyFlags=0x62000000
I/org.umd.logging(21001): Method > 3411 com.migal.android.MigalView$1.run(com.migal.android.MigalView$1@476927823)
I/org.umd.logging(21001): Method < 3411 com.migal.android.MigalView$1.run()
E/Cataloger( 8854): syncFile:/storage/emulated/0/2016-12-08_10:40:11.885.jpg
I/org.umd.logging(21001): Method > 3604 com.heyzap.sdk.mediation.adapter.AdcolonyAdapter$3$1$1.run(com.heyzap.sdk.mediation.adapter.AdcolonyAdapter$3$1$1@46672918)
I/AdColony(21001): Ad is not ready to be played, as AdColony currently has no videos available to be played in zone vz352672a93b474c81ac.
I/org.umd.logging(21001): Method < 3604 com.heyzap.sdk.mediation.adapter.AdcolonyAdapter$3$1$1.run()
I/org.umd.logging(21001): Method > 1 com.migal.android.MigalView.onTouchEvent(com.migal.android.MigalView@937357795<file=2016-12-08_10:40:11.885><x=0><y=0><width=768><height=1280><id=2131558495><imagename=migal_view>, android.view.MotionEvent@701224173)
I/org.umd.logging(21001): Method < 1 com.migal.android.MigalView.onTouchEvent(true)
E/Cataloger( 8854): syncFile:/storage/emulated/0/2016-12-08_10:40:11.885.jpg
I/InputDispatcher(  591): Window 'Window{12a41b3 u0 com.fortafygames.colorswitch/com.migal.android.MigalActivity}' spent 2407.8ms processing the last input event: MotionEvent(deviceId=6, source=0x00001002, action=517, flags=0x00000000, metaState=0x00000000, buttonState=0x00000000, edgeFlags=0x00000000, xPrecision=2.0, yPrecision=2.0, displayId=0, pointers=[0: (513.0, 1014.0), 1: (170.0, 739.5), 2: (401.0, 743.5)]), policyFlags=0x62000000
I/org.umd.logging(21001): Method > 3411 com.migal.android.MigalView$1.run(com.migal.android.MigalView$1@21130972)
I/org.umd.logging(21001): Method < 3411 com.migal.android.MigalView$1.run()
I/org.umd.logging(21001): Method > 3516 com.heyzap.sdk.mediation.adapter.AdcolonyAdapter$3$1$1.run(com.heyzap.sdk.mediation.adapter.AdcolonyAdapter$3$1$1@414408575)
I/AdColony(21001): Ad is not ready to be played, as AdColony currently has no videos available to be played in zone vzba4d153f86e5459b81.
I/org.umd.logging(21001): Method < 3516 com.heyzap.sdk.mediation.adapter.AdcolonyAdapter$3$1$1.run()
E/Cataloger( 8854): syncFile:/storage/emulated/0/2016-12-08_10:40:12.060.jpg
I/art     (21001): Background partial concurrent mark sweep GC freed 1796(98KB) AllocSpace objects, 6(22MB) LOS objects, 32% free, 32MB/48MB, paused 4.822ms total 110.422ms
E/chromium(21001): [ERROR:ffmpeg_demuxer.cc(1595)] OnReadFrameDone result=-541478725 IsMaxMemoryUsageReached=0
I/org.umd.logging(21001): Method > 1 com.migal.android.MigalView.onTouchEvent(com.migal.android.MigalView@937357795<file=2016-12-08_10:40:12.060><x=0><y=0><width=768><height=1280><id=2131558495><imagename=migal_view>, android.view.MotionEvent@701224173)
I/org.umd.logging(21001): Method < 1 com.migal.android.MigalView.onTouchEvent(true)
I/InputDispatcher(  591): Window 'Window{12a41b3 u0 com.fortafygames.colorswitch/com.migal.android.MigalActivity}' spent 2572.7ms processing the last input event: MotionEvent(deviceId=6, source=0x00001002, action=2, flags=0x00000000, metaState=0x00000000, buttonState=0x00000000, edgeFlags=0x00000000, xPrecision=2.0, yPrecision=2.0, displayId=0, pointers=[0: (512.5, 1014.5), 1: (167.5, 740.0), 2: (394.0, 745.0)]), policyFlags=0x62000000
I/InputDispatcher(  591): Window 'Window{12a41b3 u0 com.fortafygames.colorswitch/com.migal.android.MigalActivity}' spent 2572.1ms processing the last input event: MotionEvent(deviceId=6, source=0x00001002, action=2, flags=0x00000000, metaState=0x00000000, buttonState=0x00000000, edgeFlags=0x00000000, xPrecision=2.0, yPrecision=2.0, displayId=0, pointers=[0: (511.5, 1015.0), 1: (167.5, 740.0), 2: (394.0, 745.0)]), policyFlags=0x62000000
E/Cataloger( 8854): syncFile:/storage/emulated/0/2016-12-08_10:40:12.060.jpg
I/org.umd.logging(21001): Method > 3411 com.migal.android.MigalView$1.run(com.migal.android.MigalView$1@557345765)
I/org.umd.logging(21001): Method < 3411 com.migal.android.MigalView$1.run()
I/org.umd.logging(21001): Method > 3411 com.migal.android.MigalView$1.run(com.migal.android.MigalView$1@772007610)
I/org.umd.logging(21001): Method < 3411 com.migal.android.MigalView$1.run()
I/org.umd.logging(21001): Method > 3411 com.migal.android.MigalView$1.run(com.migal.android.MigalView$1@902961515)
I/org.umd.logging(21001): Method < 3411 com.migal.android.MigalView$1.run()
E/Cataloger( 8854): syncFile:/storage/emulated/0/2016-12-08_10:40:12.227.jpg
I/org.umd.logging(21001): Method > 1 com.migal.android.MigalView.onTouchEvent(com.migal.android.MigalView@937357795<file=2016-12-08_10:40:12.227><x=0><y=0><width=768><height=1280><id=2131558495><imagename=migal_view>, android.view.MotionEvent@701224173)
I/org.umd.logging(21001): Method < 1 com.migal.android.MigalView.onTouchEvent(true)
E/Cataloger( 8854): syncFile:/storage/emulated/0/2016-12-08_10:40:12.227.jpg
I/InputDispatcher(  591): Window 'Window{12a41b3 u0 com.fortafygames.colorswitch/com.migal.android.MigalActivity}' spent 2741.8ms processing the last input event: MotionEvent(deviceId=6, source=0x00001002, action=518, flags=0x00000000, metaState=0x00000000, buttonState=0x00000000, edgeFlags=0x00000000, xPrecision=2.0, yPrecision=2.0, displayId=0, pointers=[0: (509.5, 1016.0), 1: (167.0, 740.0), 2: (394.0, 745.0)]), policyFlags=0x62000000
I/org.umd.logging(21001): Method > 3411 com.migal.android.MigalView$1.run(com.migal.android.MigalView$1@32873672)
I/org.umd.logging(21001): Method < 3411 com.migal.android.MigalView$1.run()
E/Cataloger( 8854): syncFile:/storage/emulated/0/2016-12-08_10:40:12.397.jpg
I/org.umd.logging(21001): Method > 1 com.migal.android.MigalView.onTouchEvent(com.migal.android.MigalView@937357795<file=2016-12-08_10:40:12.397><x=0><y=0><width=768><height=1280><id=2131558495><imagename=migal_view>, android.view.MotionEvent@701224173)
I/org.umd.logging(21001): Method < 1 com.migal.android.MigalView.onTouchEvent(true)
E/Cataloger( 8854): syncFile:/storage/emulated/0/2016-12-08_10:40:12.397.jpg
I/InputDispatcher(  591): Window 'Window{12a41b3 u0 com.fortafygames.colorswitch/com.migal.android.MigalActivity}' spent 2909.8ms processing the last input event: MotionEvent(deviceId=6, source=0x00001002, action=2, flags=0x00000000, metaState=0x00000000, buttonState=0x00000000, edgeFlags=0x00000000, xPrecision=2.0, yPrecision=2.0, displayId=0, pointers=[0: (509.5, 1016.0), 1: (167.0, 740.0)]), policyFlags=0x62000000
I/InputDispatcher(  591): Window 'Window{12a41b3 u0 com.fortafygames.colorswitch/com.migal.android.MigalActivity}' spent 2910.1ms processing the last input event: MotionEvent(deviceId=6, source=0x00001002, action=2, flags=0x00000000, metaState=0x00000000, buttonState=0x00000000, edgeFlags=0x00000000, xPrecision=2.0, yPrecision=2.0, displayId=0, pointers=[0: (506.0, 1017.5), 1: (166.5, 740.0)]), policyFlags=0x62000000
I/org.umd.logging(21001): Method > 3411 com.migal.android.MigalView$1.run(com.migal.android.MigalView$1@906551649)
I/org.umd.logging(21001): Method < 3411 com.migal.android.MigalView$1.run()
I/org.umd.logging(21001): Method > 3411 com.migal.android.MigalView$1.run(com.migal.android.MigalView$1@679064710)
I/org.umd.logging(21001): Method < 3411 com.migal.android.MigalView$1.run()
E/Cataloger( 8854): syncFile:/storage/emulated/0/2016-12-08_10:40:12.566.jpg
I/org.umd.logging(21001): Method > 1 com.migal.android.MigalView.onTouchEvent(com.migal.android.MigalView@937357795<file=2016-12-08_10:40:12.566><x=0><y=0><width=768><height=1280><id=2131558495><imagename=migal_view>, android.view.MotionEvent@701224173)
I/org.umd.logging(21001): Method < 1 com.migal.android.MigalView.onTouchEvent(true)
E/Cataloger( 8854): syncFile:/storage/emulated/0/2016-12-08_10:40:12.566.jpg
I/InputDispatcher(  591): Window 'Window{12a41b3 u0 com.fortafygames.colorswitch/com.migal.android.MigalActivity}' spent 3082.9ms processing the last input event: MotionEvent(deviceId=6, source=0x00001002, action=262, flags=0x00000000, metaState=0x00000000, buttonState=0x00000000, edgeFlags=0x00000000, xPrecision=2.0, yPrecision=2.0, displayId=0, pointers=[0: (500.5, 1019.0), 1: (166.5, 740.0)]), policyFlags=0x62000000
I/org.umd.logging(21001): Method > 3411 com.migal.android.MigalView$1.run(com.migal.android.MigalView$1@913760583)
I/org.umd.logging(21001): Method < 3411 com.migal.android.MigalView$1.run()
E/Cataloger( 8854): syncFile:/storage/emulated/0/2016-12-08_10:40:12.740.jpg
I/org.umd.logging(21001): Method > 1 com.migal.android.MigalView.onTouchEvent(com.migal.android.MigalView@937357795<file=2016-12-08_10:40:12.740><x=0><y=0><width=768><height=1280><id=2131558495><imagename=migal_view>, android.view.MotionEvent@701224173)
I/org.umd.logging(21001): Method < 1 com.migal.android.MigalView.onTouchEvent(true)
I/InputDispatcher(  591): Window 'Window{12a41b3 u0 com.fortafygames.colorswitch/com.migal.android.MigalActivity}' spent 3266.0ms processing the last input event: MotionEvent(deviceId=6, source=0x00001002, action=2, flags=0x00000000, metaState=0x00000000, buttonState=0x00000000, edgeFlags=0x00000000, xPrecision=2.0, yPrecision=2.0, displayId=0, pointers=[0: (500.5, 1019.0)]), policyFlags=0x62000000
I/InputDispatcher(  591): Window 'Window{12a41b3 u0 com.fortafygames.colorswitch/com.migal.android.MigalActivity}' spent 3265.7ms processing the last input event: MotionEvent(deviceId=6, source=0x00001002, action=2, flags=0x00000000, metaState=0x00000000, buttonState=0x00000000, edgeFlags=0x00000000, xPrecision=2.0, yPrecision=2.0, displayId=0, pointers=[0: (497.0, 1020.0)]), policyFlags=0x62000000
E/Cataloger( 8854): syncFile:/storage/emulated/0/2016-12-08_10:40:12.740.jpg
I/org.umd.logging(21001): Method > 3411 com.migal.android.MigalView$1.run(com.migal.android.MigalView$1@757841268)
I/org.umd.logging(21001): Method < 3411 com.migal.android.MigalView$1.run()
W/cr_media(21001): calling MediaCodec.release() on OMX.qcom.video.decoder.avc
E/Cataloger( 8854): syncFile:/storage/emulated/0/2016-12-08_10:40:12.922.jpg
E/BufferQueueProducer(21001): [unnamed-21001-0] cancelBuffer: BufferQueue has been abandoned
E/BufferQueueProducer(21001): [unnamed-21001-0] cancelBuffer: BufferQueue has been abandoned
E/BufferQueueProducer(21001): [unnamed-21001-0] cancelBuffer: BufferQueue has been abandoned
E/BufferQueueProducer(21001): [unnamed-21001-0] cancelBuffer: BufferQueue has been abandoned
E/BufferQueueProducer(21001): [unnamed-21001-0] cancelBuffer: BufferQueue has been abandoned
E/BufferQueueProducer(21001): [unnamed-21001-0] cancelBuffer: BufferQueue has been abandoned
E/BufferQueueProducer(21001): [unnamed-21001-0] cancelBuffer: BufferQueue has been abandoned
E/BufferQueueProducer(21001): [unnamed-21001-0] cancelBuffer: BufferQueue has been abandoned
E/BufferQueueProducer(21001): [unnamed-21001-0] cancelBuffer: BufferQueue has been abandoned
E/BufferQueueProducer(21001): [unnamed-21001-0] cancelBuffer: BufferQueue has been abandoned
E/BufferQueueProducer(21001): [unnamed-21001-0] cancelBuffer: BufferQueue has been abandoned
E/BufferQueueProducer(21001): [unnamed-21001-0] cancelBuffer: BufferQueue has been abandoned
E/BufferQueueProducer(21001): [unnamed-21001-0] cancelBuffer: BufferQueue has been abandoned
E/BufferQueueProducer(21001): [unnamed-21001-0] cancelBuffer: BufferQueue has been abandoned
E/BufferQueueProducer(21001): [unnamed-21001-0] cancelBuffer: BufferQueue has been abandoned
E/BufferQueueProducer(21001): [unnamed-21001-0] cancelBuffer: BufferQueue has been abandoned
E/BufferQueueProducer(21001): [unnamed-21001-0] cancelBuffer: BufferQueue has been abandoned
E/BufferQueueProducer(21001): [unnamed-21001-0] cancelBuffer: BufferQueue has been abandoned
E/OMX-VDEC-1080P(  188): 
E/OMX-VDEC-1080P(  188):  Error in ioctl read next msg
E/        (  188): 
E/        (  188):  Destroy C2D instance
E/        (  188): 
E/        (  188):  Destroy C2D instance
I/org.umd.logging(21001): Method > 1 com.migal.android.MigalView.onTouchEvent(com.migal.android.MigalView@937357795<file=2016-12-08_10:40:12.922><x=0><y=0><width=768><height=1280><id=2131558495><imagename=migal_view>, android.view.MotionEvent@701224173)
I/org.umd.logging(21001): Method < 1 com.migal.android.MigalView.onTouchEvent(true)
I/InputDispatcher(  591): Window 'Window{12a41b3 u0 com.fortafygames.colorswitch/com.migal.android.MigalActivity}' spent 3455.5ms processing the last input event: MotionEvent(deviceId=6, source=0x00001002, action=1, flags=0x00000000, metaState=0x00000000, buttonState=0x00000000, edgeFlags=0x00000000, xPrecision=2.0, yPrecision=2.0, displayId=0, pointers=[0: (497.0, 1020.0)]), policyFlags=0x62000000
I/InputDispatcher(  591): Dropped event because it is stale.
I/InputDispatcher(  591): Dropped event because it is stale.
I/InputDispatcher(  591): Dropped event because it is stale.
I/InputDispatcher(  591): Dropped event because it is stale.
I/InputDispatcher(  591): Dropped event because it is stale.
I/InputDispatcher(  591): Dropped event because it is stale.
I/InputDispatcher(  591): Dropped event because it is stale.
I/InputDispatcher(  591): Dropped event because it is stale.
I/InputDispatcher(  591): Dropped event because it is stale.
E/Cataloger( 8854): syncFile:/storage/emulated/0/2016-12-08_10:40:12.922.jpg
I/org.umd.logging(21001): Method > 3411 com.migal.android.MigalView$1.run(com.migal.android.MigalView$1@185676445)
I/org.umd.logging(21001): Method < 3411 com.migal.android.MigalView$1.run()
E/Cataloger( 8854): syncFile:/storage/emulated/0/2016-12-08_10:40:13.113.jpg
I/org.umd.logging(21001): Method > 1 com.migal.android.MigalView.onTouchEvent(com.migal.android.MigalView@937357795<file=2016-12-08_10:40:13.113><x=0><y=0><width=768><height=1280><id=2131558495><imagename=migal_view>, android.view.MotionEvent@701224173)
I/org.umd.logging(21001): Method < 1 com.migal.android.MigalView.onTouchEvent(true)
I/InputDispatcher(  591): Window 'Window{12a41b3 u0 com.fortafygames.colorswitch/com.migal.android.MigalActivity}' spent 3618.0ms processing the last input event: MotionEvent(deviceId=6, source=0x00001002, action=0, flags=0x00000000, metaState=0x00000000, buttonState=0x00000000, edgeFlags=0x00000000, xPrecision=2.0, yPrecision=2.0, displayId=0, pointers=[0: (47.5, 565.5)]), policyFlags=0x62000000
E/Cataloger( 8854): syncFile:/storage/emulated/0/2016-12-08_10:40:13.113.jpg
I/InputDispatcher(  591): Dropped event because it is stale.
I/InputDispatcher(  591): Dropped event because it is stale.
I/InputDispatcher(  591): Dropped event because it is stale.
I/InputDispatcher(  591): Dropped event because it is stale.
I/InputDispatcher(  591): Dropped event because it is stale.
I/InputDispatcher(  591): Dropped event because it is stale.
I/org.umd.logging(21001): Method > 3411 com.migal.android.MigalView$1.run(com.migal.android.MigalView$1@908890898)
I/org.umd.logging(21001): Method < 3411 com.migal.android.MigalView$1.run()
E/Cataloger( 8854): syncFile:/storage/emulated/0/2016-12-08_10:40:13.275.jpg
