W/ViewRootImpl(  729): Cancelling event due to no window focus: KeyEvent { action=ACTION_UP, keyCode=KEYCODE_MENU, scanCode=0, metaState=0, flags=0x28, repeatCount=0, eventTime=167582180, downTime=167582180, deviceId=-1, source=0x101 }
W/ViewRootImpl(  729): Cancelling event due to no window focus: KeyEvent { action=ACTION_UP, keyCode=KEYCODE_MENU, scanCode=0, metaState=0, flags=0x28, repeatCount=0, eventTime=167582180, downTime=167582180, deviceId=-1, source=0x101 }
W/ViewRootImpl(  729): Cancelling event due to no window focus: KeyEvent { action=ACTION_UP, keyCode=KEYCODE_MENU, scanCode=0, metaState=0, flags=0x28, repeatCount=0, eventTime=167582180, downTime=167582180, deviceId=-1, source=0x101 }
W/ViewRootImpl(  729): Dropping event due to no window focus: KeyEvent { action=ACTION_DOWN, keyCode=KEYCODE_DPAD_DOWN, scanCode=0, metaState=0, flags=0x8, repeatCount=0, eventTime=167582230, downTime=167582230, deviceId=-1, source=0x101 }
W/ViewRootImpl(  729): Cancelling event due to no window focus: KeyEvent { action=ACTION_UP, keyCode=KEYCODE_DPAD_DOWN, scanCode=0, metaState=0, flags=0x28, repeatCount=0, eventTime=167582243, downTime=167582243, deviceId=-1, source=0x101 }
W/ViewRootImpl(  729): Cancelling event due to no window focus: KeyEvent { action=ACTION_UP, keyCode=KEYCODE_DPAD_DOWN, scanCode=0, metaState=0, flags=0x28, repeatCount=0, eventTime=167582243, downTime=167582243, deviceId=-1, source=0x101 }
W/ViewRootImpl(  729): Cancelling event due to no window focus: KeyEvent { action=ACTION_UP, keyCode=KEYCODE_DPAD_DOWN, scanCode=0, metaState=0, flags=0x28, repeatCount=0, eventTime=167582243, downTime=167582243, deviceId=-1, source=0x101 }
W/ViewRootImpl(  729): Cancelling event due to no window focus: KeyEvent { action=ACTION_UP, keyCode=KEYCODE_DPAD_DOWN, scanCode=0, metaState=0, flags=0x28, repeatCount=0, eventTime=167582243, downTime=167582243, deviceId=-1, source=0x101 }
W/ViewRootImpl(  729): Cancelling event due to no window focus: KeyEvent { action=ACTION_UP, keyCode=KEYCODE_DPAD_DOWN, scanCode=0, metaState=0, flags=0x28, repeatCount=0, eventTime=167582243, downTime=167582243, deviceId=-1, source=0x101 }
W/ViewRootImpl(  729): Cancelling event due to no window focus: KeyEvent { action=ACTION_UP, keyCode=KEYCODE_DPAD_DOWN, scanCode=0, metaState=0, flags=0x28, repeatCount=0, eventTime=167582243, downTime=167582243, deviceId=-1, source=0x101 }
W/ViewRootImpl(  729): Cancelling event due to no window focus: KeyEvent { action=ACTION_UP, keyCode=KEYCODE_DPAD_DOWN, scanCode=0, metaState=0, flags=0x28, repeatCount=0, eventTime=167582243, downTime=167582243, deviceId=-1, source=0x101 }
W/ViewRootImpl(  729): Cancelling event due to no window focus: KeyEvent { action=ACTION_UP, keyCode=KEYCODE_DPAD_DOWN, scanCode=0, metaState=0, flags=0x28, repeatCount=0, eventTime=167582243, downTime=167582243, deviceId=-1, source=0x101 }
W/ViewRootImpl(  729): Cancelling event due to no window focus: KeyEvent { action=ACTION_UP, keyCode=KEYCODE_DPAD_DOWN, scanCode=0, metaState=0, flags=0x28, repeatCount=0, eventTime=167582243, downTime=167582243, deviceId=-1, source=0x101 }
W/InputMethodManagerService(  591): Window already focused, ignoring focus gain of: com.android.internal.view.IInputMethodClient$Stub$Proxy@397f0d80 attribute=null, token = android.os.BinderProxy@3cee7226
W/ViewRootImpl(  729): Dropping event due to no window focus: KeyEvent { action=ACTION_DOWN, keyCode=KEYCODE_DPAD_RIGHT, scanCode=0, metaState=0, flags=0x8, repeatCount=0, eventTime=167582550, downTime=167582550, deviceId=-1, source=0x101 }
W/InputMethodManagerService(  591): Window already focused, ignoring focus gain of: com.android.internal.view.IInputMethodClient$Stub$Proxy@8781ac attribute=null, token = android.os.BinderProxy@3cee7226
W/ViewRootImpl(  729): Cancelling event due to no window focus: KeyEvent { action=ACTION_UP, keyCode=KEYCODE_DPAD_RIGHT, scanCode=0, metaState=0, flags=0x28, repeatCount=0, eventTime=167582561, downTime=167582561, deviceId=-1, source=0x101 }
W/ViewRootImpl(  729): Cancelling event due to no window focus: KeyEvent { action=ACTION_UP, keyCode=KEYCODE_DPAD_RIGHT, scanCode=0, metaState=0, flags=0x28, repeatCount=0, eventTime=167582561, downTime=167582561, deviceId=-1, source=0x101 }
W/ViewRootImpl(  729): Cancelling event due to no window focus: KeyEvent { action=ACTION_UP, keyCode=KEYCODE_DPAD_RIGHT, scanCode=0, metaState=0, flags=0x28, repeatCount=0, eventTime=167582561, downTime=167582561, deviceId=-1, source=0x101 }
W/ViewRootImpl(  729): Cancelling event due to no window focus: KeyEvent { action=ACTION_UP, keyCode=KEYCODE_DPAD_RIGHT, scanCode=0, metaState=0, flags=0x28, repeatCount=0, eventTime=167582561, downTime=167582561, deviceId=-1, source=0x101 }
W/ViewRootImpl(  729): Cancelling event due to no window focus: KeyEvent { action=ACTION_UP, keyCode=KEYCODE_DPAD_RIGHT, scanCode=0, metaState=0, flags=0x28, repeatCount=0, eventTime=167582561, downTime=167582561, deviceId=-1, source=0x101 }
W/ViewRootImpl(  729): Cancelling event due to no window focus: KeyEvent { action=ACTION_UP, keyCode=KEYCODE_DPAD_RIGHT, scanCode=0, metaState=0, flags=0x28, repeatCount=0, eventTime=167582561, downTime=167582561, deviceId=-1, source=0x101 }
W/ViewRootImpl(  729): Cancelling event due to no window focus: KeyEvent { action=ACTION_UP, keyCode=KEYCODE_DPAD_RIGHT, scanCode=0, metaState=0, flags=0x28, repeatCount=0, eventTime=167582561, downTime=167582561, deviceId=-1, source=0x101 }
W/ViewRootImpl(  729): Cancelling event due to no window focus: KeyEvent { action=ACTION_UP, keyCode=KEYCODE_DPAD_RIGHT, scanCode=0, metaState=0, flags=0x28, repeatCount=0, eventTime=167582561, downTime=167582561, deviceId=-1, source=0x101 }
W/ViewRootImpl(  729): Cancelling event due to no window focus: KeyEvent { action=ACTION_UP, keyCode=KEYCODE_DPAD_RIGHT, scanCode=0, metaState=0, flags=0x28, repeatCount=0, eventTime=167582561, downTime=167582561, deviceId=-1, source=0x101 }
I/ActivityManager(  591): START u0 {act=android.intent.action.MAIN cat=[android.intent.category.LAUNCHER] flg=0x10200000 cmp=com.fortafygames.colorswitch/com.migal.android.SplashActivity} from uid 0 on display 0
V/WindowManager(  591): addAppToken: AppWindowToken{1b09267b token=Token{3649be0a ActivityRecord{3a3cce75 u0 com.fortafygames.colorswitch/com.migal.android.SplashActivity t143}}} to stack=1 task=143 at 7
I/ProcessStatsService(  591): Prepared write state in 20ms
I/ProcessStatsService(  591): Prepared write state in 8ms
V/WindowManager(  591): Adding window Window{3b98dcf1 u0 com.fortafygames.colorswitch/com.migal.android.SplashActivity} at 7 of 13 (after Window{7b25e67 u0 com.fortafygames.colorswitch/com.migal.android.SplashActivity})
W/ViewRootImpl(20510): Dropping event due to no window focus: KeyEvent { action=ACTION_DOWN, keyCode=KEYCODE_MENU, scanCode=0, metaState=0, flags=0x8, repeatCount=0, eventTime=167582985, downTime=167582985, deviceId=-1, source=0x101 }
W/ViewRootImpl(20510): Cancelling event due to no window focus: KeyEvent { action=ACTION_UP, keyCode=KEYCODE_MENU, scanCode=0, metaState=0, flags=0x28, repeatCount=0, eventTime=167583031, downTime=167583031, deviceId=-1, source=0x101 }
W/ViewRootImpl(20510): Cancelling event due to no window focus: KeyEvent { action=ACTION_UP, keyCode=KEYCODE_MENU, scanCode=0, metaState=0, flags=0x28, repeatCount=0, eventTime=167583031, downTime=167583031, deviceId=-1, source=0x101 }
W/ViewRootImpl(20510): Cancelling event due to no window focus: KeyEvent { action=ACTION_UP, keyCode=KEYCODE_MENU, scanCode=0, metaState=0, flags=0x28, repeatCount=0, eventTime=167583031, downTime=167583031, deviceId=-1, source=0x101 }
W/ViewRootImpl(20510): Cancelling event due to no window focus: KeyEvent { action=ACTION_UP, keyCode=KEYCODE_MENU, scanCode=0, metaState=0, flags=0x28, repeatCount=0, eventTime=167583031, downTime=167583031, deviceId=-1, source=0x101 }
W/ViewRootImpl(20510): Cancelling event due to no window focus: KeyEvent { action=ACTION_UP, keyCode=KEYCODE_MENU, scanCode=0, metaState=0, flags=0x28, repeatCount=0, eventTime=167583031, downTime=167583031, deviceId=-1, source=0x101 }
W/ViewRootImpl(20510): Cancelling event due to no window focus: KeyEvent { action=ACTION_UP, keyCode=KEYCODE_MENU, scanCode=0, metaState=0, flags=0x28, repeatCount=0, eventTime=167583031, downTime=167583031, deviceId=-1, source=0x101 }
W/ViewRootImpl(  729): Dropping event due to no window focus: KeyEvent { action=ACTION_DOWN, keyCode=KEYCODE_DPAD_RIGHT, scanCode=0, metaState=0, flags=0x8, repeatCount=0, eventTime=167583240, downTime=167583240, deviceId=-1, source=0x101 }
W/InputMethodManagerService(  591): Window already focused, ignoring focus gain of: com.android.internal.view.IInputMethodClient$Stub$Proxy@2dcc0462 attribute=null, token = android.os.BinderProxy@ac10c98
W/ViewRootImpl(  729): Cancelling event due to no window focus: KeyEvent { action=ACTION_UP, keyCode=KEYCODE_DPAD_RIGHT, scanCode=0, metaState=0, flags=0x28, repeatCount=0, eventTime=167583246, downTime=167583246, deviceId=-1, source=0x101 }
W/ViewRootImpl(  729): Cancelling event due to no window focus: KeyEvent { action=ACTION_UP, keyCode=KEYCODE_DPAD_RIGHT, scanCode=0, metaState=0, flags=0x28, repeatCount=0, eventTime=167583246, downTime=167583246, deviceId=-1, source=0x101 }
W/ViewRootImpl(  729): Cancelling event due to no window focus: KeyEvent { action=ACTION_UP, keyCode=KEYCODE_DPAD_RIGHT, scanCode=0, metaState=0, flags=0x28, repeatCount=0, eventTime=167583246, downTime=167583246, deviceId=-1, source=0x101 }
W/ViewRootImpl(  729): Cancelling event due to no window focus: KeyEvent { action=ACTION_UP, keyCode=KEYCODE_DPAD_RIGHT, scanCode=0, metaState=0, flags=0x28, repeatCount=0, eventTime=167583246, downTime=167583246, deviceId=-1, source=0x101 }
W/ViewRootImpl(  729): Cancelling event due to no window focus: KeyEvent { action=ACTION_UP, keyCode=KEYCODE_DPAD_RIGHT, scanCode=0, metaState=0, flags=0x28, repeatCount=0, eventTime=167583246, downTime=167583246, deviceId=-1, source=0x101 }
W/ViewRootImpl(  729): Cancelling event due to no window focus: KeyEvent { action=ACTION_UP, keyCode=KEYCODE_DPAD_RIGHT, scanCode=0, metaState=0, flags=0x28, repeatCount=0, eventTime=167583246, downTime=167583246, deviceId=-1, source=0x101 }
W/ViewRootImpl(  729): Cancelling event due to no window focus: KeyEvent { action=ACTION_UP, keyCode=KEYCODE_DPAD_RIGHT, scanCode=0, metaState=0, flags=0x28, repeatCount=0, eventTime=167583246, downTime=167583246, deviceId=-1, source=0x101 }
W/ViewRootImpl(  729): Cancelling event due to no window focus: KeyEvent { action=ACTION_UP, keyCode=KEYCODE_DPAD_RIGHT, scanCode=0, metaState=0, flags=0x28, repeatCount=0, eventTime=167583246, downTime=167583246, deviceId=-1, source=0x101 }
W/ViewRootImpl(  729): Cancelling event due to no window focus: KeyEvent { action=ACTION_UP, keyCode=KEYCODE_DPAD_RIGHT, scanCode=0, metaState=0, flags=0x28, repeatCount=0, eventTime=167583246, downTime=167583246, deviceId=-1, source=0x101 }
V/WindowManager(  591): Adding window Window{2130d6b0 u0 AtchDlg:com.fortafygames.colorswitch/com.migal.android.SplashActivity} at 8 of 14 (after Window{3b98dcf1 u0 com.fortafygames.colorswitch/com.migal.android.SplashActivity})
W/InputManager(  591): Input event injection from pid 20405 failed.
V/WindowManager(  591): Adding window Window{75f3ee5 u0 AtchDlg:com.fortafygames.colorswitch/com.migal.android.SplashActivity} at 9 of 15 (after Window{2130d6b0 u0 AtchDlg:com.fortafygames.colorswitch/com.migal.android.SplashActivity EXITING})
W/ViewRootImpl(20510): Dropping event due to root view being removed: MotionEvent { action=ACTION_DOWN, id[0]=0, x[0]=-211.0, y[0]=-1094.0, toolType[0]=TOOL_TYPE_UNKNOWN, buttonState=0, metaState=0, flags=0x0, edgeFlags=0x0, pointerCount=1, historySize=0, eventTime=167583471, downTime=167583470, deviceId=0, source=0x1002 }
W/InputMethodManagerService(  591): Window already focused, ignoring focus gain of: com.android.internal.view.IInputMethodClient$Stub$Proxy@3349e461 attribute=null, token = android.os.BinderProxy@ac10c98
I/ActivityManager(  591): START u0 {cmp=com.fortafygames.colorswitch/com.migal.android.MigalActivity} from uid 10244 on display 0
V/WindowManager(  591): addAppToken: AppWindowToken{3156dc74 token=Token{17ef1c47 ActivityRecord{1e11fb86 u0 com.fortafygames.colorswitch/com.migal.android.MigalActivity t143}}} to stack=1 task=143 at 8
W/InputManager(  591): Input event injection from pid 20405 failed.
W/ViewRootImpl(20510): Dropping event due to no window focus: KeyEvent { action=ACTION_DOWN, keyCode=KEYCODE_DPAD_DOWN, scanCode=0, metaState=0, flags=0x400, repeatCount=0, eventTime=167583508, downTime=167583508, deviceId=-1, source=0x101 }
W/ViewRootImpl(20510): Cancelling event due to no window focus: KeyEvent { action=ACTION_UP, keyCode=KEYCODE_DPAD_DOWN, scanCode=0, metaState=0, flags=0x420, repeatCount=0, eventTime=167583508, downTime=167583508, deviceId=-1, source=0x101 }
W/ViewRootImpl(20510): Cancelling event due to no window focus: KeyEvent { action=ACTION_UP, keyCode=KEYCODE_DPAD_DOWN, scanCode=0, metaState=0, flags=0x420, repeatCount=0, eventTime=167583508, downTime=167583508, deviceId=-1, source=0x101 }
W/ViewRootImpl(20510): Cancelling event due to no window focus: KeyEvent { action=ACTION_UP, keyCode=KEYCODE_DPAD_DOWN, scanCode=0, metaState=0, flags=0x420, repeatCount=0, eventTime=167583508, downTime=167583508, deviceId=-1, source=0x101 }
W/ViewRootImpl(20510): Cancelling event due to no window focus: KeyEvent { action=ACTION_UP, keyCode=KEYCODE_DPAD_DOWN, scanCode=0, metaState=0, flags=0x420, repeatCount=0, eventTime=167583508, downTime=167583508, deviceId=-1, source=0x101 }
W/ViewRootImpl(20510): Cancelling event due to no window focus: KeyEvent { action=ACTION_UP, keyCode=KEYCODE_DPAD_DOWN, scanCode=0, metaState=0, flags=0x420, repeatCount=0, eventTime=167583508, downTime=167583508, deviceId=-1, source=0x101 }
W/ViewRootImpl(20510): Cancelling event due to no window focus: KeyEvent { action=ACTION_UP, keyCode=KEYCODE_DPAD_DOWN, scanCode=0, metaState=0, flags=0x420, repeatCount=0, eventTime=167583508, downTime=167583508, deviceId=-1, source=0x101 }
W/ViewRootImpl(20510): Dropping event due to no window focus: KeyEvent { action=ACTION_DOWN, keyCode=KEYCODE_DPAD_DOWN, scanCode=0, metaState=0, flags=0x400, repeatCount=0, eventTime=167583508, downTime=167583508, deviceId=-1, source=0x101 }
W/ViewRootImpl(20510): Cancelling event due to no window focus: KeyEvent { action=ACTION_UP, keyCode=KEYCODE_DPAD_DOWN, scanCode=0, metaState=0, flags=0x420, repeatCount=0, eventTime=167583508, downTime=167583508, deviceId=-1, source=0x101 }
W/ViewRootImpl(20510): Cancelling event due to no window focus: KeyEvent { action=ACTION_UP, keyCode=KEYCODE_DPAD_DOWN, scanCode=0, metaState=0, flags=0x420, repeatCount=0, eventTime=167583508, downTime=167583508, deviceId=-1, source=0x101 }
W/ViewRootImpl(20510): Cancelling event due to no window focus: KeyEvent { action=ACTION_UP, keyCode=KEYCODE_DPAD_DOWN, scanCode=0, metaState=0, flags=0x420, repeatCount=0, eventTime=167583508, downTime=167583508, deviceId=-1, source=0x101 }
W/ViewRootImpl(20510): Cancelling event due to no window focus: KeyEvent { action=ACTION_UP, keyCode=KEYCODE_DPAD_DOWN, scanCode=0, metaState=0, flags=0x420, repeatCount=0, eventTime=167583508, downTime=167583508, deviceId=-1, source=0x101 }
W/ViewRootImpl(20510): Cancelling event due to no window focus: KeyEvent { action=ACTION_UP, keyCode=KEYCODE_DPAD_DOWN, scanCode=0, metaState=0, flags=0x420, repeatCount=0, eventTime=167583508, downTime=167583508, deviceId=-1, source=0x101 }
W/ViewRootImpl(20510): Cancelling event due to no window focus: KeyEvent { action=ACTION_UP, keyCode=KEYCODE_DPAD_DOWN, scanCode=0, metaState=0, flags=0x420, repeatCount=0, eventTime=167583508, downTime=167583508, deviceId=-1, source=0x101 }
W/ViewRootImpl(20510): Dropping event due to no window focus: KeyEvent { action=ACTION_DOWN, keyCode=KEYCODE_DPAD_DOWN, scanCode=0, metaState=0, flags=0x400, repeatCount=0, eventTime=167583508, downTime=167583508, deviceId=-1, source=0x101 }
W/ViewRootImpl(20510): Cancelling event due to no window focus: KeyEvent { action=ACTION_UP, keyCode=KEYCODE_DPAD_DOWN, scanCode=0, metaState=0, flags=0x420, repeatCount=0, eventTime=167583508, downTime=167583508, deviceId=-1, source=0x101 }
W/ViewRootImpl(20510): Cancelling event due to no window focus: KeyEvent { action=ACTION_UP, keyCode=KEYCODE_DPAD_DOWN, scanCode=0, metaState=0, flags=0x420, repeatCount=0, eventTime=167583508, downTime=167583508, deviceId=-1, source=0x101 }
W/ViewRootImpl(20510): Cancelling event due to no window focus: KeyEvent { action=ACTION_UP, keyCode=KEYCODE_DPAD_DOWN, scanCode=0, metaState=0, flags=0x420, repeatCount=0, eventTime=167583508, downTime=167583508, deviceId=-1, source=0x101 }
W/ViewRootImpl(20510): Cancelling event due to no window focus: KeyEvent { action=ACTION_UP, keyCode=KEYCODE_DPAD_DOWN, scanCode=0, metaState=0, flags=0x420, repeatCount=0, eventTime=167583508, downTime=167583508, deviceId=-1, source=0x101 }
W/ViewRootImpl(20510): Cancelling event due to no window focus: KeyEvent { action=ACTION_UP, keyCode=KEYCODE_DPAD_DOWN, scanCode=0, metaState=0, flags=0x420, repeatCount=0, eventTime=167583508, downTime=167583508, deviceId=-1, source=0x101 }
W/ViewRootImpl(20510): Cancelling event due to no window focus: KeyEvent { action=ACTION_UP, keyCode=KEYCODE_DPAD_DOWN, scanCode=0, metaState=0, flags=0x420, repeatCount=0, eventTime=167583508, downTime=167583508, deviceId=-1, source=0x101 }
W/AppOps  (  591): Bad call: specified package com.google.android.gms under uid 10244 but it is really 10008
F/google-breakpad(20981): -----BEGIN BREAKPAD MICRODUMP-----
F/google-breakpad(20981): V WebView:54.0.2840.85
F/google-breakpad(20981): O A arm 04 armv7l google/occam/mako:5.1.1/LMY48T/2237560:user/release-keys
F/google-breakpad(20981): P webview
F/google-breakpad(20981): G OpenGL ES 3.0 V@104.0 AU@  (GIT@Id3510ff6dc)|Qualcomm|Adreno (TM) 320
F/google-breakpad(20981): H 12C00000 FFFF1000 0055 41439000 787D8000 0C:11 0D:04 0E:07 0F:0C 10:02 11:08 12:0B 13:0B 14:02 16:03 18:01 19:02 1A:02 1C:02 1E:01
F/google-breakpad(20981): S 0 BEBB5FC8 BEBB5000 00002000
F/google-breakpad(20981): S BEBB5000 E001000008640CB855530000D46DE6B6656E00000851BBBE5F0000000853BBBE0051BBBE040000000753BBBE0753BBBE402CE0126BD4117E000000003854BBBE000000000A000000CB55BBBE0B51BBBE000000006052BBBECE55BBBE0A000000DC54BBBE3854BBBE62746167D46DE6B68C50BBBE3854BBBE0A0000000053BBBEC051BBBE00000000CE55BBBE0851BBBECE55BBBE9D000000C455BBBED46DE6B60000000093000000000000000000000000000000000000000000000000000000B4638EB876000000EC140000A451BBBE2851BBBE0E6079B0CF0300002051BBBE00000000A051BBBEA0638EB800000000A451BBBE000000009851BBBE9851BBBE55530000DFAA89B60000000000638EB854090060FFFFFFFF00000000A051BBBE98638EB8000000C04452BBBE6BD4117E6953BBBE3854BBBE9D000000DC54BBBE000000006953BBBE9851BBBE4C53BBBE5053BBBEF5288DB64C53BBBE020000006953BBBE000000004452BBBEDC54BBBE9D0000003854BBBE000000006953BBBE
F/google-breakpad(20981): S BEBB5180 D46DE6B6DC54BBBEA451BBBE00000000A0638EB8785289700A0000000000000000000000656E005553000000209F7F135500000008640CB8A8F60BB8550000000000000000000000000000000000000000000000000000000000000000000000000000000000000000000000000000000000000000000000000000000000000000000000000000000000000000000000000000000000000000000000000000000000000008640CB855530000550000000000550000000000030000009A00000001000000656E5F4C61746E5F55530000050000003C54BBBE3053BBBE2853BBBE006E00006BD4117E1453BBBEE97B12B5A852BBBE9D00000000000000010000003C54BBBE3854BBBE9D000000D46DE6B600000000D359F2B6000000000000000000000000000201010000000088BD23B8ED84B2B8A853BBBE555300000C08D712E852BBBE3854BBBE6453BBBE4853BBBE000000006453BBBE4853BBBE020000005053BBBE6BD4117E6953BBBE020000003854BBBE6453BBBEDC54BBBE9D000000
F/google-breakpad(20981): S BEBB5300 656E5F4C61746E5F555300BEEB2A8DB64C53BBBE020000006953BBBE00000000DC54BBBE9D0000003854BBBE00000000D46DE6B66953BBBE0200000000000000000000000000000002000000555300000000000001000000656E00003895DDB600000000656E5F55530000000800000001640CB800000000000000000000000000000000000000000000000000000000000000000100000000000000000000000700000008640CB80053BBBE000000001E5ABBBE8115E4B6A459BBBEAC54BBBE0A000000AC54BBBE140000000A000000AC54BBBE0055BBBE385EBBBE000000000A0000004127E4B6C25279B6A93CE4B6B09724B508640CB800000000D46DE6B69CB521B56BD4117E000000008454BBBEFFFFFFFFA459BBBEB85279B600000000000000006B54BBBE00000000140000003854BBBE000000006C54BBBE0100000000000000AD5279B6000000008C54BBBEB09724B501000000E09F25B57454BBBE00000000D46DE6B630000000800049130000000000000000589720705E000000
F/google-breakpad(20981): S BEBB5480 889720700000000001000000345EBBBEE884B2B8030000007894C3B8687A25B50030E6B60600000043000000F854BBBE000000000000000005000000E884B2B80000000008640CB8E035E0127894C3B805000000FFFFFFFF402CE012656E5F4C61746E5F555300BE00000000493BFFB400000000803D1613B85279B60A000000B755BBBE0100000008640CB888972070B055BBBE19B013B59855BBBEAE2ECA7004000000AE2ECA709855BBBED46DE6B608640CB8386A0CB858620CB808640CB843000000430000000000000043000000414B12B56856BBBE386A0CB8687A25B5E084B2B8000000C0DD5BBBBE8115E4B65C5BBBBE6456BBBE080000006456BBBE19000000080000006456BBBEB856BBBEF05FBBBE00000000080000004127E4B6419D8DAFA93CE4B6E884B2B8656E2D4C61746E2D55530031F455BBBEB655BBBEAC55BBBE3C56BBBEFFFFFFFF5C5BBBBE399D8DAF00000000000000002356BBBE000000001900000000000000000000002456BBBE0A00000008640CB8309D8DAF
F/google-breakpad(20981): S BEBB5600 000000004456BBBE000000002D0000000457BBBE2C56BBBE00000000D46DE6B6FFFFFF0000000000000000000000000000000000000000006BD4117E00000000B09724B5EC5FBBBEE09F25B5501225B808640CB83B8F14B5000000000000000000000000B056BBBE000000000000000000005500000043000000430000000000000043003000000000000000687A25B500000000000000000000000000005500D46DE6B60057BBBE0000550058E77070399D8DAF0800000028A18DAF0A000000B84229746FF211B508640CB8D457BBBEC457BBBE14000000408B25B51457BBBEC0B90BB830BF21B5687A25B59CB521B530BF21B584B421B598B421B59CB521B50000000084B421B598B421B500005500000000000000550008640CB8386A0CB858620CB808640CB843000000550000000000000055000000000043000000000000004300000000000000000000000000000000000000000000000000454F11B5386A0CB85058BBBE00000000D457BBBECC57BBBE88F21DB828E770703B4BF1B6
F/google-breakpad(20981): S BEBB5780 54D7F7B60538F2B6CC57BBBEC457BBBE5058BBBE08640CB8CC57BBBE88F21DB81400120130BF21B59CB521B574B521B530BF21B584B421B598B421B5D457BBBE84B421B5000000000000000008000012000000000000550000004300000055000000000000000000000000006BD4117E00000000000000000000000008640CB806000000B842297448C51C7448C51C7408640CB808712D70010000002598FDB4CC57BBBE4700000000000000CBDDD5725058BBBE010000001F00000030BF21B508BFA2709864BBBE0200000048C51C74B8422974060000000000000048062E700000000000000000B842297448C51C7448C51C7408712D700100000007EFD57208712D7048C51C741400120100000000B8422974010000000600000008640CB80600000001000000683C1A700300000008640CB828842D700000000048C51C74000000001400120170C51C7497D1D67228842D709864BBBE1400120100000000B842297401000000060000007F44FFB488033C700400000011000000683C1A70
F/google-breakpad(20981): S BEBB5900 1F00000008640CB801000000D46DE6B69CB521B50100000070C51C741FA5D672000000006BD4117E7017137000000000000000000200000038B0E0B68566E0B67D59BBBE010000007E59BBBE020000008859BBBE08000000B459BBBE01000000E65179B60A000000145ABBBE15000000000000000000000000000000D9001E50A97E4958BEFDF236A97E4958BEFDF2363CB0E0B615000000000000002566E0B6D46DE6B600000000000000009168E0B60802FFFF05000000FF030000B459BBBE01000000E65179B60A000000145ABBBE150000008459BBBED05649134B3CFFB488033C708897207030574913D0564913700888706BD4117ED46DE6B6145ABBBEE65179B60500000001000000836AE0B6345EBBBE202073616D706C652031206E6F74205245414459005ABBBEE05ABBBE685ABBBE805ABBBE00000000493BFFB40000000000574913889720708C640CB808640CB888972070F85ABBBE19B013B5E05ABBBEAE2ECA7004000000AE2ECA70E05ABBBED46DE6B6AC5ABBBE687A25B5
F/google-breakpad(20981): S BEBB5A80 1864BBBE00000000005EBBBE000000004300000043000000414B12B5B05BBBBE386A0CB8687A25B51D002000614C12B5E8471F70D85BBBBE88972070B85BBBBEAE2ECA70C77017B5E05ABBBEAE2ECA70F8461F7000574913A86A2A70009E88703009137080B9FF1200000000A54CCE7204E0DFB6399DDFB6355BBBBE01000000365BBBBE02000000405BBBBE080000006C5BBBBE01000000A88D8DAF06000000CC5BBBBE1A000000A09899B83060BBBE00000000D9001E50A97E495850580937A97E49585058093708E0DFB61A00000000000000D99CDFB6D46DE6B6A09899B83060BBBE459FDFB60802FFFF04000000FF0300006C5BBBBE01000000A88D8DAF06000000CC5BBBBE1A0000003C5BBBBE105CBBBE927868710800000092786871105CBBBE08640CB86E29CA706BD4117ED46DE6B6CC5BBBBEA88D8DAF040000003460BBBE37A1DFB6EC5FBBBE4D6574686F6420747261636B56616C756520666F756E642E0A000020666F756E642E0A006E642E0A000A00B81C5CBBBEF51BDDB6
F/google-breakpad(20981): S BEBB5C00 40DF26B81C5CBBBE7050BDB81F92E8B6000000009113E9B67050BDB840DF26B87050BDB8000000007050BDB8340713B42C0713B4B713E9B67050BDB82C0713B40800000008000000000000002B14E9B67050BDB82C0713B408000000340713B400000000C80927B87050BDB800000000F80927B800000000C80927B843EAE8B60000000055E2E8B6C80927B800000000000000000000000000000000000000000000000008640CB8E8030000080000000000000030BF21B59CB521B574B521B530BF21B584B421B598B421B57050BDB800000000B8B5BEB8000000000D000000209A691308640CB800004300000055000000000030BF21B59CB521B574B521B530BF21B584B421B598B421B5B8B5BEB8445DBBBEFFFFFFFF00000000D85D26B8445DBBBE000055000000430000005500409A6913704EB3B8E8EC2E706BD4117EB8B5BEB800000000010000000000430000005500409A691300004300E8EC2E7008640CB800000000000000002598FDB40000000016000000B8B5BEB828C78EB8
F/google-breakpad(20981): S BEBB5D80 FFFFFFFF000000042000000020218070E05DBBBEEC5DBBBE9C5EBBBE076F10B5E8EC2E700000000070B9FF1277121773E8EC2E70B8B5BEB8FFFFFFFF408B25B5C0B90BB8687A25B530BF21B59CB521B530BF21B584B421B598B421B5A55A17730000000008640CB870B9FF120000550008640CB830BF21B59CB521B574B521B530BF21B584B421B598B421B510C9B7B800000000F00FABB800000000F51BDDB60000000000005500000043000000550028C78EB86FC178B6010000006BD4117E00000000000000000000000008640CB806000000A05649131876A8700100000008640CB800000000FFFFFFFF3BF598A33AF598A31200000088703AA3B32305B50000000003000000CEA08DAFA04540A308D9A370D85EBBBE14010000705FBBBE0050DE12985FBBBE503235745032357442000000A51814B508640CB814DB21B50100000000004300000055001CDC21B500004300687A25B5884B27B8A04540A301000000000043000000550003000000000043004371E3B60030E6B62E000000
F/google-breakpad(20981): S BEBB5F00 0000430008640CB800005500408B25B52D000000C01D7AB80000000008640CB820B2E812408B25B52D000000705FBBBEA02A1C13FD8511B5D46DE6B6408B25B56C5FBBBEC0B90BB8687A25B530BF21B5C0B90BB8A85FBBBE687A25B530BF21B59CB521B530BF21B584B421B598B421B5000000000A00000008640CB80000550058620CB80000550008640CB8386A0CB83052BFB87876B2B80052BFB803000000100000004371E3B60030E6B62E000000C01D7AB8C01D7AB83860BBBE3460BBBEA09899B83060BBBE0000000085E2E1B6386A0CB8C01D7AB828A18DAF3860BBBE3460BBBE7C0379AF00000000E02379AF04000000002A3574F04DD8128045C61280E91B1308640CB80050DE12079166A43860BBBE40EFC6123000000095B813A4582935749864BBBE04000000F04DD812A02A1C138045C6120050DE1206000000C8242370002A3574F04DD8128045C61280E91B130050DE1200000000AD9666A4002A3574F04DD812A02A1C138045C6120050DE12F04DD812FFFFFFFF00000000
F/google-breakpad(20981): S BEBB6080 010000000200000017000000CDE5D672A0E81B1301000000A02A1C1300000000B80E3170F04DD812000000000100000098BC3670F04DD81218332B70000000000000000000000000F04DD8123339B17218332B700000000000000000C9E7B072481B2B70F04DD81288BD3670F04DD81288BD3670107FC212000000001568BF7288BD3670107FC212F04DD812D9D5B072C8F6357000000000D827A67080410613D827A67080410613107FC21235CDB872D827A6700011C41280B802130011C412107FC21240A8111386FB111E6009C812C0C0091380400613A05CD912000000000000000000000000C0D7481380AB11130000000000000000804106130000000080B80213582FA670107FC21240A8111386FB111E6009C812C0C0091380400613A05CD912000000000000000000000000C0D7481380AB111300000000804006136001C8129050FF12A821317003000A7F80410613B823A6700000000080410613000000000011C412010000008583B872B823A6700011C412601AC71200000000
F/google-breakpad(20981): S BEBB6200 D8F3A6700011C412403D831360AB11130011C412403D831360AB111379F4B872082EA670400000000000000000000000000000000011C4128041061300000000481EA670403D831300000000E104B872481EA67000000000010000000000000038F13A70981A36700011C412981A36700011C412C0A1C612A0EFC61281C9B772981A36704000C712C0A1C6124B3CFFB488033C70000000004000C712C0A1C61238F13A70000000004000C712D9FC167360AB1113E80427B8FFFFFFFF000000000600000000C4D9120011C41280410613010000000000000040000000000000000000000000000000C0A1C612A0EFC61278D22E7000000000000000002FB1B77278D22E7000000000042800000000000018E42E70E8E32E7000C4D912E8E32E70C0A1C6120011C412A0EFC612C1B91673E8E32E700011C41200000000BF06B872A81EA6701E50000004280000FFF8B77240EFC6121827A6704000C7121E5000000428000008640CB8000000004F44FFB4000000001827A670A0EFC6120011C412
F/google-breakpad(20981): S BEBB6380 D038C01200000000E063BBBE77B8B8721827A670D071167000000000741B00000000000000000000000000008C64BBBE0000000030A423B5D063BBBE8064BBBE0064BBBE1864BBBE00000000493BFFB400000000C037C012FFFFFFFF4E2D0B001827A6708C640CB808640CB81827A670C064BBBE19B013B58064BBBE9278687104000000927868718064BBBED46DE6B61202000008640CB80867BBBE000000009065BBBE000000000000000062000000008DC0126BD4117E08640CB85865BBBE1827A6708064BBBE6864BBBE8C64BBBE000000009278687100000000836D17B58064BBBE92786871010000002A00000000000000D46DE6B602000000779C657300000000000000007016C012A064BBBE00000000000000009465BBBE010000001827A67008640CB80100000000000000927868710200000004000000C064BBBEC037C01200000000E803000000000000000000000000000000000000000000000000000000000000000000000000000000000000000000000000000000000000
F/google-breakpad(20981): S BEBB6500 0000000000000000C0B426B82A000000000000008065BBBE000000007865BBBE020000006BD4117E687A25B50000000058620CB808640CB8010000000038C01208640CB868BA2070A0DCC6123B2F16B50000000020D5C01208640CB8386A0CB858620CB8F037C012000000002A00000000000000F037C01200000000E5E95C720000000004280000C0D3C01208640CB8D813A2700000000003000000F037C012000000000038C01200000000A7191EB50200000000000000F037C012000000000038C01268BA2070A0DCC612A9F05C7268BA2070F037C012000000000038C0120000000008523470808DC0120100000088033C70484E3470484E3470F037C01201000000030000000038C01227A56573484E3470608DC0120000000023593573608DC012000000000400000002000000000000000000000000000000C037C01238F4A67018B1A673E0AB1A700100000003000000F84F3470986B187097B06573F84F347018B1A673E0AB1A7000000000409D997185E2E1B601000000A0DCC612
F/google-breakpad(20981): S BEBB6680 8867BBBE448B25B500000000B86B0CB8200EC01278FB1A70DC320000000000003068BBBEC066BBBE6867BBBEF066BBBE0867BBBE00000000D066BBBE493BFFB40000000078EDA6733068BBBE79C202B5F84F34708C640CB808640CB8F84F34708067BBBE19B013B56867BBBEF781B97104000000F781B9716867BBBED46DE6B6200000005867BBBE0000000000000000000000000000000001000000CCB423B5B0B623B56BD4117E9867BBBE386A0CB86867BBBE5868BBBE5867BBBEF84F3470F781B971B868BBBE5868BBBEFF7417B56867BBBEF781B97158620CB80A00000002000000340000000000000000000000F781B97102000000040000008067BBBEE038C51214DB21B50100000000004300000055001CDC21B500004300687A25B570720CB8141D937101000000C8389F703868BBBE6068BBBE2868BBBEF84F34700000000000000090000055000000550008640CB82068BBBE000000003868BBBE430000009D510FB5B468BBBEE038C512E838C512EC9F25B5D46DE6B6408B25B5
F/google-breakpad(20981): S BEBB6800 3468BBBEC0B90BB8687A25B530BF21B59CB521B530BF21B584B421B598B421B50000000098B421B50000000000005500000055000000550008640CB8386A0CB858620CB808640CB84300000055000000000000005500000000004300010000004554F5B616000000010000004371E3B60030E6B6230000003100000071500FB52463F9B660D90CB815002000DD2113B5A8D2F7B68D3311B505000000A5E8EFB6386A0CB8B468BBBEC868BBBEB1FAEFB6F84F34700500000000000000748AE0B6E868BBBE386A0CB8748ED5B57965FFB4B53D13B5D5400FB5D46DE6B6FF3DE0B6000000008005000000BA0BB8030000002F000000380000002F00000038BA0BB840BA0BB838BA0BB89469BBBE657CE3B6FD7BE3B61F00000050BA0BB82CBA0BB8010000004121DDB62CBA0BB81D59F9B602000000B869BBBE04000000A469BBBEC46ABBBE9469BBBE107FF9B69C69BBBEA069BBBE7F56F9B60000000000000000000000009869BBBE01000000040000000100000004000000B86ABBBED46DE6B6
F/google-breakpad(20981): S BEBB6980 787DF9B67A62F9B68362F9B69962F9B600000000E0B90BB880860BB850BA0BB800BA0BB8807DF9B628BA0BB8020000000000000004000000A87DF9B6C808F7B6C8BB0BB8240000000000000008000000011EF9B6BB6BBBBE4C00000080860BB8807DF9B6000000000000000000000000040000000000000061726D656162692D7637612C61726D6561626900BF0000000000000000000000E01EF9B6040000000000000000000000000000000000000014C8F8B6D2000000000000000030F8B601000000BC87E6B6F0C925B5000000006C7DF9B66BD4117ECD06E2B6B46ABBBECC6ABBBE050000008D53F9B6000000000000000000000000AC6ABBBE9FE3E1B6986ABBBE00000000000000000000000000000000B857F9B6587DF9B6607DF9B66C7DF9B6B06ABBBE000000001F41F8B605000000BB6BBBBED36BBBBEDC6BBBBEE86BBBBEF16BBBBE00000000076CBBBE446CBBBE576CBBBE6C6CBBBE876CBBBE9A6CBBBEB36CBBBECD6CBBBEE66CBBBEA26EBBBE216FBBBE4B6FBBBE776FBBBE
F/google-breakpad(20981): S BEBB6B00 A16FBBBEC06FBBBE0000000010000000D7B0010006000000001000001100000064000000030000003440F9B604000000200000000500000008000000070000000030F8B60800000000000000090000005457F9B60B000000000000000C000000000000000D000000000000000E00000000000000170000000000000019000000A76BBBBE1F000000D96FBBBE0F000000B76BBBBE000000000000000000000000000000000000006BD4117E1C9FE4176373193D815488D876376C00636F6D2E666F727461667967616D65732E636F6C6F72737769746368000000000000000000000000000000000000000000000000000000000000000000000000000000000000000000000000504154483D2F7362696E3A2F76656E646F722F62696E3A2F73797374656D2F7362696E3A2F73797374656D2F62696E3A2F73797374656D2F7862696E00414E44524F49445F424F4F544C4F474F3D3100414E44524F49445F524F4F543D2F73797374656D00414E44524F49445F4153534554533D2F73797374
F/google-breakpad(20981): S BEBB6C80 656D2F61707000414E44524F49445F444154413D2F6461746100414E44524F49445F53544F524147453D2F73746F7261676500415345435F4D4F554E54504F494E543D2F6D6E742F61736563004C4F4F505F4D4F554E54504F494E543D2F6D6E742F6F626200424F4F54434C415353504154483D2F73797374656D2F6672616D65776F726B2F636F72652D6C69626172742E6A61723A2F73797374656D2F6672616D65776F726B2F636F6E7363727970742E6A61723A2F73797374656D2F6672616D65776F726B2F6F6B687474702E6A61723A2F73797374656D2F6672616D65776F726B2F636F72652D6A756E69742E6A61723A2F73797374656D2F6672616D65776F726B2F626F756E6379636173746C652E6A61723A2F73797374656D2F6672616D65776F726B2F6578742E6A61723A2F73797374656D2F6672616D65776F726B2F6672616D65776F726B2E6A61723A2F73797374656D2F6672616D65776F726B2F74656C6570686F6E792D636F6D6D6F6E2E6A61723A2F73797374656D2F
F/google-breakpad(20981): S BEBB6E00 6672616D65776F726B2F766F69702D636F6D6D6F6E2E6A61723A2F73797374656D2F6672616D65776F726B2F696D732D636F6D6D6F6E2E6A61723A2F73797374656D2F6672616D65776F726B2F6D6D732D636F6D6D6F6E2E6A61723A2F73797374656D2F6672616D65776F726B2F616E64726F69642E706F6C6963792E6A61723A2F73797374656D2F6672616D65776F726B2F6170616368652D786D6C2E6A61720053595354454D534552564552434C415353504154483D2F73797374656D2F6672616D65776F726B2F73657276696365732E6A61723A2F73797374656D2F6672616D65776F726B2F65746865726E65742D736572766963652E6A61723A2F73797374656D2F6672616D65776F726B2F776966692D736572766963652E6A61720045585445524E414C5F53544F524147453D2F73746F726167652F656D756C617465642F6C656761637900454D554C415445445F53544F524147455F534F555243453D2F6D6E742F7368656C6C2F656D756C6174656400454D554C415445445F
F/google-breakpad(20981): S BEBB6F80 53544F524147455F5441524745543D2F73746F726167652F656D756C6174656400414E44524F49445F50524F50455254595F574F524B53504143453D392C3000414E44524F49445F534F434B45545F7A79676F74653D3130002F73797374656D2F62696E2F6170705F70726F6365737333325F6F726967696E616C0000000000
F/google-breakpad(20981): C 0600004000000000000000000100000058308EAF386A0CB87C2E8EAF28A18DAF3860BBBE3460BBBEA09899B83060BBBE0000000073000000C85FBBBE7C0379AF445586AF10000F200000000000000000000000000000000000000000000000000000000000000000000000000000000000000000000000000000000000000000000000000000000000000000000000000000000000000000000000000000000000000000000000000000000000000000000000000000000000000000000000000000000000000000000000000000000000000000000000000000000000000000000000000000000000000000000000000000000000000000000000000000000000000000000000000000000000000000000000000000000000000000000000000000000000000000000000000000000000000000000000000000000000000000000000000000000000000000000000000000000000000000000000000000000000000000000000000000000000000000
F/google-breakpad(20981): M B6F94000 00000000 00003000 F91F01F0880541A2B69E70DB92DCA6C30 app_process32_original
F/google-breakpad(20981): M 72533000 01AA2000 01537000 000000000000000000000000000000000 system@framework@boot.oat
F/google-breakpad(20981): M 90644000 00335000 00272000 000000000000000000000000000000000 DynamiteModulesA_GmsCore_prodlmp_xhdpi_release.odex
F/google-breakpad(20981): M 932A0000 029E9000 02D55000 000000000000000000000000000000000 data@app@com.google.android.gms-2@base.apk@classes.dex
F/google-breakpad(20981): M 9A844000 0012A000 000FB000 000000000000000000000000000000000 data@app@com.google.android.webview-2@base.apk@classes.dex
F/google-breakpad(20981): M 9F87D000 00007000 00004000 000000000000000000000000000000000 1470286953684.dex (deleted)
F/google-breakpad(20981): M 9FD8F000 00009000 00004000 000000000000000000000000000000000 system@framework@com.android.location.provider.jar@classes.dex
F/google-breakpad(20981): M 9FE09000 00004000 00002000 000000000000000000000000000000000 system@framework@com.android.media.remotedisplay.jar@classes.dex
F/google-breakpad(20981): M A1400000 00000000 0043F000 D02BDFCE06A58B510A2C89ACCA19629E0 libsc-a3xx.so
F/google-breakpad(20981): M A2975000 00000000 00002000 F007D0E8B4B1447628068777E701EBBC0 libwebviewchromium_plat_support.so
F/google-breakpad(20981): M A3D28000 0098A000 00958000 000000000000000000000000000000000 data@app@com.fortafygames.colorswitch-1@base.apk@classes.dex
F/google-breakpad(20981): M A5681000 00000000 022DD000 4011A2C3B4E2F8B8441B6CC44F300F810 libwebviewchromium.so
F/google-breakpad(20981): M ABA81000 00000000 00001000 92AEC9935A8E5A07D59E3868060A5F2E0 libwebviewchromium_loader.so
F/google-breakpad(20981): M ABA84000 00000000 00001000 8FF5949AE957364C270D0F448DAD4FE20 libjnigraphics.so
F/google-breakpad(20981): M ABA87000 00000000 0000D000 E2C6CBE7D4588EF8111B01903B27FEA80 libandroid.so
F/google-breakpad(20981): M ABA97000 00000000 0010C000 C28729A3F5B9E8321F3A31FB4585FDC20 libGLESv2_adreno.so
F/google-breakpad(20981): M ABBDA000 00000000 00031000 8832F70AF78F96C568BC5D206A3D8DFD0 libGLESv1_CM_adreno.so
F/google-breakpad(20981): M ABC0E000 00000000 00033000 3F4A217DBCAAC006FEA679E50BC161530 libgsl.so
F/google-breakpad(20981): M ABC43000 00000000 00027000 D7DEE555A5420274729B2A3AF0369A160 libEGL_adreno.so
F/google-breakpad(20981): M AC508000 00000000 00006000 F2B1298EE4C6EA0900CDACD17FB5C16B0 libcompiler_rt.so
F/google-breakpad(20981): M AC510000 00000000 00002000 40F9D43F7FCF96607022D8B440A243250 libadreno_utils.so
F/google-breakpad(20981): M AC590000 00000000 00016000 41561A97B1EE9DD7478395AC81CA83C20 libjavacrypto.so
F/google-breakpad(20981): M AC5BD000 00000000 00007000 8452CE587CC6C1496722726A3DA08AD80 librs_jni.so
F/google-breakpad(20981): M AC5C6000 00000000 00004000 1144525A072A9E8FC369E7AC816948A10 libaudioeffect_jni.so
F/google-breakpad(20981): M AC5CC000 00000000 00002000 CDA9BA072D4DECC71C5E63467275E7EE0 libsoundpool.so
F/google-breakpad(20981): M AC5D0000 00000000 00018000 F59669C665FE4B073886A8DAAECEA86F0 libvorbisidec.so
F/google-breakpad(20981): M AC5EB000 00000000 00002000 9FC00D0B150FE9FC57763A76206D1D550 libstagefright_yuv.so
F/google-breakpad(20981): M AC5EF000 00000000 0001F000 C2004374B55859D5BE47D3D75689DB870 libstagefright_omx.so
F/google-breakpad(20981): M AC612000 00000000 00001000 E11DA546CE9E08D1D647E8E1135DAD810 libstagefright_enc_common.so
F/google-breakpad(20981): M AC615000 00000000 00039000 F19A7DFF3B6F3AF94EAE23CA11905BAD0 libopus.so
F/google-breakpad(20981): M AC651000 00000000 00016000 87AFCC5E47ED503148F1AA03777E88590 libdrmframework.so
F/google-breakpad(20981): M AC66C000 00000000 0000C000 D02CB251CF8787A770DE2CFDC52A2B040 libstagefright_amrnb_common.so
F/google-breakpad(20981): M AC67A000 00000000 00115000 E18133B0CA71AF2D2BDAE53E5A4D15D50 libstagefright.so
F/google-breakpad(20981): M AC79A000 00000000 00013000 A2D19830A4461800EBFEC5FFFEB343B90 libmtp.so
F/google-breakpad(20981): M AC7B0000 00000000 00009000 D2AB743CCCD8D2EB9B66A47707CC1E530 libjhead.so
F/google-breakpad(20981): M AC7BC000 00000000 00039000 B0E6763FD465F3CD48CAEBCB48DB950D0 libmedia_jni.so
F/google-breakpad(20981): M AF676000 00000000 00001000 F36630BD0C6DC4B52A0E5D5D57BE682A0 memtrack.msm8960.so
F/google-breakpad(20981): M AF754000 00000000 0018B000 05BF7509831C638478B378144AA19C080 libmigal.so
F/google-breakpad(20981): M B0D7E000 00000000 00034000 FE4EB356A2DF9D6013F3C471876ED1C20 libjavacore.so
F/google-breakpad(20981): M B0DF3000 00000000 00005000 741CC494F5299870A1C62FD71E37AE5F0 libstagefright_avc_common.so
F/google-breakpad(20981): M B0DFB000 00000000 0001F000 556D915BB9DB458CDEF0D8E5271D8DCE0 libexif.so
F/google-breakpad(20981): M B3D3A000 00000000 00007000 915DF45DF8D39571805001EBD709F9F10 eglsubAndroid.so
F/google-breakpad(20981): M B3D47000 00000000 00003000 C15B5B3E9176338835D1E79BCE1A782B0 libqdutils.so
F/google-breakpad(20981): M B3D4C000 00000000 00003000 5EC51E9B3390926B84F9DCA87FD86BF60 libmemalloc.so
F/google-breakpad(20981): M B3D51000 00000000 00003000 E19A2B3FADBFA3B44B9416F05F1736B70 gralloc.msm8960.so
F/google-breakpad(20981): M B4F45000 00000000 00001000 133BEE27C6351072BEF5780E5368857F0 libsigchain.so
F/google-breakpad(20981): M B4F49000 00000000 00007000 E117445193BF46AD0E4CBBC6DB5F76E10 libbacktrace_libc++.so
F/google-breakpad(20981): M B4F52000 00000000 002FE000 AA31E9A4BEBACFAF8BE48DA5B39F8C520 libart.so
F/google-breakpad(20981): M B527D000 00000000 00002000 D3EA22EB9F383751AB500AE5951F0DB30 libpowermanager.so
F/google-breakpad(20981): M B5282000 00000000 0000B000 E43E7FA869E4BCDAA3CC9601DF5A6A520 libcommon_time_client.so
F/google-breakpad(20981): M B5291000 00000000 0003B000 6CD267BECE448A66778527D376FF0F720 libbcinfo.so
F/google-breakpad(20981): M B52CE000 00000000 00021000 461206238C83FB507F268B026584DA8B0 libbcc.so
F/google-breakpad(20981): M B5312000 00000000 008EF000 7DCD2B490BA4DC0DBA7C083FE5DF64960 libLLVM.so
F/google-breakpad(20981): M B5C51000 00000000 00002000 7AE0C00FAEDEA3E81109CC784D49A6960 libunwind-ptrace.so
F/google-breakpad(20981): M B5C55000 00000000 0000C000 FEC52DCEA9703BC3D04786B7558687FF0 libunwind.so
F/google-breakpad(20981): M B5CA9000 00000000 00004000 3874D35A672DF92604963290963F44990 libgccdemangle.so
F/google-breakpad(20981): M B5CB0000 00000000 00010000 1ED721809D4ADEC8823197FA7B47EA470 libpcre.so
F/google-breakpad(20981): M B5CC2000 00000000 0008E000 E1512A4C80BFFB98EE1A27F8109CA7CE0 libc++.so
F/google-breakpad(20981): M B5D59000 00000000 00026000 812ACAFEE7E218F5753675B0F07C2CCF0 libpng.so
F/google-breakpad(20981): M B5D81000 00000000 00056000 659F1470013A04F7702E4BAB65F034E70 libft2.so
F/google-breakpad(20981): M B5DDB000 00000000 00014000 13D09411C5174EBD2D65F3D2FE4DEEEC0 libstagefright_foundation.so
F/google-breakpad(20981): M B5DF2000 00000000 00007000 C84019C90BCA7E95A773B5A75A460D880 libnbaio.so
F/google-breakpad(20981): M B5DFC000 00000000 00004000 F4F99E4A6E63BF8C8005D96B2BAC8CEB0 libgabi++.so
F/google-breakpad(20981): M B5E02000 00000000 0001B000 7176C4FDA0EED9424034523F8CA475C80 libRScpp.so
F/google-breakpad(20981): M B5E1F000 00000000 00037000 0E4D8BDE46E4C80F5E49AF11029549F30 libRS.so
F/google-breakpad(20981): M B5E59000 00000000 00003000 254351EC49125FE3A72F78EAB38381410 libwpa_client.so
F/google-breakpad(20981): M B5E5E000 00000000 00001000 2D9083CB8C22C02E1412DA13B1CA43AE0 libsync.so
F/google-breakpad(20981): M B5E61000 00000000 00003000 AC1D054A26491BE96E8BCCB1E5F2926F0 libspeexresampler.so
F/google-breakpad(20981): M B5E67000 00000000 0006D000 A12BAF7D82BE28EC681730452D351E880 libGLES_trace.so
F/google-breakpad(20981): M B5ED8000 00000000 00006000 BBF745C99E586EA55F33C880C56C60100 libbacktrace.so
F/google-breakpad(20981): M B5EE2000 00000000 00018000 03AD92B0BEDAA751C0016E97AE374CAE0 libz.so
F/google-breakpad(20981): M B5EFC000 00000000 00002000 3CBDF0DE27B9554508AD60FDC96CBC620 libusbhost.so
F/google-breakpad(20981): M B5F00000 00000000 0000A000 4C7E06828A3225C3FD4003E47756B8730 libui.so
F/google-breakpad(20981): M B5F0C000 00000000 00037000 2FE003E5119C67BABE1A9FAB459A5A5D0 libstlport.so
F/google-breakpad(20981): M B5F47000 00000000 0003B000 127BC979BDE074D327028354657BA61B0 libssl.so
F/google-breakpad(20981): M B5F88000 00000000 0005D000 D366DAE98FA73F271C265A1DCC8C35250 libsqlite.so
F/google-breakpad(20981): M B5FE9000 00000000 0000A000 F954BA248E12C9AF32F54434F977FEF80 libsoundtrigger.so
F/google-breakpad(20981): M B5FF8000 00000000 0004F000 6E42A82035D93C21993C08A98EE5B24C0 libsonivox.so
F/google-breakpad(20981): M B604E000 00000000 00216000 65E6BBE996BFB2289FE8BE6C3E5A3EC50 libskia.so
F/google-breakpad(20981): M B6282000 00000000 0000C000 138271F0F6E8EE5F5C2B7D39715D13000 libselinux.so
F/google-breakpad(20981): M B6290000 00000000 00002000 4E6C8C876BA563C3C4B0B3BA562093920 libprocessgroup.so
F/google-breakpad(20981): M B6294000 00000000 0044A000 83C5B450634DDB5C4FC41CA61A35B3740 libpdfium.so
F/google-breakpad(20981): M B66F5000 00000000 00005000 F8BA9819E3B7FA0BE155985B6C09FC570 libnetutils.so
F/google-breakpad(20981): M B66FC000 00000000 00001000 6BAB6E71D6E2A765F362D19F1D6B0E990 libnetd_client.so
F/google-breakpad(20981): M B6701000 00000000 00005000 8780B853CBEA7DCE643BD5DD81F418140 libnativehelper.so
F/google-breakpad(20981): M B6708000 00000000 00002000 D11A32F1E80EA4A32E0F94053E4C19140 libnativebridge.so
F/google-breakpad(20981): M B670C000 00000000 00009000 1CA7BC0790E903E9229128A166929FEB0 libminikin.so
F/google-breakpad(20981): M B6718000 00000000 00001000 CCA8BE0D07D24523C8D02FEE5F724EA70 libmemtrack.so
F/google-breakpad(20981): M B671B000 00000000 00082000 994A6BA0D7C9B9977CF43D92BCD5D3860 libmedia.so
F/google-breakpad(20981): M B67B7000 00000000 0002F000 89A4F06810290EEAF309C12642A3ECFA0 libjpeg.so
F/google-breakpad(20981): M B67E9000 00000000 00037000 C5E637BD039BDA410F5348296DAAD1120 libinputflinger.so
F/google-breakpad(20981): M B6825000 00000000 00017000 74F168649BE8583159D23A6406D107740 libinput.so
F/google-breakpad(20981): M B6840000 00000000 0000A000 5B082E821F342B59EB7E98B4A5A1B7D10 libimg_utils.so
F/google-breakpad(20981): M B684D000 00000000 00104000 1B1FD653750DE88B86D7E83095EE37160 libicuuc.so
F/google-breakpad(20981): M B6962000 00000000 0015B000 237F53C12084A7F42405B410FDE8B4020 libicui18n.so
F/google-breakpad(20981): M B6AC9000 00000000 00048000 01F66AB86D6D659031248B22951BF2670 libhwui.so
F/google-breakpad(20981): M B6B16000 00000000 00045000 AC5AE16EC01F4362C8E63DF66565090D0 libharfbuzz_ng.so
F/google-breakpad(20981): M B6B5E000 00000000 00004000 C08391F010B5A32265D4D781325FFCEE0 libhardware_legacy.so
F/google-breakpad(20981): M B6B65000 00000000 00001000 914425D16565257955F7E1574360B71F0 libhardware.so
F/google-breakpad(20981): M B6B68000 00000000 00042000 34E1D1BEAB95ED34D0DAC916C78C0F6A0 libgui.so
F/google-breakpad(20981): M B6BB7000 00000000 00014000 B98E65710C415C83E972EBDC1EB52AC00 libexpat.so
F/google-breakpad(20981): M B6BCE000 00000000 000ED000 8DBD3D1934484B7829F6D270148168210 libcrypto.so
F/google-breakpad(20981): M B6CD2000 00000000 00006000 FD57BD3754F1C9D63F3F9E1E550B9E950 libcamera_metadata.so
F/google-breakpad(20981): M B6CDA000 00000000 0002F000 116B764A83A70C0F905AA2C1D527450B0 libcamera_client.so
F/google-breakpad(20981): M B6D14000 00000000 00004000 D330B25521C028B95D7E9360F7C6D6510 libaudioutils.so
F/google-breakpad(20981): M B6D1A000 00000000 00023000 12AF731CDBA8D51DC48CA7314B5B91EF0 libandroidfw.so
F/google-breakpad(20981): M B6D41000 00000000 00009000 E2F67EE50006FD0ED1482E1463C5CCFF0 libGLESv2.so
F/google-breakpad(20981): M B6D4C000 00000000 00005000 EFE6AB19F4060BCECF8CF0E68958C2F60 libGLESv1_CM.so
F/google-breakpad(20981): M B6D53000 00000000 00002000 C91EAF69D18F0D499BD58532BBA173690 libETC1.so
F/google-breakpad(20981): M B6D58000 00000000 0005D000 92714C4D425611328101DB55FDE48EFD0 libEGL.so
F/google-breakpad(20981): M B6DC3000 00000000 00015000 4939D39D90E5757D5AA90A21AD57F4720 libutils.so
F/google-breakpad(20981): M B6DDB000 00000000 00002000 DFCD7772F3A5BD1E84A50C4DBFDE6F570 libstdc++.so
F/google-breakpad(20981): M B6DDF000 00000000 00017000 AE3467401278371A956801500FC8187D0 libm.so
F/google-breakpad(20981): M B6DF8000 00000000 00005000 0A492DEF82842051996A468D87F23F010 liblog.so
F/google-breakpad(20981): M B6DFF000 00000000 0000B000 1571FDB16320E359838589E61511EE3E0 libcutils.so
F/google-breakpad(20981): M B6E0C000 00000000 00054000 175D1D75042A7F67A4D8449633BFCF3E0 libc.so
F/google-breakpad(20981): M B6E6F000 00000000 00027000 ACE63A0E3012450D39746D59E61167700 libbinder.so
F/google-breakpad(20981): M B6E9F000 00000000 000D0000 8FEFF239D8EA0192C6AAA04A708AD3110 libandroid_runtime.so
F/google-breakpad(20981): M B6F83000 00000000 0000D000 8BE93D1D133BBFEAD6E1648C87A5E0F70 linker
F/google-breakpad(20981): -----END BREAKPAD MICRODUMP-----
F/libc    (20510): Fatal signal 11 (SIGSEGV), code 1, fault addr 0x4 in tid 20510 (mes.colorswitch)
I/DEBUG   (  185): *** *** *** *** *** *** *** *** *** *** *** *** *** *** *** ***
I/DEBUG   (  185): Build fingerprint: 'google/occam/mako:5.1.1/LMY48T/2237560:user/release-keys'
I/DEBUG   (  185): Revision: '11'
I/DEBUG   (  185): ABI: 'arm'
I/DEBUG   (  185): pid: 20510, tid: 20510, name: mes.colorswitch  >>> com.fortafygames.colorswitch <<<
I/DEBUG   (  185): signal 11 (SIGSEGV), code 1 (SEGV_MAPERR), fault addr 0x4
I/DEBUG   (  185):     r0 00000000  r1 00000000  r2 00000001  r3 af8e3058
I/DEBUG   (  185):     r4 b80c6a38  r5 af8e2e7c  r6 af8da128  r7 bebb6038
I/DEBUG   (  185):     r8 bebb6034  r9 b89998a0  sl bebb6030  fp 00000000
I/DEBUG   (  185):     ip 00000073  sp bebb5fc8  lr af79037c  pc af865544  cpsr 200f0010
I/DEBUG   (  185): 
I/DEBUG   (  185): backtrace:
