--------- beginning of main
I/DownloadManagerWrapper( 1581): onReceive() : Charging = true
I/DownloadManagerWrapper( 1581): onReceive() : Charging = true
E/WifiStateMachine(  598): WifiStateMachine CMD_START_SCAN source -2 txSuccessRate=0.00 rxSuccessRate=0.00 targetRoamBSSID=b4:e9:b0:e5:06:d0 RSSI=-51
I/DownloadManagerWrapper( 1581): onReceive() : Charging = true
I/PlayCommon( 2133): [135] com.google.android.play.a.g.e(862): Preparing logs for uploading
I/PlayCommon( 2133): [135] com.google.android.play.a.g.a(1002): Connecting to server: https://play.googleapis.com/play/log?format=raw&proto_v2=true
I/PlayCommon( 2133): [135] com.google.android.play.a.g.a(1077): Successfully uploaded logs.
I/DownloadManagerWrapper( 1581): onReceive() : Charging = true
E/WifiStateMachine(  598): WifiStateMachine CMD_START_SCAN source -2 txSuccessRate=4.75 rxSuccessRate=2.50 targetRoamBSSID=b4:e9:b0:e5:06:d0 RSSI=-58
I/DownloadManagerWrapper( 1581): onReceive() : Charging = true
D/audio_hw_primary(  191): select_devices: out_snd_device(2: speaker) in_snd_device(0: none)
D/ACDB-LOADER(  191): ACDB -> send_afe_cal
D/audio_hw_primary(  191): enable_snd_device: snd_device(2: speaker)
D/audio_hw_primary(  191): enable_audio_route: apply and update mixer path: low-latency-playback
D/android.widget.GridLayout( 1698): horizontal constraints: x1-x0>=350, x2-x1>=390, x2-x0<=736 are inconsistent; permanently removing: x2-x0<=736. 
D/android.widget.GridLayout( 1698): horizontal constraints: x1-x0>=350, x2-x1>=390, x2-x0<=736 are inconsistent; permanently removing: x2-x0<=736. 
D/audio_hw_primary(  191): disable_audio_route: reset and update mixer path: low-latency-playback
D/audio_hw_primary(  191): disable_snd_device: snd_device(2: speaker)
--------- beginning of system
I/ActivityManager(  598): START u0 {act=android.intent.action.MAIN cat=[android.intent.category.LAUNCHER] flg=0x10200000 cmp=com.mobilityware.solitaire/.Solitaire (has extras)} from uid 10014 on display 0
V/WindowManager(  598): addAppToken: AppWindowToken{12909ec4 token=Token{4e835d7 ActivityRecord{1fe04156 u0 com.mobilityware.solitaire/.Solitaire t16}}} to stack=1 task=16 at 0
D/audio_hw_primary(  191): select_devices: out_snd_device(2: speaker) in_snd_device(0: none)
D/ACDB-LOADER(  191): ACDB -> send_afe_cal
D/audio_hw_primary(  191): enable_snd_device: snd_device(2: speaker)
V/WindowManager(  598): Adding window Window{2c0b8ba9 u0 Starting com.mobilityware.solitaire} at 3 of 8 (after Window{33620592 u0 com.android.launcher/com.android.launcher2.Launcher})
D/audio_hw_primary(  191): enable_audio_route: apply and update mixer path: low-latency-playback
I/ActivityManager(  598): Start proc 18902:com.mobilityware.solitaire/u0a215 for activity com.mobilityware.solitaire/.Solitaire
I/art     (  200): Explicit concurrent mark sweep GC freed 706(30KB) AllocSpace objects, 0(0B) LOS objects, 40% free, 7MB/11MB, paused 274us total 17.121ms
I/art     (  200): Explicit concurrent mark sweep GC freed 5(160B) AllocSpace objects, 0(0B) LOS objects, 40% free, 7MB/11MB, paused 305us total 17.305ms
I/art     (  200): Explicit concurrent mark sweep GC freed 5(160B) AllocSpace objects, 0(0B) LOS objects, 40% free, 7MB/11MB, paused 274us total 18.525ms
W/PopupManager(18902): You have not specified a View to use as content view for popups. Falling back to the Activity content view which may not work properly in future versions of the API. Use setViewForPopups() to set your content view.
D/AdParams(18902): download url:http://ads.mobilityware.com/adparams/AndroidSolitaire.xml
I/Solitaire(18902): onStart
D/OpenGLRenderer(18902): Use EGL_SWAP_BEHAVIOR_PRESERVED: true
D/Atlas   (18902): Validating map...
V/WindowManager(  598): Adding window Window{1cbd301d u0 com.mobilityware.solitaire/com.mobilityware.solitaire.Solitaire} at 3 of 9 (before Window{2c0b8ba9 u0 Starting com.mobilityware.solitaire})
I/Adreno-EGL(18902): <qeglDrvAPI_eglInitialize:379>: QUALCOMM Build: 01/15/15, ab0075f, Id3510ff6dc
I/OpenGLRenderer(18902): Initialized EGL, version 1.4
D/OpenGLRenderer(18902): Enabling debug mode 0
I/ActivityManager(  598): Displayed com.mobilityware.solitaire/.Solitaire: +480ms
D/AdParams(18902): downloaded in 0 secs
D/AdParams(18902): Cached file read successfully
D/AdParams(18902): Thread wait
I/DownloadManagerWrapper( 1581): onReceive() : Charging = true
V/WindowManager(  598): not Base app: Adding window Window{a7345d5 u0 com.mobilityware.solitaire/com.mobilityware.solitaire.Solitaire} at 4 of 9
I/AdControl(18902): Version=1.0.5
I/Choreographer(18902): Skipped 45 frames!  The application may be doing too much work on its main thread.
D/Solitaire.MWView(18902): w=768 h=1184 oldw=0 oldh=0 tolerance=20
D/audio_hw_primary(  191): disable_audio_route: reset and update mixer path: low-latency-playback
D/audio_hw_primary(  191): disable_snd_device: snd_device(2: speaker)
I/WebViewFactory(18902): Loading com.google.android.webview version 54.0.2840.85 (code 284008500)
I/art     (18902): Rejecting re-init on previously-failed class java.lang.Class<com.android.webview.chromium.TokenBindingManagerAdapter>
I/art     (18902): Rejecting re-init on previously-failed class java.lang.Class<com.android.webview.chromium.TokenBindingManagerAdapter>
I/art     (18902): Rejecting re-init on previously-failed class java.lang.Class<com.android.webview.chromium.ServiceWorkerControllerAdapter>
I/art     (18902): Rejecting re-init on previously-failed class java.lang.Class<com.android.webview.chromium.ServiceWorkerControllerAdapter>
I/cr_LibraryLoader(18902): Time to load native libraries: 1 ms (timestamps 5437-5438)
I/cr_LibraryLoader(18902): Expected native library version number "54.0.2840.85", actual native library version number "54.0.2840.85"
I/PlayCommon( 2133): [150] com.google.android.play.a.g.e(862): Preparing logs for uploading
I/PlayCommon( 2133): [150] com.google.android.play.a.g.e(864): No file ready to send
I/cr_LibraryLoader(18902): Expected native library version number "54.0.2840.85", actual native library version number "54.0.2840.85"
I/chromium(18902): [INFO:library_loader_hooks.cc(151)] Chromium logging enabled: level = 0, default verbosity = 0
I/cr_BrowserStartup(18902): Initializing chromium process, singleProcess=true
I/art     (18902): Rejecting re-init on previously-failed class java.lang.Class<com.android.webview.chromium.WebViewContentsClientAdapter$WebResourceErrorImpl>
I/art     (18902): Rejecting re-init on previously-failed class java.lang.Class<com.android.webview.chromium.WebViewContentsClientAdapter$WebResourceErrorImpl>
D/ConnectivityService(  598): listenForNetwork for NetworkRequest [ id=24, legacyType=-1, [ Capabilities: INTERNET&NOT_RESTRICTED&TRUSTED] ]
D/ConnectivityService(  598): handleRegisterNetworkRequest checking NetworkAgentInfo [WIFI () - 100]
D/ConnectivityService(  598): apparently satisfied.  currentScore=60
D/ConnectivityManager.CallbackHandler(18902): CM callback handler got msg 524290
I/art     (18902): Rejecting re-init on previously-failed class java.lang.Class<org.chromium.content.browser.FloatingWebActionModeCallback>
I/art     (18902): Rejecting re-init on previously-failed class java.lang.Class<org.chromium.content.browser.FloatingWebActionModeCallback>
E/WifiStateMachine(  598): WifiStateMachine CMD_START_SCAN source -2 txSuccessRate=9.69 rxSuccessRate=8.77 targetRoamBSSID=b4:e9:b0:e5:06:d0 RSSI=-51
D/MoPub   (18902): Failed to retrieve GPS location: access appears to be disabled.
D/MoPub   (18902): Failed to retrieve network location: access appears to be disabled.
W/Settings(18902): Setting android_id has moved from android.provider.Settings.System to android.provider.Settings.Secure, returning read-only value.
W/Settings(18902): Setting android_id has moved from android.provider.Settings.System to android.provider.Settings.Secure, returning read-only value.
W/cr_media(18902): Requires BLUETOOTH permission
I/cr_Ime  (18902): ImeThread is enabled.
E/Cataloger( 3812): syncFile:/storage/emulated/0/Android/data/com.mobilityware.solitaire
E/Cataloger( 3812): 创建一个目录:/storage/emulated/0/Android/data/com.mobilityware.solitaire
D/AdSettings(18902): Test mode device hash: e58ad70f67e9389647f27b18196a659a
D/AdSettings(18902): When testing your app with Facebook's ad units you must specify the device hashed ID to ensure the delivery of test ads, add the following code before loading an ad: AdSettings.addTestDevice("e58ad70f67e9389647f27b18196a659a");
E/libEGL  (18902): validate_display:255 error 3008 (EGL_BAD_DISPLAY)
E/Cataloger( 3812): 扫描新建目录：/storage/emulated/0/Android/data/com.mobilityware.solitaire
D/ConnectivityService(  598): listenForNetwork for NetworkRequest [ id=25, legacyType=-1, [ Capabilities: INTERNET&NOT_RESTRICTED&TRUSTED] ]
D/ConnectivityService(  598): handleRegisterNetworkRequest checking NetworkAgentInfo [WIFI () - 100]
D/ConnectivityService(  598): apparently satisfied.  currentScore=60
D/ConnectivityManager.CallbackHandler(18902): CM callback handler got msg 524290
D/MoPub   (18902): Loading url: http://ads.mopub.com/m/ad?v=6&id=056f2d27c03c4cb899b522bb66fcd9af&nv=2.1&dn=LGE%2CNexus%204%2Coccam&udid=ifa%3A229d4aea-d76e-47c3-ad88-1eafdf3529f0&z=-0500&o=p&sc_a=2.0&mr=1&ct=2&av=3.1.2&android_perms_ext_storage=1
I/MoPub   (18902): Fetching ad for task #0
I/cr_Ime  (18902): ImeThread is enabled.
E/ActivityThread(18902): Failed to find provider info for com.facebook.katana.provider.AttributionIdProvider
I/VideoCapabilities(18902): Unsupported profile 4 for video/mp4v-es
W/cr_BindingManager(18902): Cannot call determinedVisibility() - never saw a connection for the pid: 18902
E/chromium(18902): [ERROR:interface_registry.cc(99)] Failed to locate a binder for interface: autofill::mojom::AutofillDriver
D/MoPub   (18902): Loading ad type: mraid
D/MoPub   (18902): Loading custom event interstitial adapter.
D/MoPub   (18902): Attempting to invoke custom event: com.mopub.mobileads.MraidInterstitial
E/qcom_sensors_hal(  598): hal_process_report_ind: Bad item quality: 11 
I/cr_Ime  (18902): ImeThread is enabled.
W/cr_BindingManager(18902): Cannot call determinedVisibility() - never saw a connection for the pid: 18902
W/cr_BindingManager(18902): Cannot call determinedVisibility() - never saw a connection for the pid: 18902
E/chromium(18902): [ERROR:interface_registry.cc(99)] Failed to locate a binder for interface: autofill::mojom::AutofillDriver
I/chromium(18902): [INFO:CONSOLE(3)] "The value "device-width;" for key "width" is invalid, and has been ignored.", source: http://adsx.greystripe.com/openx/www/delivery/ia.php?z=1479239299226&s=fs&source=saveimage%20port%20wifi%20Android-5.1.1%20asdk-2.4.2%20land&guid=28c67532-a45d-4129-a14f-96cf44bc81e3&screen_size=768x1184&gaid=229d4aea-d76e-47c3-ad88-1eafdf3529f0&res=2.0&lang=en (3)
I/chromium(18902): [INFO:CONSOLE(3)] "The value "1.0;" for key "initial-scale" was truncated to its numeric prefix.", source: http://adsx.greystripe.com/openx/www/delivery/ia.php?z=1479239299226&s=fs&source=saveimage%20port%20wifi%20Android-5.1.1%20asdk-2.4.2%20land&guid=28c67532-a45d-4129-a14f-96cf44bc81e3&screen_size=768x1184&gaid=229d4aea-d76e-47c3-ad88-1eafdf3529f0&res=2.0&lang=en (3)
I/chromium(18902): [INFO:CONSOLE(3)] "The value "1.0;" for key "maximum-scale" was truncated to its numeric prefix.", source: http://adsx.greystripe.com/openx/www/delivery/ia.php?z=1479239299226&s=fs&source=saveimage%20port%20wifi%20Android-5.1.1%20asdk-2.4.2%20land&guid=28c67532-a45d-4129-a14f-96cf44bc81e3&screen_size=768x1184&gaid=229d4aea-d76e-47c3-ad88-1eafdf3529f0&res=2.0&lang=en (3)
I/chromium(18902): [INFO:CONSOLE(3)] "The value "0;" for key "user-scalable" was truncated to its numeric prefix.", source: http://adsx.greystripe.com/openx/www/delivery/ia.php?z=1479239299226&s=fs&source=saveimage%20port%20wifi%20Android-5.1.1%20asdk-2.4.2%20land&guid=28c67532-a45d-4129-a14f-96cf44bc81e3&screen_size=768x1184&gaid=229d4aea-d76e-47c3-ad88-1eafdf3529f0&res=2.0&lang=en (3)
I/chromium(18902): [INFO:CONSOLE(3)] "Error parsing a meta element's content: ';' is not a valid key-value pair separator. Please use ',' instead.", source: http://adsx.greystripe.com/openx/www/delivery/ia.php?z=1479239299226&s=fs&source=saveimage%20port%20wifi%20Android-5.1.1%20asdk-2.4.2%20land&guid=28c67532-a45d-4129-a14f-96cf44bc81e3&screen_size=768x1184&gaid=229d4aea-d76e-47c3-ad88-1eafdf3529f0&res=2.0&lang=en (3)
E/chromium(18902): [ERROR:interface_registry.cc(99)] Failed to locate a binder for interface: autofill::mojom::AutofillDriver
W/ResourcesManager(18902): Asset path '/system/framework/com.android.media.remotedisplay.jar' does not exist or contains no resources.
W/ResourcesManager(18902): Asset path '/system/framework/com.android.location.provider.jar' does not exist or contains no resources.
W/art     (18902): Suspending all threads took: 6.622ms
I/art     (18902): Background sticky concurrent mark sweep GC freed 65234(4MB) AllocSpace objects, 36(2MB) LOS objects, 13% free, 35MB/40MB, paused 13.490ms total 95.345ms
W/ResourcesManager(18902): Asset path '/system/framework/com.android.media.remotedisplay.jar' does not exist or contains no resources.
W/ResourcesManager(18902): Asset path '/system/framework/com.android.location.provider.jar' does not exist or contains no resources.
D/DynamitePackage(18902): Instantiated singleton DynamitePackage.
D/DynamitePackage(18902): Instantiating com.google.android.gms.ads.ChimeraAdManagerCreatorImpl
I/DynamiteModule(18902): Considering local module com.google.android.gms.piccard.dynamite:0 and remote module com.google.android.gms.piccard.dynamite:9
I/DynamiteModule(18902): Selected remote version of com.google.android.gms.piccard.dynamite, version >= 9
E/DynamiteModule(18902): Failed to load DynamiteLoader: java.lang.ClassNotFoundException: Didn't find class "com.google.android.gms.dynamite.DynamiteModule$DynamiteLoaderClassLoader" on path: DexPathList[[zip file "/data/app/com.mobilityware.solitaire-1/base.apk"],nativeLibraryDirectories=[/vendor/lib, /system/lib]]
W/DynamiteModule(18902): Failed to load remote module: Failed to get module context
W/DynamiteModule(18902): Failed to load module via fast routeajo: Remote load failed. No local fallback found.
I/DynamiteModule(18902): Considering local module com.google.android.gms.piccard.dynamite:0 and remote module com.google.android.gms.piccard.dynamite:9
I/DynamiteModule(18902): Selected remote version of com.google.android.gms.piccard.dynamite, version >= 9
I/Ads     (18902): Starting ad request.
I/Ads     (18902): Use AdRequest.Builder.addTestDevice("1F480C9603A7924489313051413E5A68") to get test ads on this device.
I/Ads     (18902): Please set theme of AdActivity to @android:style/Theme.Translucent to enable transparent background interstitial ad.
I/dex2oat (19063): /system/bin/dex2oat --runtime-arg -classpath --runtime-arg  --instruction-set=arm --instruction-set-features=div --runtime-arg -Xrelocate --boot-image=/system/framework/boot.art --dex-file=/data/data/com.mobilityware.solitaire/cache/1470286953684.jar --oat-fd=151 --oat-location=/data/data/com.mobilityware.solitaire/cache/1470286953684.dex --runtime-arg -Xms64m --runtime-arg -Xmx512m
W/linker  ( 9866): libleveldbjni.so: unused DT entry: type 0x7ffffffd arg 0xd2b
I/dex2oat (19063): dex2oat took 88.295ms (threads: 4) arena alloc=154KB java alloc=24KB native alloc=1042KB free=25KB
W/ActivityManager(  598): getRunningAppProcesses: caller 10215 does not hold REAL_GET_TASKS; limiting output
I/WebViewFactory( 9866): Loading com.google.android.webview version 54.0.2840.85 (code 284008500)
I/art     ( 9866): Rejecting re-init on previously-failed class java.lang.Class<com.android.webview.chromium.TokenBindingManagerAdapter>
I/art     ( 9866): Rejecting re-init on previously-failed class java.lang.Class<com.android.webview.chromium.TokenBindingManagerAdapter>
I/art     ( 9866): Rejecting re-init on previously-failed class java.lang.Class<com.android.webview.chromium.ServiceWorkerControllerAdapter>
I/art     ( 9866): Rejecting re-init on previously-failed class java.lang.Class<com.android.webview.chromium.ServiceWorkerControllerAdapter>
I/cr_LibraryLoader( 9866): Time to load native libraries: 1 ms (timestamps 9320-9321)
I/cr_LibraryLoader( 9866): Expected native library version number "54.0.2840.85", actual native library version number "54.0.2840.85"
I/cr_LibraryLoader( 9866): Expected native library version number "54.0.2840.85", actual native library version number "54.0.2840.85"
I/chromium( 9866): [INFO:library_loader_hooks.cc(151)] Chromium logging enabled: level = 0, default verbosity = 0
I/cr_BrowserStartup( 9866): Initializing chromium process, singleProcess=true
I/Adreno-EGL( 9866): <qeglDrvAPI_eglInitialize:379>: QUALCOMM Build: 01/15/15, ab0075f, Id3510ff6dc
D/ConnectivityService(  598): listenForNetwork for NetworkRequest [ id=26, legacyType=-1, [ Capabilities: INTERNET&NOT_RESTRICTED&TRUSTED] ]
D/ConnectivityService(  598): handleRegisterNetworkRequest checking NetworkAgentInfo [WIFI () - 100]
D/ConnectivityService(  598): apparently satisfied.  currentScore=60
D/ConnectivityManager.CallbackHandler( 9866): CM callback handler got msg 524290
I/art     (  598): Explicit concurrent mark sweep GC freed 147445(7MB) AllocSpace objects, 6(116KB) LOS objects, 33% free, 24MB/36MB, paused 1.648ms total 120.555ms
I/Ads     ( 9866): Parental control value is stale. Refreshing.
I/Finsky  ( 2133): [114] com.google.android.finsky.services.e.a(56): Received content filters request from sharedUserId=com.google.uid.shared:10008
I/Ads     ( 9866): Successfully received play store parental controls the result.
W/Herrevad( 9866): Invalid mccmnc 
W/Herrevad( 9866): Invalid mccmnc 
I/art     ( 9866): Rejecting re-init on previously-failed class java.lang.Class<com.android.webview.chromium.WebViewContentsClientAdapter$WebResourceErrorImpl>
I/art     ( 9866): Rejecting re-init on previously-failed class java.lang.Class<com.android.webview.chromium.WebViewContentsClientAdapter$WebResourceErrorImpl>
D/ConnectivityService(  598): listenForNetwork for NetworkRequest [ id=27, legacyType=-1, [ Capabilities: INTERNET&NOT_RESTRICTED&TRUSTED] ]
D/ConnectivityService(  598): handleRegisterNetworkRequest checking NetworkAgentInfo [WIFI () - 100]
D/ConnectivityService(  598): apparently satisfied.  currentScore=60
D/ConnectivityManager.CallbackHandler( 9866): CM callback handler got msg 524290
I/art     ( 9866): Rejecting re-init on previously-failed class java.lang.Class<org.chromium.content.browser.FloatingWebActionModeCallback>
I/art     ( 9866): Rejecting re-init on previously-failed class java.lang.Class<org.chromium.content.browser.FloatingWebActionModeCallback>
D/BluetoothManagerService(  598): Message: 20
D/BluetoothManagerService(  598): Added callback: android.bluetooth.IBluetoothManagerCallback$Stub$Proxy@2db86b5e:true
D/BluetoothAdapter( 9866): 398278500: getState() :  mService = null. Returning STATE_OFF
I/cr_Ime  ( 9866): ImeThread is enabled.
E/libEGL  ( 9866): validate_display:255 error 3008 (EGL_BAD_DISPLAY)
I/VideoCapabilities( 9866): Unsupported profile 4 for video/mp4v-es
W/cr_BindingManager( 9866): Cannot call determinedVisibility() - never saw a connection for the pid: 9866
I/chromium( 9866): [INFO:CONSOLE(0)] "Document was loaded from Application Cache with manifest https://googleads.g.doubleclick.net/mads/static/mad/sdk/native/sdk-core-v40-loader.appcache", source: https://googleads.g.doubleclick.net/mads/static/mad/sdk/native/sdk-core-v40-loader.html (0)
I/chromium( 9866): [INFO:CONSOLE(0)] "Application Cache Checking event", source: https://googleads.g.doubleclick.net/mads/static/mad/sdk/native/sdk-core-v40-loader.html (0)
E/chromium( 9866): [ERROR:interface_registry.cc(99)] Failed to locate a binder for interface: autofill::mojom::AutofillDriver
D/audio_hw_primary(  191): select_devices: out_snd_device(2: speaker) in_snd_device(0: none)
D/ACDB-LOADER(  191): ACDB -> send_afe_cal
D/audio_hw_primary(  191): enable_snd_device: snd_device(2: speaker)
D/audio_hw_primary(  191): enable_audio_route: apply and update mixer path: low-latency-playback
I/chromium( 9866): [INFO:CONSOLE(0)] "Application Cache NoUpdate event", source: https://googleads.g.doubleclick.net/mads/static/mad/sdk/native/sdk-core-v40-loader.html (0)
I/Ads     ( 9866): Received log message: <Google:HTML> You are using version 4.2 of the Google Play services Ads SDK. Please consider updating your SDK to the most recent SDK version to get the latest features and bug fixes. See http://goo.gl/r2TRzC for instructions on how to get the latest version of Google Play services.
I/OMXClient(18902): Using client-side OMX mux.
E/OMX-VDEC-1080P(  191): Extension: OMX.google.android.index.storeMetaDataInBuffers not implemented
E/OMXNodeInstance(  191): getExtensionIndex(29:qcom.decoder.avc, OMX.google.android.index.storeMetaDataInBuffers) ERROR: NotImplemented(0x80001006)
E/ACodec  (18902): [OMX.qcom.video.decoder.avc] storeMetaDataInBuffers failed w/ err -2147483648
E/OMX-VDEC-1080P(  191): Enabling Adaptive playback for 640 x 358
E/OMX-VDEC-1080P(  191): 
E/OMX-VDEC-1080P(  191):  No color conversion required
E/OMX-VDEC-1080P(  191): 
E/OMX-VDEC-1080P(  191):  No color conversion required
E/OMX-VDEC-1080P(  191): 
E/OMX-VDEC-1080P(  191):  No color conversion required
E/OMX-VDEC-1080P(  191): 
E/OMX-VDEC-1080P(  191):  No color conversion required
E/OMX-VDEC-1080P(  191): 
E/OMX-VDEC-1080P(  191):  No color conversion required
E/OMX-VDEC-1080P(  191): 
E/OMX-VDEC-1080P(  191):  No color conversion required
E/OMX-VDEC-1080P(  191): 
E/OMX-VDEC-1080P(  191):  No color conversion required
E/OMX-VDEC-1080P(  191): 
E/OMX-VDEC-1080P(  191):  No color conversion required
E/OMX-VDEC-1080P(  191): 
E/OMX-VDEC-1080P(  191):  No color conversion required
E/OMX-VDEC-1080P(  191): 
E/OMX-VDEC-1080P(  191):  No color conversion required
E/OMX-VDEC-1080P(  191): GET_MV_BUFFER_SIZE returned: Size: 65536 and alignment: 8192
E/OMX-VDEC-1080P(  191): 
E/OMX-VDEC-1080P(  191):  No color conversion required
E/OMX-VDEC-1080P(  191): 
E/OMX-VDEC-1080P(  191):  No color conversion required
E/OMX-VDEC-1080P(  191): 
E/OMX-VDEC-1080P(  191):  No color conversion required
E/OMX-VDEC-1080P(  191): 
E/OMX-VDEC-1080P(  191):  No color conversion required
E/OMX-VDEC-1080P(  191): 
E/OMX-VDEC-1080P(  191):  No color conversion required
E/OMX-VDEC-1080P(  191): 
E/OMX-VDEC-1080P(  191):  No color conversion required
E/OMX-VDEC-1080P(  191): 
E/OMX-VDEC-1080P(  191):  No color conversion required
E/OMX-VDEC-1080P(  191): 
E/OMX-VDEC-1080P(  191):  No color conversion required
I/DownloadManagerWrapper( 1581): onReceive() : Charging = true
E/OMX-VDEC-1080P(  191): 
E/OMX-VDEC-1080P(  191):  No color conversion required
E/OMX-VDEC-1080P(  191): 
E/OMX-VDEC-1080P(  191):  No color conversion required
E/OMX-VDEC-1080P(  191): 
E/OMX-VDEC-1080P(  191):  No color conversion required
E/OMX-VDEC-1080P(  191): 
E/OMX-VDEC-1080P(  191):  No color conversion required
E/OMX-VDEC-1080P(  191): 
E/OMX-VDEC-1080P(  191):  No color conversion required
E/OMX-VDEC-1080P(  191): 
E/OMX-VDEC-1080P(  191):  No color conversion required
E/OMX-VDEC-1080P(  191): 
E/OMX-VDEC-1080P(  191):  No color conversion required
E/OMX-VDEC-1080P(  191): 
E/OMX-VDEC-1080P(  191):  No color conversion required
E/OMX-VDEC-1080P(  191): 
E/OMX-VDEC-1080P(  191):  No color conversion required
I/DownloadManagerWrapper( 1581): onReceive() : Charging = true
E/OMX-VDEC-1080P(  191): 
E/OMX-VDEC-1080P(  191):  No color conversion required
E/OMX-VDEC-1080P(  191): 
E/OMX-VDEC-1080P(  191):  No color conversion required
E/OMX-VDEC-1080P(  191): 
E/OMX-VDEC-1080P(  191):  No color conversion required
E/OMX-VDEC-1080P(  191): 
E/OMX-VDEC-1080P(  191):  No color conversion required
E/OMX-VDEC-1080P(  191): 
E/OMX-VDEC-1080P(  191):  No color conversion required
E/OMX-VDEC-1080P(  191): 
E/OMX-VDEC-1080P(  191):  No color conversion required
V/WindowManager(  598): not Base app: Adding window Window{1268c22f u0 com.mobilityware.solitaire/com.mobilityware.solitaire.Solitaire} at 4 of 9
E/Cataloger( 3812): syncFile:/storage/emulated/0/Android/data/com.mobilityware.solitaire/files
E/Cataloger( 3812): 创建一个目录:/storage/emulated/0/Android/data/com.mobilityware.solitaire/files
E/Cataloger( 3812): 扫描新建目录：/storage/emulated/0/Android/data/com.mobilityware.solitaire/files
I/art     (18902): Background partial concurrent mark sweep GC freed 34493(2MB) AllocSpace objects, 17(950KB) LOS objects, 29% free, 37MB/53MB, paused 12.147ms total 117.381ms
I/cr_Ime  (18902): ImeThread is enabled.
W/cr_BindingManager(18902): Cannot call determinedVisibility() - never saw a connection for the pid: 18902
E/MediaPlayer(18902): Should have subtitle controller already set
D/NuPlayerDriver(  191): start(0xb76b3f68)
I/GenericSource(  191): start
E/MediaPlayer(18902): Should have subtitle controller already set
W/InputMethodManagerService(  598): Window already focused, ignoring focus gain of: com.android.internal.view.IInputMethodClient$Stub$Proxy@2bcd1428 attribute=null, token = android.os.BinderProxy@393b40f4
E/Cataloger( 3812): syncFile:/storage/emulated/0/Android/data/com.mobilityware.solitaire/files/.vungle
E/Cataloger( 3812): 创建一个目录:/storage/emulated/0/Android/data/com.mobilityware.solitaire/files/.vungle
E/Cataloger( 3812): 扫描新建目录：/storage/emulated/0/Android/data/com.mobilityware.solitaire/files/.vungle
E/Cataloger( 3812): syncFile:/storage/emulated/0/Android/data/com.mobilityware.solitaire/files/.vungle/57e3ef0d522749ee3200014e_581773998fc690ce02000057_datasci--primary--success
E/Cataloger( 3812): 创建一个目录:/storage/emulated/0/Android/data/com.mobilityware.solitaire/files/.vungle/57e3ef0d522749ee3200014e_581773998fc690ce02000057_datasci--primary--success
E/Cataloger( 3812): 扫描新建目录：/storage/emulated/0/Android/data/com.mobilityware.solitaire/files/.vungle/57e3ef0d522749ee3200014e_581773998fc690ce02000057_datasci--primary--success
E/Cataloger( 3812): syncFile:/storage/emulated/0/Android/data/com.mobilityware.solitaire/files/.vungle/57e3ef0d522749ee3200014e_581773998fc690ce02000057_datasci--primary--success/localVideo.mp4
E/chromium(18902): [ERROR:interface_registry.cc(99)] Failed to locate a binder for interface: autofill::mojom::AutofillDriver
E/Cataloger( 3812): syncFile:/storage/emulated/0/Android/data/com.mobilityware.solitaire/files/.vungle/57e3ef0d522749ee3200014e_581773998fc690ce02000057_datasci--primary--success/postRoll.zip
E/Cataloger( 3812): syncFile:/storage/emulated/0/Android/data/com.mobilityware.solitaire/files/.vungle/57e3ef0d522749ee3200014e_581773998fc690ce02000057_datasci--primary--success/postRoll
E/Cataloger( 3812): 创建一个目录:/storage/emulated/0/Android/data/com.mobilityware.solitaire/files/.vungle/57e3ef0d522749ee3200014e_581773998fc690ce02000057_datasci--primary--success/postRoll
E/Cataloger( 3812): 扫描新建目录：/storage/emulated/0/Android/data/com.mobilityware.solitaire/files/.vungle/57e3ef0d522749ee3200014e_581773998fc690ce02000057_datasci--primary--success/postRoll
E/Cataloger( 3812): syncFile:/storage/emulated/0/Android/data/com.mobilityware.solitaire/files/.vungle/57e3ef0d522749ee3200014e_581773998fc690ce02000057_datasci--primary--success/postRoll/bg.jpg
E/Cataloger( 3812): syncFile:/storage/emulated/0/Android/data/com.mobilityware.solitaire/files/.vungle/57e3ef0d522749ee3200014e_581773998fc690ce02000057_datasci--primary--success/postRoll/bg.jpg
E/Cataloger( 3812): syncFile:/storage/emulated/0/Android/data/com.mobilityware.solitaire/files/.vungle/57e3ef0d522749ee3200014e_581773998fc690ce02000057_datasci--primary--success/postRoll/cta.png
E/Cataloger( 3812): syncFile:/storage/emulated/0/Android/data/com.mobilityware.solitaire/files/.vungle/57e3ef0d522749ee3200014e_581773998fc690ce02000057_datasci--primary--success/postRoll/cta.png
E/Cataloger( 3812): syncFile:/storage/emulated/0/Android/data/com.mobilityware.solitaire/files/.vungle/57e3ef0d522749ee3200014e_581773998fc690ce02000057_datasci--primary--success/postRoll/dare-to-play.png
E/Cataloger( 3812): syncFile:/storage/emulated/0/Android/data/com.mobilityware.solitaire/files/.vungle/57e3ef0d522749ee3200014e_581773998fc690ce02000057_datasci--primary--success/postRoll/dare-to-play.png
E/Cataloger( 3812): syncFile:/storage/emulated/0/Android/data/com.mobilityware.solitaire/files/.vungle/57e3ef0d522749ee3200014e_581773998fc690ce02000057_datasci--primary--success/postRoll/finger.png
E/Cataloger( 3812): syncFile:/storage/emulated/0/Android/data/com.mobilityware.solitaire/files/.vungle/57e3ef0d522749ee3200014e_581773998fc690ce02000057_datasci--primary--success/postRoll/finger.png
E/Cataloger( 3812): syncFile:/storage/emulated/0/Android/data/com.mobilityware.solitaire/files/.vungle/57e3ef0d522749ee3200014e_581773998fc690ce02000057_datasci--primary--success/postRoll/icons.png
E/Cataloger( 3812): syncFile:/storage/emulated/0/Android/data/com.mobilityware.solitaire/files/.vungle/57e3ef0d522749ee3200014e_581773998fc690ce02000057_datasci--primary--success/postRoll/icons.png
E/Cataloger( 3812): syncFile:/storage/emulated/0/Android/data/com.mobilityware.solitaire/files/.vungle/57e3ef0d522749ee3200014e_581773998fc690ce02000057_datasci--primary--success/postRoll/index.html
E/Cataloger( 3812): syncFile:/storage/emulated/0/Android/data/com.mobilityware.solitaire/files/.vungle/57e3ef0d522749ee3200014e_581773998fc690ce02000057_datasci--primary--success/postRoll/index.html
E/Cataloger( 3812): syncFile:/storage/emulated/0/Android/data/com.mobilityware.solitaire/files/.vungle/57e3ef0d522749ee3200014e_581773998fc690ce02000057_datasci--primary--success/postRoll/license.txt
E/Cataloger( 3812): syncFile:/storage/emulated/0/Android/data/com.mobilityware.solitaire/files/.vungle/57e3ef0d522749ee3200014e_581773998fc690ce02000057_datasci--primary--success/postRoll/license.txt
E/Cataloger( 3812): syncFile:/storage/emulated/0/Android/data/com.mobilityware.solitaire/files/.vungle/57e3ef0d522749ee3200014e_581773998fc690ce02000057_datasci--primary--success/postRoll/logo.png
E/Cataloger( 3812): syncFile:/storage/emulated/0/Android/data/com.mobilityware.solitaire/files/.vungle/57e3ef0d522749ee3200014e_581773998fc690ce02000057_datasci--primary--success/postRoll/logo.png
E/Cataloger( 3812): syncFile:/storage/emulated/0/Android/data/com.mobilityware.solitaire/files/.vungle/57e3ef0d522749ee3200014e_581773998fc690ce02000057_datasci--primary--success/postRoll/phaser.min.js
E/Cataloger( 3812): syncFile:/storage/emulated/0/Android/data/com.mobilityware.solitaire/files/.vungle/57e3ef0d522749ee3200014e_581773998fc690ce02000057_datasci--primary--success/postRoll/phaser.min.js
E/Cataloger( 3812): syncFile:/storage/emulated/0/Android/data/com.mobilityware.solitaire/files/.vungle/57e3ef0d522749ee3200014e_581773998fc690ce02000057_datasci--primary--success/postRoll/style.css
E/Cataloger( 3812): need not sync path:/storage/emulated/0/Android/data/com.mobilityware.solitaire/files/.vungle/57e3ef0d522749ee3200014e_581773998fc690ce02000057_datasci--primary--success/postRoll/style.css
E/Cataloger( 3812): syncFile:/storage/emulated/0/Android/data/com.mobilityware.solitaire/files/.vungle/57e3ef0d522749ee3200014e_581773998fc690ce02000057_datasci--primary--success/postRoll/style.css
E/Cataloger( 3812): need not sync path:/storage/emulated/0/Android/data/com.mobilityware.solitaire/files/.vungle/57e3ef0d522749ee3200014e_581773998fc690ce02000057_datasci--primary--success/postRoll/style.css
E/Cataloger( 3812): syncFile:/storage/emulated/0/Android/data/com.mobilityware.solitaire/files/.vungle/57e3ef0d522749ee3200014e_581773998fc690ce02000057_datasci--primary--success/postRoll/tooltip.png
E/Cataloger( 3812): syncFile:/storage/emulated/0/Android/data/com.mobilityware.solitaire/files/.vungle/57e3ef0d522749ee3200014e_581773998fc690ce02000057_datasci--primary--success/postRoll/tooltip.png
E/Cataloger( 3812): syncFile:/storage/emulated/0/Android/data/com.mobilityware.solitaire/files/.vungle/57e3ef0d522749ee3200014e_581773998fc690ce02000057_datasci--primary--success/postRoll/vungle-fonticon.eot
E/Cataloger( 3812): need not sync path:/storage/emulated/0/Android/data/com.mobilityware.solitaire/files/.vungle/57e3ef0d522749ee3200014e_581773998fc690ce02000057_datasci--primary--success/postRoll/vungle-fonticon.eot
E/Cataloger( 3812): syncFile:/storage/emulated/0/Android/data/com.mobilityware.solitaire/files/.vungle/57e3ef0d522749ee3200014e_581773998fc690ce02000057_datasci--primary--success/postRoll/vungle-fonticon.eot
E/Cataloger( 3812): need not sync path:/storage/emulated/0/Android/data/com.mobilityware.solitaire/files/.vungle/57e3ef0d522749ee3200014e_581773998fc690ce02000057_datasci--primary--success/postRoll/vungle-fonticon.eot
E/Cataloger( 3812): syncFile:/storage/emulated/0/Android/data/com.mobilityware.solitaire/files/.vungle/57e3ef0d522749ee3200014e_581773998fc690ce02000057_datasci--primary--success/postRoll/vungle-fonticon.svg
E/Cataloger( 3812): need not sync path:/storage/emulated/0/Android/data/com.mobilityware.solitaire/files/.vungle/57e3ef0d522749ee3200014e_581773998fc690ce02000057_datasci--primary--success/postRoll/vungle-fonticon.svg
E/Cataloger( 3812): syncFile:/storage/emulated/0/Android/data/com.mobilityware.solitaire/files/.vungle/57e3ef0d522749ee3200014e_581773998fc690ce02000057_datasci--primary--success/postRoll/vungle-fonticon.svg
E/Cataloger( 3812): need not sync path:/storage/emulated/0/Android/data/com.mobilityware.solitaire/files/.vungle/57e3ef0d522749ee3200014e_581773998fc690ce02000057_datasci--primary--success/postRoll/vungle-fonticon.svg
E/Cataloger( 3812): syncFile:/storage/emulated/0/Android/data/com.mobilityware.solitaire/files/.vungle/57e3ef0d522749ee3200014e_581773998fc690ce02000057_datasci--primary--success/postRoll/vungle-fonticon.ttf
E/Cataloger( 3812): need not sync path:/storage/emulated/0/Android/data/com.mobilityware.solitaire/files/.vungle/57e3ef0d522749ee3200014e_581773998fc690ce02000057_datasci--primary--success/postRoll/vungle-fonticon.ttf
E/Cataloger( 3812): syncFile:/storage/emulated/0/Android/data/com.mobilityware.solitaire/files/.vungle/57e3ef0d522749ee3200014e_581773998fc690ce02000057_datasci--primary--success/postRoll/vungle-fonticon.ttf
E/Cataloger( 3812): need not sync path:/storage/emulated/0/Android/data/com.mobilityware.solitaire/files/.vungle/57e3ef0d522749ee3200014e_581773998fc690ce02000057_datasci--primary--success/postRoll/vungle-fonticon.ttf
E/Cataloger( 3812): syncFile:/storage/emulated/0/Android/data/com.mobilityware.solitaire/files/.vungle/57e3ef0d522749ee3200014e_581773998fc690ce02000057_datasci--primary--success/postRoll/vungle-fonticon.woff
E/Cataloger( 3812): need not sync path:/storage/emulated/0/Android/data/com.mobilityware.solitaire/files/.vungle/57e3ef0d522749ee3200014e_581773998fc690ce02000057_datasci--primary--success/postRoll/vungle-fonticon.woff
E/Cataloger( 3812): syncFile:/storage/emulated/0/Android/data/com.mobilityware.solitaire/files/.vungle/57e3ef0d522749ee3200014e_581773998fc690ce02000057_datasci--primary--success/postRoll/vungle-fonticon.woff
E/Cataloger( 3812): need not sync path:/storage/emulated/0/Android/data/com.mobilityware.solitaire/files/.vungle/57e3ef0d522749ee3200014e_581773998fc690ce02000057_datasci--primary--success/postRoll/vungle-fonticon.woff
E/MediaPlayer(18902): Should have subtitle controller already set
D/NuPlayerDriver(  191): start(0xb7667a78)
I/GenericSource(  191): start
E/MediaPlayer(18902): Should have subtitle controller already set
I/Ads     (18902): Ad finished loading.
E/Cataloger( 3812): syncFile:/storage/emulated/0/Android/data/com.mobilityware.solitaire/files/.vungle/57e3ef0d522749ee3200014e_581773998fc690ce02000057_datasci--primary--success/localVideo.mp4
D/NuPlayerDriver(  191): start(0xb7667a78)
I/NuPlayerDecoder(  191): [OMX.google.vorbis.decoder] resubmitting CSD
I/NuPlayerDecoder(  191): [OMX.google.vorbis.decoder] resubmitting CSD
W/SoftVorbis(  191): vorbis_dsp_synthesis returned -135
W/SoftVorbis(  191): vorbis_dsp_synthesis returned -135
D/NuPlayerDriver(  191): start(0xb7667a78)
I/NuPlayerDecoder(  191): [OMX.google.vorbis.decoder] resubmitting CSD
W/SoftVorbis(  191): vorbis_dsp_synthesis returned -135
I/NuPlayerDecoder(  191): [OMX.google.vorbis.decoder] resubmitting CSD
W/SoftVorbis(  191): vorbis_dsp_synthesis returned -135
D/NuPlayerDriver(  191): start(0xb7667a78)
I/NuPlayerDecoder(  191): [OMX.google.vorbis.decoder] resubmitting CSD
I/NuPlayerDecoder(  191): [OMX.google.vorbis.decoder] resubmitting CSD
W/SoftVorbis(  191): vorbis_dsp_synthesis returned -135
W/SoftVorbis(  191): vorbis_dsp_synthesis returned -135
D/NuPlayerDriver(  191): start(0xb7667a78)
I/NuPlayerDecoder(  191): [OMX.google.vorbis.decoder] resubmitting CSD
I/NuPlayerDecoder(  191): [OMX.google.vorbis.decoder] resubmitting CSD
W/SoftVorbis(  191): vorbis_dsp_synthesis returned -135
W/SoftVorbis(  191): vorbis_dsp_synthesis returned -135
E/AudioTrackShared(  191): mFlush 0 -> 0x560, front 0x74b80, rear 0x74d60, mask 0x3ff, newFront 0x74960, filled 1024=0x400
D/NuPlayerDriver(  191): start(0xb7667a78)
I/NuPlayerDecoder(  191): [OMX.google.vorbis.decoder] resubmitting CSD
W/SoftVorbis(  191): vorbis_dsp_synthesis returned -135
I/NuPlayerDecoder(  191): [OMX.google.vorbis.decoder] resubmitting CSD
W/SoftVorbis(  191): vorbis_dsp_synthesis returned -135
I/DownloadManagerWrapper( 1581): onReceive() : Charging = true
D/NuPlayerDriver(  191): start(0xb7667a78)
I/NuPlayerDecoder(  191): [OMX.google.vorbis.decoder] resubmitting CSD
I/NuPlayerDecoder(  191): [OMX.google.vorbis.decoder] resubmitting CSD
W/SoftVorbis(  191): vorbis_dsp_synthesis returned -135
W/SoftVorbis(  191): vorbis_dsp_synthesis returned -135
D/NuPlayerDriver(  191): start(0xb7667a78)
I/NuPlayerDecoder(  191): [OMX.google.vorbis.decoder] resubmitting CSD
I/NuPlayerDecoder(  191): [OMX.google.vorbis.decoder] resubmitting CSD
W/SoftVorbis(  191): vorbis_dsp_synthesis returned -135
W/SoftVorbis(  191): vorbis_dsp_synthesis returned -135
D/NuPlayerDriver(  191): start(0xb7667a78)
I/NuPlayerDecoder(  191): [OMX.google.vorbis.decoder] resubmitting CSD
I/NuPlayerDecoder(  191): [OMX.google.vorbis.decoder] resubmitting CSD
W/SoftVorbis(  191): vorbis_dsp_synthesis returned -135
W/SoftVorbis(  191): vorbis_dsp_synthesis returned -135
D/NuPlayerDriver(  191): start(0xb7667a78)
I/NuPlayerDecoder(  191): [OMX.google.vorbis.decoder] resubmitting CSD
I/NuPlayerDecoder(  191): [OMX.google.vorbis.decoder] resubmitting CSD
W/SoftVorbis(  191): vorbis_dsp_synthesis returned -135
W/SoftVorbis(  191): vorbis_dsp_synthesis returned -135
D/NuPlayerDriver(  191): start(0xb7667a78)
I/NuPlayerDecoder(  191): [OMX.google.vorbis.decoder] resubmitting CSD
I/NuPlayerDecoder(  191): [OMX.google.vorbis.decoder] resubmitting CSD
W/SoftVorbis(  191): vorbis_dsp_synthesis returned -135
W/SoftVorbis(  191): vorbis_dsp_synthesis returned -135
D/NuPlayerDriver(  191): start(0xb7667a78)
I/NuPlayerDecoder(  191): [OMX.google.vorbis.decoder] resubmitting CSD
I/NuPlayerDecoder(  191): [OMX.google.vorbis.decoder] resubmitting CSD
W/SoftVorbis(  191): vorbis_dsp_synthesis returned -135
W/SoftVorbis(  191): vorbis_dsp_synthesis returned -135
D/NuPlayerDriver(  191): start(0xb7667a78)
I/NuPlayerDecoder(  191): [OMX.google.vorbis.decoder] resubmitting CSD
W/SoftVorbis(  191): vorbis_dsp_synthesis returned -135
I/NuPlayerDecoder(  191): [OMX.google.vorbis.decoder] resubmitting CSD
W/SoftVorbis(  191): vorbis_dsp_synthesis returned -135
D/NuPlayerDriver(  191): start(0xb7667a78)
I/NuPlayerDecoder(  191): [OMX.google.vorbis.decoder] resubmitting CSD
I/NuPlayerDecoder(  191): [OMX.google.vorbis.decoder] resubmitting CSD
W/SoftVorbis(  191): vorbis_dsp_synthesis returned -135
W/SoftVorbis(  191): vorbis_dsp_synthesis returned -135
E/WifiStateMachine(  598): WifiStateMachine CMD_START_SCAN source -2 txSuccessRate=185.76 rxSuccessRate=336.65 targetRoamBSSID=b4:e9:b0:e5:06:d0 RSSI=-55
D/NuPlayerDriver(  191): start(0xb7667a78)
I/NuPlayerDecoder(  191): [OMX.google.vorbis.decoder] resubmitting CSD
I/NuPlayerDecoder(  191): [OMX.google.vorbis.decoder] resubmitting CSD
W/SoftVorbis(  191): vorbis_dsp_synthesis returned -135
W/SoftVorbis(  191): vorbis_dsp_synthesis returned -135
D/NuPlayerDriver(  191): start(0xb7667a78)
I/NuPlayerDecoder(  191): [OMX.google.vorbis.decoder] resubmitting CSD
W/SoftVorbis(  191): vorbis_dsp_synthesis returned -135
I/NuPlayerDecoder(  191): [OMX.google.vorbis.decoder] resubmitting CSD
W/SoftVorbis(  191): vorbis_dsp_synthesis returned -135
W/cr_media(18902): calling MediaCodec.release() on OMX.qcom.video.decoder.avc
E/BufferQueueProducer(18902): [unnamed-18902-0] cancelBuffer: BufferQueue has been abandoned
E/BufferQueueProducer(18902): [unnamed-18902-0] cancelBuffer: BufferQueue has been abandoned
E/BufferQueueProducer(18902): [unnamed-18902-0] cancelBuffer: BufferQueue has been abandoned
E/BufferQueueProducer(18902): [unnamed-18902-0] cancelBuffer: BufferQueue has been abandoned
E/BufferQueueProducer(18902): [unnamed-18902-0] cancelBuffer: BufferQueue has been abandoned
E/BufferQueueProducer(18902): [unnamed-18902-0] cancelBuffer: BufferQueue has been abandoned
E/BufferQueueProducer(18902): [unnamed-18902-0] cancelBuffer: BufferQueue has been abandoned
E/BufferQueueProducer(18902): [unnamed-18902-0] cancelBuffer: BufferQueue has been abandoned
E/BufferQueueProducer(18902): [unnamed-18902-0] cancelBuffer: BufferQueue has been abandoned
E/BufferQueueProducer(18902): [unnamed-18902-0] cancelBuffer: BufferQueue has been abandoned
E/BufferQueueProducer(18902): [unnamed-18902-0] cancelBuffer: BufferQueue has been abandoned
E/BufferQueueProducer(18902): [unnamed-18902-0] cancelBuffer: BufferQueue has been abandoned
E/BufferQueueProducer(18902): [unnamed-18902-0] cancelBuffer: BufferQueue has been abandoned
E/BufferQueueProducer(18902): [unnamed-18902-0] cancelBuffer: BufferQueue has been abandoned
E/BufferQueueProducer(18902): [unnamed-18902-0] cancelBuffer: BufferQueue has been abandoned
E/BufferQueueProducer(18902): [unnamed-18902-0] cancelBuffer: BufferQueue has been abandoned
E/BufferQueueProducer(18902): [unnamed-18902-0] cancelBuffer: BufferQueue has been abandoned
E/BufferQueueProducer(18902): [unnamed-18902-0] cancelBuffer: BufferQueue has been abandoned
E/OMX-VDEC-1080P(  191): 
E/OMX-VDEC-1080P(  191):  Error in ioctl read next msg
E/        (  191): 
E/        (  191):  Destroy C2D instance
E/        (  191): 
E/        (  191):  Destroy C2D instance
D/NuPlayerDriver(  191): start(0xb7667a78)
I/NuPlayerDecoder(  191): [OMX.google.vorbis.decoder] resubmitting CSD
W/SoftVorbis(  191): vorbis_dsp_synthesis returned -135
I/NuPlayerDecoder(  191): [OMX.google.vorbis.decoder] resubmitting CSD
W/SoftVorbis(  191): vorbis_dsp_synthesis returned -135
D/NuPlayerDriver(  191): start(0xb7667a78)
I/NuPlayerDecoder(  191): [OMX.google.vorbis.decoder] resubmitting CSD
I/NuPlayerDecoder(  191): [OMX.google.vorbis.decoder] resubmitting CSD
W/SoftVorbis(  191): vorbis_dsp_synthesis returned -135
W/SoftVorbis(  191): vorbis_dsp_synthesis returned -135
D/NuPlayerDriver(  191): start(0xb7667a78)
I/NuPlayerDecoder(  191): [OMX.google.vorbis.decoder] resubmitting CSD
I/NuPlayerDecoder(  191): [OMX.google.vorbis.decoder] resubmitting CSD
W/SoftVorbis(  191): vorbis_dsp_synthesis returned -135
W/SoftVorbis(  191): vorbis_dsp_synthesis returned -135
D/NuPlayerDriver(  191): start(0xb7667a78)
I/NuPlayerDecoder(  191): [OMX.google.vorbis.decoder] resubmitting CSD
W/SoftVorbis(  191): vorbis_dsp_synthesis returned -135
I/NuPlayerDecoder(  191): [OMX.google.vorbis.decoder] resubmitting CSD
W/SoftVorbis(  191): vorbis_dsp_synthesis returned -135
I/DownloadManagerWrapper( 1581): onReceive() : Charging = true
I/DownloadManagerWrapper( 1581): onReceive() : Charging = true
E/MtpServerJNI( 1368): server is null in send_object_removed
W/Settings( 3812): Setting stay_on_while_plugged_in has moved from android.provider.Settings.System to android.provider.Settings.Global, returning read-only value.
D/audio_hw_primary(  191): disable_audio_route: reset and update mixer path: low-latency-playback
D/audio_hw_primary(  191): disable_snd_device: snd_device(2: speaker)
I/ActivityManager(  598): START u0 {cmp=com.mobilityware.solitaire/.Preferences} from uid 10215 on display 0
D/audio_hw_primary(  191): select_devices: out_snd_device(2: speaker) in_snd_device(0: none)
D/ACDB-LOADER(  191): ACDB -> send_afe_cal
D/audio_hw_primary(  191): enable_snd_device: snd_device(2: speaker)
V/WindowManager(  598): addAppToken: AppWindowToken{1158c827 token=Token{3a696ae6 ActivityRecord{2165f541 u0 com.mobilityware.solitaire/.Preferences t16}}} to stack=1 task=16 at 1
D/audio_hw_primary(  191): enable_audio_route: apply and update mixer path: low-latency-playback
W/Resources(18902): Converting to string: TypedValue{t=0x10/d=0x1 a=-1}
W/Resources(18902): Converting to string: TypedValue{t=0x10/d=0x1 a=-1}
W/Resources(18902): Converting to string: TypedValue{t=0x10/d=0x1 a=-1}
W/Resources(18902): Converting to string: TypedValue{t=0x10/d=0x2 a=-1}
W/Resources(18902): Converting to string: TypedValue{t=0x10/d=0x1 a=-1}
V/WindowManager(  598): Adding window Window{105ba47d u0 com.mobilityware.solitaire/com.mobilityware.solitaire.Preferences} at 4 of 9 (after Window{1cbd301d u0 com.mobilityware.solitaire/com.mobilityware.solitaire.Solitaire})
I/ActivityManager(  598): Displayed com.mobilityware.solitaire/.Preferences: +389ms
I/Solitaire(18902): onStop early exit
D/Solitaire.MWView(18902): w=768 h=1184 oldw=768 oldh=1184 tolerance=20
I/Solitaire(18902): onStart early exit
I/ActivityManager(  598): START u0 {cmp=com.mobilityware.solitaire/.Preferences} from uid 10215 on display 0
V/WindowManager(  598): addAppToken: AppWindowToken{36f7c9c token=Token{393040f ActivityRecord{3b09056e u0 com.mobilityware.solitaire/.Preferences t16}}} to stack=1 task=16 at 1
W/Resources(18902): Converting to string: TypedValue{t=0x10/d=0x1 a=-1}
W/Resources(18902): Converting to string: TypedValue{t=0x10/d=0x1 a=-1}
W/Resources(18902): Converting to string: TypedValue{t=0x10/d=0x1 a=-1}
W/Resources(18902): Converting to string: TypedValue{t=0x10/d=0x2 a=-1}
W/Resources(18902): Converting to string: TypedValue{t=0x10/d=0x1 a=-1}
V/WindowManager(  598): Adding window Window{20440a7a u0 com.mobilityware.solitaire/com.mobilityware.solitaire.Preferences} at 4 of 9 (after Window{1cbd301d u0 com.mobilityware.solitaire/com.mobilityware.solitaire.Solitaire})
I/ActivityManager(  598): Displayed com.mobilityware.solitaire/.Preferences: +201ms
I/Solitaire(18902): onStop early exit
I/DownloadManagerWrapper( 1581): onReceive() : Charging = true
D/audio_hw_primary(  191): disable_audio_route: reset and update mixer path: low-latency-playback
D/audio_hw_primary(  191): disable_snd_device: snd_device(2: speaker)
D/audio_hw_primary(  191): select_devices: out_snd_device(2: speaker) in_snd_device(0: none)
D/ACDB-LOADER(  191): ACDB -> send_afe_cal
D/audio_hw_primary(  191): enable_snd_device: snd_device(2: speaker)
D/audio_hw_primary(  191): enable_audio_route: apply and update mixer path: low-latency-playback
D/Solitaire.MWView(18902): w=768 h=1184 oldw=768 oldh=1184 tolerance=20
I/Solitaire(18902): onStart early exit
D/Solitaire.MWView(18902): w=768 h=1134 oldw=768 oldh=1184 tolerance=20
E/WifiStateMachine(  598): WifiStateMachine CMD_START_SCAN source -2 txSuccessRate=3.78 rxSuccessRate=6.14 targetRoamBSSID=b4:e9:b0:e5:06:d0 RSSI=-58
V/RenderScript(18902): Application requested CPU execution
V/RenderScript(18902): 0xb8715a00 Launching thread(s), CPUs 4
D/NuPlayerDriver(  191): start(0xb7667a78)
I/NuPlayerDecoder(  191): [OMX.google.vorbis.decoder] resubmitting CSD
I/NuPlayerDecoder(  191): [OMX.google.vorbis.decoder] resubmitting CSD
W/SoftVorbis(  191): vorbis_dsp_synthesis returned -135
W/SoftVorbis(  191): vorbis_dsp_synthesis returned -135
V/WindowManager(  598): not Base app: Adding window Window{ea45af6 u0 com.mobilityware.solitaire/com.mobilityware.solitaire.Solitaire} at 4 of 9
I/DownloadManagerWrapper( 1581): onReceive() : Charging = true
I/DownloadManagerWrapper( 1581): onReceive() : Charging = true
D/NuPlayerDriver(  191): start(0xb76b3f68)
I/NuPlayerDecoder(  191): [OMX.google.vorbis.decoder] resubmitting CSD
W/SoftVorbis(  191): vorbis_dsp_synthesis returned -135
I/NuPlayerDecoder(  191): [OMX.google.vorbis.decoder] resubmitting CSD
W/SoftVorbis(  191): vorbis_dsp_synthesis returned -135
W/InputMethodManagerService(  598): Window already focused, ignoring focus gain of: com.android.internal.view.IInputMethodClient$Stub$Proxy@3fd9eb94 attribute=null, token = android.os.BinderProxy@393b40f4
I/cr_Ime  (18902): ImeThread is enabled.
I/ActivityManager(  598): START u0 {cmp=com.mobilityware.solitaire/com.google.android.gms.ads.AdActivity (has extras)} from uid 10215 on display 0
V/WindowManager(  598): addAppToken: AppWindowToken{1b548b7e token=Token{12ed5939 ActivityRecord{d342d00 u0 com.mobilityware.solitaire/com.google.android.gms.ads.AdActivity t16}}} to stack=1 task=16 at 1
D/DynamitePackage(18902): Instantiating com.google.android.gms.ads.ChimeraAdOverlayCreatorImpl
I/Ads     (18902): Ad opening.
V/WindowManager(  598): Adding window Window{272f192c u0 com.mobilityware.solitaire/com.google.android.gms.ads.AdActivity} at 4 of 9 (after Window{1cbd301d u0 com.mobilityware.solitaire/com.mobilityware.solitaire.Solitaire})
I/ActivityManager(  598): Displayed com.mobilityware.solitaire/com.google.android.gms.ads.AdActivity: +247ms
W/cr_BindingManager(18902): Cannot call determinedVisibility() - never saw a connection for the pid: 18902
I/chromium(18902): [INFO:CONSOLE(0)] "Creating Application Cache with manifest https://googleads.g.doubleclick.net/mads/static/mad/sdk/native/sdk-core-v40-loader.appcache", source: https://googleads.g.doubleclick.net/mads/static/mad/sdk/native/sdk-core-v40-loader.html (0)
I/chromium(18902): [INFO:CONSOLE(0)] "Application Cache Checking event", source: https://googleads.g.doubleclick.net/mads/static/mad/sdk/native/sdk-core-v40-loader.html (0)
