I/chromium(18902): [INFO:CONSOLE(0)] "Application Cache Downloading event", source: https://googleads.g.doubleclick.net/mads/static/mad/sdk/native/sdk-core-v40-loader.html (0)
E/chromium(18902): [ERROR:interface_registry.cc(99)] Failed to locate a binder for interface: autofill::mojom::AutofillDriver
I/Solitaire(18902): onStop early exit
I/chromium(18902): [INFO:CONSOLE(0)] "Application Cache Progress event (0 of 3) https://googleads.g.doubleclick.net/mads/static/mad/sdk/native/canary/sdk-core-v40-impl.js", source: https://googleads.g.doubleclick.net/mads/static/mad/sdk/native/sdk-core-v40-loader.html (0)
I/chromium(18902): [INFO:CONSOLE(0)] "Application Cache Progress event (1 of 3) https://googleads.g.doubleclick.net/mads/static/mad/sdk/native/sdk-core-v40-loader.js", source: https://googleads.g.doubleclick.net/mads/static/mad/sdk/native/sdk-core-v40-loader.html (0)
I/chromium(18902): [INFO:CONSOLE(0)] "Application Cache Progress event (2 of 3) https://googleads.g.doubleclick.net/mads/static/mad/sdk/native/production/sdk-core-v40-impl.js", source: https://googleads.g.doubleclick.net/mads/static/mad/sdk/native/sdk-core-v40-loader.html (0)
I/chromium(18902): [INFO:CONSOLE(0)] "Application Cache Progress event (3 of 3) ", source: https://googleads.g.doubleclick.net/mads/static/mad/sdk/native/sdk-core-v40-loader.html (0)
I/chromium(18902): [INFO:CONSOLE(0)] "Application Cache Cached event", source: https://googleads.g.doubleclick.net/mads/static/mad/sdk/native/sdk-core-v40-loader.html (0)
D/audio_hw_primary(  191): disable_audio_route: reset and update mixer path: low-latency-playback
D/audio_hw_primary(  191): disable_snd_device: snd_device(2: speaker)
D/audio_hw_primary(  191): select_devices: out_snd_device(2: speaker) in_snd_device(0: none)
D/ACDB-LOADER(  191): ACDB -> send_afe_cal
D/audio_hw_primary(  191): enable_snd_device: snd_device(2: speaker)
D/audio_hw_primary(  191): enable_audio_route: apply and update mixer path: low-latency-playback
W/ActivityManager(  598): Duplicate finish request for ActivityRecord{d342d00 u0 com.mobilityware.solitaire/com.google.android.gms.ads.AdActivity t16 f}
I/Ads     (18902): Ad closing.
I/Solitaire(18902): onStart early exit
W/cr_BindingManager(18902): Cannot call determinedVisibility() - never saw a connection for the pid: 18902
W/cr_ScreenOrientation(18902): Removing an inexistent observer!
D/NuPlayerDriver(  191): start(0xb7667a78)
I/NuPlayerDecoder(  191): [OMX.google.vorbis.decoder] resubmitting CSD
I/NuPlayerDecoder(  191): [OMX.google.vorbis.decoder] resubmitting CSD
W/SoftVorbis(  191): vorbis_dsp_synthesis returned -135
W/SoftVorbis(  191): vorbis_dsp_synthesis returned -135
I/DownloadManagerWrapper( 1581): onReceive() : Charging = true
D/NuPlayerDriver(  191): start(0xb7667a78)
I/NuPlayerDecoder(  191): [OMX.google.vorbis.decoder] resubmitting CSD
I/NuPlayerDecoder(  191): [OMX.google.vorbis.decoder] resubmitting CSD
W/SoftVorbis(  191): vorbis_dsp_synthesis returned -135
W/SoftVorbis(  191): vorbis_dsp_synthesis returned -135
E/WifiStateMachine(  598): WifiStateMachine CMD_START_SCAN source -2 txSuccessRate=15.87 rxSuccessRate=20.61 targetRoamBSSID=b4:e9:b0:e5:06:d0 RSSI=-61
D/NuPlayerDriver(  191): start(0xb7667a78)
I/NuPlayerDecoder(  191): [OMX.google.vorbis.decoder] resubmitting CSD
I/NuPlayerDecoder(  191): [OMX.google.vorbis.decoder] resubmitting CSD
W/SoftVorbis(  191): vorbis_dsp_synthesis returned -135
W/SoftVorbis(  191): vorbis_dsp_synthesis returned -135
D/NuPlayerDriver(  191): start(0xb7667a78)
I/NuPlayerDecoder(  191): [OMX.google.vorbis.decoder] resubmitting CSD
W/SoftVorbis(  191): vorbis_dsp_synthesis returned -135
I/NuPlayerDecoder(  191): [OMX.google.vorbis.decoder] resubmitting CSD
W/SoftVorbis(  191): vorbis_dsp_synthesis returned -135
D/NuPlayerDriver(  191): start(0xb7667a78)
I/NuPlayerDecoder(  191): [OMX.google.vorbis.decoder] resubmitting CSD
I/NuPlayerDecoder(  191): [OMX.google.vorbis.decoder] resubmitting CSD
W/SoftVorbis(  191): vorbis_dsp_synthesis returned -135
W/SoftVorbis(  191): vorbis_dsp_synthesis returned -135
D/NuPlayerDriver(  191): start(0xb7667a78)
I/NuPlayerDecoder(  191): [OMX.google.vorbis.decoder] resubmitting CSD
I/NuPlayerDecoder(  191): [OMX.google.vorbis.decoder] resubmitting CSD
W/SoftVorbis(  191): vorbis_dsp_synthesis returned -135
W/SoftVorbis(  191): vorbis_dsp_synthesis returned -135
D/NuPlayerDriver(  191): start(0xb7667a78)
I/NuPlayerDecoder(  191): [OMX.google.vorbis.decoder] resubmitting CSD
I/NuPlayerDecoder(  191): [OMX.google.vorbis.decoder] resubmitting CSD
W/SoftVorbis(  191): vorbis_dsp_synthesis returned -135
W/SoftVorbis(  191): vorbis_dsp_synthesis returned -135
D/NuPlayerDriver(  191): start(0xb7667a78)
I/NuPlayerDecoder(  191): [OMX.google.vorbis.decoder] resubmitting CSD
I/NuPlayerDecoder(  191): [OMX.google.vorbis.decoder] resubmitting CSD
W/SoftVorbis(  191): vorbis_dsp_synthesis returned -135
W/SoftVorbis(  191): vorbis_dsp_synthesis returned -135
D/NuPlayerDriver(  191): start(0xb7667a78)
I/NuPlayerDecoder(  191): [OMX.google.vorbis.decoder] resubmitting CSD
I/NuPlayerDecoder(  191): [OMX.google.vorbis.decoder] resubmitting CSD
W/SoftVorbis(  191): vorbis_dsp_synthesis returned -135
W/SoftVorbis(  191): vorbis_dsp_synthesis returned -135
D/NuPlayerDriver(  191): start(0xb7667a78)
I/NuPlayerDecoder(  191): [OMX.google.vorbis.decoder] resubmitting CSD
W/SoftVorbis(  191): vorbis_dsp_synthesis returned -135
I/NuPlayerDecoder(  191): [OMX.google.vorbis.decoder] resubmitting CSD
W/SoftVorbis(  191): vorbis_dsp_synthesis returned -135
V/WindowManager(  598): not Base app: Adding window Window{1ebeb706 u0 com.mobilityware.solitaire/com.mobilityware.solitaire.Solitaire} at 4 of 9
W/InputMethodManagerService(  598): Window already focused, ignoring focus gain of: com.android.internal.view.IInputMethodClient$Stub$Proxy@1bff3d92 attribute=null, token = android.os.BinderProxy@393b40f4
I/DownloadManagerWrapper( 1581): onReceive() : Charging = true
W/ResourceType( 1344): No package identifier when getting value for resource number 0x00000000
W/PackageManager( 1344): Failure retrieving resources for com.mobilityware.solitaire: Resource ID #0x0
I/ActivityManager(  598): START u0 {act=com.android.systemui.recents.SHOW_RECENTS flg=0x10804000 cmp=com.android.systemui/.recents.RecentsActivity} from uid 10022 on display 0
I/Solitaire(18902): onStop
W/InputMethodManagerService(  598): Starting input on non-focused client com.android.internal.view.IInputMethodClient$Stub$Proxy@1f060678 (uid=10215 pid=18902)
I/Solitaire(18902): onDestroy
D/MoPub   (18902): Automatic refresh for com.mopub.mobileads.AdConfiguration@3b457e1a set to: false.
I/MoPub   (18902): Canceling fetch ad for task #0
I/ActivityManager(  598): START u0 {act=android.intent.action.MAIN cat=[android.intent.category.HOME] flg=0x10200000 cmp=com.android.launcher/com.android.launcher2.Launcher} from uid 10022 on display 0
I/art     (18902): Explicit concurrent mark sweep GC freed 119697(6MB) AllocSpace objects, 52(6MB) LOS objects, 17% free, 38MB/46MB, paused 1.220ms total 173.447ms
I/ActivityManager(  598): Killing 18902:com.mobilityware.solitaire/u0a215 (adj 16): remove task
D/ConnectivityService(  598): ConnectivityService NetworkRequestInfo binderDied(NetworkRequest [ id=24, legacyType=-1, [ Capabilities: INTERNET&NOT_RESTRICTED&TRUSTED] ], android.os.BinderProxy@2b9edab7)
D/ConnectivityService(  598): ConnectivityService NetworkRequestInfo binderDied(NetworkRequest [ id=25, legacyType=-1, [ Capabilities: INTERNET&NOT_RESTRICTED&TRUSTED] ], android.os.BinderProxy@3528edb6)
D/NuPlayerDriver(  191): reset(0xb76b3f68)
D/ConnectivityService(  598): releasing NetworkRequest NetworkRequest [ id=25, legacyType=-1, [ Capabilities: INTERNET&NOT_RESTRICTED&TRUSTED] ]
E/ConnectivityService(  598): RemoteException caught trying to send a callback msg for NetworkRequest [ id=25, legacyType=-1, [ Capabilities: INTERNET&NOT_RESTRICTED&TRUSTED] ]
D/NuPlayerDriver(  191): notifyResetComplete(0xb76b3f68)
D/ConnectivityService(  598): releasing NetworkRequest NetworkRequest [ id=24, legacyType=-1, [ Capabilities: INTERNET&NOT_RESTRICTED&TRUSTED] ]
E/ConnectivityService(  598): RemoteException caught trying to send a callback msg for NetworkRequest [ id=24, legacyType=-1, [ Capabilities: INTERNET&NOT_RESTRICTED&TRUSTED] ]
W/AudioFlinger(  191): session id 33 not found for pid 18902
D/NuPlayerDriver(  191): reset(0xb7667a78)
D/NuPlayerDriver(  191): notifyResetComplete(0xb7667a78)
W/AudioFlinger(  191): session id 35 not found for pid 18902
W/InputMethodManagerService(  598): Starting input on non-focused client com.android.internal.view.IInputMethodClient$Stub$Proxy@19d11224 (uid=10022 pid=1344)
W/ActivityManager(  598): Scheduling restart of crashed service com.mobilityware.solitaire/com.vungle.publisher.VungleService in 1000ms
D/TaskPersister(  598): removeObsoleteFile: deleting file=16_task.xml
D/TaskPersister(  598): removeObsoleteFile: deleting file=16_task_thumbnail.png
W/OpenGLRenderer( 1698): Incorrectly called buildLayer on View: ShortcutAndWidgetContainer, destroying layer...
W/OpenGLRenderer( 1698): Incorrectly called buildLayer on View: ShortcutAndWidgetContainer, destroying layer...
D/audio_hw_primary(  191): disable_audio_route: reset and update mixer path: low-latency-playback
D/audio_hw_primary(  191): disable_snd_device: snd_device(2: speaker)
I/DownloadManagerWrapper( 1581): onReceive() : Charging = true
D/ConnectivityService(  598): updateNetworkScore for NetworkAgentInfo [WIFI () - 100] to 56
D/ConnectivityService(  598): rematching NetworkAgentInfo [WIFI () - 100]
D/ConnectivityService(  598): Network NetworkAgentInfo [WIFI () - 100] was already satisfying request 1. No change.
D/ConnectivityService(  598): notifyType AVAILABLE for NetworkAgentInfo [WIFI () - 100]
D/ConnectivityManager.CallbackHandler( 1344): CM callback handler got msg 524290
D/ConnectivityManager.CallbackHandler( 1812): CM callback handler got msg 524290
D/ConnectivityManager.CallbackHandler( 3812): CM callback handler got msg 524290
D/ConnectivityManager.CallbackHandler( 9866): CM callback handler got msg 524290
D/ConnectivityManager.CallbackHandler(17056): CM callback handler got msg 524290
D/ConnectivityManager.CallbackHandler( 9866): CM callback handler got msg 524290
D/ConnectivityManager.CallbackHandler( 9866): CM callback handler got msg 524290
E/WifiStateMachine(  598): WifiStateMachine CMD_START_SCAN source -2 txSuccessRate=3.63 rxSuccessRate=2.48 targetRoamBSSID=b4:e9:b0:e5:06:d0 RSSI=-62
I/DownloadManagerWrapper( 1581): onReceive() : Charging = true
I/DownloadManagerWrapper( 1581): onReceive() : Charging = true
