--------- beginning of main
I/DownloadManagerWrapper( 6250): onReceive() : Charging = true
--------- beginning of system
I/ActivityManager(  601): START u0 {act=android.intent.action.MAIN cat=[android.intent.category.LAUNCHER] flg=0x10200000 pkg=com.halfbrick.fruitninjafree cmp=com.halfbrick.fruitninjafree/com.halfbrick.mortar.MortarGameLauncherActivity bnds=[40,385][200,585] (has extras)} from uid 10014 on display 0
V/WindowManager(  601): addAppToken: AppWindowToken{3a921987 token=Token{2a19a5c6 ActivityRecord{3d8cfa1 u0 com.halfbrick.fruitninjafree/com.halfbrick.mortar.MortarGameLauncherActivity t28}}} to stack=1 task=28 at 0
D/audio_hw_primary(  188): select_devices: out_snd_device(2: speaker) in_snd_device(0: none)
D/ACDB-LOADER(  188): ACDB -> send_afe_cal
D/audio_hw_primary(  188): enable_snd_device: snd_device(2: speaker)
D/audio_hw_primary(  188): enable_audio_route: apply and update mixer path: low-latency-playback
V/WindowManager(  601): Adding window Window{f1ae24c u0 Starting com.halfbrick.fruitninjafree} at 4 of 9 (after Window{267b3005 u0 com.noshufou.android.su/com.noshufou.android.su.Su})
I/ActivityManager(  601): Start proc 28093:com.halfbrick.fruitninjafree/u0a115 for activity com.halfbrick.fruitninjafree/com.halfbrick.mortar.MortarGameLauncherActivity
I/WindowManager(  601): Screenshot max retries 4 of Token{2a19a5c6 ActivityRecord{3d8cfa1 u0 com.halfbrick.fruitninjafree/com.halfbrick.mortar.MortarGameLauncherActivity t28 f}} appWin=Window{f1ae24c u0 Starting com.halfbrick.fruitninjafree} drawState=4
I/ActivityManager(  601): START u0 {cmp=com.halfbrick.fruitninjafree/com.halfbrick.mortar.MortarGameActivity} from uid 10115 on display 0
V/WindowManager(  601): addAppToken: AppWindowToken{1251f79b token=Token{3e1c9faa ActivityRecord{322db295 u0 com.halfbrick.fruitninjafree/com.halfbrick.mortar.MortarGameActivity t29}}} to stack=1 task=29 at 0
V/WindowManager(  601): Adding window Window{9a57a02 u0 Starting com.halfbrick.fruitninjafree} at 5 of 10 (after Window{f1ae24c u0 Starting com.halfbrick.fruitninjafree})
W/ResourceType( 5970): No package identifier when getting value for resource number 0x00000000
W/PackageManager( 5970): Failure retrieving resources for com.halfbrick.fruitninjafree: Resource ID #0x0
I/ActivityManager(  601): Config changes=480 {1.0 310mcc?mnc en_US ?layoutDir sw384dp w598dp h359dp 320dpi nrml land finger -keyb/v/h -nav/h s.12}
V/ActivityManager(  601): Display changed displayId=0
I/InputReader(  601): Reconfiguring input devices.  changes=0x00000004
I/InputReader(  601): Device reconfigured: id=6, name='touch_dev', size 768x1280, orientation 1, mode 1, display id 0
I/JNI     (28093): Trying to load libmortargame.so
I/JNI     (28093): Successfully loaded libmortargame.so
V/halfbrick.Mortar(28093): Loading native lib, result: true
I/JNI     (28093): Trying to load libmortargame.so
I/JNI     (28093): Successfully loaded libmortargame.so
V/halfbrick.Mortar(28093): Loading native lib, result: true
D/OpenUDID(28093): OpenUDID: d7a6658b0c374c37
W/GeneralUtilities.ClassFromName(28093): Class not found! java.lang.ClassNotFoundException: com.halfbrick.mortar.SamsungIAPManager
I/Version SDK(28093): 22
I/Setting (28093): fullscreen
I/halfbrick.MortarGameView(28093): Rendererer constructor
W/GeneralUtilities.ClassFromName(28093): Class not found! java.lang.ClassNotFoundException: com.halfbrick.bricknet.AndroidLocationService
W/GeneralUtilities.ClassFromName(28093): Class not found! java.lang.ClassNotFoundException: com.halfbrick.bricknet.AndroidLocationService
W/GeneralUtilities.ClassFromName(28093): Class not found! java.lang.ClassNotFoundException: com.halfbrick.bricknet.AmazonAppStoreUtils
W/GeneralUtilities.ClassFromName(28093): Class not found! java.lang.ClassNotFoundException: com.halfbrick.bricknet.SkyNet_BricknetIAP
W/GeneralUtilities.ClassFromName(28093): Class not found! java.lang.ClassNotFoundException: com.halfbrick.mortar.GameCircleManager
W/GeneralUtilities.ClassFromName(28093): Class not found! java.lang.ClassNotFoundException: com.halfbrick.bricknet.KakaoAndroid
W/PopupManager(28093): You have not specified a View to use as content view for popups. Falling back to the Activity content view. Note that this may not work as expected in multi-screen environments
W/GeneralUtilities.ClassFromName(28093): Class not found! java.lang.ClassNotFoundException: com.halfbrick.bricknet.FortumoBillingManager
D/com.halfbrick.mortar.SamsungCarnivalManager(28093): setActivity
D/com.halfbrick.mortar.SamsungCarnivalManager(28093): onCreate
D/com.halfbrick.mortar.OtherLevelsManager(28093): onCreate
W/GeneralUtilities.ClassFromName(28093): Class not found! java.lang.ClassNotFoundException: com.halfbrick.bluetoothle.BTLEController
I/halfbrick.Mortar(28093): Created AndroidGameControllerManager
I/halfbrick.Mortar(28093): Failed to create MogaController
W/GeneralUtilities.ClassFromName(28093): Class not found! java.lang.ClassNotFoundException: com.halfbrick.mortar.Provider_FlurryBackend
W/GeneralUtilities.private.CallClassMethodAndReturn(28093): Method onResume not found! java.lang.NoSuchMethodException: onResume []
W/GeneralUtilities.ClassFromName(28093): Class not found! java.lang.ClassNotFoundException: com.halfbrick.mortar.GameCircleManager
D/com.halfbrick.mortar.SamsungCarnivalManager(28093): onResume
W/GeneralUtilities.ClassFromName(28093): Class not found! java.lang.ClassNotFoundException: com.halfbrick.mortar.MortarAmazonIAP
D/OpenGLRenderer(28093): Use EGL_SWAP_BEHAVIOR_PRESERVED: true
D/Atlas   (28093): Validating map...
V/WindowManager(  601): Adding window Window{26f467b2 u0 com.halfbrick.fruitninjafree/com.halfbrick.mortar.MortarGameActivity} at 4 of 10 (before Window{9a57a02 u0 Starting com.halfbrick.fruitninjafree})
I/Adreno-EGL(28093): <qeglDrvAPI_eglInitialize:379>: QUALCOMM Build: 01/15/15, ab0075f, Id3510ff6dc
I/OpenGLRenderer(28093): Initialized EGL, version 1.4
D/OpenGLRenderer(28093): Enabling debug mode 0
V/WindowManager(  601): Adding window Window{171fb280 u0 SurfaceView} at 4 of 11 (before Window{26f467b2 u0 com.halfbrick.fruitninjafree/com.halfbrick.mortar.MortarGameActivity})
W/GamesServiceBroker( 6798): Client connected with SDK 8487000, Services 10084236, and Games 39080036
V/WindowManager(  601): Layouts looping: On entry to LockedInner, mPendingLayoutChanges = 0x1
V/WindowManager(  601): Layouts looping: loop number 4, mPendingLayoutChanges = 0x0
V/WindowManager(  601): Layouts looping: after finishPostLayoutPolicyLw, mPendingLayoutChanges = 0x0
V/WindowManager(  601): Layouts looping: mLayoutNeeded, mPendingLayoutChanges = 0x1
V/WindowManager(  601): Layouts looping: On entry to LockedInner, mPendingLayoutChanges = 0x1
V/WindowManager(  601): Layouts looping: loop number 5, mPendingLayoutChanges = 0x0
V/WindowManager(  601): Layouts looping: after finishPostLayoutPolicyLw, mPendingLayoutChanges = 0x0
V/WindowManager(  601): Layouts looping: mLayoutNeeded, mPendingLayoutChanges = 0x1
E/WindowManager(  601): Performed 6 layouts in a row. Skipping
I/halfbrick.Mortar(28093): Touch has gained focus
W/GamesServiceBroker( 6798): Client connected with SDK 8487000, Services 10084236, and Games 39080036
I/ActivityManager(  601): Displayed com.halfbrick.fruitninjafree/com.halfbrick.mortar.MortarGameActivity: +1s48ms (total +2s390ms)
D/halfbrick.MortarGameView(28093): game.SystemInit complete from Java
I/halfbrick.Mortar.SplashScreen(28093): Created shader program successfully
I/halfbrick.Mortar.SplashScreen(28093): Uniform matrixWorld: 3
I/halfbrick.Mortar.SplashScreen(28093): Uniform matrixView:  2
I/halfbrick.Mortar.SplashScreen(28093): Uniform matrixProj:  1
I/halfbrick.Mortar.SplashScreen(28093): Uniform diffuseMap:  4
I/halfbrick.Mortar.SplashScreen(28093): Attribute pos:        0
I/halfbrick.Mortar.SplashScreen(28093): Attribute uv:         1
I/halfbrick.Mortar.SplashScreen(28093): Attribute vertColour: -1
W/IInputConnectionWrapper( 6361): showStatusIcon on inactive InputConnection
W/AppOps  (  601): Bad call: specified package com.google.android.play.games under uid 10115 but it is really 10071
I/WindowManager(  601): Screen frozen for +1s105ms due to Window{9a57a02 u0 Starting com.halfbrick.fruitninjafree}
D/halfbrick.Mortar(28093): Calling HBSupport::GetAdvertisingId()
D/halfbrick.Mortar(28093): Calling GooglePlayServicesUtility::GetAdvertisingId()
D/halfbrick.Mortar(28093): GetAdvertisingId: GooglePlayServices Available
W/GamesServiceBroker( 6798): Client connected with SDK 8487000, Services 10084236, and Games 39080036
D/halfbrick.Mortar(28093): Retrieved advertising id: 229d4aea-d76e-47c3-ad88-1eafdf3529f0
I/halfbrick.Mortar(28093): Country is US
W/art     (28093): Suspending all threads took: 10.682ms
I/art     (28093): Background partial concurrent mark sweep GC freed 2240(139KB) AllocSpace objects, 3(88KB) LOS objects, 39% free, 17MB/29MB, paused 14.802ms total 61.651ms
I/halfbrick.Mortar.info(28093): Save file dir:  /data/data/com.halfbrick.fruitninjafree/files/
I/halfbrick.Mortar.info(28093): Cache file dir: /data/data/com.halfbrick.fruitninjafree/cache/
I/halfbrick.Mortar.info(28093): External storage dir: /storage/emulated/0/
I/Crashlytics(28093): Initialise()
W/AppOps  (  601): Bad call: specified package com.google.android.play.games under uid 10115 but it is really 10071
W/AppOps  (  601): Bad call: specified package com.google.android.play.games under uid 10115 but it is really 10071
I/DownloadManagerWrapper( 6250): onReceive() : Charging = true
D/libcrashlytics(28093): Initializing libcrashlytics version 1.1.2
D/libcrashlytics(28093): Attempting to load unwinder...
D/libcrashlytics(28093): Done; using libunwind
D/libcrashlytics(28093): Attempting to register signal handler...
D/libcrashlytics(28093): Signal handler registered.
D/libcrashlytics(28093): Initializing native crash handling successful.
I/DownloadManagerWrapper( 6250): onReceive() : Charging = true
I/CrashlyticsCore(28093): Initializing Crashlytics 2.3.6.92
I/Crashlytics(28093): --- Initialise Done ---
D/audio_hw_primary(  188): disable_audio_route: reset and update mixer path: low-latency-playback
D/audio_hw_primary(  188): disable_snd_device: snd_device(2: speaker)
I/halfbrick.Mortar(28093): Current Language: en
W/libOpenSLES(28093): class Engine interface 1 requested but unavailable MPH=9
W/AudioTrack(28093): AUDIO_OUTPUT_FLAG_FAST denied by client
D/halfbrick.MortarGameView(28093): game.SystemInit complete from Java
D/halfbrick.MortarGameView(28093): Splash finished.  GameInit
D/audio_hw_primary(  188): select_devices: out_snd_device(2: speaker) in_snd_device(0: none)
D/ACDB-LOADER(  188): ACDB -> send_afe_cal
D/audio_hw_primary(  188): enable_snd_device: snd_device(2: speaker)
D/audio_hw_primary(  188): enable_audio_route: apply and update mixer path: low-latency-playback
I/halfbrick.MortarGameView(28093): Checking intent for launch from Notification, preGameInit
I/halfbrick.MortarGameView(28093): Checking intent for launch from Url, postGameInit
I/halfbrick.MortarGameView(28093): launchuri is null
I/art     (  601): Explicit concurrent mark sweep GC freed 16995(792KB) AllocSpace objects, 3(794KB) LOS objects, 33% free, 24MB/37MB, paused 1.678ms total 136.792ms
E/WifiStateMachine(  601): WifiStateMachine CMD_START_SCAN source -2 txSuccessRate=14.02 rxSuccessRate=12.26 targetRoamBSSID=any RSSI=-52
I/DownloadManagerWrapper( 6250): onReceive() : Charging = true
E/Cataloger( 7263): syncFile:/storage/emulated/0/Halfbrick/KeyStore.dat
E/Cataloger( 7263): need not sync path:/storage/emulated/0/Halfbrick/KeyStore.dat
E/Cataloger( 7263): syncFile:/storage/emulated/0/Halfbrick/KeyStore.dat
E/Cataloger( 7263): need not sync path:/storage/emulated/0/Halfbrick/KeyStore.dat
E/Cataloger( 7263): syncFile:/storage/emulated/0/Halfbrick/KeyStore.dat
E/Cataloger( 7263): need not sync path:/storage/emulated/0/Halfbrick/KeyStore.dat
E/Cataloger( 7263): syncFile:/storage/emulated/0/Halfbrick/KeyStore.dat
E/Cataloger( 7263): need not sync path:/storage/emulated/0/Halfbrick/KeyStore.dat
D/Provider_ChartboostBackend(28093): Chartboost Initialise(554a9fda04b0162ef68d4c36 : e7361fcdfb5143d0fe93dc3be11a2bb5d68bf616)
D/Provider_UnityAdsBackend(28093): UnityAds Initialise
D/AppsFlyer(28093): Initialise with appKey: qeTeopo64mv6at9MnGhkeH, id: hdid-76159cd3c3023868e111c3562a4cc5e950a5636e
D/com.halfbrick.bricknet.GooglePlayBillingService(28093): Constructing billing service
D/com.halfbrick.bricknet.GooglePlayBillingService(28093): Created GooglePlayBillingService
D/com.halfbrick.bricknet.GooglePlayBillingService(28093): AdWords tracking is enabled
D/com.halfbrick.bricknet.GooglePlayBillingService(28093): Setting AdWords config. conversionID: 964688129 label: ZS7_CLbE-VkQgfL_ywM
D/com.halfbrick.mortar.SamsungCarnivalManager(28093): Init
D/com.halfbrick.mortar.SamsungCarnivalManager(28093): s_carnivalSdkKey = 7a77139ce93bb18a, s_clientId = r0j30lh89a, s_clientSecret = 86E53F1D509CD8F8147EADEFADC52E4F, carnivalEnv = live
W/System.err(28093): java.lang.Exception: SDK Initialization error. SDK seems to be not initialized properly, check for any integration issues
W/System.err(28093): 	at com.chartboost.sdk.c.t(SourceFile:488)
W/System.err(28093): 	at com.chartboost.sdk.c.a(SourceFile:316)
W/System.err(28093): 	at com.chartboost.sdk.Chartboost$17.run(SourceFile:1133)
W/System.err(28093): 	at com.chartboost.sdk.Chartboost.a(SourceFile:1447)
W/System.err(28093): 	at com.chartboost.sdk.Chartboost.setLoggingLevel(SourceFile:1130)
W/System.err(28093): 	at com.halfbrick.mortar.Provider_ChartboostBackend$1.run(Provider_ChartboostBackend.java:48)
W/System.err(28093): 	at android.os.Handler.handleCallback(Handler.java:739)
W/System.err(28093): 	at android.os.Handler.dispatchMessage(Handler.java:95)
W/System.err(28093): 	at android.os.Looper.loop(Looper.java:135)
W/System.err(28093): 	at android.app.ActivityThread.main(ActivityThread.java:5254)
W/System.err(28093): 	at java.lang.reflect.Method.invoke(Native Method)
W/System.err(28093): 	at java.lang.reflect.Method.invoke(Method.java:372)
W/System.err(28093): 	at com.android.internal.os.ZygoteInit$MethodAndArgsCaller.run(ZygoteInit.java:903)
W/System.err(28093): 	at com.android.internal.os.ZygoteInit.main(ZygoteInit.java:698)
D/### CarnivalApiClient(28093): Setting Carnival SDK environment to LIVE
D/com.halfbrick.mortar.SamsungCarnivalManager(28093): OnQuestsParsed
D/com.halfbrick.mortar.SamsungCarnivalManager(28093): Failed to connect to Carnival. Details: SDK disabled if carnival not installed
D/com.halfbrick.bricknet.AndroidWebViewService(28093): Initialising AndroidWebViewService
D/com.halfbrick.mortar.OtherLevelsManager(28093): SetAppKey
E/OtherLevels-SDK(28093): The "ServiceReceiver" receiver was not found in the manifest: com.otherlevels.android.sdk.ServiceReceiver
E/OtherLevels-SDK(28093): com.otherlevels.android.sdk.exception.LibraryException: The "ServiceReceiver" receiver was not found in the manifest: com.otherlevels.android.sdk.ServiceReceiver
E/OtherLevels-SDK(28093): 	at com.otherlevels.android.sdk.OlAndroidLibrary.init(OlAndroidLibrary.java:124)
E/OtherLevels-SDK(28093): 	at com.halfbrick.mortar.OtherLevelsManager.SetAppKey(OtherLevelsManager.java:262)
E/OtherLevels-SDK(28093): 	at com.halfbrick.mortar.NativeGameLib.native_step(Native Method)
E/OtherLevels-SDK(28093): 	at com.halfbrick.mortar.NativeGameLib.step(NativeGameLib.java:167)
E/OtherLevels-SDK(28093): 	at com.halfbrick.mortar.GameManager.Render(GameManager.java:244)
E/OtherLevels-SDK(28093): 	at com.halfbrick.mortar.MortarGameView$Renderer.onDrawFrame(MortarGameView.java:625)
E/OtherLevels-SDK(28093): 	at android.opengl.GLSurfaceView$GLThread.guardedRun(GLSurfaceView.java:1522)
E/OtherLevels-SDK(28093): 	at android.opengl.GLSurfaceView$GLThread.run(GLSurfaceView.java:1239)
W/System.err(28093): com.otherlevels.android.sdk.exception.LibraryException: The "ServiceReceiver" receiver was not found in the manifest: com.otherlevels.android.sdk.ServiceReceiver
W/System.err(28093): 	at com.otherlevels.android.sdk.OlAndroidLibrary.init(OlAndroidLibrary.java:124)
W/System.err(28093): 	at com.halfbrick.mortar.OtherLevelsManager.SetAppKey(OtherLevelsManager.java:262)
W/System.err(28093): 	at com.halfbrick.mortar.NativeGameLib.native_step(Native Method)
W/System.err(28093): 	at com.halfbrick.mortar.NativeGameLib.step(NativeGameLib.java:167)
W/System.err(28093): 	at com.halfbrick.mortar.GameManager.Render(GameManager.java:244)
W/System.err(28093): 	at com.halfbrick.mortar.MortarGameView$Renderer.onDrawFrame(MortarGameView.java:625)
W/System.err(28093): 	at android.opengl.GLSurfaceView$GLThread.guardedRun(GLSurfaceView.java:1522)
W/System.err(28093): 	at android.opengl.GLSurfaceView$GLThread.run(GLSurfaceView.java:1239)
D/com.halfbrick.mortar.OtherLevelsManager(28093): CheckAllRegistrationChoices
D/com.halfbrick.mortar.OtherLevelsManager(28093): choice id: default, 2
D/com.halfbrick.mortar.OtherLevelsManager(28093): SetBricknetId - 003-D9BEA888-73DB-4E2D-04F8-3308B24ADCF3
D/com.halfbrick.mortar.OtherLevelsManager(28093): AttemptToRegisterUser
D/com.halfbrick.mortar.OtherLevelsManager(28093): Unable to register yet
D/com.halfbrick.mortar.OtherLevelsManager(28093): OptInForRegistration
D/com.halfbrick.mortar.OtherLevelsManager(28093): SetDefaultRegistrationChoiceIfNone
D/com.halfbrick.mortar.OtherLevelsManager(28093): AttemptToRegisterUser
D/com.halfbrick.mortar.OtherLevelsManager(28093): Unable to register yet
D/com.halfbrick.mortar.OtherLevelsManager(28093): OptInForRegistration
D/com.halfbrick.mortar.OtherLevelsManager(28093): SetDefaultRegistrationChoiceIfNone
D/com.halfbrick.mortar.OtherLevelsManager(28093): AttemptToRegisterUser
D/com.halfbrick.mortar.OtherLevelsManager(28093): Unable to register yet
E/Cataloger( 7263): syncFile:/storage/emulated/0/.chartboost/.adId
E/Cataloger( 7263): need not sync path:/storage/emulated/0/.chartboost/.adId
D/halfbrick.mortar(28093): HandleAttribution called
I/installedViaCampaign.txt(28093): No attribution file found /data/data/com.halfbrick.fruitninjafree/files/engine/installedViaCampaign.txt
D/AppLovinSdkImpl(28093): SDK has not been updated since last run. Continuing...
D/Provider_AppLovinBackend(28093): AppLovin: Initialisation complete
E/Cataloger( 7263): syncFile:/storage/emulated/0/Halfbrick/KeyStore.dat
E/Cataloger( 7263): need not sync path:/storage/emulated/0/Halfbrick/KeyStore.dat
E/Cataloger( 7263): syncFile:/storage/emulated/0/Halfbrick/KeyStore.dat
E/Cataloger( 7263): need not sync path:/storage/emulated/0/Halfbrick/KeyStore.dat
I/AdColony(28093): ==== Configuring AdColony 2.3.5 with app/zone ids: ====
I/AdColony(28093): app2356def8605d4134b1be9b
I/AdColony(28093): vz15f98aac9d6f45faada97d
D/Provider_AdColonyBackend(28093): Adcolony: configure finished
D/Provider_UnityAdsBackend(28093): UnityAds Initialise(63938)
I/UnityAds(28093): com.unity3d.ads.android.UnityAds.init() (line:474) :: Initializing Unity Ads version 1506 with gameId 63938
I/AppsFlyer_3.0(28093): setCustomerUserId = hdid-76159cd3c3023868e111c3562a4cc5e950a5636e
I/AppsFlyer_3.0(28093): Start tracking package: com.halfbrick.fruitninjafree
I/AppsFlyer_3.0(28093): AsendTrackingWithEvent from activity: com.halfbrick.mortar.MortarApplication
I/AppsFlyer_3.0-698120221(28093): ******* sendTrackingWithEvent: Launch
I/UnityAds(28093): com.unity3d.ads.android.webapp.UnityAdsWebData.initCampaigns() (line:223) :: Requesting Unity Ads ad plan from https://impact.applifier.com/mobile/campaigns?platform=android&trackingEnabled=1&advertisingTrackingId=7301a265623e38c1cf6f1c2529f1e785&rawAdvertisingTrackingId=229d4aea-d76e-47c3-ad88-1eafdf3529f0&gameId=63938&sdkVersion=1506&softwareVersion=22&hardwareVersion=LGE+Nexus+4&deviceType=268435538&connectionType=wifi&screenSize=268435538&screenDensity=320&encrypted=true
E/ActivityThread(28093): Failed to find provider info for com.facebook.katana.provider.AttributionIdProvider
I/AppsFlyer_3.0(28093): AppsFlyer: first launch date: 2016-10-04_1026-0400
I/System.out(28093): AppsFlyerLib.sendTrackingWithEvent
I/AppsFlyer_3.0-698120221(28093): url: https://t.appsflyer.com/api/v3/androidevent?buildnumber=3.0&app_id=com.halfbrick.fruitninjafree
I/AppsFlyer_(28093): data: device=mako&firstLaunchDate=2016-10-04_1026-0400&installDate=2016-10-04_1025-0400&sdk=22&referrer=utm_source%3Dgoogle-play%26utm_medium%3Dorganic&carrier=&date1=2016-10-04_1025-0400&af_preinstalled=false&advertiserIdEnabled=true&iaecounter=0&lang_code=en&appsflyerKey=qe****************hkeH&imei=353918052133903&installer_package=com.android.vending&app_version_name=2.4.2.436758&lang=English&timepassedsincelastlaunch=72&dkh=qeTeopo6&android_id=d7a6658b0c374c37&advertiserId=229d4aea-d76e-47c3-ad88-1eafdf3529f0&appUserId=hdid-76159cd3c3023868e111c3562a4cc5e950a5636e&deviceType=user&af_v=9c3f10e16772eee4ff9d0971c262f3808202a25e&app_version_code=436758&platformextension=android_native&network=WIFI&operator=&country=US&date2=2016-11-08_1219-0500&brand=google&af_timestamp=1480698120221&uid=1475591152548-734282181470828331&isFirstCall=false&counter=8&model=Nexus+4&product=occam
E/Cataloger( 7263): syncFile:/storage/emulated/0/Halfbrick/KeyStore.dat
E/Cataloger( 7263): need not sync path:/storage/emulated/0/Halfbrick/KeyStore.dat
E/Cataloger( 7263): syncFile:/storage/emulated/0/Halfbrick/KeyStore.dat
E/Cataloger( 7263): need not sync path:/storage/emulated/0/Halfbrick/KeyStore.dat
E/Cataloger( 7263): syncFile:/storage/emulated/0/Halfbrick/KeyStore.dat
E/Cataloger( 7263): need not sync path:/storage/emulated/0/Halfbrick/KeyStore.dat
I/AppsFlyer_3.0-698120221(28093): response code: 200
E/Cataloger( 7263): syncFile:/storage/emulated/0/Halfbrick/KeyStore.dat
E/Cataloger( 7263): need not sync path:/storage/emulated/0/Halfbrick/KeyStore.dat
E/Cataloger( 7263): syncFile:/storage/emulated/0/Halfbrick/KeyStore.dat
E/Cataloger( 7263): need not sync path:/storage/emulated/0/Halfbrick/KeyStore.dat
I/UnityAds(28093): com.unity3d.ads.android.webapp.UnityAdsWebData.campaignDataReceived() (line:684) :: Unity Ads initialized with 23 campaigns and 1 zones
I/WebViewFactory(28093): Loading com.google.android.webview version 54.0.2840.85 (code 284008500)
I/art     (28093): Rejecting re-init on previously-failed class java.lang.Class<com.android.webview.chromium.TokenBindingManagerAdapter>
I/art     (28093): Rejecting re-init on previously-failed class java.lang.Class<com.android.webview.chromium.TokenBindingManagerAdapter>
I/art     (28093): Rejecting re-init on previously-failed class java.lang.Class<com.android.webview.chromium.ServiceWorkerControllerAdapter>
I/art     (28093): Rejecting re-init on previously-failed class java.lang.Class<com.android.webview.chromium.ServiceWorkerControllerAdapter>
I/cr_LibraryLoader(28093): Time to load native libraries: 1 ms (timestamps 4825-4826)
I/cr_LibraryLoader(28093): Expected native library version number "54.0.2840.85", actual native library version number "54.0.2840.85"
I/cr_LibraryLoader(28093): Expected native library version number "54.0.2840.85", actual native library version number "54.0.2840.85"
I/chromium(28093): [INFO:library_loader_hooks.cc(151)] Chromium logging enabled: level = 0, default verbosity = 0
I/art     (28093): Background sticky concurrent mark sweep GC freed 104957(7MB) AllocSpace objects, 75(1513KB) LOS objects, 28% free, 20MB/28MB, paused 1.709ms total 102.365ms
I/cr_BrowserStartup(28093): Initializing chromium process, singleProcess=true
E/Cataloger( 7263): syncFile:/storage/emulated/0/Halfbrick/KeyStore.dat
E/Cataloger( 7263): need not sync path:/storage/emulated/0/Halfbrick/KeyStore.dat
E/Cataloger( 7263): syncFile:/storage/emulated/0/Halfbrick/KeyStore.dat
E/Cataloger( 7263): need not sync path:/storage/emulated/0/Halfbrick/KeyStore.dat
I/Finsky  (26924): [1374] com.google.android.finsky.billing.iab.s.a(5211): com.halfbrick.fruitninjafree: Account determined from installer data - [H2HZkLhZAwneGgDylh5vNEKO7fg]
I/Finsky  (26924): [1345] com.google.android.finsky.billing.iab.s.a(5211): com.halfbrick.fruitninjafree: Account determined from installer data - [H2HZkLhZAwneGgDylh5vNEKO7fg]
I/art     (28093): Rejecting re-init on previously-failed class java.lang.Class<com.android.webview.chromium.WebViewContentsClientAdapter$WebResourceErrorImpl>
I/art     (28093): Rejecting re-init on previously-failed class java.lang.Class<com.android.webview.chromium.WebViewContentsClientAdapter$WebResourceErrorImpl>
D/ConnectivityService(  601): listenForNetwork for NetworkRequest [ id=47, legacyType=-1, [ Capabilities: INTERNET&NOT_RESTRICTED&TRUSTED] ]
D/ConnectivityService(  601): handleRegisterNetworkRequest checking NetworkAgentInfo [WIFI () - 102]
D/ConnectivityService(  601): apparently satisfied.  currentScore=60
D/ConnectivityManager.CallbackHandler(28093): CM callback handler got msg 524290
I/art     (28093): Rejecting re-init on previously-failed class java.lang.Class<org.chromium.content.browser.FloatingWebActionModeCallback>
I/art     (28093): Rejecting re-init on previously-failed class java.lang.Class<org.chromium.content.browser.FloatingWebActionModeCallback>
W/cr_media(28093): Requires BLUETOOTH permission
I/cr_Ime  (28093): ImeThread is enabled.
D/ConnectivityService(  601): listenForNetwork for NetworkRequest [ id=48, legacyType=-1, [ Capabilities: INTERNET&NOT_RESTRICTED&TRUSTED] ]
D/ConnectivityService(  601): handleRegisterNetworkRequest checking NetworkAgentInfo [WIFI () - 102]
D/ConnectivityService(  601): apparently satisfied.  currentScore=60
D/ConnectivityManager.CallbackHandler(28093): CM callback handler got msg 524290
E/libEGL  (28093): validate_display:255 error 3008 (EGL_BAD_DISPLAY)
I/VideoCapabilities(28093): Unsupported profile 4 for video/mp4v-es
W/cr_BindingManager(28093): Cannot call determinedVisibility() - never saw a connection for the pid: 28093
E/Cataloger( 7263): syncFile:/storage/emulated/0/.chartboost/html/e149acede4939ff9637ceed7e83d1edb2345161f-1894489192
E/Cataloger( 7263): need not sync path:/storage/emulated/0/.chartboost/html/e149acede4939ff9637ceed7e83d1edb2345161f-1894489192
E/Cataloger( 7263): syncFile:/storage/emulated/0/.chartboost/html/230fe2b002751becbc80b9d9d3bcfa171e572cf5-1302023992
E/Cataloger( 7263): need not sync path:/storage/emulated/0/.chartboost/html/230fe2b002751becbc80b9d9d3bcfa171e572cf5-1302023992
E/Cataloger( 7263): syncFile:/storage/emulated/0/.chartboost/html/static-etna-800461004
E/Cataloger( 7263): need not sync path:/storage/emulated/0/.chartboost/html/static-etna-800461004
E/Cataloger( 7263): syncFile:/storage/emulated/0/.chartboost/html/static-diablo--596705296
E/Cataloger( 7263): need not sync path:/storage/emulated/0/.chartboost/html/static-diablo--596705296
E/Cataloger( 7263): syncFile:/storage/emulated/0/.chartboost/.adId
E/Cataloger( 7263): need not sync path:/storage/emulated/0/.chartboost/.adId
E/chromium(28093): [ERROR:interface_registry.cc(99)] Failed to locate a binder for interface: autofill::mojom::AutofillDriver
I/chromium(28093): [INFO:CONSOLE(5186)] "Resize handler called", source: http://cdn-highwinds.unityads.unity3d.com/impact/webview/production/impact/index.html?version=355d07711ebe2b50428210d9faa943e8ed31b253 (5186)
D/Provider_UnityAdsBackend(28093): UnityAds has successfully cached an ad
I/chromium(28093): [INFO:CONSOLE(4674)] "true", source: http://cdn-highwinds.unityads.unity3d.com/impact/webview/production/impact/index.html?version=355d07711ebe2b50428210d9faa943e8ed31b253 (4674)
I/chromium(28093): [INFO:CONSOLE(5169)] "Hiding all views", source: http://cdn-highwinds.unityads.unity3d.com/impact/webview/production/impact/index.html?version=355d07711ebe2b50428210d9faa943e8ed31b253 (5169)
I/chromium(28093): [INFO:CONSOLE(5167)] "Showing: none", source: http://cdn-highwinds.unityads.unity3d.com/impact/webview/production/impact/index.html?version=355d07711ebe2b50428210d9faa943e8ed31b253 (5167)
W/ProcessCpuTracker(  601): Skipping unknown process pid 28269
W/ProcessCpuTracker(  601): Skipping unknown process pid 28271
W/ProcessCpuTracker(  601): Skipping unknown process pid 28315
E/Cataloger( 7263): syncFile:/storage/emulated/0/Android/data/com.halfbrick.fruitninjafree/cache/UnityAdsVideoCache/UnityAds-57a0fb2ed769de2c086cd39b-m31-1000.mp4
D/Provider_AppLovinBackend(28093): Applovin successfully loaded ad with request id 20379349168674135
E/Cataloger( 7263): syncFile:/storage/emulated/0/.chartboost/videos/55d7554e43150f2c248535d8_568-1443470813.mp4
E/Cataloger( 7263): syncFile:/storage/emulated/0/.chartboost/videos/55d7554e43150f2c248535d8_568-1443470813.mp4
I/Choreographer(28093): Skipped 48 frames!  The application may be doing too much work on its main thread.
E/Cataloger( 7263): syncFile:/storage/emulated/0/Halfbrick/KeyStore.dat
E/Cataloger( 7263): need not sync path:/storage/emulated/0/Halfbrick/KeyStore.dat
E/Cataloger( 7263): syncFile:/storage/emulated/0/Halfbrick/KeyStore.dat
E/Cataloger( 7263): need not sync path:/storage/emulated/0/Halfbrick/KeyStore.dat
I/DeviceStateChecker( 6469): screenOn: true, isCharging: true
I/DownloadManagerWrapper( 6250): onReceive() : Charging = true
I/DownloadManagerWrapper( 6250): onReceive() : Charging = true
E/WifiStateMachine(  601): WifiStateMachine CMD_START_SCAN source -2 txSuccessRate=104.44 rxSuccessRate=169.35 targetRoamBSSID=any RSSI=-50
I/DownloadManagerWrapper( 6250): onReceive() : Charging = true
I/org.umd.logging(24057): Method > 1349 com.turner.android.aspen.AspenLogger$4.run(com.turner.android.aspen.AspenLogger$4@108142777)
V/Aspen   (24057): ------------postingThread.run invoked
V/Aspen   (24057): postEvents|appName=cvp|sessionId=8fb636d6847c7044ade72d9e4bccb98018d18da8~cvp~android~cnn~25~1480692317107|size=0
I/org.umd.logging(24057): Api > 1349 android.net.ConnectivityManager.getActiveNetworkInfo(android.net.ConnectivityManager@853728067)
I/org.umd.logging(24057): Api < 1349 android.net.ConnectivityManager.getActiveNetworkInfo(android.net.NetworkInfo@890823835)
V/Aspen   (24057): postingThread.sleep for 45000 msec
E/native  (  601): do suspend false
E/WifiStateMachine(  601): Unexpected BatchedScanResults :OK
I/dhcpcd  (28380): sending signal 14 to pid 29093
I/dhcpcd  (29093): received SIGALRM, renewing
I/dhcpcd  (29093): wlan0: renewing lease of 155.41.7.225
I/dhcpcd  (29093): wlan0: acknowledged 155.41.7.225 from 10.127.1.1 `BU DHCP Server #22'
I/dhcpcd  (29093): wlan0: leased 155.41.7.225 for 3600 seconds
D/ConnectivityService(  601): NetworkAgentInfo [WIFI () - 102] EVENT_NETWORK_INFO_CHANGED, going from CONNECTED to CONNECTING
D/ConnectivityService(  601): NetworkAgentInfo [WIFI () - 102] EVENT_NETWORK_INFO_CHANGED, going from CONNECTING to CONNECTED
E/WifiStateMachine(  601): WifiStateMachine: Leaving Connected state
W/ResourceType( 5970): No package identifier when getting value for resource number 0x00000000
W/PackageManager( 5970): Failure retrieving resources for com.halfbrick.fruitninjafree: Resource ID #0x0
I/ActivityManager(  601): START u0 {act=com.android.systemui.recents.SHOW_RECENTS flg=0x10804000 cmp=com.android.systemui/.recents.RecentsActivity} from uid 10022 on display 0
I/AdColony(28093): [ADC] AdColony pause called.
W/GeneralUtilities.private.CallClassMethodAndReturn(28093): Method onPause not found! java.lang.NoSuchMethodException: onPause []
W/GeneralUtilities.ClassFromName(28093): Class not found! java.lang.ClassNotFoundException: com.halfbrick.mortar.GameCircleManager
D/com.halfbrick.mortar.SamsungCarnivalManager(28093): onPause
D/Provider_AdColonyBackend(28093): AdColony onPause
W/GeneralUtilities.private.CallClassMethodAndReturn(28093): Method onSaveInstanceState not found! java.lang.NoSuchMethodException: onSaveInstanceState [class android.os.Bundle]
W/GeneralUtilities.ClassFromName(28093): Class not found! java.lang.ClassNotFoundException: com.halfbrick.mortar.Provider_FlurryBackend
W/InputMethodManagerService(  601): Starting input on non-focused client com.android.internal.view.IInputMethodClient$Stub$Proxy@3c469e85 (uid=10115 pid=28093)
I/halfbrick.Mortar(28093): Touch has lost focus
I/org.umd.logging(24057): Method > 1 com.cnn.mobile.android.phone.service.FeedService.onCreate(com.cnn.mobile.android.phone.service.FeedService@472039480)
W/ResourceType( 5970): No package identifier when getting value for resource number 0x00000000
W/PackageManager( 5970): Failure retrieving resources for com.halfbrick.fruitninjafree: Resource ID #0x0
I/org.umd.logging(24057): Method < 1 com.cnn.mobile.android.phone.service.FeedService.onCreate()
I/org.umd.logging(24057): Method > 1 com.cnn.mobile.android.phone.service.FeedService.onStartCommand(com.cnn.mobile.android.phone.service.FeedService@472039480, android.content.Intent@422485366<action=null><data=null><package=null><component=com.cnn.mobile.android.phone/.service.FeedService><type=null><filter_hashcode=-1301101658><fetch_type=None><umd_Intent_key=None><android.intent.extra.ALARM_COUNT=None>, 0, 1)
I/ConfigHelper(24057): DYNAMIC CONFIG FILE in play (http://www.cnn.com/partners/android/config/3.04/config-phone.json)
I/org.umd.logging(24057): Method > 1 com.androidquery.callback.AbstractAjaxCallback.execute(com.cnn.mobile.android.phone.service.ConfigHelper$1@739716983)
I/org.umd.logging(24057): Method > 1352 com.androidquery.callback.AbstractAjaxCallback.run(com.cnn.mobile.android.phone.service.ConfigHelper$1@739716983)
I/org.umd.logging(24057): Method < 1 com.androidquery.callback.AbstractAjaxCallback.execute()
I/org.umd.logging(24057): Method < 1 com.cnn.mobile.android.phone.service.FeedService.onStartCommand(2)
I/org.umd.logging(24057): Method > 1352 com.androidquery.callback.AbstractAjaxCallback.execute(com.cnn.mobile.android.phone.service.ConfigHelper$1@739716983, org.apache.http.client.methods.HttpGet@56600548, org.apache.http.impl.client.DefaultHttpClient@140019794, org.apache.http.protocol.BasicHttpContext@322577485)
I/org.umd.logging(24057): Api > 1352 org.apache.http.impl.client.DefaultHttpClient.execute(org.apache.http.impl.client.DefaultHttpClient@140019794, org.apache.http.client.methods.HttpGet@56600548, org.apache.http.protocol.BasicHttpContext@322577485)
I/org.umd.logging(24057): Method > 1 com.cnn.mobile.android.phone.service.FeedService.onStartCommand(com.cnn.mobile.android.phone.service.FeedService@472039480, android.content.Intent@123673346<action=null><data=null><package=null><component=com.cnn.mobile.android.phone/.service.FeedService><type=null><filter_hashcode=-1301101658><fetch_type=None><umd_Intent_key=None><android.intent.extra.ALARM_COUNT=None>, 0, 2)
D/WeatherHelper(24057): weather fetch zip null
I/org.umd.logging(24057): Method < 1 com.cnn.mobile.android.phone.service.FeedService.onStartCommand(2)
I/org.umd.logging(24057): Method > 1 com.cnn.mobile.android.phone.service.FeedService.onStartCommand(com.cnn.mobile.android.phone.service.FeedService@472039480, android.content.Intent@54873107<action=null><data=null><package=null><component=com.cnn.mobile.android.phone/.service.FeedService><type=null><filter_hashcode=-1301101658><fetch_type=None><umd_Intent_key=None><android.intent.extra.ALARM_COUNT=None>, 0, 3)
I/org.umd.logging(24057): Method > 1 com.androidquery.callback.AbstractAjaxCallback.execute(com.cnn.mobile.android.phone.service.FeedService$1@727801424)
I/org.umd.logging(24057): Method > 1348 com.androidquery.callback.AbstractAjaxCallback.run(com.cnn.mobile.android.phone.service.FeedService$1@727801424)
I/org.umd.logging(24057): Method < 1 com.androidquery.callback.AbstractAjaxCallback.execute()
I/org.umd.logging(24057): Method < 1 com.cnn.mobile.android.phone.service.FeedService.onStartCommand(2)
I/org.umd.logging(24057): Method > 1348 com.androidquery.callback.AbstractAjaxCallback.execute(com.cnn.mobile.android.phone.service.FeedService$1@727801424, org.apache.http.client.methods.HttpGet@621918281, org.apache.http.impl.client.DefaultHttpClient@140019794, org.apache.http.protocol.BasicHttpContext@2614606)
I/org.umd.logging(24057): Api > 1348 org.apache.http.impl.client.DefaultHttpClient.execute(org.apache.http.impl.client.DefaultHttpClient@140019794, org.apache.http.client.methods.HttpGet@621918281, org.apache.http.protocol.BasicHttpContext@2614606)
I/org.umd.logging(24057): Method > 1 com.cnn.mobile.android.phone.service.FeedService.onStartCommand(com.cnn.mobile.android.phone.service.FeedService@472039480, android.content.Intent@556701295<action=null><data=null><package=null><component=com.cnn.mobile.android.phone/.service.FeedService><type=null><filter_hashcode=-1301101658><fetch_type=None><umd_Intent_key=None><android.intent.extra.ALARM_COUNT=None>, 0, 4)
I/org.umd.logging(24057): Method > 1 com.androidquery.callback.AbstractAjaxCallback.execute(com.cnn.mobile.android.phone.service.FeedService$2@461770620)
I/org.umd.logging(24057): Method > 1344 com.androidquery.callback.AbstractAjaxCallback.run(com.cnn.mobile.android.phone.service.FeedService$2@461770620)
I/org.umd.logging(24057): Method < 1 com.androidquery.callback.AbstractAjaxCallback.execute()
I/org.umd.logging(24057): Method < 1 com.cnn.mobile.android.phone.service.FeedService.onStartCommand(2)
I/org.umd.logging(24057): Method > 1344 com.androidquery.callback.AbstractAjaxCallback.execute(com.cnn.mobile.android.phone.service.FeedService$2@461770620, org.apache.http.client.methods.HttpGet@112496645, org.apache.http.impl.client.DefaultHttpClient@140019794, org.apache.http.protocol.BasicHttpContext@127993946)
I/org.umd.logging(24057): Api > 1344 org.apache.http.impl.client.DefaultHttpClient.execute(org.apache.http.impl.client.DefaultHttpClient@140019794, org.apache.http.client.methods.HttpGet@112496645, org.apache.http.protocol.BasicHttpContext@127993946)
I/org.umd.logging(24057): Method > 1 com.cnn.mobile.android.phone.service.FeedService.onDestroy(com.cnn.mobile.android.phone.service.FeedService@472039480)
I/org.umd.logging(24057): Method < 1 com.cnn.mobile.android.phone.service.FeedService.onDestroy()
I/org.umd.logging(24057): Api < 1348 org.apache.http.impl.client.DefaultHttpClient.execute(org.apache.http.message.BasicHttpResponse@532163211)
I/org.umd.logging(24057): Method < 1348 com.androidquery.callback.AbstractAjaxCallback.execute(org.apache.http.message.BasicHttpResponse@532163211)
I/org.umd.logging(24057): Api < 1352 org.apache.http.impl.client.DefaultHttpClient.execute(org.apache.http.message.BasicHttpResponse@283289448)
I/org.umd.logging(24057): Method < 1352 com.androidquery.callback.AbstractAjaxCallback.execute(org.apache.http.message.BasicHttpResponse@283289448)
I/org.umd.logging(24057): Api < 1344 org.apache.http.impl.client.DefaultHttpClient.execute(org.apache.http.message.BasicHttpResponse@569583489)
I/org.umd.logging(24057): Method < 1344 com.androidquery.callback.AbstractAjaxCallback.execute(org.apache.http.message.BasicHttpResponse@569583489)
I/org.umd.logging(24057): Method > 1 com.androidquery.callback.AbstractAjaxCallback.run(com.cnn.mobile.android.phone.service.FeedService$1@727801424)
I/org.umd.logging(24057): Method < 1348 com.androidquery.callback.AbstractAjaxCallback.run()
I/org.umd.logging(24057): Method > 1353 com.androidquery.util.Common.run(com.androidquery.util.Common@425152550)
I/org.umd.logging(24057): Method < 1353 com.androidquery.util.Common.run()
I/org.umd.logging(24057): Method < 1 com.androidquery.callback.AbstractAjaxCallback.run()
I/org.umd.logging(24057): Method < 1352 com.androidquery.callback.AbstractAjaxCallback.run()
I/org.umd.logging(24057): Method > 1 com.androidquery.callback.AbstractAjaxCallback.run(com.cnn.mobile.android.phone.service.ConfigHelper$1@739716983)
I/org.umd.logging(24057): Method > 1 com.androidquery.callback.AbstractAjaxCallback.execute(com.cnn.mobile.android.phone.service.ConfigHelper$2@134014055)
I/org.umd.logging(24057): Method > 1347 com.androidquery.callback.AbstractAjaxCallback.run(com.cnn.mobile.android.phone.service.ConfigHelper$2@134014055)
I/org.umd.logging(24057): Method < 1 com.androidquery.callback.AbstractAjaxCallback.execute()
I/org.umd.logging(24057): Method < 1 com.androidquery.callback.AbstractAjaxCallback.run()
I/org.umd.logging(24057): Method > 1347 com.androidquery.callback.AbstractAjaxCallback.execute(com.cnn.mobile.android.phone.service.ConfigHelper$2@134014055, org.apache.http.client.methods.HttpGet@49205780, org.apache.http.impl.client.DefaultHttpClient@140019794, org.apache.http.protocol.BasicHttpContext@321501885)
I/org.umd.logging(24057): Method > 1353 com.androidquery.util.Common.run(com.androidquery.util.Common@181946546)
I/org.umd.logging(24057): Api > 1347 org.apache.http.impl.client.DefaultHttpClient.execute(org.apache.http.impl.client.DefaultHttpClient@140019794, org.apache.http.client.methods.HttpGet@49205780, org.apache.http.protocol.BasicHttpContext@321501885)
I/org.umd.logging(24057): Method < 1353 com.androidquery.util.Common.run()
I/org.umd.logging(24057): Method < 1344 com.androidquery.callback.AbstractAjaxCallback.run()
I/org.umd.logging(24057): Method > 1 com.androidquery.callback.AbstractAjaxCallback.run(com.cnn.mobile.android.phone.service.FeedService$2@461770620)
I/org.umd.logging(24057): Method < 1 com.androidquery.callback.AbstractAjaxCallback.run()
I/org.umd.logging(24057): Method > 1353 com.androidquery.util.Common.run(com.androidquery.util.Common@116456320)
I/org.umd.logging(24057): Method < 1353 com.androidquery.util.Common.run()
I/org.umd.logging(24057): Api < 1347 org.apache.http.impl.client.DefaultHttpClient.execute(org.apache.http.message.BasicHttpResponse@641484217)
I/org.umd.logging(24057): Method < 1347 com.androidquery.callback.AbstractAjaxCallback.execute(org.apache.http.message.BasicHttpResponse@641484217)
I/org.umd.logging(24057): Method < 1347 com.androidquery.callback.AbstractAjaxCallback.run()
I/org.umd.logging(24057): Method > 1 com.androidquery.callback.AbstractAjaxCallback.run(com.cnn.mobile.android.phone.service.ConfigHelper$2@134014055)
I/org.umd.logging(24057): Method < 1 com.androidquery.callback.AbstractAjaxCallback.run()
I/org.umd.logging(24057): Method > 1353 com.androidquery.util.Common.run(com.androidquery.util.Common@184434174)
I/org.umd.logging(24057): Method < 1353 com.androidquery.util.Common.run()
I/ActivityManager(  601): Killing 28093:com.halfbrick.fruitninjafree/u0a115 (adj 11): remove task
I/com.halfbrick.mortar(28093): onDestroy called
I/WindowState(  601): WIN DEATH: Window{26f467b2 u0 com.halfbrick.fruitninjafree/com.halfbrick.mortar.MortarGameActivity}
D/ConnectivityService(  601): ConnectivityService NetworkRequestInfo binderDied(NetworkRequest [ id=47, legacyType=-1, [ Capabilities: INTERNET&NOT_RESTRICTED&TRUSTED] ], android.os.BinderProxy@84ce7e8)
W/WindowManager(  601): Force-removing child win Window{171fb280 u0 SurfaceView} from container Window{26f467b2 u0 com.halfbrick.fruitninjafree/com.halfbrick.mortar.MortarGameActivity}
D/ConnectivityService(  601): ConnectivityService NetworkRequestInfo binderDied(NetworkRequest [ id=48, legacyType=-1, [ Capabilities: INTERNET&NOT_RESTRICTED&TRUSTED] ], android.os.BinderProxy@3cd79e01)
D/ConnectivityService(  601): releasing NetworkRequest NetworkRequest [ id=47, legacyType=-1, [ Capabilities: INTERNET&NOT_RESTRICTED&TRUSTED] ]
E/ConnectivityService(  601): RemoteException caught trying to send a callback msg for NetworkRequest [ id=47, legacyType=-1, [ Capabilities: INTERNET&NOT_RESTRICTED&TRUSTED] ]
D/ConnectivityService(  601): releasing NetworkRequest NetworkRequest [ id=48, legacyType=-1, [ Capabilities: INTERNET&NOT_RESTRICTED&TRUSTED] ]
E/ConnectivityService(  601): RemoteException caught trying to send a callback msg for NetworkRequest [ id=48, legacyType=-1, [ Capabilities: INTERNET&NOT_RESTRICTED&TRUSTED] ]
W/WindowManager(  601): Failed looking up window
W/WindowManager(  601): java.lang.IllegalArgumentException: Requested window android.os.BinderProxy@33549303 does not exist
W/WindowManager(  601): 	at com.android.server.wm.WindowManagerService.windowForClientLocked(WindowManagerService.java:8539)
W/WindowManager(  601): 	at com.android.server.wm.WindowManagerService.windowForClientLocked(WindowManagerService.java:8530)
W/WindowManager(  601): 	at com.android.server.wm.WindowState$DeathRecipient.binderDied(WindowState.java:1142)
W/WindowManager(  601): 	at android.os.BinderProxy.sendDeathNotice(Binder.java:551)
I/WindowState(  601): WIN DEATH: null
I/ActivityManager(  601): START u0 {act=android.intent.action.MAIN cat=[android.intent.category.HOME] flg=0x10200000 cmp=com.android.launcher/com.android.launcher2.Launcher} from uid 10022 on display 0
V/ActivityManager(  601): Display changed displayId=0
I/InputReader(  601): Reconfiguring input devices.  changes=0x00000004
I/InputReader(  601): Device reconfigured: id=6, name='touch_dev', size 768x1280, orientation 0, mode 1, display id 0
I/ActivityManager(  601): Config changes=480 {1.0 310mcc?mnc en_US ?layoutDir sw384dp w384dp h567dp 320dpi nrml port finger -keyb/v/h -nav/h s.13}
I/WindowManager(  601): Screen frozen for +275ms due to Window{2f67495a u0 NavigationBar}
W/IInputConnectionWrapper( 5970): showStatusIcon on inactive InputConnection
D/TaskPersister(  601): removeObsoleteFile: deleting file=29_task.xml
D/TaskPersister(  601): removeObsoleteFile: deleting file=29_task_thumbnail.png
W/OpenGLRenderer( 6361): Incorrectly called buildLayer on View: ShortcutAndWidgetContainer, destroying layer...
W/OpenGLRenderer( 6361): Incorrectly called buildLayer on View: ShortcutAndWidgetContainer, destroying layer...
I/DownloadManagerWrapper( 6250): onReceive() : Charging = true
D/audio_hw_primary(  188): disable_audio_route: reset and update mixer path: low-latency-playback
D/audio_hw_primary(  188): disable_snd_device: snd_device(2: speaker)
I/art     (  601): Explicit concurrent mark sweep GC freed 30495(1724KB) AllocSpace objects, 3(68KB) LOS objects, 33% free, 25MB/38MB, paused 1.556ms total 141.522ms
E/WifiStateMachine(  601): WifiStateMachine CMD_START_SCAN source -2 txSuccessRate=5.87 rxSuccessRate=3.86 targetRoamBSSID=any RSSI=-51
E/WifiStateMachine(  601): WifiStateMachine L2Connected CMD_START_SCAN source -2 4766, 4767 -> obsolete
I/DownloadManagerWrapper( 6250): onReceive() : Charging = true
I/DownloadManagerWrapper( 6250): onReceive() : Charging = true
I/DownloadManagerWrapper( 6250): onReceive() : Charging = true
I/DownloadManagerWrapper( 6250): onReceive() : Charging = true
E/WifiStateMachine(  601): WifiStateMachine CMD_START_SCAN source -2 txSuccessRate=1.47 rxSuccessRate=0.96 targetRoamBSSID=any RSSI=-49
I/DownloadManagerWrapper( 6250): onReceive() : Charging = true
