--------- beginning of main
I/DownloadManagerWrapper(  884): onReceive() : Charging = true
--------- beginning of system
I/ActivityManager(  588): START u0 {act=android.intent.action.MAIN cat=[android.intent.category.LAUNCHER] flg=0x10200000 cmp=com.google.android.talk/.SigningInActivity bnds=[188,1040][316,1168] (has extras)} from uid 10014 on display 0
W/ResourcesManager(  588): Asset path '/system/framework/com.google.android.media.effects.jar' does not exist or contains no resources.
D/audio_hw_primary(  190): select_devices: out_snd_device(2: speaker) in_snd_device(0: none)
D/ACDB-LOADER(  190): ACDB -> send_afe_cal
D/audio_hw_primary(  190): enable_snd_device: snd_device(2: speaker)
D/audio_hw_primary(  190): enable_audio_route: apply and update mixer path: low-latency-playback
V/WindowManager(  588): addAppToken: AppWindowToken{3ece764e token=Token{ce3ed49 ActivityRecord{24f74750 u0 com.google.android.talk/.SigningInActivity t50}}} to stack=1 task=50 at 0
V/WindowManager(  588): Adding window Window{f506b14 u0 Starting com.google.android.talk} at 3 of 8 (after Window{208f07a u0 com.android.launcher/com.android.launcher2.Launcher})
I/ActivityManager(  588): Start proc 12575:com.google.android.talk/u0a29 for activity com.google.android.talk/.SigningInActivity
W/ResourcesManager(12575): Asset path '/system/framework/com.google.android.media.effects.jar' does not exist or contains no resources.
W/ResourcesManager(  742): Asset path '/system/framework/com.google.android.media.effects.jar' does not exist or contains no resources.
W/ResourceType(  742): No package identifier when getting value for resource number 0x00000000
W/PackageManager(  742): Failure retrieving resources for com.google.android.talk: Resource ID #0x0
I/ActivityManager(  588): START u0 {act=com.android.systemui.recents.SHOW_RECENTS flg=0x10804000 cmp=com.android.systemui/.recents.RecentsActivity} from uid 10022 on display 0
I/Babel_telephony(12575): TeleModule.onApplicationCreate
I/Babel_SMS(12575): MmsConfig: mnc/mcc: 310/0
I/Babel_SMS(12575): MmsConfig.loadMmsSettings
I/Babel_SMS(12575): MmsConfig.loadDeviceMmsSettings from API: mUserAgent=Nexus4, mUaProfUrl=http://gsm.lge.com/html/gsm/20130914.xml
I/Babel_SMS(12575): MmsConfig.loadFromDatabase
E/Babel_SMS(12575): canonicalizeMccMnc: invalid mccmnc 
I/Babel_SMS(12575): MmsConfig.loadFromResources
E/Babel_SMS(12575): canonicalizeMccMnc: invalid mccmnc nullnull
I/Babel_SMS(12575): MmsConfig.loadMmsSettings: mUserAgent=Nexus4, mUaProfUrl=http://gsm.lge.com/html/gsm/20130914.xml
I/Babel_Prime(12575): wrapCrashReportingIntoUncaughtExceptionHandler
I/Babel_App(12575): Startup - clean
I/Babel_Prime(12575): isMemoryEnabled=false
I/Babel_Prime(12575): isTimerEnabled=false
I/Babel_Prime(12575): isCrashCounterEnabled=true
I/Babel_Prime(12575): primesPackageConfigurationsProvider=false
I/Babel_Prime(12575): startMemoryMonitor
W/ResourcesManager(12575): Asset path '/system/framework/com.android.media.remotedisplay.jar' does not exist or contains no resources.
W/ResourcesManager(12575): Asset path '/system/framework/com.android.location.provider.jar' does not exist or contains no resources.
W/linker  (12575): libgmscore.so: unused DT entry: type 0x7ffffffd arg 0x79f
W/linker  (12575): libconscrypt_gmscore_jni.so: unused DT entry: type 0x1d arg 0xe0
W/linker  (12575): libconscrypt_gmscore_jni.so: unused DT entry: type 0x7ffffffd arg 0x1c9
V/JNIHelp (12575): Registering com/google/android/gms/org/conscrypt/NativeCrypto's 235 native methods...
I/art     (  588): Explicit concurrent mark sweep GC freed 65533(2MB) AllocSpace objects, 7(112KB) LOS objects, 33% free, 24MB/36MB, paused 1.892ms total 142.652ms
I/art     (12575): Rejecting re-init on previously-failed class java.lang.Class<com.google.android.gms.org.conscrypt.OpenSSLExtendedSessionImpl>
I/art     (12575): Rejecting re-init on previously-failed class java.lang.Class<com.google.android.gms.org.conscrypt.OpenSSLExtendedSessionImpl>
I/ProviderInstaller(12575): Installed default security provider GmsCore_OpenSSL
I/ActivityManager(  588): START u0 {act=android.intent.action.MAIN cat=[android.intent.category.HOME] flg=0x10200000 cmp=com.android.launcher/com.android.launcher2.Launcher} from uid 10022 on display 0
W/Babel   (12575): BAM#gBA: invalid account id: -1
I/Babel_HomeActivity(12575): [BabelHomeActivity.onCreate] setContentView called
I/ActivityManager(  588): Start proc 12658:com.android.chrome/u0a32 for service com.android.chrome/org.chromium.chrome.browser.customtabs.CustomTabsConnectionService
W/ActivityManager(  588): getRunningAppProcesses: caller 10029 does not hold REAL_GET_TASKS; limiting output
W/Babel   (12575): Invalid account getting boolean experiment -1
W/DynamiteModule(12658): Local module descriptor class for com.google.android.gms.googlecertificates not found.
W/Babel   (12575): Invalid account getting boolean experiment -1
W/Babel   (12575): Invalid account getting boolean experiment -1
W/ResourcesManager(12658): Asset path '/system/framework/com.android.media.remotedisplay.jar' does not exist or contains no resources.
W/ResourcesManager(12658): Asset path '/system/framework/com.android.location.provider.jar' does not exist or contains no resources.
I/Babel   (12575): Starting account registration:1-Redacted-21-chars
W/Babel   (12575): BAM#gBA: invalid account id: -1
W/Babel   (12575): BAM#gBA: invalid account id: -1
I/DynamiteModule(12658): Considering local module com.google.android.gms.googlecertificates:0 and remote module com.google.android.gms.googlecertificates:2
I/DynamiteModule(12658): Selected remote version of com.google.android.gms.googlecertificates, version >= 2
D/OpenGLRenderer(12575): Use EGL_SWAP_BEHAVIOR_PRESERVED: true
D/Atlas   (12575): Validating map...
V/WindowManager(  588): Adding window Window{3e514879 u0 com.google.android.talk/com.google.android.talk.SigningInActivity} at 1 of 8 (before Window{28a4319b u0 com.android.systemui/com.android.systemui.recents.RecentsActivity})
V/WindowManager(  588): Adding window Window{175d9a1f u0 com.google.android.talk/com.google.android.talk.SigningInActivity} at 1 of 9 (before Window{3e514879 u0 com.google.android.talk/com.google.android.talk.SigningInActivity})
W/ActivityManager(  588): getRunningAppProcesses: caller 10029 does not hold REAL_GET_TASKS; limiting output
I/Babel_ConcService(12575): Binding ConcurrentService
I/ActivityManager(  588): Killing 12575:com.google.android.talk/u0a29 (adj 0): remove task
I/WindowState(  588): WIN DEATH: Window{3e514879 u0 com.google.android.talk/com.google.android.talk.SigningInActivity}
W/InputDispatcher(  588): channel '175d9a1f com.google.android.talk/com.google.android.talk.SigningInActivity (server)' ~ Consumer closed input channel or an error occurred.  events=0x9
E/InputDispatcher(  588): channel '175d9a1f com.google.android.talk/com.google.android.talk.SigningInActivity (server)' ~ Channel is unrecoverably broken and will be disposed!
I/WindowState(  588): WIN DEATH: Window{175d9a1f u0 com.google.android.talk/com.google.android.talk.SigningInActivity}
W/InputDispatcher(  588): Attempted to unregister already unregistered input channel '175d9a1f com.google.android.talk/com.google.android.talk.SigningInActivity (server)'
W/OpenGLRenderer(  980): Incorrectly called buildLayer on View: ShortcutAndWidgetContainer, destroying layer...
W/OpenGLRenderer(  980): Incorrectly called buildLayer on View: ShortcutAndWidgetContainer, destroying layer...
W/ActivityManager(  588): Scheduling restart of crashed service com.google.android.talk/com.google.android.apps.hangouts.requestwriter.RequestWriter in 1000ms
W/ActivityManager(  588): Scheduling restart of crashed service com.google.android.talk/com.google.android.apps.hangouts.realtimechat.RealTimeChatService in 11000ms
W/ActivityManager(  588): Scheduling restart of crashed service com.google.android.talk/com.google.android.apps.hangouts.service.NetworkConnectionCheckingService in 20999ms
W/ActivityManager(  588): Scheduling restart of crashed service com.google.android.talk/com.google.android.apps.hangouts.mergedcontacts.impl.MergeContactsService in 30999ms
W/ActivityManager(  588): Scheduling restart of crashed service com.google.android.talk/com.google.android.apps.hangouts.notifications.NotificationService in 40999ms
D/android.widget.GridLayout(  980): horizontal constraints: x1-x0>=350, x2-x1>=390, x2-x0<=736 are inconsistent; permanently removing: x2-x0<=736. 
I/ActivityManager(  588): Start proc 12687:com.google.android.talk/u0a29 for service com.google.android.talk/com.google.android.apps.hangouts.requestwriter.RequestWriter
W/ResourcesManager(12687): Asset path '/system/framework/com.google.android.media.effects.jar' does not exist or contains no resources.
I/Babel_telephony(12687): TeleModule.onApplicationCreate
I/Babel_SMS(12687): MmsConfig: mnc/mcc: 310/0
I/Babel_SMS(12687): MmsConfig.loadMmsSettings
I/Babel_SMS(12687): MmsConfig.loadDeviceMmsSettings from API: mUserAgent=Nexus4, mUaProfUrl=http://gsm.lge.com/html/gsm/20130914.xml
I/Babel_SMS(12687): MmsConfig.loadFromDatabase
E/Babel_SMS(12687): canonicalizeMccMnc: invalid mccmnc 
I/Babel_SMS(12687): MmsConfig.loadFromResources
E/Babel_SMS(12687): canonicalizeMccMnc: invalid mccmnc nullnull
I/Babel_SMS(12687): MmsConfig.loadMmsSettings: mUserAgent=Nexus4, mUaProfUrl=http://gsm.lge.com/html/gsm/20130914.xml
I/Babel_Prime(12687): wrapCrashReportingIntoUncaughtExceptionHandler
I/Babel_App(12687): Startup - clean
I/Babel_Prime(12687): isMemoryEnabled=false
I/Babel_Prime(12687): isTimerEnabled=false
I/Babel_Prime(12687): isCrashCounterEnabled=true
I/Babel_Prime(12687): primesPackageConfigurationsProvider=false
E/WifiStateMachine(  588): WifiStateMachine CMD_START_SCAN source -2 txSuccessRate=0.14 rxSuccessRate=0.06 targetRoamBSSID=any RSSI=-56
I/Babel_Prime(12687): startMemoryMonitor
D/Babel   (12687): onCreate: Shutdown runnable posted in onCreate with a delay of 5000 ms.
W/ResourcesManager(12687): Asset path '/system/framework/com.android.media.remotedisplay.jar' does not exist or contains no resources.
W/ResourcesManager(12687): Asset path '/system/framework/com.android.location.provider.jar' does not exist or contains no resources.
W/linker  (12687): libgmscore.so: unused DT entry: type 0x7ffffffd arg 0x79f
W/linker  (12687): libconscrypt_gmscore_jni.so: unused DT entry: type 0x1d arg 0xe0
W/linker  (12687): libconscrypt_gmscore_jni.so: unused DT entry: type 0x7ffffffd arg 0x1c9
V/JNIHelp (12687): Registering com/google/android/gms/org/conscrypt/NativeCrypto's 235 native methods...
I/art     (12687): Rejecting re-init on previously-failed class java.lang.Class<com.google.android.gms.org.conscrypt.OpenSSLExtendedSessionImpl>
I/art     (12687): Rejecting re-init on previously-failed class java.lang.Class<com.google.android.gms.org.conscrypt.OpenSSLExtendedSessionImpl>
I/ProviderInstaller(12687): Installed default security provider GmsCore_OpenSSL
W/Babel_NotifService(12687): Ignoring NotificationService intent for invalid account id: -1
W/Babel_NotifService(12687): Ignoring NotificationService intent for invalid account id: -1
I/Babel_telephony(12687): TeleIncomingWifiCallController.getRegistrationState, wifi calling not enabled
I/Babel_timeline(12687): MergeContactsService: retrieveOldDetails() in 101 ms, total: 101 ms
E/SQLiteLog( 6191): (284) automatic index on sqlite_sq_B8421EE0(STAT_DATA_ID)
E/SQLiteLog( 6191): (284) automatic index on sqlite_sq_B8424F78(STAT_DATA_ID)
I/Babel_timeline(12687): MergeContactsService: retrieveLocalContacts() in 18 ms, total: 119 ms
I/Babel_timeline(12687): MergeContactsService: findEmailOnHangouts() in 4 ms, total: 123 ms
I/Babel_timeline(12687): MergeContactsService: findPhonesOnHangouts() in 1 ms, total: 124 ms
I/Babel_timeline(12687): MergeContactsService: getSuggestedContacts() in 15 ms, total: 139 ms
I/Babel   (12687): Leaving 0 existing mergedContacts unchanged
I/Babel   (12687): Updated 0 existing mergedContacts
I/Babel   (12687): Inserted 0 new mergedContacts
I/Babel   (12687): Deleted 0 old mergedContacts
I/Babel_timeline(12687): MergeContactsService: delete old suggested contacts in 16 ms, total: 155 ms
W/linker  (12687): libcronet.so: unused DT entry: type 0x6ffffffe arg 0x2b20
W/linker  (12687): libcronet.so: unused DT entry: type 0x6fffffff arg 0x3
I/Babel_timeline(12687): MergeContactsService: write new suggested contacts in 52 ms, total: 207 ms
I/Babel   (12687): Persisted 0 phone numbers, 0 emails, and 1 gaiaIds
I/VideoCapabilities(12687): Unsupported profile 4 for video/mp4v-es
I/Babel   (12687): connection state changed from UNKNOWN to CONNECTED
I/Babel   (12687): wrote 1479834745010 as last_merged_ts to accountStore
I/art     (12687): Note: end time exceeds epoch: 
D/ConnectivityService(  588): listenForNetwork for NetworkRequest [ id=25, legacyType=-1, [ Capabilities: INTERNET&NOT_RESTRICTED&TRUSTED] ]
D/ConnectivityService(  588): handleRegisterNetworkRequest checking NetworkAgentInfo [WIFI () - 102]
D/ConnectivityService(  588): apparently satisfied.  currentScore=60
D/ConnectivityManager.CallbackHandler(12687): CM callback handler got msg 524290
I/Babel_ConcService(12687): Binding ConcurrentService
W/ContentTaskController( 1212): Invalid newTask was provided to startTracking.
I/Babel_ConcService(12687): Acquired partial wake lock to keep ConcurrentService alive
I/Babel_ConcService(12687): Released partial wake lock as ConcurrentService became idle
I/Babel_ConcService(12687): Acquired partial wake lock to keep ConcurrentService alive
W/ContentTaskController( 1212): Invalid newTask was provided to startTracking.
I/art     (12687): Note: end time exceeds epoch: 
W/ContentTaskController( 1212): Invalid newTask was provided to startTracking.
W/Conscrypt( 1212): Could not set socket write timeout: null
W/Conscrypt( 1212): Could not set socket write timeout: null
W/ContentTaskController( 1212): Invalid task was provided to stopTracking.
I/art     (12687): Note: end time exceeds epoch: 
I/art     (12687): Note: end time exceeds epoch: 
W/Icing   ( 2359): GetUsageReports fallback to slow seek
W/Icing   ( 2359): App history upload skipped 4 0 0
D/Babel   (12687): Idle: Shutdown runnable posted in release with a delay of 5000 ms.
I/art     (12687): Note: end time exceeds epoch: 
I/Babel_ConcService(12687): Released partial wake lock as ConcurrentService became idle
W/ContentTaskController( 1212): Invalid newTask was provided to startTracking.
I/Babel_ConcService(12687): Acquired partial wake lock to keep ConcurrentService alive
I/Babel_ConcService(12687): Released partial wake lock as ConcurrentService became idle
I/ActivityManager(  588): START u0 {act=android.intent.action.MAIN cat=[android.intent.category.LAUNCHER] flg=0x10200000 cmp=com.ninjajumprun.android/.MainActivity (has extras)} from uid 10014 on display 0
V/WindowManager(  588): addAppToken: AppWindowToken{3bf62732 token=Token{29b2033d ActivityRecord{25c0ec94 u0 com.ninjajumprun.android/.MainActivity t51}}} to stack=1 task=51 at 0
V/WindowManager(  588): Adding window Window{310a3e00 u0 Starting com.ninjajumprun.android} at 3 of 8 (after Window{208f07a u0 com.android.launcher/com.android.launcher2.Launcher})
I/ActivityManager(  588): Start proc 12772:com.ninjajumprun.android/u0a223 for activity com.ninjajumprun.android/.MainActivity
I/org.umd.logging(12772): Method > 1 com.ninjajumprun.android.MainActivity.onCreate(com.ninjajumprun.android.MainActivity@159715295<activity=true>, null)
I/org.umd.logging(12772): Method > 1 org.cocos2dx.lib.Cocos2dxActivity.onCreate(com.ninjajumprun.android.MainActivity@159715295<activity=true>, null)
I/org.umd.logging(12772): Method > 1 org.cocos2dx.lib.Cocos2dxActivity.onCreateView(com.ninjajumprun.android.MainActivity@159715295<activity=true>)
W/ResourceType(12772): No known package when getting name for resource number 0xffffffff
I/org.umd.logging(12772): Method < 1 org.cocos2dx.lib.Cocos2dxActivity.onCreateView(org.cocos2dx.lib.Cocos2dxGLSurfaceView@270122741<file=><x=0><y=0><width=0><height=0><id=-1>)
I/org.umd.logging(12772): Method < 1 org.cocos2dx.lib.Cocos2dxActivity.onCreate()
W/ResourcesManager(12772): Asset path '/system/framework/com.android.media.remotedisplay.jar' does not exist or contains no resources.
W/ResourcesManager(12772): Asset path '/system/framework/com.android.location.provider.jar' does not exist or contains no resources.
D/DynamitePackage(12772): Instantiated singleton DynamitePackage.
D/DynamitePackage(12772): Instantiating com.google.android.gms.ads.ChimeraAdManagerCreatorImpl
I/DynamiteModule(12772): Considering local module com.google.android.gms.piccard.dynamite:0 and remote module com.google.android.gms.piccard.dynamite:9
I/DynamiteModule(12772): Selected remote version of com.google.android.gms.piccard.dynamite, version >= 9
E/DynamiteModule(12772): Failed to load DynamiteLoader: java.lang.ClassNotFoundException: Didn't find class "com.google.android.gms.dynamite.DynamiteModule$DynamiteLoaderClassLoader" on path: DexPathList[[zip file "/data/app/com.ninjajumprun.android-1/base.apk"],nativeLibraryDirectories=[/data/app/com.ninjajumprun.android-1/lib/arm, /vendor/lib, /system/lib]]
W/DynamiteModule(12772): Failed to load remote module: Failed to get module context
W/DynamiteModule(12772): Failed to load module via fast routeajo: Remote load failed. No local fallback found.
I/DynamiteModule(12772): Considering local module com.google.android.gms.piccard.dynamite:0 and remote module com.google.android.gms.piccard.dynamite:9
I/DynamiteModule(12772): Selected remote version of com.google.android.gms.piccard.dynamite, version >= 9
I/WebViewFactory(12772): Loading com.google.android.webview version 54.0.2840.85 (code 284008500)
I/art     (12772): Rejecting re-init on previously-failed class java.lang.Class<com.android.webview.chromium.TokenBindingManagerAdapter>
I/art     (12772): Rejecting re-init on previously-failed class java.lang.Class<com.android.webview.chromium.TokenBindingManagerAdapter>
I/art     (12772): Rejecting re-init on previously-failed class java.lang.Class<com.android.webview.chromium.ServiceWorkerControllerAdapter>
I/art     (12772): Rejecting re-init on previously-failed class java.lang.Class<com.android.webview.chromium.ServiceWorkerControllerAdapter>
I/art     (12772): Background sticky concurrent mark sweep GC freed 11669(967KB) AllocSpace objects, 14(685KB) LOS objects, 6% free, 11MB/11MB, paused 7.172ms total 59.453ms
I/cr_LibraryLoader(12772): Time to load native libraries: 1 ms (timestamps 9027-9028)
I/cr_LibraryLoader(12772): Expected native library version number "54.0.2840.85", actual native library version number "54.0.2840.85"
I/cr_LibraryLoader(12772): Expected native library version number "54.0.2840.85", actual native library version number "54.0.2840.85"
I/chromium(12772): [INFO:library_loader_hooks.cc(151)] Chromium logging enabled: level = 0, default verbosity = 0
I/cr_BrowserStartup(12772): Initializing chromium process, singleProcess=true
I/VideoCapabilities(12772): Unsupported profile 4 for video/mp4v-es
I/Adreno-EGL(12772): <qeglDrvAPI_eglInitialize:379>: QUALCOMM Build: 01/15/15, ab0075f, Id3510ff6dc
I/Ads     (12772): Starting ad request.
I/Ads     (12772): Use AdRequest.Builder.addTestDevice("1F480C9603A7924489313051413E5A68") to get test ads on this device.
I/Ads     (12772): Please set theme of AdActivity to @android:style/Theme.Translucent to enable transparent background interstitial ad.
D/DynamitePackage(12772): Instantiating com.google.android.gms.ads.ChimeraAdManagerCreatorImpl
I/Ads     (12772): Starting ad request.
I/Ads     (12772): Use AdRequest.Builder.addTestDevice("1F480C9603A7924489313051413E5A68") to get test ads on this device.
W/ActivityManager(  588): getRunningAppProcesses: caller 10223 does not hold REAL_GET_TASKS; limiting output
I/Ads     (12772): Please set theme of AdActivity to @android:style/Theme.Translucent to enable transparent background interstitial ad.
I/org.umd.logging(12772): Method < 1 com.ninjajumprun.android.MainActivity.onCreate()
I/org.umd.logging(12772): Method > 1 com.ninjajumprun.android.MainActivity.onStart(com.ninjajumprun.android.MainActivity@159715295<activity=true>)
I/org.umd.logging(12772): Method > 1 org.cocos2dx.lib.Cocos2dxActivity.onStart(com.ninjajumprun.android.MainActivity@159715295<activity=true>)
I/org.umd.logging(12772): Method < 1 org.cocos2dx.lib.Cocos2dxActivity.onStart()
W/ActivityManager(  588): getRunningAppProcesses: caller 10223 does not hold REAL_GET_TASKS; limiting output
I/org.umd.logging(12772): Method < 1 com.ninjajumprun.android.MainActivity.onStart()
I/org.umd.logging(12772): Method > 1 com.ninjajumprun.android.MainActivity.onResume(com.ninjajumprun.android.MainActivity@159715295<activity=true>)
I/org.umd.logging(12772): Method > 1 org.cocos2dx.lib.Cocos2dxActivity.onResume(com.ninjajumprun.android.MainActivity@159715295<activity=true>)
I/org.umd.logging(12772): Method > 1 org.cocos2dx.lib.Cocos2dxHelper.onResume()
I/org.umd.logging(12772): Method < 1 org.cocos2dx.lib.Cocos2dxHelper.onResume()
W/ResourceType(12772): No known package when getting name for resource number 0xffffffff
I/org.umd.logging(12772): Method > 1 org.cocos2dx.lib.Cocos2dxGLSurfaceView.onResume(org.cocos2dx.lib.Cocos2dxGLSurfaceView@270122741<file=><x=0><y=0><width=0><height=0><id=-1>)
I/org.umd.logging(12772): Method < 1 org.cocos2dx.lib.Cocos2dxGLSurfaceView.onResume()
I/org.umd.logging(12772): Method > 656 org.cocos2dx.lib.Cocos2dxGLSurfaceView$3.run(org.cocos2dx.lib.Cocos2dxGLSurfaceView$3@888025677)
I/org.umd.logging(12772): Method < 1 org.cocos2dx.lib.Cocos2dxActivity.onResume()
I/org.umd.logging(12772): Method < 656 org.cocos2dx.lib.Cocos2dxGLSurfaceView$3.run()
I/org.umd.logging(12772): Method < 1 com.ninjajumprun.android.MainActivity.onResume()
D/OpenGLRenderer(12772): Use EGL_SWAP_BEHAVIOR_PRESERVED: true
D/Atlas   (12772): Validating map...
V/WindowManager(  588): Adding window Window{37aed324 u0 com.ninjajumprun.android/com.ninjajumprun.android.MainActivity} at 3 of 9 (before Window{310a3e00 u0 Starting com.ninjajumprun.android})
D/ConnectivityService(  588): listenForNetwork for NetworkRequest [ id=26, legacyType=-1, [ Capabilities: INTERNET&NOT_RESTRICTED&TRUSTED] ]
D/ConnectivityService(  588): handleRegisterNetworkRequest checking NetworkAgentInfo [WIFI () - 102]
D/ConnectivityService(  588): apparently satisfied.  currentScore=60
D/ConnectivityManager.CallbackHandler(12772): CM callback handler got msg 524290
I/OpenGLRenderer(12772): Initialized EGL, version 1.4
D/OpenGLRenderer(12772): Enabling debug mode 0
V/WindowManager(  588): Adding window Window{26a762bc u0 SurfaceView} at 3 of 10 (before Window{37aed324 u0 com.ninjajumprun.android/com.ninjajumprun.android.MainActivity})
I/ActivityManager(  588): Displayed com.ninjajumprun.android/.MainActivity: +1s89ms (total +7s260ms)
I/art     ( 1212): Explicit concurrent mark sweep GC freed 86926(4MB) AllocSpace objects, 13(208KB) LOS objects, 39% free, 16MB/28MB, paused 1.220ms total 97.359ms
I/Ads     ( 2359): Received log message: <Google:HTML> You are using version 4.5 of the Google Play services Ads SDK. Please consider updating your SDK to the most recent SDK version to get the latest features and bug fixes. See http://goo.gl/r2TRzC for instructions on how to get the latest version of Google Play services.
W/Ads     ( 2359): Received error HTTP response code: 403
W/Ads     (12772): There was a problem getting an ad response. ErrorCode: 0
W/Ads     (12772): Failed to load ad: 0
W/Ads     ( 2359): Received error HTTP response code: 403
W/Ads     (12772): There was a problem getting an ad response. ErrorCode: 0
W/Ads     (12772): Failed to load ad: 0
W/Adreno-ES20(12772): <core_glHint:84>: GL_INVALID_ENUM
D/audio_hw_primary(  190): disable_audio_route: reset and update mixer path: low-latency-playback
D/audio_hw_primary(  190): disable_snd_device: snd_device(2: speaker)
I/DeviceStateChecker( 7744): screenOn: true, isCharging: true
I/DownloadManagerWrapper(  884): onReceive() : Charging = true
I/DownloadManagerWrapper(  884): onReceive() : Charging = true
D/Babel   (12687): RefCountedService(com.google.android.apps.hangouts.requestwriter.RequestWriter) onDestroy (count=0, startId=2 stopped=true)
W/ResourceType(12772): No known package when getting name for resource number 0xffffffff
I/org.umd.logging(12772): Method > 1 org.cocos2dx.lib.Cocos2dxGLSurfaceView.onTouchEvent(org.cocos2dx.lib.Cocos2dxGLSurfaceView@270122741<file=><x=0><y=0><width=768><height=1184><id=-1>, android.view.MotionEvent@1071661532)
I/org.umd.logging(12772): Method < 1 org.cocos2dx.lib.Cocos2dxGLSurfaceView.onTouchEvent(true)
I/org.umd.logging(12772): Method > 656 org.cocos2dx.lib.Cocos2dxGLSurfaceView$6.run(org.cocos2dx.lib.Cocos2dxGLSurfaceView$6@330133946)
I/org.umd.logging(12772): Method < 656 org.cocos2dx.lib.Cocos2dxGLSurfaceView$6.run()
W/ResourceType(12772): No known package when getting name for resource number 0xffffffff
I/org.umd.logging(12772): Method > 1 org.cocos2dx.lib.Cocos2dxGLSurfaceView.onTouchEvent(org.cocos2dx.lib.Cocos2dxGLSurfaceView@270122741<file=><x=0><y=0><width=768><height=1184><id=-1>, android.view.MotionEvent@1071661532)
I/org.umd.logging(12772): Method < 1 org.cocos2dx.lib.Cocos2dxGLSurfaceView.onTouchEvent(true)
I/org.umd.logging(12772): Method > 656 org.cocos2dx.lib.Cocos2dxGLSurfaceView$7.run(org.cocos2dx.lib.Cocos2dxGLSurfaceView$7@673030088)
I/org.umd.logging(12772): Method < 656 org.cocos2dx.lib.Cocos2dxGLSurfaceView$7.run()
W/ResourceType(12772): No known package when getting name for resource number 0xffffffff
I/org.umd.logging(12772): Method > 1 org.cocos2dx.lib.Cocos2dxGLSurfaceView.onTouchEvent(org.cocos2dx.lib.Cocos2dxGLSurfaceView@270122741<file=><x=0><y=0><width=768><height=1184><id=-1>, android.view.MotionEvent@1071661532)
I/org.umd.logging(12772): Method < 1 org.cocos2dx.lib.Cocos2dxGLSurfaceView.onTouchEvent(true)
I/org.umd.logging(12772): Method > 656 org.cocos2dx.lib.Cocos2dxGLSurfaceView$9.run(org.cocos2dx.lib.Cocos2dxGLSurfaceView$9@112258950)
I/org.umd.logging(12772): Method < 656 org.cocos2dx.lib.Cocos2dxGLSurfaceView$9.run()
W/ResourceType(12772): No known package when getting name for resource number 0xffffffff
I/org.umd.logging(12772): Method > 1 org.cocos2dx.lib.Cocos2dxGLSurfaceView.onTouchEvent(org.cocos2dx.lib.Cocos2dxGLSurfaceView@270122741<file=><x=0><y=0><width=768><height=1184><id=-1>, android.view.MotionEvent@1071661532)
I/org.umd.logging(12772): Method < 1 org.cocos2dx.lib.Cocos2dxGLSurfaceView.onTouchEvent(true)
I/org.umd.logging(12772): Method > 656 org.cocos2dx.lib.Cocos2dxGLSurfaceView$6.run(org.cocos2dx.lib.Cocos2dxGLSurfaceView$6@167051335)
I/org.umd.logging(12772): Method < 656 org.cocos2dx.lib.Cocos2dxGLSurfaceView$6.run()
W/ResourceType(12772): No known package when getting name for resource number 0xffffffff
I/org.umd.logging(12772): Method > 1 org.cocos2dx.lib.Cocos2dxGLSurfaceView.onTouchEvent(org.cocos2dx.lib.Cocos2dxGLSurfaceView@270122741<file=><x=0><y=0><width=768><height=1184><id=-1>, android.view.MotionEvent@1071661532)
I/org.umd.logging(12772): Method < 1 org.cocos2dx.lib.Cocos2dxGLSurfaceView.onTouchEvent(true)
I/org.umd.logging(12772): Method > 656 org.cocos2dx.lib.Cocos2dxGLSurfaceView$7.run(org.cocos2dx.lib.Cocos2dxGLSurfaceView$7@558952564)
I/org.umd.logging(12772): Method < 656 org.cocos2dx.lib.Cocos2dxGLSurfaceView$7.run()
W/ResourceType(12772): No known package when getting name for resource number 0xffffffff
I/org.umd.logging(12772): Method > 1 org.cocos2dx.lib.Cocos2dxGLSurfaceView.onTouchEvent(org.cocos2dx.lib.Cocos2dxGLSurfaceView@270122741<file=><x=0><y=0><width=768><height=1184><id=-1>, android.view.MotionEvent@1071661532)
I/org.umd.logging(12772): Method < 1 org.cocos2dx.lib.Cocos2dxGLSurfaceView.onTouchEvent(true)
I/org.umd.logging(12772): Method > 656 org.cocos2dx.lib.Cocos2dxGLSurfaceView$9.run(org.cocos2dx.lib.Cocos2dxGLSurfaceView$9@108128669)
I/org.umd.logging(12772): Method < 656 org.cocos2dx.lib.Cocos2dxGLSurfaceView$9.run()
I/ActivityManager(  588): Waited long enough for: ServiceRecord{551a655 u0 com.google.android.talk/com.google.android.apps.hangouts.mergedcontacts.impl.MergeContactsService}
D/luajc   (12772): CCLuaJavaBridge::callJavaStaticMethod(lua_State *L)
W/art     (12772): Call to JNI FindClass with dots in name: "com.ninjajumprun.android.MainActivity"
D/luajc   (12772): CCLuaJavaBridge::callJavaStaticMethod("com.ninjajumprun.android.MainActivity", "showBannerAd", args, "(Z)V") SUCCESS
D/luajc   (12772): CCLuaJavaBridge::callJavaStaticMethod(lua_State *L)
W/art     (12772): Call to JNI FindClass with dots in name: "com.ninjajumprun.android.MainActivity"
D/luajc   (12772): CCLuaJavaBridge::callJavaStaticMethod("com.ninjajumprun.android.MainActivity", "showBannerAd", args, "(Z)V") SUCCESS
D/Device Model(12772): Nexus 4
I/org.umd.logging(12772): Method > 1 com.ninjajumprun.android.MainActivity$2.run(com.ninjajumprun.android.MainActivity$2@242702819)
I/org.umd.logging(12772): Method < 1 com.ninjajumprun.android.MainActivity$2.run()
I/org.umd.logging(12772): Method > 1 com.ninjajumprun.android.MainActivity$2.run(com.ninjajumprun.android.MainActivity$2@784768992)
I/org.umd.logging(12772): Method < 1 com.ninjajumprun.android.MainActivity$2.run()
E/MediaPlayer(12772): Should have subtitle controller already set
E/MediaPlayer(12772): Should have subtitle controller already set
I/org.umd.logging(12772): Api > 656 android.media.MediaPlayer.stop(android.media.MediaPlayer@725641566)
D/NuPlayerDriver(  190): stop(0xb80eefe8)
I/org.umd.logging(12772): Api < 656 android.media.MediaPlayer.stop()
E/MediaPlayer(12772): Should have subtitle controller already set
E/MediaPlayer(12772): Should have subtitle controller already set
D/NuPlayerDriver(  190): seekTo(0xb80eefe8) 0 ms
I/org.umd.logging(12772): Api > 656 android.media.MediaPlayer.start(android.media.MediaPlayer@725641566)
D/NuPlayerDriver(  190): start(0xb80eefe8)
I/GenericSource(  190): start
I/org.umd.logging(12772): Api < 656 android.media.MediaPlayer.start()
D/audio_hw_primary(  190): select_devices: out_snd_device(2: speaker) in_snd_device(0: none)
D/ACDB-LOADER(  190): ACDB -> send_afe_cal
D/audio_hw_primary(  190): enable_snd_device: snd_device(2: speaker)
D/audio_hw_primary(  190): enable_audio_route: apply and update mixer path: deep-buffer-playback
W/ResourceType(12772): No known package when getting name for resource number 0xffffffff
I/org.umd.logging(12772): Method > 1 org.cocos2dx.lib.Cocos2dxGLSurfaceView.onTouchEvent(org.cocos2dx.lib.Cocos2dxGLSurfaceView@270122741<file=><x=0><y=0><width=768><height=1184><id=-1>, android.view.MotionEvent@1071661532)
I/org.umd.logging(12772): Method < 1 org.cocos2dx.lib.Cocos2dxGLSurfaceView.onTouchEvent(true)
I/org.umd.logging(12772): Method > 656 org.cocos2dx.lib.Cocos2dxGLSurfaceView$6.run(org.cocos2dx.lib.Cocos2dxGLSurfaceView$6@658223423)
W/ResourceType(12772): No known package when getting name for resource number 0xffffffff
I/org.umd.logging(12772): Method > 1 org.cocos2dx.lib.Cocos2dxGLSurfaceView.onTouchEvent(org.cocos2dx.lib.Cocos2dxGLSurfaceView@270122741<file=><x=0><y=0><width=768><height=1184><id=-1>, android.view.MotionEvent@1071661532)
I/org.umd.logging(12772): Method < 1 org.cocos2dx.lib.Cocos2dxGLSurfaceView.onTouchEvent(true)
W/ResourceType(12772): No known package when getting name for resource number 0xffffffff
I/org.umd.logging(12772): Method > 1 org.cocos2dx.lib.Cocos2dxGLSurfaceView.onTouchEvent(org.cocos2dx.lib.Cocos2dxGLSurfaceView@270122741<file=><x=0><y=0><width=768><height=1184><id=-1>, android.view.MotionEvent@1071661532)
I/org.umd.logging(12772): Method < 1 org.cocos2dx.lib.Cocos2dxGLSurfaceView.onTouchEvent(true)
I/art     (12772): Background partial concurrent mark sweep GC freed 3364(166KB) AllocSpace objects, 8(27MB) LOS objects, 30% free, 36MB/52MB, paused 2.777ms total 114.542ms
D/NuPlayerDriver(  190): start(0xb80ecc88)
I/GenericSource(  190): start
W/ResourceType(12772): No known package when getting name for resource number 0xffffffff
I/org.umd.logging(12772): Method > 1 org.cocos2dx.lib.Cocos2dxGLSurfaceView.onTouchEvent(org.cocos2dx.lib.Cocos2dxGLSurfaceView@270122741<file=><x=0><y=0><width=768><height=1184><id=-1>, android.view.MotionEvent@1071661532)
I/org.umd.logging(12772): Method < 1 org.cocos2dx.lib.Cocos2dxGLSurfaceView.onTouchEvent(true)
D/NuPlayerDriver(  190): reset(0xb80ecc88)
D/NuPlayerDriver(  190): notifyResetComplete(0xb80ecc88)
W/AudioTrack(12772): AUDIO_OUTPUT_FLAG_FAST denied by client
I/org.umd.logging(12772): Method < 656 org.cocos2dx.lib.Cocos2dxGLSurfaceView$6.run()
I/org.umd.logging(12772): Method > 656 org.cocos2dx.lib.Cocos2dxGLSurfaceView$7.run(org.cocos2dx.lib.Cocos2dxGLSurfaceView$7@975559180)
I/org.umd.logging(12772): Method < 656 org.cocos2dx.lib.Cocos2dxGLSurfaceView$7.run()
I/org.umd.logging(12772): Method > 656 org.cocos2dx.lib.Cocos2dxGLSurfaceView$7.run(org.cocos2dx.lib.Cocos2dxGLSurfaceView$7@1003859797)
I/org.umd.logging(12772): Method < 656 org.cocos2dx.lib.Cocos2dxGLSurfaceView$7.run()
I/org.umd.logging(12772): Method > 656 org.cocos2dx.lib.Cocos2dxGLSurfaceView$9.run(org.cocos2dx.lib.Cocos2dxGLSurfaceView$9@103136618)
I/org.umd.logging(12772): Method < 656 org.cocos2dx.lib.Cocos2dxGLSurfaceView$9.run()
D/audio_hw_primary(  190): select_devices: out_snd_device(2: speaker) in_snd_device(0: none)
D/audio_hw_primary(  190): enable_audio_route: apply and update mixer path: low-latency-playback
D/NuPlayerDriver(  190): start(0xb818ddf8)
I/GenericSource(  190): start
D/NuPlayerDriver(  190): reset(0xb818ddf8)
D/NuPlayerDriver(  190): notifyResetComplete(0xb818ddf8)
W/AudioTrack(12772): AUDIO_OUTPUT_FLAG_FAST denied by client
D/NuPlayerDriver(  190): start(0xb818ddf8)
I/GenericSource(  190): start
D/NuPlayerDriver(  190): reset(0xb818ddf8)
D/NuPlayerDriver(  190): notifyResetComplete(0xb818ddf8)
W/AudioTrack(12772): AUDIO_OUTPUT_FLAG_FAST denied by client
W/Babel   (12687): bas TOOK TOO LONG! (15035ms > 10000ms)
W/Babel   (12687): bas TOOK TOO LONG! (15039ms > 10000ms)
W/ContentTaskController( 1212): Invalid newTask was provided to startTracking.
I/Babel_ConcService(12687): Acquired partial wake lock to keep ConcurrentService alive
I/Babel_ConcService(12687): Released partial wake lock as ConcurrentService became idle
W/Telecom (  588): TelecomServiceImpl: null is not visible for the calling user
W/Telecom (  588): TelecomServiceImpl: ComponentInfo{com.google.android.talk/com.google.android.apps.hangouts.telephony.TeleConnectionService}, [e44cca915afc0390d8a77c0ff4608152603e7fa3], UserHandle{0} is not visible for the calling user
I/Babel_telephony(12687): TeleModule.updateConnectionManagerRegistration, registration preference changed from false to false
W/Babel   (12687): BAM#gBA: invalid account id: -1
W/Babel   (12687): BAM#gBA: invalid account id: -1
I/Babel_telephony(12687): TeleModule.updateIncomingCallRegistration, preferred account for incoming calls changed from: null to null
W/Telecom (  588): TelecomServiceImpl: null is not visible for the calling user
W/Telecom (  588): TelecomServiceImpl: ComponentInfo{com.google.android.talk/com.google.android.apps.hangouts.telephony.TeleConnectionService}, [e44cca915afc0390d8a77c0ff4608152603e7fa3], UserHandle{0} is not visible for the calling user
W/Babel   (12687): bas TOOK TOO LONG! (15041ms > 10000ms)
I/DownloadManagerWrapper(  884): onReceive() : Charging = true
W/ResourceType(12772): No known package when getting name for resource number 0xffffffff
I/org.umd.logging(12772): Method > 1 org.cocos2dx.lib.Cocos2dxGLSurfaceView.onTouchEvent(org.cocos2dx.lib.Cocos2dxGLSurfaceView@270122741<file=><x=0><y=0><width=768><height=1184><id=-1>, android.view.MotionEvent@1071661532)
I/org.umd.logging(12772): Method < 1 org.cocos2dx.lib.Cocos2dxGLSurfaceView.onTouchEvent(true)
I/org.umd.logging(12772): Method > 656 org.cocos2dx.lib.Cocos2dxGLSurfaceView$6.run(org.cocos2dx.lib.Cocos2dxGLSurfaceView$6@130294363)
W/ResourceType(12772): No known package when getting name for resource number 0xffffffff
I/org.umd.logging(12772): Method > 1 org.cocos2dx.lib.Cocos2dxGLSurfaceView.onTouchEvent(org.cocos2dx.lib.Cocos2dxGLSurfaceView@270122741<file=><x=0><y=0><width=768><height=1184><id=-1>, android.view.MotionEvent@1071661532)
I/org.umd.logging(12772): Method < 1 org.cocos2dx.lib.Cocos2dxGLSurfaceView.onTouchEvent(true)
W/AudioTrack(12772): AUDIO_OUTPUT_FLAG_FAST denied by client
I/org.umd.logging(12772): Method < 656 org.cocos2dx.lib.Cocos2dxGLSurfaceView$6.run()
I/org.umd.logging(12772): Method > 656 org.cocos2dx.lib.Cocos2dxGLSurfaceView$7.run(org.cocos2dx.lib.Cocos2dxGLSurfaceView$7@1046252280)
I/org.umd.logging(12772): Method < 656 org.cocos2dx.lib.Cocos2dxGLSurfaceView$7.run()
W/ResourceType(12772): No known package when getting name for resource number 0xffffffff
I/org.umd.logging(12772): Method > 1 org.cocos2dx.lib.Cocos2dxGLSurfaceView.onTouchEvent(org.cocos2dx.lib.Cocos2dxGLSurfaceView@270122741<file=><x=0><y=0><width=768><height=1184><id=-1>, android.view.MotionEvent@1071661532)
I/org.umd.logging(12772): Method < 1 org.cocos2dx.lib.Cocos2dxGLSurfaceView.onTouchEvent(true)
I/org.umd.logging(12772): Method > 656 org.cocos2dx.lib.Cocos2dxGLSurfaceView$7.run(org.cocos2dx.lib.Cocos2dxGLSurfaceView$7@865004497)
I/org.umd.logging(12772): Method < 656 org.cocos2dx.lib.Cocos2dxGLSurfaceView$7.run()
W/ResourceType(12772): No known package when getting name for resource number 0xffffffff
I/org.umd.logging(12772): Method > 1 org.cocos2dx.lib.Cocos2dxGLSurfaceView.onTouchEvent(org.cocos2dx.lib.Cocos2dxGLSurfaceView@270122741<file=><x=0><y=0><width=768><height=1184><id=-1>, android.view.MotionEvent@1071661532)
I/org.umd.logging(12772): Method < 1 org.cocos2dx.lib.Cocos2dxGLSurfaceView.onTouchEvent(true)
I/org.umd.logging(12772): Method > 656 org.cocos2dx.lib.Cocos2dxGLSurfaceView$7.run(org.cocos2dx.lib.Cocos2dxGLSurfaceView$7@878331446)
I/org.umd.logging(12772): Method < 656 org.cocos2dx.lib.Cocos2dxGLSurfaceView$7.run()
W/ResourceType(12772): No known package when getting name for resource number 0xffffffff
I/org.umd.logging(12772): Method > 1 org.cocos2dx.lib.Cocos2dxGLSurfaceView.onTouchEvent(org.cocos2dx.lib.Cocos2dxGLSurfaceView@270122741<file=><x=0><y=0><width=768><height=1184><id=-1>, android.view.MotionEvent@1071661532)
I/org.umd.logging(12772): Method < 1 org.cocos2dx.lib.Cocos2dxGLSurfaceView.onTouchEvent(true)
I/org.umd.logging(12772): Method > 656 org.cocos2dx.lib.Cocos2dxGLSurfaceView$9.run(org.cocos2dx.lib.Cocos2dxGLSurfaceView$9@261654839)
I/org.umd.logging(12772): Method < 656 org.cocos2dx.lib.Cocos2dxGLSurfaceView$9.run()
W/AudioTrack(12772): AUDIO_OUTPUT_FLAG_FAST denied by client
W/AudioTrack(12772): AUDIO_OUTPUT_FLAG_FAST denied by client
W/ResourceType(12772): No known package when getting name for resource number 0xffffffff
I/org.umd.logging(12772): Method > 1 org.cocos2dx.lib.Cocos2dxGLSurfaceView.onTouchEvent(org.cocos2dx.lib.Cocos2dxGLSurfaceView@270122741<file=><x=0><y=0><width=768><height=1184><id=-1>, android.view.MotionEvent@1071661532)
I/org.umd.logging(12772): Method < 1 org.cocos2dx.lib.Cocos2dxGLSurfaceView.onTouchEvent(true)
I/org.umd.logging(12772): Method > 656 org.cocos2dx.lib.Cocos2dxGLSurfaceView$6.run(org.cocos2dx.lib.Cocos2dxGLSurfaceView$6@894131876)
W/AudioTrack(12772): AUDIO_OUTPUT_FLAG_FAST denied by client
I/org.umd.logging(12772): Method < 656 org.cocos2dx.lib.Cocos2dxGLSurfaceView$6.run()
W/ResourceType(12772): No known package when getting name for resource number 0xffffffff
I/org.umd.logging(12772): Method > 1 org.cocos2dx.lib.Cocos2dxGLSurfaceView.onTouchEvent(org.cocos2dx.lib.Cocos2dxGLSurfaceView@270122741<file=><x=0><y=0><width=768><height=1184><id=-1>, android.view.MotionEvent@1071661532)
I/org.umd.logging(12772): Method < 1 org.cocos2dx.lib.Cocos2dxGLSurfaceView.onTouchEvent(true)
I/org.umd.logging(12772): Method > 656 org.cocos2dx.lib.Cocos2dxGLSurfaceView$7.run(org.cocos2dx.lib.Cocos2dxGLSurfaceView$7@1053127693)
I/org.umd.logging(12772): Method < 656 org.cocos2dx.lib.Cocos2dxGLSurfaceView$7.run()
W/ResourceType(12772): No known package when getting name for resource number 0xffffffff
I/org.umd.logging(12772): Method > 1 org.cocos2dx.lib.Cocos2dxGLSurfaceView.onTouchEvent(org.cocos2dx.lib.Cocos2dxGLSurfaceView@270122741<file=><x=0><y=0><width=768><height=1184><id=-1>, android.view.MotionEvent@1071661532)
I/org.umd.logging(12772): Method < 1 org.cocos2dx.lib.Cocos2dxGLSurfaceView.onTouchEvent(true)
I/org.umd.logging(12772): Method > 656 org.cocos2dx.lib.Cocos2dxGLSurfaceView$7.run(org.cocos2dx.lib.Cocos2dxGLSurfaceView$7@847024066)
I/org.umd.logging(12772): Method < 656 org.cocos2dx.lib.Cocos2dxGLSurfaceView$7.run()
W/ResourceType(12772): No known package when getting name for resource number 0xffffffff
I/org.umd.logging(12772): Method > 1 org.cocos2dx.lib.Cocos2dxGLSurfaceView.onTouchEvent(org.cocos2dx.lib.Cocos2dxGLSurfaceView@270122741<file=><x=0><y=0><width=768><height=1184><id=-1>, android.view.MotionEvent@1071661532)
I/org.umd.logging(12772): Method < 1 org.cocos2dx.lib.Cocos2dxGLSurfaceView.onTouchEvent(true)
I/org.umd.logging(12772): Method > 656 org.cocos2dx.lib.Cocos2dxGLSurfaceView$9.run(org.cocos2dx.lib.Cocos2dxGLSurfaceView$9@618824147)
I/org.umd.logging(12772): Method < 656 org.cocos2dx.lib.Cocos2dxGLSurfaceView$9.run()
W/AudioTrack(12772): AUDIO_OUTPUT_FLAG_FAST denied by client
W/AudioTrack(12772): AUDIO_OUTPUT_FLAG_FAST denied by client
W/ResourceType(12772): No known package when getting name for resource number 0xffffffff
I/org.umd.logging(12772): Method > 1 org.cocos2dx.lib.Cocos2dxGLSurfaceView.onTouchEvent(org.cocos2dx.lib.Cocos2dxGLSurfaceView@270122741<file=><x=0><y=0><width=768><height=1184><id=-1>, android.view.MotionEvent@1071661532)
I/org.umd.logging(12772): Method < 1 org.cocos2dx.lib.Cocos2dxGLSurfaceView.onTouchEvent(true)
I/org.umd.logging(12772): Method > 656 org.cocos2dx.lib.Cocos2dxGLSurfaceView$6.run(org.cocos2dx.lib.Cocos2dxGLSurfaceView$6@875675920)
W/AudioTrack(12772): AUDIO_OUTPUT_FLAG_FAST denied by client
I/org.umd.logging(12772): Method < 656 org.cocos2dx.lib.Cocos2dxGLSurfaceView$6.run()
W/ResourceType(12772): No known package when getting name for resource number 0xffffffff
I/org.umd.logging(12772): Method > 1 org.cocos2dx.lib.Cocos2dxGLSurfaceView.onTouchEvent(org.cocos2dx.lib.Cocos2dxGLSurfaceView@270122741<file=><x=0><y=0><width=768><height=1184><id=-1>, android.view.MotionEvent@1071661532)
I/org.umd.logging(12772): Method < 1 org.cocos2dx.lib.Cocos2dxGLSurfaceView.onTouchEvent(true)
I/org.umd.logging(12772): Method > 656 org.cocos2dx.lib.Cocos2dxGLSurfaceView$7.run(org.cocos2dx.lib.Cocos2dxGLSurfaceView$7@73548809)
I/org.umd.logging(12772): Method < 656 org.cocos2dx.lib.Cocos2dxGLSurfaceView$7.run()
W/ResourceType(12772): No known package when getting name for resource number 0xffffffff
I/org.umd.logging(12772): Method > 1 org.cocos2dx.lib.Cocos2dxGLSurfaceView.onTouchEvent(org.cocos2dx.lib.Cocos2dxGLSurfaceView@270122741<file=><x=0><y=0><width=768><height=1184><id=-1>, android.view.MotionEvent@1071661532)
I/org.umd.logging(12772): Method < 1 org.cocos2dx.lib.Cocos2dxGLSurfaceView.onTouchEvent(true)
I/org.umd.logging(12772): Method > 656 org.cocos2dx.lib.Cocos2dxGLSurfaceView$7.run(org.cocos2dx.lib.Cocos2dxGLSurfaceView$7@914875918)
I/org.umd.logging(12772): Method < 656 org.cocos2dx.lib.Cocos2dxGLSurfaceView$7.run()
W/ResourceType(12772): No known package when getting name for resource number 0xffffffff
I/org.umd.logging(12772): Method > 1 org.cocos2dx.lib.Cocos2dxGLSurfaceView.onTouchEvent(org.cocos2dx.lib.Cocos2dxGLSurfaceView@270122741<file=><x=0><y=0><width=768><height=1184><id=-1>, android.view.MotionEvent@1071661532)
I/org.umd.logging(12772): Method < 1 org.cocos2dx.lib.Cocos2dxGLSurfaceView.onTouchEvent(true)
I/org.umd.logging(12772): Method > 656 org.cocos2dx.lib.Cocos2dxGLSurfaceView$7.run(org.cocos2dx.lib.Cocos2dxGLSurfaceView$7@482961455)
I/org.umd.logging(12772): Method < 656 org.cocos2dx.lib.Cocos2dxGLSurfaceView$7.run()
W/ResourceType(12772): No known package when getting name for resource number 0xffffffff
I/org.umd.logging(12772): Method > 1 org.cocos2dx.lib.Cocos2dxGLSurfaceView.onTouchEvent(org.cocos2dx.lib.Cocos2dxGLSurfaceView@270122741<file=><x=0><y=0><width=768><height=1184><id=-1>, android.view.MotionEvent@1071661532)
I/org.umd.logging(12772): Method < 1 org.cocos2dx.lib.Cocos2dxGLSurfaceView.onTouchEvent(true)
I/org.umd.logging(12772): Method > 656 org.cocos2dx.lib.Cocos2dxGLSurfaceView$9.run(org.cocos2dx.lib.Cocos2dxGLSurfaceView$9@584703548)
I/org.umd.logging(12772): Method < 656 org.cocos2dx.lib.Cocos2dxGLSurfaceView$9.run()
D/audio_hw_primary(  190): out_set_parameters: enter: usecase(0: deep-buffer-playback) kvpairs: routing=2
W/ResourceType(12772): No known package when getting name for resource number 0xffffffff
I/org.umd.logging(12772): Method > 1 org.cocos2dx.lib.Cocos2dxGLSurfaceView.onTouchEvent(org.cocos2dx.lib.Cocos2dxGLSurfaceView@270122741<file=><x=0><y=0><width=768><height=1184><id=-1>, android.view.MotionEvent@1071661532)
I/org.umd.logging(12772): Method < 1 org.cocos2dx.lib.Cocos2dxGLSurfaceView.onTouchEvent(true)
I/org.umd.logging(12772): Method > 656 org.cocos2dx.lib.Cocos2dxGLSurfaceView$6.run(org.cocos2dx.lib.Cocos2dxGLSurfaceView$6@383915973)
W/AudioTrack(12772): AUDIO_OUTPUT_FLAG_FAST denied by client
I/org.umd.logging(12772): Method < 656 org.cocos2dx.lib.Cocos2dxGLSurfaceView$6.run()
W/ResourceType(12772): No known package when getting name for resource number 0xffffffff
I/org.umd.logging(12772): Method > 1 org.cocos2dx.lib.Cocos2dxGLSurfaceView.onTouchEvent(org.cocos2dx.lib.Cocos2dxGLSurfaceView@270122741<file=><x=0><y=0><width=768><height=1184><id=-1>, android.view.MotionEvent@1071661532)
I/org.umd.logging(12772): Method < 1 org.cocos2dx.lib.Cocos2dxGLSurfaceView.onTouchEvent(true)
I/org.umd.logging(12772): Method > 656 org.cocos2dx.lib.Cocos2dxGLSurfaceView$7.run(org.cocos2dx.lib.Cocos2dxGLSurfaceView$7@148919578)
I/org.umd.logging(12772): Method < 656 org.cocos2dx.lib.Cocos2dxGLSurfaceView$7.run()
W/AudioTrack(12772): AUDIO_OUTPUT_FLAG_FAST denied by client
W/ResourceType(12772): No known package when getting name for resource number 0xffffffff
I/org.umd.logging(12772): Method > 1 org.cocos2dx.lib.Cocos2dxGLSurfaceView.onTouchEvent(org.cocos2dx.lib.Cocos2dxGLSurfaceView@270122741<file=><x=0><y=0><width=768><height=1184><id=-1>, android.view.MotionEvent@1071661532)
I/org.umd.logging(12772): Method < 1 org.cocos2dx.lib.Cocos2dxGLSurfaceView.onTouchEvent(true)
I/org.umd.logging(12772): Method > 656 org.cocos2dx.lib.Cocos2dxGLSurfaceView$7.run(org.cocos2dx.lib.Cocos2dxGLSurfaceView$7@227432523)
I/org.umd.logging(12772): Method < 656 org.cocos2dx.lib.Cocos2dxGLSurfaceView$7.run()
W/AudioTrack(12772): AUDIO_OUTPUT_FLAG_FAST denied by client
W/ResourceType(12772): No known package when getting name for resource number 0xffffffff
I/org.umd.logging(12772): Method > 1 org.cocos2dx.lib.Cocos2dxGLSurfaceView.onTouchEvent(org.cocos2dx.lib.Cocos2dxGLSurfaceView@270122741<file=><x=0><y=0><width=768><height=1184><id=-1>, android.view.MotionEvent@1071661532)
I/org.umd.logging(12772): Method < 1 org.cocos2dx.lib.Cocos2dxGLSurfaceView.onTouchEvent(true)
I/org.umd.logging(12772): Method > 656 org.cocos2dx.lib.Cocos2dxGLSurfaceView$9.run(org.cocos2dx.lib.Cocos2dxGLSurfaceView$9@964993576)
I/org.umd.logging(12772): Method < 656 org.cocos2dx.lib.Cocos2dxGLSurfaceView$9.run()
W/AudioTrack(12772): AUDIO_OUTPUT_FLAG_FAST denied by client
W/AudioTrack(12772): AUDIO_OUTPUT_FLAG_FAST denied by client
D/audio_hw_primary(  190): out_set_parameters: enter: usecase(0: deep-buffer-playback) kvpairs: routing=2
E/WifiStateMachine(  588): WifiStateMachine CMD_START_SCAN source -2 txSuccessRate=1.28 rxSuccessRate=1.24 targetRoamBSSID=any RSSI=-56
W/ResourceType(12772): No known package when getting name for resource number 0xffffffff
I/org.umd.logging(12772): Method > 1 org.cocos2dx.lib.Cocos2dxGLSurfaceView.onTouchEvent(org.cocos2dx.lib.Cocos2dxGLSurfaceView@270122741<file=><x=0><y=0><width=768><height=1184><id=-1>, android.view.MotionEvent@1071661532)
I/org.umd.logging(12772): Method < 1 org.cocos2dx.lib.Cocos2dxGLSurfaceView.onTouchEvent(true)
I/org.umd.logging(12772): Method > 656 org.cocos2dx.lib.Cocos2dxGLSurfaceView$6.run(org.cocos2dx.lib.Cocos2dxGLSurfaceView$6@970025793)
W/AudioTrack(12772): AUDIO_OUTPUT_FLAG_FAST denied by client
I/org.umd.logging(12772): Method < 656 org.cocos2dx.lib.Cocos2dxGLSurfaceView$6.run()
W/ResourceType(12772): No known package when getting name for resource number 0xffffffff
I/org.umd.logging(12772): Method > 1 org.cocos2dx.lib.Cocos2dxGLSurfaceView.onTouchEvent(org.cocos2dx.lib.Cocos2dxGLSurfaceView@270122741<file=><x=0><y=0><width=768><height=1184><id=-1>, android.view.MotionEvent@1071661532)
I/org.umd.logging(12772): Method > 656 org.cocos2dx.lib.Cocos2dxGLSurfaceView$7.run(org.cocos2dx.lib.Cocos2dxGLSurfaceView$7@572434662)
I/org.umd.logging(12772): Method < 656 org.cocos2dx.lib.Cocos2dxGLSurfaceView$7.run()
I/org.umd.logging(12772): Method < 1 org.cocos2dx.lib.Cocos2dxGLSurfaceView.onTouchEvent(true)
W/ResourceType(12772): No known package when getting name for resource number 0xffffffff
I/org.umd.logging(12772): Method > 1 org.cocos2dx.lib.Cocos2dxGLSurfaceView.onTouchEvent(org.cocos2dx.lib.Cocos2dxGLSurfaceView@270122741<file=><x=0><y=0><width=768><height=1184><id=-1>, android.view.MotionEvent@1071661532)
I/org.umd.logging(12772): Method < 1 org.cocos2dx.lib.Cocos2dxGLSurfaceView.onTouchEvent(true)
I/org.umd.logging(12772): Method > 656 org.cocos2dx.lib.Cocos2dxGLSurfaceView$7.run(org.cocos2dx.lib.Cocos2dxGLSurfaceView$7@644361767)
I/org.umd.logging(12772): Method < 656 org.cocos2dx.lib.Cocos2dxGLSurfaceView$7.run()
W/ResourceType(12772): No known package when getting name for resource number 0xffffffff
