I/org.umd.logging(12772): Method > 1 org.cocos2dx.lib.Cocos2dxGLSurfaceView.onTouchEvent(org.cocos2dx.lib.Cocos2dxGLSurfaceView@270122741<file=><x=0><y=0><width=768><height=1184><id=-1>, android.view.MotionEvent@1071661532)
I/org.umd.logging(12772): Method < 1 org.cocos2dx.lib.Cocos2dxGLSurfaceView.onTouchEvent(true)
I/org.umd.logging(12772): Method > 656 org.cocos2dx.lib.Cocos2dxGLSurfaceView$9.run(org.cocos2dx.lib.Cocos2dxGLSurfaceView$9@831895764)
I/org.umd.logging(12772): Method < 656 org.cocos2dx.lib.Cocos2dxGLSurfaceView$9.run()
D/audio_hw_primary(  190): out_set_parameters: enter: usecase(0: deep-buffer-playback) kvpairs: routing=2
W/ResourceType(12772): No known package when getting name for resource number 0xffffffff
I/org.umd.logging(12772): Method > 1 org.cocos2dx.lib.Cocos2dxGLSurfaceView.onTouchEvent(org.cocos2dx.lib.Cocos2dxGLSurfaceView@270122741<file=><x=0><y=0><width=768><height=1184><id=-1>, android.view.MotionEvent@1071661532)
I/org.umd.logging(12772): Method < 1 org.cocos2dx.lib.Cocos2dxGLSurfaceView.onTouchEvent(true)
I/org.umd.logging(12772): Method > 656 org.cocos2dx.lib.Cocos2dxGLSurfaceView$6.run(org.cocos2dx.lib.Cocos2dxGLSurfaceView$6@50887293)
W/AudioTrack(12772): AUDIO_OUTPUT_FLAG_FAST denied by client
I/org.umd.logging(12772): Method < 656 org.cocos2dx.lib.Cocos2dxGLSurfaceView$6.run()
W/ResourceType(12772): No known package when getting name for resource number 0xffffffff
I/org.umd.logging(12772): Method > 1 org.cocos2dx.lib.Cocos2dxGLSurfaceView.onTouchEvent(org.cocos2dx.lib.Cocos2dxGLSurfaceView@270122741<file=><x=0><y=0><width=768><height=1184><id=-1>, android.view.MotionEvent@1071661532)
I/org.umd.logging(12772): Method < 1 org.cocos2dx.lib.Cocos2dxGLSurfaceView.onTouchEvent(true)
I/org.umd.logging(12772): Method > 656 org.cocos2dx.lib.Cocos2dxGLSurfaceView$7.run(org.cocos2dx.lib.Cocos2dxGLSurfaceView$7@429682034)
I/org.umd.logging(12772): Method < 656 org.cocos2dx.lib.Cocos2dxGLSurfaceView$7.run()
W/AudioTrack(12772): AUDIO_OUTPUT_FLAG_FAST denied by client
W/ResourceType(12772): No known package when getting name for resource number 0xffffffff
I/org.umd.logging(12772): Method > 1 org.cocos2dx.lib.Cocos2dxGLSurfaceView.onTouchEvent(org.cocos2dx.lib.Cocos2dxGLSurfaceView@270122741<file=><x=0><y=0><width=768><height=1184><id=-1>, android.view.MotionEvent@1071661532)
I/org.umd.logging(12772): Method < 1 org.cocos2dx.lib.Cocos2dxGLSurfaceView.onTouchEvent(true)
I/org.umd.logging(12772): Method > 656 org.cocos2dx.lib.Cocos2dxGLSurfaceView$7.run(org.cocos2dx.lib.Cocos2dxGLSurfaceView$7@689931715)
I/org.umd.logging(12772): Method < 656 org.cocos2dx.lib.Cocos2dxGLSurfaceView$7.run()
W/AudioTrack(12772): AUDIO_OUTPUT_FLAG_FAST denied by client
W/ResourceType(12772): No known package when getting name for resource number 0xffffffff
I/org.umd.logging(12772): Method > 1 org.cocos2dx.lib.Cocos2dxGLSurfaceView.onTouchEvent(org.cocos2dx.lib.Cocos2dxGLSurfaceView@270122741<file=><x=0><y=0><width=768><height=1184><id=-1>, android.view.MotionEvent@1071661532)
I/org.umd.logging(12772): Method < 1 org.cocos2dx.lib.Cocos2dxGLSurfaceView.onTouchEvent(true)
I/org.umd.logging(12772): Method > 656 org.cocos2dx.lib.Cocos2dxGLSurfaceView$9.run(org.cocos2dx.lib.Cocos2dxGLSurfaceView$9@352292416)
I/org.umd.logging(12772): Method < 656 org.cocos2dx.lib.Cocos2dxGLSurfaceView$9.run()
W/AudioTrack(12772): AUDIO_OUTPUT_FLAG_FAST denied by client
W/AudioTrack(12772): AUDIO_OUTPUT_FLAG_FAST denied by client
W/AudioTrack(12772): AUDIO_OUTPUT_FLAG_FAST denied by client
W/AudioTrack(12772): AUDIO_OUTPUT_FLAG_FAST denied by client
W/ResourceType(12772): No known package when getting name for resource number 0xffffffff
I/org.umd.logging(12772): Method > 1 org.cocos2dx.lib.Cocos2dxGLSurfaceView.onTouchEvent(org.cocos2dx.lib.Cocos2dxGLSurfaceView@270122741<file=><x=0><y=0><width=768><height=1184><id=-1>, android.view.MotionEvent@1071661532)
I/org.umd.logging(12772): Method < 1 org.cocos2dx.lib.Cocos2dxGLSurfaceView.onTouchEvent(true)
I/org.umd.logging(12772): Method > 656 org.cocos2dx.lib.Cocos2dxGLSurfaceView$6.run(org.cocos2dx.lib.Cocos2dxGLSurfaceView$6@329728377)
W/AudioTrack(12772): AUDIO_OUTPUT_FLAG_FAST denied by client
I/org.umd.logging(12772): Method < 656 org.cocos2dx.lib.Cocos2dxGLSurfaceView$6.run()
W/ResourceType(12772): No known package when getting name for resource number 0xffffffff
I/org.umd.logging(12772): Method > 1 org.cocos2dx.lib.Cocos2dxGLSurfaceView.onTouchEvent(org.cocos2dx.lib.Cocos2dxGLSurfaceView@270122741<file=><x=0><y=0><width=768><height=1184><id=-1>, android.view.MotionEvent@1071661532)
I/org.umd.logging(12772): Method < 1 org.cocos2dx.lib.Cocos2dxGLSurfaceView.onTouchEvent(true)
I/org.umd.logging(12772): Method > 656 org.cocos2dx.lib.Cocos2dxGLSurfaceView$7.run(org.cocos2dx.lib.Cocos2dxGLSurfaceView$7@817884862)
I/org.umd.logging(12772): Method < 656 org.cocos2dx.lib.Cocos2dxGLSurfaceView$7.run()
I/art     (12772): Background sticky concurrent mark sweep GC freed 2449(124KB) AllocSpace objects, 2(6MB) LOS objects, 2% free, 36MB/36MB, paused 5.859ms total 22.676ms
W/ResourceType(12772): No known package when getting name for resource number 0xffffffff
I/org.umd.logging(12772): Method > 1 org.cocos2dx.lib.Cocos2dxGLSurfaceView.onTouchEvent(org.cocos2dx.lib.Cocos2dxGLSurfaceView@270122741<file=><x=0><y=0><width=768><height=1184><id=-1>, android.view.MotionEvent@1071661532)
I/org.umd.logging(12772): Method < 1 org.cocos2dx.lib.Cocos2dxGLSurfaceView.onTouchEvent(true)
I/org.umd.logging(12772): Method > 656 org.cocos2dx.lib.Cocos2dxGLSurfaceView$7.run(org.cocos2dx.lib.Cocos2dxGLSurfaceView$7@560642847)
I/org.umd.logging(12772): Method < 656 org.cocos2dx.lib.Cocos2dxGLSurfaceView$7.run()
W/ResourceType(12772): No known package when getting name for resource number 0xffffffff
I/org.umd.logging(12772): Method > 1 org.cocos2dx.lib.Cocos2dxGLSurfaceView.onTouchEvent(org.cocos2dx.lib.Cocos2dxGLSurfaceView@270122741<file=><x=0><y=0><width=768><height=1184><id=-1>, android.view.MotionEvent@1071661532)
I/org.umd.logging(12772): Method < 1 org.cocos2dx.lib.Cocos2dxGLSurfaceView.onTouchEvent(true)
I/org.umd.logging(12772): Method > 656 org.cocos2dx.lib.Cocos2dxGLSurfaceView$9.run(org.cocos2dx.lib.Cocos2dxGLSurfaceView$9@409947756)
I/org.umd.logging(12772): Method < 656 org.cocos2dx.lib.Cocos2dxGLSurfaceView$9.run()
D/audio_hw_primary(  190): out_set_parameters: enter: usecase(0: deep-buffer-playback) kvpairs: routing=2
W/AudioTrack(12772): AUDIO_OUTPUT_FLAG_FAST denied by client
W/AudioTrack(12772): AUDIO_OUTPUT_FLAG_FAST denied by client
W/ResourceType(12772): No known package when getting name for resource number 0xffffffff
I/org.umd.logging(12772): Method > 1 org.cocos2dx.lib.Cocos2dxGLSurfaceView.onTouchEvent(org.cocos2dx.lib.Cocos2dxGLSurfaceView@270122741<file=><x=0><y=0><width=768><height=1184><id=-1>, android.view.MotionEvent@1071661532)
I/org.umd.logging(12772): Method < 1 org.cocos2dx.lib.Cocos2dxGLSurfaceView.onTouchEvent(true)
I/org.umd.logging(12772): Method > 656 org.cocos2dx.lib.Cocos2dxGLSurfaceView$6.run(org.cocos2dx.lib.Cocos2dxGLSurfaceView$6@617708597)
W/AudioTrack(12772): AUDIO_OUTPUT_FLAG_FAST denied by client
I/org.umd.logging(12772): Method < 656 org.cocos2dx.lib.Cocos2dxGLSurfaceView$6.run()
W/ResourceType(12772): No known package when getting name for resource number 0xffffffff
I/org.umd.logging(12772): Method > 1 org.cocos2dx.lib.Cocos2dxGLSurfaceView.onTouchEvent(org.cocos2dx.lib.Cocos2dxGLSurfaceView@270122741<file=><x=0><y=0><width=768><height=1184><id=-1>, android.view.MotionEvent@1071661532)
I/org.umd.logging(12772): Method < 1 org.cocos2dx.lib.Cocos2dxGLSurfaceView.onTouchEvent(true)
I/org.umd.logging(12772): Method > 656 org.cocos2dx.lib.Cocos2dxGLSurfaceView$7.run(org.cocos2dx.lib.Cocos2dxGLSurfaceView$7@117979338)
I/org.umd.logging(12772): Method < 656 org.cocos2dx.lib.Cocos2dxGLSurfaceView$7.run()
W/ResourceType(12772): No known package when getting name for resource number 0xffffffff
I/org.umd.logging(12772): Method > 1 org.cocos2dx.lib.Cocos2dxGLSurfaceView.onTouchEvent(org.cocos2dx.lib.Cocos2dxGLSurfaceView@270122741<file=><x=0><y=0><width=768><height=1184><id=-1>, android.view.MotionEvent@1071661532)
I/org.umd.logging(12772): Method < 1 org.cocos2dx.lib.Cocos2dxGLSurfaceView.onTouchEvent(true)
I/org.umd.logging(12772): Method > 656 org.cocos2dx.lib.Cocos2dxGLSurfaceView$7.run(org.cocos2dx.lib.Cocos2dxGLSurfaceView$7@906619451)
I/org.umd.logging(12772): Method < 656 org.cocos2dx.lib.Cocos2dxGLSurfaceView$7.run()
W/ResourceType(12772): No known package when getting name for resource number 0xffffffff
I/org.umd.logging(12772): Method > 1 org.cocos2dx.lib.Cocos2dxGLSurfaceView.onTouchEvent(org.cocos2dx.lib.Cocos2dxGLSurfaceView@270122741<file=><x=0><y=0><width=768><height=1184><id=-1>, android.view.MotionEvent@1071661532)
I/org.umd.logging(12772): Method < 1 org.cocos2dx.lib.Cocos2dxGLSurfaceView.onTouchEvent(true)
I/org.umd.logging(12772): Method > 656 org.cocos2dx.lib.Cocos2dxGLSurfaceView$9.run(org.cocos2dx.lib.Cocos2dxGLSurfaceView$9@741926232)
I/org.umd.logging(12772): Method < 656 org.cocos2dx.lib.Cocos2dxGLSurfaceView$9.run()
D/audio_hw_primary(  190): out_set_parameters: enter: usecase(0: deep-buffer-playback) kvpairs: routing=2
W/ResourceType(12772): No known package when getting name for resource number 0xffffffff
I/org.umd.logging(12772): Method > 1 org.cocos2dx.lib.Cocos2dxGLSurfaceView.onTouchEvent(org.cocos2dx.lib.Cocos2dxGLSurfaceView@270122741<file=><x=0><y=0><width=768><height=1184><id=-1>, android.view.MotionEvent@1071661532)
I/org.umd.logging(12772): Method < 1 org.cocos2dx.lib.Cocos2dxGLSurfaceView.onTouchEvent(true)
I/org.umd.logging(12772): Method > 656 org.cocos2dx.lib.Cocos2dxGLSurfaceView$6.run(org.cocos2dx.lib.Cocos2dxGLSurfaceView$6@606774961)
W/AudioTrack(12772): AUDIO_OUTPUT_FLAG_FAST denied by client
I/org.umd.logging(12772): Method < 656 org.cocos2dx.lib.Cocos2dxGLSurfaceView$6.run()
W/ResourceType(12772): No known package when getting name for resource number 0xffffffff
I/org.umd.logging(12772): Method > 1 org.cocos2dx.lib.Cocos2dxGLSurfaceView.onTouchEvent(org.cocos2dx.lib.Cocos2dxGLSurfaceView@270122741<file=><x=0><y=0><width=768><height=1184><id=-1>, android.view.MotionEvent@1071661532)
I/org.umd.logging(12772): Method > 656 org.cocos2dx.lib.Cocos2dxGLSurfaceView$7.run(org.cocos2dx.lib.Cocos2dxGLSurfaceView$7@47781782)
I/org.umd.logging(12772): Method < 656 org.cocos2dx.lib.Cocos2dxGLSurfaceView$7.run()
I/org.umd.logging(12772): Method < 1 org.cocos2dx.lib.Cocos2dxGLSurfaceView.onTouchEvent(true)
W/ResourceType(12772): No known package when getting name for resource number 0xffffffff
I/org.umd.logging(12772): Method > 1 org.cocos2dx.lib.Cocos2dxGLSurfaceView.onTouchEvent(org.cocos2dx.lib.Cocos2dxGLSurfaceView@270122741<file=><x=0><y=0><width=768><height=1184><id=-1>, android.view.MotionEvent@1071661532)
I/org.umd.logging(12772): Method < 1 org.cocos2dx.lib.Cocos2dxGLSurfaceView.onTouchEvent(true)
I/org.umd.logging(12772): Method > 656 org.cocos2dx.lib.Cocos2dxGLSurfaceView$7.run(org.cocos2dx.lib.Cocos2dxGLSurfaceView$7@799207191)
I/org.umd.logging(12772): Method < 656 org.cocos2dx.lib.Cocos2dxGLSurfaceView$7.run()
W/ResourceType(12772): No known package when getting name for resource number 0xffffffff
I/org.umd.logging(12772): Method > 1 org.cocos2dx.lib.Cocos2dxGLSurfaceView.onTouchEvent(org.cocos2dx.lib.Cocos2dxGLSurfaceView@270122741<file=><x=0><y=0><width=768><height=1184><id=-1>, android.view.MotionEvent@1071661532)
I/org.umd.logging(12772): Method < 1 org.cocos2dx.lib.Cocos2dxGLSurfaceView.onTouchEvent(true)
I/org.umd.logging(12772): Method > 656 org.cocos2dx.lib.Cocos2dxGLSurfaceView$7.run(org.cocos2dx.lib.Cocos2dxGLSurfaceView$7@805502724)
I/org.umd.logging(12772): Method < 656 org.cocos2dx.lib.Cocos2dxGLSurfaceView$7.run()
W/ResourceType(12772): No known package when getting name for resource number 0xffffffff
I/org.umd.logging(12772): Method > 1 org.cocos2dx.lib.Cocos2dxGLSurfaceView.onTouchEvent(org.cocos2dx.lib.Cocos2dxGLSurfaceView@270122741<file=><x=0><y=0><width=768><height=1184><id=-1>, android.view.MotionEvent@1071661532)
I/org.umd.logging(12772): Method > 656 org.cocos2dx.lib.Cocos2dxGLSurfaceView$9.run(org.cocos2dx.lib.Cocos2dxGLSurfaceView$9@470940909)
I/org.umd.logging(12772): Method < 1 org.cocos2dx.lib.Cocos2dxGLSurfaceView.onTouchEvent(true)
I/org.umd.logging(12772): Method < 656 org.cocos2dx.lib.Cocos2dxGLSurfaceView$9.run()
I/DownloadManagerWrapper(  884): onReceive() : Charging = true
I/DownloadManagerWrapper(  884): onReceive() : Charging = true
W/ResourceType(12772): No known package when getting name for resource number 0xffffffff
I/org.umd.logging(12772): Method > 1 org.cocos2dx.lib.Cocos2dxGLSurfaceView.onTouchEvent(org.cocos2dx.lib.Cocos2dxGLSurfaceView@270122741<file=><x=0><y=0><width=768><height=1184><id=-1>, android.view.MotionEvent@1071661532)
I/org.umd.logging(12772): Method < 1 org.cocos2dx.lib.Cocos2dxGLSurfaceView.onTouchEvent(true)
I/org.umd.logging(12772): Method > 656 org.cocos2dx.lib.Cocos2dxGLSurfaceView$6.run(org.cocos2dx.lib.Cocos2dxGLSurfaceView$6@990320418)
D/audio_hw_primary(  190): out_set_parameters: enter: usecase(0: deep-buffer-playback) kvpairs: routing=2
W/AudioTrack(12772): AUDIO_OUTPUT_FLAG_FAST denied by client
I/org.umd.logging(12772): Method < 656 org.cocos2dx.lib.Cocos2dxGLSurfaceView$6.run()
I/art     (12772): Background sticky concurrent mark sweep GC freed 2551(129KB) AllocSpace objects, 2(6MB) LOS objects, 2% free, 36MB/36MB, paused 16.633ms total 44.224ms
W/ResourceType(12772): No known package when getting name for resource number 0xffffffff
I/org.umd.logging(12772): Method > 1 org.cocos2dx.lib.Cocos2dxGLSurfaceView.onTouchEvent(org.cocos2dx.lib.Cocos2dxGLSurfaceView@270122741<file=><x=0><y=0><width=768><height=1184><id=-1>, android.view.MotionEvent@1071661532)
I/org.umd.logging(12772): Method < 1 org.cocos2dx.lib.Cocos2dxGLSurfaceView.onTouchEvent(true)
I/org.umd.logging(12772): Method > 656 org.cocos2dx.lib.Cocos2dxGLSurfaceView$7.run(org.cocos2dx.lib.Cocos2dxGLSurfaceView$7@291333555)
I/org.umd.logging(12772): Method < 656 org.cocos2dx.lib.Cocos2dxGLSurfaceView$7.run()
W/ResourceType(12772): No known package when getting name for resource number 0xffffffff
I/org.umd.logging(12772): Method > 1 org.cocos2dx.lib.Cocos2dxGLSurfaceView.onTouchEvent(org.cocos2dx.lib.Cocos2dxGLSurfaceView@270122741<file=><x=0><y=0><width=768><height=1184><id=-1>, android.view.MotionEvent@1071661532)
I/org.umd.logging(12772): Method < 1 org.cocos2dx.lib.Cocos2dxGLSurfaceView.onTouchEvent(true)
I/org.umd.logging(12772): Method > 656 org.cocos2dx.lib.Cocos2dxGLSurfaceView$7.run(org.cocos2dx.lib.Cocos2dxGLSurfaceView$7@892536688)
I/org.umd.logging(12772): Method < 656 org.cocos2dx.lib.Cocos2dxGLSurfaceView$7.run()
W/ResourceType(12772): No known package when getting name for resource number 0xffffffff
I/org.umd.logging(12772): Method > 1 org.cocos2dx.lib.Cocos2dxGLSurfaceView.onTouchEvent(org.cocos2dx.lib.Cocos2dxGLSurfaceView@270122741<file=><x=0><y=0><width=768><height=1184><id=-1>, android.view.MotionEvent@1071661532)
I/org.umd.logging(12772): Method < 1 org.cocos2dx.lib.Cocos2dxGLSurfaceView.onTouchEvent(true)
I/org.umd.logging(12772): Method > 656 org.cocos2dx.lib.Cocos2dxGLSurfaceView$9.run(org.cocos2dx.lib.Cocos2dxGLSurfaceView$9@597588713)
I/org.umd.logging(12772): Method < 656 org.cocos2dx.lib.Cocos2dxGLSurfaceView$9.run()
D/audio_hw_primary(  190): out_set_parameters: enter: usecase(0: deep-buffer-playback) kvpairs: routing=2
W/ResourceType(12772): No known package when getting name for resource number 0xffffffff
I/org.umd.logging(12772): Method > 1 org.cocos2dx.lib.Cocos2dxGLSurfaceView.onTouchEvent(org.cocos2dx.lib.Cocos2dxGLSurfaceView@270122741<file=><x=0><y=0><width=768><height=1184><id=-1>, android.view.MotionEvent@1071661532)
I/org.umd.logging(12772): Method < 1 org.cocos2dx.lib.Cocos2dxGLSurfaceView.onTouchEvent(true)
I/org.umd.logging(12772): Method > 656 org.cocos2dx.lib.Cocos2dxGLSurfaceView$6.run(org.cocos2dx.lib.Cocos2dxGLSurfaceView$6@757302126)
W/AudioTrack(12772): AUDIO_OUTPUT_FLAG_FAST denied by client
I/org.umd.logging(12772): Method < 656 org.cocos2dx.lib.Cocos2dxGLSurfaceView$6.run()
W/ResourceType(12772): No known package when getting name for resource number 0xffffffff
I/org.umd.logging(12772): Method > 1 org.cocos2dx.lib.Cocos2dxGLSurfaceView.onTouchEvent(org.cocos2dx.lib.Cocos2dxGLSurfaceView@270122741<file=><x=0><y=0><width=768><height=1184><id=-1>, android.view.MotionEvent@1071661532)
I/org.umd.logging(12772): Method < 1 org.cocos2dx.lib.Cocos2dxGLSurfaceView.onTouchEvent(true)
I/org.umd.logging(12772): Method > 656 org.cocos2dx.lib.Cocos2dxGLSurfaceView$7.run(org.cocos2dx.lib.Cocos2dxGLSurfaceView$7@524200463)
I/org.umd.logging(12772): Method < 656 org.cocos2dx.lib.Cocos2dxGLSurfaceView$7.run()
W/ResourceType(12772): No known package when getting name for resource number 0xffffffff
I/org.umd.logging(12772): Method > 1 org.cocos2dx.lib.Cocos2dxGLSurfaceView.onTouchEvent(org.cocos2dx.lib.Cocos2dxGLSurfaceView@270122741<file=><x=0><y=0><width=768><height=1184><id=-1>, android.view.MotionEvent@1071661532)
I/org.umd.logging(12772): Method < 1 org.cocos2dx.lib.Cocos2dxGLSurfaceView.onTouchEvent(true)
I/org.umd.logging(12772): Method > 656 org.cocos2dx.lib.Cocos2dxGLSurfaceView$7.run(org.cocos2dx.lib.Cocos2dxGLSurfaceView$7@1008282268)
I/org.umd.logging(12772): Method < 656 org.cocos2dx.lib.Cocos2dxGLSurfaceView$7.run()
W/AudioTrack(12772): AUDIO_OUTPUT_FLAG_FAST denied by client
W/ResourceType(12772): No known package when getting name for resource number 0xffffffff
I/org.umd.logging(12772): Method > 1 org.cocos2dx.lib.Cocos2dxGLSurfaceView.onTouchEvent(org.cocos2dx.lib.Cocos2dxGLSurfaceView@270122741<file=><x=0><y=0><width=768><height=1184><id=-1>, android.view.MotionEvent@1071661532)
I/org.umd.logging(12772): Method < 1 org.cocos2dx.lib.Cocos2dxGLSurfaceView.onTouchEvent(true)
I/org.umd.logging(12772): Method > 656 org.cocos2dx.lib.Cocos2dxGLSurfaceView$7.run(org.cocos2dx.lib.Cocos2dxGLSurfaceView$7@307944613)
I/org.umd.logging(12772): Method < 656 org.cocos2dx.lib.Cocos2dxGLSurfaceView$7.run()
W/ResourceType(12772): No known package when getting name for resource number 0xffffffff
I/org.umd.logging(12772): Method > 1 org.cocos2dx.lib.Cocos2dxGLSurfaceView.onTouchEvent(org.cocos2dx.lib.Cocos2dxGLSurfaceView@270122741<file=><x=0><y=0><width=768><height=1184><id=-1>, android.view.MotionEvent@1071661532)
I/org.umd.logging(12772): Method < 1 org.cocos2dx.lib.Cocos2dxGLSurfaceView.onTouchEvent(true)
W/AudioTrack(12772): AUDIO_OUTPUT_FLAG_FAST denied by client
I/org.umd.logging(12772): Method > 656 org.cocos2dx.lib.Cocos2dxGLSurfaceView$9.run(org.cocos2dx.lib.Cocos2dxGLSurfaceView$9@210266234)
I/org.umd.logging(12772): Method < 656 org.cocos2dx.lib.Cocos2dxGLSurfaceView$9.run()
W/AudioTrack(12772): AUDIO_OUTPUT_FLAG_FAST denied by client
W/AudioTrack(12772): AUDIO_OUTPUT_FLAG_FAST denied by client
W/AudioTrack(12772): AUDIO_OUTPUT_FLAG_FAST denied by client
W/AudioTrack(12772): AUDIO_OUTPUT_FLAG_FAST denied by client
W/ResourceType(12772): No known package when getting name for resource number 0xffffffff
I/org.umd.logging(12772): Method > 1 org.cocos2dx.lib.Cocos2dxGLSurfaceView.onTouchEvent(org.cocos2dx.lib.Cocos2dxGLSurfaceView@270122741<file=><x=0><y=0><width=768><height=1184><id=-1>, android.view.MotionEvent@1071661532)
I/org.umd.logging(12772): Method < 1 org.cocos2dx.lib.Cocos2dxGLSurfaceView.onTouchEvent(true)
I/org.umd.logging(12772): Method > 656 org.cocos2dx.lib.Cocos2dxGLSurfaceView$6.run(org.cocos2dx.lib.Cocos2dxGLSurfaceView$6@776329259)
W/AudioTrack(12772): AUDIO_OUTPUT_FLAG_FAST denied by client
I/org.umd.logging(12772): Method < 656 org.cocos2dx.lib.Cocos2dxGLSurfaceView$6.run()
I/art     (12772): Background sticky concurrent mark sweep GC freed 2683(135KB) AllocSpace objects, 2(6MB) LOS objects, 4% free, 46MB/48MB, paused 5.615ms total 31.619ms
W/ResourceType(12772): No known package when getting name for resource number 0xffffffff
I/org.umd.logging(12772): Method > 1 org.cocos2dx.lib.Cocos2dxGLSurfaceView.onTouchEvent(org.cocos2dx.lib.Cocos2dxGLSurfaceView@270122741<file=><x=0><y=0><width=768><height=1184><id=-1>, android.view.MotionEvent@1071661532)
I/org.umd.logging(12772): Method < 1 org.cocos2dx.lib.Cocos2dxGLSurfaceView.onTouchEvent(true)
I/org.umd.logging(12772): Method > 656 org.cocos2dx.lib.Cocos2dxGLSurfaceView$7.run(org.cocos2dx.lib.Cocos2dxGLSurfaceView$7@400315528)
W/ResourceType(12772): No known package when getting name for resource number 0xffffffff
I/org.umd.logging(12772): Method > 1 org.cocos2dx.lib.Cocos2dxGLSurfaceView.onTouchEvent(org.cocos2dx.lib.Cocos2dxGLSurfaceView@270122741<file=><x=0><y=0><width=768><height=1184><id=-1>, android.view.MotionEvent@1071661532)
I/org.umd.logging(12772): Method < 1 org.cocos2dx.lib.Cocos2dxGLSurfaceView.onTouchEvent(true)
I/org.umd.logging(12772): Method < 656 org.cocos2dx.lib.Cocos2dxGLSurfaceView$7.run()
I/org.umd.logging(12772): Method > 656 org.cocos2dx.lib.Cocos2dxGLSurfaceView$7.run(org.cocos2dx.lib.Cocos2dxGLSurfaceView$7@868326945)
I/org.umd.logging(12772): Method < 656 org.cocos2dx.lib.Cocos2dxGLSurfaceView$7.run()
W/ResourceType(12772): No known package when getting name for resource number 0xffffffff
I/org.umd.logging(12772): Method > 1 org.cocos2dx.lib.Cocos2dxGLSurfaceView.onTouchEvent(org.cocos2dx.lib.Cocos2dxGLSurfaceView@270122741<file=><x=0><y=0><width=768><height=1184><id=-1>, android.view.MotionEvent@1071661532)
I/org.umd.logging(12772): Method < 1 org.cocos2dx.lib.Cocos2dxGLSurfaceView.onTouchEvent(true)
I/org.umd.logging(12772): Method > 656 org.cocos2dx.lib.Cocos2dxGLSurfaceView$9.run(org.cocos2dx.lib.Cocos2dxGLSurfaceView$9@908366406)
I/org.umd.logging(12772): Method < 656 org.cocos2dx.lib.Cocos2dxGLSurfaceView$9.run()
D/audio_hw_primary(  190): out_set_parameters: enter: usecase(0: deep-buffer-playback) kvpairs: routing=2
W/AudioTrack(12772): AUDIO_OUTPUT_FLAG_FAST denied by client
W/AudioTrack(12772): AUDIO_OUTPUT_FLAG_FAST denied by client
W/AudioTrack(12772): AUDIO_OUTPUT_FLAG_FAST denied by client
W/ResourceType(12772): No known package when getting name for resource number 0xffffffff
I/org.umd.logging(12772): Method > 1 org.cocos2dx.lib.Cocos2dxGLSurfaceView.onTouchEvent(org.cocos2dx.lib.Cocos2dxGLSurfaceView@270122741<file=><x=0><y=0><width=768><height=1184><id=-1>, android.view.MotionEvent@1071661532)
I/org.umd.logging(12772): Method < 1 org.cocos2dx.lib.Cocos2dxGLSurfaceView.onTouchEvent(true)
I/org.umd.logging(12772): Method > 656 org.cocos2dx.lib.Cocos2dxGLSurfaceView$6.run(org.cocos2dx.lib.Cocos2dxGLSurfaceView$6@440912903)
W/AudioTrack(12772): AUDIO_OUTPUT_FLAG_FAST denied by client
I/org.umd.logging(12772): Method < 656 org.cocos2dx.lib.Cocos2dxGLSurfaceView$6.run()
W/ResourceType(12772): No known package when getting name for resource number 0xffffffff
I/org.umd.logging(12772): Method > 1 org.cocos2dx.lib.Cocos2dxGLSurfaceView.onTouchEvent(org.cocos2dx.lib.Cocos2dxGLSurfaceView@270122741<file=><x=0><y=0><width=768><height=1184><id=-1>, android.view.MotionEvent@1071661532)
I/org.umd.logging(12772): Method < 1 org.cocos2dx.lib.Cocos2dxGLSurfaceView.onTouchEvent(true)
I/org.umd.logging(12772): Method > 656 org.cocos2dx.lib.Cocos2dxGLSurfaceView$7.run(org.cocos2dx.lib.Cocos2dxGLSurfaceView$7@623259956)
I/org.umd.logging(12772): Method < 656 org.cocos2dx.lib.Cocos2dxGLSurfaceView$7.run()
W/ResourceType(12772): No known package when getting name for resource number 0xffffffff
I/org.umd.logging(12772): Method > 1 org.cocos2dx.lib.Cocos2dxGLSurfaceView.onTouchEvent(org.cocos2dx.lib.Cocos2dxGLSurfaceView@270122741<file=><x=0><y=0><width=768><height=1184><id=-1>, android.view.MotionEvent@1071661532)
I/org.umd.logging(12772): Method < 1 org.cocos2dx.lib.Cocos2dxGLSurfaceView.onTouchEvent(true)
I/org.umd.logging(12772): Method > 656 org.cocos2dx.lib.Cocos2dxGLSurfaceView$7.run(org.cocos2dx.lib.Cocos2dxGLSurfaceView$7@913898333)
I/org.umd.logging(12772): Method < 656 org.cocos2dx.lib.Cocos2dxGLSurfaceView$7.run()
W/ResourceType(12772): No known package when getting name for resource number 0xffffffff
I/org.umd.logging(12772): Method > 1 org.cocos2dx.lib.Cocos2dxGLSurfaceView.onTouchEvent(org.cocos2dx.lib.Cocos2dxGLSurfaceView@270122741<file=><x=0><y=0><width=768><height=1184><id=-1>, android.view.MotionEvent@1071661532)
I/org.umd.logging(12772): Method < 1 org.cocos2dx.lib.Cocos2dxGLSurfaceView.onTouchEvent(true)
I/org.umd.logging(12772): Method > 656 org.cocos2dx.lib.Cocos2dxGLSurfaceView$7.run(org.cocos2dx.lib.Cocos2dxGLSurfaceView$7@352816338)
I/org.umd.logging(12772): Method < 656 org.cocos2dx.lib.Cocos2dxGLSurfaceView$7.run()
W/ResourceType(12772): No known package when getting name for resource number 0xffffffff
I/org.umd.logging(12772): Method > 1 org.cocos2dx.lib.Cocos2dxGLSurfaceView.onTouchEvent(org.cocos2dx.lib.Cocos2dxGLSurfaceView@270122741<file=><x=0><y=0><width=768><height=1184><id=-1>, android.view.MotionEvent@1071661532)
I/org.umd.logging(12772): Method < 1 org.cocos2dx.lib.Cocos2dxGLSurfaceView.onTouchEvent(true)
I/org.umd.logging(12772): Method > 656 org.cocos2dx.lib.Cocos2dxGLSurfaceView$9.run(org.cocos2dx.lib.Cocos2dxGLSurfaceView$9@1032528291)
I/org.umd.logging(12772): Method < 656 org.cocos2dx.lib.Cocos2dxGLSurfaceView$9.run()
D/audio_hw_primary(  190): out_set_parameters: enter: usecase(0: deep-buffer-playback) kvpairs: routing=2
W/ResourceType(12772): No known package when getting name for resource number 0xffffffff
I/org.umd.logging(12772): Method > 1 org.cocos2dx.lib.Cocos2dxGLSurfaceView.onTouchEvent(org.cocos2dx.lib.Cocos2dxGLSurfaceView@270122741<file=><x=0><y=0><width=768><height=1184><id=-1>, android.view.MotionEvent@1071661532)
I/org.umd.logging(12772): Method < 1 org.cocos2dx.lib.Cocos2dxGLSurfaceView.onTouchEvent(true)
I/art     (12772): Background sticky concurrent mark sweep GC freed 1762(89KB) AllocSpace objects, 1(3MB) LOS objects, 4% free, 43MB/45MB, paused 11.078ms total 46.390ms
I/org.umd.logging(12772): Method > 656 org.cocos2dx.lib.Cocos2dxGLSurfaceView$6.run(org.cocos2dx.lib.Cocos2dxGLSurfaceView$6@1066347680)
W/AudioTrack(12772): AUDIO_OUTPUT_FLAG_FAST denied by client
I/org.umd.logging(12772): Method < 656 org.cocos2dx.lib.Cocos2dxGLSurfaceView$6.run()
W/ResourceType(12772): No known package when getting name for resource number 0xffffffff
I/org.umd.logging(12772): Method > 1 org.cocos2dx.lib.Cocos2dxGLSurfaceView.onTouchEvent(org.cocos2dx.lib.Cocos2dxGLSurfaceView@270122741<file=><x=0><y=0><width=768><height=1184><id=-1>, android.view.MotionEvent@1071661532)
I/org.umd.logging(12772): Method < 1 org.cocos2dx.lib.Cocos2dxGLSurfaceView.onTouchEvent(true)
I/org.umd.logging(12772): Method > 656 org.cocos2dx.lib.Cocos2dxGLSurfaceView$7.run(org.cocos2dx.lib.Cocos2dxGLSurfaceView$7@323940441)
I/org.umd.logging(12772): Method < 656 org.cocos2dx.lib.Cocos2dxGLSurfaceView$7.run()
W/ResourceType(12772): No known package when getting name for resource number 0xffffffff
I/org.umd.logging(12772): Method > 1 org.cocos2dx.lib.Cocos2dxGLSurfaceView.onTouchEvent(org.cocos2dx.lib.Cocos2dxGLSurfaceView@270122741<file=><x=0><y=0><width=768><height=1184><id=-1>, android.view.MotionEvent@1071661532)
I/org.umd.logging(12772): Method < 1 org.cocos2dx.lib.Cocos2dxGLSurfaceView.onTouchEvent(true)
I/org.umd.logging(12772): Method > 656 org.cocos2dx.lib.Cocos2dxGLSurfaceView$7.run(org.cocos2dx.lib.Cocos2dxGLSurfaceView$7@61711390)
I/org.umd.logging(12772): Method < 656 org.cocos2dx.lib.Cocos2dxGLSurfaceView$7.run()
W/ResourceType(12772): No known package when getting name for resource number 0xffffffff
I/org.umd.logging(12772): Method > 1 org.cocos2dx.lib.Cocos2dxGLSurfaceView.onTouchEvent(org.cocos2dx.lib.Cocos2dxGLSurfaceView@270122741<file=><x=0><y=0><width=768><height=1184><id=-1>, android.view.MotionEvent@1071661532)
I/org.umd.logging(12772): Method < 1 org.cocos2dx.lib.Cocos2dxGLSurfaceView.onTouchEvent(true)
I/org.umd.logging(12772): Method > 656 org.cocos2dx.lib.Cocos2dxGLSurfaceView$7.run(org.cocos2dx.lib.Cocos2dxGLSurfaceView$7@103036159)
I/org.umd.logging(12772): Method < 656 org.cocos2dx.lib.Cocos2dxGLSurfaceView$7.run()
W/ResourceType(12772): No known package when getting name for resource number 0xffffffff
I/org.umd.logging(12772): Method > 1 org.cocos2dx.lib.Cocos2dxGLSurfaceView.onTouchEvent(org.cocos2dx.lib.Cocos2dxGLSurfaceView@270122741<file=><x=0><y=0><width=768><height=1184><id=-1>, android.view.MotionEvent@1071661532)
I/org.umd.logging(12772): Method < 1 org.cocos2dx.lib.Cocos2dxGLSurfaceView.onTouchEvent(true)
I/org.umd.logging(12772): Method > 656 org.cocos2dx.lib.Cocos2dxGLSurfaceView$9.run(org.cocos2dx.lib.Cocos2dxGLSurfaceView$9@566915788)
I/org.umd.logging(12772): Method < 656 org.cocos2dx.lib.Cocos2dxGLSurfaceView$9.run()
D/audio_hw_primary(  190): out_set_parameters: enter: usecase(0: deep-buffer-playback) kvpairs: routing=2
W/AudioTrack(12772): AUDIO_OUTPUT_FLAG_FAST denied by client
W/AudioTrack(12772): AUDIO_OUTPUT_FLAG_FAST denied by client
W/ResourceType(12772): No known package when getting name for resource number 0xffffffff
I/org.umd.logging(12772): Method > 1 org.cocos2dx.lib.Cocos2dxGLSurfaceView.onTouchEvent(org.cocos2dx.lib.Cocos2dxGLSurfaceView@270122741<file=><x=0><y=0><width=768><height=1184><id=-1>, android.view.MotionEvent@1071661532)
I/org.umd.logging(12772): Method < 1 org.cocos2dx.lib.Cocos2dxGLSurfaceView.onTouchEvent(true)
I/org.umd.logging(12772): Method > 656 org.cocos2dx.lib.Cocos2dxGLSurfaceView$6.run(org.cocos2dx.lib.Cocos2dxGLSurfaceView$6@670382357)
W/AudioTrack(12772): AUDIO_OUTPUT_FLAG_FAST denied by client
I/org.umd.logging(12772): Method < 656 org.cocos2dx.lib.Cocos2dxGLSurfaceView$6.run()
W/ResourceType(12772): No known package when getting name for resource number 0xffffffff
I/org.umd.logging(12772): Method > 1 org.cocos2dx.lib.Cocos2dxGLSurfaceView.onTouchEvent(org.cocos2dx.lib.Cocos2dxGLSurfaceView@270122741<file=><x=0><y=0><width=768><height=1184><id=-1>, android.view.MotionEvent@1071661532)
I/org.umd.logging(12772): Method < 1 org.cocos2dx.lib.Cocos2dxGLSurfaceView.onTouchEvent(true)
I/art     (12772): Background partial concurrent mark sweep GC freed 2000(100KB) AllocSpace objects, 5(17MB) LOS objects, 30% free, 36MB/52MB, paused 6.531ms total 80.787ms
I/org.umd.logging(12772): Method > 656 org.cocos2dx.lib.Cocos2dxGLSurfaceView$7.run(org.cocos2dx.lib.Cocos2dxGLSurfaceView$7@906748970)
I/org.umd.logging(12772): Method < 656 org.cocos2dx.lib.Cocos2dxGLSurfaceView$7.run()
W/ResourceType(12772): No known package when getting name for resource number 0xffffffff
I/org.umd.logging(12772): Method > 1 org.cocos2dx.lib.Cocos2dxGLSurfaceView.onTouchEvent(org.cocos2dx.lib.Cocos2dxGLSurfaceView@270122741<file=><x=0><y=0><width=768><height=1184><id=-1>, android.view.MotionEvent@1071661532)
I/org.umd.logging(12772): Method < 1 org.cocos2dx.lib.Cocos2dxGLSurfaceView.onTouchEvent(true)
I/org.umd.logging(12772): Method > 656 org.cocos2dx.lib.Cocos2dxGLSurfaceView$7.run(org.cocos2dx.lib.Cocos2dxGLSurfaceView$7@85008923)
I/org.umd.logging(12772): Method < 656 org.cocos2dx.lib.Cocos2dxGLSurfaceView$7.run()
W/ResourceType(12772): No known package when getting name for resource number 0xffffffff
I/org.umd.logging(12772): Method > 1 org.cocos2dx.lib.Cocos2dxGLSurfaceView.onTouchEvent(org.cocos2dx.lib.Cocos2dxGLSurfaceView@270122741<file=><x=0><y=0><width=768><height=1184><id=-1>, android.view.MotionEvent@1071661532)
I/org.umd.logging(12772): Method < 1 org.cocos2dx.lib.Cocos2dxGLSurfaceView.onTouchEvent(true)
I/org.umd.logging(12772): Method > 656 org.cocos2dx.lib.Cocos2dxGLSurfaceView$7.run(org.cocos2dx.lib.Cocos2dxGLSurfaceView$7@479326136)
I/org.umd.logging(12772): Method < 656 org.cocos2dx.lib.Cocos2dxGLSurfaceView$7.run()
W/ResourceType(12772): No known package when getting name for resource number 0xffffffff
I/org.umd.logging(12772): Method > 1 org.cocos2dx.lib.Cocos2dxGLSurfaceView.onTouchEvent(org.cocos2dx.lib.Cocos2dxGLSurfaceView@270122741<file=><x=0><y=0><width=768><height=1184><id=-1>, android.view.MotionEvent@1071661532)
I/org.umd.logging(12772): Method < 1 org.cocos2dx.lib.Cocos2dxGLSurfaceView.onTouchEvent(true)
I/org.umd.logging(12772): Method > 656 org.cocos2dx.lib.Cocos2dxGLSurfaceView$9.run(org.cocos2dx.lib.Cocos2dxGLSurfaceView$9@24990097)
I/org.umd.logging(12772): Method < 656 org.cocos2dx.lib.Cocos2dxGLSurfaceView$9.run()
D/audio_hw_primary(  190): out_set_parameters: enter: usecase(0: deep-buffer-playback) kvpairs: routing=2
W/AudioTrack(12772): AUDIO_OUTPUT_FLAG_FAST denied by client
W/AudioTrack(12772): AUDIO_OUTPUT_FLAG_FAST denied by client
W/ResourceType(12772): No known package when getting name for resource number 0xffffffff
I/org.umd.logging(12772): Method > 1 org.cocos2dx.lib.Cocos2dxGLSurfaceView.onTouchEvent(org.cocos2dx.lib.Cocos2dxGLSurfaceView@270122741<file=><x=0><y=0><width=768><height=1184><id=-1>, android.view.MotionEvent@1071661532)
I/org.umd.logging(12772): Method < 1 org.cocos2dx.lib.Cocos2dxGLSurfaceView.onTouchEvent(true)
I/org.umd.logging(12772): Method > 656 org.cocos2dx.lib.Cocos2dxGLSurfaceView$6.run(org.cocos2dx.lib.Cocos2dxGLSurfaceView$6@945559798)
W/AudioTrack(12772): AUDIO_OUTPUT_FLAG_FAST denied by client
I/org.umd.logging(12772): Method < 656 org.cocos2dx.lib.Cocos2dxGLSurfaceView$6.run()
W/ResourceType(12772): No known package when getting name for resource number 0xffffffff
I/org.umd.logging(12772): Method > 1 org.cocos2dx.lib.Cocos2dxGLSurfaceView.onTouchEvent(org.cocos2dx.lib.Cocos2dxGLSurfaceView@270122741<file=><x=0><y=0><width=768><height=1184><id=-1>, android.view.MotionEvent@1071661532)
I/org.umd.logging(12772): Method < 1 org.cocos2dx.lib.Cocos2dxGLSurfaceView.onTouchEvent(true)
I/org.umd.logging(12772): Method > 656 org.cocos2dx.lib.Cocos2dxGLSurfaceView$7.run(org.cocos2dx.lib.Cocos2dxGLSurfaceView$7@320193783)
I/org.umd.logging(12772): Method < 656 org.cocos2dx.lib.Cocos2dxGLSurfaceView$7.run()
W/ResourceType(12772): No known package when getting name for resource number 0xffffffff
I/org.umd.logging(12772): Method > 1 org.cocos2dx.lib.Cocos2dxGLSurfaceView.onTouchEvent(org.cocos2dx.lib.Cocos2dxGLSurfaceView@270122741<file=><x=0><y=0><width=768><height=1184><id=-1>, android.view.MotionEvent@1071661532)
I/org.umd.logging(12772): Method < 1 org.cocos2dx.lib.Cocos2dxGLSurfaceView.onTouchEvent(true)
I/org.umd.logging(12772): Method > 656 org.cocos2dx.lib.Cocos2dxGLSurfaceView$7.run(org.cocos2dx.lib.Cocos2dxGLSurfaceView$7@273829732)
I/org.umd.logging(12772): Method < 656 org.cocos2dx.lib.Cocos2dxGLSurfaceView$7.run()
W/ResourceType(12772): No known package when getting name for resource number 0xffffffff
I/org.umd.logging(12772): Method > 1 org.cocos2dx.lib.Cocos2dxGLSurfaceView.onTouchEvent(org.cocos2dx.lib.Cocos2dxGLSurfaceView@270122741<file=><x=0><y=0><width=768><height=1184><id=-1>, android.view.MotionEvent@1071661532)
I/org.umd.logging(12772): Method < 1 org.cocos2dx.lib.Cocos2dxGLSurfaceView.onTouchEvent(true)
I/org.umd.logging(12772): Method > 656 org.cocos2dx.lib.Cocos2dxGLSurfaceView$7.run(org.cocos2dx.lib.Cocos2dxGLSurfaceView$7@311719373)
I/org.umd.logging(12772): Method < 656 org.cocos2dx.lib.Cocos2dxGLSurfaceView$7.run()
W/ResourceType(12772): No known package when getting name for resource number 0xffffffff
I/org.umd.logging(12772): Method > 1 org.cocos2dx.lib.Cocos2dxGLSurfaceView.onTouchEvent(org.cocos2dx.lib.Cocos2dxGLSurfaceView@270122741<file=><x=0><y=0><width=768><height=1184><id=-1>, android.view.MotionEvent@1071661532)
I/org.umd.logging(12772): Method < 1 org.cocos2dx.lib.Cocos2dxGLSurfaceView.onTouchEvent(true)
I/org.umd.logging(12772): Method > 656 org.cocos2dx.lib.Cocos2dxGLSurfaceView$7.run(org.cocos2dx.lib.Cocos2dxGLSurfaceView$7@245943938)
I/org.umd.logging(12772): Method < 656 org.cocos2dx.lib.Cocos2dxGLSurfaceView$7.run()
W/ResourceType(12772): No known package when getting name for resource number 0xffffffff
I/org.umd.logging(12772): Method > 1 org.cocos2dx.lib.Cocos2dxGLSurfaceView.onTouchEvent(org.cocos2dx.lib.Cocos2dxGLSurfaceView@270122741<file=><x=0><y=0><width=768><height=1184><id=-1>, android.view.MotionEvent@1071661532)
I/org.umd.logging(12772): Method < 1 org.cocos2dx.lib.Cocos2dxGLSurfaceView.onTouchEvent(true)
I/org.umd.logging(12772): Method > 656 org.cocos2dx.lib.Cocos2dxGLSurfaceView$7.run(org.cocos2dx.lib.Cocos2dxGLSurfaceView$7@660060563)
I/org.umd.logging(12772): Method < 656 org.cocos2dx.lib.Cocos2dxGLSurfaceView$7.run()
W/ResourceType(12772): No known package when getting name for resource number 0xffffffff
I/org.umd.logging(12772): Method > 1 org.cocos2dx.lib.Cocos2dxGLSurfaceView.onTouchEvent(org.cocos2dx.lib.Cocos2dxGLSurfaceView@270122741<file=><x=0><y=0><width=768><height=1184><id=-1>, android.view.MotionEvent@1071661532)
I/org.umd.logging(12772): Method < 1 org.cocos2dx.lib.Cocos2dxGLSurfaceView.onTouchEvent(true)
I/org.umd.logging(12772): Method > 656 org.cocos2dx.lib.Cocos2dxGLSurfaceView$9.run(org.cocos2dx.lib.Cocos2dxGLSurfaceView$9@362216912)
I/org.umd.logging(12772): Method < 656 org.cocos2dx.lib.Cocos2dxGLSurfaceView$9.run()
D/audio_hw_primary(  190): out_set_parameters: enter: usecase(0: deep-buffer-playback) kvpairs: routing=2
I/org.umd.logging(12772): Api > 656 android.media.MediaPlayer.stop(android.media.MediaPlayer@725641566)
D/NuPlayerDriver(  190): stop(0xb80eefe8)
I/org.umd.logging(12772): Api < 656 android.media.MediaPlayer.stop()
D/NuPlayerDriver(  190): start(0xb8195cb8)
I/GenericSource(  190): start
D/NuPlayerDriver(  190): reset(0xb8195cb8)
D/NuPlayerDriver(  190): notifyResetComplete(0xb8195cb8)
W/AudioTrack(12772): AUDIO_OUTPUT_FLAG_FAST denied by client
I/DownloadManagerWrapper(  884): onReceive() : Charging = true
D/audio_hw_primary(  190): disable_audio_route: reset and update mixer path: deep-buffer-playback
W/ResourceType(12772): No known package when getting name for resource number 0xffffffff
I/org.umd.logging(12772): Method > 1 org.cocos2dx.lib.Cocos2dxGLSurfaceView.onTouchEvent(org.cocos2dx.lib.Cocos2dxGLSurfaceView@270122741<file=><x=0><y=0><width=768><height=1184><id=-1>, android.view.MotionEvent@1071661532)
I/org.umd.logging(12772): Method < 1 org.cocos2dx.lib.Cocos2dxGLSurfaceView.onTouchEvent(true)
I/org.umd.logging(12772): Method > 656 org.cocos2dx.lib.Cocos2dxGLSurfaceView$6.run(org.cocos2dx.lib.Cocos2dxGLSurfaceView$6@293577161)
W/ResourceType(12772): No known package when getting name for resource number 0xffffffff
I/org.umd.logging(12772): Method > 1 org.cocos2dx.lib.Cocos2dxGLSurfaceView.onTouchEvent(org.cocos2dx.lib.Cocos2dxGLSurfaceView@270122741<file=><x=0><y=0><width=768><height=1184><id=-1>, android.view.MotionEvent@1071661532)
I/art     (12772): Background sticky concurrent mark sweep GC freed 2541(129KB) AllocSpace objects, 2(6MB) LOS objects, 4% free, 46MB/48MB, paused 5.218ms total 21.089ms
I/org.umd.logging(12772): Method < 1 org.cocos2dx.lib.Cocos2dxGLSurfaceView.onTouchEvent(true)
W/ResourceType(12772): No known package when getting name for resource number 0xffffffff
I/org.umd.logging(12772): Method > 1 org.cocos2dx.lib.Cocos2dxGLSurfaceView.onTouchEvent(org.cocos2dx.lib.Cocos2dxGLSurfaceView@270122741<file=><x=0><y=0><width=768><height=1184><id=-1>, android.view.MotionEvent@1071661532)
I/org.umd.logging(12772): Method < 1 org.cocos2dx.lib.Cocos2dxGLSurfaceView.onTouchEvent(true)
D/NuPlayerDriver(  190): start(0xb8195cb8)
I/GenericSource(  190): start
D/NuPlayerDriver(  190): reset(0xb8195cb8)
D/NuPlayerDriver(  190): notifyResetComplete(0xb8195cb8)
W/AudioTrack(12772): AUDIO_OUTPUT_FLAG_FAST denied by client
I/org.umd.logging(12772): Method < 656 org.cocos2dx.lib.Cocos2dxGLSurfaceView$6.run()
I/org.umd.logging(12772): Method > 656 org.cocos2dx.lib.Cocos2dxGLSurfaceView$7.run(org.cocos2dx.lib.Cocos2dxGLSurfaceView$7@18436302)
I/org.umd.logging(12772): Method < 656 org.cocos2dx.lib.Cocos2dxGLSurfaceView$7.run()
I/org.umd.logging(12772): Method > 656 org.cocos2dx.lib.Cocos2dxGLSurfaceView$9.run(org.cocos2dx.lib.Cocos2dxGLSurfaceView$9@1002068975)
D/luajc   (12772): CCLuaJavaBridge::callJavaStaticMethod(lua_State *L)
W/art     (12772): Call to JNI FindClass with dots in name: "com.ninjajumprun.android.MainActivity"
D/luajc   (12772): CCLuaJavaBridge::callJavaStaticMethod("com.ninjajumprun.android.MainActivity", "showBannerAd", args, "(Z)V") SUCCESS
I/org.umd.logging(12772): Method < 656 org.cocos2dx.lib.Cocos2dxGLSurfaceView$9.run()
I/org.umd.logging(12772): Method > 1 com.ninjajumprun.android.MainActivity$2.run(com.ninjajumprun.android.MainActivity$2@3548924)
I/org.umd.logging(12772): Method < 1 com.ninjajumprun.android.MainActivity$2.run()
W/ResourceType(12772): No known package when getting name for resource number 0xffffffff
I/org.umd.logging(12772): Method > 1 org.cocos2dx.lib.Cocos2dxGLSurfaceView.onTouchEvent(org.cocos2dx.lib.Cocos2dxGLSurfaceView@270122741<file=><x=0><y=0><width=768><height=1184><id=-1>, android.view.MotionEvent@1071661532)
I/org.umd.logging(12772): Method < 1 org.cocos2dx.lib.Cocos2dxGLSurfaceView.onTouchEvent(true)
I/org.umd.logging(12772): Method > 656 org.cocos2dx.lib.Cocos2dxGLSurfaceView$6.run(org.cocos2dx.lib.Cocos2dxGLSurfaceView$6@970428805)
W/AudioTrack(12772): AUDIO_OUTPUT_FLAG_FAST denied by client
I/org.umd.logging(12772): Method < 656 org.cocos2dx.lib.Cocos2dxGLSurfaceView$6.run()
W/ResourceType(12772): No known package when getting name for resource number 0xffffffff
I/org.umd.logging(12772): Method > 1 org.cocos2dx.lib.Cocos2dxGLSurfaceView.onTouchEvent(org.cocos2dx.lib.Cocos2dxGLSurfaceView@270122741<file=><x=0><y=0><width=768><height=1184><id=-1>, android.view.MotionEvent@1071661532)
I/org.umd.logging(12772): Method < 1 org.cocos2dx.lib.Cocos2dxGLSurfaceView.onTouchEvent(true)
I/org.umd.logging(12772): Method > 656 org.cocos2dx.lib.Cocos2dxGLSurfaceView$9.run(org.cocos2dx.lib.Cocos2dxGLSurfaceView$9@553495514)
I/org.umd.logging(12772): Method < 656 org.cocos2dx.lib.Cocos2dxGLSurfaceView$9.run()
W/ResourceType(  742): No package identifier when getting value for resource number 0x00000000
W/PackageManager(  742): Failure retrieving resources for com.ninjajumprun.android: Resource ID #0x0
I/ActivityManager(  588): START u0 {act=com.android.systemui.recents.SHOW_RECENTS flg=0x10804000 cmp=com.android.systemui/.recents.RecentsActivity} from uid 10022 on display 0
I/org.umd.logging(12772): Method > 1 com.ninjajumprun.android.MainActivity.onPause(com.ninjajumprun.android.MainActivity@159715295<activity=true>)
I/org.umd.logging(12772): Method > 1 org.cocos2dx.lib.Cocos2dxActivity.onPause(com.ninjajumprun.android.MainActivity@159715295<activity=true>)
I/org.umd.logging(12772): Method > 1 org.cocos2dx.lib.Cocos2dxHelper.onPause()
I/org.umd.logging(12772): Method < 1 org.cocos2dx.lib.Cocos2dxHelper.onPause()
W/ResourceType(12772): No known package when getting name for resource number 0xffffffff
I/org.umd.logging(12772): Method > 1 org.cocos2dx.lib.Cocos2dxGLSurfaceView.onPause(org.cocos2dx.lib.Cocos2dxGLSurfaceView@270122741<file=><x=0><y=0><width=768><height=1184><id=-1>)
I/org.umd.logging(12772): Method < 1 org.cocos2dx.lib.Cocos2dxGLSurfaceView.onPause()
I/org.umd.logging(12772): Method < 1 org.cocos2dx.lib.Cocos2dxActivity.onPause()
I/org.umd.logging(12772): Method < 1 com.ninjajumprun.android.MainActivity.onPause()
I/org.umd.logging(12772): Method > 656 org.cocos2dx.lib.Cocos2dxGLSurfaceView$4.run(org.cocos2dx.lib.Cocos2dxGLSurfaceView$4@691844840)
I/org.umd.logging(12772): Method < 656 org.cocos2dx.lib.Cocos2dxGLSurfaceView$4.run()
W/InputMethodManagerService(  588): Starting input on non-focused client com.android.internal.view.IInputMethodClient$Stub$Proxy@170d931 (uid=10223 pid=12772)
I/ActivityManager(  588): Killing 6238:com.android.keychain/1000 (adj 15): empty #17
I/ActivityManager(  588): Killing 12772:com.ninjajumprun.android/u0a223 (adj 9): remove task
I/WindowState(  588): WIN DEATH: Window{37aed324 u0 com.ninjajumprun.android/com.ninjajumprun.android.MainActivity}
D/ConnectivityService(  588): ConnectivityService NetworkRequestInfo binderDied(NetworkRequest [ id=26, legacyType=-1, [ Capabilities: INTERNET&NOT_RESTRICTED&TRUSTED] ], android.os.BinderProxy@2c1f9816)
W/WindowManager(  588): Force-removing child win Window{26a762bc u0 SurfaceView} from container Window{37aed324 u0 com.ninjajumprun.android/com.ninjajumprun.android.MainActivity}
D/ConnectivityService(  588): releasing NetworkRequest NetworkRequest [ id=26, legacyType=-1, [ Capabilities: INTERNET&NOT_RESTRICTED&TRUSTED] ]
E/ConnectivityService(  588): RemoteException caught trying to send a callback msg for NetworkRequest [ id=26, legacyType=-1, [ Capabilities: INTERNET&NOT_RESTRICTED&TRUSTED] ]
D/NuPlayerDriver(  190): reset(0xb80eefe8)
D/NuPlayerDriver(  190): notifyResetComplete(0xb80eefe8)
W/AudioFlinger(  190): session id 59 not found for pid 12772
W/WindowManager(  588): Failed looking up window
W/WindowManager(  588): java.lang.IllegalArgumentException: Requested window android.os.BinderProxy@6002eaf does not exist
W/WindowManager(  588): 	at com.android.server.wm.WindowManagerService.windowForClientLocked(WindowManagerService.java:8539)
W/WindowManager(  588): 	at com.android.server.wm.WindowManagerService.windowForClientLocked(WindowManagerService.java:8530)
W/WindowManager(  588): 	at com.android.server.wm.WindowState$DeathRecipient.binderDied(WindowState.java:1142)
W/WindowManager(  588): 	at android.os.BinderProxy.sendDeathNotice(Binder.java:551)
I/WindowState(  588): WIN DEATH: null
E/WifiStateMachine(  588): WifiStateMachine CMD_START_SCAN source -2 txSuccessRate=0.02 rxSuccessRate=0.02 targetRoamBSSID=any RSSI=-57
I/ActivityManager(  588): START u0 {act=android.intent.action.MAIN cat=[android.intent.category.HOME] flg=0x10200000 cmp=com.android.launcher/com.android.launcher2.Launcher} from uid 10022 on display 0
D/TaskPersister(  588): removeObsoleteFile: deleting file=51_task.xml
D/TaskPersister(  588): removeObsoleteFile: deleting file=51_task_thumbnail.png
W/OpenGLRenderer(  980): Incorrectly called buildLayer on View: ShortcutAndWidgetContainer, destroying layer...
W/OpenGLRenderer(  980): Incorrectly called buildLayer on View: ShortcutAndWidgetContainer, destroying layer...
D/audio_hw_primary(  190): disable_audio_route: reset and update mixer path: low-latency-playback
D/audio_hw_primary(  190): disable_snd_device: snd_device(2: speaker)
I/DownloadManagerWrapper(  884): onReceive() : Charging = true
E/MtpServerJNI(  766): server is null in send_object_removed
I/DownloadManagerWrapper(  884): onReceive() : Charging = true
W/Settings( 5532): Setting stay_on_while_plugged_in has moved from android.provider.Settings.System to android.provider.Settings.Global, returning read-only value.
