I/org.umd.logging( 8573): Method > 1 com.ninjajumprun.android.MainActivity.onResume(com.ninjajumprun.android.MainActivity@854450322<activity=true>)
I/org.umd.logging( 8573): Method > 1 org.cocos2dx.lib.Cocos2dxActivity.onResume(com.ninjajumprun.android.MainActivity@854450322<activity=true>)
I/org.umd.logging( 8573): Method > 1 org.cocos2dx.lib.Cocos2dxHelper.onResume()
I/org.umd.logging( 8573): Method < 1 org.cocos2dx.lib.Cocos2dxHelper.onResume()
W/ResourceType( 8573): No known package when getting name for resource number 0xffffffff
I/org.umd.logging( 8573): Method > 1 org.cocos2dx.lib.Cocos2dxGLSurfaceView.onResume(org.cocos2dx.lib.Cocos2dxGLSurfaceView@283706976<file=><x=0><y=0><width=0><height=0><id=-1>)
I/org.umd.logging( 8573): Method < 1 org.cocos2dx.lib.Cocos2dxGLSurfaceView.onResume()
I/org.umd.logging( 8573): Method > 546 org.cocos2dx.lib.Cocos2dxGLSurfaceView$3.run(org.cocos2dx.lib.Cocos2dxGLSurfaceView$3@470735832)
I/org.umd.logging( 8573): Method < 1 org.cocos2dx.lib.Cocos2dxActivity.onResume()
I/org.umd.logging( 8573): Method < 546 org.cocos2dx.lib.Cocos2dxGLSurfaceView$3.run()
I/org.umd.logging( 8573): Method < 1 com.ninjajumprun.android.MainActivity.onResume()
D/OpenGLRenderer( 8573): Use EGL_SWAP_BEHAVIOR_PRESERVED: true
D/Atlas   ( 8573): Validating map...
V/WindowManager(  610): Adding window Window{22094fe1 u0 com.ninjajumprun.android/com.ninjajumprun.android.MainActivity} at 3 of 9 (before Window{31d6c983 u0 Starting com.ninjajumprun.android})
D/ConnectivityService(  610): listenForNetwork for NetworkRequest [ id=16, legacyType=-1, [ Capabilities: INTERNET&NOT_RESTRICTED&TRUSTED] ]
D/ConnectivityService(  610): handleRegisterNetworkRequest checking NetworkAgentInfo [WIFI () - 100]
D/ConnectivityService(  610): apparently satisfied.  currentScore=60
D/ConnectivityManager.CallbackHandler( 8573): CM callback handler got msg 524290
I/OpenGLRenderer( 8573): Initialized EGL, version 1.4
D/OpenGLRenderer( 8573): Enabling debug mode 0
V/WindowManager(  610): Adding window Window{fdae792 u0 SurfaceView} at 3 of 10 (before Window{22094fe1 u0 com.ninjajumprun.android/com.ninjajumprun.android.MainActivity})
I/ActivityManager(  610): Displayed com.ninjajumprun.android/.MainActivity: +2s639ms
I/cr_Ime  ( 8573): ImeThread is enabled.
W/cr_media( 8573): Requires BLUETOOTH permission
I/cr_Ime  ( 8573): ImeThread is enabled.
E/libEGL  ( 8573): validate_display:255 error 3008 (EGL_BAD_DISPLAY)
D/audio_hw_primary(  197): disable_audio_route: reset and update mixer path: low-latency-playback
D/audio_hw_primary(  197): disable_snd_device: snd_device(2: speaker)
W/Adreno-ES20( 8573): <core_glHint:84>: GL_INVALID_ENUM
I/VideoCapabilities( 8573): Unsupported profile 4 for video/mp4v-es
I/art     (  610): Explicit concurrent mark sweep GC freed 57669(2MB) AllocSpace objects, 5(80KB) LOS objects, 33% free, 27MB/41MB, paused 1.739ms total 218.678ms
W/cr_BindingManager( 8573): Cannot call determinedVisibility() - never saw a connection for the pid: 8573
W/cr_BindingManager( 8573): Cannot call determinedVisibility() - never saw a connection for the pid: 8573
W/Ads     ( 8573): JS: Use of the Application Cache is deprecated on insecure origins. Support will be removed in the future. You should consider switching your application to a secure origin, such as HTTPS. See https://goo.gl/rStTGz for more details. (:0)
I/chromium( 8573): [INFO:CONSOLE(0)] "Use of the Application Cache is deprecated on insecure origins. Support will be removed in the future. You should consider switching your application to a secure origin, such as HTTPS. See https://goo.gl/rStTGz for more details.", source:  (0)
I/Ads     ( 8573): JS: Document was loaded from Application Cache with manifest http://googleads.g.doubleclick.net/mads/static/mad/sdk/native/sdk-core-v40.appcache (http://googleads.g.doubleclick.net/mads/static/mad/sdk/native/sdk-core-v40.html:0)
I/chromium( 8573): [INFO:CONSOLE(0)] "Document was loaded from Application Cache with manifest http://googleads.g.doubleclick.net/mads/static/mad/sdk/native/sdk-core-v40.appcache", source: http://googleads.g.doubleclick.net/mads/static/mad/sdk/native/sdk-core-v40.html (0)
I/Ads     ( 8573): JS: Application Cache Checking event (http://googleads.g.doubleclick.net/mads/static/mad/sdk/native/sdk-core-v40.html:0)
I/chromium( 8573): [INFO:CONSOLE(0)] "Application Cache Checking event", source: http://googleads.g.doubleclick.net/mads/static/mad/sdk/native/sdk-core-v40.html (0)
E/chromium( 8573): [ERROR:interface_registry.cc(99)] Failed to locate a binder for interface: autofill::mojom::AutofillDriver
W/Ads     ( 8573): JS: Use of the Application Cache is deprecated on insecure origins. Support will be removed in the future. You should consider switching your application to a secure origin, such as HTTPS. See https://goo.gl/rStTGz for more details. (:0)
I/chromium( 8573): [INFO:CONSOLE(0)] "Use of the Application Cache is deprecated on insecure origins. Support will be removed in the future. You should consider switching your application to a secure origin, such as HTTPS. See https://goo.gl/rStTGz for more details.", source:  (0)
E/chromium( 8573): [ERROR:interface_registry.cc(99)] Failed to locate a binder for interface: autofill::mojom::AutofillDriver
I/Ads     ( 8573): JS: Document was loaded from Application Cache with manifest http://googleads.g.doubleclick.net/mads/static/mad/sdk/native/sdk-core-v40.appcache (http://googleads.g.doubleclick.net/mads/static/mad/sdk/native/sdk-core-v40.html:0)
I/chromium( 8573): [INFO:CONSOLE(0)] "Document was loaded from Application Cache with manifest http://googleads.g.doubleclick.net/mads/static/mad/sdk/native/sdk-core-v40.appcache", source: http://googleads.g.doubleclick.net/mads/static/mad/sdk/native/sdk-core-v40.html (0)
I/Ads     ( 8573): JS: Application Cache Checking event (http://googleads.g.doubleclick.net/mads/static/mad/sdk/native/sdk-core-v40.html:0)
I/chromium( 8573): [INFO:CONSOLE(0)] "Application Cache Checking event", source: http://googleads.g.doubleclick.net/mads/static/mad/sdk/native/sdk-core-v40.html (0)
I/Ads     ( 8573): JS: Application Cache NoUpdate event (http://googleads.g.doubleclick.net/mads/static/mad/sdk/native/sdk-core-v40.html:0)
I/chromium( 8573): [INFO:CONSOLE(0)] "Application Cache NoUpdate event", source: http://googleads.g.doubleclick.net/mads/static/mad/sdk/native/sdk-core-v40.html (0)
I/Ads     ( 8573): JS: Application Cache NoUpdate event (http://googleads.g.doubleclick.net/mads/static/mad/sdk/native/sdk-core-v40.html:0)
I/chromium( 8573): [INFO:CONSOLE(0)] "Application Cache NoUpdate event", source: http://googleads.g.doubleclick.net/mads/static/mad/sdk/native/sdk-core-v40.html (0)
W/Ads     ( 8573): JS: Use of the Application Cache is deprecated on insecure origins. Support will be removed in the future. You should consider switching your application to a secure origin, such as HTTPS. See https://goo.gl/rStTGz for more details. (https://googleads.g.doubleclick.net/mads/static/mad/sdk/native/production/sdk-core-v40-impl.js:361)
I/chromium( 8573): [INFO:CONSOLE(361)] "Use of the Application Cache is deprecated on insecure origins. Support will be removed in the future. You should consider switching your application to a secure origin, such as HTTPS. See https://goo.gl/rStTGz for more details.", source: https://googleads.g.doubleclick.net/mads/static/mad/sdk/native/production/sdk-core-v40-impl.js (361)
W/Ads     ( 8573): JS: Use of the Application Cache is deprecated on insecure origins. Support will be removed in the future. You should consider switching your application to a secure origin, such as HTTPS. See https://goo.gl/rStTGz for more details. (https://googleads.g.doubleclick.net/mads/static/mad/sdk/native/production/sdk-core-v40-impl.js:361)
I/chromium( 8573): [INFO:CONSOLE(361)] "Use of the Application Cache is deprecated on insecure origins. Support will be removed in the future. You should consider switching your application to a secure origin, such as HTTPS. See https://goo.gl/rStTGz for more details.", source: https://googleads.g.doubleclick.net/mads/static/mad/sdk/native/production/sdk-core-v40-impl.js (361)
I/Ads     ( 8573): Received log message: <Google:HTML> You are using version 4.5 of the Google Play services Ads SDK. Please consider updating your SDK to the most recent SDK version to get the latest features and bug fixes. See http://goo.gl/r2TRzC for instructions on how to get the latest version of Google Play services.
W/Ads     ( 8573): Received error HTTP response code: 403
W/Ads     ( 8573): There was a problem getting an ad response. ErrorCode: 0
W/Ads     ( 8573): Failed to load ad: 0
W/Ads     ( 8573): Received error HTTP response code: 403
W/Ads     ( 8573): There was a problem getting an ad response. ErrorCode: 0
W/Ads     ( 8573): Failed to load ad: 0
I/DownloadManagerWrapper( 1360): onReceive() : Charging = true
I/DownloadManagerWrapper( 1360): onReceive() : Charging = true
I/DownloadManagerWrapper( 1360): onReceive() : Charging = true
W/ProcessCpuTracker(  610): Skipping unknown process pid 8613
W/ProcessCpuTracker(  610): Skipping unknown process pid 8617
W/ProcessCpuTracker(  610): Skipping unknown process pid 8652
W/ProcessCpuTracker(  610): Skipping unknown process pid 8665
I/DownloadManagerWrapper( 1360): onReceive() : Charging = true
E/WifiStateMachine(  610): WifiStateMachine CMD_START_SCAN source -2 txSuccessRate=0.69 rxSuccessRate=0.57 targetRoamBSSID=b4:e9:b0:e5:06:d0 RSSI=-54
I/DownloadManagerWrapper( 1360): onReceive() : Charging = true
I/DownloadManagerWrapper( 1360): onReceive() : Charging = true
I/DeviceStorageMonitorService(  610): No boot image on disk due to lack of space. Sending notification
I/ValidateNoPeople(  610): skipping global notification
D/MusicLifecycle( 4842): com.google.android.music.download.cache.StorageLowBroadcastReceiver generated event: Broadcast received with context android.app.ReceiverRestrictedContext@22251b2d and intent Intent { act=android.intent.action.DEVICE_STORAGE_LOW flg=0x4000010 cmp=com.google.android.music/.download.cache.StorageLowBroadcastReceiver }
D/ConnectivityService(  610): reportBadNetwork(NetworkAgentInfo [WIFI () - 100]) by 10008
D/NetworkMonitor/NetworkAgentInfo [WIFI () - 100](  610): ValidatedState{ when=0 what=532488 arg1=10008 target=com.android.internal.util.StateMachine$SmHandler }
D/NetworkMonitor/NetworkAgentInfo [WIFI () - 100](  610): DefaultState{ when=0 what=532488 arg1=10008 target=com.android.internal.util.StateMachine$SmHandler }
D/NetworkMonitor/NetworkAgentInfo [WIFI () - 100](  610): Forcing reevaluation
D/NetworkMonitor/NetworkAgentInfo [WIFI () - 100](  610): EvaluatingState{ when=0 what=532486 arg1=22 target=com.android.internal.util.StateMachine$SmHandler }
D/NetworkMonitor/NetworkAgentInfo [WIFI () - 100](  610): Checking http://connectivitycheck.android.com/generate_204 on "BU (802.1x)"
D/NetworkMonitor/NetworkAgentInfo [WIFI () - 100](  610): isCaptivePortal: ret=204 headers={null=[HTTP/1.1 204 No Content], Content-Length=[0], Date=[Wed, 30 Nov 2016 14:30:33 GMT], X-Android-Received-Millis=[1480516233207], X-Android-Response-Source=[NETWORK 204], X-Android-Sent-Millis=[1480516233196]}
D/NetworkMonitor/NetworkAgentInfo [WIFI () - 100](  610): Don't send network conditions - lacking user consent.
D/ConnectivityService(  610): setProvNotificationVisibleIntent: E visible=false networkType=0 extraInfo=null
D/NetworkMonitor/NetworkAgentInfo [WIFI () - 100](  610): Validated
D/ConnectivityService(  610): Validated NetworkAgentInfo [WIFI () - 100]
W/ActivityManager(  610): getRunningAppProcesses: caller 10072 does not hold REAL_GET_TASKS; limiting output
E/Icing   ( 8225): dlopen failed: library "/data/data/com.google.android.gms/files/libAppDataSearchExt_armeabi_v7a.so" not found
E/Icing   ( 8225): Loading extension /data/data/com.google.android.gms/files/libAppDataSearchExt_armeabi_v7a.so failed
W/WakefulBroadcastReceiver( 2904): No active wake lock id #25
W/Icing   ( 8225): Registering libAppDataSearchExt_armeabi_v7a.so failed: There is not enough space to perform the download.
I/Icing   ( 8225): MaintenanceDriver: Registering all GCM Tasks.
W/ContentTaskController( 1620): Invalid newTask was provided to startTracking.
E/WifiStateMachine(  610): WifiStateMachine CMD_START_SCAN source -2 txSuccessRate=1.32 rxSuccessRate=0.57 targetRoamBSSID=b4:e9:b0:e5:06:d0 RSSI=-53
I/GCM     ( 1620): Ack for not saved message 35
I/DownloadManagerWrapper( 1360): onReceive() : Charging = true
I/DownloadManagerWrapper( 1360): onReceive() : Charging = true
E/WifiStateMachine(  610): WifiStateMachine CMD_START_SCAN source -2 txSuccessRate=0.28 rxSuccessRate=0.17 targetRoamBSSID=b4:e9:b0:e5:06:d0 RSSI=-52
I/DownloadManagerWrapper( 1360): onReceive() : Charging = true
I/DownloadManagerWrapper( 1360): onReceive() : Charging = true
I/DownloadManagerWrapper( 1360): onReceive() : Charging = true
E/WifiStateMachine(  610): WifiStateMachine CMD_START_SCAN source -2 txSuccessRate=0.00 rxSuccessRate=0.00 targetRoamBSSID=b4:e9:b0:e5:06:d0 RSSI=-53
I/PlayCommon( 4842): [410] PlayEventLogger.uploadEventsImpl: Preparing logs for uploading
I/PlayCommon( 4842): [410] PlayEventLogger.uploadEventsImpl: No file ready to send
I/DownloadManagerWrapper( 1360): onReceive() : Charging = true
I/DownloadManagerWrapper( 1360): onReceive() : Charging = true
I/DeviceStorageMonitorService(  610): No boot image on disk due to lack of space. Sending notification
I/ValidateNoPeople(  610): skipping global notification
D/MusicLifecycle( 4842): com.google.android.music.download.cache.StorageLowBroadcastReceiver generated event: Broadcast received with context android.app.ReceiverRestrictedContext@22251b2d and intent Intent { act=android.intent.action.DEVICE_STORAGE_LOW flg=0x4000010 cmp=com.google.android.music/.download.cache.StorageLowBroadcastReceiver }
D/ConnectivityService(  610): reportBadNetwork(NetworkAgentInfo [WIFI () - 100]) by 10008
D/NetworkMonitor/NetworkAgentInfo [WIFI () - 100](  610): ValidatedState{ when=0 what=532488 arg1=10008 target=com.android.internal.util.StateMachine$SmHandler }
D/NetworkMonitor/NetworkAgentInfo [WIFI () - 100](  610): DefaultState{ when=-1ms what=532488 arg1=10008 target=com.android.internal.util.StateMachine$SmHandler }
D/NetworkMonitor/NetworkAgentInfo [WIFI () - 100](  610): Forcing reevaluation
D/NetworkMonitor/NetworkAgentInfo [WIFI () - 100](  610): EvaluatingState{ when=0 what=532486 arg1=23 target=com.android.internal.util.StateMachine$SmHandler }
D/NetworkMonitor/NetworkAgentInfo [WIFI () - 100](  610): Checking http://connectivitycheck.android.com/generate_204 on "BU (802.1x)"
D/NetworkMonitor/NetworkAgentInfo [WIFI () - 100](  610): isCaptivePortal: ret=204 headers={null=[HTTP/1.1 204 No Content], Content-Length=[0], Date=[Wed, 30 Nov 2016 14:31:33 GMT], X-Android-Received-Millis=[1480516293317], X-Android-Response-Source=[NETWORK 204], X-Android-Sent-Millis=[1480516293306]}
D/NetworkMonitor/NetworkAgentInfo [WIFI () - 100](  610): Don't send network conditions - lacking user consent.
D/NetworkMonitor/NetworkAgentInfo [WIFI () - 100](  610): Validated
D/ConnectivityService(  610): setProvNotificationVisibleIntent: E visible=false networkType=0 extraInfo=null
D/ConnectivityService(  610): Validated NetworkAgentInfo [WIFI () - 100]
W/ActivityManager(  610): getRunningAppProcesses: caller 10072 does not hold REAL_GET_TASKS; limiting output
E/Icing   ( 8225): dlopen failed: library "/data/data/com.google.android.gms/files/libAppDataSearchExt_armeabi_v7a.so" not found
E/Icing   ( 8225): Loading extension /data/data/com.google.android.gms/files/libAppDataSearchExt_armeabi_v7a.so failed
W/WakefulBroadcastReceiver( 2904): No active wake lock id #26
W/Icing   ( 8225): Registering libAppDataSearchExt_armeabi_v7a.so failed: There is not enough space to perform the download.
I/Icing   ( 8225): MaintenanceDriver: Registering all GCM Tasks.
W/ContentTaskController( 1620): Invalid newTask was provided to startTracking.
E/WifiStateMachine(  610): WifiStateMachine CMD_START_SCAN source -2 txSuccessRate=2.00 rxSuccessRate=1.00 targetRoamBSSID=b4:e9:b0:e5:06:d0 RSSI=-52
I/DownloadManagerWrapper( 1360): onReceive() : Charging = true
I/GCM     ( 1620): Ack for not saved message 35
I/DownloadManagerWrapper( 1360): onReceive() : Charging = true
E/WifiStateMachine(  610): WifiStateMachine CMD_START_SCAN source -2 txSuccessRate=0.28 rxSuccessRate=0.26 targetRoamBSSID=b4:e9:b0:e5:06:d0 RSSI=-54
I/DownloadManagerWrapper( 1360): onReceive() : Charging = true
I/DownloadManagerWrapper( 1360): onReceive() : Charging = true
I/DownloadManagerWrapper( 1360): onReceive() : Charging = true
E/WifiStateMachine(  610): WifiStateMachine CMD_START_SCAN source -2 txSuccessRate=0.25 rxSuccessRate=0.25 targetRoamBSSID=b4:e9:b0:e5:06:d0 RSSI=-53
I/DownloadManagerWrapper( 1360): onReceive() : Charging = true
I/DownloadManagerWrapper( 1360): onReceive() : Charging = true
I/DeviceStorageMonitorService(  610): No boot image on disk due to lack of space. Sending notification
I/ValidateNoPeople(  610): skipping global notification
D/MusicLifecycle( 4842): com.google.android.music.download.cache.StorageLowBroadcastReceiver generated event: Broadcast received with context android.app.ReceiverRestrictedContext@22251b2d and intent Intent { act=android.intent.action.DEVICE_STORAGE_LOW flg=0x4000010 cmp=com.google.android.music/.download.cache.StorageLowBroadcastReceiver }
D/ConnectivityService(  610): reportBadNetwork(NetworkAgentInfo [WIFI () - 100]) by 10008
D/NetworkMonitor/NetworkAgentInfo [WIFI () - 100](  610): ValidatedState{ when=0 what=532488 arg1=10008 target=com.android.internal.util.StateMachine$SmHandler }
D/NetworkMonitor/NetworkAgentInfo [WIFI () - 100](  610): DefaultState{ when=-1ms what=532488 arg1=10008 target=com.android.internal.util.StateMachine$SmHandler }
D/NetworkMonitor/NetworkAgentInfo [WIFI () - 100](  610): Forcing reevaluation
D/NetworkMonitor/NetworkAgentInfo [WIFI () - 100](  610): EvaluatingState{ when=0 what=532486 arg1=24 target=com.android.internal.util.StateMachine$SmHandler }
D/NetworkMonitor/NetworkAgentInfo [WIFI () - 100](  610): Checking http://connectivitycheck.android.com/generate_204 on "BU (802.1x)"
D/NetworkMonitor/NetworkAgentInfo [WIFI () - 100](  610): isCaptivePortal: ret=204 headers={null=[HTTP/1.1 204 No Content], Content-Length=[0], Date=[Wed, 30 Nov 2016 14:32:33 GMT], X-Android-Received-Millis=[1480516353358], X-Android-Response-Source=[NETWORK 204], X-Android-Sent-Millis=[1480516353348]}
D/NetworkMonitor/NetworkAgentInfo [WIFI () - 100](  610): Don't send network conditions - lacking user consent.
D/ConnectivityService(  610): setProvNotificationVisibleIntent: E visible=false networkType=0 extraInfo=null
D/NetworkMonitor/NetworkAgentInfo [WIFI () - 100](  610): Validated
D/ConnectivityService(  610): Validated NetworkAgentInfo [WIFI () - 100]
W/ActivityManager(  610): getRunningAppProcesses: caller 10072 does not hold REAL_GET_TASKS; limiting output
E/Icing   ( 8225): dlopen failed: library "/data/data/com.google.android.gms/files/libAppDataSearchExt_armeabi_v7a.so" not found
E/Icing   ( 8225): Loading extension /data/data/com.google.android.gms/files/libAppDataSearchExt_armeabi_v7a.so failed
W/WakefulBroadcastReceiver( 2904): No active wake lock id #27
W/Icing   ( 8225): Registering libAppDataSearchExt_armeabi_v7a.so failed: There is not enough space to perform the download.
I/Icing   ( 8225): MaintenanceDriver: Registering all GCM Tasks.
W/ContentTaskController( 1620): Invalid newTask was provided to startTracking.
E/WifiStateMachine(  610): WifiStateMachine CMD_START_SCAN source -2 txSuccessRate=2.28 rxSuccessRate=1.03 targetRoamBSSID=b4:e9:b0:e5:06:d0 RSSI=-53
W/ContentTaskController( 1620): Invalid task was provided to stopTracking.
I/GCM     ( 1620): Ack for not saved message 35
I/Zygote  (  206): Process 8225 exited due to signal (11)
I/ActivityManager(  610): Process com.google.android.gms (pid 8225) has died
W/ActivityManager(  610): Scheduling restart of crashed service com.google.android.gms/.chimera.GmsIntentOperationService in 1000ms
W/ActivityManager(  610): Scheduling restart of crashed service com.google.android.gms/.ads.jams.NegotiationService in 1000ms
I/DownloadManagerWrapper( 1360): onReceive() : Charging = true
W/ProcessCpuTracker(  610): Skipping unknown process pid 9053
W/ProcessCpuTracker(  610): Skipping unknown process pid 9055
W/ProcessCpuTracker(  610): Skipping unknown process pid 9084
W/ProcessCpuTracker(  610): Skipping unknown process pid 9085
I/DownloadManagerWrapper( 1360): onReceive() : Charging = true
I/DeviceStateChecker( 1496): screenOn: true, isCharging: true
E/WifiStateMachine(  610): WifiStateMachine CMD_START_SCAN source -2 txSuccessRate=0.30 rxSuccessRate=0.16 targetRoamBSSID=b4:e9:b0:e5:06:d0 RSSI=-53
I/DownloadManagerWrapper( 1360): onReceive() : Charging = true
I/DownloadManagerWrapper( 1360): onReceive() : Charging = true
I/DownloadManagerWrapper( 1360): onReceive() : Charging = true
E/WifiStateMachine(  610): WifiStateMachine CMD_START_SCAN source -2 txSuccessRate=0.00 rxSuccessRate=0.00 targetRoamBSSID=b4:e9:b0:e5:06:d0 RSSI=-54
I/DownloadManagerWrapper( 1360): onReceive() : Charging = true
D/audio_hw_primary(  197): select_devices: out_snd_device(2: speaker) in_snd_device(0: none)
D/ACDB-LOADER(  197): ACDB -> send_afe_cal
D/audio_hw_primary(  197): enable_snd_device: snd_device(2: speaker)
D/audio_hw_primary(  197): enable_audio_route: apply and update mixer path: low-latency-playback
W/ResourceType( 1097): No package identifier when getting value for resource number 0x00000000
W/PackageManager( 1097): Failure retrieving resources for com.ninjajumprun.android: Resource ID #0x0
I/ActivityManager(  610): START u0 {act=com.android.systemui.recents.SHOW_RECENTS flg=0x10804000 cmp=com.android.systemui/.recents.RecentsActivity} from uid 10022 on display 0
I/org.umd.logging( 8573): Method > 1 com.ninjajumprun.android.MainActivity.onPause(com.ninjajumprun.android.MainActivity@854450322<activity=true>)
I/org.umd.logging( 8573): Method > 1 org.cocos2dx.lib.Cocos2dxActivity.onPause(com.ninjajumprun.android.MainActivity@854450322<activity=true>)
I/org.umd.logging( 8573): Method > 1 org.cocos2dx.lib.Cocos2dxHelper.onPause()
I/org.umd.logging( 8573): Method < 1 org.cocos2dx.lib.Cocos2dxHelper.onPause()
W/ResourceType( 8573): No known package when getting name for resource number 0xffffffff
I/org.umd.logging( 8573): Method > 1 org.cocos2dx.lib.Cocos2dxGLSurfaceView.onPause(org.cocos2dx.lib.Cocos2dxGLSurfaceView@283706976<file=><x=0><y=0><width=768><height=1184><id=-1>)
I/org.umd.logging( 8573): Method < 1 org.cocos2dx.lib.Cocos2dxGLSurfaceView.onPause()
I/org.umd.logging( 8573): Method > 546 org.cocos2dx.lib.Cocos2dxGLSurfaceView$4.run(org.cocos2dx.lib.Cocos2dxGLSurfaceView$4@1035735840)
I/org.umd.logging( 8573): Method < 1 org.cocos2dx.lib.Cocos2dxActivity.onPause()
D/Device Model( 8573): Nexus 4
I/org.umd.logging( 8573): Method < 1 com.ninjajumprun.android.MainActivity.onPause()
I/org.umd.logging( 8573): Method < 546 org.cocos2dx.lib.Cocos2dxGLSurfaceView$4.run()
W/InputMethodManagerService(  610): Starting input on non-focused client com.android.internal.view.IInputMethodClient$Stub$Proxy@13028105 (uid=10223 pid=8573)
I/org.umd.logging( 8573): Method > 1 com.ninjajumprun.android.MainActivity.onStart(com.ninjajumprun.android.MainActivity@854450322<activity=true>)
I/org.umd.logging( 8573): Method > 1 org.cocos2dx.lib.Cocos2dxActivity.onStart(com.ninjajumprun.android.MainActivity@854450322<activity=true>)
I/org.umd.logging( 8573): Method < 1 org.cocos2dx.lib.Cocos2dxActivity.onStart()
I/org.umd.logging( 8573): Method < 1 com.ninjajumprun.android.MainActivity.onStart()
I/org.umd.logging( 8573): Method > 1 com.ninjajumprun.android.MainActivity.onResume(com.ninjajumprun.android.MainActivity@854450322<activity=true>)
I/org.umd.logging( 8573): Method > 1 org.cocos2dx.lib.Cocos2dxActivity.onResume(com.ninjajumprun.android.MainActivity@854450322<activity=true>)
I/org.umd.logging( 8573): Method > 1 org.cocos2dx.lib.Cocos2dxHelper.onResume()
I/org.umd.logging( 8573): Method < 1 org.cocos2dx.lib.Cocos2dxHelper.onResume()
W/ResourceType( 8573): No known package when getting name for resource number 0xffffffff
I/org.umd.logging( 8573): Method > 1 org.cocos2dx.lib.Cocos2dxGLSurfaceView.onResume(org.cocos2dx.lib.Cocos2dxGLSurfaceView@283706976<file=><x=0><y=0><width=768><height=1184><id=-1>)
I/org.umd.logging( 8573): Method > 546 org.cocos2dx.lib.Cocos2dxGLSurfaceView$3.run(org.cocos2dx.lib.Cocos2dxGLSurfaceView$3@27792601)
I/org.umd.logging( 8573): Method < 546 org.cocos2dx.lib.Cocos2dxGLSurfaceView$3.run()
I/org.umd.logging( 8573): Method < 1 org.cocos2dx.lib.Cocos2dxGLSurfaceView.onResume()
I/org.umd.logging( 8573): Method < 1 org.cocos2dx.lib.Cocos2dxActivity.onResume()
I/org.umd.logging( 8573): Method < 1 com.ninjajumprun.android.MainActivity.onResume()
W/ResourceType( 8573): No known package when getting name for resource number 0xffffffff
I/org.umd.logging( 8573): Method > 1 org.cocos2dx.lib.Cocos2dxGLSurfaceView.onTouchEvent(org.cocos2dx.lib.Cocos2dxGLSurfaceView@283706976<file=><x=0><y=0><width=768><height=1184><id=-1>, android.view.MotionEvent@807354700)
I/org.umd.logging( 8573): Method < 1 org.cocos2dx.lib.Cocos2dxGLSurfaceView.onTouchEvent(true)
I/org.umd.logging( 8573): Method > 546 org.cocos2dx.lib.Cocos2dxGLSurfaceView$6.run(org.cocos2dx.lib.Cocos2dxGLSurfaceView$6@135108266)
I/org.umd.logging( 8573): Method < 546 org.cocos2dx.lib.Cocos2dxGLSurfaceView$6.run()
W/ResourceType( 8573): No known package when getting name for resource number 0xffffffff
I/org.umd.logging( 8573): Method > 1 org.cocos2dx.lib.Cocos2dxGLSurfaceView.onTouchEvent(org.cocos2dx.lib.Cocos2dxGLSurfaceView@283706976<file=><x=0><y=0><width=768><height=1184><id=-1>, android.view.MotionEvent@807354700)
I/org.umd.logging( 8573): Method < 1 org.cocos2dx.lib.Cocos2dxGLSurfaceView.onTouchEvent(true)
I/org.umd.logging( 8573): Method > 546 org.cocos2dx.lib.Cocos2dxGLSurfaceView$7.run(org.cocos2dx.lib.Cocos2dxGLSurfaceView$7@967124536)
I/org.umd.logging( 8573): Method < 546 org.cocos2dx.lib.Cocos2dxGLSurfaceView$7.run()
W/ResourceType( 8573): No known package when getting name for resource number 0xffffffff
I/org.umd.logging( 8573): Method > 1 org.cocos2dx.lib.Cocos2dxGLSurfaceView.onTouchEvent(org.cocos2dx.lib.Cocos2dxGLSurfaceView@283706976<file=><x=0><y=0><width=768><height=1184><id=-1>, android.view.MotionEvent@807354700)
I/org.umd.logging( 8573): Method < 1 org.cocos2dx.lib.Cocos2dxGLSurfaceView.onTouchEvent(true)
I/org.umd.logging( 8573): Method > 546 org.cocos2dx.lib.Cocos2dxGLSurfaceView$9.run(org.cocos2dx.lib.Cocos2dxGLSurfaceView$9@822506358)
I/org.umd.logging( 8573): Method < 546 org.cocos2dx.lib.Cocos2dxGLSurfaceView$9.run()
W/ResourceType( 1097): No package identifier when getting value for resource number 0x00000000
W/PackageManager( 1097): Failure retrieving resources for com.ninjajumprun.android: Resource ID #0x0
I/ActivityManager(  610): START u0 {act=com.android.systemui.recents.SHOW_RECENTS flg=0x10804000 cmp=com.android.systemui/.recents.RecentsActivity} from uid 10022 on display 0
I/org.umd.logging( 8573): Method > 1 com.ninjajumprun.android.MainActivity.onPause(com.ninjajumprun.android.MainActivity@854450322<activity=true>)
I/org.umd.logging( 8573): Method > 1 org.cocos2dx.lib.Cocos2dxActivity.onPause(com.ninjajumprun.android.MainActivity@854450322<activity=true>)
I/org.umd.logging( 8573): Method > 1 org.cocos2dx.lib.Cocos2dxHelper.onPause()
I/org.umd.logging( 8573): Method < 1 org.cocos2dx.lib.Cocos2dxHelper.onPause()
W/ResourceType( 8573): No known package when getting name for resource number 0xffffffff
I/org.umd.logging( 8573): Method > 1 org.cocos2dx.lib.Cocos2dxGLSurfaceView.onPause(org.cocos2dx.lib.Cocos2dxGLSurfaceView@283706976<file=><x=0><y=0><width=768><height=1184><id=-1>)
I/org.umd.logging( 8573): Method < 1 org.cocos2dx.lib.Cocos2dxGLSurfaceView.onPause()
I/org.umd.logging( 8573): Method < 1 org.cocos2dx.lib.Cocos2dxActivity.onPause()
I/org.umd.logging( 8573): Method < 1 com.ninjajumprun.android.MainActivity.onPause()
I/org.umd.logging( 8573): Method > 546 org.cocos2dx.lib.Cocos2dxGLSurfaceView$4.run(org.cocos2dx.lib.Cocos2dxGLSurfaceView$4@439438711)
I/org.umd.logging( 8573): Method < 546 org.cocos2dx.lib.Cocos2dxGLSurfaceView$4.run()
I/org.umd.logging( 8573): Method > 1 com.ninjajumprun.android.MainActivity.onDestroy(com.ninjajumprun.android.MainActivity@854450322<activity=true>)
I/ActivityManager(  610): Killing 8573:com.ninjajumprun.android/u0a223 (adj 9): remove task
D/ConnectivityService(  610): ConnectivityService NetworkRequestInfo binderDied(NetworkRequest [ id=15, legacyType=-1, [ Capabilities: INTERNET&NOT_RESTRICTED&TRUSTED] ], android.os.BinderProxy@792825f)
I/WindowState(  610): WIN DEATH: Window{22094fe1 u0 com.ninjajumprun.android/com.ninjajumprun.android.MainActivity}
W/WindowManager(  610): Force-removing child win Window{fdae792 u0 SurfaceView} from container Window{22094fe1 u0 com.ninjajumprun.android/com.ninjajumprun.android.MainActivity}
D/ConnectivityService(  610): ConnectivityService NetworkRequestInfo binderDied(NetworkRequest [ id=16, legacyType=-1, [ Capabilities: INTERNET&NOT_RESTRICTED&TRUSTED] ], android.os.BinderProxy@1194a4ac)
D/ConnectivityService(  610): releasing NetworkRequest NetworkRequest [ id=15, legacyType=-1, [ Capabilities: INTERNET&NOT_RESTRICTED&TRUSTED] ]
E/ConnectivityService(  610): RemoteException caught trying to send a callback msg for NetworkRequest [ id=15, legacyType=-1, [ Capabilities: INTERNET&NOT_RESTRICTED&TRUSTED] ]
D/ConnectivityService(  610): releasing NetworkRequest NetworkRequest [ id=16, legacyType=-1, [ Capabilities: INTERNET&NOT_RESTRICTED&TRUSTED] ]
E/ConnectivityService(  610): RemoteException caught trying to send a callback msg for NetworkRequest [ id=16, legacyType=-1, [ Capabilities: INTERNET&NOT_RESTRICTED&TRUSTED] ]
W/WindowManager(  610): Failed looking up window
W/WindowManager(  610): java.lang.IllegalArgumentException: Requested window android.os.BinderProxy@4ea091d does not exist
W/WindowManager(  610): 	at com.android.server.wm.WindowManagerService.windowForClientLocked(WindowManagerService.java:8539)
W/WindowManager(  610): 	at com.android.server.wm.WindowManagerService.windowForClientLocked(WindowManagerService.java:8530)
W/WindowManager(  610): 	at com.android.server.wm.WindowState$DeathRecipient.binderDied(WindowState.java:1142)
W/WindowManager(  610): 	at android.os.BinderProxy.sendDeathNotice(Binder.java:551)
I/WindowState(  610): WIN DEATH: null
I/ActivityManager(  610): START u0 {act=android.intent.action.MAIN cat=[android.intent.category.HOME] flg=0x10200000 cmp=com.android.launcher/com.android.launcher2.Launcher} from uid 10022 on display 0
D/TaskPersister(  610): removeObsoleteFile: deleting file=4_task.xml
D/TaskPersister(  610): removeObsoleteFile: deleting file=4_task_thumbnail.png
W/OpenGLRenderer( 1423): Incorrectly called buildLayer on View: ShortcutAndWidgetContainer, destroying layer...
W/OpenGLRenderer( 1423): Incorrectly called buildLayer on View: ShortcutAndWidgetContainer, destroying layer...
I/DownloadManagerWrapper( 1360): onReceive() : Charging = true
D/audio_hw_primary(  197): disable_audio_route: reset and update mixer path: low-latency-playback
D/audio_hw_primary(  197): disable_snd_device: snd_device(2: speaker)
I/DownloadManagerWrapper( 1360): onReceive() : Charging = true
I/DownloadManagerWrapper( 1360): onReceive() : Charging = true
I/DeviceStorageMonitorService(  610): No boot image on disk due to lack of space. Sending notification
I/ValidateNoPeople(  610): skipping global notification
D/MusicLifecycle( 4842): com.google.android.music.download.cache.StorageLowBroadcastReceiver generated event: Broadcast received with context android.app.ReceiverRestrictedContext@22251b2d and intent Intent { act=android.intent.action.DEVICE_STORAGE_LOW flg=0x4000010 cmp=com.google.android.music/.download.cache.StorageLowBroadcastReceiver }
D/ConnectivityService(  610): reportBadNetwork(NetworkAgentInfo [WIFI () - 100]) by 10008
D/NetworkMonitor/NetworkAgentInfo [WIFI () - 100](  610): ValidatedState{ when=-1ms what=532488 arg1=10008 target=com.android.internal.util.StateMachine$SmHandler }
D/NetworkMonitor/NetworkAgentInfo [WIFI () - 100](  610): DefaultState{ when=-1ms what=532488 arg1=10008 target=com.android.internal.util.StateMachine$SmHandler }
D/NetworkMonitor/NetworkAgentInfo [WIFI () - 100](  610): Forcing reevaluation
D/NetworkMonitor/NetworkAgentInfo [WIFI () - 100](  610): EvaluatingState{ when=0 what=532486 arg1=25 target=com.android.internal.util.StateMachine$SmHandler }
D/NetworkMonitor/NetworkAgentInfo [WIFI () - 100](  610): Checking http://connectivitycheck.android.com/generate_204 on "BU (802.1x)"
D/NetworkMonitor/NetworkAgentInfo [WIFI () - 100](  610): isCaptivePortal: ret=204 headers={null=[HTTP/1.1 204 No Content], Content-Length=[0], Date=[Wed, 30 Nov 2016 14:33:33 GMT], X-Android-Received-Millis=[1480516413440], X-Android-Response-Source=[NETWORK 204], X-Android-Sent-Millis=[1480516413431]}
D/NetworkMonitor/NetworkAgentInfo [WIFI () - 100](  610): Don't send network conditions - lacking user consent.
D/NetworkMonitor/NetworkAgentInfo [WIFI () - 100](  610): Validated
D/ConnectivityService(  610): setProvNotificationVisibleIntent: E visible=false networkType=0 extraInfo=null
D/ConnectivityService(  610): Validated NetworkAgentInfo [WIFI () - 100]
I/ActivityManager(  610): Start proc 9295:com.google.android.gms/u0a8 for service com.google.android.gms/.chimera.GmsIntentOperationService
I/art     (  206): Explicit concurrent mark sweep GC freed 708(30KB) AllocSpace objects, 0(0B) LOS objects, 40% free, 11MB/19MB, paused 274us total 88.997ms
I/art     (  206): Explicit concurrent mark sweep GC freed 5(160B) AllocSpace objects, 0(0B) LOS objects, 40% free, 11MB/19MB, paused 274us total 85.975ms
I/art     (  206): Explicit concurrent mark sweep GC freed 5(160B) AllocSpace objects, 0(0B) LOS objects, 40% free, 11MB/19MB, paused 274us total 87.593ms
W/ResourcesManager( 9295): Asset path '/system/framework/com.android.media.remotedisplay.jar' does not exist or contains no resources.
W/ResourcesManager( 9295): Asset path '/system/framework/com.android.location.provider.jar' does not exist or contains no resources.
E/WifiStateMachine(  610): WifiStateMachine CMD_START_SCAN source -2 txSuccessRate=2.00 rxSuccessRate=0.75 targetRoamBSSID=b4:e9:b0:e5:06:d0 RSSI=-52
W/linker  ( 9295): libgmscore.so: unused DT entry: type 0x7ffffffd arg 0x79f
W/linker  ( 9295): libconscrypt_gmscore_jni.so: unused DT entry: type 0x1d arg 0xe0
W/linker  ( 9295): libconscrypt_gmscore_jni.so: unused DT entry: type 0x7ffffffd arg 0x1c9
V/JNIHelp ( 9295): Registering com/google/android/gms/org/conscrypt/NativeCrypto's 235 native methods...
I/art     ( 9295): Rejecting re-init on previously-failed class java.lang.Class<com.google.android.gms.org.conscrypt.OpenSSLExtendedSessionImpl>
I/art     ( 9295): Rejecting re-init on previously-failed class java.lang.Class<com.google.android.gms.org.conscrypt.OpenSSLExtendedSessionImpl>
I/art     ( 9295): Rejecting re-init on previously-failed class java.lang.Class<com.google.android.gms.org.conscrypt.OpenSSLExtendedSessionImpl>
I/ProviderInstaller( 9295): Installed default security provider GmsCore_OpenSSL
W/ActivityManager(  610): getRunningAppProcesses: caller 10072 does not hold REAL_GET_TASKS; limiting output
W/WakefulBroadcastReceiver( 2904): No active wake lock id #28
W/ContentTaskController( 1620): Invalid newTask was provided to startTracking.
I/DownloadManagerWrapper( 1360): onReceive() : Charging = true
I/art     (  610): Explicit concurrent mark sweep GC freed 75330(3MB) AllocSpace objects, 0(0B) LOS objects, 33% free, 29MB/44MB, paused 1.159ms total 204.364ms
I/Icing   ( 9295): Storage manager: low true usage 37.18MB avail 9.07GB capacity 12.92GB
W/ProcessCpuTracker(  610): Skipping unknown process pid 9323
W/ProcessCpuTracker(  610): Skipping unknown process pid 9325
I/art     ( 9295): Rejecting re-init on previously-failed class java.lang.Class<kss>
I/art     ( 9295): Rejecting re-init on previously-failed class java.lang.Class<kss>
E/Icing   ( 9295): dlopen failed: library "/data/data/com.google.android.gms/files/libAppDataSearchExt_armeabi_v7a.so" not found
E/Icing   ( 9295): Loading extension /data/data/com.google.android.gms/files/libAppDataSearchExt_armeabi_v7a.so failed
W/Icing   ( 9295): Registering libAppDataSearchExt_armeabi_v7a.so failed: There is not enough space to perform the download.
I/Icing   ( 9295): MaintenanceDriver: Registering all GCM Tasks.
W/InstanceID/Rpc( 9295): Found 10008
I/DynamiteModule( 9295): Considering local module com.google.android.gms.googlecertificates:2 and remote module com.google.android.gms.googlecertificates:2
I/DynamiteModule( 9295): Selected remote version of com.google.android.gms.googlecertificates, version >= 2
W/art     ( 9295): Verification of void lz.<clinit>() took 130.627ms
I/Icing   ( 9295): updateResources: need to parse ruv{com.google.android.gms}
I/ActivityManager(  610): START u0 {act=android.intent.action.MAIN flg=0x10000000 cmp=com.ninjajumprun.android/.MainActivity bnds=[40,185][200,385] (has extras)} from uid 10014 on display 0
V/WindowManager(  610): addAppToken: AppWindowToken{f33e46a token=Token{3b381255 ActivityRecord{17d7e90c u0 com.ninjajumprun.android/.MainActivity t5}}} to stack=1 task=5 at 0
D/audio_hw_primary(  197): select_devices: out_snd_device(2: speaker) in_snd_device(0: none)
D/ACDB-LOADER(  197): ACDB -> send_afe_cal
D/audio_hw_primary(  197): enable_snd_device: snd_device(2: speaker)
D/audio_hw_primary(  197): enable_audio_route: apply and update mixer path: low-latency-playback
V/WindowManager(  610): Adding window Window{26a089f8 u0 Starting com.ninjajumprun.android} at 3 of 8 (after Window{16f07d33 u0 com.android.launcher/com.android.launcher2.Launcher})
I/art     (  206): Background concurrent mark sweep GC freed 87(3KB) AllocSpace objects, 0(0B) LOS objects, 39% free, 11MB/19MB, paused 244us total 102.182ms
I/ActivityManager(  610): Start proc 9366:com.ninjajumprun.android/u0a223 for activity com.ninjajumprun.android/.MainActivity
E/Icing   ( 9295): Not enough disk space for indexing
I/Icing   ( 9295): Internal init done: storage state 2
I/Icing   ( 9295): Post-init done
E/Icing   ( 9295): dlopen failed: library "/data/data/com.google.android.gms/files/libAppDataSearchExt_armeabi_v7a.so" not found
E/Icing   ( 9295): Loading extension /data/data/com.google.android.gms/files/libAppDataSearchExt_armeabi_v7a.so failed
W/Icing   ( 9295): Registering libAppDataSearchExt_armeabi_v7a.so failed: There is not enough space to perform the download.
I/Icing   ( 9295): MaintenanceDriver: Registering all GCM Tasks.
I/org.umd.logging( 9366): Method > 1 com.ninjajumprun.android.MainActivity.onCreate(com.ninjajumprun.android.MainActivity@854450322<activity=true>, null)
I/org.umd.logging( 9366): Method > 1 org.cocos2dx.lib.Cocos2dxActivity.onCreate(com.ninjajumprun.android.MainActivity@854450322<activity=true>, null)
I/org.umd.logging( 9366): Method > 1 org.cocos2dx.lib.Cocos2dxActivity.onCreateView(com.ninjajumprun.android.MainActivity@854450322<activity=true>)
W/ResourceType( 9366): No known package when getting name for resource number 0xffffffff
I/org.umd.logging( 9366): Method < 1 org.cocos2dx.lib.Cocos2dxActivity.onCreateView(org.cocos2dx.lib.Cocos2dxGLSurfaceView@283706976<file=><x=0><y=0><width=0><height=0><id=-1>)
I/org.umd.logging( 9366): Method < 1 org.cocos2dx.lib.Cocos2dxActivity.onCreate()
I/DownloadManagerWrapper( 1360): onReceive() : Charging = true
I/DownloadManagerWrapper( 1360): onReceive() : Charging = true
W/GooglePlayServicesUtil( 9366): Google Play Store is missing.
I/DownloadManagerWrapper( 1360): onReceive() : Charging = true
I/Ads     ( 9366): Use AdRequest.Builder.addTestDevice("1F480C9603A7924489313051413E5A68") to get test ads on this device.
I/Ads     ( 9366): Starting ad request.
I/WebViewFactory( 9366): Loading com.google.android.webview version 54.0.2840.85 (code 284008500)
I/art     ( 9366): Rejecting re-init on previously-failed class java.lang.Class<com.android.webview.chromium.TokenBindingManagerAdapter>
I/art     ( 9366): Rejecting re-init on previously-failed class java.lang.Class<com.android.webview.chromium.TokenBindingManagerAdapter>
I/art     ( 9366): Rejecting re-init on previously-failed class java.lang.Class<com.android.webview.chromium.ServiceWorkerControllerAdapter>
I/art     ( 9366): Rejecting re-init on previously-failed class java.lang.Class<com.android.webview.chromium.ServiceWorkerControllerAdapter>
I/cr_LibraryLoader( 9366): Time to load native libraries: 3 ms (timestamps 7114-7117)
I/cr_LibraryLoader( 9366): Expected native library version number "54.0.2840.85", actual native library version number "54.0.2840.85"
I/art     ( 9366): Rejecting re-init on previously-failed class java.lang.Class<com.android.webview.chromium.WebMessagePortAdapter>
I/art     ( 9366): Rejecting re-init on previously-failed class java.lang.Class<com.android.webview.chromium.WebMessagePortAdapter>
I/art     ( 9366): Rejecting re-init on previously-failed class java.lang.Class<com.android.webview.chromium.WebMessagePortAdapter>
I/cr_LibraryLoader( 9366): Expected native library version number "54.0.2840.85", actual native library version number "54.0.2840.85"
I/chromium( 9366): [INFO:library_loader_hooks.cc(151)] Chromium logging enabled: level = 0, default verbosity = 0
I/cr_BrowserStartup( 9366): Initializing chromium process, singleProcess=true
I/Adreno-EGL( 9366): <qeglDrvAPI_eglInitialize:379>: QUALCOMM Build: 01/15/15, ab0075f, Id3510ff6dc
I/art     ( 9366): Rejecting re-init on previously-failed class java.lang.Class<com.android.webview.chromium.WebViewContentsClientAdapter$WebResourceErrorImpl>
I/art     ( 9366): Rejecting re-init on previously-failed class java.lang.Class<com.android.webview.chromium.WebViewContentsClientAdapter$WebResourceErrorImpl>
D/ConnectivityService(  610): listenForNetwork for NetworkRequest [ id=17, legacyType=-1, [ Capabilities: INTERNET&NOT_RESTRICTED&TRUSTED] ]
D/ConnectivityService(  610): handleRegisterNetworkRequest checking NetworkAgentInfo [WIFI () - 100]
D/ConnectivityService(  610): apparently satisfied.  currentScore=60
D/ConnectivityManager.CallbackHandler( 9366): CM callback handler got msg 524290
I/art     ( 9366): Rejecting re-init on previously-failed class java.lang.Class<org.chromium.content.browser.FloatingWebActionModeCallback>
I/art     ( 9366): Rejecting re-init on previously-failed class java.lang.Class<org.chromium.content.browser.FloatingWebActionModeCallback>
W/GooglePlayServicesUtil( 9366): Google Play Store is missing.
I/Ads     ( 9366): Use AdRequest.Builder.addTestDevice("1F480C9603A7924489313051413E5A68") to get test ads on this device.
I/Ads     ( 9366): Starting ad request.
I/org.umd.logging( 9366): Method < 1 com.ninjajumprun.android.MainActivity.onCreate()
I/org.umd.logging( 9366): Method > 1 com.ninjajumprun.android.MainActivity.onStart(com.ninjajumprun.android.MainActivity@854450322<activity=true>)
I/org.umd.logging( 9366): Method > 1 org.cocos2dx.lib.Cocos2dxActivity.onStart(com.ninjajumprun.android.MainActivity@854450322<activity=true>)
I/org.umd.logging( 9366): Method < 1 org.cocos2dx.lib.Cocos2dxActivity.onStart()
W/art     ( 4234): Suspending all threads took: 48.588ms
I/org.umd.logging( 9366): Method < 1 com.ninjajumprun.android.MainActivity.onStart()
I/org.umd.logging( 9366): Method > 1 com.ninjajumprun.android.MainActivity.onResume(com.ninjajumprun.android.MainActivity@854450322<activity=true>)
I/org.umd.logging( 9366): Method > 1 org.cocos2dx.lib.Cocos2dxActivity.onResume(com.ninjajumprun.android.MainActivity@854450322<activity=true>)
I/org.umd.logging( 9366): Method > 1 org.cocos2dx.lib.Cocos2dxHelper.onResume()
I/org.umd.logging( 9366): Method < 1 org.cocos2dx.lib.Cocos2dxHelper.onResume()
W/ResourceType( 9366): No known package when getting name for resource number 0xffffffff
I/org.umd.logging( 9366): Method > 1 org.cocos2dx.lib.Cocos2dxGLSurfaceView.onResume(org.cocos2dx.lib.Cocos2dxGLSurfaceView@283706976<file=><x=0><y=0><width=0><height=0><id=-1>)
W/art     ( 9366): Verification of void com.google.android.gms.internal.f$f.b(byte[], byte[]) took 117.564ms
I/org.umd.logging( 9366): Method < 1 org.cocos2dx.lib.Cocos2dxGLSurfaceView.onResume()
I/org.umd.logging( 9366): Method > 556 org.cocos2dx.lib.Cocos2dxGLSurfaceView$3.run(org.cocos2dx.lib.Cocos2dxGLSurfaceView$3@470735832)
I/org.umd.logging( 9366): Method < 1 org.cocos2dx.lib.Cocos2dxActivity.onResume()
I/org.umd.logging( 9366): Method < 556 org.cocos2dx.lib.Cocos2dxGLSurfaceView$3.run()
I/org.umd.logging( 9366): Method < 1 com.ninjajumprun.android.MainActivity.onResume()
D/OpenGLRenderer( 9366): Use EGL_SWAP_BEHAVIOR_PRESERVED: true
D/Atlas   ( 9366): Validating map...
V/WindowManager(  610): Adding window Window{225a2d40 u0 com.ninjajumprun.android/com.ninjajumprun.android.MainActivity} at 3 of 9 (before Window{26a089f8 u0 Starting com.ninjajumprun.android})
D/ConnectivityService(  610): listenForNetwork for NetworkRequest [ id=18, legacyType=-1, [ Capabilities: INTERNET&NOT_RESTRICTED&TRUSTED] ]
D/ConnectivityService(  610): handleRegisterNetworkRequest checking NetworkAgentInfo [WIFI () - 100]
D/ConnectivityService(  610): apparently satisfied.  currentScore=60
D/ConnectivityManager.CallbackHandler( 9366): CM callback handler got msg 524290
I/OpenGLRenderer( 9366): Initialized EGL, version 1.4
D/OpenGLRenderer( 9366): Enabling debug mode 0
V/WindowManager(  610): Adding window Window{f215f35 u0 SurfaceView} at 3 of 10 (before Window{225a2d40 u0 com.ninjajumprun.android/com.ninjajumprun.android.MainActivity})
I/ActivityManager(  610): Displayed com.ninjajumprun.android/.MainActivity: +2s628ms
I/GCM     ( 1620): Ack for not saved message 35
W/Adreno-ES20( 9366): <core_glHint:84>: GL_INVALID_ENUM
D/audio_hw_primary(  197): disable_audio_route: reset and update mixer path: low-latency-playback
D/audio_hw_primary(  197): disable_snd_device: snd_device(2: speaker)
I/cr_Ime  ( 9366): ImeThread is enabled.
W/cr_media( 9366): Requires BLUETOOTH permission
I/cr_Ime  ( 9366): ImeThread is enabled.
E/libEGL  ( 9366): validate_display:255 error 3008 (EGL_BAD_DISPLAY)
I/VideoCapabilities( 9366): Unsupported profile 4 for video/mp4v-es
W/cr_BindingManager( 9366): Cannot call determinedVisibility() - never saw a connection for the pid: 9366
W/cr_BindingManager( 9366): Cannot call determinedVisibility() - never saw a connection for the pid: 9366
W/Ads     ( 9366): JS: Use of the Application Cache is deprecated on insecure origins. Support will be removed in the future. You should consider switching your application to a secure origin, such as HTTPS. See https://goo.gl/rStTGz for more details. (:0)
I/chromium( 9366): [INFO:CONSOLE(0)] "Use of the Application Cache is deprecated on insecure origins. Support will be removed in the future. You should consider switching your application to a secure origin, such as HTTPS. See https://goo.gl/rStTGz for more details.", source:  (0)
I/Ads     ( 9366): JS: Document was loaded from Application Cache with manifest http://googleads.g.doubleclick.net/mads/static/mad/sdk/native/sdk-core-v40.appcache (http://googleads.g.doubleclick.net/mads/static/mad/sdk/native/sdk-core-v40.html:0)
I/chromium( 9366): [INFO:CONSOLE(0)] "Document was loaded from Application Cache with manifest http://googleads.g.doubleclick.net/mads/static/mad/sdk/native/sdk-core-v40.appcache", source: http://googleads.g.doubleclick.net/mads/static/mad/sdk/native/sdk-core-v40.html (0)
I/Ads     ( 9366): JS: Application Cache Checking event (http://googleads.g.doubleclick.net/mads/static/mad/sdk/native/sdk-core-v40.html:0)
I/chromium( 9366): [INFO:CONSOLE(0)] "Application Cache Checking event", source: http://googleads.g.doubleclick.net/mads/static/mad/sdk/native/sdk-core-v40.html (0)
W/Ads     ( 9366): JS: Use of the Application Cache is deprecated on insecure origins. Support will be removed in the future. You should consider switching your application to a secure origin, such as HTTPS. See https://goo.gl/rStTGz for more details. (:0)
I/chromium( 9366): [INFO:CONSOLE(0)] "Use of the Application Cache is deprecated on insecure origins. Support will be removed in the future. You should consider switching your application to a secure origin, such as HTTPS. See https://goo.gl/rStTGz for more details.", source:  (0)
E/chromium( 9366): [ERROR:interface_registry.cc(99)] Failed to locate a binder for interface: autofill::mojom::AutofillDriver
E/chromium( 9366): [ERROR:interface_registry.cc(99)] Failed to locate a binder for interface: autofill::mojom::AutofillDriver
I/Ads     ( 9366): JS: Document was loaded from Application Cache with manifest http://googleads.g.doubleclick.net/mads/static/mad/sdk/native/sdk-core-v40.appcache (http://googleads.g.doubleclick.net/mads/static/mad/sdk/native/sdk-core-v40.html:0)
I/chromium( 9366): [INFO:CONSOLE(0)] "Document was loaded from Application Cache with manifest http://googleads.g.doubleclick.net/mads/static/mad/sdk/native/sdk-core-v40.appcache", source: http://googleads.g.doubleclick.net/mads/static/mad/sdk/native/sdk-core-v40.html (0)
I/Ads     ( 9366): JS: Application Cache Checking event (http://googleads.g.doubleclick.net/mads/static/mad/sdk/native/sdk-core-v40.html:0)
I/chromium( 9366): [INFO:CONSOLE(0)] "Application Cache Checking event", source: http://googleads.g.doubleclick.net/mads/static/mad/sdk/native/sdk-core-v40.html (0)
I/Ads     ( 9366): JS: Application Cache NoUpdate event (http://googleads.g.doubleclick.net/mads/static/mad/sdk/native/sdk-core-v40.html:0)
