I/chromium( 9366): [INFO:CONSOLE(0)] "Application Cache NoUpdate event", source: http://googleads.g.doubleclick.net/mads/static/mad/sdk/native/sdk-core-v40.html (0)
I/Ads     ( 9366): JS: Application Cache NoUpdate event (http://googleads.g.doubleclick.net/mads/static/mad/sdk/native/sdk-core-v40.html:0)
I/chromium( 9366): [INFO:CONSOLE(0)] "Application Cache NoUpdate event", source: http://googleads.g.doubleclick.net/mads/static/mad/sdk/native/sdk-core-v40.html (0)
W/Ads     ( 9366): JS: Use of the Application Cache is deprecated on insecure origins. Support will be removed in the future. You should consider switching your application to a secure origin, such as HTTPS. See https://goo.gl/rStTGz for more details. (https://googleads.g.doubleclick.net/mads/static/mad/sdk/native/production/sdk-core-v40-impl.js:361)
I/chromium( 9366): [INFO:CONSOLE(361)] "Use of the Application Cache is deprecated on insecure origins. Support will be removed in the future. You should consider switching your application to a secure origin, such as HTTPS. See https://goo.gl/rStTGz for more details.", source: https://googleads.g.doubleclick.net/mads/static/mad/sdk/native/production/sdk-core-v40-impl.js (361)
W/Ads     ( 9366): JS: Use of the Application Cache is deprecated on insecure origins. Support will be removed in the future. You should consider switching your application to a secure origin, such as HTTPS. See https://goo.gl/rStTGz for more details. (https://googleads.g.doubleclick.net/mads/static/mad/sdk/native/production/sdk-core-v40-impl.js:361)
I/chromium( 9366): [INFO:CONSOLE(361)] "Use of the Application Cache is deprecated on insecure origins. Support will be removed in the future. You should consider switching your application to a secure origin, such as HTTPS. See https://goo.gl/rStTGz for more details.", source: https://googleads.g.doubleclick.net/mads/static/mad/sdk/native/production/sdk-core-v40-impl.js (361)
W/Ads     ( 9366): Received error HTTP response code: 403
W/Ads     ( 9366): There was a problem getting an ad response. ErrorCode: 0
W/Ads     ( 9366): Failed to load ad: 0
I/Ads     ( 9366): Received log message: <Google:HTML> You are using version 4.5 of the Google Play services Ads SDK. Please consider updating your SDK to the most recent SDK version to get the latest features and bug fixes. See http://goo.gl/r2TRzC for instructions on how to get the latest version of Google Play services.
W/Ads     ( 9366): Received error HTTP response code: 403
W/Ads     ( 9366): There was a problem getting an ad response. ErrorCode: 0
W/Ads     ( 9366): Failed to load ad: 0
I/DownloadManagerWrapper( 1360): onReceive() : Charging = true
W/ResourceType( 9366): No known package when getting name for resource number 0xffffffff
I/org.umd.logging( 9366): Method > 1 org.cocos2dx.lib.Cocos2dxGLSurfaceView.onTouchEvent(org.cocos2dx.lib.Cocos2dxGLSurfaceView@283706976<file=><x=0><y=0><width=768><height=1184><id=-1>, android.view.MotionEvent@19898752)
I/org.umd.logging( 9366): Method < 1 org.cocos2dx.lib.Cocos2dxGLSurfaceView.onTouchEvent(true)
I/org.umd.logging( 9366): Method > 556 org.cocos2dx.lib.Cocos2dxGLSurfaceView$6.run(org.cocos2dx.lib.Cocos2dxGLSurfaceView$6@713839614)
D/Device Model( 9366): Nexus 4
W/ResourceType( 9366): No known package when getting name for resource number 0xffffffff
I/org.umd.logging( 9366): Method > 1 org.cocos2dx.lib.Cocos2dxGLSurfaceView.onTouchEvent(org.cocos2dx.lib.Cocos2dxGLSurfaceView@283706976<file=><x=0><y=0><width=768><height=1184><id=-1>, android.view.MotionEvent@19898752)
I/org.umd.logging( 9366): Method < 1 org.cocos2dx.lib.Cocos2dxGLSurfaceView.onTouchEvent(true)
D/NuPlayerDriver(  197): start(0xb7c47970)
I/GenericSource(  197): start
W/ResourceType( 9366): No known package when getting name for resource number 0xffffffff
I/org.umd.logging( 9366): Method > 1 org.cocos2dx.lib.Cocos2dxGLSurfaceView.onTouchEvent(org.cocos2dx.lib.Cocos2dxGLSurfaceView@283706976<file=><x=0><y=0><width=768><height=1184><id=-1>, android.view.MotionEvent@19898752)
I/org.umd.logging( 9366): Method < 1 org.cocos2dx.lib.Cocos2dxGLSurfaceView.onTouchEvent(true)
D/NuPlayerDriver(  197): reset(0xb7c47970)
D/NuPlayerDriver(  197): notifyResetComplete(0xb7c47970)
W/AudioTrack( 9366): AUDIO_OUTPUT_FLAG_FAST denied by client
I/org.umd.logging( 9366): Method < 556 org.cocos2dx.lib.Cocos2dxGLSurfaceView$6.run()
I/org.umd.logging( 9366): Method > 556 org.cocos2dx.lib.Cocos2dxGLSurfaceView$7.run(org.cocos2dx.lib.Cocos2dxGLSurfaceView$7@346903980)
I/org.umd.logging( 9366): Method < 556 org.cocos2dx.lib.Cocos2dxGLSurfaceView$7.run()
I/org.umd.logging( 9366): Method > 556 org.cocos2dx.lib.Cocos2dxGLSurfaceView$9.run(org.cocos2dx.lib.Cocos2dxGLSurfaceView$9@592818698)
I/org.umd.logging( 9366): Method < 556 org.cocos2dx.lib.Cocos2dxGLSurfaceView$9.run()
D/audio_hw_primary(  197): select_devices: out_snd_device(2: speaker) in_snd_device(0: none)
D/ACDB-LOADER(  197): ACDB -> send_afe_cal
D/audio_hw_primary(  197): enable_snd_device: snd_device(2: speaker)
D/audio_hw_primary(  197): enable_audio_route: apply and update mixer path: low-latency-playback
W/ResourceType( 9366): No known package when getting name for resource number 0xffffffff
I/org.umd.logging( 9366): Method > 1 org.cocos2dx.lib.Cocos2dxGLSurfaceView.onTouchEvent(org.cocos2dx.lib.Cocos2dxGLSurfaceView@283706976<file=><x=0><y=0><width=768><height=1184><id=-1>, android.view.MotionEvent@19898752)
I/org.umd.logging( 9366): Method < 1 org.cocos2dx.lib.Cocos2dxGLSurfaceView.onTouchEvent(true)
I/org.umd.logging( 9366): Method > 556 org.cocos2dx.lib.Cocos2dxGLSurfaceView$6.run(org.cocos2dx.lib.Cocos2dxGLSurfaceView$6@628623995)
I/org.umd.logging( 9366): Method < 556 org.cocos2dx.lib.Cocos2dxGLSurfaceView$6.run()
W/ResourceType( 9366): No known package when getting name for resource number 0xffffffff
I/org.umd.logging( 9366): Method > 1 org.cocos2dx.lib.Cocos2dxGLSurfaceView.onTouchEvent(org.cocos2dx.lib.Cocos2dxGLSurfaceView@283706976<file=><x=0><y=0><width=768><height=1184><id=-1>, android.view.MotionEvent@19898752)
I/org.umd.logging( 9366): Method < 1 org.cocos2dx.lib.Cocos2dxGLSurfaceView.onTouchEvent(true)
I/org.umd.logging( 9366): Method > 556 org.cocos2dx.lib.Cocos2dxGLSurfaceView$7.run(org.cocos2dx.lib.Cocos2dxGLSurfaceView$7@493887640)
I/org.umd.logging( 9366): Method < 556 org.cocos2dx.lib.Cocos2dxGLSurfaceView$7.run()
W/ResourceType( 9366): No known package when getting name for resource number 0xffffffff
I/org.umd.logging( 9366): Method > 1 org.cocos2dx.lib.Cocos2dxGLSurfaceView.onTouchEvent(org.cocos2dx.lib.Cocos2dxGLSurfaceView@283706976<file=><x=0><y=0><width=768><height=1184><id=-1>, android.view.MotionEvent@19898752)
I/org.umd.logging( 9366): Method < 1 org.cocos2dx.lib.Cocos2dxGLSurfaceView.onTouchEvent(true)
I/org.umd.logging( 9366): Method > 556 org.cocos2dx.lib.Cocos2dxGLSurfaceView$9.run(org.cocos2dx.lib.Cocos2dxGLSurfaceView$9@3956977)
I/org.umd.logging( 9366): Method < 556 org.cocos2dx.lib.Cocos2dxGLSurfaceView$9.run()
W/ResourceType( 9366): No known package when getting name for resource number 0xffffffff
I/org.umd.logging( 9366): Method > 1 org.cocos2dx.lib.Cocos2dxGLSurfaceView.onTouchEvent(org.cocos2dx.lib.Cocos2dxGLSurfaceView@283706976<file=><x=0><y=0><width=768><height=1184><id=-1>, android.view.MotionEvent@19898752)
I/org.umd.logging( 9366): Method < 1 org.cocos2dx.lib.Cocos2dxGLSurfaceView.onTouchEvent(true)
I/org.umd.logging( 9366): Method > 556 org.cocos2dx.lib.Cocos2dxGLSurfaceView$6.run(org.cocos2dx.lib.Cocos2dxGLSurfaceView$6@715449558)
I/org.umd.logging( 9366): Method < 556 org.cocos2dx.lib.Cocos2dxGLSurfaceView$6.run()
W/ResourceType( 9366): No known package when getting name for resource number 0xffffffff
I/org.umd.logging( 9366): Method > 1 org.cocos2dx.lib.Cocos2dxGLSurfaceView.onTouchEvent(org.cocos2dx.lib.Cocos2dxGLSurfaceView@283706976<file=><x=0><y=0><width=768><height=1184><id=-1>, android.view.MotionEvent@19898752)
I/org.umd.logging( 9366): Method < 1 org.cocos2dx.lib.Cocos2dxGLSurfaceView.onTouchEvent(true)
I/org.umd.logging( 9366): Method > 556 org.cocos2dx.lib.Cocos2dxGLSurfaceView$7.run(org.cocos2dx.lib.Cocos2dxGLSurfaceView$7@963826519)
I/org.umd.logging( 9366): Method < 556 org.cocos2dx.lib.Cocos2dxGLSurfaceView$7.run()
W/ResourceType( 9366): No known package when getting name for resource number 0xffffffff
I/org.umd.logging( 9366): Method > 1 org.cocos2dx.lib.Cocos2dxGLSurfaceView.onTouchEvent(org.cocos2dx.lib.Cocos2dxGLSurfaceView@283706976<file=><x=0><y=0><width=768><height=1184><id=-1>, android.view.MotionEvent@19898752)
I/org.umd.logging( 9366): Method < 1 org.cocos2dx.lib.Cocos2dxGLSurfaceView.onTouchEvent(true)
I/org.umd.logging( 9366): Method > 556 org.cocos2dx.lib.Cocos2dxGLSurfaceView$9.run(org.cocos2dx.lib.Cocos2dxGLSurfaceView$9@1049800260)
I/org.umd.logging( 9366): Method < 556 org.cocos2dx.lib.Cocos2dxGLSurfaceView$9.run()
D/luajc   ( 9366): CCLuaJavaBridge::callJavaStaticMethod(lua_State *L)
W/art     ( 9366): Call to JNI FindClass with dots in name: "com.ninjajumprun.android.MainActivity"
I/org.umd.logging( 9366): Method > 1 com.ninjajumprun.android.MainActivity$2.run(com.ninjajumprun.android.MainActivity$2@165836898)
I/org.umd.logging( 9366): Method < 1 com.ninjajumprun.android.MainActivity$2.run()
D/luajc   ( 9366): CCLuaJavaBridge::callJavaStaticMethod("com.ninjajumprun.android.MainActivity", "showBannerAd", args, "(Z)V") SUCCESS
D/luajc   ( 9366): CCLuaJavaBridge::callJavaStaticMethod(lua_State *L)
W/art     ( 9366): Call to JNI FindClass with dots in name: "com.ninjajumprun.android.MainActivity"
D/luajc   ( 9366): CCLuaJavaBridge::callJavaStaticMethod("com.ninjajumprun.android.MainActivity", "showBannerAd", args, "(Z)V") SUCCESS
I/org.umd.logging( 9366): Method > 1 com.ninjajumprun.android.MainActivity$2.run(com.ninjajumprun.android.MainActivity$2@870796787)
D/audio_hw_primary(  197): disable_audio_route: reset and update mixer path: low-latency-playback
D/audio_hw_primary(  197): disable_snd_device: snd_device(2: speaker)
I/org.umd.logging( 9366): Method < 1 com.ninjajumprun.android.MainActivity$2.run()
E/MediaPlayer( 9366): Should have subtitle controller already set
E/MediaPlayer( 9366): Should have subtitle controller already set
I/org.umd.logging( 9366): Api > 556 android.media.MediaPlayer.stop(android.media.MediaPlayer@108247214)
D/NuPlayerDriver(  197): stop(0xb7c47988)
I/org.umd.logging( 9366): Api < 556 android.media.MediaPlayer.stop()
E/MediaPlayer( 9366): Should have subtitle controller already set
E/MediaPlayer( 9366): Should have subtitle controller already set
D/NuPlayerDriver(  197): seekTo(0xb7c47988) 0 ms
I/org.umd.logging( 9366): Api > 556 android.media.MediaPlayer.start(android.media.MediaPlayer@108247214)
D/NuPlayerDriver(  197): start(0xb7c47988)
I/GenericSource(  197): start
I/org.umd.logging( 9366): Api < 556 android.media.MediaPlayer.start()
D/audio_hw_primary(  197): select_devices: out_snd_device(2: speaker) in_snd_device(0: none)
D/ACDB-LOADER(  197): ACDB -> send_afe_cal
D/audio_hw_primary(  197): enable_snd_device: snd_device(2: speaker)
D/audio_hw_primary(  197): enable_audio_route: apply and update mixer path: deep-buffer-playback
W/ResourceType( 9366): No known package when getting name for resource number 0xffffffff
I/org.umd.logging( 9366): Method > 1 org.cocos2dx.lib.Cocos2dxGLSurfaceView.onTouchEvent(org.cocos2dx.lib.Cocos2dxGLSurfaceView@283706976<file=><x=0><y=0><width=768><height=1184><id=-1>, android.view.MotionEvent@19898752)
I/org.umd.logging( 9366): Method < 1 org.cocos2dx.lib.Cocos2dxGLSurfaceView.onTouchEvent(true)
I/org.umd.logging( 9366): Method > 556 org.cocos2dx.lib.Cocos2dxGLSurfaceView$6.run(org.cocos2dx.lib.Cocos2dxGLSurfaceView$6@102684239)
W/ResourceType( 9366): No known package when getting name for resource number 0xffffffff
I/org.umd.logging( 9366): Method > 1 org.cocos2dx.lib.Cocos2dxGLSurfaceView.onTouchEvent(org.cocos2dx.lib.Cocos2dxGLSurfaceView@283706976<file=><x=0><y=0><width=768><height=1184><id=-1>, android.view.MotionEvent@19898752)
I/org.umd.logging( 9366): Method < 1 org.cocos2dx.lib.Cocos2dxGLSurfaceView.onTouchEvent(true)
D/NuPlayerDriver(  197): start(0xb7cd1360)
I/GenericSource(  197): start
W/ResourceType( 9366): No known package when getting name for resource number 0xffffffff
I/org.umd.logging( 9366): Method > 1 org.cocos2dx.lib.Cocos2dxGLSurfaceView.onTouchEvent(org.cocos2dx.lib.Cocos2dxGLSurfaceView@283706976<file=><x=0><y=0><width=768><height=1184><id=-1>, android.view.MotionEvent@19898752)
I/org.umd.logging( 9366): Method < 1 org.cocos2dx.lib.Cocos2dxGLSurfaceView.onTouchEvent(true)
D/NuPlayerDriver(  197): reset(0xb7cd1360)
D/NuPlayerDriver(  197): notifyResetComplete(0xb7cd1360)
W/ResourceType( 9366): No known package when getting name for resource number 0xffffffff
I/org.umd.logging( 9366): Method > 1 org.cocos2dx.lib.Cocos2dxGLSurfaceView.onTouchEvent(org.cocos2dx.lib.Cocos2dxGLSurfaceView@283706976<file=><x=0><y=0><width=768><height=1184><id=-1>, android.view.MotionEvent@19898752)
I/org.umd.logging( 9366): Method < 1 org.cocos2dx.lib.Cocos2dxGLSurfaceView.onTouchEvent(true)
W/AudioTrack( 9366): AUDIO_OUTPUT_FLAG_FAST denied by client
D/audio_hw_primary(  197): select_devices: out_snd_device(2: speaker) in_snd_device(0: none)
D/audio_hw_primary(  197): enable_audio_route: apply and update mixer path: low-latency-playback
I/org.umd.logging( 9366): Method < 556 org.cocos2dx.lib.Cocos2dxGLSurfaceView$6.run()
I/org.umd.logging( 9366): Method > 556 org.cocos2dx.lib.Cocos2dxGLSurfaceView$7.run(org.cocos2dx.lib.Cocos2dxGLSurfaceView$7@277316060)
I/org.umd.logging( 9366): Method < 556 org.cocos2dx.lib.Cocos2dxGLSurfaceView$7.run()
I/org.umd.logging( 9366): Method > 556 org.cocos2dx.lib.Cocos2dxGLSurfaceView$7.run(org.cocos2dx.lib.Cocos2dxGLSurfaceView$7@527139557)
I/org.umd.logging( 9366): Method < 556 org.cocos2dx.lib.Cocos2dxGLSurfaceView$7.run()
I/org.umd.logging( 9366): Method > 556 org.cocos2dx.lib.Cocos2dxGLSurfaceView$9.run(org.cocos2dx.lib.Cocos2dxGLSurfaceView$9@80130490)
I/org.umd.logging( 9366): Method < 556 org.cocos2dx.lib.Cocos2dxGLSurfaceView$9.run()
D/audio_hw_primary(  197): out_set_parameters: enter: usecase(0: deep-buffer-playback) kvpairs: routing=2
W/ResourceType( 9366): No known package when getting name for resource number 0xffffffff
I/org.umd.logging( 9366): Method > 1 org.cocos2dx.lib.Cocos2dxGLSurfaceView.onTouchEvent(org.cocos2dx.lib.Cocos2dxGLSurfaceView@283706976<file=><x=0><y=0><width=768><height=1184><id=-1>, android.view.MotionEvent@19898752)
I/org.umd.logging( 9366): Method < 1 org.cocos2dx.lib.Cocos2dxGLSurfaceView.onTouchEvent(true)
I/org.umd.logging( 9366): Method > 556 org.cocos2dx.lib.Cocos2dxGLSurfaceView$6.run(org.cocos2dx.lib.Cocos2dxGLSurfaceView$6@43812971)
W/AudioTrack( 9366): AUDIO_OUTPUT_FLAG_FAST denied by client
I/org.umd.logging( 9366): Method < 556 org.cocos2dx.lib.Cocos2dxGLSurfaceView$6.run()
W/ResourceType( 9366): No known package when getting name for resource number 0xffffffff
I/org.umd.logging( 9366): Method > 1 org.cocos2dx.lib.Cocos2dxGLSurfaceView.onTouchEvent(org.cocos2dx.lib.Cocos2dxGLSurfaceView@283706976<file=><x=0><y=0><width=768><height=1184><id=-1>, android.view.MotionEvent@19898752)
I/org.umd.logging( 9366): Method < 1 org.cocos2dx.lib.Cocos2dxGLSurfaceView.onTouchEvent(true)
I/org.umd.logging( 9366): Method > 556 org.cocos2dx.lib.Cocos2dxGLSurfaceView$7.run(org.cocos2dx.lib.Cocos2dxGLSurfaceView$7@1006165960)
I/org.umd.logging( 9366): Method < 556 org.cocos2dx.lib.Cocos2dxGLSurfaceView$7.run()
W/ResourceType( 9366): No known package when getting name for resource number 0xffffffff
I/org.umd.logging( 9366): Method > 1 org.cocos2dx.lib.Cocos2dxGLSurfaceView.onTouchEvent(org.cocos2dx.lib.Cocos2dxGLSurfaceView@283706976<file=><x=0><y=0><width=768><height=1184><id=-1>, android.view.MotionEvent@19898752)
I/org.umd.logging( 9366): Method < 1 org.cocos2dx.lib.Cocos2dxGLSurfaceView.onTouchEvent(true)
D/NuPlayerDriver(  197): start(0xb7cf54e8)
I/GenericSource(  197): start
W/ResourceType( 9366): No known package when getting name for resource number 0xffffffff
I/org.umd.logging( 9366): Method > 1 org.cocos2dx.lib.Cocos2dxGLSurfaceView.onTouchEvent(org.cocos2dx.lib.Cocos2dxGLSurfaceView@283706976<file=><x=0><y=0><width=768><height=1184><id=-1>, android.view.MotionEvent@19898752)
I/org.umd.logging( 9366): Method < 1 org.cocos2dx.lib.Cocos2dxGLSurfaceView.onTouchEvent(true)
D/NuPlayerDriver(  197): reset(0xb7cf54e8)
D/NuPlayerDriver(  197): notifyResetComplete(0xb7cf54e8)
W/AudioTrack( 9366): AUDIO_OUTPUT_FLAG_FAST denied by client
D/NuPlayerDriver(  197): start(0xb7c478b8)
I/GenericSource(  197): start
D/NuPlayerDriver(  197): reset(0xb7c478b8)
D/NuPlayerDriver(  197): notifyResetComplete(0xb7c478b8)
W/AudioTrack( 9366): AUDIO_OUTPUT_FLAG_FAST denied by client
I/org.umd.logging( 9366): Method > 556 org.cocos2dx.lib.Cocos2dxGLSurfaceView$7.run(org.cocos2dx.lib.Cocos2dxGLSurfaceView$7@970352737)
I/org.umd.logging( 9366): Method < 556 org.cocos2dx.lib.Cocos2dxGLSurfaceView$7.run()
I/org.umd.logging( 9366): Method > 556 org.cocos2dx.lib.Cocos2dxGLSurfaceView$9.run(org.cocos2dx.lib.Cocos2dxGLSurfaceView$9@270413702)
I/org.umd.logging( 9366): Method < 556 org.cocos2dx.lib.Cocos2dxGLSurfaceView$9.run()
D/audio_hw_primary(  197): out_set_parameters: enter: usecase(0: deep-buffer-playback) kvpairs: routing=2
W/AudioTrack( 9366): AUDIO_OUTPUT_FLAG_FAST denied by client
W/AudioTrack( 9366): AUDIO_OUTPUT_FLAG_FAST denied by client
E/WifiStateMachine(  610): WifiStateMachine CMD_START_SCAN source -2 txSuccessRate=3.46 rxSuccessRate=2.76 targetRoamBSSID=b4:e9:b0:e5:06:d0 RSSI=-57
W/ResourceType( 9366): No known package when getting name for resource number 0xffffffff
I/org.umd.logging( 9366): Method > 1 org.cocos2dx.lib.Cocos2dxGLSurfaceView.onTouchEvent(org.cocos2dx.lib.Cocos2dxGLSurfaceView@283706976<file=><x=0><y=0><width=768><height=1184><id=-1>, android.view.MotionEvent@19898752)
I/org.umd.logging( 9366): Method < 1 org.cocos2dx.lib.Cocos2dxGLSurfaceView.onTouchEvent(true)
I/org.umd.logging( 9366): Method > 556 org.cocos2dx.lib.Cocos2dxGLSurfaceView$6.run(org.cocos2dx.lib.Cocos2dxGLSurfaceView$6@385433671)
W/AudioTrack( 9366): AUDIO_OUTPUT_FLAG_FAST denied by client
I/org.umd.logging( 9366): Method < 556 org.cocos2dx.lib.Cocos2dxGLSurfaceView$6.run()
W/ResourceType( 9366): No known package when getting name for resource number 0xffffffff
I/org.umd.logging( 9366): Method > 1 org.cocos2dx.lib.Cocos2dxGLSurfaceView.onTouchEvent(org.cocos2dx.lib.Cocos2dxGLSurfaceView@283706976<file=><x=0><y=0><width=768><height=1184><id=-1>, android.view.MotionEvent@19898752)
I/org.umd.logging( 9366): Method < 1 org.cocos2dx.lib.Cocos2dxGLSurfaceView.onTouchEvent(true)
I/org.umd.logging( 9366): Method > 556 org.cocos2dx.lib.Cocos2dxGLSurfaceView$7.run(org.cocos2dx.lib.Cocos2dxGLSurfaceView$7@933245044)
I/org.umd.logging( 9366): Method < 556 org.cocos2dx.lib.Cocos2dxGLSurfaceView$7.run()
W/ResourceType( 9366): No known package when getting name for resource number 0xffffffff
I/org.umd.logging( 9366): Method > 1 org.cocos2dx.lib.Cocos2dxGLSurfaceView.onTouchEvent(org.cocos2dx.lib.Cocos2dxGLSurfaceView@283706976<file=><x=0><y=0><width=768><height=1184><id=-1>, android.view.MotionEvent@19898752)
I/org.umd.logging( 9366): Method < 1 org.cocos2dx.lib.Cocos2dxGLSurfaceView.onTouchEvent(true)
I/org.umd.logging( 9366): Method > 556 org.cocos2dx.lib.Cocos2dxGLSurfaceView$7.run(org.cocos2dx.lib.Cocos2dxGLSurfaceView$7@732965277)
I/org.umd.logging( 9366): Method < 556 org.cocos2dx.lib.Cocos2dxGLSurfaceView$7.run()
W/ResourceType( 9366): No known package when getting name for resource number 0xffffffff
I/org.umd.logging( 9366): Method > 1 org.cocos2dx.lib.Cocos2dxGLSurfaceView.onTouchEvent(org.cocos2dx.lib.Cocos2dxGLSurfaceView@283706976<file=><x=0><y=0><width=768><height=1184><id=-1>, android.view.MotionEvent@19898752)
I/org.umd.logging( 9366): Method < 1 org.cocos2dx.lib.Cocos2dxGLSurfaceView.onTouchEvent(true)
I/org.umd.logging( 9366): Method > 556 org.cocos2dx.lib.Cocos2dxGLSurfaceView$9.run(org.cocos2dx.lib.Cocos2dxGLSurfaceView$9@320716306)
I/org.umd.logging( 9366): Method < 556 org.cocos2dx.lib.Cocos2dxGLSurfaceView$9.run()
W/AudioTrack( 9366): AUDIO_OUTPUT_FLAG_FAST denied by client
W/AudioTrack( 9366): AUDIO_OUTPUT_FLAG_FAST denied by client
W/ResourceType( 9366): No known package when getting name for resource number 0xffffffff
I/org.umd.logging( 9366): Method > 1 org.cocos2dx.lib.Cocos2dxGLSurfaceView.onTouchEvent(org.cocos2dx.lib.Cocos2dxGLSurfaceView@283706976<file=><x=0><y=0><width=768><height=1184><id=-1>, android.view.MotionEvent@19898752)
I/org.umd.logging( 9366): Method < 1 org.cocos2dx.lib.Cocos2dxGLSurfaceView.onTouchEvent(true)
I/org.umd.logging( 9366): Method > 556 org.cocos2dx.lib.Cocos2dxGLSurfaceView$6.run(org.cocos2dx.lib.Cocos2dxGLSurfaceView$6@125802979)
W/AudioTrack( 9366): AUDIO_OUTPUT_FLAG_FAST denied by client
I/org.umd.logging( 9366): Method < 556 org.cocos2dx.lib.Cocos2dxGLSurfaceView$6.run()
W/ResourceType( 9366): No known package when getting name for resource number 0xffffffff
I/org.umd.logging( 9366): Method > 1 org.cocos2dx.lib.Cocos2dxGLSurfaceView.onTouchEvent(org.cocos2dx.lib.Cocos2dxGLSurfaceView@283706976<file=><x=0><y=0><width=768><height=1184><id=-1>, android.view.MotionEvent@19898752)
I/org.umd.logging( 9366): Method < 1 org.cocos2dx.lib.Cocos2dxGLSurfaceView.onTouchEvent(true)
I/org.umd.logging( 9366): Method > 556 org.cocos2dx.lib.Cocos2dxGLSurfaceView$7.run(org.cocos2dx.lib.Cocos2dxGLSurfaceView$7@986308576)
I/org.umd.logging( 9366): Method < 556 org.cocos2dx.lib.Cocos2dxGLSurfaceView$7.run()
W/ResourceType( 9366): No known package when getting name for resource number 0xffffffff
I/org.umd.logging( 9366): Method > 1 org.cocos2dx.lib.Cocos2dxGLSurfaceView.onTouchEvent(org.cocos2dx.lib.Cocos2dxGLSurfaceView@283706976<file=><x=0><y=0><width=768><height=1184><id=-1>, android.view.MotionEvent@19898752)
I/org.umd.logging( 9366): Method < 1 org.cocos2dx.lib.Cocos2dxGLSurfaceView.onTouchEvent(true)
I/org.umd.logging( 9366): Method > 556 org.cocos2dx.lib.Cocos2dxGLSurfaceView$7.run(org.cocos2dx.lib.Cocos2dxGLSurfaceView$7@292209305)
I/org.umd.logging( 9366): Method < 556 org.cocos2dx.lib.Cocos2dxGLSurfaceView$7.run()
W/ResourceType( 9366): No known package when getting name for resource number 0xffffffff
I/org.umd.logging( 9366): Method > 1 org.cocos2dx.lib.Cocos2dxGLSurfaceView.onTouchEvent(org.cocos2dx.lib.Cocos2dxGLSurfaceView@283706976<file=><x=0><y=0><width=768><height=1184><id=-1>, android.view.MotionEvent@19898752)
I/org.umd.logging( 9366): Method > 556 org.cocos2dx.lib.Cocos2dxGLSurfaceView$9.run(org.cocos2dx.lib.Cocos2dxGLSurfaceView$9@219523422)
I/org.umd.logging( 9366): Method < 1 org.cocos2dx.lib.Cocos2dxGLSurfaceView.onTouchEvent(true)
I/org.umd.logging( 9366): Method < 556 org.cocos2dx.lib.Cocos2dxGLSurfaceView$9.run()
I/DownloadManagerWrapper( 1360): onReceive() : Charging = true
W/ResourceType( 9366): No known package when getting name for resource number 0xffffffff
I/org.umd.logging( 9366): Method > 1 org.cocos2dx.lib.Cocos2dxGLSurfaceView.onTouchEvent(org.cocos2dx.lib.Cocos2dxGLSurfaceView@283706976<file=><x=0><y=0><width=768><height=1184><id=-1>, android.view.MotionEvent@19898752)
I/org.umd.logging( 9366): Method < 1 org.cocos2dx.lib.Cocos2dxGLSurfaceView.onTouchEvent(true)
D/audio_hw_primary(  197): out_set_parameters: enter: usecase(0: deep-buffer-playback) kvpairs: routing=2
I/org.umd.logging( 9366): Method > 556 org.cocos2dx.lib.Cocos2dxGLSurfaceView$6.run(org.cocos2dx.lib.Cocos2dxGLSurfaceView$6@143126847)
W/AudioTrack( 9366): AUDIO_OUTPUT_FLAG_FAST denied by client
W/ResourceType( 9366): No known package when getting name for resource number 0xffffffff
I/org.umd.logging( 9366): Method > 1 org.cocos2dx.lib.Cocos2dxGLSurfaceView.onTouchEvent(org.cocos2dx.lib.Cocos2dxGLSurfaceView@283706976<file=><x=0><y=0><width=768><height=1184><id=-1>, android.view.MotionEvent@19898752)
I/org.umd.logging( 9366): Method < 1 org.cocos2dx.lib.Cocos2dxGLSurfaceView.onTouchEvent(true)
I/org.umd.logging( 9366): Method < 556 org.cocos2dx.lib.Cocos2dxGLSurfaceView$6.run()
I/org.umd.logging( 9366): Method > 556 org.cocos2dx.lib.Cocos2dxGLSurfaceView$7.run(org.cocos2dx.lib.Cocos2dxGLSurfaceView$7@589109772)
I/org.umd.logging( 9366): Method < 556 org.cocos2dx.lib.Cocos2dxGLSurfaceView$7.run()
W/ResourceType( 9366): No known package when getting name for resource number 0xffffffff
I/org.umd.logging( 9366): Method > 1 org.cocos2dx.lib.Cocos2dxGLSurfaceView.onTouchEvent(org.cocos2dx.lib.Cocos2dxGLSurfaceView@283706976<file=><x=0><y=0><width=768><height=1184><id=-1>, android.view.MotionEvent@19898752)
I/org.umd.logging( 9366): Method < 1 org.cocos2dx.lib.Cocos2dxGLSurfaceView.onTouchEvent(true)
I/org.umd.logging( 9366): Method > 556 org.cocos2dx.lib.Cocos2dxGLSurfaceView$7.run(org.cocos2dx.lib.Cocos2dxGLSurfaceView$7@43773781)
I/org.umd.logging( 9366): Method < 556 org.cocos2dx.lib.Cocos2dxGLSurfaceView$7.run()
W/AudioTrack( 9366): AUDIO_OUTPUT_FLAG_FAST denied by client
W/ResourceType( 9366): No known package when getting name for resource number 0xffffffff
I/org.umd.logging( 9366): Method > 1 org.cocos2dx.lib.Cocos2dxGLSurfaceView.onTouchEvent(org.cocos2dx.lib.Cocos2dxGLSurfaceView@283706976<file=><x=0><y=0><width=768><height=1184><id=-1>, android.view.MotionEvent@19898752)
I/org.umd.logging( 9366): Method < 1 org.cocos2dx.lib.Cocos2dxGLSurfaceView.onTouchEvent(true)
I/org.umd.logging( 9366): Method > 556 org.cocos2dx.lib.Cocos2dxGLSurfaceView$7.run(org.cocos2dx.lib.Cocos2dxGLSurfaceView$7@269417834)
I/org.umd.logging( 9366): Method < 556 org.cocos2dx.lib.Cocos2dxGLSurfaceView$7.run()
W/ResourceType( 9366): No known package when getting name for resource number 0xffffffff
I/org.umd.logging( 9366): Method > 1 org.cocos2dx.lib.Cocos2dxGLSurfaceView.onTouchEvent(org.cocos2dx.lib.Cocos2dxGLSurfaceView@283706976<file=><x=0><y=0><width=768><height=1184><id=-1>, android.view.MotionEvent@19898752)
I/org.umd.logging( 9366): Method < 1 org.cocos2dx.lib.Cocos2dxGLSurfaceView.onTouchEvent(true)
W/AudioTrack( 9366): AUDIO_OUTPUT_FLAG_FAST denied by client
I/org.umd.logging( 9366): Method > 556 org.cocos2dx.lib.Cocos2dxGLSurfaceView$7.run(org.cocos2dx.lib.Cocos2dxGLSurfaceView$7@294937179)
I/org.umd.logging( 9366): Method < 556 org.cocos2dx.lib.Cocos2dxGLSurfaceView$7.run()
W/ResourceType( 9366): No known package when getting name for resource number 0xffffffff
I/org.umd.logging( 9366): Method > 1 org.cocos2dx.lib.Cocos2dxGLSurfaceView.onTouchEvent(org.cocos2dx.lib.Cocos2dxGLSurfaceView@283706976<file=><x=0><y=0><width=768><height=1184><id=-1>, android.view.MotionEvent@19898752)
I/org.umd.logging( 9366): Method < 1 org.cocos2dx.lib.Cocos2dxGLSurfaceView.onTouchEvent(true)
I/org.umd.logging( 9366): Method > 556 org.cocos2dx.lib.Cocos2dxGLSurfaceView$9.run(org.cocos2dx.lib.Cocos2dxGLSurfaceView$9@528993016)
I/org.umd.logging( 9366): Method < 556 org.cocos2dx.lib.Cocos2dxGLSurfaceView$9.run()
W/AudioTrack( 9366): AUDIO_OUTPUT_FLAG_FAST denied by client
W/AudioTrack( 9366): AUDIO_OUTPUT_FLAG_FAST denied by client
W/AudioTrack( 9366): AUDIO_OUTPUT_FLAG_FAST denied by client
W/ProcessCpuTracker(  610): Skipping unknown process pid 9618
W/ProcessCpuTracker(  610): Skipping unknown process pid 9623
W/ProcessCpuTracker(  610): Skipping unknown process pid 9630
W/ProcessCpuTracker(  610): Skipping unknown process pid 9635
I/DownloadManagerWrapper( 1360): onReceive() : Charging = true
D/audio_hw_primary(  197): out_set_parameters: enter: usecase(0: deep-buffer-playback) kvpairs: routing=2
W/ResourceType( 9366): No known package when getting name for resource number 0xffffffff
I/org.umd.logging( 9366): Method > 1 org.cocos2dx.lib.Cocos2dxGLSurfaceView.onTouchEvent(org.cocos2dx.lib.Cocos2dxGLSurfaceView@283706976<file=><x=0><y=0><width=768><height=1184><id=-1>, android.view.MotionEvent@19898752)
I/org.umd.logging( 9366): Method < 1 org.cocos2dx.lib.Cocos2dxGLSurfaceView.onTouchEvent(true)
I/org.umd.logging( 9366): Method > 556 org.cocos2dx.lib.Cocos2dxGLSurfaceView$6.run(org.cocos2dx.lib.Cocos2dxGLSurfaceView$6@7941073)
W/AudioTrack( 9366): AUDIO_OUTPUT_FLAG_FAST denied by client
I/org.umd.logging( 9366): Method < 556 org.cocos2dx.lib.Cocos2dxGLSurfaceView$6.run()
W/ResourceType( 9366): No known package when getting name for resource number 0xffffffff
I/org.umd.logging( 9366): Method > 1 org.cocos2dx.lib.Cocos2dxGLSurfaceView.onTouchEvent(org.cocos2dx.lib.Cocos2dxGLSurfaceView@283706976<file=><x=0><y=0><width=768><height=1184><id=-1>, android.view.MotionEvent@19898752)
I/org.umd.logging( 9366): Method < 1 org.cocos2dx.lib.Cocos2dxGLSurfaceView.onTouchEvent(true)
I/org.umd.logging( 9366): Method > 556 org.cocos2dx.lib.Cocos2dxGLSurfaceView$7.run(org.cocos2dx.lib.Cocos2dxGLSurfaceView$7@328697398)
I/org.umd.logging( 9366): Method < 556 org.cocos2dx.lib.Cocos2dxGLSurfaceView$7.run()
W/ResourceType( 9366): No known package when getting name for resource number 0xffffffff
I/org.umd.logging( 9366): Method > 1 org.cocos2dx.lib.Cocos2dxGLSurfaceView.onTouchEvent(org.cocos2dx.lib.Cocos2dxGLSurfaceView@283706976<file=><x=0><y=0><width=768><height=1184><id=-1>, android.view.MotionEvent@19898752)
I/org.umd.logging( 9366): Method < 1 org.cocos2dx.lib.Cocos2dxGLSurfaceView.onTouchEvent(true)
I/org.umd.logging( 9366): Method > 556 org.cocos2dx.lib.Cocos2dxGLSurfaceView$7.run(org.cocos2dx.lib.Cocos2dxGLSurfaceView$7@103598391)
I/org.umd.logging( 9366): Method < 556 org.cocos2dx.lib.Cocos2dxGLSurfaceView$7.run()
W/ResourceType( 9366): No known package when getting name for resource number 0xffffffff
I/org.umd.logging( 9366): Method > 1 org.cocos2dx.lib.Cocos2dxGLSurfaceView.onTouchEvent(org.cocos2dx.lib.Cocos2dxGLSurfaceView@283706976<file=><x=0><y=0><width=768><height=1184><id=-1>, android.view.MotionEvent@19898752)
I/org.umd.logging( 9366): Method < 1 org.cocos2dx.lib.Cocos2dxGLSurfaceView.onTouchEvent(true)
I/org.umd.logging( 9366): Method > 556 org.cocos2dx.lib.Cocos2dxGLSurfaceView$9.run(org.cocos2dx.lib.Cocos2dxGLSurfaceView$9@501915300)
I/org.umd.logging( 9366): Method < 556 org.cocos2dx.lib.Cocos2dxGLSurfaceView$9.run()
D/audio_hw_primary(  197): out_set_parameters: enter: usecase(0: deep-buffer-playback) kvpairs: routing=2
W/ResourceType( 9366): No known package when getting name for resource number 0xffffffff
I/org.umd.logging( 9366): Method > 1 org.cocos2dx.lib.Cocos2dxGLSurfaceView.onTouchEvent(org.cocos2dx.lib.Cocos2dxGLSurfaceView@283706976<file=><x=0><y=0><width=768><height=1184><id=-1>, android.view.MotionEvent@19898752)
I/org.umd.logging( 9366): Method < 1 org.cocos2dx.lib.Cocos2dxGLSurfaceView.onTouchEvent(true)
I/org.umd.logging( 9366): Method > 556 org.cocos2dx.lib.Cocos2dxGLSurfaceView$6.run(org.cocos2dx.lib.Cocos2dxGLSurfaceView$6@269726733)
W/AudioTrack( 9366): AUDIO_OUTPUT_FLAG_FAST denied by client
I/org.umd.logging( 9366): Method < 556 org.cocos2dx.lib.Cocos2dxGLSurfaceView$6.run()
W/ResourceType( 9366): No known package when getting name for resource number 0xffffffff
I/org.umd.logging( 9366): Method > 1 org.cocos2dx.lib.Cocos2dxGLSurfaceView.onTouchEvent(org.cocos2dx.lib.Cocos2dxGLSurfaceView@283706976<file=><x=0><y=0><width=768><height=1184><id=-1>, android.view.MotionEvent@19898752)
I/org.umd.logging( 9366): Method < 1 org.cocos2dx.lib.Cocos2dxGLSurfaceView.onTouchEvent(true)
I/org.umd.logging( 9366): Method > 556 org.cocos2dx.lib.Cocos2dxGLSurfaceView$7.run(org.cocos2dx.lib.Cocos2dxGLSurfaceView$7@676188098)
I/org.umd.logging( 9366): Method < 556 org.cocos2dx.lib.Cocos2dxGLSurfaceView$7.run()
W/ResourceType( 9366): No known package when getting name for resource number 0xffffffff
I/org.umd.logging( 9366): Method > 1 org.cocos2dx.lib.Cocos2dxGLSurfaceView.onTouchEvent(org.cocos2dx.lib.Cocos2dxGLSurfaceView@283706976<file=><x=0><y=0><width=768><height=1184><id=-1>, android.view.MotionEvent@19898752)
I/org.umd.logging( 9366): Method < 1 org.cocos2dx.lib.Cocos2dxGLSurfaceView.onTouchEvent(true)
I/org.umd.logging( 9366): Method > 556 org.cocos2dx.lib.Cocos2dxGLSurfaceView$7.run(org.cocos2dx.lib.Cocos2dxGLSurfaceView$7@276480467)
I/org.umd.logging( 9366): Method < 556 org.cocos2dx.lib.Cocos2dxGLSurfaceView$7.run()
W/ResourceType( 9366): No known package when getting name for resource number 0xffffffff
I/org.umd.logging( 9366): Method > 1 org.cocos2dx.lib.Cocos2dxGLSurfaceView.onTouchEvent(org.cocos2dx.lib.Cocos2dxGLSurfaceView@283706976<file=><x=0><y=0><width=768><height=1184><id=-1>, android.view.MotionEvent@19898752)
I/org.umd.logging( 9366): Method < 1 org.cocos2dx.lib.Cocos2dxGLSurfaceView.onTouchEvent(true)
I/org.umd.logging( 9366): Method > 556 org.cocos2dx.lib.Cocos2dxGLSurfaceView$9.run(org.cocos2dx.lib.Cocos2dxGLSurfaceView$9@663027984)
I/org.umd.logging( 9366): Method < 556 org.cocos2dx.lib.Cocos2dxGLSurfaceView$9.run()
D/audio_hw_primary(  197): out_set_parameters: enter: usecase(0: deep-buffer-playback) kvpairs: routing=2
W/ResourceType( 9366): No known package when getting name for resource number 0xffffffff
I/org.umd.logging( 9366): Method > 1 org.cocos2dx.lib.Cocos2dxGLSurfaceView.onTouchEvent(org.cocos2dx.lib.Cocos2dxGLSurfaceView@283706976<file=><x=0><y=0><width=768><height=1184><id=-1>, android.view.MotionEvent@19898752)
I/org.umd.logging( 9366): Method < 1 org.cocos2dx.lib.Cocos2dxGLSurfaceView.onTouchEvent(true)
I/org.umd.logging( 9366): Method > 556 org.cocos2dx.lib.Cocos2dxGLSurfaceView$6.run(org.cocos2dx.lib.Cocos2dxGLSurfaceView$6@1012171785)
W/AudioTrack( 9366): AUDIO_OUTPUT_FLAG_FAST denied by client
I/org.umd.logging( 9366): Method < 556 org.cocos2dx.lib.Cocos2dxGLSurfaceView$6.run()
W/ResourceType( 9366): No known package when getting name for resource number 0xffffffff
I/org.umd.logging( 9366): Method > 1 org.cocos2dx.lib.Cocos2dxGLSurfaceView.onTouchEvent(org.cocos2dx.lib.Cocos2dxGLSurfaceView@283706976<file=><x=0><y=0><width=768><height=1184><id=-1>, android.view.MotionEvent@19898752)
I/org.umd.logging( 9366): Method < 1 org.cocos2dx.lib.Cocos2dxGLSurfaceView.onTouchEvent(true)
I/org.umd.logging( 9366): Method > 556 org.cocos2dx.lib.Cocos2dxGLSurfaceView$7.run(org.cocos2dx.lib.Cocos2dxGLSurfaceView$7@405612046)
I/org.umd.logging( 9366): Method < 556 org.cocos2dx.lib.Cocos2dxGLSurfaceView$7.run()
W/AudioTrack( 9366): AUDIO_OUTPUT_FLAG_FAST denied by client
W/ResourceType( 9366): No known package when getting name for resource number 0xffffffff
I/org.umd.logging( 9366): Method > 1 org.cocos2dx.lib.Cocos2dxGLSurfaceView.onTouchEvent(org.cocos2dx.lib.Cocos2dxGLSurfaceView@283706976<file=><x=0><y=0><width=768><height=1184><id=-1>, android.view.MotionEvent@19898752)
I/org.umd.logging( 9366): Method > 556 org.cocos2dx.lib.Cocos2dxGLSurfaceView$7.run(org.cocos2dx.lib.Cocos2dxGLSurfaceView$7@161851439)
I/org.umd.logging( 9366): Method < 556 org.cocos2dx.lib.Cocos2dxGLSurfaceView$7.run()
I/org.umd.logging( 9366): Method < 1 org.cocos2dx.lib.Cocos2dxGLSurfaceView.onTouchEvent(true)
W/AudioTrack( 9366): AUDIO_OUTPUT_FLAG_FAST denied by client
W/ResourceType( 9366): No known package when getting name for resource number 0xffffffff
I/org.umd.logging( 9366): Method > 1 org.cocos2dx.lib.Cocos2dxGLSurfaceView.onTouchEvent(org.cocos2dx.lib.Cocos2dxGLSurfaceView@283706976<file=><x=0><y=0><width=768><height=1184><id=-1>, android.view.MotionEvent@19898752)
I/org.umd.logging( 9366): Method < 1 org.cocos2dx.lib.Cocos2dxGLSurfaceView.onTouchEvent(true)
I/org.umd.logging( 9366): Method > 556 org.cocos2dx.lib.Cocos2dxGLSurfaceView$9.run(org.cocos2dx.lib.Cocos2dxGLSurfaceView$9@404823612)
I/org.umd.logging( 9366): Method < 556 org.cocos2dx.lib.Cocos2dxGLSurfaceView$9.run()
W/AudioTrack( 9366): AUDIO_OUTPUT_FLAG_FAST denied by client
D/audio_hw_primary(  197): out_set_parameters: enter: usecase(0: deep-buffer-playback) kvpairs: routing=2
W/AudioTrack( 9366): AUDIO_OUTPUT_FLAG_FAST denied by client
W/AudioTrack( 9366): AUDIO_OUTPUT_FLAG_FAST denied by client
D/audio_hw_primary(  197): out_set_parameters: enter: usecase(0: deep-buffer-playback) kvpairs: routing=2
I/org.umd.logging( 9366): Api > 556 android.media.MediaPlayer.stop(android.media.MediaPlayer@108247214)
D/NuPlayerDriver(  197): stop(0xb7c47988)
I/org.umd.logging( 9366): Api < 556 android.media.MediaPlayer.stop()
D/NuPlayerDriver(  197): start(0xb7cf8f80)
I/GenericSource(  197): start
D/NuPlayerDriver(  197): reset(0xb7cf8f80)
D/NuPlayerDriver(  197): notifyResetComplete(0xb7cf8f80)
W/AudioTrack( 9366): AUDIO_OUTPUT_FLAG_FAST denied by client
W/ResourceType( 9366): No known package when getting name for resource number 0xffffffff
I/org.umd.logging( 9366): Method > 1 org.cocos2dx.lib.Cocos2dxGLSurfaceView.onTouchEvent(org.cocos2dx.lib.Cocos2dxGLSurfaceView@283706976<file=><x=0><y=0><width=768><height=1184><id=-1>, android.view.MotionEvent@19898752)
I/org.umd.logging( 9366): Method < 1 org.cocos2dx.lib.Cocos2dxGLSurfaceView.onTouchEvent(true)
I/org.umd.logging( 9366): Method > 556 org.cocos2dx.lib.Cocos2dxGLSurfaceView$6.run(org.cocos2dx.lib.Cocos2dxGLSurfaceView$6@1001936837)
W/AudioTrack( 9366): AUDIO_OUTPUT_FLAG_FAST denied by client
I/org.umd.logging( 9366): Method < 556 org.cocos2dx.lib.Cocos2dxGLSurfaceView$6.run()
W/ResourceType( 9366): No known package when getting name for resource number 0xffffffff
I/org.umd.logging( 9366): Method > 1 org.cocos2dx.lib.Cocos2dxGLSurfaceView.onTouchEvent(org.cocos2dx.lib.Cocos2dxGLSurfaceView@283706976<file=><x=0><y=0><width=768><height=1184><id=-1>, android.view.MotionEvent@19898752)
I/org.umd.logging( 9366): Method < 1 org.cocos2dx.lib.Cocos2dxGLSurfaceView.onTouchEvent(true)
I/org.umd.logging( 9366): Method > 556 org.cocos2dx.lib.Cocos2dxGLSurfaceView$7.run(org.cocos2dx.lib.Cocos2dxGLSurfaceView$7@1067029786)
I/org.umd.logging( 9366): Method < 556 org.cocos2dx.lib.Cocos2dxGLSurfaceView$7.run()
W/ResourceType( 9366): No known package when getting name for resource number 0xffffffff
I/org.umd.logging( 9366): Method > 1 org.cocos2dx.lib.Cocos2dxGLSurfaceView.onTouchEvent(org.cocos2dx.lib.Cocos2dxGLSurfaceView@283706976<file=><x=0><y=0><width=768><height=1184><id=-1>, android.view.MotionEvent@19898752)
I/org.umd.logging( 9366): Method < 1 org.cocos2dx.lib.Cocos2dxGLSurfaceView.onTouchEvent(true)
I/org.umd.logging( 9366): Method > 556 org.cocos2dx.lib.Cocos2dxGLSurfaceView$9.run(org.cocos2dx.lib.Cocos2dxGLSurfaceView$9@200185931)
I/org.umd.logging( 9366): Method < 556 org.cocos2dx.lib.Cocos2dxGLSurfaceView$9.run()
I/DownloadManagerWrapper( 1360): onReceive() : Charging = true
W/ResourceType( 1097): No package identifier when getting value for resource number 0x00000000
W/PackageManager( 1097): Failure retrieving resources for com.ninjajumprun.android: Resource ID #0x0
I/ActivityManager(  610): START u0 {act=com.android.systemui.recents.SHOW_RECENTS flg=0x10804000 cmp=com.android.systemui/.recents.RecentsActivity} from uid 10022 on display 0
I/org.umd.logging( 9366): Method > 1 com.ninjajumprun.android.MainActivity.onPause(com.ninjajumprun.android.MainActivity@854450322<activity=true>)
I/org.umd.logging( 9366): Method > 1 org.cocos2dx.lib.Cocos2dxActivity.onPause(com.ninjajumprun.android.MainActivity@854450322<activity=true>)
I/org.umd.logging( 9366): Method > 1 org.cocos2dx.lib.Cocos2dxHelper.onPause()
I/org.umd.logging( 9366): Method < 1 org.cocos2dx.lib.Cocos2dxHelper.onPause()
W/ResourceType( 9366): No known package when getting name for resource number 0xffffffff
I/org.umd.logging( 9366): Method > 1 org.cocos2dx.lib.Cocos2dxGLSurfaceView.onPause(org.cocos2dx.lib.Cocos2dxGLSurfaceView@283706976<file=><x=0><y=0><width=768><height=1184><id=-1>)
I/org.umd.logging( 9366): Method < 1 org.cocos2dx.lib.Cocos2dxGLSurfaceView.onPause()
I/org.umd.logging( 9366): Method < 1 org.cocos2dx.lib.Cocos2dxActivity.onPause()
I/org.umd.logging( 9366): Method < 1 com.ninjajumprun.android.MainActivity.onPause()
I/org.umd.logging( 9366): Method > 556 org.cocos2dx.lib.Cocos2dxGLSurfaceView$4.run(org.cocos2dx.lib.Cocos2dxGLSurfaceView$4@902540097)
I/org.umd.logging( 9366): Method < 556 org.cocos2dx.lib.Cocos2dxGLSurfaceView$4.run()
I/org.umd.logging( 9366): Method > 1 com.ninjajumprun.android.MainActivity.onDestroy(com.ninjajumprun.android.MainActivity@854450322<activity=true>)
I/ActivityManager(  610): Killing 9366:com.ninjajumprun.android/u0a223 (adj 9): remove task
D/ConnectivityService(  610): ConnectivityService NetworkRequestInfo binderDied(NetworkRequest [ id=17, legacyType=-1, [ Capabilities: INTERNET&NOT_RESTRICTED&TRUSTED] ], android.os.BinderProxy@2665b1e)
I/WindowState(  610): WIN DEATH: Window{225a2d40 u0 com.ninjajumprun.android/com.ninjajumprun.android.MainActivity}
W/WindowManager(  610): Force-removing child win Window{f215f35 u0 SurfaceView} from container Window{225a2d40 u0 com.ninjajumprun.android/com.ninjajumprun.android.MainActivity}
D/ConnectivityService(  610): ConnectivityService NetworkRequestInfo binderDied(NetworkRequest [ id=18, legacyType=-1, [ Capabilities: INTERNET&NOT_RESTRICTED&TRUSTED] ], android.os.BinderProxy@c8c1fff)
D/NuPlayerDriver(  197): reset(0xb7c47988)
D/ConnectivityService(  610): releasing NetworkRequest NetworkRequest [ id=17, legacyType=-1, [ Capabilities: INTERNET&NOT_RESTRICTED&TRUSTED] ]
D/NuPlayerDriver(  197): notifyResetComplete(0xb7c47988)
E/ConnectivityService(  610): RemoteException caught trying to send a callback msg for NetworkRequest [ id=17, legacyType=-1, [ Capabilities: INTERNET&NOT_RESTRICTED&TRUSTED] ]
D/ConnectivityService(  610): releasing NetworkRequest NetworkRequest [ id=18, legacyType=-1, [ Capabilities: INTERNET&NOT_RESTRICTED&TRUSTED] ]
E/ConnectivityService(  610): RemoteException caught trying to send a callback msg for NetworkRequest [ id=18, legacyType=-1, [ Capabilities: INTERNET&NOT_RESTRICTED&TRUSTED] ]
D/audio_hw_primary(  197): disable_audio_route: reset and update mixer path: deep-buffer-playback
W/AudioFlinger(  197): session id 26 not found for pid 9366
I/ActivityManager(  610): START u0 {act=android.intent.action.MAIN cat=[android.intent.category.HOME] flg=0x10200000 cmp=com.android.launcher/com.android.launcher2.Launcher} from uid 10022 on display 0
D/TaskPersister(  610): removeObsoleteFile: deleting file=5_task.xml
D/TaskPersister(  610): removeObsoleteFile: deleting file=5_task_thumbnail.png
W/OpenGLRenderer( 1423): Incorrectly called buildLayer on View: ShortcutAndWidgetContainer, destroying layer...
W/OpenGLRenderer( 1423): Incorrectly called buildLayer on View: ShortcutAndWidgetContainer, destroying layer...
D/audio_hw_primary(  197): disable_audio_route: reset and update mixer path: low-latency-playback
D/audio_hw_primary(  197): disable_snd_device: snd_device(2: speaker)
I/DownloadManagerWrapper( 1360): onReceive() : Charging = true
I/DownloadManagerWrapper( 1360): onReceive() : Charging = true
E/WifiStateMachine(  610): WifiStateMachine CMD_START_SCAN source -2 txSuccessRate=0.78 rxSuccessRate=0.40 targetRoamBSSID=b4:e9:b0:e5:06:d0 RSSI=-49
I/DownloadManagerWrapper( 1360): onReceive() : Charging = true
