--------- beginning of main
I/DownloadManagerWrapper( 1360): onReceive() : Charging = true
I/DownloadManagerWrapper( 1360): onReceive() : Charging = true
E/WifiStateMachine(  610): WifiStateMachine CMD_START_SCAN source -2 txSuccessRate=0.11 rxSuccessRate=0.11 targetRoamBSSID=b4:e9:b0:e5:06:d0 RSSI=-57
I/DownloadManagerWrapper( 1360): onReceive() : Charging = true
I/DownloadManagerWrapper( 1360): onReceive() : Charging = true
--------- beginning of system
I/DeviceStorageMonitorService(  610): No boot image on disk due to lack of space. Sending notification
I/ValidateNoPeople(  610): skipping global notification
D/MusicLifecycle( 4842): com.google.android.music.download.cache.StorageLowBroadcastReceiver generated event: Broadcast received with context android.app.ReceiverRestrictedContext@22251b2d and intent Intent { act=android.intent.action.DEVICE_STORAGE_LOW flg=0x4000010 cmp=com.google.android.music/.download.cache.StorageLowBroadcastReceiver }
D/ConnectivityService(  610): reportBadNetwork(NetworkAgentInfo [WIFI () - 100]) by 10008
D/NetworkMonitor/NetworkAgentInfo [WIFI () - 100](  610): ValidatedState{ when=0 what=532488 arg1=10008 target=com.android.internal.util.StateMachine$SmHandler }
D/NetworkMonitor/NetworkAgentInfo [WIFI () - 100](  610): DefaultState{ when=-1ms what=532488 arg1=10008 target=com.android.internal.util.StateMachine$SmHandler }
D/NetworkMonitor/NetworkAgentInfo [WIFI () - 100](  610): Forcing reevaluation
D/NetworkMonitor/NetworkAgentInfo [WIFI () - 100](  610): EvaluatingState{ when=-1ms what=532486 arg1=15 target=com.android.internal.util.StateMachine$SmHandler }
D/NetworkMonitor/NetworkAgentInfo [WIFI () - 100](  610): Checking http://connectivitycheck.android.com/generate_204 on "BU (802.1x)"
D/NetworkMonitor/NetworkAgentInfo [WIFI () - 100](  610): isCaptivePortal: ret=204 headers={null=[HTTP/1.1 204 No Content], Content-Length=[0], Date=[Wed, 30 Nov 2016 14:23:32 GMT], X-Android-Received-Millis=[1480515812708], X-Android-Response-Source=[NETWORK 204], X-Android-Sent-Millis=[1480515812696]}
D/NetworkMonitor/NetworkAgentInfo [WIFI () - 100](  610): Don't send network conditions - lacking user consent.
D/NetworkMonitor/NetworkAgentInfo [WIFI () - 100](  610): Validated
D/ConnectivityService(  610): setProvNotificationVisibleIntent: E visible=false networkType=0 extraInfo=null
D/ConnectivityService(  610): Validated NetworkAgentInfo [WIFI () - 100]
W/ActivityManager(  610): getRunningAppProcesses: caller 10072 does not hold REAL_GET_TASKS; limiting output
E/Icing   ( 7520): dlopen failed: library "/data/data/com.google.android.gms/files/libAppDataSearchExt_armeabi_v7a.so" not found
E/Icing   ( 7520): Loading extension /data/data/com.google.android.gms/files/libAppDataSearchExt_armeabi_v7a.so failed
W/WakefulBroadcastReceiver( 2904): No active wake lock id #18
W/Icing   ( 7520): Registering libAppDataSearchExt_armeabi_v7a.so failed: There is not enough space to perform the download.
I/Icing   ( 7520): MaintenanceDriver: Registering all GCM Tasks.
W/ContentTaskController( 1620): Invalid newTask was provided to startTracking.
E/WifiStateMachine(  610): WifiStateMachine CMD_START_SCAN source -2 txSuccessRate=0.50 rxSuccessRate=0.00 targetRoamBSSID=b4:e9:b0:e5:06:d0 RSSI=-59
I/DownloadManagerWrapper( 1360): onReceive() : Charging = true
W/ContentTaskController( 1620): Invalid task was provided to stopTracking.
I/GCM     ( 1620): Ack for not saved message 35
W/ContentTaskController( 1620): Invalid newTask was provided to startTracking.
I/art     (  610): Explicit concurrent mark sweep GC freed 51023(2MB) AllocSpace objects, 3(48KB) LOS objects, 33% free, 27MB/41MB, paused 1.403ms total 181.626ms
I/DownloadManagerWrapper( 1360): onReceive() : Charging = true
I/DeviceStateChecker( 1496): screenOn: true, isCharging: true
E/WifiStateMachine(  610): WifiStateMachine CMD_START_SCAN source -2 txSuccessRate=0.60 rxSuccessRate=0.50 targetRoamBSSID=b4:e9:b0:e5:06:d0 RSSI=-59
I/DownloadManagerWrapper( 1360): onReceive() : Charging = true
I/DownloadManagerWrapper( 1360): onReceive() : Charging = true
I/DownloadManagerWrapper( 1360): onReceive() : Charging = true
E/WifiStateMachine(  610): WifiStateMachine CMD_START_SCAN source -2 txSuccessRate=0.01 rxSuccessRate=0.01 targetRoamBSSID=b4:e9:b0:e5:06:d0 RSSI=-59
I/DownloadManagerWrapper( 1360): onReceive() : Charging = true
I/DeviceStorageMonitorService(  610): No boot image on disk due to lack of space. Sending notification
I/ValidateNoPeople(  610): skipping global notification
D/MusicLifecycle( 4842): com.google.android.music.download.cache.StorageLowBroadcastReceiver generated event: Broadcast received with context android.app.ReceiverRestrictedContext@22251b2d and intent Intent { act=android.intent.action.DEVICE_STORAGE_LOW flg=0x4000010 cmp=com.google.android.music/.download.cache.StorageLowBroadcastReceiver }
D/ConnectivityService(  610): reportBadNetwork(NetworkAgentInfo [WIFI () - 100]) by 10008
D/NetworkMonitor/NetworkAgentInfo [WIFI () - 100](  610): ValidatedState{ when=-1ms what=532488 arg1=10008 target=com.android.internal.util.StateMachine$SmHandler }
D/NetworkMonitor/NetworkAgentInfo [WIFI () - 100](  610): DefaultState{ when=-2ms what=532488 arg1=10008 target=com.android.internal.util.StateMachine$SmHandler }
D/NetworkMonitor/NetworkAgentInfo [WIFI () - 100](  610): Forcing reevaluation
D/NetworkMonitor/NetworkAgentInfo [WIFI () - 100](  610): EvaluatingState{ when=-1ms what=532486 arg1=16 target=com.android.internal.util.StateMachine$SmHandler }
D/NetworkMonitor/NetworkAgentInfo [WIFI () - 100](  610): Checking http://connectivitycheck.android.com/generate_204 on "BU (802.1x)"
D/NetworkMonitor/NetworkAgentInfo [WIFI () - 100](  610): isCaptivePortal: ret=204 headers={null=[HTTP/1.1 204 No Content], Content-Length=[0], Date=[Wed, 30 Nov 2016 14:24:32 GMT], X-Android-Received-Millis=[1480515872790], X-Android-Response-Source=[NETWORK 204], X-Android-Sent-Millis=[1480515872781]}
D/NetworkMonitor/NetworkAgentInfo [WIFI () - 100](  610): Don't send network conditions - lacking user consent.
D/NetworkMonitor/NetworkAgentInfo [WIFI () - 100](  610): Validated
D/ConnectivityService(  610): setProvNotificationVisibleIntent: E visible=false networkType=0 extraInfo=null
D/ConnectivityService(  610): Validated NetworkAgentInfo [WIFI () - 100]
W/ActivityManager(  610): getRunningAppProcesses: caller 10072 does not hold REAL_GET_TASKS; limiting output
E/Icing   ( 7520): dlopen failed: library "/data/data/com.google.android.gms/files/libAppDataSearchExt_armeabi_v7a.so" not found
E/Icing   ( 7520): Loading extension /data/data/com.google.android.gms/files/libAppDataSearchExt_armeabi_v7a.so failed
W/WakefulBroadcastReceiver( 2904): No active wake lock id #19
W/Icing   ( 7520): Registering libAppDataSearchExt_armeabi_v7a.so failed: There is not enough space to perform the download.
I/Icing   ( 7520): MaintenanceDriver: Registering all GCM Tasks.
W/ContentTaskController( 1620): Invalid newTask was provided to startTracking.
E/WifiStateMachine(  610): WifiStateMachine CMD_START_SCAN source -2 txSuccessRate=2.00 rxSuccessRate=1.00 targetRoamBSSID=b4:e9:b0:e5:06:d0 RSSI=-60
I/DownloadManagerWrapper( 1360): onReceive() : Charging = true
W/ContentTaskController( 1620): Invalid task was provided to stopTracking.
I/GCM     ( 1620): Ack for not saved message 35
D/WVCdm   (  197): Instantiating CDM.
I/WVCdm   (  197): CdmEngine::OpenSession
I/WVCdm   (  197): Level3 Library Dec 11 2014 16:13:16
W/WVCdm   (  197): Could not read /data/mediadrm/IDM1013/ay64.dat2: No such file or directory
D/DrmWidevineDash(  197): OEMCrypto_Initialize: starts! g_qsee_apps_version = 0x11
D/DrmWidevineDash(  197): Service_Initialize: starts!
D/QSEECOMAPI: (  197): QSEECom_start_app sb_length = 0x19000
D/QSEECOMAPI: (  197): App is not loaded in QSEE
E/QSEECOMAPI: (  197): Error::Cannot open the file /vendor/firmware/tzapps.mdt
E/QSEECOMAPI: (  197): Error::Loading image failed with ret = -1
D/QSEECOMAPI: (  197): QSEECom_start_app sb_length = 0x19000
D/QSEECOMAPI: (  197): App is not loaded in QSEE
D/QSEECOMAPI: (  197): Loaded image: APP id = 2
D/DrmWidevineDash(  197): Service_Initialize: ends! returns 0
D/DrmWidevineDash(  197): OEMCrypto_Initialize sion_buffer g_wv_fhandle->ion_sbuffer  0x0xb4f90000
E/DrmWidevineDash(  197): sion_buffer g_wv_fhandle->ion_sbuffer  0x0xb4f90000
D/DrmWidevineDash(  197): OEMCrypto_Initialize: ends! returns 0
D/DrmWidevineDash(  197): OEMCrypto_APIVersion: starts!
D/DrmWidevineDash(  197): hlos api version =  9
D/DrmWidevineDash(  197): tz api version =  9
D/DrmWidevineDash(  197): OEMCrypto_APIVersion: ends! returns version 9
D/DrmWidevineDash(  197): OEMCrypto_IsKeyboxValid: starts!
D/DrmWidevineDash(  197): OEMCrypto_IsKeyboxValid: ends! returns 0
D/WVCdm   (  197): OEMCrypto_Initialize Level 1 success. I will use level 1.
D/DrmWidevineDash(  197): OEMCrypto_OpenSession: starts! SID=0xbe956520
D/DrmWidevineDash(  197): OEMCrypto_OpenSession SID = 1
D/DrmWidevineDash(  197): OEMCrypto_OpenSession: ends! returns 0
D/DrmWidevineDash(  197): OEMCrypto_GetRandom: starts! randomData=0xb7c42f98, dataLength=8
D/DrmWidevineDash(  197): OEMCrypto_GetRandom: ends! returns 0
D/DrmWidevineDash(  197): OEMCrypto_LoadDeviceRSAKey: starts!SID=1, wrapped_rsa_key=0xb7c3ba80, wrapped_rsa_key_length=1280
D/DrmWidevineDash(  197): OEMCrypto_LoadDeviceRSAKey: ends! returns 0
I/WVCdm   (  197): CdmEngine::QueryKeyControlInfo
W/WVCdm   (  197): BufferReader::Read<T> : Failure during parse: Not enough bytes (4)
W/WVCdm   (  197): CdmEngine::ExtractWidevinePssh: Unable to read PSSH atom size
I/WVCdm   (  197): CdmEngine::GenerateKeyRequest
D/DrmWidevineDash(  197): OEMCrypto_GetDeviceID: starts! deviceID=0xb7c55bb0, idLength=0xb489c730
D/DrmWidevineDash(  197): OEMCrypto_GetDeviceID: ends! returns 0
D/DrmWidevineDash(  197): OEMCrypto_SupportsUsageTable: starts!
D/DrmWidevineDash(  197): OEMCrypto_SupportsUsageTable: is_supported = 1
D/DrmWidevineDash(  197): OEMCrypto_SupportsUsageTable: wv_app_version = 22
D/DrmWidevineDash(  197): OEMCrypto_SupportsUsageTable: ends! returns 0x0
D/DrmWidevineDash(  197): OEMCrypto_GetHDCPCapability: starts!
D/DrmWidevineDash(  197): OEMCrypto_GetHDCPCapability: ends! returns 0x0
D/DrmWidevineDash(  197): OEMCrypto_APIVersion: starts!
D/DrmWidevineDash(  197): hlos api version =  9
D/DrmWidevineDash(  197): tz api version =  9
D/DrmWidevineDash(  197): OEMCrypto_APIVersion: ends! returns version 9
D/DrmWidevineDash(  197): OEMCrypto_GenerateNonce: starts! SID=1
D/DrmWidevineDash(  197): OEMCrypto_GenerateNonce: ends! returns 0
D/WVCdm   (  197): PrepareKeyRequest: nonce=3908827235
D/DrmWidevineDash(  197): OEMCrypto_GenerateRSASignature starts! SID=1, message=0xb7c40a50
D/DrmWidevineDash(  197): message_length=1598, signature=0xb7c4a3a0, signature_length=3028928276
D/DrmWidevineDash(  197): OEMCrypto_GenerateRSASignature returns 0
I/WVCdm   (  197): CdmEngine::CloseSession
D/DrmWidevineDash(  197): OEMCrypto_CloseSession: starts! SID=1
D/DrmWidevineDash(  197): OEMCrypto_CloseSession: ends! returns 0
I/WVCdm   (  197): L3 Terminate.
D/DrmWidevineDash(  197): OEMCrypto_Terminate: starts!
D/DrmWidevineDash(  197): Service_Uninitialize: starts!
D/QSEECOMAPI: (  197): QSEECom_shutdown_app 
D/QSEECOMAPI: (  197): QSEECom_shutdown_app, app_id = 2
D/DrmWidevineDash(  197): Service_Uninitialize: ends! returns 0x0
D/DrmWidevineDash(  197): OEMCrypto_Terminate: ends! returns 0
I/Zygote  (  206): Process 7407 exited due to signal (11)
I/ActivityManager(  610): Process com.google.android.gms.unstable (pid 7407) has died
W/ActivityManager(  610): Scheduling restart of crashed service com.google.android.gms/.droidguard.DroidGuardService in 1000ms
W/GLSUser ( 1620): [AppCertManager] IOException while requesting key: 
W/GLSUser ( 1620): java.io.IOException: Invalid device key response.
W/GLSUser ( 1620): 	at enr.a(:com.google.android.gms:282)
W/GLSUser ( 1620): 	at enr.a(:com.google.android.gms:4237)
W/GLSUser ( 1620): 	at enq.a(:com.google.android.gms:46)
W/GLSUser ( 1620): 	at enk.a(:com.google.android.gms:53)
W/GLSUser ( 1620): 	at enj.a(:com.google.android.gms:111)
W/GLSUser ( 1620): 	at com.google.android.gms.auth.account.be.legacy.AuthCronChimeraService.b(:com.google.android.gms:4052)
W/GLSUser ( 1620): 	at dxg.call(:com.google.android.gms:2043)
W/GLSUser ( 1620): 	at java.util.concurrent.FutureTask.run(FutureTask.java:237)
W/GLSUser ( 1620): 	at kzi.run(:com.google.android.gms:450)
W/GLSUser ( 1620): 	at java.util.concurrent.ThreadPoolExecutor.runWorker(ThreadPoolExecutor.java:1112)
W/GLSUser ( 1620): 	at java.util.concurrent.ThreadPoolExecutor$Worker.run(ThreadPoolExecutor.java:587)
W/GLSUser ( 1620): 	at ldm.run(:com.google.android.gms:17)
W/GLSUser ( 1620): 	at java.lang.Thread.run(Thread.java:818)
W/ContentTaskController( 1620): Invalid newTask was provided to startTracking.
W/ContentTaskController( 1620): Invalid newTask was provided to startTracking.
I/art     (  206): Background concurrent mark sweep GC freed 795(33KB) AllocSpace objects, 0(0B) LOS objects, 40% free, 11MB/19MB, paused 274us total 147.321ms
I/ActivityManager(  610): Start proc 7954:com.google.android.gms.unstable/u0a8 for service com.google.android.gms/.droidguard.DroidGuardService
W/ResourcesManager( 7954): Asset path '/system/framework/com.android.media.remotedisplay.jar' does not exist or contains no resources.
W/ResourcesManager( 7954): Asset path '/system/framework/com.android.location.provider.jar' does not exist or contains no resources.
W/linker  ( 7954): libgmscore.so: unused DT entry: type 0x7ffffffd arg 0x79f
W/linker  ( 7954): libconscrypt_gmscore_jni.so: unused DT entry: type 0x1d arg 0xe0
W/linker  ( 7954): libconscrypt_gmscore_jni.so: unused DT entry: type 0x7ffffffd arg 0x1c9
V/JNIHelp ( 7954): Registering com/google/android/gms/org/conscrypt/NativeCrypto's 235 native methods...
I/art     ( 7954): Rejecting re-init on previously-failed class java.lang.Class<com.google.android.gms.org.conscrypt.OpenSSLExtendedSessionImpl>
I/art     ( 7954): Rejecting re-init on previously-failed class java.lang.Class<com.google.android.gms.org.conscrypt.OpenSSLExtendedSessionImpl>
I/art     ( 7954): Rejecting re-init on previously-failed class java.lang.Class<com.google.android.gms.org.conscrypt.OpenSSLExtendedSessionImpl>
I/ProviderInstaller( 7954): Installed default security provider GmsCore_OpenSSL
I/DownloadManagerWrapper( 1360): onReceive() : Charging = true
I/art     ( 7954): Rejecting re-init on previously-failed class java.lang.Class<kss>
I/art     ( 7954): Rejecting re-init on previously-failed class java.lang.Class<kss>
E/WifiStateMachine(  610): WifiStateMachine CMD_START_SCAN source -2 txSuccessRate=8.34 rxSuccessRate=5.83 targetRoamBSSID=b4:e9:b0:e5:06:d0 RSSI=-59
I/DownloadManagerWrapper( 1360): onReceive() : Charging = true
I/DownloadManagerWrapper( 1360): onReceive() : Charging = true
I/DownloadManagerWrapper( 1360): onReceive() : Charging = true
E/WifiStateMachine(  610): WifiStateMachine CMD_START_SCAN source -2 txSuccessRate=1.63 rxSuccessRate=0.61 targetRoamBSSID=b4:e9:b0:e5:06:d0 RSSI=-59
I/DownloadManagerWrapper( 1360): onReceive() : Charging = true
I/DeviceStorageMonitorService(  610): No boot image on disk due to lack of space. Sending notification
I/ValidateNoPeople(  610): skipping global notification
D/MusicLifecycle( 4842): com.google.android.music.download.cache.StorageLowBroadcastReceiver generated event: Broadcast received with context android.app.ReceiverRestrictedContext@22251b2d and intent Intent { act=android.intent.action.DEVICE_STORAGE_LOW flg=0x4000010 cmp=com.google.android.music/.download.cache.StorageLowBroadcastReceiver }
D/ConnectivityService(  610): reportBadNetwork(NetworkAgentInfo [WIFI () - 100]) by 10008
D/NetworkMonitor/NetworkAgentInfo [WIFI () - 100](  610): ValidatedState{ when=0 what=532488 arg1=10008 target=com.android.internal.util.StateMachine$SmHandler }
D/NetworkMonitor/NetworkAgentInfo [WIFI () - 100](  610): DefaultState{ when=-1ms what=532488 arg1=10008 target=com.android.internal.util.StateMachine$SmHandler }
D/NetworkMonitor/NetworkAgentInfo [WIFI () - 100](  610): Forcing reevaluation
D/NetworkMonitor/NetworkAgentInfo [WIFI () - 100](  610): EvaluatingState{ when=0 what=532486 arg1=17 target=com.android.internal.util.StateMachine$SmHandler }
D/NetworkMonitor/NetworkAgentInfo [WIFI () - 100](  610): Checking http://connectivitycheck.android.com/generate_204 on "BU (802.1x)"
D/NetworkMonitor/NetworkAgentInfo [WIFI () - 100](  610): isCaptivePortal: ret=204 headers={null=[HTTP/1.1 204 No Content], Content-Length=[0], Date=[Wed, 30 Nov 2016 14:25:32 GMT], X-Android-Received-Millis=[1480515932846], X-Android-Response-Source=[NETWORK 204], X-Android-Sent-Millis=[1480515932836]}
D/NetworkMonitor/NetworkAgentInfo [WIFI () - 100](  610): Don't send network conditions - lacking user consent.
D/NetworkMonitor/NetworkAgentInfo [WIFI () - 100](  610): Validated
D/ConnectivityService(  610): setProvNotificationVisibleIntent: E visible=false networkType=0 extraInfo=null
D/ConnectivityService(  610): Validated NetworkAgentInfo [WIFI () - 100]
W/ActivityManager(  610): getRunningAppProcesses: caller 10072 does not hold REAL_GET_TASKS; limiting output
E/Icing   ( 7520): dlopen failed: library "/data/data/com.google.android.gms/files/libAppDataSearchExt_armeabi_v7a.so" not found
E/Icing   ( 7520): Loading extension /data/data/com.google.android.gms/files/libAppDataSearchExt_armeabi_v7a.so failed
W/WakefulBroadcastReceiver( 2904): No active wake lock id #20
W/Icing   ( 7520): Registering libAppDataSearchExt_armeabi_v7a.so failed: There is not enough space to perform the download.
I/Icing   ( 7520): MaintenanceDriver: Registering all GCM Tasks.
W/ContentTaskController( 1620): Invalid newTask was provided to startTracking.
I/GCM     ( 1620): Ack for not saved message 35
E/WifiStateMachine(  610): WifiStateMachine CMD_START_SCAN source -2 txSuccessRate=1.04 rxSuccessRate=0.51 targetRoamBSSID=b4:e9:b0:e5:06:d0 RSSI=-59
I/DownloadManagerWrapper( 1360): onReceive() : Charging = true
I/DownloadManagerWrapper( 1360): onReceive() : Charging = true
E/WifiStateMachine(  610): WifiStateMachine CMD_START_SCAN source -2 txSuccessRate=0.82 rxSuccessRate=0.58 targetRoamBSSID=b4:e9:b0:e5:06:d0 RSSI=-59
I/DownloadManagerWrapper( 1360): onReceive() : Charging = true
I/DownloadManagerWrapper( 1360): onReceive() : Charging = true
E/WifiStateMachine(  610): WifiStateMachine CMD_START_SCAN source -2 txSuccessRate=0.14 rxSuccessRate=0.13 targetRoamBSSID=b4:e9:b0:e5:06:d0 RSSI=-60
I/PlayCommon( 4842): [410] PlayEventLogger.uploadEventsImpl: Preparing logs for uploading
I/PlayCommon( 4842): [410] PlayEventLogger.uploadEventsImpl: No file ready to send
I/DownloadManagerWrapper( 1360): onReceive() : Charging = true
I/DeviceStorageMonitorService(  610): No boot image on disk due to lack of space. Sending notification
I/ValidateNoPeople(  610): skipping global notification
D/ConnectivityService(  610): reportBadNetwork(NetworkAgentInfo [WIFI () - 100]) by 10008
D/NetworkMonitor/NetworkAgentInfo [WIFI () - 100](  610): ValidatedState{ when=-1ms what=532488 arg1=10008 target=com.android.internal.util.StateMachine$SmHandler }
D/NetworkMonitor/NetworkAgentInfo [WIFI () - 100](  610): DefaultState{ when=-1ms what=532488 arg1=10008 target=com.android.internal.util.StateMachine$SmHandler }
D/NetworkMonitor/NetworkAgentInfo [WIFI () - 100](  610): Forcing reevaluation
D/NetworkMonitor/NetworkAgentInfo [WIFI () - 100](  610): EvaluatingState{ when=0 what=532486 arg1=18 target=com.android.internal.util.StateMachine$SmHandler }
D/NetworkMonitor/NetworkAgentInfo [WIFI () - 100](  610): Checking http://connectivitycheck.android.com/generate_204 on "BU (802.1x)"
D/MusicLifecycle( 4842): com.google.android.music.download.cache.StorageLowBroadcastReceiver generated event: Broadcast received with context android.app.ReceiverRestrictedContext@22251b2d and intent Intent { act=android.intent.action.DEVICE_STORAGE_LOW flg=0x4000010 cmp=com.google.android.music/.download.cache.StorageLowBroadcastReceiver }
D/NetworkMonitor/NetworkAgentInfo [WIFI () - 100](  610): isCaptivePortal: ret=204 headers={null=[HTTP/1.1 204 No Content], Content-Length=[0], Date=[Wed, 30 Nov 2016 14:26:32 GMT], X-Android-Received-Millis=[1480515992963], X-Android-Response-Source=[NETWORK 204], X-Android-Sent-Millis=[1480515992953]}
D/NetworkMonitor/NetworkAgentInfo [WIFI () - 100](  610): Don't send network conditions - lacking user consent.
D/ConnectivityService(  610): setProvNotificationVisibleIntent: E visible=false networkType=0 extraInfo=null
D/NetworkMonitor/NetworkAgentInfo [WIFI () - 100](  610): Validated
D/ConnectivityService(  610): Validated NetworkAgentInfo [WIFI () - 100]
W/ActivityManager(  610): getRunningAppProcesses: caller 10072 does not hold REAL_GET_TASKS; limiting output
E/Icing   ( 7520): dlopen failed: library "/data/data/com.google.android.gms/files/libAppDataSearchExt_armeabi_v7a.so" not found
E/Icing   ( 7520): Loading extension /data/data/com.google.android.gms/files/libAppDataSearchExt_armeabi_v7a.so failed
W/WakefulBroadcastReceiver( 2904): No active wake lock id #21
W/Icing   ( 7520): Registering libAppDataSearchExt_armeabi_v7a.so failed: There is not enough space to perform the download.
I/Icing   ( 7520): MaintenanceDriver: Registering all GCM Tasks.
W/ContentTaskController( 1620): Invalid newTask was provided to startTracking.
E/WifiStateMachine(  610): WifiStateMachine CMD_START_SCAN source -2 txSuccessRate=2.00 rxSuccessRate=1.00 targetRoamBSSID=b4:e9:b0:e5:06:d0 RSSI=-59
I/DownloadManagerWrapper( 1360): onReceive() : Charging = true
W/ContentTaskController( 1620): Invalid task was provided to stopTracking.
I/GCM     ( 1620): Ack for not saved message 35
I/Zygote  (  206): Process 7520 exited due to signal (11)
I/ActivityManager(  610): Process com.google.android.gms (pid 7520) has died
W/ActivityManager(  610): Scheduling restart of crashed service com.google.android.gms/.ads.jams.NegotiationService in 1000ms
I/DownloadManagerWrapper( 1360): onReceive() : Charging = true
I/DeviceStateChecker( 1496): screenOn: true, isCharging: true
E/WifiStateMachine(  610): WifiStateMachine CMD_START_SCAN source -2 txSuccessRate=0.40 rxSuccessRate=0.26 targetRoamBSSID=b4:e9:b0:e5:06:d0 RSSI=-59
I/DownloadManagerWrapper( 1360): onReceive() : Charging = true
I/DownloadManagerWrapper( 1360): onReceive() : Charging = true
E/WifiStateMachine(  610): WifiStateMachine CMD_START_SCAN source -2 txSuccessRate=0.51 rxSuccessRate=0.50 targetRoamBSSID=b4:e9:b0:e5:06:d0 RSSI=-59
I/DownloadManagerWrapper( 1360): onReceive() : Charging = true
I/DeviceStorageMonitorService(  610): No boot image on disk due to lack of space. Sending notification
I/ValidateNoPeople(  610): skipping global notification
D/ConnectivityService(  610): reportBadNetwork(NetworkAgentInfo [WIFI () - 100]) by 10008
D/NetworkMonitor/NetworkAgentInfo [WIFI () - 100](  610): ValidatedState{ when=0 what=532488 arg1=10008 target=com.android.internal.util.StateMachine$SmHandler }
D/NetworkMonitor/NetworkAgentInfo [WIFI () - 100](  610): DefaultState{ when=-1ms what=532488 arg1=10008 target=com.android.internal.util.StateMachine$SmHandler }
D/NetworkMonitor/NetworkAgentInfo [WIFI () - 100](  610): Forcing reevaluation
D/NetworkMonitor/NetworkAgentInfo [WIFI () - 100](  610): EvaluatingState{ when=-1ms what=532486 arg1=19 target=com.android.internal.util.StateMachine$SmHandler }
D/NetworkMonitor/NetworkAgentInfo [WIFI () - 100](  610): Checking http://connectivitycheck.android.com/generate_204 on "BU (802.1x)"
D/MusicLifecycle( 4842): com.google.android.music.download.cache.StorageLowBroadcastReceiver generated event: Broadcast received with context android.app.ReceiverRestrictedContext@22251b2d and intent Intent { act=android.intent.action.DEVICE_STORAGE_LOW flg=0x4000010 cmp=com.google.android.music/.download.cache.StorageLowBroadcastReceiver }
D/NetworkMonitor/NetworkAgentInfo [WIFI () - 100](  610): isCaptivePortal: ret=204 headers={null=[HTTP/1.1 204 No Content], Content-Length=[0], Date=[Wed, 30 Nov 2016 14:27:32 GMT], X-Android-Received-Millis=[1480516053039], X-Android-Response-Source=[NETWORK 204], X-Android-Sent-Millis=[1480516053028]}
D/NetworkMonitor/NetworkAgentInfo [WIFI () - 100](  610): Don't send network conditions - lacking user consent.
D/NetworkMonitor/NetworkAgentInfo [WIFI () - 100](  610): Validated
D/ConnectivityService(  610): setProvNotificationVisibleIntent: E visible=false networkType=0 extraInfo=null
D/ConnectivityService(  610): Validated NetworkAgentInfo [WIFI () - 100]
I/ActivityManager(  610): Start proc 8225:com.google.android.gms/u0a8 for service com.google.android.gms/.chimera.GmsIntentOperationService
W/ResourcesManager( 8225): Asset path '/system/framework/com.android.media.remotedisplay.jar' does not exist or contains no resources.
W/ResourcesManager( 8225): Asset path '/system/framework/com.android.location.provider.jar' does not exist or contains no resources.
E/WifiStateMachine(  610): WifiStateMachine CMD_START_SCAN source -2 txSuccessRate=2.26 rxSuccessRate=1.01 targetRoamBSSID=b4:e9:b0:e5:06:d0 RSSI=-59
I/art     (  610): Explicit concurrent mark sweep GC freed 74354(3MB) AllocSpace objects, 1(252KB) LOS objects, 33% free, 27MB/41MB, paused 1.556ms total 238.669ms
W/linker  ( 8225): libgmscore.so: unused DT entry: type 0x7ffffffd arg 0x79f
W/linker  ( 8225): libconscrypt_gmscore_jni.so: unused DT entry: type 0x1d arg 0xe0
W/linker  ( 8225): libconscrypt_gmscore_jni.so: unused DT entry: type 0x7ffffffd arg 0x1c9
V/JNIHelp ( 8225): Registering com/google/android/gms/org/conscrypt/NativeCrypto's 235 native methods...
I/art     ( 8225): Rejecting re-init on previously-failed class java.lang.Class<com.google.android.gms.org.conscrypt.OpenSSLExtendedSessionImpl>
I/art     ( 8225): Rejecting re-init on previously-failed class java.lang.Class<com.google.android.gms.org.conscrypt.OpenSSLExtendedSessionImpl>
I/art     ( 8225): Rejecting re-init on previously-failed class java.lang.Class<com.google.android.gms.org.conscrypt.OpenSSLExtendedSessionImpl>
I/ProviderInstaller( 8225): Installed default security provider GmsCore_OpenSSL
W/ActivityManager(  610): getRunningAppProcesses: caller 10072 does not hold REAL_GET_TASKS; limiting output
W/WakefulBroadcastReceiver( 2904): No active wake lock id #22
I/Icing   ( 8225): Storage manager: low true usage 37.18MB avail 9.07GB capacity 12.92GB
W/ContentTaskController( 1620): Invalid newTask was provided to startTracking.
I/GCM     ( 1620): Ack for not saved message 35
I/art     ( 8225): Rejecting re-init on previously-failed class java.lang.Class<kss>
I/art     ( 8225): Rejecting re-init on previously-failed class java.lang.Class<kss>
E/Icing   ( 8225): dlopen failed: library "/data/data/com.google.android.gms/files/libAppDataSearchExt_armeabi_v7a.so" not found
E/Icing   ( 8225): Loading extension /data/data/com.google.android.gms/files/libAppDataSearchExt_armeabi_v7a.so failed
I/DownloadManagerWrapper( 1360): onReceive() : Charging = true
W/Icing   ( 8225): Registering libAppDataSearchExt_armeabi_v7a.so failed: There is not enough space to perform the download.
I/Icing   ( 8225): MaintenanceDriver: Registering all GCM Tasks.
W/InstanceID/Rpc( 8225): Found 10008
I/DynamiteModule( 8225): Considering local module com.google.android.gms.googlecertificates:2 and remote module com.google.android.gms.googlecertificates:2
I/DynamiteModule( 8225): Selected remote version of com.google.android.gms.googlecertificates, version >= 2
I/art     ( 8225): WaitForGcToComplete blocked for 93.148ms for cause HomogeneousSpaceCompact
W/art     ( 8225): Verification of void lz.<clinit>() took 207.080ms
I/Icing   ( 8225): updateResources: need to parse ruv{com.google.android.gms}
E/Icing   ( 8225): Not enough disk space for indexing
I/Icing   ( 8225): Internal init done: storage state 2
I/Icing   ( 8225): Post-init done
E/Icing   ( 8225): dlopen failed: library "/data/data/com.google.android.gms/files/libAppDataSearchExt_armeabi_v7a.so" not found
E/Icing   ( 8225): Loading extension /data/data/com.google.android.gms/files/libAppDataSearchExt_armeabi_v7a.so failed
W/Icing   ( 8225): Registering libAppDataSearchExt_armeabi_v7a.so failed: There is not enough space to perform the download.
I/Icing   ( 8225): MaintenanceDriver: Registering all GCM Tasks.
I/DownloadManagerWrapper( 1360): onReceive() : Charging = true
E/WifiStateMachine(  610): WifiStateMachine CMD_START_SCAN source -2 txSuccessRate=0.22 rxSuccessRate=0.17 targetRoamBSSID=b4:e9:b0:e5:06:d0 RSSI=-59
E/WifiStateMachine(  610): WifiStateMachine CMD_START_SCAN source -2 txSuccessRate=0.00 rxSuccessRate=0.00 targetRoamBSSID=b4:e9:b0:e5:06:d0 RSSI=-59
I/DownloadManagerWrapper( 1360): onReceive() : Charging = true
I/UsageStatsService(  610): User[0] Flushing usage stats to disk
I/DownloadManagerWrapper( 1360): onReceive() : Charging = true
I/DeviceStorageMonitorService(  610): No boot image on disk due to lack of space. Sending notification
I/ValidateNoPeople(  610): skipping global notification
D/MusicLifecycle( 4842): com.google.android.music.download.cache.StorageLowBroadcastReceiver generated event: Broadcast received with context android.app.ReceiverRestrictedContext@22251b2d and intent Intent { act=android.intent.action.DEVICE_STORAGE_LOW flg=0x4000010 cmp=com.google.android.music/.download.cache.StorageLowBroadcastReceiver }
D/ConnectivityService(  610): reportBadNetwork(NetworkAgentInfo [WIFI () - 100]) by 10008
D/NetworkMonitor/NetworkAgentInfo [WIFI () - 100](  610): ValidatedState{ when=0 what=532488 arg1=10008 target=com.android.internal.util.StateMachine$SmHandler }
D/NetworkMonitor/NetworkAgentInfo [WIFI () - 100](  610): DefaultState{ when=-1ms what=532488 arg1=10008 target=com.android.internal.util.StateMachine$SmHandler }
D/NetworkMonitor/NetworkAgentInfo [WIFI () - 100](  610): Forcing reevaluation
D/NetworkMonitor/NetworkAgentInfo [WIFI () - 100](  610): EvaluatingState{ when=-1ms what=532486 arg1=20 target=com.android.internal.util.StateMachine$SmHandler }
D/NetworkMonitor/NetworkAgentInfo [WIFI () - 100](  610): Checking http://connectivitycheck.android.com/generate_204 on "BU (802.1x)"
D/NetworkMonitor/NetworkAgentInfo [WIFI () - 100](  610): isCaptivePortal: ret=204 headers={null=[HTTP/1.1 204 No Content], Content-Length=[0], Date=[Wed, 30 Nov 2016 14:28:33 GMT], X-Android-Received-Millis=[1480516113155], X-Android-Response-Source=[NETWORK 204], X-Android-Sent-Millis=[1480516113142]}
D/NetworkMonitor/NetworkAgentInfo [WIFI () - 100](  610): Don't send network conditions - lacking user consent.
D/ConnectivityService(  610): setProvNotificationVisibleIntent: E visible=false networkType=0 extraInfo=null
D/NetworkMonitor/NetworkAgentInfo [WIFI () - 100](  610): Validated
D/ConnectivityService(  610): Validated NetworkAgentInfo [WIFI () - 100]
W/ActivityManager(  610): getRunningAppProcesses: caller 10072 does not hold REAL_GET_TASKS; limiting output
E/Icing   ( 8225): dlopen failed: library "/data/data/com.google.android.gms/files/libAppDataSearchExt_armeabi_v7a.so" not found
E/Icing   ( 8225): Loading extension /data/data/com.google.android.gms/files/libAppDataSearchExt_armeabi_v7a.so failed
W/WakefulBroadcastReceiver( 2904): No active wake lock id #23
W/Icing   ( 8225): Registering libAppDataSearchExt_armeabi_v7a.so failed: There is not enough space to perform the download.
I/Icing   ( 8225): MaintenanceDriver: Registering all GCM Tasks.
W/ContentTaskController( 1620): Invalid newTask was provided to startTracking.
E/WifiStateMachine(  610): WifiStateMachine CMD_START_SCAN source -2 txSuccessRate=2.38 rxSuccessRate=1.13 targetRoamBSSID=b4:e9:b0:e5:06:d0 RSSI=-59
I/GCM     ( 1620): Ack for not saved message 35
I/DownloadManagerWrapper( 1360): onReceive() : Charging = true
I/DownloadManagerWrapper( 1360): onReceive() : Charging = true
E/WifiStateMachine(  610): WifiStateMachine CMD_START_SCAN source -2 txSuccessRate=0.34 rxSuccessRate=0.20 targetRoamBSSID=b4:e9:b0:e5:06:d0 RSSI=-58
I/DownloadManagerWrapper( 1360): onReceive() : Charging = true
I/DownloadManagerWrapper( 1360): onReceive() : Charging = true
E/WifiStateMachine(  610): WifiStateMachine CMD_START_SCAN source -2 txSuccessRate=0.01 rxSuccessRate=0.00 targetRoamBSSID=b4:e9:b0:e5:06:d0 RSSI=-60
D/ConnectivityService(  610): updateNetworkScore for NetworkAgentInfo [WIFI () - 100] to 56
D/ConnectivityService(  610): rematching NetworkAgentInfo [WIFI () - 100]
D/ConnectivityService(  610): Network NetworkAgentInfo [WIFI () - 100] was already satisfying request 1. No change.
D/ConnectivityService(  610): notifyType AVAILABLE for NetworkAgentInfo [WIFI () - 100]
D/ConnectivityManager.CallbackHandler( 1097): CM callback handler got msg 524290
D/ConnectivityManager.CallbackHandler( 1496): CM callback handler got msg 524290
D/ConnectivityManager.CallbackHandler( 5243): CM callback handler got msg 524290
D/ConnectivityService(  610): updateNetworkScore for NetworkAgentInfo [WIFI () - 100] to 60
D/ConnectivityService(  610): rematching NetworkAgentInfo [WIFI () - 100]
D/ConnectivityService(  610): Network NetworkAgentInfo [WIFI () - 100] was already satisfying request 1. No change.
D/ConnectivityService(  610): notifyType AVAILABLE for NetworkAgentInfo [WIFI () - 100]
D/ConnectivityManager.CallbackHandler( 1097): CM callback handler got msg 524290
D/ConnectivityManager.CallbackHandler( 1496): CM callback handler got msg 524290
D/ConnectivityManager.CallbackHandler( 5243): CM callback handler got msg 524290
I/DeviceStorageMonitorService(  610): No boot image on disk due to lack of space. Sending notification
I/ValidateNoPeople(  610): skipping global notification
D/ConnectivityService(  610): reportBadNetwork(NetworkAgentInfo [WIFI () - 100]) by 10008
D/NetworkMonitor/NetworkAgentInfo [WIFI () - 100](  610): ValidatedState{ when=0 what=532488 arg1=10008 target=com.android.internal.util.StateMachine$SmHandler }
D/NetworkMonitor/NetworkAgentInfo [WIFI () - 100](  610): DefaultState{ when=0 what=532488 arg1=10008 target=com.android.internal.util.StateMachine$SmHandler }
D/NetworkMonitor/NetworkAgentInfo [WIFI () - 100](  610): Forcing reevaluation
D/NetworkMonitor/NetworkAgentInfo [WIFI () - 100](  610): EvaluatingState{ when=0 what=532486 arg1=21 target=com.android.internal.util.StateMachine$SmHandler }
D/NetworkMonitor/NetworkAgentInfo [WIFI () - 100](  610): Checking http://connectivitycheck.android.com/generate_204 on "BU (802.1x)"
D/MusicLifecycle( 4842): com.google.android.music.download.cache.StorageLowBroadcastReceiver generated event: Broadcast received with context android.app.ReceiverRestrictedContext@22251b2d and intent Intent { act=android.intent.action.DEVICE_STORAGE_LOW flg=0x4000010 cmp=com.google.android.music/.download.cache.StorageLowBroadcastReceiver }
D/NetworkMonitor/NetworkAgentInfo [WIFI () - 100](  610): isCaptivePortal: ret=204 headers={null=[HTTP/1.1 204 No Content], Content-Length=[0], Date=[Wed, 30 Nov 2016 14:29:33 GMT], X-Android-Received-Millis=[1480516173172], X-Android-Response-Source=[NETWORK 204], X-Android-Sent-Millis=[1480516173162]}
D/NetworkMonitor/NetworkAgentInfo [WIFI () - 100](  610): Don't send network conditions - lacking user consent.
D/ConnectivityService(  610): setProvNotificationVisibleIntent: E visible=false networkType=0 extraInfo=null
D/NetworkMonitor/NetworkAgentInfo [WIFI () - 100](  610): Validated
D/ConnectivityService(  610): Validated NetworkAgentInfo [WIFI () - 100]
W/ActivityManager(  610): getRunningAppProcesses: caller 10072 does not hold REAL_GET_TASKS; limiting output
E/Icing   ( 8225): dlopen failed: library "/data/data/com.google.android.gms/files/libAppDataSearchExt_armeabi_v7a.so" not found
E/Icing   ( 8225): Loading extension /data/data/com.google.android.gms/files/libAppDataSearchExt_armeabi_v7a.so failed
W/WakefulBroadcastReceiver( 2904): No active wake lock id #24
W/Icing   ( 8225): Registering libAppDataSearchExt_armeabi_v7a.so failed: There is not enough space to perform the download.
I/Icing   ( 8225): MaintenanceDriver: Registering all GCM Tasks.
W/ContentTaskController( 1620): Invalid newTask was provided to startTracking.
E/WifiStateMachine(  610): WifiStateMachine CMD_START_SCAN source -2 txSuccessRate=2.44 rxSuccessRate=1.19 targetRoamBSSID=b4:e9:b0:e5:06:d0 RSSI=-48
I/DownloadManagerWrapper( 1360): onReceive() : Charging = true
W/ContentTaskController( 1620): Invalid newTask was provided to startTracking.
W/ContentTaskController( 1620): Invalid task was provided to stopTracking.
I/GCM     ( 1620): Ack for not saved message 35
D/WVCdm   (  197): Instantiating CDM.
I/WVCdm   (  197): CdmEngine::OpenSession
I/WVCdm   (  197): Level3 Library Dec 11 2014 16:13:16
W/WVCdm   (  197): Could not read /data/mediadrm/IDM1013/ay64.dat2: No such file or directory
D/DrmWidevineDash(  197): OEMCrypto_Initialize: starts! g_qsee_apps_version = 0x11
D/DrmWidevineDash(  197): Service_Initialize: starts!
D/QSEECOMAPI: (  197): QSEECom_start_app sb_length = 0x19000
D/QSEECOMAPI: (  197): App is not loaded in QSEE
E/QSEECOMAPI: (  197): Error::Cannot open the file /vendor/firmware/tzapps.mdt
E/QSEECOMAPI: (  197): Error::Loading image failed with ret = -1
D/QSEECOMAPI: (  197): QSEECom_start_app sb_length = 0x19000
D/QSEECOMAPI: (  197): App is not loaded in QSEE
D/QSEECOMAPI: (  197): Loaded image: APP id = 2
D/DrmWidevineDash(  197): Service_Initialize: ends! returns 0
D/DrmWidevineDash(  197): OEMCrypto_Initialize sion_buffer g_wv_fhandle->ion_sbuffer  0x0xb4f8f000
E/DrmWidevineDash(  197): sion_buffer g_wv_fhandle->ion_sbuffer  0x0xb4f8f000
D/DrmWidevineDash(  197): OEMCrypto_Initialize: ends! returns 0
D/DrmWidevineDash(  197): OEMCrypto_APIVersion: starts!
D/DrmWidevineDash(  197): hlos api version =  9
D/DrmWidevineDash(  197): tz api version =  9
D/DrmWidevineDash(  197): OEMCrypto_APIVersion: ends! returns version 9
D/DrmWidevineDash(  197): OEMCrypto_IsKeyboxValid: starts!
D/DrmWidevineDash(  197): OEMCrypto_IsKeyboxValid: ends! returns 0
D/WVCdm   (  197): OEMCrypto_Initialize Level 1 success. I will use level 1.
D/DrmWidevineDash(  197): OEMCrypto_OpenSession: starts! SID=0xbe956520
D/DrmWidevineDash(  197): OEMCrypto_OpenSession SID = 1
D/DrmWidevineDash(  197): OEMCrypto_OpenSession: ends! returns 0
D/DrmWidevineDash(  197): OEMCrypto_GetRandom: starts! randomData=0xb7c34560, dataLength=8
D/DrmWidevineDash(  197): OEMCrypto_GetRandom: ends! returns 0
D/DrmWidevineDash(  197): OEMCrypto_LoadDeviceRSAKey: starts!SID=1, wrapped_rsa_key=0xb7c3ba80, wrapped_rsa_key_length=1280
D/DrmWidevineDash(  197): OEMCrypto_LoadDeviceRSAKey: ends! returns 0
I/WVCdm   (  197): CdmEngine::QueryKeyControlInfo
W/WVCdm   (  197): BufferReader::Read<T> : Failure during parse: Not enough bytes (4)
W/WVCdm   (  197): CdmEngine::ExtractWidevinePssh: Unable to read PSSH atom size
I/WVCdm   (  197): CdmEngine::GenerateKeyRequest
D/DrmWidevineDash(  197): OEMCrypto_GetDeviceID: starts! deviceID=0xb7c55bb0, idLength=0xb489c730
D/DrmWidevineDash(  197): OEMCrypto_GetDeviceID: ends! returns 0
D/DrmWidevineDash(  197): OEMCrypto_SupportsUsageTable: starts!
D/DrmWidevineDash(  197): OEMCrypto_SupportsUsageTable: is_supported = 1
D/DrmWidevineDash(  197): OEMCrypto_SupportsUsageTable: wv_app_version = 22
D/DrmWidevineDash(  197): OEMCrypto_SupportsUsageTable: ends! returns 0x0
D/DrmWidevineDash(  197): OEMCrypto_GetHDCPCapability: starts!
D/DrmWidevineDash(  197): OEMCrypto_GetHDCPCapability: ends! returns 0x0
D/DrmWidevineDash(  197): OEMCrypto_APIVersion: starts!
D/DrmWidevineDash(  197): hlos api version =  9
D/DrmWidevineDash(  197): tz api version =  9
D/DrmWidevineDash(  197): OEMCrypto_APIVersion: ends! returns version 9
D/DrmWidevineDash(  197): OEMCrypto_GenerateNonce: starts! SID=1
D/DrmWidevineDash(  197): OEMCrypto_GenerateNonce: ends! returns 0
D/WVCdm   (  197): PrepareKeyRequest: nonce=3825010346
D/DrmWidevineDash(  197): OEMCrypto_GenerateRSASignature starts! SID=1, message=0xb7c5d3c0
D/DrmWidevineDash(  197): message_length=1598, signature=0xb7c77d70, signature_length=3028928276
D/DrmWidevineDash(  197): OEMCrypto_GenerateRSASignature returns 0
I/WVCdm   (  197): CdmEngine::CloseSession
D/DrmWidevineDash(  197): OEMCrypto_CloseSession: starts! SID=1
D/DrmWidevineDash(  197): OEMCrypto_CloseSession: ends! returns 0
I/WVCdm   (  197): L3 Terminate.
D/DrmWidevineDash(  197): OEMCrypto_Terminate: starts!
D/DrmWidevineDash(  197): Service_Uninitialize: starts!
D/QSEECOMAPI: (  197): QSEECom_shutdown_app 
D/QSEECOMAPI: (  197): QSEECom_shutdown_app, app_id = 2
D/DrmWidevineDash(  197): Service_Uninitialize: ends! returns 0x0
D/DrmWidevineDash(  197): OEMCrypto_Terminate: ends! returns 0
I/Zygote  (  206): Process 7954 exited due to signal (11)
I/ActivityManager(  610): Process com.google.android.gms.unstable (pid 7954) has died
W/ActivityManager(  610): Scheduling restart of crashed service com.google.android.gms/.droidguard.DroidGuardService in 1000ms
W/Conscrypt( 1620): Could not set socket write timeout: null
W/Conscrypt( 1620): Could not set socket write timeout: null
W/GLSUser ( 1620): [AppCertManager] IOException while requesting key: 
W/GLSUser ( 1620): java.io.IOException: Invalid device key response.
W/GLSUser ( 1620): 	at enr.a(:com.google.android.gms:282)
W/GLSUser ( 1620): 	at enr.a(:com.google.android.gms:4237)
W/GLSUser ( 1620): 	at enq.a(:com.google.android.gms:46)
W/GLSUser ( 1620): 	at enk.a(:com.google.android.gms:53)
W/GLSUser ( 1620): 	at enj.a(:com.google.android.gms:111)
W/GLSUser ( 1620): 	at com.google.android.gms.auth.account.be.legacy.AuthCronChimeraService.b(:com.google.android.gms:4052)
W/GLSUser ( 1620): 	at dxg.call(:com.google.android.gms:2043)
W/GLSUser ( 1620): 	at java.util.concurrent.FutureTask.run(FutureTask.java:237)
W/GLSUser ( 1620): 	at kzi.run(:com.google.android.gms:450)
W/GLSUser ( 1620): 	at java.util.concurrent.ThreadPoolExecutor.runWorker(ThreadPoolExecutor.java:1112)
W/GLSUser ( 1620): 	at java.util.concurrent.ThreadPoolExecutor$Worker.run(ThreadPoolExecutor.java:587)
W/GLSUser ( 1620): 	at ldm.run(:com.google.android.gms:17)
W/GLSUser ( 1620): 	at java.lang.Thread.run(Thread.java:818)
W/ContentTaskController( 1620): Invalid newTask was provided to startTracking.
I/art     (  206): Background concurrent mark sweep GC freed 795(33KB) AllocSpace objects, 0(0B) LOS objects, 40% free, 11MB/19MB, paused 244us total 125.927ms
I/ActivityManager(  610): Start proc 8529:com.google.android.gms.unstable/u0a8 for service com.google.android.gms/.droidguard.DroidGuardService
W/ResourcesManager( 8529): Asset path '/system/framework/com.android.media.remotedisplay.jar' does not exist or contains no resources.
W/ResourcesManager( 8529): Asset path '/system/framework/com.android.location.provider.jar' does not exist or contains no resources.
I/DownloadManagerWrapper( 1360): onReceive() : Charging = true
W/linker  ( 8529): libgmscore.so: unused DT entry: type 0x7ffffffd arg 0x79f
W/linker  ( 8529): libconscrypt_gmscore_jni.so: unused DT entry: type 0x1d arg 0xe0
W/linker  ( 8529): libconscrypt_gmscore_jni.so: unused DT entry: type 0x7ffffffd arg 0x1c9
V/JNIHelp ( 8529): Registering com/google/android/gms/org/conscrypt/NativeCrypto's 235 native methods...
I/art     ( 8529): Rejecting re-init on previously-failed class java.lang.Class<com.google.android.gms.org.conscrypt.OpenSSLExtendedSessionImpl>
I/art     ( 8529): Rejecting re-init on previously-failed class java.lang.Class<com.google.android.gms.org.conscrypt.OpenSSLExtendedSessionImpl>
I/art     ( 8529): Rejecting re-init on previously-failed class java.lang.Class<com.google.android.gms.org.conscrypt.OpenSSLExtendedSessionImpl>
I/ProviderInstaller( 8529): Installed default security provider GmsCore_OpenSSL
I/DeviceStateChecker( 1496): screenOn: true, isCharging: true
I/art     ( 8529): Rejecting re-init on previously-failed class java.lang.Class<kss>
I/art     ( 8529): Rejecting re-init on previously-failed class java.lang.Class<kss>
E/WifiStateMachine(  610): WifiStateMachine CMD_START_SCAN source -2 txSuccessRate=3.79 rxSuccessRate=4.57 targetRoamBSSID=b4:e9:b0:e5:06:d0 RSSI=-49
I/ActivityManager(  610): START u0 {act=android.intent.action.MAIN flg=0x10000000 cmp=com.ninjajumprun.android/.MainActivity bnds=[40,185][200,385] (has extras)} from uid 10014 on display 0
V/WindowManager(  610): addAppToken: AppWindowToken{25cfa83d token=Token{10ea0594 ActivityRecord{1bdeb5e7 u0 com.ninjajumprun.android/.MainActivity t4}}} to stack=1 task=4 at 0
D/audio_hw_primary(  197): select_devices: out_snd_device(2: speaker) in_snd_device(0: none)
D/ACDB-LOADER(  197): ACDB -> send_afe_cal
D/audio_hw_primary(  197): enable_snd_device: snd_device(2: speaker)
D/audio_hw_primary(  197): enable_audio_route: apply and update mixer path: low-latency-playback
V/WindowManager(  610): Adding window Window{31d6c983 u0 Starting com.ninjajumprun.android} at 3 of 8 (after Window{16f07d33 u0 com.android.launcher/com.android.launcher2.Launcher})
I/art     (  206): Background concurrent mark sweep GC freed 792(33KB) AllocSpace objects, 0(0B) LOS objects, 39% free, 11MB/19MB, paused 274us total 127.208ms
I/ActivityManager(  610): Start proc 8573:com.ninjajumprun.android/u0a223 for activity com.ninjajumprun.android/.MainActivity
I/DownloadManagerWrapper( 1360): onReceive() : Charging = true
I/org.umd.logging( 8573): Method > 1 com.ninjajumprun.android.MainActivity.onCreate(com.ninjajumprun.android.MainActivity@854450322<activity=true>, null)
I/org.umd.logging( 8573): Method > 1 org.cocos2dx.lib.Cocos2dxActivity.onCreate(com.ninjajumprun.android.MainActivity@854450322<activity=true>, null)
I/org.umd.logging( 8573): Method > 1 org.cocos2dx.lib.Cocos2dxActivity.onCreateView(com.ninjajumprun.android.MainActivity@854450322<activity=true>)
W/ResourceType( 8573): No known package when getting name for resource number 0xffffffff
I/org.umd.logging( 8573): Method < 1 org.cocos2dx.lib.Cocos2dxActivity.onCreateView(org.cocos2dx.lib.Cocos2dxGLSurfaceView@283706976<file=><x=0><y=0><width=0><height=0><id=-1>)
I/org.umd.logging( 8573): Method < 1 org.cocos2dx.lib.Cocos2dxActivity.onCreate()
W/GooglePlayServicesUtil( 8573): Google Play Store is missing.
I/DownloadManagerWrapper( 1360): onReceive() : Charging = true
I/Ads     ( 8573): Use AdRequest.Builder.addTestDevice("1F480C9603A7924489313051413E5A68") to get test ads on this device.
I/Ads     ( 8573): Starting ad request.
I/WebViewFactory( 8573): Loading com.google.android.webview version 54.0.2840.85 (code 284008500)
I/art     ( 8573): Rejecting re-init on previously-failed class java.lang.Class<com.android.webview.chromium.TokenBindingManagerAdapter>
I/art     ( 8573): Rejecting re-init on previously-failed class java.lang.Class<com.android.webview.chromium.TokenBindingManagerAdapter>
I/art     ( 8573): Rejecting re-init on previously-failed class java.lang.Class<com.android.webview.chromium.ServiceWorkerControllerAdapter>
I/art     ( 8573): Rejecting re-init on previously-failed class java.lang.Class<com.android.webview.chromium.ServiceWorkerControllerAdapter>
I/cr_LibraryLoader( 8573): Time to load native libraries: 4 ms (timestamps 4431-4435)
I/cr_LibraryLoader( 8573): Expected native library version number "54.0.2840.85", actual native library version number "54.0.2840.85"
I/art     ( 8573): Rejecting re-init on previously-failed class java.lang.Class<com.android.webview.chromium.WebMessagePortAdapter>
I/art     ( 8573): Rejecting re-init on previously-failed class java.lang.Class<com.android.webview.chromium.WebMessagePortAdapter>
I/art     ( 8573): Rejecting re-init on previously-failed class java.lang.Class<com.android.webview.chromium.WebMessagePortAdapter>
I/cr_LibraryLoader( 8573): Expected native library version number "54.0.2840.85", actual native library version number "54.0.2840.85"
I/chromium( 8573): [INFO:library_loader_hooks.cc(151)] Chromium logging enabled: level = 0, default verbosity = 0
I/cr_BrowserStartup( 8573): Initializing chromium process, singleProcess=true
I/Adreno-EGL( 8573): <qeglDrvAPI_eglInitialize:379>: QUALCOMM Build: 01/15/15, ab0075f, Id3510ff6dc
I/art     ( 8573): Rejecting re-init on previously-failed class java.lang.Class<com.android.webview.chromium.WebViewContentsClientAdapter$WebResourceErrorImpl>
I/art     ( 8573): Rejecting re-init on previously-failed class java.lang.Class<com.android.webview.chromium.WebViewContentsClientAdapter$WebResourceErrorImpl>
D/ConnectivityService(  610): listenForNetwork for NetworkRequest [ id=15, legacyType=-1, [ Capabilities: INTERNET&NOT_RESTRICTED&TRUSTED] ]
D/ConnectivityService(  610): handleRegisterNetworkRequest checking NetworkAgentInfo [WIFI () - 100]
D/ConnectivityService(  610): apparently satisfied.  currentScore=60
D/ConnectivityManager.CallbackHandler( 8573): CM callback handler got msg 524290
I/art     ( 8573): Rejecting re-init on previously-failed class java.lang.Class<org.chromium.content.browser.FloatingWebActionModeCallback>
I/art     ( 8573): Rejecting re-init on previously-failed class java.lang.Class<org.chromium.content.browser.FloatingWebActionModeCallback>
W/GooglePlayServicesUtil( 8573): Google Play Store is missing.
I/Ads     ( 8573): Use AdRequest.Builder.addTestDevice("1F480C9603A7924489313051413E5A68") to get test ads on this device.
I/Ads     ( 8573): Starting ad request.
I/org.umd.logging( 8573): Method < 1 com.ninjajumprun.android.MainActivity.onCreate()
I/org.umd.logging( 8573): Method > 1 com.ninjajumprun.android.MainActivity.onStart(com.ninjajumprun.android.MainActivity@854450322<activity=true>)
I/org.umd.logging( 8573): Method > 1 org.cocos2dx.lib.Cocos2dxActivity.onStart(com.ninjajumprun.android.MainActivity@854450322<activity=true>)
I/org.umd.logging( 8573): Method < 1 org.cocos2dx.lib.Cocos2dxActivity.onStart()
I/org.umd.logging( 8573): Method < 1 com.ninjajumprun.android.MainActivity.onStart()
