I/DownloadManagerWrapper(  985): onReceive() : Charging = true
I/org.umd.logging(11423): Method > 1 com.cleanmaster.base.crash.util.debug.b.run(com.cleanmaster.base.crash.util.debug.b@614779553)
I/org.umd.logging(11423): Method < 1 com.cleanmaster.base.crash.util.debug.b.run()
I/DownloadManagerWrapper(  985): onReceive() : Charging = true
I/PlayCommon( 4315): [2930] PlayEventLogger.uploadEventsImpl: Preparing logs for uploading
I/PlayCommon( 4315): [2930] PlayEventLogger.uploadLog: Connecting to server: https://play.googleapis.com/play/log?format=raw&proto_v2=true
E/WifiStateMachine(  591): WifiStateMachine CMD_START_SCAN source -2 txSuccessRate=1.56 rxSuccessRate=0.79 targetRoamBSSID=b4:e9:b0:e5:06:d0 RSSI=-43
I/PlayCommon( 4315): [2930] PlayEventLogger.handleResponse: Successfully uploaded logs.
I/org.umd.logging(11423): Method > 1 com.cleanmaster.base.crash.util.debug.b.run(com.cleanmaster.base.crash.util.debug.b@614779553)
I/org.umd.logging(11423): Method < 1 com.cleanmaster.base.crash.util.debug.b.run()
I/DownloadManagerWrapper(  985): onReceive() : Charging = true
I/org.umd.logging(11423): Method > 1 com.cleanmaster.base.crash.util.debug.b.run(com.cleanmaster.base.crash.util.debug.b@614779553)
I/org.umd.logging(11423): Method < 1 com.cleanmaster.base.crash.util.debug.b.run()
I/org.umd.logging(21781): Method > 3437 com.turner.android.aspen.AspenLogger$4.run(com.turner.android.aspen.AspenLogger$4@83011508)
V/Aspen   (21781): ------------postingThread.run invoked
V/Aspen   (21781): postEvents|appName=cvp|sessionId=fc3d6c9356370f11b6dd82b4ff7517f01f669dca~cvp~android~cnn~25~1481211623032|size=0
I/org.umd.logging(21781): Api > 3437 android.net.ConnectivityManager.getActiveNetworkInfo(android.net.ConnectivityManager@688087558)
I/org.umd.logging(21781): Api < 3437 android.net.ConnectivityManager.getActiveNetworkInfo(android.net.NetworkInfo@88706428)
V/Aspen   (21781): postingThread.sleep for 45000 msec
I/DownloadManagerWrapper(  985): onReceive() : Charging = true
E/WifiStateMachine(  591): WifiStateMachine CMD_START_SCAN source -2 txSuccessRate=4.20 rxSuccessRate=2.17 targetRoamBSSID=b4:e9:b0:e5:06:d0 RSSI=-45
I/org.umd.logging(11423): Method > 1 com.cleanmaster.base.crash.util.debug.b.run(com.cleanmaster.base.crash.util.debug.b@614779553)
I/org.umd.logging(11423): Method < 1 com.cleanmaster.base.crash.util.debug.b.run()
I/DownloadManagerWrapper(  985): onReceive() : Charging = true
I/DownloadManagerWrapper(  985): onReceive() : Charging = true
I/org.umd.logging(11423): Method > 1 com.cleanmaster.base.crash.util.debug.b.run(com.cleanmaster.base.crash.util.debug.b@614779553)
I/org.umd.logging(11423): Method < 1 com.cleanmaster.base.crash.util.debug.b.run()
I/DownloadManagerWrapper(  985): onReceive() : Charging = true
I/Babel_ConcService(17968): Acquired partial wake lock to keep ConcurrentService alive
I/Babel_ConcService(17968): Released partial wake lock as ConcurrentService became idle
E/WifiStateMachine(  591): WifiStateMachine CMD_START_SCAN source -2 txSuccessRate=3.61 rxSuccessRate=3.57 targetRoamBSSID=b4:e9:b0:e5:06:d0 RSSI=-44
I/org.umd.logging(11423): Method > 1 com.cleanmaster.base.crash.util.debug.b.run(com.cleanmaster.base.crash.util.debug.b@614779553)
I/org.umd.logging(11423): Method < 1 com.cleanmaster.base.crash.util.debug.b.run()
I/org.umd.logging(21781): Method > 1 com.cnn.mobile.android.phone.service.FeedService.onCreate(com.cnn.mobile.android.phone.service.FeedService@324351493)
W/AlarmManager(  591): Suspiciously short interval 30000 millis; expanding to 60 seconds
I/org.umd.logging(21781): Method < 1 com.cnn.mobile.android.phone.service.FeedService.onCreate()
I/org.umd.logging(21781): Method > 1 com.cnn.mobile.android.phone.service.FeedService.onStartCommand(com.cnn.mobile.android.phone.service.FeedService@324351493, android.content.Intent@1031291019<action=null><data=null><package=null><component=com.cnn.mobile.android.phone/.service.FeedService><type=null><filter_hashcode=-1301101658><fetch_type=None><umd_Intent_key=None><android.intent.extra.ALARM_COUNT=None>, 0, 1)
I/ConfigHelper(21781): DYNAMIC CONFIG FILE in play (http://www.cnn.com/partners/android/config/3.04/config-phone.json)
I/org.umd.logging(21781): Method > 1 com.androidquery.callback.AbstractAjaxCallback.execute(com.cnn.mobile.android.phone.service.ConfigHelper$1@106956136)
I/org.umd.logging(21781): Method < 1 com.androidquery.callback.AbstractAjaxCallback.execute()
I/org.umd.logging(21781): Method < 1 com.cnn.mobile.android.phone.service.FeedService.onStartCommand(2)
I/org.umd.logging(21781): Method > 1 com.cnn.mobile.android.phone.service.FeedService.onStartCommand(com.cnn.mobile.android.phone.service.FeedService@324351493, android.content.Intent@251145601<action=null><data=null><package=null><component=com.cnn.mobile.android.phone/.service.FeedService><type=null><filter_hashcode=-1301101658><fetch_type=None><umd_Intent_key=None><android.intent.extra.ALARM_COUNT=None>, 0, 2)
D/WeatherHelper(21781): weather fetch zip null
I/org.umd.logging(21781): Method < 1 com.cnn.mobile.android.phone.service.FeedService.onStartCommand(2)
I/org.umd.logging(21781): Method > 1 com.cnn.mobile.android.phone.service.FeedService.onStartCommand(com.cnn.mobile.android.phone.service.FeedService@324351493, android.content.Intent@810475046<action=null><data=null><package=null><component=com.cnn.mobile.android.phone/.service.FeedService><type=null><filter_hashcode=-1301101658><fetch_type=None><umd_Intent_key=None><android.intent.extra.ALARM_COUNT=None>, 0, 3)
I/org.umd.logging(21781): Method > 1 com.androidquery.callback.AbstractAjaxCallback.execute(com.cnn.mobile.android.phone.service.FeedService$1@279468647)
I/org.umd.logging(21781): Method > 3429 com.androidquery.callback.AbstractAjaxCallback.run(com.cnn.mobile.android.phone.service.ConfigHelper$1@106956136)
I/org.umd.logging(21781): Method > 3432 com.androidquery.callback.AbstractAjaxCallback.run(com.cnn.mobile.android.phone.service.FeedService$1@279468647)
I/org.umd.logging(21781): Method < 1 com.androidquery.callback.AbstractAjaxCallback.execute()
I/org.umd.logging(21781): Method < 1 com.cnn.mobile.android.phone.service.FeedService.onStartCommand(2)
I/org.umd.logging(21781): Method > 1 com.cnn.mobile.android.phone.service.FeedService.onStartCommand(com.cnn.mobile.android.phone.service.FeedService@324351493, android.content.Intent@904138772<action=null><data=null><package=null><component=com.cnn.mobile.android.phone/.service.FeedService><type=null><filter_hashcode=-1301101658><fetch_type=None><umd_Intent_key=None><android.intent.extra.ALARM_COUNT=None>, 0, 4)
I/org.umd.logging(21781): Method > 1 com.androidquery.callback.AbstractAjaxCallback.execute(com.cnn.mobile.android.phone.service.FeedService$2@846799037)
I/org.umd.logging(21781): Method > 3435 com.androidquery.callback.AbstractAjaxCallback.run(com.cnn.mobile.android.phone.service.FeedService$2@846799037)
I/org.umd.logging(21781): Method < 1 com.androidquery.callback.AbstractAjaxCallback.execute()
I/org.umd.logging(21781): Method < 1 com.cnn.mobile.android.phone.service.FeedService.onStartCommand(2)
W/ActivityManager(  591): Permission Denial: Accessing service ComponentInfo{com.google.android.music/com.google.android.music.dial.DialMediaRouteProviderService} from pid=29969, uid=10125 that is not exported from uid 10063
I/org.umd.logging(21781): Method < 3432 com.androidquery.callback.AbstractAjaxCallback.run()
I/org.umd.logging(21781): Method < 3429 com.androidquery.callback.AbstractAjaxCallback.run()
I/org.umd.logging(21781): Method > 1 com.androidquery.callback.AbstractAjaxCallback.run(com.cnn.mobile.android.phone.service.FeedService$1@279468647)
I/org.umd.logging(21781): Method < 1 com.androidquery.callback.AbstractAjaxCallback.run()
I/org.umd.logging(21781): Method > 1 com.androidquery.callback.AbstractAjaxCallback.run(com.cnn.mobile.android.phone.service.ConfigHelper$1@106956136)
I/org.umd.logging(21781): Method < 3435 com.androidquery.callback.AbstractAjaxCallback.run()
I/org.umd.logging(21781): Method > 1 com.androidquery.callback.AbstractAjaxCallback.execute(com.cnn.mobile.android.phone.service.ConfigHelper$2@884651698)
I/org.umd.logging(21781): Method > 3433 com.androidquery.callback.AbstractAjaxCallback.run(com.cnn.mobile.android.phone.service.ConfigHelper$2@884651698)
I/org.umd.logging(21781): Method < 1 com.androidquery.callback.AbstractAjaxCallback.execute()
I/org.umd.logging(21781): Method < 1 com.androidquery.callback.AbstractAjaxCallback.run()
I/org.umd.logging(21781): Method < 3433 com.androidquery.callback.AbstractAjaxCallback.run()
I/org.umd.logging(21781): Method > 1 com.cnn.mobile.android.phone.service.FeedService.onDestroy(com.cnn.mobile.android.phone.service.FeedService@324351493)
I/org.umd.logging(21781): Method < 1 com.cnn.mobile.android.phone.service.FeedService.onDestroy()
I/org.umd.logging(21781): Method > 1 com.androidquery.callback.AbstractAjaxCallback.run(com.cnn.mobile.android.phone.service.FeedService$2@846799037)
I/org.umd.logging(21781): Method < 1 com.androidquery.callback.AbstractAjaxCallback.run()
I/org.umd.logging(21781): Method > 1 com.androidquery.callback.AbstractAjaxCallback.run(com.cnn.mobile.android.phone.service.ConfigHelper$2@884651698)
I/org.umd.logging(21781): Method < 1 com.androidquery.callback.AbstractAjaxCallback.run()
I/DownloadManagerWrapper(  985): onReceive() : Charging = true
D/ThermalDaemon(  194): Sensor 'batt_therm' - alarm cleared 1 at 35.0 degC
D/ThermalDaemon(  194): ACTION: LCD - Setting max LCD brightness to 255
I/org.umd.logging(11423): Method > 1 com.cleanmaster.base.crash.util.debug.b.run(com.cleanmaster.base.crash.util.debug.b@614779553)
I/org.umd.logging(11423): Method < 1 com.cleanmaster.base.crash.util.debug.b.run()
I/DownloadManagerWrapper(  985): onReceive() : Charging = true
E/WifiStateMachine(  591): WifiStateMachine CMD_START_SCAN source -2 txSuccessRate=0.84 rxSuccessRate=0.46 targetRoamBSSID=b4:e9:b0:e5:06:d0 RSSI=-44
I/org.umd.logging(21781): Method > 3437 com.turner.android.aspen.AspenLogger$4.run(com.turner.android.aspen.AspenLogger$4@83011508)
V/Aspen   (21781): ------------postingThread.run invoked
V/Aspen   (21781): postEvents|appName=cvp|sessionId=fc3d6c9356370f11b6dd82b4ff7517f01f669dca~cvp~android~cnn~25~1481211623032|size=0
I/org.umd.logging(21781): Api > 3437 android.net.ConnectivityManager.getActiveNetworkInfo(android.net.ConnectivityManager@688087558)
I/org.umd.logging(21781): Api < 3437 android.net.ConnectivityManager.getActiveNetworkInfo(android.net.NetworkInfo@383137283)
V/Aspen   (21781): postingThread.sleep for 45000 msec
I/org.umd.logging(11423): Method > 1 com.cleanmaster.base.crash.util.debug.b.run(com.cleanmaster.base.crash.util.debug.b@614779553)
I/org.umd.logging(11423): Method < 1 com.cleanmaster.base.crash.util.debug.b.run()
I/DownloadManagerWrapper(  985): onReceive() : Charging = true
I/org.umd.logging(11423): Method > 1 com.cleanmaster.base.crash.util.debug.b.run(com.cleanmaster.base.crash.util.debug.b@614779553)
I/org.umd.logging(11423): Method < 1 com.cleanmaster.base.crash.util.debug.b.run()
I/DownloadManagerWrapper(  985): onReceive() : Charging = true
E/WifiStateMachine(  591): WifiStateMachine CMD_START_SCAN source -2 txSuccessRate=0.38 rxSuccessRate=0.19 targetRoamBSSID=b4:e9:b0:e5:06:d0 RSSI=-43
I/org.umd.logging(11423): Method > 1 com.cleanmaster.base.crash.util.debug.b.run(com.cleanmaster.base.crash.util.debug.b@614779553)
I/org.umd.logging(11423): Method < 1 com.cleanmaster.base.crash.util.debug.b.run()
I/DownloadManagerWrapper(  985): onReceive() : Charging = true
I/DownloadManagerWrapper(  985): onReceive() : Charging = true
I/org.umd.logging(11423): Method > 1 com.cleanmaster.base.crash.util.debug.b.run(com.cleanmaster.base.crash.util.debug.b@614779553)
I/org.umd.logging(11423): Method < 1 com.cleanmaster.base.crash.util.debug.b.run()
V/NativeCrypto( 1608): SSL shutdown failed: ssl=0xb8a28db8: I/O error during system call, Connection timed out
V/NativeCrypto( 1323): SSL shutdown failed: ssl=0xb84ef718: I/O error during system call, Connection timed out
V/NativeCrypto( 1323): SSL shutdown failed: ssl=0xb84b49e8: I/O error during system call, Connection timed out
I/DownloadManagerWrapper(  985): onReceive() : Charging = true
E/WifiStateMachine(  591): WifiStateMachine CMD_START_SCAN source -2 txSuccessRate=4.51 rxSuccessRate=2.25 targetRoamBSSID=b4:e9:b0:e5:06:d0 RSSI=-45
I/org.umd.logging(11423): Method > 1 com.cleanmaster.base.crash.util.debug.b.run(com.cleanmaster.base.crash.util.debug.b@614779553)
I/org.umd.logging(11423): Method < 1 com.cleanmaster.base.crash.util.debug.b.run()
I/DeviceStateChecker(17303): screenOn: true, isCharging: true
I/org.umd.logging(21781): Method > 3437 com.turner.android.aspen.AspenLogger$4.run(com.turner.android.aspen.AspenLogger$4@83011508)
V/Aspen   (21781): ------------postingThread.run invoked
V/Aspen   (21781): postEvents|appName=cvp|sessionId=fc3d6c9356370f11b6dd82b4ff7517f01f669dca~cvp~android~cnn~25~1481211623032|size=0
I/org.umd.logging(21781): Api > 3437 android.net.ConnectivityManager.getActiveNetworkInfo(android.net.ConnectivityManager@688087558)
I/org.umd.logging(21781): Api < 3437 android.net.ConnectivityManager.getActiveNetworkInfo(android.net.NetworkInfo@117184896)
V/Aspen   (21781): postingThread.sleep for 45000 msec
I/DownloadManagerWrapper(  985): onReceive() : Charging = true
I/org.umd.logging(11423): Method > 1231 com.a.a.a.d.t.run(com.a.a.a.d.t@925279124)
I/org.umd.logging(11423): Api > 1231 android.net.ConnectivityManager.getActiveNetworkInfo(android.net.ConnectivityManager@517246612)
I/org.umd.logging(11423): Api < 1231 android.net.ConnectivityManager.getActiveNetworkInfo(android.net.NetworkInfo@432205373)
I/org.umd.logging(11423): Method < 1231 com.a.a.a.d.t.run()
I/org.umd.logging(11423): Method > 1 com.cleanmaster.base.crash.util.debug.b.run(com.cleanmaster.base.crash.util.debug.b@614779553)
I/org.umd.logging(11423): Method < 1 com.cleanmaster.base.crash.util.debug.b.run()
I/DownloadManagerWrapper(  985): onReceive() : Charging = true
E/WifiStateMachine(  591): WifiStateMachine CMD_START_SCAN source -2 txSuccessRate=4.60 rxSuccessRate=2.83 targetRoamBSSID=b4:e9:b0:e5:06:d0 RSSI=-46
I/org.umd.logging(11423): Method > 1 com.cleanmaster.base.crash.util.debug.b.run(com.cleanmaster.base.crash.util.debug.b@614779553)
I/org.umd.logging(11423): Method < 1 com.cleanmaster.base.crash.util.debug.b.run()
I/DownloadManagerWrapper(  985): onReceive() : Charging = true
I/org.umd.logging(11423): Method > 1 com.cleanmaster.base.crash.util.debug.b.run(com.cleanmaster.base.crash.util.debug.b@614779553)
I/org.umd.logging(11423): Method < 1 com.cleanmaster.base.crash.util.debug.b.run()
I/DownloadManagerWrapper(  985): onReceive() : Charging = true
E/WifiStateMachine(  591): WifiStateMachine CMD_START_SCAN source -2 txSuccessRate=1.37 rxSuccessRate=0.76 targetRoamBSSID=b4:e9:b0:e5:06:d0 RSSI=-43
I/org.umd.logging(11423): Method > 1231 com.a.a.a.a.d.run(com.a.a.a.a.d@694773220)
I/org.umd.logging(11423): Method > 1231 com.a.a.a.d.o.run(com.a.a.a.d.o@967444738)
I/org.umd.logging(11423): Api > 1231 android.net.ConnectivityManager.getActiveNetworkInfo(android.net.ConnectivityManager@517246612)
I/org.umd.logging(11423): Api < 1231 android.net.ConnectivityManager.getActiveNetworkInfo(android.net.NetworkInfo@482620978)
I/org.umd.logging(11423): Method < 1231 com.a.a.a.d.o.run()
I/org.umd.logging(11423): Method < 1231 com.a.a.a.a.d.run()
I/org.umd.logging(11423): Method > 1 com.cleanmaster.base.crash.util.debug.b.run(com.cleanmaster.base.crash.util.debug.b@614779553)
I/org.umd.logging(11423): Method < 1 com.cleanmaster.base.crash.util.debug.b.run()
I/DownloadManagerWrapper(  985): onReceive() : Charging = true
I/DownloadManagerWrapper(  985): onReceive() : Charging = true
I/org.umd.logging(21781): Method > 3437 com.turner.android.aspen.AspenLogger$4.run(com.turner.android.aspen.AspenLogger$4@83011508)
V/Aspen   (21781): ------------postingThread.run invoked
V/Aspen   (21781): postEvents|appName=cvp|sessionId=fc3d6c9356370f11b6dd82b4ff7517f01f669dca~cvp~android~cnn~25~1481211623032|size=0
I/org.umd.logging(21781): Api > 3437 android.net.ConnectivityManager.getActiveNetworkInfo(android.net.ConnectivityManager@688087558)
I/org.umd.logging(21781): Api < 3437 android.net.ConnectivityManager.getActiveNetworkInfo(android.net.NetworkInfo@35392441)
V/Aspen   (21781): postingThread.sleep for 45000 msec
I/org.umd.logging(11423): Method > 1 com.cleanmaster.base.crash.util.debug.b.run(com.cleanmaster.base.crash.util.debug.b@614779553)
I/org.umd.logging(11423): Method < 1 com.cleanmaster.base.crash.util.debug.b.run()
I/DownloadManagerWrapper(  985): onReceive() : Charging = true
I/Babel_ConcService(17968): Acquired partial wake lock to keep ConcurrentService alive
I/Babel_ConcService(17968): Released partial wake lock as ConcurrentService became idle
E/WifiStateMachine(  591): WifiStateMachine CMD_START_SCAN source -2 txSuccessRate=1.76 rxSuccessRate=0.88 targetRoamBSSID=b4:e9:b0:e5:06:d0 RSSI=-43
I/DownloadManagerWrapper(  985): onReceive() : Charging = true
I/DownloadManagerWrapper(  985): onReceive() : Charging = true
I/DownloadManagerWrapper(  985): onReceive() : Charging = true
I/org.umd.logging(11423): Method > 1 com.cleanmaster.base.crash.util.debug.b.run(com.cleanmaster.base.crash.util.debug.b@614779553)
I/org.umd.logging(11423): Method < 1 com.cleanmaster.base.crash.util.debug.b.run()
I/org.umd.logging(21781): Method > 1 com.cnn.mobile.android.phone.service.FeedService.onCreate(com.cnn.mobile.android.phone.service.FeedService@999918590)
I/org.umd.logging(21781): Method < 1 com.cnn.mobile.android.phone.service.FeedService.onCreate()
W/ActivityManager(  591): Permission Denial: Accessing service ComponentInfo{com.google.android.music/com.google.android.music.dial.DialMediaRouteProviderService} from pid=29969, uid=10125 that is not exported from uid 10063
I/org.umd.logging(21781): Method > 1 com.cnn.mobile.android.phone.service.FeedService.onStartCommand(com.cnn.mobile.android.phone.service.FeedService@999918590, android.content.Intent@919162284<action=null><data=null><package=null><component=com.cnn.mobile.android.phone/.service.FeedService><type=null><filter_hashcode=-1301101658><fetch_type=None><umd_Intent_key=None><android.intent.extra.ALARM_COUNT=None>, 0, 1)
I/org.umd.logging(21781): Method > 1 com.androidquery.callback.AbstractAjaxCallback.execute(com.cnn.mobile.android.phone.service.FeedService$1@677948021)
I/org.umd.logging(21781): Method < 1 com.androidquery.callback.AbstractAjaxCallback.execute()
I/org.umd.logging(21781): Method > 3432 com.androidquery.callback.AbstractAjaxCallback.run(com.cnn.mobile.android.phone.service.FeedService$1@677948021)
I/org.umd.logging(21781): Method < 1 com.cnn.mobile.android.phone.service.FeedService.onStartCommand(2)
I/org.umd.logging(21781): Method > 3432 com.androidquery.callback.AbstractAjaxCallback.execute(com.cnn.mobile.android.phone.service.FeedService$1@677948021, org.apache.http.client.methods.HttpGet@603875850, org.apache.http.impl.client.DefaultHttpClient@801597879, org.apache.http.protocol.BasicHttpContext@626942587)
I/org.umd.logging(21781): Api > 3432 org.apache.http.impl.client.DefaultHttpClient.execute(org.apache.http.impl.client.DefaultHttpClient@801597879, org.apache.http.client.methods.HttpGet@603875850, org.apache.http.protocol.BasicHttpContext@626942587)
I/org.umd.logging(21781): Method > 1 com.cnn.mobile.android.phone.service.FeedService.onStartCommand(com.cnn.mobile.android.phone.service.FeedService@999918590, android.content.Intent@290691224<action=null><data=null><package=null><component=com.cnn.mobile.android.phone/.service.FeedService><type=null><filter_hashcode=-1301101658><fetch_type=None><umd_Intent_key=None><android.intent.extra.ALARM_COUNT=None>, 0, 2)
I/org.umd.logging(21781): Method > 1 com.androidquery.callback.AbstractAjaxCallback.execute(com.cnn.mobile.android.phone.service.FeedService$2@916879601)
I/org.umd.logging(21781): Method < 1 com.androidquery.callback.AbstractAjaxCallback.execute()
I/org.umd.logging(21781): Method < 1 com.cnn.mobile.android.phone.service.FeedService.onStartCommand(2)
I/org.umd.logging(21781): Method > 1 com.cnn.mobile.android.phone.service.FeedService.onDestroy(com.cnn.mobile.android.phone.service.FeedService@999918590)
I/org.umd.logging(21781): Method < 1 com.cnn.mobile.android.phone.service.FeedService.onDestroy()
I/org.umd.logging(21781): Method > 3429 com.androidquery.callback.AbstractAjaxCallback.run(com.cnn.mobile.android.phone.service.FeedService$2@916879601)
I/org.umd.logging(21781): Method > 3429 com.androidquery.callback.AbstractAjaxCallback.execute(com.cnn.mobile.android.phone.service.FeedService$2@916879601, org.apache.http.client.methods.HttpGet@958471382, org.apache.http.impl.client.DefaultHttpClient@801597879, org.apache.http.protocol.BasicHttpContext@224832343)
I/org.umd.logging(21781): Api > 3429 org.apache.http.impl.client.DefaultHttpClient.execute(org.apache.http.impl.client.DefaultHttpClient@801597879, org.apache.http.client.methods.HttpGet@958471382, org.apache.http.protocol.BasicHttpContext@224832343)
I/org.umd.logging(21781): Api < 3432 org.apache.http.impl.client.DefaultHttpClient.execute(org.apache.http.message.BasicHttpResponse@422946372)
I/org.umd.logging(21781): Method < 3432 com.androidquery.callback.AbstractAjaxCallback.execute(org.apache.http.message.BasicHttpResponse@422946372)
I/org.umd.logging(21781): Api < 3429 org.apache.http.impl.client.DefaultHttpClient.execute(org.apache.http.message.BasicHttpResponse@823702317)
I/org.umd.logging(21781): Method < 3432 com.androidquery.callback.AbstractAjaxCallback.run()
I/org.umd.logging(21781): Method < 3429 com.androidquery.callback.AbstractAjaxCallback.execute(org.apache.http.message.BasicHttpResponse@823702317)
I/org.umd.logging(21781): Method > 1 com.androidquery.callback.AbstractAjaxCallback.run(com.cnn.mobile.android.phone.service.FeedService$1@677948021)
I/org.umd.logging(21781): Method < 1 com.androidquery.callback.AbstractAjaxCallback.run()
I/org.umd.logging(21781): Method > 3436 com.androidquery.util.Common.run(com.androidquery.util.Common@803876962)
I/org.umd.logging(21781): Method < 3436 com.androidquery.util.Common.run()
I/org.umd.logging(21781): Method < 3429 com.androidquery.callback.AbstractAjaxCallback.run()
I/org.umd.logging(21781): Method > 1 com.androidquery.callback.AbstractAjaxCallback.run(com.cnn.mobile.android.phone.service.FeedService$2@916879601)
I/org.umd.logging(21781): Method < 1 com.androidquery.callback.AbstractAjaxCallback.run()
I/org.umd.logging(21781): Method > 3436 com.androidquery.util.Common.run(com.androidquery.util.Common@255895027)
I/org.umd.logging(21781): Method < 3436 com.androidquery.util.Common.run()
I/org.umd.logging(19463): Api > 3395 android.net.ConnectivityManager.getActiveNetworkInfo(android.net.ConnectivityManager@886306337)
I/org.umd.logging(19463): Api < 3395 android.net.ConnectivityManager.getActiveNetworkInfo(android.net.NetworkInfo@740360467)
I/org.umd.logging(19463): Api > 3395 java.lang.Object.create(com.weather.util.net.OkConnectionFactory@49811234, java.net.URL@1273680<URL=http://dsx.weather.com/(wxd/v2/MORecord;wxd/v2/SKRecord;wxd/v2/PastFlu;wxd/v2/DIRecord;wxd/v2/DFRecord;wxd/v2/DHRecord;wxd/v2/BERecord;wxd/v2/Pollen;wxd/v2/airportDelays;wxd/v2/TIRecord;wxd/v2/WMRecord)/(en_US/USMA0046:1:US)?groupedByResource&api=c58dba3f-01b0-45a6-bd9b-3a113dec4508>)
I/org.umd.logging(19463): Api > 3395 java.net.HttpURLConnection.<init>(com.squareup.okhttp.internal.huc.HttpURLConnectionImpl@470873417, java.net.URL@1273680<URL=http://dsx.weather.com/(wxd/v2/MORecord;wxd/v2/SKRecord;wxd/v2/PastFlu;wxd/v2/DIRecord;wxd/v2/DFRecord;wxd/v2/DHRecord;wxd/v2/BERecord;wxd/v2/Pollen;wxd/v2/airportDelays;wxd/v2/TIRecord;wxd/v2/WMRecord)/(en_US/USMA0046:1:US)?groupedByResource&api=c58dba3f-01b0-45a6-bd9b-3a113dec4508>)
I/org.umd.logging(19463): Api < 3395 java.net.HttpURLConnection.<init>(com.squareup.okhttp.internal.huc.HttpURLConnectionImpl@470873417)
I/org.umd.logging(19463): Api < 3395 java.lang.Object.create(com.squareup.okhttp.internal.huc.HttpURLConnectionImpl@470873417)
I/org.umd.logging(19463): Method > 3395 com.squareup.okhttp.internal.huc.HttpURLConnectionImpl.execute(com.squareup.okhttp.internal.huc.HttpURLConnectionImpl@470873417, true)
I/org.umd.logging(19463): Method > 3386 com.weather.facade.WeatherDataManager.onReceiveWeatherData(com.weather.facade.WeatherDataManager@613400118, com.weather.dal2.dsx.RecordSets@493542990)
I/org.umd.logging(19463): Api > 3395 java.net.Socket.<init>(java.net.Socket@935866492, java.net.Proxy@374530642)
I/org.umd.logging(19463): Api < 3395 java.net.Socket.<init>(java.net.Socket@935866492)
I/org.umd.logging(19463): Method < 3386 com.weather.facade.WeatherDataManager.onReceiveWeatherData()
I/org.umd.logging(19463): Method > 3386 com.weather.dal2.system.TwcBus$1.run(com.weather.dal2.system.TwcBus$1@111625792)
I/org.umd.logging(19463): Method > 3386 com.weather.dal2.system.TwcBus$1.run(com.weather.dal2.system.TwcBus$1@111625792)
I/org.umd.logging(19463): Method > 3386 com.weather.dal2.system.TwcBus$1.run(com.weather.dal2.system.TwcBus$1@111625792)
I/org.umd.logging(19463): Method < 3395 com.squareup.okhttp.internal.huc.HttpURLConnectionImpl.execute(true)
I/org.umd.logging(19463): Method > 3395 com.weather.util.net.HttpRequest$8.run(com.weather.util.net.HttpRequest$8@144347482)
I/org.umd.logging(19463): Method < 3395 com.weather.util.net.HttpRequest$8.run(com.weather.util.net.HttpRequest@129335179)
I/org.umd.logging(19463): Method > 3386 com.weather.facade.WeatherDataManager.onReceiveWeatherData(com.weather.facade.WeatherDataManager@613400118, com.weather.dal2.dsx.RecordSets@94754920)
I/org.umd.logging(19463): Method < 3386 com.weather.facade.WeatherDataManager.onReceiveWeatherData()
I/org.umd.logging(19463): Method > 3386 com.weather.dal2.system.TwcBus$1.run(com.weather.dal2.system.TwcBus$1@111625792)
I/org.umd.logging(19463): Method > 3386 com.weather.dal2.system.TwcBus$1.run(com.weather.dal2.system.TwcBus$1@111625792)
I/org.umd.logging(19463): Method > 3386 com.weather.dal2.system.TwcBus$1.run(com.weather.dal2.system.TwcBus$1@111625792)
I/org.umd.logging(19463): Method > 3386 com.weather.dal2.system.TwcBus$1.run(com.weather.dal2.system.TwcBus$1@111625792)
I/org.umd.logging(11423): Method > 1 com.cleanmaster.base.crash.util.debug.b.run(com.cleanmaster.base.crash.util.debug.b@614779553)
I/org.umd.logging(11423): Method < 1 com.cleanmaster.base.crash.util.debug.b.run()
I/DownloadManagerWrapper(  985): onReceive() : Charging = true
E/WifiStateMachine(  591): WifiStateMachine CMD_START_SCAN source -2 txSuccessRate=5.36 rxSuccessRate=3.07 targetRoamBSSID=b4:e9:b0:e5:06:d0 RSSI=-43
I/org.umd.logging(11423): Method > 1 com.cleanmaster.base.crash.util.debug.b.run(com.cleanmaster.base.crash.util.debug.b@614779553)
I/org.umd.logging(11423): Method < 1 com.cleanmaster.base.crash.util.debug.b.run()
I/DownloadManagerWrapper(  985): onReceive() : Charging = true
I/org.umd.logging(11423): Method > 1 com.cleanmaster.base.crash.util.debug.b.run(com.cleanmaster.base.crash.util.debug.b@614779553)
I/org.umd.logging(11423): Method < 1 com.cleanmaster.base.crash.util.debug.b.run()
I/org.umd.logging(21781): Method > 3437 com.turner.android.aspen.AspenLogger$4.run(com.turner.android.aspen.AspenLogger$4@83011508)
V/Aspen   (21781): ------------postingThread.run invoked
V/Aspen   (21781): postEvents|appName=cvp|sessionId=fc3d6c9356370f11b6dd82b4ff7517f01f669dca~cvp~android~cnn~25~1481211623032|size=0
I/org.umd.logging(21781): Api > 3437 android.net.ConnectivityManager.getActiveNetworkInfo(android.net.ConnectivityManager@688087558)
I/org.umd.logging(21781): Api < 3437 android.net.ConnectivityManager.getActiveNetworkInfo(android.net.NetworkInfo@1040769712)
V/Aspen   (21781): postingThread.sleep for 45000 msec
I/DownloadManagerWrapper(  985): onReceive() : Charging = true
E/WifiStateMachine(  591): WifiStateMachine CMD_START_SCAN source -2 txSuccessRate=3.08 rxSuccessRate=1.56 targetRoamBSSID=b4:e9:b0:e5:06:d0 RSSI=-43
I/org.umd.logging(11423): Method > 1 com.cleanmaster.base.crash.util.debug.b.run(com.cleanmaster.base.crash.util.debug.b@614779553)
I/org.umd.logging(11423): Method < 1 com.cleanmaster.base.crash.util.debug.b.run()
I/DownloadManagerWrapper(  985): onReceive() : Charging = true
I/DownloadManagerWrapper(  985): onReceive() : Charging = true
I/org.umd.logging(11423): Method > 1 com.cleanmaster.base.crash.util.debug.b.run(com.cleanmaster.base.crash.util.debug.b@614779553)
I/org.umd.logging(11423): Method < 1 com.cleanmaster.base.crash.util.debug.b.run()
I/DownloadManagerWrapper(  985): onReceive() : Charging = true
E/WifiStateMachine(  591): WifiStateMachine CMD_START_SCAN source -2 txSuccessRate=0.61 rxSuccessRate=0.37 targetRoamBSSID=b4:e9:b0:e5:06:d0 RSSI=-43
I/org.umd.logging(11423): Method > 1 com.cleanmaster.base.crash.util.debug.b.run(com.cleanmaster.base.crash.util.debug.b@614779553)
I/org.umd.logging(11423): Method < 1 com.cleanmaster.base.crash.util.debug.b.run()
I/DownloadManagerWrapper(  985): onReceive() : Charging = true
I/org.umd.logging(11423): Method > 1 com.cleanmaster.base.crash.util.debug.b.run(com.cleanmaster.base.crash.util.debug.b@614779553)
I/org.umd.logging(11423): Method < 1 com.cleanmaster.base.crash.util.debug.b.run()
I/DownloadManagerWrapper(  985): onReceive() : Charging = true
E/WifiStateMachine(  591): WifiStateMachine CMD_START_SCAN source -2 txSuccessRate=8.25 rxSuccessRate=6.16 targetRoamBSSID=b4:e9:b0:e5:06:d0 RSSI=-43
I/org.umd.logging(21781): Method > 3437 com.turner.android.aspen.AspenLogger$4.run(com.turner.android.aspen.AspenLogger$4@83011508)
V/Aspen   (21781): ------------postingThread.run invoked
V/Aspen   (21781): postEvents|appName=cvp|sessionId=fc3d6c9356370f11b6dd82b4ff7517f01f669dca~cvp~android~cnn~25~1481211623032|size=0
I/org.umd.logging(21781): Api > 3437 android.net.ConnectivityManager.getActiveNetworkInfo(android.net.ConnectivityManager@688087558)
I/org.umd.logging(21781): Api < 3437 android.net.ConnectivityManager.getActiveNetworkInfo(android.net.NetworkInfo@586831145)
V/Aspen   (21781): postingThread.sleep for 45000 msec
I/org.umd.logging(11423): Method > 1 com.cleanmaster.base.crash.util.debug.b.run(com.cleanmaster.base.crash.util.debug.b@614779553)
I/org.umd.logging(11423): Method < 1 com.cleanmaster.base.crash.util.debug.b.run()
I/DownloadManagerWrapper(  985): onReceive() : Charging = true
I/org.umd.logging(11423): Method > 1 com.cleanmaster.base.crash.util.debug.b.run(com.cleanmaster.base.crash.util.debug.b@614779553)
I/org.umd.logging(11423): Method < 1 com.cleanmaster.base.crash.util.debug.b.run()
I/DownloadManagerWrapper(  985): onReceive() : Charging = true
E/WifiStateMachine(  591): WifiStateMachine CMD_START_SCAN source -2 txSuccessRate=3.94 rxSuccessRate=2.83 targetRoamBSSID=b4:e9:b0:e5:06:d0 RSSI=-44
I/org.umd.logging(11423): Method > 1 com.cleanmaster.base.crash.util.debug.b.run(com.cleanmaster.base.crash.util.debug.b@614779553)
I/org.umd.logging(11423): Method < 1 com.cleanmaster.base.crash.util.debug.b.run()
I/DownloadManagerWrapper(  985): onReceive() : Charging = true
I/DownloadManagerWrapper(  985): onReceive() : Charging = true
I/org.umd.logging(11423): Method > 1 com.cleanmaster.base.crash.util.debug.b.run(com.cleanmaster.base.crash.util.debug.b@614779553)
I/org.umd.logging(11423): Method < 1 com.cleanmaster.base.crash.util.debug.b.run()
I/DownloadManagerWrapper(  985): onReceive() : Charging = true
I/Babel_ConcService(17968): Acquired partial wake lock to keep ConcurrentService alive
I/Babel_ConcService(17968): Released partial wake lock as ConcurrentService became idle
E/WifiStateMachine(  591): WifiStateMachine CMD_START_SCAN source -2 txSuccessRate=0.70 rxSuccessRate=0.36 targetRoamBSSID=b4:e9:b0:e5:06:d0 RSSI=-43
I/PlayCommon(13388): [3113] com.google.android.play.a.g.e(853): Preparing logs for uploading
I/PlayCommon(13388): [3113] com.google.android.play.a.g.e(855): No file ready to send
I/org.umd.logging(11423): Method > 1 com.cleanmaster.base.crash.util.debug.b.run(com.cleanmaster.base.crash.util.debug.b@614779553)
I/org.umd.logging(11423): Method < 1 com.cleanmaster.base.crash.util.debug.b.run()
I/DeviceStateChecker(17303): screenOn: true, isCharging: true
I/org.umd.logging(21781): Method > 3437 com.turner.android.aspen.AspenLogger$4.run(com.turner.android.aspen.AspenLogger$4@83011508)
V/Aspen   (21781): ------------postingThread.run invoked
V/Aspen   (21781): postEvents|appName=cvp|sessionId=fc3d6c9356370f11b6dd82b4ff7517f01f669dca~cvp~android~cnn~25~1481211623032|size=0
I/org.umd.logging(21781): Api > 3437 android.net.ConnectivityManager.getActiveNetworkInfo(android.net.ConnectivityManager@688087558)
I/org.umd.logging(21781): Api < 3437 android.net.ConnectivityManager.getActiveNetworkInfo(android.net.NetworkInfo@826208430)
V/Aspen   (21781): postingThread.sleep for 45000 msec
I/org.umd.logging(21781): Method > 1 com.cnn.mobile.android.phone.service.FeedService.onCreate(com.cnn.mobile.android.phone.service.FeedService@968207951)
W/AlarmManager(  591): Suspiciously short interval 30000 millis; expanding to 60 seconds
I/org.umd.logging(21781): Method < 1 com.cnn.mobile.android.phone.service.FeedService.onCreate()
I/org.umd.logging(21781): Method > 1 com.cnn.mobile.android.phone.service.FeedService.onStartCommand(com.cnn.mobile.android.phone.service.FeedService@968207951, android.content.Intent@909777637<action=null><data=null><package=null><component=com.cnn.mobile.android.phone/.service.FeedService><type=null><filter_hashcode=-1301101658><fetch_type=None><umd_Intent_key=None><android.intent.extra.ALARM_COUNT=None>, 0, 1)
I/ConfigHelper(21781): DYNAMIC CONFIG FILE in play (http://www.cnn.com/partners/android/config/3.04/config-phone.json)
I/org.umd.logging(21781): Method > 1 com.androidquery.callback.AbstractAjaxCallback.execute(com.cnn.mobile.android.phone.service.ConfigHelper$1@1024289210)
I/org.umd.logging(21781): Method > 3435 com.androidquery.callback.AbstractAjaxCallback.run(com.cnn.mobile.android.phone.service.ConfigHelper$1@1024289210)
I/org.umd.logging(21781): Method < 1 com.androidquery.callback.AbstractAjaxCallback.execute()
I/org.umd.logging(21781): Method < 1 com.cnn.mobile.android.phone.service.FeedService.onStartCommand(2)
I/org.umd.logging(21781): Method > 3435 com.androidquery.callback.AbstractAjaxCallback.execute(com.cnn.mobile.android.phone.service.ConfigHelper$1@1024289210, org.apache.http.client.methods.HttpGet@195712968, org.apache.http.impl.client.DefaultHttpClient@801597879, org.apache.http.protocol.BasicHttpContext@183926881)
I/org.umd.logging(21781): Api > 3435 org.apache.http.impl.client.DefaultHttpClient.execute(org.apache.http.impl.client.DefaultHttpClient@801597879, org.apache.http.client.methods.HttpGet@195712968, org.apache.http.protocol.BasicHttpContext@183926881)
I/org.umd.logging(21781): Method > 1 com.cnn.mobile.android.phone.service.FeedService.onStartCommand(com.cnn.mobile.android.phone.service.FeedService@968207951, android.content.Intent@348708971<action=null><data=null><package=null><component=com.cnn.mobile.android.phone/.service.FeedService><type=null><filter_hashcode=-1301101658><fetch_type=None><umd_Intent_key=None><android.intent.extra.ALARM_COUNT=None>, 0, 2)
D/WeatherHelper(21781): weather fetch zip null
I/org.umd.logging(21781): Method < 1 com.cnn.mobile.android.phone.service.FeedService.onStartCommand(2)
I/org.umd.logging(21781): Method > 1 com.cnn.mobile.android.phone.service.FeedService.onStartCommand(com.cnn.mobile.android.phone.service.FeedService@968207951, android.content.Intent@840460166<action=null><data=null><package=null><component=com.cnn.mobile.android.phone/.service.FeedService><type=null><filter_hashcode=-1301101658><fetch_type=None><umd_Intent_key=None><android.intent.extra.ALARM_COUNT=None>, 0, 3)
I/org.umd.logging(21781): Method > 1 com.androidquery.callback.AbstractAjaxCallback.execute(com.cnn.mobile.android.phone.service.FeedService$1@462624839)
I/org.umd.logging(21781): Method > 3433 com.androidquery.callback.AbstractAjaxCallback.run(com.cnn.mobile.android.phone.service.FeedService$1@462624839)
I/org.umd.logging(21781): Method < 1 com.androidquery.callback.AbstractAjaxCallback.execute()
I/org.umd.logging(21781): Method < 1 com.cnn.mobile.android.phone.service.FeedService.onStartCommand(2)
I/org.umd.logging(21781): Method > 1 com.cnn.mobile.android.phone.service.FeedService.onStartCommand(com.cnn.mobile.android.phone.service.FeedService@968207951, android.content.Intent@485566580<action=null><data=null><package=null><component=com.cnn.mobile.android.phone/.service.FeedService><type=null><filter_hashcode=-1301101658><fetch_type=None><umd_Intent_key=None><android.intent.extra.ALARM_COUNT=None>, 0, 4)
I/org.umd.logging(21781): Method > 1 com.androidquery.callback.AbstractAjaxCallback.execute(com.cnn.mobile.android.phone.service.FeedService$2@179945885)
I/org.umd.logging(21781): Method < 1 com.androidquery.callback.AbstractAjaxCallback.execute()
I/org.umd.logging(21781): Method > 3432 com.androidquery.callback.AbstractAjaxCallback.run(com.cnn.mobile.android.phone.service.FeedService$2@179945885)
I/org.umd.logging(21781): Method < 1 com.cnn.mobile.android.phone.service.FeedService.onStartCommand(2)
I/org.umd.logging(21781): Method < 3433 com.androidquery.callback.AbstractAjaxCallback.run()
I/org.umd.logging(21781): Method > 1 com.androidquery.callback.AbstractAjaxCallback.run(com.cnn.mobile.android.phone.service.FeedService$1@462624839)
I/org.umd.logging(21781): Method < 1 com.androidquery.callback.AbstractAjaxCallback.run()
I/org.umd.logging(21781): Method > 1 com.cnn.mobile.android.phone.service.FeedService.onDestroy(com.cnn.mobile.android.phone.service.FeedService@968207951)
I/org.umd.logging(21781): Method < 1 com.cnn.mobile.android.phone.service.FeedService.onDestroy()
W/ActivityManager(  591): Permission Denial: Accessing service ComponentInfo{com.google.android.music/com.google.android.music.dial.DialMediaRouteProviderService} from pid=29969, uid=10125 that is not exported from uid 10063
I/org.umd.logging(21781): Method < 3432 com.androidquery.callback.AbstractAjaxCallback.run()
I/org.umd.logging(21781): Method > 1 com.androidquery.callback.AbstractAjaxCallback.run(com.cnn.mobile.android.phone.service.FeedService$2@179945885)
I/org.umd.logging(21781): Method < 1 com.androidquery.callback.AbstractAjaxCallback.run()
I/org.umd.logging(21781): Api < 3435 org.apache.http.impl.client.DefaultHttpClient.execute(org.apache.http.message.BasicHttpResponse@109278738)
I/org.umd.logging(21781): Method < 3435 com.androidquery.callback.AbstractAjaxCallback.execute(org.apache.http.message.BasicHttpResponse@109278738)
I/org.umd.logging(21781): Method < 3435 com.androidquery.callback.AbstractAjaxCallback.run()
I/org.umd.logging(21781): Method > 1 com.androidquery.callback.AbstractAjaxCallback.run(com.cnn.mobile.android.phone.service.ConfigHelper$1@1024289210)
I/org.umd.logging(21781): Method > 1 com.androidquery.callback.AbstractAjaxCallback.execute(com.cnn.mobile.android.phone.service.ConfigHelper$2@937357795)
I/org.umd.logging(21781): Method < 1 com.androidquery.callback.AbstractAjaxCallback.execute()
I/org.umd.logging(21781): Method > 3429 com.androidquery.callback.AbstractAjaxCallback.run(com.cnn.mobile.android.phone.service.ConfigHelper$2@937357795)
I/org.umd.logging(21781): Method < 1 com.androidquery.callback.AbstractAjaxCallback.run()
I/org.umd.logging(21781): Method > 3436 com.androidquery.util.Common.run(com.androidquery.util.Common@808605664)
I/org.umd.logging(21781): Method > 3429 com.androidquery.callback.AbstractAjaxCallback.execute(com.cnn.mobile.android.phone.service.ConfigHelper$2@937357795, org.apache.http.client.methods.HttpGet@863361689, org.apache.http.impl.client.DefaultHttpClient@801597879, org.apache.http.protocol.BasicHttpContext@1025433950)
I/org.umd.logging(21781): Api > 3429 org.apache.http.impl.client.DefaultHttpClient.execute(org.apache.http.impl.client.DefaultHttpClient@801597879, org.apache.http.client.methods.HttpGet@863361689, org.apache.http.protocol.BasicHttpContext@1025433950)
I/org.umd.logging(21781): Method < 3436 com.androidquery.util.Common.run()
I/org.umd.logging(21781): Api < 3429 org.apache.http.impl.client.DefaultHttpClient.execute(org.apache.http.message.BasicHttpResponse@311759372)
I/org.umd.logging(21781): Method < 3429 com.androidquery.callback.AbstractAjaxCallback.execute(org.apache.http.message.BasicHttpResponse@311759372)
I/org.umd.logging(21781): Method < 3429 com.androidquery.callback.AbstractAjaxCallback.run()
I/org.umd.logging(21781): Method > 1 com.androidquery.callback.AbstractAjaxCallback.run(com.cnn.mobile.android.phone.service.ConfigHelper$2@937357795)
I/org.umd.logging(21781): Method < 1 com.androidquery.callback.AbstractAjaxCallback.run()
I/org.umd.logging(21781): Method > 3436 com.androidquery.util.Common.run(com.androidquery.util.Common@373327701)
I/org.umd.logging(21781): Method < 3436 com.androidquery.util.Common.run()
I/DownloadManagerWrapper(  985): onReceive() : Charging = true
I/org.umd.logging(11423): Method > 1 com.cleanmaster.base.crash.util.debug.b.run(com.cleanmaster.base.crash.util.debug.b@614779553)
I/org.umd.logging(11423): Method < 1 com.cleanmaster.base.crash.util.debug.b.run()
I/DownloadManagerWrapper(  985): onReceive() : Charging = true
E/WifiStateMachine(  591): WifiStateMachine CMD_START_SCAN source -2 txSuccessRate=2.79 rxSuccessRate=1.53 targetRoamBSSID=b4:e9:b0:e5:06:d0 RSSI=-43
I/org.umd.logging(11423): Method > 1 com.cleanmaster.base.crash.util.debug.b.run(com.cleanmaster.base.crash.util.debug.b@614779553)
I/org.umd.logging(11423): Method < 1 com.cleanmaster.base.crash.util.debug.b.run()
I/DownloadManagerWrapper(  985): onReceive() : Charging = true
I/org.umd.logging(11423): Method > 1 com.cleanmaster.base.crash.util.debug.b.run(com.cleanmaster.base.crash.util.debug.b@614779553)
I/org.umd.logging(11423): Method < 1 com.cleanmaster.base.crash.util.debug.b.run()
I/DownloadManagerWrapper(  985): onReceive() : Charging = true
E/WifiStateMachine(  591): WifiStateMachine CMD_START_SCAN source -2 txSuccessRate=4.62 rxSuccessRate=2.32 targetRoamBSSID=b4:e9:b0:e5:06:d0 RSSI=-43
I/org.umd.logging(11423): Method > 1 com.cleanmaster.base.crash.util.debug.b.run(com.cleanmaster.base.crash.util.debug.b@614779553)
I/org.umd.logging(11423): Method < 1 com.cleanmaster.base.crash.util.debug.b.run()
I/Babel_ConcService(17968): Unbinding ConcurrentService
W/Babel_ConcService(17968): ***************************************************************************
W/Babel_ConcService(17968): Stopping ConcurrentService while there are 1 tasks still pending
W/Babel_ConcService(17968): ***************************************************************************
W/ContentTaskController( 1323): Invalid newTask was provided to startTracking.
W/ContentTaskController( 1323): Invalid task was provided to stopTracking.
W/ContentTaskController( 1323): Invalid task was provided to stopTracking.
I/ActivityManager(  591): Start proc 22156:com.google.android.youtube/u0a84 for service com.google.android.youtube/com.google.android.libraries.youtube.common.gcore.gcoreclient.gcm.impl.GcmTaskServiceDelegator
W/ContentTaskController( 1323): Invalid task was provided to stopTracking.
W/ResourcesManager(22156): Asset path '/system/framework/com.android.media.remotedisplay.jar' does not exist or contains no resources.
W/ResourcesManager(22156): Asset path '/system/framework/com.android.location.provider.jar' does not exist or contains no resources.
W/linker  (22156): libgmscore.so: unused DT entry: type 0x7ffffffd arg 0x79f
W/linker  (22156): libconscrypt_gmscore_jni.so: unused DT entry: type 0x1d arg 0xe0
W/linker  (22156): libconscrypt_gmscore_jni.so: unused DT entry: type 0x7ffffffd arg 0x1c9
V/JNIHelp (22156): Registering com/google/android/gms/org/conscrypt/NativeCrypto's 235 native methods...
I/art     (22156): Rejecting re-init on previously-failed class java.lang.Class<com.google.android.gms.org.conscrypt.OpenSSLExtendedSessionImpl>
I/art     (22156): Rejecting re-init on previously-failed class java.lang.Class<com.google.android.gms.org.conscrypt.OpenSSLExtendedSessionImpl>
I/ProviderInstaller(22156): Installed default security provider GmsCore_OpenSSL
D/DynamitePackage(22156): Instantiated singleton DynamitePackage.
D/DynamitePackage(22156): Instantiating com.google.android.gms.ads.adshield.ChimeraAdShieldCreatorImpl
W/Conscrypt( 1323): Could not set socket write timeout: null
W/Conscrypt( 1323): Could not set socket write timeout: null
W/ActivityManager(  591): getRunningAppProcesses: caller 10084 does not hold REAL_GET_TASKS; limiting output
W/InstanceID/Rpc(22156): Found 10008
W/linker  (22156): libcronet.so: unused DT entry: type 0x6ffffffe arg 0x2b20
W/linker  (22156): libcronet.so: unused DT entry: type 0x6fffffff arg 0x3
E/Cataloger( 8854): syncFile:/storage/emulated/0/Android/data/com.google.android.youtube/cache/cache-1015306102probe
I/art     ( 1323): Explicit concurrent mark sweep GC freed 52469(2MB) AllocSpace objects, 6(96KB) LOS objects, 39% free, 17MB/29MB, paused 1.434ms total 88.020ms
W/ContentTaskController( 1323): Invalid newTask was provided to startTracking.
E/Cataloger( 8854): need not sync path:/storage/emulated/0/Android/data/com.google.android.youtube/cache/cache-1015306102probe
E/Cataloger( 8854): syncFile:/storage/emulated/0/Android/data/com.google.android.youtube/cache/cache-1015306102probe
E/Cataloger( 8854): need not sync path:/storage/emulated/0/Android/data/com.google.android.youtube/cache/cache-1015306102probe
E/Cataloger( 8854): syncFile:/storage/emulated/0/Android/data/com.google.android.youtube/cache/cache-1015306102probe
E/Cataloger( 8854): need not sync path:/storage/emulated/0/Android/data/com.google.android.youtube/cache/cache-1015306102probe
W/ActivityManager(  591): getRunningAppProcesses: caller 10084 does not hold REAL_GET_TASKS; limiting output
W/ActivityManager(  591): getRunningAppProcesses: caller 10084 does not hold REAL_GET_TASKS; limiting output
E/Cataloger( 8854): syncFile:/storage/emulated/0/Android/data/com.google.android.youtube/cache/cache-1190493143probe
E/Cataloger( 8854): need not sync path:/storage/emulated/0/Android/data/com.google.android.youtube/cache/cache-1190493143probe
E/Cataloger( 8854): syncFile:/storage/emulated/0/Android/data/com.google.android.youtube/cache/cache-1190493143probe
E/Cataloger( 8854): need not sync path:/storage/emulated/0/Android/data/com.google.android.youtube/cache/cache-1190493143probe
E/Cataloger( 8854): syncFile:/storage/emulated/0/Android/data/com.google.android.youtube/cache/cache-1190493143probe
E/Cataloger( 8854): need not sync path:/storage/emulated/0/Android/data/com.google.android.youtube/cache/cache-1190493143probe
I/qtaguid (22156): Failed write_ctrl(u -1) res=-1 errno=9
I/qtaguid (22156): Untagging socket -1 failed errno=-9
W/NetworkManagementSocketTagger(22156): untagSocket(-1) failed with errno -9
I/art     (  591): Explicit concurrent mark sweep GC freed 141668(6MB) AllocSpace objects, 4(64KB) LOS objects, 33% free, 27MB/40MB, paused 1.709ms total 127.453ms
D/ConnectivityService(  591): listenForNetwork for NetworkRequest [ id=134, legacyType=-1, [ Capabilities: INTERNET&NOT_RESTRICTED&TRUSTED] ]
D/ConnectivityService(  591): handleRegisterNetworkRequest checking NetworkAgentInfo [WIFI () - 102]
D/ConnectivityService(  591): apparently satisfied.  currentScore=60
D/ConnectivityManager.CallbackHandler(22156): CM callback handler got msg 524290
I/ActivityManager(  591): Killing 17946:com.google.android.apps.magazines/u0a64 (adj 15): empty #17
I/DownloadManagerWrapper(  985): onReceive() : Charging = true
W/BroadcastQueue(  591): Failure sending broadcast Intent { act=android.intent.action.BATTERY_CHANGED flg=0x60000010 (has extras) }
W/BroadcastQueue(  591): android.os.DeadObjectException
W/BroadcastQueue(  591): 	at android.os.BinderProxy.transactNative(Native Method)
W/BroadcastQueue(  591): 	at android.os.BinderProxy.transact(Binder.java:496)
W/BroadcastQueue(  591): 	at android.app.ApplicationThreadProxy.scheduleRegisteredReceiver(ApplicationThreadNative.java:1093)
W/BroadcastQueue(  591): 	at com.android.server.am.BroadcastQueue.performReceiveLocked(BroadcastQueue.java:431)
W/BroadcastQueue(  591): 	at com.android.server.am.BroadcastQueue.deliverToRegisteredReceiverLocked(BroadcastQueue.java:521)
W/BroadcastQueue(  591): 	at com.android.server.am.BroadcastQueue.processNextBroadcast(BroadcastQueue.java:569)
W/BroadcastQueue(  591): 	at com.android.server.am.BroadcastQueue$BroadcastHandler.handleMessage(BroadcastQueue.java:149)
W/BroadcastQueue(  591): 	at android.os.Handler.dispatchMessage(Handler.java:102)
W/BroadcastQueue(  591): 	at android.os.Looper.loop(Looper.java:135)
W/BroadcastQueue(  591): 	at android.os.HandlerThread.run(HandlerThread.java:61)
W/BroadcastQueue(  591): 	at com.android.server.ServiceThread.run(ServiceThread.java:46)
I/DownloadManagerWrapper(  985): onReceive() : Charging = true
I/DownloadManagerWrapper(  985): onReceive() : Charging = true
W/ActivityManager(  591): Permission Denial: Accessing service ComponentInfo{com.google.android.music/com.google.android.music.dial.DialMediaRouteProviderService} from pid=22156, uid=10084 that is not exported from uid 10063
I/CastMediaRouteProvider( 1608): in onDiscoveryRequestChanged: request=DiscoveryRequest{ selector=MediaRouteSelector{ controlCategories=[com.google.android.gms.cast.CATEGORY_CAST/CA5E8412, com.google.android.gms.cast.CATEGORY_CAST/233637DE] }, activeScan=true, isValid=true }
W/MdnsClient_Cast( 1608): Multicast lock held. Releasing. Subtypes:"CA5E8412"
W/MdnsClient( 1608): unicast receiver thread is already dead.
W/MdnsClient_Cast( 1608): #acquireLock. Multicast lock not held. Acquiring. Subtypes:"CA5E8412,233637DE"
I/qtaguid (22156): Failed write_ctrl(u -1) res=-1 errno=9
