W/ActivityManager(  591): Permission Denial: Accessing service ComponentInfo{com.google.android.music/com.google.android.music.dial.DialMediaRouteProviderService} from pid=29969, uid=10125 that is not exported from uid 10063
I/org.umd.logging(21781): Method < 1 com.cnn.mobile.android.phone.service.FeedService.onDestroy()
I/org.umd.logging(21781): Method > 1 com.androidquery.callback.AbstractAjaxCallback.run(com.cnn.mobile.android.phone.service.FeedService$1@685409900)
I/org.umd.logging(21781): Method < 3435 com.androidquery.callback.AbstractAjaxCallback.run()
I/org.umd.logging(21781): Method < 1 com.androidquery.callback.AbstractAjaxCallback.run()
I/org.umd.logging(21781): Method > 1 com.androidquery.callback.AbstractAjaxCallback.run(com.cnn.mobile.android.phone.service.FeedService$2@850538698)
I/org.umd.logging(21781): Method < 1 com.androidquery.callback.AbstractAjaxCallback.run()
I/org.umd.logging(21781): Method < 3429 com.androidquery.callback.AbstractAjaxCallback.run()
W/Herrevad( 1323): Invalid mccmnc 
W/Herrevad( 1323): Invalid mccmnc 
W/ContentTaskController( 1323): Invalid newTask was provided to startTracking.
E/kickstart(  626): Wrote to /sys/power/wake_lock
E/kickstart(  626): Received file "/dev/block/platform/msm_sdcc.1/by-name/m9kefs1"
E/kickstart(  626): 786432 bytes transferred in 0.128s (5.86 MBps)
E/kickstart(  626): Successfully downloaded files from target 
E/kickstart(  626): Wrote to /sys/power/wake_unlock
E/kickstart(  626): Sahara protocol completed
I/org.umd.logging(11423): Method > 1 com.cleanmaster.base.crash.util.debug.b.run(com.cleanmaster.base.crash.util.debug.b@614779553)
I/org.umd.logging(11423): Method < 1 com.cleanmaster.base.crash.util.debug.b.run()
E/WifiStateMachine(  591): WifiStateMachine CMD_START_SCAN source -2 txSuccessRate=20.50 rxSuccessRate=19.18 targetRoamBSSID=b4:e9:b0:e5:06:d0 RSSI=-43
I/org.umd.logging(11423): Method > 1 com.cleanmaster.base.crash.util.debug.b.run(com.cleanmaster.base.crash.util.debug.b@614779553)
I/org.umd.logging(11423): Method < 1 com.cleanmaster.base.crash.util.debug.b.run()
I/DownloadManagerWrapper(  985): onReceive() : Charging = true
I/org.umd.logging(11423): Method > 1 com.cleanmaster.base.crash.util.debug.b.run(com.cleanmaster.base.crash.util.debug.b@614779553)
I/org.umd.logging(11423): Method < 1 com.cleanmaster.base.crash.util.debug.b.run()
I/DownloadManagerWrapper(  985): onReceive() : Charging = true
E/WifiStateMachine(  591): WifiStateMachine CMD_START_SCAN source -2 txSuccessRate=0.64 rxSuccessRate=0.46 targetRoamBSSID=b4:e9:b0:e5:06:d0 RSSI=-42
I/org.umd.logging(11423): Method > 1 com.cleanmaster.base.crash.util.debug.b.run(com.cleanmaster.base.crash.util.debug.b@614779553)
I/org.umd.logging(11423): Method < 1 com.cleanmaster.base.crash.util.debug.b.run()
I/DownloadManagerWrapper(  985): onReceive() : Charging = true
I/org.umd.logging(11423): Method > 1 com.cleanmaster.base.crash.util.debug.b.run(com.cleanmaster.base.crash.util.debug.b@614779553)
I/org.umd.logging(11423): Method < 1 com.cleanmaster.base.crash.util.debug.b.run()
I/org.umd.logging(21781): Method > 3437 com.turner.android.aspen.AspenLogger$4.run(com.turner.android.aspen.AspenLogger$4@83011508)
V/Aspen   (21781): ------------postingThread.run invoked
V/Aspen   (21781): postEvents|appName=cvp|sessionId=fc3d6c9356370f11b6dd82b4ff7517f01f669dca~cvp~android~cnn~25~1481211623032|size=0
I/org.umd.logging(21781): Api > 3437 android.net.ConnectivityManager.getActiveNetworkInfo(android.net.ConnectivityManager@688087558)
I/org.umd.logging(21781): Api < 3437 android.net.ConnectivityManager.getActiveNetworkInfo(android.net.NetworkInfo@653820475)
V/Aspen   (21781): postingThread.sleep for 45000 msec
E/WifiStateMachine(  591): WifiStateMachine CMD_START_SCAN source -2 txSuccessRate=1.39 rxSuccessRate=0.69 targetRoamBSSID=b4:e9:b0:e5:06:d0 RSSI=-42
I/org.umd.logging(11423): Method > 1231 com.a.a.a.a.d.run(com.a.a.a.a.d@694773220)
I/org.umd.logging(11423): Method > 1231 com.a.a.a.d.o.run(com.a.a.a.d.o@967444738)
I/org.umd.logging(11423): Api > 1231 android.net.ConnectivityManager.getActiveNetworkInfo(android.net.ConnectivityManager@517246612)
I/org.umd.logging(11423): Api < 1231 android.net.ConnectivityManager.getActiveNetworkInfo(android.net.NetworkInfo@412378368)
I/org.umd.logging(11423): Method < 1231 com.a.a.a.d.o.run()
I/org.umd.logging(11423): Method < 1231 com.a.a.a.a.d.run()
I/org.umd.logging(11423): Method > 1 com.cleanmaster.base.crash.util.debug.b.run(com.cleanmaster.base.crash.util.debug.b@614779553)
I/org.umd.logging(11423): Method < 1 com.cleanmaster.base.crash.util.debug.b.run()
I/DownloadManagerWrapper(  985): onReceive() : Charging = true
I/org.umd.logging(11423): Method > 1 com.cleanmaster.base.crash.util.debug.b.run(com.cleanmaster.base.crash.util.debug.b@614779553)
I/org.umd.logging(11423): Method < 1 com.cleanmaster.base.crash.util.debug.b.run()
E/WifiStateMachine(  591): WifiStateMachine CMD_START_SCAN source -2 txSuccessRate=2.37 rxSuccessRate=1.19 targetRoamBSSID=b4:e9:b0:e5:06:d0 RSSI=-42
I/org.umd.logging(11423): Method > 1 com.cleanmaster.base.crash.util.debug.b.run(com.cleanmaster.base.crash.util.debug.b@614779553)
I/org.umd.logging(11423): Method < 1 com.cleanmaster.base.crash.util.debug.b.run()
I/org.umd.logging(11423): Method > 1 com.cleanmaster.base.crash.util.debug.b.run(com.cleanmaster.base.crash.util.debug.b@614779553)
I/org.umd.logging(11423): Method < 1 com.cleanmaster.base.crash.util.debug.b.run()
E/WifiStateMachine(  591): WifiStateMachine CMD_START_SCAN source -2 txSuccessRate=1.05 rxSuccessRate=0.54 targetRoamBSSID=b4:e9:b0:e5:06:d0 RSSI=-43
I/org.umd.logging(21781): Method > 3437 com.turner.android.aspen.AspenLogger$4.run(com.turner.android.aspen.AspenLogger$4@83011508)
V/Aspen   (21781): ------------postingThread.run invoked
V/Aspen   (21781): postEvents|appName=cvp|sessionId=fc3d6c9356370f11b6dd82b4ff7517f01f669dca~cvp~android~cnn~25~1481211623032|size=0
I/org.umd.logging(21781): Api > 3437 android.net.ConnectivityManager.getActiveNetworkInfo(android.net.ConnectivityManager@688087558)
I/org.umd.logging(21781): Api < 3437 android.net.ConnectivityManager.getActiveNetworkInfo(android.net.NetworkInfo@69180760)
V/Aspen   (21781): postingThread.sleep for 45000 msec
I/org.umd.logging(11423): Method > 1 com.cleanmaster.base.crash.util.debug.b.run(com.cleanmaster.base.crash.util.debug.b@614779553)
I/org.umd.logging(11423): Method < 1 com.cleanmaster.base.crash.util.debug.b.run()
I/DownloadManagerWrapper(  985): onReceive() : Charging = true
I/org.umd.logging(11423): Method > 1 com.cleanmaster.base.crash.util.debug.b.run(com.cleanmaster.base.crash.util.debug.b@614779553)
I/org.umd.logging(11423): Method < 1 com.cleanmaster.base.crash.util.debug.b.run()
I/DownloadManagerWrapper(  985): onReceive() : Charging = true
E/WifiStateMachine(  591): WifiStateMachine CMD_START_SCAN source -2 txSuccessRate=1.52 rxSuccessRate=0.76 targetRoamBSSID=b4:e9:b0:e5:06:d0 RSSI=-47
I/org.umd.logging(11423): Method > 1 com.cleanmaster.base.crash.util.debug.b.run(com.cleanmaster.base.crash.util.debug.b@614779553)
I/org.umd.logging(11423): Method < 1 com.cleanmaster.base.crash.util.debug.b.run()
I/DownloadManagerWrapper(  985): onReceive() : Charging = true
I/DownloadManagerWrapper(  985): onReceive() : Charging = true
I/org.umd.logging(11423): Method > 1 com.cleanmaster.base.crash.util.debug.b.run(com.cleanmaster.base.crash.util.debug.b@614779553)
I/org.umd.logging(11423): Method < 1 com.cleanmaster.base.crash.util.debug.b.run()
I/DownloadManagerWrapper(  985): onReceive() : Charging = true
E/WifiStateMachine(  591): WifiStateMachine CMD_START_SCAN source -2 txSuccessRate=3.59 rxSuccessRate=1.79 targetRoamBSSID=b4:e9:b0:e5:06:d0 RSSI=-46
I/DeviceStateChecker(17303): screenOn: true, isCharging: true
I/org.umd.logging(11423): Method > 1 com.cleanmaster.base.crash.util.debug.b.run(com.cleanmaster.base.crash.util.debug.b@614779553)
I/org.umd.logging(11423): Method < 1 com.cleanmaster.base.crash.util.debug.b.run()
I/org.umd.logging(21781): Method > 3437 com.turner.android.aspen.AspenLogger$4.run(com.turner.android.aspen.AspenLogger$4@83011508)
V/Aspen   (21781): ------------postingThread.run invoked
V/Aspen   (21781): postEvents|appName=cvp|sessionId=fc3d6c9356370f11b6dd82b4ff7517f01f669dca~cvp~android~cnn~25~1481211623032|size=0
I/org.umd.logging(21781): Api > 3437 android.net.ConnectivityManager.getActiveNetworkInfo(android.net.ConnectivityManager@688087558)
I/org.umd.logging(21781): Api < 3437 android.net.ConnectivityManager.getActiveNetworkInfo(android.net.NetworkInfo@762773169)
V/Aspen   (21781): postingThread.sleep for 45000 msec
I/org.umd.logging(11423): Method > 1 com.cleanmaster.base.crash.util.debug.b.run(com.cleanmaster.base.crash.util.debug.b@614779553)
I/org.umd.logging(11423): Method < 1 com.cleanmaster.base.crash.util.debug.b.run()
I/DownloadManagerWrapper(  985): onReceive() : Charging = true
E/WifiStateMachine(  591): WifiStateMachine CMD_START_SCAN source -2 txSuccessRate=2.90 rxSuccessRate=1.45 targetRoamBSSID=b4:e9:b0:e5:06:d0 RSSI=-48
I/org.umd.logging(11423): Method > 1 com.cleanmaster.base.crash.util.debug.b.run(com.cleanmaster.base.crash.util.debug.b@614779553)
I/org.umd.logging(11423): Method < 1 com.cleanmaster.base.crash.util.debug.b.run()
I/org.umd.logging(11423): Method > 1 com.cleanmaster.base.crash.util.debug.b.run(com.cleanmaster.base.crash.util.debug.b@614779553)
I/org.umd.logging(11423): Method < 1 com.cleanmaster.base.crash.util.debug.b.run()
I/org.umd.logging(21781): Method > 1 com.cnn.mobile.android.phone.service.FeedService.onCreate(com.cnn.mobile.android.phone.service.FeedService@187338646)
I/org.umd.logging(21781): Method < 1 com.cnn.mobile.android.phone.service.FeedService.onCreate()
I/org.umd.logging(21781): Method > 1 com.cnn.mobile.android.phone.service.FeedService.onStartCommand(com.cnn.mobile.android.phone.service.FeedService@187338646, android.content.Intent@194852612<action=null><data=null><package=null><component=com.cnn.mobile.android.phone/.service.FeedService><type=null><filter_hashcode=-1301101658><fetch_type=None><umd_Intent_key=None><android.intent.extra.ALARM_COUNT=None>, 0, 1)
I/ConfigHelper(21781): DYNAMIC CONFIG FILE in play (http://www.cnn.com/partners/android/config/3.04/config-phone.json)
I/org.umd.logging(21781): Method > 1 com.androidquery.callback.AbstractAjaxCallback.execute(com.cnn.mobile.android.phone.service.ConfigHelper$1@701224173)
I/org.umd.logging(21781): Method < 1 com.androidquery.callback.AbstractAjaxCallback.execute()
I/org.umd.logging(21781): Method < 1 com.cnn.mobile.android.phone.service.FeedService.onStartCommand(2)
I/org.umd.logging(21781): Method > 1 com.cnn.mobile.android.phone.service.FeedService.onStartCommand(com.cnn.mobile.android.phone.service.FeedService@187338646, android.content.Intent@49811234<action=null><data=null><package=null><component=com.cnn.mobile.android.phone/.service.FeedService><type=null><filter_hashcode=-1301101658><fetch_type=None><umd_Intent_key=None><android.intent.extra.ALARM_COUNT=None>, 0, 2)
D/WeatherHelper(21781): weather fetch zip null
I/org.umd.logging(21781): Method < 1 com.cnn.mobile.android.phone.service.FeedService.onStartCommand(2)
I/org.umd.logging(21781): Method > 1 com.cnn.mobile.android.phone.service.FeedService.onStartCommand(com.cnn.mobile.android.phone.service.FeedService@187338646, android.content.Intent@780598707<action=null><data=null><package=null><component=com.cnn.mobile.android.phone/.service.FeedService><type=null><filter_hashcode=-1301101658><fetch_type=None><umd_Intent_key=None><android.intent.extra.ALARM_COUNT=None>, 0, 3)
I/org.umd.logging(21781): Method > 1 com.androidquery.callback.AbstractAjaxCallback.execute(com.cnn.mobile.android.phone.service.FeedService$1@473481072)
I/org.umd.logging(21781): Method < 1 com.androidquery.callback.AbstractAjaxCallback.execute()
I/org.umd.logging(21781): Method < 1 com.cnn.mobile.android.phone.service.FeedService.onStartCommand(2)
I/org.umd.logging(21781): Method > 3433 com.androidquery.callback.AbstractAjaxCallback.run(com.cnn.mobile.android.phone.service.ConfigHelper$1@701224173)
I/org.umd.logging(21781): Method > 3433 com.androidquery.callback.AbstractAjaxCallback.execute(com.cnn.mobile.android.phone.service.ConfigHelper$1@701224173, org.apache.http.client.methods.HttpGet@253612777, org.apache.http.impl.client.DefaultHttpClient@801597879, org.apache.http.protocol.BasicHttpContext@254540654)
I/org.umd.logging(21781): Api > 3433 org.apache.http.impl.client.DefaultHttpClient.execute(org.apache.http.impl.client.DefaultHttpClient@801597879, org.apache.http.client.methods.HttpGet@253612777, org.apache.http.protocol.BasicHttpContext@254540654)
I/org.umd.logging(21781): Method > 3432 com.androidquery.callback.AbstractAjaxCallback.run(com.cnn.mobile.android.phone.service.FeedService$1@473481072)
I/org.umd.logging(21781): Method > 3432 com.androidquery.callback.AbstractAjaxCallback.execute(com.cnn.mobile.android.phone.service.FeedService$1@473481072, org.apache.http.client.methods.HttpGet@23708175, org.apache.http.impl.client.DefaultHttpClient@801597879, org.apache.http.protocol.BasicHttpContext@969040540)
I/org.umd.logging(21781): Api > 3432 org.apache.http.impl.client.DefaultHttpClient.execute(org.apache.http.impl.client.DefaultHttpClient@801597879, org.apache.http.client.methods.HttpGet@23708175, org.apache.http.protocol.BasicHttpContext@969040540)
I/org.umd.logging(21781): Method > 1 com.cnn.mobile.android.phone.service.FeedService.onStartCommand(com.cnn.mobile.android.phone.service.FeedService@187338646, android.content.Intent@846705829<action=null><data=null><package=null><component=com.cnn.mobile.android.phone/.service.FeedService><type=null><filter_hashcode=-1301101658><fetch_type=None><umd_Intent_key=None><android.intent.extra.ALARM_COUNT=None>, 0, 4)
I/org.umd.logging(21781): Method > 1 com.androidquery.callback.AbstractAjaxCallback.execute(com.cnn.mobile.android.phone.service.FeedService$2@312500346)
I/org.umd.logging(21781): Method < 1 com.androidquery.callback.AbstractAjaxCallback.execute()
I/org.umd.logging(21781): Method > 3435 com.androidquery.callback.AbstractAjaxCallback.run(com.cnn.mobile.android.phone.service.FeedService$2@312500346)
I/org.umd.logging(21781): Method < 1 com.cnn.mobile.android.phone.service.FeedService.onStartCommand(2)
W/AlarmManager(  591): Suspiciously short interval 30000 millis; expanding to 60 seconds
I/org.umd.logging(21781): Method > 3435 com.androidquery.callback.AbstractAjaxCallback.execute(com.cnn.mobile.android.phone.service.FeedService$2@312500346, org.apache.http.client.methods.HttpGet@604663851, org.apache.http.impl.client.DefaultHttpClient@801597879, org.apache.http.protocol.BasicHttpContext@853609608)
I/org.umd.logging(21781): Api > 3435 org.apache.http.impl.client.DefaultHttpClient.execute(org.apache.http.impl.client.DefaultHttpClient@801597879, org.apache.http.client.methods.HttpGet@604663851, org.apache.http.protocol.BasicHttpContext@853609608)
I/org.umd.logging(21781): Method > 1 com.cnn.mobile.android.phone.service.FeedService.onDestroy(com.cnn.mobile.android.phone.service.FeedService@187338646)
I/org.umd.logging(21781): Method < 1 com.cnn.mobile.android.phone.service.FeedService.onDestroy()
W/ActivityManager(  591): Permission Denial: Accessing service ComponentInfo{com.google.android.music/com.google.android.music.dial.DialMediaRouteProviderService} from pid=29969, uid=10125 that is not exported from uid 10063
I/org.umd.logging(21781): Api < 3432 org.apache.http.impl.client.DefaultHttpClient.execute(org.apache.http.message.BasicHttpResponse@886306337)
I/org.umd.logging(21781): Method < 3432 com.androidquery.callback.AbstractAjaxCallback.execute(org.apache.http.message.BasicHttpResponse@886306337)
I/org.umd.logging(21781): Method < 3432 com.androidquery.callback.AbstractAjaxCallback.run()
I/org.umd.logging(21781): Method > 1 com.androidquery.callback.AbstractAjaxCallback.run(com.cnn.mobile.android.phone.service.FeedService$1@473481072)
I/org.umd.logging(21781): Method < 1 com.androidquery.callback.AbstractAjaxCallback.run()
I/org.umd.logging(21781): Method > 3436 com.androidquery.util.Common.run(com.androidquery.util.Common@298060358)
I/org.umd.logging(21781): Method < 3436 com.androidquery.util.Common.run()
I/org.umd.logging(21781): Api < 3433 org.apache.http.impl.client.DefaultHttpClient.execute(org.apache.http.message.BasicHttpResponse@62776327)
I/org.umd.logging(21781): Method < 3433 com.androidquery.callback.AbstractAjaxCallback.execute(org.apache.http.message.BasicHttpResponse@62776327)
I/org.umd.logging(21781): Method < 3433 com.androidquery.callback.AbstractAjaxCallback.run()
I/org.umd.logging(21781): Method > 1 com.androidquery.callback.AbstractAjaxCallback.run(com.cnn.mobile.android.phone.service.ConfigHelper$1@701224173)
I/org.umd.logging(21781): Api < 3435 org.apache.http.impl.client.DefaultHttpClient.execute(org.apache.http.message.BasicHttpResponse@398354740)
I/org.umd.logging(21781): Method < 3435 com.androidquery.callback.AbstractAjaxCallback.execute(org.apache.http.message.BasicHttpResponse@398354740)
I/org.umd.logging(21781): Method > 1 com.androidquery.callback.AbstractAjaxCallback.execute(com.cnn.mobile.android.phone.service.ConfigHelper$2@844682077)
I/org.umd.logging(21781): Method > 3429 com.androidquery.callback.AbstractAjaxCallback.run(com.cnn.mobile.android.phone.service.ConfigHelper$2@844682077)
I/org.umd.logging(21781): Method < 1 com.androidquery.callback.AbstractAjaxCallback.execute()
I/org.umd.logging(21781): Method > 3429 com.androidquery.callback.AbstractAjaxCallback.execute(com.cnn.mobile.android.phone.service.ConfigHelper$2@844682077, org.apache.http.client.methods.HttpGet@388400338, org.apache.http.impl.client.DefaultHttpClient@801597879, org.apache.http.protocol.BasicHttpContext@608876963)
I/org.umd.logging(21781): Api > 3429 org.apache.http.impl.client.DefaultHttpClient.execute(org.apache.http.impl.client.DefaultHttpClient@801597879, org.apache.http.client.methods.HttpGet@388400338, org.apache.http.protocol.BasicHttpContext@608876963)
I/org.umd.logging(21781): Method > 3436 com.androidquery.util.Common.run(com.androidquery.util.Common@693389401)
I/org.umd.logging(21781): Method < 3435 com.androidquery.callback.AbstractAjaxCallback.run()
I/org.umd.logging(21781): Method < 3436 com.androidquery.util.Common.run()
I/org.umd.logging(21781): Method < 1 com.androidquery.callback.AbstractAjaxCallback.run()
I/org.umd.logging(21781): Method > 1 com.androidquery.callback.AbstractAjaxCallback.run(com.cnn.mobile.android.phone.service.FeedService$2@312500346)
I/org.umd.logging(21781): Method < 1 com.androidquery.callback.AbstractAjaxCallback.run()
I/org.umd.logging(21781): Method > 3436 com.androidquery.util.Common.run(com.androidquery.util.Common@348396574)
I/org.umd.logging(21781): Method < 3436 com.androidquery.util.Common.run()
I/org.umd.logging(21781): Api < 3429 org.apache.http.impl.client.DefaultHttpClient.execute(org.apache.http.message.BasicHttpResponse@893734143)
I/org.umd.logging(21781): Method < 3429 com.androidquery.callback.AbstractAjaxCallback.execute(org.apache.http.message.BasicHttpResponse@893734143)
I/org.umd.logging(21781): Method < 3429 com.androidquery.callback.AbstractAjaxCallback.run()
I/org.umd.logging(21781): Method > 1 com.androidquery.callback.AbstractAjaxCallback.run(com.cnn.mobile.android.phone.service.ConfigHelper$2@844682077)
I/org.umd.logging(21781): Method > 3436 com.androidquery.util.Common.run(com.androidquery.util.Common@405908172)
I/org.umd.logging(21781): Method < 1 com.androidquery.callback.AbstractAjaxCallback.run()
I/org.umd.logging(21781): Method < 3436 com.androidquery.util.Common.run()
I/DownloadManagerWrapper(  985): onReceive() : Charging = true
E/WifiStateMachine(  591): WifiStateMachine CMD_START_SCAN source -2 txSuccessRate=14.30 rxSuccessRate=9.52 targetRoamBSSID=b4:e9:b0:e5:06:d0 RSSI=-48
I/org.umd.logging(11423): Method > 1 com.cleanmaster.base.crash.util.debug.b.run(com.cleanmaster.base.crash.util.debug.b@614779553)
I/org.umd.logging(11423): Method < 1 com.cleanmaster.base.crash.util.debug.b.run()
I/DownloadManagerWrapper(  985): onReceive() : Charging = true
I/org.umd.logging(21781): Method > 3437 com.turner.android.aspen.AspenLogger$4.run(com.turner.android.aspen.AspenLogger$4@83011508)
V/Aspen   (21781): ------------postingThread.run invoked
V/Aspen   (21781): postEvents|appName=cvp|sessionId=fc3d6c9356370f11b6dd82b4ff7517f01f669dca~cvp~android~cnn~25~1481211623032|size=0
I/org.umd.logging(21781): Api > 3437 android.net.ConnectivityManager.getActiveNetworkInfo(android.net.ConnectivityManager@688087558)
I/org.umd.logging(21781): Api < 3437 android.net.ConnectivityManager.getActiveNetworkInfo(android.net.NetworkInfo@351801621)
V/Aspen   (21781): postingThread.sleep for 45000 msec
I/org.umd.logging(11423): Method > 1 com.cleanmaster.base.crash.util.debug.b.run(com.cleanmaster.base.crash.util.debug.b@614779553)
I/org.umd.logging(11423): Method < 1 com.cleanmaster.base.crash.util.debug.b.run()
E/WifiStateMachine(  591): WifiStateMachine CMD_START_SCAN source -2 txSuccessRate=4.92 rxSuccessRate=2.65 targetRoamBSSID=b4:e9:b0:e5:06:d0 RSSI=-46
I/PlayCommon(13388): [3113] com.google.android.play.a.g.e(853): Preparing logs for uploading
I/PlayCommon(13388): [3113] com.google.android.play.a.g.e(855): No file ready to send
I/org.umd.logging(11423): Method > 1 com.cleanmaster.base.crash.util.debug.b.run(com.cleanmaster.base.crash.util.debug.b@614779553)
I/org.umd.logging(11423): Method < 1 com.cleanmaster.base.crash.util.debug.b.run()
I/DownloadManagerWrapper(  985): onReceive() : Charging = true
I/org.umd.logging(11423): Method > 1 com.cleanmaster.base.crash.util.debug.b.run(com.cleanmaster.base.crash.util.debug.b@614779553)
I/org.umd.logging(11423): Method < 1 com.cleanmaster.base.crash.util.debug.b.run()
I/DownloadManagerWrapper(  985): onReceive() : Charging = true
E/WifiStateMachine(  591): WifiStateMachine CMD_START_SCAN source -2 txSuccessRate=2.23 rxSuccessRate=1.09 targetRoamBSSID=b4:e9:b0:e5:06:d0 RSSI=-47
I/org.umd.logging(11423): Method > 1 com.cleanmaster.base.crash.util.debug.b.run(com.cleanmaster.base.crash.util.debug.b@614779553)
I/org.umd.logging(11423): Method < 1 com.cleanmaster.base.crash.util.debug.b.run()
I/DownloadManagerWrapper(  985): onReceive() : Charging = true
I/org.umd.logging(11423): Method > 1 com.cleanmaster.base.crash.util.debug.b.run(com.cleanmaster.base.crash.util.debug.b@614779553)
I/org.umd.logging(11423): Method < 1 com.cleanmaster.base.crash.util.debug.b.run()
I/org.umd.logging(21781): Method > 3437 com.turner.android.aspen.AspenLogger$4.run(com.turner.android.aspen.AspenLogger$4@83011508)
V/Aspen   (21781): ------------postingThread.run invoked
V/Aspen   (21781): postEvents|appName=cvp|sessionId=fc3d6c9356370f11b6dd82b4ff7517f01f669dca~cvp~android~cnn~25~1481211623032|size=0
I/org.umd.logging(21781): Api > 3437 android.net.ConnectivityManager.getActiveNetworkInfo(android.net.ConnectivityManager@688087558)
I/org.umd.logging(21781): Api < 3437 android.net.ConnectivityManager.getActiveNetworkInfo(android.net.NetworkInfo@236051498)
V/Aspen   (21781): postingThread.sleep for 45000 msec
E/WifiStateMachine(  591): WifiStateMachine CMD_START_SCAN source -2 txSuccessRate=1.40 rxSuccessRate=0.52 targetRoamBSSID=b4:e9:b0:e5:06:d0 RSSI=-47
I/art     (  591): Explicit concurrent mark sweep GC freed 156649(7MB) AllocSpace objects, 7(908KB) LOS objects, 33% free, 26MB/39MB, paused 2.136ms total 205.676ms
I/org.umd.logging(11423): Method > 1 com.cleanmaster.base.crash.util.debug.b.run(com.cleanmaster.base.crash.util.debug.b@614779553)
I/org.umd.logging(11423): Method < 1 com.cleanmaster.base.crash.util.debug.b.run()
I/DownloadManagerWrapper(  985): onReceive() : Charging = true
I/DownloadManagerWrapper(  985): onReceive() : Charging = true
I/org.umd.logging(22290): Method > 1 com.getjar.sdk.data.metadata.PackageMonitor.onReceive(com.getjar.sdk.data.metadata.PackageMonitor@858194155, android.app.ReceiverRestrictedContext@724061, android.content.Intent@178597448<action=null><data=null><package=null><component=com.creativemobile.dragracingbe/com.getjar.sdk.data.metadata.PackageMonitor><type=null><filter_hashcode=673338452><umd_Intent_key=None><usageMonitoringAlarm=None><android.intent.extra.ALARM_COUNT=None>)
I/org.umd.logging(22290): Api > 1 java.lang.Thread.start(java.lang.Thread@807326945<thread=3428>)
I/org.umd.logging(22290): Api < 1 java.lang.Thread.start()
I/org.umd.logging(22290): Method < 1 com.getjar.sdk.data.metadata.PackageMonitor.onReceive()
I/org.umd.logging(22290): Method > 3428 com.getjar.sdk.data.metadata.PackageMonitor$1.run(com.getjar.sdk.data.metadata.PackageMonitor$1@688087558)
D/GetJar SDK [com.creativemobile.dragracingbe](22290): LOGGING|CONFIG: AppenderBase: configureAppender() Appender com.getjar.sdk.logging.LogCatAppender configured [enabled=true level=WARN areas=ALL]
D/GetJar SDK [com.creativemobile.dragracingbe](22290): LOGGING|CONFIG: AppenderBase: configureAppender() Appender com.getjar.sdk.logging.RemoteAppender configured [enabled=false level=WARN areas=ALL]
I/org.umd.logging(22290): Api > 3428 android.telephony.TelephonyManager.getDeviceId(android.telephony.TelephonyManager@442844260)
I/org.umd.logging(22290): Api < 3428 android.telephony.TelephonyManager.getDeviceId("353918052133903")
I/org.umd.logging(22290): Api > 3428 android.accounts.AccountManager.getAccountsByType(android.accounts.AccountManager@286440444, "com.google")
I/org.umd.logging(22290): Api < 3428 android.accounts.AccountManager.getAccountsByType([Landroid.accounts.Account;@351453383)
I/org.umd.logging(22290): Method > 3423 com.getjar.sdk.comm.auth.AuthManager$AuthFlow.run(com.getjar.sdk.comm.auth.AuthManager$AuthFlow@50521844)
E/GetJar SDK [com.creativemobile.dragracingbe](22290): AUTH: AuthFlow: authorizeApplication() failed
E/GetJar SDK [com.creativemobile.dragracingbe](22290): com.getjar.sdk.exceptions.CommunicationException: java.util.concurrent.ExecutionException: org.apache.http.conn.HttpHostConnectException: Connection to https://auth20120430.getjar.com:443 refused
E/GetJar SDK [com.creativemobile.dragracingbe](22290): 	at com.getjar.sdk.comm.CommManager.waitOnOperation(SourceFile)
E/GetJar SDK [com.creativemobile.dragracingbe](22290): 	at com.getjar.sdk.comm.Operation.get(SourceFile)
E/GetJar SDK [com.creativemobile.dragracingbe](22290): 	at com.getjar.sdk.comm.auth.AppAuthProvider.authorizeApplication(SourceFile)
E/GetJar SDK [com.creativemobile.dragracingbe](22290): 	at com.getjar.sdk.comm.auth.AuthManager$AuthFlow.performAuth(SourceFile)
E/GetJar SDK [com.creativemobile.dragracingbe](22290): 	at com.getjar.sdk.comm.auth.AuthManager$AuthFlow.run(SourceFile)
E/GetJar SDK [com.creativemobile.dragracingbe](22290): 	at java.util.concurrent.ThreadPoolExecutor.runWorker(ThreadPoolExecutor.java:1112)
E/GetJar SDK [com.creativemobile.dragracingbe](22290): 	at java.util.concurrent.ThreadPoolExecutor$Worker.run(ThreadPoolExecutor.java:587)
E/GetJar SDK [com.creativemobile.dragracingbe](22290): 	at java.lang.Thread.run(Thread.java:818)
E/GetJar SDK [com.creativemobile.dragracingbe](22290): Caused by: java.util.concurrent.ExecutionException: org.apache.http.conn.HttpHostConnectException: Connection to https://auth20120430.getjar.com:443 refused
E/GetJar SDK [com.creativemobile.dragracingbe](22290): 	at java.util.concurrent.FutureTask.report(FutureTask.java:93)
E/GetJar SDK [com.creativemobile.dragracingbe](22290): 	at java.util.concurrent.FutureTask.get(FutureTask.java:163)
E/GetJar SDK [com.creativemobile.dragracingbe](22290): 	... 8 more
E/GetJar SDK [com.creativemobile.dragracingbe](22290): Caused by: org.apache.http.conn.HttpHostConnectException: Connection to https://auth20120430.getjar.com:443 refused
E/GetJar SDK [com.creativemobile.dragracingbe](22290): 	at org.apache.http.impl.conn.DefaultClientConnectionOperator.openConnection(DefaultClientConnectionOperator.java:188)
E/GetJar SDK [com.creativemobile.dragracingbe](22290): 	at org.apache.http.impl.conn.AbstractPoolEntry.open(AbstractPoolEntry.java:169)
E/GetJar SDK [com.creativemobile.dragracingbe](22290): 	at org.apache.http.impl.conn.AbstractPooledConnAdapter.open(AbstractPooledConnAdapter.java:124)
E/GetJar SDK [com.creativemobile.dragracingbe](22290): 	at org.apache.http.impl.client.DefaultRequestDirector.execute(DefaultRequestDirector.java:365)
E/GetJar SDK [com.creativemobile.dragracingbe](22290): 	at org.apache.http.impl.client.AbstractHttpClient.execute(AbstractHttpClient.java:560)
E/GetJar SDK [com.creativemobile.dragracingbe](22290): 	at org.apache.http.impl.client.AbstractHttpClient.execute(AbstractHttpClient.java:492)
E/GetJar SDK [com.creativemobile.dragracingbe](22290): 	at org.apache.http.impl.client.AbstractHttpClient.execute(AbstractHttpClient.java:470)
E/GetJar SDK [com.creativemobile.dragracingbe](22290): 	at com.getjar.sdk.comm.CommManager.processesRequest(SourceFile)
E/GetJar SDK [com.creativemobile.dragracingbe](22290): 	at com.getjar.sdk.comm.CommManager.processesRequestWithRetries(SourceFile)
E/GetJar SDK [com.creativemobile.dragracingbe](22290): 	at com.getjar.sdk.comm.CommManager.access$200(SourceFile)
E/GetJar SDK [com.creativemobile.dragracingbe](22290): 	at com.getjar.sdk.comm.CommManager$RequestCallable.call(SourceFile)
E/GetJar SDK [com.creativemobile.dragracingbe](22290): 	at com.getjar.sdk.comm.CommManager$RequestCallable.call(SourceFile)
E/GetJar SDK [com.creativemobile.dragracingbe](22290): 	at java.util.concurrent.FutureTask.run(FutureTask.java:237)
E/GetJar SDK [com.creativemobile.dragracingbe](22290): 	... 3 more
E/GetJar SDK [com.creativemobile.dragracingbe](22290): Caused by: java.net.ConnectException: failed to connect to /67.227.166.193 (port 443) after 30000ms: isConnected failed: ECONNREFUSED (Connection refused)
E/GetJar SDK [com.creativemobile.dragracingbe](22290): 	at libcore.io.IoBridge.isConnected(IoBridge.java:238)
E/GetJar SDK [com.creativemobile.dragracingbe](22290): 	at libcore.io.IoBridge.connectErrno(IoBridge.java:171)
E/GetJar SDK [com.creativemobile.dragracingbe](22290): 	at libcore.io.IoBridge.connect(IoBridge.java:122)
E/GetJar SDK [com.creativemobile.dragracingbe](22290): 	at java.net.PlainSocketImpl.connect(PlainSocketImpl.java:183)
E/GetJar SDK [com.creativemobile.dragracingbe](22290): 	at java.net.PlainSocketImpl.connect(PlainSocketImpl.java:456)
E/GetJar SDK [com.creativemobile.dragracingbe](22290): 	at java.net.Socket.connect(Socket.java:882)
E/GetJar SDK [com.creativemobile.dragracingbe](22290): 	at org.apache.http.conn.scheme.PlainSocketFactory.connectSocket(PlainSocketFactory.java:124)
E/GetJar SDK [com.creativemobile.dragracingbe](22290): 	at org.apache.http.impl.conn.DefaultClientConnectionOperator.openConnection(DefaultClientConnectionOperator.java:149)
E/GetJar SDK [com.creativemobile.dragracingbe](22290): 	... 15 more
E/GetJar SDK [com.creativemobile.dragracingbe](22290): Caused by: android.system.ErrnoException: isConnected failed: ECONNREFUSED (Connection refused)
E/GetJar SDK [com.creativemobile.dragracingbe](22290): 	at libcore.io.IoBridge.isConnected(IoBridge.java:223)
E/GetJar SDK [com.creativemobile.dragracingbe](22290): 	... 22 more
I/org.umd.logging(22290): Method < 3423 com.getjar.sdk.comm.auth.AuthManager$AuthFlow.run()
E/GetJar SDK [com.creativemobile.dragracingbe](22290): OS_ENTRY_POINT: PackageMonitor: doOnReceive() AuthFlowState = FAILED after _authFlowEvent.waitForOpen()
I/org.umd.logging(22290): Method < 3428 com.getjar.sdk.data.metadata.PackageMonitor$1.run()
I/org.umd.logging(11423): Method > 1 com.cleanmaster.base.crash.util.debug.b.run(com.cleanmaster.base.crash.util.debug.b@614779553)
I/org.umd.logging(11423): Method < 1 com.cleanmaster.base.crash.util.debug.b.run()
I/DownloadManagerWrapper(  985): onReceive() : Charging = true
E/WifiStateMachine(  591): WifiStateMachine CMD_START_SCAN source -2 txSuccessRate=1.31 rxSuccessRate=1.46 targetRoamBSSID=b4:e9:b0:e5:06:d0 RSSI=-47
I/org.umd.logging(11423): Method > 1 com.cleanmaster.base.crash.util.debug.b.run(com.cleanmaster.base.crash.util.debug.b@614779553)
I/org.umd.logging(11423): Method < 1 com.cleanmaster.base.crash.util.debug.b.run()
I/art     ( 1608): Explicit concurrent mark sweep GC freed 53917(3MB) AllocSpace objects, 4(64KB) LOS objects, 25% free, 22MB/29MB, paused 7.721ms total 212.665ms
I/org.umd.logging(11423): Method > 1 com.cleanmaster.base.crash.util.debug.b.run(com.cleanmaster.base.crash.util.debug.b@614779553)
I/org.umd.logging(11423): Method < 1 com.cleanmaster.base.crash.util.debug.b.run()
E/WifiStateMachine(  591): WifiStateMachine CMD_START_SCAN source -2 txSuccessRate=4.77 rxSuccessRate=2.46 targetRoamBSSID=b4:e9:b0:e5:06:d0 RSSI=-48
I/org.umd.logging(21781): Method > 3437 com.turner.android.aspen.AspenLogger$4.run(com.turner.android.aspen.AspenLogger$4@83011508)
V/Aspen   (21781): ------------postingThread.run invoked
V/Aspen   (21781): postEvents|appName=cvp|sessionId=fc3d6c9356370f11b6dd82b4ff7517f01f669dca~cvp~android~cnn~25~1481211623032|size=0
I/org.umd.logging(21781): Api > 3437 android.net.ConnectivityManager.getActiveNetworkInfo(android.net.ConnectivityManager@688087558)
I/org.umd.logging(21781): Api < 3437 android.net.ConnectivityManager.getActiveNetworkInfo(android.net.NetworkInfo@556513819)
V/Aspen   (21781): postingThread.sleep for 45000 msec
I/org.umd.logging(11423): Method > 1 com.cleanmaster.base.crash.util.debug.b.run(com.cleanmaster.base.crash.util.debug.b@614779553)
I/org.umd.logging(11423): Method < 1 com.cleanmaster.base.crash.util.debug.b.run()
I/org.umd.logging(11423): Method > 1 com.cleanmaster.base.crash.util.debug.b.run(com.cleanmaster.base.crash.util.debug.b@614779553)
I/org.umd.logging(11423): Method < 1 com.cleanmaster.base.crash.util.debug.b.run()
E/WifiStateMachine(  591): WifiStateMachine CMD_START_SCAN source -2 txSuccessRate=1.70 rxSuccessRate=0.87 targetRoamBSSID=b4:e9:b0:e5:06:d0 RSSI=-48
I/org.umd.logging(11423): Method > 1 com.cleanmaster.base.crash.util.debug.b.run(com.cleanmaster.base.crash.util.debug.b@614779553)
I/org.umd.logging(11423): Method < 1 com.cleanmaster.base.crash.util.debug.b.run()
I/DownloadManagerWrapper(  985): onReceive() : Charging = true
I/org.umd.logging(11423): Method > 1 com.cleanmaster.base.crash.util.debug.b.run(com.cleanmaster.base.crash.util.debug.b@614779553)
I/org.umd.logging(11423): Method < 1 com.cleanmaster.base.crash.util.debug.b.run()
I/DownloadManagerWrapper(  985): onReceive() : Charging = true
E/WifiStateMachine(  591): WifiStateMachine CMD_START_SCAN source -2 txSuccessRate=2.01 rxSuccessRate=1.51 targetRoamBSSID=b4:e9:b0:e5:06:d0 RSSI=-48
I/DeviceStateChecker(17303): screenOn: true, isCharging: true
I/org.umd.logging(21781): Method > 1 com.cnn.mobile.android.phone.service.FeedService.onCreate(com.cnn.mobile.android.phone.service.FeedService@1043638200)
I/org.umd.logging(21781): Method < 1 com.cnn.mobile.android.phone.service.FeedService.onCreate()
I/org.umd.logging(21781): Method > 1 com.cnn.mobile.android.phone.service.FeedService.onStartCommand(com.cnn.mobile.android.phone.service.FeedService@1043638200, android.content.Intent@382308598<action=null><data=null><package=null><component=com.cnn.mobile.android.phone/.service.FeedService><type=null><filter_hashcode=-1301101658><fetch_type=None><umd_Intent_key=None><android.intent.extra.ALARM_COUNT=None>, 0, 1)
I/org.umd.logging(21781): Method > 1 com.androidquery.callback.AbstractAjaxCallback.execute(com.cnn.mobile.android.phone.service.FeedService$1@843177207)
I/org.umd.logging(21781): Method < 1 com.androidquery.callback.AbstractAjaxCallback.execute()
I/org.umd.logging(21781): Method > 3432 com.androidquery.callback.AbstractAjaxCallback.run(com.cnn.mobile.android.phone.service.FeedService$1@843177207)
I/org.umd.logging(21781): Method < 1 com.cnn.mobile.android.phone.service.FeedService.onStartCommand(2)
I/org.umd.logging(21781): Method > 1 com.cnn.mobile.android.phone.service.FeedService.onStartCommand(com.cnn.mobile.android.phone.service.FeedService@1043638200, android.content.Intent@359171940<action=null><data=null><package=null><component=com.cnn.mobile.android.phone/.service.FeedService><type=null><filter_hashcode=-1301101658><fetch_type=None><umd_Intent_key=None><android.intent.extra.ALARM_COUNT=None>, 0, 2)
I/org.umd.logging(21781): Method > 1 com.androidquery.callback.AbstractAjaxCallback.execute(com.cnn.mobile.android.phone.service.FeedService$2@303713741)
I/org.umd.logging(21781): Method < 1 com.androidquery.callback.AbstractAjaxCallback.execute()
I/org.umd.logging(21781): Method < 1 com.cnn.mobile.android.phone.service.FeedService.onStartCommand(2)
I/org.umd.logging(21781): Method > 3433 com.androidquery.callback.AbstractAjaxCallback.run(com.cnn.mobile.android.phone.service.FeedService$2@303713741)
I/org.umd.logging(21781): Method > 1 com.androidquery.callback.AbstractAjaxCallback.run(com.cnn.mobile.android.phone.service.FeedService$1@843177207)
I/org.umd.logging(21781): Method < 1 com.androidquery.callback.AbstractAjaxCallback.run()
I/org.umd.logging(21781): Method > 1 com.cnn.mobile.android.phone.service.FeedService.onDestroy(com.cnn.mobile.android.phone.service.FeedService@1043638200)
I/org.umd.logging(21781): Method < 1 com.cnn.mobile.android.phone.service.FeedService.onDestroy()
I/org.umd.logging(21781): Method < 3432 com.androidquery.callback.AbstractAjaxCallback.run()
W/ActivityManager(  591): Permission Denial: Accessing service ComponentInfo{com.google.android.music/com.google.android.music.dial.DialMediaRouteProviderService} from pid=29969, uid=10125 that is not exported from uid 10063
I/org.umd.logging(21781): Method < 3433 com.androidquery.callback.AbstractAjaxCallback.run()
I/org.umd.logging(21781): Method > 1 com.androidquery.callback.AbstractAjaxCallback.run(com.cnn.mobile.android.phone.service.FeedService$2@303713741)
I/org.umd.logging(21781): Method < 1 com.androidquery.callback.AbstractAjaxCallback.run()
I/org.umd.logging(11423): Method > 1 com.cleanmaster.base.crash.util.debug.b.run(com.cleanmaster.base.crash.util.debug.b@614779553)
I/org.umd.logging(11423): Method < 1 com.cleanmaster.base.crash.util.debug.b.run()
I/org.umd.logging(21781): Method > 3437 com.turner.android.aspen.AspenLogger$4.run(com.turner.android.aspen.AspenLogger$4@83011508)
V/Aspen   (21781): ------------postingThread.run invoked
V/Aspen   (21781): postEvents|appName=cvp|sessionId=fc3d6c9356370f11b6dd82b4ff7517f01f669dca~cvp~android~cnn~25~1481211623032|size=0
I/org.umd.logging(21781): Api > 3437 android.net.ConnectivityManager.getActiveNetworkInfo(android.net.ConnectivityManager@688087558)
I/org.umd.logging(21781): Api < 3437 android.net.ConnectivityManager.getActiveNetworkInfo(android.net.NetworkInfo@846579330)
V/Aspen   (21781): postingThread.sleep for 45000 msec
I/DownloadManagerWrapper(  985): onReceive() : Charging = true
I/chromium( 1608): [INFO:CONSOLE(0)] "Application Cache Checking event", source: https://googleads.g.doubleclick.net/mads/static/mad/sdk/native/sdk-core-v40-loader.html (0)
I/chromium( 1608): [INFO:CONSOLE(0)] "Application Cache Downloading event", source: https://googleads.g.doubleclick.net/mads/static/mad/sdk/native/sdk-core-v40-loader.html (0)
I/chromium( 1608): [INFO:CONSOLE(0)] "Application Cache Progress event (0 of 4) https://googleads.g.doubleclick.net/mads/static/mad/sdk/native/sdk-core-v40-loader.js", source: https://googleads.g.doubleclick.net/mads/static/mad/sdk/native/sdk-core-v40-loader.html (0)
I/chromium( 1608): [INFO:CONSOLE(0)] "Application Cache Progress event (1 of 4) https://googleads.g.doubleclick.net/mads/static/mad/sdk/native/canary/sdk-core-v40-impl.js", source: https://googleads.g.doubleclick.net/mads/static/mad/sdk/native/sdk-core-v40-loader.html (0)
I/chromium( 1608): [INFO:CONSOLE(0)] "Application Cache Progress event (2 of 4) https://googleads.g.doubleclick.net/mads/static/mad/sdk/native/production/sdk-core-v40-impl.js", source: https://googleads.g.doubleclick.net/mads/static/mad/sdk/native/sdk-core-v40-loader.html (0)
I/chromium( 1608): [INFO:CONSOLE(0)] "Application Cache Progress event (3 of 4) https://googleads.g.doubleclick.net/mads/static/mad/sdk/native/sdk-core-v40-loader.html", source: https://googleads.g.doubleclick.net/mads/static/mad/sdk/native/sdk-core-v40-loader.html (0)
I/chromium( 1608): [INFO:CONSOLE(0)] "Application Cache Progress event (4 of 4) ", source: https://googleads.g.doubleclick.net/mads/static/mad/sdk/native/sdk-core-v40-loader.html (0)
I/chromium( 1608): [INFO:CONSOLE(0)] "Application Cache UpdateReady event", source: https://googleads.g.doubleclick.net/mads/static/mad/sdk/native/sdk-core-v40-loader.html (0)
I/Ads     ( 1608): JS Engine is requesting an update
I/Ads     ( 1608): Starting reload.
I/cr_Ime  ( 1608): ImeThread is enabled.
W/cr_BindingManager( 1608): Cannot call determinedVisibility() - never saw a connection for the pid: 1608
I/chromium( 1608): [INFO:CONSOLE(0)] "Document was loaded from Application Cache with manifest https://googleads.g.doubleclick.net/mads/static/mad/sdk/native/sdk-core-v40-loader.appcache", source: https://googleads.g.doubleclick.net/mads/static/mad/sdk/native/sdk-core-v40-loader.html (0)
I/chromium( 1608): [INFO:CONSOLE(0)] "Application Cache Checking event", source: https://googleads.g.doubleclick.net/mads/static/mad/sdk/native/sdk-core-v40-loader.html (0)
I/chromium( 1608): [INFO:CONSOLE(0)] "Application Cache Checking event", source: https://googleads.g.doubleclick.net/mads/static/mad/sdk/native/sdk-core-v40-loader.html (0)
E/chromium( 1608): [ERROR:interface_registry.cc(99)] Failed to locate a binder for interface: autofill::mojom::AutofillDriver
I/chromium( 1608): [INFO:CONSOLE(0)] "Application Cache NoUpdate event", source: https://googleads.g.doubleclick.net/mads/static/mad/sdk/native/sdk-core-v40-loader.html (0)
I/chromium( 1608): [INFO:CONSOLE(0)] "Application Cache NoUpdate event", source: https://googleads.g.doubleclick.net/mads/static/mad/sdk/native/sdk-core-v40-loader.html (0)
W/cr_BindingManager( 1608): Cannot call determinedVisibility() - never saw a connection for the pid: 1608
W/cr_ScreenOrientation( 1608): Removing an inexistent observer!
I/org.umd.logging(11423): Method > 1 com.cleanmaster.base.crash.util.debug.b.run(com.cleanmaster.base.crash.util.debug.b@614779553)
I/org.umd.logging(11423): Method < 1 com.cleanmaster.base.crash.util.debug.b.run()
E/WifiStateMachine(  591): WifiStateMachine CMD_START_SCAN source -2 txSuccessRate=18.77 rxSuccessRate=22.15 targetRoamBSSID=b4:e9:b0:e5:06:d0 RSSI=-47
I/org.umd.logging(11423): Method > 1 com.cleanmaster.base.crash.util.debug.b.run(com.cleanmaster.base.crash.util.debug.b@614779553)
I/org.umd.logging(11423): Method < 1 com.cleanmaster.base.crash.util.debug.b.run()
I/org.umd.logging(11423): Method > 1 com.cleanmaster.base.crash.util.debug.b.run(com.cleanmaster.base.crash.util.debug.b@614779553)
I/org.umd.logging(11423): Method < 1 com.cleanmaster.base.crash.util.debug.b.run()
I/DownloadManagerWrapper(  985): onReceive() : Charging = true
E/WifiStateMachine(  591): WifiStateMachine CMD_START_SCAN source -2 txSuccessRate=4.71 rxSuccessRate=2.45 targetRoamBSSID=b4:e9:b0:e5:06:d0 RSSI=-48
I/org.umd.logging(11423): Method > 1231 com.a.a.a.a.d.run(com.a.a.a.a.d@694773220)
I/org.umd.logging(11423): Method > 1231 com.a.a.a.d.o.run(com.a.a.a.d.o@967444738)
I/org.umd.logging(11423): Api > 1231 android.net.ConnectivityManager.getActiveNetworkInfo(android.net.ConnectivityManager@517246612)
I/org.umd.logging(11423): Api < 1231 android.net.ConnectivityManager.getActiveNetworkInfo(android.net.NetworkInfo@200618297)
I/org.umd.logging(11423): Method < 1231 com.a.a.a.d.o.run()
I/org.umd.logging(11423): Method < 1231 com.a.a.a.a.d.run()
I/org.umd.logging(11423): Method > 1 com.cleanmaster.base.crash.util.debug.b.run(com.cleanmaster.base.crash.util.debug.b@614779553)
I/org.umd.logging(11423): Method < 1 com.cleanmaster.base.crash.util.debug.b.run()
I/DownloadManagerWrapper(  985): onReceive() : Charging = true
I/DownloadManagerWrapper(  985): onReceive() : Charging = true
I/org.umd.logging(21781): Method > 3437 com.turner.android.aspen.AspenLogger$4.run(com.turner.android.aspen.AspenLogger$4@83011508)
V/Aspen   (21781): ------------postingThread.run invoked
V/Aspen   (21781): postEvents|appName=cvp|sessionId=fc3d6c9356370f11b6dd82b4ff7517f01f669dca~cvp~android~cnn~25~1481211623032|size=0
I/org.umd.logging(21781): Api > 3437 android.net.ConnectivityManager.getActiveNetworkInfo(android.net.ConnectivityManager@688087558)
I/org.umd.logging(21781): Api < 3437 android.net.ConnectivityManager.getActiveNetworkInfo(android.net.NetworkInfo@690835859)
V/Aspen   (21781): postingThread.sleep for 45000 msec
I/org.umd.logging(11423): Method > 1 com.cleanmaster.base.crash.util.debug.b.run(com.cleanmaster.base.crash.util.debug.b@614779553)
I/org.umd.logging(11423): Method < 1 com.cleanmaster.base.crash.util.debug.b.run()
I/DownloadManagerWrapper(  985): onReceive() : Charging = true
E/WifiStateMachine(  591): WifiStateMachine CMD_START_SCAN source -2 txSuccessRate=1.55 rxSuccessRate=1.01 targetRoamBSSID=b4:e9:b0:e5:06:d0 RSSI=-48
W/AlarmManager(  591): Suspiciously short interval 30000 millis; expanding to 60 seconds
I/org.umd.logging(11423): Method > 1 com.cleanmaster.base.crash.util.debug.b.run(com.cleanmaster.base.crash.util.debug.b@614779553)
I/org.umd.logging(11423): Method < 1 com.cleanmaster.base.crash.util.debug.b.run()
I/org.umd.logging(11423): Method > 1 com.cleanmaster.base.crash.util.debug.b.run(com.cleanmaster.base.crash.util.debug.b@614779553)
I/org.umd.logging(11423): Method < 1 com.cleanmaster.base.crash.util.debug.b.run()
I/DownloadManagerWrapper(  985): onReceive() : Charging = true
E/WifiStateMachine(  591): WifiStateMachine CMD_START_SCAN source -2 txSuccessRate=0.33 rxSuccessRate=0.17 targetRoamBSSID=b4:e9:b0:e5:06:d0 RSSI=-48
I/org.umd.logging(11423): Method > 1 com.cleanmaster.base.crash.util.debug.b.run(com.cleanmaster.base.crash.util.debug.b@614779553)
I/org.umd.logging(11423): Method < 1 com.cleanmaster.base.crash.util.debug.b.run()
I/DownloadManagerWrapper(  985): onReceive() : Charging = true
I/org.umd.logging(11423): Method > 1 com.cleanmaster.base.crash.util.debug.b.run(com.cleanmaster.base.crash.util.debug.b@614779553)
I/org.umd.logging(11423): Method < 1 com.cleanmaster.base.crash.util.debug.b.run()
I/org.umd.logging(21781): Method > 3437 com.turner.android.aspen.AspenLogger$4.run(com.turner.android.aspen.AspenLogger$4@83011508)
V/Aspen   (21781): ------------postingThread.run invoked
V/Aspen   (21781): postEvents|appName=cvp|sessionId=fc3d6c9356370f11b6dd82b4ff7517f01f669dca~cvp~android~cnn~25~1481211623032|size=0
I/org.umd.logging(21781): Api > 3437 android.net.ConnectivityManager.getActiveNetworkInfo(android.net.ConnectivityManager@688087558)
I/org.umd.logging(21781): Api < 3437 android.net.ConnectivityManager.getActiveNetworkInfo(android.net.NetworkInfo@30979536)
V/Aspen   (21781): postingThread.sleep for 45000 msec
E/WifiStateMachine(  591): WifiStateMachine CMD_START_SCAN source -2 txSuccessRate=4.21 rxSuccessRate=2.13 targetRoamBSSID=b4:e9:b0:e5:06:d0 RSSI=-50
I/org.umd.logging(11423): Method > 1 com.cleanmaster.base.crash.util.debug.b.run(com.cleanmaster.base.crash.util.debug.b@614779553)
I/org.umd.logging(11423): Method < 1 com.cleanmaster.base.crash.util.debug.b.run()
I/DownloadManagerWrapper(  985): onReceive() : Charging = true
I/org.umd.logging(11423): Method > 1 com.cleanmaster.base.crash.util.debug.b.run(com.cleanmaster.base.crash.util.debug.b@614779553)
I/org.umd.logging(11423): Method < 1 com.cleanmaster.base.crash.util.debug.b.run()
I/DownloadManagerWrapper(  985): onReceive() : Charging = true
E/WifiStateMachine(  591): WifiStateMachine CMD_START_SCAN source -2 txSuccessRate=2.49 rxSuccessRate=1.38 targetRoamBSSID=b4:e9:b0:e5:06:d0 RSSI=-47
I/org.umd.logging(11423): Method > 1 com.cleanmaster.base.crash.util.debug.b.run(com.cleanmaster.base.crash.util.debug.b@614779553)
I/org.umd.logging(11423): Method < 1 com.cleanmaster.base.crash.util.debug.b.run()
I/org.umd.logging(11423): Method > 1 com.cleanmaster.base.crash.util.debug.b.run(com.cleanmaster.base.crash.util.debug.b@614779553)
I/org.umd.logging(11423): Method < 1 com.cleanmaster.base.crash.util.debug.b.run()
I/DownloadManagerWrapper(  985): onReceive() : Charging = true
E/WifiStateMachine(  591): WifiStateMachine CMD_START_SCAN source -2 txSuccessRate=0.71 rxSuccessRate=0.35 targetRoamBSSID=b4:e9:b0:e5:06:d0 RSSI=-48
I/org.umd.logging(21781): Method > 3437 com.turner.android.aspen.AspenLogger$4.run(com.turner.android.aspen.AspenLogger$4@83011508)
V/Aspen   (21781): ------------postingThread.run invoked
V/Aspen   (21781): postEvents|appName=cvp|sessionId=fc3d6c9356370f11b6dd82b4ff7517f01f669dca~cvp~android~cnn~25~1481211623032|size=0
I/org.umd.logging(21781): Api > 3437 android.net.ConnectivityManager.getActiveNetworkInfo(android.net.ConnectivityManager@688087558)
I/org.umd.logging(21781): Api < 3437 android.net.ConnectivityManager.getActiveNetworkInfo(android.net.NetworkInfo@1066072521)
V/Aspen   (21781): postingThread.sleep for 45000 msec
I/org.umd.logging(11423): Method > 1 com.cleanmaster.base.crash.util.debug.b.run(com.cleanmaster.base.crash.util.debug.b@614779553)
I/org.umd.logging(11423): Method < 1 com.cleanmaster.base.crash.util.debug.b.run()
I/DownloadManagerWrapper(  985): onReceive() : Charging = true
I/org.umd.logging(11423): Method > 1 com.cleanmaster.base.crash.util.debug.b.run(com.cleanmaster.base.crash.util.debug.b@614779553)
I/org.umd.logging(11423): Method < 1 com.cleanmaster.base.crash.util.debug.b.run()
E/WifiStateMachine(  591): WifiStateMachine CMD_START_SCAN source -2 txSuccessRate=4.89 rxSuccessRate=2.70 targetRoamBSSID=b4:e9:b0:e5:06:d0 RSSI=-47
I/org.umd.logging(21781): Method > 1 com.cnn.mobile.android.phone.service.FeedService.onCreate(com.cnn.mobile.android.phone.service.FeedService@549308622)
