V/Aspen   (21781): postEvents|appName=cvp|sessionId=fc3d6c9356370f11b6dd82b4ff7517f01f669dca~cvp~android~cnn~25~1481211623032|size=0
I/org.umd.logging(21781): Api > 3437 android.net.ConnectivityManager.getActiveNetworkInfo(android.net.ConnectivityManager@688087558)
I/org.umd.logging(21781): Api < 3437 android.net.ConnectivityManager.getActiveNetworkInfo(android.net.NetworkInfo@178492543)
V/Aspen   (21781): postingThread.sleep for 45000 msec
E/WifiStateMachine(  591): WifiStateMachine CMD_START_SCAN source -2 txSuccessRate=0.60 rxSuccessRate=0.29 targetRoamBSSID=b4:e9:b0:e5:06:d0 RSSI=-47
I/org.umd.logging(11423): Method > 1 com.cleanmaster.base.crash.util.debug.b.run(com.cleanmaster.base.crash.util.debug.b@614779553)
I/org.umd.logging(11423): Method < 1 com.cleanmaster.base.crash.util.debug.b.run()
I/DownloadManagerWrapper(  985): onReceive() : Charging = true
I/org.umd.logging(11423): Method > 1 com.cleanmaster.base.crash.util.debug.b.run(com.cleanmaster.base.crash.util.debug.b@614779553)
I/org.umd.logging(11423): Method < 1 com.cleanmaster.base.crash.util.debug.b.run()
D/AndroidRuntime(23345): >>>>>> START com.android.internal.os.RuntimeInit uid 0 <<<<<<
D/AndroidRuntime(23345): CheckJNI is OFF
D/AndroidRuntime(23345): Calling main entry com.android.commands.pm.Pm
I/art     (23345): System.exit called, status: 0
I/AndroidRuntime(23345): VM exiting with result code 0.
I/DownloadManagerWrapper(  985): onReceive() : Charging = true
E/WifiStateMachine(  591): WifiStateMachine CMD_START_SCAN source -2 txSuccessRate=1.74 rxSuccessRate=1.13 targetRoamBSSID=b4:e9:b0:e5:06:d0 RSSI=-43
I/org.umd.logging(11423): Method > 1 com.cleanmaster.base.crash.util.debug.b.run(com.cleanmaster.base.crash.util.debug.b@614779553)
I/org.umd.logging(11423): Method < 1 com.cleanmaster.base.crash.util.debug.b.run()
I/DownloadManagerWrapper(  985): onReceive() : Charging = true
I/org.umd.logging(11423): Method > 1 com.cleanmaster.base.crash.util.debug.b.run(com.cleanmaster.base.crash.util.debug.b@614779553)
I/org.umd.logging(11423): Method < 1 com.cleanmaster.base.crash.util.debug.b.run()
I/PlayCommon(13388): [3113] com.google.android.play.a.g.e(853): Preparing logs for uploading
I/PlayCommon(13388): [3113] com.google.android.play.a.g.e(855): No file ready to send
I/org.umd.logging(21781): Method > 1 com.cnn.mobile.android.phone.service.FeedService.onCreate(com.cnn.mobile.android.phone.service.FeedService@941562956)
W/AlarmManager(  591): Suspiciously short interval 30000 millis; expanding to 60 seconds
I/org.umd.logging(21781): Method < 1 com.cnn.mobile.android.phone.service.FeedService.onCreate()
I/org.umd.logging(21781): Method > 1 com.cnn.mobile.android.phone.service.FeedService.onStartCommand(com.cnn.mobile.android.phone.service.FeedService@941562956, android.content.Intent@264006058<action=null><data=null><package=null><component=com.cnn.mobile.android.phone/.service.FeedService><type=null><filter_hashcode=-1301101658><fetch_type=None><umd_Intent_key=None><android.intent.extra.ALARM_COUNT=None>, 0, 1)
I/ConfigHelper(21781): DYNAMIC CONFIG FILE in play (http://www.cnn.com/partners/android/config/3.04/config-phone.json)
I/org.umd.logging(21781): Method > 1 com.androidquery.callback.AbstractAjaxCallback.execute(com.cnn.mobile.android.phone.service.ConfigHelper$1@1055324571)
I/org.umd.logging(21781): Method < 1 com.androidquery.callback.AbstractAjaxCallback.execute()
I/org.umd.logging(21781): Method < 1 com.cnn.mobile.android.phone.service.FeedService.onStartCommand(2)
I/org.umd.logging(21781): Method > 3429 com.androidquery.callback.AbstractAjaxCallback.run(com.cnn.mobile.android.phone.service.ConfigHelper$1@1055324571)
I/org.umd.logging(21781): Method > 1 com.cnn.mobile.android.phone.service.FeedService.onStartCommand(com.cnn.mobile.android.phone.service.FeedService@941562956, android.content.Intent@289911096<action=null><data=null><package=null><component=com.cnn.mobile.android.phone/.service.FeedService><type=null><filter_hashcode=-1301101658><fetch_type=None><umd_Intent_key=None><android.intent.extra.ALARM_COUNT=None>, 0, 2)
D/WeatherHelper(21781): weather fetch zip null
W/ActivityManager(  591): Permission Denial: Accessing service ComponentInfo{com.google.android.music/com.google.android.music.dial.DialMediaRouteProviderService} from pid=29969, uid=10125 that is not exported from uid 10063
I/org.umd.logging(21781): Method < 1 com.cnn.mobile.android.phone.service.FeedService.onStartCommand(2)
I/org.umd.logging(21781): Method > 1 com.cnn.mobile.android.phone.service.FeedService.onStartCommand(com.cnn.mobile.android.phone.service.FeedService@941562956, android.content.Intent@1020638481<action=null><data=null><package=null><component=com.cnn.mobile.android.phone/.service.FeedService><type=null><filter_hashcode=-1301101658><fetch_type=None><umd_Intent_key=None><android.intent.extra.ALARM_COUNT=None>, 0, 3)
I/org.umd.logging(21781): Method > 1 com.androidquery.callback.AbstractAjaxCallback.execute(com.cnn.mobile.android.phone.service.FeedService$1@542078582)
I/org.umd.logging(21781): Method > 3429 com.androidquery.callback.AbstractAjaxCallback.execute(com.cnn.mobile.android.phone.service.ConfigHelper$1@1055324571, org.apache.http.client.methods.HttpGet@221353079, org.apache.http.impl.client.DefaultHttpClient@801597879, org.apache.http.protocol.BasicHttpContext@73574628)
I/org.umd.logging(21781): Method < 1 com.androidquery.callback.AbstractAjaxCallback.execute()
I/org.umd.logging(21781): Method < 1 com.cnn.mobile.android.phone.service.FeedService.onStartCommand(2)
I/org.umd.logging(21781): Api > 3429 org.apache.http.impl.client.DefaultHttpClient.execute(org.apache.http.impl.client.DefaultHttpClient@801597879, org.apache.http.client.methods.HttpGet@221353079, org.apache.http.protocol.BasicHttpContext@73574628)
I/org.umd.logging(21781): Method > 1 com.cnn.mobile.android.phone.service.FeedService.onStartCommand(com.cnn.mobile.android.phone.service.FeedService@941562956, android.content.Intent@835686733<action=null><data=null><package=null><component=com.cnn.mobile.android.phone/.service.FeedService><type=null><filter_hashcode=-1301101658><fetch_type=None><umd_Intent_key=None><android.intent.extra.ALARM_COUNT=None>, 0, 4)
I/org.umd.logging(21781): Method > 3432 com.androidquery.callback.AbstractAjaxCallback.run(com.cnn.mobile.android.phone.service.FeedService$1@542078582)
I/org.umd.logging(21781): Method > 3432 com.androidquery.callback.AbstractAjaxCallback.execute(com.cnn.mobile.android.phone.service.FeedService$1@542078582, org.apache.http.client.methods.HttpGet@573867010, org.apache.http.impl.client.DefaultHttpClient@801597879, org.apache.http.protocol.BasicHttpContext@740360467)
I/org.umd.logging(21781): Api > 3432 org.apache.http.impl.client.DefaultHttpClient.execute(org.apache.http.impl.client.DefaultHttpClient@801597879, org.apache.http.client.methods.HttpGet@573867010, org.apache.http.protocol.BasicHttpContext@740360467)
I/org.umd.logging(21781): Method > 1 com.androidquery.callback.AbstractAjaxCallback.execute(com.cnn.mobile.android.phone.service.FeedService$2@1273680)
I/org.umd.logging(21781): Method > 3435 com.androidquery.callback.AbstractAjaxCallback.run(com.cnn.mobile.android.phone.service.FeedService$2@1273680)
I/org.umd.logging(21781): Method < 1 com.androidquery.callback.AbstractAjaxCallback.execute()
I/org.umd.logging(21781): Method > 3435 com.androidquery.callback.AbstractAjaxCallback.execute(com.cnn.mobile.android.phone.service.FeedService$2@1273680, org.apache.http.client.methods.HttpGet@470873417, org.apache.http.impl.client.DefaultHttpClient@801597879, org.apache.http.protocol.BasicHttpContext@493542990)
I/org.umd.logging(21781): Api > 3435 org.apache.http.impl.client.DefaultHttpClient.execute(org.apache.http.impl.client.DefaultHttpClient@801597879, org.apache.http.client.methods.HttpGet@470873417, org.apache.http.protocol.BasicHttpContext@493542990)
I/org.umd.logging(21781): Method < 1 com.cnn.mobile.android.phone.service.FeedService.onStartCommand(2)
I/org.umd.logging(21781): Method > 1 com.cnn.mobile.android.phone.service.FeedService.onDestroy(com.cnn.mobile.android.phone.service.FeedService@941562956)
I/org.umd.logging(21781): Method < 1 com.cnn.mobile.android.phone.service.FeedService.onDestroy()
I/org.umd.logging(21781): Api < 3432 org.apache.http.impl.client.DefaultHttpClient.execute(org.apache.http.message.BasicHttpResponse@345021295)
I/org.umd.logging(21781): Method < 3432 com.androidquery.callback.AbstractAjaxCallback.execute(org.apache.http.message.BasicHttpResponse@345021295)
I/org.umd.logging(21781): Api < 3429 org.apache.http.impl.client.DefaultHttpClient.execute(org.apache.http.message.BasicHttpResponse@935866492)
I/org.umd.logging(21781): Method < 3429 com.androidquery.callback.AbstractAjaxCallback.execute(org.apache.http.message.BasicHttpResponse@935866492)
I/org.umd.logging(21781): Method > 1 com.androidquery.callback.AbstractAjaxCallback.run(com.cnn.mobile.android.phone.service.FeedService$1@542078582)
I/org.umd.logging(21781): Method > 3436 com.androidquery.util.Common.run(com.androidquery.util.Common@988454149)
I/org.umd.logging(21781): Method < 3436 com.androidquery.util.Common.run()
I/org.umd.logging(21781): Method < 1 com.androidquery.callback.AbstractAjaxCallback.run()
I/org.umd.logging(21781): Method < 3432 com.androidquery.callback.AbstractAjaxCallback.run()
I/org.umd.logging(21781): Method > 1 com.androidquery.callback.AbstractAjaxCallback.run(com.cnn.mobile.android.phone.service.ConfigHelper$1@1055324571)
I/org.umd.logging(21781): Api < 3435 org.apache.http.impl.client.DefaultHttpClient.execute(org.apache.http.message.BasicHttpResponse@144347482)
I/org.umd.logging(21781): Method < 3435 com.androidquery.callback.AbstractAjaxCallback.execute(org.apache.http.message.BasicHttpResponse@144347482)
I/org.umd.logging(21781): Method > 1 com.androidquery.callback.AbstractAjaxCallback.execute(com.cnn.mobile.android.phone.service.ConfigHelper$2@129335179)
I/org.umd.logging(21781): Method < 3429 com.androidquery.callback.AbstractAjaxCallback.run()
I/org.umd.logging(21781): Method > 3433 com.androidquery.callback.AbstractAjaxCallback.run(com.cnn.mobile.android.phone.service.ConfigHelper$2@129335179)
I/org.umd.logging(21781): Method < 1 com.androidquery.callback.AbstractAjaxCallback.execute()
I/org.umd.logging(21781): Method < 1 com.androidquery.callback.AbstractAjaxCallback.run()
I/org.umd.logging(21781): Method > 3436 com.androidquery.util.Common.run(com.androidquery.util.Common@94754920)
I/org.umd.logging(21781): Method < 3436 com.androidquery.util.Common.run()
I/org.umd.logging(21781): Method > 3433 com.androidquery.callback.AbstractAjaxCallback.execute(com.cnn.mobile.android.phone.service.ConfigHelper$2@129335179, org.apache.http.client.methods.HttpGet@939328641, org.apache.http.impl.client.DefaultHttpClient@801597879, org.apache.http.protocol.BasicHttpContext@719350054)
I/org.umd.logging(21781): Api > 3433 org.apache.http.impl.client.DefaultHttpClient.execute(org.apache.http.impl.client.DefaultHttpClient@801597879, org.apache.http.client.methods.HttpGet@939328641, org.apache.http.protocol.BasicHttpContext@719350054)
I/org.umd.logging(21781): Method < 3435 com.androidquery.callback.AbstractAjaxCallback.run()
I/org.umd.logging(21781): Method > 1 com.androidquery.callback.AbstractAjaxCallback.run(com.cnn.mobile.android.phone.service.FeedService$2@1273680)
I/org.umd.logging(21781): Method < 1 com.androidquery.callback.AbstractAjaxCallback.run()
I/org.umd.logging(21781): Method > 3436 com.androidquery.util.Common.run(com.androidquery.util.Common@1060377364)
I/org.umd.logging(21781): Method < 3436 com.androidquery.util.Common.run()
I/org.umd.logging(21781): Api < 3433 org.apache.http.impl.client.DefaultHttpClient.execute(org.apache.http.message.BasicHttpResponse@477390781)
I/org.umd.logging(21781): Method < 3433 com.androidquery.callback.AbstractAjaxCallback.execute(org.apache.http.message.BasicHttpResponse@477390781)
I/org.umd.logging(21781): Method > 1 com.androidquery.callback.AbstractAjaxCallback.run(com.cnn.mobile.android.phone.service.ConfigHelper$2@129335179)
I/org.umd.logging(21781): Method < 3433 com.androidquery.callback.AbstractAjaxCallback.run()
I/org.umd.logging(21781): Method < 1 com.androidquery.callback.AbstractAjaxCallback.run()
I/org.umd.logging(21781): Method > 3436 com.androidquery.util.Common.run(com.androidquery.util.Common@240775602)
I/org.umd.logging(21781): Method < 3436 com.androidquery.util.Common.run()
I/DeviceStateChecker(17303): screenOn: true, isCharging: true
I/DownloadManagerWrapper(  985): onReceive() : Charging = true
E/WifiStateMachine(  591): WifiStateMachine CMD_START_SCAN source -2 txSuccessRate=14.86 rxSuccessRate=10.70 targetRoamBSSID=b4:e9:b0:e5:06:d0 RSSI=-42
I/org.umd.logging(21781): Method > 3437 com.turner.android.aspen.AspenLogger$4.run(com.turner.android.aspen.AspenLogger$4@83011508)
V/Aspen   (21781): ------------postingThread.run invoked
V/Aspen   (21781): postEvents|appName=cvp|sessionId=fc3d6c9356370f11b6dd82b4ff7517f01f669dca~cvp~android~cnn~25~1481211623032|size=0
I/org.umd.logging(21781): Api > 3437 android.net.ConnectivityManager.getActiveNetworkInfo(android.net.ConnectivityManager@688087558)
I/org.umd.logging(21781): Api < 3437 android.net.ConnectivityManager.getActiveNetworkInfo(android.net.NetworkInfo@631002371)
V/Aspen   (21781): postingThread.sleep for 45000 msec
I/org.umd.logging(11423): Method > 1 com.cleanmaster.base.crash.util.debug.b.run(com.cleanmaster.base.crash.util.debug.b@614779553)
I/org.umd.logging(11423): Method < 1 com.cleanmaster.base.crash.util.debug.b.run()
D/AndroidRuntime(23409): >>>>>> START com.android.internal.os.RuntimeInit uid 0 <<<<<<
D/AndroidRuntime(23409): CheckJNI is OFF
D/AndroidRuntime(23409): Calling main entry com.android.commands.monkey.Monkey
W/BroadcastQueue(  591): Skipping deliver [background] BroadcastRecord{11a15e11 u-1 android.net.conn.CONNECTIVITY_CHANGE} to ReceiverList{3e846b76 23409 (unknown name)/0/u-1 remote:34e63a9b}: process crashing
I/ActivityManager(  591): START u0 {act=android.intent.action.MAIN cat=[android.intent.category.LAUNCHER] flg=0x10200000 cmp=com.turbochilli.rollingsky/.AppActivity} from uid 0 on display 0
V/WindowManager(  591): addAppToken: AppWindowToken{122cca4d token=Token{d7d25e4 ActivityRecord{a63e577 u0 com.turbochilli.rollingsky/.AppActivity t144}}} to stack=1 task=144 at 0
V/WindowManager(  591): Adding window Window{dad765a u0 Starting com.turbochilli.rollingsky} at 3 of 9 (after Window{23fbe5b3 u0 com.android.launcher/com.android.launcher2.Launcher})
I/ActivityManager(  591): Start proc 23427:com.turbochilli.rollingsky/u0a242 for activity com.turbochilli.rollingsky/.AppActivity
I/org.umd.logging(23427): Method > 1 com.facebook.FacebookContentProvider.onCreate(com.facebook.FacebookContentProvider@572129094)
I/org.umd.logging(23427): Method < 1 com.facebook.FacebookContentProvider.onCreate(true)
I/org.umd.logging(23427): Method > 1 com.turbochilli.rollingsky.GameApp.onCreate(com.turbochilli.rollingsky.GameApp@724061)
I/org.umd.logging(23427): Api > 1 android.content.ContentResolver.insert(android.app.ContextImpl$ApplicationContentResolver@357642656, android.net.Uri$StringUri@352173567<URI=content://com.turbochilli.rollingsky.ipc_provider>, android.content.ContentValues@460701994)
I/org.umd.logging(23427): Api < 1 android.content.ContentResolver.insert(android.net.Uri$StringUri@1039111352<URI=content://com.turbochilli.rollingsky.ipc_provider/>)
I/org.umd.logging(23427): Method > 1 com.cleanmaster.base.crash.i.onPreExecute(com.cleanmaster.base.crash.i@654755318<atask=true>)
I/org.umd.logging(23427): Method < 1 com.cleanmaster.base.crash.i.onPreExecute()
I/org.umd.logging(23427): Api > 1 android.os.HandlerThread.start(android.os.HandlerThread@567364482<thread=3438>)
I/org.umd.logging(23427): Api < 1 android.os.HandlerThread.start()
I/org.umd.logging(23427): Method > 3439 com.facebook.internal.aa$1.run(com.facebook.internal.aa$1@569115337)
I/org.umd.logging(23427): Method > 3441 com.facebook.internal.v$1.run(com.facebook.internal.v$1@286440444)
I/org.umd.logging(23427): Api > 1 android.content.ContentResolver.insert(android.app.ContextImpl$ApplicationContentResolver@357642656, android.net.Uri$StringUri@352173567<URI=content://com.turbochilli.rollingsky.ipc_provider>, android.content.ContentValues@869112808)
I/org.umd.logging(23427): Api < 1 android.content.ContentResolver.insert(android.net.Uri$StringUri@830226945<URI=content://com.turbochilli.rollingsky.ipc_provider/>)
I/org.umd.logging(23427): Api > 1 android.content.ContentResolver.insert(android.app.ContextImpl$ApplicationContentResolver@357642656, android.net.Uri$StringUri@352173567<URI=content://com.turbochilli.rollingsky.ipc_provider>, android.content.ContentValues@1003133094)
I/org.umd.logging(23427): Api < 1 android.content.ContentResolver.insert(android.net.Uri$StringUri@640271079<URI=content://com.turbochilli.rollingsky.ipc_provider/>)
I/org.umd.logging(23427): Api > 3439 java.net.URL.openConnection(java.net.URL@1047133501<URL=https://graph.facebook.com/v2.6/1082192451854187?fields=supports_implicit_sdk_logging%2Cgdpv4_nux_content%2Cgdpv4_nux_enabled%2Cgdpv4_chrome_custom_tabs_enabled%2Candroid_dialog_configs%2Candroid_sdk_error_categories%2Capp_events_session_timeout&format=json&sdk=android>)
I/org.umd.logging(23427): Method > 3446 com.facebook.a.c$2.run(com.facebook.a.c$2@598878175)
I/org.umd.logging(23427): Api < 3439 java.net.URL.openConnection(com.android.okhttp.internal.http.HttpsURLConnectionImpl@406545147)
I/org.umd.logging(23427): Method < 3446 com.facebook.a.c$2.run()
I/org.umd.logging(23427): Api > 1 android.net.ConnectivityManager.getActiveNetworkInfo(android.net.ConnectivityManager@803517154)
I/org.umd.logging(23427): Api < 1 android.net.ConnectivityManager.getActiveNetworkInfo(android.net.NetworkInfo@1067108047)
I/org.umd.logging(23427): Api > 1 android.net.ConnectivityManager.getActiveNetworkInfo(android.net.ConnectivityManager@803517154)
I/org.umd.logging(23427): Api < 1 android.net.ConnectivityManager.getActiveNetworkInfo(android.net.NetworkInfo@278128732)
I/org.umd.logging(23427): Api > 1 android.content.Context.startService(com.turbochilli.rollingsky.GameApp@724061, android.content.Intent@478526522<action=start_service><data=null><package=null><component=com.turbochilli.rollingsky/com.cmplay.kinfoc.report.service.KinfocReportSerivce><type=null><filter_hashcode=877350283><umd_Intent_key=None>)
I/org.umd.logging(23427): Api < 1 android.content.Context.startService()
I/org.umd.logging(11423): Method > 1 com.cmplay.kinfoc.report.service.KinfocReportSerivce.onStartCommand(com.cmplay.kinfoc.report.service.KinfocReportSerivce@186712511, android.content.Intent@677428439<action=start_service><data=null><package=null><component=com.turbochilli.rollingsky/com.cmplay.kinfoc.report.service.KinfocReportSerivce><type=null><filter_hashcode=877350283><umd_Intent_key=None>, 0, 112)
I/org.umd.logging(11423): Method < 1 com.cmplay.kinfoc.report.service.KinfocReportSerivce.onStartCommand(1)
I/org.umd.logging(23427): Api > 1 android.os.HandlerThread.start(android.os.HandlerThread@858194155<thread=3449>)
I/org.umd.logging(23427): Api < 1 android.os.HandlerThread.start()
I/org.umd.logging(11423): Method > 1 com.turbochilli.rollingsky.commons.RollingSkyService.onStartCommand(com.turbochilli.rollingsky.commons.RollingSkyService@351453383, android.content.Intent@268704196<action=null><data=null><package=null><component=com.turbochilli.rollingsky/.commons.RollingSkyService><type=null><filter_hashcode=958551757><umd_Intent_key=None><command_start_key=None>, 0, 57)
I/org.umd.logging(11423): Api > 1 java.lang.Thread.start(java.lang.Thread@53534893<thread=1282>)
I/org.umd.logging(11423): Api < 1 java.lang.Thread.start()
I/org.umd.logging(11423): Method < 1 com.turbochilli.rollingsky.commons.RollingSkyService.onStartCommand(1)
I/org.umd.logging(11423): Method > 1282 com.ijinshan.cloudconfig.deepcloudconfig.c.run(com.ijinshan.cloudconfig.deepcloudconfig.c@164958377)
I/org.umd.logging(11423): Api > 1282 android.net.ConnectivityManager.getActiveNetworkInfo(android.net.ConnectivityManager@517246612)
I/org.umd.logging(23427): Method < 1 com.turbochilli.rollingsky.GameApp.onCreate()
I/org.umd.logging(11423): Api < 1282 android.net.ConnectivityManager.getActiveNetworkInfo(android.net.NetworkInfo@856854498)
I/org.umd.logging(11423): Api > 1282 android.net.ConnectivityManager.getActiveNetworkInfo(android.net.ConnectivityManager@517246612)
I/org.umd.logging(11423): Api < 1282 android.net.ConnectivityManager.getActiveNetworkInfo(android.net.NetworkInfo@294276979)
I/org.umd.logging(11423): Api > 1282 android.net.ConnectivityManager.getActiveNetworkInfo(android.net.ConnectivityManager@517246612)
I/org.umd.logging(11423): Api < 1282 android.net.ConnectivityManager.getActiveNetworkInfo(android.net.NetworkInfo@34278960)
I/org.umd.logging(11423): Api > 1282 android.net.ConnectivityManager.getActiveNetworkInfo(android.net.ConnectivityManager@517246612)
I/org.umd.logging(11423): Api < 1282 android.net.ConnectivityManager.getActiveNetworkInfo(android.net.NetworkInfo@640146089)
I/org.umd.logging(23427): Method > 1 com.turbochilli.rollingsky.AppActivity.onCreate(com.turbochilli.rollingsky.AppActivity@1062395421<activity=true>, null)
I/org.umd.logging(11423): Api > 1282 android.content.Context.startService(com.turbochilli.rollingsky.GameApp@357642656, android.content.Intent@726517806<action=null><data=null><package=null><component=com.turbochilli.rollingsky/.commons.RollingSkyService><type=null><filter_hashcode=958551757><report_str_params=None><report_key_table_name=None><report_is_force=None><umd_Intent_key=None><command_start_key=None>)
I/org.umd.logging(23427): Method > 1 com.prime31.UnityPlayerNativeActivity.onCreate(com.turbochilli.rollingsky.AppActivity@1062395421<activity=true>, null)
I/org.umd.logging(23427): Method > 1 com.unity3d.player.UnityPlayerNativeActivity.onCreate(com.turbochilli.rollingsky.AppActivity@1062395421<activity=true>, null)
W/Unity   (23427): UnityPlayerNativeActivity has been deprecated, please update your AndroidManifest to use UnityPlayerActivity instead
I/org.umd.logging(23427): Method > 1 com.unity3d.player.UnityPlayerActivity.onCreate(com.turbochilli.rollingsky.AppActivity@1062395421<activity=true>, null)
I/org.umd.logging(11423): Method > 1 com.turbochilli.rollingsky.commons.RollingSkyService.onStartCommand(com.turbochilli.rollingsky.commons.RollingSkyService@351453383, android.content.Intent@615542735<action=null><data=null><package=null><component=com.turbochilli.rollingsky/.commons.RollingSkyService><type=null><filter_hashcode=958551757><report_str_params=None><report_key_table_name=None><report_is_force=None><umd_Intent_key=None><command_start_key=None>, 0, 58)
I/org.umd.logging(11423): Method < 1 com.turbochilli.rollingsky.commons.RollingSkyService.onStartCommand(1)
I/org.umd.logging(11423): Method > 1244 com.turbochilli.rollingsky.util.f.run(com.turbochilli.rollingsky.util.f@709549404)
I/org.umd.logging(11423): Method < 1244 com.turbochilli.rollingsky.util.f.run()
I/org.umd.logging(11423): Api < 1282 android.content.Context.startService()
I/org.umd.logging(11423): Api > 1282 java.net.URL.openConnection(java.net.URL@578451557<URL=http://up.cm.ksmobile.com/rolling_sky/getversions.php?v=null>)
I/org.umd.logging(11423): Api > 1246 android.content.Context.startService(com.turbochilli.rollingsky.GameApp@357642656, android.content.Intent@32651578<action=start_service><data=null><package=null><component=com.turbochilli.rollingsky/com.cmplay.kinfoc.report.service.KinfocReportSerivce><type=null><filter_hashcode=877350283><table=None><umd_Intent_key=None><extra_type=None>)
I/org.umd.logging(11423): Method > 1 com.cmplay.kinfoc.report.service.KinfocReportSerivce.onStartCommand(com.cmplay.kinfoc.report.service.KinfocReportSerivce@186712511, android.content.Intent@510540267<action=start_service><data=null><package=null><component=com.turbochilli.rollingsky/com.cmplay.kinfoc.report.service.KinfocReportSerivce><type=null><filter_hashcode=877350283><table=None><umd_Intent_key=None><extra_type=None>, 0, 113)
I/org.umd.logging(11423): Method < 1 com.cmplay.kinfoc.report.service.KinfocReportSerivce.onStartCommand(1)
I/org.umd.logging(11423): Api < 1282 java.net.URL.openConnection(com.android.okhttp.internal.http.HttpURLConnectionImpl@22442824)
I/org.umd.logging(11423): Api < 1246 android.content.Context.startService()
I/org.umd.logging(11423): Api > 1282 java.net.HttpURLConnection.connect(com.android.okhttp.internal.http.HttpURLConnectionImpl@22442824)
I/org.umd.logging(23427): Method > 1 com.unity3d.player.UnityPlayer$5.run(com.unity3d.player.UnityPlayer$5@919014979)
I/org.umd.logging(23427): Method < 1 com.unity3d.player.UnityPlayer$5.run()
W/linker  (23427): libunity.so: unused DT entry: type 0x6ffffffe arg 0x8474
W/linker  (23427): libunity.so: unused DT entry: type 0x6fffffff arg 0x1
I/org.umd.logging(11423): Api < 1282 java.net.HttpURLConnection.connect()
I/org.umd.logging(23427): Api > 1 java.lang.Thread.start(com.unity3d.player.UnityPlayer$b@377175545<thread=3453>)
I/org.umd.logging(23427): Api < 1 java.lang.Thread.start()
I/org.umd.logging(23427): Method > 3453 com.unity3d.player.UnityPlayer$b.run(com.unity3d.player.UnityPlayer$b@377175545<thread=3453>)
I/org.umd.logging(23427): Method < 3439 com.facebook.internal.aa$1.run()
I/org.umd.logging(23427): Method < 1 com.unity3d.player.UnityPlayerActivity.onCreate()
I/org.umd.logging(23427): Method < 1 com.unity3d.player.UnityPlayerNativeActivity.onCreate()
I/org.umd.logging(23427): Method > 1 com.prime31.ActivityProxyObjectHelper.onCreate(com.prime31.ActivityProxyObjectHelper@619819825, null)
I/Prime31 (23427): found Activity proxy class: class com.prime31.PlayGameServicesPlugin
E/Prime31 (23427): no proxy class found for com.prime31.analytics.FlurryAnalytics
I/Prime31 (23427): found Activity proxy class: class com.prime31.EtceteraPlugin
I/org.umd.logging(11423): Api > 1282 android.net.ConnectivityManager.getNetworkInfo(android.net.ConnectivityManager@517246612, 1)
I/org.umd.logging(23427): Method > 1 com.prime31.PlayGameServicesPlugin.onCreate(null)
I/Prime31 (23427): onCreate. calling through to init
I/org.umd.logging(11423): Api < 1282 android.net.ConnectivityManager.getNetworkInfo(android.net.NetworkInfo@624602886)
I/org.umd.logging(11423): Api > 1282 android.net.ConnectivityManager.getActiveNetworkInfo(android.net.ConnectivityManager@517246612)
I/org.umd.logging(11423): Api < 1282 android.net.ConnectivityManager.getActiveNetworkInfo(android.net.NetworkInfo@536119751)
I/org.umd.logging(11423): Api > 1282 android.net.ConnectivityManager.getActiveNetworkInfo(android.net.ConnectivityManager@517246612)
I/org.umd.logging(11423): Api < 1282 android.net.ConnectivityManager.getActiveNetworkInfo(android.net.NetworkInfo@872643572)
I/org.umd.logging(11423): Api > 1282 android.content.Context.startService(com.turbochilli.rollingsky.GameApp@357642656, android.content.Intent@133713693<action=null><data=null><package=null><component=com.turbochilli.rollingsky/.commons.RollingSkyService><type=null><filter_hashcode=958551757><report_str_params=None><report_key_table_name=None><report_is_force=None><umd_Intent_key=None><command_start_key=None>)
I/org.umd.logging(23427): Method > 1 com.prime31.PlayGameServicesPluginBase.runSafelyOnUiThread(com.prime31.PlayGameServicesPlugin@667684759, com.prime31.PlayGameServicesPlugin$4@863850861)
I/org.umd.logging(23427): Method > 1 com.prime31.PlayGameServicesPluginBase.runSafelyOnUiThread(com.prime31.PlayGameServicesPlugin@667684759, com.prime31.PlayGameServicesPlugin$4@863850861, null)
I/org.umd.logging(11423): Api < 1282 android.content.Context.startService()
I/org.umd.logging(11423): Method > 1 com.turbochilli.rollingsky.commons.RollingSkyService.onStartCommand(com.turbochilli.rollingsky.commons.RollingSkyService@351453383, android.content.Intent@440579474<action=null><data=null><package=null><component=com.turbochilli.rollingsky/.commons.RollingSkyService><type=null><filter_hashcode=958551757><report_str_params=None><report_key_table_name=None><report_is_force=None><umd_Intent_key=None><command_start_key=None>, 0, 59)
I/org.umd.logging(11423): Method > 1244 com.turbochilli.rollingsky.util.f.run(com.turbochilli.rollingsky.util.f@44432227)
I/org.umd.logging(11423): Method < 1244 com.turbochilli.rollingsky.util.f.run()
I/org.umd.logging(11423): Method < 1 com.turbochilli.rollingsky.commons.RollingSkyService.onStartCommand(1)
I/org.umd.logging(11423): Api > 1246 android.content.Context.startService(com.turbochilli.rollingsky.GameApp@357642656, android.content.Intent@81159008<action=start_service><data=null><package=null><component=com.turbochilli.rollingsky/com.cmplay.kinfoc.report.service.KinfocReportSerivce><type=null><filter_hashcode=877350283><table=None><umd_Intent_key=None><extra_type=None>)
I/org.umd.logging(23427): Method > 1 com.prime31.PlayGameServicesPluginBase$1.run(com.prime31.PlayGameServicesPluginBase$1@909643315)
I/org.umd.logging(11423): Api < 1246 android.content.Context.startService()
I/org.umd.logging(23427): Method > 1 com.prime31.PlayGameServicesPlugin$4.run(com.prime31.PlayGameServicesPlugin$4@863850861)
I/org.umd.logging(11423): Method > 1 com.cmplay.kinfoc.report.service.KinfocReportSerivce.onStartCommand(com.cmplay.kinfoc.report.service.KinfocReportSerivce@186712511, android.content.Intent@500154393<action=start_service><data=null><package=null><component=com.turbochilli.rollingsky/com.cmplay.kinfoc.report.service.KinfocReportSerivce><type=null><filter_hashcode=877350283><table=None><umd_Intent_key=None><extra_type=None>, 0, 114)
I/org.umd.logging(11423): Method < 1 com.cmplay.kinfoc.report.service.KinfocReportSerivce.onStartCommand(1)
I/Prime31 (23427): found meta-data tag to disable Drive API scope
I/org.umd.logging(11423): Api > 1282 android.content.Context.sendBroadcast(com.turbochilli.rollingsky.GameApp@357642656, android.content.Intent@710056158<action=com.ijinshan.krcmd.deepcloudconfig.CloudDataChangeReceiver.datachange><data=null><package=com.turbochilli.rollingsky><component=null><type=null><filter_hashcode=858946709><umd_Intent_key=None>)
I/org.umd.logging(11423): Api < 1282 android.content.Context.sendBroadcast()
I/org.umd.logging(11423): Api > 1282 android.content.Context.sendBroadcast(com.turbochilli.rollingsky.GameApp@357642656, android.content.Intent@158526143<action=com.cmplay.activesdk.cloud_cfg.update><data=null><package=com.turbochilli.rollingsky><component=null><type=null><filter_hashcode=111047790><umd_Intent_key=None>)
I/org.umd.logging(11423): Api < 1282 android.content.Context.sendBroadcast()
I/org.umd.logging(11423): Method < 1282 com.ijinshan.cloudconfig.deepcloudconfig.c.run()
I/org.umd.logging(11423): Method > 1 com.cmplay.internalpush.CloudUpdateReceiver.onReceive(com.cmplay.internalpush.CloudUpdateReceiver@813876420, com.turbochilli.rollingsky.GameApp@357642656, android.content.Intent@405689740<action=com.cmplay.activesdk.cloud_cfg.update><data=null><package=com.turbochilli.rollingsky><component=null><type=null><filter_hashcode=111047790><umd_Intent_key=None>)
I/org.umd.logging(11423): Method > 1230 com.a.a.a.a.w.onReceive(com.a.a.a.a.w@807326945, com.turbochilli.rollingsky.GameApp@357642656, android.content.Intent@538133717<action=com.cmplay.activesdk.cloud_cfg.update><data=null><package=com.turbochilli.rollingsky><component=null><type=null><filter_hashcode=111047790><umd_Intent_key=None>)
I/org.umd.logging(11423): Method > 1230 com.a.a.a.a.v.run(com.a.a.a.a.v@418079978)
I/org.umd.logging(11423): Method < 1 com.cmplay.internalpush.CloudUpdateReceiver.onReceive()
I/org.umd.logging(11423): Method > 1 com.turbochilli.rollingsky.cloud.CloudUpdateReceiver.onReceive(com.turbochilli.rollingsky.cloud.CloudUpdateReceiver@263009907, com.turbochilli.rollingsky.GameApp@357642656, android.content.Intent@200635355<action=com.cmplay.activesdk.cloud_cfg.update><data=null><package=com.turbochilli.rollingsky><component=null><type=null><filter_hashcode=111047790><umd_Intent_key=None>)
I/org.umd.logging(11423): Method > 1244 com.turbochilli.rollingsky.cloud.b$2.run(com.turbochilli.rollingsky.cloud.b$2@389103224)
I/org.umd.logging(11423): Method < 1 com.turbochilli.rollingsky.cloud.CloudUpdateReceiver.onReceive()
I/org.umd.logging(11423): Method < 1244 com.turbochilli.rollingsky.cloud.b$2.run()
I/org.umd.logging(11423): Method < 1230 com.a.a.a.a.w.onReceive()
I/org.umd.logging(23427): Method < 1 com.prime31.ActivityProxyObjectHelper.onCreate()
I/org.umd.logging(23427): Method < 1 com.prime31.UnityPlayerNativeActivity.onCreate()
I/AppsFlyer_3.0(23427): Start tracking package: com.turbochilli.rollingsky
I/org.umd.logging(23427): Api > 1 android.content.ContentResolver.insert(android.app.ContextImpl$ApplicationContentResolver@357642656, android.net.Uri$StringUri@352173567<URI=content://com.turbochilli.rollingsky.ipc_provider>, android.content.ContentValues@732600169)
I/org.umd.logging(23427): Api < 1 android.content.ContentResolver.insert(android.net.Uri$StringUri@368748014<URI=content://com.turbochilli.rollingsky.ipc_provider/{
I/org.umd.logging(23427):     "ad_platform": [
I/org.umd.logging(23427):         {
I/org.umd.logging(23427):             "id": "1001"
I/org.umd.logging(23427):         },
I/org.umd.logging(23427):         {
I/org.umd.logging(23427):             "id": "1003"
I/org.umd.logging(23427):         },
I/org.umd.logging(23427):         {
I/org.umd.logging(23427):             "id": "2001"
I/org.umd.logging(23427):         }
I/org.umd.logging(23427):     ]
I/org.umd.logging(23427): }>)
I/org.umd.logging(23427): Api > 1 android.content.ContentResolver.insert(android.app.ContextImpl$ApplicationContentResolver@357642656, android.net.Uri$StringUri@352173567<URI=content://com.turbochilli.rollingsky.ipc_provider>, android.content.ContentValues@1046174351)
I/org.umd.logging(23427): Api < 1 android.content.ContentResolver.insert(android.net.Uri$StringUri@1008161052<URI=content://com.turbochilli.rollingsky.ipc_provider/>)
I/AppsFlyer_3.0(23427): AsendTrackingWithEvent from activity: com.turbochilli.rollingsky.AppActivity
I/AppsFlyer_3.0-213807348(23427): ******* sendTrackingWithEvent: Launch
I/org.umd.logging(23427): Method > 1 com.turbochilli.rollingsky.ad.b.d.a.onCreate(com.turbochilli.rollingsky.ad.b.d.a@200225530, com.turbochilli.rollingsky.AppActivity@1062395421)
E/ActivityThread(23427): Failed to find provider info for com.facebook.katana.provider.AttributionIdProvider
I/org.umd.logging(23427): Method > 1 com.turbochilli.rollingsky.ad.a.b.onCreate(com.turbochilli.rollingsky.ad.b.d.a@200225530, com.turbochilli.rollingsky.AppActivity@1062395421)
I/org.umd.logging(23427): Method < 1 com.turbochilli.rollingsky.ad.a.b.onCreate()
I/AppsFlyer_3.0(23427): WARNING:READ_PHONE_STATE is missing
I/UnityAds(23427): com.unity3d.ads.android.UnityAds.init() (line:-1) :: Initializing Unity Ads version 1506 with gameId 112146
I/org.umd.logging(23427): Api > 1 java.lang.Thread.start(java.lang.Thread@614779553<thread=3457>)
I/org.umd.logging(23427): Api < 1 java.lang.Thread.start()
I/org.umd.logging(23427): Method < 1 com.turbochilli.rollingsky.ad.b.d.a.onCreate()
I/org.umd.logging(23427): Method > 1 com.turbochilli.rollingsky.ad.b.b.a.onCreate(com.turbochilli.rollingsky.ad.b.b.a@960105607, com.turbochilli.rollingsky.AppActivity@1062395421)
I/org.umd.logging(23427): Method > 3457 com.unity3d.ads.android.UnityAds$2.run(com.unity3d.ads.android.UnityAds$2@866283485)
I/org.umd.logging(23427): Api > 1 android.net.ConnectivityManager.getActiveNetworkInfo(android.net.ConnectivityManager@803517154)
I/org.umd.logging(23427): Api < 1 android.net.ConnectivityManager.getActiveNetworkInfo(android.net.NetworkInfo@300714784)
I/org.umd.logging(23427): Api > 1 java.lang.Thread.start(com.chartboost.sdk.impl.c@64120478<thread=3459>)
I/org.umd.logging(23427): Api < 1 java.lang.Thread.start()
I/org.umd.logging(23427): Api > 1 java.lang.Thread.start(com.chartboost.sdk.impl.g@585054540<thread=3460>)
I/org.umd.logging(23427): Api < 1 java.lang.Thread.start()
I/org.umd.logging(23427): Method > 3459 com.chartboost.sdk.impl.c.run(com.chartboost.sdk.impl.c@64120478<thread=3459>)
I/org.umd.logging(23427): Api > 1 java.lang.Thread.start(com.chartboost.sdk.impl.g@961068437<thread=3461>)
I/org.umd.logging(23427): Api < 1 java.lang.Thread.start()
I/org.umd.logging(23427): Method > 3460 com.chartboost.sdk.impl.g.run(com.chartboost.sdk.impl.g@585054540<thread=3460>)
I/org.umd.logging(23427): Api > 1 java.lang.Thread.start(com.chartboost.sdk.impl.g@66735786<thread=3462>)
I/org.umd.logging(23427): Api < 1 java.lang.Thread.start()
I/org.umd.logging(23427): Method > 3461 com.chartboost.sdk.impl.g.run(com.chartboost.sdk.impl.g@961068437<thread=3461>)
I/org.umd.logging(23427): Api > 1 java.lang.Thread.start(com.chartboost.sdk.impl.g@923237019<thread=3463>)
I/org.umd.logging(23427): Api < 1 java.lang.Thread.start()
I/org.umd.logging(23427): Method > 3463 com.chartboost.sdk.impl.g.run(com.chartboost.sdk.impl.g@923237019<thread=3463>)
I/org.umd.logging(23427): Method > 3462 com.chartboost.sdk.impl.g.run(com.chartboost.sdk.impl.g@66735786<thread=3462>)
E/Cataloger( 8854): syncFile:/storage/emulated/0/.chartboost/.adId
E/Cataloger( 8854): need not sync path:/storage/emulated/0/.chartboost/.adId
I/org.umd.logging(23427): Api > 1 java.lang.Thread.start(com.chartboost.sdk.impl.c@502877295<thread=3464>)
I/org.umd.logging(23427): Api < 1 java.lang.Thread.start()
I/org.umd.logging(23427): Api > 1 java.lang.Thread.start(com.chartboost.sdk.impl.g@88706428<thread=3465>)
I/org.umd.logging(23427): Api < 1 java.lang.Thread.start()
I/org.umd.logging(23427): Api > 1 java.lang.Thread.start(com.chartboost.sdk.impl.g@324351493<thread=3466>)
I/org.umd.logging(23427): Method > 3464 com.chartboost.sdk.impl.c.run(com.chartboost.sdk.impl.c@502877295<thread=3464>)
I/org.umd.logging(23427): Api < 1 java.lang.Thread.start()
I/org.umd.logging(23427): Api > 1 java.lang.Thread.start(com.chartboost.sdk.impl.g@1050392154<thread=3467>)
I/org.umd.logging(23427): Api < 1 java.lang.Thread.start()
I/org.umd.logging(23427): Api > 1 java.lang.Thread.start(com.chartboost.sdk.impl.g@1031291019<thread=3468>)
I/org.umd.logging(23427): Method > 3465 com.chartboost.sdk.impl.g.run(com.chartboost.sdk.impl.g@88706428<thread=3465>)
I/org.umd.logging(23427): Method > 3466 com.chartboost.sdk.impl.g.run(com.chartboost.sdk.impl.g@324351493<thread=3466>)
I/org.umd.logging(23427): Api < 1 java.lang.Thread.start()
I/org.umd.logging(23427): Method > 3468 com.chartboost.sdk.impl.g.run(com.chartboost.sdk.impl.g@1031291019<thread=3468>)
I/org.umd.logging(23427): Method > 3469 com.chartboost.sdk.Libraries.c$1.run(com.chartboost.sdk.Libraries.c$1@810475046)
I/org.umd.logging(23427): Method > 3467 com.chartboost.sdk.impl.g.run(com.chartboost.sdk.impl.g@1050392154<thread=3467>)
I/org.umd.logging(23427): Api > 1 android.net.ConnectivityManager.getActiveNetworkInfo(android.net.ConnectivityManager@803517154)
I/org.umd.logging(23427): Api < 1 android.net.ConnectivityManager.getActiveNetworkInfo(android.net.NetworkInfo@846799037)
I/org.umd.logging(23427): Method > 1 com.chartboost.sdk.Chartboost$18.run(com.chartboost.sdk.Chartboost$18@383137283)
I/org.umd.logging(23427): Method < 1 com.chartboost.sdk.Chartboost$18.run()
I/org.umd.logging(23427): Method > 1 com.chartboost.sdk.Chartboost$19.run(com.chartboost.sdk.Chartboost$19@35392441)
I/org.umd.logging(23427): Method < 1 com.chartboost.sdk.Chartboost$19.run()
I/org.umd.logging(23427): Method > 1 com.chartboost.sdk.Chartboost.onCreate(com.turbochilli.rollingsky.AppActivity@1062395421<activity=true>)
I/org.umd.logging(23427): Method > 1 com.chartboost.sdk.Chartboost$23.run(com.chartboost.sdk.Chartboost$23@763113311)
I/org.umd.logging(23427): Method < 1 com.chartboost.sdk.Chartboost$23.run()
I/org.umd.logging(23427): Method < 1 com.chartboost.sdk.Chartboost.onCreate()
I/org.umd.logging(23427): Method < 1 com.turbochilli.rollingsky.ad.b.b.a.onCreate()
I/org.umd.logging(23427): Method > 1 com.turbochilli.rollingsky.ad.interstitial.admob.AdmobAds.onCreate(com.turbochilli.rollingsky.ad.interstitial.admob.AdmobAds@677948021, com.turbochilli.rollingsky.AppActivity@1062395421)
I/WebViewFactory(23427): Loading com.google.android.webview version 54.0.2840.85 (code 284008500)
I/art     (23427): Rejecting re-init on previously-failed class java.lang.Class<com.android.webview.chromium.TokenBindingManagerAdapter>
I/art     (23427): Rejecting re-init on previously-failed class java.lang.Class<com.android.webview.chromium.TokenBindingManagerAdapter>
I/art     (23427): Rejecting re-init on previously-failed class java.lang.Class<com.android.webview.chromium.ServiceWorkerControllerAdapter>
I/art     (23427): Rejecting re-init on previously-failed class java.lang.Class<com.android.webview.chromium.ServiceWorkerControllerAdapter>
I/cr_LibraryLoader(23427): Time to load native libraries: 1 ms (timestamps 9250-9251)
I/cr_LibraryLoader(23427): Expected native library version number "54.0.2840.85", actual native library version number "54.0.2840.85"
I/cr_LibraryLoader(23427): Expected native library version number "54.0.2840.85", actual native library version number "54.0.2840.85"
I/chromium(23427): [INFO:library_loader_hooks.cc(151)] Chromium logging enabled: level = 0, default verbosity = 0
I/cr_BrowserStartup(23427): Initializing chromium process, singleProcess=true
I/Adreno-EGL(23427): <qeglDrvAPI_eglInitialize:379>: QUALCOMM Build: 01/15/15, ab0075f, Id3510ff6dc
I/art     (23427): Rejecting re-init on previously-failed class java.lang.Class<com.android.webview.chromium.WebViewContentsClientAdapter$WebResourceErrorImpl>
I/art     (23427): Rejecting re-init on previously-failed class java.lang.Class<com.android.webview.chromium.WebViewContentsClientAdapter$WebResourceErrorImpl>
D/ConnectivityService(  591): listenForNetwork for NetworkRequest [ id=135, legacyType=-1, [ Capabilities: INTERNET&NOT_RESTRICTED&TRUSTED] ]
D/ConnectivityService(  591): handleRegisterNetworkRequest checking NetworkAgentInfo [WIFI () - 102]
D/ConnectivityService(  591): apparently satisfied.  currentScore=60
D/ConnectivityManager.CallbackHandler(23427): CM callback handler got msg 524290
I/art     (23427): Rejecting re-init on previously-failed class java.lang.Class<org.chromium.content.browser.FloatingWebActionModeCallback>
I/art     (23427): Rejecting re-init on previously-failed class java.lang.Class<org.chromium.content.browser.FloatingWebActionModeCallback>
W/ResourceType(23427): No known package when getting name for resource number 0xffffffff
I/org.umd.logging(23427): Api > 1 android.webkit.WebView.<init>(android.webkit.WebView@586831145<file=><x=0><y=0><width=0><height=0><id=-1>, com.turbochilli.rollingsky.GameApp@724061)
W/ResourceType(23427): No known package when getting name for resource number 0xffffffff
I/org.umd.logging(23427): Api < 1 android.webkit.WebView.<init>(android.webkit.WebView@586831145<file=><x=0><y=0><width=0><height=0><id=-1>)
I/org.umd.logging(23427): Api > 1 java.lang.Thread.start(java.lang.Thread@826208430<thread=3480>)
I/org.umd.logging(23427): Api < 1 java.lang.Thread.start()
I/b       (23427): facebook = nullappId = 29629appKey = 453be707068939dc327bcdd597191d39
I/org.umd.logging(23427): Method > 3480 com.mobvista.msdk.base.c.a$1.run(com.mobvista.msdk.base.c.a$1@227637724)
W/a       (23427): GET ADID ERROR TRY TO GET FROM GOOGLE PLAY APP
I/DownloadManagerWrapper(  985): onReceive() : Charging = true
I/b       (23427): app setting timeout or not exists
D/MD5     (23427): 29629453be707068939dc327bcdd597191d39
I/DownloadManagerWrapper(  985): onReceive() : Charging = true
I/org.umd.logging(23427): Api > 3480 android.content.Context.bindService(com.turbochilli.rollingsky.GameApp@724061, android.content.Intent@909777637<action=com.google.android.gms.ads.identifier.service.START><data=null><package=com.google.android.gms><component=null><type=null><filter_hashcode=-2143425616><umd_Intent_key=None>, com.mobvista.msdk.base.c.a$a$b@348708971, 1)
I/org.umd.logging(23427): Api < 3480 android.content.Context.bindService(true)
I/org.umd.logging(23427): Api > 1 android.net.ConnectivityManager.getActiveNetworkInfo(android.net.ConnectivityManager@803517154)
I/org.umd.logging(23427): Api < 1 android.net.ConnectivityManager.getActiveNetworkInfo(android.net.NetworkInfo@195712968)
I/System  (23427): Loaded time zone names for "en" in 72ms (71ms in ICU)
D/BaseHttpRequest(23427): request url: http://setting.rayjump.com/setting
D/BaseHttpRequest(23427): request params: app_id=29629&sign=ae01c2aa30d78836cb18bc4405456410&platform=1&os_version=5.1.1&package_name=com.turbochilli.rollingsky&app_version_name=1.3.6.1&app_version_code=10100045&orientation=1&model=Nexus 4&brand=google&gaid=&mnc=&mcc=&network_type=9&language=en&timezone=EST&useragent=Mozilla/5.0 (Linux; Android 5.1.1; Nexus 4 Build/LMY48T; wv) AppleWebKit/537.36 (KHTML, like Gecko) Version/4.0 Chrome/54.0.2840.85 Mobile Safari/537.36&sdk_version=MAL_7.6.39&gp_version=7.2.13.J-all [0] [PR] 138561921&screen_size=768x1184&dvi=4BztYrxBYFQ3+FQ3RUE0HaJtfUD2G7RMDAibf7iAfBzK
D/BaseHttpRequest(23427): request method: GET
I/org.umd.logging(23427): Api > 1 android.net.ConnectivityManager.getActiveNetworkInfo(android.net.ConnectivityManager@803517154)
I/org.umd.logging(23427): Api < 1 android.net.ConnectivityManager.getActiveNetworkInfo(android.net.NetworkInfo@183926881)
D/NetConnectManager(23427): current net connect type is wifi
I/org.umd.logging(23427): Api > 1 java.lang.Thread.start(java.lang.Thread@593500627<thread=3483>)
I/org.umd.logging(23427): Api < 1 java.lang.Thread.start()
I/org.umd.logging(23427): Method > 3482 com.mobvista.msdk.base.b.d.a.run(com.mobvista.msdk.base.b.b.f@592813065)
D/CommonHttpRequest(23427): request is started
I/org.umd.logging(23427): Api > 3482 org.apache.http.impl.client.DefaultHttpClient.<init>(com.mobvista.msdk.base.b.b.i@562593839)
I/org.umd.logging(23427): Api < 3482 org.apache.http.impl.client.DefaultHttpClient.<init>(com.mobvista.msdk.base.b.b.i@562593839)
I/NativeProvider(23427): native provider preload
I/org.umd.logging(23427): Method > 3483 com.mobvista.msdk.base.c.b$3.run(com.mobvista.msdk.base.c.b$3@766701509)
I/org.umd.logging(23427): Api > 3483 android.net.ConnectivityManager.getActiveNetworkInfo(android.net.ConnectivityManager@803517154)
I/org.umd.logging(23427): Api < 3483 android.net.ConnectivityManager.getActiveNetworkInfo(android.net.NetworkInfo@832326938)
I/org.umd.logging(23427): Method < 3483 com.mobvista.msdk.base.c.b$3.run()
I/b       (23427): app setting timeout or not exists
D/MD5     (23427): 29629453be707068939dc327bcdd597191d39
I/org.umd.logging(23427): Api > 1 android.net.ConnectivityManager.getActiveNetworkInfo(android.net.ConnectivityManager@803517154)
I/org.umd.logging(23427): Api < 1 android.net.ConnectivityManager.getActiveNetworkInfo(android.net.NetworkInfo@685228865)
D/BaseHttpRequest(23427): request url: http://setting.rayjump.com/setting
D/BaseHttpRequest(23427): request params: app_id=29629&sign=ae01c2aa30d78836cb18bc4405456410&platform=1&os_version=5.1.1&package_name=com.turbochilli.rollingsky&app_version_name=1.3.6.1&app_version_code=10100045&orientation=1&model=Nexus 4&brand=google&gaid=&mnc=&mcc=&network_type=9&language=en&timezone=EST&useragent=Mozilla/5.0 (Linux; Android 5.1.1; Nexus 4 Build/LMY48T; wv) AppleWebKit/537.36 (KHTML, like Gecko) Version/4.0 Chrome/54.0.2840.85 Mobile Safari/537.36&sdk_version=MAL_7.6.39&gp_version=7.2.13.J-all [0] [PR] 138561921&screen_size=768x1184&dvi=4BztYrxBYFQ3+FQ3RUE0HaJtfUD2G7RMDAibf7iAfBzK
D/BaseHttpRequest(23427): request method: GET
I/org.umd.logging(23427): Api > 1 android.net.ConnectivityManager.getActiveNetworkInfo(android.net.ConnectivityManager@803517154)
I/org.umd.logging(23427): Api < 1 android.net.ConnectivityManager.getActiveNetworkInfo(android.net.NetworkInfo@648159462)
D/NetConnectManager(23427): current net connect type is wifi
I/b       (23427): unit setting timeout or not exists
D/MD5     (23427): 29629453be707068939dc327bcdd597191d39
I/org.umd.logging(23427): Method > 3484 com.mobvista.msdk.base.b.d.a.run(com.mobvista.msdk.base.b.b.f@296874196)
D/CommonHttpRequest(23427): request is started
I/org.umd.logging(23427): Api > 1 android.net.ConnectivityManager.getActiveNetworkInfo(android.net.ConnectivityManager@803517154)
I/org.umd.logging(23427): Api > 3484 org.apache.http.impl.client.DefaultHttpClient.<init>(com.mobvista.msdk.base.b.b.i@404509309)
I/org.umd.logging(23427): Api < 3484 org.apache.http.impl.client.DefaultHttpClient.<init>(com.mobvista.msdk.base.b.b.i@404509309)
I/org.umd.logging(23427): Api < 1 android.net.ConnectivityManager.getActiveNetworkInfo(android.net.NetworkInfo@786392434)
D/BaseHttpRequest(23427): request url: http://setting.rayjump.com/setting
D/BaseHttpRequest(23427): request params: unit_ids=[3444]&app_id=29629&sign=ae01c2aa30d78836cb18bc4405456410&platform=1&os_version=5.1.1&package_name=com.turbochilli.rollingsky&app_version_name=1.3.6.1&app_version_code=10100045&orientation=1&model=Nexus 4&brand=google&gaid=&mnc=&mcc=&network_type=9&language=en&timezone=EST&useragent=Mozilla/5.0 (Linux; Android 5.1.1; Nexus 4 Build/LMY48T; wv) AppleWebKit/537.36 (KHTML, like Gecko) Version/4.0 Chrome/54.0.2840.85 Mobile Safari/537.36&sdk_version=MAL_7.6.39&gp_version=7.2.13.J-all [0] [PR] 138561921&screen_size=768x1184&dvi=4BztYrxBYFQ3+FQ3RUE0HaJtfUD2G7RMDAibf7iAfBzK
D/BaseHttpRequest(23427): request method: GET
I/org.umd.logging(23427): Api > 1 android.net.ConnectivityManager.getActiveNetworkInfo(android.net.ConnectivityManager@803517154)
I/org.umd.logging(23427): Api < 1 android.net.ConnectivityManager.getActiveNetworkInfo(android.net.NetworkInfo@775101891)
D/NetConnectManager(23427): current net connect type is wifi
I/org.umd.logging(23427): Method > 3485 com.mobvista.msdk.base.b.d.a.run(com.mobvista.msdk.base.b.b.f@572561785)
