D/CommonHttpRequest(23427): request is started
I/org.umd.logging(23427): Api > 3485 org.apache.http.impl.client.DefaultHttpClient.<init>(com.mobvista.msdk.base.b.b.i@591029950)
I/org.umd.logging(23427): Api < 3485 org.apache.http.impl.client.DefaultHttpClient.<init>(com.mobvista.msdk.base.b.b.i@591029950)
I/org.umd.logging(23427): Method > 3486 com.mobvista.msdk.base.b.d.a.run(com.mobvista.msdk.mvnative.c.b$2@495473717)
I/org.umd.logging(23427): Method < 3486 com.mobvista.msdk.base.b.d.a.run()
I/org.umd.logging(23427): Api > 3482 android.net.ConnectivityManager.getActiveNetworkInfo(android.net.ConnectivityManager@803517154)
I/org.umd.logging(23427): Api < 3482 android.net.ConnectivityManager.getActiveNetworkInfo(android.net.NetworkInfo@850538698)
D/CommonHttpRequest(23427): request status code 200
D/CommonHttpRequest(23427): request is finished
I/org.umd.logging(23427): Method < 3482 com.mobvista.msdk.base.b.d.a.run()
I/org.umd.logging(23427): Api > 3484 android.net.ConnectivityManager.getActiveNetworkInfo(android.net.ConnectivityManager@803517154)
I/org.umd.logging(23427): Api < 3484 android.net.ConnectivityManager.getActiveNetworkInfo(android.net.NetworkInfo@653820475)
D/CommonHttpRequest(23427): request status code 200
D/CommonHttpRequest(23427): request is finished
I/org.umd.logging(23427): Method < 3484 com.mobvista.msdk.base.b.d.a.run()
I/org.umd.logging(23427): Api > 3485 android.net.ConnectivityManager.getActiveNetworkInfo(android.net.ConnectivityManager@803517154)
I/org.umd.logging(23427): Api < 3485 android.net.ConnectivityManager.getActiveNetworkInfo(android.net.NetworkInfo@69180760)
D/CommonHttpRequest(23427): request status code 200
D/CommonHttpRequest(23427): request is finished
I/org.umd.logging(23427): Method < 3485 com.mobvista.msdk.base.b.d.a.run()
I/b       (23427): preload start queue adsource = 1
I/org.umd.logging(23427): Method > 3486 com.mobvista.msdk.base.b.d.a.run(com.mobvista.msdk.mvnative.c.b$2@762773169)
I/org.umd.logging(23427): Method < 3486 com.mobvista.msdk.base.b.d.a.run()
D/AppLovinSdkImpl(23427): SDK has not been updated since last run. Continuing...
I/org.umd.logging(23427): Method > 3489 com.applovin.impl.sdk.cu.run(com.applovin.impl.sdk.cu@253612777)
W/ResourcesManager(23427): Asset path '/system/framework/com.android.media.remotedisplay.jar' does not exist or contains no resources.
W/ResourcesManager(23427): Asset path '/system/framework/com.android.location.provider.jar' does not exist or contains no resources.
I/org.umd.logging(23427): Method < 3489 com.applovin.impl.sdk.cu.run()
I/org.umd.logging(23427): Method > 3490 com.applovin.impl.sdk.cz.run(com.applovin.impl.sdk.cz@969040540)
I/org.umd.logging(23427): Method > 3490 com.applovin.impl.sdk.cn.run(com.applovin.impl.sdk.cn@312500346)
I/art     (23427): Background partial concurrent mark sweep GC freed 15287(1237KB) AllocSpace objects, 6(96KB) LOS objects, 40% free, 11MB/18MB, paused 6.073ms total 45.597ms
W/ResourcesManager(23427): Asset path '/system/framework/com.android.media.remotedisplay.jar' does not exist or contains no resources.
W/ResourcesManager(23427): Asset path '/system/framework/com.android.location.provider.jar' does not exist or contains no resources.
I/art     (  591): Explicit concurrent mark sweep GC freed 104391(4MB) AllocSpace objects, 2(32KB) LOS objects, 33% free, 26MB/39MB, paused 2.380ms total 181.535ms
D/DynamitePackage(23427): Instantiated singleton DynamitePackage.
D/DynamitePackage(23427): Instantiating com.google.android.gms.ads.ChimeraAdManagerCreatorImpl
I/DynamiteModule(23427): Considering local module com.google.android.gms.piccard.dynamite:0 and remote module com.google.android.gms.piccard.dynamite:9
I/DynamiteModule(23427): Selected remote version of com.google.android.gms.piccard.dynamite, version >= 9
E/DynamiteModule(23427): Failed to load DynamiteLoader: java.lang.ClassNotFoundException: Didn't find class "com.google.android.gms.dynamite.DynamiteModule$DynamiteLoaderClassLoader" on path: DexPathList[[zip file "/data/app/com.turbochilli.rollingsky-1/base.apk"],nativeLibraryDirectories=[/data/app/com.turbochilli.rollingsky-1/lib/arm, /vendor/lib, /system/lib]]
W/DynamiteModule(23427): Failed to load remote module: Failed to get module context
W/DynamiteModule(23427): Failed to load module via fast routeajo: Remote load failed. No local fallback found.
I/DynamiteModule(23427): Considering local module com.google.android.gms.piccard.dynamite:0 and remote module com.google.android.gms.piccard.dynamite:9
I/DynamiteModule(23427): Selected remote version of com.google.android.gms.piccard.dynamite, version >= 9
I/Ads     (23427): Starting ad request.
I/Ads     (23427): Use AdRequest.Builder.addTestDevice("1F480C9603A7924489313051413E5A68") to get test ads on this device.
I/org.umd.logging(23427): Method > 3489 com.applovin.impl.sdk.cz.run(com.applovin.impl.sdk.cz@690835859)
I/org.umd.logging(23427): Method > 3489 com.applovin.impl.sdk.cr.run(com.applovin.impl.sdk.cr@1066072521)
I/org.umd.logging(23427): Method > 3489 com.applovin.impl.sdk.dc.run(com.applovin.impl.sdk.cs@925047041)
I/org.umd.logging(23427): Api > 3489 android.net.ConnectivityManager.getActiveNetworkInfo(android.net.ConnectivityManager@803517154)
I/org.umd.logging(23427): Api < 3489 android.net.ConnectivityManager.getActiveNetworkInfo(android.net.NetworkInfo@586019303)
I/VideoCapabilities(23427): Unsupported profile 4 for video/mp4v-es
I/org.umd.logging(23427): Method < 1 com.turbochilli.rollingsky.ad.interstitial.admob.AdmobAds.onCreate()
I/org.umd.logging(23427): Method > 1 com.turbochilli.rollingsky.ad.b.c.a.onCreate(com.turbochilli.rollingsky.ad.b.c.a@547210627, com.turbochilli.rollingsky.AppActivity@1062395421)
I/org.umd.logging(23427): Method > 1 com.turbochilli.rollingsky.ad.a.b.onCreate(com.turbochilli.rollingsky.ad.b.c.a@547210627, com.turbochilli.rollingsky.AppActivity@1062395421)
I/org.umd.logging(23427): Method < 1 com.turbochilli.rollingsky.ad.a.b.onCreate()
I/org.umd.logging(23427): Api > 1 android.os.HandlerThread.start(android.os.HandlerThread@1001206528<thread=3514>)
I/org.umd.logging(23427): Api < 1 android.os.HandlerThread.start()
I/org.umd.logging(23427): Method < 1 com.turbochilli.rollingsky.ad.b.c.a.onCreate()
I/org.umd.logging(23427): Api > 1 android.os.HandlerThread.start(com.turbochilli.rollingsky.util.a@256359925<thread=3515>)
I/org.umd.logging(23427): Api < 1 android.os.HandlerThread.start()
I/org.umd.logging(23427): Method > 3515 com.turbochilli.rollingsky.util.g.run(com.turbochilli.rollingsky.util.g@618553880)
I/org.umd.logging(23427): Api > 3515 android.net.ConnectivityManager.getActiveNetworkInfo(android.net.ConnectivityManager@803517154)
I/org.umd.logging(23427): Api > 1 android.content.ContentResolver.insert(android.app.ContextImpl$ApplicationContentResolver@357642656, android.net.Uri$StringUri@352173567<URI=content://com.turbochilli.rollingsky.ipc_provider>, android.content.ContentValues@723731569)
I/org.umd.logging(23427): Api < 3515 android.net.ConnectivityManager.getActiveNetworkInfo(android.net.NetworkInfo@771826391)
I/org.umd.logging(23427): Api > 3515 android.net.ConnectivityManager.getActiveNetworkInfo(android.net.ConnectivityManager@803517154)
I/org.umd.logging(23427): Api < 3515 android.net.ConnectivityManager.getActiveNetworkInfo(android.net.NetworkInfo@946046916)
I/org.umd.logging(23427): Method < 3515 com.turbochilli.rollingsky.util.g.run()
I/org.umd.logging(23427): Api < 1 android.content.ContentResolver.insert(android.net.Uri$StringUri@667620723<URI=content://com.turbochilli.rollingsky.ipc_provider/>)
I/org.umd.logging(23427): Method < 1 com.turbochilli.rollingsky.AppActivity.onCreate()
I/org.umd.logging(23427): Method > 1 com.turbochilli.rollingsky.AppActivity.onStart(com.turbochilli.rollingsky.AppActivity@1062395421<activity=true>)
I/org.umd.logging(23427): Method > 1 com.prime31.UnityPlayerNativeActivity.onStart(com.turbochilli.rollingsky.AppActivity@1062395421<activity=true>)
I/org.umd.logging(23427): Method > 1 com.unity3d.player.UnityPlayerNativeActivity.onStart(com.turbochilli.rollingsky.AppActivity@1062395421<activity=true>)
I/org.umd.logging(23427): Method > 1 com.unity3d.player.UnityPlayerActivity.onStart(com.turbochilli.rollingsky.AppActivity@1062395421<activity=true>)
I/org.umd.logging(23427): Api > 3517 android.content.Context.startService(com.turbochilli.rollingsky.GameApp@724061, android.content.Intent@468933680<action=start_service><data=null><package=null><component=com.turbochilli.rollingsky/com.cmplay.kinfoc.report.service.KinfocReportSerivce><type=null><filter_hashcode=877350283><table=None><umd_Intent_key=None><extra_type=None>)
I/org.umd.logging(23427): Method < 1 com.unity3d.player.UnityPlayerActivity.onStart()
I/org.umd.logging(23427): Method < 1 com.unity3d.player.UnityPlayerNativeActivity.onStart()
I/org.umd.logging(23427): Api < 3517 android.content.Context.startService()
I/org.umd.logging(23427): Method > 1 com.prime31.PlayGameServicesPlugin.onStart()
I/Prime31 (23427): onStart. calling through to onStart
I/org.umd.logging(11423): Method > 1 com.cmplay.kinfoc.report.service.KinfocReportSerivce.onStartCommand(com.cmplay.kinfoc.report.service.KinfocReportSerivce@186712511, android.content.Intent@701520209<action=start_service><data=null><package=null><component=com.turbochilli.rollingsky/com.cmplay.kinfoc.report.service.KinfocReportSerivce><type=null><filter_hashcode=877350283><table=None><umd_Intent_key=None><extra_type=None>, 0, 115)
I/org.umd.logging(23427): Method > 1 com.prime31.EtceteraPlugin.onStart()
I/org.umd.logging(11423): Method < 1 com.cmplay.kinfoc.report.service.KinfocReportSerivce.onStartCommand(1)
I/org.umd.logging(23427): Method < 1 com.prime31.EtceteraPlugin.onStart()
I/org.umd.logging(23427): Method < 1 com.prime31.UnityPlayerNativeActivity.onStart()
I/org.umd.logging(23427): Method > 1 com.turbochilli.rollingsky.ad.a.b.onStart(com.turbochilli.rollingsky.ad.b.d.a@200225530, com.turbochilli.rollingsky.AppActivity@1062395421)
I/org.umd.logging(23427): Method < 1 com.turbochilli.rollingsky.ad.a.b.onStart()
I/org.umd.logging(23427): Method > 1 com.turbochilli.rollingsky.ad.b.b.a.onStart(com.turbochilli.rollingsky.ad.b.b.a@960105607, com.turbochilli.rollingsky.AppActivity@1062395421)
I/org.umd.logging(23427): Method > 1 com.chartboost.sdk.Chartboost.onStart(com.turbochilli.rollingsky.AppActivity@1062395421<activity=true>)
I/org.umd.logging(23427): Method > 1 com.chartboost.sdk.Chartboost$30.run(com.chartboost.sdk.Chartboost$30@646039086)
W/ActivityManager(  591): getRunningAppProcesses: caller 10242 does not hold REAL_GET_TASKS; limiting output
I/org.umd.logging(23427): Api > 1 java.lang.Thread.start(com.chartboost.sdk.impl.c@89125774<thread=3518>)
I/org.umd.logging(23427): Api < 1 java.lang.Thread.start()
I/org.umd.logging(23427): Api > 1 java.lang.Thread.start(com.chartboost.sdk.impl.g@219424687<thread=3519>)
I/org.umd.logging(23427): Api < 1 java.lang.Thread.start()
I/org.umd.logging(23427): Api > 1 java.lang.Thread.start(com.chartboost.sdk.impl.g@369518524<thread=3520>)
I/org.umd.logging(23427): Api < 1 java.lang.Thread.start()
I/org.umd.logging(23427): Method > 3518 com.chartboost.sdk.impl.c.run(com.chartboost.sdk.impl.c@89125774<thread=3518>)
I/org.umd.logging(23427): Api > 1 java.lang.Thread.start(com.chartboost.sdk.impl.g@196977477<thread=3521>)
I/org.umd.logging(23427): Api < 1 java.lang.Thread.start()
I/org.umd.logging(23427): Method > 3519 com.chartboost.sdk.impl.g.run(com.chartboost.sdk.impl.g@219424687<thread=3519>)
I/org.umd.logging(23427): Api > 1 java.lang.Thread.start(com.chartboost.sdk.impl.g@333167258<thread=3522>)
I/org.umd.logging(23427): Api < 1 java.lang.Thread.start()
I/org.umd.logging(23427): Method > 3520 com.chartboost.sdk.impl.g.run(com.chartboost.sdk.impl.g@369518524<thread=3520>)
I/org.umd.logging(23427): Api > 1 android.os.CountDownTimer.start(com.chartboost.sdk.impl.az$1@816858024)
I/org.umd.logging(23427): Api < 1 android.os.CountDownTimer.start(com.chartboost.sdk.impl.az$1@816858024)
I/org.umd.logging(23427): Method < 1 com.chartboost.sdk.Chartboost$30.run()
I/org.umd.logging(23427): Method < 1 com.chartboost.sdk.Chartboost.onStart()
I/org.umd.logging(23427): Method < 1 com.turbochilli.rollingsky.ad.b.b.a.onStart()
I/org.umd.logging(23427): Method > 1 com.turbochilli.rollingsky.ad.a.b.onStart(com.turbochilli.rollingsky.ad.interstitial.admob.AdmobAds@677948021, com.turbochilli.rollingsky.AppActivity@1062395421)
I/org.umd.logging(23427): Method < 1 com.turbochilli.rollingsky.ad.a.b.onStart()
I/org.umd.logging(23427): Method > 1 com.turbochilli.rollingsky.ad.a.b.onStart(com.turbochilli.rollingsky.ad.b.c.a@547210627, com.turbochilli.rollingsky.AppActivity@1062395421)
I/org.umd.logging(23427): Method < 1 com.turbochilli.rollingsky.ad.a.b.onStart()
I/org.umd.logging(23427): Method < 1 com.turbochilli.rollingsky.AppActivity.onStart()
I/org.umd.logging(23427): Method > 1 com.turbochilli.rollingsky.AppActivity.onResume(com.turbochilli.rollingsky.AppActivity@1062395421<activity=true>)
I/org.umd.logging(23427): Method > 1 com.prime31.UnityPlayerNativeActivity.onResume(com.turbochilli.rollingsky.AppActivity@1062395421<activity=true>)
I/org.umd.logging(23427): Method > 1 com.unity3d.player.UnityPlayerNativeActivity.onResume(com.turbochilli.rollingsky.AppActivity@1062395421<activity=true>)
I/org.umd.logging(23427): Method > 3521 com.chartboost.sdk.impl.g.run(com.chartboost.sdk.impl.g@196977477<thread=3521>)
I/org.umd.logging(23427): Method > 1 com.unity3d.player.UnityPlayerActivity.onResume(com.turbochilli.rollingsky.AppActivity@1062395421<activity=true>)
I/org.umd.logging(23427): Method < 1 com.unity3d.player.UnityPlayerActivity.onResume()
I/org.umd.logging(23427): Method > 3522 com.chartboost.sdk.impl.g.run(com.chartboost.sdk.impl.g@333167258<thread=3522>)
I/org.umd.logging(23427): Method < 1 com.unity3d.player.UnityPlayerNativeActivity.onResume()
I/org.umd.logging(23427): Method > 1 com.prime31.PlayGameServicesPlugin.onResume()
I/Prime31-TBMP(23427): wiring up OnTurnBasedMatchUpdateReceivedListener
I/org.umd.logging(23427): Method > 1 com.prime31.EtceteraPlugin.onResume()
I/org.umd.logging(23427): Method < 1 com.prime31.EtceteraPlugin.onResume()
I/org.umd.logging(23427): Method < 1 com.prime31.UnityPlayerNativeActivity.onResume()
I/AppsFlyer_3.0(23427): onActivityResume called
I/org.umd.logging(23427): Method > 3441 com.facebook.i$4.run(com.facebook.i$4@240868775)
I/org.umd.logging(23427): Method > 3445 com.facebook.a.e$1.run(com.facebook.a.e$1@1062860285)
I/org.umd.logging(23427): Method > 1 com.turbochilli.rollingsky.ad.b.d.a.onResume(com.turbochilli.rollingsky.ad.b.d.a@200225530, com.turbochilli.rollingsky.AppActivity@1062395421)
I/org.umd.logging(23427): Method < 1 com.turbochilli.rollingsky.ad.b.d.a.onResume()
I/org.umd.logging(23427): Method > 1 com.turbochilli.rollingsky.ad.b.b.a.onResume(com.turbochilli.rollingsky.ad.b.b.a@960105607, com.turbochilli.rollingsky.AppActivity@1062395421)
I/org.umd.logging(23427): Method > 1 com.chartboost.sdk.Chartboost.onResume(com.turbochilli.rollingsky.AppActivity@1062395421<activity=true>)
I/org.umd.logging(23427): Method > 1 com.chartboost.sdk.Chartboost$33.run(com.chartboost.sdk.Chartboost$33@299248963)
I/org.umd.logging(23427): Method < 1 com.chartboost.sdk.Chartboost$33.run()
I/org.umd.logging(23427): Method < 1 com.chartboost.sdk.Chartboost.onResume()
I/org.umd.logging(23427): Method > 1 com.chartboost.sdk.Chartboost$5.run(com.chartboost.sdk.Chartboost$5@57075637)
I/org.umd.logging(23427): Method > 3446 com.facebook.a.c$3.run(com.facebook.a.c$3@637057264)
I/org.umd.logging(23427): Method < 3445 com.facebook.a.e$1.run()
I/org.umd.logging(23427): Method < 1 com.chartboost.sdk.Chartboost$5.run()
I/org.umd.logging(23427): Method < 1 com.turbochilli.rollingsky.ad.b.b.a.onResume()
I/org.umd.logging(23427): Method > 1 com.turbochilli.rollingsky.ad.a.b.onResume(com.turbochilli.rollingsky.ad.interstitial.admob.AdmobAds@677948021, com.turbochilli.rollingsky.AppActivity@1062395421)
I/org.umd.logging(23427): Method < 1 com.turbochilli.rollingsky.ad.a.b.onResume()
I/org.umd.logging(23427): Method > 1 com.turbochilli.rollingsky.ad.b.c.a.onResume(com.turbochilli.rollingsky.ad.b.c.a@547210627, com.turbochilli.rollingsky.AppActivity@1062395421)
I/org.umd.logging(23427): Method < 1 com.turbochilli.rollingsky.ad.b.c.a.onResume()
I/org.umd.logging(23427): Api > 1 android.net.ConnectivityManager.getActiveNetworkInfo(android.net.ConnectivityManager@803517154)
I/org.umd.logging(23427): Api < 1 android.net.ConnectivityManager.getActiveNetworkInfo(android.net.NetworkInfo@976146347)
I/org.umd.logging(23427): Api > 1 android.net.ConnectivityManager.getActiveNetworkInfo(android.net.ConnectivityManager@803517154)
I/org.umd.logging(23427): Api < 1 android.net.ConnectivityManager.getActiveNetworkInfo(android.net.NetworkInfo@309769736)
I/org.umd.logging(23427): Method < 1 com.turbochilli.rollingsky.AppActivity.onResume()
I/org.umd.logging(23427): Api > 3517 android.content.Context.startService(com.turbochilli.rollingsky.GameApp@724061, android.content.Intent@439493025<action=start_service><data=null><package=null><component=com.turbochilli.rollingsky/com.cmplay.kinfoc.report.service.KinfocReportSerivce><type=null><filter_hashcode=877350283><table=None><umd_Intent_key=None><extra_type=None>)
I/org.umd.logging(23427): Api < 3517 android.content.Context.startService()
D/OpenGLRenderer(23427): Use EGL_SWAP_BEHAVIOR_PRESERVED: true
I/org.umd.logging(11423): Method > 1 com.cmplay.kinfoc.report.service.KinfocReportSerivce.onStartCommand(com.cmplay.kinfoc.report.service.KinfocReportSerivce@186712511, android.content.Intent@781378998<action=start_service><data=null><package=null><component=com.turbochilli.rollingsky/com.cmplay.kinfoc.report.service.KinfocReportSerivce><type=null><filter_hashcode=877350283><table=None><umd_Intent_key=None><extra_type=None>, 0, 116)
I/org.umd.logging(11423): Method < 1 com.cmplay.kinfoc.report.service.KinfocReportSerivce.onStartCommand(1)
D/Atlas   (23427): Validating map...
V/WindowManager(  591): Adding window Window{173f0ca u0 com.turbochilli.rollingsky/com.turbochilli.rollingsky.AppActivity} at 3 of 10 (before Window{dad765a u0 Starting com.turbochilli.rollingsky})
I/org.umd.logging(23427): Method > 1 com.ijinshan.cloudconfig.deepcloudconfig.CloudDataChangeReceiver.onReceive(com.ijinshan.cloudconfig.deepcloudconfig.CloudDataChangeReceiver@807326945, com.turbochilli.rollingsky.GameApp@724061, android.content.Intent@76069767<action=com.ijinshan.krcmd.deepcloudconfig.CloudDataChangeReceiver.datachange><data=null><package=com.turbochilli.rollingsky><component=null><type=null><filter_hashcode=858946709><umd_Intent_key=None>)
I/org.umd.logging(23427): Method < 1 com.ijinshan.cloudconfig.deepcloudconfig.CloudDataChangeReceiver.onReceive()
I/org.umd.logging(23427): Method > 1 com.cmplay.internalpush.CloudUpdateReceiver.onReceive(com.cmplay.internalpush.CloudUpdateReceiver@688087558, com.turbochilli.rollingsky.GameApp@724061, android.content.Intent@707671773<action=com.cmplay.activesdk.cloud_cfg.update><data=null><package=com.turbochilli.rollingsky><component=null><type=null><filter_hashcode=111047790><umd_Intent_key=None>)
I/org.umd.logging(23427): Method < 1 com.cmplay.internalpush.CloudUpdateReceiver.onReceive()
I/org.umd.logging(23427): Method > 3449 com.cmplay.internalpush.b.a.b$1.run(com.cmplay.internalpush.b.a.b$1@531335459)
I/org.umd.logging(23427): Method > 1 com.turbochilli.rollingsky.cloud.CloudUpdateReceiver.onReceive(com.turbochilli.rollingsky.cloud.CloudUpdateReceiver@351453383, com.turbochilli.rollingsky.GameApp@724061, android.content.Intent@266101721<action=com.cmplay.activesdk.cloud_cfg.update><data=null><package=com.turbochilli.rollingsky><component=null><type=null><filter_hashcode=111047790><umd_Intent_key=None>)
I/org.umd.logging(23427): Api > 3449 android.content.ContentResolver.insert(android.app.ContextImpl$ApplicationContentResolver@357642656, android.net.Uri$StringUri@178492543<URI=content://com.turbochilli.rollingsky.internalpush_provider>, android.content.ContentValues@941562956)
I/org.umd.logging(23427): Api > 1 android.content.ContentResolver.insert(android.app.ContextImpl$ApplicationContentResolver@357642656, android.net.Uri$StringUri@352173567<URI=content://com.turbochilli.rollingsky.ipc_provider>, android.content.ContentValues@245785749)
I/org.umd.logging(23427): Api < 1 android.content.ContentResolver.insert(android.net.Uri$StringUri@1055324571<URI=content://com.turbochilli.rollingsky.ipc_provider/{
I/org.umd.logging(23427):     "data": [
I/org.umd.logging(23427):         {
I/org.umd.logging(23427):             "show_times": 0,
I/org.umd.logging(23427):             "video_width": 1280,
I/org.umd.logging(23427):             "video_height": 720,
I/org.umd.logging(23427):             "pro_name": "pt2",
I/org.umd.logging(23427):             "pro_id": 1207171,
I/org.umd.logging(23427):             "pro_priority": 8,
I/org.umd.logging(23427):             "rotation_times": 1,
I/org.umd.logging(23427):             "video_url": "http://dl.cm.ksmobile.com/static/res/49/a0/120716ko.mp4",
I/org.umd.logging(23427):             "icon_url": "http://dl.cm.ksmobile.com/static/res/62/98/240x240icon.png",
I/org.umd.logging(23427):             "title": "Piano Tiles 2", 
I/org.umd.logging(23427):             "subtitle": "Try now", 
I/org.umd.logging(23427):             "comment_star": "4.5",
I/org.umd.logging(23427):             "downloads": "3000",
I/org.umd.logging(23427):             "bg_img": "http://dl.cm.ksmobile.com/static/res/ce/0f/1207161en.jpg
I/org.umd.logging(23427): ",
I/org.umd.logging(23427):             "pkg_name": "com.cmplay.tiles2",
I/org.umd.logging(23427):             "jump_url": "https://play.google.com/store/apps/details?id=com.cmplay.tiles2&referrer=utm_source%3Dvideo_sdk12071",
I/org.umd.logging(23427): 			"display_type": 2,
I/org.umd.logging(23427):             "jump_type": 1
I/org.umd.logging(23427):         },
I/org.umd.logging(23427):         {
I/org.umd.logging(23427):             "show_times": 0,
I/org.umd.logging(23427):             "pro_name": "pt22",
I/org.umd.logging(23427):             "pro_id": 201,
I/org.umd.logging(23427):             "video_width": 1920,
I/org.umd.logging(23427):             "video_height": 1080,
I/org.umd.logging(23427):             "pro_priority": 5,
I/org.umd.logging(23427):             "rotation_times": 1,
I/org.umd.logging(23427):             "click_dis": false,
I/org.umd.logging(23427):             "video_url": "http://dl.cm.ksmobile.com/static/res/2d/67/pt22.mp4",
I/org.umd.logging(23427):              "title": "Piano Tiles 2",
I/org.umd.logging(23427):             "subtitle": "Try", 
I/org.umd.logging(23427):             "comment_star": "4.5",
I/org.umd.logging(23427):             "downloads": "3000",
I/org.umd.logging(23427):             "icon_url": "http://dl.cm.ksmobile.com/static/res/12/46/icon240.png",
I/org.umd.logging(23427):             "bg_img": "http://dl.cm.ksmobile.com/static/res/28/23/en.jpg",
I/org.umd.logging(23427):             "pkg_name": "com.cmplay.tiles2",
I/org.umd.logging(23427):             "jump_url": "https://play.google.com/store/apps/details?id=com.cmplay.tiles2&referrer=utm_source%3Dvideo_sdk1207",
I/org.umd.logging(23427): 			"display_type": 2,
I/org.umd.logging(23427):             "jump_type": 1
I/org.umd.logging(23427):         },
I/org.umd.logging(23427):         {
I/org.umd.logging(23427):             "show_times": 0,
I/org.umd.logging(23427):             "pro_name": "abyss",
I/org.umd.logging(23427):             "pro_id": 350,
I/org.umd.logging(23427):             "video_width": 408,
I/org.umd.logging(23427):             "video_height": 720,
I/org.umd.logging(23427):             "pro_priority": 4,
I/org.umd.logging(23427):             "rotation_times": 1,
I/org.umd.logging(23427):             "click_dis": false,
I/org.umd.logging(23427):             "video_url": "http://dl.cm.ksmobile.com/static/res/58/60/abyss.mp4",
I/org.umd.logging(23427):             "title": "AbyssRium",
I/org.umd.logging(23427):             "subtitle": "Try",
I/org.umd.logging(23427):             "comment_star": "4",
I/org.umd.logging(23427):             "downloads": "1500",
I/org.umd.logging(23427):             "icon_url": "http://dl.cm.ksmobile.com/static/res/2c/07/240x240.png",
I/org.umd.logging(23427):             "bg_img": "http://dl.cm.ksmobile.com/static/res/3b/f2/108010803.jpg",
I/org.umd.logging(23427):             "pkg_name": "com.idleif.abyssrium",
I/org.umd.logging(23427):             "jump_url": "https://play.google.com/store/apps/details?id=com.idleif.abyssrium&referrer=utm_source=rsads04",
I/org.umd.logging(23427):             "display_type": 2,
I/org.umd.logging(23427):             "jump_type": 1
I/org.umd.logging(23427):         },
I/org.umd.logging(23427):         {
I/org.umd.logging(23427):             "show_times": 0,
I/org.umd.logging(23427):             "pro_name": "ttd",
I/org.umd.logging(23427):             "pro_id": 301,
I/org.umd.logging(23427):             "video_width": 406,
I/org.umd.logging(23427):             "video_height": 720,
I/org.umd.logging(23427):             "pro_priority": 11,
I/org.umd.logging(23427):             "rotation_times": 1,
I/org.umd.logging(23427):             "click_dis": false,
I/org.umd.logging(23427):             "video_url": "http://dl.cm.ksmobile.com/static/res/40/aa/taptapdash.mp4",
I/org.umd.logging(23427):              "title": "Tap Tap Dash",
I/org.umd.logging(23427):             "subtitle": "Try", 
I/org.umd.logging(23427):             "comment_star": "4",
I/org.umd.logging(23427):             "downloads": "1500",
I/org.umd.logging(23427):             "icon_url": "http://dl.cm.ksmobile.com/static/res/c6/02/240240.png",
I/org.umd.logging(23427):             "bg_img": "http://dl.cm.ksmobile.com/static/res/e5/d4/en10801080.png",
I/org.umd.logging(23427):             "pkg_name": "com.secondarm.taptapdash",
I/org.umd.logging(23427):             "jump_url": "https://play.google.com/store/apps/details?id=com.secondarm.taptapdash&referrer=utm_source%3Drsad1013",
I/org.umd.logging(23427):             "display_type": 2,
I/org.umd.logging(23427):             "jump_type": 1
I/org.umd.logging(23427):         }
I/org.umd.logging(23427):     ]
I/org.umd.logging(23427): }>)
I/org.umd.logging(23427): Api < 3449 android.content.ContentResolver.insert(android.net.Uri$StringUri@289911096<URI=content://com.turbochilli.rollingsky.internalpush_provider/>)
I/org.umd.logging(23427): Api > 3449 android.content.ContentResolver.insert(android.app.ContextImpl$ApplicationContentResolver@357642656, android.net.Uri$StringUri@178492543<URI=content://com.turbochilli.rollingsky.internalpush_provider>, android.content.ContentValues@1020638481)
I/org.umd.logging(23427): Api < 3449 android.content.ContentResolver.insert(android.net.Uri$StringUri@542078582<URI=content://com.turbochilli.rollingsky.internalpush_provider/>)
W/System.err(23427): java.io.FileNotFoundException: innerpush/cmp_video_distribution.json
I/org.umd.logging(23427): Api > 3449 android.content.ContentResolver.insert(android.app.ContextImpl$ApplicationContentResolver@357642656, android.net.Uri$StringUri@178492543<URI=content://com.turbochilli.rollingsky.internalpush_provider>, android.content.ContentValues@221353079)
I/org.umd.logging(23427): Api < 3449 android.content.ContentResolver.insert(android.net.Uri$StringUri@73574628<URI=content://com.turbochilli.rollingsky.internalpush_provider/>)
W/System.err(23427): 	at android.content.res.AssetManager.openAsset(Native Method)
W/System.err(23427): 	at android.content.res.AssetManager.open(AssetManager.java:313)
W/System.err(23427): 	at android.content.res.AssetManager.open(AssetManager.java:287)
W/System.err(23427): 	at com.a.a.a.d.d.c(Unknown Source)
W/System.err(23427): 	at com.cmplay.libinnerpushvideo.data.d.a(ParseCloudDataBase.java)
W/System.err(23427): 	at com.cmplay.libinnerpushvideo.data.ParseCloudDataVideo.a(ParseCloudDataVideo.java)
W/System.err(23427): 	at com.cmplay.libinnerpushvideo.video.d.a(InnerPushVideoManager.java)
W/System.err(23427): 	at com.turbochilli.rollingsky.cloud.CloudUpdateReceiver.onReceive(CloudUpdateReceiver.java)
W/System.err(23427): 	at android.app.LoadedApk$ReceiverDispatcher$Args.run(LoadedApk.java:866)
W/System.err(23427): 	at android.os.Handler.handleCallback(Handler.java:739)
W/System.err(23427): 	at android.os.Handler.dispatchMessage(Handler.java:95)
W/System.err(23427): 	at android.os.Looper.loop(Looper.java:135)
W/System.err(23427): 	at android.app.ActivityThread.main(ActivityThread.java:5254)
W/System.err(23427): 	at java.lang.reflect.Method.invoke(Native Method)
W/System.err(23427): 	at java.lang.reflect.Method.invoke(Method.java:372)
W/System.err(23427): 	at com.android.internal.os.ZygoteInit$MethodAndArgsCaller.run(ZygoteInit.java:903)
W/System.err(23427): 	at com.android.internal.os.ZygoteInit.main(ZygoteInit.java:698)
I/org.umd.logging(23427): Method > 3514 com.cmplay.libinnerpushvideo.data.ParseCloudDataVideo$1.run(com.cmplay.libinnerpushvideo.data.ParseCloudDataVideo$1@573867010)
I/org.umd.logging(23427): Method < 3514 com.cmplay.libinnerpushvideo.data.ParseCloudDataVideo$1.run()
I/org.umd.logging(23427): Api > 1 android.net.ConnectivityManager.getActiveNetworkInfo(android.net.ConnectivityManager@803517154)
I/org.umd.logging(23427): Api < 1 android.net.ConnectivityManager.getActiveNetworkInfo(android.net.NetworkInfo@740360467)
I/org.umd.logging(23427): Api > 1 android.net.ConnectivityManager.getActiveNetworkInfo(android.net.ConnectivityManager@803517154)
I/org.umd.logging(23427): Api < 1 android.net.ConnectivityManager.getActiveNetworkInfo(android.net.NetworkInfo@1273680)
I/org.umd.logging(23427): Api > 1 android.content.Context.startService(com.turbochilli.rollingsky.GameApp@724061, android.content.Intent@470873417<action=null><data=null><package=null><component=com.turbochilli.rollingsky/.commons.RollingSkyService><type=null><filter_hashcode=958551757><report_str_params=None><report_key_table_name=None><report_is_force=None><umd_Intent_key=None><command_start_key=None>)
I/org.umd.logging(23427): Api < 1 android.content.Context.startService()
I/org.umd.logging(23427): Method < 1 com.turbochilli.rollingsky.cloud.CloudUpdateReceiver.onReceive()
I/org.umd.logging(11423): Method > 1 com.turbochilli.rollingsky.commons.RollingSkyService.onStartCommand(com.turbochilli.rollingsky.commons.RollingSkyService@351453383, android.content.Intent@927822519<action=null><data=null><package=null><component=com.turbochilli.rollingsky/.commons.RollingSkyService><type=null><filter_hashcode=958551757><report_str_params=None><report_key_table_name=None><report_is_force=None><umd_Intent_key=None><command_start_key=None>, 0, 60)
I/org.umd.logging(11423): Method < 1 com.turbochilli.rollingsky.commons.RollingSkyService.onStartCommand(1)
I/org.umd.logging(11423): Method > 1244 com.turbochilli.rollingsky.util.f.run(com.turbochilli.rollingsky.util.f@360172068)
I/org.umd.logging(11423): Method < 1244 com.turbochilli.rollingsky.util.f.run()
I/org.umd.logging(11423): Api > 1246 android.content.Context.startService(com.turbochilli.rollingsky.GameApp@357642656, android.content.Intent@527448461<action=start_service><data=null><package=null><component=com.turbochilli.rollingsky/com.cmplay.kinfoc.report.service.KinfocReportSerivce><type=null><filter_hashcode=877350283><table=None><umd_Intent_key=None><extra_type=None>)
I/org.umd.logging(11423): Api < 1246 android.content.Context.startService()
I/org.umd.logging(11423): Method > 1 com.cmplay.kinfoc.report.service.KinfocReportSerivce.onStartCommand(com.cmplay.kinfoc.report.service.KinfocReportSerivce@186712511, android.content.Intent@610248514<action=start_service><data=null><package=null><component=com.turbochilli.rollingsky/com.cmplay.kinfoc.report.service.KinfocReportSerivce><type=null><filter_hashcode=877350283><table=None><umd_Intent_key=None><extra_type=None>, 0, 117)
I/org.umd.logging(11423): Method < 1 com.cmplay.kinfoc.report.service.KinfocReportSerivce.onStartCommand(1)
I/org.umd.logging(23427): Api > 3457 android.net.ConnectivityManager.getActiveNetworkInfo(android.net.ConnectivityManager@803517154)
I/org.umd.logging(23427): Api < 3457 android.net.ConnectivityManager.getActiveNetworkInfo(android.net.NetworkInfo@493542990)
I/AppsFlyer_3.0(23427): AppsFlyer: first launch date: 2016-12-06_0313-0500
I/System.out(23427): AppsFlyerLib.sendTrackingWithEvent
D/ConnectivityService(  591): listenForNetwork for NetworkRequest [ id=136, legacyType=-1, [ Capabilities: INTERNET&NOT_RESTRICTED&TRUSTED] ]
D/ConnectivityService(  591): handleRegisterNetworkRequest checking NetworkAgentInfo [WIFI () - 102]
D/ConnectivityService(  591): apparently satisfied.  currentScore=60
D/ConnectivityManager.CallbackHandler(23427): CM callback handler got msg 524290
I/org.umd.logging(23427): Method > 1 com.mobvista.msdk.mvnative.c.b$4$1.run(com.mobvista.msdk.mvnative.c.b$4$1@988454149)
I/org.umd.logging(23427): Api > 3457 android.net.ConnectivityManager.getActiveNetworkInfo(android.net.ConnectivityManager@803517154)
I/org.umd.logging(23427): Method > 3469 com.chartboost.sdk.impl.az$e.run(com.chartboost.sdk.impl.az$e@129335179)
I/org.umd.logging(23427): Api < 3457 android.net.ConnectivityManager.getActiveNetworkInfo(android.net.NetworkInfo@939328641)
I/org.umd.logging(23427): Api > 3457 android.net.ConnectivityManager.getActiveNetworkInfo(android.net.ConnectivityManager@803517154)
I/org.umd.logging(23427): Api < 3457 android.net.ConnectivityManager.getActiveNetworkInfo(android.net.NetworkInfo@719350054)
I/org.umd.logging(23427): Api > 3457 android.net.ConnectivityManager.getActiveNetworkInfo(android.net.ConnectivityManager@803517154)
I/org.umd.logging(23427): Api < 3457 android.net.ConnectivityManager.getActiveNetworkInfo(android.net.NetworkInfo@452626791)
I/org.umd.logging(23427): Api > 3457 android.net.ConnectivityManager.getActiveNetworkInfo(android.net.ConnectivityManager@803517154)
I/org.umd.logging(23427): Api > 3469 android.net.wifi.WifiManager.getConnectionInfo(android.net.wifi.WifiManager@477390781)
I/org.umd.logging(23427): Api < 3457 android.net.ConnectivityManager.getActiveNetworkInfo(android.net.NetworkInfo@240775602)
I/org.umd.logging(23427): Api > 3480 android.telephony.TelephonyManager.getDeviceId(android.telephony.TelephonyManager@684280960)
I/UnityAds(23427): com.unity3d.ads.android.webapp.UnityAdsWebData.initCampaigns() (line:-1) :: Requesting Unity Ads ad plan from https://impact.applifier.com/mobile/campaigns?platform=android&trackingEnabled=1&advertisingTrackingId=7301a265623e38c1cf6f1c2529f1e785&rawAdvertisingTrackingId=229d4aea-d76e-47c3-ad88-1eafdf3529f0&gameId=112146&sdkVersion=1506&softwareVersion=22&hardwareVersion=LGE+Nexus+4&deviceType=268435538&connectionType=wifi&screenSize=268435538&screenDensity=320&encrypted=true
I/org.umd.logging(23427): Api > 3480 android.net.wifi.WifiManager.getConnectionInfo(android.net.wifi.WifiManager@477390781)
I/org.umd.logging(23427): Api < 3480 android.net.wifi.WifiManager.getConnectionInfo(android.net.wifi.WifiInfo@259094270)
I/org.umd.logging(23427): Method > 3457 com.unity3d.ads.android.UnityAdsUtils.runOnUiThread(com.unity3d.ads.android.webapp.UnityAdsWebData$UnityAdsUrlLoaderCreator@867610796)
I/org.umd.logging(23427): Method > 3457 com.unity3d.ads.android.UnityAdsUtils.runOnUiThread(com.unity3d.ads.android.webapp.UnityAdsWebData$UnityAdsUrlLoaderCreator@867610796, 0, null)
I/org.umd.logging(23427): Api < 3469 android.net.wifi.WifiManager.getConnectionInfo(android.net.wifi.WifiInfo@1067831669)
I/AppsFlyer_3.0-213807348(23427): url: https://t.appsflyer.com/api/v3/androidevent?buildnumber=3.0&app_id=com.turbochilli.rollingsky
I/AppsFlyer_(23427): data: device=mako&firstLaunchDate=2016-12-06_0313-0500&installDate=2016-12-06_0312-0500&sdk=22&carrier=&date1=2016-12-06_0312-0500&af_preinstalled=false&advertiserIdEnabled=true&iaecounter=3&lang_code=en&appsflyerKey=JS****************D2nb&app_version_name=1.3.6.1&lang=English&timepassedsincelastlaunch=158409&currency=CNY&dkh=JS4D7K6o&android_id=d7a6658b0c374c37&advertiserId=229d4aea-d76e-47c3-ad88-1eafdf3529f0&deviceType=user&af_v=50fa6fd0257b74ffdba7c1624e6c815f87261c36&app_version_code=10100045&platformextension=android_unity&network=WIFI&operator=&country=US&date2=2016-12-06_0312-0500&brand=google&af_timestamp=1481213807348&uid=1481055149034-6148206745541362123&isFirstCall=false&counter=4&model=Nexus+4&product=occam
I/org.umd.logging(23427): Method < 3457 com.unity3d.ads.android.UnityAdsUtils.runOnUiThread()
I/org.umd.logging(23427): Method < 3457 com.unity3d.ads.android.UnityAdsUtils.runOnUiThread()
I/org.umd.logging(23427): Method < 3457 com.unity3d.ads.android.UnityAds$2.run()
I/org.umd.logging(23427): Method < 3469 com.chartboost.sdk.impl.az$e.run()
I/org.umd.logging(23427): Method > 3469 com.chartboost.sdk.impl.az$e.run(com.chartboost.sdk.impl.az$e@859057048)
I/org.umd.logging(23427): Method < 3469 com.chartboost.sdk.impl.az$e.run()
I/org.umd.logging(23427): Method < 3469 com.chartboost.sdk.Libraries.c$1.run()
I/org.umd.logging(23427): Api > 3520 java.net.URL.openConnection(java.net.URL@1017866198<URL=https://live.chartboost.com/reward/get>)
I/org.umd.logging(23427): Api > 3519 java.net.URL.openConnection(java.net.URL@874682967<URL=https://live.chartboost.com/api/config>)
I/org.umd.logging(23427): Api < 3519 java.net.URL.openConnection(com.android.okhttp.internal.http.HttpsURLConnectionImpl@873228612)
I/org.umd.logging(23427): Api < 3520 java.net.URL.openConnection(com.android.okhttp.internal.http.HttpsURLConnectionImpl@536066605)
I/b       (23427): START LOAD MV MVNATIVE
D/MD5     (23427): 29629453be707068939dc327bcdd597191d39
E/b       (23427): nativeinfo[{"id":2,"ad_num":10}]
I/org.umd.logging(23427): Api > 1 android.net.ConnectivityManager.getActiveNetworkInfo(android.net.ConnectivityManager@803517154)
I/org.umd.logging(23427): Api < 1 android.net.ConnectivityManager.getActiveNetworkInfo(android.net.NetworkInfo@156117858)
I/org.umd.logging(23427): Api > 1 android.net.ConnectivityManager.getActiveNetworkInfo(android.net.ConnectivityManager@803517154)
I/org.umd.logging(23427): Api < 1 android.net.ConnectivityManager.getActiveNetworkInfo(android.net.NetworkInfo@927761651)
D/BaseHttpRequest(23427): request url: http://net.rayjump.com/openapi/ad/v3
D/BaseHttpRequest(23427): request params: app_id=29629&unit_id=3444&req_type=1&only_impression=1&sign=ae01c2aa30d78836cb18bc4405456410&ad_num=10&native_info=[{"id":2,"ad_num":10}]&ping_mode=1&ttc_ids=[]&tnum=10&offset=0&ad_type=42&ad_source_id=1&platform=1&os_version=5.1.1&package_name=com.turbochilli.rollingsky&app_version_name=1.3.6.1&app_version_code=10100045&orientation=1&model=Nexus 4&brand=google&gaid=229d4aea-d76e-47c3-ad88-1eafdf3529f0&mnc=&mcc=&network_type=9&language=en&timezone=EST&useragent=Mozilla/5.0 (Linux; Android 5.1.1; Nexus 4 Build/LMY48T; wv) AppleWebKit/537.36 (KHTML, like Gecko) Version/4.0 Chrome/54.0.2840.85 Mobile Safari/537.36&sdk_version=MAL_7.6.39&gp_version=7.2.13.J-all [0] [PR] 138561921&screen_size=768x1184&dvi=4BztYrxBYFQ3+FQ3RUE0HaJtfUD2G7RMDAibf7iAfBzK
D/BaseHttpRequest(23427): request method: GET
I/org.umd.logging(23427): Api > 1 android.net.ConnectivityManager.getActiveNetworkInfo(android.net.ConnectivityManager@803517154)
I/org.umd.logging(23427): Api < 1 android.net.ConnectivityManager.getActiveNetworkInfo(android.net.NetworkInfo@587781552)
D/NetConnectManager(23427): current net connect type is wifi
I/org.umd.logging(23427): Method < 1 com.mobvista.msdk.mvnative.c.b$4$1.run()
E/b       (23427): content = {"status":1,"msg":"success","data":{"hv":[],"hl":2,"cfb":true,"cc":"US","aa":true,"jt":[{"domain":"app.appsflyer.com","format":"&android_id={android_id}&advertising_id={gaid}"},{"domain":"app.adjust.com","format":"&android_id={android_id}&gps_adid={gaid}"},{"domain":"app.adjust.io","format":"&android_id={android_id}&gps_adid={gaid}"},{"domain":"control.kochava.com","format":"&device_id={android_id}&append_app_conv_trk_params=1"},{"domain":"url.haloapps.com","format":"&d={android_id}"},{"domain":"ad.apsalar.com","format":"&andi={android_id}"},{"domain":"td.lenzmx.com","format":"&mb_devid={android_id}"},{"domain":"cd.lenzmx.com","format":"&mb_devid={android_id}"},{"domain":"rd.lenzmx.com","format":"&mb_devid={android_id}"},{"domain":"tracking.lenzmx.com","format":"&mb_devid={android_id}"},{"domain":"measurementapi.com","format":"&android_id={android_id}&google_aid={gaid}"},{"domain":"api-0","format":"&android_id={android_id}&google_aid={gaid}"},{"domain":"app-adforce","format":"&adid={gaid}"},{"domain":"lnk8.cn","format":"&androidid={android_id}&advertisingid={gaid}"},{"domain":"lnk0.com","format":"&androidid={android_id}&advertisingid={gaid}"},{"domain":"sc.adsensor.org","format":"&androidid={android_id}&advertisingid={gaid}"}],"pcto":20,"tcto":10,"pcrn":100,"uplc":1,"upmi":0,"upaid":1,"wicon":1,"wreq":2,"n2":259200,"n3":518400,"t_vba":[2,10],"jumpt":1,"opent":1,"http_type":1,"upal":86400,"cfc":1,"getpf":86400,"plct":3600,"spct":5400,"awct":5400,"uct":5400,"rurl":false,"ujds":true,"getpf_rv":43200,"ruct":5400,"sfct":1800,"plctb":7200}}
I/art     (23427): Background sticky concurrent mark sweep GC freed 33942(2MB) AllocSpace objects, 29(984KB) LOS objects, 11% free, 16MB/18MB, paused 12.665ms total 125.041ms
I/org.umd.logging(23427): Method > 3526 com.mobvista.msdk.base.b.d.a.run(com.mobvista.msdk.base.b.b.f@476552110)
D/CommonHttpRequest(23427): request is started
I/org.umd.logging(23427): Api > 3526 org.apache.http.impl.client.DefaultHttpClient.<init>(com.mobvista.msdk.base.b.b.i@2129231)
I/org.umd.logging(23427): Api < 3526 org.apache.http.impl.client.DefaultHttpClient.<init>(com.mobvista.msdk.base.b.b.i@2129231)
E/LocationUtil(23427): get location error
I/org.umd.logging(23427): Method < 3480 com.mobvista.msdk.base.c.a$1.run()
E/b       (23427): content = {"status":1,"msg":"success","data":{"hv":[],"hl":2,"cfb":true,"cc":"US","aa":true,"jt":[{"domain":"app.appsflyer.com","format":"&android_id={android_id}&advertising_id={gaid}"},{"domain":"app.adjust.com","format":"&android_id={android_id}&gps_adid={gaid}"},{"domain":"app.adjust.io","format":"&android_id={android_id}&gps_adid={gaid}"},{"domain":"control.kochava.com","format":"&device_id={android_id}&append_app_conv_trk_params=1"},{"domain":"url.haloapps.com","format":"&d={android_id}"},{"domain":"ad.apsalar.com","format":"&andi={android_id}"},{"domain":"td.lenzmx.com","format":"&mb_devid={android_id}"},{"domain":"cd.lenzmx.com","format":"&mb_devid={android_id}"},{"domain":"rd.lenzmx.com","format":"&mb_devid={android_id}"},{"domain":"tracking.lenzmx.com","format":"&mb_devid={android_id}"},{"domain":"measurementapi.com","format":"&android_id={android_id}&google_aid={gaid}"},{"domain":"api-0","format":"&android_id={android_id}&google_aid={gaid}"},{"domain":"app-adforce","format":"&adid={gaid}"},{"domain":"lnk8.cn","format":"&androidid={android_id}&advertisingid={gaid}"},{"domain":"lnk0.com","format":"&androidid={android_id}&advertisingid={gaid}"},{"domain":"sc.adsensor.org","format":"&androidid={android_id}&advertisingid={gaid}"}],"pcto":20,"tcto":10,"pcrn":100,"uplc":1,"upmi":0,"upaid":1,"wicon":1,"wreq":2,"n2":259200,"n3":518400,"t_vba":[],"jumpt":1,"opent":1,"http_type":1,"upal":86400,"cfc":1,"getpf":86400,"plct":3600,"spct":5400,"awct":5400,"uct":5400,"rurl":false,"ujds":true,"getpf_rv":43200,"ruct":5400,"sfct":1800,"plctb":7200}}
I/org.umd.logging(23427): Api > 3449 android.content.ContentResolver.insert(android.app.ContextImpl$ApplicationContentResolver@357642656, android.net.Uri$StringUri@178492543<URI=content://com.turbochilli.rollingsky.internalpush_provider>, android.content.ContentValues@378470885)
I/org.umd.logging(23427): Api < 3449 android.content.ContentResolver.insert(android.net.Uri$StringUri@160810170<URI=content://com.turbochilli.rollingsky.internalpush_provider/>)
E/b       (23427): content = {"status":1,"msg":"success","data":{"unitSetting":[{"unitId":3444,"fbPlacementId":"","adSourceList":[1],"ad_source_timeout":[5],"admobUnitId":"","myTargetSlotId":"","offset":1,"ttc_type":2,"tpqn":1,"aqn":-2,"acn":-2,"wt":5,"autoplay":1,"dlnet":1,"dlct":3600}]}}
I/org.umd.logging(23427): Method > 1 com.mobvista.msdk.mvnative.c.b$4$1.run(com.mobvista.msdk.mvnative.c.b$4$1@239825542)
I/b       (23427): START LOAD MV MVNATIVE
D/MD5     (23427): 29629453be707068939dc327bcdd597191d39
I/org.umd.logging(23427): Method < 1 com.mobvista.msdk.mvnative.c.b$4$1.run()
I/org.umd.logging(23427): Method > 1 com.mobvista.msdk.base.b.d.a.run(com.mobvista.msdk.mvnative.c.b$3@979120402)
I/org.umd.logging(23427): Method < 1 com.mobvista.msdk.base.b.d.a.run()
I/org.umd.logging(23427): Method > 1 com.mobvista.msdk.base.b.d.a.run(com.mobvista.msdk.mvnative.c.b$3@908103907)
I/org.umd.logging(23427): Method < 1 com.mobvista.msdk.base.b.d.a.run()
I/org.umd.logging(23427): Method > 1 com.chartboost.sdk.impl.ax$a.onReceive(com.chartboost.sdk.impl.ax$a@1060378505, com.turbochilli.rollingsky.GameApp@724061, android.content.Intent@335942041<action=android.net.conn.CONNECTIVITY_CHANGE><data=null><package=null><component=null><type=null><filter_hashcode=-1172645946><networkInfo=None><networkType=None><inetCondition=None><extraInfo=None><umd_Intent_key=None>)
I/org.umd.logging(23427): Api > 1 android.net.ConnectivityManager.getActiveNetworkInfo(android.net.ConnectivityManager@803517154)
I/org.umd.logging(23427): Api < 1 android.net.ConnectivityManager.getActiveNetworkInfo(android.net.NetworkInfo@354233941)
I/org.umd.logging(23427): Api > 1 android.os.CountDownTimer.start(com.chartboost.sdk.impl.az$1@206098538)
I/org.umd.logging(23427): Api < 1 android.os.CountDownTimer.start(com.chartboost.sdk.impl.az$1@206098538)
I/org.umd.logging(23427): Method < 1 com.chartboost.sdk.impl.ax$a.onReceive()
I/org.umd.logging(23427): Api > 3489 java.net.URL.openConnection(java.net.URL@108869979<URL=http://a.applovin.com/2.0/ad?accept=custom_size,launch_app,video&api_did=107dcd1331f53c4ac0&country_code=&size=INTER&carrier=&preloading=true&idfa=229d4aea-d76e-47c3-ad88-1eafdf3529f0&wvvc=284008500&dy=1184&format=json&orientation_lock=portrait&require=REGULAR&sdk_key=UdAAPq-zrVhcaaKovlmPEn8qXmrUnzGFbRP_FOz5uehTE0G7l0X-nfpJPepBc3QCVrClEAr7qWa2XsAHshGdM4&v1=true&si=0&dnt=false&dx=768&locale=en_US&revision=mako&ia=1481055145000&li=0&os=5.1.1&tz_offset=-5.0&network=wifi&platform=android&app_version=1.3.6.1&brand=LGE&sdk_version=6.3.2&v2=true&vz=07af5c9721a1f790&model=Nexus+4>)
I/org.umd.logging(23427): Api < 3489 java.net.URL.openConnection(com.android.okhttp.internal.http.HttpURLConnectionImpl@890997046)
I/org.umd.logging(23427): Method < 3446 com.facebook.a.c$3.run()
I/org.umd.logging(23427): Api > 3449 android.content.ContentResolver.insert(android.app.ContextImpl$ApplicationContentResolver@357642656, android.net.Uri$StringUri@178492543<URI=content://com.turbochilli.rollingsky.internalpush_provider>, android.content.ContentValues@374083639)
I/org.umd.logging(23427): Api < 3449 android.content.ContentResolver.insert(android.net.Uri$StringUri@752736676<URI=content://com.turbochilli.rollingsky.internalpush_provider/>)
I/OpenGLRenderer(23427): Initialized EGL, version 1.4
I/org.umd.logging(23427): Method < 3490 com.applovin.impl.sdk.cn.run()
D/OpenGLRenderer(23427): Enabling debug mode 0
I/org.umd.logging(23427): Api > 3526 android.net.ConnectivityManager.getActiveNetworkInfo(android.net.ConnectivityManager@803517154)
I/org.umd.logging(23427): Api < 3526 android.net.ConnectivityManager.getActiveNetworkInfo(android.net.NetworkInfo@281508051)
D/CommonHttpRequest(23427): request status code 200
I/org.umd.logging(23427): Method > 3530 com.applovin.impl.sdk.cz.run(com.applovin.impl.sdk.cz@837872656)
I/org.umd.logging(23427): Method > 3530 com.applovin.impl.sdk.cp.run(com.applovin.impl.sdk.cp@1070500110)
I/org.umd.logging(23427): Method > 3530 com.applovin.impl.sdk.dc.run(com.applovin.impl.sdk.cq@350271804)
I/org.umd.logging(23427): Api > 3530 java.net.URL.openConnection(java.net.URL@478631621<URL=http://rt.applovin.com/pix?event=landing&ts=1481213808291&platform=Android&model=Nexus%204&package_name=com.turbochilli.rollingsky&sdk_key=UdAAPq-zrVhcaaKovlmPEn8qXmrUnzGFbRP_FOz5uehTE0G7l0X-nfpJPepBc3QCVrClEAr7qWa2XsAHshGdM4&idfa=229d4aea-d76e-47c3-ad88-1eafdf3529f0&dnt=false&ia=1481055145000&api_did=107dcd1331f53c4ac0&brand=LGE&model=Nexus%204&revision=mako&sdk_version=6.3.2&os=5.1.1&orientation_lock=portrait&app_version=1.3.6.1&country_code=null&carrier=null&tz_offset=-5.0&postback_ts=1481213809419>)
I/org.umd.logging(23427): Api < 3530 java.net.URL.openConnection(com.android.okhttp.internal.http.HttpURLConnectionImpl@57550874)
I/org.umd.logging(23427): Api > 3489 android.net.ConnectivityManager.getActiveNetworkInfo(android.net.ConnectivityManager@803517154)
I/org.umd.logging(23427): Api < 3489 android.net.ConnectivityManager.getActiveNetworkInfo(android.net.NetworkInfo@607858507)
I/org.umd.logging(23427): Method < 3489 com.applovin.impl.sdk.dc.run()
I/org.umd.logging(23427): Method < 3489 com.applovin.impl.sdk.cr.run()
I/org.umd.logging(23427): Api > 3489 android.net.ConnectivityManager.getActiveNetworkInfo(android.net.ConnectivityManager@803517154)
I/org.umd.logging(23427): Api < 3489 android.net.ConnectivityManager.getActiveNetworkInfo(android.net.NetworkInfo@345910568)
V/WindowManager(  591): Adding window Window{89dbdb3 u0 SurfaceView} at 3 of 11 (before Window{173f0ca u0 com.turbochilli.rollingsky/com.turbochilli.rollingsky.AppActivity})
D/CommonHttpRequest(23427): request is finished
I/org.umd.logging(23427): Method < 3526 com.mobvista.msdk.base.b.d.a.run()
I/org.umd.logging(23427): Api > 3530 android.net.ConnectivityManager.getActiveNetworkInfo(android.net.ConnectivityManager@803517154)
I/org.umd.logging(23427): Api < 3530 android.net.ConnectivityManager.getActiveNetworkInfo(android.net.NetworkInfo@235641409)
