--------- beginning of main
I/DownloadManagerWrapper(  985): onReceive() : Charging = true
--------- beginning of system
I/ActivityManager(  591): START u0 {act=android.intent.action.MAIN cat=[android.intent.category.LAUNCHER] flg=0x10200000 cmp=com.miniclip.archery/com.simple.customactivity.CustomActivity (has extras)} from uid 10014 on display 0
V/WindowManager(  591): addAppToken: AppWindowToken{ace9e45 token=Token{31226ebc ActivityRecord{88feaaf u0 com.miniclip.archery/com.simple.customactivity.CustomActivity t93}}} to stack=1 task=93 at 0
V/WindowManager(  591): Adding window Window{3d4fd954 u0 Starting com.miniclip.archery} at 3 of 9 (after Window{23fbe5b3 u0 com.android.launcher/com.android.launcher2.Launcher})
D/audio_hw_primary(  188): select_devices: out_snd_device(2: speaker) in_snd_device(0: none)
D/ACDB-LOADER(  188): ACDB -> send_afe_cal
D/audio_hw_primary(  188): enable_snd_device: snd_device(2: speaker)
D/audio_hw_primary(  188): enable_audio_route: apply and update mixer path: low-latency-playback
I/ActivityManager(  591): Start proc 27865:com.miniclip.archery/u0a240 for activity com.miniclip.archery/com.simple.customactivity.CustomActivity
I/org.umd.logging(27865): Method > 1 com.facebook.FacebookContentProvider.onCreate(com.facebook.FacebookContentProvider@572129094)
I/org.umd.logging(27865): Method < 1 com.facebook.FacebookContentProvider.onCreate(true)
I/org.umd.logging(27865): Method > 1 com.simple.customactivity.CustomActivity.onCreate(com.simple.customactivity.CustomActivity@724061<activity=true>, null)
I/org.umd.logging(27865): Method > 1 com.prime31.UnityPlayerNativeActivity.onCreate(com.simple.customactivity.CustomActivity@724061<activity=true>, null)
I/org.umd.logging(27865): Method > 1 com.unity3d.player.UnityPlayerActivity.onCreate(com.simple.customactivity.CustomActivity@724061<activity=true>, null)
I/org.umd.logging(27865): Method > 1 com.unity3d.player.UnityPlayer$5.run(com.unity3d.player.UnityPlayer$5@357642656)
I/org.umd.logging(27865): Method < 1 com.unity3d.player.UnityPlayer$5.run()
W/linker  (27865): libunity.so: unused DT entry: type 0x6ffffffe arg 0x895c
W/linker  (27865): libunity.so: unused DT entry: type 0x6fffffff arg 0x1
I/org.umd.logging(27865): Api > 1 java.lang.Thread.start(com.unity3d.player.UnityPlayer$b@841467852<thread=1056>)
I/org.umd.logging(27865): Api < 1 java.lang.Thread.start()
I/org.umd.logging(27865): Method > 1056 com.unity3d.player.UnityPlayer$b.run(com.unity3d.player.UnityPlayer$b@841467852<thread=1056>)
I/org.umd.logging(27865): Method < 1 com.unity3d.player.UnityPlayerActivity.onCreate()
I/org.umd.logging(27865): Method > 1 com.prime31.ActivityProxyObjectHelper.onCreate(com.prime31.ActivityProxyObjectHelper@7826935, null)
I/Prime31 (27865): found Activity proxy class: class com.prime31.PlayGameServicesPlugin
I/org.umd.logging(27865): Method > 1 com.prime31.PlayGameServicesPlugin.onCreate(null)
I/Prime31 (27865): onCreate. calling through to init
I/org.umd.logging(27865): Method > 1 com.prime31.PlayGameServicesPluginBase.runSafelyOnUiThread(com.prime31.PlayGameServicesPlugin@558679757, com.prime31.PlayGameServicesPlugin$4@329970323)
I/org.umd.logging(27865): Method > 1 com.prime31.PlayGameServicesPluginBase.runSafelyOnUiThread(com.prime31.PlayGameServicesPlugin@558679757, com.prime31.PlayGameServicesPlugin$4@329970323, null)
I/org.umd.logging(27865): Method > 1 com.prime31.PlayGameServicesPluginBase$1.run(com.prime31.PlayGameServicesPluginBase$1@569115337)
I/org.umd.logging(27865): Method > 1 com.prime31.PlayGameServicesPlugin$4.run(com.prime31.PlayGameServicesPlugin$4@329970323)
I/Prime31 (27865): found meta-data tag to disable: com.prime31.PlayGameServicesPlugin.DisableDrive
I/Prime31 (27865): setting connectOnStart to false due to Play SDK bug where silent authentication is not always silent and displays some UI.
W/PopupManager(27865): You have not specified a View to use as content view for popups. Falling back to the Activity content view. Note that this may not work as expected in multi-screen environments
I/org.umd.logging(27865): Method < 1 com.prime31.PlayGameServicesPlugin$4.run()
I/org.umd.logging(27865): Method < 1 com.prime31.PlayGameServicesPluginBase$1.run()
I/org.umd.logging(27865): Method < 1 com.prime31.PlayGameServicesPluginBase.runSafelyOnUiThread()
I/org.umd.logging(27865): Method < 1 com.prime31.PlayGameServicesPluginBase.runSafelyOnUiThread()
I/org.umd.logging(27865): Method < 1 com.prime31.PlayGameServicesPlugin.onCreate()
I/org.umd.logging(27865): Method < 1 com.prime31.ActivityProxyObjectHelper.onCreate()
I/org.umd.logging(27865): Method < 1 com.prime31.UnityPlayerNativeActivity.onCreate()
I/WebViewFactory(27865): Loading com.google.android.webview version 54.0.2840.85 (code 284008500)
I/art     (27865): Rejecting re-init on previously-failed class java.lang.Class<com.android.webview.chromium.TokenBindingManagerAdapter>
I/art     (27865): Rejecting re-init on previously-failed class java.lang.Class<com.android.webview.chromium.TokenBindingManagerAdapter>
I/art     (27865): Rejecting re-init on previously-failed class java.lang.Class<com.android.webview.chromium.ServiceWorkerControllerAdapter>
I/art     (27865): Rejecting re-init on previously-failed class java.lang.Class<com.android.webview.chromium.ServiceWorkerControllerAdapter>
I/cr_LibraryLoader(27865): Time to load native libraries: 2 ms (timestamps 3570-3572)
I/cr_LibraryLoader(27865): Expected native library version number "54.0.2840.85", actual native library version number "54.0.2840.85"
I/cr_LibraryLoader(27865): Expected native library version number "54.0.2840.85", actual native library version number "54.0.2840.85"
I/chromium(27865): [INFO:library_loader_hooks.cc(151)] Chromium logging enabled: level = 0, default verbosity = 0
I/cr_BrowserStartup(27865): Initializing chromium process, singleProcess=true
I/Adreno-EGL(27865): <qeglDrvAPI_eglInitialize:379>: QUALCOMM Build: 01/15/15, ab0075f, Id3510ff6dc
I/art     (27865): Rejecting re-init on previously-failed class java.lang.Class<com.android.webview.chromium.WebViewContentsClientAdapter$WebResourceErrorImpl>
I/art     (27865): Rejecting re-init on previously-failed class java.lang.Class<com.android.webview.chromium.WebViewContentsClientAdapter$WebResourceErrorImpl>
D/ConnectivityService(  591): listenForNetwork for NetworkRequest [ id=52, legacyType=-1, [ Capabilities: INTERNET&NOT_RESTRICTED&TRUSTED] ]
D/ConnectivityService(  591): handleRegisterNetworkRequest checking NetworkAgentInfo [WIFI () - 100]
D/ConnectivityService(  591): apparently satisfied.  currentScore=60
D/ConnectivityManager.CallbackHandler(27865): CM callback handler got msg 524290
I/art     (27865): Rejecting re-init on previously-failed class java.lang.Class<org.chromium.content.browser.FloatingWebActionModeCallback>
I/art     (27865): Rejecting re-init on previously-failed class java.lang.Class<org.chromium.content.browser.FloatingWebActionModeCallback>
W/ResourceType(27865): No known package when getting name for resource number 0xffffffff
I/org.umd.logging(27865): Api > 1 android.webkit.WebView.<init>(android.webkit.WebView@340997079<file=><x=0><y=0><width=0><height=0><id=-1>, android.app.Application@830226945)
W/ResourceType(27865): No known package when getting name for resource number 0xffffffff
I/org.umd.logging(27865): Api < 1 android.webkit.WebView.<init>(android.webkit.WebView@340997079<file=><x=0><y=0><width=0><height=0><id=-1>)
D/Unity   (27865): OnCreate RegisterID B = APA91bF4HB80NW4_2mMpr6PSg0HHGznsbfyc9dV3iDxOXR2pMCQV4bN7hw-tGnSr3YizDeAxy1cRkoQDCVgiSU6qVRnFLmVcCHBnHXOUmcdQFORMlHudbN-4iN62ypH2ds9N2AZ1CHHd
I/org.umd.logging(27865): Method < 1 com.simple.customactivity.CustomActivity.onCreate()
I/org.umd.logging(27865): Method > 1 com.simple.customactivity.CustomActivity.onStart(com.simple.customactivity.CustomActivity@724061<activity=true>)
I/org.umd.logging(27865): Method > 1 com.prime31.UnityPlayerNativeActivity.onStart(com.simple.customactivity.CustomActivity@724061<activity=true>)
I/org.umd.logging(27865): Method > 1 com.unity3d.player.UnityPlayerActivity.onStart(com.simple.customactivity.CustomActivity@724061<activity=true>)
I/org.umd.logging(27865): Method < 1 com.unity3d.player.UnityPlayerActivity.onStart()
I/org.umd.logging(27865): Method > 1 com.prime31.PlayGameServicesPlugin.onStart()
I/Prime31 (27865): onStart. calling through to onStart
I/org.umd.logging(27865): Method > 1 com.prime31.GameHelper.onStart(com.prime31.GameHelper@263009907, com.simple.customactivity.CustomActivity@724061)
I/org.umd.logging(27865): Method < 1 com.prime31.GameHelper.onStart()
I/org.umd.logging(27865): Method < 1 com.prime31.PlayGameServicesPlugin.onStart()
I/org.umd.logging(27865): Method < 1 com.prime31.UnityPlayerNativeActivity.onStart()
I/org.umd.logging(27865): Method < 1 com.simple.customactivity.CustomActivity.onStart()
I/org.umd.logging(27865): Method > 1 com.simple.customactivity.CustomActivity.onResume(com.simple.customactivity.CustomActivity@724061<activity=true>)
I/org.umd.logging(27865): Method > 1 com.prime31.UnityPlayerNativeActivity.onResume(com.simple.customactivity.CustomActivity@724061<activity=true>)
I/org.umd.logging(27865): Method > 1 com.unity3d.player.UnityPlayerActivity.onResume(com.simple.customactivity.CustomActivity@724061<activity=true>)
I/org.umd.logging(27865): Method < 1 com.unity3d.player.UnityPlayerActivity.onResume()
I/org.umd.logging(27865): Method > 1 com.prime31.PlayGameServicesPlugin.onResume()
I/Prime31-TBMP(27865): wiring up OnTurnBasedMatchUpdateReceivedListener
I/org.umd.logging(27865): Method < 1 com.prime31.UnityPlayerNativeActivity.onResume()
I/org.umd.logging(27865): Method < 1 com.simple.customactivity.CustomActivity.onResume()
D/OpenGLRenderer(27865): Use EGL_SWAP_BEHAVIOR_PRESERVED: true
D/Atlas   (27865): Validating map...
V/WindowManager(  591): Adding window Window{15480033 u0 com.miniclip.archery/com.simple.customactivity.CustomActivity} at 3 of 10 (before Window{3d4fd954 u0 Starting com.miniclip.archery})
I/OpenGLRenderer(27865): Initialized EGL, version 1.4
D/OpenGLRenderer(27865): Enabling debug mode 0
V/WindowManager(  591): Adding window Window{23786c8f u0 SurfaceView} at 3 of 11 (before Window{15480033 u0 com.miniclip.archery/com.simple.customactivity.CustomActivity})
D/ConnectivityService(  591): listenForNetwork for NetworkRequest [ id=53, legacyType=-1, [ Capabilities: INTERNET&NOT_RESTRICTED&TRUSTED] ]
D/ConnectivityService(  591): handleRegisterNetworkRequest checking NetworkAgentInfo [WIFI () - 100]
D/ConnectivityService(  591): apparently satisfied.  currentScore=60
D/ConnectivityManager.CallbackHandler(27865): CM callback handler got msg 524290
I/ActivityManager(  591): Displayed com.miniclip.archery/com.simple.customactivity.CustomActivity: +947ms
D/ConnectivityService(  591): releasing NetworkRequest NetworkRequest [ id=52, legacyType=-1, [ Capabilities: INTERNET&NOT_RESTRICTED&TRUSTED] ]
D/ConnectivityManager.CallbackHandler(27865): CM callback handler got msg 524296
E/Cataloger( 5092): syncFile:/storage/emulated/0/2016-12-06_02:53:12.443.jpg
W/ResourceType(27865): No known package when getting name for resource number 0xffffffff
I/org.umd.logging(27865): Method > 1056 com.unity3d.player.UnityPlayer.executeGLThreadJobs(com.unity3d.player.UnityPlayer@278128732<file=2016-12-06_02:53:12.443><x=0><y=0><width=768><height=1280><id=-1>)
I/org.umd.logging(27865): Method > 1056 com.unity3d.player.UnityPlayer$20.run(com.unity3d.player.UnityPlayer$20@178597448)
I/org.umd.logging(27865): Method < 1056 com.unity3d.player.UnityPlayer$20.run()
E/Cataloger( 5092): syncFile:/storage/emulated/0/2016-12-06_02:53:12.443.jpg
E/Cataloger( 5092): syncFile:/storage/emulated/0/2016-12-06_02:53:12.584.jpg
W/ResourceType(27865): No known package when getting name for resource number 0xffffffff
I/org.umd.logging(27865): Method > 1056 com.unity3d.player.UnityPlayer.executeGLThreadJobs(com.unity3d.player.UnityPlayer@278128732<file=2016-12-06_02:53:12.584><x=0><y=0><width=768><height=1280><id=-1>)
I/org.umd.logging(27865): Method > 1056 com.unity3d.player.UnityPlayer$19.run(com.unity3d.player.UnityPlayer$19@688087558)
I/org.umd.logging(27865): Method < 1056 com.unity3d.player.UnityPlayer$19.run()
E/Cataloger( 5092): syncFile:/storage/emulated/0/2016-12-06_02:53:12.584.jpg
E/Cataloger( 5092): syncFile:/storage/emulated/0/2016-12-06_02:53:12.725.jpg
W/ResourceType(27865): No known package when getting name for resource number 0xffffffff
I/org.umd.logging(27865): Method > 1056 com.unity3d.player.UnityPlayer.executeGLThreadJobs(com.unity3d.player.UnityPlayer@278128732<file=2016-12-06_02:53:12.725><x=0><y=0><width=768><height=1280><id=-1>)
I/org.umd.logging(27865): Method < 1056 com.unity3d.player.UnityPlayer.executeGLThreadJobs()
E/Cataloger( 5092): syncFile:/storage/emulated/0/2016-12-06_02:53:12.725.jpg
W/Adreno-EGL(27865): <qeglDrvAPI_eglGetConfigAttrib:607>: EGL_BAD_ATTRIBUTE
W/Adreno-EGL(27865): <qeglDrvAPI_eglGetConfigAttrib:607>: EGL_BAD_ATTRIBUTE
I/org.umd.logging(27865): Method > 1 com.unity3d.player.UnityPlayer$5.run(com.unity3d.player.UnityPlayer$5@1062395421)
I/org.umd.logging(27865): Method < 1 com.unity3d.player.UnityPlayer$5.run()
D/Unity   (27865): GL_AMD_compressed_ATC_texture GL_AMD_performance_monitor GL_AMD_program_binary_Z400 GL_EXT_debug_label GL_EXT_debug_marker GL_EXT_discard_framebuffer GL_EXT_robustness GL_EXT_texture_format_BGRA8888 GL_EXT_texture_type_2_10_10_10_REV GL_NV_fence GL_OES_compressed_ETC1_RGB8_texture GL_OES_depth_texture GL_OES_depth24 GL_OES_EGL_image GL_OES_EGL_sync GL_OES_EGL_image_external GL_OES_element_index_uint GL_OES_fbo_render_mipmap GL_OES_fragment_precision_high GL_OES_get_program_binary GL_OES_packed_depth_stencil GL_OES_depth_texture_cube_map GL_OES_rgb8_rgba8 GL_OES_standard_derivatives GL_OES_texture_3D GL_OES_texture_float GL_OES_texture_half_float GL_OES_texture_half_float_linear GL_OES_texture_npot GL_OES_vertex_half_float GL_OES_vertex_type_10_10_10_2 GL_OES_vertex_array_object GL_QCOM_alpha_test GL_QCOM_binning_control GL_QCOM_driver_control GL_QCOM_perfmon_global_mode GL_QCOM_extended_get GL_QCOM_extended_get2 GL_QCOM_tiled_rendering GL_QCOM_writeonly_rendering GL_EXT_sRGB GL_EXT_sRGB_write_control GL_EXT_
D/Unity   (27865): texture_sRGB_decode GL_EXT_multisampled_render_to_texture GL_EXT_color_buffer_float GL_EXT_color_buffer_half_float GL_EXT_disjoint_timer_query 
I/org.umd.logging(27865): Api > 1056 java.lang.Thread.start(java.lang.Thread@785424995<thread=1074>)
I/org.umd.logging(27865): Api < 1056 java.lang.Thread.start()
I/org.umd.logging(27865): Method > 1074 org.fmod.FMODAudioDevice.run(org.fmod.FMODAudioDevice@298073881)
W/libc    (27865): pthread_create sched_setscheduler call failed: Operation not permitted
I/org.umd.logging(27865): Method > 1 com.prime31.GameHelper$1.run(com.prime31.GameHelper$1@186712511)
I/Prime31 (27865): we only launched 2 seconds ago so this is the Google 'failed auth bug'. Disregarding only this failure and moving on.
I/org.umd.logging(27865): Method < 1 com.prime31.GameHelper$1.run()
I/org.umd.logging(27865): Method > 1 com.unity3d.player.d$2.run(com.unity3d.player.d$2@407942101)
I/org.umd.logging(27865): Method < 1 com.unity3d.player.d$2.run()
E/Cataloger( 5092): syncFile:/storage/emulated/0/2016-12-06_02:53:14.288.jpg
W/ResourceType(27865): No known package when getting name for resource number 0xffffffff
I/org.umd.logging(27865): Method > 1056 com.unity3d.player.UnityPlayer.executeGLThreadJobs(com.unity3d.player.UnityPlayer@278128732<file=2016-12-06_02:53:14.288><x=0><y=0><width=768><height=1280><id=-1>)
I/org.umd.logging(27865): Method < 1056 com.unity3d.player.UnityPlayer.executeGLThreadJobs()
E/Cataloger( 5092): syncFile:/storage/emulated/0/2016-12-06_02:53:14.288.jpg
I/org.umd.logging(27865): Method > 1 com.unity3d.player.UnityPlayer$2.run(com.unity3d.player.UnityPlayer$2@972404817)
I/org.umd.logging(27865): Method < 1 com.unity3d.player.UnityPlayer$2.run()
I/org.umd.logging(27865): Method > 1056 com.unity3d.player.UnityPlayer$c.run(com.unity3d.player.UnityPlayer$8@801597879)
I/org.umd.logging(27865): Method > 1 com.unity3d.player.UnityPlayer$7.run(com.unity3d.player.UnityPlayer$7@906791053)
I/org.umd.logging(27865): Method < 1056 com.unity3d.player.UnityPlayer$c.run()
I/org.umd.logging(27865): Method < 1 com.unity3d.player.UnityPlayer$7.run()
F/Adjust  (27865): PRODUCTION: Adjust is running in Production mode. Use this setting only for the build that you want to publish. Set the environment to `sandbox` if you want to test your app!
I/org.umd.logging(27865): Method > 1056 com.adjust.sdk.Adjust.onCreate(com.adjust.sdk.AdjustConfig@652466351)
I/org.umd.logging(27865): Method > 1056 com.adjust.sdk.AdjustInstance.onCreate(com.adjust.sdk.AdjustInstance@342309957, com.adjust.sdk.AdjustConfig@652466351)
I/org.umd.logging(27865): Api > 1056 android.os.HandlerThread.start(com.adjust.sdk.ActivityHandler@975130827<thread=1076>)
I/org.umd.logging(27865): Api < 1056 android.os.HandlerThread.start()
I/org.umd.logging(27865): Method < 1056 com.adjust.sdk.AdjustInstance.onCreate()
I/org.umd.logging(27865): Method < 1056 com.adjust.sdk.Adjust.onCreate()
I/org.umd.logging(27865): Method > 1056 com.adjust.sdk.Adjust.onResume()
I/org.umd.logging(27865): Method > 1056 com.adjust.sdk.AdjustInstance.onResume(com.adjust.sdk.AdjustInstance@342309957)
I/org.umd.logging(27865): Method < 1056 com.adjust.sdk.AdjustInstance.onResume()
I/org.umd.logging(27865): Method < 1056 com.adjust.sdk.Adjust.onResume()
I/org.umd.logging(27865): Api > 1076 android.content.ContentResolver.query(android.app.ContextImpl$ApplicationContentResolver@441462439, android.net.Uri$StringUri@729991154<URI=content://com.facebook.katana.provider.AttributionIdProvider>, [Ljava.lang.String;@65776832, null, null, null)
E/ActivityThread(27865): Failed to find provider info for com.facebook.katana.provider.AttributionIdProvider
I/org.umd.logging(27865): Api < 1076 android.content.ContentResolver.query(null)
I/org.umd.logging(27865): Api > 1076 android.os.HandlerThread.start(com.adjust.sdk.PackageHandler@707313845<thread=1077>)
I/org.umd.logging(27865): Api < 1076 android.os.HandlerThread.start()
I/org.umd.logging(27865): Api > 1077 android.os.HandlerThread.start(com.adjust.sdk.RequestHandler@1057620667<thread=1078>)
I/org.umd.logging(27865): Api < 1077 android.os.HandlerThread.start()
I/org.umd.logging(27865): Method > 1076 com.adjust.sdk.TimerCycle.start(com.adjust.sdk.TimerCycle@300714784)
I/org.umd.logging(27865): Method < 1076 com.adjust.sdk.TimerCycle.start()
I/org.umd.logging(27865): Method > 1079 com.adjust.sdk.AttributionHandler$1.run(com.adjust.sdk.AttributionHandler$1@940443007)
I/org.umd.logging(27865): Method < 1079 com.adjust.sdk.AttributionHandler$1.run()
I/org.umd.logging(27865): Method > 1080 com.adjust.sdk.ActivityHandler$1.run(com.adjust.sdk.ActivityHandler$1@961068437)
I/org.umd.logging(27865): Method < 1080 com.adjust.sdk.ActivityHandler$1.run()
I/org.umd.logging(27865): Method > 1 com.unity3d.player.UnityPlayer$4.run(com.unity3d.player.UnityPlayer$4@923237019)
I/org.umd.logging(27865): Method < 1 com.unity3d.player.UnityPlayer$4.run()
I/org.umd.logging(27865): Method > 1056 com.adjust.sdk.Adjust.onResume()
I/org.umd.logging(27865): Method > 1056 com.adjust.sdk.AdjustInstance.onResume(com.adjust.sdk.AdjustInstance@342309957)
I/org.umd.logging(27865): Method < 1056 com.adjust.sdk.AdjustInstance.onResume()
I/org.umd.logging(27865): Method < 1056 com.adjust.sdk.Adjust.onResume()
I/org.umd.logging(27865): Method > 1076 com.adjust.sdk.TimerCycle.start(com.adjust.sdk.TimerCycle@300714784)
I/org.umd.logging(27865): Method > 1079 com.adjust.sdk.AttributionHandler$1.run(com.adjust.sdk.AttributionHandler$1@940443007)
I/org.umd.logging(27865): Method < 1076 com.adjust.sdk.TimerCycle.start()
I/org.umd.logging(27865): Method < 1079 com.adjust.sdk.AttributionHandler$1.run()
E/Cataloger( 5092): syncFile:/storage/emulated/0/2016-12-06_02:53:15.219.jpg
W/ResourceType(27865): No known package when getting name for resource number 0xffffffff
I/org.umd.logging(27865): Method > 1056 com.unity3d.player.UnityPlayer.executeGLThreadJobs(com.unity3d.player.UnityPlayer@278128732<file=2016-12-06_02:53:15.219><x=0><y=0><width=768><height=1280><id=-1>)
I/org.umd.logging(27865): Method < 1056 com.unity3d.player.UnityPlayer.executeGLThreadJobs()
W/SensorService(  591): sensor 00000000 already enabled in connection 0xb8523118 (ignoring)
E/Cataloger( 5092): syncFile:/storage/emulated/0/2016-12-06_02:53:15.219.jpg
I/org.umd.logging(27865): Method < 1074 org.fmod.FMODAudioDevice.run()
I/org.umd.logging(27865): Api > 1056 java.lang.Thread.start(java.lang.Thread@834969105<thread=1092>)
I/org.umd.logging(27865): Api < 1056 java.lang.Thread.start()
I/org.umd.logging(27865): Method > 1092 org.fmod.FMODAudioDevice.run(org.fmod.FMODAudioDevice@298073881)
I/org.umd.logging(27865): Method > 1056 com.fyber.unity.FyberPlugin.start("{"appId":"46069","securityToken":"24e6d34fb5dec8920977e47667a6cb49"}")
I/org.umd.logging(27865): Method > 1056 com.fyber.Fyber.start(com.fyber.Fyber@819199561)
I/org.umd.logging(27865): Api > 1056 java.lang.Thread.start(java.lang.Thread@389264206<thread=1097>)
I/org.umd.logging(27865): Api < 1056 java.lang.Thread.start()
I/org.umd.logging(27865): Method > 1097 com.fyber.b.i.run(com.fyber.b.i@88706428)
I/org.umd.logging(27865): Api > 1097 android.net.ConnectivityManager.getActiveNetworkInfo(android.net.ConnectivityManager@1050392154)
I/org.umd.logging(27865): Api < 1097 android.net.ConnectivityManager.getActiveNetworkInfo(android.net.NetworkInfo@251145601)
I/org.umd.logging(27865): Api > 1056 java.lang.Thread.start(java.lang.Thread@279468647<thread=1099>)
I/org.umd.logging(27865): Api < 1056 java.lang.Thread.start()
I/org.umd.logging(27865): Method < 1056 com.fyber.Fyber.start(com.fyber.Fyber$Settings@846799037)
I/org.umd.logging(27865): Api > 1097 java.net.URL.openConnection(java.net.URL@383137283<URL=https://service.fyber.com/installs/v2?screen_density_y=318.745&screen_density_x=319.79&google_ad_id=229d4aea-d76e-47c3-ad88-1eafdf3529f0&carrier_country=&framework_version=5.3.4f1&appid=46069&google_ad_id_limited_tracking_enabled=false&phone_version=LGE_Nexus%204&carrier_name=&sdk_features=MPI%2CVPL%2CJUD%2CBLE%2CINV%2CIVE&screen_height=1184&plugin_version=8.5.5&platform=android&network_connection_type=wifi&app_version=1.0.7&app_bundle_name=com.miniclip.archery&sdk_version=8.5.5&client=sdk&uid=6ff061a50cb9d2d7a947282cf93d0aca8ce99c0b&screen_width=768&os_version=5.1.1&manufacturer=LGE&language=en_US&framework=unity>)
I/org.umd.logging(27865): Method < 1056 com.fyber.unity.FyberPlugin.start()
I/org.umd.logging(27865): Api < 1097 java.net.URL.openConnection(com.android.okhttp.internal.http.HttpsURLConnectionImpl@999918590)
I/org.umd.logging(27865): Method > 1099 com.fyber.cache.CacheManager$1.run(com.fyber.cache.CacheManager$1@919162284)
I/org.umd.logging(27865): Method > 1098 com.fyber.b.e$a.run(com.fyber.b.e$a@626942587<thread=1098>)
I/org.umd.logging(27865): Method > 1098 com.fyber.utils.d.run(com.fyber.mediation.b$2@916879601)
I/org.umd.logging(27865): Method > 1 com.chartboost.ChartBoostPlugin$1.run(com.chartboost.ChartBoostPlugin$1@422946372)
I/org.umd.logging(27865): Method > 1 com.chartboost.sdk.Chartboost.onCreate(com.chartboost.sdk.Chartboost@803876962, com.simple.customactivity.CustomActivity@724061, "581b0b8504b01602fed7229e", "43e77388268575586a170086630cc0797ea64bb8", com.chartboost.ChartBoostPlugin@255895027)
I/org.umd.logging(27865): Method < 1 com.chartboost.sdk.Chartboost.onCreate()
I/org.umd.logging(27865): Api > 1099 android.content.Context.startService(android.app.Application@830226945, android.content.Intent@909777637<action=null><data=null><package=null><component=com.miniclip.archery/com.fyber.cache.CacheVideoDownloadService><type=null><filter_hashcode=1976328133><umd_Intent_key=None>)
I/org.umd.logging(27865): Api < 1099 android.content.Context.startService()
I/org.umd.logging(27865): Method < 1099 com.fyber.cache.CacheManager$1.run()
I/org.umd.logging(27865): Method > 1105 com.fyber.b.e$a.run(com.fyber.b.e$a@348708971<thread=1105>)
I/org.umd.logging(27865): Api > 1105 android.net.ConnectivityManager.getActiveNetworkInfo(android.net.ConnectivityManager@1050392154)
I/org.umd.logging(27865): Api < 1105 android.net.ConnectivityManager.getActiveNetworkInfo(android.net.NetworkInfo@195712968)
I/org.umd.logging(27865): Api > 1105 java.net.URL.openConnection(java.net.URL@183926881<URL=https://engine.fyber.com/sdk-config?google_ad_id=229d4aea-d76e-47c3-ad88-1eafdf3529f0&carrier_country=&framework_version=5.3.4f1&appid=46069&timestamp=1481053995&google_ad_id_limited_tracking_enabled=false&phone_version=LGE_Nexus%204&carrier_name=&sdk_features=MPI%2CVPL%2CJUD%2CBLE%2CINV%2CIVE&plugin_version=8.5.5&platform=android&network_connection_type=wifi&app_version=1.0.7&app_bundle_name=com.miniclip.archery&sdk_version=8.5.5&client=sdk&uid=6ff061a50cb9d2d7a947282cf93d0aca8ce99c0b&os_version=5.1.1&manufacturer=LGE&language=en_US&framework=unity&signature=d97422ec869476c23c5a61f20d0eadcae74d2dd1>)
I/org.umd.logging(27865): Api < 1105 java.net.URL.openConnection(com.android.okhttp.internal.http.HttpsURLConnectionImpl@840460166)
I/org.umd.logging(27865): Api > 1 android.net.wifi.WifiManager.getConnectionInfo(android.net.wifi.WifiManager@485566580)
I/org.umd.logging(27865): Api < 1 android.net.wifi.WifiManager.getConnectionInfo(android.net.wifi.WifiInfo@109278738)
I/org.umd.logging(27865): Api > 1 android.net.ConnectivityManager.getActiveNetworkInfo(android.net.ConnectivityManager@937357795)
I/org.umd.logging(27865): Api < 1 android.net.ConnectivityManager.getActiveNetworkInfo(android.net.NetworkInfo@808605664)
I/org.umd.logging(27865): Method > 1 com.chartboost.sdk.Networking.CBAPIConnection$AsyncURLConnection.onPreExecute(com.chartboost.sdk.Networking.CBAPIConnection$AsyncURLConnection@1025433950<atask=true>)
I/org.umd.logging(27865): Method < 1 com.chartboost.sdk.Networking.CBAPIConnection$AsyncURLConnection.onPreExecute()
I/org.umd.logging(27865): Method < 1 com.chartboost.ChartBoostPlugin$1.run()
I/org.umd.logging(27865): Method > 1 com.fyber.cache.CacheVideoDownloadService.onCreate(com.fyber.cache.CacheVideoDownloadService@373327701)
I/org.umd.logging(27865): Api > 1 android.os.HandlerThread.start(android.os.HandlerThread@445072120<thread=1107>)
I/org.umd.logging(27865): Api < 1 android.os.HandlerThread.start()
I/org.umd.logging(27865): Method < 1 com.fyber.cache.CacheVideoDownloadService.onCreate()
I/org.umd.logging(27865): Method > 1 com.fyber.cache.CacheVideoDownloadService.onStartCommand(com.fyber.cache.CacheVideoDownloadService@373327701, android.content.Intent@613400118<action=null><data=null><package=null><component=com.miniclip.archery/com.fyber.cache.CacheVideoDownloadService><type=null><filter_hashcode=1976328133><umd_Intent_key=None>, 0, 1)
I/org.umd.logging(27865): Api > 1107 android.os.HandlerThread.start(android.os.HandlerThread@820814135<thread=1108>)
I/org.umd.logging(27865): Api < 1107 android.os.HandlerThread.start()
I/org.umd.logging(27865): Method < 1 com.fyber.cache.CacheVideoDownloadService.onStartCommand(2)
I/org.umd.logging(27865): Api > 1107 android.os.HandlerThread.start(android.os.HandlerThread@359241380<thread=1109>)
I/org.umd.logging(27865): Api < 1107 android.os.HandlerThread.start()
I/org.umd.logging(27865): Api > 1106 org.apache.http.impl.client.DefaultHttpClient.<init>(org.apache.http.impl.client.DefaultHttpClient@592813065, org.apache.http.impl.conn.tsccm.ThreadSafeClientConnManager@830936636, org.apache.http.params.BasicHttpParams@992407627)
I/org.umd.logging(27865): Api < 1106 org.apache.http.impl.client.DefaultHttpClient.<init>(org.apache.http.impl.client.DefaultHttpClient@592813065)
I/org.umd.logging(27865): Api > 1108 android.net.ConnectivityManager.getActiveNetworkInfo(android.net.ConnectivityManager@1050392154)
I/org.umd.logging(27865): Method > 1 com.fyber.cache.CacheVideoDownloadService$1.onReceive(com.fyber.cache.CacheVideoDownloadService$1@1016170434, android.app.Application@830226945, android.content.Intent@685228865<action=android.net.conn.CONNECTIVITY_CHANGE><data=null><package=null><component=null><type=null><filter_hashcode=-1172645946><networkInfo=None><networkType=None><inetCondition=None><extraInfo=None><umd_Intent_key=None>)
I/org.umd.logging(27865): Method < 1 com.fyber.cache.CacheVideoDownloadService$1.onReceive()
I/org.umd.logging(27865): Api < 1108 android.net.ConnectivityManager.getActiveNetworkInfo(android.net.NetworkInfo@821184039)
I/org.umd.logging(27865): Api > 1108 java.net.URL.openConnection(java.net.URL@296874196<URL=https://engine.fyber.com/video-cache?google_ad_id=229d4aea-d76e-47c3-ad88-1eafdf3529f0&carrier_country=&framework_version=5.3.4f1&appid=46069&google_ad_id_limited_tracking_enabled=false&phone_version=LGE_Nexus%204&carrier_name=&sdk_features=MPI%2CVPL%2CJUD%2CBLE%2CINV%2CIVE&plugin_version=8.5.5&platform=android&network_connection_type=wifi&app_version=1.0.7&app_bundle_name=com.miniclip.archery&sdk_version=8.5.5&client=sdk&uid=6ff061a50cb9d2d7a947282cf93d0aca8ce99c0b&os_version=5.1.1&manufacturer=LGE&language=en_US&framework=unity>)
I/org.umd.logging(27865): Api < 1108 java.net.URL.openConnection(com.android.okhttp.internal.http.HttpsURLConnectionImpl@404509309)
I/org.umd.logging(27865): Method > 1 com.chartboost.sdk.Networking.CBAPIConnection$AsyncURLConnection.onPostExecute(com.chartboost.sdk.Networking.CBAPIConnection$AsyncURLConnection@1025433950<atask=true>, com.chartboost.sdk.Networking.CBAPIConnection$CBAPIActiveConnection@111625792)
I/org.umd.logging(27865): Method > 1 com.chartboost.sdk.Chartboost$1.execute(com.chartboost.sdk.Chartboost$1@591029950, org.json.JSONObject@495473717)
I/org.umd.logging(27865): Method < 1 com.chartboost.sdk.Chartboost$1.execute()
I/org.umd.logging(27865): Method < 1 com.chartboost.sdk.Networking.CBAPIConnection$AsyncURLConnection.onPostExecute()
I/DownloadManagerWrapper(  985): onReceive() : Charging = true
I/DownloadManagerWrapper(  985): onReceive() : Charging = true
I/DownloadManagerWrapper(  985): onReceive() : Charging = true
E/Cataloger( 5092): syncFile:/storage/emulated/0/2016-12-06_02:53:16.091.jpg
W/ResourceType(27865): No known package when getting name for resource number 0xffffffff
I/org.umd.logging(27865): Method > 1056 com.unity3d.player.UnityPlayer.executeGLThreadJobs(com.unity3d.player.UnityPlayer@278128732<file=2016-12-06_02:53:16.091><x=0><y=0><width=768><height=1280><id=-1>)
I/org.umd.logging(27865): Method < 1056 com.unity3d.player.UnityPlayer.executeGLThreadJobs()
E/Cataloger( 5092): syncFile:/storage/emulated/0/2016-12-06_02:53:16.091.jpg
I/org.umd.logging(27865): Method < 1097 com.fyber.b.i.run()
E/Cataloger( 5092): syncFile:/storage/emulated/0/2016-12-06_02:53:16.219.jpg
W/ResourceType(27865): No known package when getting name for resource number 0xffffffff
I/org.umd.logging(27865): Method > 1056 com.unity3d.player.UnityPlayer.executeGLThreadJobs(com.unity3d.player.UnityPlayer@278128732<file=2016-12-06_02:53:16.219><x=0><y=0><width=768><height=1280><id=-1>)
I/org.umd.logging(27865): Method < 1056 com.unity3d.player.UnityPlayer.executeGLThreadJobs()
E/Cataloger( 5092): syncFile:/storage/emulated/0/2016-12-06_02:53:16.219.jpg
E/Cataloger( 5092): syncFile:/storage/emulated/0/2016-12-06_02:53:16.343.jpg
W/ResourceType(27865): No known package when getting name for resource number 0xffffffff
I/org.umd.logging(27865): Method > 1056 com.unity3d.player.UnityPlayer.executeGLThreadJobs(com.unity3d.player.UnityPlayer@278128732<file=2016-12-06_02:53:16.343><x=0><y=0><width=768><height=1280><id=-1>)
I/org.umd.logging(27865): Method < 1056 com.unity3d.player.UnityPlayer.executeGLThreadJobs()
E/Cataloger( 5092): syncFile:/storage/emulated/0/2016-12-06_02:53:16.343.jpg
E/Cataloger( 5092): syncFile:/storage/emulated/0/2016-12-06_02:53:16.488.jpg
I/org.umd.logging(27865): Api > 1109 android.net.ConnectivityManager.getActiveNetworkInfo(android.net.ConnectivityManager@359171940)
I/org.umd.logging(27865): Api < 1109 android.net.ConnectivityManager.getActiveNetworkInfo(android.net.NetworkInfo@303713741)
I/org.umd.logging(27865): Method > 1 com.fyber.cache.internal.ConfigurationBroadcastReceiver.onReceive(com.fyber.cache.internal.ConfigurationBroadcastReceiver@594785642, android.app.Application@830226945, android.content.Intent@690835859<action=com.miniclip.archery.cache.DONE_PRECACHING><data=null><package=null><component=null><type=null><filter_hashcode=143686939><refresh.interval=None><umd_Intent_key=None>)
I/org.umd.logging(27865): Method < 1 com.fyber.cache.internal.ConfigurationBroadcastReceiver.onReceive()
I/org.umd.logging(27865): Method > 1 com.fyber.cache.OnVideoCachedListener.onReceive(com.fyber.unity.cache.CacheWrapper$1@363897363, android.app.Application@830226945, android.content.Intent@1066072521<action=com.miniclip.archery.FyberDownloadsFinished><data=null><package=null><component=null><type=null><filter_hashcode=170554867><FyberVideosAvailable=None><umd_Intent_key=None>)
I/org.umd.logging(27865): Method < 1 com.fyber.cache.OnVideoCachedListener.onReceive()
I/org.umd.logging(27865): Method > 1 com.fyber.cache.CacheVideoDownloadService.onDestroy(com.fyber.cache.CacheVideoDownloadService@373327701)
I/org.umd.logging(27865): Method < 1 com.fyber.cache.CacheVideoDownloadService.onDestroy()
W/ResourceType(27865): No known package when getting name for resource number 0xffffffff
I/org.umd.logging(27865): Method > 1056 com.unity3d.player.UnityPlayer.executeGLThreadJobs(com.unity3d.player.UnityPlayer@278128732<file=2016-12-06_02:53:16.488><x=0><y=0><width=768><height=1280><id=-1>)
I/org.umd.logging(27865): Method < 1056 com.unity3d.player.UnityPlayer.executeGLThreadJobs()
E/Cataloger( 5092): syncFile:/storage/emulated/0/2016-12-06_02:53:16.488.jpg
D/AppLovinSdkImpl(27865): SDK has not been updated since last run. Continuing...
I/org.umd.logging(27865): Method > 1113 com.applovin.impl.sdk.cu.run(com.applovin.impl.sdk.cu@925047041)
I/AppLovinIncentivizedInterstitial(27865): AppLovinAdLoadListener was null when preloading incentivized interstitials; using a listener is highly recommended.
I/org.umd.logging(27865): Method > 1 com.fyber.mediation.vungle.VungleMediationAdapter$1.run(com.fyber.mediation.vungle.VungleMediationAdapter$1@514757012)
E/Cataloger( 5092): syncFile:/storage/emulated/0/Android/data/com.miniclip.archery/cache/UnityAdsCache/UnityAdsTest.txt
I/org.umd.logging(27865): Method < 1113 com.applovin.impl.sdk.cu.run()
I/org.umd.logging(27865): Method > 1114 com.applovin.impl.sdk.cz.run(com.applovin.impl.sdk.cz@547210627)
E/Cataloger( 5092): syncFile:/storage/emulated/0/Android/data/com.miniclip.archery/cache/UnityAdsCache/UnityAdsTest.txt
I/org.umd.logging(27865): Method > 1114 com.applovin.impl.sdk.cn.run(com.applovin.impl.sdk.cn@541648697)
E/Cataloger( 5092): syncFile:/storage/emulated/0/Android/data/com.miniclip.archery/cache/UnityAdsCache/UnityAdsTest.txt
D/UnityAds(27865): com.unity3d.ads.cache.CacheDirectory.getCacheDirectory() (line:-1) :: Unity Ads is using external cache directory: /storage/emulated/0/Android/data/com.miniclip.archery/cache/UnityAdsCache
D/UnityAds(27865): com.unity3d.ads.misc.Utilities.writeFile() (line:-1) :: Wrote file: /storage/emulated/0/Android/data/com.miniclip.archery/cache/UnityAdsCache/UnityAdsStorage-public-data.json
E/Cataloger( 5092): syncFile:/storage/emulated/0/Android/data/com.miniclip.archery/cache/UnityAdsCache/UnityAdsStorage-public-data.json
E/Cataloger( 5092): need not sync path:/storage/emulated/0/Android/data/com.miniclip.archery/cache/UnityAdsCache/UnityAdsStorage-public-data.json
D/UnityAds(27865): com.unity3d.ads.device.Storage.sendEvent() (line:-1) :: Couldn't send storage event to WebApp
I/UnityAds(27865): com.unity3d.ads.UnityAds.initialize() (line:-1) :: Initializing Unity Ads 2.0.5 (2005) with game id 1093284 in production mode
I/UnityAds(27865): com.unity3d.ads.UnityAds.initialize() (line:-1) :: Unity Ads environment check OK
I/org.umd.logging(27865): Method > 1056 com.unity3d.player.UnityPlayer$c.run(com.unity3d.player.UnityPlayer$8@724729644)
I/org.umd.logging(27865): Method < 1056 com.unity3d.player.UnityPlayer$c.run()
I/org.umd.logging(27865): Api > 1098 java.lang.Thread.start(com.unity3d.ads.configuration.InitializeThread@1038792586<thread=1115>)
I/org.umd.logging(27865): Api < 1098 java.lang.Thread.start()
I/org.umd.logging(27865): Method < 1098 com.fyber.utils.d.run()
I/org.umd.logging(27865): Method > 1115 com.unity3d.ads.configuration.InitializeThread.run(com.unity3d.ads.configuration.InitializeThread@1038792586<thread=1115>)
I/org.umd.logging(27865): Method > 1115 com.unity3d.ads.configuration.InitializeThread$InitializeStateReset.execute(com.unity3d.ads.configuration.InitializeThread$InitializeStateReset@618553880)
I/org.umd.logging(27865): Api > 1115 android.content.Context.bindService(android.app.Application@830226945, android.content.Intent@723731569<action=com.google.android.gms.ads.identifier.service.START><data=null><package=com.google.android.gms><component=null><type=null><filter_hashcode=-2143425616><umd_Intent_key=None>, com.unity3d.ads.device.AdvertisingId$GoogleAdvertisingServiceConnection@771826391, 1)
I/org.umd.logging(27865): Api < 1115 android.content.Context.bindService(true)
I/org.umd.logging(27865): Api > 1 android.os.HandlerThread.start(android.os.HandlerThread@946046916<thread=1116>)
I/org.umd.logging(27865): Api < 1 android.os.HandlerThread.start()
I/art     (27865): Rejecting re-init on previously-failed class java.lang.Class<com.vungle.publisher.tr>
I/art     (27865): Rejecting re-init on previously-failed class java.lang.Class<com.vungle.publisher.tr>
I/art     (27865): Rejecting re-init on previously-failed class java.lang.Class<com.vungle.publisher.tr>
I/art     (27865): Rejecting re-init on previously-failed class java.lang.Class<com.vungle.publisher.tr>
I/org.umd.logging(27865): Method > 1118 com.vungle.publisher.cz$a$a.run(com.vungle.publisher.cz$a$a@171606344)
I/org.umd.logging(27865): Method > 1118 com.vungle.publisher.dl$1.run(com.vungle.publisher.dl$1@389049606)
I/org.umd.logging(27865): Method > 1119 com.vungle.publisher.cz$a$a.run(com.vungle.publisher.cz$a$a@964325319)
I/org.umd.logging(27865): Method > 1119 com.vungle.publisher.qn$1.run(com.vungle.publisher.qn$1@406824221)
I/org.umd.logging(27865): Method > 1 com.vungle.publisher.VunglePubBase.onResume(com.vungle.publisher.VunglePub@859377549)
I/org.umd.logging(27865): Method < 1118 com.vungle.publisher.dl$1.run()
I/org.umd.logging(27865): Method < 1118 com.vungle.publisher.cz$a$a.run()
I/org.umd.logging(27865): Method > 1118 com.vungle.publisher.cz$a$a.run(com.vungle.publisher.cz$a$a@816858024)
I/org.umd.logging(27865): Method > 1118 com.vungle.publisher.qn$1.run(com.vungle.publisher.qn$1@731524801)
I/org.umd.logging(27865): Method > 1120 com.vungle.publisher.cz$a$a.run(com.vungle.publisher.cz$a$a@644242494)
I/org.umd.logging(27865): Method > 1120 com.vungle.publisher.rk$1.run(com.vungle.publisher.rk$1@43071468)
I/org.umd.logging(27865): Method < 1120 com.vungle.publisher.rk$1.run()
I/org.umd.logging(27865): Method < 1120 com.vungle.publisher.cz$a$a.run()
I/org.umd.logging(27865): Method < 1 com.vungle.publisher.VunglePubBase.onResume()
I/org.umd.logging(27865): Method < 1 com.fyber.mediation.vungle.VungleMediationAdapter$1.run()
I/org.umd.logging(27865): Method > 1 com.unity3d.player.UnityPlayer$7.run(com.unity3d.player.UnityPlayer$7@946339402)
I/org.umd.logging(27865): Method < 1 com.unity3d.player.UnityPlayer$7.run()
I/org.umd.logging(27865): Method > 1 com.vungle.publisher.ny$a$1.run(com.vungle.publisher.ny$a$1@72345304)
I/org.umd.logging(27865): Method < 1115 com.unity3d.ads.configuration.InitializeThread$InitializeStateReset.execute(com.unity3d.ads.configuration.InitializeThread$InitializeStateAdBlockerCheck@411106967)
I/org.umd.logging(27865): Method > 1115 com.unity3d.ads.configuration.InitializeThread.run(com.unity3d.ads.configuration.InitializeThread@1038792586<thread=1115>)
I/org.umd.logging(27865): Method > 1115 com.unity3d.ads.configuration.InitializeThread$InitializeStateAdBlockerCheck.execute(com.unity3d.ads.configuration.InitializeThread$InitializeStateAdBlockerCheck@411106967)
I/org.umd.logging(27865): Api > 1115 java.lang.Thread.start(com.unity3d.ads.configuration.InitializeThread$InitializeStateAdBlockerCheck$1@58284141<thread=1122>)
I/org.umd.logging(27865): Api < 1115 java.lang.Thread.start()
I/org.umd.logging(27865): Method > 1121 com.vungle.publisher.cz$a$a.run(com.vungle.publisher.cz$a$a@248311091)
I/org.umd.logging(27865): Method > 1121 com.vungle.publisher.rk$1.run(com.vungle.publisher.rk$1@752881257)
I/org.umd.logging(27865): Method < 1121 com.vungle.publisher.rk$1.run()
I/org.umd.logging(27865): Method < 1121 com.vungle.publisher.cz$a$a.run()
I/org.umd.logging(27865): Method > 1122 com.unity3d.ads.configuration.InitializeThread$InitializeStateAdBlockerCheck$1.run(com.unity3d.ads.configuration.InitializeThread$InitializeStateAdBlockerCheck$1@58284141<thread=1122>)
D/ConnectivityService(  591): listenForNetwork for NetworkRequest [ id=54, legacyType=-1, [ Capabilities: INTERNET&NOT_RESTRICTED&TRUSTED] ]
D/ConnectivityService(  591): handleRegisterNetworkRequest checking NetworkAgentInfo [WIFI () - 100]
D/ConnectivityService(  591): apparently satisfied.  currentScore=60
D/ConnectivityManager.CallbackHandler(27865): CM callback handler got msg 524290
I/org.umd.logging(27865): Method < 1122 com.unity3d.ads.configuration.InitializeThread$InitializeStateAdBlockerCheck$1.run()
I/org.umd.logging(27865): Method < 1115 com.unity3d.ads.configuration.InitializeThread$InitializeStateAdBlockerCheck.execute(com.unity3d.ads.configuration.InitializeThread$InitializeStateConfig@753018917)
I/org.umd.logging(27865): Method > 1115 com.unity3d.ads.configuration.InitializeThread.run(com.unity3d.ads.configuration.InitializeThread@1038792586<thread=1115>)
I/org.umd.logging(27865): Method > 1115 com.unity3d.ads.configuration.InitializeThread$InitializeStateConfig.execute(com.unity3d.ads.configuration.InitializeThread$InitializeStateConfig@753018917)
I/UnityAds(27865): com.unity3d.ads.configuration.InitializeThread$InitializeStateConfig.execute() (line:-1) :: Unity Ads init: load configuration from https://config.unityads.unity3d.com/webview/2.0.5/release/config.json
I/org.umd.logging(27865): Api > 1115 java.net.URL.openConnection(java.net.URL@908365306<URL=https://config.unityads.unity3d.com/webview/2.0.5/release/config.json?ts=1481053997064&sdkVersion=2005&sdkVersionName=2.0.5>)
I/org.umd.logging(27865): Api < 1115 java.net.URL.openConnection(com.android.okhttp.internal.http.HttpsURLConnectionImpl@976146347)
I/org.umd.logging(27865): Method < 1114 com.applovin.impl.sdk.cn.run()
I/org.umd.logging(27865): Method > 1123 com.applovin.impl.sdk.cz.run(com.applovin.impl.sdk.cz@439493025)
I/org.umd.logging(27865): Method > 1123 com.applovin.impl.sdk.cp.run(com.applovin.impl.sdk.cp@76069767)
I/org.umd.logging(27865): Method > 1123 com.applovin.impl.sdk.dc.run(com.applovin.impl.sdk.cq@707671773)
I/org.umd.logging(27865): Api > 1123 java.net.URL.openConnection(java.net.URL@374530642<URL=http://rt.applovin.com/pix?event=landing&ts=1481053996708&platform=Android&model=Nexus%204&package_name=com.miniclip.archery&sdk_key=WX_oGSeIwzKpolTSQUnvSXZ8BPwxdzZ8VTxn0a3xXNlK7HnXmXRD3_LFOFB0Dl9iI4UIeTEBwzV2EGZ_o0Cs_X&idfa=229d4aea-d76e-47c3-ad88-1eafdf3529f0&dnt=false&ia=1481053719000&api_did=107dcd1331f53c4ac0&brand=LGE&model=Nexus%204&revision=mako&sdk_version=6.3.2&os=5.1.1&orientation_lock=portrait&app_version=1.0.7&country_code=null&carrier=null&tz_offset=-5.0&postback_ts=1481053997041>)
I/org.umd.logging(27865): Api < 1123 java.net.URL.openConnection(com.android.okhttp.internal.http.HttpURLConnectionImpl@870596128)
I/org.umd.logging(27865): Method < 1114 com.applovin.impl.sdk.cz.run()
E/Cataloger( 5092): syncFile:/storage/emulated/0/2016-12-06_02:53:17.056.jpg
I/org.umd.logging(27865): Api > 1123 android.net.ConnectivityManager.getActiveNetworkInfo(android.net.ConnectivityManager@1050392154)
I/org.umd.logging(27865): Api < 1123 android.net.ConnectivityManager.getActiveNetworkInfo(android.net.NetworkInfo@974705054)
I/org.umd.logging(27865): Method < 1123 com.applovin.impl.sdk.dc.run()
I/org.umd.logging(27865): Method < 1123 com.applovin.impl.sdk.cp.run()
I/org.umd.logging(27865): Method < 1123 com.applovin.impl.sdk.cz.run()
I/org.umd.logging(27865): Method < 1115 com.unity3d.ads.configuration.InitializeThread$InitializeStateConfig.execute(com.unity3d.ads.configuration.InitializeThread$InitializeStateLoadCache@1055324571)
I/org.umd.logging(27865): Method > 1115 com.unity3d.ads.configuration.InitializeThread.run(com.unity3d.ads.configuration.InitializeThread@1038792586<thread=1115>)
I/org.umd.logging(27865): Method > 1115 com.unity3d.ads.configuration.InitializeThread$InitializeStateLoadCache.execute(com.unity3d.ads.configuration.InitializeThread$InitializeStateLoadCache@1055324571)
I/UnityAds(27865): com.unity3d.ads.configuration.InitializeThread$InitializeStateLoadCache.execute() (line:-1) :: Unity Ads init: webapp loaded from local cache
I/org.umd.logging(27865): Method < 1115 com.unity3d.ads.configuration.InitializeThread$InitializeStateLoadCache.execute(com.unity3d.ads.configuration.InitializeThread$InitializeStateCreate@1020638481)
I/org.umd.logging(27865): Method > 1115 com.unity3d.ads.configuration.InitializeThread.run(com.unity3d.ads.configuration.InitializeThread@1038792586<thread=1115>)
I/org.umd.logging(27865): Method > 1115 com.unity3d.ads.configuration.InitializeThread$InitializeStateCreate.execute(com.unity3d.ads.configuration.InitializeThread$InitializeStateCreate@1020638481)
I/org.umd.logging(27865): Method > 1115 com.unity3d.ads.misc.Utilities.runOnUiThread(com.unity3d.ads.webview.WebViewApp$1@221353079)
I/org.umd.logging(27865): Method > 1115 com.unity3d.ads.misc.Utilities.runOnUiThread(com.unity3d.ads.webview.WebViewApp$1@221353079, 0, null)
I/org.umd.logging(27865): Method < 1115 com.unity3d.ads.misc.Utilities.runOnUiThread()
I/org.umd.logging(27865): Method < 1115 com.unity3d.ads.misc.Utilities.runOnUiThread()
W/ResourceType(27865): No known package when getting name for resource number 0xffffffff
I/org.umd.logging(27865): Api > 1 android.webkit.WebView.<init>(android.webkit.WebView@887040399<file=2016-12-06_02:53:17.056><x=0><y=0><width=0><height=0><id=-1>, android.app.Application@830226945)
E/Cataloger( 5092): syncFile:/storage/emulated/0/2016-12-06_02:53:17.056.jpg
E/Cataloger( 5092): syncFile:/storage/emulated/0/2016-12-06_02:53:17.207.jpg
I/org.umd.logging(27865): Method > 1113 com.applovin.impl.sdk.cz.run(com.applovin.impl.sdk.cz@73574628)
I/org.umd.logging(27865): Method > 1113 com.applovin.impl.sdk.cr.run(com.applovin.impl.sdk.cr@573867010)
I/org.umd.logging(27865): Method > 1113 com.applovin.impl.sdk.dc.run(com.applovin.impl.sdk.cs@1273680)
I/org.umd.logging(27865): Api > 1113 android.net.ConnectivityManager.getActiveNetworkInfo(android.net.ConnectivityManager@1050392154)
I/org.umd.logging(27865): Api < 1113 android.net.ConnectivityManager.getActiveNetworkInfo(android.net.NetworkInfo@470873417)
W/ResourceType(27865): No known package when getting name for resource number 0xffffffff
I/org.umd.logging(27865): Api < 1 android.webkit.WebView.<init>(android.webkit.WebView@887040399<file=2016-12-06_02:53:17.207><x=0><y=0><width=0><height=0><id=-1>)
I/org.umd.logging(27865): Method < 1 com.vungle.publisher.ny$a$1.run()
E/Cataloger( 5092): syncFile:/storage/emulated/0/2016-12-06_02:53:17.207.jpg
I/org.umd.logging(27865): Method < 1118 com.vungle.publisher.qn$1.run()
I/org.umd.logging(27865): Method < 1118 com.vungle.publisher.cz$a$a.run()
I/org.umd.logging(27865): Method < 1119 com.vungle.publisher.qn$1.run()
I/org.umd.logging(27865): Method > 1118 com.vungle.publisher.cz$a$a.run(com.vungle.publisher.cz$a$a@935866492)
I/org.umd.logging(27865): Method < 1119 com.vungle.publisher.cz$a$a.run()
I/org.umd.logging(27865): Method > 1118 com.vungle.publisher.zb$6.run(com.vungle.publisher.zb$6@144347482)
I/org.umd.logging(27865): Method > 1 com.unity3d.ads.webview.WebViewApp$1.run(com.unity3d.ads.webview.WebViewApp$1@221353079)
I/org.umd.logging(27865): Api > 1118 java.net.URL.openConnection(java.net.URL@719350054<URL=https://api.vungle.com/api/v4/sessionStart>)
I/org.umd.logging(27865): Api < 1118 java.net.URL.openConnection(com.android.okhttp.internal.http.HttpsURLConnectionImpl@452626791)
E/Cataloger( 5092): syncFile:/storage/emulated/0/2016-12-06_02:53:17.372.jpg
I/org.umd.logging(27865): Method < 1118 com.vungle.publisher.zb$6.run()
I/org.umd.logging(27865): Method < 1118 com.vungle.publisher.cz$a$a.run()
W/ResourceType(27865): No known package when getting name for resource number 0xffffffff
I/org.umd.logging(27865): Api > 1 android.webkit.WebView.<init>(com.unity3d.ads.webview.WebView@631002371<file=2016-12-06_02:53:17.372><x=0><y=0><width=0><height=0><id=-1>, android.app.Application@830226945)
E/Cataloger( 5092): syncFile:/storage/emulated/0/2016-12-06_02:53:17.372.jpg
E/Cataloger( 5092): syncFile:/storage/emulated/0/2016-12-06_02:53:17.500.jpg
W/ResourceType(27865): No known package when getting name for resource number 0xffffffff
I/org.umd.logging(27865): Api < 1 android.webkit.WebView.<init>(com.unity3d.ads.webview.WebView@631002371<file=2016-12-06_02:53:17.500><x=0><y=0><width=0><height=0><id=-1>)
E/Cataloger( 5092): syncFile:/storage/emulated/0/2016-12-06_02:53:17.500.jpg
W/cr_media(27865): Requires BLUETOOTH permission
I/cr_Ime  (27865): ImeThread is enabled.
I/org.umd.logging(27865): Method < 1 com.unity3d.ads.webview.WebViewApp$1.run()
