W/ResourceType(28440): No known package when getting name for resource number 0xffffffff
I/org.umd.logging(28440): Method > 1061 com.unity3d.player.UnityPlayer.executeGLThreadJobs(com.unity3d.player.UnityPlayer@278128732<file=2016-12-06_02:55:32.408><x=0><y=0><width=768><height=1280><id=-1>)
I/org.umd.logging(28440): Method < 1061 com.unity3d.player.UnityPlayer.executeGLThreadJobs()
E/Cataloger( 5092): syncFile:/storage/emulated/0/2016-12-06_02:55:32.408.jpg
E/Cataloger( 5092): syncFile:/storage/emulated/0/2016-12-06_02:55:32.565.jpg
W/ResourceType(28440): No known package when getting name for resource number 0xffffffff
I/org.umd.logging(28440): Method > 1061 com.unity3d.player.UnityPlayer.executeGLThreadJobs(com.unity3d.player.UnityPlayer@278128732<file=2016-12-06_02:55:32.565><x=0><y=0><width=768><height=1280><id=-1>)
I/org.umd.logging(28440): Method < 1061 com.unity3d.player.UnityPlayer.executeGLThreadJobs()
E/Cataloger( 5092): syncFile:/storage/emulated/0/2016-12-06_02:55:32.565.jpg
E/Cataloger( 5092): syncFile:/storage/emulated/0/2016-12-06_02:55:32.695.jpg
W/ResourceType(28440): No known package when getting name for resource number 0xffffffff
I/org.umd.logging(28440): Method > 1061 com.unity3d.player.UnityPlayer.executeGLThreadJobs(com.unity3d.player.UnityPlayer@278128732<file=2016-12-06_02:55:32.695><x=0><y=0><width=768><height=1280><id=-1>)
I/org.umd.logging(28440): Method < 1061 com.unity3d.player.UnityPlayer.executeGLThreadJobs()
E/Cataloger( 5092): syncFile:/storage/emulated/0/2016-12-06_02:55:32.695.jpg
E/Cataloger( 5092): syncFile:/storage/emulated/0/2016-12-06_02:55:32.842.jpg
W/ResourceType(28440): No known package when getting name for resource number 0xffffffff
I/org.umd.logging(28440): Method > 1061 com.unity3d.player.UnityPlayer.executeGLThreadJobs(com.unity3d.player.UnityPlayer@278128732<file=2016-12-06_02:55:32.842><x=0><y=0><width=768><height=1280><id=-1>)
I/org.umd.logging(28440): Method < 1061 com.unity3d.player.UnityPlayer.executeGLThreadJobs()
E/Cataloger( 5092): syncFile:/storage/emulated/0/2016-12-06_02:55:32.842.jpg
E/Cataloger( 5092): syncFile:/storage/emulated/0/2016-12-06_02:55:32.975.jpg
W/ResourceType(28440): No known package when getting name for resource number 0xffffffff
I/org.umd.logging(28440): Method > 1061 com.unity3d.player.UnityPlayer.executeGLThreadJobs(com.unity3d.player.UnityPlayer@278128732<file=2016-12-06_02:55:32.975><x=0><y=0><width=768><height=1280><id=-1>)
I/org.umd.logging(28440): Method < 1061 com.unity3d.player.UnityPlayer.executeGLThreadJobs()
E/Cataloger( 5092): syncFile:/storage/emulated/0/2016-12-06_02:55:32.975.jpg
E/Cataloger( 5092): syncFile:/storage/emulated/0/2016-12-06_02:55:33.105.jpg
E/Cataloger( 5092): syncFile:/storage/emulated/0/2016-12-06_02:55:33.132.jpg
W/ResourceType(28440): No known package when getting name for resource number 0xffffffff
I/org.umd.logging(28440): Method > 1 com.unity3d.player.UnityPlayer.onTouchEvent(com.unity3d.player.UnityPlayer@278128732<file=2016-12-06_02:55:33.132><x=0><y=0><width=768><height=1280><id=-1>, android.view.MotionEvent@262325080)
E/Cataloger( 5092): syncFile:/storage/emulated/0/2016-12-06_02:55:33.132.jpg
I/org.umd.logging(28440): Method < 1 com.unity3d.player.UnityPlayer.onTouchEvent(true)
E/Cataloger( 5092): syncFile:/storage/emulated/0/2016-12-06_02:55:33.263.jpg
W/ResourceType(28440): No known package when getting name for resource number 0xffffffff
I/org.umd.logging(28440): Method > 1061 com.unity3d.player.UnityPlayer.executeGLThreadJobs(com.unity3d.player.UnityPlayer@278128732<file=2016-12-06_02:55:33.105><x=0><y=0><width=768><height=1280><id=-1>)
I/org.umd.logging(28440): Method < 1061 com.unity3d.player.UnityPlayer.executeGLThreadJobs()
E/Cataloger( 5092): syncFile:/storage/emulated/0/2016-12-06_02:55:33.105.jpg
E/Cataloger( 5092): syncFile:/storage/emulated/0/2016-12-06_02:55:33.335.jpg
W/ResourceType(28440): No known package when getting name for resource number 0xffffffff
I/org.umd.logging(28440): Method > 1 com.unity3d.player.UnityPlayer.onTouchEvent(com.unity3d.player.UnityPlayer@278128732<file=2016-12-06_02:55:33.263><x=0><y=0><width=768><height=1280><id=-1>, android.view.MotionEvent@262325080)
I/org.umd.logging(28440): Method < 1 com.unity3d.player.UnityPlayer.onTouchEvent(true)
E/Cataloger( 5092): syncFile:/storage/emulated/0/2016-12-06_02:55:33.263.jpg
E/Cataloger( 5092): syncFile:/storage/emulated/0/2016-12-06_02:55:33.417.jpg
W/ResourceType(28440): No known package when getting name for resource number 0xffffffff
I/org.umd.logging(28440): Method > 1061 com.unity3d.player.UnityPlayer.executeGLThreadJobs(com.unity3d.player.UnityPlayer@278128732<file=2016-12-06_02:55:33.335><x=0><y=0><width=768><height=1280><id=-1>)
I/org.umd.logging(28440): Method < 1061 com.unity3d.player.UnityPlayer.executeGLThreadJobs()
E/Cataloger( 5092): syncFile:/storage/emulated/0/2016-12-06_02:55:33.335.jpg
E/Cataloger( 5092): syncFile:/storage/emulated/0/2016-12-06_02:55:33.469.jpg
W/ResourceType(28440): No known package when getting name for resource number 0xffffffff
I/org.umd.logging(28440): Method > 1 com.unity3d.player.UnityPlayer.onTouchEvent(com.unity3d.player.UnityPlayer@278128732<file=2016-12-06_02:55:33.417><x=0><y=0><width=768><height=1280><id=-1>, android.view.MotionEvent@262325080)
I/org.umd.logging(28440): Method < 1 com.unity3d.player.UnityPlayer.onTouchEvent(true)
E/Cataloger( 5092): syncFile:/storage/emulated/0/2016-12-06_02:55:33.417.jpg
W/ResourceType(28440): No known package when getting name for resource number 0xffffffff
I/org.umd.logging(28440): Method > 1061 com.unity3d.player.UnityPlayer.executeGLThreadJobs(com.unity3d.player.UnityPlayer@278128732<file=2016-12-06_02:55:33.469><x=0><y=0><width=768><height=1280><id=-1>)
I/org.umd.logging(28440): Method < 1061 com.unity3d.player.UnityPlayer.executeGLThreadJobs()
E/Cataloger( 5092): syncFile:/storage/emulated/0/2016-12-06_02:55:33.469.jpg
E/Cataloger( 5092): syncFile:/storage/emulated/0/2016-12-06_02:55:33.597.jpg
W/ResourceType(28440): No known package when getting name for resource number 0xffffffff
I/org.umd.logging(28440): Method > 1061 com.unity3d.player.UnityPlayer.executeGLThreadJobs(com.unity3d.player.UnityPlayer@278128732<file=2016-12-06_02:55:33.597><x=0><y=0><width=768><height=1280><id=-1>)
I/org.umd.logging(28440): Method < 1061 com.unity3d.player.UnityPlayer.executeGLThreadJobs()
E/Cataloger( 5092): syncFile:/storage/emulated/0/2016-12-06_02:55:33.597.jpg
E/Cataloger( 5092): syncFile:/storage/emulated/0/2016-12-06_02:55:33.776.jpg
W/ResourceType(28440): No known package when getting name for resource number 0xffffffff
I/org.umd.logging(28440): Method > 1061 com.unity3d.player.UnityPlayer.executeGLThreadJobs(com.unity3d.player.UnityPlayer@278128732<file=2016-12-06_02:55:33.776><x=0><y=0><width=768><height=1280><id=-1>)
I/org.umd.logging(28440): Method < 1061 com.unity3d.player.UnityPlayer.executeGLThreadJobs()
E/Cataloger( 5092): syncFile:/storage/emulated/0/2016-12-06_02:55:33.776.jpg
E/Cataloger( 5092): syncFile:/storage/emulated/0/2016-12-06_02:55:33.896.jpg
W/ResourceType(28440): No known package when getting name for resource number 0xffffffff
I/org.umd.logging(28440): Method > 1061 com.unity3d.player.UnityPlayer.executeGLThreadJobs(com.unity3d.player.UnityPlayer@278128732<file=2016-12-06_02:55:33.896><x=0><y=0><width=768><height=1280><id=-1>)
I/org.umd.logging(28440): Method < 1061 com.unity3d.player.UnityPlayer.executeGLThreadJobs()
E/Cataloger( 5092): syncFile:/storage/emulated/0/2016-12-06_02:55:33.896.jpg
E/Cataloger( 5092): syncFile:/storage/emulated/0/2016-12-06_02:55:34.068.jpg
W/ResourceType(28440): No known package when getting name for resource number 0xffffffff
I/org.umd.logging(28440): Method > 1061 com.unity3d.player.UnityPlayer.executeGLThreadJobs(com.unity3d.player.UnityPlayer@278128732<file=2016-12-06_02:55:34.068><x=0><y=0><width=768><height=1280><id=-1>)
I/org.umd.logging(28440): Method < 1061 com.unity3d.player.UnityPlayer.executeGLThreadJobs()
E/Cataloger( 5092): syncFile:/storage/emulated/0/2016-12-06_02:55:34.068.jpg
E/Cataloger( 5092): syncFile:/storage/emulated/0/2016-12-06_02:55:34.212.jpg
E/Cataloger( 5092): syncFile:/storage/emulated/0/2016-12-06_02:55:34.292.jpg
W/ResourceType(28440): No known package when getting name for resource number 0xffffffff
E/Cataloger( 5092): syncFile:/storage/emulated/0/2016-12-06_02:55:34.212.jpg
I/org.umd.logging(28440): Method > 1061 com.unity3d.player.UnityPlayer.executeGLThreadJobs(com.unity3d.player.UnityPlayer@278128732<file=2016-12-06_02:55:34.212><x=0><y=0><width=768><height=1280><id=-1>)
I/org.umd.logging(28440): Method < 1061 com.unity3d.player.UnityPlayer.executeGLThreadJobs()
E/Cataloger( 5092): syncFile:/storage/emulated/0/2016-12-06_02:55:34.343.jpg
W/ResourceType(28440): No known package when getting name for resource number 0xffffffff
I/org.umd.logging(28440): Method > 1 com.unity3d.player.UnityPlayer.onTouchEvent(com.unity3d.player.UnityPlayer@278128732<file=2016-12-06_02:55:34.292><x=0><y=0><width=768><height=1280><id=-1>, android.view.MotionEvent@128314923)
E/Cataloger( 5092): syncFile:/storage/emulated/0/2016-12-06_02:55:34.292.jpg
I/org.umd.logging(28440): Method < 1 com.unity3d.player.UnityPlayer.onTouchEvent(true)
E/Cataloger( 5092): syncFile:/storage/emulated/0/2016-12-06_02:55:34.428.jpg
W/ResourceType(28440): No known package when getting name for resource number 0xffffffff
I/org.umd.logging(28440): Method > 1061 com.unity3d.player.UnityPlayer.executeGLThreadJobs(com.unity3d.player.UnityPlayer@278128732<file=2016-12-06_02:55:34.343><x=0><y=0><width=768><height=1280><id=-1>)
I/org.umd.logging(28440): Method < 1061 com.unity3d.player.UnityPlayer.executeGLThreadJobs()
E/Cataloger( 5092): syncFile:/storage/emulated/0/2016-12-06_02:55:34.343.jpg
E/Cataloger( 5092): syncFile:/storage/emulated/0/2016-12-06_02:55:34.504.jpg
W/ResourceType(28440): No known package when getting name for resource number 0xffffffff
I/org.umd.logging(28440): Method > 1 com.unity3d.player.UnityPlayer.onTouchEvent(com.unity3d.player.UnityPlayer@278128732<file=2016-12-06_02:55:34.428><x=0><y=0><width=768><height=1280><id=-1>, android.view.MotionEvent@128314923)
E/Cataloger( 5092): syncFile:/storage/emulated/0/2016-12-06_02:55:34.428.jpg
I/org.umd.logging(28440): Method < 1 com.unity3d.player.UnityPlayer.onTouchEvent(true)
E/Cataloger( 5092): syncFile:/storage/emulated/0/2016-12-06_02:55:34.549.jpg
W/ResourceType(28440): No known package when getting name for resource number 0xffffffff
I/org.umd.logging(28440): Method > 1061 com.unity3d.player.UnityPlayer.executeGLThreadJobs(com.unity3d.player.UnityPlayer@278128732<file=2016-12-06_02:55:34.504><x=0><y=0><width=768><height=1280><id=-1>)
I/org.umd.logging(28440): Method < 1061 com.unity3d.player.UnityPlayer.executeGLThreadJobs()
E/Cataloger( 5092): syncFile:/storage/emulated/0/2016-12-06_02:55:34.504.jpg
E/Cataloger( 5092): syncFile:/storage/emulated/0/2016-12-06_02:55:34.632.jpg
W/ResourceType(28440): No known package when getting name for resource number 0xffffffff
I/org.umd.logging(28440): Method > 1 com.unity3d.player.UnityPlayer.onTouchEvent(com.unity3d.player.UnityPlayer@278128732<file=2016-12-06_02:55:34.549><x=0><y=0><width=768><height=1280><id=-1>, android.view.MotionEvent@128314923)
I/org.umd.logging(28440): Method < 1 com.unity3d.player.UnityPlayer.onTouchEvent(true)
E/Cataloger( 5092): syncFile:/storage/emulated/0/2016-12-06_02:55:34.549.jpg
W/ResourceType(28440): No known package when getting name for resource number 0xffffffff
I/org.umd.logging(28440): Method > 1061 com.unity3d.player.UnityPlayer.executeGLThreadJobs(com.unity3d.player.UnityPlayer@278128732<file=2016-12-06_02:55:34.632><x=0><y=0><width=768><height=1280><id=-1>)
I/org.umd.logging(28440): Method < 1061 com.unity3d.player.UnityPlayer.executeGLThreadJobs()
E/Cataloger( 5092): syncFile:/storage/emulated/0/2016-12-06_02:55:34.632.jpg
E/Cataloger( 5092): syncFile:/storage/emulated/0/2016-12-06_02:55:34.784.jpg
W/ResourceType(28440): No known package when getting name for resource number 0xffffffff
I/org.umd.logging(28440): Method > 1061 com.unity3d.player.UnityPlayer.executeGLThreadJobs(com.unity3d.player.UnityPlayer@278128732<file=2016-12-06_02:55:34.784><x=0><y=0><width=768><height=1280><id=-1>)
I/org.umd.logging(28440): Method < 1061 com.unity3d.player.UnityPlayer.executeGLThreadJobs()
E/Cataloger( 5092): syncFile:/storage/emulated/0/2016-12-06_02:55:34.784.jpg
W/ResourceType(  729): No package identifier when getting value for resource number 0x00000000
W/PackageManager(  729): Failure retrieving resources for com.miniclip.archery: Resource ID #0x0
I/ActivityManager(  591): START u0 {act=com.android.systemui.recents.SHOW_RECENTS flg=0x10804000 cmp=com.android.systemui/.recents.RecentsActivity} from uid 10022 on display 0
I/org.umd.logging(28440): Method > 1 com.simple.customactivity.CustomActivity.onPause(com.simple.customactivity.CustomActivity@724061<activity=true>)
I/org.umd.logging(28440): Method > 1 com.miniclip.framework.AbstractActivityListener.onPause(com.miniclip.mcgoliath.MCGoliathWrapper@416230468)
I/org.umd.logging(28440): Method < 1 com.miniclip.framework.AbstractActivityListener.onPause()
I/org.umd.logging(28440): Method > 1 com.miniclip.events.EventDispatcher.onPause(com.miniclip.events.EventDispatcher@926822371)
I/org.umd.logging(28440): Method < 1 com.miniclip.events.EventDispatcher.onPause()
I/org.umd.logging(28440): Method > 1 com.miniclip.framework.AbstractActivityListener.onPause(com.miniclip.newsfeed.NewsfeedGUI@579601178)
I/org.umd.logging(28440): Method < 1 com.miniclip.framework.AbstractActivityListener.onPause()
I/org.umd.logging(28440): Method > 1 com.prime31.UnityPlayerNativeActivity.onPause(com.simple.customactivity.CustomActivity@724061<activity=true>)
I/org.umd.logging(28440): Method > 1 com.unity3d.player.UnityPlayerActivity.onPause(com.simple.customactivity.CustomActivity@724061<activity=true>)
I/org.umd.logging(28440): Method > 1 com.vungle.publisher.VunglePubBase.onPause(com.vungle.publisher.VunglePub@102155586)
E/Cataloger( 5092): syncFile:/storage/emulated/0/2016-12-06_02:55:34.983.jpg
I/org.umd.logging(28440): Method < 1 com.vungle.publisher.VunglePubBase.onPause()
I/org.umd.logging(28440): Method > 1150 com.facebook.appevents.internal.ActivityLifecycleTracker$4.run(com.facebook.appevents.internal.ActivityLifecycleTracker$4@221998900)
I/org.umd.logging(28440): Method < 1150 com.facebook.appevents.internal.ActivityLifecycleTracker$4.run()
W/ResourceType(28440): No known package when getting name for resource number 0xffffffff
I/org.umd.logging(28440): Method > 1061 com.unity3d.player.UnityPlayer.executeGLThreadJobs(com.unity3d.player.UnityPlayer@278128732<file=2016-12-06_02:55:34.983><x=0><y=0><width=768><height=1280><id=-1>)
I/org.umd.logging(28440): Method > 1061 com.unity3d.player.UnityPlayer$c.run(com.unity3d.player.UnityPlayer$8@879255901)
I/org.umd.logging(28440): Method < 1061 com.unity3d.player.UnityPlayer$c.run()
E/Cataloger( 5092): syncFile:/storage/emulated/0/2016-12-06_02:55:34.983.jpg
E/Cataloger( 5092): syncFile:/storage/emulated/0/2016-12-06_02:55:35.161.jpg
W/ResourceType(28440): No known package when getting name for resource number 0xffffffff
I/org.umd.logging(28440): Method > 1061 com.unity3d.player.UnityPlayer.executeGLThreadJobs(com.unity3d.player.UnityPlayer@278128732<file=2016-12-06_02:55:35.161><x=0><y=0><width=768><height=1280><id=-1>)
I/org.umd.logging(28440): Method > 1061 com.unity3d.player.UnityPlayer$c.run(com.unity3d.player.UnityPlayer$10@873985955)
I/org.umd.logging(28440): Method < 1061 com.unity3d.player.UnityPlayer$c.run()
E/Cataloger( 5092): syncFile:/storage/emulated/0/2016-12-06_02:55:35.161.jpg
E/Cataloger( 5092): syncFile:/storage/emulated/0/2016-12-06_02:55:35.270.jpg
W/ResourceType(28440): No known package when getting name for resource number 0xffffffff
I/org.umd.logging(28440): Method > 1061 com.unity3d.player.UnityPlayer.executeGLThreadJobs(com.unity3d.player.UnityPlayer@278128732<file=2016-12-06_02:55:35.270><x=0><y=0><width=768><height=1280><id=-1>)
I/org.umd.logging(28440): Method > 1061 com.unity3d.player.UnityPlayer$18.run(com.unity3d.player.UnityPlayer$18@399423065)
E/Cataloger( 5092): syncFile:/storage/emulated/0/2016-12-06_02:55:35.270.jpg
I/org.umd.logging(28440): Method > 1061 com.adjust.sdk.Adjust.onPause()
I/org.umd.logging(28440): Method > 1061 com.adjust.sdk.AdjustInstance.onPause(com.adjust.sdk.AdjustInstance@342309957)
I/org.umd.logging(28440): Method < 1061 com.adjust.sdk.AdjustInstance.onPause()
I/org.umd.logging(28440): Method < 1061 com.adjust.sdk.Adjust.onPause()
I/org.umd.logging(28440): Method < 1097 org.fmod.FMODAudioDevice.run()
I/org.umd.logging(28440): Method < 1061 com.unity3d.player.UnityPlayer$18.run()
I/org.umd.logging(28440): Method < 1 com.unity3d.player.UnityPlayerActivity.onPause()
I/org.umd.logging(28440): Method < 1 com.prime31.UnityPlayerNativeActivity.onPause()
I/org.umd.logging(28440): Method < 1 com.simple.customactivity.CustomActivity.onPause()
I/Choreographer(28440): Skipped 30 frames!  The application may be doing too much work on its main thread.
E/Cataloger( 5092): syncFile:/storage/emulated/0/Android/data/com.miniclip.archery/files/mcgoliath_info.goliath
E/Cataloger( 5092): need not sync path:/storage/emulated/0/Android/data/com.miniclip.archery/files/mcgoliath_info.goliath
W/InputMethodManagerService(  591): Starting input on non-focused client com.android.internal.view.IInputMethodClient$Stub$Proxy@11c03749 (uid=10240 pid=28440)
I/org.umd.logging(28440): Method > 1 com.unity3d.player.UnityPlayer$7.run(com.unity3d.player.UnityPlayer$7@1001086741)
I/org.umd.logging(28440): Method < 1 com.unity3d.player.UnityPlayer$7.run()
E/Cataloger( 5092): syncFile:/storage/emulated/0/2016-12-06_02:55:35.518.jpg
W/ResourceType(28440): No known package when getting name for resource number 0xffffffff
I/org.umd.logging(28440): Method > 1061 com.unity3d.player.UnityPlayer.executeGLThreadJobs(com.unity3d.player.UnityPlayer@278128732<file=2016-12-06_02:55:35.518><x=0><y=0><width=768><height=1280><id=-1>)
I/org.umd.logging(28440): Method > 1061 com.unity3d.player.UnityPlayer$20.run(com.unity3d.player.UnityPlayer$20@966965275)
E/Cataloger( 5092): syncFile:/storage/emulated/0/2016-12-06_02:55:35.518.jpg
I/org.umd.logging(28440): Method < 1061 com.unity3d.player.UnityPlayer$20.run()
E/Cataloger( 5092): syncFile:/storage/emulated/0/2016-12-06_02:55:35.667.jpg
I/ActivityManager(  591): Killing 28440:com.miniclip.archery/u0a240 (adj 9): remove task
D/ConnectivityService(  591): ConnectivityService NetworkRequestInfo binderDied(NetworkRequest [ id=57, legacyType=-1, [ Capabilities: INTERNET&NOT_RESTRICTED&TRUSTED] ], android.os.BinderProxy@2b25f84e)
I/WindowState(  591): WIN DEATH: Window{10cc920b u0 com.miniclip.archery/com.simple.customactivity.CustomActivity}
W/WindowManager(  591): Force-removing child win Window{16b043e7 u0 SurfaceView} from container Window{10cc920b u0 com.miniclip.archery/com.simple.customactivity.CustomActivity}
D/ConnectivityService(  591): ConnectivityService NetworkRequestInfo binderDied(NetworkRequest [ id=59, legacyType=-1, [ Capabilities: NOT_RESTRICTED&TRUSTED&NOT_VPN] ], android.os.BinderProxy@b26ad6f)
D/ConnectivityService(  591): releasing NetworkRequest NetworkRequest [ id=57, legacyType=-1, [ Capabilities: INTERNET&NOT_RESTRICTED&TRUSTED] ]
E/ConnectivityService(  591): RemoteException caught trying to send a callback msg for NetworkRequest [ id=57, legacyType=-1, [ Capabilities: INTERNET&NOT_RESTRICTED&TRUSTED] ]
D/ConnectivityService(  591): ConnectivityService NetworkRequestInfo binderDied(NetworkRequest [ id=58, legacyType=-1, [ Capabilities: INTERNET&NOT_RESTRICTED&TRUSTED] ], android.os.BinderProxy@1b29da7c)
D/ConnectivityService(  591): releasing NetworkRequest NetworkRequest [ id=59, legacyType=-1, [ Capabilities: NOT_RESTRICTED&TRUSTED&NOT_VPN] ]
E/ConnectivityService(  591): RemoteException caught trying to send a callback msg for NetworkRequest [ id=59, legacyType=-1, [ Capabilities: NOT_RESTRICTED&TRUSTED&NOT_VPN] ]
D/ConnectivityService(  591): releasing NetworkRequest NetworkRequest [ id=58, legacyType=-1, [ Capabilities: INTERNET&NOT_RESTRICTED&TRUSTED] ]
E/ConnectivityService(  591): RemoteException caught trying to send a callback msg for NetworkRequest [ id=58, legacyType=-1, [ Capabilities: INTERNET&NOT_RESTRICTED&TRUSTED] ]
W/WindowManager(  591): Failed looking up window
W/WindowManager(  591): java.lang.IllegalArgumentException: Requested window android.os.BinderProxy@12467da6 does not exist
W/WindowManager(  591): 	at com.android.server.wm.WindowManagerService.windowForClientLocked(WindowManagerService.java:8539)
W/WindowManager(  591): 	at com.android.server.wm.WindowManagerService.windowForClientLocked(WindowManagerService.java:8530)
W/WindowManager(  591): 	at com.android.server.wm.WindowState$DeathRecipient.binderDied(WindowState.java:1142)
W/WindowManager(  591): 	at android.os.BinderProxy.sendDeathNotice(Binder.java:551)
I/WindowState(  591): WIN DEATH: null
E/Cataloger( 5092): syncFile:/storage/emulated/0/2016-12-06_02:55:35.667.jpg
I/ActivityManager(  591): START u0 {act=android.intent.action.MAIN cat=[android.intent.category.HOME] flg=0x10200000 cmp=com.android.launcher/com.android.launcher2.Launcher} from uid 10022 on display 0
D/TaskPersister(  591): removeObsoleteFile: deleting file=94_task.xml
D/TaskPersister(  591): removeObsoleteFile: deleting file=94_task_thumbnail.png
W/OpenGLRenderer( 1097): Incorrectly called buildLayer on View: ShortcutAndWidgetContainer, destroying layer...
W/OpenGLRenderer( 1097): Incorrectly called buildLayer on View: ShortcutAndWidgetContainer, destroying layer...
D/audio_hw_primary(  188): disable_audio_route: reset and update mixer path: low-latency-playback
D/audio_hw_primary(  188): disable_snd_device: snd_device(2: speaker)
I/DownloadManagerWrapper(  985): onReceive() : Charging = true
