E/Cataloger( 5092): syncFile:/storage/emulated/0/2016-12-06_02:54:57.205.jpg
W/cr_media(28440): Requires BLUETOOTH permission
I/cr_Ime  (28440): ImeThread is enabled.
I/org.umd.logging(28440): Method < 1 com.unity3d.ads.webview.WebViewApp$1.run()
I/org.umd.logging(28440): Api > 1118 java.net.URL.openConnection(java.net.URL@874682967<URL=http://a.applovin.com/2.0/ad?accept=custom_size,launch_app,video&api_did=107dcd1331f53c4ac0&country_code=&size=INTER&carrier=&preloading=true&idfa=229d4aea-d76e-47c3-ad88-1eafdf3529f0&wvvc=284008500&dy=1184&format=json&orientation_lock=portrait&require=REGULAR&sdk_key=WX_oGSeIwzKpolTSQUnvSXZ8BPwxdzZ8VTxn0a3xXNlK7HnXmXRD3_LFOFB0Dl9iI4UIeTEBwzV2EGZ_o0Cs_X&v1=true&si=0&dnt=false&dx=768&locale=en_US&revision=mako&ia=1481053719000&li=0&os=5.1.1&tz_offset=-5.0&network=wifi&platform=android&app_version=1.0.7&brand=LGE&sdk_version=6.3.2&v2=true&vz=b32c1e18d5ce8405&model=Nexus+4>)
I/org.umd.logging(28440): Api < 1118 java.net.URL.openConnection(com.android.okhttp.internal.http.HttpURLConnectionImpl@873228612)
I/org.umd.logging(28440): Api > 1118 android.net.ConnectivityManager.getActiveNetworkInfo(android.net.ConnectivityManager@1050392154)
I/org.umd.logging(28440): Api < 1118 android.net.ConnectivityManager.getActiveNetworkInfo(android.net.NetworkInfo@536066605)
I/org.umd.logging(28440): Method < 1118 com.applovin.impl.sdk.dc.run()
I/org.umd.logging(28440): Method < 1118 com.applovin.impl.sdk.cr.run()
I/org.umd.logging(28440): Api > 1118 android.net.ConnectivityManager.getActiveNetworkInfo(android.net.ConnectivityManager@1050392154)
I/org.umd.logging(28440): Api < 1118 android.net.ConnectivityManager.getActiveNetworkInfo(android.net.NetworkInfo@156117858)
I/org.umd.logging(28440): Method < 1118 com.applovin.impl.sdk.cz.run()
I/org.umd.logging(28440): Method > 1118 com.applovin.impl.sdk.cz.run(com.applovin.impl.sdk.cz@927761651)
I/org.umd.logging(28440): Method > 1118 com.applovin.impl.sdk.cr.run(com.applovin.impl.sdk.cr@587781552)
I/org.umd.logging(28440): Method > 1118 com.applovin.impl.sdk.dc.run(com.applovin.impl.sdk.cs@301911081)
I/org.umd.logging(28440): Api > 1118 android.net.ConnectivityManager.getActiveNetworkInfo(android.net.ConnectivityManager@1050392154)
I/org.umd.logging(28440): Api < 1118 android.net.ConnectivityManager.getActiveNetworkInfo(android.net.NetworkInfo@476552110)
E/libEGL  (28440): validate_display:255 error 3008 (EGL_BAD_DISPLAY)
I/org.umd.logging(28440): Api > 1118 java.net.URL.openConnection(java.net.URL@773692636<URL=http://a.applovin.com/2.0/ad?accept=custom_size,launch_app,video&api_did=107dcd1331f53c4ac0&country_code=&size=INTER&carrier=&preloading=true&idfa=229d4aea-d76e-47c3-ad88-1eafdf3529f0&wvvc=284008500&dy=1184&format=json&orientation_lock=portrait&require=VIDEOA&etf=538&sdk_key=WX_oGSeIwzKpolTSQUnvSXZ8BPwxdzZ8VTxn0a3xXNlK7HnXmXRD3_LFOFB0Dl9iI4UIeTEBwzV2EGZ_o0Cs_X&v1=true&si=0&dnt=false&dx=768&locale=en_US&revision=mako&ia=1481053719000&li=0&os=5.1.1&tz_offset=-5.0&network=wifi&platform=android&app_version=1.0.7&brand=LGE&sdk_version=6.3.2&ntf=wifi&v2=true&vz=b32c1e18d5ce8405&model=Nexus+4>)
I/org.umd.logging(28440): Api < 1118 java.net.URL.openConnection(com.android.okhttp.internal.http.HttpURLConnectionImpl@378470885)
I/VideoCapabilities(28440): Unsupported profile 4 for video/mp4v-es
W/cr_BindingManager(28440): Cannot call determinedVisibility() - never saw a connection for the pid: 28440
I/org.umd.logging(28440): Api > 1118 android.net.ConnectivityManager.getActiveNetworkInfo(android.net.ConnectivityManager@1050392154)
I/org.umd.logging(28440): Api < 1118 android.net.ConnectivityManager.getActiveNetworkInfo(android.net.NetworkInfo@160810170)
I/org.umd.logging(28440): Method < 1118 com.applovin.impl.sdk.dc.run()
I/org.umd.logging(28440): Method < 1118 com.applovin.impl.sdk.cr.run()
I/org.umd.logging(28440): Api > 1118 android.net.ConnectivityManager.getActiveNetworkInfo(android.net.ConnectivityManager@1050392154)
I/org.umd.logging(28440): Api < 1118 android.net.ConnectivityManager.getActiveNetworkInfo(android.net.NetworkInfo@412196715)
I/org.umd.logging(28440): Method < 1118 com.applovin.impl.sdk.cz.run()
I/org.umd.logging(28440): Method > 1118 com.applovin.impl.sdk.cz.run(com.applovin.impl.sdk.cz@206940872)
I/org.umd.logging(28440): Method > 1118 com.applovin.impl.sdk.cr.run(com.applovin.impl.sdk.cr@959633249)
I/org.umd.logging(28440): Method > 1118 com.applovin.impl.sdk.dc.run(com.applovin.impl.sdk.cs@239825542)
I/org.umd.logging(28440): Api > 1118 android.net.ConnectivityManager.getActiveNetworkInfo(android.net.ConnectivityManager@1050392154)
I/org.umd.logging(28440): Api < 1118 android.net.ConnectivityManager.getActiveNetworkInfo(android.net.NetworkInfo@749258567)
I/org.umd.logging(28440): Api > 1118 java.net.URL.openConnection(java.net.URL@367298717<URL=http://a.applovin.com/2.0/ad?accept=custom_size,launch_app,video&api_did=107dcd1331f53c4ac0&country_code=&size=INTER&carrier=&preloading=true&idfa=229d4aea-d76e-47c3-ad88-1eafdf3529f0&wvvc=284008500&dy=1184&format=json&orientation_lock=portrait&require=VIDEOA&etf=411&sdk_key=WX_oGSeIwzKpolTSQUnvSXZ8BPwxdzZ8VTxn0a3xXNlK7HnXmXRD3_LFOFB0Dl9iI4UIeTEBwzV2EGZ_o0Cs_X&v1=true&si=0&dnt=false&dx=768&locale=en_US&revision=mako&ia=1481053719000&li=0&os=5.1.1&tz_offset=-5.0&network=wifi&platform=android&app_version=1.0.7&brand=LGE&sdk_version=6.3.2&ntf=wifi&v2=true&vz=b32c1e18d5ce8405&model=Nexus+4>)
I/org.umd.logging(28440): Api < 1118 java.net.URL.openConnection(com.android.okhttp.internal.http.HttpURLConnectionImpl@979120402)
E/chromium(28440): [ERROR:interface_registry.cc(99)] Failed to locate a binder for interface: autofill::mojom::AutofillDriver
I/org.umd.logging(28440): Method > 1140 com.unity3d.ads.misc.Utilities.runOnUiThread(com.unity3d.ads.webview.WebView$JavaScriptInvocation@714410720)
I/org.umd.logging(28440): Method > 1140 com.unity3d.ads.misc.Utilities.runOnUiThread(com.unity3d.ads.webview.WebView$JavaScriptInvocation@714410720, 0, null)
I/org.umd.logging(28440): Method > 1 com.unity3d.ads.webview.WebView$JavaScriptInvocation.run(com.unity3d.ads.webview.WebView$JavaScriptInvocation@714410720)
I/org.umd.logging(28440): Method < 1140 com.unity3d.ads.misc.Utilities.runOnUiThread()
I/org.umd.logging(28440): Method < 1 com.unity3d.ads.webview.WebView$JavaScriptInvocation.run()
I/org.umd.logging(28440): Method < 1140 com.unity3d.ads.misc.Utilities.runOnUiThread()
I/org.umd.logging(28440): Method > 1 com.unity3d.player.UnityPlayer$4.run(com.unity3d.player.UnityPlayer$4@1008161052)
I/org.umd.logging(28440): Method < 1 com.unity3d.player.UnityPlayer$4.run()
I/org.umd.logging(28440): Api > 1118 android.net.ConnectivityManager.getActiveNetworkInfo(android.net.ConnectivityManager@1050392154)
I/org.umd.logging(28440): Api < 1118 android.net.ConnectivityManager.getActiveNetworkInfo(android.net.NetworkInfo@335942041)
I/org.umd.logging(28440): Method > 1140 com.unity3d.ads.misc.Utilities.runOnUiThread(com.unity3d.ads.webview.WebView$JavaScriptInvocation@96557119)
I/org.umd.logging(28440): Method > 1140 com.unity3d.ads.misc.Utilities.runOnUiThread(com.unity3d.ads.webview.WebView$JavaScriptInvocation@96557119, 0, null)
I/org.umd.logging(28440): Method > 1 com.unity3d.ads.webview.WebView$JavaScriptInvocation.run(com.unity3d.ads.webview.WebView$JavaScriptInvocation@96557119)
I/org.umd.logging(28440): Method < 1 com.unity3d.ads.webview.WebView$JavaScriptInvocation.run()
I/org.umd.logging(28440): Method < 1140 com.unity3d.ads.misc.Utilities.runOnUiThread()
I/org.umd.logging(28440): Method < 1140 com.unity3d.ads.misc.Utilities.runOnUiThread()
I/org.umd.logging(28440): Method < 1118 com.applovin.impl.sdk.dc.run()
I/org.umd.logging(28440): Method < 1118 com.applovin.impl.sdk.cr.run()
I/org.umd.logging(28440): Api > 1118 android.net.ConnectivityManager.getActiveNetworkInfo(android.net.ConnectivityManager@1050392154)
I/org.umd.logging(28440): Api < 1118 android.net.ConnectivityManager.getActiveNetworkInfo(android.net.NetworkInfo@468710668)
I/org.umd.logging(28440): Method < 1118 com.applovin.impl.sdk.cz.run()
I/org.umd.logging(28440): Method > 1118 com.applovin.impl.sdk.cz.run(com.applovin.impl.sdk.cz@354233941)
I/org.umd.logging(28440): Method > 1118 com.applovin.impl.sdk.cr.run(com.applovin.impl.sdk.ct@108869979)
I/org.umd.logging(28440): Method > 1118 com.applovin.impl.sdk.dc.run(com.applovin.impl.sdk.cs@573396472)
I/org.umd.logging(28440): Api > 1118 android.net.ConnectivityManager.getActiveNetworkInfo(android.net.ConnectivityManager@1050392154)
I/org.umd.logging(28440): Api < 1118 android.net.ConnectivityManager.getActiveNetworkInfo(android.net.NetworkInfo@323967697)
I/org.umd.logging(28440): Api > 1140 android.net.ConnectivityManager.getActiveNetworkInfo(android.net.ConnectivityManager@1050392154)
I/org.umd.logging(28440): Method < 1120 com.unity3d.ads.configuration.InitializeThread$InitializeStateCreate.execute(com.unity3d.ads.configuration.InitializeThread$InitializeStateComplete@752736676)
I/org.umd.logging(28440): Method > 1120 com.unity3d.ads.configuration.InitializeThread.run(com.unity3d.ads.configuration.InitializeThread@1038792586<thread=1120>)
I/org.umd.logging(28440): Api < 1140 android.net.ConnectivityManager.getActiveNetworkInfo(android.net.NetworkInfo@731763469)
I/org.umd.logging(28440): Api > 1118 java.net.URL.openConnection(java.net.URL@281508051<URL=http://a.applovin.com/nad?accept=custom_size,launch_app,video&api_did=107dcd1331f53c4ac0&country_code=&size=NATIVE&carrier=&preloading=true&idfa=229d4aea-d76e-47c3-ad88-1eafdf3529f0&slot_count=1&wvvc=284008500&dy=1184&format=json&orientation_lock=portrait&sdk_key=WX_oGSeIwzKpolTSQUnvSXZ8BPwxdzZ8VTxn0a3xXNlK7HnXmXRD3_LFOFB0Dl9iI4UIeTEBwzV2EGZ_o0Cs_X&v1=true&si=0&dnt=false&dx=768&locale=en_US&revision=mako&ia=1481053719000&li=0&os=5.1.1&tz_offset=-5.0&network=wifi&platform=android&app_version=1.0.7&brand=LGE&sdk_version=6.3.2&v2=true&vz=b32c1e18d5ce8405&model=Nexus+4>)
I/org.umd.logging(28440): Method < 1120 com.unity3d.ads.configuration.InitializeThread.run()
I/org.umd.logging(28440): Api < 1118 java.net.URL.openConnection(com.android.okhttp.internal.http.HttpURLConnectionImpl@837872656)
D/ConnectivityService(  591): listenForNetwork for NetworkRequest [ id=59, legacyType=-1, [ Capabilities: NOT_RESTRICTED&TRUSTED&NOT_VPN] ]
D/ConnectivityService(  591): handleRegisterNetworkRequest checking NetworkAgentInfo [WIFI () - 100]
D/ConnectivityService(  591): apparently satisfied.  currentScore=60
D/ConnectivityManager.CallbackHandler(28440): CM callback handler got msg 524290
I/org.umd.logging(28440): Method > 1140 com.unity3d.ads.misc.Utilities.runOnUiThread(com.unity3d.ads.webview.WebView$JavaScriptInvocation@663146287)
I/org.umd.logging(28440): Method > 1140 com.unity3d.ads.misc.Utilities.runOnUiThread(com.unity3d.ads.webview.WebView$JavaScriptInvocation@663146287, 0, null)
I/org.umd.logging(28440): Method < 1140 com.unity3d.ads.misc.Utilities.runOnUiThread()
I/org.umd.logging(28440): Method < 1140 com.unity3d.ads.misc.Utilities.runOnUiThread()
I/org.umd.logging(28440): Method > 1 com.unity3d.ads.webview.WebView$JavaScriptInvocation.run(com.unity3d.ads.webview.WebView$JavaScriptInvocation@663146287)
I/org.umd.logging(28440): Method < 1 com.unity3d.ads.webview.WebView$JavaScriptInvocation.run()
I/UnityAds(28440): com.unity3d.ads.api.Sdk.logInfo() (line:-1) :: Requesting configuration from https://adserver.unityads.unity3d.com/games/1093284/configuration?bundleId=com.miniclip.archery&encrypted=true&rooted=true
I/org.umd.logging(28440): Api > 1140 java.lang.Thread.start(com.unity3d.ads.request.WebRequestThread@478631621<thread=1141>)
I/org.umd.logging(28440): Api < 1140 java.lang.Thread.start()
I/org.umd.logging(28440): Method > 1140 com.unity3d.ads.misc.Utilities.runOnUiThread(com.unity3d.ads.webview.WebView$JavaScriptInvocation@57550874)
I/org.umd.logging(28440): Api > 1141 java.net.URL.openConnection(java.net.URL@607858507<URL=https://adserver.unityads.unity3d.com/games/1093284/configuration?bundleId=com.miniclip.archery&encrypted=true&rooted=true>)
I/org.umd.logging(28440): Api < 1141 java.net.URL.openConnection(com.android.okhttp.internal.http.HttpsURLConnectionImpl@345910568)
I/org.umd.logging(28440): Method > 1140 com.unity3d.ads.misc.Utilities.runOnUiThread(com.unity3d.ads.webview.WebView$JavaScriptInvocation@57550874, 0, null)
I/org.umd.logging(28440): Method < 1140 com.unity3d.ads.misc.Utilities.runOnUiThread()
I/org.umd.logging(28440): Method < 1140 com.unity3d.ads.misc.Utilities.runOnUiThread()
I/org.umd.logging(28440): Method > 1 com.unity3d.ads.webview.WebView$JavaScriptInvocation.run(com.unity3d.ads.webview.WebView$JavaScriptInvocation@57550874)
I/org.umd.logging(28440): Method < 1 com.unity3d.ads.webview.WebView$JavaScriptInvocation.run()
I/org.umd.logging(28440): Api > 1118 android.net.ConnectivityManager.getActiveNetworkInfo(android.net.ConnectivityManager@1050392154)
I/org.umd.logging(28440): Api < 1118 android.net.ConnectivityManager.getActiveNetworkInfo(android.net.NetworkInfo@235641409)
I/org.umd.logging(28440): Method < 1118 com.applovin.impl.sdk.dc.run()
I/org.umd.logging(28440): Method < 1118 com.applovin.impl.sdk.cr.run()
I/org.umd.logging(28440): Api > 1118 android.net.ConnectivityManager.getActiveNetworkInfo(android.net.ConnectivityManager@1050392154)
I/org.umd.logging(28440): Api < 1118 android.net.ConnectivityManager.getActiveNetworkInfo(android.net.NetworkInfo@322350054)
I/org.umd.logging(28440): Method < 1118 com.applovin.impl.sdk.cz.run()
I/org.umd.logging(28440): Method > 1118 com.applovin.impl.sdk.cz.run(com.applovin.impl.sdk.cz@305568125)
I/org.umd.logging(28440): Method > 1118 com.applovin.impl.sdk.ci.run(com.applovin.impl.sdk.ci@1068514499)
I/org.umd.logging(28440): Method > 1118 com.applovin.impl.sdk.dc.run(com.applovin.impl.sdk.cj@902816287)
I/org.umd.logging(28440): Api > 1118 java.net.URL.openConnection(java.net.URL@56813932<URL=http://d.applovin.com/device?device_token=MaznYs97JTiqaqEwnZGZ5uqTTP-DrjUyKyVOiqTJdQR6kE_iKYfSJQ6YSqFeXD8I_K7rhzm4Xbz8cGghAXXTlcYdle_cvVA_7whO-XA4rsjSImztNTWxS_8TASLx3sDnIuYW4HJdjL5Q0zSetAkX0wPZVnF45GItd2lbEvWJsk0=>)
I/org.umd.logging(28440): Api < 1118 java.net.URL.openConnection(com.android.okhttp.internal.http.HttpURLConnectionImpl@163871541)
I/org.umd.logging(28440): Method > 1141 com.unity3d.ads.request.WebRequestResultReceiver.onReceiveResult(com.unity3d.ads.request.WebRequestResultReceiver@689602875, 1, android.os.Bundle@125295254)
I/org.umd.logging(28440): Method > 1141 com.unity3d.ads.misc.Utilities.runOnUiThread(com.unity3d.ads.webview.WebView$JavaScriptInvocation@413529623)
I/org.umd.logging(28440): Method > 1141 com.unity3d.ads.misc.Utilities.runOnUiThread(com.unity3d.ads.webview.WebView$JavaScriptInvocation@413529623, 0, null)
I/org.umd.logging(28440): Method < 1141 com.unity3d.ads.misc.Utilities.runOnUiThread()
I/org.umd.logging(28440): Method > 1 com.unity3d.ads.webview.WebView$JavaScriptInvocation.run(com.unity3d.ads.webview.WebView$JavaScriptInvocation@413529623)
I/org.umd.logging(28440): Method < 1141 com.unity3d.ads.misc.Utilities.runOnUiThread()
I/org.umd.logging(28440): Method < 1141 com.unity3d.ads.request.WebRequestResultReceiver.onReceiveResult()
I/org.umd.logging(28440): Method < 1 com.unity3d.ads.webview.WebView$JavaScriptInvocation.run()
I/org.umd.logging(28440): Api > 1118 android.net.ConnectivityManager.getActiveNetworkInfo(android.net.ConnectivityManager@1050392154)
I/org.umd.logging(28440): Api < 1118 android.net.ConnectivityManager.getActiveNetworkInfo(android.net.NetworkInfo@1013905924)
I/org.umd.logging(28440): Method < 1118 com.applovin.impl.sdk.dc.run()
I/org.umd.logging(28440): Method < 1118 com.applovin.impl.sdk.ci.run()
I/org.umd.logging(28440): Method < 1118 com.applovin.impl.sdk.cz.run()
I/org.umd.logging(28440): Method > 1118 com.applovin.impl.sdk.cz.run(com.applovin.impl.sdk.cz@780524525)
I/org.umd.logging(28440): Method > 1118 com.applovin.impl.sdk.da.run(com.applovin.impl.sdk.da@889838771)
I/UnityAds(28440): com.unity3d.ads.api.Sdk.logInfo() (line:-1) :: Received configuration with 1 placements
I/org.umd.logging(28440): Method > 1140 com.unity3d.ads.misc.Utilities.runOnUiThread(com.unity3d.ads.webview.WebView$JavaScriptInvocation@1004778096)
I/org.umd.logging(28440): Method > 1140 com.unity3d.ads.misc.Utilities.runOnUiThread(com.unity3d.ads.webview.WebView$JavaScriptInvocation@1004778096, 0, null)
I/org.umd.logging(28440): Method < 1140 com.unity3d.ads.misc.Utilities.runOnUiThread()
I/org.umd.logging(28440): Method < 1140 com.unity3d.ads.misc.Utilities.runOnUiThread()
I/org.umd.logging(28440): Method > 1 com.unity3d.ads.webview.WebView$JavaScriptInvocation.run(com.unity3d.ads.webview.WebView$JavaScriptInvocation@1004778096)
I/org.umd.logging(28440): Method < 1 com.unity3d.ads.webview.WebView$JavaScriptInvocation.run()
I/org.umd.logging(28440): Method < 1118 com.applovin.impl.sdk.da.run()
I/org.umd.logging(28440): Api > 1118 android.net.ConnectivityManager.getActiveNetworkInfo(android.net.ConnectivityManager@1050392154)
I/org.umd.logging(28440): Api < 1118 android.net.ConnectivityManager.getActiveNetworkInfo(android.net.NetworkInfo@678930030)
I/org.umd.logging(28440): Method < 1118 com.applovin.impl.sdk.cz.run()
I/org.umd.logging(28440): Method > 1118 com.applovin.impl.sdk.cz.run(com.applovin.impl.sdk.cz@381391119)
I/org.umd.logging(28440): Method > 1118 com.applovin.impl.sdk.da.run(com.applovin.impl.sdk.da@346654108)
I/org.umd.logging(28440): Method < 1118 com.applovin.impl.sdk.da.run()
I/org.umd.logging(28440): Api > 1118 android.net.ConnectivityManager.getActiveNetworkInfo(android.net.ConnectivityManager@1050392154)
I/org.umd.logging(28440): Api < 1118 android.net.ConnectivityManager.getActiveNetworkInfo(android.net.NetworkInfo@629906341)
I/org.umd.logging(28440): Method < 1118 com.applovin.impl.sdk.cz.run()
I/org.umd.logging(28440): Method > 1140 com.unity3d.ads.misc.Utilities.runOnUiThread(com.unity3d.ads.webview.WebView$JavaScriptInvocation@209435514)
I/org.umd.logging(28440): Method > 1140 com.unity3d.ads.misc.Utilities.runOnUiThread(com.unity3d.ads.webview.WebView$JavaScriptInvocation@209435514, 0, null)
I/org.umd.logging(28440): Method < 1140 com.unity3d.ads.misc.Utilities.runOnUiThread()
I/org.umd.logging(28440): Method > 1 com.unity3d.ads.webview.WebView$JavaScriptInvocation.run(com.unity3d.ads.webview.WebView$JavaScriptInvocation@209435514)
I/org.umd.logging(28440): Method < 1140 com.unity3d.ads.misc.Utilities.runOnUiThread()
I/org.umd.logging(28440): Method < 1 com.unity3d.ads.webview.WebView$JavaScriptInvocation.run()
E/Cataloger( 5092): syncFile:/storage/emulated/0/Android/data/com.miniclip.archery/cache/UnityAdsCache/UnityAdsStorage-private-data.json
E/Cataloger( 5092): need not sync path:/storage/emulated/0/Android/data/com.miniclip.archery/cache/UnityAdsCache/UnityAdsStorage-private-data.json
I/org.umd.logging(28440): Api > 1140 android.net.ConnectivityManager.getActiveNetworkInfo(android.net.ConnectivityManager@1050392154)
I/org.umd.logging(28440): Api < 1140 android.net.ConnectivityManager.getActiveNetworkInfo(android.net.NetworkInfo@949444488)
I/org.umd.logging(28440): Api > 1140 android.net.ConnectivityManager.getActiveNetworkInfo(android.net.ConnectivityManager@1050392154)
I/org.umd.logging(28440): Api < 1140 android.net.ConnectivityManager.getActiveNetworkInfo(android.net.NetworkInfo@582962465)
I/org.umd.logging(28440): Method > 1140 com.unity3d.ads.misc.Utilities.runOnUiThread(com.unity3d.ads.webview.WebView$JavaScriptInvocation@494540102)
I/org.umd.logging(28440): Method > 1140 com.unity3d.ads.misc.Utilities.runOnUiThread(com.unity3d.ads.webview.WebView$JavaScriptInvocation@494540102, 0, null)
I/org.umd.logging(28440): Method > 1 com.unity3d.ads.webview.WebView$JavaScriptInvocation.run(com.unity3d.ads.webview.WebView$JavaScriptInvocation@494540102)
I/org.umd.logging(28440): Method < 1140 com.unity3d.ads.misc.Utilities.runOnUiThread()
I/org.umd.logging(28440): Method < 1 com.unity3d.ads.webview.WebView$JavaScriptInvocation.run()
I/org.umd.logging(28440): Method < 1140 com.unity3d.ads.misc.Utilities.runOnUiThread()
I/org.umd.logging(28440): Method > 1140 com.unity3d.ads.misc.Utilities.runOnUiThread(com.unity3d.ads.webview.WebView$JavaScriptInvocation@966431495)
I/org.umd.logging(28440): Method > 1140 com.unity3d.ads.misc.Utilities.runOnUiThread(com.unity3d.ads.webview.WebView$JavaScriptInvocation@966431495, 0, null)
I/org.umd.logging(28440): Method < 1140 com.unity3d.ads.misc.Utilities.runOnUiThread()
I/org.umd.logging(28440): Method > 1 com.unity3d.ads.webview.WebView$JavaScriptInvocation.run(com.unity3d.ads.webview.WebView$JavaScriptInvocation@966431495)
I/org.umd.logging(28440): Method < 1 com.unity3d.ads.webview.WebView$JavaScriptInvocation.run()
I/org.umd.logging(28440): Method < 1140 com.unity3d.ads.misc.Utilities.runOnUiThread()
I/org.umd.logging(28440): Method > 1140 com.unity3d.ads.misc.Utilities.runOnUiThread(com.unity3d.ads.webview.WebView$JavaScriptInvocation@503770164)
I/org.umd.logging(28440): Method > 1140 com.unity3d.ads.misc.Utilities.runOnUiThread(com.unity3d.ads.webview.WebView$JavaScriptInvocation@503770164, 0, null)
I/org.umd.logging(28440): Method > 1 com.unity3d.ads.webview.WebView$JavaScriptInvocation.run(com.unity3d.ads.webview.WebView$JavaScriptInvocation@503770164)
I/org.umd.logging(28440): Method < 1 com.unity3d.ads.webview.WebView$JavaScriptInvocation.run()
I/org.umd.logging(28440): Method < 1140 com.unity3d.ads.misc.Utilities.runOnUiThread()
I/org.umd.logging(28440): Method < 1140 com.unity3d.ads.misc.Utilities.runOnUiThread()
I/org.umd.logging(28440): Method > 1142 com.unity3d.player.WWW.run(com.unity3d.player.WWW@800210898<thread=1142>)
I/org.umd.logging(28440): Api > 1142 java.net.URL.openConnection(java.net.URL@214128803<URL=http://www.google-analytics.com/__utm.gif?utmul=en-us&utmsc=24-bit&utmn=1658331726&utmp=Splash&utmt=event&utmcc=__utma%3d45514621.133174299.1481035756.1481035995.1481036095.3%3b%2b__utmz%3d45514621.1481036095.3.1.utmcsr%3d(direct)%7cutmccn%3d(direct)%7cutmcmd%3d(none)%3b&utmcn=1&utmcs=ISO-8859-1&utmhn=Handheld&utmfl=5.3.4f1&utmac=UA-84933633-1&utmsr=768x1280&utmdt=Splash&utme=5(User*StartGame*1.3.105)&utmwv=4.9.1>)
I/org.umd.logging(28440): Api < 1142 java.net.URL.openConnection(com.android.okhttp.internal.http.HttpURLConnectionImpl@624990112)
I/UnityAds(28440): com.unity3d.ads.api.Sdk.logInfo() (line:-1) :: Requesting ad plan from https://adserver.unityads.unity3d.com/games/1093284/fill?advertisingTrackingId=229d4aea-d76e-47c3-ad88-1eafdf3529f0&limitAdTracking=false&deviceMake=LGE&deviceModel=Nexus%204&platform=android&screenDensity=320&screenWidth=768&screenHeight=1184&sdkVersion=2005&screenSize=268435538&apiLevel=22&connectionType=wifi&networkType=0&gamerId=57e3ef887ed132000103a747
I/org.umd.logging(28440): Method > 1140 com.unity3d.ads.misc.Utilities.runOnUiThread(com.unity3d.ads.webview.WebView$JavaScriptInvocation@812875609)
I/org.umd.logging(28440): Method > 1140 com.unity3d.ads.misc.Utilities.runOnUiThread(com.unity3d.ads.webview.WebView$JavaScriptInvocation@812875609, 0, null)
I/org.umd.logging(28440): Method > 1 com.unity3d.ads.webview.WebView$JavaScriptInvocation.run(com.unity3d.ads.webview.WebView$JavaScriptInvocation@812875609)
I/org.umd.logging(28440): Method < 1 com.unity3d.ads.webview.WebView$JavaScriptInvocation.run()
I/org.umd.logging(28440): Method < 1140 com.unity3d.ads.misc.Utilities.runOnUiThread()
I/org.umd.logging(28440): Method < 1140 com.unity3d.ads.misc.Utilities.runOnUiThread()
I/org.umd.logging(28440): Api > 1141 java.net.URL.openConnection(java.net.URL@701531934<URL=https://adserver.unityads.unity3d.com/games/1093284/fill?advertisingTrackingId=229d4aea-d76e-47c3-ad88-1eafdf3529f0&limitAdTracking=false&deviceMake=LGE&deviceModel=Nexus%204&platform=android&screenDensity=320&screenWidth=768&screenHeight=1184&sdkVersion=2005&screenSize=268435538&apiLevel=22&connectionType=wifi&networkType=0&gamerId=57e3ef887ed132000103a747>)
I/org.umd.logging(28440): Api < 1141 java.net.URL.openConnection(com.android.okhttp.internal.http.HttpsURLConnectionImpl@908647423)
E/Cataloger( 5092): syncFile:/storage/emulated/0/2016-12-06_02:54:58.871.jpg
I/org.umd.logging(28440): Api > 1142 java.net.URLConnection.getInputStream(com.android.okhttp.internal.http.HttpURLConnectionImpl@624990112)
I/org.umd.logging(28440): Api < 1142 java.net.URLConnection.getInputStream(com.android.okio.RealBufferedSource$1@519698218)
I/org.umd.logging(28440): Method < 1142 com.unity3d.player.WWW.run()
W/ResourceType(28440): No known package when getting name for resource number 0xffffffff
I/org.umd.logging(28440): Method > 1061 com.unity3d.player.UnityPlayer.executeGLThreadJobs(com.unity3d.player.UnityPlayer@278128732<file=2016-12-06_02:54:58.871><x=0><y=0><width=768><height=1280><id=-1>)
I/org.umd.logging(28440): Method < 1061 com.unity3d.player.UnityPlayer.executeGLThreadJobs()
E/Cataloger( 5092): syncFile:/storage/emulated/0/2016-12-06_02:54:58.871.jpg
I/org.umd.logging(28440): Method > 1123 com.vungle.publisher.cz$a$a.run(com.vungle.publisher.cz$a$a@775502107)
I/org.umd.logging(28440): Method > 1123 com.vungle.publisher.InitializationEventListener$1.run(com.vungle.publisher.InitializationEventListener$1@247775377)
I/org.umd.logging(28440): Method > 1124 com.vungle.publisher.cz$a$a.run(com.vungle.publisher.cz$a$a@1046729933)
I/org.umd.logging(28440): Method > 1124 com.vungle.publisher.qn$1.run(com.vungle.publisher.qn$1@518406530)
I/org.umd.logging(28440): Method < 1124 com.vungle.publisher.qn$1.run()
I/org.umd.logging(28440): Method < 1124 com.vungle.publisher.cz$a$a.run()
I/org.umd.logging(28440): Method > 1143 com.unity3d.player.WWW.run(com.unity3d.player.WWW@1006184656<thread=1143>)
I/org.umd.logging(28440): Api > 1143 java.net.URL.openConnection(java.net.URL@342225097<URL=http://api.archeryking.net:60000/version.html?t=2135730608>)
I/org.umd.logging(28440): Api < 1143 java.net.URL.openConnection(com.android.okhttp.internal.http.HttpURLConnectionImpl@54195150)
I/org.umd.logging(28440): Method > 1118 com.applovin.impl.sdk.cz.run(com.applovin.impl.sdk.cz@34603516)
I/org.umd.logging(28440): Method > 1118 com.applovin.impl.sdk.cr.run(com.applovin.impl.sdk.cr@106156165)
I/org.umd.logging(28440): Method < 1123 com.vungle.publisher.InitializationEventListener$1.run()
I/org.umd.logging(28440): Method < 1123 com.vungle.publisher.cz$a$a.run()
I/org.umd.logging(28440): Method > 1123 com.vungle.publisher.cz$a$a.run(com.vungle.publisher.cz$a$a@366386955)
I/org.umd.logging(28440): Method > 1123 com.vungle.publisher.zb$2.run(com.vungle.publisher.zb$2@528871425)
I/org.umd.logging(28440): Api > 1123 java.net.URL.openConnection(java.net.URL@485338790<URL=https://api.vungle.com/api/v4/config>)
I/org.umd.logging(28440): Api < 1123 java.net.URL.openConnection(com.android.okhttp.internal.http.HttpsURLConnectionImpl@919478503)
I/org.umd.logging(28440): Method > 1118 com.applovin.impl.sdk.dc.run(com.applovin.impl.sdk.cs@1031050388)
I/org.umd.logging(28440): Api > 1118 android.net.ConnectivityManager.getActiveNetworkInfo(android.net.ConnectivityManager@1050392154)
I/org.umd.logging(28440): Api < 1118 android.net.ConnectivityManager.getActiveNetworkInfo(android.net.NetworkInfo@778079037)
E/Cataloger( 5092): syncFile:/storage/emulated/0/2016-12-06_02:54:59.051.jpg
I/org.umd.logging(28440): Api > 1118 java.net.URL.openConnection(java.net.URL@64087171<URL=http://a.applovin.com/2.0/ad?accept=custom_size,launch_app,video&api_did=107dcd1331f53c4ac0&country_code=&size=INTER&carrier=&preloading=true&idfa=229d4aea-d76e-47c3-ad88-1eafdf3529f0&wvvc=284008500&dy=1184&format=json&orientation_lock=portrait&require=VIDEOA&etf=275&sdk_key=WX_oGSeIwzKpolTSQUnvSXZ8BPwxdzZ8VTxn0a3xXNlK7HnXmXRD3_LFOFB0Dl9iI4UIeTEBwzV2EGZ_o0Cs_X&v1=true&fvr=1&si=0&ntr=wifi&dnt=false&dx=768&locale=en_US&revision=mako&ia=1481053719000&li=0&os=5.1.1&tz_offset=-5.0&network=wifi&platform=android&etr=15&app_version=1.0.7&brand=LGE&sdk_version=6.3.2&ntf=wifi&v2=true&vz=b32c1e18d5ce8405&model=Nexus+4>)
I/org.umd.logging(28440): Api < 1118 java.net.URL.openConnection(com.android.okhttp.internal.http.HttpURLConnectionImpl@340813312)
I/org.umd.logging(28440): Api > 1143 java.net.URLConnection.getInputStream(com.android.okhttp.internal.http.HttpURLConnectionImpl@54195150)
I/org.umd.logging(28440): Api < 1143 java.net.URLConnection.getInputStream(com.android.okio.RealBufferedSource$1@156212793)
I/org.umd.logging(28440): Method < 1143 com.unity3d.player.WWW.run()
W/ResourceType(28440): No known package when getting name for resource number 0xffffffff
I/org.umd.logging(28440): Method > 1061 com.unity3d.player.UnityPlayer.executeGLThreadJobs(com.unity3d.player.UnityPlayer@278128732<file=2016-12-06_02:54:59.051><x=0><y=0><width=768><height=1280><id=-1>)
I/org.umd.logging(28440): Method < 1061 com.unity3d.player.UnityPlayer.executeGLThreadJobs()
E/Cataloger( 5092): syncFile:/storage/emulated/0/2016-12-06_02:54:59.051.jpg
I/org.umd.logging(28440): Method > 1144 com.unity3d.player.WWW.run(com.unity3d.player.WWW@305261694<thread=1144>)
I/org.umd.logging(28440): Api > 1144 java.net.URL.openConnection(java.net.URL@482624991<URL=https://script.google.com/macros/s/AKfycby8fRAd_MR1rZt6jg6FgJ7HZjNyBIAeVUuPGa7qQNycomhcvdw/exec?key=1TRxqNzotk6S7QyTRLhCR0yor29PW55zlaDk7nnbTmAA&action=GetLanguageSource&version=1479488897186>)
I/org.umd.logging(28440): Api < 1144 java.net.URL.openConnection(com.android.okhttp.internal.http.HttpsURLConnectionImpl@911598124)
I/org.umd.logging(28440): Api > 1118 android.net.ConnectivityManager.getActiveNetworkInfo(android.net.ConnectivityManager@1050392154)
I/org.umd.logging(28440): Api < 1118 android.net.ConnectivityManager.getActiveNetworkInfo(android.net.NetworkInfo@662889717)
I/org.umd.logging(28440): Method > 1145 com.unity3d.player.WWW.run(com.unity3d.player.WWW@1056723594<thread=1145>)
I/org.umd.logging(28440): Api > 1145 java.net.URL.openConnection(java.net.URL@324100347<URL=https://s3.amazonaws.com/cdn.archery.com/release_ConInfo.txt?p=1116710761>)
I/org.umd.logging(28440): Api < 1145 java.net.URL.openConnection(com.android.okhttp.internal.http.HttpsURLConnectionImpl@39122200)
I/org.umd.logging(28440): Method < 1118 com.applovin.impl.sdk.dc.run()
I/org.umd.logging(28440): Method < 1118 com.applovin.impl.sdk.cr.run()
I/org.umd.logging(28440): Api > 1118 android.net.ConnectivityManager.getActiveNetworkInfo(android.net.ConnectivityManager@1050392154)
I/org.umd.logging(28440): Api < 1118 android.net.ConnectivityManager.getActiveNetworkInfo(android.net.NetworkInfo@157932401)
V/com.facebook.unity.FB(28440): SetUserAgentSuffix(Unity.Unity.7.5.0)
I/org.umd.logging(28440): Method < 1118 com.applovin.impl.sdk.cz.run()
I/org.umd.logging(28440): Method > 1118 com.applovin.impl.sdk.cz.run(com.applovin.impl.sdk.cz@499847639)
I/org.umd.logging(28440): Method > 1118 com.applovin.impl.sdk.da.run(com.applovin.impl.sdk.da@842025668)
V/com.facebook.unity.FB(28440): Init({"appId":"306280196387928"})
I/org.umd.logging(28440): Method < 1118 com.applovin.impl.sdk.da.run()
I/org.umd.logging(28440): Api > 1118 android.net.ConnectivityManager.getActiveNetworkInfo(android.net.ConnectivityManager@1050392154)
I/org.umd.logging(28440): Api < 1118 android.net.ConnectivityManager.getActiveNetworkInfo(android.net.NetworkInfo@753909165)
I/org.umd.logging(28440): Method > 1146 com.facebook.internal.Utility$1.run(com.facebook.internal.Utility$1@424234800)
I/org.umd.logging(28440): Method > 1146 com.facebook.GraphRequest.executeAndWait(com.facebook.GraphRequest@563507770)
I/org.umd.logging(28440): Method > 1148 com.facebook.internal.NativeProtocol$1.run(com.facebook.internal.NativeProtocol$1@402379848)
I/org.umd.logging(28440): Method > 1146 com.facebook.GraphRequest.executeAndWait(com.facebook.GraphRequest@563507770)
I/org.umd.logging(28440): Method > 1146 com.facebook.GraphRequest.executeBatchAndWait([Lcom.facebook.GraphRequest;@225015814)
I/org.umd.logging(28440): Method > 1146 com.facebook.GraphRequest.executeBatchAndWait(java.util.Arrays$ArrayList@102624500)
I/org.umd.logging(28440): Method > 1146 com.facebook.GraphRequest.executeBatchAndWait(com.facebook.GraphRequestBatch@823463570)
I/org.umd.logging(28440): Api > 1146 java.net.URL.openConnection(java.net.URL@659808355<URL=https://graph.facebook.com/v2.6/306280196387928?fields=supports_implicit_sdk_logging%2Cgdpv4_nux_content%2Cgdpv4_nux_enabled%2Cgdpv4_chrome_custom_tabs_enabled%2Candroid_dialog_configs%2Candroid_sdk_error_categories%2Capp_events_session_timeout&format=json&sdk=android>)
I/org.umd.logging(28440): Api < 1146 java.net.URL.openConnection(com.android.okhttp.internal.http.HttpsURLConnectionImpl@1017570400)
I/org.umd.logging(28440): Method > 1146 com.facebook.GraphRequest.executeConnectionAndWait(com.android.okhttp.internal.http.HttpsURLConnectionImpl@1017570400, com.facebook.GraphRequestBatch@823463570)
D/com.facebook.unity.FB(28440): KeyHash: JxluOGuHXnat9wDn6oTkxu7jPfo=
V/com.facebook.unity.FB(28440): sending to Unity OnInitComplete({"key_hash":"JxluOGuHXnat9wDn6oTkxu7jPfo=\n"})
I/org.umd.logging(28440): Method > 1 com.facebook.unity.FB$5.run(com.facebook.unity.FB$5@510755294)
I/org.umd.logging(28440): Method < 1118 com.applovin.impl.sdk.cz.run()
I/org.umd.logging(28440): Method < 1 com.facebook.unity.FB$5.run()
I/org.umd.logging(28440): Method > 1150 com.facebook.appevents.internal.ActivityLifecycleTracker$2.run(com.facebook.appevents.internal.ActivityLifecycleTracker$2@445636074)
I/Unity   (28440): Using Facebook Unity SDK v7.5.0 with FBAndroidSDK/4.11.0
I/Unity   (28440):  
I/Unity   (28440): (Filename: ./artifacts/generated/common/runtime/UnityEngineDebugBindings.gen.cpp Line: 37)
I/Unity   (28440): 
I/org.umd.logging(28440): Method > 1151 com.facebook.appevents.AppEventsLogger$3.run(com.facebook.appevents.AppEventsLogger$3@821421649)
I/org.umd.logging(28440): Method > 1111 com.facebook.appevents.AppEventsLogger$5.run(com.facebook.appevents.AppEventsLogger$5@132224653)
I/org.umd.logging(28440): Method < 1150 com.facebook.appevents.internal.ActivityLifecycleTracker$2.run()
I/org.umd.logging(28440): Method > 1150 com.facebook.appevents.internal.ActivityLifecycleTracker$3.run(com.facebook.appevents.internal.ActivityLifecycleTracker$3@653010320)
I/org.umd.logging(28440): Method > 1071 com.facebook.appevents.AppEventsLogger$5.run(com.facebook.appevents.AppEventsLogger$5@593366665)
I/org.umd.logging(28440): Method < 1150 com.facebook.appevents.internal.ActivityLifecycleTracker$3.run()
I/org.umd.logging(28440): Method < 1151 com.facebook.appevents.AppEventsLogger$3.run()
I/Facebook.Unity.FBDebug(28440): Using Facebook Unity SDK v7.5.0 with FBAndroidSDK/4.11.0
I/org.umd.logging(28440): Method < 1071 com.facebook.appevents.AppEventsLogger$5.run()
I/org.umd.logging(28440): Method < 1111 com.facebook.appevents.AppEventsLogger$5.run()
I/org.umd.logging(28440): Api > 1145 java.net.URLConnection.getInputStream(com.android.okhttp.internal.http.HttpsURLConnectionImpl@39122200)
I/org.umd.logging(28440): Api < 1145 java.net.URLConnection.getInputStream(com.android.okio.RealBufferedSource$1@235932229)
I/org.umd.logging(28440): Method < 1145 com.unity3d.player.WWW.run()
E/Cataloger( 5092): syncFile:/storage/emulated/0/2016-12-06_02:54:59.514.jpg
I/org.umd.logging(28440): Method < 1123 com.vungle.publisher.zb$2.run()
I/org.umd.logging(28440): Method < 1123 com.vungle.publisher.cz$a$a.run()
W/ResourceType(28440): No known package when getting name for resource number 0xffffffff
I/org.umd.logging(28440): Method > 1061 com.unity3d.player.UnityPlayer.executeGLThreadJobs(com.unity3d.player.UnityPlayer@278128732<file=2016-12-06_02:54:59.514><x=0><y=0><width=768><height=1280><id=-1>)
I/org.umd.logging(28440): Method < 1061 com.unity3d.player.UnityPlayer.executeGLThreadJobs()
E/Cataloger( 5092): syncFile:/storage/emulated/0/2016-12-06_02:54:59.514.jpg
I/org.umd.logging(28440): Method > 1146 com.facebook.GraphRequest.runCallbacks(com.facebook.GraphRequestBatch@823463570, java.util.ArrayList@918909286)
I/org.umd.logging(28440): Method < 1146 com.facebook.GraphRequest.runCallbacks()
I/org.umd.logging(28440): Method < 1146 com.facebook.GraphRequest.executeBatchAndWait(java.util.ArrayList@918909286)
I/org.umd.logging(28440): Method < 1146 com.facebook.GraphRequest.executeBatchAndWait(java.util.ArrayList@918909286)
I/org.umd.logging(28440): Method < 1146 com.facebook.GraphRequest.executeBatchAndWait(java.util.ArrayList@918909286)
I/org.umd.logging(28440): Method < 1146 com.facebook.GraphRequest.executeAndWait(com.facebook.GraphResponse@530249044)
I/org.umd.logging(28440): Method < 1146 com.facebook.internal.Utility$1.run()
W/libc    (28440): pthread_create sched_setscheduler call failed: Operation not permitted
I/org.umd.logging(28440): Method > 1141 com.unity3d.ads.request.WebRequestResultReceiver.onReceiveResult(com.unity3d.ads.request.WebRequestResultReceiver@1051868413, 1, android.os.Bundle@690437618)
I/org.umd.logging(28440): Method > 1141 com.unity3d.ads.misc.Utilities.runOnUiThread(com.unity3d.ads.webview.WebView$JavaScriptInvocation@364989507)
I/org.umd.logging(28440): Method > 1141 com.unity3d.ads.misc.Utilities.runOnUiThread(com.unity3d.ads.webview.WebView$JavaScriptInvocation@364989507, 0, null)
I/org.umd.logging(28440): Method > 1 com.unity3d.ads.webview.WebView$JavaScriptInvocation.run(com.unity3d.ads.webview.WebView$JavaScriptInvocation@364989507)
I/org.umd.logging(28440): Method < 1 com.unity3d.ads.webview.WebView$JavaScriptInvocation.run()
I/org.umd.logging(28440): Method < 1141 com.unity3d.ads.misc.Utilities.runOnUiThread()
I/org.umd.logging(28440): Method < 1141 com.unity3d.ads.misc.Utilities.runOnUiThread()
I/org.umd.logging(28440): Method < 1141 com.unity3d.ads.request.WebRequestResultReceiver.onReceiveResult()
I/DownloadManagerWrapper(  985): onReceive() : Charging = true
I/UnityAds(28440): com.unity3d.ads.api.Sdk.logInfo() (line:-1) :: Unity Ads server returned game advertisement for AB Group 3
E/Cataloger( 5092): syncFile:/storage/emulated/0/Android/data/com.miniclip.archery/cache/UnityAdsCache/UnityAdsStorage-private-data.json
I/org.umd.logging(28440): Method > 1140 com.unity3d.ads.misc.Utilities.runOnUiThread(com.unity3d.ads.webview.WebView$JavaScriptInvocation@660345536)
E/Cataloger( 5092): need not sync path:/storage/emulated/0/Android/data/com.miniclip.archery/cache/UnityAdsCache/UnityAdsStorage-private-data.json
I/org.umd.logging(28440): Method > 1140 com.unity3d.ads.misc.Utilities.runOnUiThread(com.unity3d.ads.webview.WebView$JavaScriptInvocation@660345536, 0, null)
I/org.umd.logging(28440): Method < 1140 com.unity3d.ads.misc.Utilities.runOnUiThread()
I/org.umd.logging(28440): Method > 1 com.unity3d.ads.webview.WebView$JavaScriptInvocation.run(com.unity3d.ads.webview.WebView$JavaScriptInvocation@660345536)
I/org.umd.logging(28440): Method < 1140 com.unity3d.ads.misc.Utilities.runOnUiThread()
I/org.umd.logging(28440): Method < 1 com.unity3d.ads.webview.WebView$JavaScriptInvocation.run()
I/org.umd.logging(28440): Method > 1140 com.unity3d.ads.misc.Utilities.runOnUiThread(com.unity3d.ads.webview.WebView$JavaScriptInvocation@275426297)
I/org.umd.logging(28440): Method > 1140 com.unity3d.ads.misc.Utilities.runOnUiThread(com.unity3d.ads.webview.WebView$JavaScriptInvocation@275426297, 0, null)
I/org.umd.logging(28440): Method < 1140 com.unity3d.ads.misc.Utilities.runOnUiThread()
I/org.umd.logging(28440): Method > 1 com.unity3d.ads.webview.WebView$JavaScriptInvocation.run(com.unity3d.ads.webview.WebView$JavaScriptInvocation@275426297)
I/org.umd.logging(28440): Method < 1140 com.unity3d.ads.misc.Utilities.runOnUiThread()
I/org.umd.logging(28440): Method < 1 com.unity3d.ads.webview.WebView$JavaScriptInvocation.run()
I/org.umd.logging(28440): Method > 1140 com.unity3d.ads.misc.Utilities.runOnUiThread(com.unity3d.ads.webview.WebView$JavaScriptInvocation@963069758)
I/org.umd.logging(28440): Method > 1140 com.unity3d.ads.misc.Utilities.runOnUiThread(com.unity3d.ads.webview.WebView$JavaScriptInvocation@963069758, 0, null)
I/org.umd.logging(28440): Method > 1 com.unity3d.ads.webview.WebView$JavaScriptInvocation.run(com.unity3d.ads.webview.WebView$JavaScriptInvocation@963069758)
I/org.umd.logging(28440): Method < 1140 com.unity3d.ads.misc.Utilities.runOnUiThread()
I/org.umd.logging(28440): Method < 1 com.unity3d.ads.webview.WebView$JavaScriptInvocation.run()
I/org.umd.logging(28440): Method < 1140 com.unity3d.ads.misc.Utilities.runOnUiThread()
I/org.umd.logging(28440): Api > 1140 android.net.ConnectivityManager.getActiveNetworkInfo(android.net.ConnectivityManager@1050392154)
I/org.umd.logging(28440): Api < 1140 android.net.ConnectivityManager.getActiveNetworkInfo(android.net.NetworkInfo@10643871)
I/org.umd.logging(28440): Api > 1140 java.lang.Thread.start(com.unity3d.ads.cache.CacheThread@513871541<thread=1153>)
I/org.umd.logging(28440): Api < 1140 java.lang.Thread.start()
I/org.umd.logging(28440): Api > 1153 android.net.ConnectivityManager.getActiveNetworkInfo(android.net.ConnectivityManager@1050392154)
I/org.umd.logging(28440): Method > 1140 com.unity3d.ads.misc.Utilities.runOnUiThread(com.unity3d.ads.webview.WebView$JavaScriptInvocation@839686474)
I/org.umd.logging(28440): Method > 1140 com.unity3d.ads.misc.Utilities.runOnUiThread(com.unity3d.ads.webview.WebView$JavaScriptInvocation@839686474, 0, null)
I/org.umd.logging(28440): Api < 1153 android.net.ConnectivityManager.getActiveNetworkInfo(android.net.NetworkInfo@1062076603)
I/org.umd.logging(28440): Method < 1140 com.unity3d.ads.misc.Utilities.runOnUiThread()
I/org.umd.logging(28440): Method > 1 com.unity3d.ads.webview.WebView$JavaScriptInvocation.run(com.unity3d.ads.webview.WebView$JavaScriptInvocation@839686474)
I/org.umd.logging(28440): Method < 1140 com.unity3d.ads.misc.Utilities.runOnUiThread()
I/org.umd.logging(28440): Method < 1 com.unity3d.ads.webview.WebView$JavaScriptInvocation.run()
E/Cataloger( 5092): syncFile:/storage/emulated/0/Android/data/com.miniclip.archery/cache/UnityAdsCache/UnityAdsCache-db9d00a7b5c847c1d6accf942088a876859c0fdf31c1cc6d64e6cdc30e72f0d6.mp4
I/org.umd.logging(28440): Api > 1153 java.net.URL.openConnection(java.net.URL@68254168<URL=http://cdn-highwinds.unityads.unity3d.com/impact/videos/130493/c84378c2c02894b1/v24-en-15s-/m31-1000.mp4>)
I/org.umd.logging(28440): Api < 1153 java.net.URL.openConnection(com.android.okhttp.internal.http.HttpURLConnectionImpl@597745969)
I/org.umd.logging(28440): Method > 1153 com.unity3d.ads.misc.Utilities.runOnUiThread(com.unity3d.ads.webview.WebView$JavaScriptInvocation@218300438)
I/org.umd.logging(28440): Method > 1153 com.unity3d.ads.misc.Utilities.runOnUiThread(com.unity3d.ads.webview.WebView$JavaScriptInvocation@218300438, 0, null)
I/org.umd.logging(28440): Method > 1 com.unity3d.ads.webview.WebView$JavaScriptInvocation.run(com.unity3d.ads.webview.WebView$JavaScriptInvocation@218300438)
I/org.umd.logging(28440): Method < 1 com.unity3d.ads.webview.WebView$JavaScriptInvocation.run()
I/org.umd.logging(28440): Method < 1153 com.unity3d.ads.misc.Utilities.runOnUiThread()
I/org.umd.logging(28440): Method < 1153 com.unity3d.ads.misc.Utilities.runOnUiThread()
I/org.umd.logging(28440): Method > 1140 com.unity3d.ads.misc.Utilities.runOnUiThread(com.unity3d.ads.webview.WebView$JavaScriptInvocation@458354071)
I/org.umd.logging(28440): Method > 1140 com.unity3d.ads.misc.Utilities.runOnUiThread(com.unity3d.ads.webview.WebView$JavaScriptInvocation@458354071, 0, null)
I/org.umd.logging(28440): Method > 1 com.unity3d.ads.webview.WebView$JavaScriptInvocation.run(com.unity3d.ads.webview.WebView$JavaScriptInvocation@458354071)
I/org.umd.logging(28440): Method < 1 com.unity3d.ads.webview.WebView$JavaScriptInvocation.run()
I/org.umd.logging(28440): Method < 1140 com.unity3d.ads.misc.Utilities.runOnUiThread()
I/org.umd.logging(28440): Method < 1140 com.unity3d.ads.misc.Utilities.runOnUiThread()
E/Cataloger( 5092): syncFile:/storage/emulated/0/Android/data/com.miniclip.archery/cache/UnityAdsCache/UnityAdsStorage-private-data.json
E/Cataloger( 5092): need not sync path:/storage/emulated/0/Android/data/com.miniclip.archery/cache/UnityAdsCache/UnityAdsStorage-private-data.json
E/Cataloger( 5092): syncFile:/storage/emulated/0/2016-12-06_02:55:01.026.jpg
I/org.umd.logging(28440): Method > 1153 com.unity3d.ads.misc.Utilities.runOnUiThread(com.unity3d.ads.webview.WebView$JavaScriptInvocation@839932804)
I/org.umd.logging(28440): Method > 1153 com.unity3d.ads.misc.Utilities.runOnUiThread(com.unity3d.ads.webview.WebView$JavaScriptInvocation@839932804, 0, null)
I/org.umd.logging(28440): Method < 1153 com.unity3d.ads.misc.Utilities.runOnUiThread()
I/org.umd.logging(28440): Method > 1 com.unity3d.ads.webview.WebView$JavaScriptInvocation.run(com.unity3d.ads.webview.WebView$JavaScriptInvocation@839932804)
I/org.umd.logging(28440): Method < 1 com.unity3d.ads.webview.WebView$JavaScriptInvocation.run()
I/org.umd.logging(28440): Method < 1153 com.unity3d.ads.misc.Utilities.runOnUiThread()
I/org.umd.logging(28440): Method > 1140 com.unity3d.ads.misc.Utilities.runOnUiThread(com.unity3d.ads.webview.WebView$JavaScriptInvocation@418471789)
I/org.umd.logging(28440): Method > 1140 com.unity3d.ads.misc.Utilities.runOnUiThread(com.unity3d.ads.webview.WebView$JavaScriptInvocation@418471789, 0, null)
I/org.umd.logging(28440): Method < 1140 com.unity3d.ads.misc.Utilities.runOnUiThread()
I/org.umd.logging(28440): Method > 1 com.unity3d.ads.webview.WebView$JavaScriptInvocation.run(com.unity3d.ads.webview.WebView$JavaScriptInvocation@418471789)
I/org.umd.logging(28440): Method < 1140 com.unity3d.ads.misc.Utilities.runOnUiThread()
I/org.umd.logging(28440): Method < 1 com.unity3d.ads.webview.WebView$JavaScriptInvocation.run()
W/ResourceType(28440): No known package when getting name for resource number 0xffffffff
I/org.umd.logging(28440): Method > 1061 com.unity3d.player.UnityPlayer.executeGLThreadJobs(com.unity3d.player.UnityPlayer@278128732<file=2016-12-06_02:55:01.026><x=0><y=0><width=768><height=1280><id=-1>)
I/org.umd.logging(28440): Method < 1061 com.unity3d.player.UnityPlayer.executeGLThreadJobs()
E/Cataloger( 5092): syncFile:/storage/emulated/0/2016-12-06_02:55:01.026.jpg
E/Cataloger( 5092): syncFile:/storage/emulated/0/2016-12-06_02:55:01.376.jpg
W/ResourceType(28440): No known package when getting name for resource number 0xffffffff
I/org.umd.logging(28440): Method > 1061 com.unity3d.player.UnityPlayer.executeGLThreadJobs(com.unity3d.player.UnityPlayer@278128732<file=2016-12-06_02:55:01.376><x=0><y=0><width=768><height=1280><id=-1>)
I/org.umd.logging(28440): Method < 1061 com.unity3d.player.UnityPlayer.executeGLThreadJobs()
E/Cataloger( 5092): syncFile:/storage/emulated/0/2016-12-06_02:55:01.376.jpg
I/org.umd.logging(28440): Method > 1153 com.unity3d.ads.misc.Utilities.runOnUiThread(com.unity3d.ads.webview.WebView$JavaScriptInvocation@623314850)
E/Cataloger( 5092): syncFile:/storage/emulated/0/Android/data/com.miniclip.archery/cache/UnityAdsCache/UnityAdsCache-db9d00a7b5c847c1d6accf942088a876859c0fdf31c1cc6d64e6cdc30e72f0d6.mp4
I/org.umd.logging(28440): Method > 1153 com.unity3d.ads.misc.Utilities.runOnUiThread(com.unity3d.ads.webview.WebView$JavaScriptInvocation@623314850, 0, null)
I/org.umd.logging(28440): Method < 1153 com.unity3d.ads.misc.Utilities.runOnUiThread()
I/org.umd.logging(28440): Method > 1 com.unity3d.ads.webview.WebView$JavaScriptInvocation.run(com.unity3d.ads.webview.WebView$JavaScriptInvocation@623314850)
I/org.umd.logging(28440): Method < 1153 com.unity3d.ads.misc.Utilities.runOnUiThread()
I/org.umd.logging(28440): Method < 1 com.unity3d.ads.webview.WebView$JavaScriptInvocation.run()
E/Cataloger( 5092): syncFile:/storage/emulated/0/Android/data/com.miniclip.archery/cache/UnityAdsCache/UnityAdsCache-db9d00a7b5c847c1d6accf942088a876859c0fdf31c1cc6d64e6cdc30e72f0d6.mp4
I/org.umd.logging(28440): Method > 1140 com.unity3d.ads.misc.Utilities.runOnUiThread(com.unity3d.ads.webview.WebView$JavaScriptInvocation@1061014579)
I/org.umd.logging(28440): Method > 1140 com.unity3d.ads.misc.Utilities.runOnUiThread(com.unity3d.ads.webview.WebView$JavaScriptInvocation@1061014579, 0, null)
E/Cataloger( 5092): syncFile:/storage/emulated/0/Android/data/com.miniclip.archery/cache/UnityAdsCache/UnityAdsStorage-private-data.json
I/org.umd.logging(28440): Method > 1 com.unity3d.ads.webview.WebView$JavaScriptInvocation.run(com.unity3d.ads.webview.WebView$JavaScriptInvocation@1061014579)
E/Cataloger( 5092): need not sync path:/storage/emulated/0/Android/data/com.miniclip.archery/cache/UnityAdsCache/UnityAdsStorage-private-data.json
I/org.umd.logging(28440): Method < 1 com.unity3d.ads.webview.WebView$JavaScriptInvocation.run()
I/org.umd.logging(28440): Method < 1140 com.unity3d.ads.misc.Utilities.runOnUiThread()
I/org.umd.logging(28440): Method < 1140 com.unity3d.ads.misc.Utilities.runOnUiThread()
I/org.umd.logging(28440): Method > 1154 com.unity3d.player.WWW.run(com.unity3d.player.WWW@603565040<thread=1154>)
I/org.umd.logging(28440): Api > 1154 java.net.URL.openConnection(java.net.URL@257000809<URL=file:///storage/emulated/0/Android/data/com.miniclip.archery/cache/11243.res>)
I/org.umd.logging(28440): Api < 1154 java.net.URL.openConnection(libcore.net.url.FileURLConnection@1038456604)
I/org.umd.logging(28440): Api > 1154 java.net.URLConnection.getInputStream(libcore.net.url.FileURLConnection@1038456604)
I/org.umd.logging(28440): Api < 1154 java.net.URLConnection.getInputStream(java.io.BufferedInputStream@732293370)
I/org.umd.logging(28440): Method < 1154 com.unity3d.player.WWW.run()
I/org.umd.logging(28440): Method > 1140 com.unity3d.ads.misc.Utilities.runOnUiThread(com.unity3d.ads.webview.WebView$JavaScriptInvocation@234655403)
I/org.umd.logging(28440): Method > 1140 com.unity3d.ads.misc.Utilities.runOnUiThread(com.unity3d.ads.webview.WebView$JavaScriptInvocation@234655403, 0, null)
I/org.umd.logging(28440): Method < 1140 com.unity3d.ads.misc.Utilities.runOnUiThread()
I/org.umd.logging(28440): Method < 1140 com.unity3d.ads.misc.Utilities.runOnUiThread()
