E/Cataloger( 5092): syncFile:/storage/emulated/0/2016-12-06_02:55:21.273.jpg
E/Cataloger( 5092): syncFile:/storage/emulated/0/2016-12-06_02:55:21.401.jpg
W/ResourceType(28440): No known package when getting name for resource number 0xffffffff
I/org.umd.logging(28440): Method > 1061 com.unity3d.player.UnityPlayer.executeGLThreadJobs(com.unity3d.player.UnityPlayer@278128732<file=2016-12-06_02:55:21.401><x=0><y=0><width=768><height=1280><id=-1>)
I/org.umd.logging(28440): Method < 1061 com.unity3d.player.UnityPlayer.executeGLThreadJobs()
E/Cataloger( 5092): syncFile:/storage/emulated/0/2016-12-06_02:55:21.401.jpg
E/Cataloger( 5092): syncFile:/storage/emulated/0/2016-12-06_02:55:21.595.jpg
W/ResourceType(28440): No known package when getting name for resource number 0xffffffff
I/org.umd.logging(28440): Method > 1061 com.unity3d.player.UnityPlayer.executeGLThreadJobs(com.unity3d.player.UnityPlayer@278128732<file=2016-12-06_02:55:21.595><x=0><y=0><width=768><height=1280><id=-1>)
I/org.umd.logging(28440): Method < 1061 com.unity3d.player.UnityPlayer.executeGLThreadJobs()
E/Cataloger( 5092): syncFile:/storage/emulated/0/2016-12-06_02:55:21.595.jpg
E/Cataloger( 5092): syncFile:/storage/emulated/0/2016-12-06_02:55:21.738.jpg
W/ResourceType(28440): No known package when getting name for resource number 0xffffffff
I/org.umd.logging(28440): Method > 1061 com.unity3d.player.UnityPlayer.executeGLThreadJobs(com.unity3d.player.UnityPlayer@278128732<file=2016-12-06_02:55:21.738><x=0><y=0><width=768><height=1280><id=-1>)
I/org.umd.logging(28440): Method < 1061 com.unity3d.player.UnityPlayer.executeGLThreadJobs()
E/Cataloger( 5092): syncFile:/storage/emulated/0/2016-12-06_02:55:21.738.jpg
E/Cataloger( 5092): syncFile:/storage/emulated/0/2016-12-06_02:55:21.889.jpg
W/ResourceType(28440): No known package when getting name for resource number 0xffffffff
I/org.umd.logging(28440): Method > 1061 com.unity3d.player.UnityPlayer.executeGLThreadJobs(com.unity3d.player.UnityPlayer@278128732<file=2016-12-06_02:55:21.889><x=0><y=0><width=768><height=1280><id=-1>)
I/org.umd.logging(28440): Method < 1061 com.unity3d.player.UnityPlayer.executeGLThreadJobs()
E/Cataloger( 5092): syncFile:/storage/emulated/0/2016-12-06_02:55:21.889.jpg
E/Cataloger( 5092): syncFile:/storage/emulated/0/2016-12-06_02:55:22.057.jpg
W/ResourceType(28440): No known package when getting name for resource number 0xffffffff
I/org.umd.logging(28440): Method > 1061 com.unity3d.player.UnityPlayer.executeGLThreadJobs(com.unity3d.player.UnityPlayer@278128732<file=2016-12-06_02:55:22.057><x=0><y=0><width=768><height=1280><id=-1>)
I/org.umd.logging(28440): Method < 1061 com.unity3d.player.UnityPlayer.executeGLThreadJobs()
E/Cataloger( 5092): syncFile:/storage/emulated/0/2016-12-06_02:55:22.057.jpg
E/Cataloger( 5092): syncFile:/storage/emulated/0/2016-12-06_02:55:22.206.jpg
W/ResourceType(28440): No known package when getting name for resource number 0xffffffff
I/org.umd.logging(28440): Method > 1061 com.unity3d.player.UnityPlayer.executeGLThreadJobs(com.unity3d.player.UnityPlayer@278128732<file=2016-12-06_02:55:22.206><x=0><y=0><width=768><height=1280><id=-1>)
I/org.umd.logging(28440): Method < 1061 com.unity3d.player.UnityPlayer.executeGLThreadJobs()
E/Cataloger( 5092): syncFile:/storage/emulated/0/2016-12-06_02:55:22.206.jpg
E/Cataloger( 5092): syncFile:/storage/emulated/0/2016-12-06_02:55:22.435.jpg
W/ResourceType(28440): No known package when getting name for resource number 0xffffffff
I/org.umd.logging(28440): Method > 1061 com.unity3d.player.UnityPlayer.executeGLThreadJobs(com.unity3d.player.UnityPlayer@278128732<file=2016-12-06_02:55:22.435><x=0><y=0><width=768><height=1280><id=-1>)
I/org.umd.logging(28440): Method < 1061 com.unity3d.player.UnityPlayer.executeGLThreadJobs()
E/Cataloger( 5092): syncFile:/storage/emulated/0/2016-12-06_02:55:22.435.jpg
E/Cataloger( 5092): syncFile:/storage/emulated/0/2016-12-06_02:55:22.589.jpg
W/ResourceType(28440): No known package when getting name for resource number 0xffffffff
I/org.umd.logging(28440): Method > 1061 com.unity3d.player.UnityPlayer.executeGLThreadJobs(com.unity3d.player.UnityPlayer@278128732<file=2016-12-06_02:55:22.589><x=0><y=0><width=768><height=1280><id=-1>)
I/org.umd.logging(28440): Method < 1061 com.unity3d.player.UnityPlayer.executeGLThreadJobs()
E/Cataloger( 5092): syncFile:/storage/emulated/0/2016-12-06_02:55:22.589.jpg
I/org.umd.logging(28440): Method > 1220 com.miniclip.network.HttpConnection.start(com.miniclip.network.HttpConnection@817619693)
I/org.umd.logging(28440): Method < 1220 com.miniclip.network.HttpConnection.start(true)
I/org.umd.logging(28440): Method > 1 com.miniclip.network.HttpConnection$1.run(com.miniclip.network.HttpConnection$1@796001570)
I/org.umd.logging(28440): Method > 1 com.miniclip.network.HttpConnection$MCHttpURLConnectionTask.onPreExecute(com.miniclip.network.HttpConnection$MCHttpURLConnectionTask@191413171<atask=true>)
I/org.umd.logging(28440): Method < 1 com.miniclip.network.HttpConnection$MCHttpURLConnectionTask.onPreExecute()
I/org.umd.logging(28440): Method < 1 com.miniclip.network.HttpConnection$1.run()
I/org.umd.logging(28440): Method > 1071 com.miniclip.network.HttpConnection$MCHttpURLConnectionTask.doInBackground(com.miniclip.network.HttpConnection$MCHttpURLConnectionTask@191413171<atask=true>, [Ljava.lang.String;@607823216)
I/org.umd.logging(28440): Api > 1071 java.net.URL.openConnection(java.net.URL@805355753<URL=http://goliath.bi.miniclippt.com:8080/client/288/v1.0>)
I/org.umd.logging(28440): Api < 1071 java.net.URL.openConnection(com.android.okhttp.internal.http.HttpURLConnectionImpl@139415918)
E/Cataloger( 5092): syncFile:/storage/emulated/0/Android/data/com.miniclip.archery/files/mcgoliath_info.goliath
E/Cataloger( 5092): need not sync path:/storage/emulated/0/Android/data/com.miniclip.archery/files/mcgoliath_info.goliath
E/Cataloger( 5092): syncFile:/storage/emulated/0/2016-12-06_02:55:22.827.jpg
W/ResourceType(28440): No known package when getting name for resource number 0xffffffff
I/org.umd.logging(28440): Method > 1061 com.unity3d.player.UnityPlayer.executeGLThreadJobs(com.unity3d.player.UnityPlayer@278128732<file=2016-12-06_02:55:22.827><x=0><y=0><width=768><height=1280><id=-1>)
I/org.umd.logging(28440): Method < 1061 com.unity3d.player.UnityPlayer.executeGLThreadJobs()
E/Cataloger( 5092): syncFile:/storage/emulated/0/2016-12-06_02:55:22.827.jpg
E/Cataloger( 5092): syncFile:/storage/emulated/0/2016-12-06_02:55:22.956.jpg
W/ResourceType(28440): No known package when getting name for resource number 0xffffffff
I/org.umd.logging(28440): Method > 1061 com.unity3d.player.UnityPlayer.executeGLThreadJobs(com.unity3d.player.UnityPlayer@278128732<file=2016-12-06_02:55:22.956><x=0><y=0><width=768><height=1280><id=-1>)
I/org.umd.logging(28440): Method < 1061 com.unity3d.player.UnityPlayer.executeGLThreadJobs()
E/Cataloger( 5092): syncFile:/storage/emulated/0/2016-12-06_02:55:22.956.jpg
E/Cataloger( 5092): syncFile:/storage/emulated/0/2016-12-06_02:55:23.099.jpg
D/HttpConnection(28440): HttpConnection response from http://goliath.bi.miniclippt.com:8080/client/288/v1.0: 
D/JNIHelper(28440): Error cannot unwrap a NULL jstring
I/org.umd.logging(28440): Method < 1071 com.miniclip.network.HttpConnection$MCHttpURLConnectionTask.doInBackground(true)
I/org.umd.logging(28440): Method > 1 com.miniclip.utils.NativeRunnable.run(com.miniclip.utils.NativeRunnable@497639439)
I/org.umd.logging(28440): Method < 1 com.miniclip.utils.NativeRunnable.run()
I/org.umd.logging(28440): Method > 1 com.miniclip.network.HttpConnection$MCHttpURLConnectionTask.onPostExecute(com.miniclip.network.HttpConnection$MCHttpURLConnectionTask@191413171<atask=true>, true)
I/org.umd.logging(28440): Method < 1 com.miniclip.network.HttpConnection$MCHttpURLConnectionTask.onPostExecute()
W/ResourceType(28440): No known package when getting name for resource number 0xffffffff
I/org.umd.logging(28440): Method > 1061 com.unity3d.player.UnityPlayer.executeGLThreadJobs(com.unity3d.player.UnityPlayer@278128732<file=2016-12-06_02:55:23.099><x=0><y=0><width=768><height=1280><id=-1>)
I/org.umd.logging(28440): Method < 1061 com.unity3d.player.UnityPlayer.executeGLThreadJobs()
E/Cataloger( 5092): syncFile:/storage/emulated/0/2016-12-06_02:55:23.099.jpg
E/Cataloger( 5092): syncFile:/storage/emulated/0/2016-12-06_02:55:23.244.jpg
W/ResourceType(28440): No known package when getting name for resource number 0xffffffff
I/org.umd.logging(28440): Method > 1061 com.unity3d.player.UnityPlayer.executeGLThreadJobs(com.unity3d.player.UnityPlayer@278128732<file=2016-12-06_02:55:23.244><x=0><y=0><width=768><height=1280><id=-1>)
I/org.umd.logging(28440): Method < 1061 com.unity3d.player.UnityPlayer.executeGLThreadJobs()
E/Cataloger( 5092): syncFile:/storage/emulated/0/2016-12-06_02:55:23.244.jpg
E/Cataloger( 5092): syncFile:/storage/emulated/0/2016-12-06_02:55:23.376.jpg
W/ResourceType(28440): No known package when getting name for resource number 0xffffffff
I/org.umd.logging(28440): Method > 1061 com.unity3d.player.UnityPlayer.executeGLThreadJobs(com.unity3d.player.UnityPlayer@278128732<file=2016-12-06_02:55:23.376><x=0><y=0><width=768><height=1280><id=-1>)
I/org.umd.logging(28440): Method < 1061 com.unity3d.player.UnityPlayer.executeGLThreadJobs()
E/Cataloger( 5092): syncFile:/storage/emulated/0/2016-12-06_02:55:23.376.jpg
E/Cataloger( 5092): syncFile:/storage/emulated/0/2016-12-06_02:55:23.520.jpg
W/ResourceType(28440): No known package when getting name for resource number 0xffffffff
I/org.umd.logging(28440): Method > 1061 com.unity3d.player.UnityPlayer.executeGLThreadJobs(com.unity3d.player.UnityPlayer@278128732<file=2016-12-06_02:55:23.520><x=0><y=0><width=768><height=1280><id=-1>)
I/org.umd.logging(28440): Method < 1061 com.unity3d.player.UnityPlayer.executeGLThreadJobs()
E/Cataloger( 5092): syncFile:/storage/emulated/0/2016-12-06_02:55:23.520.jpg
E/Cataloger( 5092): syncFile:/storage/emulated/0/2016-12-06_02:55:23.680.jpg
I/art     (28440): Background partial concurrent mark sweep GC freed 451(43KB) AllocSpace objects, 6(22MB) LOS objects, 36% free, 27MB/43MB, paused 2.227ms total 100.106ms
W/ResourceType(28440): No known package when getting name for resource number 0xffffffff
I/org.umd.logging(28440): Method > 1061 com.unity3d.player.UnityPlayer.executeGLThreadJobs(com.unity3d.player.UnityPlayer@278128732<file=2016-12-06_02:55:23.680><x=0><y=0><width=768><height=1280><id=-1>)
I/org.umd.logging(28440): Method < 1061 com.unity3d.player.UnityPlayer.executeGLThreadJobs()
E/Cataloger( 5092): syncFile:/storage/emulated/0/2016-12-06_02:55:23.680.jpg
E/Cataloger( 5092): syncFile:/storage/emulated/0/2016-12-06_02:55:23.822.jpg
W/ResourceType(28440): No known package when getting name for resource number 0xffffffff
I/org.umd.logging(28440): Method > 1061 com.unity3d.player.UnityPlayer.executeGLThreadJobs(com.unity3d.player.UnityPlayer@278128732<file=2016-12-06_02:55:23.822><x=0><y=0><width=768><height=1280><id=-1>)
I/org.umd.logging(28440): Method < 1061 com.unity3d.player.UnityPlayer.executeGLThreadJobs()
E/Cataloger( 5092): syncFile:/storage/emulated/0/2016-12-06_02:55:23.822.jpg
E/Cataloger( 5092): syncFile:/storage/emulated/0/2016-12-06_02:55:24.016.jpg
W/ResourceType(28440): No known package when getting name for resource number 0xffffffff
I/org.umd.logging(28440): Method > 1061 com.unity3d.player.UnityPlayer.executeGLThreadJobs(com.unity3d.player.UnityPlayer@278128732<file=2016-12-06_02:55:24.016><x=0><y=0><width=768><height=1280><id=-1>)
I/org.umd.logging(28440): Method < 1061 com.unity3d.player.UnityPlayer.executeGLThreadJobs()
E/Cataloger( 5092): syncFile:/storage/emulated/0/2016-12-06_02:55:24.016.jpg
E/Cataloger( 5092): syncFile:/storage/emulated/0/2016-12-06_02:55:24.181.jpg
D/ThermalDaemon(  194): Sensor 'tsens_tz_sensor9' - alarm cleared 1 at 52.0 degC
W/ResourceType(28440): No known package when getting name for resource number 0xffffffff
I/org.umd.logging(28440): Method > 1061 com.unity3d.player.UnityPlayer.executeGLThreadJobs(com.unity3d.player.UnityPlayer@278128732<file=2016-12-06_02:55:24.181><x=0><y=0><width=768><height=1280><id=-1>)
I/org.umd.logging(28440): Method < 1061 com.unity3d.player.UnityPlayer.executeGLThreadJobs()
E/Cataloger( 5092): syncFile:/storage/emulated/0/2016-12-06_02:55:24.181.jpg
E/Cataloger( 5092): syncFile:/storage/emulated/0/2016-12-06_02:55:24.342.jpg
W/ResourceType(28440): No known package when getting name for resource number 0xffffffff
I/org.umd.logging(28440): Method > 1061 com.unity3d.player.UnityPlayer.executeGLThreadJobs(com.unity3d.player.UnityPlayer@278128732<file=2016-12-06_02:55:24.342><x=0><y=0><width=768><height=1280><id=-1>)
I/org.umd.logging(28440): Method < 1061 com.unity3d.player.UnityPlayer.executeGLThreadJobs()
E/Cataloger( 5092): syncFile:/storage/emulated/0/2016-12-06_02:55:24.342.jpg
E/Cataloger( 5092): syncFile:/storage/emulated/0/2016-12-06_02:55:24.481.jpg
W/ResourceType(28440): No known package when getting name for resource number 0xffffffff
I/org.umd.logging(28440): Method > 1061 com.unity3d.player.UnityPlayer.executeGLThreadJobs(com.unity3d.player.UnityPlayer@278128732<file=2016-12-06_02:55:24.481><x=0><y=0><width=768><height=1280><id=-1>)
I/org.umd.logging(28440): Method < 1061 com.unity3d.player.UnityPlayer.executeGLThreadJobs()
E/Cataloger( 5092): syncFile:/storage/emulated/0/2016-12-06_02:55:24.481.jpg
E/Cataloger( 5092): syncFile:/storage/emulated/0/2016-12-06_02:55:24.622.jpg
W/ResourceType(28440): No known package when getting name for resource number 0xffffffff
I/org.umd.logging(28440): Method > 1061 com.unity3d.player.UnityPlayer.executeGLThreadJobs(com.unity3d.player.UnityPlayer@278128732<file=2016-12-06_02:55:24.622><x=0><y=0><width=768><height=1280><id=-1>)
I/org.umd.logging(28440): Method < 1061 com.unity3d.player.UnityPlayer.executeGLThreadJobs()
E/Cataloger( 5092): syncFile:/storage/emulated/0/2016-12-06_02:55:24.622.jpg
E/Cataloger( 5092): syncFile:/storage/emulated/0/2016-12-06_02:55:24.821.jpg
W/ResourceType(28440): No known package when getting name for resource number 0xffffffff
I/org.umd.logging(28440): Method > 1061 com.unity3d.player.UnityPlayer.executeGLThreadJobs(com.unity3d.player.UnityPlayer@278128732<file=2016-12-06_02:55:24.821><x=0><y=0><width=768><height=1280><id=-1>)
I/org.umd.logging(28440): Method < 1061 com.unity3d.player.UnityPlayer.executeGLThreadJobs()
E/Cataloger( 5092): syncFile:/storage/emulated/0/2016-12-06_02:55:24.821.jpg
E/Cataloger( 5092): syncFile:/storage/emulated/0/2016-12-06_02:55:24.968.jpg
W/ResourceType(28440): No known package when getting name for resource number 0xffffffff
I/org.umd.logging(28440): Method > 1061 com.unity3d.player.UnityPlayer.executeGLThreadJobs(com.unity3d.player.UnityPlayer@278128732<file=2016-12-06_02:55:24.968><x=0><y=0><width=768><height=1280><id=-1>)
I/org.umd.logging(28440): Method < 1061 com.unity3d.player.UnityPlayer.executeGLThreadJobs()
E/Cataloger( 5092): syncFile:/storage/emulated/0/2016-12-06_02:55:24.968.jpg
E/Cataloger( 5092): syncFile:/storage/emulated/0/2016-12-06_02:55:25.111.jpg
W/ResourceType(28440): No known package when getting name for resource number 0xffffffff
I/org.umd.logging(28440): Method > 1061 com.unity3d.player.UnityPlayer.executeGLThreadJobs(com.unity3d.player.UnityPlayer@278128732<file=2016-12-06_02:55:25.111><x=0><y=0><width=768><height=1280><id=-1>)
I/org.umd.logging(28440): Method < 1061 com.unity3d.player.UnityPlayer.executeGLThreadJobs()
E/Cataloger( 5092): syncFile:/storage/emulated/0/2016-12-06_02:55:25.111.jpg
E/Cataloger( 5092): syncFile:/storage/emulated/0/2016-12-06_02:55:25.347.jpg
E/Cataloger( 5092): syncFile:/storage/emulated/0/2016-12-06_02:55:25.390.jpg
W/ResourceType(28440): No known package when getting name for resource number 0xffffffff
W/ResourceType(28440): No known package when getting name for resource number 0xffffffff
I/org.umd.logging(28440): Method > 1061 com.unity3d.player.UnityPlayer.executeGLThreadJobs(com.unity3d.player.UnityPlayer@278128732<file=2016-12-06_02:55:25.347><x=0><y=0><width=768><height=1280><id=-1>)
I/org.umd.logging(28440): Method > 1 com.unity3d.player.UnityPlayer.onTouchEvent(com.unity3d.player.UnityPlayer@278128732<file=2016-12-06_02:55:25.390><x=0><y=0><width=768><height=1280><id=-1>, android.view.MotionEvent@769797297)
I/org.umd.logging(28440): Method < 1061 com.unity3d.player.UnityPlayer.executeGLThreadJobs()
I/org.umd.logging(28440): Method < 1 com.unity3d.player.UnityPlayer.onTouchEvent(true)
E/Cataloger( 5092): syncFile:/storage/emulated/0/2016-12-06_02:55:25.347.jpg
E/Cataloger( 5092): syncFile:/storage/emulated/0/2016-12-06_02:55:25.390.jpg
W/ResourceType(28440): No known package when getting name for resource number 0xffffffff
I/org.umd.logging(28440): Method > 1061 com.unity3d.player.UnityPlayer.executeGLThreadJobs(com.unity3d.player.UnityPlayer@278128732<file=><x=0><y=0><width=768><height=1280><id=-1>)
I/org.umd.logging(28440): Method < 1061 com.unity3d.player.UnityPlayer.executeGLThreadJobs()
E/Cataloger( 5092): syncFile:/storage/emulated/0/2016-12-06_02:55:25.506.jpg
E/Cataloger( 5092): syncFile:/storage/emulated/0/2016-12-06_02:55:25.551.jpg
W/ResourceType(28440): No known package when getting name for resource number 0xffffffff
I/org.umd.logging(28440): Method > 1 com.unity3d.player.UnityPlayer.onTouchEvent(com.unity3d.player.UnityPlayer@278128732<file=2016-12-06_02:55:25.506><x=0><y=0><width=768><height=1280><id=-1>, android.view.MotionEvent@769797297)
E/Cataloger( 5092): syncFile:/storage/emulated/0/2016-12-06_02:55:25.506.jpg
I/org.umd.logging(28440): Method < 1 com.unity3d.player.UnityPlayer.onTouchEvent(true)
E/Cataloger( 5092): syncFile:/storage/emulated/0/2016-12-06_02:55:25.633.jpg
W/ResourceType(28440): No known package when getting name for resource number 0xffffffff
I/org.umd.logging(28440): Method > 1061 com.unity3d.player.UnityPlayer.executeGLThreadJobs(com.unity3d.player.UnityPlayer@278128732<file=2016-12-06_02:55:25.551><x=0><y=0><width=768><height=1280><id=-1>)
I/org.umd.logging(28440): Method < 1061 com.unity3d.player.UnityPlayer.executeGLThreadJobs()
E/Cataloger( 5092): syncFile:/storage/emulated/0/2016-12-06_02:55:25.551.jpg
E/Cataloger( 5092): syncFile:/storage/emulated/0/2016-12-06_02:55:25.679.jpg
W/ResourceType(28440): No known package when getting name for resource number 0xffffffff
I/org.umd.logging(28440): Method > 1 com.unity3d.player.UnityPlayer.onTouchEvent(com.unity3d.player.UnityPlayer@278128732<file=2016-12-06_02:55:25.633><x=0><y=0><width=768><height=1280><id=-1>, android.view.MotionEvent@769797297)
I/org.umd.logging(28440): Method < 1 com.unity3d.player.UnityPlayer.onTouchEvent(true)
E/Cataloger( 5092): syncFile:/storage/emulated/0/2016-12-06_02:55:25.633.jpg
W/ResourceType(28440): No known package when getting name for resource number 0xffffffff
I/org.umd.logging(28440): Method > 1061 com.unity3d.player.UnityPlayer.executeGLThreadJobs(com.unity3d.player.UnityPlayer@278128732<file=2016-12-06_02:55:25.679><x=0><y=0><width=768><height=1280><id=-1>)
I/org.umd.logging(28440): Method < 1061 com.unity3d.player.UnityPlayer.executeGLThreadJobs()
E/Cataloger( 5092): syncFile:/storage/emulated/0/2016-12-06_02:55:25.750.jpg
E/Cataloger( 5092): syncFile:/storage/emulated/0/2016-12-06_02:55:25.679.jpg
E/Cataloger( 5092): syncFile:/storage/emulated/0/2016-12-06_02:55:25.803.jpg
W/ResourceType(28440): No known package when getting name for resource number 0xffffffff
I/org.umd.logging(28440): Method > 1 com.unity3d.player.UnityPlayer.onTouchEvent(com.unity3d.player.UnityPlayer@278128732<file=2016-12-06_02:55:25.750><x=0><y=0><width=768><height=1280><id=-1>, android.view.MotionEvent@769797297)
I/org.umd.logging(28440): Method < 1 com.unity3d.player.UnityPlayer.onTouchEvent(true)
E/Cataloger( 5092): syncFile:/storage/emulated/0/2016-12-06_02:55:25.750.jpg
E/Cataloger( 5092): syncFile:/storage/emulated/0/2016-12-06_02:55:25.883.jpg
W/ResourceType(28440): No known package when getting name for resource number 0xffffffff
I/org.umd.logging(28440): Method > 1061 com.unity3d.player.UnityPlayer.executeGLThreadJobs(com.unity3d.player.UnityPlayer@278128732<file=2016-12-06_02:55:25.803><x=0><y=0><width=768><height=1280><id=-1>)
I/org.umd.logging(28440): Method < 1061 com.unity3d.player.UnityPlayer.executeGLThreadJobs()
E/Cataloger( 5092): syncFile:/storage/emulated/0/2016-12-06_02:55:25.803.jpg
E/Cataloger( 5092): syncFile:/storage/emulated/0/2016-12-06_02:55:25.938.jpg
W/ResourceType(28440): No known package when getting name for resource number 0xffffffff
I/org.umd.logging(28440): Method > 1 com.unity3d.player.UnityPlayer.onTouchEvent(com.unity3d.player.UnityPlayer@278128732<file=2016-12-06_02:55:25.883><x=0><y=0><width=768><height=1280><id=-1>, android.view.MotionEvent@769797297)
I/org.umd.logging(28440): Method < 1 com.unity3d.player.UnityPlayer.onTouchEvent(true)
E/Cataloger( 5092): syncFile:/storage/emulated/0/2016-12-06_02:55:25.883.jpg
E/Cataloger( 5092): syncFile:/storage/emulated/0/2016-12-06_02:55:26.000.jpg
W/ResourceType(28440): No known package when getting name for resource number 0xffffffff
I/org.umd.logging(28440): Method > 1061 com.unity3d.player.UnityPlayer.executeGLThreadJobs(com.unity3d.player.UnityPlayer@278128732<file=2016-12-06_02:55:25.938><x=0><y=0><width=768><height=1280><id=-1>)
I/org.umd.logging(28440): Method < 1061 com.unity3d.player.UnityPlayer.executeGLThreadJobs()
E/Cataloger( 5092): syncFile:/storage/emulated/0/2016-12-06_02:55:25.938.jpg
W/ResourceType(28440): No known package when getting name for resource number 0xffffffff
I/org.umd.logging(28440): Method > 1 com.unity3d.player.UnityPlayer.onTouchEvent(com.unity3d.player.UnityPlayer@278128732<file=2016-12-06_02:55:26.000><x=0><y=0><width=768><height=1280><id=-1>, android.view.MotionEvent@769797297)
E/Cataloger( 5092): syncFile:/storage/emulated/0/2016-12-06_02:55:26.000.jpg
I/org.umd.logging(28440): Method < 1 com.unity3d.player.UnityPlayer.onTouchEvent(true)
W/ResourceType(28440): No known package when getting name for resource number 0xffffffff
I/org.umd.logging(28440): Method > 1 com.unity3d.player.UnityPlayer.onTouchEvent(com.unity3d.player.UnityPlayer@278128732<file=><x=0><y=0><width=768><height=1280><id=-1>, android.view.MotionEvent@769797297)
I/org.umd.logging(28440): Method < 1 com.unity3d.player.UnityPlayer.onTouchEvent(true)
E/Cataloger( 5092): syncFile:/storage/emulated/0/2016-12-06_02:55:26.100.jpg
E/Cataloger( 5092): syncFile:/storage/emulated/0/2016-12-06_02:55:26.150.jpg
W/ResourceType(28440): No known package when getting name for resource number 0xffffffff
I/org.umd.logging(28440): Method > 1061 com.unity3d.player.UnityPlayer.executeGLThreadJobs(com.unity3d.player.UnityPlayer@278128732<file=2016-12-06_02:55:26.100><x=0><y=0><width=768><height=1280><id=-1>)
I/org.umd.logging(28440): Method < 1061 com.unity3d.player.UnityPlayer.executeGLThreadJobs()
E/Cataloger( 5092): syncFile:/storage/emulated/0/2016-12-06_02:55:26.100.jpg
W/ResourceType(28440): No known package when getting name for resource number 0xffffffff
I/org.umd.logging(28440): Method > 1 com.unity3d.player.UnityPlayer.onTouchEvent(com.unity3d.player.UnityPlayer@278128732<file=2016-12-06_02:55:26.150><x=0><y=0><width=768><height=1280><id=-1>, android.view.MotionEvent@769797297)
E/Cataloger( 5092): syncFile:/storage/emulated/0/2016-12-06_02:55:26.150.jpg
I/org.umd.logging(28440): Method < 1 com.unity3d.player.UnityPlayer.onTouchEvent(true)
E/Cataloger( 5092): syncFile:/storage/emulated/0/2016-12-06_02:55:26.233.jpg
E/Cataloger( 5092): syncFile:/storage/emulated/0/2016-12-06_02:55:26.268.jpg
W/ResourceType(28440): No known package when getting name for resource number 0xffffffff
I/org.umd.logging(28440): Method > 1061 com.unity3d.player.UnityPlayer.executeGLThreadJobs(com.unity3d.player.UnityPlayer@278128732<file=2016-12-06_02:55:26.233><x=0><y=0><width=768><height=1280><id=-1>)
I/org.umd.logging(28440): Method < 1061 com.unity3d.player.UnityPlayer.executeGLThreadJobs()
E/Cataloger( 5092): syncFile:/storage/emulated/0/2016-12-06_02:55:26.233.jpg
E/Cataloger( 5092): syncFile:/storage/emulated/0/2016-12-06_02:55:26.363.jpg
W/ResourceType(28440): No known package when getting name for resource number 0xffffffff
I/org.umd.logging(28440): Method > 1 com.unity3d.player.UnityPlayer.onTouchEvent(com.unity3d.player.UnityPlayer@278128732<file=2016-12-06_02:55:26.268><x=0><y=0><width=768><height=1280><id=-1>, android.view.MotionEvent@769797297)
E/Cataloger( 5092): syncFile:/storage/emulated/0/2016-12-06_02:55:26.268.jpg
I/org.umd.logging(28440): Method < 1 com.unity3d.player.UnityPlayer.onTouchEvent(true)
E/Cataloger( 5092): syncFile:/storage/emulated/0/2016-12-06_02:55:26.400.jpg
W/ResourceType(28440): No known package when getting name for resource number 0xffffffff
I/org.umd.logging(28440): Method > 1061 com.unity3d.player.UnityPlayer.executeGLThreadJobs(com.unity3d.player.UnityPlayer@278128732<file=2016-12-06_02:55:26.363><x=0><y=0><width=768><height=1280><id=-1>)
I/org.umd.logging(28440): Method < 1061 com.unity3d.player.UnityPlayer.executeGLThreadJobs()
E/Cataloger( 5092): syncFile:/storage/emulated/0/2016-12-06_02:55:26.363.jpg
E/Cataloger( 5092): syncFile:/storage/emulated/0/2016-12-06_02:55:26.482.jpg
W/ResourceType(28440): No known package when getting name for resource number 0xffffffff
I/org.umd.logging(28440): Method > 1 com.unity3d.player.UnityPlayer.onTouchEvent(com.unity3d.player.UnityPlayer@278128732<file=2016-12-06_02:55:26.400><x=0><y=0><width=768><height=1280><id=-1>, android.view.MotionEvent@769797297)
I/org.umd.logging(28440): Method < 1 com.unity3d.player.UnityPlayer.onTouchEvent(true)
E/Cataloger( 5092): syncFile:/storage/emulated/0/2016-12-06_02:55:26.400.jpg
E/Cataloger( 5092): syncFile:/storage/emulated/0/2016-12-06_02:55:26.534.jpg
W/ResourceType(28440): No known package when getting name for resource number 0xffffffff
I/org.umd.logging(28440): Method > 1061 com.unity3d.player.UnityPlayer.executeGLThreadJobs(com.unity3d.player.UnityPlayer@278128732<file=2016-12-06_02:55:26.482><x=0><y=0><width=768><height=1280><id=-1>)
I/org.umd.logging(28440): Method < 1061 com.unity3d.player.UnityPlayer.executeGLThreadJobs()
E/Cataloger( 5092): syncFile:/storage/emulated/0/2016-12-06_02:55:26.482.jpg
E/Cataloger( 5092): syncFile:/storage/emulated/0/2016-12-06_02:55:26.617.jpg
W/ResourceType(28440): No known package when getting name for resource number 0xffffffff
I/org.umd.logging(28440): Method > 1 com.unity3d.player.UnityPlayer.onTouchEvent(com.unity3d.player.UnityPlayer@278128732<file=2016-12-06_02:55:26.534><x=0><y=0><width=768><height=1280><id=-1>, android.view.MotionEvent@769797297)
E/Cataloger( 5092): syncFile:/storage/emulated/0/2016-12-06_02:55:26.534.jpg
I/org.umd.logging(28440): Method < 1 com.unity3d.player.UnityPlayer.onTouchEvent(true)
E/Cataloger( 5092): syncFile:/storage/emulated/0/2016-12-06_02:55:26.667.jpg
W/ResourceType(28440): No known package when getting name for resource number 0xffffffff
I/org.umd.logging(28440): Method > 1061 com.unity3d.player.UnityPlayer.executeGLThreadJobs(com.unity3d.player.UnityPlayer@278128732<file=2016-12-06_02:55:26.617><x=0><y=0><width=768><height=1280><id=-1>)
I/org.umd.logging(28440): Method < 1061 com.unity3d.player.UnityPlayer.executeGLThreadJobs()
E/Cataloger( 5092): syncFile:/storage/emulated/0/2016-12-06_02:55:26.617.jpg
E/Cataloger( 5092): syncFile:/storage/emulated/0/2016-12-06_02:55:26.747.jpg
W/ResourceType(28440): No known package when getting name for resource number 0xffffffff
I/org.umd.logging(28440): Method > 1 com.unity3d.player.UnityPlayer.onTouchEvent(com.unity3d.player.UnityPlayer@278128732<file=2016-12-06_02:55:26.667><x=0><y=0><width=768><height=1280><id=-1>, android.view.MotionEvent@769797297)
I/org.umd.logging(28440): Method < 1 com.unity3d.player.UnityPlayer.onTouchEvent(true)
E/Cataloger( 5092): syncFile:/storage/emulated/0/2016-12-06_02:55:26.667.jpg
E/Cataloger( 5092): syncFile:/storage/emulated/0/2016-12-06_02:55:26.792.jpg
E/Cataloger( 5092): syncFile:/storage/emulated/0/Android/data/com.miniclip.archery/files/mcgoliath_info.goliath
E/Cataloger( 5092): need not sync path:/storage/emulated/0/Android/data/com.miniclip.archery/files/mcgoliath_info.goliath
W/ResourceType(28440): No known package when getting name for resource number 0xffffffff
I/org.umd.logging(28440): Method > 1061 com.unity3d.player.UnityPlayer.executeGLThreadJobs(com.unity3d.player.UnityPlayer@278128732<file=2016-12-06_02:55:26.747><x=0><y=0><width=768><height=1280><id=-1>)
I/org.umd.logging(28440): Method < 1061 com.unity3d.player.UnityPlayer.executeGLThreadJobs()
E/Cataloger( 5092): syncFile:/storage/emulated/0/2016-12-06_02:55:26.747.jpg
W/ResourceType(28440): No known package when getting name for resource number 0xffffffff
I/org.umd.logging(28440): Method > 1 com.unity3d.player.UnityPlayer.onTouchEvent(com.unity3d.player.UnityPlayer@278128732<file=2016-12-06_02:55:26.792><x=0><y=0><width=768><height=1280><id=-1>, android.view.MotionEvent@769797297)
E/Cataloger( 5092): syncFile:/storage/emulated/0/2016-12-06_02:55:26.792.jpg
I/org.umd.logging(28440): Method < 1 com.unity3d.player.UnityPlayer.onTouchEvent(true)
W/ResourceType(28440): No known package when getting name for resource number 0xffffffff
I/org.umd.logging(28440): Method > 1 com.unity3d.player.UnityPlayer.onTouchEvent(com.unity3d.player.UnityPlayer@278128732<file=><x=0><y=0><width=768><height=1280><id=-1>, android.view.MotionEvent@769797297)
I/org.umd.logging(28440): Method < 1 com.unity3d.player.UnityPlayer.onTouchEvent(true)
E/Cataloger( 5092): syncFile:/storage/emulated/0/2016-12-06_02:55:26.880.jpg
W/ResourceType(28440): No known package when getting name for resource number 0xffffffff
I/org.umd.logging(28440): Method > 1061 com.unity3d.player.UnityPlayer.executeGLThreadJobs(com.unity3d.player.UnityPlayer@278128732<file=2016-12-06_02:55:26.880><x=0><y=0><width=768><height=1280><id=-1>)
I/org.umd.logging(28440): Method < 1061 com.unity3d.player.UnityPlayer.executeGLThreadJobs()
E/Cataloger( 5092): syncFile:/storage/emulated/0/2016-12-06_02:55:26.880.jpg
E/Cataloger( 5092): syncFile:/storage/emulated/0/2016-12-06_02:55:27.024.jpg
W/ResourceType(28440): No known package when getting name for resource number 0xffffffff
I/org.umd.logging(28440): Method > 1061 com.unity3d.player.UnityPlayer.executeGLThreadJobs(com.unity3d.player.UnityPlayer@278128732<file=2016-12-06_02:55:27.024><x=0><y=0><width=768><height=1280><id=-1>)
I/org.umd.logging(28440): Method < 1061 com.unity3d.player.UnityPlayer.executeGLThreadJobs()
E/Cataloger( 5092): syncFile:/storage/emulated/0/2016-12-06_02:55:27.024.jpg
E/Cataloger( 5092): syncFile:/storage/emulated/0/2016-12-06_02:55:27.152.jpg
I/art     (28440): Background partial concurrent mark sweep GC freed 1095(75KB) AllocSpace objects, 9(33MB) LOS objects, 34% free, 30MB/46MB, paused 2.929ms total 111.521ms
W/ResourceType(28440): No known package when getting name for resource number 0xffffffff
I/org.umd.logging(28440): Method > 1061 com.unity3d.player.UnityPlayer.executeGLThreadJobs(com.unity3d.player.UnityPlayer@278128732<file=2016-12-06_02:55:27.152><x=0><y=0><width=768><height=1280><id=-1>)
I/org.umd.logging(28440): Method < 1061 com.unity3d.player.UnityPlayer.executeGLThreadJobs()
E/Cataloger( 5092): syncFile:/storage/emulated/0/2016-12-06_02:55:27.152.jpg
E/Cataloger( 5092): syncFile:/storage/emulated/0/2016-12-06_02:55:27.332.jpg
W/ResourceType(28440): No known package when getting name for resource number 0xffffffff
I/org.umd.logging(28440): Method > 1061 com.unity3d.player.UnityPlayer.executeGLThreadJobs(com.unity3d.player.UnityPlayer@278128732<file=2016-12-06_02:55:27.332><x=0><y=0><width=768><height=1280><id=-1>)
I/org.umd.logging(28440): Method < 1061 com.unity3d.player.UnityPlayer.executeGLThreadJobs()
E/Cataloger( 5092): syncFile:/storage/emulated/0/2016-12-06_02:55:27.332.jpg
E/Cataloger( 5092): syncFile:/storage/emulated/0/2016-12-06_02:55:27.486.jpg
W/ResourceType(28440): No known package when getting name for resource number 0xffffffff
I/org.umd.logging(28440): Method > 1061 com.unity3d.player.UnityPlayer.executeGLThreadJobs(com.unity3d.player.UnityPlayer@278128732<file=2016-12-06_02:55:27.486><x=0><y=0><width=768><height=1280><id=-1>)
I/org.umd.logging(28440): Method < 1061 com.unity3d.player.UnityPlayer.executeGLThreadJobs()
E/Cataloger( 5092): syncFile:/storage/emulated/0/2016-12-06_02:55:27.486.jpg
E/Cataloger( 5092): syncFile:/storage/emulated/0/2016-12-06_02:55:27.694.jpg
W/ResourceType(28440): No known package when getting name for resource number 0xffffffff
I/org.umd.logging(28440): Method > 1061 com.unity3d.player.UnityPlayer.executeGLThreadJobs(com.unity3d.player.UnityPlayer@278128732<file=2016-12-06_02:55:27.694><x=0><y=0><width=768><height=1280><id=-1>)
I/org.umd.logging(28440): Method < 1061 com.unity3d.player.UnityPlayer.executeGLThreadJobs()
E/Cataloger( 5092): syncFile:/storage/emulated/0/2016-12-06_02:55:27.694.jpg
E/Cataloger( 5092): syncFile:/storage/emulated/0/2016-12-06_02:55:27.840.jpg
I/org.umd.logging(28440): Method < 1144 com.unity3d.player.WWW.run()
W/ResourceType(28440): No known package when getting name for resource number 0xffffffff
I/org.umd.logging(28440): Method > 1061 com.unity3d.player.UnityPlayer.executeGLThreadJobs(com.unity3d.player.UnityPlayer@278128732<file=2016-12-06_02:55:27.840><x=0><y=0><width=768><height=1280><id=-1>)
I/org.umd.logging(28440): Method < 1061 com.unity3d.player.UnityPlayer.executeGLThreadJobs()
E/Cataloger( 5092): syncFile:/storage/emulated/0/2016-12-06_02:55:27.840.jpg
E/Cataloger( 5092): syncFile:/storage/emulated/0/2016-12-06_02:55:27.984.jpg
W/ResourceType(28440): No known package when getting name for resource number 0xffffffff
I/org.umd.logging(28440): Method > 1061 com.unity3d.player.UnityPlayer.executeGLThreadJobs(com.unity3d.player.UnityPlayer@278128732<file=2016-12-06_02:55:27.984><x=0><y=0><width=768><height=1280><id=-1>)
I/org.umd.logging(28440): Method < 1061 com.unity3d.player.UnityPlayer.executeGLThreadJobs()
E/Cataloger( 5092): syncFile:/storage/emulated/0/2016-12-06_02:55:27.984.jpg
E/Cataloger( 5092): syncFile:/storage/emulated/0/2016-12-06_02:55:28.108.jpg
W/ResourceType(28440): No known package when getting name for resource number 0xffffffff
I/org.umd.logging(28440): Method > 1061 com.unity3d.player.UnityPlayer.executeGLThreadJobs(com.unity3d.player.UnityPlayer@278128732<file=2016-12-06_02:55:28.108><x=0><y=0><width=768><height=1280><id=-1>)
I/org.umd.logging(28440): Method < 1061 com.unity3d.player.UnityPlayer.executeGLThreadJobs()
E/Cataloger( 5092): syncFile:/storage/emulated/0/2016-12-06_02:55:28.108.jpg
E/Cataloger( 5092): syncFile:/storage/emulated/0/2016-12-06_02:55:28.271.jpg
W/ResourceType(28440): No known package when getting name for resource number 0xffffffff
I/org.umd.logging(28440): Method > 1061 com.unity3d.player.UnityPlayer.executeGLThreadJobs(com.unity3d.player.UnityPlayer@278128732<file=2016-12-06_02:55:28.271><x=0><y=0><width=768><height=1280><id=-1>)
I/org.umd.logging(28440): Method < 1061 com.unity3d.player.UnityPlayer.executeGLThreadJobs()
E/Cataloger( 5092): syncFile:/storage/emulated/0/2016-12-06_02:55:28.271.jpg
E/Cataloger( 5092): syncFile:/storage/emulated/0/2016-12-06_02:55:28.416.jpg
W/ResourceType(28440): No known package when getting name for resource number 0xffffffff
I/org.umd.logging(28440): Method > 1061 com.unity3d.player.UnityPlayer.executeGLThreadJobs(com.unity3d.player.UnityPlayer@278128732<file=2016-12-06_02:55:28.416><x=0><y=0><width=768><height=1280><id=-1>)
I/org.umd.logging(28440): Method < 1061 com.unity3d.player.UnityPlayer.executeGLThreadJobs()
E/Cataloger( 5092): syncFile:/storage/emulated/0/2016-12-06_02:55:28.416.jpg
E/WifiStateMachine(  591): WifiStateMachine CMD_START_SCAN source -2 txSuccessRate=9.68 rxSuccessRate=8.76 targetRoamBSSID=b4:e9:b0:e5:06:d0 RSSI=-52
E/Cataloger( 5092): syncFile:/storage/emulated/0/2016-12-06_02:55:28.545.jpg
W/ResourceType(28440): No known package when getting name for resource number 0xffffffff
I/org.umd.logging(28440): Method > 1061 com.unity3d.player.UnityPlayer.executeGLThreadJobs(com.unity3d.player.UnityPlayer@278128732<file=2016-12-06_02:55:28.545><x=0><y=0><width=768><height=1280><id=-1>)
I/org.umd.logging(28440): Method < 1061 com.unity3d.player.UnityPlayer.executeGLThreadJobs()
E/Cataloger( 5092): syncFile:/storage/emulated/0/2016-12-06_02:55:28.545.jpg
E/Cataloger( 5092): syncFile:/storage/emulated/0/2016-12-06_02:55:28.690.jpg
W/ResourceType(28440): No known package when getting name for resource number 0xffffffff
I/org.umd.logging(28440): Method > 1061 com.unity3d.player.UnityPlayer.executeGLThreadJobs(com.unity3d.player.UnityPlayer@278128732<file=2016-12-06_02:55:28.690><x=0><y=0><width=768><height=1280><id=-1>)
I/org.umd.logging(28440): Method < 1061 com.unity3d.player.UnityPlayer.executeGLThreadJobs()
E/Cataloger( 5092): syncFile:/storage/emulated/0/2016-12-06_02:55:28.690.jpg
E/Cataloger( 5092): syncFile:/storage/emulated/0/2016-12-06_02:55:28.815.jpg
W/ResourceType(28440): No known package when getting name for resource number 0xffffffff
I/org.umd.logging(28440): Method > 1061 com.unity3d.player.UnityPlayer.executeGLThreadJobs(com.unity3d.player.UnityPlayer@278128732<file=2016-12-06_02:55:28.815><x=0><y=0><width=768><height=1280><id=-1>)
I/org.umd.logging(28440): Method < 1061 com.unity3d.player.UnityPlayer.executeGLThreadJobs()
E/Cataloger( 5092): syncFile:/storage/emulated/0/2016-12-06_02:55:28.815.jpg
E/Cataloger( 5092): syncFile:/storage/emulated/0/2016-12-06_02:55:28.957.jpg
W/ResourceType(28440): No known package when getting name for resource number 0xffffffff
I/org.umd.logging(28440): Method > 1061 com.unity3d.player.UnityPlayer.executeGLThreadJobs(com.unity3d.player.UnityPlayer@278128732<file=2016-12-06_02:55:28.957><x=0><y=0><width=768><height=1280><id=-1>)
I/org.umd.logging(28440): Method < 1061 com.unity3d.player.UnityPlayer.executeGLThreadJobs()
E/Cataloger( 5092): syncFile:/storage/emulated/0/2016-12-06_02:55:28.957.jpg
E/Cataloger( 5092): syncFile:/storage/emulated/0/2016-12-06_02:55:29.096.jpg
W/ResourceType(28440): No known package when getting name for resource number 0xffffffff
I/org.umd.logging(28440): Method > 1061 com.unity3d.player.UnityPlayer.executeGLThreadJobs(com.unity3d.player.UnityPlayer@278128732<file=2016-12-06_02:55:29.096><x=0><y=0><width=768><height=1280><id=-1>)
I/org.umd.logging(28440): Method < 1061 com.unity3d.player.UnityPlayer.executeGLThreadJobs()
E/Cataloger( 5092): syncFile:/storage/emulated/0/2016-12-06_02:55:29.096.jpg
E/Cataloger( 5092): syncFile:/storage/emulated/0/2016-12-06_02:55:29.296.jpg
W/ResourceType(28440): No known package when getting name for resource number 0xffffffff
I/org.umd.logging(28440): Method > 1061 com.unity3d.player.UnityPlayer.executeGLThreadJobs(com.unity3d.player.UnityPlayer@278128732<file=2016-12-06_02:55:29.296><x=0><y=0><width=768><height=1280><id=-1>)
I/org.umd.logging(28440): Method < 1061 com.unity3d.player.UnityPlayer.executeGLThreadJobs()
E/Cataloger( 5092): syncFile:/storage/emulated/0/2016-12-06_02:55:29.296.jpg
I/org.umd.logging(28440): Method > 1151 com.facebook.appevents.AppEventsLogger$3.run(com.facebook.appevents.AppEventsLogger$3@821421649)
I/org.umd.logging(28440): Method < 1151 com.facebook.appevents.AppEventsLogger$3.run()
E/Cataloger( 5092): syncFile:/storage/emulated/0/2016-12-06_02:55:29.440.jpg
W/ResourceType(28440): No known package when getting name for resource number 0xffffffff
I/org.umd.logging(28440): Method > 1061 com.unity3d.player.UnityPlayer.executeGLThreadJobs(com.unity3d.player.UnityPlayer@278128732<file=2016-12-06_02:55:29.440><x=0><y=0><width=768><height=1280><id=-1>)
I/org.umd.logging(28440): Method < 1061 com.unity3d.player.UnityPlayer.executeGLThreadJobs()
E/Cataloger( 5092): syncFile:/storage/emulated/0/2016-12-06_02:55:29.440.jpg
E/Cataloger( 5092): syncFile:/storage/emulated/0/2016-12-06_02:55:29.576.jpg
W/ResourceType(28440): No known package when getting name for resource number 0xffffffff
I/org.umd.logging(28440): Method > 1061 com.unity3d.player.UnityPlayer.executeGLThreadJobs(com.unity3d.player.UnityPlayer@278128732<file=2016-12-06_02:55:29.576><x=0><y=0><width=768><height=1280><id=-1>)
I/org.umd.logging(28440): Method < 1061 com.unity3d.player.UnityPlayer.executeGLThreadJobs()
E/Cataloger( 5092): syncFile:/storage/emulated/0/2016-12-06_02:55:29.576.jpg
E/Cataloger( 5092): syncFile:/storage/emulated/0/2016-12-06_02:55:29.728.jpg
W/ResourceType(28440): No known package when getting name for resource number 0xffffffff
I/org.umd.logging(28440): Method > 1061 com.unity3d.player.UnityPlayer.executeGLThreadJobs(com.unity3d.player.UnityPlayer@278128732<file=2016-12-06_02:55:29.728><x=0><y=0><width=768><height=1280><id=-1>)
I/org.umd.logging(28440): Method < 1061 com.unity3d.player.UnityPlayer.executeGLThreadJobs()
E/Cataloger( 5092): syncFile:/storage/emulated/0/2016-12-06_02:55:29.728.jpg
E/Cataloger( 5092): syncFile:/storage/emulated/0/2016-12-06_02:55:29.871.jpg
W/ResourceType(28440): No known package when getting name for resource number 0xffffffff
I/org.umd.logging(28440): Method > 1061 com.unity3d.player.UnityPlayer.executeGLThreadJobs(com.unity3d.player.UnityPlayer@278128732<file=2016-12-06_02:55:29.871><x=0><y=0><width=768><height=1280><id=-1>)
I/org.umd.logging(28440): Method < 1061 com.unity3d.player.UnityPlayer.executeGLThreadJobs()
E/Cataloger( 5092): syncFile:/storage/emulated/0/2016-12-06_02:55:29.871.jpg
E/Cataloger( 5092): syncFile:/storage/emulated/0/2016-12-06_02:55:29.991.jpg
W/ResourceType(28440): No known package when getting name for resource number 0xffffffff
I/org.umd.logging(28440): Method > 1061 com.unity3d.player.UnityPlayer.executeGLThreadJobs(com.unity3d.player.UnityPlayer@278128732<file=2016-12-06_02:55:29.991><x=0><y=0><width=768><height=1280><id=-1>)
I/org.umd.logging(28440): Method < 1061 com.unity3d.player.UnityPlayer.executeGLThreadJobs()
E/Cataloger( 5092): syncFile:/storage/emulated/0/2016-12-06_02:55:29.991.jpg
E/Cataloger( 5092): syncFile:/storage/emulated/0/2016-12-06_02:55:30.124.jpg
W/ResourceType(28440): No known package when getting name for resource number 0xffffffff
I/org.umd.logging(28440): Method > 1061 com.unity3d.player.UnityPlayer.executeGLThreadJobs(com.unity3d.player.UnityPlayer@278128732<file=2016-12-06_02:55:30.124><x=0><y=0><width=768><height=1280><id=-1>)
I/org.umd.logging(28440): Method < 1061 com.unity3d.player.UnityPlayer.executeGLThreadJobs()
E/Cataloger( 5092): syncFile:/storage/emulated/0/2016-12-06_02:55:30.124.jpg
E/Cataloger( 5092): syncFile:/storage/emulated/0/2016-12-06_02:55:30.246.jpg
W/ResourceType(28440): No known package when getting name for resource number 0xffffffff
I/org.umd.logging(28440): Method > 1061 com.unity3d.player.UnityPlayer.executeGLThreadJobs(com.unity3d.player.UnityPlayer@278128732<file=2016-12-06_02:55:30.246><x=0><y=0><width=768><height=1280><id=-1>)
I/org.umd.logging(28440): Method < 1061 com.unity3d.player.UnityPlayer.executeGLThreadJobs()
E/Cataloger( 5092): syncFile:/storage/emulated/0/2016-12-06_02:55:30.246.jpg
I/DownloadManagerWrapper(  985): onReceive() : Charging = true
E/Cataloger( 5092): syncFile:/storage/emulated/0/2016-12-06_02:55:30.379.jpg
W/ResourceType(28440): No known package when getting name for resource number 0xffffffff
I/org.umd.logging(28440): Method > 1061 com.unity3d.player.UnityPlayer.executeGLThreadJobs(com.unity3d.player.UnityPlayer@278128732<file=2016-12-06_02:55:30.379><x=0><y=0><width=768><height=1280><id=-1>)
I/org.umd.logging(28440): Method < 1061 com.unity3d.player.UnityPlayer.executeGLThreadJobs()
E/Cataloger( 5092): syncFile:/storage/emulated/0/2016-12-06_02:55:30.379.jpg
E/Cataloger( 5092): syncFile:/storage/emulated/0/2016-12-06_02:55:30.572.jpg
W/ResourceType(28440): No known package when getting name for resource number 0xffffffff
I/org.umd.logging(28440): Method > 1061 com.unity3d.player.UnityPlayer.executeGLThreadJobs(com.unity3d.player.UnityPlayer@278128732<file=2016-12-06_02:55:30.572><x=0><y=0><width=768><height=1280><id=-1>)
I/org.umd.logging(28440): Method < 1061 com.unity3d.player.UnityPlayer.executeGLThreadJobs()
E/Cataloger( 5092): syncFile:/storage/emulated/0/2016-12-06_02:55:30.572.jpg
E/Cataloger( 5092): syncFile:/storage/emulated/0/2016-12-06_02:55:30.852.jpg
W/ResourceType(28440): No known package when getting name for resource number 0xffffffff
I/org.umd.logging(28440): Method > 1061 com.unity3d.player.UnityPlayer.executeGLThreadJobs(com.unity3d.player.UnityPlayer@278128732<file=2016-12-06_02:55:30.852><x=0><y=0><width=768><height=1280><id=-1>)
I/org.umd.logging(28440): Method < 1061 com.unity3d.player.UnityPlayer.executeGLThreadJobs()
E/Cataloger( 5092): syncFile:/storage/emulated/0/2016-12-06_02:55:30.852.jpg
E/Cataloger( 5092): syncFile:/storage/emulated/0/2016-12-06_02:55:30.999.jpg
W/ResourceType(28440): No known package when getting name for resource number 0xffffffff
I/org.umd.logging(28440): Method > 1061 com.unity3d.player.UnityPlayer.executeGLThreadJobs(com.unity3d.player.UnityPlayer@278128732<file=2016-12-06_02:55:30.999><x=0><y=0><width=768><height=1280><id=-1>)
I/org.umd.logging(28440): Method < 1061 com.unity3d.player.UnityPlayer.executeGLThreadJobs()
E/Cataloger( 5092): syncFile:/storage/emulated/0/2016-12-06_02:55:30.999.jpg
E/Cataloger( 5092): syncFile:/storage/emulated/0/2016-12-06_02:55:31.139.jpg
W/ResourceType(28440): No known package when getting name for resource number 0xffffffff
I/org.umd.logging(28440): Method > 1061 com.unity3d.player.UnityPlayer.executeGLThreadJobs(com.unity3d.player.UnityPlayer@278128732<file=2016-12-06_02:55:31.139><x=0><y=0><width=768><height=1280><id=-1>)
I/org.umd.logging(28440): Method < 1061 com.unity3d.player.UnityPlayer.executeGLThreadJobs()
E/Cataloger( 5092): syncFile:/storage/emulated/0/2016-12-06_02:55:31.139.jpg
E/Cataloger( 5092): syncFile:/storage/emulated/0/2016-12-06_02:55:31.353.jpg
W/ResourceType(28440): No known package when getting name for resource number 0xffffffff
I/org.umd.logging(28440): Method > 1061 com.unity3d.player.UnityPlayer.executeGLThreadJobs(com.unity3d.player.UnityPlayer@278128732<file=2016-12-06_02:55:31.353><x=0><y=0><width=768><height=1280><id=-1>)
I/org.umd.logging(28440): Method < 1061 com.unity3d.player.UnityPlayer.executeGLThreadJobs()
E/Cataloger( 5092): syncFile:/storage/emulated/0/2016-12-06_02:55:31.353.jpg
E/Cataloger( 5092): syncFile:/storage/emulated/0/2016-12-06_02:55:31.518.jpg
W/ResourceType(28440): No known package when getting name for resource number 0xffffffff
I/org.umd.logging(28440): Method > 1061 com.unity3d.player.UnityPlayer.executeGLThreadJobs(com.unity3d.player.UnityPlayer@278128732<file=2016-12-06_02:55:31.518><x=0><y=0><width=768><height=1280><id=-1>)
I/org.umd.logging(28440): Method < 1061 com.unity3d.player.UnityPlayer.executeGLThreadJobs()
E/Cataloger( 5092): syncFile:/storage/emulated/0/2016-12-06_02:55:31.518.jpg
E/Cataloger( 5092): syncFile:/storage/emulated/0/2016-12-06_02:55:31.657.jpg
W/ResourceType(28440): No known package when getting name for resource number 0xffffffff
I/org.umd.logging(28440): Method > 1061 com.unity3d.player.UnityPlayer.executeGLThreadJobs(com.unity3d.player.UnityPlayer@278128732<file=2016-12-06_02:55:31.657><x=0><y=0><width=768><height=1280><id=-1>)
I/org.umd.logging(28440): Method < 1061 com.unity3d.player.UnityPlayer.executeGLThreadJobs()
E/Cataloger( 5092): syncFile:/storage/emulated/0/2016-12-06_02:55:31.657.jpg
E/Cataloger( 5092): syncFile:/storage/emulated/0/2016-12-06_02:55:31.783.jpg
W/ResourceType(28440): No known package when getting name for resource number 0xffffffff
I/org.umd.logging(28440): Method > 1061 com.unity3d.player.UnityPlayer.executeGLThreadJobs(com.unity3d.player.UnityPlayer@278128732<file=2016-12-06_02:55:31.783><x=0><y=0><width=768><height=1280><id=-1>)
I/org.umd.logging(28440): Method < 1061 com.unity3d.player.UnityPlayer.executeGLThreadJobs()
E/Cataloger( 5092): syncFile:/storage/emulated/0/2016-12-06_02:55:31.783.jpg
E/Cataloger( 5092): syncFile:/storage/emulated/0/2016-12-06_02:55:31.920.jpg
W/ResourceType(28440): No known package when getting name for resource number 0xffffffff
I/org.umd.logging(28440): Method > 1061 com.unity3d.player.UnityPlayer.executeGLThreadJobs(com.unity3d.player.UnityPlayer@278128732<file=2016-12-06_02:55:31.920><x=0><y=0><width=768><height=1280><id=-1>)
I/org.umd.logging(28440): Method < 1061 com.unity3d.player.UnityPlayer.executeGLThreadJobs()
E/Cataloger( 5092): syncFile:/storage/emulated/0/2016-12-06_02:55:31.920.jpg
E/Cataloger( 5092): syncFile:/storage/emulated/0/2016-12-06_02:55:32.066.jpg
I/art     (28440): Background partial concurrent mark sweep GC freed 312(33KB) AllocSpace objects, 6(22MB) LOS objects, 37% free, 27MB/43MB, paused 1.037ms total 100.015ms
W/ResourceType(28440): No known package when getting name for resource number 0xffffffff
I/org.umd.logging(28440): Method > 1061 com.unity3d.player.UnityPlayer.executeGLThreadJobs(com.unity3d.player.UnityPlayer@278128732<file=2016-12-06_02:55:32.066><x=0><y=0><width=768><height=1280><id=-1>)
I/org.umd.logging(28440): Method < 1061 com.unity3d.player.UnityPlayer.executeGLThreadJobs()
E/Cataloger( 5092): syncFile:/storage/emulated/0/2016-12-06_02:55:32.066.jpg
E/Cataloger( 5092): syncFile:/storage/emulated/0/2016-12-06_02:55:32.224.jpg
W/ResourceType(28440): No known package when getting name for resource number 0xffffffff
I/org.umd.logging(28440): Method > 1061 com.unity3d.player.UnityPlayer.executeGLThreadJobs(com.unity3d.player.UnityPlayer@278128732<file=2016-12-06_02:55:32.224><x=0><y=0><width=768><height=1280><id=-1>)
I/org.umd.logging(28440): Method < 1061 com.unity3d.player.UnityPlayer.executeGLThreadJobs()
E/Cataloger( 5092): syncFile:/storage/emulated/0/2016-12-06_02:55:32.224.jpg
E/Cataloger( 5092): syncFile:/storage/emulated/0/2016-12-06_02:55:32.408.jpg
