I/org.umd.logging(28440): Method > 1 com.unity3d.ads.webview.WebView$JavaScriptInvocation.run(com.unity3d.ads.webview.WebView$JavaScriptInvocation@234655403)
I/org.umd.logging(28440): Method < 1 com.unity3d.ads.webview.WebView$JavaScriptInvocation.run()
E/Cataloger( 5092): syncFile:/storage/emulated/0/2016-12-06_02:55:01.748.jpg
I/org.umd.logging(28440): Method > 1140 com.unity3d.ads.misc.Utilities.runOnUiThread(com.unity3d.ads.webview.WebView$JavaScriptInvocation@725813512)
I/org.umd.logging(28440): Method > 1140 com.unity3d.ads.misc.Utilities.runOnUiThread(com.unity3d.ads.webview.WebView$JavaScriptInvocation@725813512, 0, null)
I/org.umd.logging(28440): Method < 1140 com.unity3d.ads.misc.Utilities.runOnUiThread()
I/org.umd.logging(28440): Method > 1 com.unity3d.ads.webview.WebView$JavaScriptInvocation.run(com.unity3d.ads.webview.WebView$JavaScriptInvocation@725813512)
I/org.umd.logging(28440): Method < 1140 com.unity3d.ads.misc.Utilities.runOnUiThread()
I/org.umd.logging(28440): Method < 1 com.unity3d.ads.webview.WebView$JavaScriptInvocation.run()
I/org.umd.logging(28440): Method > 1140 com.unity3d.ads.misc.Utilities.runOnUiThread(com.unity3d.ads.webview.WebView$JavaScriptInvocation@477853857)
I/org.umd.logging(28440): Method > 1140 com.unity3d.ads.misc.Utilities.runOnUiThread(com.unity3d.ads.webview.WebView$JavaScriptInvocation@477853857, 0, null)
I/org.umd.logging(28440): Method > 1 com.unity3d.ads.webview.WebView$JavaScriptInvocation.run(com.unity3d.ads.webview.WebView$JavaScriptInvocation@477853857)
I/org.umd.logging(28440): Method < 1140 com.unity3d.ads.misc.Utilities.runOnUiThread()
I/org.umd.logging(28440): Method < 1140 com.unity3d.ads.misc.Utilities.runOnUiThread()
I/org.umd.logging(28440): Method < 1 com.unity3d.ads.webview.WebView$JavaScriptInvocation.run()
I/org.umd.logging(28440): Api > 1140 android.net.ConnectivityManager.getActiveNetworkInfo(android.net.ConnectivityManager@1050392154)
I/org.umd.logging(28440): Api < 1140 android.net.ConnectivityManager.getActiveNetworkInfo(android.net.NetworkInfo@752458438)
I/org.umd.logging(28440): Method > 1140 com.unity3d.ads.misc.Utilities.runOnUiThread(com.unity3d.ads.webview.WebView$JavaScriptInvocation@552823431)
I/org.umd.logging(28440): Api > 1153 android.net.ConnectivityManager.getActiveNetworkInfo(android.net.ConnectivityManager@1050392154)
I/org.umd.logging(28440): Method > 1140 com.unity3d.ads.misc.Utilities.runOnUiThread(com.unity3d.ads.webview.WebView$JavaScriptInvocation@552823431, 0, null)
I/org.umd.logging(28440): Method < 1140 com.unity3d.ads.misc.Utilities.runOnUiThread()
I/org.umd.logging(28440): Method > 1 com.unity3d.ads.webview.WebView$JavaScriptInvocation.run(com.unity3d.ads.webview.WebView$JavaScriptInvocation@552823431)
I/org.umd.logging(28440): Method < 1 com.unity3d.ads.webview.WebView$JavaScriptInvocation.run()
I/org.umd.logging(28440): Api < 1153 android.net.ConnectivityManager.getActiveNetworkInfo(android.net.NetworkInfo@495168948)
I/org.umd.logging(28440): Method < 1140 com.unity3d.ads.misc.Utilities.runOnUiThread()
I/org.umd.logging(28440): Api > 1153 java.net.URL.openConnection(java.net.URL@1026948573<URL=http://cdn-highwinds.unityads.unity3d.com/impact/images/130493/649699de508ba47c/02-2.jpg>)
I/org.umd.logging(28440): Api < 1153 java.net.URL.openConnection(com.android.okhttp.internal.http.HttpURLConnectionImpl@960798034)
E/Cataloger( 5092): syncFile:/storage/emulated/0/Android/data/com.miniclip.archery/cache/UnityAdsCache/UnityAdsCache-fc8318286182fb110f90ac699ae3be0ac32c6146a367032b9f4499dff16c2610.jpg
W/ResourceType(28440): No known package when getting name for resource number 0xffffffff
I/org.umd.logging(28440): Method > 1061 com.unity3d.player.UnityPlayer.executeGLThreadJobs(com.unity3d.player.UnityPlayer@278128732<file=2016-12-06_02:55:01.748><x=0><y=0><width=768><height=1280><id=-1>)
I/org.umd.logging(28440): Method < 1061 com.unity3d.player.UnityPlayer.executeGLThreadJobs()
E/Cataloger( 5092): syncFile:/storage/emulated/0/2016-12-06_02:55:01.748.jpg
I/org.umd.logging(28440): Method > 1153 com.unity3d.ads.misc.Utilities.runOnUiThread(com.unity3d.ads.webview.WebView$JavaScriptInvocation@160573475)
I/org.umd.logging(28440): Method > 1153 com.unity3d.ads.misc.Utilities.runOnUiThread(com.unity3d.ads.webview.WebView$JavaScriptInvocation@160573475, 0, null)
I/org.umd.logging(28440): Method < 1153 com.unity3d.ads.misc.Utilities.runOnUiThread()
I/org.umd.logging(28440): Method < 1153 com.unity3d.ads.misc.Utilities.runOnUiThread()
I/org.umd.logging(28440): Method > 1 com.unity3d.ads.webview.WebView$JavaScriptInvocation.run(com.unity3d.ads.webview.WebView$JavaScriptInvocation@160573475)
I/org.umd.logging(28440): Method < 1 com.unity3d.ads.webview.WebView$JavaScriptInvocation.run()
I/org.umd.logging(28440): Method > 1140 com.unity3d.ads.misc.Utilities.runOnUiThread(com.unity3d.ads.webview.WebView$JavaScriptInvocation@159904032)
I/org.umd.logging(28440): Method > 1140 com.unity3d.ads.misc.Utilities.runOnUiThread(com.unity3d.ads.webview.WebView$JavaScriptInvocation@159904032, 0, null)
I/org.umd.logging(28440): Method < 1140 com.unity3d.ads.misc.Utilities.runOnUiThread()
I/org.umd.logging(28440): Method < 1140 com.unity3d.ads.misc.Utilities.runOnUiThread()
I/org.umd.logging(28440): Method > 1 com.unity3d.ads.webview.WebView$JavaScriptInvocation.run(com.unity3d.ads.webview.WebView$JavaScriptInvocation@159904032)
E/Cataloger( 5092): syncFile:/storage/emulated/0/Android/data/com.miniclip.archery/cache/UnityAdsCache/UnityAdsStorage-private-data.json
I/org.umd.logging(28440): Method < 1 com.unity3d.ads.webview.WebView$JavaScriptInvocation.run()
E/Cataloger( 5092): need not sync path:/storage/emulated/0/Android/data/com.miniclip.archery/cache/UnityAdsCache/UnityAdsStorage-private-data.json
E/Cataloger( 5092): syncFile:/storage/emulated/0/Android/data/com.miniclip.archery/cache/UnityAdsCache/UnityAdsCache-fc8318286182fb110f90ac699ae3be0ac32c6146a367032b9f4499dff16c2610.jpg
I/org.umd.logging(28440): Method > 1153 com.unity3d.ads.misc.Utilities.runOnUiThread(com.unity3d.ads.webview.WebView$JavaScriptInvocation@421108441)
I/org.umd.logging(28440): Method > 1153 com.unity3d.ads.misc.Utilities.runOnUiThread(com.unity3d.ads.webview.WebView$JavaScriptInvocation@421108441, 0, null)
I/org.umd.logging(28440): Method > 1 com.unity3d.ads.webview.WebView$JavaScriptInvocation.run(com.unity3d.ads.webview.WebView$JavaScriptInvocation@421108441)
I/org.umd.logging(28440): Method < 1153 com.unity3d.ads.misc.Utilities.runOnUiThread()
I/org.umd.logging(28440): Method < 1 com.unity3d.ads.webview.WebView$JavaScriptInvocation.run()
I/org.umd.logging(28440): Method < 1153 com.unity3d.ads.misc.Utilities.runOnUiThread()
E/Cataloger( 5092): syncFile:/storage/emulated/0/Android/data/com.miniclip.archery/cache/UnityAdsCache/UnityAdsCache-fc8318286182fb110f90ac699ae3be0ac32c6146a367032b9f4499dff16c2610.jpg
E/Cataloger( 5092): syncFile:/storage/emulated/0/Android/data/com.miniclip.archery/cache/UnityAdsCache/UnityAdsStorage-private-data.json
E/Cataloger( 5092): need not sync path:/storage/emulated/0/Android/data/com.miniclip.archery/cache/UnityAdsCache/UnityAdsStorage-private-data.json
I/org.umd.logging(28440): Method > 1140 com.unity3d.ads.misc.Utilities.runOnUiThread(com.unity3d.ads.webview.WebView$JavaScriptInvocation@434846878)
I/org.umd.logging(28440): Method > 1140 com.unity3d.ads.misc.Utilities.runOnUiThread(com.unity3d.ads.webview.WebView$JavaScriptInvocation@434846878, 0, null)
I/org.umd.logging(28440): Method > 1 com.unity3d.ads.webview.WebView$JavaScriptInvocation.run(com.unity3d.ads.webview.WebView$JavaScriptInvocation@434846878)
I/org.umd.logging(28440): Method < 1 com.unity3d.ads.webview.WebView$JavaScriptInvocation.run()
I/org.umd.logging(28440): Method < 1140 com.unity3d.ads.misc.Utilities.runOnUiThread()
I/org.umd.logging(28440): Method < 1140 com.unity3d.ads.misc.Utilities.runOnUiThread()
I/org.umd.logging(28440): Method > 1140 com.unity3d.ads.misc.Utilities.runOnUiThread(com.unity3d.ads.webview.WebView$JavaScriptInvocation@903160703)
I/org.umd.logging(28440): Method > 1140 com.unity3d.ads.misc.Utilities.runOnUiThread(com.unity3d.ads.webview.WebView$JavaScriptInvocation@903160703, 0, null)
I/org.umd.logging(28440): Method < 1140 com.unity3d.ads.misc.Utilities.runOnUiThread()
I/org.umd.logging(28440): Method > 1 com.unity3d.ads.webview.WebView$JavaScriptInvocation.run(com.unity3d.ads.webview.WebView$JavaScriptInvocation@903160703)
I/org.umd.logging(28440): Method < 1140 com.unity3d.ads.misc.Utilities.runOnUiThread()
I/org.umd.logging(28440): Method < 1 com.unity3d.ads.webview.WebView$JavaScriptInvocation.run()
I/org.umd.logging(28440): Method > 1140 com.unity3d.ads.misc.Utilities.runOnUiThread(com.unity3d.ads.webview.WebView$JavaScriptInvocation@264961868)
I/org.umd.logging(28440): Method > 1140 com.unity3d.ads.misc.Utilities.runOnUiThread(com.unity3d.ads.webview.WebView$JavaScriptInvocation@264961868, 0, null)
I/org.umd.logging(28440): Method < 1140 com.unity3d.ads.misc.Utilities.runOnUiThread()
I/org.umd.logging(28440): Method < 1140 com.unity3d.ads.misc.Utilities.runOnUiThread()
I/org.umd.logging(28440): Method > 1 com.unity3d.ads.webview.WebView$JavaScriptInvocation.run(com.unity3d.ads.webview.WebView$JavaScriptInvocation@264961868)
I/org.umd.logging(28440): Method < 1 com.unity3d.ads.webview.WebView$JavaScriptInvocation.run()
I/org.umd.logging(28440): Method > 1140 com.unity3d.ads.misc.Utilities.runOnUiThread(com.unity3d.ads.webview.WebView$JavaScriptInvocation@335547285)
I/org.umd.logging(28440): Method > 1140 com.unity3d.ads.misc.Utilities.runOnUiThread(com.unity3d.ads.webview.WebView$JavaScriptInvocation@335547285, 0, null)
I/org.umd.logging(28440): Method > 1 com.unity3d.ads.webview.WebView$JavaScriptInvocation.run(com.unity3d.ads.webview.WebView$JavaScriptInvocation@335547285)
I/org.umd.logging(28440): Method < 1 com.unity3d.ads.webview.WebView$JavaScriptInvocation.run()
I/org.umd.logging(28440): Method < 1140 com.unity3d.ads.misc.Utilities.runOnUiThread()
I/org.umd.logging(28440): Method < 1140 com.unity3d.ads.misc.Utilities.runOnUiThread()
I/org.umd.logging(28440): Api > 1140 android.net.ConnectivityManager.getActiveNetworkInfo(android.net.ConnectivityManager@1050392154)
I/org.umd.logging(28440): Api < 1140 android.net.ConnectivityManager.getActiveNetworkInfo(android.net.NetworkInfo@298484906)
I/org.umd.logging(28440): Method > 1140 com.unity3d.ads.misc.Utilities.runOnUiThread(com.unity3d.ads.webview.WebView$JavaScriptInvocation@220362907)
I/org.umd.logging(28440): Api > 1153 android.net.ConnectivityManager.getActiveNetworkInfo(android.net.ConnectivityManager@1050392154)
I/org.umd.logging(28440): Method > 1140 com.unity3d.ads.misc.Utilities.runOnUiThread(com.unity3d.ads.webview.WebView$JavaScriptInvocation@220362907, 0, null)
I/org.umd.logging(28440): Method < 1140 com.unity3d.ads.misc.Utilities.runOnUiThread()
I/org.umd.logging(28440): Method < 1140 com.unity3d.ads.misc.Utilities.runOnUiThread()
I/org.umd.logging(28440): Method > 1 com.unity3d.ads.webview.WebView$JavaScriptInvocation.run(com.unity3d.ads.webview.WebView$JavaScriptInvocation@220362907)
I/org.umd.logging(28440): Api < 1153 android.net.ConnectivityManager.getActiveNetworkInfo(android.net.NetworkInfo@995017784)
I/org.umd.logging(28440): Method < 1 com.unity3d.ads.webview.WebView$JavaScriptInvocation.run()
I/org.umd.logging(28440): Api > 1153 java.net.URL.openConnection(java.net.URL@1000524817<URL=http://cdn-highwinds.unityads.unity3d.com/impact/images/130493/40f79c01408b8581/02.jpg>)
I/org.umd.logging(28440): Api < 1153 java.net.URL.openConnection(com.android.okhttp.internal.http.HttpURLConnectionImpl@614744438)
E/Cataloger( 5092): syncFile:/storage/emulated/0/Android/data/com.miniclip.archery/cache/UnityAdsCache/UnityAdsCache-f3cb0bca32acf03169ab63511981f758a00fcc0587f8738ee111785b6ae44f0c.jpg
I/org.umd.logging(28440): Method > 1153 com.unity3d.ads.misc.Utilities.runOnUiThread(com.unity3d.ads.webview.WebView$JavaScriptInvocation@1025901431)
I/org.umd.logging(28440): Method > 1153 com.unity3d.ads.misc.Utilities.runOnUiThread(com.unity3d.ads.webview.WebView$JavaScriptInvocation@1025901431, 0, null)
I/org.umd.logging(28440): Method < 1153 com.unity3d.ads.misc.Utilities.runOnUiThread()
I/org.umd.logging(28440): Method < 1153 com.unity3d.ads.misc.Utilities.runOnUiThread()
I/org.umd.logging(28440): Method > 1 com.unity3d.ads.webview.WebView$JavaScriptInvocation.run(com.unity3d.ads.webview.WebView$JavaScriptInvocation@1025901431)
I/org.umd.logging(28440): Method < 1 com.unity3d.ads.webview.WebView$JavaScriptInvocation.run()
I/org.umd.logging(28440): Method > 1140 com.unity3d.ads.misc.Utilities.runOnUiThread(com.unity3d.ads.webview.WebView$JavaScriptInvocation@55045092)
I/org.umd.logging(28440): Method > 1140 com.unity3d.ads.misc.Utilities.runOnUiThread(com.unity3d.ads.webview.WebView$JavaScriptInvocation@55045092, 0, null)
I/org.umd.logging(28440): Method < 1140 com.unity3d.ads.misc.Utilities.runOnUiThread()
I/org.umd.logging(28440): Method > 1 com.unity3d.ads.webview.WebView$JavaScriptInvocation.run(com.unity3d.ads.webview.WebView$JavaScriptInvocation@55045092)
I/org.umd.logging(28440): Method < 1140 com.unity3d.ads.misc.Utilities.runOnUiThread()
I/org.umd.logging(28440): Method < 1 com.unity3d.ads.webview.WebView$JavaScriptInvocation.run()
E/Cataloger( 5092): syncFile:/storage/emulated/0/Android/data/com.miniclip.archery/cache/UnityAdsCache/UnityAdsStorage-private-data.json
E/Cataloger( 5092): need not sync path:/storage/emulated/0/Android/data/com.miniclip.archery/cache/UnityAdsCache/UnityAdsStorage-private-data.json
I/org.umd.logging(28440): Method > 1153 com.unity3d.ads.misc.Utilities.runOnUiThread(com.unity3d.ads.webview.WebView$JavaScriptInvocation@634853453)
I/org.umd.logging(28440): Method > 1153 com.unity3d.ads.misc.Utilities.runOnUiThread(com.unity3d.ads.webview.WebView$JavaScriptInvocation@634853453, 0, null)
I/org.umd.logging(28440): Method < 1153 com.unity3d.ads.misc.Utilities.runOnUiThread()
I/org.umd.logging(28440): Method > 1 com.unity3d.ads.webview.WebView$JavaScriptInvocation.run(com.unity3d.ads.webview.WebView$JavaScriptInvocation@634853453)
I/org.umd.logging(28440): Method < 1153 com.unity3d.ads.misc.Utilities.runOnUiThread()
I/org.umd.logging(28440): Method < 1 com.unity3d.ads.webview.WebView$JavaScriptInvocation.run()
E/Cataloger( 5092): syncFile:/storage/emulated/0/Android/data/com.miniclip.archery/cache/UnityAdsCache/UnityAdsCache-f3cb0bca32acf03169ab63511981f758a00fcc0587f8738ee111785b6ae44f0c.jpg
E/Cataloger( 5092): syncFile:/storage/emulated/0/Android/data/com.miniclip.archery/cache/UnityAdsCache/UnityAdsCache-f3cb0bca32acf03169ab63511981f758a00fcc0587f8738ee111785b6ae44f0c.jpg
I/org.umd.logging(28440): Method > 1140 com.unity3d.ads.misc.Utilities.runOnUiThread(com.unity3d.ads.webview.WebView$JavaScriptInvocation@1049296642)
I/org.umd.logging(28440): Method > 1140 com.unity3d.ads.misc.Utilities.runOnUiThread(com.unity3d.ads.webview.WebView$JavaScriptInvocation@1049296642, 0, null)
E/Cataloger( 5092): syncFile:/storage/emulated/0/Android/data/com.miniclip.archery/cache/UnityAdsCache/UnityAdsStorage-private-data.json
I/org.umd.logging(28440): Method < 1140 com.unity3d.ads.misc.Utilities.runOnUiThread()
I/org.umd.logging(28440): Method > 1 com.unity3d.ads.webview.WebView$JavaScriptInvocation.run(com.unity3d.ads.webview.WebView$JavaScriptInvocation@1049296642)
I/org.umd.logging(28440): Method < 1140 com.unity3d.ads.misc.Utilities.runOnUiThread()
I/org.umd.logging(28440): Method < 1 com.unity3d.ads.webview.WebView$JavaScriptInvocation.run()
E/Cataloger( 5092): need not sync path:/storage/emulated/0/Android/data/com.miniclip.archery/cache/UnityAdsCache/UnityAdsStorage-private-data.json
E/Unity   (28440): Unable to find coredll
I/org.umd.logging(28440): Method > 1140 com.unity3d.ads.misc.Utilities.runOnUiThread(com.unity3d.ads.webview.WebView$JavaScriptInvocation@946692115)
I/org.umd.logging(28440): Method > 1140 com.unity3d.ads.misc.Utilities.runOnUiThread(com.unity3d.ads.webview.WebView$JavaScriptInvocation@946692115, 0, null)
I/org.umd.logging(28440): Method < 1140 com.unity3d.ads.misc.Utilities.runOnUiThread()
I/org.umd.logging(28440): Method > 1 com.unity3d.ads.webview.WebView$JavaScriptInvocation.run(com.unity3d.ads.webview.WebView$JavaScriptInvocation@946692115)
I/org.umd.logging(28440): Method < 1140 com.unity3d.ads.misc.Utilities.runOnUiThread()
I/org.umd.logging(28440): Method < 1 com.unity3d.ads.webview.WebView$JavaScriptInvocation.run()
I/org.umd.logging(28440): Method > 1140 com.unity3d.ads.misc.Utilities.runOnUiThread(com.unity3d.ads.webview.WebView$JavaScriptInvocation@998892112)
I/org.umd.logging(28440): Method > 1140 com.unity3d.ads.misc.Utilities.runOnUiThread(com.unity3d.ads.webview.WebView$JavaScriptInvocation@998892112, 0, null)
I/org.umd.logging(28440): Method < 1140 com.unity3d.ads.misc.Utilities.runOnUiThread()
I/org.umd.logging(28440): Method < 1140 com.unity3d.ads.misc.Utilities.runOnUiThread()
I/org.umd.logging(28440): Method > 1 com.unity3d.ads.webview.WebView$JavaScriptInvocation.run(com.unity3d.ads.webview.WebView$JavaScriptInvocation@998892112)
I/org.umd.logging(28440): Method < 1 com.unity3d.ads.webview.WebView$JavaScriptInvocation.run()
I/org.umd.logging(28440): Method > 1140 com.unity3d.ads.misc.Utilities.runOnUiThread(com.unity3d.ads.webview.WebView$JavaScriptInvocation@915008585)
I/org.umd.logging(28440): Method > 1140 com.unity3d.ads.misc.Utilities.runOnUiThread(com.unity3d.ads.webview.WebView$JavaScriptInvocation@915008585, 0, null)
I/org.umd.logging(28440): Method < 1140 com.unity3d.ads.misc.Utilities.runOnUiThread()
I/org.umd.logging(28440): Method > 1 com.unity3d.ads.webview.WebView$JavaScriptInvocation.run(com.unity3d.ads.webview.WebView$JavaScriptInvocation@915008585)
I/org.umd.logging(28440): Method < 1140 com.unity3d.ads.misc.Utilities.runOnUiThread()
I/org.umd.logging(28440): Method < 1 com.unity3d.ads.webview.WebView$JavaScriptInvocation.run()
I/org.umd.logging(28440): Api > 1140 android.net.ConnectivityManager.getActiveNetworkInfo(android.net.ConnectivityManager@1050392154)
I/org.umd.logging(28440): Api < 1140 android.net.ConnectivityManager.getActiveNetworkInfo(android.net.NetworkInfo@137234766)
I/org.umd.logging(28440): Api > 1153 android.net.ConnectivityManager.getActiveNetworkInfo(android.net.ConnectivityManager@1050392154)
I/org.umd.logging(28440): Api < 1153 android.net.ConnectivityManager.getActiveNetworkInfo(android.net.NetworkInfo@46393967)
I/org.umd.logging(28440): Method > 1140 com.unity3d.ads.misc.Utilities.runOnUiThread(com.unity3d.ads.webview.WebView$JavaScriptInvocation@531813244)
I/org.umd.logging(28440): Method > 1140 com.unity3d.ads.misc.Utilities.runOnUiThread(com.unity3d.ads.webview.WebView$JavaScriptInvocation@531813244, 0, null)
I/org.umd.logging(28440): Method < 1140 com.unity3d.ads.misc.Utilities.runOnUiThread()
I/org.umd.logging(28440): Method < 1140 com.unity3d.ads.misc.Utilities.runOnUiThread()
I/org.umd.logging(28440): Method > 1 com.unity3d.ads.webview.WebView$JavaScriptInvocation.run(com.unity3d.ads.webview.WebView$JavaScriptInvocation@531813244)
I/org.umd.logging(28440): Method < 1 com.unity3d.ads.webview.WebView$JavaScriptInvocation.run()
I/org.umd.logging(28440): Api > 1153 java.net.URL.openConnection(java.net.URL@159122437<URL=http://cdn-highwinds.unityads.unity3d.com/store-icons/de29fed4-9e5a-4b20-b8cf-9d6d1535a64e.png>)
I/org.umd.logging(28440): Api < 1153 java.net.URL.openConnection(com.android.okhttp.internal.http.HttpURLConnectionImpl@870673498)
E/Cataloger( 5092): syncFile:/storage/emulated/0/Android/data/com.miniclip.archery/cache/UnityAdsCache/UnityAdsCache-e266dd4464e144a06405b34ce78f1a0405eafb09165aeb37e27a9df6dc2d9f18.png
I/org.umd.logging(28440): Method > 1153 com.unity3d.ads.misc.Utilities.runOnUiThread(com.unity3d.ads.webview.WebView$JavaScriptInvocation@659472011)
I/org.umd.logging(28440): Method > 1153 com.unity3d.ads.misc.Utilities.runOnUiThread(com.unity3d.ads.webview.WebView$JavaScriptInvocation@659472011, 0, null)
I/org.umd.logging(28440): Method < 1153 com.unity3d.ads.misc.Utilities.runOnUiThread()
I/org.umd.logging(28440): Method > 1 com.unity3d.ads.webview.WebView$JavaScriptInvocation.run(com.unity3d.ads.webview.WebView$JavaScriptInvocation@659472011)
I/org.umd.logging(28440): Method < 1 com.unity3d.ads.webview.WebView$JavaScriptInvocation.run()
I/org.umd.logging(28440): Method < 1153 com.unity3d.ads.misc.Utilities.runOnUiThread()
I/org.umd.logging(28440): Method > 1153 com.unity3d.ads.misc.Utilities.runOnUiThread(com.unity3d.ads.webview.WebView$JavaScriptInvocation@622308200)
I/org.umd.logging(28440): Method > 1153 com.unity3d.ads.misc.Utilities.runOnUiThread(com.unity3d.ads.webview.WebView$JavaScriptInvocation@622308200, 0, null)
I/org.umd.logging(28440): Method < 1153 com.unity3d.ads.misc.Utilities.runOnUiThread()
I/org.umd.logging(28440): Method > 1 com.unity3d.ads.webview.WebView$JavaScriptInvocation.run(com.unity3d.ads.webview.WebView$JavaScriptInvocation@622308200)
I/org.umd.logging(28440): Method < 1 com.unity3d.ads.webview.WebView$JavaScriptInvocation.run()
I/org.umd.logging(28440): Method < 1153 com.unity3d.ads.misc.Utilities.runOnUiThread()
E/Cataloger( 5092): syncFile:/storage/emulated/0/Android/data/com.miniclip.archery/cache/UnityAdsCache/UnityAdsCache-e266dd4464e144a06405b34ce78f1a0405eafb09165aeb37e27a9df6dc2d9f18.png
E/Cataloger( 5092): syncFile:/storage/emulated/0/Android/data/com.miniclip.archery/cache/UnityAdsCache/UnityAdsCache-e266dd4464e144a06405b34ce78f1a0405eafb09165aeb37e27a9df6dc2d9f18.png
E/Cataloger( 5092): syncFile:/storage/emulated/0/Android/data/com.miniclip.archery/cache/UnityAdsCache/UnityAdsStorage-private-data.json
E/Cataloger( 5092): need not sync path:/storage/emulated/0/Android/data/com.miniclip.archery/cache/UnityAdsCache/UnityAdsStorage-private-data.json
E/Cataloger( 5092): syncFile:/storage/emulated/0/Android/data/com.miniclip.archery/cache/UnityAdsCache/UnityAdsStorage-private-data.json
E/Cataloger( 5092): need not sync path:/storage/emulated/0/Android/data/com.miniclip.archery/cache/UnityAdsCache/UnityAdsStorage-private-data.json
I/org.umd.logging(28440): Method > 1140 com.unity3d.ads.misc.Utilities.runOnUiThread(com.unity3d.ads.webview.WebView$JavaScriptInvocation@1002298241)
I/org.umd.logging(28440): Method > 1140 com.unity3d.ads.misc.Utilities.runOnUiThread(com.unity3d.ads.webview.WebView$JavaScriptInvocation@1002298241, 0, null)
I/org.umd.logging(28440): Method > 1 com.unity3d.ads.webview.WebView$JavaScriptInvocation.run(com.unity3d.ads.webview.WebView$JavaScriptInvocation@1002298241)
I/org.umd.logging(28440): Method < 1 com.unity3d.ads.webview.WebView$JavaScriptInvocation.run()
I/org.umd.logging(28440): Method < 1140 com.unity3d.ads.misc.Utilities.runOnUiThread()
I/org.umd.logging(28440): Method < 1140 com.unity3d.ads.misc.Utilities.runOnUiThread()
I/org.umd.logging(28440): Method > 1140 com.unity3d.ads.misc.Utilities.runOnUiThread(com.unity3d.ads.api.Listener$1@879278183)
I/org.umd.logging(28440): Method > 1140 com.unity3d.ads.misc.Utilities.runOnUiThread(com.unity3d.ads.api.Listener$1@879278183, 0, null)
I/org.umd.logging(28440): Method > 1 com.unity3d.ads.api.Listener$1.run(com.unity3d.ads.api.Listener$1@879278183)
I/org.umd.logging(28440): Method < 1140 com.unity3d.ads.misc.Utilities.runOnUiThread()
I/org.umd.logging(28440): Method < 1 com.unity3d.ads.api.Listener$1.run()
I/org.umd.logging(28440): Method < 1140 com.unity3d.ads.misc.Utilities.runOnUiThread()
I/org.umd.logging(28440): Method > 1140 com.unity3d.ads.misc.Utilities.runOnUiThread(com.unity3d.ads.webview.WebView$JavaScriptInvocation@1064310292)
I/org.umd.logging(28440): Method > 1140 com.unity3d.ads.misc.Utilities.runOnUiThread(com.unity3d.ads.webview.WebView$JavaScriptInvocation@1064310292, 0, null)
I/org.umd.logging(28440): Method > 1 com.unity3d.ads.webview.WebView$JavaScriptInvocation.run(com.unity3d.ads.webview.WebView$JavaScriptInvocation@1064310292)
I/org.umd.logging(28440): Method < 1140 com.unity3d.ads.misc.Utilities.runOnUiThread()
I/org.umd.logging(28440): Method < 1140 com.unity3d.ads.misc.Utilities.runOnUiThread()
I/org.umd.logging(28440): Method < 1 com.unity3d.ads.webview.WebView$JavaScriptInvocation.run()
I/org.umd.logging(28440): Method > 1162 com.unity3d.player.WWW.run(com.unity3d.player.WWW@283881149<thread=1162>)
I/org.umd.logging(28440): Api > 1162 java.net.URL.openConnection(java.net.URL@650456242<URL=jar:file:///data/app/com.miniclip.archery-1/base.apk!/assets/10883.av>)
I/org.umd.logging(28440): Api < 1162 java.net.URL.openConnection(libcore.net.url.JarURLConnectionImpl@808024505)
E/Cataloger( 5092): syncFile:/storage/emulated/0/2016-12-06_02:55:06.062.jpg
W/ResourceType(28440): No known package when getting name for resource number 0xffffffff
I/org.umd.logging(28440): Method > 1061 com.unity3d.player.UnityPlayer.executeGLThreadJobs(com.unity3d.player.UnityPlayer@278128732<file=2016-12-06_02:55:06.062><x=0><y=0><width=768><height=1280><id=-1>)
I/org.umd.logging(28440): Method < 1061 com.unity3d.player.UnityPlayer.executeGLThreadJobs()
E/Cataloger( 5092): syncFile:/storage/emulated/0/2016-12-06_02:55:06.062.jpg
I/org.umd.logging(28440): Api > 1162 java.net.URLConnection.getInputStream(libcore.net.url.JarURLConnectionImpl@808024505)
E/Cataloger( 5092): syncFile:/storage/emulated/0/2016-12-06_02:55:06.183.jpg
W/ResourceType(28440): No known package when getting name for resource number 0xffffffff
I/org.umd.logging(28440): Method > 1061 com.unity3d.player.UnityPlayer.executeGLThreadJobs(com.unity3d.player.UnityPlayer@278128732<file=2016-12-06_02:55:06.183><x=0><y=0><width=768><height=1280><id=-1>)
I/org.umd.logging(28440): Method < 1061 com.unity3d.player.UnityPlayer.executeGLThreadJobs()
E/Cataloger( 5092): syncFile:/storage/emulated/0/2016-12-06_02:55:06.183.jpg
I/org.umd.logging(28440): Api < 1162 java.net.URLConnection.getInputStream(libcore.net.url.JarURLConnectionImpl$JarURLConnectionInputStream@19549535)
I/org.umd.logging(28440): Method < 1162 com.unity3d.player.WWW.run()
E/Cataloger( 5092): syncFile:/storage/emulated/0/2016-12-06_02:55:06.323.jpg
W/ResourceType(28440): No known package when getting name for resource number 0xffffffff
I/org.umd.logging(28440): Method > 1061 com.unity3d.player.UnityPlayer.executeGLThreadJobs(com.unity3d.player.UnityPlayer@278128732<file=2016-12-06_02:55:06.323><x=0><y=0><width=768><height=1280><id=-1>)
I/org.umd.logging(28440): Method < 1061 com.unity3d.player.UnityPlayer.executeGLThreadJobs()
E/Cataloger( 5092): syncFile:/storage/emulated/0/2016-12-06_02:55:06.323.jpg
I/org.umd.logging(28440): Method > 1163 com.unity3d.player.WWW.run(com.unity3d.player.WWW@420484012<thread=1163>)
I/org.umd.logging(28440): Api > 1163 java.net.URL.openConnection(java.net.URL@887027829<URL=file:///storage/emulated/0/Android/data/com.miniclip.archery/cache/11030.av>)
I/org.umd.logging(28440): Api < 1163 java.net.URL.openConnection(libcore.net.url.FileURLConnection@304193546)
I/org.umd.logging(28440): Api > 1163 java.net.URLConnection.getInputStream(libcore.net.url.FileURLConnection@304193546)
I/org.umd.logging(28440): Api < 1163 java.net.URLConnection.getInputStream(java.io.BufferedInputStream@147873915)
I/org.umd.logging(28440): Method < 1163 com.unity3d.player.WWW.run()
I/art     (28440): Background sticky concurrent mark sweep GC freed 4880(204KB) AllocSpace objects, 1(3MB) LOS objects, 1% free, 29MB/29MB, paused 5.432ms total 31.374ms
E/Cataloger( 5092): syncFile:/storage/emulated/0/2016-12-06_02:55:06.616.jpg
W/ResourceType(28440): No known package when getting name for resource number 0xffffffff
I/org.umd.logging(28440): Method > 1061 com.unity3d.player.UnityPlayer.executeGLThreadJobs(com.unity3d.player.UnityPlayer@278128732<file=2016-12-06_02:55:06.616><x=0><y=0><width=768><height=1280><id=-1>)
I/org.umd.logging(28440): Method < 1061 com.unity3d.player.UnityPlayer.executeGLThreadJobs()
E/Cataloger( 5092): syncFile:/storage/emulated/0/2016-12-06_02:55:06.616.jpg
E/Cataloger( 5092): syncFile:/storage/emulated/0/2016-12-06_02:55:06.805.jpg
W/ResourceType(28440): No known package when getting name for resource number 0xffffffff
I/org.umd.logging(28440): Method > 1061 com.unity3d.player.UnityPlayer.executeGLThreadJobs(com.unity3d.player.UnityPlayer@278128732<file=2016-12-06_02:55:06.805><x=0><y=0><width=768><height=1280><id=-1>)
I/org.umd.logging(28440): Method < 1061 com.unity3d.player.UnityPlayer.executeGLThreadJobs()
E/Cataloger( 5092): syncFile:/storage/emulated/0/2016-12-06_02:55:06.805.jpg
E/Cataloger( 5092): syncFile:/storage/emulated/0/2016-12-06_02:55:06.950.jpg
W/ResourceType(28440): No known package when getting name for resource number 0xffffffff
I/org.umd.logging(28440): Method > 1061 com.unity3d.player.UnityPlayer.executeGLThreadJobs(com.unity3d.player.UnityPlayer@278128732<file=2016-12-06_02:55:06.950><x=0><y=0><width=768><height=1280><id=-1>)
I/org.umd.logging(28440): Method < 1061 com.unity3d.player.UnityPlayer.executeGLThreadJobs()
E/Cataloger( 5092): syncFile:/storage/emulated/0/2016-12-06_02:55:06.950.jpg
E/Cataloger( 5092): syncFile:/storage/emulated/0/2016-12-06_02:55:07.106.jpg
W/ResourceType(28440): No known package when getting name for resource number 0xffffffff
I/org.umd.logging(28440): Method > 1061 com.unity3d.player.UnityPlayer.executeGLThreadJobs(com.unity3d.player.UnityPlayer@278128732<file=2016-12-06_02:55:07.106><x=0><y=0><width=768><height=1280><id=-1>)
I/org.umd.logging(28440): Method < 1061 com.unity3d.player.UnityPlayer.executeGLThreadJobs()
E/Cataloger( 5092): syncFile:/storage/emulated/0/2016-12-06_02:55:07.106.jpg
E/Cataloger( 5092): syncFile:/storage/emulated/0/2016-12-06_02:55:07.609.jpg
W/ResourceType(28440): No known package when getting name for resource number 0xffffffff
I/org.umd.logging(28440): Method > 1061 com.unity3d.player.UnityPlayer.executeGLThreadJobs(com.unity3d.player.UnityPlayer@278128732<file=2016-12-06_02:55:07.609><x=0><y=0><width=768><height=1280><id=-1>)
I/org.umd.logging(28440): Method < 1061 com.unity3d.player.UnityPlayer.executeGLThreadJobs()
E/Cataloger( 5092): syncFile:/storage/emulated/0/2016-12-06_02:55:07.609.jpg
E/Cataloger( 5092): syncFile:/storage/emulated/0/2016-12-06_02:55:07.781.jpg
W/ResourceType(28440): No known package when getting name for resource number 0xffffffff
I/org.umd.logging(28440): Method > 1061 com.unity3d.player.UnityPlayer.executeGLThreadJobs(com.unity3d.player.UnityPlayer@278128732<file=2016-12-06_02:55:07.781><x=0><y=0><width=768><height=1280><id=-1>)
I/org.umd.logging(28440): Method < 1061 com.unity3d.player.UnityPlayer.executeGLThreadJobs()
E/Cataloger( 5092): syncFile:/storage/emulated/0/2016-12-06_02:55:07.781.jpg
E/Cataloger( 5092): syncFile:/storage/emulated/0/2016-12-06_02:55:07.925.jpg
W/ResourceType(28440): No known package when getting name for resource number 0xffffffff
I/org.umd.logging(28440): Method > 1061 com.unity3d.player.UnityPlayer.executeGLThreadJobs(com.unity3d.player.UnityPlayer@278128732<file=2016-12-06_02:55:07.925><x=0><y=0><width=768><height=1280><id=-1>)
I/org.umd.logging(28440): Method < 1061 com.unity3d.player.UnityPlayer.executeGLThreadJobs()
E/Cataloger( 5092): syncFile:/storage/emulated/0/2016-12-06_02:55:07.925.jpg
E/Cataloger( 5092): syncFile:/storage/emulated/0/2016-12-06_02:55:08.325.jpg
W/ResourceType(28440): No known package when getting name for resource number 0xffffffff
I/org.umd.logging(28440): Method > 1061 com.unity3d.player.UnityPlayer.executeGLThreadJobs(com.unity3d.player.UnityPlayer@278128732<file=2016-12-06_02:55:08.325><x=0><y=0><width=768><height=1280><id=-1>)
I/org.umd.logging(28440): Method < 1061 com.unity3d.player.UnityPlayer.executeGLThreadJobs()
E/Cataloger( 5092): syncFile:/storage/emulated/0/2016-12-06_02:55:08.325.jpg
I/org.umd.logging(28440): Method > 1164 com.unity3d.player.WWW.run(com.unity3d.player.WWW@406896280<thread=1164>)
I/org.umd.logging(28440): Api > 1164 java.net.URL.openConnection(java.net.URL@255043313<URL=http://saga.archeryking.net:20000/sagaCheck.aspx?pid=10163780>)
I/org.umd.logging(28440): Api < 1164 java.net.URL.openConnection(com.android.okhttp.internal.http.HttpURLConnectionImpl@88191702)
E/Cataloger( 5092): syncFile:/storage/emulated/0/Android/data/com.miniclip.archery/files/UnityCache/__info
E/Cataloger( 5092): need not sync path:/storage/emulated/0/Android/data/com.miniclip.archery/files/UnityCache/__info
E/WifiStateMachine(  591): WifiStateMachine CMD_START_SCAN source -2 txSuccessRate=304.72 rxSuccessRate=565.03 targetRoamBSSID=b4:e9:b0:e5:06:d0 RSSI=-52
I/org.umd.logging(28440): Api > 1164 java.net.URLConnection.getInputStream(com.android.okhttp.internal.http.HttpURLConnectionImpl@88191702)
I/org.umd.logging(28440): Api < 1164 java.net.URLConnection.getInputStream(com.android.okio.RealBufferedSource$1@687507799)
I/org.umd.logging(28440): Method < 1164 com.unity3d.player.WWW.run()
E/Cataloger( 5092): syncFile:/storage/emulated/0/Android/data/com.miniclip.archery/files/UnityCache/Shared/__info
E/Cataloger( 5092): need not sync path:/storage/emulated/0/Android/data/com.miniclip.archery/files/UnityCache/Shared/__info
E/Cataloger( 5092): syncFile:/storage/emulated/0/Android/data/com.miniclip.archery/files/UnityCache/Shared/21f877015758f8f9a403437fc8ee0a21fcafa762/__info
E/Cataloger( 5092): need not sync path:/storage/emulated/0/Android/data/com.miniclip.archery/files/UnityCache/Shared/21f877015758f8f9a403437fc8ee0a21fcafa762/__info
E/Cataloger( 5092): syncFile:/storage/emulated/0/2016-12-06_02:55:08.740.jpg
W/ResourceType(28440): No known package when getting name for resource number 0xffffffff
I/org.umd.logging(28440): Method > 1061 com.unity3d.player.UnityPlayer.executeGLThreadJobs(com.unity3d.player.UnityPlayer@278128732<file=2016-12-06_02:55:08.740><x=0><y=0><width=768><height=1280><id=-1>)
I/org.umd.logging(28440): Method < 1061 com.unity3d.player.UnityPlayer.executeGLThreadJobs()
E/Cataloger( 5092): syncFile:/storage/emulated/0/2016-12-06_02:55:08.740.jpg
E/Cataloger( 5092): syncFile:/storage/emulated/0/Android/data/com.miniclip.archery/files/UnityCache/Shared/21f877015758f8f9a403437fc8ee0a21fcafa762/__info
E/Cataloger( 5092): need not sync path:/storage/emulated/0/Android/data/com.miniclip.archery/files/UnityCache/Shared/21f877015758f8f9a403437fc8ee0a21fcafa762/__info
E/Cataloger( 5092): syncFile:/storage/emulated/0/Android/data/com.miniclip.archery/files/UnityCache/Shared/2c724b3beca9d1049686296b886b1c2b79027b22/__info
E/Cataloger( 5092): need not sync path:/storage/emulated/0/Android/data/com.miniclip.archery/files/UnityCache/Shared/2c724b3beca9d1049686296b886b1c2b79027b22/__info
E/Cataloger( 5092): syncFile:/storage/emulated/0/2016-12-06_02:55:08.945.jpg
W/ResourceType(28440): No known package when getting name for resource number 0xffffffff
I/org.umd.logging(28440): Method > 1061 com.unity3d.player.UnityPlayer.executeGLThreadJobs(com.unity3d.player.UnityPlayer@278128732<file=2016-12-06_02:55:08.945><x=0><y=0><width=768><height=1280><id=-1>)
I/org.umd.logging(28440): Method < 1061 com.unity3d.player.UnityPlayer.executeGLThreadJobs()
E/Cataloger( 5092): syncFile:/storage/emulated/0/2016-12-06_02:55:08.945.jpg
E/Cataloger( 5092): syncFile:/storage/emulated/0/Android/data/com.miniclip.archery/files/UnityCache/Shared/2c724b3beca9d1049686296b886b1c2b79027b22/__info
E/Cataloger( 5092): need not sync path:/storage/emulated/0/Android/data/com.miniclip.archery/files/UnityCache/Shared/2c724b3beca9d1049686296b886b1c2b79027b22/__info
E/Cataloger( 5092): syncFile:/storage/emulated/0/Android/data/com.miniclip.archery/files/UnityCache/Shared/596e07e7bca86879fc478f5c56db001b33be7f0b/__info
E/Cataloger( 5092): need not sync path:/storage/emulated/0/Android/data/com.miniclip.archery/files/UnityCache/Shared/596e07e7bca86879fc478f5c56db001b33be7f0b/__info
E/Cataloger( 5092): syncFile:/storage/emulated/0/2016-12-06_02:55:09.092.jpg
W/ResourceType(28440): No known package when getting name for resource number 0xffffffff
I/org.umd.logging(28440): Method > 1061 com.unity3d.player.UnityPlayer.executeGLThreadJobs(com.unity3d.player.UnityPlayer@278128732<file=2016-12-06_02:55:09.092><x=0><y=0><width=768><height=1280><id=-1>)
I/org.umd.logging(28440): Method < 1061 com.unity3d.player.UnityPlayer.executeGLThreadJobs()
E/Cataloger( 5092): syncFile:/storage/emulated/0/2016-12-06_02:55:09.092.jpg
E/Cataloger( 5092): syncFile:/storage/emulated/0/Android/data/com.miniclip.archery/files/UnityCache/Shared/596e07e7bca86879fc478f5c56db001b33be7f0b/__info
E/Cataloger( 5092): need not sync path:/storage/emulated/0/Android/data/com.miniclip.archery/files/UnityCache/Shared/596e07e7bca86879fc478f5c56db001b33be7f0b/__info
E/Cataloger( 5092): syncFile:/storage/emulated/0/Android/data/com.miniclip.archery/files/UnityCache/Shared/ccc1dd3e61983acde2d06f584828130e6a34f81d/__info
E/Cataloger( 5092): need not sync path:/storage/emulated/0/Android/data/com.miniclip.archery/files/UnityCache/Shared/ccc1dd3e61983acde2d06f584828130e6a34f81d/__info
E/Cataloger( 5092): syncFile:/storage/emulated/0/2016-12-06_02:55:09.317.jpg
W/ResourceType(28440): No known package when getting name for resource number 0xffffffff
I/org.umd.logging(28440): Method > 1061 com.unity3d.player.UnityPlayer.executeGLThreadJobs(com.unity3d.player.UnityPlayer@278128732<file=2016-12-06_02:55:09.317><x=0><y=0><width=768><height=1280><id=-1>)
I/org.umd.logging(28440): Method < 1061 com.unity3d.player.UnityPlayer.executeGLThreadJobs()
E/Cataloger( 5092): syncFile:/storage/emulated/0/2016-12-06_02:55:09.317.jpg
E/Cataloger( 5092): syncFile:/storage/emulated/0/Android/data/com.miniclip.archery/files/UnityCache/Shared/ccc1dd3e61983acde2d06f584828130e6a34f81d/__info
E/Cataloger( 5092): need not sync path:/storage/emulated/0/Android/data/com.miniclip.archery/files/UnityCache/Shared/ccc1dd3e61983acde2d06f584828130e6a34f81d/__info
E/Cataloger( 5092): syncFile:/storage/emulated/0/Android/data/com.miniclip.archery/files/UnityCache/Shared/6b2a69f681bbb5c1654b2d49429d3dcc256d9dcd/__info
E/Cataloger( 5092): need not sync path:/storage/emulated/0/Android/data/com.miniclip.archery/files/UnityCache/Shared/6b2a69f681bbb5c1654b2d49429d3dcc256d9dcd/__info
E/Cataloger( 5092): syncFile:/storage/emulated/0/2016-12-06_02:55:09.529.jpg
W/ResourceType(28440): No known package when getting name for resource number 0xffffffff
I/org.umd.logging(28440): Method > 1061 com.unity3d.player.UnityPlayer.executeGLThreadJobs(com.unity3d.player.UnityPlayer@278128732<file=2016-12-06_02:55:09.529><x=0><y=0><width=768><height=1280><id=-1>)
I/org.umd.logging(28440): Method < 1061 com.unity3d.player.UnityPlayer.executeGLThreadJobs()
E/Cataloger( 5092): syncFile:/storage/emulated/0/2016-12-06_02:55:09.529.jpg
E/Cataloger( 5092): syncFile:/storage/emulated/0/Android/data/com.miniclip.archery/files/UnityCache/Shared/6b2a69f681bbb5c1654b2d49429d3dcc256d9dcd/__info
E/Cataloger( 5092): need not sync path:/storage/emulated/0/Android/data/com.miniclip.archery/files/UnityCache/Shared/6b2a69f681bbb5c1654b2d49429d3dcc256d9dcd/__info
E/Cataloger( 5092): syncFile:/storage/emulated/0/Android/data/com.miniclip.archery/files/UnityCache/Shared/59777c10cfbae403b56ee2deff49200fd20d5393/__info
E/Cataloger( 5092): need not sync path:/storage/emulated/0/Android/data/com.miniclip.archery/files/UnityCache/Shared/59777c10cfbae403b56ee2deff49200fd20d5393/__info
I/org.umd.logging(28440): Api > 1061 java.lang.Thread.start(java.lang.Thread@810205485<thread=1177>)
I/org.umd.logging(28440): Api < 1061 java.lang.Thread.start()
I/org.umd.logging(28440): Method > 1177 com.miniclip.mcgoliath.MCGoliathWrapper$1.run(com.miniclip.mcgoliath.MCGoliathWrapper$1@859071475)
I/org.umd.logging(28440): Method < 1177 com.miniclip.mcgoliath.MCGoliathWrapper$1.run()
E/Cataloger( 5092): syncFile:/storage/emulated/0/2016-12-06_02:55:09.897.jpg
W/ResourceType(28440): No known package when getting name for resource number 0xffffffff
I/org.umd.logging(28440): Method > 1061 com.unity3d.player.UnityPlayer.executeGLThreadJobs(com.unity3d.player.UnityPlayer@278128732<file=2016-12-06_02:55:09.897><x=0><y=0><width=768><height=1280><id=-1>)
I/org.umd.logging(28440): Method < 1061 com.unity3d.player.UnityPlayer.executeGLThreadJobs()
E/Cataloger( 5092): syncFile:/storage/emulated/0/2016-12-06_02:55:09.897.jpg
E/Cataloger( 5092): syncFile:/storage/emulated/0/Android/data/com.miniclip.archery/files/UnityCache/Shared/59777c10cfbae403b56ee2deff49200fd20d5393/__info
E/Cataloger( 5092): need not sync path:/storage/emulated/0/Android/data/com.miniclip.archery/files/UnityCache/Shared/59777c10cfbae403b56ee2deff49200fd20d5393/__info
E/Cataloger( 5092): syncFile:/storage/emulated/0/Android/data/com.miniclip.archery/files/UnityCache/Shared/960016ea2c8a639fda26d46bec6f6bc50a16ff98/__info
E/Cataloger( 5092): need not sync path:/storage/emulated/0/Android/data/com.miniclip.archery/files/UnityCache/Shared/960016ea2c8a639fda26d46bec6f6bc50a16ff98/__info
I/Prime31-IABH(28440): setting Intent package to com.android.vending
I/org.umd.logging(28440): Api > 1061 android.content.Context.bindService(android.app.Application@830226945, android.content.Intent@572278446<action=com.android.vending.billing.InAppBillingService.BIND><data=null><package=com.android.vending><component=null><type=null><filter_hashcode=-457082858><umd_Intent_key=None>, com.prime31.util.IabHelperImpl$1@706068444, 1)
I/org.umd.logging(28440): Api < 1061 android.content.Context.bindService()
I/Finsky  (26654): [1024] com.google.android.finsky.billing.iab.s.a(196): com.miniclip.archery: Account from first account - [H2HZkLhZAwneGgDylh5vNEKO7fg]
I/Finsky  (26654): [1025] com.google.android.finsky.billing.iab.s.a(196): com.miniclip.archery: Account from first account - [H2HZkLhZAwneGgDylh5vNEKO7fg]
E/Cataloger( 5092): syncFile:/storage/emulated/0/2016-12-06_02:55:10.089.jpg
W/ResourceType(28440): No known package when getting name for resource number 0xffffffff
I/org.umd.logging(28440): Method > 1061 com.unity3d.player.UnityPlayer.executeGLThreadJobs(com.unity3d.player.UnityPlayer@278128732<file=2016-12-06_02:55:10.089><x=0><y=0><width=768><height=1280><id=-1>)
I/org.umd.logging(28440): Method < 1061 com.unity3d.player.UnityPlayer.executeGLThreadJobs()
E/Cataloger( 5092): syncFile:/storage/emulated/0/2016-12-06_02:55:10.089.jpg
E/Cataloger( 5092): syncFile:/storage/emulated/0/Android/data/com.miniclip.archery/files/UnityCache/Shared/960016ea2c8a639fda26d46bec6f6bc50a16ff98/__info
E/Cataloger( 5092): need not sync path:/storage/emulated/0/Android/data/com.miniclip.archery/files/UnityCache/Shared/960016ea2c8a639fda26d46bec6f6bc50a16ff98/__info
E/Cataloger( 5092): syncFile:/storage/emulated/0/Android/data/com.miniclip.archery/files/UnityCache/Shared/4d67bd2d32bc0f386a2bebdd5a40cc655344a2a5/__info
E/Cataloger( 5092): need not sync path:/storage/emulated/0/Android/data/com.miniclip.archery/files/UnityCache/Shared/4d67bd2d32bc0f386a2bebdd5a40cc655344a2a5/__info
I/org.umd.logging(28440): Method > 1061 com.prime31.GoogleIABPluginBase.runSafelyOnUiThread(com.prime31.GoogleIABPlugin@199223525, com.prime31.GoogleIABPlugin$2@263609963, "queryInventoryFailed")
I/org.umd.logging(28440): Method > 1 com.prime31.GoogleIABPluginBase$1.run(com.prime31.GoogleIABPluginBase$1@271265377)
I/org.umd.logging(28440): Method < 1061 com.prime31.GoogleIABPluginBase.runSafelyOnUiThread()
I/org.umd.logging(28440): Method > 1 com.prime31.GoogleIABPlugin$2.run(com.prime31.GoogleIABPlugin$2@263609963)
I/org.umd.logging(28440): Api > 1 java.lang.Thread.start(java.lang.Thread@176848262<thread=1191>)
I/org.umd.logging(28440): Api < 1 java.lang.Thread.start()
I/org.umd.logging(28440): Method < 1 com.prime31.GoogleIABPlugin$2.run()
I/org.umd.logging(28440): Method < 1 com.prime31.GoogleIABPluginBase$1.run()
I/org.umd.logging(28440): Method > 1191 com.prime31.util.IabHelperImpl$2.run(com.prime31.util.IabHelperImpl$2@821571188)
I/Finsky  (26654): [1056] com.google.android.finsky.billing.iab.s.a(196): com.miniclip.archery: Account from first account - [H2HZkLhZAwneGgDylh5vNEKO7fg]
I/Finsky  (26654): [1024] com.google.android.finsky.billing.iab.s.a(196): com.miniclip.archery: Account from first account - [H2HZkLhZAwneGgDylh5vNEKO7fg]
I/DownloadManagerWrapper(  985): onReceive() : Charging = true
I/Finsky  (26654): [1025] com.google.android.finsky.billing.iab.s.a(196): com.miniclip.archery: Account from first account - [H2HZkLhZAwneGgDylh5vNEKO7fg]
E/Cataloger( 5092): syncFile:/storage/emulated/0/2016-12-06_02:55:10.351.jpg
I/Finsky  (26654): [1056] com.google.android.finsky.billing.iab.s.a(196): com.miniclip.archery: Account from first account - [H2HZkLhZAwneGgDylh5vNEKO7fg]
I/org.umd.logging(28440): Method < 1191 com.prime31.util.IabHelperImpl$2.run()
I/org.umd.logging(28440): Method > 1 com.prime31.util.IabHelperImpl$2$1.run(com.prime31.util.IabHelperImpl$2$1@50392082)
I/org.umd.logging(28440): Method < 1 com.prime31.util.IabHelperImpl$2$1.run()
W/ResourceType(28440): No known package when getting name for resource number 0xffffffff
I/org.umd.logging(28440): Method > 1061 com.unity3d.player.UnityPlayer.executeGLThreadJobs(com.unity3d.player.UnityPlayer@278128732<file=2016-12-06_02:55:10.351><x=0><y=0><width=768><height=1280><id=-1>)
I/org.umd.logging(28440): Method < 1061 com.unity3d.player.UnityPlayer.executeGLThreadJobs()
E/Cataloger( 5092): syncFile:/storage/emulated/0/2016-12-06_02:55:10.351.jpg
E/Cataloger( 5092): syncFile:/storage/emulated/0/Android/data/com.miniclip.archery/files/UnityCache/Shared/4d67bd2d32bc0f386a2bebdd5a40cc655344a2a5/__info
E/Cataloger( 5092): need not sync path:/storage/emulated/0/Android/data/com.miniclip.archery/files/UnityCache/Shared/4d67bd2d32bc0f386a2bebdd5a40cc655344a2a5/__info
E/Cataloger( 5092): syncFile:/storage/emulated/0/Android/data/com.miniclip.archery/files/UnityCache/Shared/443dc3b18d851720d50c91ef337d3169d5961910/__info
E/Cataloger( 5092): need not sync path:/storage/emulated/0/Android/data/com.miniclip.archery/files/UnityCache/Shared/443dc3b18d851720d50c91ef337d3169d5961910/__info
E/Cataloger( 5092): syncFile:/storage/emulated/0/2016-12-06_02:55:10.588.jpg
I/DeviceStateChecker( 1197): screenOn: true, isCharging: true
W/ResourceType(28440): No known package when getting name for resource number 0xffffffff
I/org.umd.logging(28440): Method > 1061 com.unity3d.player.UnityPlayer.executeGLThreadJobs(com.unity3d.player.UnityPlayer@278128732<file=2016-12-06_02:55:10.588><x=0><y=0><width=768><height=1280><id=-1>)
E/Cataloger( 5092): syncFile:/storage/emulated/0/2016-12-06_02:55:10.588.jpg
I/org.umd.logging(28440): Method < 1061 com.unity3d.player.UnityPlayer.executeGLThreadJobs()
E/Cataloger( 5092): syncFile:/storage/emulated/0/Android/data/com.miniclip.archery/files/UnityCache/Shared/443dc3b18d851720d50c91ef337d3169d5961910/__info
E/Cataloger( 5092): need not sync path:/storage/emulated/0/Android/data/com.miniclip.archery/files/UnityCache/Shared/443dc3b18d851720d50c91ef337d3169d5961910/__info
E/Cataloger( 5092): syncFile:/storage/emulated/0/2016-12-06_02:55:10.718.jpg
W/ResourceType(28440): No known package when getting name for resource number 0xffffffff
I/org.umd.logging(28440): Method > 1061 com.unity3d.player.UnityPlayer.executeGLThreadJobs(com.unity3d.player.UnityPlayer@278128732<file=2016-12-06_02:55:10.718><x=0><y=0><width=768><height=1280><id=-1>)
I/org.umd.logging(28440): Method < 1061 com.unity3d.player.UnityPlayer.executeGLThreadJobs()
E/Cataloger( 5092): syncFile:/storage/emulated/0/2016-12-06_02:55:10.718.jpg
E/Cataloger( 5092): syncFile:/storage/emulated/0/2016-12-06_02:55:10.869.jpg
W/ResourceType(28440): No known package when getting name for resource number 0xffffffff
I/org.umd.logging(28440): Method > 1061 com.unity3d.player.UnityPlayer.executeGLThreadJobs(com.unity3d.player.UnityPlayer@278128732<file=2016-12-06_02:55:10.869><x=0><y=0><width=768><height=1280><id=-1>)
I/org.umd.logging(28440): Method < 1061 com.unity3d.player.UnityPlayer.executeGLThreadJobs()
E/Cataloger( 5092): syncFile:/storage/emulated/0/2016-12-06_02:55:10.869.jpg
E/Cataloger( 5092): syncFile:/storage/emulated/0/2016-12-06_02:55:11.007.jpg
W/ResourceType(28440): No known package when getting name for resource number 0xffffffff
I/org.umd.logging(28440): Method > 1061 com.unity3d.player.UnityPlayer.executeGLThreadJobs(com.unity3d.player.UnityPlayer@278128732<file=2016-12-06_02:55:11.007><x=0><y=0><width=768><height=1280><id=-1>)
I/org.umd.logging(28440): Method < 1061 com.unity3d.player.UnityPlayer.executeGLThreadJobs()
E/Cataloger( 5092): syncFile:/storage/emulated/0/2016-12-06_02:55:11.007.jpg
I/org.umd.logging(28440): Method > 1 com.miniclip.utils.NativeRunnable.run(com.miniclip.utils.NativeRunnable@953305241)
I/org.umd.logging(28440): Method < 1 com.miniclip.utils.NativeRunnable.run()
I/org.umd.logging(28440): Method > 1 com.miniclip.utils.NativeRunnable.run(com.miniclip.utils.NativeRunnable@50181982)
I/org.umd.logging(28440): Method > 1 com.miniclip.network.HttpConnection.start(com.miniclip.network.HttpConnection@867620876)
I/org.umd.logging(28440): Method > 1 com.miniclip.network.HttpConnection$1.run(com.miniclip.network.HttpConnection$1@392817514)
I/org.umd.logging(28440): Method > 1 com.miniclip.network.HttpConnection$MCHttpURLConnectionTask.onPreExecute(com.miniclip.network.HttpConnection$MCHttpURLConnectionTask@855599352<atask=true>)
I/org.umd.logging(28440): Method < 1 com.miniclip.network.HttpConnection$MCHttpURLConnectionTask.onPreExecute()
I/org.umd.logging(28440): Method < 1 com.miniclip.network.HttpConnection$1.run()
I/org.umd.logging(28440): Method < 1 com.miniclip.network.HttpConnection.start(true)
I/org.umd.logging(28440): Method < 1 com.miniclip.utils.NativeRunnable.run()
I/org.umd.logging(28440): Method > 1148 com.miniclip.network.HttpConnection$MCHttpURLConnectionTask.doInBackground(com.miniclip.network.HttpConnection$MCHttpURLConnectionTask@855599352<atask=true>, [Ljava.lang.String;@814445009)
