I/org.umd.logging(27865): Method < 1 com.unity3d.ads.webview.WebView$JavaScriptInvocation.run()
I/org.umd.logging(27865): Method > 1135 com.unity3d.ads.misc.Utilities.runOnUiThread(com.unity3d.ads.webview.WebView$JavaScriptInvocation@234655403)
I/org.umd.logging(27865): Method > 1135 com.unity3d.ads.misc.Utilities.runOnUiThread(com.unity3d.ads.webview.WebView$JavaScriptInvocation@234655403, 0, null)
I/org.umd.logging(27865): Method < 1135 com.unity3d.ads.misc.Utilities.runOnUiThread()
I/org.umd.logging(27865): Method > 1 com.unity3d.ads.webview.WebView$JavaScriptInvocation.run(com.unity3d.ads.webview.WebView$JavaScriptInvocation@234655403)
I/org.umd.logging(27865): Method < 1135 com.unity3d.ads.misc.Utilities.runOnUiThread()
I/org.umd.logging(27865): Method < 1 com.unity3d.ads.webview.WebView$JavaScriptInvocation.run()
E/Cataloger( 5092): syncFile:/storage/emulated/0/2016-12-06_02:53:21.820.jpg
I/org.umd.logging(27865): Method > 1135 com.unity3d.ads.misc.Utilities.runOnUiThread(com.unity3d.ads.webview.WebView$JavaScriptInvocation@725813512)
I/org.umd.logging(27865): Method > 1135 com.unity3d.ads.misc.Utilities.runOnUiThread(com.unity3d.ads.webview.WebView$JavaScriptInvocation@725813512, 0, null)
I/org.umd.logging(27865): Method < 1135 com.unity3d.ads.misc.Utilities.runOnUiThread()
I/org.umd.logging(27865): Method < 1135 com.unity3d.ads.misc.Utilities.runOnUiThread()
I/org.umd.logging(27865): Method > 1 com.unity3d.ads.webview.WebView$JavaScriptInvocation.run(com.unity3d.ads.webview.WebView$JavaScriptInvocation@725813512)
I/org.umd.logging(27865): Method < 1 com.unity3d.ads.webview.WebView$JavaScriptInvocation.run()
I/org.umd.logging(27865): Api > 1135 android.net.ConnectivityManager.getActiveNetworkInfo(android.net.ConnectivityManager@1050392154)
I/org.umd.logging(27865): Api < 1135 android.net.ConnectivityManager.getActiveNetworkInfo(android.net.NetworkInfo@477853857)
I/org.umd.logging(27865): Api > 1149 android.net.ConnectivityManager.getActiveNetworkInfo(android.net.ConnectivityManager@1050392154)
I/org.umd.logging(27865): Method > 1135 com.unity3d.ads.misc.Utilities.runOnUiThread(com.unity3d.ads.webview.WebView$JavaScriptInvocation@752458438)
I/org.umd.logging(27865): Method > 1135 com.unity3d.ads.misc.Utilities.runOnUiThread(com.unity3d.ads.webview.WebView$JavaScriptInvocation@752458438, 0, null)
I/org.umd.logging(27865): Method > 1 com.unity3d.ads.webview.WebView$JavaScriptInvocation.run(com.unity3d.ads.webview.WebView$JavaScriptInvocation@752458438)
I/org.umd.logging(27865): Method < 1135 com.unity3d.ads.misc.Utilities.runOnUiThread()
I/org.umd.logging(27865): Method < 1 com.unity3d.ads.webview.WebView$JavaScriptInvocation.run()
I/org.umd.logging(27865): Method < 1135 com.unity3d.ads.misc.Utilities.runOnUiThread()
I/org.umd.logging(27865): Api < 1149 android.net.ConnectivityManager.getActiveNetworkInfo(android.net.NetworkInfo@552823431)
I/org.umd.logging(27865): Api > 1149 java.net.URL.openConnection(java.net.URL@495168948<URL=http://cdn-highwinds.unityads.unity3d.com/impact/images/23013/d68a7ae7d4f1d1cd/ptc-org-all-img-800x600-en.jpg>)
I/org.umd.logging(27865): Api < 1149 java.net.URL.openConnection(com.android.okhttp.internal.http.HttpURLConnectionImpl@1026948573)
E/Cataloger( 5092): syncFile:/storage/emulated/0/Android/data/com.miniclip.archery/cache/UnityAdsCache/UnityAdsCache-964ed6260fd9e1b243de22e3fc311101ab261afe1d42a3ae13ebc0044affb02b.jpg
I/org.umd.logging(27865): Method > 1149 com.unity3d.ads.misc.Utilities.runOnUiThread(com.unity3d.ads.webview.WebView$JavaScriptInvocation@960798034)
I/org.umd.logging(27865): Method > 1149 com.unity3d.ads.misc.Utilities.runOnUiThread(com.unity3d.ads.webview.WebView$JavaScriptInvocation@960798034, 0, null)
I/org.umd.logging(27865): Method < 1149 com.unity3d.ads.misc.Utilities.runOnUiThread()
I/org.umd.logging(27865): Method < 1149 com.unity3d.ads.misc.Utilities.runOnUiThread()
I/org.umd.logging(27865): Method > 1 com.unity3d.ads.webview.WebView$JavaScriptInvocation.run(com.unity3d.ads.webview.WebView$JavaScriptInvocation@960798034)
W/ResourceType(27865): No known package when getting name for resource number 0xffffffff
I/org.umd.logging(27865): Method > 1056 com.unity3d.player.UnityPlayer.executeGLThreadJobs(com.unity3d.player.UnityPlayer@278128732<file=2016-12-06_02:53:21.820><x=0><y=0><width=768><height=1280><id=-1>)
I/org.umd.logging(27865): Method < 1056 com.unity3d.player.UnityPlayer.executeGLThreadJobs()
I/org.umd.logging(27865): Method < 1 com.unity3d.ads.webview.WebView$JavaScriptInvocation.run()
E/Cataloger( 5092): syncFile:/storage/emulated/0/2016-12-06_02:53:21.820.jpg
I/org.umd.logging(27865): Method > 1149 com.unity3d.ads.misc.Utilities.runOnUiThread(com.unity3d.ads.webview.WebView$JavaScriptInvocation@160573475)
I/org.umd.logging(27865): Method > 1149 com.unity3d.ads.misc.Utilities.runOnUiThread(com.unity3d.ads.webview.WebView$JavaScriptInvocation@160573475, 0, null)
I/org.umd.logging(27865): Method < 1149 com.unity3d.ads.misc.Utilities.runOnUiThread()
I/org.umd.logging(27865): Method < 1149 com.unity3d.ads.misc.Utilities.runOnUiThread()
I/org.umd.logging(27865): Method > 1 com.unity3d.ads.webview.WebView$JavaScriptInvocation.run(com.unity3d.ads.webview.WebView$JavaScriptInvocation@160573475)
I/org.umd.logging(27865): Method < 1 com.unity3d.ads.webview.WebView$JavaScriptInvocation.run()
I/org.umd.logging(27865): Method > 1135 com.unity3d.ads.misc.Utilities.runOnUiThread(com.unity3d.ads.webview.WebView$JavaScriptInvocation@159904032)
E/Cataloger( 5092): syncFile:/storage/emulated/0/Android/data/com.miniclip.archery/cache/UnityAdsCache/UnityAdsCache-964ed6260fd9e1b243de22e3fc311101ab261afe1d42a3ae13ebc0044affb02b.jpg
I/org.umd.logging(27865): Method > 1135 com.unity3d.ads.misc.Utilities.runOnUiThread(com.unity3d.ads.webview.WebView$JavaScriptInvocation@159904032, 0, null)
I/org.umd.logging(27865): Method > 1 com.unity3d.ads.webview.WebView$JavaScriptInvocation.run(com.unity3d.ads.webview.WebView$JavaScriptInvocation@159904032)
I/org.umd.logging(27865): Method < 1135 com.unity3d.ads.misc.Utilities.runOnUiThread()
I/org.umd.logging(27865): Method < 1 com.unity3d.ads.webview.WebView$JavaScriptInvocation.run()
I/org.umd.logging(27865): Method < 1135 com.unity3d.ads.misc.Utilities.runOnUiThread()
E/Cataloger( 5092): syncFile:/storage/emulated/0/Android/data/com.miniclip.archery/cache/UnityAdsCache/UnityAdsStorage-private-data.json
E/Cataloger( 5092): need not sync path:/storage/emulated/0/Android/data/com.miniclip.archery/cache/UnityAdsCache/UnityAdsStorage-private-data.json
E/Cataloger( 5092): syncFile:/storage/emulated/0/Android/data/com.miniclip.archery/cache/UnityAdsCache/UnityAdsCache-964ed6260fd9e1b243de22e3fc311101ab261afe1d42a3ae13ebc0044affb02b.jpg
I/org.umd.logging(27865): Method > 1135 com.unity3d.ads.misc.Utilities.runOnUiThread(com.unity3d.ads.webview.WebView$JavaScriptInvocation@421108441)
E/Cataloger( 5092): syncFile:/storage/emulated/0/Android/data/com.miniclip.archery/cache/UnityAdsCache/UnityAdsStorage-private-data.json
I/org.umd.logging(27865): Method > 1135 com.unity3d.ads.misc.Utilities.runOnUiThread(com.unity3d.ads.webview.WebView$JavaScriptInvocation@421108441, 0, null)
I/org.umd.logging(27865): Method < 1135 com.unity3d.ads.misc.Utilities.runOnUiThread()
I/org.umd.logging(27865): Method > 1 com.unity3d.ads.webview.WebView$JavaScriptInvocation.run(com.unity3d.ads.webview.WebView$JavaScriptInvocation@421108441)
E/Cataloger( 5092): need not sync path:/storage/emulated/0/Android/data/com.miniclip.archery/cache/UnityAdsCache/UnityAdsStorage-private-data.json
I/org.umd.logging(27865): Method < 1135 com.unity3d.ads.misc.Utilities.runOnUiThread()
I/org.umd.logging(27865): Method < 1 com.unity3d.ads.webview.WebView$JavaScriptInvocation.run()
I/org.umd.logging(27865): Method > 1135 com.unity3d.ads.misc.Utilities.runOnUiThread(com.unity3d.ads.webview.WebView$JavaScriptInvocation@434846878)
I/org.umd.logging(27865): Method > 1135 com.unity3d.ads.misc.Utilities.runOnUiThread(com.unity3d.ads.webview.WebView$JavaScriptInvocation@434846878, 0, null)
I/org.umd.logging(27865): Method > 1 com.unity3d.ads.webview.WebView$JavaScriptInvocation.run(com.unity3d.ads.webview.WebView$JavaScriptInvocation@434846878)
I/org.umd.logging(27865): Method < 1135 com.unity3d.ads.misc.Utilities.runOnUiThread()
I/org.umd.logging(27865): Method < 1 com.unity3d.ads.webview.WebView$JavaScriptInvocation.run()
I/org.umd.logging(27865): Method < 1135 com.unity3d.ads.misc.Utilities.runOnUiThread()
I/org.umd.logging(27865): Method > 1135 com.unity3d.ads.misc.Utilities.runOnUiThread(com.unity3d.ads.webview.WebView$JavaScriptInvocation@903160703)
I/org.umd.logging(27865): Method > 1135 com.unity3d.ads.misc.Utilities.runOnUiThread(com.unity3d.ads.webview.WebView$JavaScriptInvocation@903160703, 0, null)
I/org.umd.logging(27865): Method < 1135 com.unity3d.ads.misc.Utilities.runOnUiThread()
I/org.umd.logging(27865): Method < 1135 com.unity3d.ads.misc.Utilities.runOnUiThread()
I/org.umd.logging(27865): Method > 1 com.unity3d.ads.webview.WebView$JavaScriptInvocation.run(com.unity3d.ads.webview.WebView$JavaScriptInvocation@903160703)
I/org.umd.logging(27865): Method < 1 com.unity3d.ads.webview.WebView$JavaScriptInvocation.run()
I/org.umd.logging(27865): Method > 1135 com.unity3d.ads.misc.Utilities.runOnUiThread(com.unity3d.ads.webview.WebView$JavaScriptInvocation@264961868)
I/org.umd.logging(27865): Method > 1135 com.unity3d.ads.misc.Utilities.runOnUiThread(com.unity3d.ads.webview.WebView$JavaScriptInvocation@264961868, 0, null)
I/org.umd.logging(27865): Method < 1135 com.unity3d.ads.misc.Utilities.runOnUiThread()
I/org.umd.logging(27865): Method < 1135 com.unity3d.ads.misc.Utilities.runOnUiThread()
I/org.umd.logging(27865): Method > 1 com.unity3d.ads.webview.WebView$JavaScriptInvocation.run(com.unity3d.ads.webview.WebView$JavaScriptInvocation@264961868)
I/org.umd.logging(27865): Method < 1 com.unity3d.ads.webview.WebView$JavaScriptInvocation.run()
I/org.umd.logging(27865): Api > 1135 android.net.ConnectivityManager.getActiveNetworkInfo(android.net.ConnectivityManager@1050392154)
I/org.umd.logging(27865): Api < 1135 android.net.ConnectivityManager.getActiveNetworkInfo(android.net.NetworkInfo@335547285)
I/org.umd.logging(27865): Api > 1149 android.net.ConnectivityManager.getActiveNetworkInfo(android.net.ConnectivityManager@1050392154)
I/org.umd.logging(27865): Method > 1135 com.unity3d.ads.misc.Utilities.runOnUiThread(com.unity3d.ads.webview.WebView$JavaScriptInvocation@298484906)
I/org.umd.logging(27865): Method > 1135 com.unity3d.ads.misc.Utilities.runOnUiThread(com.unity3d.ads.webview.WebView$JavaScriptInvocation@298484906, 0, null)
I/org.umd.logging(27865): Api < 1149 android.net.ConnectivityManager.getActiveNetworkInfo(android.net.NetworkInfo@220362907)
I/org.umd.logging(27865): Method > 1 com.unity3d.ads.webview.WebView$JavaScriptInvocation.run(com.unity3d.ads.webview.WebView$JavaScriptInvocation@298484906)
I/org.umd.logging(27865): Method < 1 com.unity3d.ads.webview.WebView$JavaScriptInvocation.run()
I/org.umd.logging(27865): Api > 1149 java.net.URL.openConnection(java.net.URL@995017784<URL=http://cdn-highwinds.unityads.unity3d.com/impact/images/23013/38fb6b7b4be71a23/ptc-org-all-img-600x800-en.jpg>)
I/org.umd.logging(27865): Api < 1149 java.net.URL.openConnection(com.android.okhttp.internal.http.HttpURLConnectionImpl@1000524817)
E/Cataloger( 5092): syncFile:/storage/emulated/0/Android/data/com.miniclip.archery/cache/UnityAdsCache/UnityAdsCache-9183361baf153fee48c6a8b46c49d3f45e70d8af4559ced38987b14b97447e11.jpg
I/org.umd.logging(27865): Method < 1135 com.unity3d.ads.misc.Utilities.runOnUiThread()
I/org.umd.logging(27865): Method < 1135 com.unity3d.ads.misc.Utilities.runOnUiThread()
I/org.umd.logging(27865): Method > 1149 com.unity3d.ads.misc.Utilities.runOnUiThread(com.unity3d.ads.webview.WebView$JavaScriptInvocation@614744438)
I/org.umd.logging(27865): Method > 1149 com.unity3d.ads.misc.Utilities.runOnUiThread(com.unity3d.ads.webview.WebView$JavaScriptInvocation@614744438, 0, null)
I/org.umd.logging(27865): Method > 1 com.unity3d.ads.webview.WebView$JavaScriptInvocation.run(com.unity3d.ads.webview.WebView$JavaScriptInvocation@614744438)
I/org.umd.logging(27865): Method < 1 com.unity3d.ads.webview.WebView$JavaScriptInvocation.run()
I/org.umd.logging(27865): Method < 1149 com.unity3d.ads.misc.Utilities.runOnUiThread()
I/org.umd.logging(27865): Method < 1149 com.unity3d.ads.misc.Utilities.runOnUiThread()
I/org.umd.logging(27865): Method > 1135 com.unity3d.ads.misc.Utilities.runOnUiThread(com.unity3d.ads.webview.WebView$JavaScriptInvocation@1025901431)
I/org.umd.logging(27865): Method > 1135 com.unity3d.ads.misc.Utilities.runOnUiThread(com.unity3d.ads.webview.WebView$JavaScriptInvocation@1025901431, 0, null)
I/org.umd.logging(27865): Method > 1 com.unity3d.ads.webview.WebView$JavaScriptInvocation.run(com.unity3d.ads.webview.WebView$JavaScriptInvocation@1025901431)
E/Cataloger( 5092): syncFile:/storage/emulated/0/Android/data/com.miniclip.archery/cache/UnityAdsCache/UnityAdsStorage-private-data.json
I/org.umd.logging(27865): Method < 1 com.unity3d.ads.webview.WebView$JavaScriptInvocation.run()
I/org.umd.logging(27865): Method < 1135 com.unity3d.ads.misc.Utilities.runOnUiThread()
I/org.umd.logging(27865): Method < 1135 com.unity3d.ads.misc.Utilities.runOnUiThread()
E/Cataloger( 5092): need not sync path:/storage/emulated/0/Android/data/com.miniclip.archery/cache/UnityAdsCache/UnityAdsStorage-private-data.json
I/org.umd.logging(27865): Method > 1149 com.unity3d.ads.misc.Utilities.runOnUiThread(com.unity3d.ads.webview.WebView$JavaScriptInvocation@55045092)
I/org.umd.logging(27865): Method > 1149 com.unity3d.ads.misc.Utilities.runOnUiThread(com.unity3d.ads.webview.WebView$JavaScriptInvocation@55045092, 0, null)
I/org.umd.logging(27865): Method > 1 com.unity3d.ads.webview.WebView$JavaScriptInvocation.run(com.unity3d.ads.webview.WebView$JavaScriptInvocation@55045092)
I/org.umd.logging(27865): Method < 1149 com.unity3d.ads.misc.Utilities.runOnUiThread()
E/Cataloger( 5092): syncFile:/storage/emulated/0/Android/data/com.miniclip.archery/cache/UnityAdsCache/UnityAdsCache-9183361baf153fee48c6a8b46c49d3f45e70d8af4559ced38987b14b97447e11.jpg
I/org.umd.logging(27865): Method < 1149 com.unity3d.ads.misc.Utilities.runOnUiThread()
I/org.umd.logging(27865): Method < 1 com.unity3d.ads.webview.WebView$JavaScriptInvocation.run()
E/Cataloger( 5092): syncFile:/storage/emulated/0/Android/data/com.miniclip.archery/cache/UnityAdsCache/UnityAdsCache-9183361baf153fee48c6a8b46c49d3f45e70d8af4559ced38987b14b97447e11.jpg
E/Unity   (27865): Unable to find coredll
I/org.umd.logging(27865): Method > 1135 com.unity3d.ads.misc.Utilities.runOnUiThread(com.unity3d.ads.webview.WebView$JavaScriptInvocation@634853453)
I/org.umd.logging(27865): Method > 1135 com.unity3d.ads.misc.Utilities.runOnUiThread(com.unity3d.ads.webview.WebView$JavaScriptInvocation@634853453, 0, null)
E/Cataloger( 5092): syncFile:/storage/emulated/0/Android/data/com.miniclip.archery/cache/UnityAdsCache/UnityAdsStorage-private-data.json
I/org.umd.logging(27865): Method < 1135 com.unity3d.ads.misc.Utilities.runOnUiThread()
I/org.umd.logging(27865): Method > 1 com.unity3d.ads.webview.WebView$JavaScriptInvocation.run(com.unity3d.ads.webview.WebView$JavaScriptInvocation@634853453)
I/org.umd.logging(27865): Method < 1135 com.unity3d.ads.misc.Utilities.runOnUiThread()
I/org.umd.logging(27865): Method < 1 com.unity3d.ads.webview.WebView$JavaScriptInvocation.run()
E/Cataloger( 5092): need not sync path:/storage/emulated/0/Android/data/com.miniclip.archery/cache/UnityAdsCache/UnityAdsStorage-private-data.json
I/org.umd.logging(27865): Method > 1135 com.unity3d.ads.misc.Utilities.runOnUiThread(com.unity3d.ads.webview.WebView$JavaScriptInvocation@1049296642)
I/org.umd.logging(27865): Method > 1135 com.unity3d.ads.misc.Utilities.runOnUiThread(com.unity3d.ads.webview.WebView$JavaScriptInvocation@1049296642, 0, null)
I/org.umd.logging(27865): Method > 1 com.unity3d.ads.webview.WebView$JavaScriptInvocation.run(com.unity3d.ads.webview.WebView$JavaScriptInvocation@1049296642)
I/org.umd.logging(27865): Method < 1135 com.unity3d.ads.misc.Utilities.runOnUiThread()
I/org.umd.logging(27865): Method < 1 com.unity3d.ads.webview.WebView$JavaScriptInvocation.run()
I/org.umd.logging(27865): Method < 1135 com.unity3d.ads.misc.Utilities.runOnUiThread()
I/org.umd.logging(27865): Method > 1135 com.unity3d.ads.misc.Utilities.runOnUiThread(com.unity3d.ads.webview.WebView$JavaScriptInvocation@946692115)
I/org.umd.logging(27865): Method > 1135 com.unity3d.ads.misc.Utilities.runOnUiThread(com.unity3d.ads.webview.WebView$JavaScriptInvocation@946692115, 0, null)
I/org.umd.logging(27865): Method < 1135 com.unity3d.ads.misc.Utilities.runOnUiThread()
I/org.umd.logging(27865): Method < 1135 com.unity3d.ads.misc.Utilities.runOnUiThread()
I/org.umd.logging(27865): Method > 1 com.unity3d.ads.webview.WebView$JavaScriptInvocation.run(com.unity3d.ads.webview.WebView$JavaScriptInvocation@946692115)
I/org.umd.logging(27865): Method < 1 com.unity3d.ads.webview.WebView$JavaScriptInvocation.run()
I/org.umd.logging(27865): Method > 1135 com.unity3d.ads.misc.Utilities.runOnUiThread(com.unity3d.ads.webview.WebView$JavaScriptInvocation@998892112)
I/org.umd.logging(27865): Method > 1135 com.unity3d.ads.misc.Utilities.runOnUiThread(com.unity3d.ads.webview.WebView$JavaScriptInvocation@998892112, 0, null)
I/org.umd.logging(27865): Method > 1 com.unity3d.ads.webview.WebView$JavaScriptInvocation.run(com.unity3d.ads.webview.WebView$JavaScriptInvocation@998892112)
I/org.umd.logging(27865): Method < 1135 com.unity3d.ads.misc.Utilities.runOnUiThread()
I/org.umd.logging(27865): Method < 1 com.unity3d.ads.webview.WebView$JavaScriptInvocation.run()
I/org.umd.logging(27865): Method < 1135 com.unity3d.ads.misc.Utilities.runOnUiThread()
I/org.umd.logging(27865): Api > 1135 android.net.ConnectivityManager.getActiveNetworkInfo(android.net.ConnectivityManager@1050392154)
I/org.umd.logging(27865): Api < 1135 android.net.ConnectivityManager.getActiveNetworkInfo(android.net.NetworkInfo@915008585)
I/org.umd.logging(27865): Method > 1135 com.unity3d.ads.misc.Utilities.runOnUiThread(com.unity3d.ads.webview.WebView$JavaScriptInvocation@137234766)
I/org.umd.logging(27865): Api > 1149 android.net.ConnectivityManager.getActiveNetworkInfo(android.net.ConnectivityManager@1050392154)
I/org.umd.logging(27865): Method > 1135 com.unity3d.ads.misc.Utilities.runOnUiThread(com.unity3d.ads.webview.WebView$JavaScriptInvocation@137234766, 0, null)
I/org.umd.logging(27865): Method < 1135 com.unity3d.ads.misc.Utilities.runOnUiThread()
I/org.umd.logging(27865): Method < 1135 com.unity3d.ads.misc.Utilities.runOnUiThread()
I/org.umd.logging(27865): Api < 1149 android.net.ConnectivityManager.getActiveNetworkInfo(android.net.NetworkInfo@46393967)
I/org.umd.logging(27865): Method > 1 com.unity3d.ads.webview.WebView$JavaScriptInvocation.run(com.unity3d.ads.webview.WebView$JavaScriptInvocation@137234766)
I/org.umd.logging(27865): Method < 1 com.unity3d.ads.webview.WebView$JavaScriptInvocation.run()
I/org.umd.logging(27865): Api > 1149 java.net.URL.openConnection(java.net.URL@531813244<URL=http://cdn-highwinds.unityads.unity3d.com/store-icons/8935f81b-3860-4466-87c2-b8222b92f03a.png>)
E/Cataloger( 5092): syncFile:/storage/emulated/0/Android/data/com.miniclip.archery/cache/UnityAdsCache/UnityAdsCache-30107eb3594ae59acda8ed366598ddeaeae45f0dfa18c02706427334947dec7f.png
I/org.umd.logging(27865): Api < 1149 java.net.URL.openConnection(com.android.okhttp.internal.http.HttpURLConnectionImpl@159122437)
I/org.umd.logging(27865): Method > 1149 com.unity3d.ads.misc.Utilities.runOnUiThread(com.unity3d.ads.webview.WebView$JavaScriptInvocation@870673498)
I/org.umd.logging(27865): Method > 1149 com.unity3d.ads.misc.Utilities.runOnUiThread(com.unity3d.ads.webview.WebView$JavaScriptInvocation@870673498, 0, null)
I/org.umd.logging(27865): Method < 1149 com.unity3d.ads.misc.Utilities.runOnUiThread()
I/org.umd.logging(27865): Method > 1 com.unity3d.ads.webview.WebView$JavaScriptInvocation.run(com.unity3d.ads.webview.WebView$JavaScriptInvocation@870673498)
I/org.umd.logging(27865): Method < 1149 com.unity3d.ads.misc.Utilities.runOnUiThread()
I/org.umd.logging(27865): Method < 1 com.unity3d.ads.webview.WebView$JavaScriptInvocation.run()
E/Cataloger( 5092): syncFile:/storage/emulated/0/Android/data/com.miniclip.archery/cache/UnityAdsCache/UnityAdsCache-30107eb3594ae59acda8ed366598ddeaeae45f0dfa18c02706427334947dec7f.png
I/org.umd.logging(27865): Method > 1149 com.unity3d.ads.misc.Utilities.runOnUiThread(com.unity3d.ads.webview.WebView$JavaScriptInvocation@659472011)
I/org.umd.logging(27865): Method > 1149 com.unity3d.ads.misc.Utilities.runOnUiThread(com.unity3d.ads.webview.WebView$JavaScriptInvocation@659472011, 0, null)
I/org.umd.logging(27865): Method < 1149 com.unity3d.ads.misc.Utilities.runOnUiThread()
I/org.umd.logging(27865): Method > 1 com.unity3d.ads.webview.WebView$JavaScriptInvocation.run(com.unity3d.ads.webview.WebView$JavaScriptInvocation@659472011)
I/org.umd.logging(27865): Method < 1149 com.unity3d.ads.misc.Utilities.runOnUiThread()
I/org.umd.logging(27865): Method < 1 com.unity3d.ads.webview.WebView$JavaScriptInvocation.run()
E/Cataloger( 5092): syncFile:/storage/emulated/0/Android/data/com.miniclip.archery/cache/UnityAdsCache/UnityAdsCache-30107eb3594ae59acda8ed366598ddeaeae45f0dfa18c02706427334947dec7f.png
E/Cataloger( 5092): syncFile:/storage/emulated/0/Android/data/com.miniclip.archery/cache/UnityAdsCache/UnityAdsStorage-private-data.json
E/Cataloger( 5092): need not sync path:/storage/emulated/0/Android/data/com.miniclip.archery/cache/UnityAdsCache/UnityAdsStorage-private-data.json
E/Cataloger( 5092): syncFile:/storage/emulated/0/Android/data/com.miniclip.archery/cache/UnityAdsCache/UnityAdsStorage-private-data.json
I/org.umd.logging(27865): Method > 1135 com.unity3d.ads.misc.Utilities.runOnUiThread(com.unity3d.ads.webview.WebView$JavaScriptInvocation@622308200)
E/Cataloger( 5092): need not sync path:/storage/emulated/0/Android/data/com.miniclip.archery/cache/UnityAdsCache/UnityAdsStorage-private-data.json
I/org.umd.logging(27865): Method > 1135 com.unity3d.ads.misc.Utilities.runOnUiThread(com.unity3d.ads.webview.WebView$JavaScriptInvocation@622308200, 0, null)
I/org.umd.logging(27865): Method > 1 com.unity3d.ads.webview.WebView$JavaScriptInvocation.run(com.unity3d.ads.webview.WebView$JavaScriptInvocation@622308200)
I/org.umd.logging(27865): Method < 1135 com.unity3d.ads.misc.Utilities.runOnUiThread()
I/org.umd.logging(27865): Method < 1 com.unity3d.ads.webview.WebView$JavaScriptInvocation.run()
I/org.umd.logging(27865): Method < 1135 com.unity3d.ads.misc.Utilities.runOnUiThread()
I/org.umd.logging(27865): Method > 1135 com.unity3d.ads.misc.Utilities.runOnUiThread(com.unity3d.ads.api.Listener$1@259912742)
I/org.umd.logging(27865): Method > 1135 com.unity3d.ads.misc.Utilities.runOnUiThread(com.unity3d.ads.api.Listener$1@259912742, 0, null)
I/org.umd.logging(27865): Method < 1135 com.unity3d.ads.misc.Utilities.runOnUiThread()
I/org.umd.logging(27865): Method > 1 com.unity3d.ads.api.Listener$1.run(com.unity3d.ads.api.Listener$1@259912742)
I/org.umd.logging(27865): Method < 1135 com.unity3d.ads.misc.Utilities.runOnUiThread()
I/org.umd.logging(27865): Method < 1 com.unity3d.ads.api.Listener$1.run()
I/org.umd.logging(27865): Method > 1135 com.unity3d.ads.misc.Utilities.runOnUiThread(com.unity3d.ads.webview.WebView$JavaScriptInvocation@879278183)
I/org.umd.logging(27865): Method > 1135 com.unity3d.ads.misc.Utilities.runOnUiThread(com.unity3d.ads.webview.WebView$JavaScriptInvocation@879278183, 0, null)
I/org.umd.logging(27865): Method < 1135 com.unity3d.ads.misc.Utilities.runOnUiThread()
I/org.umd.logging(27865): Method > 1 com.unity3d.ads.webview.WebView$JavaScriptInvocation.run(com.unity3d.ads.webview.WebView$JavaScriptInvocation@879278183)
I/org.umd.logging(27865): Method < 1135 com.unity3d.ads.misc.Utilities.runOnUiThread()
I/org.umd.logging(27865): Method < 1 com.unity3d.ads.webview.WebView$JavaScriptInvocation.run()
I/org.umd.logging(27865): Method > 1158 com.unity3d.player.WWW.run(com.unity3d.player.WWW@1064310292<thread=1158>)
I/org.umd.logging(27865): Api > 1158 java.net.URL.openConnection(java.net.URL@283881149<URL=jar:file:///data/app/com.miniclip.archery-1/base.apk!/assets/10883.av>)
I/org.umd.logging(27865): Api < 1158 java.net.URL.openConnection(libcore.net.url.JarURLConnectionImpl@71466880)
E/Cataloger( 5092): syncFile:/storage/emulated/0/2016-12-06_02:53:25.989.jpg
W/ResourceType(27865): No known package when getting name for resource number 0xffffffff
I/org.umd.logging(27865): Method > 1056 com.unity3d.player.UnityPlayer.executeGLThreadJobs(com.unity3d.player.UnityPlayer@278128732<file=2016-12-06_02:53:25.989><x=0><y=0><width=768><height=1280><id=-1>)
I/org.umd.logging(27865): Method < 1056 com.unity3d.player.UnityPlayer.executeGLThreadJobs()
E/Cataloger( 5092): syncFile:/storage/emulated/0/2016-12-06_02:53:25.989.jpg
I/org.umd.logging(27865): Api > 1158 java.net.URLConnection.getInputStream(libcore.net.url.JarURLConnectionImpl@71466880)
E/Cataloger( 5092): syncFile:/storage/emulated/0/2016-12-06_02:53:26.135.jpg
I/org.umd.logging(27865): Api < 1158 java.net.URLConnection.getInputStream(libcore.net.url.JarURLConnectionImpl$JarURLConnectionInputStream@47538686)
I/org.umd.logging(27865): Method < 1158 com.unity3d.player.WWW.run()
W/ResourceType(27865): No known package when getting name for resource number 0xffffffff
I/org.umd.logging(27865): Method > 1056 com.unity3d.player.UnityPlayer.executeGLThreadJobs(com.unity3d.player.UnityPlayer@278128732<file=2016-12-06_02:53:26.135><x=0><y=0><width=768><height=1280><id=-1>)
I/org.umd.logging(27865): Method < 1056 com.unity3d.player.UnityPlayer.executeGLThreadJobs()
E/Cataloger( 5092): syncFile:/storage/emulated/0/2016-12-06_02:53:26.135.jpg
I/org.umd.logging(27865): Method > 1159 com.unity3d.player.WWW.run(com.unity3d.player.WWW@19549535<thread=1159>)
I/org.umd.logging(27865): Api > 1159 java.net.URL.openConnection(java.net.URL@420484012<URL=file:///storage/emulated/0/Android/data/com.miniclip.archery/cache/11030.av>)
I/org.umd.logging(27865): Api < 1159 java.net.URL.openConnection(libcore.net.url.FileURLConnection@887027829)
I/org.umd.logging(27865): Api > 1159 java.net.URLConnection.getInputStream(libcore.net.url.FileURLConnection@887027829)
I/org.umd.logging(27865): Api < 1159 java.net.URLConnection.getInputStream(java.io.BufferedInputStream@304193546)
I/org.umd.logging(27865): Method < 1159 com.unity3d.player.WWW.run()
E/Cataloger( 5092): syncFile:/storage/emulated/0/2016-12-06_02:53:26.325.jpg
W/ResourceType(27865): No known package when getting name for resource number 0xffffffff
I/org.umd.logging(27865): Method > 1056 com.unity3d.player.UnityPlayer.executeGLThreadJobs(com.unity3d.player.UnityPlayer@278128732<file=2016-12-06_02:53:26.325><x=0><y=0><width=768><height=1280><id=-1>)
I/org.umd.logging(27865): Method < 1056 com.unity3d.player.UnityPlayer.executeGLThreadJobs()
E/Cataloger( 5092): syncFile:/storage/emulated/0/2016-12-06_02:53:26.325.jpg
E/Cataloger( 5092): syncFile:/storage/emulated/0/2016-12-06_02:53:26.488.jpg
W/ResourceType(27865): No known package when getting name for resource number 0xffffffff
I/org.umd.logging(27865): Method > 1056 com.unity3d.player.UnityPlayer.executeGLThreadJobs(com.unity3d.player.UnityPlayer@278128732<file=2016-12-06_02:53:26.488><x=0><y=0><width=768><height=1280><id=-1>)
I/org.umd.logging(27865): Method < 1056 com.unity3d.player.UnityPlayer.executeGLThreadJobs()
E/Cataloger( 5092): syncFile:/storage/emulated/0/2016-12-06_02:53:26.488.jpg
E/Cataloger( 5092): syncFile:/storage/emulated/0/2016-12-06_02:53:26.649.jpg
W/ResourceType(27865): No known package when getting name for resource number 0xffffffff
I/org.umd.logging(27865): Method > 1056 com.unity3d.player.UnityPlayer.executeGLThreadJobs(com.unity3d.player.UnityPlayer@278128732<file=2016-12-06_02:53:26.649><x=0><y=0><width=768><height=1280><id=-1>)
I/org.umd.logging(27865): Method < 1056 com.unity3d.player.UnityPlayer.executeGLThreadJobs()
E/Cataloger( 5092): syncFile:/storage/emulated/0/2016-12-06_02:53:26.649.jpg
E/Cataloger( 5092): syncFile:/storage/emulated/0/2016-12-06_02:53:26.821.jpg
W/ResourceType(27865): No known package when getting name for resource number 0xffffffff
I/org.umd.logging(27865): Method > 1056 com.unity3d.player.UnityPlayer.executeGLThreadJobs(com.unity3d.player.UnityPlayer@278128732<file=2016-12-06_02:53:26.821><x=0><y=0><width=768><height=1280><id=-1>)
I/org.umd.logging(27865): Method < 1056 com.unity3d.player.UnityPlayer.executeGLThreadJobs()
E/Cataloger( 5092): syncFile:/storage/emulated/0/2016-12-06_02:53:26.821.jpg
E/Cataloger( 5092): syncFile:/storage/emulated/0/2016-12-06_02:53:26.955.jpg
W/ResourceType(27865): No known package when getting name for resource number 0xffffffff
I/org.umd.logging(27865): Method > 1056 com.unity3d.player.UnityPlayer.executeGLThreadJobs(com.unity3d.player.UnityPlayer@278128732<file=2016-12-06_02:53:26.955><x=0><y=0><width=768><height=1280><id=-1>)
I/org.umd.logging(27865): Method < 1056 com.unity3d.player.UnityPlayer.executeGLThreadJobs()
E/Cataloger( 5092): syncFile:/storage/emulated/0/2016-12-06_02:53:26.955.jpg
E/Cataloger( 5092): syncFile:/storage/emulated/0/2016-12-06_02:53:27.133.jpg
W/ResourceType(27865): No known package when getting name for resource number 0xffffffff
I/org.umd.logging(27865): Method > 1056 com.unity3d.player.UnityPlayer.executeGLThreadJobs(com.unity3d.player.UnityPlayer@278128732<file=2016-12-06_02:53:27.133><x=0><y=0><width=768><height=1280><id=-1>)
I/org.umd.logging(27865): Method < 1056 com.unity3d.player.UnityPlayer.executeGLThreadJobs()
E/Cataloger( 5092): syncFile:/storage/emulated/0/2016-12-06_02:53:27.133.jpg
E/Cataloger( 5092): syncFile:/storage/emulated/0/2016-12-06_02:53:27.318.jpg
W/ResourceType(27865): No known package when getting name for resource number 0xffffffff
I/org.umd.logging(27865): Method > 1056 com.unity3d.player.UnityPlayer.executeGLThreadJobs(com.unity3d.player.UnityPlayer@278128732<file=2016-12-06_02:53:27.318><x=0><y=0><width=768><height=1280><id=-1>)
I/org.umd.logging(27865): Method < 1056 com.unity3d.player.UnityPlayer.executeGLThreadJobs()
E/Cataloger( 5092): syncFile:/storage/emulated/0/2016-12-06_02:53:27.318.jpg
E/Cataloger( 5092): syncFile:/storage/emulated/0/2016-12-06_02:53:27.473.jpg
W/ResourceType(27865): No known package when getting name for resource number 0xffffffff
I/org.umd.logging(27865): Method > 1056 com.unity3d.player.UnityPlayer.executeGLThreadJobs(com.unity3d.player.UnityPlayer@278128732<file=2016-12-06_02:53:27.473><x=0><y=0><width=768><height=1280><id=-1>)
E/Cataloger( 5092): syncFile:/storage/emulated/0/2016-12-06_02:53:27.473.jpg
I/org.umd.logging(27865): Method < 1056 com.unity3d.player.UnityPlayer.executeGLThreadJobs()
E/Cataloger( 5092): syncFile:/storage/emulated/0/2016-12-06_02:53:27.818.jpg
W/ResourceType(27865): No known package when getting name for resource number 0xffffffff
I/org.umd.logging(27865): Method > 1056 com.unity3d.player.UnityPlayer.executeGLThreadJobs(com.unity3d.player.UnityPlayer@278128732<file=2016-12-06_02:53:27.818><x=0><y=0><width=768><height=1280><id=-1>)
I/org.umd.logging(27865): Method < 1056 com.unity3d.player.UnityPlayer.executeGLThreadJobs()
E/Cataloger( 5092): syncFile:/storage/emulated/0/2016-12-06_02:53:27.818.jpg
I/org.umd.logging(27865): Method > 1160 com.unity3d.player.WWW.run(com.unity3d.player.WWW@147873915<thread=1160>)
I/org.umd.logging(27865): Api > 1160 java.net.URL.openConnection(java.net.URL@406896280<URL=http://saga.archeryking.net:20000/sagaCheck.aspx?pid=10163780>)
I/org.umd.logging(27865): Api < 1160 java.net.URL.openConnection(com.android.okhttp.internal.http.HttpURLConnectionImpl@255043313)
E/Cataloger( 5092): syncFile:/storage/emulated/0/Android/data/com.miniclip.archery/files/UnityCache/__info
E/Cataloger( 5092): need not sync path:/storage/emulated/0/Android/data/com.miniclip.archery/files/UnityCache/__info
E/Cataloger( 5092): syncFile:/storage/emulated/0/Android/data/com.miniclip.archery/files/UnityCache/__info
E/Cataloger( 5092): need not sync path:/storage/emulated/0/Android/data/com.miniclip.archery/files/UnityCache/__info
I/org.umd.logging(27865): Api > 1160 java.net.URLConnection.getInputStream(com.android.okhttp.internal.http.HttpURLConnectionImpl@255043313)
I/org.umd.logging(27865): Api < 1160 java.net.URLConnection.getInputStream(com.android.okio.RealBufferedSource$1@88191702)
I/org.umd.logging(27865): Method < 1160 com.unity3d.player.WWW.run()
E/Cataloger( 5092): syncFile:/storage/emulated/0/Android/data/com.miniclip.archery/files/UnityCache/Shared/__info
E/Cataloger( 5092): need not sync path:/storage/emulated/0/Android/data/com.miniclip.archery/files/UnityCache/Shared/__info
E/Cataloger( 5092): syncFile:/storage/emulated/0/Android/data/com.miniclip.archery/files/UnityCache/Shared/__info
E/Cataloger( 5092): need not sync path:/storage/emulated/0/Android/data/com.miniclip.archery/files/UnityCache/Shared/__info
E/Cataloger( 5092): syncFile:/storage/emulated/0/Android/data/com.miniclip.archery/files/UnityCache/Shared/21f877015758f8f9a403437fc8ee0a21fcafa762/__info
E/Cataloger( 5092): need not sync path:/storage/emulated/0/Android/data/com.miniclip.archery/files/UnityCache/Shared/21f877015758f8f9a403437fc8ee0a21fcafa762/__info
E/Cataloger( 5092): syncFile:/storage/emulated/0/2016-12-06_02:53:28.280.jpg
W/ResourceType(27865): No known package when getting name for resource number 0xffffffff
I/org.umd.logging(27865): Method > 1056 com.unity3d.player.UnityPlayer.executeGLThreadJobs(com.unity3d.player.UnityPlayer@278128732<file=2016-12-06_02:53:28.280><x=0><y=0><width=768><height=1280><id=-1>)
I/org.umd.logging(27865): Method < 1056 com.unity3d.player.UnityPlayer.executeGLThreadJobs()
E/Cataloger( 5092): syncFile:/storage/emulated/0/2016-12-06_02:53:28.280.jpg
I/org.umd.logging(27865): Method > 1173 com.unity3d.player.WWW.run(com.unity3d.player.WWW@687507799<thread=1173>)
I/org.umd.logging(27865): Api > 1173 java.net.URL.openConnection(java.net.URL@416230468<URL=http://saga.archeryking.net:20000/sagaInsert.aspx?pid=10163780&data=CE8FGwJSW0JDQltGRV5ATVEAEgoUFgcEAFFJUV1ZQkpATUNfQ0FFXlZcUV9DX11ZQkpATUNfQ0FFXlZcUV9DX11ZQkpATUNfQ0FFXlZcUV9DX11ZQkpATUNfQ0FFXlZcUV9DX11ZQkpATUNfQ0FFXlZcUV9DX11ZQkpATUNfQ0FFXlZcUV9DX11ZQkpATUNfQ0FFXlZcUV9DX11ZQkpATUNfQ0FFXlZcUV9DX11ZQkpATUNfQ0FFXlZcUV9DX11ZQkpATUNfQ0FFXlZcUV9DX11ZQkpATUNfQ0FFXlZcUV9DX11ZQkpATUNfQ0FFXlZcUV9DX11ZQkpATUNfQ0FFXlZcUV9DX11ZQkpAQ19RABkUHw8eAFFJQEFXAAMTDgUWARkcHwNSW0NfURkcHwNSW0VARVxDRFNAVEtFR19FRFJGUV9RBwIBEwoADRIKEAIAHBJSW0MO>)
I/org.umd.logging(27865): Api < 1173 java.net.URL.openConnection(com.android.okhttp.internal.http.HttpURLConnectionImpl@810205485)
E/Cataloger( 5092): syncFile:/storage/emulated/0/Android/data/com.miniclip.archery/files/UnityCache/Shared/21f877015758f8f9a403437fc8ee0a21fcafa762/__info
E/Cataloger( 5092): need not sync path:/storage/emulated/0/Android/data/com.miniclip.archery/files/UnityCache/Shared/21f877015758f8f9a403437fc8ee0a21fcafa762/__info
E/Cataloger( 5092): syncFile:/storage/emulated/0/Android/data/com.miniclip.archery/files/UnityCache/Shared/2c724b3beca9d1049686296b886b1c2b79027b22/__info
E/Cataloger( 5092): need not sync path:/storage/emulated/0/Android/data/com.miniclip.archery/files/UnityCache/Shared/2c724b3beca9d1049686296b886b1c2b79027b22/__info
I/org.umd.logging(27865): Api > 1173 java.net.URLConnection.getInputStream(com.android.okhttp.internal.http.HttpURLConnectionImpl@810205485)
I/org.umd.logging(27865): Api < 1173 java.net.URLConnection.getInputStream(com.android.okio.RealBufferedSource$1@746464866)
I/org.umd.logging(27865): Method < 1173 com.unity3d.player.WWW.run()
E/WifiStateMachine(  591): WifiStateMachine CMD_START_SCAN source -2 txSuccessRate=273.38 rxSuccessRate=486.56 targetRoamBSSID=b4:e9:b0:e5:06:d0 RSSI=-50
E/Cataloger( 5092): syncFile:/storage/emulated/0/2016-12-06_02:53:28.518.jpg
W/ResourceType(27865): No known package when getting name for resource number 0xffffffff
I/org.umd.logging(27865): Method > 1056 com.unity3d.player.UnityPlayer.executeGLThreadJobs(com.unity3d.player.UnityPlayer@278128732<file=2016-12-06_02:53:28.518><x=0><y=0><width=768><height=1280><id=-1>)
I/org.umd.logging(27865): Method < 1056 com.unity3d.player.UnityPlayer.executeGLThreadJobs()
E/Cataloger( 5092): syncFile:/storage/emulated/0/2016-12-06_02:53:28.518.jpg
E/Cataloger( 5092): syncFile:/storage/emulated/0/Android/data/com.miniclip.archery/files/UnityCache/Shared/2c724b3beca9d1049686296b886b1c2b79027b22/__info
E/Cataloger( 5092): need not sync path:/storage/emulated/0/Android/data/com.miniclip.archery/files/UnityCache/Shared/2c724b3beca9d1049686296b886b1c2b79027b22/__info
E/Cataloger( 5092): syncFile:/storage/emulated/0/Android/data/com.miniclip.archery/files/UnityCache/Shared/596e07e7bca86879fc478f5c56db001b33be7f0b/__info
E/Cataloger( 5092): need not sync path:/storage/emulated/0/Android/data/com.miniclip.archery/files/UnityCache/Shared/596e07e7bca86879fc478f5c56db001b33be7f0b/__info
E/Cataloger( 5092): syncFile:/storage/emulated/0/2016-12-06_02:53:28.655.jpg
W/ResourceType(27865): No known package when getting name for resource number 0xffffffff
I/org.umd.logging(27865): Method > 1056 com.unity3d.player.UnityPlayer.executeGLThreadJobs(com.unity3d.player.UnityPlayer@278128732<file=2016-12-06_02:53:28.655><x=0><y=0><width=768><height=1280><id=-1>)
I/org.umd.logging(27865): Method < 1056 com.unity3d.player.UnityPlayer.executeGLThreadJobs()
E/Cataloger( 5092): syncFile:/storage/emulated/0/2016-12-06_02:53:28.655.jpg
E/Cataloger( 5092): syncFile:/storage/emulated/0/Android/data/com.miniclip.archery/files/UnityCache/Shared/596e07e7bca86879fc478f5c56db001b33be7f0b/__info
E/Cataloger( 5092): need not sync path:/storage/emulated/0/Android/data/com.miniclip.archery/files/UnityCache/Shared/596e07e7bca86879fc478f5c56db001b33be7f0b/__info
E/Cataloger( 5092): syncFile:/storage/emulated/0/Android/data/com.miniclip.archery/files/UnityCache/Shared/ccc1dd3e61983acde2d06f584828130e6a34f81d/__info
E/Cataloger( 5092): need not sync path:/storage/emulated/0/Android/data/com.miniclip.archery/files/UnityCache/Shared/ccc1dd3e61983acde2d06f584828130e6a34f81d/__info
E/Cataloger( 5092): syncFile:/storage/emulated/0/2016-12-06_02:53:28.833.jpg
W/ResourceType(27865): No known package when getting name for resource number 0xffffffff
I/org.umd.logging(27865): Method > 1056 com.unity3d.player.UnityPlayer.executeGLThreadJobs(com.unity3d.player.UnityPlayer@278128732<file=2016-12-06_02:53:28.833><x=0><y=0><width=768><height=1280><id=-1>)
I/org.umd.logging(27865): Method < 1056 com.unity3d.player.UnityPlayer.executeGLThreadJobs()
E/Cataloger( 5092): syncFile:/storage/emulated/0/2016-12-06_02:53:28.833.jpg
E/Cataloger( 5092): syncFile:/storage/emulated/0/Android/data/com.miniclip.archery/files/UnityCache/Shared/ccc1dd3e61983acde2d06f584828130e6a34f81d/__info
E/Cataloger( 5092): need not sync path:/storage/emulated/0/Android/data/com.miniclip.archery/files/UnityCache/Shared/ccc1dd3e61983acde2d06f584828130e6a34f81d/__info
E/Cataloger( 5092): syncFile:/storage/emulated/0/Android/data/com.miniclip.archery/files/UnityCache/Shared/6b2a69f681bbb5c1654b2d49429d3dcc256d9dcd/__info
E/Cataloger( 5092): need not sync path:/storage/emulated/0/Android/data/com.miniclip.archery/files/UnityCache/Shared/6b2a69f681bbb5c1654b2d49429d3dcc256d9dcd/__info
E/Cataloger( 5092): syncFile:/storage/emulated/0/2016-12-06_02:53:29.039.jpg
W/ResourceType(27865): No known package when getting name for resource number 0xffffffff
I/org.umd.logging(27865): Method > 1056 com.unity3d.player.UnityPlayer.executeGLThreadJobs(com.unity3d.player.UnityPlayer@278128732<file=2016-12-06_02:53:29.039><x=0><y=0><width=768><height=1280><id=-1>)
I/org.umd.logging(27865): Method < 1056 com.unity3d.player.UnityPlayer.executeGLThreadJobs()
E/Cataloger( 5092): syncFile:/storage/emulated/0/2016-12-06_02:53:29.039.jpg
E/Cataloger( 5092): syncFile:/storage/emulated/0/Android/data/com.miniclip.archery/files/UnityCache/Shared/6b2a69f681bbb5c1654b2d49429d3dcc256d9dcd/__info
E/Cataloger( 5092): need not sync path:/storage/emulated/0/Android/data/com.miniclip.archery/files/UnityCache/Shared/6b2a69f681bbb5c1654b2d49429d3dcc256d9dcd/__info
E/Cataloger( 5092): syncFile:/storage/emulated/0/Android/data/com.miniclip.archery/files/UnityCache/Shared/59777c10cfbae403b56ee2deff49200fd20d5393/__info
E/Cataloger( 5092): need not sync path:/storage/emulated/0/Android/data/com.miniclip.archery/files/UnityCache/Shared/59777c10cfbae403b56ee2deff49200fd20d5393/__info
I/org.umd.logging(27865): Api > 1056 java.lang.Thread.start(java.lang.Thread@78956720<thread=1174>)
I/org.umd.logging(27865): Api < 1056 java.lang.Thread.start()
I/org.umd.logging(27865): Method > 1174 com.miniclip.mcgoliath.MCGoliathWrapper$1.run(com.miniclip.mcgoliath.MCGoliathWrapper$1@572278446)
I/org.umd.logging(27865): Method < 1174 com.miniclip.mcgoliath.MCGoliathWrapper$1.run()
E/Cataloger( 5092): syncFile:/storage/emulated/0/2016-12-06_02:53:29.385.jpg
W/ResourceType(27865): No known package when getting name for resource number 0xffffffff
I/org.umd.logging(27865): Method > 1056 com.unity3d.player.UnityPlayer.executeGLThreadJobs(com.unity3d.player.UnityPlayer@278128732<file=2016-12-06_02:53:29.385><x=0><y=0><width=768><height=1280><id=-1>)
I/org.umd.logging(27865): Method < 1056 com.unity3d.player.UnityPlayer.executeGLThreadJobs()
E/Cataloger( 5092): syncFile:/storage/emulated/0/2016-12-06_02:53:29.385.jpg
E/Cataloger( 5092): syncFile:/storage/emulated/0/Android/data/com.miniclip.archery/files/UnityCache/Shared/59777c10cfbae403b56ee2deff49200fd20d5393/__info
E/Cataloger( 5092): need not sync path:/storage/emulated/0/Android/data/com.miniclip.archery/files/UnityCache/Shared/59777c10cfbae403b56ee2deff49200fd20d5393/__info
E/Cataloger( 5092): syncFile:/storage/emulated/0/Android/data/com.miniclip.archery/files/UnityCache/Shared/960016ea2c8a639fda26d46bec6f6bc50a16ff98/__info
E/Cataloger( 5092): need not sync path:/storage/emulated/0/Android/data/com.miniclip.archery/files/UnityCache/Shared/960016ea2c8a639fda26d46bec6f6bc50a16ff98/__info
I/Prime31-IABH(27865): setting Intent package to com.android.vending
I/org.umd.logging(27865): Api > 1056 android.content.Context.bindService(android.app.Application@830226945, android.content.Intent@199223525<action=com.android.vending.billing.InAppBillingService.BIND><data=null><package=com.android.vending><component=null><type=null><filter_hashcode=-457082858><umd_Intent_key=None>, com.prime31.util.IabHelperImpl$1@263609963, 1)
I/org.umd.logging(27865): Api < 1056 android.content.Context.bindService()
I/Finsky  (26654): [1024] com.google.android.finsky.billing.iab.s.a(196): com.miniclip.archery: Account from first account - [H2HZkLhZAwneGgDylh5vNEKO7fg]
I/Finsky  (26654): [1025] com.google.android.finsky.billing.iab.s.a(196): com.miniclip.archery: Account from first account - [H2HZkLhZAwneGgDylh5vNEKO7fg]
E/Cataloger( 5092): syncFile:/storage/emulated/0/2016-12-06_02:53:29.580.jpg
W/ResourceType(27865): No known package when getting name for resource number 0xffffffff
I/org.umd.logging(27865): Method > 1056 com.unity3d.player.UnityPlayer.executeGLThreadJobs(com.unity3d.player.UnityPlayer@278128732<file=2016-12-06_02:53:29.580><x=0><y=0><width=768><height=1280><id=-1>)
I/org.umd.logging(27865): Method < 1056 com.unity3d.player.UnityPlayer.executeGLThreadJobs()
E/Cataloger( 5092): syncFile:/storage/emulated/0/2016-12-06_02:53:29.580.jpg
E/Cataloger( 5092): syncFile:/storage/emulated/0/Android/data/com.miniclip.archery/files/UnityCache/Shared/960016ea2c8a639fda26d46bec6f6bc50a16ff98/__info
E/Cataloger( 5092): need not sync path:/storage/emulated/0/Android/data/com.miniclip.archery/files/UnityCache/Shared/960016ea2c8a639fda26d46bec6f6bc50a16ff98/__info
E/Cataloger( 5092): syncFile:/storage/emulated/0/Android/data/com.miniclip.archery/files/UnityCache/Shared/4d67bd2d32bc0f386a2bebdd5a40cc655344a2a5/__info
E/Cataloger( 5092): need not sync path:/storage/emulated/0/Android/data/com.miniclip.archery/files/UnityCache/Shared/4d67bd2d32bc0f386a2bebdd5a40cc655344a2a5/__info
I/org.umd.logging(27865): Method > 1056 com.prime31.GoogleIABPluginBase.runSafelyOnUiThread(com.prime31.GoogleIABPlugin@858586568, com.prime31.GoogleIABPlugin$2@176848262, "queryInventoryFailed")
I/org.umd.logging(27865): Method < 1056 com.prime31.GoogleIABPluginBase.runSafelyOnUiThread()
I/org.umd.logging(27865): Method > 1 com.prime31.GoogleIABPluginBase$1.run(com.prime31.GoogleIABPluginBase$1@821571188)
I/org.umd.logging(27865): Method > 1 com.prime31.GoogleIABPlugin$2.run(com.prime31.GoogleIABPlugin$2@176848262)
I/org.umd.logging(27865): Api > 1 java.lang.Thread.start(java.lang.Thread@428560285<thread=1188>)
I/org.umd.logging(27865): Api < 1 java.lang.Thread.start()
I/org.umd.logging(27865): Method < 1 com.prime31.GoogleIABPlugin$2.run()
I/org.umd.logging(27865): Method < 1 com.prime31.GoogleIABPluginBase$1.run()
I/org.umd.logging(27865): Method > 1188 com.prime31.util.IabHelperImpl$2.run(com.prime31.util.IabHelperImpl$2@926822371)
I/Finsky  (26654): [1056] com.google.android.finsky.billing.iab.s.a(196): com.miniclip.archery: Account from first account - [H2HZkLhZAwneGgDylh5vNEKO7fg]
I/Finsky  (26654): [1024] com.google.android.finsky.billing.iab.s.a(196): com.miniclip.archery: Account from first account - [H2HZkLhZAwneGgDylh5vNEKO7fg]
E/Cataloger( 5092): syncFile:/storage/emulated/0/2016-12-06_02:53:29.738.jpg
I/Finsky  (26654): [1025] com.google.android.finsky.billing.iab.s.a(196): com.miniclip.archery: Account from first account - [H2HZkLhZAwneGgDylh5vNEKO7fg]
W/ResourceType(27865): No known package when getting name for resource number 0xffffffff
I/org.umd.logging(27865): Method > 1056 com.unity3d.player.UnityPlayer.executeGLThreadJobs(com.unity3d.player.UnityPlayer@278128732<file=2016-12-06_02:53:29.738><x=0><y=0><width=768><height=1280><id=-1>)
I/org.umd.logging(27865): Method < 1056 com.unity3d.player.UnityPlayer.executeGLThreadJobs()
I/Finsky  (26654): [1056] com.google.android.finsky.billing.iab.s.a(196): com.miniclip.archery: Account from first account - [H2HZkLhZAwneGgDylh5vNEKO7fg]
I/org.umd.logging(27865): Method < 1188 com.prime31.util.IabHelperImpl$2.run()
I/org.umd.logging(27865): Method > 1 com.prime31.util.IabHelperImpl$2$1.run(com.prime31.util.IabHelperImpl$2$1@953305241)
E/Cataloger( 5092): syncFile:/storage/emulated/0/2016-12-06_02:53:29.738.jpg
I/org.umd.logging(27865): Method < 1 com.prime31.util.IabHelperImpl$2$1.run()
E/Cataloger( 5092): syncFile:/storage/emulated/0/Android/data/com.miniclip.archery/files/UnityCache/Shared/4d67bd2d32bc0f386a2bebdd5a40cc655344a2a5/__info
E/Cataloger( 5092): need not sync path:/storage/emulated/0/Android/data/com.miniclip.archery/files/UnityCache/Shared/4d67bd2d32bc0f386a2bebdd5a40cc655344a2a5/__info
E/Cataloger( 5092): syncFile:/storage/emulated/0/Android/data/com.miniclip.archery/files/UnityCache/Shared/443dc3b18d851720d50c91ef337d3169d5961910/__info
E/Cataloger( 5092): need not sync path:/storage/emulated/0/Android/data/com.miniclip.archery/files/UnityCache/Shared/443dc3b18d851720d50c91ef337d3169d5961910/__info
E/Cataloger( 5092): syncFile:/storage/emulated/0/2016-12-06_02:53:29.929.jpg
W/ResourceType(27865): No known package when getting name for resource number 0xffffffff
I/org.umd.logging(27865): Method > 1056 com.unity3d.player.UnityPlayer.executeGLThreadJobs(com.unity3d.player.UnityPlayer@278128732<file=2016-12-06_02:53:29.929><x=0><y=0><width=768><height=1280><id=-1>)
I/org.umd.logging(27865): Method < 1056 com.unity3d.player.UnityPlayer.executeGLThreadJobs()
E/Cataloger( 5092): syncFile:/storage/emulated/0/2016-12-06_02:53:29.929.jpg
E/Cataloger( 5092): syncFile:/storage/emulated/0/Android/data/com.miniclip.archery/files/UnityCache/Shared/443dc3b18d851720d50c91ef337d3169d5961910/__info
E/Cataloger( 5092): need not sync path:/storage/emulated/0/Android/data/com.miniclip.archery/files/UnityCache/Shared/443dc3b18d851720d50c91ef337d3169d5961910/__info
E/Cataloger( 5092): syncFile:/storage/emulated/0/2016-12-06_02:53:30.061.jpg
W/ResourceType(27865): No known package when getting name for resource number 0xffffffff
I/org.umd.logging(27865): Method > 1056 com.unity3d.player.UnityPlayer.executeGLThreadJobs(com.unity3d.player.UnityPlayer@278128732<file=2016-12-06_02:53:30.061><x=0><y=0><width=768><height=1280><id=-1>)
I/org.umd.logging(27865): Method < 1056 com.unity3d.player.UnityPlayer.executeGLThreadJobs()
E/Cataloger( 5092): syncFile:/storage/emulated/0/2016-12-06_02:53:30.061.jpg
E/Cataloger( 5092): syncFile:/storage/emulated/0/2016-12-06_02:53:30.239.jpg
W/ResourceType(27865): No known package when getting name for resource number 0xffffffff
I/org.umd.logging(27865): Method > 1056 com.unity3d.player.UnityPlayer.executeGLThreadJobs(com.unity3d.player.UnityPlayer@278128732<file=2016-12-06_02:53:30.239><x=0><y=0><width=768><height=1280><id=-1>)
I/org.umd.logging(27865): Method < 1056 com.unity3d.player.UnityPlayer.executeGLThreadJobs()
E/Cataloger( 5092): syncFile:/storage/emulated/0/2016-12-06_02:53:30.239.jpg
I/DownloadManagerWrapper(  985): onReceive() : Charging = true
E/Cataloger( 5092): syncFile:/storage/emulated/0/2016-12-06_02:53:30.411.jpg
W/ResourceType(27865): No known package when getting name for resource number 0xffffffff
I/org.umd.logging(27865): Method > 1056 com.unity3d.player.UnityPlayer.executeGLThreadJobs(com.unity3d.player.UnityPlayer@278128732<file=2016-12-06_02:53:30.411><x=0><y=0><width=768><height=1280><id=-1>)
I/org.umd.logging(27865): Method < 1056 com.unity3d.player.UnityPlayer.executeGLThreadJobs()
E/Cataloger( 5092): syncFile:/storage/emulated/0/2016-12-06_02:53:30.411.jpg
I/org.umd.logging(27865): Method > 1 com.miniclip.utils.NativeRunnable.run(com.miniclip.utils.NativeRunnable@867620876)
