E/Cataloger( 5092): syncFile:/storage/emulated/0/2016-12-06_02:53:39.796.jpg
W/ResourceType(27865): No known package when getting name for resource number 0xffffffff
I/org.umd.logging(27865): Method > 1056 com.unity3d.player.UnityPlayer.executeGLThreadJobs(com.unity3d.player.UnityPlayer@278128732<file=2016-12-06_02:53:39.796><x=0><y=0><width=768><height=1280><id=-1>)
I/org.umd.logging(27865): Method < 1056 com.unity3d.player.UnityPlayer.executeGLThreadJobs()
E/Cataloger( 5092): syncFile:/storage/emulated/0/2016-12-06_02:53:39.796.jpg
E/Cataloger( 5092): syncFile:/storage/emulated/0/2016-12-06_02:53:40.048.jpg
W/ResourceType(27865): No known package when getting name for resource number 0xffffffff
I/org.umd.logging(27865): Method > 1056 com.unity3d.player.UnityPlayer.executeGLThreadJobs(com.unity3d.player.UnityPlayer@278128732<file=2016-12-06_02:53:40.048><x=0><y=0><width=768><height=1280><id=-1>)
I/org.umd.logging(27865): Method < 1056 com.unity3d.player.UnityPlayer.executeGLThreadJobs()
E/Cataloger( 5092): syncFile:/storage/emulated/0/2016-12-06_02:53:40.048.jpg
E/Cataloger( 5092): syncFile:/storage/emulated/0/2016-12-06_02:53:40.256.jpg
W/ResourceType(27865): No known package when getting name for resource number 0xffffffff
I/org.umd.logging(27865): Method > 1056 com.unity3d.player.UnityPlayer.executeGLThreadJobs(com.unity3d.player.UnityPlayer@278128732<file=2016-12-06_02:53:40.256><x=0><y=0><width=768><height=1280><id=-1>)
I/org.umd.logging(27865): Method < 1056 com.unity3d.player.UnityPlayer.executeGLThreadJobs()
E/Cataloger( 5092): syncFile:/storage/emulated/0/2016-12-06_02:53:40.256.jpg
I/DownloadManagerWrapper(  985): onReceive() : Charging = true
E/Cataloger( 5092): syncFile:/storage/emulated/0/2016-12-06_02:53:40.384.jpg
W/ResourceType(27865): No known package when getting name for resource number 0xffffffff
I/org.umd.logging(27865): Method > 1056 com.unity3d.player.UnityPlayer.executeGLThreadJobs(com.unity3d.player.UnityPlayer@278128732<file=2016-12-06_02:53:40.384><x=0><y=0><width=768><height=1280><id=-1>)
I/org.umd.logging(27865): Method < 1056 com.unity3d.player.UnityPlayer.executeGLThreadJobs()
E/Cataloger( 5092): syncFile:/storage/emulated/0/2016-12-06_02:53:40.384.jpg
E/Cataloger( 5092): syncFile:/storage/emulated/0/2016-12-06_02:53:40.762.jpg
W/ResourceType(27865): No known package when getting name for resource number 0xffffffff
I/org.umd.logging(27865): Method > 1056 com.unity3d.player.UnityPlayer.executeGLThreadJobs(com.unity3d.player.UnityPlayer@278128732<file=2016-12-06_02:53:40.762><x=0><y=0><width=768><height=1280><id=-1>)
I/org.umd.logging(27865): Method < 1056 com.unity3d.player.UnityPlayer.executeGLThreadJobs()
E/Cataloger( 5092): syncFile:/storage/emulated/0/2016-12-06_02:53:40.762.jpg
E/Cataloger( 5092): syncFile:/storage/emulated/0/2016-12-06_02:53:40.896.jpg
W/ResourceType(27865): No known package when getting name for resource number 0xffffffff
I/org.umd.logging(27865): Method > 1056 com.unity3d.player.UnityPlayer.executeGLThreadJobs(com.unity3d.player.UnityPlayer@278128732<file=2016-12-06_02:53:40.896><x=0><y=0><width=768><height=1280><id=-1>)
I/org.umd.logging(27865): Method < 1056 com.unity3d.player.UnityPlayer.executeGLThreadJobs()
E/Cataloger( 5092): syncFile:/storage/emulated/0/2016-12-06_02:53:40.896.jpg
E/Cataloger( 5092): syncFile:/storage/emulated/0/2016-12-06_02:53:41.037.jpg
W/ResourceType(27865): No known package when getting name for resource number 0xffffffff
I/org.umd.logging(27865): Method > 1056 com.unity3d.player.UnityPlayer.executeGLThreadJobs(com.unity3d.player.UnityPlayer@278128732<file=2016-12-06_02:53:41.037><x=0><y=0><width=768><height=1280><id=-1>)
I/org.umd.logging(27865): Method < 1056 com.unity3d.player.UnityPlayer.executeGLThreadJobs()
E/Cataloger( 5092): syncFile:/storage/emulated/0/2016-12-06_02:53:41.037.jpg
E/Cataloger( 5092): syncFile:/storage/emulated/0/2016-12-06_02:53:41.233.jpg
W/ResourceType(27865): No known package when getting name for resource number 0xffffffff
I/org.umd.logging(27865): Method > 1056 com.unity3d.player.UnityPlayer.executeGLThreadJobs(com.unity3d.player.UnityPlayer@278128732<file=2016-12-06_02:53:41.233><x=0><y=0><width=768><height=1280><id=-1>)
I/org.umd.logging(27865): Method < 1056 com.unity3d.player.UnityPlayer.executeGLThreadJobs()
E/Cataloger( 5092): syncFile:/storage/emulated/0/2016-12-06_02:53:41.233.jpg
E/Cataloger( 5092): syncFile:/storage/emulated/0/2016-12-06_02:53:41.362.jpg
W/ResourceType(27865): No known package when getting name for resource number 0xffffffff
I/org.umd.logging(27865): Method > 1056 com.unity3d.player.UnityPlayer.executeGLThreadJobs(com.unity3d.player.UnityPlayer@278128732<file=2016-12-06_02:53:41.362><x=0><y=0><width=768><height=1280><id=-1>)
I/org.umd.logging(27865): Method < 1056 com.unity3d.player.UnityPlayer.executeGLThreadJobs()
E/Cataloger( 5092): syncFile:/storage/emulated/0/2016-12-06_02:53:41.362.jpg
E/Cataloger( 5092): syncFile:/storage/emulated/0/2016-12-06_02:53:41.499.jpg
W/ResourceType(27865): No known package when getting name for resource number 0xffffffff
I/org.umd.logging(27865): Method > 1056 com.unity3d.player.UnityPlayer.executeGLThreadJobs(com.unity3d.player.UnityPlayer@278128732<file=2016-12-06_02:53:41.499><x=0><y=0><width=768><height=1280><id=-1>)
I/org.umd.logging(27865): Method < 1056 com.unity3d.player.UnityPlayer.executeGLThreadJobs()
E/Cataloger( 5092): syncFile:/storage/emulated/0/2016-12-06_02:53:41.499.jpg
E/Cataloger( 5092): syncFile:/storage/emulated/0/2016-12-06_02:53:41.641.jpg
W/ResourceType(27865): No known package when getting name for resource number 0xffffffff
I/org.umd.logging(27865): Method > 1056 com.unity3d.player.UnityPlayer.executeGLThreadJobs(com.unity3d.player.UnityPlayer@278128732<file=2016-12-06_02:53:41.641><x=0><y=0><width=768><height=1280><id=-1>)
I/org.umd.logging(27865): Method < 1056 com.unity3d.player.UnityPlayer.executeGLThreadJobs()
E/Cataloger( 5092): syncFile:/storage/emulated/0/2016-12-06_02:53:41.641.jpg
E/Cataloger( 5092): syncFile:/storage/emulated/0/2016-12-06_02:53:41.766.jpg
W/ResourceType(27865): No known package when getting name for resource number 0xffffffff
I/org.umd.logging(27865): Method > 1056 com.unity3d.player.UnityPlayer.executeGLThreadJobs(com.unity3d.player.UnityPlayer@278128732<file=2016-12-06_02:53:41.766><x=0><y=0><width=768><height=1280><id=-1>)
I/org.umd.logging(27865): Method < 1056 com.unity3d.player.UnityPlayer.executeGLThreadJobs()
E/Cataloger( 5092): syncFile:/storage/emulated/0/2016-12-06_02:53:41.766.jpg
E/Cataloger( 5092): syncFile:/storage/emulated/0/2016-12-06_02:53:41.882.jpg
W/ResourceType(27865): No known package when getting name for resource number 0xffffffff
I/org.umd.logging(27865): Method > 1056 com.unity3d.player.UnityPlayer.executeGLThreadJobs(com.unity3d.player.UnityPlayer@278128732<file=2016-12-06_02:53:41.882><x=0><y=0><width=768><height=1280><id=-1>)
I/org.umd.logging(27865): Method < 1056 com.unity3d.player.UnityPlayer.executeGLThreadJobs()
E/Cataloger( 5092): syncFile:/storage/emulated/0/2016-12-06_02:53:41.882.jpg
E/Cataloger( 5092): syncFile:/storage/emulated/0/2016-12-06_02:53:42.037.jpg
W/ResourceType(27865): No known package when getting name for resource number 0xffffffff
I/org.umd.logging(27865): Method > 1056 com.unity3d.player.UnityPlayer.executeGLThreadJobs(com.unity3d.player.UnityPlayer@278128732<file=2016-12-06_02:53:42.037><x=0><y=0><width=768><height=1280><id=-1>)
I/org.umd.logging(27865): Method < 1056 com.unity3d.player.UnityPlayer.executeGLThreadJobs()
E/Cataloger( 5092): syncFile:/storage/emulated/0/2016-12-06_02:53:42.037.jpg
E/Cataloger( 5092): syncFile:/storage/emulated/0/2016-12-06_02:53:42.206.jpg
W/ResourceType(27865): No known package when getting name for resource number 0xffffffff
I/org.umd.logging(27865): Method > 1056 com.unity3d.player.UnityPlayer.executeGLThreadJobs(com.unity3d.player.UnityPlayer@278128732<file=2016-12-06_02:53:42.206><x=0><y=0><width=768><height=1280><id=-1>)
I/org.umd.logging(27865): Method < 1056 com.unity3d.player.UnityPlayer.executeGLThreadJobs()
E/Cataloger( 5092): syncFile:/storage/emulated/0/2016-12-06_02:53:42.206.jpg
E/Cataloger( 5092): syncFile:/storage/emulated/0/2016-12-06_02:53:42.327.jpg
W/ResourceType(27865): No known package when getting name for resource number 0xffffffff
I/org.umd.logging(27865): Method > 1056 com.unity3d.player.UnityPlayer.executeGLThreadJobs(com.unity3d.player.UnityPlayer@278128732<file=2016-12-06_02:53:42.327><x=0><y=0><width=768><height=1280><id=-1>)
I/org.umd.logging(27865): Method < 1056 com.unity3d.player.UnityPlayer.executeGLThreadJobs()
E/Cataloger( 5092): syncFile:/storage/emulated/0/2016-12-06_02:53:42.327.jpg
E/Cataloger( 5092): syncFile:/storage/emulated/0/2016-12-06_02:53:42.475.jpg
W/ResourceType(27865): No known package when getting name for resource number 0xffffffff
I/org.umd.logging(27865): Method > 1056 com.unity3d.player.UnityPlayer.executeGLThreadJobs(com.unity3d.player.UnityPlayer@278128732<file=2016-12-06_02:53:42.475><x=0><y=0><width=768><height=1280><id=-1>)
I/org.umd.logging(27865): Method < 1056 com.unity3d.player.UnityPlayer.executeGLThreadJobs()
E/Cataloger( 5092): syncFile:/storage/emulated/0/2016-12-06_02:53:42.475.jpg
E/Cataloger( 5092): syncFile:/storage/emulated/0/2016-12-06_02:53:42.618.jpg
W/ResourceType(27865): No known package when getting name for resource number 0xffffffff
I/org.umd.logging(27865): Method > 1056 com.unity3d.player.UnityPlayer.executeGLThreadJobs(com.unity3d.player.UnityPlayer@278128732<file=2016-12-06_02:53:42.618><x=0><y=0><width=768><height=1280><id=-1>)
I/org.umd.logging(27865): Method < 1056 com.unity3d.player.UnityPlayer.executeGLThreadJobs()
E/Cataloger( 5092): syncFile:/storage/emulated/0/2016-12-06_02:53:42.618.jpg
E/Cataloger( 5092): syncFile:/storage/emulated/0/2016-12-06_02:53:42.796.jpg
W/ResourceType(27865): No known package when getting name for resource number 0xffffffff
I/org.umd.logging(27865): Method > 1056 com.unity3d.player.UnityPlayer.executeGLThreadJobs(com.unity3d.player.UnityPlayer@278128732<file=2016-12-06_02:53:42.796><x=0><y=0><width=768><height=1280><id=-1>)
I/org.umd.logging(27865): Method < 1056 com.unity3d.player.UnityPlayer.executeGLThreadJobs()
E/Cataloger( 5092): syncFile:/storage/emulated/0/2016-12-06_02:53:42.796.jpg
E/Cataloger( 5092): syncFile:/storage/emulated/0/2016-12-06_02:53:42.992.jpg
W/ResourceType(27865): No known package when getting name for resource number 0xffffffff
I/org.umd.logging(27865): Method > 1056 com.unity3d.player.UnityPlayer.executeGLThreadJobs(com.unity3d.player.UnityPlayer@278128732<file=2016-12-06_02:53:42.992><x=0><y=0><width=768><height=1280><id=-1>)
I/org.umd.logging(27865): Method < 1056 com.unity3d.player.UnityPlayer.executeGLThreadJobs()
E/Cataloger( 5092): syncFile:/storage/emulated/0/2016-12-06_02:53:42.992.jpg
E/Cataloger( 5092): syncFile:/storage/emulated/0/2016-12-06_02:53:43.141.jpg
W/ResourceType(27865): No known package when getting name for resource number 0xffffffff
I/org.umd.logging(27865): Method > 1056 com.unity3d.player.UnityPlayer.executeGLThreadJobs(com.unity3d.player.UnityPlayer@278128732<file=2016-12-06_02:53:43.141><x=0><y=0><width=768><height=1280><id=-1>)
I/org.umd.logging(27865): Method < 1056 com.unity3d.player.UnityPlayer.executeGLThreadJobs()
E/Cataloger( 5092): syncFile:/storage/emulated/0/2016-12-06_02:53:43.141.jpg
E/Cataloger( 5092): syncFile:/storage/emulated/0/2016-12-06_02:53:43.274.jpg
W/ResourceType(27865): No known package when getting name for resource number 0xffffffff
I/org.umd.logging(27865): Method > 1056 com.unity3d.player.UnityPlayer.executeGLThreadJobs(com.unity3d.player.UnityPlayer@278128732<file=2016-12-06_02:53:43.274><x=0><y=0><width=768><height=1280><id=-1>)
I/org.umd.logging(27865): Method < 1056 com.unity3d.player.UnityPlayer.executeGLThreadJobs()
E/Cataloger( 5092): syncFile:/storage/emulated/0/2016-12-06_02:53:43.274.jpg
E/Cataloger( 5092): syncFile:/storage/emulated/0/2016-12-06_02:53:43.414.jpg
W/ResourceType(27865): No known package when getting name for resource number 0xffffffff
I/org.umd.logging(27865): Method > 1056 com.unity3d.player.UnityPlayer.executeGLThreadJobs(com.unity3d.player.UnityPlayer@278128732<file=2016-12-06_02:53:43.414><x=0><y=0><width=768><height=1280><id=-1>)
I/org.umd.logging(27865): Method < 1056 com.unity3d.player.UnityPlayer.executeGLThreadJobs()
E/Cataloger( 5092): syncFile:/storage/emulated/0/2016-12-06_02:53:43.414.jpg
E/Cataloger( 5092): syncFile:/storage/emulated/0/2016-12-06_02:53:43.620.jpg
W/ResourceType(27865): No known package when getting name for resource number 0xffffffff
I/org.umd.logging(27865): Method > 1056 com.unity3d.player.UnityPlayer.executeGLThreadJobs(com.unity3d.player.UnityPlayer@278128732<file=2016-12-06_02:53:43.620><x=0><y=0><width=768><height=1280><id=-1>)
I/org.umd.logging(27865): Method < 1056 com.unity3d.player.UnityPlayer.executeGLThreadJobs()
E/Cataloger( 5092): syncFile:/storage/emulated/0/2016-12-06_02:53:43.620.jpg
E/Cataloger( 5092): syncFile:/storage/emulated/0/2016-12-06_02:53:43.805.jpg
W/ResourceType(27865): No known package when getting name for resource number 0xffffffff
I/org.umd.logging(27865): Method > 1056 com.unity3d.player.UnityPlayer.executeGLThreadJobs(com.unity3d.player.UnityPlayer@278128732<file=2016-12-06_02:53:43.805><x=0><y=0><width=768><height=1280><id=-1>)
I/org.umd.logging(27865): Method < 1056 com.unity3d.player.UnityPlayer.executeGLThreadJobs()
E/Cataloger( 5092): syncFile:/storage/emulated/0/2016-12-06_02:53:43.805.jpg
E/Cataloger( 5092): syncFile:/storage/emulated/0/2016-12-06_02:53:44.007.jpg
W/ResourceType(27865): No known package when getting name for resource number 0xffffffff
I/org.umd.logging(27865): Method > 1056 com.unity3d.player.UnityPlayer.executeGLThreadJobs(com.unity3d.player.UnityPlayer@278128732<file=2016-12-06_02:53:44.007><x=0><y=0><width=768><height=1280><id=-1>)
I/org.umd.logging(27865): Method < 1056 com.unity3d.player.UnityPlayer.executeGLThreadJobs()
E/Cataloger( 5092): syncFile:/storage/emulated/0/2016-12-06_02:53:44.007.jpg
E/Cataloger( 5092): syncFile:/storage/emulated/0/2016-12-06_02:53:44.177.jpg
W/ResourceType(27865): No known package when getting name for resource number 0xffffffff
I/org.umd.logging(27865): Method > 1056 com.unity3d.player.UnityPlayer.executeGLThreadJobs(com.unity3d.player.UnityPlayer@278128732<file=2016-12-06_02:53:44.177><x=0><y=0><width=768><height=1280><id=-1>)
I/org.umd.logging(27865): Method < 1056 com.unity3d.player.UnityPlayer.executeGLThreadJobs()
E/Cataloger( 5092): syncFile:/storage/emulated/0/2016-12-06_02:53:44.177.jpg
I/org.umd.logging(27865): Method > 1204 com.miniclip.network.HttpConnection.start(com.miniclip.network.HttpConnection@497639439)
I/org.umd.logging(27865): Method > 1 com.miniclip.network.HttpConnection$1.run(com.miniclip.network.HttpConnection$1@385656988)
I/org.umd.logging(27865): Method > 1 com.miniclip.network.HttpConnection$MCHttpURLConnectionTask.onPreExecute(com.miniclip.network.HttpConnection$MCHttpURLConnectionTask@161186469<atask=true>)
I/org.umd.logging(27865): Method < 1 com.miniclip.network.HttpConnection$MCHttpURLConnectionTask.onPreExecute()
I/org.umd.logging(27865): Method < 1 com.miniclip.network.HttpConnection$1.run()
I/org.umd.logging(27865): Method < 1204 com.miniclip.network.HttpConnection.start(true)
I/org.umd.logging(27865): Method > 1106 com.miniclip.network.HttpConnection$MCHttpURLConnectionTask.doInBackground(com.miniclip.network.HttpConnection$MCHttpURLConnectionTask@161186469<atask=true>, [Ljava.lang.String;@698553978)
I/org.umd.logging(27865): Api > 1106 java.net.URL.openConnection(java.net.URL@128314923<URL=http://goliath.bi.miniclippt.com:8080/client/288/v1.0>)
I/org.umd.logging(27865): Api < 1106 java.net.URL.openConnection(com.android.okhttp.internal.http.HttpURLConnectionImpl@813281928)
E/Cataloger( 5092): syncFile:/storage/emulated/0/2016-12-06_02:53:44.341.jpg
W/ResourceType(27865): No known package when getting name for resource number 0xffffffff
I/org.umd.logging(27865): Method > 1056 com.unity3d.player.UnityPlayer.executeGLThreadJobs(com.unity3d.player.UnityPlayer@278128732<file=2016-12-06_02:53:44.341><x=0><y=0><width=768><height=1280><id=-1>)
I/org.umd.logging(27865): Method < 1056 com.unity3d.player.UnityPlayer.executeGLThreadJobs()
E/Cataloger( 5092): syncFile:/storage/emulated/0/2016-12-06_02:53:44.341.jpg
E/Cataloger( 5092): syncFile:/storage/emulated/0/2016-12-06_02:53:44.498.jpg
D/HttpConnection(27865): HttpConnection response from http://goliath.bi.miniclippt.com:8080/client/288/v1.0: 
D/JNIHelper(27865): Error cannot unwrap a NULL jstring
I/org.umd.logging(27865): Method > 1 com.miniclip.utils.NativeRunnable.run(com.miniclip.utils.NativeRunnable@359048225)
I/org.umd.logging(27865): Method < 1 com.miniclip.utils.NativeRunnable.run()
I/org.umd.logging(27865): Method < 1106 com.miniclip.network.HttpConnection$MCHttpURLConnectionTask.doInBackground(true)
I/org.umd.logging(27865): Method > 1 com.miniclip.network.HttpConnection$MCHttpURLConnectionTask.onPostExecute(com.miniclip.network.HttpConnection$MCHttpURLConnectionTask@161186469<atask=true>, true)
I/org.umd.logging(27865): Method < 1 com.miniclip.network.HttpConnection$MCHttpURLConnectionTask.onPostExecute()
W/ResourceType(27865): No known package when getting name for resource number 0xffffffff
I/org.umd.logging(27865): Method > 1056 com.unity3d.player.UnityPlayer.executeGLThreadJobs(com.unity3d.player.UnityPlayer@278128732<file=2016-12-06_02:53:44.498><x=0><y=0><width=768><height=1280><id=-1>)
I/org.umd.logging(27865): Method < 1056 com.unity3d.player.UnityPlayer.executeGLThreadJobs()
E/Cataloger( 5092): syncFile:/storage/emulated/0/2016-12-06_02:53:44.498.jpg
E/Cataloger( 5092): syncFile:/storage/emulated/0/2016-12-06_02:53:44.634.jpg
W/ResourceType(27865): No known package when getting name for resource number 0xffffffff
I/org.umd.logging(27865): Method > 1056 com.unity3d.player.UnityPlayer.executeGLThreadJobs(com.unity3d.player.UnityPlayer@278128732<file=2016-12-06_02:53:44.634><x=0><y=0><width=768><height=1280><id=-1>)
I/org.umd.logging(27865): Method < 1056 com.unity3d.player.UnityPlayer.executeGLThreadJobs()
E/Cataloger( 5092): syncFile:/storage/emulated/0/2016-12-06_02:53:44.634.jpg
E/Cataloger( 5092): syncFile:/storage/emulated/0/2016-12-06_02:53:44.821.jpg
W/ResourceType(27865): No known package when getting name for resource number 0xffffffff
I/org.umd.logging(27865): Method > 1056 com.unity3d.player.UnityPlayer.executeGLThreadJobs(com.unity3d.player.UnityPlayer@278128732<file=2016-12-06_02:53:44.821><x=0><y=0><width=768><height=1280><id=-1>)
I/org.umd.logging(27865): Method < 1056 com.unity3d.player.UnityPlayer.executeGLThreadJobs()
E/Cataloger( 5092): syncFile:/storage/emulated/0/2016-12-06_02:53:44.821.jpg
E/Cataloger( 5092): syncFile:/storage/emulated/0/2016-12-06_02:53:44.940.jpg
W/ResourceType(27865): No known package when getting name for resource number 0xffffffff
I/org.umd.logging(27865): Method > 1056 com.unity3d.player.UnityPlayer.executeGLThreadJobs(com.unity3d.player.UnityPlayer@278128732<file=2016-12-06_02:53:44.940><x=0><y=0><width=768><height=1280><id=-1>)
I/org.umd.logging(27865): Method < 1056 com.unity3d.player.UnityPlayer.executeGLThreadJobs()
E/Cataloger( 5092): syncFile:/storage/emulated/0/2016-12-06_02:53:44.940.jpg
E/Cataloger( 5092): syncFile:/storage/emulated/0/2016-12-06_02:53:45.090.jpg
W/ResourceType(27865): No known package when getting name for resource number 0xffffffff
I/org.umd.logging(27865): Method > 1056 com.unity3d.player.UnityPlayer.executeGLThreadJobs(com.unity3d.player.UnityPlayer@278128732<file=2016-12-06_02:53:45.090><x=0><y=0><width=768><height=1280><id=-1>)
I/org.umd.logging(27865): Method < 1056 com.unity3d.player.UnityPlayer.executeGLThreadJobs()
E/Cataloger( 5092): syncFile:/storage/emulated/0/2016-12-06_02:53:45.090.jpg
E/Cataloger( 5092): syncFile:/storage/emulated/0/2016-12-06_02:53:45.217.jpg
W/ResourceType(27865): No known package when getting name for resource number 0xffffffff
I/org.umd.logging(27865): Method > 1056 com.unity3d.player.UnityPlayer.executeGLThreadJobs(com.unity3d.player.UnityPlayer@278128732<file=2016-12-06_02:53:45.217><x=0><y=0><width=768><height=1280><id=-1>)
I/org.umd.logging(27865): Method < 1056 com.unity3d.player.UnityPlayer.executeGLThreadJobs()
E/Cataloger( 5092): syncFile:/storage/emulated/0/2016-12-06_02:53:45.217.jpg
E/Cataloger( 5092): syncFile:/storage/emulated/0/2016-12-06_02:53:45.348.jpg
W/ResourceType(27865): No known package when getting name for resource number 0xffffffff
I/org.umd.logging(27865): Method > 1056 com.unity3d.player.UnityPlayer.executeGLThreadJobs(com.unity3d.player.UnityPlayer@278128732<file=2016-12-06_02:53:45.348><x=0><y=0><width=768><height=1280><id=-1>)
I/org.umd.logging(27865): Method < 1056 com.unity3d.player.UnityPlayer.executeGLThreadJobs()
E/Cataloger( 5092): syncFile:/storage/emulated/0/2016-12-06_02:53:45.348.jpg
E/Cataloger( 5092): syncFile:/storage/emulated/0/2016-12-06_02:53:45.492.jpg
W/ResourceType(27865): No known package when getting name for resource number 0xffffffff
I/org.umd.logging(27865): Method > 1056 com.unity3d.player.UnityPlayer.executeGLThreadJobs(com.unity3d.player.UnityPlayer@278128732<file=2016-12-06_02:53:45.492><x=0><y=0><width=768><height=1280><id=-1>)
I/org.umd.logging(27865): Method < 1056 com.unity3d.player.UnityPlayer.executeGLThreadJobs()
E/Cataloger( 5092): syncFile:/storage/emulated/0/2016-12-06_02:53:45.492.jpg
E/Cataloger( 5092): syncFile:/storage/emulated/0/2016-12-06_02:53:45.630.jpg
W/ResourceType(27865): No known package when getting name for resource number 0xffffffff
I/org.umd.logging(27865): Method > 1056 com.unity3d.player.UnityPlayer.executeGLThreadJobs(com.unity3d.player.UnityPlayer@278128732<file=2016-12-06_02:53:45.630><x=0><y=0><width=768><height=1280><id=-1>)
I/org.umd.logging(27865): Method < 1056 com.unity3d.player.UnityPlayer.executeGLThreadJobs()
E/Cataloger( 5092): syncFile:/storage/emulated/0/2016-12-06_02:53:45.630.jpg
W/ResourceType(27865): No known package when getting name for resource number 0xffffffff
I/org.umd.logging(27865): Method > 1056 com.unity3d.player.UnityPlayer.executeGLThreadJobs(com.unity3d.player.UnityPlayer@278128732<file=><x=0><y=0><width=768><height=1280><id=-1>)
I/org.umd.logging(27865): Method < 1056 com.unity3d.player.UnityPlayer.executeGLThreadJobs()
E/Cataloger( 5092): syncFile:/storage/emulated/0/2016-12-06_02:53:45.762.jpg
E/Cataloger( 5092): syncFile:/storage/emulated/0/2016-12-06_02:53:45.810.jpg
W/ResourceType(27865): No known package when getting name for resource number 0xffffffff
I/org.umd.logging(27865): Method > 1 com.unity3d.player.UnityPlayer.onTouchEvent(com.unity3d.player.UnityPlayer@278128732<file=2016-12-06_02:53:45.762><x=0><y=0><width=768><height=1280><id=-1>, android.view.MotionEvent@817619693)
I/org.umd.logging(27865): Method < 1 com.unity3d.player.UnityPlayer.onTouchEvent(true)
E/Cataloger( 5092): syncFile:/storage/emulated/0/2016-12-06_02:53:45.762.jpg
E/Cataloger( 5092): syncFile:/storage/emulated/0/2016-12-06_02:53:45.894.jpg
W/ResourceType(27865): No known package when getting name for resource number 0xffffffff
I/org.umd.logging(27865): Method > 1056 com.unity3d.player.UnityPlayer.executeGLThreadJobs(com.unity3d.player.UnityPlayer@278128732<file=2016-12-06_02:53:45.810><x=0><y=0><width=768><height=1280><id=-1>)
I/org.umd.logging(27865): Method < 1056 com.unity3d.player.UnityPlayer.executeGLThreadJobs()
E/Cataloger( 5092): syncFile:/storage/emulated/0/2016-12-06_02:53:45.810.jpg
E/Cataloger( 5092): syncFile:/storage/emulated/0/2016-12-06_02:53:45.965.jpg
W/ResourceType(27865): No known package when getting name for resource number 0xffffffff
I/org.umd.logging(27865): Method > 1 com.unity3d.player.UnityPlayer.onTouchEvent(com.unity3d.player.UnityPlayer@278128732<file=2016-12-06_02:53:45.894><x=0><y=0><width=768><height=1280><id=-1>, android.view.MotionEvent@817619693)
I/org.umd.logging(27865): Method < 1 com.unity3d.player.UnityPlayer.onTouchEvent(true)
E/Cataloger( 5092): syncFile:/storage/emulated/0/2016-12-06_02:53:45.894.jpg
E/Cataloger( 5092): syncFile:/storage/emulated/0/2016-12-06_02:53:46.013.jpg
W/ResourceType(27865): No known package when getting name for resource number 0xffffffff
I/org.umd.logging(27865): Method > 1056 com.unity3d.player.UnityPlayer.executeGLThreadJobs(com.unity3d.player.UnityPlayer@278128732<file=2016-12-06_02:53:45.965><x=0><y=0><width=768><height=1280><id=-1>)
I/org.umd.logging(27865): Method < 1056 com.unity3d.player.UnityPlayer.executeGLThreadJobs()
E/Cataloger( 5092): syncFile:/storage/emulated/0/2016-12-06_02:53:45.965.jpg
E/Cataloger( 5092): syncFile:/storage/emulated/0/2016-12-06_02:53:46.090.jpg
W/ResourceType(27865): No known package when getting name for resource number 0xffffffff
I/org.umd.logging(27865): Method > 1 com.unity3d.player.UnityPlayer.onTouchEvent(com.unity3d.player.UnityPlayer@278128732<file=2016-12-06_02:53:46.013><x=0><y=0><width=768><height=1280><id=-1>, android.view.MotionEvent@817619693)
E/Cataloger( 5092): syncFile:/storage/emulated/0/2016-12-06_02:53:46.013.jpg
I/org.umd.logging(27865): Method < 1 com.unity3d.player.UnityPlayer.onTouchEvent(true)
E/Cataloger( 5092): syncFile:/storage/emulated/0/2016-12-06_02:53:46.130.jpg
W/ResourceType(27865): No known package when getting name for resource number 0xffffffff
I/org.umd.logging(27865): Method > 1056 com.unity3d.player.UnityPlayer.executeGLThreadJobs(com.unity3d.player.UnityPlayer@278128732<file=2016-12-06_02:53:46.090><x=0><y=0><width=768><height=1280><id=-1>)
I/org.umd.logging(27865): Method < 1056 com.unity3d.player.UnityPlayer.executeGLThreadJobs()
E/Cataloger( 5092): syncFile:/storage/emulated/0/2016-12-06_02:53:46.090.jpg
W/ResourceType(27865): No known package when getting name for resource number 0xffffffff
I/org.umd.logging(27865): Method > 1 com.unity3d.player.UnityPlayer.onTouchEvent(com.unity3d.player.UnityPlayer@278128732<file=2016-12-06_02:53:46.130><x=0><y=0><width=768><height=1280><id=-1>, android.view.MotionEvent@817619693)
E/Cataloger( 5092): syncFile:/storage/emulated/0/2016-12-06_02:53:46.130.jpg
I/org.umd.logging(27865): Method < 1 com.unity3d.player.UnityPlayer.onTouchEvent(true)
E/Cataloger( 5092): syncFile:/storage/emulated/0/2016-12-06_02:53:46.215.jpg
E/Cataloger( 5092): syncFile:/storage/emulated/0/2016-12-06_02:53:46.247.jpg
W/ResourceType(27865): No known package when getting name for resource number 0xffffffff
I/org.umd.logging(27865): Method > 1056 com.unity3d.player.UnityPlayer.executeGLThreadJobs(com.unity3d.player.UnityPlayer@278128732<file=2016-12-06_02:53:46.215><x=0><y=0><width=768><height=1280><id=-1>)
I/org.umd.logging(27865): Method < 1056 com.unity3d.player.UnityPlayer.executeGLThreadJobs()
E/Cataloger( 5092): syncFile:/storage/emulated/0/2016-12-06_02:53:46.215.jpg
W/ResourceType(27865): No known package when getting name for resource number 0xffffffff
I/org.umd.logging(27865): Method > 1 com.unity3d.player.UnityPlayer.onTouchEvent(com.unity3d.player.UnityPlayer@278128732<file=2016-12-06_02:53:46.247><x=0><y=0><width=768><height=1280><id=-1>, android.view.MotionEvent@817619693)
I/org.umd.logging(27865): Method < 1 com.unity3d.player.UnityPlayer.onTouchEvent(true)
E/Cataloger( 5092): syncFile:/storage/emulated/0/Android/data/com.miniclip.archery/files/mcgoliath_info.goliath
E/Cataloger( 5092): need not sync path:/storage/emulated/0/Android/data/com.miniclip.archery/files/mcgoliath_info.goliath
E/Cataloger( 5092): syncFile:/storage/emulated/0/2016-12-06_02:53:46.247.jpg
W/ResourceType(27865): No known package when getting name for resource number 0xffffffff
I/org.umd.logging(27865): Method > 1 com.unity3d.player.UnityPlayer.onTouchEvent(com.unity3d.player.UnityPlayer@278128732<file=><x=0><y=0><width=768><height=1280><id=-1>, android.view.MotionEvent@817619693)
I/org.umd.logging(27865): Method < 1 com.unity3d.player.UnityPlayer.onTouchEvent(true)
E/Cataloger( 5092): syncFile:/storage/emulated/0/2016-12-06_02:53:46.374.jpg
E/Cataloger( 5092): syncFile:/storage/emulated/0/2016-12-06_02:53:46.414.jpg
W/ResourceType(27865): No known package when getting name for resource number 0xffffffff
I/org.umd.logging(27865): Method > 1056 com.unity3d.player.UnityPlayer.executeGLThreadJobs(com.unity3d.player.UnityPlayer@278128732<file=2016-12-06_02:53:46.374><x=0><y=0><width=768><height=1280><id=-1>)
I/org.umd.logging(27865): Method < 1056 com.unity3d.player.UnityPlayer.executeGLThreadJobs()
E/Cataloger( 5092): syncFile:/storage/emulated/0/2016-12-06_02:53:46.374.jpg
W/ResourceType(27865): No known package when getting name for resource number 0xffffffff
I/org.umd.logging(27865): Method > 1 com.unity3d.player.UnityPlayer.onTouchEvent(com.unity3d.player.UnityPlayer@278128732<file=2016-12-06_02:53:46.414><x=0><y=0><width=768><height=1280><id=-1>, android.view.MotionEvent@817619693)
I/org.umd.logging(27865): Method < 1 com.unity3d.player.UnityPlayer.onTouchEvent(true)
E/Cataloger( 5092): syncFile:/storage/emulated/0/2016-12-06_02:53:46.414.jpg
E/Cataloger( 5092): syncFile:/storage/emulated/0/2016-12-06_02:53:46.546.jpg
E/Cataloger( 5092): syncFile:/storage/emulated/0/2016-12-06_02:53:46.548.jpg
W/ResourceType(27865): No known package when getting name for resource number 0xffffffff
I/org.umd.logging(27865): Method > 1056 com.unity3d.player.UnityPlayer.executeGLThreadJobs(com.unity3d.player.UnityPlayer@278128732<file=2016-12-06_02:53:46.546><x=0><y=0><width=768><height=1280><id=-1>)
I/org.umd.logging(27865): Method < 1056 com.unity3d.player.UnityPlayer.executeGLThreadJobs()
E/Cataloger( 5092): syncFile:/storage/emulated/0/2016-12-06_02:53:46.546.jpg
E/Cataloger( 5092): syncFile:/storage/emulated/0/2016-12-06_02:53:46.674.jpg
W/ResourceType(27865): No known package when getting name for resource number 0xffffffff
I/org.umd.logging(27865): Method > 1 com.unity3d.player.UnityPlayer.onTouchEvent(com.unity3d.player.UnityPlayer@278128732<file=2016-12-06_02:53:46.548><x=0><y=0><width=768><height=1280><id=-1>, android.view.MotionEvent@817619693)
E/Cataloger( 5092): syncFile:/storage/emulated/0/2016-12-06_02:53:46.548.jpg
I/org.umd.logging(27865): Method < 1 com.unity3d.player.UnityPlayer.onTouchEvent(true)
E/Cataloger( 5092): syncFile:/storage/emulated/0/2016-12-06_02:53:46.714.jpg
W/ResourceType(27865): No known package when getting name for resource number 0xffffffff
I/org.umd.logging(27865): Method > 1056 com.unity3d.player.UnityPlayer.executeGLThreadJobs(com.unity3d.player.UnityPlayer@278128732<file=2016-12-06_02:53:46.674><x=0><y=0><width=768><height=1280><id=-1>)
I/org.umd.logging(27865): Method < 1056 com.unity3d.player.UnityPlayer.executeGLThreadJobs()
E/Cataloger( 5092): syncFile:/storage/emulated/0/2016-12-06_02:53:46.674.jpg
W/ResourceType(27865): No known package when getting name for resource number 0xffffffff
I/org.umd.logging(27865): Method > 1 com.unity3d.player.UnityPlayer.onTouchEvent(com.unity3d.player.UnityPlayer@278128732<file=2016-12-06_02:53:46.714><x=0><y=0><width=768><height=1280><id=-1>, android.view.MotionEvent@817619693)
E/Cataloger( 5092): syncFile:/storage/emulated/0/2016-12-06_02:53:46.714.jpg
I/org.umd.logging(27865): Method < 1 com.unity3d.player.UnityPlayer.onTouchEvent(true)
E/Cataloger( 5092): syncFile:/storage/emulated/0/2016-12-06_02:53:46.809.jpg
E/Cataloger( 5092): syncFile:/storage/emulated/0/2016-12-06_02:53:46.849.jpg
W/ResourceType(27865): No known package when getting name for resource number 0xffffffff
I/org.umd.logging(27865): Method > 1056 com.unity3d.player.UnityPlayer.executeGLThreadJobs(com.unity3d.player.UnityPlayer@278128732<file=2016-12-06_02:53:46.809><x=0><y=0><width=768><height=1280><id=-1>)
I/org.umd.logging(27865): Method < 1056 com.unity3d.player.UnityPlayer.executeGLThreadJobs()
E/Cataloger( 5092): syncFile:/storage/emulated/0/2016-12-06_02:53:46.809.jpg
W/ResourceType(27865): No known package when getting name for resource number 0xffffffff
I/org.umd.logging(27865): Method > 1 com.unity3d.player.UnityPlayer.onTouchEvent(com.unity3d.player.UnityPlayer@278128732<file=2016-12-06_02:53:46.849><x=0><y=0><width=768><height=1280><id=-1>, android.view.MotionEvent@817619693)
I/org.umd.logging(27865): Method < 1 com.unity3d.player.UnityPlayer.onTouchEvent(true)
E/Cataloger( 5092): syncFile:/storage/emulated/0/2016-12-06_02:53:46.849.jpg
E/Cataloger( 5092): syncFile:/storage/emulated/0/2016-12-06_02:53:46.938.jpg
E/Cataloger( 5092): syncFile:/storage/emulated/0/2016-12-06_02:53:46.981.jpg
W/ResourceType(27865): No known package when getting name for resource number 0xffffffff
I/org.umd.logging(27865): Method > 1056 com.unity3d.player.UnityPlayer.executeGLThreadJobs(com.unity3d.player.UnityPlayer@278128732<file=2016-12-06_02:53:46.938><x=0><y=0><width=768><height=1280><id=-1>)
I/org.umd.logging(27865): Method < 1056 com.unity3d.player.UnityPlayer.executeGLThreadJobs()
E/Cataloger( 5092): syncFile:/storage/emulated/0/2016-12-06_02:53:46.938.jpg
W/ResourceType(27865): No known package when getting name for resource number 0xffffffff
I/org.umd.logging(27865): Method > 1 com.unity3d.player.UnityPlayer.onTouchEvent(com.unity3d.player.UnityPlayer@278128732<file=2016-12-06_02:53:46.981><x=0><y=0><width=768><height=1280><id=-1>, android.view.MotionEvent@817619693)
I/org.umd.logging(27865): Method < 1 com.unity3d.player.UnityPlayer.onTouchEvent(true)
E/Cataloger( 5092): syncFile:/storage/emulated/0/2016-12-06_02:53:46.981.jpg
W/ResourceType(27865): No known package when getting name for resource number 0xffffffff
I/org.umd.logging(27865): Method > 1 com.unity3d.player.UnityPlayer.onTouchEvent(com.unity3d.player.UnityPlayer@278128732<file=><x=0><y=0><width=768><height=1280><id=-1>, android.view.MotionEvent@817619693)
I/org.umd.logging(27865): Method < 1 com.unity3d.player.UnityPlayer.onTouchEvent(true)
E/Cataloger( 5092): syncFile:/storage/emulated/0/2016-12-06_02:53:47.075.jpg
E/Cataloger( 5092): syncFile:/storage/emulated/0/2016-12-06_02:53:47.114.jpg
W/ResourceType(27865): No known package when getting name for resource number 0xffffffff
I/org.umd.logging(27865): Method > 1 com.unity3d.player.UnityPlayer.onTouchEvent(com.unity3d.player.UnityPlayer@278128732<file=2016-12-06_02:53:47.114><x=0><y=0><width=768><height=1280><id=-1>, android.view.MotionEvent@817619693)
W/ResourceType(27865): No known package when getting name for resource number 0xffffffff
I/org.umd.logging(27865): Method > 1056 com.unity3d.player.UnityPlayer.executeGLThreadJobs(com.unity3d.player.UnityPlayer@278128732<file=2016-12-06_02:53:47.075><x=0><y=0><width=768><height=1280><id=-1>)
I/org.umd.logging(27865): Method < 1056 com.unity3d.player.UnityPlayer.executeGLThreadJobs()
I/org.umd.logging(27865): Method < 1 com.unity3d.player.UnityPlayer.onTouchEvent(true)
E/Cataloger( 5092): syncFile:/storage/emulated/0/2016-12-06_02:53:47.114.jpg
E/Cataloger( 5092): syncFile:/storage/emulated/0/2016-12-06_02:53:47.075.jpg
E/Cataloger( 5092): syncFile:/storage/emulated/0/2016-12-06_02:53:47.258.jpg
W/ResourceType(27865): No known package when getting name for resource number 0xffffffff
I/org.umd.logging(27865): Method > 1056 com.unity3d.player.UnityPlayer.executeGLThreadJobs(com.unity3d.player.UnityPlayer@278128732<file=2016-12-06_02:53:47.258><x=0><y=0><width=768><height=1280><id=-1>)
I/org.umd.logging(27865): Method < 1056 com.unity3d.player.UnityPlayer.executeGLThreadJobs()
E/Cataloger( 5092): syncFile:/storage/emulated/0/2016-12-06_02:53:47.258.jpg
E/Cataloger( 5092): syncFile:/storage/emulated/0/2016-12-06_02:53:47.404.jpg
W/ResourceType(27865): No known package when getting name for resource number 0xffffffff
I/org.umd.logging(27865): Method > 1056 com.unity3d.player.UnityPlayer.executeGLThreadJobs(com.unity3d.player.UnityPlayer@278128732<file=2016-12-06_02:53:47.404><x=0><y=0><width=768><height=1280><id=-1>)
I/org.umd.logging(27865): Method < 1056 com.unity3d.player.UnityPlayer.executeGLThreadJobs()
E/Cataloger( 5092): syncFile:/storage/emulated/0/2016-12-06_02:53:47.404.jpg
E/Cataloger( 5092): syncFile:/storage/emulated/0/2016-12-06_02:53:47.605.jpg
W/ResourceType(27865): No known package when getting name for resource number 0xffffffff
I/org.umd.logging(27865): Method > 1056 com.unity3d.player.UnityPlayer.executeGLThreadJobs(com.unity3d.player.UnityPlayer@278128732<file=2016-12-06_02:53:47.605><x=0><y=0><width=768><height=1280><id=-1>)
I/org.umd.logging(27865): Method < 1056 com.unity3d.player.UnityPlayer.executeGLThreadJobs()
E/Cataloger( 5092): syncFile:/storage/emulated/0/2016-12-06_02:53:47.605.jpg
E/Cataloger( 5092): syncFile:/storage/emulated/0/2016-12-06_02:53:47.748.jpg
W/ResourceType(27865): No known package when getting name for resource number 0xffffffff
I/org.umd.logging(27865): Method > 1056 com.unity3d.player.UnityPlayer.executeGLThreadJobs(com.unity3d.player.UnityPlayer@278128732<file=2016-12-06_02:53:47.748><x=0><y=0><width=768><height=1280><id=-1>)
I/org.umd.logging(27865): Method < 1056 com.unity3d.player.UnityPlayer.executeGLThreadJobs()
E/Cataloger( 5092): syncFile:/storage/emulated/0/2016-12-06_02:53:47.748.jpg
E/Cataloger( 5092): syncFile:/storage/emulated/0/2016-12-06_02:53:47.905.jpg
W/ResourceType(27865): No known package when getting name for resource number 0xffffffff
I/org.umd.logging(27865): Method > 1056 com.unity3d.player.UnityPlayer.executeGLThreadJobs(com.unity3d.player.UnityPlayer@278128732<file=2016-12-06_02:53:47.905><x=0><y=0><width=768><height=1280><id=-1>)
I/org.umd.logging(27865): Method < 1056 com.unity3d.player.UnityPlayer.executeGLThreadJobs()
E/Cataloger( 5092): syncFile:/storage/emulated/0/2016-12-06_02:53:47.905.jpg
E/Cataloger( 5092): syncFile:/storage/emulated/0/2016-12-06_02:53:48.037.jpg
W/ResourceType(27865): No known package when getting name for resource number 0xffffffff
I/org.umd.logging(27865): Method > 1056 com.unity3d.player.UnityPlayer.executeGLThreadJobs(com.unity3d.player.UnityPlayer@278128732<file=2016-12-06_02:53:48.037><x=0><y=0><width=768><height=1280><id=-1>)
I/org.umd.logging(27865): Method < 1056 com.unity3d.player.UnityPlayer.executeGLThreadJobs()
E/Cataloger( 5092): syncFile:/storage/emulated/0/2016-12-06_02:53:48.037.jpg
E/Cataloger( 5092): syncFile:/storage/emulated/0/2016-12-06_02:53:48.168.jpg
W/ResourceType(27865): No known package when getting name for resource number 0xffffffff
I/org.umd.logging(27865): Method > 1056 com.unity3d.player.UnityPlayer.executeGLThreadJobs(com.unity3d.player.UnityPlayer@278128732<file=2016-12-06_02:53:48.168><x=0><y=0><width=768><height=1280><id=-1>)
I/org.umd.logging(27865): Method < 1056 com.unity3d.player.UnityPlayer.executeGLThreadJobs()
E/Cataloger( 5092): syncFile:/storage/emulated/0/2016-12-06_02:53:48.168.jpg
E/Cataloger( 5092): syncFile:/storage/emulated/0/2016-12-06_02:53:48.317.jpg
W/ResourceType(27865): No known package when getting name for resource number 0xffffffff
I/org.umd.logging(27865): Method > 1056 com.unity3d.player.UnityPlayer.executeGLThreadJobs(com.unity3d.player.UnityPlayer@278128732<file=2016-12-06_02:53:48.317><x=0><y=0><width=768><height=1280><id=-1>)
I/org.umd.logging(27865): Method < 1056 com.unity3d.player.UnityPlayer.executeGLThreadJobs()
E/Cataloger( 5092): syncFile:/storage/emulated/0/2016-12-06_02:53:48.317.jpg
E/WifiStateMachine(  591): WifiStateMachine CMD_START_SCAN source -2 txSuccessRate=11.41 rxSuccessRate=9.30 targetRoamBSSID=b4:e9:b0:e5:06:d0 RSSI=-48
E/Cataloger( 5092): syncFile:/storage/emulated/0/2016-12-06_02:53:48.515.jpg
W/ResourceType(27865): No known package when getting name for resource number 0xffffffff
I/org.umd.logging(27865): Method > 1056 com.unity3d.player.UnityPlayer.executeGLThreadJobs(com.unity3d.player.UnityPlayer@278128732<file=2016-12-06_02:53:48.515><x=0><y=0><width=768><height=1280><id=-1>)
I/org.umd.logging(27865): Method < 1056 com.unity3d.player.UnityPlayer.executeGLThreadJobs()
E/Cataloger( 5092): syncFile:/storage/emulated/0/2016-12-06_02:53:48.515.jpg
E/Cataloger( 5092): syncFile:/storage/emulated/0/2016-12-06_02:53:48.647.jpg
W/ResourceType(27865): No known package when getting name for resource number 0xffffffff
I/org.umd.logging(27865): Method > 1056 com.unity3d.player.UnityPlayer.executeGLThreadJobs(com.unity3d.player.UnityPlayer@278128732<file=2016-12-06_02:53:48.647><x=0><y=0><width=768><height=1280><id=-1>)
I/org.umd.logging(27865): Method < 1056 com.unity3d.player.UnityPlayer.executeGLThreadJobs()
E/Cataloger( 5092): syncFile:/storage/emulated/0/2016-12-06_02:53:48.647.jpg
E/Cataloger( 5092): syncFile:/storage/emulated/0/2016-12-06_02:53:48.825.jpg
W/ResourceType(27865): No known package when getting name for resource number 0xffffffff
I/org.umd.logging(27865): Method > 1056 com.unity3d.player.UnityPlayer.executeGLThreadJobs(com.unity3d.player.UnityPlayer@278128732<file=2016-12-06_02:53:48.825><x=0><y=0><width=768><height=1280><id=-1>)
I/org.umd.logging(27865): Method < 1056 com.unity3d.player.UnityPlayer.executeGLThreadJobs()
E/Cataloger( 5092): syncFile:/storage/emulated/0/2016-12-06_02:53:48.825.jpg
E/Cataloger( 5092): syncFile:/storage/emulated/0/2016-12-06_02:53:48.947.jpg
W/ResourceType(27865): No known package when getting name for resource number 0xffffffff
I/org.umd.logging(27865): Method > 1056 com.unity3d.player.UnityPlayer.executeGLThreadJobs(com.unity3d.player.UnityPlayer@278128732<file=2016-12-06_02:53:48.947><x=0><y=0><width=768><height=1280><id=-1>)
I/org.umd.logging(27865): Method < 1056 com.unity3d.player.UnityPlayer.executeGLThreadJobs()
E/Cataloger( 5092): syncFile:/storage/emulated/0/2016-12-06_02:53:48.947.jpg
E/Cataloger( 5092): syncFile:/storage/emulated/0/2016-12-06_02:53:49.097.jpg
W/ResourceType(27865): No known package when getting name for resource number 0xffffffff
I/org.umd.logging(27865): Method > 1056 com.unity3d.player.UnityPlayer.executeGLThreadJobs(com.unity3d.player.UnityPlayer@278128732<file=2016-12-06_02:53:49.097><x=0><y=0><width=768><height=1280><id=-1>)
I/org.umd.logging(27865): Method < 1056 com.unity3d.player.UnityPlayer.executeGLThreadJobs()
E/Cataloger( 5092): syncFile:/storage/emulated/0/2016-12-06_02:53:49.097.jpg
E/Cataloger( 5092): syncFile:/storage/emulated/0/2016-12-06_02:53:49.220.jpg
W/ResourceType(27865): No known package when getting name for resource number 0xffffffff
I/org.umd.logging(27865): Method > 1056 com.unity3d.player.UnityPlayer.executeGLThreadJobs(com.unity3d.player.UnityPlayer@278128732<file=2016-12-06_02:53:49.220><x=0><y=0><width=768><height=1280><id=-1>)
I/org.umd.logging(27865): Method < 1056 com.unity3d.player.UnityPlayer.executeGLThreadJobs()
E/Cataloger( 5092): syncFile:/storage/emulated/0/2016-12-06_02:53:49.220.jpg
E/Cataloger( 5092): syncFile:/storage/emulated/0/2016-12-06_02:53:49.348.jpg
W/ResourceType(27865): No known package when getting name for resource number 0xffffffff
I/org.umd.logging(27865): Method > 1056 com.unity3d.player.UnityPlayer.executeGLThreadJobs(com.unity3d.player.UnityPlayer@278128732<file=2016-12-06_02:53:49.348><x=0><y=0><width=768><height=1280><id=-1>)
I/org.umd.logging(27865): Method < 1056 com.unity3d.player.UnityPlayer.executeGLThreadJobs()
I/art     (27865): Background sticky concurrent mark sweep GC freed 572(51KB) AllocSpace objects, 2(7MB) LOS objects, 2% free, 42MB/43MB, paused 7.294ms total 27.163ms
E/Cataloger( 5092): syncFile:/storage/emulated/0/2016-12-06_02:53:49.348.jpg
E/Cataloger( 5092): syncFile:/storage/emulated/0/2016-12-06_02:53:49.501.jpg
