I/org.umd.logging(27865): Api > 1113 java.net.URL.openConnection(java.net.URL@34541553<URL=http://a.applovin.com/2.0/ad?accept=custom_size,launch_app,video&api_did=107dcd1331f53c4ac0&country_code=&size=INTER&carrier=&preloading=true&idfa=229d4aea-d76e-47c3-ad88-1eafdf3529f0&wvvc=284008500&dy=1184&format=json&orientation_lock=portrait&require=REGULAR&sdk_key=WX_oGSeIwzKpolTSQUnvSXZ8BPwxdzZ8VTxn0a3xXNlK7HnXmXRD3_LFOFB0Dl9iI4UIeTEBwzV2EGZ_o0Cs_X&v1=true&si=0&dnt=false&dx=768&locale=en_US&revision=mako&ia=1481053719000&li=0&os=5.1.1&tz_offset=-5.0&network=wifi&platform=android&app_version=1.0.7&brand=LGE&sdk_version=6.3.2&v2=true&vz=b32c1e18d5ce8405&model=Nexus+4>)
I/org.umd.logging(27865): Api < 1113 java.net.URL.openConnection(com.android.okhttp.internal.http.HttpURLConnectionImpl@1017866198)
I/org.umd.logging(27865): Api > 1113 android.net.ConnectivityManager.getActiveNetworkInfo(android.net.ConnectivityManager@1050392154)
I/org.umd.logging(27865): Api < 1113 android.net.ConnectivityManager.getActiveNetworkInfo(android.net.NetworkInfo@874682967)
I/org.umd.logging(27865): Method < 1113 com.applovin.impl.sdk.dc.run()
I/org.umd.logging(27865): Method < 1113 com.applovin.impl.sdk.cr.run()
I/org.umd.logging(27865): Api > 1113 android.net.ConnectivityManager.getActiveNetworkInfo(android.net.ConnectivityManager@1050392154)
I/org.umd.logging(27865): Api < 1113 android.net.ConnectivityManager.getActiveNetworkInfo(android.net.NetworkInfo@873228612)
I/org.umd.logging(27865): Method < 1113 com.applovin.impl.sdk.cz.run()
I/org.umd.logging(27865): Method > 1113 com.applovin.impl.sdk.cz.run(com.applovin.impl.sdk.cz@536066605)
I/org.umd.logging(27865): Method > 1113 com.applovin.impl.sdk.cr.run(com.applovin.impl.sdk.cr@156117858)
I/org.umd.logging(27865): Method > 1113 com.applovin.impl.sdk.dc.run(com.applovin.impl.sdk.cs@927761651)
I/org.umd.logging(27865): Api > 1113 android.net.ConnectivityManager.getActiveNetworkInfo(android.net.ConnectivityManager@1050392154)
I/org.umd.logging(27865): Api < 1113 android.net.ConnectivityManager.getActiveNetworkInfo(android.net.NetworkInfo@587781552)
I/org.umd.logging(27865): Api > 1113 java.net.URL.openConnection(java.net.URL@476552110<URL=http://a.applovin.com/2.0/ad?accept=custom_size,launch_app,video&api_did=107dcd1331f53c4ac0&country_code=&size=INTER&carrier=&preloading=true&idfa=229d4aea-d76e-47c3-ad88-1eafdf3529f0&wvvc=284008500&dy=1184&format=json&orientation_lock=portrait&require=VIDEOA&etf=514&sdk_key=WX_oGSeIwzKpolTSQUnvSXZ8BPwxdzZ8VTxn0a3xXNlK7HnXmXRD3_LFOFB0Dl9iI4UIeTEBwzV2EGZ_o0Cs_X&v1=true&si=0&dnt=false&dx=768&locale=en_US&revision=mako&ia=1481053719000&li=0&os=5.1.1&tz_offset=-5.0&network=wifi&platform=android&app_version=1.0.7&brand=LGE&sdk_version=6.3.2&ntf=wifi&v2=true&vz=b32c1e18d5ce8405&model=Nexus+4>)
I/org.umd.logging(27865): Api < 1113 java.net.URL.openConnection(com.android.okhttp.internal.http.HttpURLConnectionImpl@2129231)
E/libEGL  (27865): validate_display:255 error 3008 (EGL_BAD_DISPLAY)
I/VideoCapabilities(27865): Unsupported profile 4 for video/mp4v-es
W/cr_BindingManager(27865): Cannot call determinedVisibility() - never saw a connection for the pid: 27865
I/org.umd.logging(27865): Api > 1113 android.net.ConnectivityManager.getActiveNetworkInfo(android.net.ConnectivityManager@1050392154)
I/org.umd.logging(27865): Api < 1113 android.net.ConnectivityManager.getActiveNetworkInfo(android.net.NetworkInfo@773692636)
E/chromium(27865): [ERROR:interface_registry.cc(99)] Failed to locate a binder for interface: autofill::mojom::AutofillDriver
I/org.umd.logging(27865): Method < 1113 com.applovin.impl.sdk.dc.run()
I/org.umd.logging(27865): Method < 1113 com.applovin.impl.sdk.cr.run()
I/org.umd.logging(27865): Api > 1113 android.net.ConnectivityManager.getActiveNetworkInfo(android.net.ConnectivityManager@1050392154)
I/org.umd.logging(27865): Api < 1113 android.net.ConnectivityManager.getActiveNetworkInfo(android.net.NetworkInfo@378470885)
I/org.umd.logging(27865): Method < 1113 com.applovin.impl.sdk.cz.run()
I/org.umd.logging(27865): Method > 1113 com.applovin.impl.sdk.cz.run(com.applovin.impl.sdk.cz@160810170)
I/org.umd.logging(27865): Method > 1113 com.applovin.impl.sdk.cr.run(com.applovin.impl.sdk.cr@412196715)
I/org.umd.logging(27865): Method > 1113 com.applovin.impl.sdk.dc.run(com.applovin.impl.sdk.cs@206940872)
I/org.umd.logging(27865): Api > 1113 android.net.ConnectivityManager.getActiveNetworkInfo(android.net.ConnectivityManager@1050392154)
I/org.umd.logging(27865): Api < 1113 android.net.ConnectivityManager.getActiveNetworkInfo(android.net.NetworkInfo@959633249)
I/org.umd.logging(27865): Method > 1135 com.unity3d.ads.misc.Utilities.runOnUiThread(com.unity3d.ads.webview.WebView$JavaScriptInvocation@410954612)
I/org.umd.logging(27865): Api > 1113 java.net.URL.openConnection(java.net.URL@367298717<URL=http://a.applovin.com/2.0/ad?accept=custom_size,launch_app,video&api_did=107dcd1331f53c4ac0&country_code=&size=INTER&carrier=&preloading=true&idfa=229d4aea-d76e-47c3-ad88-1eafdf3529f0&wvvc=284008500&dy=1184&format=json&orientation_lock=portrait&require=VIDEOA&etf=550&sdk_key=WX_oGSeIwzKpolTSQUnvSXZ8BPwxdzZ8VTxn0a3xXNlK7HnXmXRD3_LFOFB0Dl9iI4UIeTEBwzV2EGZ_o0Cs_X&v1=true&si=0&dnt=false&dx=768&locale=en_US&revision=mako&ia=1481053719000&li=0&os=5.1.1&tz_offset=-5.0&network=wifi&platform=android&app_version=1.0.7&brand=LGE&sdk_version=6.3.2&ntf=wifi&v2=true&vz=b32c1e18d5ce8405&model=Nexus+4>)
I/org.umd.logging(27865): Api < 1113 java.net.URL.openConnection(com.android.okhttp.internal.http.HttpURLConnectionImpl@979120402)
I/org.umd.logging(27865): Method > 1135 com.unity3d.ads.misc.Utilities.runOnUiThread(com.unity3d.ads.webview.WebView$JavaScriptInvocation@410954612, 0, null)
I/org.umd.logging(27865): Method > 1 com.unity3d.ads.webview.WebView$JavaScriptInvocation.run(com.unity3d.ads.webview.WebView$JavaScriptInvocation@410954612)
I/org.umd.logging(27865): Method < 1 com.unity3d.ads.webview.WebView$JavaScriptInvocation.run()
I/org.umd.logging(27865): Method < 1135 com.unity3d.ads.misc.Utilities.runOnUiThread()
I/org.umd.logging(27865): Method < 1135 com.unity3d.ads.misc.Utilities.runOnUiThread()
I/org.umd.logging(27865): Method > 1 com.unity3d.player.UnityPlayer$4.run(com.unity3d.player.UnityPlayer$4@923237019)
I/org.umd.logging(27865): Method < 1 com.unity3d.player.UnityPlayer$4.run()
I/org.umd.logging(27865): Method > 1135 com.unity3d.ads.misc.Utilities.runOnUiThread(com.unity3d.ads.webview.WebView$JavaScriptInvocation@714410720)
I/org.umd.logging(27865): Method > 1135 com.unity3d.ads.misc.Utilities.runOnUiThread(com.unity3d.ads.webview.WebView$JavaScriptInvocation@714410720, 0, null)
I/org.umd.logging(27865): Method < 1135 com.unity3d.ads.misc.Utilities.runOnUiThread()
I/org.umd.logging(27865): Method > 1 com.unity3d.ads.webview.WebView$JavaScriptInvocation.run(com.unity3d.ads.webview.WebView$JavaScriptInvocation@714410720)
I/org.umd.logging(27865): Method < 1135 com.unity3d.ads.misc.Utilities.runOnUiThread()
I/org.umd.logging(27865): Method < 1 com.unity3d.ads.webview.WebView$JavaScriptInvocation.run()
I/org.umd.logging(27865): Api > 1135 android.net.ConnectivityManager.getActiveNetworkInfo(android.net.ConnectivityManager@1050392154)
I/org.umd.logging(27865): Method < 1115 com.unity3d.ads.configuration.InitializeThread$InitializeStateCreate.execute(com.unity3d.ads.configuration.InitializeThread$InitializeStateComplete@357059678)
I/org.umd.logging(27865): Api < 1135 android.net.ConnectivityManager.getActiveNetworkInfo(android.net.NetworkInfo@96557119)
I/org.umd.logging(27865): Method > 1115 com.unity3d.ads.configuration.InitializeThread.run(com.unity3d.ads.configuration.InitializeThread@1038792586<thread=1115>)
I/org.umd.logging(27865): Method < 1115 com.unity3d.ads.configuration.InitializeThread.run()
D/ConnectivityService(  591): listenForNetwork for NetworkRequest [ id=55, legacyType=-1, [ Capabilities: NOT_RESTRICTED&TRUSTED&NOT_VPN] ]
D/ConnectivityService(  591): handleRegisterNetworkRequest checking NetworkAgentInfo [WIFI () - 100]
D/ConnectivityService(  591): apparently satisfied.  currentScore=60
D/ConnectivityManager.CallbackHandler(27865): CM callback handler got msg 524290
I/org.umd.logging(27865): Method > 1135 com.unity3d.ads.misc.Utilities.runOnUiThread(com.unity3d.ads.webview.WebView$JavaScriptInvocation@206098538)
I/org.umd.logging(27865): Method > 1135 com.unity3d.ads.misc.Utilities.runOnUiThread(com.unity3d.ads.webview.WebView$JavaScriptInvocation@206098538, 0, null)
I/org.umd.logging(27865): Method < 1135 com.unity3d.ads.misc.Utilities.runOnUiThread()
I/org.umd.logging(27865): Method < 1135 com.unity3d.ads.misc.Utilities.runOnUiThread()
I/org.umd.logging(27865): Method > 1 com.unity3d.ads.webview.WebView$JavaScriptInvocation.run(com.unity3d.ads.webview.WebView$JavaScriptInvocation@206098538)
I/org.umd.logging(27865): Method < 1 com.unity3d.ads.webview.WebView$JavaScriptInvocation.run()
I/UnityAds(27865): com.unity3d.ads.api.Sdk.logInfo() (line:-1) :: Requesting configuration from https://adserver.unityads.unity3d.com/games/1093284/configuration?bundleId=com.miniclip.archery&encrypted=true&rooted=true
I/org.umd.logging(27865): Api > 1135 java.lang.Thread.start(com.unity3d.ads.request.WebRequestThread@573396472<thread=1136>)
I/org.umd.logging(27865): Api < 1135 java.lang.Thread.start()
I/org.umd.logging(27865): Api > 1136 java.net.URL.openConnection(java.net.URL@323967697<URL=https://adserver.unityads.unity3d.com/games/1093284/configuration?bundleId=com.miniclip.archery&encrypted=true&rooted=true>)
I/org.umd.logging(27865): Api < 1136 java.net.URL.openConnection(com.android.okhttp.internal.http.HttpsURLConnectionImpl@890997046)
I/org.umd.logging(27865): Method > 1135 com.unity3d.ads.misc.Utilities.runOnUiThread(com.unity3d.ads.webview.WebView$JavaScriptInvocation@374083639)
I/org.umd.logging(27865): Method > 1135 com.unity3d.ads.misc.Utilities.runOnUiThread(com.unity3d.ads.webview.WebView$JavaScriptInvocation@374083639, 0, null)
I/org.umd.logging(27865): Method > 1 com.unity3d.ads.webview.WebView$JavaScriptInvocation.run(com.unity3d.ads.webview.WebView$JavaScriptInvocation@374083639)
I/org.umd.logging(27865): Method < 1 com.unity3d.ads.webview.WebView$JavaScriptInvocation.run()
I/org.umd.logging(27865): Method < 1135 com.unity3d.ads.misc.Utilities.runOnUiThread()
I/org.umd.logging(27865): Method < 1135 com.unity3d.ads.misc.Utilities.runOnUiThread()
I/org.umd.logging(27865): Api > 1113 android.net.ConnectivityManager.getActiveNetworkInfo(android.net.ConnectivityManager@1050392154)
I/org.umd.logging(27865): Api < 1113 android.net.ConnectivityManager.getActiveNetworkInfo(android.net.NetworkInfo@752736676)
I/org.umd.logging(27865): Method < 1113 com.applovin.impl.sdk.dc.run()
I/org.umd.logging(27865): Method < 1113 com.applovin.impl.sdk.cr.run()
I/org.umd.logging(27865): Api > 1113 android.net.ConnectivityManager.getActiveNetworkInfo(android.net.ConnectivityManager@1050392154)
I/org.umd.logging(27865): Api < 1113 android.net.ConnectivityManager.getActiveNetworkInfo(android.net.NetworkInfo@266441481)
I/org.umd.logging(27865): Method < 1113 com.applovin.impl.sdk.cz.run()
I/org.umd.logging(27865): Method > 1113 com.applovin.impl.sdk.cz.run(com.applovin.impl.sdk.cz@1070500110)
I/org.umd.logging(27865): Method > 1113 com.applovin.impl.sdk.cr.run(com.applovin.impl.sdk.ct@350271804)
I/org.umd.logging(27865): Method > 1136 com.unity3d.ads.request.WebRequestResultReceiver.onReceiveResult(com.unity3d.ads.request.WebRequestResultReceiver@57550874, 1, android.os.Bundle@235641409)
I/org.umd.logging(27865): Method > 1136 com.unity3d.ads.misc.Utilities.runOnUiThread(com.unity3d.ads.webview.WebView$JavaScriptInvocation@322350054)
I/org.umd.logging(27865): Method > 1136 com.unity3d.ads.misc.Utilities.runOnUiThread(com.unity3d.ads.webview.WebView$JavaScriptInvocation@322350054, 0, null)
I/org.umd.logging(27865): Method < 1136 com.unity3d.ads.misc.Utilities.runOnUiThread()
I/org.umd.logging(27865): Method > 1 com.unity3d.ads.webview.WebView$JavaScriptInvocation.run(com.unity3d.ads.webview.WebView$JavaScriptInvocation@322350054)
I/org.umd.logging(27865): Method < 1136 com.unity3d.ads.misc.Utilities.runOnUiThread()
I/org.umd.logging(27865): Method < 1 com.unity3d.ads.webview.WebView$JavaScriptInvocation.run()
I/org.umd.logging(27865): Method < 1136 com.unity3d.ads.request.WebRequestResultReceiver.onReceiveResult()
I/org.umd.logging(27865): Method > 1113 com.applovin.impl.sdk.dc.run(com.applovin.impl.sdk.cs@814445863)
I/org.umd.logging(27865): Api > 1113 android.net.ConnectivityManager.getActiveNetworkInfo(android.net.ConnectivityManager@1050392154)
I/org.umd.logging(27865): Api < 1113 android.net.ConnectivityManager.getActiveNetworkInfo(android.net.NetworkInfo@742192084)
I/org.umd.logging(27865): Api > 1113 java.net.URL.openConnection(java.net.URL@397516914<URL=http://a.applovin.com/nad?accept=custom_size,launch_app,video&api_did=107dcd1331f53c4ac0&country_code=&size=NATIVE&carrier=&preloading=true&idfa=229d4aea-d76e-47c3-ad88-1eafdf3529f0&slot_count=1&wvvc=284008500&dy=1184&format=json&orientation_lock=portrait&sdk_key=WX_oGSeIwzKpolTSQUnvSXZ8BPwxdzZ8VTxn0a3xXNlK7HnXmXRD3_LFOFB0Dl9iI4UIeTEBwzV2EGZ_o0Cs_X&v1=true&si=0&dnt=false&dx=768&locale=en_US&revision=mako&ia=1481053719000&li=0&os=5.1.1&tz_offset=-5.0&network=wifi&platform=android&app_version=1.0.7&brand=LGE&sdk_version=6.3.2&v2=true&vz=b32c1e18d5ce8405&model=Nexus+4>)
I/org.umd.logging(27865): Api < 1113 java.net.URL.openConnection(com.android.okhttp.internal.http.HttpURLConnectionImpl@1068514499)
I/org.umd.logging(27865): Api > 1113 android.net.ConnectivityManager.getActiveNetworkInfo(android.net.ConnectivityManager@1050392154)
I/org.umd.logging(27865): Api < 1113 android.net.ConnectivityManager.getActiveNetworkInfo(android.net.NetworkInfo@308246848)
I/org.umd.logging(27865): Method < 1113 com.applovin.impl.sdk.dc.run()
I/org.umd.logging(27865): Method < 1113 com.applovin.impl.sdk.cr.run()
I/org.umd.logging(27865): Api > 1113 android.net.ConnectivityManager.getActiveNetworkInfo(android.net.ConnectivityManager@1050392154)
I/org.umd.logging(27865): Api < 1113 android.net.ConnectivityManager.getActiveNetworkInfo(android.net.NetworkInfo@823677049)
I/org.umd.logging(27865): Method < 1113 com.applovin.impl.sdk.cz.run()
I/org.umd.logging(27865): Method > 1113 com.applovin.impl.sdk.cz.run(com.applovin.impl.sdk.cz@108351934)
I/org.umd.logging(27865): Method > 1113 com.applovin.impl.sdk.ci.run(com.applovin.impl.sdk.ci@56813932)
I/UnityAds(27865): com.unity3d.ads.api.Sdk.logInfo() (line:-1) :: Received configuration with 1 placements
I/org.umd.logging(27865): Method > 1135 com.unity3d.ads.misc.Utilities.runOnUiThread(com.unity3d.ads.webview.WebView$JavaScriptInvocation@163871541)
I/org.umd.logging(27865): Method > 1135 com.unity3d.ads.misc.Utilities.runOnUiThread(com.unity3d.ads.webview.WebView$JavaScriptInvocation@163871541, 0, null)
I/org.umd.logging(27865): Method > 1 com.unity3d.ads.webview.WebView$JavaScriptInvocation.run(com.unity3d.ads.webview.WebView$JavaScriptInvocation@163871541)
I/org.umd.logging(27865): Method < 1 com.unity3d.ads.webview.WebView$JavaScriptInvocation.run()
I/org.umd.logging(27865): Method < 1135 com.unity3d.ads.misc.Utilities.runOnUiThread()
I/org.umd.logging(27865): Method < 1135 com.unity3d.ads.misc.Utilities.runOnUiThread()
I/org.umd.logging(27865): Method > 1113 com.applovin.impl.sdk.dc.run(com.applovin.impl.sdk.cj@38482008)
I/org.umd.logging(27865): Api > 1113 java.net.URL.openConnection(java.net.URL@516855217<URL=http://d.applovin.com/device?device_token=MaznYs97JTiqaqEwnZGZ5uqTTP-DrjUyKyVOiqTJdQR6kE_iKYfSJQ6YSqFeXD8I_K7rhzm4Xbz8cGghAXXTlcYdle_cvVA_7whO-XA4rsjSImztNTWxS_8TASLx3sDnwdm0pVZUFRMj--R-AvGqaA-stRAv6aYvzqAZmQYsRvI=>)
I/org.umd.logging(27865): Api < 1113 java.net.URL.openConnection(com.android.okhttp.internal.http.HttpURLConnectionImpl@125295254)
I/org.umd.logging(27865): Api > 1113 android.net.ConnectivityManager.getActiveNetworkInfo(android.net.ConnectivityManager@1050392154)
I/org.umd.logging(27865): Api < 1113 android.net.ConnectivityManager.getActiveNetworkInfo(android.net.NetworkInfo@413529623)
I/org.umd.logging(27865): Method > 1135 com.unity3d.ads.misc.Utilities.runOnUiThread(com.unity3d.ads.webview.WebView$JavaScriptInvocation@1013905924)
I/org.umd.logging(27865): Method > 1135 com.unity3d.ads.misc.Utilities.runOnUiThread(com.unity3d.ads.webview.WebView$JavaScriptInvocation@1013905924, 0, null)
I/org.umd.logging(27865): Method < 1113 com.applovin.impl.sdk.dc.run()
I/org.umd.logging(27865): Method < 1113 com.applovin.impl.sdk.ci.run()
I/org.umd.logging(27865): Method > 1 com.unity3d.ads.webview.WebView$JavaScriptInvocation.run(com.unity3d.ads.webview.WebView$JavaScriptInvocation@1013905924)
I/org.umd.logging(27865): Method < 1 com.unity3d.ads.webview.WebView$JavaScriptInvocation.run()
I/org.umd.logging(27865): Method < 1135 com.unity3d.ads.misc.Utilities.runOnUiThread()
I/org.umd.logging(27865): Method < 1135 com.unity3d.ads.misc.Utilities.runOnUiThread()
E/Cataloger( 5092): syncFile:/storage/emulated/0/Android/data/com.miniclip.archery/cache/UnityAdsCache/UnityAdsStorage-private-data.json
E/Cataloger( 5092): need not sync path:/storage/emulated/0/Android/data/com.miniclip.archery/cache/UnityAdsCache/UnityAdsStorage-private-data.json
I/org.umd.logging(27865): Method < 1113 com.applovin.impl.sdk.cz.run()
I/org.umd.logging(27865): Method > 1113 com.applovin.impl.sdk.cz.run(com.applovin.impl.sdk.cz@780524525)
I/org.umd.logging(27865): Method > 1113 com.applovin.impl.sdk.da.run(com.applovin.impl.sdk.da@889838771)
I/org.umd.logging(27865): Method < 1113 com.applovin.impl.sdk.da.run()
I/org.umd.logging(27865): Api > 1113 android.net.ConnectivityManager.getActiveNetworkInfo(android.net.ConnectivityManager@1050392154)
I/org.umd.logging(27865): Api < 1113 android.net.ConnectivityManager.getActiveNetworkInfo(android.net.NetworkInfo@317802985)
I/org.umd.logging(27865): Method < 1113 com.applovin.impl.sdk.cz.run()
I/org.umd.logging(27865): Method > 1113 com.applovin.impl.sdk.cz.run(com.applovin.impl.sdk.cz@678930030)
I/org.umd.logging(27865): Method > 1113 com.applovin.impl.sdk.da.run(com.applovin.impl.sdk.da@381391119)
I/org.umd.logging(27865): Api > 1135 android.net.ConnectivityManager.getActiveNetworkInfo(android.net.ConnectivityManager@1050392154)
I/org.umd.logging(27865): Api < 1135 android.net.ConnectivityManager.getActiveNetworkInfo(android.net.NetworkInfo@629906341)
I/org.umd.logging(27865): Api > 1135 android.net.ConnectivityManager.getActiveNetworkInfo(android.net.ConnectivityManager@1050392154)
I/org.umd.logging(27865): Api < 1135 android.net.ConnectivityManager.getActiveNetworkInfo(android.net.NetworkInfo@209435514)
I/org.umd.logging(27865): Method < 1113 com.applovin.impl.sdk.da.run()
I/org.umd.logging(27865): Api > 1113 android.net.ConnectivityManager.getActiveNetworkInfo(android.net.ConnectivityManager@1050392154)
I/org.umd.logging(27865): Api < 1113 android.net.ConnectivityManager.getActiveNetworkInfo(android.net.NetworkInfo@1042951979)
I/org.umd.logging(27865): Method > 1135 com.unity3d.ads.misc.Utilities.runOnUiThread(com.unity3d.ads.webview.WebView$JavaScriptInvocation@949444488)
I/org.umd.logging(27865): Method > 1135 com.unity3d.ads.misc.Utilities.runOnUiThread(com.unity3d.ads.webview.WebView$JavaScriptInvocation@949444488, 0, null)
I/org.umd.logging(27865): Method > 1 com.unity3d.ads.webview.WebView$JavaScriptInvocation.run(com.unity3d.ads.webview.WebView$JavaScriptInvocation@949444488)
I/org.umd.logging(27865): Method < 1135 com.unity3d.ads.misc.Utilities.runOnUiThread()
I/org.umd.logging(27865): Method < 1 com.unity3d.ads.webview.WebView$JavaScriptInvocation.run()
I/org.umd.logging(27865): Method < 1135 com.unity3d.ads.misc.Utilities.runOnUiThread()
I/org.umd.logging(27865): Method < 1113 com.applovin.impl.sdk.cz.run()
I/org.umd.logging(27865): Method > 1135 com.unity3d.ads.misc.Utilities.runOnUiThread(com.unity3d.ads.webview.WebView$JavaScriptInvocation@582962465)
I/org.umd.logging(27865): Method > 1135 com.unity3d.ads.misc.Utilities.runOnUiThread(com.unity3d.ads.webview.WebView$JavaScriptInvocation@582962465, 0, null)
I/org.umd.logging(27865): Method > 1 com.unity3d.ads.webview.WebView$JavaScriptInvocation.run(com.unity3d.ads.webview.WebView$JavaScriptInvocation@582962465)
I/org.umd.logging(27865): Method < 1 com.unity3d.ads.webview.WebView$JavaScriptInvocation.run()
I/org.umd.logging(27865): Method < 1135 com.unity3d.ads.misc.Utilities.runOnUiThread()
I/org.umd.logging(27865): Method < 1135 com.unity3d.ads.misc.Utilities.runOnUiThread()
I/org.umd.logging(27865): Method > 1135 com.unity3d.ads.misc.Utilities.runOnUiThread(com.unity3d.ads.webview.WebView$JavaScriptInvocation@494540102)
I/org.umd.logging(27865): Method > 1135 com.unity3d.ads.misc.Utilities.runOnUiThread(com.unity3d.ads.webview.WebView$JavaScriptInvocation@494540102, 0, null)
I/org.umd.logging(27865): Method > 1 com.unity3d.ads.webview.WebView$JavaScriptInvocation.run(com.unity3d.ads.webview.WebView$JavaScriptInvocation@494540102)
I/org.umd.logging(27865): Method < 1 com.unity3d.ads.webview.WebView$JavaScriptInvocation.run()
I/org.umd.logging(27865): Method < 1135 com.unity3d.ads.misc.Utilities.runOnUiThread()
I/org.umd.logging(27865): Method < 1135 com.unity3d.ads.misc.Utilities.runOnUiThread()
I/UnityAds(27865): com.unity3d.ads.api.Sdk.logInfo() (line:-1) :: Requesting ad plan from https://adserver.unityads.unity3d.com/games/1093284/fill?advertisingTrackingId=229d4aea-d76e-47c3-ad88-1eafdf3529f0&limitAdTracking=false&deviceMake=LGE&deviceModel=Nexus%204&platform=android&screenDensity=320&screenWidth=768&screenHeight=1184&sdkVersion=2005&screenSize=268435538&apiLevel=22&connectionType=wifi&networkType=0&gamerId=57e3ef887ed132000103a747
I/org.umd.logging(27865): Api > 1136 java.net.URL.openConnection(java.net.URL@966431495<URL=https://adserver.unityads.unity3d.com/games/1093284/fill?advertisingTrackingId=229d4aea-d76e-47c3-ad88-1eafdf3529f0&limitAdTracking=false&deviceMake=LGE&deviceModel=Nexus%204&platform=android&screenDensity=320&screenWidth=768&screenHeight=1184&sdkVersion=2005&screenSize=268435538&apiLevel=22&connectionType=wifi&networkType=0&gamerId=57e3ef887ed132000103a747>)
I/org.umd.logging(27865): Api < 1136 java.net.URL.openConnection(com.android.okhttp.internal.http.HttpsURLConnectionImpl@503770164)
I/org.umd.logging(27865): Method > 1135 com.unity3d.ads.misc.Utilities.runOnUiThread(com.unity3d.ads.webview.WebView$JavaScriptInvocation@153262685)
I/org.umd.logging(27865): Method > 1135 com.unity3d.ads.misc.Utilities.runOnUiThread(com.unity3d.ads.webview.WebView$JavaScriptInvocation@153262685, 0, null)
I/org.umd.logging(27865): Method > 1 com.unity3d.ads.webview.WebView$JavaScriptInvocation.run(com.unity3d.ads.webview.WebView$JavaScriptInvocation@153262685)
I/org.umd.logging(27865): Method < 1135 com.unity3d.ads.misc.Utilities.runOnUiThread()
I/org.umd.logging(27865): Method < 1 com.unity3d.ads.webview.WebView$JavaScriptInvocation.run()
I/org.umd.logging(27865): Method < 1135 com.unity3d.ads.misc.Utilities.runOnUiThread()
I/org.umd.logging(27865): Method > 1137 com.unity3d.player.WWW.run(com.unity3d.player.WWW@214128803<thread=1137>)
I/org.umd.logging(27865): Api > 1137 java.net.URL.openConnection(java.net.URL@624990112<URL=http://www.google-analytics.com/__utm.gif?utmul=en-us&utmsc=24-bit&utmn=1168538431&utmp=Splash&utmt=event&utmcc=__utma%3d45514621.133174299.1481035756.1481035756.1481035995.2%3b%2b__utmz%3d45514621.1481035995.2.1.utmcsr%3d(direct)%7cutmccn%3d(direct)%7cutmcmd%3d(none)%3b&utmcn=1&utmcs=ISO-8859-1&utmhn=Handheld&utmfl=5.3.4f1&utmac=UA-84933633-1&utmsr=768x1280&utmdt=Splash&utme=5(User*StartGame*1.3.105)&utmwv=4.9.1>)
I/org.umd.logging(27865): Api < 1137 java.net.URL.openConnection(com.android.okhttp.internal.http.HttpURLConnectionImpl@812875609)
E/Cataloger( 5092): syncFile:/storage/emulated/0/2016-12-06_02:53:19.227.jpg
I/org.umd.logging(27865): Api > 1137 java.net.URLConnection.getInputStream(com.android.okhttp.internal.http.HttpURLConnectionImpl@812875609)
I/org.umd.logging(27865): Api < 1137 java.net.URLConnection.getInputStream(com.android.okio.RealBufferedSource$1@682069452)
I/org.umd.logging(27865): Method < 1137 com.unity3d.player.WWW.run()
I/org.umd.logging(27865): Method > 1119 com.vungle.publisher.cz$a$a.run(com.vungle.publisher.cz$a$a@341030933)
I/org.umd.logging(27865): Method > 1119 com.vungle.publisher.InitializationEventListener$1.run(com.vungle.publisher.InitializationEventListener$1@775502107)
I/org.umd.logging(27865): Method > 1118 com.vungle.publisher.cz$a$a.run(com.vungle.publisher.cz$a$a@1009273847)
I/org.umd.logging(27865): Method > 1118 com.vungle.publisher.qn$1.run(com.vungle.publisher.qn$1@475515492)
W/ResourceType(27865): No known package when getting name for resource number 0xffffffff
I/org.umd.logging(27865): Method > 1056 com.unity3d.player.UnityPlayer.executeGLThreadJobs(com.unity3d.player.UnityPlayer@278128732<file=2016-12-06_02:53:19.227><x=0><y=0><width=768><height=1280><id=-1>)
I/org.umd.logging(27865): Method < 1056 com.unity3d.player.UnityPlayer.executeGLThreadJobs()
E/Cataloger( 5092): syncFile:/storage/emulated/0/2016-12-06_02:53:19.227.jpg
I/org.umd.logging(27865): Method < 1118 com.vungle.publisher.qn$1.run()
I/org.umd.logging(27865): Method < 1118 com.vungle.publisher.cz$a$a.run()
I/org.umd.logging(27865): Method > 1138 com.unity3d.player.WWW.run(com.unity3d.player.WWW@1006184656<thread=1138>)
I/org.umd.logging(27865): Api > 1138 java.net.URL.openConnection(java.net.URL@342225097<URL=http://api.archeryking.net:60000/version.html?t=695048345>)
I/org.umd.logging(27865): Api < 1138 java.net.URL.openConnection(com.android.okhttp.internal.http.HttpURLConnectionImpl@54195150)
I/org.umd.logging(27865): Method < 1119 com.vungle.publisher.InitializationEventListener$1.run()
I/org.umd.logging(27865): Method > 1118 com.vungle.publisher.cz$a$a.run(com.vungle.publisher.cz$a$a@34603516)
I/org.umd.logging(27865): Method < 1119 com.vungle.publisher.cz$a$a.run()
I/org.umd.logging(27865): Method > 1118 com.vungle.publisher.zb$2.run(com.vungle.publisher.zb$2@118914778)
I/org.umd.logging(27865): Api > 1118 java.net.URL.openConnection(java.net.URL@366386955<URL=https://api.vungle.com/api/v4/config>)
I/org.umd.logging(27865): Api < 1118 java.net.URL.openConnection(com.android.okhttp.internal.http.HttpsURLConnectionImpl@1046036968)
I/org.umd.logging(27865): Method > 1113 com.applovin.impl.sdk.cz.run(com.applovin.impl.sdk.cz@528871425)
I/org.umd.logging(27865): Method > 1113 com.applovin.impl.sdk.cr.run(com.applovin.impl.sdk.cr@485338790)
E/Cataloger( 5092): syncFile:/storage/emulated/0/2016-12-06_02:53:19.426.jpg
I/org.umd.logging(27865): Method > 1113 com.applovin.impl.sdk.dc.run(com.applovin.impl.sdk.cs@919478503)
I/org.umd.logging(27865): Api > 1113 android.net.ConnectivityManager.getActiveNetworkInfo(android.net.ConnectivityManager@1050392154)
I/org.umd.logging(27865): Api < 1113 android.net.ConnectivityManager.getActiveNetworkInfo(android.net.NetworkInfo@1031050388)
I/org.umd.logging(27865): Api > 1113 java.net.URL.openConnection(java.net.URL@397807410<URL=http://a.applovin.com/2.0/ad?accept=custom_size,launch_app,video&api_did=107dcd1331f53c4ac0&country_code=&size=INTER&carrier=&preloading=true&idfa=229d4aea-d76e-47c3-ad88-1eafdf3529f0&wvvc=284008500&dy=1184&format=json&orientation_lock=portrait&require=VIDEOA&etf=350&sdk_key=WX_oGSeIwzKpolTSQUnvSXZ8BPwxdzZ8VTxn0a3xXNlK7HnXmXRD3_LFOFB0Dl9iI4UIeTEBwzV2EGZ_o0Cs_X&v1=true&fvr=1&si=0&ntr=wifi&dnt=false&dx=768&locale=en_US&revision=mako&ia=1481053719000&li=0&os=5.1.1&tz_offset=-5.0&network=wifi&platform=android&etr=18&app_version=1.0.7&brand=LGE&sdk_version=6.3.2&ntf=wifi&v2=true&vz=b32c1e18d5ce8405&model=Nexus+4>)
I/org.umd.logging(27865): Api < 1113 java.net.URL.openConnection(com.android.okhttp.internal.http.HttpURLConnectionImpl@64087171)
I/org.umd.logging(27865): Api > 1138 java.net.URLConnection.getInputStream(com.android.okhttp.internal.http.HttpURLConnectionImpl@54195150)
I/org.umd.logging(27865): Api < 1138 java.net.URLConnection.getInputStream(com.android.okio.RealBufferedSource$1@340813312)
I/org.umd.logging(27865): Method < 1138 com.unity3d.player.WWW.run()
W/ResourceType(27865): No known package when getting name for resource number 0xffffffff
I/org.umd.logging(27865): Method > 1056 com.unity3d.player.UnityPlayer.executeGLThreadJobs(com.unity3d.player.UnityPlayer@278128732<file=2016-12-06_02:53:19.426><x=0><y=0><width=768><height=1280><id=-1>)
I/org.umd.logging(27865): Method < 1056 com.unity3d.player.UnityPlayer.executeGLThreadJobs()
E/Cataloger( 5092): syncFile:/storage/emulated/0/2016-12-06_02:53:19.426.jpg
I/org.umd.logging(27865): Method < 1118 com.vungle.publisher.zb$2.run()
I/org.umd.logging(27865): Method < 1118 com.vungle.publisher.cz$a$a.run()
I/org.umd.logging(27865): Api > 1113 android.net.ConnectivityManager.getActiveNetworkInfo(android.net.ConnectivityManager@1050392154)
I/org.umd.logging(27865): Api < 1113 android.net.ConnectivityManager.getActiveNetworkInfo(android.net.NetworkInfo@305261694)
I/org.umd.logging(27865): Method > 1139 com.unity3d.player.WWW.run(com.unity3d.player.WWW@482624991<thread=1139>)
I/org.umd.logging(27865): Api > 1139 java.net.URL.openConnection(java.net.URL@911598124<URL=https://script.google.com/macros/s/AKfycby8fRAd_MR1rZt6jg6FgJ7HZjNyBIAeVUuPGa7qQNycomhcvdw/exec?key=1TRxqNzotk6S7QyTRLhCR0yor29PW55zlaDk7nnbTmAA&action=GetLanguageSource&version=1479488897186>)
I/org.umd.logging(27865): Api < 1139 java.net.URL.openConnection(com.android.okhttp.internal.http.HttpsURLConnectionImpl@662889717)
I/org.umd.logging(27865): Method > 1140 com.unity3d.player.WWW.run(com.unity3d.player.WWW@1056723594<thread=1140>)
I/org.umd.logging(27865): Api > 1140 java.net.URL.openConnection(java.net.URL@324100347<URL=https://s3.amazonaws.com/cdn.archery.com/release_ConInfo.txt?p=23682723>)
I/org.umd.logging(27865): Api < 1140 java.net.URL.openConnection(com.android.okhttp.internal.http.HttpsURLConnectionImpl@39122200)
V/com.facebook.unity.FB(27865): SetUserAgentSuffix(Unity.Unity.7.5.0)
I/org.umd.logging(27865): Method < 1113 com.applovin.impl.sdk.dc.run()
I/org.umd.logging(27865): Method < 1113 com.applovin.impl.sdk.cr.run()
I/org.umd.logging(27865): Api > 1113 android.net.ConnectivityManager.getActiveNetworkInfo(android.net.ConnectivityManager@1050392154)
I/org.umd.logging(27865): Api < 1113 android.net.ConnectivityManager.getActiveNetworkInfo(android.net.NetworkInfo@760548694)
V/com.facebook.unity.FB(27865): Init({"appId":"306280196387928"})
I/org.umd.logging(27865): Method < 1113 com.applovin.impl.sdk.cz.run()
I/org.umd.logging(27865): Method > 1113 com.applovin.impl.sdk.cz.run(com.applovin.impl.sdk.cz@246196450)
I/org.umd.logging(27865): Method > 1113 com.applovin.impl.sdk.da.run(com.applovin.impl.sdk.da@465892467)
I/org.umd.logging(27865): Method < 1113 com.applovin.impl.sdk.da.run()
I/org.umd.logging(27865): Api > 1113 android.net.ConnectivityManager.getActiveNetworkInfo(android.net.ConnectivityManager@1050392154)
I/org.umd.logging(27865): Api < 1113 android.net.ConnectivityManager.getActiveNetworkInfo(android.net.NetworkInfo@141583567)
I/org.umd.logging(27865): Method > 1141 com.facebook.internal.Utility$1.run(com.facebook.internal.Utility$1@261616997)
I/org.umd.logging(27865): Method > 1142 com.facebook.internal.NativeProtocol$1.run(com.facebook.internal.NativeProtocol$1@918060779)
D/com.facebook.unity.FB(27865): KeyHash: JxluOGuHXnat9wDn6oTkxu7jPfo=
V/com.facebook.unity.FB(27865): sending to Unity OnInitComplete({"key_hash":"JxluOGuHXnat9wDn6oTkxu7jPfo=\n"})
I/org.umd.logging(27865): Method > 1 com.facebook.unity.FB$5.run(com.facebook.unity.FB$5@681018081)
I/Unity   (27865): Using Facebook Unity SDK v7.5.0 with FBAndroidSDK/4.11.0
I/Unity   (27865):  
I/Unity   (27865): (Filename: ./artifacts/generated/common/runtime/UnityEngineDebugBindings.gen.cpp Line: 37)
I/Unity   (27865): 
I/org.umd.logging(27865): Method < 1 com.facebook.unity.FB$5.run()
I/org.umd.logging(27865): Method > 1145 com.facebook.appevents.internal.ActivityLifecycleTracker$2.run(com.facebook.appevents.internal.ActivityLifecycleTracker$2@102624500)
I/org.umd.logging(27865): Method > 1146 com.facebook.appevents.AppEventsLogger$3.run(com.facebook.appevents.AppEventsLogger$3@659808355)
I/org.umd.logging(27865): Method > 1141 com.facebook.GraphRequest.executeAndWait(com.facebook.GraphRequest@786738457)
I/org.umd.logging(27865): Method > 1141 com.facebook.GraphRequest.executeAndWait(com.facebook.GraphRequest@786738457)
I/org.umd.logging(27865): Method > 1141 com.facebook.GraphRequest.executeBatchAndWait([Lcom.facebook.GraphRequest;@463085503)
I/org.umd.logging(27865): Method > 1106 com.facebook.appevents.AppEventsLogger$5.run(com.facebook.appevents.AppEventsLogger$5@839516629)
I/org.umd.logging(27865): Method > 1141 com.facebook.GraphRequest.executeBatchAndWait(java.util.Arrays$ArrayList@836434139)
I/org.umd.logging(27865): Method < 1145 com.facebook.appevents.internal.ActivityLifecycleTracker$2.run()
I/org.umd.logging(27865): Method > 1141 com.facebook.GraphRequest.executeBatchAndWait(com.facebook.GraphRequestBatch@914769847)
I/org.umd.logging(27865): Method > 1145 com.facebook.appevents.internal.ActivityLifecycleTracker$3.run(com.facebook.appevents.internal.ActivityLifecycleTracker$3@132224653)
I/org.umd.logging(27865): Method > 1057 com.facebook.appevents.AppEventsLogger$5.run(com.facebook.appevents.AppEventsLogger$5@351944770)
I/org.umd.logging(27865): Method < 1113 com.applovin.impl.sdk.cz.run()
I/org.umd.logging(27865): Api > 1141 java.net.URL.openConnection(java.net.URL@590194771<URL=https://graph.facebook.com/v2.6/306280196387928?fields=supports_implicit_sdk_logging%2Cgdpv4_nux_content%2Cgdpv4_nux_enabled%2Cgdpv4_chrome_custom_tabs_enabled%2Candroid_dialog_configs%2Candroid_sdk_error_categories%2Capp_events_session_timeout&format=json&sdk=android>)
I/org.umd.logging(27865): Api < 1141 java.net.URL.openConnection(com.android.okhttp.internal.http.HttpsURLConnectionImpl@653010320)
I/org.umd.logging(27865): Method < 1145 com.facebook.appevents.internal.ActivityLifecycleTracker$3.run()
I/org.umd.logging(27865): Method > 1141 com.facebook.GraphRequest.executeConnectionAndWait(com.android.okhttp.internal.http.HttpsURLConnectionImpl@653010320, com.facebook.GraphRequestBatch@914769847)
I/Facebook.Unity.FBDebug(27865): Using Facebook Unity SDK v7.5.0 with FBAndroidSDK/4.11.0
I/org.umd.logging(27865): Method < 1146 com.facebook.appevents.AppEventsLogger$3.run()
I/org.umd.logging(27865): Api > 1140 java.net.URLConnection.getInputStream(com.android.okhttp.internal.http.HttpsURLConnectionImpl@39122200)
I/org.umd.logging(27865): Api < 1140 java.net.URLConnection.getInputStream(com.android.okio.RealBufferedSource$1@786462383)
I/org.umd.logging(27865): Method < 1140 com.unity3d.player.WWW.run()
I/org.umd.logging(27865): Method < 1106 com.facebook.appevents.AppEventsLogger$5.run()
I/org.umd.logging(27865): Method < 1057 com.facebook.appevents.AppEventsLogger$5.run()
E/Cataloger( 5092): syncFile:/storage/emulated/0/2016-12-06_02:53:19.881.jpg
W/ResourceType(27865): No known package when getting name for resource number 0xffffffff
I/org.umd.logging(27865): Method > 1056 com.unity3d.player.UnityPlayer.executeGLThreadJobs(com.unity3d.player.UnityPlayer@278128732<file=2016-12-06_02:53:19.881><x=0><y=0><width=768><height=1280><id=-1>)
I/org.umd.logging(27865): Method < 1056 com.unity3d.player.UnityPlayer.executeGLThreadJobs()
E/Cataloger( 5092): syncFile:/storage/emulated/0/2016-12-06_02:53:19.881.jpg
I/org.umd.logging(27865): Method > 1141 com.facebook.GraphRequest.runCallbacks(com.facebook.GraphRequestBatch@914769847, java.util.ArrayList@506201537)
I/org.umd.logging(27865): Method < 1141 com.facebook.GraphRequest.runCallbacks()
I/org.umd.logging(27865): Method < 1141 com.facebook.GraphRequest.executeBatchAndWait(java.util.ArrayList@506201537)
I/org.umd.logging(27865): Method < 1141 com.facebook.GraphRequest.executeBatchAndWait(java.util.ArrayList@506201537)
I/org.umd.logging(27865): Method < 1141 com.facebook.GraphRequest.executeBatchAndWait(java.util.ArrayList@506201537)
I/org.umd.logging(27865): Method < 1141 com.facebook.GraphRequest.executeAndWait(com.facebook.GraphResponse@360877223)
I/org.umd.logging(27865): Method < 1141 com.facebook.internal.Utility$1.run()
W/libc    (27865): pthread_create sched_setscheduler call failed: Operation not permitted
I/DownloadManagerWrapper(  985): onReceive() : Charging = true
I/DownloadManagerWrapper(  985): onReceive() : Charging = true
I/org.umd.logging(27865): Method > 1136 com.unity3d.ads.request.WebRequestResultReceiver.onReceiveResult(com.unity3d.ads.request.WebRequestResultReceiver@530249044, 1, android.os.Bundle@1051868413)
I/org.umd.logging(27865): Method > 1136 com.unity3d.ads.misc.Utilities.runOnUiThread(com.unity3d.ads.webview.WebView$JavaScriptInvocation@690437618)
I/org.umd.logging(27865): Method > 1136 com.unity3d.ads.misc.Utilities.runOnUiThread(com.unity3d.ads.webview.WebView$JavaScriptInvocation@690437618, 0, null)
I/org.umd.logging(27865): Method < 1136 com.unity3d.ads.misc.Utilities.runOnUiThread()
I/org.umd.logging(27865): Method > 1 com.unity3d.ads.webview.WebView$JavaScriptInvocation.run(com.unity3d.ads.webview.WebView$JavaScriptInvocation@690437618)
I/org.umd.logging(27865): Method < 1136 com.unity3d.ads.misc.Utilities.runOnUiThread()
I/org.umd.logging(27865): Method < 1136 com.unity3d.ads.request.WebRequestResultReceiver.onReceiveResult()
I/org.umd.logging(27865): Method < 1 com.unity3d.ads.webview.WebView$JavaScriptInvocation.run()
I/UnityAds(27865): com.unity3d.ads.api.Sdk.logInfo() (line:-1) :: Unity Ads server returned game advertisement for AB Group 3
I/org.umd.logging(27865): Method > 1135 com.unity3d.ads.misc.Utilities.runOnUiThread(com.unity3d.ads.webview.WebView$JavaScriptInvocation@364989507)
I/org.umd.logging(27865): Method > 1135 com.unity3d.ads.misc.Utilities.runOnUiThread(com.unity3d.ads.webview.WebView$JavaScriptInvocation@364989507, 0, null)
E/Cataloger( 5092): syncFile:/storage/emulated/0/Android/data/com.miniclip.archery/cache/UnityAdsCache/UnityAdsStorage-private-data.json
I/org.umd.logging(27865): Method > 1 com.unity3d.ads.webview.WebView$JavaScriptInvocation.run(com.unity3d.ads.webview.WebView$JavaScriptInvocation@364989507)
I/org.umd.logging(27865): Method < 1 com.unity3d.ads.webview.WebView$JavaScriptInvocation.run()
E/Cataloger( 5092): need not sync path:/storage/emulated/0/Android/data/com.miniclip.archery/cache/UnityAdsCache/UnityAdsStorage-private-data.json
I/org.umd.logging(27865): Method < 1135 com.unity3d.ads.misc.Utilities.runOnUiThread()
I/org.umd.logging(27865): Method < 1135 com.unity3d.ads.misc.Utilities.runOnUiThread()
I/org.umd.logging(27865): Method > 1135 com.unity3d.ads.misc.Utilities.runOnUiThread(com.unity3d.ads.webview.WebView$JavaScriptInvocation@660345536)
I/org.umd.logging(27865): Method > 1135 com.unity3d.ads.misc.Utilities.runOnUiThread(com.unity3d.ads.webview.WebView$JavaScriptInvocation@660345536, 0, null)
I/org.umd.logging(27865): Method > 1 com.unity3d.ads.webview.WebView$JavaScriptInvocation.run(com.unity3d.ads.webview.WebView$JavaScriptInvocation@660345536)
I/org.umd.logging(27865): Method < 1 com.unity3d.ads.webview.WebView$JavaScriptInvocation.run()
I/org.umd.logging(27865): Method < 1135 com.unity3d.ads.misc.Utilities.runOnUiThread()
I/org.umd.logging(27865): Method < 1135 com.unity3d.ads.misc.Utilities.runOnUiThread()
I/org.umd.logging(27865): Method > 1135 com.unity3d.ads.misc.Utilities.runOnUiThread(com.unity3d.ads.webview.WebView$JavaScriptInvocation@275426297)
I/org.umd.logging(27865): Method > 1135 com.unity3d.ads.misc.Utilities.runOnUiThread(com.unity3d.ads.webview.WebView$JavaScriptInvocation@275426297, 0, null)
I/org.umd.logging(27865): Method > 1 com.unity3d.ads.webview.WebView$JavaScriptInvocation.run(com.unity3d.ads.webview.WebView$JavaScriptInvocation@275426297)
I/org.umd.logging(27865): Method < 1135 com.unity3d.ads.misc.Utilities.runOnUiThread()
I/org.umd.logging(27865): Method < 1 com.unity3d.ads.webview.WebView$JavaScriptInvocation.run()
I/org.umd.logging(27865): Method < 1135 com.unity3d.ads.misc.Utilities.runOnUiThread()
I/org.umd.logging(27865): Api > 1135 android.net.ConnectivityManager.getActiveNetworkInfo(android.net.ConnectivityManager@1050392154)
I/org.umd.logging(27865): Api < 1135 android.net.ConnectivityManager.getActiveNetworkInfo(android.net.NetworkInfo@963069758)
I/org.umd.logging(27865): Api > 1135 java.lang.Thread.start(com.unity3d.ads.cache.CacheThread@290429676<thread=1149>)
I/org.umd.logging(27865): Api < 1135 java.lang.Thread.start()
I/org.umd.logging(27865): Method > 1135 com.unity3d.ads.misc.Utilities.runOnUiThread(com.unity3d.ads.webview.WebView$JavaScriptInvocation@513871541)
I/org.umd.logging(27865): Api > 1149 android.net.ConnectivityManager.getActiveNetworkInfo(android.net.ConnectivityManager@1050392154)
I/org.umd.logging(27865): Method > 1135 com.unity3d.ads.misc.Utilities.runOnUiThread(com.unity3d.ads.webview.WebView$JavaScriptInvocation@513871541, 0, null)
I/org.umd.logging(27865): Method < 1135 com.unity3d.ads.misc.Utilities.runOnUiThread()
I/org.umd.logging(27865): Method > 1 com.unity3d.ads.webview.WebView$JavaScriptInvocation.run(com.unity3d.ads.webview.WebView$JavaScriptInvocation@513871541)
I/org.umd.logging(27865): Method < 1 com.unity3d.ads.webview.WebView$JavaScriptInvocation.run()
I/org.umd.logging(27865): Method < 1135 com.unity3d.ads.misc.Utilities.runOnUiThread()
I/org.umd.logging(27865): Api < 1149 android.net.ConnectivityManager.getActiveNetworkInfo(android.net.NetworkInfo@839686474)
E/Cataloger( 5092): syncFile:/storage/emulated/0/Android/data/com.miniclip.archery/cache/UnityAdsCache/UnityAdsCache-78235603353fe4dced363200813b4a8bb6ea245eb2bec61822ca2a7c6acf92ac.mp4
I/org.umd.logging(27865): Api > 1149 java.net.URL.openConnection(java.net.URL@1062076603<URL=http://cdn-highwinds.unityads.unity3d.com/impact/videos/23013/59ab049bdb7cb763/veteran-org-peak-18s-1920x1080-all-vid-en/m31-1000.mp4>)
I/org.umd.logging(27865): Api < 1149 java.net.URL.openConnection(com.android.okhttp.internal.http.HttpURLConnectionImpl@68254168)
E/Cataloger( 5092): syncFile:/storage/emulated/0/2016-12-06_02:53:21.059.jpg
I/org.umd.logging(27865): Method > 1149 com.unity3d.ads.misc.Utilities.runOnUiThread(com.unity3d.ads.webview.WebView$JavaScriptInvocation@597745969)
I/org.umd.logging(27865): Method > 1149 com.unity3d.ads.misc.Utilities.runOnUiThread(com.unity3d.ads.webview.WebView$JavaScriptInvocation@597745969, 0, null)
I/org.umd.logging(27865): Method < 1149 com.unity3d.ads.misc.Utilities.runOnUiThread()
I/org.umd.logging(27865): Method < 1149 com.unity3d.ads.misc.Utilities.runOnUiThread()
I/org.umd.logging(27865): Method > 1 com.unity3d.ads.webview.WebView$JavaScriptInvocation.run(com.unity3d.ads.webview.WebView$JavaScriptInvocation@597745969)
I/org.umd.logging(27865): Method < 1 com.unity3d.ads.webview.WebView$JavaScriptInvocation.run()
W/ResourceType(27865): No known package when getting name for resource number 0xffffffff
I/org.umd.logging(27865): Method > 1056 com.unity3d.player.UnityPlayer.executeGLThreadJobs(com.unity3d.player.UnityPlayer@278128732<file=2016-12-06_02:53:21.059><x=0><y=0><width=768><height=1280><id=-1>)
I/org.umd.logging(27865): Method < 1056 com.unity3d.player.UnityPlayer.executeGLThreadJobs()
E/Cataloger( 5092): syncFile:/storage/emulated/0/2016-12-06_02:53:21.059.jpg
I/org.umd.logging(27865): Method > 1135 com.unity3d.ads.misc.Utilities.runOnUiThread(com.unity3d.ads.webview.WebView$JavaScriptInvocation@218300438)
I/org.umd.logging(27865): Method > 1135 com.unity3d.ads.misc.Utilities.runOnUiThread(com.unity3d.ads.webview.WebView$JavaScriptInvocation@218300438, 0, null)
E/Cataloger( 5092): syncFile:/storage/emulated/0/Android/data/com.miniclip.archery/cache/UnityAdsCache/UnityAdsStorage-private-data.json
I/org.umd.logging(27865): Method < 1135 com.unity3d.ads.misc.Utilities.runOnUiThread()
I/org.umd.logging(27865): Method > 1 com.unity3d.ads.webview.WebView$JavaScriptInvocation.run(com.unity3d.ads.webview.WebView$JavaScriptInvocation@218300438)
E/Cataloger( 5092): need not sync path:/storage/emulated/0/Android/data/com.miniclip.archery/cache/UnityAdsCache/UnityAdsStorage-private-data.json
I/org.umd.logging(27865): Method < 1135 com.unity3d.ads.misc.Utilities.runOnUiThread()
I/org.umd.logging(27865): Method < 1 com.unity3d.ads.webview.WebView$JavaScriptInvocation.run()
E/Cataloger( 5092): syncFile:/storage/emulated/0/2016-12-06_02:53:21.363.jpg
I/org.umd.logging(27865): Method > 1149 com.unity3d.ads.misc.Utilities.runOnUiThread(com.unity3d.ads.webview.WebView$JavaScriptInvocation@458354071)
I/org.umd.logging(27865): Method > 1149 com.unity3d.ads.misc.Utilities.runOnUiThread(com.unity3d.ads.webview.WebView$JavaScriptInvocation@458354071, 0, null)
I/org.umd.logging(27865): Method < 1149 com.unity3d.ads.misc.Utilities.runOnUiThread()
I/org.umd.logging(27865): Method > 1 com.unity3d.ads.webview.WebView$JavaScriptInvocation.run(com.unity3d.ads.webview.WebView$JavaScriptInvocation@458354071)
I/org.umd.logging(27865): Method < 1149 com.unity3d.ads.misc.Utilities.runOnUiThread()
I/org.umd.logging(27865): Method < 1 com.unity3d.ads.webview.WebView$JavaScriptInvocation.run()
W/ResourceType(27865): No known package when getting name for resource number 0xffffffff
I/org.umd.logging(27865): Method > 1056 com.unity3d.player.UnityPlayer.executeGLThreadJobs(com.unity3d.player.UnityPlayer@278128732<file=2016-12-06_02:53:21.363><x=0><y=0><width=768><height=1280><id=-1>)
I/org.umd.logging(27865): Method < 1056 com.unity3d.player.UnityPlayer.executeGLThreadJobs()
E/Cataloger( 5092): syncFile:/storage/emulated/0/2016-12-06_02:53:21.363.jpg
I/org.umd.logging(27865): Method > 1135 com.unity3d.ads.misc.Utilities.runOnUiThread(com.unity3d.ads.webview.WebView$JavaScriptInvocation@839932804)
I/org.umd.logging(27865): Method > 1135 com.unity3d.ads.misc.Utilities.runOnUiThread(com.unity3d.ads.webview.WebView$JavaScriptInvocation@839932804, 0, null)
I/org.umd.logging(27865): Method > 1 com.unity3d.ads.webview.WebView$JavaScriptInvocation.run(com.unity3d.ads.webview.WebView$JavaScriptInvocation@839932804)
I/org.umd.logging(27865): Method < 1 com.unity3d.ads.webview.WebView$JavaScriptInvocation.run()
I/org.umd.logging(27865): Method < 1135 com.unity3d.ads.misc.Utilities.runOnUiThread()
I/org.umd.logging(27865): Method < 1135 com.unity3d.ads.misc.Utilities.runOnUiThread()
E/Cataloger( 5092): syncFile:/storage/emulated/0/Android/data/com.miniclip.archery/cache/UnityAdsCache/UnityAdsCache-78235603353fe4dced363200813b4a8bb6ea245eb2bec61822ca2a7c6acf92ac.mp4
I/org.umd.logging(27865): Method > 1149 com.unity3d.ads.misc.Utilities.runOnUiThread(com.unity3d.ads.webview.WebView$JavaScriptInvocation@418471789)
I/org.umd.logging(27865): Method > 1149 com.unity3d.ads.misc.Utilities.runOnUiThread(com.unity3d.ads.webview.WebView$JavaScriptInvocation@418471789, 0, null)
I/org.umd.logging(27865): Method < 1149 com.unity3d.ads.misc.Utilities.runOnUiThread()
I/org.umd.logging(27865): Method > 1 com.unity3d.ads.webview.WebView$JavaScriptInvocation.run(com.unity3d.ads.webview.WebView$JavaScriptInvocation@418471789)
I/org.umd.logging(27865): Method < 1149 com.unity3d.ads.misc.Utilities.runOnUiThread()
I/org.umd.logging(27865): Method < 1 com.unity3d.ads.webview.WebView$JavaScriptInvocation.run()
E/Cataloger( 5092): syncFile:/storage/emulated/0/Android/data/com.miniclip.archery/cache/UnityAdsCache/UnityAdsCache-78235603353fe4dced363200813b4a8bb6ea245eb2bec61822ca2a7c6acf92ac.mp4
I/org.umd.logging(27865): Method > 1135 com.unity3d.ads.misc.Utilities.runOnUiThread(com.unity3d.ads.webview.WebView$JavaScriptInvocation@623314850)
I/org.umd.logging(27865): Method > 1135 com.unity3d.ads.misc.Utilities.runOnUiThread(com.unity3d.ads.webview.WebView$JavaScriptInvocation@623314850, 0, null)
E/Cataloger( 5092): syncFile:/storage/emulated/0/Android/data/com.miniclip.archery/cache/UnityAdsCache/UnityAdsStorage-private-data.json
I/org.umd.logging(27865): Method < 1135 com.unity3d.ads.misc.Utilities.runOnUiThread()
I/org.umd.logging(27865): Method > 1 com.unity3d.ads.webview.WebView$JavaScriptInvocation.run(com.unity3d.ads.webview.WebView$JavaScriptInvocation@623314850)
I/org.umd.logging(27865): Method < 1135 com.unity3d.ads.misc.Utilities.runOnUiThread()
I/org.umd.logging(27865): Method < 1 com.unity3d.ads.webview.WebView$JavaScriptInvocation.run()
E/Cataloger( 5092): need not sync path:/storage/emulated/0/Android/data/com.miniclip.archery/cache/UnityAdsCache/UnityAdsStorage-private-data.json
I/org.umd.logging(27865): Method > 1150 com.unity3d.player.WWW.run(com.unity3d.player.WWW@1061014579<thread=1150>)
I/org.umd.logging(27865): Api > 1150 java.net.URL.openConnection(java.net.URL@603565040<URL=file:///storage/emulated/0/Android/data/com.miniclip.archery/cache/11243.res>)
I/org.umd.logging(27865): Api < 1150 java.net.URL.openConnection(libcore.net.url.FileURLConnection@620689551)
I/org.umd.logging(27865): Api > 1150 java.net.URLConnection.getInputStream(libcore.net.url.FileURLConnection@620689551)
I/org.umd.logging(27865): Api < 1150 java.net.URLConnection.getInputStream(java.io.BufferedInputStream@175378213)
I/org.umd.logging(27865): Method < 1150 com.unity3d.player.WWW.run()
I/org.umd.logging(27865): Method > 1135 com.unity3d.ads.misc.Utilities.runOnUiThread(com.unity3d.ads.webview.WebView$JavaScriptInvocation@732293370)
I/org.umd.logging(27865): Method > 1135 com.unity3d.ads.misc.Utilities.runOnUiThread(com.unity3d.ads.webview.WebView$JavaScriptInvocation@732293370, 0, null)
I/org.umd.logging(27865): Method < 1135 com.unity3d.ads.misc.Utilities.runOnUiThread()
I/org.umd.logging(27865): Method > 1 com.unity3d.ads.webview.WebView$JavaScriptInvocation.run(com.unity3d.ads.webview.WebView$JavaScriptInvocation@732293370)
I/org.umd.logging(27865): Method < 1135 com.unity3d.ads.misc.Utilities.runOnUiThread()
