I/Finsky  ( 4856): [1] com.google.android.finsky.receivers.UpdateWidgetsReceiver.onReceive(38): Updated 0 NowPlayingWidgetProvider widgets (com.google.android.finsky.action.TOC_SET)
I/ActivityManager(  594): Displayed com.android.vending/com.google.android.finsky.activities.MainActivity: +540ms (total +686ms)
W/Settings( 4856): Setting install_non_market_apps has moved from android.provider.Settings.Global to android.provider.Settings.Secure, returning read-only value.
W/Settings( 4856): Setting download_manager_max_bytes_over_mobile has moved from android.provider.Settings.Secure to android.provider.Settings.Global.
W/Finsky  ( 4856): [1] com.google.android.finsky.b.s.a(263): No LoggingContext in the bundle, which breaks event chain!. Creating a new logging context.
I/Finsky  ( 4856): [1] com.google.android.finsky.utils.dl.a(70): Connection with LocationServices established
W/GCoreFlp( 1301): No location to return for getLastLocation()
I/Finsky  ( 4856): [1] com.google.android.finsky.utils.dl.a(97): Requesting Location Updates; Interval: 300000
W/GCoreFlp( 1301): No location to return for getLastLocation()
I/Finsky  ( 4856): [1] com.google.android.finsky.widget.a.onReceive(137): Received ACTION_APPWIDGET_UPDATE, updating 0 widgets.
I/PlayCommon( 4856): [2050] com.google.android.play.a.g.e(853): Preparing logs for uploading
I/Finsky  ( 4856): [1] com.google.android.finsky.widget.a.onReceive(137): Received ACTION_APPWIDGET_UPDATE, updating 0 widgets.
I/PlayCommon( 4856): [2050] com.google.android.play.a.g.a(993): Connecting to server: https://play.googleapis.com/play/log?format=raw&proto_v2=true
I/Finsky  ( 4856): [1] com.google.android.finsky.widget.a.onReceive(137): Received ACTION_APPWIDGET_UPDATE, updating 0 widgets.
W/FlurryAgent( 6890): FlurryDataSender: report 6a86509e-d477-46c3-8ada-17b25489c1b1 sent. HTTP response: 200
I/org.umd.logging( 6890): Method < 2425 com.flurry.sdk.ff.run()
I/org.umd.logging( 6890): Method > 2425 com.flurry.sdk.ff.run(com.flurry.sdk.eg$1$2@871694180)
I/org.umd.logging( 6890): Method < 2425 com.flurry.sdk.ff.run()
W/Herrevad( 1667): Invalid mccmnc 
W/Herrevad( 1667): Invalid mccmnc 
W/ResourceType(  738): No package identifier when getting value for resource number 0x00000000
W/PackageManager(  738): Failure retrieving resources for com.tractiongames.stickbmxfree: Resource ID #0x0
I/PlayCommon( 4856): [2050] com.google.android.play.a.g.a(1068): Successfully uploaded logs.
I/PlayCommon( 4856): [2050] com.google.android.play.a.g.e(853): Preparing logs for uploading
I/PlayCommon( 4856): [2050] com.google.android.play.a.g.e(855): No file ready to send
I/PlayCommon( 4856): [2050] com.google.android.play.a.g.e(853): Preparing logs for uploading
I/PlayCommon( 4856): [2050] com.google.android.play.a.g.a(993): Connecting to server: https://play.googleapis.com/play/log?format=raw&proto_v2=true
I/org.umd.logging( 6890): Method > 1 com.prime31.ChartboostPluginBase.runSafelyOnUiThread(com.prime31.ChartboostPlugin@121528565, com.prime31.ChartboostPlugin$3@813262285)
I/org.umd.logging( 6890): Method > 1 com.prime31.ChartboostPluginBase.runSafelyOnUiThread(com.prime31.ChartboostPlugin@121528565, com.prime31.ChartboostPlugin$3@813262285, null)
I/org.umd.logging( 6890): Method > 1 com.prime31.ChartboostPluginBase$1.run(com.prime31.ChartboostPluginBase$1@709033602)
I/org.umd.logging( 6890): Method > 1 com.prime31.ChartboostPlugin$3.run(com.prime31.ChartboostPlugin$3@813262285)
I/org.umd.logging( 6890): Method < 2422 com.chartboost.sdk.impl.g.run()
I/org.umd.logging( 6890): Method < 2419 com.chartboost.sdk.impl.c.run()
I/org.umd.logging( 6890): Method < 2420 com.chartboost.sdk.impl.g.run()
I/org.umd.logging( 6890): Method < 2421 com.chartboost.sdk.impl.g.run()
I/org.umd.logging( 6890): Method < 2423 com.chartboost.sdk.impl.g.run()
I/org.umd.logging( 6890): Method < 1 com.prime31.ChartboostPlugin$3.run()
I/org.umd.logging( 6890): Method < 1 com.prime31.ChartboostPluginBase$1.run()
I/org.umd.logging( 6890): Method < 1 com.prime31.ChartboostPluginBase.runSafelyOnUiThread()
I/org.umd.logging( 6890): Method < 1 com.prime31.ChartboostPluginBase.runSafelyOnUiThread()
I/Prime31 ( 6890): stopping Flurry session
I/org.umd.logging( 6890): Api > 1 android.location.LocationManager.getBestProvider(android.location.LocationManager@403650148, android.location.Criteria@1065277180, true)
I/org.umd.logging( 6890): Api < 1 android.location.LocationManager.getBestProvider(null)
W/FlurryAgent( 6890): End session with context: com.prime31.UnityPlayerNativeActivity@187a01f8 count:0
I/org.umd.logging( 6890): Method > 1 com.flurry.sdk.ev.onReceive(com.flurry.sdk.ev@703837347, android.app.Application@339381202, android.content.Intent@829063557<action=android.net.conn.CONNECTIVITY_CHANGE><data=null><package=null><component=null><type=null><filter_hashcode=-1172645946><networkInfo=None><networkType=None><inetCondition=None><extraInfo=None><umd_Intent_key=None>)
I/org.umd.logging( 6890): Api > 1 android.net.ConnectivityManager.getActiveNetworkInfo(android.net.ConnectivityManager@832244523)
I/org.umd.logging( 6890): Api < 1 android.net.ConnectivityManager.getActiveNetworkInfo(android.net.NetworkInfo@799923162)
I/org.umd.logging( 6890): Method < 1 com.flurry.sdk.ev.onReceive()
I/org.umd.logging( 6890): Method < 2058 com.flurry.sdk.ff.run()
I/org.umd.logging( 6890): Method > 2058 com.flurry.sdk.ff.run(com.flurry.sdk.dj$2@715077643)
I/org.umd.logging( 6890): Method < 2058 com.flurry.sdk.ff.run()
I/org.umd.logging( 6890): Method > 2058 com.flurry.sdk.ff.run(com.flurry.sdk.dj$3@207644392)
I/org.umd.logging( 6890): Method < 2058 com.flurry.sdk.ff.run()
I/org.umd.logging( 6890): Method > 2058 com.flurry.sdk.ff.run(com.flurry.sdk.dj$4@601272577)
I/org.umd.logging( 6890): Method < 2058 com.flurry.sdk.ff.run()
I/org.umd.logging( 6890): Method > 2058 com.flurry.sdk.ff.run(com.flurry.sdk.dj$5@337501094)
I/org.umd.logging( 6890): Method > 1 com.chartboost.sdk.impl.e$a.run(com.chartboost.sdk.impl.e$a@498288886)
I/org.umd.logging( 6890): Method < 1 com.chartboost.sdk.impl.e$a.run()
I/org.umd.logging( 6890): Method < 2058 com.flurry.sdk.ff.run()
I/org.umd.logging( 6890): Method > 2058 com.flurry.sdk.ff.run(com.flurry.android.impl.ads.FlurryAdModule$17@225913600)
I/org.umd.logging( 6890): Method < 2058 com.flurry.sdk.ff.run()
I/org.umd.logging( 6890): Method > 2058 com.flurry.sdk.ff.run(com.flurry.android.impl.ads.FlurryAdModule$18@215449401)
I/Finsky  ( 4856): [1] com.google.android.finsky.utils.bm.run(147): Capture referrer for com.luckyhammers.sourtowers
I/org.umd.logging( 6890): Method < 2058 com.flurry.sdk.ff.run()
I/org.umd.logging( 6890): Method > 2058 com.flurry.sdk.ff.run(com.flurry.sdk.dd$2@786009823)
I/org.umd.logging( 6890): Method < 2058 com.flurry.sdk.ff.run()
I/org.umd.logging( 6890): Method > 2058 com.flurry.sdk.ff.run(com.flurry.sdk.de$4@463730476)
I/org.umd.logging( 6890): Method > 1 com.flurry.sdk.ff.run(com.flurry.sdk.u$1@245690250)
I/org.umd.logging( 6890): Method < 1 com.flurry.sdk.ff.run()
W/cr_ScreenOrientation( 6890): Removing an inexistent observer!
I/PlayCommon( 4856): [2050] com.google.android.play.a.g.a(1068): Successfully uploaded logs.
I/org.umd.logging( 6890): Method < 2058 com.flurry.sdk.ff.run()
I/org.umd.logging( 6890): Method > 2058 com.flurry.sdk.ff.run(com.flurry.sdk.de$3@200423931)
I/org.umd.logging( 6890): Method < 2058 com.flurry.sdk.ff.run()
I/org.umd.logging( 6890): Method > 2058 com.flurry.sdk.ff.run(com.flurry.android.impl.ads.FlurryAdModule$20@921655832)
E/Cataloger( 6490): syncFile:/storage/emulated/0/Android/data/com.tractiongames.stickbmxfree/cache/.fcaches/fileStreamCacheDownloader/journal
E/Cataloger( 6490): need not sync path:/storage/emulated/0/Android/data/com.tractiongames.stickbmxfree/cache/.fcaches/fileStreamCacheDownloader/journal
I/org.umd.logging( 6890): Method < 2058 com.flurry.sdk.ff.run()
I/org.umd.logging( 6890): Method > 2058 com.flurry.sdk.ff.run(com.flurry.android.impl.ads.FlurryAdModule$21@401398897)
I/org.umd.logging( 6890): Method < 2058 com.flurry.sdk.ff.run()
I/org.umd.logging( 6890): Method > 2058 com.flurry.sdk.ff.run(com.flurry.android.impl.ads.FlurryAdModule$22@191527510)
I/org.umd.logging( 6890): Method < 2058 com.flurry.sdk.ff.run()
I/org.umd.logging( 6890): Method > 2058 com.flurry.sdk.ff.run(com.flurry.android.impl.ads.FlurryAdModule$23@35683031)
I/org.umd.logging( 6890): Method < 2058 com.flurry.sdk.ff.run()
I/org.umd.logging( 6890): Method > 2058 com.flurry.sdk.ff.run(com.flurry.sdk.dj$9@646709188)
I/org.umd.logging( 6890): Method < 2058 com.flurry.sdk.ff.run()
I/org.umd.logging( 6890): Method > 2058 com.flurry.sdk.ff.run(com.flurry.sdk.dj$7@656527021)
I/org.umd.logging( 6890): Method < 2058 com.flurry.sdk.ff.run()
I/org.umd.logging( 6890): Method > 2058 com.flurry.sdk.ff.run(com.flurry.sdk.de$2@1026287074)
I/org.umd.logging( 6890): Method < 2058 com.flurry.sdk.ff.run()
I/org.umd.logging( 6890): Method > 2058 com.flurry.sdk.ff.run(com.flurry.sdk.de$3@445115763)
I/org.umd.logging( 6890): Method < 2058 com.flurry.sdk.ff.run()
I/org.umd.logging( 6890): Method > 2058 com.flurry.sdk.ff.run(com.flurry.sdk.ao$1@48885199)
I/org.umd.logging( 6890): Method > 2425 com.flurry.sdk.ff.run(com.flurry.sdk.eg$1$1@749108782)
I/org.umd.logging( 6890): Method < 2425 com.flurry.sdk.ff.run()
I/org.umd.logging( 6890): Method < 2058 com.flurry.sdk.ff.run()
I/org.umd.logging( 6890): Method > 2425 com.flurry.sdk.ff.run(com.flurry.sdk.el@590981289)
I/org.umd.logging( 6890): Api > 2425 java.net.URL.openConnection(java.net.URL@19497820<URL=https://data.flurry.com/aap.do>)
I/org.umd.logging( 6890): Api < 2425 java.net.URL.openConnection(com.android.okhttp.internal.http.HttpsURLConnectionImpl@433792613)
I/PlayCommon( 4856): [2050] com.google.android.play.a.g.e(853): Preparing logs for uploading
I/PlayCommon( 4856): [2050] com.google.android.play.a.g.e(855): No file ready to send
I/PlayCommon( 4856): [2050] com.google.android.play.a.g.e(853): Preparing logs for uploading
I/PlayCommon( 4856): [2050] com.google.android.play.a.g.a(993): Connecting to server: https://play.googleapis.com/play/log?format=raw&proto_v2=true
W/ResourcesManager( 4856): Asset path '/system/framework/com.android.media.remotedisplay.jar' does not exist or contains no resources.
W/ResourcesManager( 4856): Asset path '/system/framework/com.android.location.provider.jar' does not exist or contains no resources.
I/Finsky  ( 4856): [1] com.google.android.finsky.activities.bv.u(130): Page [class=aq] loaded in [82 ms] (hasDetailsDataLoaded? false)
I/PlayCommon( 4856): [2050] com.google.android.play.a.g.a(1068): Successfully uploaded logs.
I/PlayCommon( 4856): [2050] com.google.android.play.a.g.e(853): Preparing logs for uploading
I/PlayCommon( 4856): [2050] com.google.android.play.a.g.e(855): No file ready to send
D/DynamitePackage( 4856): Instantiated singleton DynamitePackage.
D/DynamitePackage( 4856): Instantiating com.google.android.gms.ads.adshield.ChimeraAdShieldCreatorImpl
I/VideoCapabilities( 4856): Unsupported profile 4 for video/mp4v-es
I/dex2oat ( 7267): /system/bin/dex2oat --runtime-arg -classpath --runtime-arg  --instruction-set=arm --instruction-set-features=div --runtime-arg -Xrelocate --boot-image=/system/framework/boot.art --dex-file=/data/data/com.android.vending/cache/1470286953684.jar --oat-fd=90 --oat-location=/data/data/com.android.vending/cache/1470286953684.dex --runtime-arg -Xms64m --runtime-arg -Xmx512m
I/OMXClient( 4856): Using client-side OMX mux.
E/OMX-VDEC-1080P(  190): 
E/OMX-VDEC-1080P(  190):  Error in ioctl read next msg
E/        (  190): 
E/        (  190):  Destroy C2D instance
E/        (  190): 
E/        (  190):  Destroy C2D instance
W/FlurryAgent( 6890): FlurryDataSender: report 4335f959-bb64-4474-9251-4a3fd90c8481 sent. HTTP response: 200
I/org.umd.logging( 6890): Method > 2058 com.flurry.sdk.ff.run(com.flurry.sdk.dd$2@432117739)
I/org.umd.logging( 6890): Method < 2058 com.flurry.sdk.ff.run()
I/org.umd.logging( 6890): Method < 2425 com.flurry.sdk.ff.run()
I/org.umd.logging( 6890): Method > 2058 com.flurry.sdk.ff.run(com.flurry.sdk.de$4@511277384)
I/org.umd.logging( 6890): Method > 2425 com.flurry.sdk.ff.run(com.flurry.sdk.eg$1$2@308069345)
I/org.umd.logging( 6890): Method < 2425 com.flurry.sdk.ff.run()
I/org.umd.logging( 6890): Method < 2058 com.flurry.sdk.ff.run()
I/org.umd.logging( 6890): Method > 2058 com.flurry.sdk.ff.run(com.flurry.sdk.de$3@909387014)
I/org.umd.logging( 6890): Method < 2058 com.flurry.sdk.ff.run()
I/dex2oat ( 7267): dex2oat took 108.377ms (threads: 4) arena alloc=168KB java alloc=25KB native alloc=1174KB free=25KB
I/Finsky  ( 4856): [1] com.google.android.finsky.activities.bv.u(130): Page [class=aq] loaded in [401 ms] (hasDetailsDataLoaded? true)
I/PlayCommon( 4856): [1] com.google.android.play.image.d.a_(2391): https://lh3.googleusercontent.com/QdLmRD-ZZAh9MaWj92L6WeEalMFznlKgl9sr7WIZIYa3EWwuAZza98EcSOx9O4IcHaI=rw-w1196-v1 is not cached
I/PlayCommon( 4856): [1] com.google.android.play.image.d.a_(2391): https://lh3.googleusercontent.com/I3hfVZNnA6-yiavZ5o2H7WtjOCjuTGjEqypnTiE9W-htN463sRhAI6torbmn9hFnjg=rw-h480-v1 is not cached
I/PlayCommon( 4856): [1] com.google.android.play.image.d.a_(2391): https://lh3.googleusercontent.com/YiIssMWKmYx_Yi-gcFrwYjoO1aNilBhO0k3Aq4I07Ua1ad1UEi_ajrWu-cmS8tXdEg=rw-h480-v1 is not cached
I/art     (  594): Explicit concurrent mark sweep GC freed 23292(1517KB) AllocSpace objects, 2(52KB) LOS objects, 33% free, 25MB/37MB, paused 2.319ms total 118.876ms
I/org.umd.logging( 6890): Method > 1 com.chartboost.sdk.Libraries.e$1.run(com.chartboost.sdk.Libraries.e$1@3546484)
I/org.umd.logging( 6890): Method < 1 com.chartboost.sdk.Libraries.e$1.run()
E/WifiStateMachine(  594): WifiStateMachine CMD_START_SCAN source -2 txSuccessRate=129.61 rxSuccessRate=308.13 targetRoamBSSID=any RSSI=-42
I/PlayCommon( 4856): [1] com.google.android.play.image.d.a_(2391): https://lh3.googleusercontent.com/9urAXe-J7u7XSSfRuiT_GMxhytbnMnHOrvADKli7IzTGNTW4slr0ZyXrCejLJu3zpA=rw-h480-v1 is not cached
I/org.umd.logging( 4986): Method > 1 com.cleanmaster.base.crash.util.debug.b.run(com.cleanmaster.base.crash.util.debug.b@453239735)
I/org.umd.logging( 4986): Method < 1 com.cleanmaster.base.crash.util.debug.b.run()
D/audio_hw_primary(  190): disable_audio_route: reset and update mixer path: low-latency-playback
D/audio_hw_primary(  190): disable_snd_device: snd_device(2: speaker)
I/PlayCommon( 4856): [1] com.google.android.play.image.d.a_(2391): https://lh3.googleusercontent.com/wuYuDjPhJVwrjHqnpLNZxoW1YOdUM0lxgrGxpijYKSYlNxUdbeBXrx_WRgfEYWXd9m7R=rw-h480-v1 is not cached
I/ActivityManager(  594): START u0 {act=android.intent.action.VIEW flg=0x4080000 cmp=com.android.vending/com.google.android.finsky.activities.ScreenshotsActivityV2 (has extras)} from uid 10018 on display 0
V/WindowManager(  594): addAppToken: AppWindowToken{30e704a9 token=Token{1504a030 ActivityRecord{2906e973 u0 com.android.vending/com.google.android.finsky.activities.ScreenshotsActivityV2 t30}}} to stack=1 task=30 at 0
D/audio_hw_primary(  190): select_devices: out_snd_device(2: speaker) in_snd_device(0: none)
D/ACDB-LOADER(  190): ACDB -> send_afe_cal
D/audio_hw_primary(  190): enable_snd_device: snd_device(2: speaker)
D/audio_hw_primary(  190): enable_audio_route: apply and update mixer path: low-latency-playback
V/WindowManager(  594): Adding window Window{23b04548 u0 Starting com.android.vending} at 6 of 12 (after Window{31c53537 u0 com.android.vending/com.google.android.finsky.activities.MainActivity})
V/WindowManager(  594): Adding window Window{3a587560 u0 com.android.vending/com.google.android.finsky.activities.ScreenshotsActivityV2} at 6 of 13 (before Window{23b04548 u0 Starting com.android.vending})
D/OpenGLRenderer( 4856): endAllStagingAnimators on 0xb9316618 (DocImageView) with handle 0xb92a4590
I/org.umd.logging( 6890): Method > 1 com.unity3d.player.e$1.onSystemUiVisibilityChange(com.unity3d.player.e$1@402090648, 6)
I/org.umd.logging( 6890): Method < 1 com.unity3d.player.e$1.onSystemUiVisibilityChange()
I/PlayCommon( 4856): [1] com.google.android.play.image.d.a_(2391): https://lh3.googleusercontent.com/Y7T7Mz0x3pCaHm5emG4b-EKMIQJ4ggwaqLoVHEQp4k9xpDWJuZDqSpuT2EKB3P57Ejs=rw-h480-v1 is not cached
I/art     ( 4856): Explicit concurrent mark sweep GC freed 8594(624KB) AllocSpace objects, 8(355KB) LOS objects, 36% free, 27MB/43MB, paused 1.495ms total 124.767ms
I/ActivityManager(  594): Displayed com.android.vending/com.google.android.finsky.activities.ScreenshotsActivityV2: +269ms
I/PlayCommon( 4856): [1] com.google.android.play.image.d.a_(2391): https://lh3.googleusercontent.com/thQpg9hKns47KEe9GFwMEkEeMntQTezsJsAKjzo8bERQ-aBdzEqwHYyBtog-UjJDx1s=rw-w750-h750-v1 is not cached
I/Finsky  ( 4856): [1] com.google.android.finsky.utils.di.b(2059): Stopping LocationRefresher
I/org.umd.logging( 6890): Method > 1 com.unity3d.player.e$2.run(com.unity3d.player.e$2@538953671)
I/org.umd.logging( 6890): Method < 1 com.unity3d.player.e$2.run()
D/audio_hw_primary(  190): disable_audio_route: reset and update mixer path: low-latency-playback
D/audio_hw_primary(  190): disable_snd_device: snd_device(2: speaker)
I/DownloadManagerWrapper(  949): onReceive() : Charging = true
I/org.umd.logging( 6890): Method > 2426 com.flurry.sdk.dm$a.run(com.flurry.sdk.dm$a@659612148)
W/FlurryAgent( 6890): Finalize session
I/org.umd.logging( 6890): Method < 2426 com.flurry.sdk.dm$a.run()
I/org.umd.logging( 6890): Method > 2058 com.flurry.sdk.ff.run(com.flurry.sdk.dj$8@419478813)
I/org.umd.logging( 6890): Method < 2058 com.flurry.sdk.ff.run()
I/org.umd.logging( 6890): Method > 2058 com.flurry.sdk.ff.run(com.flurry.android.impl.ads.FlurryAdModule$5@6130578)
I/org.umd.logging( 6890): Method < 2058 com.flurry.sdk.ff.run()
I/org.umd.logging( 6890): Method > 2058 com.flurry.sdk.ff.run(com.flurry.sdk.dj$6@759634275)
I/org.umd.logging( 6890): Method < 2058 com.flurry.sdk.ff.run()
I/org.umd.logging( 6890): Method > 2058 com.flurry.sdk.ff.run(com.flurry.sdk.de$2@915679584)
I/org.umd.logging( 6890): Method < 2058 com.flurry.sdk.ff.run()
I/org.umd.logging( 6890): Method > 2058 com.flurry.sdk.ff.run(com.flurry.sdk.de$3@32575001)
I/org.umd.logging( 6890): Method < 2058 com.flurry.sdk.ff.run()
I/org.umd.logging( 6890): Method > 2428 com.flurry.sdk.ff.run(com.flurry.sdk.eg$1$1@536572629)
I/org.umd.logging( 6890): Method < 2428 com.flurry.sdk.ff.run()
I/org.umd.logging( 6890): Method > 2428 com.flurry.sdk.ff.run(com.flurry.sdk.el@518335)
I/org.umd.logging( 6890): Api > 2428 java.net.URL.openConnection(java.net.URL@550173418<URL=https://data.flurry.com/aap.do>)
I/org.umd.logging( 6890): Api < 2428 java.net.URL.openConnection(com.android.okhttp.internal.http.HttpsURLConnectionImpl@165433819)
W/FlurryAgent( 6890): FlurryDataSender: report 6ddd38d9-1859-4b28-a796-79ba699b41dd sent. HTTP response: 200
I/org.umd.logging( 6890): Method < 2428 com.flurry.sdk.ff.run()
I/org.umd.logging( 6890): Method > 2058 com.flurry.sdk.ff.run(com.flurry.sdk.dd$2@722298705)
I/org.umd.logging( 6890): Method > 2428 com.flurry.sdk.ff.run(com.flurry.sdk.eg$1$2@601217974)
I/org.umd.logging( 6890): Method < 2058 com.flurry.sdk.ff.run()
I/org.umd.logging( 6890): Method < 2428 com.flurry.sdk.ff.run()
I/org.umd.logging( 6890): Method > 2058 com.flurry.sdk.ff.run(com.flurry.sdk.de$4@264515767)
I/org.umd.logging( 6890): Method < 2058 com.flurry.sdk.ff.run()
I/org.umd.logging( 6890): Method > 2058 com.flurry.sdk.ff.run(com.flurry.sdk.de$3@569028644)
I/org.umd.logging( 6890): Method < 2058 com.flurry.sdk.ff.run()
I/org.umd.logging( 4986): Method > 1 com.cleanmaster.base.crash.util.debug.b.run(com.cleanmaster.base.crash.util.debug.b@453239735)
I/org.umd.logging( 4986): Method < 1 com.cleanmaster.base.crash.util.debug.b.run()
I/DownloadManagerWrapper(  949): onReceive() : Charging = true
I/DownloadManagerWrapper(  949): onReceive() : Charging = true
I/DownloadManagerWrapper(  949): onReceive() : Charging = true
I/DownloadManagerWrapper(  949): onReceive() : Charging = true
E/WifiStateMachine(  594): WifiStateMachine CMD_START_SCAN source -2 txSuccessRate=4.84 rxSuccessRate=6.60 targetRoamBSSID=any RSSI=-41
I/org.umd.logging( 4986): Method > 1 com.cleanmaster.base.crash.util.debug.b.run(com.cleanmaster.base.crash.util.debug.b@453239735)
I/org.umd.logging( 4986): Method < 1 com.cleanmaster.base.crash.util.debug.b.run()
