--------- beginning of system
I/ActivityManager(  594): START u0 {act=android.intent.action.MAIN cat=[android.intent.category.LAUNCHER] flg=0x10200000 cmp=com.tractiongames.stickbmxfree/com.prime31.UnityPlayerNativeActivity (has extras)} from uid 10014 on display 0
V/WindowManager(  594): addAppToken: AppWindowToken{2180eaf4 token=Token{2e5654c7 ActivityRecord{a28c606 u0 com.tractiongames.stickbmxfree/com.prime31.UnityPlayerNativeActivity t28}}} to stack=1 task=28 at 0
--------- beginning of main
D/audio_hw_primary(  190): select_devices: out_snd_device(2: speaker) in_snd_device(0: none)
D/ACDB-LOADER(  190): ACDB -> send_afe_cal
D/audio_hw_primary(  190): enable_snd_device: snd_device(2: speaker)
D/audio_hw_primary(  190): enable_audio_route: apply and update mixer path: low-latency-playback
V/WindowManager(  594): Adding window Window{2ef2e7d5 u0 Starting com.tractiongames.stickbmxfree} at 3 of 9 (after Window{1c6549af u0 com.android.launcher/com.android.launcher2.Launcher})
I/ActivityManager(  594): Start proc 6890:com.tractiongames.stickbmxfree/u0a232 for activity com.tractiongames.stickbmxfree/com.prime31.UnityPlayerNativeActivity
V/ActivityManager(  594): Display changed displayId=0
I/ActivityManager(  594): Config changes=480 {1.0 310mcc?mnc en_US ?layoutDir sw384dp w598dp h359dp 320dpi nrml land finger -keyb/v/h -nav/h s.16}
I/InputReader(  594): Reconfiguring input devices.  changes=0x00000004
I/InputReader(  594): Device reconfigured: id=6, name='touch_dev', size 768x1280, orientation 1, mode 1, display id 0
I/org.umd.logging( 6890): Method > 1 com.prime31.UnityPlayerNativeActivity.onCreate(com.prime31.UnityPlayerNativeActivity@410649080<activity=true>, null)
I/org.umd.logging( 6890): Method > 1 com.unity3d.player.UnityPlayerNativeActivity.onCreate(com.prime31.UnityPlayerNativeActivity@410649080<activity=true>, null)
W/linker  ( 6890): libunity.so: unused DT entry: type 0x6ffffffe arg 0x202c0
W/linker  ( 6890): libunity.so: unused DT entry: type 0x6fffffff arg 0x1
I/DownloadManagerWrapper(  949): onReceive() : Charging = true
I/org.umd.logging( 6890): Api > 1 java.lang.Thread.start(com.unity3d.player.UnityPlayer$a@100570382<thread=2052>)
I/org.umd.logging( 6890): Api < 1 java.lang.Thread.start()
I/org.umd.logging( 6890): Method < 1 com.unity3d.player.UnityPlayerNativeActivity.onCreate()
I/org.umd.logging( 6890): Method > 1 com.prime31.ActivityProxyObjectHelper.onCreate(com.prime31.ActivityProxyObjectHelper@500016444, null)
I/Prime31 ( 6890): found Activity proxy class: class com.upsight.unity.UpsightPlugin
I/Prime31 ( 6890): found Activity proxy class: class com.prime31.ChartboostPlugin
I/Prime31 ( 6890): found Activity proxy class: class com.prime31.FlurryPlugin
I/org.umd.logging( 6890): Method < 1 com.prime31.ActivityProxyObjectHelper.onCreate()
I/org.umd.logging( 6890): Method < 1 com.prime31.UnityPlayerNativeActivity.onCreate()
I/org.umd.logging( 6890): Method > 1 com.prime31.UnityPlayerNativeActivity.onStart(com.prime31.UnityPlayerNativeActivity@410649080<activity=true>)
I/org.umd.logging( 6890): Method > 1 com.prime31.ChartboostPlugin.onStart()
I/org.umd.logging( 6890): Method < 1 com.prime31.ChartboostPlugin.onStart()
I/org.umd.logging( 6890): Method > 1 com.prime31.FlurryPlugin.onStart()
I/org.umd.logging( 6890): Method < 1 com.prime31.FlurryPlugin.onStart()
I/org.umd.logging( 6890): Method < 1 com.prime31.UnityPlayerNativeActivity.onStart()
I/org.umd.logging( 6890): Method > 1 com.prime31.UnityPlayerNativeActivity.onResume(com.prime31.UnityPlayerNativeActivity@410649080<activity=true>)
I/org.umd.logging( 6890): Method > 1 com.unity3d.player.UnityPlayerNativeActivity.onResume(com.prime31.UnityPlayerNativeActivity@410649080<activity=true>)
I/org.umd.logging( 6890): Method < 1 com.unity3d.player.UnityPlayerNativeActivity.onResume()
I/org.umd.logging( 6890): Method > 1 com.prime31.ChartboostPlugin.onResume()
I/org.umd.logging( 6890): Method < 1 com.prime31.ChartboostPlugin.onResume()
I/org.umd.logging( 6890): Method < 1 com.prime31.UnityPlayerNativeActivity.onResume()
D/OpenGLRenderer( 6890): Use EGL_SWAP_BEHAVIOR_PRESERVED: true
D/Atlas   ( 6890): Validating map...
V/WindowManager(  594): Adding window Window{20aef924 u0 com.tractiongames.stickbmxfree/com.prime31.UnityPlayerNativeActivity} at 3 of 10 (before Window{2ef2e7d5 u0 Starting com.tractiongames.stickbmxfree})
I/Adreno-EGL( 6890): <qeglDrvAPI_eglInitialize:379>: QUALCOMM Build: 01/15/15, ab0075f, Id3510ff6dc
I/OpenGLRenderer( 6890): Initialized EGL, version 1.4
D/OpenGLRenderer( 6890): Enabling debug mode 0
V/WindowManager(  594): Adding window Window{2e47ee42 u0 SurfaceView} at 3 of 11 (before Window{20aef924 u0 com.tractiongames.stickbmxfree/com.prime31.UnityPlayerNativeActivity})
I/org.umd.logging( 6890): Api > 1 java.lang.Thread.start(java.lang.Thread@755895115<thread=2055>)
I/org.umd.logging( 6890): Api < 1 java.lang.Thread.start()
I/org.umd.logging( 6890): Method > 2055 org.fmod.FMODAudioDevice.run(org.fmod.FMODAudioDevice@162533671)
V/WindowManager(  594): Layouts looping: On entry to LockedInner, mPendingLayoutChanges = 0x1
V/WindowManager(  594): Layouts looping: loop number 4, mPendingLayoutChanges = 0x0
V/WindowManager(  594): Layouts looping: after finishPostLayoutPolicyLw, mPendingLayoutChanges = 0x0
V/WindowManager(  594): Layouts looping: mLayoutNeeded, mPendingLayoutChanges = 0x1
V/WindowManager(  594): Layouts looping: On entry to LockedInner, mPendingLayoutChanges = 0x1
V/WindowManager(  594): Layouts looping: loop number 5, mPendingLayoutChanges = 0x0
V/WindowManager(  594): Layouts looping: after finishPostLayoutPolicyLw, mPendingLayoutChanges = 0x0
V/WindowManager(  594): Layouts looping: mLayoutNeeded, mPendingLayoutChanges = 0x1
E/WindowManager(  594): Performed 6 layouts in a row. Skipping
I/ActivityManager(  594): Displayed com.tractiongames.stickbmxfree/com.prime31.UnityPlayerNativeActivity: +1s158ms
W/IInputConnectionWrapper( 1054): showStatusIcon on inactive InputConnection
I/WindowManager(  594): Screen frozen for +1s145ms due to Window{20aef924 u0 com.tractiongames.stickbmxfree/com.prime31.UnityPlayerNativeActivity}
E/Cataloger( 6490): syncFile:/storage/emulated/0/2016-12-13_05:07:21.882.jpg
W/ResourceType( 6890): No known package when getting name for resource number 0xffffffff
I/org.umd.logging( 6890): Method > 2052 com.unity3d.player.UnityPlayer.executeGLThreadJobs(com.unity3d.player.UnityPlayer@1021302337<file=2016-12-13_05:07:21.882><x=0><y=0><width=1196><height=768><id=-1>)
I/org.umd.logging( 6890): Method > 2052 com.unity3d.player.UnityPlayer$b.run(com.unity3d.player.UnityPlayer$12$1@538088829)
I/org.umd.logging( 6890): Method < 2052 com.unity3d.player.UnityPlayer$b.run()
E/Cataloger( 6490): syncFile:/storage/emulated/0/2016-12-13_05:07:21.882.jpg
E/Cataloger( 6490): syncFile:/storage/emulated/0/2016-12-13_05:07:22.111.jpg
W/ResourceType( 6890): No known package when getting name for resource number 0xffffffff
I/org.umd.logging( 6890): Method > 2052 com.unity3d.player.UnityPlayer.executeGLThreadJobs(com.unity3d.player.UnityPlayer@1021302337<file=2016-12-13_05:07:22.111><x=0><y=0><width=1196><height=768><id=-1>)
I/org.umd.logging( 6890): Method > 2052 com.unity3d.player.UnityPlayer$16.run(com.unity3d.player.UnityPlayer$16@1015191747)
I/org.umd.logging( 6890): Method < 2052 com.unity3d.player.UnityPlayer$16.run()
E/Cataloger( 6490): syncFile:/storage/emulated/0/2016-12-13_05:07:22.111.jpg
E/Cataloger( 6490): syncFile:/storage/emulated/0/2016-12-13_05:07:22.288.jpg
W/ResourceType( 6890): No known package when getting name for resource number 0xffffffff
I/org.umd.logging( 6890): Method > 2052 com.unity3d.player.UnityPlayer.executeGLThreadJobs(com.unity3d.player.UnityPlayer@1021302337<file=2016-12-13_05:07:22.288><x=0><y=0><width=1196><height=768><id=-1>)
I/org.umd.logging( 6890): Method > 2052 com.unity3d.player.UnityPlayer$15.run(com.unity3d.player.UnityPlayer$15@649596025)
I/org.umd.logging( 6890): Method < 2052 com.unity3d.player.UnityPlayer$15.run()
E/Cataloger( 6490): syncFile:/storage/emulated/0/2016-12-13_05:07:22.288.jpg
E/Cataloger( 6490): syncFile:/storage/emulated/0/2016-12-13_05:07:22.479.jpg
W/ResourceType( 6890): No known package when getting name for resource number 0xffffffff
I/org.umd.logging( 6890): Method > 2052 com.unity3d.player.UnityPlayer.executeGLThreadJobs(com.unity3d.player.UnityPlayer@1021302337<file=2016-12-13_05:07:22.479><x=0><y=0><width=1196><height=768><id=-1>)
I/org.umd.logging( 6890): Method < 2052 com.unity3d.player.UnityPlayer.executeGLThreadJobs()
E/Cataloger( 6490): syncFile:/storage/emulated/0/2016-12-13_05:07:22.479.jpg
W/Adreno-EGL( 6890): <qeglDrvAPI_eglGetConfigAttrib:607>: EGL_BAD_ATTRIBUTE
W/Adreno-EGL( 6890): <qeglDrvAPI_eglGetConfigAttrib:607>: EGL_BAD_ATTRIBUTE
D/Unity   ( 6890): GL_AMD_compressed_ATC_texture GL_AMD_performance_monitor GL_AMD_program_binary_Z400 GL_EXT_debug_label GL_EXT_debug_marker GL_EXT_discard_framebuffer GL_EXT_robustness GL_EXT_texture_format_BGRA8888 GL_EXT_texture_type_2_10_10_10_REV GL_NV_fence GL_OES_compressed_ETC1_RGB8_texture GL_OES_depth_texture GL_OES_depth24 GL_OES_EGL_image GL_OES_EGL_sync GL_OES_EGL_image_external GL_OES_element_index_uint GL_OES_fbo_render_mipmap GL_OES_fragment_precision_high GL_OES_get_program_binary GL_OES_packed_depth_stencil GL_OES_depth_texture_cube_map GL_OES_rgb8_rgba8 GL_OES_standard_derivatives GL_OES_texture_3D GL_OES_texture_float GL_OES_texture_half_float GL_OES_texture_half_float_linear GL_OES_texture_npot GL_OES_vertex_half_float GL_OES_vertex_type_10_10_10_2 GL_OES_vertex_array_object GL_QCOM_alpha_test GL_QCOM_binning_control GL_QCOM_driver_control GL_QCOM_perfmon_global_mode GL_QCOM_extended_get GL_QCOM_extended_get2 GL_QCOM_tiled_rendering GL_QCOM_writeonly_rendering GL_EXT_sRGB GL_EXT_sRGB_write_control GL_EXT_
D/Unity   ( 6890): texture_sRGB_decode GL_EXT_multisampled_render_to_texture GL_EXT_color_buffer_float GL_EXT_color_buffer_half_float GL_EXT_disjoint_timer_query 
W/libc    ( 6890): pthread_create sched_setscheduler call failed: Operation not permitted
E/Cataloger( 6490): syncFile:/storage/emulated/0/2016-12-13_05:07:23.044.jpg
I/DownloadManagerWrapper(  949): onReceive() : Charging = true
I/DownloadManagerWrapper(  949): onReceive() : Charging = true
I/DownloadManagerWrapper(  949): onReceive() : Charging = true
W/ResourceType( 6890): No known package when getting name for resource number 0xffffffff
I/org.umd.logging( 6890): Method > 2052 com.unity3d.player.UnityPlayer.executeGLThreadJobs(com.unity3d.player.UnityPlayer@1021302337<file=2016-12-13_05:07:23.044><x=0><y=0><width=1196><height=768><id=-1>)
I/org.umd.logging( 6890): Method < 2052 com.unity3d.player.UnityPlayer.executeGLThreadJobs()
E/Cataloger( 6490): syncFile:/storage/emulated/0/2016-12-13_05:07:23.044.jpg
I/org.umd.logging( 6890): Method > 1 com.unity3d.player.UnityPlayer$17.run(com.unity3d.player.UnityPlayer$17@57409055)
I/org.umd.logging( 6890): Method < 1 com.unity3d.player.UnityPlayer$17.run()
W/Unity   ( 6890): The referenced script on this Behaviour is missing!
W/Unity   ( 6890):  
W/Unity   ( 6890): (Filename:  Line: 1783)
W/Unity   ( 6890): 
I/org.umd.logging( 6890): Method > 1 com.unity3d.player.UnityPlayer$18.run(com.unity3d.player.UnityPlayer$18@1067710261)
I/org.umd.logging( 6890): Method < 1 com.unity3d.player.UnityPlayer$18.run()
E/Cataloger( 6490): syncFile:/storage/emulated/0/2016-12-13_05:07:23.684.jpg
W/ResourceType( 6890): No known package when getting name for resource number 0xffffffff
I/org.umd.logging( 6890): Method > 2052 com.unity3d.player.UnityPlayer.executeGLThreadJobs(com.unity3d.player.UnityPlayer@1021302337<file=2016-12-13_05:07:23.684><x=0><y=0><width=1196><height=768><id=-1>)
I/org.umd.logging( 6890): Method < 2052 com.unity3d.player.UnityPlayer.executeGLThreadJobs()
W/SensorService(  594): sensor 00000000 already enabled in connection 0xb8ed4430 (ignoring)
E/Cataloger( 6490): syncFile:/storage/emulated/0/2016-12-13_05:07:23.684.jpg
I/org.umd.logging( 6890): Method > 2052 com.prime31.FlurryPlugin.onStartSession(com.prime31.FlurryPlugin@882402966, "YD9YFKQLLVFVZRF9SKLL", false, false)
I/org.umd.logging( 6890): Method > 2052 com.prime31.FlurryPluginBase.runSafelyOnUiThread(com.prime31.FlurryPlugin@882402966, com.prime31.FlurryPlugin$1@721446404)
I/org.umd.logging( 6890): Method > 2052 com.prime31.FlurryPluginBase.runSafelyOnUiThread(com.prime31.FlurryPlugin@882402966, com.prime31.FlurryPlugin$1@721446404, null)
I/org.umd.logging( 6890): Method < 2052 com.prime31.FlurryPluginBase.runSafelyOnUiThread()
I/org.umd.logging( 6890): Method < 2052 com.prime31.FlurryPluginBase.runSafelyOnUiThread()
I/org.umd.logging( 6890): Method > 1 com.prime31.FlurryPluginBase$1.run(com.prime31.FlurryPluginBase$1@183260706)
I/org.umd.logging( 6890): Method > 1 com.prime31.FlurryPlugin$1.run(com.prime31.FlurryPlugin$1@721446404)
I/org.umd.logging( 6890): Method < 2052 com.prime31.FlurryPlugin.onStartSession()
I/Unity   ( 6890): INIT IN START SCRIPT HERE
I/Unity   ( 6890):  
I/Unity   ( 6890): (Filename: ./artifacts/AndroidManagedGenerated/UnityEngineDebug.cpp Line: 49)
I/Unity   ( 6890): 
I/org.umd.logging( 6890): Api > 1 android.os.HandlerThread.start(android.os.HandlerThread@798863982<thread=2058>)
I/org.umd.logging( 6890): Api < 1 android.os.HandlerThread.start()
I/Unity   ( 6890): ********************** REQUESTING ANDROID BANNER *********************
I/Unity   ( 6890):  
I/Unity   ( 6890): (Filename: ./artifacts/AndroidManagedGenerated/UnityEngineDebug.cpp Line: 49)
I/Unity   ( 6890): 
I/org.umd.logging( 6890): Method > 2052 com.prime31.AdMobPluginBase.runSafelyOnUiThread(com.prime31.AdMobPlugin@26651919, com.prime31.AdMobPlugin$5@4331429)
I/org.umd.logging( 6890): Method < 2052 com.prime31.AdMobPluginBase.runSafelyOnUiThread()
I/org.umd.logging( 6890): Api > 1 android.net.ConnectivityManager.getActiveNetworkInfo(android.net.ConnectivityManager@832244523)
I/org.umd.logging( 6890): Api < 1 android.net.ConnectivityManager.getActiveNetworkInfo(android.net.NetworkInfo@969627700)
I/org.umd.logging( 6890): Api > 1 android.net.ConnectivityManager.getActiveNetworkInfo(android.net.ConnectivityManager@832244523)
I/org.umd.logging( 6890): Api < 1 android.net.ConnectivityManager.getActiveNetworkInfo(android.net.NetworkInfo@1017943645)
I/org.umd.logging( 6890): Method > 2058 com.flurry.sdk.ff.run(com.flurry.sdk.dj$1@950090585)
I/art     ( 6890): Rejecting re-init on previously-failed class java.lang.Class<com.flurry.sdk.bo>
I/art     ( 6890): Rejecting re-init on previously-failed class java.lang.Class<com.flurry.sdk.bo>
I/art     (  594): Explicit concurrent mark sweep GC freed 10213(518KB) AllocSpace objects, 4(1391KB) LOS objects, 33% free, 24MB/37MB, paused 2.014ms total 145.887ms
I/art     ( 6890): Rejecting re-init on previously-failed class java.lang.Class<com.flurry.sdk.bm>
I/art     ( 6890): Rejecting re-init on previously-failed class java.lang.Class<com.flurry.sdk.bm>
I/WebViewFactory( 6890): Loading com.google.android.webview version 54.0.2840.85 (code 284008500)
I/art     ( 6890): Rejecting re-init on previously-failed class java.lang.Class<com.android.webview.chromium.TokenBindingManagerAdapter>
I/art     ( 6890): Rejecting re-init on previously-failed class java.lang.Class<com.android.webview.chromium.TokenBindingManagerAdapter>
I/art     ( 6890): Rejecting re-init on previously-failed class java.lang.Class<com.android.webview.chromium.ServiceWorkerControllerAdapter>
I/art     ( 6890): Rejecting re-init on previously-failed class java.lang.Class<com.android.webview.chromium.ServiceWorkerControllerAdapter>
I/cr_LibraryLoader( 6890): Time to load native libraries: 1 ms (timestamps 5242-5243)
I/cr_LibraryLoader( 6890): Expected native library version number "54.0.2840.85", actual native library version number "54.0.2840.85"
I/cr_LibraryLoader( 6890): Expected native library version number "54.0.2840.85", actual native library version number "54.0.2840.85"
I/chromium( 6890): [INFO:library_loader_hooks.cc(151)] Chromium logging enabled: level = 0, default verbosity = 0
I/cr_BrowserStartup( 6890): Initializing chromium process, singleProcess=true
E/WifiStateMachine(  594): WifiStateMachine CMD_START_SCAN source -2 txSuccessRate=0.16 rxSuccessRate=0.08 targetRoamBSSID=any RSSI=-40
W/FlurryAgent( 6890): Start session with context: com.prime31.UnityPlayerNativeActivity@187a01f8 count:0
I/org.umd.logging( 6890): Api > 1 android.location.LocationManager.getBestProvider(android.location.LocationManager@403650148, android.location.Criteria@203001218, true)
I/org.umd.logging( 6890): Api < 1 android.location.LocationManager.getBestProvider(null)
I/org.umd.logging( 6890): Api > 1 android.content.Intent.setData(android.content.Intent@968578256, android.net.Uri$StringUri@877649647<URI=market://details?id=com.tractiongames.stickbmxfree>)
I/org.umd.logging( 6890): Api < 1 android.content.Intent.setData()
I/org.umd.logging( 6890): Method < 1 com.prime31.FlurryPlugin$1.run()
I/org.umd.logging( 6890): Method < 1 com.prime31.FlurryPluginBase$1.run()
I/org.umd.logging( 6890): Method > 1 com.prime31.AdMobPluginBase$1.run(com.prime31.AdMobPluginBase$1@100158597)
I/org.umd.logging( 6890): Method > 1 com.prime31.AdMobPlugin$5.run(com.prime31.AdMobPlugin$5@4331429)
W/ResourcesManager( 6890): Asset path '/system/framework/com.android.media.remotedisplay.jar' does not exist or contains no resources.
W/ResourcesManager( 6890): Asset path '/system/framework/com.android.location.provider.jar' does not exist or contains no resources.
D/DynamitePackage( 6890): Instantiated singleton DynamitePackage.
D/DynamitePackage( 6890): Instantiating com.google.android.gms.ads.ChimeraAdManagerCreatorImpl
E/Cataloger( 6490): syncFile:/storage/emulated/0/Android/data/com.tractiongames.stickbmxfree/files/PlayerPrefs.txt
E/Cataloger( 6490): syncFile:/storage/emulated/0/Android/data/com.tractiongames.stickbmxfree/files/PlayerPrefs.txt
I/DynamiteModule( 6890): Considering local module com.google.android.gms.piccard.dynamite:0 and remote module com.google.android.gms.piccard.dynamite:9
I/DynamiteModule( 6890): Selected remote version of com.google.android.gms.piccard.dynamite, version >= 9
E/DynamiteModule( 6890): Failed to load DynamiteLoader: java.lang.ClassNotFoundException: Didn't find class "com.google.android.gms.dynamite.DynamiteModule$DynamiteLoaderClassLoader" on path: DexPathList[[zip file "/data/app/com.tractiongames.stickbmxfree-1/base.apk"],nativeLibraryDirectories=[/data/app/com.tractiongames.stickbmxfree-1/lib/arm, /vendor/lib, /system/lib]]
W/DynamiteModule( 6890): Failed to load remote module: Failed to get module context
W/DynamiteModule( 6890): Failed to load module via fast routeajo: Remote load failed. No local fallback found.
I/org.umd.logging( 4986): Method > 1 com.cleanmaster.base.crash.util.debug.b.run(com.cleanmaster.base.crash.util.debug.b@453239735)
I/org.umd.logging( 4986): Method < 1 com.cleanmaster.base.crash.util.debug.b.run()
I/DynamiteModule( 6890): Considering local module com.google.android.gms.piccard.dynamite:0 and remote module com.google.android.gms.piccard.dynamite:9
I/DynamiteModule( 6890): Selected remote version of com.google.android.gms.piccard.dynamite, version >= 9
I/org.umd.logging( 6890): Method > 2052 com.prime31.ChartboostPluginBase.runSafelyOnUiThread(com.prime31.ChartboostPlugin@121528565, com.prime31.ChartboostPlugin$7@399457531)
I/org.umd.logging( 6890): Method > 2052 com.prime31.ChartboostPluginBase.runSafelyOnUiThread(com.prime31.ChartboostPlugin@121528565, com.prime31.ChartboostPlugin$7@399457531, null)
I/org.umd.logging( 6890): Method < 2052 com.prime31.ChartboostPluginBase.runSafelyOnUiThread()
I/org.umd.logging( 6890): Method < 2052 com.prime31.ChartboostPluginBase.runSafelyOnUiThread()
I/org.umd.logging( 6890): Method > 2052 com.upsight.unity.AbstractUpsightPlugin.runSafelyOnUiThread(com.upsight.unity.UpsightPlugin@1050824819, com.upsight.unity.UpsightPlugin$2@932856745)
I/org.umd.logging( 6890): Method < 2052 com.upsight.unity.AbstractUpsightPlugin.runSafelyOnUiThread()
I/Unity   ( 6890): INIT IN UPSIGHT MANAGER HERE
I/Unity   ( 6890):  
I/Unity   ( 6890): (Filename: ./artifacts/AndroidManagedGenerated/UnityEngineDebug.cpp Line: 49)
I/Unity   ( 6890): 
I/PlayHaven( 6890): PlayHaven plugin identifier set: android-unity-3.0.1
I/PlayHaven( 6890): PlayHaven initialized: 2.2.4-2.2.4-16-g12d444f 2014-07-01 19:06 
I/Ads     ( 6890): Starting ad request.
I/org.umd.logging( 6890): Api > 2052 java.lang.Thread.start(java.lang.Thread@53113189<thread=2085>)
I/org.umd.logging( 6890): Api < 2052 java.lang.Thread.start()
I/org.umd.logging( 6890): Method > 2085 com.playhaven.android.req.PlayHavenRequest$1.run(com.playhaven.android.req.PlayHavenRequest$1@879057643)
I/Ads     ( 6890): Use AdRequest.Builder.addTestDevice("1F480C9603A7924489313051413E5A68") to get test ads on this device.
I/org.umd.logging( 6890): Api > 2085 android.net.ConnectivityManager.getNetworkInfo(android.net.ConnectivityManager@765296712, 1)
I/org.umd.logging( 6890): Api < 2085 android.net.ConnectivityManager.getNetworkInfo(android.net.NetworkInfo@685096673)
I/Ads     ( 6890): Please set theme of AdActivity to @android:style/Theme.Translucent to enable transparent background interstitial ad.
I/VideoCapabilities( 6890): Unsupported profile 4 for video/mp4v-es
I/org.umd.logging( 6890): Method < 1 com.prime31.AdMobPlugin$5.run()
I/org.umd.logging( 6890): Method < 1 com.prime31.AdMobPluginBase$1.run()
I/org.umd.logging( 6890): Method > 1 com.flurry.sdk.ev.onReceive(com.flurry.sdk.ev@703837347, android.app.Application@339381202, android.content.Intent@489913813<action=android.net.conn.CONNECTIVITY_CHANGE><data=null><package=null><component=null><type=null><filter_hashcode=-1172645946><networkInfo=None><networkType=None><inetCondition=None><extraInfo=None><umd_Intent_key=None>)
I/org.umd.logging( 6890): Api > 1 android.net.ConnectivityManager.getActiveNetworkInfo(android.net.ConnectivityManager@832244523)
I/org.umd.logging( 6890): Api < 1 android.net.ConnectivityManager.getActiveNetworkInfo(android.net.NetworkInfo@117549546)
I/org.umd.logging( 6890): Method < 1 com.flurry.sdk.ev.onReceive()
I/org.umd.logging( 6890): Method < 2058 com.flurry.sdk.ff.run()
I/org.umd.logging( 6890): Method > 2058 com.flurry.sdk.ff.run(com.flurry.sdk.dj$2@232098680)
I/org.umd.logging( 6890): Method < 2058 com.flurry.sdk.ff.run()
I/org.umd.logging( 6890): Method > 2058 com.flurry.sdk.ff.run(com.flurry.sdk.dj$3@453239735)
I/org.umd.logging( 6890): Method < 2058 com.flurry.sdk.ff.run()
I/org.umd.logging( 6890): Method > 2058 com.flurry.sdk.ff.run(com.flurry.sdk.dj$4@132711507)
I/org.umd.logging( 6890): Method < 2058 com.flurry.sdk.ff.run()
I/org.umd.logging( 6890): Method > 2058 com.flurry.sdk.ff.run(com.flurry.sdk.dj$5@980953742)
I/org.umd.logging( 6890): Method < 2058 com.flurry.sdk.ff.run()
I/org.umd.logging( 6890): Method > 2058 com.flurry.sdk.ff.run(com.flurry.sdk.de$1@76580421)
I/org.umd.logging( 6890): Method < 2058 com.flurry.sdk.ff.run()
I/org.umd.logging( 6890): Method > 2058 com.flurry.sdk.ff.run(com.flurry.sdk.de$3@630368971)
I/org.umd.logging( 6890): Method < 2058 com.flurry.sdk.ff.run()
I/org.umd.logging( 6890): Method > 2058 com.flurry.sdk.ff.run(com.flurry.sdk.de$1@327074472)
I/org.umd.logging( 6890): Method < 2058 com.flurry.sdk.ff.run()
I/org.umd.logging( 6890): Method > 2058 com.flurry.sdk.ff.run(com.flurry.sdk.de$3@574112193)
D/ConnectivityService(  594): listenForNetwork for NetworkRequest [ id=51, legacyType=-1, [ Capabilities: INTERNET&NOT_RESTRICTED&TRUSTED] ]
I/org.umd.logging( 6890): Method < 2058 com.flurry.sdk.ff.run()
D/ConnectivityService(  594): handleRegisterNetworkRequest checking NetworkAgentInfo [WIFI () - 102]
D/ConnectivityService(  594): apparently satisfied.  currentScore=60
I/org.umd.logging( 6890): Method > 2058 com.flurry.sdk.ff.run(com.flurry.android.impl.ads.FlurryAdModule$1@312420519)
I/org.umd.logging( 6890): Method < 2058 com.flurry.sdk.ff.run()
D/ConnectivityManager.CallbackHandler( 6890): CM callback handler got msg 524290
I/org.umd.logging( 6890): Method > 2058 com.flurry.sdk.ff.run(com.flurry.android.impl.ads.FlurryAdModule$12@1040951363)
I/org.umd.logging( 6890): Method < 2058 com.flurry.sdk.ff.run()
I/org.umd.logging( 6890): Method > 2058 com.flurry.sdk.ff.run(com.flurry.android.impl.ads.FlurryAdModule$17@172124153)
I/org.umd.logging( 6890): Method > 1 com.prime31.ChartboostPluginBase$1.run(com.prime31.ChartboostPluginBase$1@959874463)
I/org.umd.logging( 6890): Method > 1 com.prime31.ChartboostPlugin$7.run(com.prime31.ChartboostPlugin$7@399457531)
I/org.umd.logging( 6890): Method < 2058 com.flurry.sdk.ff.run()
I/org.umd.logging( 6890): Method > 2058 com.flurry.sdk.ff.run(com.flurry.android.impl.ads.FlurryAdModule$18@592733514)
I/org.umd.logging( 6890): Method < 2058 com.flurry.sdk.ff.run()
I/org.umd.logging( 6890): Method > 2058 com.flurry.sdk.ff.run(com.flurry.sdk.de$2@54273496)
I/org.umd.logging( 6890): Method < 2058 com.flurry.sdk.ff.run()
I/org.umd.logging( 6890): Method > 2058 com.flurry.sdk.ff.run(com.flurry.sdk.de$3@288628017)
I/org.umd.logging( 6890): Api > 1 java.lang.Thread.start(com.chartboost.sdk.impl.c@389662596<thread=2096>)
I/org.umd.logging( 6890): Api < 1 java.lang.Thread.start()
I/org.umd.logging( 6890): Api > 1 java.lang.Thread.start(com.chartboost.sdk.impl.g@639390626<thread=2097>)
I/org.umd.logging( 6890): Api < 1 java.lang.Thread.start()
I/org.umd.logging( 6890): Api > 1 java.lang.Thread.start(com.chartboost.sdk.impl.g@752298035<thread=2098>)
I/org.umd.logging( 6890): Api < 1 java.lang.Thread.start()
I/org.umd.logging( 6890): Api > 1 java.lang.Thread.start(com.chartboost.sdk.impl.g@810407920<thread=2099>)
I/org.umd.logging( 6890): Api < 1 java.lang.Thread.start()
I/org.umd.logging( 6890): Api > 1 java.lang.Thread.start(com.chartboost.sdk.impl.g@1016086889<thread=2100>)
I/org.umd.logging( 6890): Api < 1 java.lang.Thread.start()
I/org.umd.logging( 6890): Method < 2058 com.flurry.sdk.ff.run()
I/org.umd.logging( 6890): Method > 2058 com.flurry.sdk.ff.run(com.flurry.sdk.t$a$1@343454970)
I/org.umd.logging( 6890): Api > 1 android.net.ConnectivityManager.getActiveNetworkInfo(android.net.ConnectivityManager@832244523)
I/org.umd.logging( 6890): Method > 2098 com.chartboost.sdk.impl.g.run(com.chartboost.sdk.impl.g@752298035<thread=2098>)
I/org.umd.logging( 6890): Api < 1 android.net.ConnectivityManager.getActiveNetworkInfo(android.net.NetworkInfo@837118635)
I/org.umd.logging( 6890): Method > 2099 com.chartboost.sdk.impl.g.run(com.chartboost.sdk.impl.g@810407920<thread=2099>)
I/org.umd.logging( 6890): Method > 2100 com.chartboost.sdk.impl.g.run(com.chartboost.sdk.impl.g@1016086889<thread=2100>)
I/org.umd.logging( 6890): Method > 2097 com.chartboost.sdk.impl.g.run(com.chartboost.sdk.impl.g@639390626<thread=2097>)
I/org.umd.logging( 6890): Method > 2096 com.chartboost.sdk.impl.c.run(com.chartboost.sdk.impl.c@389662596<thread=2096>)
I/org.umd.logging( 6890): Method > 2101 com.flurry.sdk.ff.run(com.flurry.sdk.eg$1$1@592819361)
I/org.umd.logging( 6890): Method < 2101 com.flurry.sdk.ff.run()
I/org.umd.logging( 6890): Method > 2101 com.flurry.sdk.ff.run(com.flurry.sdk.el@684856463)
I/org.umd.logging( 6890): Method > 2103 com.chartboost.sdk.Libraries.c$1.run(com.chartboost.sdk.Libraries.c$1@494402013)
I/org.umd.logging( 6890): Method > 1 com.chartboost.sdk.Chartboost.onCreate(com.prime31.UnityPlayerNativeActivity@410649080<activity=true>)
E/Cataloger( 6490): syncFile:/storage/emulated/0/2016-12-13_05:07:24.741.jpg
I/org.umd.logging( 6890): Method < 1 com.chartboost.sdk.Chartboost.onCreate()
I/org.umd.logging( 6890): Method > 1 com.chartboost.sdk.Chartboost.onStart(com.prime31.UnityPlayerNativeActivity@410649080<activity=true>)
W/ActivityManager(  594): getRunningAppProcesses: caller 10232 does not hold REAL_GET_TASKS; limiting output
I/org.umd.logging( 6890): Api > 1 java.lang.Thread.start(com.chartboost.sdk.impl.c@29944652<thread=2104>)
I/org.umd.logging( 6890): Api < 1 java.lang.Thread.start()
I/org.umd.logging( 6890): Api > 1 java.lang.Thread.start(com.chartboost.sdk.impl.g@50694037<thread=2105>)
I/org.umd.logging( 6890): Api < 1 java.lang.Thread.start()
I/org.umd.logging( 6890): Api > 1 java.lang.Thread.start(com.chartboost.sdk.impl.g@719868074<thread=2106>)
I/org.umd.logging( 6890): Api < 1 java.lang.Thread.start()
I/org.umd.logging( 6890): Api > 1 java.lang.Thread.start(com.chartboost.sdk.impl.g@452613275<thread=2107>)
I/org.umd.logging( 6890): Api < 1 java.lang.Thread.start()
I/org.umd.logging( 6890): Api > 1 java.lang.Thread.start(com.chartboost.sdk.impl.g@222261304<thread=2108>)
I/org.umd.logging( 6890): Api < 1 java.lang.Thread.start()
I/org.umd.logging( 6890): Api > 1 android.os.CountDownTimer.start(com.chartboost.sdk.impl.bb$1@647995255)
I/org.umd.logging( 6890): Api < 1 android.os.CountDownTimer.start(com.chartboost.sdk.impl.bb$1@647995255)
I/org.umd.logging( 6890): Method > 2105 com.chartboost.sdk.impl.g.run(com.chartboost.sdk.impl.g@50694037<thread=2105>)
I/org.umd.logging( 6890): Method > 2108 com.chartboost.sdk.impl.g.run(com.chartboost.sdk.impl.g@222261304<thread=2108>)
I/org.umd.logging( 6890): Method > 2104 com.chartboost.sdk.impl.c.run(com.chartboost.sdk.impl.c@29944652<thread=2104>)
I/org.umd.logging( 6890): Method < 2096 com.chartboost.sdk.impl.c.run()
I/org.umd.logging( 6890): Method > 2106 com.chartboost.sdk.impl.g.run(com.chartboost.sdk.impl.g@719868074<thread=2106>)
I/org.umd.logging( 6890): Method < 2098 com.chartboost.sdk.impl.g.run()
I/org.umd.logging( 6890): Method < 2097 com.chartboost.sdk.impl.g.run()
I/org.umd.logging( 6890): Method < 2100 com.chartboost.sdk.impl.g.run()
I/org.umd.logging( 6890): Method > 2107 com.chartboost.sdk.impl.g.run(com.chartboost.sdk.impl.g@452613275<thread=2107>)
I/org.umd.logging( 6890): Method < 2099 com.chartboost.sdk.impl.g.run()
I/org.umd.logging( 6890): Method < 1 com.chartboost.sdk.Chartboost.onStart()
I/org.umd.logging( 6890): Method < 1 com.prime31.ChartboostPlugin$7.run()
I/org.umd.logging( 6890): Method < 1 com.prime31.ChartboostPluginBase$1.run()
I/org.umd.logging( 6890): Method > 1 com.upsight.unity.AbstractUpsightPlugin$2.run(com.upsight.unity.AbstractUpsightPlugin$2@855883644)
I/org.umd.logging( 6890): Method > 1 com.upsight.unity.UpsightPlugin$2.run(com.upsight.unity.UpsightPlugin$2@932856745)
I/PlayHaven( 6890): placement [phmenu1start] dimensions: {}
I/org.umd.logging( 6890): Api > 1 java.lang.Thread.start(java.lang.Thread@638466138<thread=2110>)
I/org.umd.logging( 6890): Api < 1 java.lang.Thread.start()
I/org.umd.logging( 6890): Method < 1 com.upsight.unity.UpsightPlugin$2.run()
I/org.umd.logging( 6890): Method < 1 com.upsight.unity.AbstractUpsightPlugin$2.run()
I/org.umd.logging( 6890): Method > 2109 com.playhaven.android.cache.CacheCleaner.run(com.playhaven.android.cache.CacheCleaner@445339496)
I/org.umd.logging( 6890): Method > 2110 com.playhaven.android.req.PlayHavenRequest$1.run(com.playhaven.android.req.PlayHavenRequest$1@73799553)
I/org.umd.logging( 6890): Method > 1 com.unity3d.player.UnityPlayer$2.run(com.unity3d.player.UnityPlayer$2@763450471)
I/org.umd.logging( 6890): Api > 2110 android.net.ConnectivityManager.getNetworkInfo(android.net.ConnectivityManager@765296712, 1)
I/org.umd.logging( 6890): Method < 1 com.unity3d.player.UnityPlayer$2.run()
I/org.umd.logging( 6890): Api < 2110 android.net.ConnectivityManager.getNetworkInfo(android.net.NetworkInfo@913474068)
I/org.umd.logging( 6890): Method < 2109 com.playhaven.android.cache.CacheCleaner.run()
I/org.umd.logging( 6890): Method > 1 com.chartboost.sdk.impl.az$a.onReceive(com.chartboost.sdk.impl.az$a@312950655, android.app.Application@339381202, android.content.Intent@62617778<action=android.net.conn.CONNECTIVITY_CHANGE><data=null><package=null><component=null><type=null><filter_hashcode=-1172645946><networkInfo=None><networkType=None><inetCondition=None><extraInfo=None><umd_Intent_key=None>)
I/org.umd.logging( 6890): Api > 1 android.net.ConnectivityManager.getActiveNetworkInfo(android.net.ConnectivityManager@832244523)
I/org.umd.logging( 6890): Api < 1 android.net.ConnectivityManager.getActiveNetworkInfo(android.net.NetworkInfo@21286915)
I/org.umd.logging( 6890): Api > 1 android.os.CountDownTimer.start(com.chartboost.sdk.impl.bb$1@654289792)
I/org.umd.logging( 6890): Api < 1 android.os.CountDownTimer.start(com.chartboost.sdk.impl.bb$1@654289792)
I/org.umd.logging( 6890): Method < 1 com.chartboost.sdk.impl.az$a.onReceive()
I/org.umd.logging( 6890): Method < 2103 com.chartboost.sdk.Libraries.c$1.run()
I/org.umd.logging( 6890): Api > 2101 java.net.URL.openConnection(java.net.URL@907373578<URL=https://data.flurry.com/aap.do>)
I/org.umd.logging( 6890): Method > 1 com.unity3d.player.e$1.onSystemUiVisibilityChange(com.unity3d.player.e$1@402090648, 1)
I/org.umd.logging( 6890): Method < 1 com.unity3d.player.e$1.onSystemUiVisibilityChange()
I/org.umd.logging( 6890): Method > 2112 com.chartboost.sdk.impl.bb$c.run(com.chartboost.sdk.impl.bb$c@581320406)
I/org.umd.logging( 6890): Method > 2113 com.chartboost.sdk.impl.bb$c.run(com.chartboost.sdk.impl.bb$c@393356631)
I/org.umd.logging( 6890): Api > 2113 android.net.wifi.WifiManager.getConnectionInfo(android.net.wifi.WifiManager@250086207)
I/org.umd.logging( 6890): Api > 2112 android.net.wifi.WifiManager.getConnectionInfo(android.net.wifi.WifiManager@250086207)
I/org.umd.logging( 6890): Api < 2113 android.net.wifi.WifiManager.getConnectionInfo(android.net.wifi.WifiInfo@691255146)
I/org.umd.logging( 6890): Api < 2112 android.net.wifi.WifiManager.getConnectionInfo(android.net.wifi.WifiInfo@316904539)
W/ResourceType( 6890): No known package when getting name for resource number 0xffffffff
I/org.umd.logging( 6890): Method > 2052 com.unity3d.player.UnityPlayer.executeGLThreadJobs(com.unity3d.player.UnityPlayer@1021302337<file=2016-12-13_05:07:24.741><x=0><y=0><width=1196><height=768><id=-1>)
I/org.umd.logging( 6890): Method < 2052 com.unity3d.player.UnityPlayer.executeGLThreadJobs()
I/org.umd.logging( 6890): Method < 2113 com.chartboost.sdk.impl.bb$c.run()
I/org.umd.logging( 6890): Method < 2112 com.chartboost.sdk.impl.bb$c.run()
E/Cataloger( 6490): syncFile:/storage/emulated/0/2016-12-13_05:07:24.741.jpg
I/org.umd.logging( 6890): Method > 2085 org.springframework.web.client.RestTemplate.execute(org.springframework.web.client.RestTemplate@859811137, "https://marketing-ssl.upsight-api.com/v3/publisher/open/", org.springframework.http.HttpMethod@206913575, org.springframework.web.client.RestTemplate$HttpEntityRequestCallback@303619197, org.springframework.web.client.RestTemplate$ResponseEntityResponseExtractor@902543299, [Ljava.lang.Object;@6013817)
I/org.umd.logging( 6890): Method > 2110 org.springframework.web.client.RestTemplate.execute(org.springframework.web.client.RestTemplate@87509182, "https://marketing-ssl.upsight-api.com/v3/publisher/content/", org.springframework.http.HttpMethod@206913575, org.springframework.web.client.RestTemplate$HttpEntityRequestCallback@296226079, org.springframework.web.client.RestTemplate$ResponseEntityResponseExtractor@1032271980, [Ljava.lang.Object;@894180917)
I/org.umd.logging( 6890): Api < 2101 java.net.URL.openConnection(com.android.okhttp.internal.http.HttpsURLConnectionImpl@1004891992)
I/org.umd.logging( 6890): Api > 2085 java.net.URL.openConnection(java.net.URL@514681009<URL=https://marketing-ssl.upsight-api.com/v3/publisher/open/>)
I/org.umd.logging( 6890): Api < 2085 java.net.URL.openConnection(com.android.okhttp.internal.http.HttpsURLConnectionImpl@262254998)
I/org.umd.logging( 6890): Api > 2110 java.net.URL.openConnection(java.net.URL@469270807<URL=https://marketing-ssl.upsight-api.com/v3/publisher/content/>)
I/org.umd.logging( 6890): Api < 2110 java.net.URL.openConnection(com.android.okhttp.internal.http.HttpsURLConnectionImpl@250489092)
I/org.umd.logging( 6890): Method > 2110 org.springframework.http.client.AbstractClientHttpRequest.execute(org.springframework.http.client.SimpleBufferingClientHttpRequest@884953378)
I/org.umd.logging( 6890): Method > 2110 org.springframework.http.client.AbstractBufferingClientHttpRequest.executeInternal(org.springframework.http.client.SimpleBufferingClientHttpRequest@884953378, org.springframework.http.HttpHeaders@682021232)
I/org.umd.logging( 6890): Method > 2085 org.springframework.http.client.AbstractClientHttpRequest.execute(org.springframework.http.client.SimpleBufferingClientHttpRequest@259489001)
I/org.umd.logging( 6890): Method > 2110 org.springframework.http.client.SimpleBufferingClientHttpRequest.executeInternal(org.springframework.http.client.SimpleBufferingClientHttpRequest@884953378, org.springframework.http.HttpHeaders@682021232, [B@52780398)
I/org.umd.logging( 6890): Api > 2110 java.net.HttpURLConnection.connect(com.android.okhttp.internal.http.HttpsURLConnectionImpl@250489092)
I/org.umd.logging( 6890): Method > 2085 org.springframework.http.client.AbstractBufferingClientHttpRequest.executeInternal(org.springframework.http.client.SimpleBufferingClientHttpRequest@259489001, org.springframework.http.HttpHeaders@712277007)
I/org.umd.logging( 6890): Method > 2085 org.springframework.http.client.SimpleBufferingClientHttpRequest.executeInternal(org.springframework.http.client.SimpleBufferingClientHttpRequest@259489001, org.springframework.http.HttpHeaders@712277007, [B@335516828)
I/org.umd.logging( 6890): Api > 2085 java.net.HttpURLConnection.connect(com.android.okhttp.internal.http.HttpsURLConnectionImpl@262254998)
I/org.umd.logging( 6890): Api > 2058 android.location.LocationManager.getBestProvider(android.location.LocationManager@403650148, android.location.Criteria@457681990, true)
I/org.umd.logging( 6890): Api < 2058 android.location.LocationManager.getBestProvider(null)
I/org.umd.logging( 6890): Api > 2108 java.net.URL.openConnection(java.net.URL@942005767<URL=https://live.chartboost.com/api/config>)
I/org.umd.logging( 6890): Api < 2108 java.net.URL.openConnection(com.android.okhttp.internal.http.HttpsURLConnectionImpl@841997108)
I/org.umd.logging( 6890): Api > 2058 android.net.ConnectivityManager.getActiveNetworkInfo(android.net.ConnectivityManager@832244523)
I/org.umd.logging( 6890): Api < 2058 android.net.ConnectivityManager.getActiveNetworkInfo(android.net.NetworkInfo@828530013)
I/art     ( 6890): Background sticky concurrent mark sweep GC freed 45374(2MB) AllocSpace objects, 32(4MB) LOS objects, 0% free, 37MB/37MB, paused 5.554ms total 204.394ms
I/org.umd.logging( 6890): Api > 2105 java.net.URL.openConnection(java.net.URL@272126883<URL=https://live.chartboost.com/api/video-prefetch>)
I/org.umd.logging( 6890): Api < 2105 java.net.URL.openConnection(com.android.okhttp.internal.http.HttpsURLConnectionImpl@612988576)
I/org.umd.logging( 6890): Method < 2058 com.flurry.sdk.ff.run()
E/Cataloger( 6490): syncFile:/storage/emulated/0/2016-12-13_05:07:25.007.jpg
I/org.umd.logging( 6890): Api < 2085 java.net.HttpURLConnection.connect()
I/org.umd.logging( 6890): Method < 2085 org.springframework.http.client.SimpleBufferingClientHttpRequest.executeInternal(org.springframework.http.client.SimpleClientHttpResponse@526828384)
I/org.umd.logging( 6890): Method < 2085 org.springframework.http.client.AbstractBufferingClientHttpRequest.executeInternal(org.springframework.http.client.SimpleClientHttpResponse@526828384)
I/org.umd.logging( 6890): Method < 2085 org.springframework.http.client.AbstractClientHttpRequest.execute(org.springframework.http.client.SimpleClientHttpResponse@526828384)
W/ResourceType( 6890): No known package when getting name for resource number 0xffffffff
I/org.umd.logging( 6890): Method > 2052 com.unity3d.player.UnityPlayer.executeGLThreadJobs(com.unity3d.player.UnityPlayer@1021302337<file=2016-12-13_05:07:25.007><x=0><y=0><width=1196><height=768><id=-1>)
I/org.umd.logging( 6890): Method < 2052 com.unity3d.player.UnityPlayer.executeGLThreadJobs()
E/Cataloger( 6490): syncFile:/storage/emulated/0/2016-12-13_05:07:25.007.jpg
W/Ads     ( 1667): App does not have the required permissions to get location
I/org.umd.logging( 6890): Api < 2110 java.net.HttpURLConnection.connect()
I/org.umd.logging( 6890): Method < 2110 org.springframework.http.client.SimpleBufferingClientHttpRequest.executeInternal(org.springframework.http.client.SimpleClientHttpResponse@416487821)
I/org.umd.logging( 6890): Method < 2110 org.springframework.http.client.AbstractBufferingClientHttpRequest.executeInternal(org.springframework.http.client.SimpleClientHttpResponse@416487821)
I/org.umd.logging( 6890): Method < 2110 org.springframework.http.client.AbstractClientHttpRequest.execute(org.springframework.http.client.SimpleClientHttpResponse@416487821)
E/Cataloger( 6490): syncFile:/storage/emulated/0/2016-12-13_05:07:25.224.jpg
I/org.umd.logging( 6890): Method < 2085 org.springframework.web.client.RestTemplate.execute(org.springframework.http.ResponseEntity@399791502)
I/Ads     ( 1667): Received log message: <Google:HTML> You are using version 5.1 of the Google Play services Ads SDK. Please consider updating your SDK to the most recent SDK version to get the latest features and bug fixes. See http://goo.gl/r2TRzC for instructions on how to get the latest version of Google Play services.
I/org.umd.logging( 6890): Method < 2110 org.springframework.web.client.RestTemplate.execute(org.springframework.http.ResponseEntity@356948412)
I/org.umd.logging( 6890): Method < 2110 com.playhaven.android.req.PlayHavenRequest$1.run()
I/org.umd.logging( 6890): Method > 2117 com.playhaven.android.cache.CacheCleaner.run(com.playhaven.android.cache.CacheCleaner@121912474)
I/org.umd.logging( 6890): Method < 2117 com.playhaven.android.cache.CacheCleaner.run()
I/org.umd.logging( 6890): Method < 2085 com.playhaven.android.req.PlayHavenRequest$1.run()
W/ResourceType( 6890): No known package when getting name for resource number 0xffffffff
I/org.umd.logging( 6890): Method > 2052 com.unity3d.player.UnityPlayer.executeGLThreadJobs(com.unity3d.player.UnityPlayer@1021302337<file=2016-12-13_05:07:25.224><x=0><y=0><width=1196><height=768><id=-1>)
E/Cataloger( 6490): syncFile:/storage/emulated/0/2016-12-13_05:07:25.224.jpg
I/org.umd.logging( 6890): Method < 2052 com.unity3d.player.UnityPlayer.executeGLThreadJobs()
I/org.umd.logging( 6890): Method > 2108 com.chartboost.sdk.impl.e$1.execute(com.chartboost.sdk.impl.e$1@886200231, com.chartboost.sdk.impl.e$a@210403325)
I/org.umd.logging( 6890): Method < 2108 com.chartboost.sdk.impl.e$1.execute()
I/org.umd.logging( 6890): Method > 1 com.chartboost.sdk.impl.e$a.run(com.chartboost.sdk.impl.e$a@210403325)
I/org.umd.logging( 6890): Method < 1 com.chartboost.sdk.impl.e$a.run()
I/org.umd.logging( 6890): Method > 2105 com.chartboost.sdk.impl.e$1.execute(com.chartboost.sdk.impl.e$1@886200231, com.chartboost.sdk.impl.e$a@323086828)
W/FlurryAgent( 6890): FlurryDataSender: report ca831b3c-5de6-4052-87a3-470578a76648 sent. HTTP response: 200
I/org.umd.logging( 6890): Method > 2058 com.flurry.sdk.ff.run(com.flurry.sdk.dd$2@1073021002)
I/org.umd.logging( 6890): Method < 2058 com.flurry.sdk.ff.run()
I/org.umd.logging( 6890): Method > 2058 com.flurry.sdk.ff.run(com.flurry.sdk.de$4@878295256)
I/org.umd.logging( 6890): Method > 1 com.chartboost.sdk.impl.e$a.run(com.chartboost.sdk.impl.e$a@323086828)
I/org.umd.logging( 6890): Method < 2058 com.flurry.sdk.ff.run()
I/org.umd.logging( 6890): Method > 2058 com.flurry.sdk.ff.run(com.flurry.sdk.de$3@798340145)
I/org.umd.logging( 6890): Method < 2058 com.flurry.sdk.ff.run()
I/org.umd.logging( 6890): Method < 2105 com.chartboost.sdk.impl.e$1.execute()
I/org.umd.logging( 6890): Method < 1 com.chartboost.sdk.impl.e$a.run()
I/org.umd.logging( 6890): Method < 2101 com.flurry.sdk.ff.run()
I/org.umd.logging( 6890): Method > 2101 com.flurry.sdk.ff.run(com.flurry.sdk.eg$1$2@78493801)
I/org.umd.logging( 6890): Method < 2101 com.flurry.sdk.ff.run()
I/org.umd.logging( 6890): Method > 2101 com.flurry.sdk.ff.run(com.flurry.sdk.eg$1$1@912110318)
I/org.umd.logging( 6890): Method < 2101 com.flurry.sdk.ff.run()
I/org.umd.logging( 6890): Method > 2101 com.flurry.sdk.ff.run(com.flurry.sdk.el@306261487)
I/org.umd.logging( 6890): Api > 2101 java.net.URL.openConnection(java.net.URL@75359119<URL=https://ads.flurry.com/v10/getAds.do>)
I/org.umd.logging( 6890): Api < 2101 java.net.URL.openConnection(com.android.okhttp.internal.http.HttpsURLConnectionImpl@344565276)
E/Cataloger( 6490): syncFile:/storage/emulated/0/2016-12-13_05:07:25.409.jpg
W/ResourceType( 6890): No known package when getting name for resource number 0xffffffff
I/org.umd.logging( 6890): Method > 2052 com.unity3d.player.UnityPlayer.executeGLThreadJobs(com.unity3d.player.UnityPlayer@1021302337<file=2016-12-13_05:07:25.409><x=0><y=0><width=1196><height=768><id=-1>)
I/org.umd.logging( 6890): Method < 2052 com.unity3d.player.UnityPlayer.executeGLThreadJobs()
E/Cataloger( 6490): syncFile:/storage/emulated/0/2016-12-13_05:07:25.409.jpg
I/art     ( 6890): Rejecting re-init on previously-failed class java.lang.Class<com.android.webview.chromium.WebViewContentsClientAdapter$WebResourceErrorImpl>
I/art     ( 6890): Rejecting re-init on previously-failed class java.lang.Class<com.android.webview.chromium.WebViewContentsClientAdapter$WebResourceErrorImpl>
E/Cataloger( 6490): syncFile:/storage/emulated/0/2016-12-13_05:07:25.632.jpg
D/ConnectivityService(  594): listenForNetwork for NetworkRequest [ id=52, legacyType=-1, [ Capabilities: INTERNET&NOT_RESTRICTED&TRUSTED] ]
D/ConnectivityService(  594): handleRegisterNetworkRequest checking NetworkAgentInfo [WIFI () - 102]
D/ConnectivityService(  594): apparently satisfied.  currentScore=60
D/ConnectivityManager.CallbackHandler( 6890): CM callback handler got msg 524290
I/art     ( 6890): Rejecting re-init on previously-failed class java.lang.Class<org.chromium.content.browser.FloatingWebActionModeCallback>
I/art     ( 6890): Rejecting re-init on previously-failed class java.lang.Class<org.chromium.content.browser.FloatingWebActionModeCallback>
I/org.umd.logging( 6890): Method > 2058 com.flurry.sdk.ff.run(com.flurry.sdk.ao$1@502827478)
I/org.umd.logging( 6890): Method < 2058 com.flurry.sdk.ff.run()
I/org.umd.logging( 6890): Method > 2058 com.flurry.sdk.ff.run(com.flurry.android.impl.ads.FlurryAdModule$8@119757636)
I/org.umd.logging( 6890): Method < 2058 com.flurry.sdk.ff.run()
I/org.umd.logging( 6890): Method < 2101 com.flurry.sdk.ff.run()
I/org.umd.logging( 6890): Method > 2058 com.flurry.sdk.ff.run(com.flurry.sdk.t$a$2$1@256601442)
I/org.umd.logging( 6890): Method > 2101 com.flurry.sdk.ff.run(com.flurry.sdk.eg$1$2@977116915)
I/org.umd.logging( 6890): Method < 2101 com.flurry.sdk.ff.run()
I/org.umd.logging( 6890): Method < 2058 com.flurry.sdk.ff.run()
I/org.umd.logging( 6890): Method > 2058 com.flurry.sdk.ff.run(com.flurry.android.impl.ads.FlurryAdModule$6@75920937)
I/org.umd.logging( 6890): Method < 2058 com.flurry.sdk.ff.run()
I/org.umd.logging( 6890): Method > 2058 com.flurry.sdk.ff.run(com.flurry.android.impl.ads.FlurryAdModule$7@705247055)
I/org.umd.logging( 6890): Method < 2058 com.flurry.sdk.ff.run()
W/cr_media( 6890): Requires BLUETOOTH permission
I/cr_Ime  ( 6890): ImeThread is enabled.
W/ResourceType( 6890): No known package when getting name for resource number 0xffffffff
I/org.umd.logging( 6890): Method > 2052 com.unity3d.player.UnityPlayer.executeGLThreadJobs(com.unity3d.player.UnityPlayer@1021302337<file=2016-12-13_05:07:25.632><x=0><y=0><width=1196><height=768><id=-1>)
I/org.umd.logging( 6890): Method < 2052 com.unity3d.player.UnityPlayer.executeGLThreadJobs()
E/Cataloger( 6490): syncFile:/storage/emulated/0/2016-12-13_05:07:25.632.jpg
E/libEGL  ( 6890): validate_display:255 error 3008 (EGL_BAD_DISPLAY)
I/org.umd.logging( 6890): Method > 1 com.unity3d.player.e$2.run(com.unity3d.player.e$2@371528838)
I/org.umd.logging( 6890): Method < 1 com.unity3d.player.e$2.run()
W/cr_BindingManager( 6890): Cannot call determinedVisibility() - never saw a connection for the pid: 6890
E/Cataloger( 6490): syncFile:/storage/emulated/0/2016-12-13_05:07:25.899.jpg
W/ResourceType( 6890): No known package when getting name for resource number 0xffffffff
I/org.umd.logging( 6890): Method > 2052 com.unity3d.player.UnityPlayer.executeGLThreadJobs(com.unity3d.player.UnityPlayer@1021302337<file=2016-12-13_05:07:25.899><x=0><y=0><width=1196><height=768><id=-1>)
I/org.umd.logging( 6890): Method < 2052 com.unity3d.player.UnityPlayer.executeGLThreadJobs()
E/Cataloger( 6490): syncFile:/storage/emulated/0/2016-12-13_05:07:25.899.jpg
E/Cataloger( 6490): syncFile:/storage/emulated/0/2016-12-13_05:07:26.115.jpg
W/ResourceType( 6890): No known package when getting name for resource number 0xffffffff
I/org.umd.logging( 6890): Method > 2052 com.unity3d.player.UnityPlayer.executeGLThreadJobs(com.unity3d.player.UnityPlayer@1021302337<file=2016-12-13_05:07:26.115><x=0><y=0><width=1196><height=768><id=-1>)
I/org.umd.logging( 6890): Method < 2052 com.unity3d.player.UnityPlayer.executeGLThreadJobs()
E/Cataloger( 6490): syncFile:/storage/emulated/0/2016-12-13_05:07:26.115.jpg
E/Cataloger( 6490): syncFile:/storage/emulated/0/2016-12-13_05:07:26.318.jpg
I/org.umd.logging( 6890): Method > 1 com.chartboost.sdk.Libraries.e$1.run(com.chartboost.sdk.Libraries.e$1@3546484)
I/org.umd.logging( 6890): Method < 1 com.chartboost.sdk.Libraries.e$1.run()
W/ResourceType( 6890): No known package when getting name for resource number 0xffffffff
I/org.umd.logging( 6890): Method > 2052 com.unity3d.player.UnityPlayer.executeGLThreadJobs(com.unity3d.player.UnityPlayer@1021302337<file=2016-12-13_05:07:26.318><x=0><y=0><width=1196><height=768><id=-1>)
I/org.umd.logging( 6890): Method < 2052 com.unity3d.player.UnityPlayer.executeGLThreadJobs()
E/Cataloger( 6490): syncFile:/storage/emulated/0/2016-12-13_05:07:26.318.jpg
E/Cataloger( 6490): syncFile:/storage/emulated/0/2016-12-13_05:07:26.630.jpg
W/ResourceType( 6890): No known package when getting name for resource number 0xffffffff
