I/org.umd.logging( 6890): Method > 2052 com.unity3d.player.UnityPlayer.executeGLThreadJobs(com.unity3d.player.UnityPlayer@1021302337<file=2016-12-13_05:07:26.630><x=0><y=0><width=1196><height=768><id=-1>)
I/org.umd.logging( 6890): Method < 2052 com.unity3d.player.UnityPlayer.executeGLThreadJobs()
E/Cataloger( 6490): syncFile:/storage/emulated/0/2016-12-13_05:07:26.630.jpg
E/Cataloger( 6490): syncFile:/storage/emulated/0/2016-12-13_05:07:26.838.jpg
W/ResourceType( 6890): No known package when getting name for resource number 0xffffffff
I/org.umd.logging( 6890): Method > 2052 com.unity3d.player.UnityPlayer.executeGLThreadJobs(com.unity3d.player.UnityPlayer@1021302337<file=2016-12-13_05:07:26.838><x=0><y=0><width=1196><height=768><id=-1>)
I/org.umd.logging( 6890): Method < 2052 com.unity3d.player.UnityPlayer.executeGLThreadJobs()
E/Cataloger( 6490): syncFile:/storage/emulated/0/2016-12-13_05:07:26.838.jpg
E/Cataloger( 6490): syncFile:/storage/emulated/0/2016-12-13_05:07:27.067.jpg
W/ResourceType( 6890): No known package when getting name for resource number 0xffffffff
I/org.umd.logging( 6890): Method > 2052 com.unity3d.player.UnityPlayer.executeGLThreadJobs(com.unity3d.player.UnityPlayer@1021302337<file=2016-12-13_05:07:27.067><x=0><y=0><width=1196><height=768><id=-1>)
I/org.umd.logging( 6890): Method < 2052 com.unity3d.player.UnityPlayer.executeGLThreadJobs()
E/Cataloger( 6490): syncFile:/storage/emulated/0/2016-12-13_05:07:27.067.jpg
E/Cataloger( 6490): syncFile:/storage/emulated/0/2016-12-13_05:07:27.288.jpg
W/ResourceType( 6890): No known package when getting name for resource number 0xffffffff
I/org.umd.logging( 6890): Method > 2052 com.unity3d.player.UnityPlayer.executeGLThreadJobs(com.unity3d.player.UnityPlayer@1021302337<file=2016-12-13_05:07:27.288><x=0><y=0><width=1196><height=768><id=-1>)
I/org.umd.logging( 6890): Method < 2052 com.unity3d.player.UnityPlayer.executeGLThreadJobs()
E/Cataloger( 6490): syncFile:/storage/emulated/0/2016-12-13_05:07:27.288.jpg
E/chromium( 6890): [ERROR:interface_registry.cc(99)] Failed to locate a binder for interface: autofill::mojom::AutofillDriver
E/Cataloger( 6490): syncFile:/storage/emulated/0/2016-12-13_05:07:27.477.jpg
W/ResourceType( 6890): No known package when getting name for resource number 0xffffffff
I/org.umd.logging( 6890): Method > 2052 com.unity3d.player.UnityPlayer.executeGLThreadJobs(com.unity3d.player.UnityPlayer@1021302337<file=2016-12-13_05:07:27.477><x=0><y=0><width=1196><height=768><id=-1>)
I/org.umd.logging( 6890): Method < 2052 com.unity3d.player.UnityPlayer.executeGLThreadJobs()
E/Cataloger( 6490): syncFile:/storage/emulated/0/2016-12-13_05:07:27.477.jpg
E/Cataloger( 6490): syncFile:/storage/emulated/0/2016-12-13_05:07:27.765.jpg
W/ResourceType( 6890): No known package when getting name for resource number 0xffffffff
I/org.umd.logging( 6890): Method > 2052 com.unity3d.player.UnityPlayer.executeGLThreadJobs(com.unity3d.player.UnityPlayer@1021302337<file=2016-12-13_05:07:27.765><x=0><y=0><width=1196><height=768><id=-1>)
I/org.umd.logging( 6890): Method < 2052 com.unity3d.player.UnityPlayer.executeGLThreadJobs()
E/Cataloger( 6490): syncFile:/storage/emulated/0/2016-12-13_05:07:27.765.jpg
E/Cataloger( 6490): syncFile:/storage/emulated/0/2016-12-13_05:07:28.055.jpg
W/ResourceType( 6890): No known package when getting name for resource number 0xffffffff
I/org.umd.logging( 6890): Method > 2052 com.unity3d.player.UnityPlayer.executeGLThreadJobs(com.unity3d.player.UnityPlayer@1021302337<file=2016-12-13_05:07:28.055><x=0><y=0><width=1196><height=768><id=-1>)
I/org.umd.logging( 6890): Method < 2052 com.unity3d.player.UnityPlayer.executeGLThreadJobs()
E/Cataloger( 6490): syncFile:/storage/emulated/0/2016-12-13_05:07:28.055.jpg
E/Cataloger( 6490): syncFile:/storage/emulated/0/2016-12-13_05:07:28.319.jpg
W/ResourceType( 6890): No known package when getting name for resource number 0xffffffff
I/org.umd.logging( 6890): Method > 2052 com.unity3d.player.UnityPlayer.executeGLThreadJobs(com.unity3d.player.UnityPlayer@1021302337<file=2016-12-13_05:07:28.319><x=0><y=0><width=1196><height=768><id=-1>)
I/org.umd.logging( 6890): Method < 2052 com.unity3d.player.UnityPlayer.executeGLThreadJobs()
E/Cataloger( 6490): syncFile:/storage/emulated/0/2016-12-13_05:07:28.319.jpg
E/Cataloger( 6490): syncFile:/storage/emulated/0/2016-12-13_05:07:28.611.jpg
W/ResourceType( 6890): No known package when getting name for resource number 0xffffffff
I/org.umd.logging( 6890): Method > 2052 com.unity3d.player.UnityPlayer.executeGLThreadJobs(com.unity3d.player.UnityPlayer@1021302337<file=2016-12-13_05:07:28.611><x=0><y=0><width=1196><height=768><id=-1>)
I/org.umd.logging( 6890): Method < 2052 com.unity3d.player.UnityPlayer.executeGLThreadJobs()
E/Cataloger( 6490): syncFile:/storage/emulated/0/2016-12-13_05:07:28.611.jpg
I/org.umd.logging( 6890): Method > 1 com.unity3d.player.UnityPlayer$4.run(com.unity3d.player.UnityPlayer$4@995204320)
I/org.umd.logging( 6890): Method < 1 com.unity3d.player.UnityPlayer$4.run()
I/Ads     ( 6890): Ad finished loading.
D/Prime31 ( 6890): interstitial: onReceiveAd
E/Cataloger( 6490): syncFile:/storage/emulated/0/Android/data/com.tractiongames.stickbmxfree/files/PlayerPrefs.txt
I/org.umd.logging( 6890): Method > 2052 com.upsight.unity.AbstractUpsightPlugin.runSafelyOnUiThread(com.upsight.unity.UpsightPlugin@1050824819, com.upsight.unity.UpsightPlugin$2@820225804)
I/org.umd.logging( 6890): Method < 2052 com.upsight.unity.AbstractUpsightPlugin.runSafelyOnUiThread()
I/org.umd.logging( 6890): Method > 1 com.upsight.unity.AbstractUpsightPlugin$2.run(com.upsight.unity.AbstractUpsightPlugin$2@756807765)
I/org.umd.logging( 6890): Method > 1 com.upsight.unity.UpsightPlugin$2.run(com.upsight.unity.UpsightPlugin$2@820225804)
I/PlayHaven( 6890): placement [phmenu1start] dimensions: {}
I/org.umd.logging( 6890): Api > 1 java.lang.Thread.start(java.lang.Thread@931271515<thread=2128>)
I/org.umd.logging( 6890): Api < 1 java.lang.Thread.start()
I/org.umd.logging( 6890): Method < 1 com.upsight.unity.UpsightPlugin$2.run()
I/org.umd.logging( 6890): Method < 1 com.upsight.unity.AbstractUpsightPlugin$2.run()
I/org.umd.logging( 6890): Method > 2128 com.playhaven.android.req.PlayHavenRequest$1.run(com.playhaven.android.req.PlayHavenRequest$1@397027320)
I/org.umd.logging( 6890): Method > 2127 com.playhaven.android.cache.CacheCleaner.run(com.playhaven.android.cache.CacheCleaner@225494225)
I/org.umd.logging( 6890): Method < 2127 com.playhaven.android.cache.CacheCleaner.run()
I/org.umd.logging( 6890): Api > 2128 android.net.ConnectivityManager.getNetworkInfo(android.net.ConnectivityManager@765296712, 1)
I/org.umd.logging( 6890): Api < 2128 android.net.ConnectivityManager.getNetworkInfo(android.net.NetworkInfo@530688822)
I/org.umd.logging( 6890): Method > 2128 org.springframework.web.client.RestTemplate.execute(org.springframework.web.client.RestTemplate@307612580, "https://marketing-ssl.upsight-api.com/v3/publisher/content/", org.springframework.http.HttpMethod@206913575, org.springframework.web.client.RestTemplate$HttpEntityRequestCallback@392944909, org.springframework.web.client.RestTemplate$ResponseEntityResponseExtractor@458572994, [Ljava.lang.Object;@239964883)
I/org.umd.logging( 6890): Api > 2128 java.net.URL.openConnection(java.net.URL@469106192<URL=https://marketing-ssl.upsight-api.com/v3/publisher/content/>)
I/org.umd.logging( 6890): Api < 2128 java.net.URL.openConnection(com.android.okhttp.internal.http.HttpsURLConnectionImpl@730217737)
I/org.umd.logging( 6890): Method > 2128 org.springframework.http.client.AbstractClientHttpRequest.execute(org.springframework.http.client.SimpleBufferingClientHttpRequest@750185230)
I/org.umd.logging( 6890): Method > 2128 org.springframework.http.client.AbstractBufferingClientHttpRequest.executeInternal(org.springframework.http.client.SimpleBufferingClientHttpRequest@750185230, org.springframework.http.HttpHeaders@542411055)
I/org.umd.logging( 6890): Method > 2128 org.springframework.http.client.SimpleBufferingClientHttpRequest.executeInternal(org.springframework.http.client.SimpleBufferingClientHttpRequest@750185230, org.springframework.http.HttpHeaders@542411055, [B@254077756)
I/org.umd.logging( 6890): Api > 2128 java.net.HttpURLConnection.connect(com.android.okhttp.internal.http.HttpsURLConnectionImpl@730217737)
I/org.umd.logging( 6890): Api < 2128 java.net.HttpURLConnection.connect()
I/org.umd.logging( 6890): Method < 2128 org.springframework.http.client.SimpleBufferingClientHttpRequest.executeInternal(org.springframework.http.client.SimpleClientHttpResponse@516726981)
I/org.umd.logging( 6890): Method < 2128 org.springframework.http.client.AbstractBufferingClientHttpRequest.executeInternal(org.springframework.http.client.SimpleClientHttpResponse@516726981)
I/org.umd.logging( 6890): Method < 2128 org.springframework.http.client.AbstractClientHttpRequest.execute(org.springframework.http.client.SimpleClientHttpResponse@516726981)
E/Cataloger( 6490): syncFile:/storage/emulated/0/2016-12-13_05:07:29.263.jpg
W/ResourceType( 6890): No known package when getting name for resource number 0xffffffff
I/org.umd.logging( 6890): Method > 2052 com.unity3d.player.UnityPlayer.executeGLThreadJobs(com.unity3d.player.UnityPlayer@1021302337<file=2016-12-13_05:07:29.263><x=0><y=0><width=1196><height=768><id=-1>)
I/org.umd.logging( 6890): Method < 2052 com.unity3d.player.UnityPlayer.executeGLThreadJobs()
E/Cataloger( 6490): syncFile:/storage/emulated/0/2016-12-13_05:07:29.263.jpg
E/Cataloger( 6490): syncFile:/storage/emulated/0/2016-12-13_05:07:29.505.jpg
I/org.umd.logging( 6890): Method < 2128 org.springframework.web.client.RestTemplate.execute(org.springframework.http.ResponseEntity@326806042)
I/org.umd.logging( 6890): Method < 2128 com.playhaven.android.req.PlayHavenRequest$1.run()
W/ResourceType( 6890): No known package when getting name for resource number 0xffffffff
I/org.umd.logging( 6890): Method > 2052 com.unity3d.player.UnityPlayer.executeGLThreadJobs(com.unity3d.player.UnityPlayer@1021302337<file=2016-12-13_05:07:29.505><x=0><y=0><width=1196><height=768><id=-1>)
I/org.umd.logging( 6890): Method < 2052 com.unity3d.player.UnityPlayer.executeGLThreadJobs()
E/Cataloger( 6490): syncFile:/storage/emulated/0/2016-12-13_05:07:29.505.jpg
I/Unity   ( 6890): QUANGN-a1
I/Unity   ( 6890):  
I/Unity   ( 6890): (Filename: ./artifacts/AndroidManagedGenerated/UnityEngineDebug.cpp Line: 49)
I/Unity   ( 6890): 
I/org.umd.logging( 6890): Method > 2052 com.prime31.AdMobPluginBase.runSafelyOnUiThread(com.prime31.AdMobPlugin@26651919, com.prime31.AdMobPlugin$6@871595816)
I/org.umd.logging( 6890): Method < 2052 com.prime31.AdMobPluginBase.runSafelyOnUiThread()
I/org.umd.logging( 6890): Method > 1 com.prime31.AdMobPluginBase$1.run(com.prime31.AdMobPluginBase$1@274433089)
I/org.umd.logging( 6890): Method < 1 com.prime31.AdMobPluginBase$1.run()
I/Unity   ( 6890): QUANGN-a2
I/Unity   ( 6890):  
I/Unity   ( 6890): (Filename: ./artifacts/AndroidManagedGenerated/UnityEngineDebug.cpp Line: 49)
I/Unity   ( 6890): 
I/Unity   ( 6890): QUANGN-a3
I/Unity   ( 6890):  
I/Unity   ( 6890): (Filename: ./artifacts/AndroidManagedGenerated/UnityEngineDebug.cpp Line: 49)
I/Unity   ( 6890): 
I/org.umd.logging( 6890): Method > 2052 com.prime31.AdMobPluginBase.runSafelyOnUiThread(com.prime31.AdMobPlugin@26651919, com.prime31.AdMobPlugin$7@169242407)
I/org.umd.logging( 6890): Method > 1 com.prime31.AdMobPluginBase$1.run(com.prime31.AdMobPluginBase$1@9790932)
I/org.umd.logging( 6890): Method < 2052 com.prime31.AdMobPluginBase.runSafelyOnUiThread()
I/org.umd.logging( 6890): Method > 1 com.prime31.AdMobPlugin$7.run(com.prime31.AdMobPlugin$7@169242407)
I/org.umd.logging( 6890): Method > 2052 com.prime31.AdMobPluginBase.runSafelyOnUiThread(com.prime31.AdMobPlugin@26651919, com.prime31.AdMobPlugin$5@143417970)
I/org.umd.logging( 6890): Method < 2052 com.prime31.AdMobPluginBase.runSafelyOnUiThread()
I/cr_Ime  ( 6890): ImeThread is enabled.
I/ActivityManager(  594): START u0 {cmp=com.tractiongames.stickbmxfree/com.google.android.gms.ads.AdActivity (has extras)} from uid 10232 on display 0
V/WindowManager(  594): addAppToken: AppWindowToken{10cd6ffe token=Token{5e0ffb9 ActivityRecord{23ac5d80 u0 com.tractiongames.stickbmxfree/com.google.android.gms.ads.AdActivity t28}}} to stack=1 task=28 at 1
I/org.umd.logging( 6890): Method < 1 com.prime31.AdMobPlugin$7.run()
I/org.umd.logging( 6890): Method < 1 com.prime31.AdMobPluginBase$1.run()
I/org.umd.logging( 6890): Method > 1 com.prime31.AdMobPluginBase$1.run(com.prime31.AdMobPluginBase$1@697588539)
I/org.umd.logging( 6890): Method > 1 com.prime31.AdMobPlugin$5.run(com.prime31.AdMobPlugin$5@143417970)
D/DynamitePackage( 6890): Instantiating com.google.android.gms.ads.ChimeraAdManagerCreatorImpl
I/Ads     ( 6890): Starting ad request.
I/Ads     ( 6890): Use AdRequest.Builder.addTestDevice("1F480C9603A7924489313051413E5A68") to get test ads on this device.
I/Ads     ( 6890): Please set theme of AdActivity to @android:style/Theme.Translucent to enable transparent background interstitial ad.
I/org.umd.logging( 6890): Method < 1 com.prime31.AdMobPlugin$5.run()
I/org.umd.logging( 6890): Method < 1 com.prime31.AdMobPluginBase$1.run()
I/org.umd.logging( 6890): Method > 1 com.prime31.UnityPlayerNativeActivity.onPause(com.prime31.UnityPlayerNativeActivity@410649080<activity=true>)
I/org.umd.logging( 6890): Method > 1 com.unity3d.player.UnityPlayerNativeActivity.onPause(com.prime31.UnityPlayerNativeActivity@410649080<activity=true>)
W/ActivityManager(  594): getRunningAppProcesses: caller 10232 does not hold REAL_GET_TASKS; limiting output
E/Cataloger( 6490): syncFile:/storage/emulated/0/2016-12-13_05:07:29.807.jpg
W/Ads     ( 1667): App does not have the required permissions to get location
W/ResourceType( 6890): No known package when getting name for resource number 0xffffffff
I/org.umd.logging( 6890): Method > 2052 com.unity3d.player.UnityPlayer.executeGLThreadJobs(com.unity3d.player.UnityPlayer@1021302337<file=2016-12-13_05:07:29.807><x=0><y=0><width=1196><height=768><id=-1>)
I/org.umd.logging( 6890): Method < 2052 com.unity3d.player.UnityPlayer.executeGLThreadJobs()
E/Cataloger( 6490): syncFile:/storage/emulated/0/2016-12-13_05:07:29.807.jpg
E/Cataloger( 6490): syncFile:/storage/emulated/0/2016-12-13_05:07:30.066.jpg
W/ResourceType( 6890): No known package when getting name for resource number 0xffffffff
I/org.umd.logging( 6890): Method > 2052 com.unity3d.player.UnityPlayer.executeGLThreadJobs(com.unity3d.player.UnityPlayer@1021302337<file=2016-12-13_05:07:30.066><x=0><y=0><width=1196><height=768><id=-1>)
I/org.umd.logging( 6890): Method < 2052 com.unity3d.player.UnityPlayer.executeGLThreadJobs()
E/Cataloger( 6490): syncFile:/storage/emulated/0/2016-12-13_05:07:30.066.jpg
I/org.umd.logging( 6890): Method > 1 com.unity3d.player.UnityPlayer$4.run(com.unity3d.player.UnityPlayer$4@955334010)
I/org.umd.logging( 6890): Method < 1 com.unity3d.player.UnityPlayer$4.run()
E/Cataloger( 6490): syncFile:/storage/emulated/0/2016-12-13_05:07:30.245.jpg
W/ActivityManager(  594): Activity pause timeout for ActivityRecord{a28c606 u0 com.tractiongames.stickbmxfree/com.prime31.UnityPlayerNativeActivity t28}
W/ResourceType( 6890): No known package when getting name for resource number 0xffffffff
I/org.umd.logging( 6890): Method > 2052 com.unity3d.player.UnityPlayer.executeGLThreadJobs(com.unity3d.player.UnityPlayer@1021302337<file=2016-12-13_05:07:30.245><x=0><y=0><width=1196><height=768><id=-1>)
I/org.umd.logging( 6890): Method > 2052 com.unity3d.player.UnityPlayer$b.run(com.unity3d.player.UnityPlayer$6@687714696)
I/org.umd.logging( 6890): Method < 2052 com.unity3d.player.UnityPlayer$b.run()
E/Cataloger( 6490): syncFile:/storage/emulated/0/2016-12-13_05:07:30.245.jpg
E/Cataloger( 6490): syncFile:/storage/emulated/0/2016-12-13_05:07:30.596.jpg
W/ResourceType( 6890): No known package when getting name for resource number 0xffffffff
I/org.umd.logging( 6890): Method > 2052 com.unity3d.player.UnityPlayer.executeGLThreadJobs(com.unity3d.player.UnityPlayer@1021302337<file=2016-12-13_05:07:30.596><x=0><y=0><width=1196><height=768><id=-1>)
I/org.umd.logging( 6890): Method > 2052 com.unity3d.player.UnityPlayer$14.run(com.unity3d.player.UnityPlayer$14@684046150)
E/Cataloger( 6490): syncFile:/storage/emulated/0/2016-12-13_05:07:30.596.jpg
I/org.umd.logging( 6890): Method < 2052 com.unity3d.player.UnityPlayer$14.run()
I/org.umd.logging( 6890): Method < 2055 org.fmod.FMODAudioDevice.run()
I/org.umd.logging( 6890): Api > 1 java.lang.Thread.start(org.fmod.FMODAudioDevice$a@58744372<thread=2130>)
I/org.umd.logging( 6890): Api < 1 java.lang.Thread.start()
I/org.umd.logging( 6890): Method < 1 com.unity3d.player.UnityPlayerNativeActivity.onPause()
I/org.umd.logging( 6890): Method > 1 com.upsight.unity.UpsightPlugin.onPause()
I/org.umd.logging( 6890): Method < 1 com.upsight.unity.UpsightPlugin.onPause()
I/org.umd.logging( 6890): Method > 1 com.prime31.ChartboostPlugin.onPause()
I/org.umd.logging( 6890): Method > 1 com.prime31.ChartboostPluginBase.runSafelyOnUiThread(com.prime31.ChartboostPlugin@121528565, com.prime31.ChartboostPlugin$4@18219474)
I/org.umd.logging( 6890): Method > 1 com.prime31.ChartboostPluginBase.runSafelyOnUiThread(com.prime31.ChartboostPlugin@121528565, com.prime31.ChartboostPlugin$4@18219474, null)
I/org.umd.logging( 6890): Method > 1 com.prime31.ChartboostPluginBase$1.run(com.prime31.ChartboostPluginBase$1@626586275)
I/org.umd.logging( 6890): Method > 1 com.prime31.ChartboostPlugin$4.run(com.prime31.ChartboostPlugin$4@18219474)
I/org.umd.logging( 6890): Method > 1 com.chartboost.sdk.Chartboost.onPause(com.prime31.UnityPlayerNativeActivity@410649080<activity=true>)
I/org.umd.logging( 6890): Method < 1 com.chartboost.sdk.Chartboost.onPause()
I/org.umd.logging( 6890): Method < 1 com.prime31.ChartboostPlugin$4.run()
I/org.umd.logging( 6890): Method < 1 com.prime31.ChartboostPluginBase$1.run()
I/org.umd.logging( 6890): Method < 1 com.prime31.ChartboostPluginBase.runSafelyOnUiThread()
I/org.umd.logging( 6890): Method < 1 com.prime31.ChartboostPluginBase.runSafelyOnUiThread()
I/org.umd.logging( 6890): Method < 1 com.prime31.ChartboostPlugin.onPause()
I/org.umd.logging( 6890): Method < 1 com.prime31.UnityPlayerNativeActivity.onPause()
I/Choreographer( 6890): Skipped 53 frames!  The application may be doing too much work on its main thread.
I/ExoPlayerImpl( 6890): Init 1.3.1
D/DynamitePackage( 6890): Instantiating com.google.android.gms.ads.ChimeraAdOverlayCreatorImpl
I/Ads     ( 6890): Ad opening.
D/Prime31 ( 6890): adView: presentingScreen
V/WindowManager(  594): Adding window Window{1588de75 u0 com.tractiongames.stickbmxfree/com.google.android.gms.ads.AdActivity} at 5 of 11 (after Window{20aef924 u0 com.tractiongames.stickbmxfree/com.prime31.UnityPlayerNativeActivity})
E/Cataloger( 6490): syncFile:/storage/emulated/0/2016-12-13_05:07:30.791.jpg
I/cr_Ime  ( 6890): ImeThread is enabled.
I/DownloadManagerWrapper(  949): onReceive() : Charging = true
W/Ads     ( 6890): Unknown video action: mimetype
W/ResourceType( 6890): No known package when getting name for resource number 0xffffffff
I/org.umd.logging( 6890): Method > 2052 com.unity3d.player.UnityPlayer.executeGLThreadJobs(com.unity3d.player.UnityPlayer@1021302337<file=2016-12-13_05:07:30.791><x=0><y=0><width=1196><height=768><id=-1>)
I/org.umd.logging( 6890): Method > 2052 com.unity3d.player.UnityPlayer$16.run(com.unity3d.player.UnityPlayer$16@947192026)
I/org.umd.logging( 6890): Method < 2052 com.unity3d.player.UnityPlayer$16.run()
I/ExoPlayerImpl( 6890): Init 1.3.1
E/Cataloger( 6490): syncFile:/storage/emulated/0/2016-12-13_05:07:30.791.jpg
I/DownloadManagerWrapper(  949): onReceive() : Charging = true
I/org.umd.logging( 6890): Method > 1 com.unity3d.player.e$1.onSystemUiVisibilityChange(com.unity3d.player.e$1@402090648, 0)
I/org.umd.logging( 6890): Method < 1 com.unity3d.player.e$1.onSystemUiVisibilityChange()
I/ActivityManager(  594): Displayed com.tractiongames.stickbmxfree/com.google.android.gms.ads.AdActivity: +699ms
E/Cataloger( 6490): syncFile:/storage/emulated/0/2016-12-13_05:07:31.026.jpg
W/cr_BindingManager( 6890): Cannot call determinedVisibility() - never saw a connection for the pid: 6890
W/ResourceType( 6890): No known package when getting name for resource number 0xffffffff
I/org.umd.logging( 6890): Method > 2052 com.unity3d.player.UnityPlayer.executeGLThreadJobs(com.unity3d.player.UnityPlayer@1021302337<file=2016-12-13_05:07:31.026><x=0><y=0><width=1196><height=768><id=-1>)
I/org.umd.logging( 6890): Method < 2052 com.unity3d.player.UnityPlayer.executeGLThreadJobs()
E/Cataloger( 6490): syncFile:/storage/emulated/0/2016-12-13_05:07:31.026.jpg
W/cr_BindingManager( 6890): Cannot call determinedVisibility() - never saw a connection for the pid: 6890
I/OMXClient( 6890): Using client-side OMX mux.
E/OMXMaster( 6890): A component of name 'OMX.qcom.audio.decoder.aac' already exists, ignoring this one.
E/Cataloger( 6490): syncFile:/storage/emulated/0/2016-12-13_05:07:31.283.jpg
I/SoftAAC2( 6890): Reconfiguring decoder: 0->44100 Hz, 0->2 channels
I/OMXClient( 6890): Using client-side OMX mux.
I/art     ( 6890): Background partial concurrent mark sweep GC freed 8313(412KB) AllocSpace objects, 5(17MB) LOS objects, 37% free, 26MB/42MB, paused 7.874ms total 111.490ms
E/OMX-VDEC-1080P(  190): Extension: OMX.google.android.index.storeMetaDataInBuffers not implemented
E/OMXNodeInstance(  190): getExtensionIndex(37:qcom.decoder.avc, OMX.google.android.index.storeMetaDataInBuffers) ERROR: NotImplemented(0x80001006)
E/ACodec  ( 6890): [OMX.qcom.video.decoder.avc] storeMetaDataInBuffers failed w/ err -2147483648
E/OMX-VDEC-1080P(  190): 
E/OMX-VDEC-1080P(  190):  No color conversion required
E/OMX-VDEC-1080P(  190): 
E/OMX-VDEC-1080P(  190):  No color conversion required
E/OMX-VDEC-1080P(  190): 
E/OMX-VDEC-1080P(  190):  No color conversion required
E/OMX-VDEC-1080P(  190): 
E/OMX-VDEC-1080P(  190):  No color conversion required
E/OMX-VDEC-1080P(  190): 
E/OMX-VDEC-1080P(  190):  No color conversion required
E/OMX-VDEC-1080P(  190): 
E/OMX-VDEC-1080P(  190):  No color conversion required
E/OMX-VDEC-1080P(  190): 
E/OMX-VDEC-1080P(  190):  No color conversion required
E/OMX-VDEC-1080P(  190): 
E/OMX-VDEC-1080P(  190):  No color conversion required
E/OMX-VDEC-1080P(  190): 
E/OMX-VDEC-1080P(  190):  No color conversion required
E/OMX-VDEC-1080P(  190): GET_MV_BUFFER_SIZE returned: Size: 65536 and alignment: 8192
E/OMX-VDEC-1080P(  190): 
E/OMX-VDEC-1080P(  190):  No color conversion required
E/OMX-VDEC-1080P(  190): 
E/OMX-VDEC-1080P(  190):  No color conversion required
E/OMX-VDEC-1080P(  190): 
E/OMX-VDEC-1080P(  190):  No color conversion required
E/OMX-VDEC-1080P(  190): 
E/OMX-VDEC-1080P(  190):  No color conversion required
E/OMX-VDEC-1080P(  190): 
E/OMX-VDEC-1080P(  190):  No color conversion required
E/OMX-VDEC-1080P(  190): 
E/OMX-VDEC-1080P(  190):  No color conversion required
E/OMX-VDEC-1080P(  190): 
E/OMX-VDEC-1080P(  190):  No color conversion required
E/OMX-VDEC-1080P(  190): 
E/OMX-VDEC-1080P(  190):  No color conversion required
E/OMX-VDEC-1080P(  190): 
E/OMX-VDEC-1080P(  190):  No color conversion required
E/OMX-VDEC-1080P(  190): 
E/OMX-VDEC-1080P(  190):  No color conversion required
E/OMX-VDEC-1080P(  190): 
E/OMX-VDEC-1080P(  190):  No color conversion required
E/OMX-VDEC-1080P(  190): 
E/OMX-VDEC-1080P(  190):  No color conversion required
E/OMX-VDEC-1080P(  190): 
E/OMX-VDEC-1080P(  190):  No color conversion required
E/OMX-VDEC-1080P(  190): 
E/OMX-VDEC-1080P(  190):  No color conversion required
E/OMX-VDEC-1080P(  190): 
E/OMX-VDEC-1080P(  190):  No color conversion required
E/OMX-VDEC-1080P(  190): 
E/OMX-VDEC-1080P(  190):  No color conversion required
E/OMX-VDEC-1080P(  190): 
E/OMX-VDEC-1080P(  190):  No color conversion required
W/ResourceType( 6890): No known package when getting name for resource number 0xffffffff
I/org.umd.logging( 6890): Method > 2052 com.unity3d.player.UnityPlayer.executeGLThreadJobs(com.unity3d.player.UnityPlayer@1021302337<file=2016-12-13_05:07:31.283><x=0><y=0><width=1196><height=768><id=-1>)
I/org.umd.logging( 6890): Method < 2052 com.unity3d.player.UnityPlayer.executeGLThreadJobs()
E/OMX-VDEC-1080P(  190): 
E/OMX-VDEC-1080P(  190):  No color conversion required
E/Cataloger( 6490): syncFile:/storage/emulated/0/2016-12-13_05:07:31.283.jpg
E/OMX-VDEC-1080P(  190): 
E/OMX-VDEC-1080P(  190):  No color conversion required
E/OMX-VDEC-1080P(  190): 
E/OMX-VDEC-1080P(  190):  No color conversion required
E/OMX-VDEC-1080P(  190): 
E/OMX-VDEC-1080P(  190):  No color conversion required
E/OMX-VDEC-1080P(  190): 
E/OMX-VDEC-1080P(  190):  No color conversion required
I/OMXClient( 6890): Using client-side OMX mux.
E/OMXMaster( 6890): A component of name 'OMX.qcom.audio.decoder.aac' already exists, ignoring this one.
I/SoftAAC2( 6890): Reconfiguring decoder: 0->44100 Hz, 0->2 channels
E/OMX-VDEC-1080P(  190): 
E/OMX-VDEC-1080P(  190):  No color conversion required
E/OMX-VDEC-1080P(  190): 
E/OMX-VDEC-1080P(  190):  No color conversion required
E/OMX-VDEC-1080P(  190): 
E/OMX-VDEC-1080P(  190):  No color conversion required
E/OMX-VDEC-1080P(  190): 
E/OMX-VDEC-1080P(  190):  No color conversion required
E/OMX-VDEC-1080P(  190): 
E/OMX-VDEC-1080P(  190):  No color conversion required
E/OMX-VDEC-1080P(  190): GET_MV_BUFFER_SIZE returned: Size: 65536 and alignment: 8192
E/OMX-VDEC-1080P(  190): 
E/OMX-VDEC-1080P(  190):  No color conversion required
E/OMX-VDEC-1080P(  190): 
E/OMX-VDEC-1080P(  190):  No color conversion required
E/OMX-VDEC-1080P(  190): 
E/OMX-VDEC-1080P(  190):  No color conversion required
E/OMX-VDEC-1080P(  190): 
E/OMX-VDEC-1080P(  190):  No color conversion required
E/OMX-VDEC-1080P(  190): 
E/OMX-VDEC-1080P(  190):  No color conversion required
E/OMX-VDEC-1080P(  190): 
E/OMX-VDEC-1080P(  190):  No color conversion required
E/OMX-VDEC-1080P(  190): 
E/OMX-VDEC-1080P(  190):  No color conversion required
E/        (  190): 
E/        (  190):  not in avi mode
E/OMX-VDEC-1080P(  190): 
E/OMX-VDEC-1080P(  190):  No color conversion required
W/Ads     ( 6890): Failed to preload url https://www.youtube.com/get_video?video_id=LvqwE731794&ts=1481666835&t=uC1sSS368S22NikXogXak71MnMk&gad=1 Exception: Abort requested before buffering finished. 
I/org.umd.logging( 6890): Method > 1 com.prime31.ChartboostPluginBase.runSafelyOnUiThread(com.prime31.ChartboostPlugin@121528565, com.prime31.ChartboostPlugin$3@35836210)
I/org.umd.logging( 6890): Method > 1 com.prime31.ChartboostPluginBase.runSafelyOnUiThread(com.prime31.ChartboostPlugin@121528565, com.prime31.ChartboostPlugin$3@35836210, null)
I/org.umd.logging( 6890): Method > 1 com.prime31.ChartboostPluginBase$1.run(com.prime31.ChartboostPluginBase$1@54296195)
I/org.umd.logging( 6890): Method > 1 com.prime31.ChartboostPlugin$3.run(com.prime31.ChartboostPlugin$3@35836210)
I/org.umd.logging( 6890): Method < 2106 com.chartboost.sdk.impl.g.run()
I/org.umd.logging( 6890): Method < 2104 com.chartboost.sdk.impl.c.run()
I/org.umd.logging( 6890): Method < 1 com.prime31.ChartboostPlugin$3.run()
I/org.umd.logging( 6890): Method < 1 com.prime31.ChartboostPluginBase$1.run()
I/org.umd.logging( 6890): Method < 1 com.prime31.ChartboostPluginBase.runSafelyOnUiThread()
I/org.umd.logging( 6890): Method < 2108 com.chartboost.sdk.impl.g.run()
I/org.umd.logging( 6890): Method < 1 com.prime31.ChartboostPluginBase.runSafelyOnUiThread()
I/Prime31 ( 6890): stopping Flurry session
I/org.umd.logging( 6890): Method > 2058 com.flurry.sdk.ff.run(com.flurry.android.impl.ads.FlurryAdModule$20@771708042)
I/org.umd.logging( 6890): Method < 2058 com.flurry.sdk.ff.run()
I/org.umd.logging( 6890): Method > 2058 com.flurry.sdk.ff.run(com.flurry.android.impl.ads.FlurryAdModule$21@499435288)
I/org.umd.logging( 6890): Api > 1 android.location.LocationManager.getBestProvider(android.location.LocationManager@403650148, android.location.Criteria@906118513, true)
I/org.umd.logging( 6890): Method < 2058 com.flurry.sdk.ff.run()
I/org.umd.logging( 6890): Method > 2058 com.flurry.sdk.ff.run(com.flurry.android.impl.ads.FlurryAdModule$22@739412951)
I/org.umd.logging( 6890): Api < 1 android.location.LocationManager.getBestProvider(null)
I/org.umd.logging( 6890): Method < 2058 com.flurry.sdk.ff.run()
I/org.umd.logging( 6890): Method > 2058 com.flurry.sdk.ff.run(com.flurry.android.impl.ads.FlurryAdModule$23@1000654765)
W/FlurryAgent( 6890): End session with context: com.prime31.UnityPlayerNativeActivity@187a01f8 count:0
I/org.umd.logging( 6890): Method < 2058 com.flurry.sdk.ff.run()
I/org.umd.logging( 6890): Method > 2058 com.flurry.sdk.ff.run(com.flurry.sdk.dj$9@537529971)
I/org.umd.logging( 6890): Method < 2107 com.chartboost.sdk.impl.g.run()
E/Cataloger( 6490): syncFile:/storage/emulated/0/Android/data/com.tractiongames.stickbmxfree/cache/.fcaches/fileStreamCacheDownloader/journal
I/Choreographer( 6890): Skipped 44 frames!  The application may be doing too much work on its main thread.
E/Cataloger( 6490): need not sync path:/storage/emulated/0/Android/data/com.tractiongames.stickbmxfree/cache/.fcaches/fileStreamCacheDownloader/journal
I/org.umd.logging( 6890): Method < 2105 com.chartboost.sdk.impl.g.run()
I/org.umd.logging( 6890): Method < 2058 com.flurry.sdk.ff.run()
I/org.umd.logging( 6890): Method > 2058 com.flurry.sdk.ff.run(com.flurry.sdk.dj$7@1055118126)
I/org.umd.logging( 6890): Method < 2058 com.flurry.sdk.ff.run()
I/chromium( 6890): [INFO:CONSOLE(0)] "Document was loaded from Application Cache with manifest https://googleads.g.doubleclick.net/mads/static/mad/sdk/native/sdk-core-v40-loader.appcache", source: https://googleads.g.doubleclick.net/mads/static/mad/sdk/native/sdk-core-v40-loader.html (0)
I/chromium( 6890): [INFO:CONSOLE(0)] "Application Cache Checking event", source: https://googleads.g.doubleclick.net/mads/static/mad/sdk/native/sdk-core-v40-loader.html (0)
E/chromium( 6890): [ERROR:interface_registry.cc(99)] Failed to locate a binder for interface: autofill::mojom::AutofillDriver
I/chromium( 6890): [INFO:CONSOLE(0)] "Application Cache NoUpdate event", source: https://googleads.g.doubleclick.net/mads/static/mad/sdk/native/sdk-core-v40-loader.html (0)
I/org.umd.logging( 6890): Method > 1 com.unity3d.player.e$2.run(com.unity3d.player.e$2@887955151)
I/org.umd.logging( 6890): Method < 1 com.unity3d.player.e$2.run()
E/chromium( 6890): [ERROR:interface_registry.cc(99)] Failed to locate a binder for interface: autofill::mojom::AutofillDriver
I/MediaFocusControl(  594):  AudioFocus  requestAudioFocus() from android.media.AudioManager@5df43acom.google.android.gms.ads.internal.overlay.bd@2746d8eb req=2flags=0x0
I/org.umd.logging( 6890): Method > 1 com.chartboost.sdk.Libraries.e$1.run(com.chartboost.sdk.Libraries.e$1@3546484)
I/org.umd.logging( 6890): Method < 1 com.chartboost.sdk.Libraries.e$1.run()
I/ExoPlayerImpl( 6890): Init 1.3.1
I/OMXClient( 6890): Using client-side OMX mux.
E/OMXMaster( 6890): A component of name 'OMX.qcom.audio.decoder.aac' already exists, ignoring this one.
I/SoftAAC2( 6890): Reconfiguring decoder: 0->44100 Hz, 0->2 channels
I/Ads     ( 6890): Ad finished loading.
D/Prime31 ( 6890): interstitial: onReceiveAd
I/org.umd.logging( 4986): Method > 1 com.cleanmaster.base.crash.util.debug.b.run(com.cleanmaster.base.crash.util.debug.b@453239735)
I/org.umd.logging( 4986): Method < 1 com.cleanmaster.base.crash.util.debug.b.run()
I/DownloadManagerWrapper(  949): onReceive() : Charging = true
W/ActivityManager(  594): getRunningAppProcesses: caller 10232 does not hold REAL_GET_TASKS; limiting output
W/Ads     ( 6890): JS: Synchronous XMLHttpRequest on the main thread is deprecated because of its detrimental effects to the end user's experience. For more help, check https://xhr.spec.whatwg.org/. (https://imasdk.googleapis.com/admob/sdkloader/video_ctd_slider_v1.js:135)
I/chromium( 6890): [INFO:CONSOLE(135)] "Synchronous XMLHttpRequest on the main thread is deprecated because of its detrimental effects to the end user's experience. For more help, check https://xhr.spec.whatwg.org/.", source: https://imasdk.googleapis.com/admob/sdkloader/video_ctd_slider_v1.js (135)
I/ActivityManager(  594): START u0 {act=android.intent.action.VIEW dat=market://details?id=com.luckyhammers.sourtowers&referrer=campaigntype=a&network=d&campaignid=680644064&loc_physical_ms=&adsplayload=CAE&ai=CEAk0E3FQWLR2lfa8ApDyvtgO8sDhz0eLjeKusgTkq-nluAEQASCpz6MiYMmG7YiEpOwPoAG7rMq7A6gDAcgDCKoEuAFP0LGDaIx_vp8IwChn2gWkohEYXcmsIIZ6T9H_aAaYlS8268fd_mzQzv13zKrNxvqtzQ_dnP5sO0uHPSu70mArHNujBjlLOU1AhnVRmiBgLDG9gplyPn50Ltn4y93RrCuRtL2WGwm5AhiPkGhJ64NzbP0Gpzvp3O1NFQc82a1XQAWW3L4ymWvuESmNgfsiHnWOF8h18MSGTcwdoHNAxxjbHj7O7ZgKqiljUYMFL-nTXIki_5v9DLX4iAXgm8fEApAGAaAGHLAGAYAHrdO1RJgHAagHpr4buAeTwbiW_4aZmxTAB43VA8AH6NQD2AcB-gcbY29tLmx1Y2t5aGFtbWVycy5zb3VydG93ZXJzmAgBsAgCuAgB0ggFCIABEAG4E7ED&gclid=COnX4ZKX8tACFVdMDQod704LQg&conv=930256443&network=d cmp=com.android.vending/com.google.android.finsky.activities.LaunchUrlHandlerActivity} from uid 10232 on display 0
V/WindowManager(  594): addAppToken: AppWindowToken{2598d462 token=Token{338b672d ActivityRecord{2fb2aa44 u0 com.android.vending/com.google.android.finsky.activities.LaunchUrlHandlerActivity t28}}} to stack=1 task=28 at 2
I/Ads     ( 6890): Ad leaving application.
D/Prime31 ( 6890): adView: onLeaveApplication
I/MediaFocusControl(  594):  AudioFocus  abandonAudioFocus() from android.media.AudioManager@5df43acom.google.android.gms.ads.internal.overlay.bd@2746d8eb
E/OMX-VDEC-1080P(  190): 
E/OMX-VDEC-1080P(  190):  Error in ioctl read next msg
E/        (  190): 
E/        (  190):  Destroy C2D instance
E/        (  190): 
E/        (  190):  Destroy C2D instance
W/ActivityManager(  594): Duplicate finish request for ActivityRecord{23ac5d80 u0 com.tractiongames.stickbmxfree/com.google.android.gms.ads.AdActivity t28 f}
I/Ads     ( 6890): Ad closing.
D/Prime31 ( 6890): adView: onDismissScreen
W/Ads     ( 6890): The webview is destroyed. Ignoring action.
W/Ads     ( 6890): The webview is destroyed. Ignoring action.
I/org.umd.logging( 6890): Method > 1 com.prime31.UnityPlayerNativeActivity.onStart(com.prime31.UnityPlayerNativeActivity@410649080<activity=true>)
D/OpenGLRenderer( 4856): Use EGL_SWAP_BEHAVIOR_PRESERVED: true
D/Atlas   ( 4856): Validating map...
V/WindowManager(  594): Adding window Window{672c24f u0 com.android.vending/com.google.android.finsky.activities.LaunchUrlHandlerActivity} at 6 of 12 (after Window{1588de75 u0 com.tractiongames.stickbmxfree/com.google.android.gms.ads.AdActivity})
E/Finsky  ( 4856): [1] com.google.android.finsky.activities.LaunchUrlHandlerActivity.a(229): Launch URL without continue URL
I/ActivityManager(  594): START u0 {act=android.intent.action.VIEW dat=http://market.android.com/details?id=com.luckyhammers.sourtowers&referrer=campaigntype=a&network=d&campaignid=680644064&loc_physical_ms=&adsplayload=CAE&ai=CEAk0E3FQWLR2lfa8ApDyvtgO8sDhz0eLjeKusgTkq-nluAEQASCpz6MiYMmG7YiEpOwPoAG7rMq7A6gDAcgDCKoEuAFP0LGDaIx_vp8IwChn2gWkohEYXcmsIIZ6T9H_aAaYlS8268fd_mzQzv13zKrNxvqtzQ_dnP5sO0uHPSu70mArHNujBjlLOU1AhnVRmiBgLDG9gplyPn50Ltn4y93RrCuRtL2WGwm5AhiPkGhJ64NzbP0Gpzvp3O1NFQc82a1XQAWW3L4ymWvuESmNgfsiHnWOF8h18MSGTcwdoHNAxxjbHj7O7ZgKqiljUYMFL-nTXIki_5v9DLX4iAXgm8fEApAGAaAGHLAGAYAHrdO1RJgHAagHpr4buAeTwbiW_4aZmxTAB43VA8AH6NQD2AcB-gcbY29tLmx1Y2t5aGFtbWVycy5zb3VydG93ZXJzmAgBsAgCuAgB0ggFCIABEAG4E7ED&gclid=COnX4ZKX8tACFVdMDQod704LQg&conv=930256443&network=d cmp=com.android.vending/com.google.android.finsky.activities.MainActivity (has extras)} from uid 10018 on display 0
V/WindowManager(  594): addAppToken: AppWindowToken{1d6c8dba token=Token{15cf4ee5 ActivityRecord{e2afddc u0 com.android.vending/com.google.android.finsky.activities.MainActivity t29}}} to stack=1 task=29 at 0
V/WindowManager(  594): Adding window Window{3941759d u0 Starting com.android.vending} at 7 of 13 (after Window{672c24f u0 com.android.vending/com.google.android.finsky.activities.LaunchUrlHandlerActivity})
I/Adreno-EGL( 4856): <qeglDrvAPI_eglInitialize:379>: QUALCOMM Build: 01/15/15, ab0075f, Id3510ff6dc
I/OpenGLRenderer( 4856): Initialized EGL, version 1.4
D/OpenGLRenderer( 4856): Enabling debug mode 0
W/Finsky  ( 4856): [1] com.google.android.finsky.b.s.a(263): No LoggingContext in the bundle, which breaks event chain!. Creating a new logging context.
I/Finsky  ( 4856): [1] com.google.android.finsky.utils.di.a(1045): Starting LocationRefresher
V/WindowManager(  594): Adding window Window{31c53537 u0 com.android.vending/com.google.android.finsky.activities.MainActivity} at 7 of 14 (before Window{3941759d u0 Starting com.android.vending})
I/Finsky  ( 4856): [1] com.google.android.finsky.selfupdate.f.a(165): Skipping DFE self-update. Local Version [80721300] >= Server Version [-1]
I/org.umd.logging( 6890): Method > 1 com.prime31.ChartboostPlugin.onStart()
I/org.umd.logging( 6890): Method > 1 com.prime31.ChartboostPluginBase.runSafelyOnUiThread(com.prime31.ChartboostPlugin@121528565, com.prime31.ChartboostPlugin$1@968441408)
I/org.umd.logging( 6890): Method > 1 com.prime31.ChartboostPluginBase.runSafelyOnUiThread(com.prime31.ChartboostPlugin@121528565, com.prime31.ChartboostPlugin$1@968441408, null)
I/org.umd.logging( 6890): Method > 1 com.prime31.ChartboostPluginBase$1.run(com.prime31.ChartboostPluginBase$1@710357369)
I/org.umd.logging( 6890): Method > 1 com.prime31.ChartboostPlugin$1.run(com.prime31.ChartboostPlugin$1@968441408)
I/org.umd.logging( 6890): Method > 1 com.chartboost.sdk.Chartboost.onStart(com.prime31.UnityPlayerNativeActivity@410649080<activity=true>)
I/org.umd.logging( 6890): Api > 1 java.lang.Thread.start(com.chartboost.sdk.impl.c@348724926<thread=2419>)
I/org.umd.logging( 6890): Api < 1 java.lang.Thread.start()
I/org.umd.logging( 6890): Api > 1 java.lang.Thread.start(com.chartboost.sdk.impl.g@636758815<thread=2420>)
I/org.umd.logging( 6890): Api < 1 java.lang.Thread.start()
I/org.umd.logging( 6890): Api > 1 java.lang.Thread.start(com.chartboost.sdk.impl.g@118750828<thread=2421>)
I/org.umd.logging( 6890): Api < 1 java.lang.Thread.start()
I/org.umd.logging( 6890): Api > 1 java.lang.Thread.start(com.chartboost.sdk.impl.g@244345909<thread=2422>)
I/org.umd.logging( 6890): Method > 2419 com.chartboost.sdk.impl.c.run(com.chartboost.sdk.impl.c@348724926<thread=2419>)
I/org.umd.logging( 6890): Api < 1 java.lang.Thread.start()
I/org.umd.logging( 6890): Api > 1 java.lang.Thread.start(com.chartboost.sdk.impl.g@443836618<thread=2423>)
I/org.umd.logging( 6890): Method > 2420 com.chartboost.sdk.impl.g.run(com.chartboost.sdk.impl.g@636758815<thread=2420>)
I/org.umd.logging( 6890): Method > 2421 com.chartboost.sdk.impl.g.run(com.chartboost.sdk.impl.g@118750828<thread=2421>)
I/org.umd.logging( 6890): Method > 2144 com.flurry.sdk.dm$a.run(com.flurry.sdk.dm$a@410555736)
W/FlurryAgent( 6890): Finalize session
I/org.umd.logging( 6890): Api < 1 java.lang.Thread.start()
I/org.umd.logging( 6890): Api > 1 android.os.CountDownTimer.start(com.chartboost.sdk.impl.bb$1@48797361)
I/org.umd.logging( 6890): Api < 1 android.os.CountDownTimer.start(com.chartboost.sdk.impl.bb$1@48797361)
I/org.umd.logging( 6890): Method > 2422 com.chartboost.sdk.impl.g.run(com.chartboost.sdk.impl.g@244345909<thread=2422>)
I/org.umd.logging( 6890): Method < 2144 com.flurry.sdk.dm$a.run()
I/org.umd.logging( 6890): Method > 2058 com.flurry.sdk.ff.run(com.flurry.sdk.dj$8@12512493)
I/org.umd.logging( 6890): Method > 2423 com.chartboost.sdk.impl.g.run(com.chartboost.sdk.impl.g@443836618<thread=2423>)
I/Finsky  ( 4856): [1] com.google.android.finsky.utils.ji.a(101): TOS is accepted (pref)
I/org.umd.logging( 6890): Method < 2058 com.flurry.sdk.ff.run()
I/org.umd.logging( 6890): Method > 2058 com.flurry.sdk.ff.run(com.flurry.android.impl.ads.FlurryAdModule$5@78370227)
I/org.umd.logging( 6890): Method < 2058 com.flurry.sdk.ff.run()
I/org.umd.logging( 6890): Method > 2058 com.flurry.sdk.ff.run(com.flurry.sdk.dj$6@285481487)
I/org.umd.logging( 6890): Method < 2058 com.flurry.sdk.ff.run()
I/org.umd.logging( 6890): Method > 2058 com.flurry.sdk.ff.run(com.flurry.sdk.de$2@727750778)
I/org.umd.logging( 6890): Method < 1 com.chartboost.sdk.Chartboost.onStart()
I/org.umd.logging( 6890): Method > 2424 com.chartboost.sdk.impl.bb$c.run(com.chartboost.sdk.impl.bb$c@728237192)
I/org.umd.logging( 6890): Method < 1 com.prime31.ChartboostPlugin$1.run()
I/org.umd.logging( 6890): Method < 1 com.prime31.ChartboostPluginBase$1.run()
I/org.umd.logging( 6890): Method < 2424 com.chartboost.sdk.impl.bb$c.run()
I/org.umd.logging( 6890): Method < 1 com.prime31.ChartboostPluginBase.runSafelyOnUiThread()
I/org.umd.logging( 6890): Method < 1 com.prime31.ChartboostPluginBase.runSafelyOnUiThread()
I/org.umd.logging( 6890): Method < 1 com.prime31.ChartboostPlugin.onStart()
I/org.umd.logging( 6890): Method < 2058 com.flurry.sdk.ff.run()
I/org.umd.logging( 6890): Method > 2058 com.flurry.sdk.ff.run(com.flurry.sdk.de$3@827014151)
I/org.umd.logging( 6890): Method > 1 com.prime31.FlurryPlugin.onStart()
I/Prime31 ( 6890): starting Flurry session with key: YD9YFKQLLVFVZRF9SKLL
I/org.umd.logging( 6890): Method < 2058 com.flurry.sdk.ff.run()
I/org.umd.logging( 6890): Api > 1 android.net.ConnectivityManager.getActiveNetworkInfo(android.net.ConnectivityManager@832244523)
I/org.umd.logging( 6890): Method > 2425 com.flurry.sdk.ff.run(com.flurry.sdk.eg$1$1@425038243)
I/org.umd.logging( 6890): Api > 2420 java.net.URL.openConnection(java.net.URL@585161888<URL=https://live.chartboost.com/api/config>)
I/org.umd.logging( 6890): Method < 2425 com.flurry.sdk.ff.run()
I/org.umd.logging( 6890): Api < 2420 java.net.URL.openConnection(com.android.okhttp.internal.http.HttpsURLConnectionImpl@548855897)
I/org.umd.logging( 6890): Api < 1 android.net.ConnectivityManager.getActiveNetworkInfo(android.net.NetworkInfo@68080670)
I/org.umd.logging( 6890): Method > 2425 com.flurry.sdk.ff.run(com.flurry.sdk.el@406973277)
I/org.umd.logging( 6890): Api > 1 android.net.ConnectivityManager.getActiveNetworkInfo(android.net.ConnectivityManager@832244523)
I/org.umd.logging( 6890): Api > 2425 java.net.URL.openConnection(java.net.URL@740664575<URL=https://data.flurry.com/aap.do>)
I/org.umd.logging( 6890): Api < 2425 java.net.URL.openConnection(com.android.okhttp.internal.http.HttpsURLConnectionImpl@545727180)
I/org.umd.logging( 6890): Api < 1 android.net.ConnectivityManager.getActiveNetworkInfo(android.net.NetworkInfo@1005332757)
W/FlurryAgent( 6890): Start session with context: com.prime31.UnityPlayerNativeActivity@187a01f8 count:0
I/org.umd.logging( 6890): Method > 2058 com.flurry.sdk.ff.run(com.flurry.sdk.dj$1@324015146)
I/org.umd.logging( 6890): Api > 1 android.location.LocationManager.getBestProvider(android.location.LocationManager@403650148, android.location.Criteria@565809691, true)
I/org.umd.logging( 6890): Api < 1 android.location.LocationManager.getBestProvider(null)
I/org.umd.logging( 6890): Method < 1 com.prime31.FlurryPlugin.onStart()
I/org.umd.logging( 6890): Method < 1 com.prime31.UnityPlayerNativeActivity.onStart()
W/Ads     ( 6890): The webview is destroyed. Ignoring action.
W/Ads     ( 6890): JS: Blink deferred a task in order to make scrolling smoother. Your timer and network tasks should take less than 50ms to run to avoid this. Please see https://developers.google.com/web/tools/chrome-devtools/profile/evaluate-performance/rail and https://crbug.com/574343#c40 for more information. (https://googleads.g.doubleclick.net/mads/gma?_activity_context=true&android_num_video_cache_tasks=0&caps=inlineVideo_interactiveVideo_mraid1_mraid2_sdkVideo_th_autoplay_mediation_av_sdkAdmobApiForAds_di_aso_sfv_dinm_dim_dinmo_gcache&eid=318475406%2C318476426%2C318476953%2C420706035%2C46621136&format=interstitial_mb&heap_free=1116463&heap_max=201326592&heap_total=38175184&js=afma-sdk-a-v10084236.5089000.2&msid=com.tractiongames.stickbmxfree&preqs=0&scroll_index=-1&seq_num=1&target_api=19#_activity_context=true&android_num_video_cache_tasks=0&caps=inlineVideo_interactiveVideo_mraid1_mraid2_sdkVideo_th_autoplay_mediation_av_sdkAdmobApiForAds_di_aso_sfv_dinm_dim_dinmo_gcache&eid=318475406%252C318476426%252C318476953%252C420706035%252C46621136&format=interstitial_mb&heap_free=1116463&heap_max=201326592&heap_total=38175184&js=afma-sdk-a-v10084236.5089000.2&msid=com.tractiongames.stickbmxfree&preqs=0&scroll_index=-1&seq_num=1&target_api=19:0)
I/chromium( 6890): [INFO:CONSOLE(0)] "Blink deferred a task in order to make scrolling smoother. Your timer and network tasks should take less than 50ms to run to avoid this. Please see https://developers.google.com/web/tools/chrome-devtools/profile/evaluate-performance/rail and https://crbug.com/574343#c40 for more information.", source: https://googleads.g.doubleclick.net/mads/gma?_activity_context=true&android_num_video_cache_tasks=0&caps=inlineVideo_interactiveVideo_mraid1_mraid2_sdkVideo_th_autoplay_mediation_av_sdkAdmobApiForAds_di_aso_sfv_dinm_dim_dinmo_gcache&eid=318475406%2C318476426%2C318476953%2C420706035%2C46621136&format=interstitial_mb&heap_free=1116463&heap_max=201326592&heap_total=38175184&js=afma-sdk-a-v10084236.5089000.2&msid=com.tractiongames.stickbmxfree&preqs=0&scroll_index=-1&seq_num=1&target_api=19#_activity_context=true&android_num_video_cache_tasks=0&caps=inlineVideo_interactiveVideo_mraid1_mraid2_sdkVideo_th_autoplay_mediation_av_sdkAdmobApiForAds_di_aso_sfv_dinm_dim_dinmo_gcache&eid=318475406%252C318476426%252C318476953%252C420706035%252C46621136&format=interstitial_mb&heap_free=1116463&heap_max=201326592&heap_total=38175184&js=afma-sdk-a-v10084236.5089000.2&msid=com.tractiongames.stickbmxfree&preqs=0&scroll_index=-1&seq_num=1&target_api=19 (0)
W/Ads     ( 6890): JS: Blink deferred a task in order to make scrolling smoother. Your timer and network tasks should take less than 50ms to run to avoid this. Please see https://developers.google.com/web/tools/chrome-devtools/profile/evaluate-performance/rail and https://crbug.com/574343#c40 for more information. (https://googleads.g.doubleclick.net/mads/static/mad/sdk/native/sdk-core-v40-loader.html:0)
I/chromium( 6890): [INFO:CONSOLE(0)] "Blink deferred a task in order to make scrolling smoother. Your timer and network tasks should take less than 50ms to run to avoid this. Please see https://developers.google.com/web/tools/chrome-devtools/profile/evaluate-performance/rail and https://crbug.com/574343#c40 for more information.", source: https://googleads.g.doubleclick.net/mads/static/mad/sdk/native/sdk-core-v40-loader.html (0)
W/Ads     ( 6890): JS: Blink deferred a task in order to make scrolling smoother. Your timer and network tasks should take less than 50ms to run to avoid this. Please see https://developers.google.com/web/tools/chrome-devtools/profile/evaluate-performance/rail and https://crbug.com/574343#c40 for more information. (https://googleads.g.doubleclick.net/mads/gma?_activity_context=true&android_num_video_cache_tasks=0&caps=inlineVideo_interactiveVideo_mraid1_mraid2_sdkVideo_th_autoplay_mediation_av_sdkAdmobApiForAds_di_aso_sfv_dinm_dim_dinmo_gcache&eid=318475406%2C318476426%2C318476953%2C420706035%2C46621136&format=interstitial_mb&heap_free=9114600&heap_max=201326592&heap_total=45863168&js=afma-sdk-a-v10084236.5089000.2&msid=com.tractiongames.stickbmxfree&preqs=1&scroll_index=-1&seq_num=2&target_api=19#_activity_context=true&android_num_video_cache_tasks=0&caps=inlineVideo_interactiveVideo_mraid1_mraid2_sdkVideo_th_autoplay_mediation_av_sdkAdmobApiForAds_di_aso_sfv_dinm_dim_dinmo_gcache&eid=318475406%252C318476426%252C318476953%252C420706035%252C46621136&format=interstitial_mb&heap_free=9114600&heap_max=201326592&heap_total=45863168&js=afma-sdk-a-v10084236.5089000.2&msid=com.tractiongames.stickbmxfree&preqs=1&scroll_index=-1&seq_num=2&target_api=19:0)
I/chromium( 6890): [INFO:CONSOLE(0)] "Blink deferred a task in order to make scrolling smoother. Your timer and network tasks should take less than 50ms to run to avoid this. Please see https://developers.google.com/web/tools/chrome-devtools/profile/evaluate-performance/rail and https://crbug.com/574343#c40 for more information.", source: https://googleads.g.doubleclick.net/mads/gma?_activity_context=true&android_num_video_cache_tasks=0&caps=inlineVideo_interactiveVideo_mraid1_mraid2_sdkVideo_th_autoplay_mediation_av_sdkAdmobApiForAds_di_aso_sfv_dinm_dim_dinmo_gcache&eid=318475406%2C318476426%2C318476953%2C420706035%2C46621136&format=interstitial_mb&heap_free=9114600&heap_max=201326592&heap_total=45863168&js=afma-sdk-a-v10084236.5089000.2&msid=com.tractiongames.stickbmxfree&preqs=1&scroll_index=-1&seq_num=2&target_api=19#_activity_context=true&android_num_video_cache_tasks=0&caps=inlineVideo_interactiveVideo_mraid1_mraid2_sdkVideo_th_autoplay_mediation_av_sdkAdmobApiForAds_di_aso_sfv_dinm_dim_dinmo_gcache&eid=318475406%252C318476426%252C318476953%252C420706035%252C46621136&format=interstitial_mb&heap_free=9114600&heap_max=201326592&heap_total=45863168&js=afma-sdk-a-v10084236.5089000.2&msid=com.tractiongames.stickbmxfree&preqs=1&scroll_index=-1&seq_num=2&target_api=19 (0)
W/cr_BindingManager( 6890): Cannot call determinedVisibility() - never saw a connection for the pid: 6890
W/Ads     ( 6890): The webview is destroyed. Ignoring action.
I/org.umd.logging( 6890): Method > 2420 com.chartboost.sdk.impl.e$1.execute(com.chartboost.sdk.impl.e$1@886200231, com.chartboost.sdk.impl.e$a@498288886)
I/org.umd.logging( 6890): Method < 2420 com.chartboost.sdk.impl.e$1.execute()
I/Finsky  ( 4856): [1] com.google.android.finsky.receivers.UpdateWidgetsReceiver.onReceive(38): Updated 0 MarketWidgetProvider widgets (com.google.android.finsky.action.TOC_SET)
I/Finsky  ( 4856): [1] com.google.android.finsky.receivers.UpdateWidgetsReceiver.onReceive(38): Updated 0 RecommendedWidgetProvider widgets (com.google.android.finsky.action.TOC_SET)
