I/org.umd.logging(14680): Method > 1 org.cocos2dx.lib.Cocos2dxGLSurfaceView.onTouchEvent(org.cocos2dx.lib.Cocos2dxGLSurfaceView@839259446<file=><x=0><y=0><width=768><height=1184><id=-1>, android.view.MotionEvent@998919672)
I/org.umd.logging(14680): Method < 1 org.cocos2dx.lib.Cocos2dxGLSurfaceView.onTouchEvent(true)
W/ResourceType(14680): No known package when getting name for resource number 0xffffffff
I/org.umd.logging(14680): Method > 1 org.cocos2dx.lib.Cocos2dxGLSurfaceView.onTouchEvent(org.cocos2dx.lib.Cocos2dxGLSurfaceView@839259446<file=><x=0><y=0><width=768><height=1184><id=-1>, android.view.MotionEvent@998919672)
I/org.umd.logging(14680): Method < 1 org.cocos2dx.lib.Cocos2dxGLSurfaceView.onTouchEvent(true)
W/ResourceType(14680): No known package when getting name for resource number 0xffffffff
I/org.umd.logging(14680): Method > 1 org.cocos2dx.lib.Cocos2dxGLSurfaceView.onTouchEvent(org.cocos2dx.lib.Cocos2dxGLSurfaceView@839259446<file=><x=0><y=0><width=768><height=1184><id=-1>, android.view.MotionEvent@998919672)
I/org.umd.logging(14680): Method < 1 org.cocos2dx.lib.Cocos2dxGLSurfaceView.onTouchEvent(true)
W/ResourceType(14680): No known package when getting name for resource number 0xffffffff
I/org.umd.logging(14680): Method > 1 org.cocos2dx.lib.Cocos2dxGLSurfaceView.onTouchEvent(org.cocos2dx.lib.Cocos2dxGLSurfaceView@839259446<file=><x=0><y=0><width=768><height=1184><id=-1>, android.view.MotionEvent@998919672)
I/org.umd.logging(14680): Method < 1 org.cocos2dx.lib.Cocos2dxGLSurfaceView.onTouchEvent(true)
W/ResourceType(14680): No known package when getting name for resource number 0xffffffff
I/org.umd.logging(14680): Method > 1 org.cocos2dx.lib.Cocos2dxGLSurfaceView.onTouchEvent(org.cocos2dx.lib.Cocos2dxGLSurfaceView@839259446<file=><x=0><y=0><width=768><height=1184><id=-1>, android.view.MotionEvent@998919672)
I/org.umd.logging(14680): Method < 1 org.cocos2dx.lib.Cocos2dxGLSurfaceView.onTouchEvent(true)
W/ResourceType(14680): No known package when getting name for resource number 0xffffffff
I/org.umd.logging(14680): Method > 1 org.cocos2dx.lib.Cocos2dxGLSurfaceView.onTouchEvent(org.cocos2dx.lib.Cocos2dxGLSurfaceView@839259446<file=><x=0><y=0><width=768><height=1184><id=-1>, android.view.MotionEvent@998919672)
I/org.umd.logging(14680): Method < 1 org.cocos2dx.lib.Cocos2dxGLSurfaceView.onTouchEvent(true)
I/InputDispatcher(  594): Window 'Window{2e2abdde u0 com.xbubble.bubbleisland2/com.xbubble.bubbleisland2.MainActivity}' spent 2014.1ms processing the last input event: MotionEvent(deviceId=0, source=0x00001002, action=0, flags=0x00000000, metaState=0x00000000, buttonState=0x00000000, edgeFlags=0x00000000, xPrecision=1.0, yPrecision=1.0, displayId=0, pointers=[0: (166.0, 66.0)]), policyFlags=0x6b000000
W/ResourceType(14680): No known package when getting name for resource number 0xffffffff
I/org.umd.logging(14680): Method > 1 org.cocos2dx.lib.Cocos2dxGLSurfaceView.onTouchEvent(org.cocos2dx.lib.Cocos2dxGLSurfaceView@839259446<file=><x=0><y=0><width=768><height=1184><id=-1>, android.view.MotionEvent@998919672)
I/org.umd.logging(14680): Method < 1 org.cocos2dx.lib.Cocos2dxGLSurfaceView.onTouchEvent(true)
I/InputDispatcher(  594): Window 'Window{2e2abdde u0 com.xbubble.bubbleisland2/com.xbubble.bubbleisland2.MainActivity}' spent 2074.7ms processing the last input event: MotionEvent(deviceId=0, source=0x00001002, action=1, flags=0x00000000, metaState=0x00000000, buttonState=0x00000000, edgeFlags=0x00000000, xPrecision=1.0, yPrecision=1.0, displayId=0, pointers=[0: (155.6, 62.7)]), policyFlags=0x6b000000
W/ResourceType(14680): No known package when getting name for resource number 0xffffffff
I/org.umd.logging(14680): Method > 1 org.cocos2dx.lib.Cocos2dxGLSurfaceView.onTouchEvent(org.cocos2dx.lib.Cocos2dxGLSurfaceView@839259446<file=><x=0><y=0><width=768><height=1184><id=-1>, android.view.MotionEvent@998919672)
I/org.umd.logging(14680): Method < 1 org.cocos2dx.lib.Cocos2dxGLSurfaceView.onTouchEvent(true)
I/InputDispatcher(  594): Window 'Window{2e2abdde u0 com.xbubble.bubbleisland2/com.xbubble.bubbleisland2.MainActivity}' spent 2134.1ms processing the last input event: MotionEvent(deviceId=0, source=0x00001002, action=0, flags=0x00000000, metaState=0x00000000, buttonState=0x00000000, edgeFlags=0x00000000, xPrecision=1.0, yPrecision=1.0, displayId=0, pointers=[0: (194.0, 528.0)]), policyFlags=0x6b000000
W/ResourceType(14680): No known package when getting name for resource number 0xffffffff
I/org.umd.logging(14680): Method > 1 org.cocos2dx.lib.Cocos2dxGLSurfaceView.onTouchEvent(org.cocos2dx.lib.Cocos2dxGLSurfaceView@839259446<file=><x=0><y=0><width=768><height=1184><id=-1>, android.view.MotionEvent@998919672)
I/org.umd.logging(14680): Method < 1 org.cocos2dx.lib.Cocos2dxGLSurfaceView.onTouchEvent(true)
I/InputDispatcher(  594): Window 'Window{2e2abdde u0 com.xbubble.bubbleisland2/com.xbubble.bubbleisland2.MainActivity}' spent 2194.4ms processing the last input event: MotionEvent(deviceId=0, source=0x00001002, action=1, flags=0x00000000, metaState=0x00000000, buttonState=0x00000000, edgeFlags=0x00000000, xPrecision=1.0, yPrecision=1.0, displayId=0, pointers=[0: (191.7, 532.6)]), policyFlags=0x6b000000
W/ResourceType(14680): No known package when getting name for resource number 0xffffffff
I/org.umd.logging(14680): Method > 1 org.cocos2dx.lib.Cocos2dxGLSurfaceView.onTouchEvent(org.cocos2dx.lib.Cocos2dxGLSurfaceView@839259446<file=><x=0><y=0><width=768><height=1184><id=-1>, android.view.MotionEvent@998919672)
I/org.umd.logging(14680): Method < 1 org.cocos2dx.lib.Cocos2dxGLSurfaceView.onTouchEvent(true)
I/InputDispatcher(  594): Window 'Window{2e2abdde u0 com.xbubble.bubbleisland2/com.xbubble.bubbleisland2.MainActivity}' spent 2247.3ms processing the last input event: MotionEvent(deviceId=0, source=0x00001002, action=0, flags=0x00000000, metaState=0x00000000, buttonState=0x00000000, edgeFlags=0x00000000, xPrecision=1.0, yPrecision=1.0, displayId=0, pointers=[0: (657.0, 569.0)]), policyFlags=0x6b000000
W/ResourceType(14680): No known package when getting name for resource number 0xffffffff
I/org.umd.logging(14680): Method > 1 org.cocos2dx.lib.Cocos2dxGLSurfaceView.onTouchEvent(org.cocos2dx.lib.Cocos2dxGLSurfaceView@839259446<file=><x=0><y=0><width=768><height=1184><id=-1>, android.view.MotionEvent@998919672)
I/org.umd.logging(14680): Method < 1 org.cocos2dx.lib.Cocos2dxGLSurfaceView.onTouchEvent(true)
I/InputDispatcher(  594): Window 'Window{2e2abdde u0 com.xbubble.bubbleisland2/com.xbubble.bubbleisland2.MainActivity}' spent 2312.1ms processing the last input event: MotionEvent(deviceId=0, source=0x00001002, action=1, flags=0x00000000, metaState=0x00000000, buttonState=0x00000000, edgeFlags=0x00000000, xPrecision=1.0, yPrecision=1.0, displayId=0, pointers=[0: (656.5, 561.9)]), policyFlags=0x6b000000
W/ResourceType(14680): No known package when getting name for resource number 0xffffffff
I/org.umd.logging(14680): Method > 1 org.cocos2dx.lib.Cocos2dxGLSurfaceView.onTouchEvent(org.cocos2dx.lib.Cocos2dxGLSurfaceView@839259446<file=><x=0><y=0><width=768><height=1184><id=-1>, android.view.MotionEvent@998919672)
I/org.umd.logging(14680): Method < 1 org.cocos2dx.lib.Cocos2dxGLSurfaceView.onTouchEvent(true)
I/InputDispatcher(  594): Window 'Window{2e2abdde u0 com.xbubble.bubbleisland2/com.xbubble.bubbleisland2.MainActivity}' spent 2369.2ms processing the last input event: MotionEvent(deviceId=0, source=0x00001002, action=0, flags=0x00000000, metaState=0x00000000, buttonState=0x00000000, edgeFlags=0x00000000, xPrecision=1.0, yPrecision=1.0, displayId=0, pointers=[0: (308.0, 827.0)]), policyFlags=0x6b000000
W/ResourceType(14680): No known package when getting name for resource number 0xffffffff
I/org.umd.logging(14680): Method > 1 org.cocos2dx.lib.Cocos2dxGLSurfaceView.onTouchEvent(org.cocos2dx.lib.Cocos2dxGLSurfaceView@839259446<file=><x=0><y=0><width=768><height=1184><id=-1>, android.view.MotionEvent@998919672)
I/org.umd.logging(14680): Method < 1 org.cocos2dx.lib.Cocos2dxGLSurfaceView.onTouchEvent(true)
I/InputDispatcher(  594): Window 'Window{2e2abdde u0 com.xbubble.bubbleisland2/com.xbubble.bubbleisland2.MainActivity}' spent 2425.3ms processing the last input event: MotionEvent(deviceId=0, source=0x00001002, action=1, flags=0x00000000, metaState=0x00000000, buttonState=0x00000000, edgeFlags=0x00000000, xPrecision=1.0, yPrecision=1.0, displayId=0, pointers=[0: (308.2, 828.8)]), policyFlags=0x6b000000
W/ResourceType(14680): No known package when getting name for resource number 0xffffffff
I/org.umd.logging(14680): Method > 1 org.cocos2dx.lib.Cocos2dxGLSurfaceView.onTouchEvent(org.cocos2dx.lib.Cocos2dxGLSurfaceView@839259446<file=><x=0><y=0><width=768><height=1184><id=-1>, android.view.MotionEvent@998919672)
I/org.umd.logging(14680): Method < 1 org.cocos2dx.lib.Cocos2dxGLSurfaceView.onTouchEvent(true)
I/InputDispatcher(  594): Window 'Window{2e2abdde u0 com.xbubble.bubbleisland2/com.xbubble.bubbleisland2.MainActivity}' spent 2495.6ms processing the last input event: MotionEvent(deviceId=0, source=0x00001002, action=0, flags=0x00000000, metaState=0x00000000, buttonState=0x00000000, edgeFlags=0x00000000, xPrecision=1.0, yPrecision=1.0, displayId=0, pointers=[0: (77.0, 602.0)]), policyFlags=0x6b000000
W/ResourceType(14680): No known package when getting name for resource number 0xffffffff
I/org.umd.logging(14680): Method > 1 org.cocos2dx.lib.Cocos2dxGLSurfaceView.onTouchEvent(org.cocos2dx.lib.Cocos2dxGLSurfaceView@839259446<file=><x=0><y=0><width=768><height=1184><id=-1>, android.view.MotionEvent@998919672)
I/org.umd.logging(14680): Method < 1 org.cocos2dx.lib.Cocos2dxGLSurfaceView.onTouchEvent(true)
I/InputDispatcher(  594): Window 'Window{2e2abdde u0 com.xbubble.bubbleisland2/com.xbubble.bubbleisland2.MainActivity}' spent 2558.7ms processing the last input event: MotionEvent(deviceId=0, source=0x00001002, action=1, flags=0x00000000, metaState=0x00000000, buttonState=0x00000000, edgeFlags=0x00000000, xPrecision=1.0, yPrecision=1.0, displayId=0, pointers=[0: (89.7, 593.2)]), policyFlags=0x6b000000
W/ResourceType(14680): No known package when getting name for resource number 0xffffffff
I/org.umd.logging(14680): Method > 1 org.cocos2dx.lib.Cocos2dxGLSurfaceView.onTouchEvent(org.cocos2dx.lib.Cocos2dxGLSurfaceView@839259446<file=><x=0><y=0><width=768><height=1184><id=-1>, android.view.MotionEvent@998919672)
I/org.umd.logging(14680): Method < 1 org.cocos2dx.lib.Cocos2dxGLSurfaceView.onTouchEvent(true)
I/InputDispatcher(  594): Window 'Window{2e2abdde u0 com.xbubble.bubbleisland2/com.xbubble.bubbleisland2.MainActivity}' spent 2619.6ms processing the last input event: MotionEvent(deviceId=0, source=0x00001002, action=0, flags=0x00000000, metaState=0x00000000, buttonState=0x00000000, edgeFlags=0x00000000, xPrecision=1.0, yPrecision=1.0, displayId=0, pointers=[0: (437.0, 229.0)]), policyFlags=0x6b000000
W/ResourceType(14680): No known package when getting name for resource number 0xffffffff
I/org.umd.logging(14680): Method > 1 org.cocos2dx.lib.Cocos2dxGLSurfaceView.onTouchEvent(org.cocos2dx.lib.Cocos2dxGLSurfaceView@839259446<file=><x=0><y=0><width=768><height=1184><id=-1>, android.view.MotionEvent@998919672)
I/org.umd.logging(14680): Method < 1 org.cocos2dx.lib.Cocos2dxGLSurfaceView.onTouchEvent(true)
I/InputDispatcher(  594): Window 'Window{2e2abdde u0 com.xbubble.bubbleisland2/com.xbubble.bubbleisland2.MainActivity}' spent 2681.3ms processing the last input event: MotionEvent(deviceId=0, source=0x00001002, action=1, flags=0x00000000, metaState=0x00000000, buttonState=0x00000000, edgeFlags=0x00000000, xPrecision=1.0, yPrecision=1.0, displayId=0, pointers=[0: (437.3, 238.7)]), policyFlags=0x6b000000
W/ResourceType(14680): No known package when getting name for resource number 0xffffffff
I/org.umd.logging(14680): Method > 1 org.cocos2dx.lib.Cocos2dxGLSurfaceView.onTouchEvent(org.cocos2dx.lib.Cocos2dxGLSurfaceView@839259446<file=><x=0><y=0><width=768><height=1184><id=-1>, android.view.MotionEvent@998919672)
I/org.umd.logging(14680): Method < 1 org.cocos2dx.lib.Cocos2dxGLSurfaceView.onTouchEvent(true)
I/InputDispatcher(  594): Window 'Window{2e2abdde u0 com.xbubble.bubbleisland2/com.xbubble.bubbleisland2.MainActivity}' spent 2741.9ms processing the last input event: MotionEvent(deviceId=0, source=0x00001002, action=0, flags=0x00000000, metaState=0x00000000, buttonState=0x00000000, edgeFlags=0x00000000, xPrecision=1.0, yPrecision=1.0, displayId=0, pointers=[0: (288.0, 987.0)]), policyFlags=0x6b000000
W/ResourceType(14680): No known package when getting name for resource number 0xffffffff
I/org.umd.logging(14680): Method > 1 org.cocos2dx.lib.Cocos2dxGLSurfaceView.onTouchEvent(org.cocos2dx.lib.Cocos2dxGLSurfaceView@839259446<file=><x=0><y=0><width=768><height=1184><id=-1>, android.view.MotionEvent@998919672)
I/org.umd.logging(14680): Method < 1 org.cocos2dx.lib.Cocos2dxGLSurfaceView.onTouchEvent(true)
I/InputDispatcher(  594): Window 'Window{2e2abdde u0 com.xbubble.bubbleisland2/com.xbubble.bubbleisland2.MainActivity}' spent 2792.3ms processing the last input event: MotionEvent(deviceId=0, source=0x00001002, action=1, flags=0x00000000, metaState=0x00000000, buttonState=0x00000000, edgeFlags=0x00000000, xPrecision=1.0, yPrecision=1.0, displayId=0, pointers=[0: (298.1, 976.2)]), policyFlags=0x6b000000
W/ResourceType(14680): No known package when getting name for resource number 0xffffffff
I/org.umd.logging(14680): Method > 1 org.cocos2dx.lib.Cocos2dxGLSurfaceView.onTouchEvent(org.cocos2dx.lib.Cocos2dxGLSurfaceView@839259446<file=><x=0><y=0><width=768><height=1184><id=-1>, android.view.MotionEvent@998919672)
I/org.umd.logging(14680): Method < 1 org.cocos2dx.lib.Cocos2dxGLSurfaceView.onTouchEvent(true)
I/InputDispatcher(  594): Window 'Window{2e2abdde u0 com.xbubble.bubbleisland2/com.xbubble.bubbleisland2.MainActivity}' spent 2848.3ms processing the last input event: MotionEvent(deviceId=0, source=0x00001002, action=0, flags=0x00000000, metaState=0x00000000, buttonState=0x00000000, edgeFlags=0x00000000, xPrecision=1.0, yPrecision=1.0, displayId=0, pointers=[0: (14.0, 989.0)]), policyFlags=0x6b000000
W/ResourceType(14680): No known package when getting name for resource number 0xffffffff
I/org.umd.logging(14680): Method > 1 org.cocos2dx.lib.Cocos2dxGLSurfaceView.onTouchEvent(org.cocos2dx.lib.Cocos2dxGLSurfaceView@839259446<file=><x=0><y=0><width=768><height=1184><id=-1>, android.view.MotionEvent@998919672)
I/org.umd.logging(14680): Method < 1 org.cocos2dx.lib.Cocos2dxGLSurfaceView.onTouchEvent(true)
I/InputDispatcher(  594): Window 'Window{2e2abdde u0 com.xbubble.bubbleisland2/com.xbubble.bubbleisland2.MainActivity}' spent 2904.3ms processing the last input event: MotionEvent(deviceId=0, source=0x00001002, action=1, flags=0x00000000, metaState=0x00000000, buttonState=0x00000000, edgeFlags=0x00000000, xPrecision=1.0, yPrecision=1.0, displayId=0, pointers=[0: (13.9, 989.7)]), policyFlags=0x6b000000
W/ResourceType(14680): No known package when getting name for resource number 0xffffffff
I/org.umd.logging(14680): Method > 1 org.cocos2dx.lib.Cocos2dxGLSurfaceView.onTouchEvent(org.cocos2dx.lib.Cocos2dxGLSurfaceView@839259446<file=><x=0><y=0><width=768><height=1184><id=-1>, android.view.MotionEvent@998919672)
I/org.umd.logging(14680): Method < 1 org.cocos2dx.lib.Cocos2dxGLSurfaceView.onTouchEvent(true)
I/InputDispatcher(  594): Window 'Window{2e2abdde u0 com.xbubble.bubbleisland2/com.xbubble.bubbleisland2.MainActivity}' spent 2963.2ms processing the last input event: MotionEvent(deviceId=0, source=0x00001002, action=0, flags=0x00000000, metaState=0x00000000, buttonState=0x00000000, edgeFlags=0x00000000, xPrecision=1.0, yPrecision=1.0, displayId=0, pointers=[0: (208.0, 640.0)]), policyFlags=0x6b000000
W/ResourceType(14680): No known package when getting name for resource number 0xffffffff
I/org.umd.logging(14680): Method > 1 org.cocos2dx.lib.Cocos2dxGLSurfaceView.onTouchEvent(org.cocos2dx.lib.Cocos2dxGLSurfaceView@839259446<file=><x=0><y=0><width=768><height=1184><id=-1>, android.view.MotionEvent@998919672)
I/org.umd.logging(14680): Method < 1 org.cocos2dx.lib.Cocos2dxGLSurfaceView.onTouchEvent(true)
I/InputDispatcher(  594): Window 'Window{2e2abdde u0 com.xbubble.bubbleisland2/com.xbubble.bubbleisland2.MainActivity}' spent 3017.3ms processing the last input event: MotionEvent(deviceId=0, source=0x00001002, action=1, flags=0x00000000, metaState=0x00000000, buttonState=0x00000000, edgeFlags=0x00000000, xPrecision=1.0, yPrecision=1.0, displayId=0, pointers=[0: (219.5, 644.3)]), policyFlags=0x6b000000
W/ResourceType(14680): No known package when getting name for resource number 0xffffffff
I/org.umd.logging(14680): Method > 1 org.cocos2dx.lib.Cocos2dxGLSurfaceView.onTouchEvent(org.cocos2dx.lib.Cocos2dxGLSurfaceView@839259446<file=><x=0><y=0><width=768><height=1184><id=-1>, android.view.MotionEvent@998919672)
I/org.umd.logging(14680): Method < 1 org.cocos2dx.lib.Cocos2dxGLSurfaceView.onTouchEvent(true)
I/InputDispatcher(  594): Window 'Window{2e2abdde u0 com.xbubble.bubbleisland2/com.xbubble.bubbleisland2.MainActivity}' spent 3078.8ms processing the last input event: MotionEvent(deviceId=0, source=0x00001002, action=0, flags=0x00000000, metaState=0x00000000, buttonState=0x00000000, edgeFlags=0x00000000, xPrecision=1.0, yPrecision=1.0, displayId=0, pointers=[0: (586.0, 1030.0)]), policyFlags=0x6b000000
W/ResourceType(14680): No known package when getting name for resource number 0xffffffff
I/org.umd.logging(14680): Method > 1 org.cocos2dx.lib.Cocos2dxGLSurfaceView.onTouchEvent(org.cocos2dx.lib.Cocos2dxGLSurfaceView@839259446<file=><x=0><y=0><width=768><height=1184><id=-1>, android.view.MotionEvent@998919672)
I/org.umd.logging(14680): Method < 1 org.cocos2dx.lib.Cocos2dxGLSurfaceView.onTouchEvent(true)
I/InputDispatcher(  594): Window 'Window{2e2abdde u0 com.xbubble.bubbleisland2/com.xbubble.bubbleisland2.MainActivity}' spent 3156.4ms processing the last input event: MotionEvent(deviceId=0, source=0x00001002, action=1, flags=0x00000000, metaState=0x00000000, buttonState=0x00000000, edgeFlags=0x00000000, xPrecision=1.0, yPrecision=1.0, displayId=0, pointers=[0: (587.4, 1030.0)]), policyFlags=0x6b000000
W/ResourceType(14680): No known package when getting name for resource number 0xffffffff
I/org.umd.logging(14680): Method > 1 org.cocos2dx.lib.Cocos2dxGLSurfaceView.onTouchEvent(org.cocos2dx.lib.Cocos2dxGLSurfaceView@839259446<file=><x=0><y=0><width=768><height=1184><id=-1>, android.view.MotionEvent@998919672)
I/org.umd.logging(14680): Method < 1 org.cocos2dx.lib.Cocos2dxGLSurfaceView.onTouchEvent(true)
I/InputDispatcher(  594): Window 'Window{2e2abdde u0 com.xbubble.bubbleisland2/com.xbubble.bubbleisland2.MainActivity}' spent 3209.9ms processing the last input event: MotionEvent(deviceId=0, source=0x00001002, action=0, flags=0x00000000, metaState=0x00000000, buttonState=0x00000000, edgeFlags=0x00000000, xPrecision=1.0, yPrecision=1.0, displayId=0, pointers=[0: (306.0, 905.0)]), policyFlags=0x6b000000
W/ResourceType(14680): No known package when getting name for resource number 0xffffffff
I/org.umd.logging(14680): Method > 1 org.cocos2dx.lib.Cocos2dxGLSurfaceView.onTouchEvent(org.cocos2dx.lib.Cocos2dxGLSurfaceView@839259446<file=><x=0><y=0><width=768><height=1184><id=-1>, android.view.MotionEvent@998919672)
I/org.umd.logging(14680): Method < 1 org.cocos2dx.lib.Cocos2dxGLSurfaceView.onTouchEvent(true)
I/InputDispatcher(  594): Window 'Window{2e2abdde u0 com.xbubble.bubbleisland2/com.xbubble.bubbleisland2.MainActivity}' spent 3290.7ms processing the last input event: MotionEvent(deviceId=0, source=0x00001002, action=1, flags=0x00000000, metaState=0x00000000, buttonState=0x00000000, edgeFlags=0x00000000, xPrecision=1.0, yPrecision=1.0, displayId=0, pointers=[0: (304.8, 885.7)]), policyFlags=0x6b000000
I/InputDispatcher(  594): Window 'Window{2e2abdde u0 com.xbubble.bubbleisland2/com.xbubble.bubbleisland2.MainActivity}' spent 3290.3ms processing the last input event: MotionEvent(deviceId=0, source=0x00001002, action=0, flags=0x00000000, metaState=0x00000000, buttonState=0x00000000, edgeFlags=0x00000000, xPrecision=1.0, yPrecision=1.0, displayId=0, pointers=[0: (73.0, 1150.0)]), policyFlags=0x6b000000
I/InputDispatcher(  594): Window 'Window{2e2abdde u0 com.xbubble.bubbleisland2/com.xbubble.bubbleisland2.MainActivity}' spent 3304.0ms processing the last input event: MotionEvent(deviceId=0, source=0x00001002, action=1, flags=0x00000000, metaState=0x00000000, buttonState=0x00000000, edgeFlags=0x00000000, xPrecision=1.0, yPrecision=1.0, displayId=0, pointers=[0: (84.1, 1153.0)]), policyFlags=0x6b000000
W/ResourceType(14680): No known package when getting name for resource number 0xffffffff
I/org.umd.logging(14680): Method > 1 org.cocos2dx.lib.Cocos2dxGLSurfaceView.onTouchEvent(org.cocos2dx.lib.Cocos2dxGLSurfaceView@839259446<file=><x=0><y=0><width=768><height=1184><id=-1>, android.view.MotionEvent@998919672)
I/org.umd.logging(14680): Method < 1 org.cocos2dx.lib.Cocos2dxGLSurfaceView.onTouchEvent(true)
I/InputDispatcher(  594): Window 'Window{2e2abdde u0 com.xbubble.bubbleisland2/com.xbubble.bubbleisland2.MainActivity}' spent 3382.5ms processing the last input event: MotionEvent(deviceId=0, source=0x00001002, action=0, flags=0x00000000, metaState=0x00000000, buttonState=0x00000000, edgeFlags=0x00000000, xPrecision=1.0, yPrecision=1.0, displayId=0, pointers=[0: (254.0, 1077.0)]), policyFlags=0x6b000000
W/ResourceType(14680): No known package when getting name for resource number 0xffffffff
I/org.umd.logging(14680): Method > 1 org.cocos2dx.lib.Cocos2dxGLSurfaceView.onTouchEvent(org.cocos2dx.lib.Cocos2dxGLSurfaceView@839259446<file=><x=0><y=0><width=768><height=1184><id=-1>, android.view.MotionEvent@998919672)
I/org.umd.logging(14680): Method < 1 org.cocos2dx.lib.Cocos2dxGLSurfaceView.onTouchEvent(true)
I/InputDispatcher(  594): Window 'Window{2e2abdde u0 com.xbubble.bubbleisland2/com.xbubble.bubbleisland2.MainActivity}' spent 3456.3ms processing the last input event: MotionEvent(deviceId=0, source=0x00001002, action=1, flags=0x00000000, metaState=0x00000000, buttonState=0x00000000, edgeFlags=0x00000000, xPrecision=1.0, yPrecision=1.0, displayId=0, pointers=[0: (254.7, 1074.9)]), policyFlags=0x6b000000
W/ResourceType(14680): No known package when getting name for resource number 0xffffffff
I/org.umd.logging(14680): Method > 1 org.cocos2dx.lib.Cocos2dxGLSurfaceView.onTouchEvent(org.cocos2dx.lib.Cocos2dxGLSurfaceView@839259446<file=><x=0><y=0><width=768><height=1184><id=-1>, android.view.MotionEvent@998919672)
I/org.umd.logging(14680): Method < 1 org.cocos2dx.lib.Cocos2dxGLSurfaceView.onTouchEvent(true)
I/InputDispatcher(  594): Window 'Window{2e2abdde u0 com.xbubble.bubbleisland2/com.xbubble.bubbleisland2.MainActivity}' spent 3507.6ms processing the last input event: MotionEvent(deviceId=0, source=0x00001002, action=0, flags=0x00000000, metaState=0x00000000, buttonState=0x00000000, edgeFlags=0x00000000, xPrecision=1.0, yPrecision=1.0, displayId=0, pointers=[0: (63.0, 361.0)]), policyFlags=0x6b000000
W/ResourceType(14680): No known package when getting name for resource number 0xffffffff
I/org.umd.logging(14680): Method > 1 org.cocos2dx.lib.Cocos2dxGLSurfaceView.onTouchEvent(org.cocos2dx.lib.Cocos2dxGLSurfaceView@839259446<file=><x=0><y=0><width=768><height=1184><id=-1>, android.view.MotionEvent@998919672)
I/org.umd.logging(14680): Method < 1 org.cocos2dx.lib.Cocos2dxGLSurfaceView.onTouchEvent(true)
I/InputDispatcher(  594): Window 'Window{2e2abdde u0 com.xbubble.bubbleisland2/com.xbubble.bubbleisland2.MainActivity}' spent 3557.6ms processing the last input event: MotionEvent(deviceId=0, source=0x00001002, action=1, flags=0x00000000, metaState=0x00000000, buttonState=0x00000000, edgeFlags=0x00000000, xPrecision=1.0, yPrecision=1.0, displayId=0, pointers=[0: (59.7, 361.5)]), policyFlags=0x6b000000
I/InputDispatcher(  594): Window 'Window{2e2abdde u0 com.xbubble.bubbleisland2/com.xbubble.bubbleisland2.MainActivity}' spent 3556.0ms processing the last input event: MotionEvent(deviceId=0, source=0x00001002, action=0, flags=0x00000000, metaState=0x00000000, buttonState=0x00000000, edgeFlags=0x00000000, xPrecision=1.0, yPrecision=1.0, displayId=0, pointers=[0: (240.0, 1099.0)]), policyFlags=0x6b000000
I/InputDispatcher(  594): Window 'Window{2e2abdde u0 com.xbubble.bubbleisland2/com.xbubble.bubbleisland2.MainActivity}' spent 3568.1ms processing the last input event: MotionEvent(deviceId=0, source=0x00001002, action=1, flags=0x00000000, metaState=0x00000000, buttonState=0x00000000, edgeFlags=0x00000000, xPrecision=1.0, yPrecision=1.0, displayId=0, pointers=[0: (232.3, 1118.6)]), policyFlags=0x6b000000
W/ResourceType(14680): No known package when getting name for resource number 0xffffffff
I/org.umd.logging(14680): Method > 1 org.cocos2dx.lib.Cocos2dxGLSurfaceView.onTouchEvent(org.cocos2dx.lib.Cocos2dxGLSurfaceView@839259446<file=><x=0><y=0><width=768><height=1184><id=-1>, android.view.MotionEvent@998919672)
I/org.umd.logging(14680): Method < 1 org.cocos2dx.lib.Cocos2dxGLSurfaceView.onTouchEvent(true)
I/InputDispatcher(  594): Window 'Window{2e2abdde u0 com.xbubble.bubbleisland2/com.xbubble.bubbleisland2.MainActivity}' spent 3620.6ms processing the last input event: MotionEvent(deviceId=0, source=0x00001002, action=0, flags=0x00000000, metaState=0x00000000, buttonState=0x00000000, edgeFlags=0x00000000, xPrecision=1.0, yPrecision=1.0, displayId=0, pointers=[0: (280.0, 676.0)]), policyFlags=0x6b000000
W/ResourceType(14680): No known package when getting name for resource number 0xffffffff
I/org.umd.logging(14680): Method > 1 org.cocos2dx.lib.Cocos2dxGLSurfaceView.onTouchEvent(org.cocos2dx.lib.Cocos2dxGLSurfaceView@839259446<file=><x=0><y=0><width=768><height=1184><id=-1>, android.view.MotionEvent@998919672)
I/org.umd.logging(14680): Method < 1 org.cocos2dx.lib.Cocos2dxGLSurfaceView.onTouchEvent(true)
I/InputDispatcher(  594): Window 'Window{2e2abdde u0 com.xbubble.bubbleisland2/com.xbubble.bubbleisland2.MainActivity}' spent 3705.9ms processing the last input event: MotionEvent(deviceId=0, source=0x00001002, action=1, flags=0x00000000, metaState=0x00000000, buttonState=0x00000000, edgeFlags=0x00000000, xPrecision=1.0, yPrecision=1.0, displayId=0, pointers=[0: (291.0, 682.2)]), policyFlags=0x6b000000
W/ResourceType(14680): No known package when getting name for resource number 0xffffffff
I/org.umd.logging(14680): Method > 1 org.cocos2dx.lib.Cocos2dxGLSurfaceView.onTouchEvent(org.cocos2dx.lib.Cocos2dxGLSurfaceView@839259446<file=><x=0><y=0><width=768><height=1184><id=-1>, android.view.MotionEvent@998919672)
I/org.umd.logging(14680): Method < 1 org.cocos2dx.lib.Cocos2dxGLSurfaceView.onTouchEvent(true)
I/InputDispatcher(  594): Window 'Window{2e2abdde u0 com.xbubble.bubbleisland2/com.xbubble.bubbleisland2.MainActivity}' spent 3807.9ms processing the last input event: MotionEvent(deviceId=0, source=0x00001002, action=0, flags=0x00000000, metaState=0x00000000, buttonState=0x00000000, edgeFlags=0x00000000, xPrecision=1.0, yPrecision=1.0, displayId=0, pointers=[0: (708.0, 595.0)]), policyFlags=0x6b000000
W/ResourceType(14680): No known package when getting name for resource number 0xffffffff
I/org.umd.logging(14680): Method > 1 org.cocos2dx.lib.Cocos2dxGLSurfaceView.onTouchEvent(org.cocos2dx.lib.Cocos2dxGLSurfaceView@839259446<file=><x=0><y=0><width=768><height=1184><id=-1>, android.view.MotionEvent@998919672)
I/org.umd.logging(14680): Method < 1 org.cocos2dx.lib.Cocos2dxGLSurfaceView.onTouchEvent(true)
I/InputDispatcher(  594): Window 'Window{2e2abdde u0 com.xbubble.bubbleisland2/com.xbubble.bubbleisland2.MainActivity}' spent 3865.5ms processing the last input event: MotionEvent(deviceId=0, source=0x00001002, action=1, flags=0x00000000, metaState=0x00000000, buttonState=0x00000000, edgeFlags=0x00000000, xPrecision=1.0, yPrecision=1.0, displayId=0, pointers=[0: (708.2, 584.6)]), policyFlags=0x6b000000
W/ResourceType(14680): No known package when getting name for resource number 0xffffffff
I/org.umd.logging(14680): Method > 1 org.cocos2dx.lib.Cocos2dxGLSurfaceView.onTouchEvent(org.cocos2dx.lib.Cocos2dxGLSurfaceView@839259446<file=><x=0><y=0><width=768><height=1184><id=-1>, android.view.MotionEvent@998919672)
I/org.umd.logging(14680): Method < 1 org.cocos2dx.lib.Cocos2dxGLSurfaceView.onTouchEvent(true)
I/InputDispatcher(  594): Window 'Window{2e2abdde u0 com.xbubble.bubbleisland2/com.xbubble.bubbleisland2.MainActivity}' spent 3923.4ms processing the last input event: MotionEvent(deviceId=0, source=0x00001002, action=0, flags=0x00000000, metaState=0x00000000, buttonState=0x00000000, edgeFlags=0x00000000, xPrecision=1.0, yPrecision=1.0, displayId=0, pointers=[0: (717.0, 91.0)]), policyFlags=0x6b000000
W/ResourceType(14680): No known package when getting name for resource number 0xffffffff
I/org.umd.logging(14680): Method > 1 org.cocos2dx.lib.Cocos2dxGLSurfaceView.onTouchEvent(org.cocos2dx.lib.Cocos2dxGLSurfaceView@839259446<file=><x=0><y=0><width=768><height=1184><id=-1>, android.view.MotionEvent@998919672)
I/org.umd.logging(14680): Method < 1 org.cocos2dx.lib.Cocos2dxGLSurfaceView.onTouchEvent(true)
I/InputDispatcher(  594): Window 'Window{2e2abdde u0 com.xbubble.bubbleisland2/com.xbubble.bubbleisland2.MainActivity}' spent 3985.1ms processing the last input event: MotionEvent(deviceId=0, source=0x00001002, action=1, flags=0x00000000, metaState=0x00000000, buttonState=0x00000000, edgeFlags=0x00000000, xPrecision=1.0, yPrecision=1.0, displayId=0, pointers=[0: (716.4, 101.7)]), policyFlags=0x6b000000
I/InputDispatcher(  594): Window 'Window{2e2abdde u0 com.xbubble.bubbleisland2/com.xbubble.bubbleisland2.MainActivity}' spent 4160.0ms processing the last input event: KeyEvent(deviceId=-1, source=0x00000101, action=1, flags=0x00000008, keyCode=20, scanCode=0, metaState=0x00000000, repeatCount=0), policyFlags=0x6b000000
I/Choreographer(14680): Skipped 293 frames!  The application may be doing too much work on its main thread.
I/art     (14680): Background partial concurrent mark sweep GC freed 1178(56KB) AllocSpace objects, 6(20MB) LOS objects, 36% free, 28MB/44MB, paused 8.209ms total 83.259ms
I/InputDispatcher(  594): Window 'Window{2e2abdde u0 com.xbubble.bubbleisland2/com.xbubble.bubbleisland2.MainActivity}' spent 4097.8ms processing the last input event: MotionEvent(deviceId=0, source=0x00010004, action=2, flags=0x00000000, metaState=0x00000000, buttonState=0x00000000, edgeFlags=0x00000000, xPrecision=1.0, yPrecision=1.0, displayId=0, pointers=[0: (-2.0, -4.0)]), policyFlags=0x6b000000
I/InputDispatcher(  594): Window 'Window{2e2abdde u0 com.xbubble.bubbleisland2/com.xbubble.bubbleisland2.MainActivity}' spent 4096.6ms processing the last input event: MotionEvent(deviceId=0, source=0x00010004, action=2, flags=0x00000000, metaState=0x00000000, buttonState=0x00000000, edgeFlags=0x00000000, xPrecision=1.0, yPrecision=1.0, displayId=0, pointers=[0: (4.0, 4.0)]), policyFlags=0x6b000000
I/InputDispatcher(  594): Window 'Window{2e2abdde u0 com.xbubble.bubbleisland2/com.xbubble.bubbleisland2.MainActivity}' spent 4095.9ms processing the last input event: MotionEvent(deviceId=0, source=0x00010004, action=2, flags=0x00000000, metaState=0x00000000, buttonState=0x00000000, edgeFlags=0x00000000, xPrecision=1.0, yPrecision=1.0, displayId=0, pointers=[0: (-4.0, 3.0)]), policyFlags=0x6b000000
I/InputDispatcher(  594): Window 'Window{2e2abdde u0 com.xbubble.bubbleisland2/com.xbubble.bubbleisland2.MainActivity}' spent 4095.0ms processing the last input event: MotionEvent(deviceId=0, source=0x00010004, action=2, flags=0x00000000, metaState=0x00000000, buttonState=0x00000000, edgeFlags=0x00000000, xPrecision=1.0, yPrecision=1.0, displayId=0, pointers=[0: (3.0, -2.0)]), policyFlags=0x6b000000
I/InputDispatcher(  594): Window 'Window{2e2abdde u0 com.xbubble.bubbleisland2/com.xbubble.bubbleisland2.MainActivity}' spent 4094.2ms processing the last input event: MotionEvent(deviceId=0, source=0x00010004, action=2, flags=0x00000000, metaState=0x00000000, buttonState=0x00000000, edgeFlags=0x00000000, xPrecision=1.0, yPrecision=1.0, displayId=0, pointers=[0: (-2.0, 2.0)]), policyFlags=0x6b000000
I/InputDispatcher(  594): Window 'Window{2e2abdde u0 com.xbubble.bubbleisland2/com.xbubble.bubbleisland2.MainActivity}' spent 4093.3ms processing the last input event: MotionEvent(deviceId=0, source=0x00010004, action=2, flags=0x00000000, metaState=0x00000000, buttonState=0x00000000, edgeFlags=0x00000000, xPrecision=1.0, yPrecision=1.0, displayId=0, pointers=[0: (-5.0, -5.0)]), policyFlags=0x6b000000
I/InputDispatcher(  594): Window 'Window{2e2abdde u0 com.xbubble.bubbleisland2/com.xbubble.bubbleisland2.MainActivity}' spent 4092.4ms processing the last input event: MotionEvent(deviceId=0, source=0x00010004, action=2, flags=0x00000000, metaState=0x00000000, buttonState=0x00000000, edgeFlags=0x00000000, xPrecision=1.0, yPrecision=1.0, displayId=0, pointers=[0: (-1.0, -2.0)]), policyFlags=0x6b000000
I/InputDispatcher(  594): Window 'Window{2e2abdde u0 com.xbubble.bubbleisland2/com.xbubble.bubbleisland2.MainActivity}' spent 4088.9ms processing the last input event: MotionEvent(deviceId=0, source=0x00010004, action=2, flags=0x00000000, metaState=0x00000000, buttonState=0x00000000, edgeFlags=0x00000000, xPrecision=1.0, yPrecision=1.0, displayId=0, pointers=[0: (1.0, -4.0)]), policyFlags=0x6b000000
I/InputDispatcher(  594): Window 'Window{2e2abdde u0 com.xbubble.bubbleisland2/com.xbubble.bubbleisland2.MainActivity}' spent 4087.3ms processing the last input event: MotionEvent(deviceId=0, source=0x00010004, action=2, flags=0x00000000, metaState=0x00000000, buttonState=0x00000000, edgeFlags=0x00000000, xPrecision=1.0, yPrecision=1.0, displayId=0, pointers=[0: (1.0, 3.0)]), policyFlags=0x6b000000
I/InputDispatcher(  594): Window 'Window{2e2abdde u0 com.xbubble.bubbleisland2/com.xbubble.bubbleisland2.MainActivity}' spent 4086.2ms processing the last input event: MotionEvent(deviceId=0, source=0x00010004, action=2, flags=0x00000000, metaState=0x00000000, buttonState=0x00000000, edgeFlags=0x00000000, xPrecision=1.0, yPrecision=1.0, displayId=0, pointers=[0: (-5.0, 2.0)]), policyFlags=0x6b000000
W/ResourceType(14680): No known package when getting name for resource number 0xffffffff
I/org.umd.logging(14680): Method > 1 org.cocos2dx.lib.Cocos2dxGLSurfaceView.onKeyDown(org.cocos2dx.lib.Cocos2dxGLSurfaceView@839259446<file=><x=0><y=0><width=768><height=1184><id=-1>, 21, android.view.KeyEvent@224998399)
I/org.umd.logging(14680): Method < 1 org.cocos2dx.lib.Cocos2dxGLSurfaceView.onKeyDown(false)
W/ResourceType(14680): No known package when getting name for resource number 0xffffffff
I/org.umd.logging(14680): Method > 1 org.cocos2dx.lib.Cocos2dxGLSurfaceView.onKeyDown(org.cocos2dx.lib.Cocos2dxGLSurfaceView@839259446<file=><x=0><y=0><width=768><height=1184><id=-1>, 21, android.view.KeyEvent@970786252)
I/org.umd.logging(14680): Method < 1 org.cocos2dx.lib.Cocos2dxGLSurfaceView.onKeyDown(false)
W/ResourceType(14680): No known package when getting name for resource number 0xffffffff
I/org.umd.logging(14680): Method > 1 org.cocos2dx.lib.Cocos2dxGLSurfaceView.onKeyDown(org.cocos2dx.lib.Cocos2dxGLSurfaceView@839259446<file=><x=0><y=0><width=768><height=1184><id=-1>, 21, android.view.KeyEvent@44552213)
I/org.umd.logging(14680): Method < 1 org.cocos2dx.lib.Cocos2dxGLSurfaceView.onKeyDown(false)
W/ResourceType(14680): No known package when getting name for resource number 0xffffffff
I/org.umd.logging(14680): Method > 1 org.cocos2dx.lib.Cocos2dxGLSurfaceView.onKeyDown(org.cocos2dx.lib.Cocos2dxGLSurfaceView@839259446<file=><x=0><y=0><width=768><height=1184><id=-1>, 21, android.view.KeyEvent@135802666)
I/org.umd.logging(14680): Method < 1 org.cocos2dx.lib.Cocos2dxGLSurfaceView.onKeyDown(false)
W/ResourceType(14680): No known package when getting name for resource number 0xffffffff
I/org.umd.logging(14680): Method > 1 org.cocos2dx.lib.Cocos2dxGLSurfaceView.onKeyDown(org.cocos2dx.lib.Cocos2dxGLSurfaceView@839259446<file=><x=0><y=0><width=768><height=1184><id=-1>, 21, android.view.KeyEvent@891752731)
I/org.umd.logging(14680): Method < 1 org.cocos2dx.lib.Cocos2dxGLSurfaceView.onKeyDown(false)
W/ResourceType(14680): No known package when getting name for resource number 0xffffffff
I/org.umd.logging(14680): Method > 1 org.cocos2dx.lib.Cocos2dxGLSurfaceView.onKeyDown(org.cocos2dx.lib.Cocos2dxGLSurfaceView@839259446<file=><x=0><y=0><width=768><height=1184><id=-1>, 20, android.view.KeyEvent@515551928)
I/org.umd.logging(14680): Method < 1 org.cocos2dx.lib.Cocos2dxGLSurfaceView.onKeyDown(false)
W/cr_BindingManager(14680): Cannot call determinedVisibility() - never saw a connection for the pid: 14680
I/ActivityManager(  594): START u0 {act=android.intent.action.MAIN cat=[android.intent.category.LAUNCHER] flg=0x10200000 cmp=com.xbubble.bubbleisland2/.MainActivity} from uid 0 on display 0
W/ResourceType(14680): No known package when getting name for resource number 0xffffffff
I/org.umd.logging(14680): Method > 1 org.cocos2dx.lib.Cocos2dxGLSurfaceView.onTouchEvent(org.cocos2dx.lib.Cocos2dxGLSurfaceView@839259446<file=><x=0><y=0><width=768><height=1184><id=-1>, android.view.MotionEvent@998919672)
I/org.umd.logging(14680): Method < 1 org.cocos2dx.lib.Cocos2dxGLSurfaceView.onTouchEvent(true)
W/ResourceType(14680): No known package when getting name for resource number 0xffffffff
I/org.umd.logging(14680): Method > 1 org.cocos2dx.lib.Cocos2dxGLSurfaceView.onTouchEvent(org.cocos2dx.lib.Cocos2dxGLSurfaceView@839259446<file=><x=0><y=0><width=768><height=1184><id=-1>, android.view.MotionEvent@998919672)
I/org.umd.logging(14680): Method < 1 org.cocos2dx.lib.Cocos2dxGLSurfaceView.onTouchEvent(true)
W/ResourceType(14680): No known package when getting name for resource number 0xffffffff
I/org.umd.logging(14680): Method > 1 org.cocos2dx.lib.Cocos2dxGLSurfaceView.onTouchEvent(org.cocos2dx.lib.Cocos2dxGLSurfaceView@839259446<file=><x=0><y=0><width=768><height=1184><id=-1>, android.view.MotionEvent@998919672)
I/org.umd.logging(14680): Method < 1 org.cocos2dx.lib.Cocos2dxGLSurfaceView.onTouchEvent(true)
W/ResourceType(14680): No known package when getting name for resource number 0xffffffff
I/org.umd.logging(14680): Method > 1 org.cocos2dx.lib.Cocos2dxGLSurfaceView.onTouchEvent(org.cocos2dx.lib.Cocos2dxGLSurfaceView@839259446<file=><x=0><y=0><width=768><height=1184><id=-1>, android.view.MotionEvent@998919672)
I/org.umd.logging(14680): Method < 1 org.cocos2dx.lib.Cocos2dxGLSurfaceView.onTouchEvent(true)
W/ResourceType(14680): No known package when getting name for resource number 0xffffffff
I/org.umd.logging(14680): Method > 1 org.cocos2dx.lib.Cocos2dxGLSurfaceView.onTouchEvent(org.cocos2dx.lib.Cocos2dxGLSurfaceView@839259446<file=><x=0><y=0><width=768><height=1184><id=-1>, android.view.MotionEvent@998919672)
I/org.umd.logging(14680): Method < 1 org.cocos2dx.lib.Cocos2dxGLSurfaceView.onTouchEvent(true)
I/art     (14680): Background partial concurrent mark sweep GC freed 1315(62KB) AllocSpace objects, 6(20MB) LOS objects, 36% free, 28MB/44MB, paused 10.315ms total 69.586ms
W/ResourceType(14680): No known package when getting name for resource number 0xffffffff
I/org.umd.logging(14680): Method > 1 org.cocos2dx.lib.Cocos2dxGLSurfaceView.onTouchEvent(org.cocos2dx.lib.Cocos2dxGLSurfaceView@839259446<file=><x=0><y=0><width=768><height=1184><id=-1>, android.view.MotionEvent@998919672)
I/org.umd.logging(14680): Method < 1 org.cocos2dx.lib.Cocos2dxGLSurfaceView.onTouchEvent(true)
W/ResourceType(14680): No known package when getting name for resource number 0xffffffff
I/org.umd.logging(14680): Method > 1 org.cocos2dx.lib.Cocos2dxGLSurfaceView.onTouchEvent(org.cocos2dx.lib.Cocos2dxGLSurfaceView@839259446<file=><x=0><y=0><width=768><height=1184><id=-1>, android.view.MotionEvent@998919672)
I/org.umd.logging(14680): Method < 1 org.cocos2dx.lib.Cocos2dxGLSurfaceView.onTouchEvent(true)
W/ResourceType(14680): No known package when getting name for resource number 0xffffffff
I/org.umd.logging(14680): Method > 1 org.cocos2dx.lib.Cocos2dxGLSurfaceView.onTouchEvent(org.cocos2dx.lib.Cocos2dxGLSurfaceView@839259446<file=><x=0><y=0><width=768><height=1184><id=-1>, android.view.MotionEvent@998919672)
I/org.umd.logging(14680): Method < 1 org.cocos2dx.lib.Cocos2dxGLSurfaceView.onTouchEvent(true)
W/ResourceType(14680): No known package when getting name for resource number 0xffffffff
I/org.umd.logging(14680): Method > 1 org.cocos2dx.lib.Cocos2dxGLSurfaceView.onTouchEvent(org.cocos2dx.lib.Cocos2dxGLSurfaceView@839259446<file=><x=0><y=0><width=768><height=1184><id=-1>, android.view.MotionEvent@998919672)
I/org.umd.logging(14680): Method < 1 org.cocos2dx.lib.Cocos2dxGLSurfaceView.onTouchEvent(true)
W/ResourceType(14680): No known package when getting name for resource number 0xffffffff
I/org.umd.logging(14680): Method > 1 org.cocos2dx.lib.Cocos2dxGLSurfaceView.onTouchEvent(org.cocos2dx.lib.Cocos2dxGLSurfaceView@839259446<file=><x=0><y=0><width=768><height=1184><id=-1>, android.view.MotionEvent@998919672)
I/org.umd.logging(14680): Method < 1 org.cocos2dx.lib.Cocos2dxGLSurfaceView.onTouchEvent(true)
W/ResourceType(14680): No known package when getting name for resource number 0xffffffff
I/org.umd.logging(14680): Method > 1 org.cocos2dx.lib.Cocos2dxGLSurfaceView.onTouchEvent(org.cocos2dx.lib.Cocos2dxGLSurfaceView@839259446<file=><x=0><y=0><width=768><height=1184><id=-1>, android.view.MotionEvent@998919672)
I/org.umd.logging(14680): Method < 1 org.cocos2dx.lib.Cocos2dxGLSurfaceView.onTouchEvent(true)
W/ResourceType(14680): No known package when getting name for resource number 0xffffffff
I/org.umd.logging(14680): Method > 1 org.cocos2dx.lib.Cocos2dxGLSurfaceView.onTouchEvent(org.cocos2dx.lib.Cocos2dxGLSurfaceView@839259446<file=><x=0><y=0><width=768><height=1184><id=-1>, android.view.MotionEvent@998919672)
I/org.umd.logging(14680): Method < 1 org.cocos2dx.lib.Cocos2dxGLSurfaceView.onTouchEvent(true)
W/ActivityManager(  594): Launch timeout has expired, giving up wake lock!
W/ResourceType(14680): No known package when getting name for resource number 0xffffffff
I/org.umd.logging(14680): Method > 1 org.cocos2dx.lib.Cocos2dxGLSurfaceView.onTouchEvent(org.cocos2dx.lib.Cocos2dxGLSurfaceView@839259446<file=><x=0><y=0><width=768><height=1184><id=-1>, android.view.MotionEvent@998919672)
I/org.umd.logging(14680): Method < 1 org.cocos2dx.lib.Cocos2dxGLSurfaceView.onTouchEvent(true)
W/ResourceType(14680): No known package when getting name for resource number 0xffffffff
I/org.umd.logging(14680): Method > 1 org.cocos2dx.lib.Cocos2dxGLSurfaceView.onTouchEvent(org.cocos2dx.lib.Cocos2dxGLSurfaceView@839259446<file=><x=0><y=0><width=768><height=1184><id=-1>, android.view.MotionEvent@998919672)
I/org.umd.logging(14680): Method < 1 org.cocos2dx.lib.Cocos2dxGLSurfaceView.onTouchEvent(true)
W/ResourceType(14680): No known package when getting name for resource number 0xffffffff
I/org.umd.logging(14680): Method > 1 org.cocos2dx.lib.Cocos2dxGLSurfaceView.onTouchEvent(org.cocos2dx.lib.Cocos2dxGLSurfaceView@839259446<file=><x=0><y=0><width=768><height=1184><id=-1>, android.view.MotionEvent@998919672)
I/org.umd.logging(14680): Method < 1 org.cocos2dx.lib.Cocos2dxGLSurfaceView.onTouchEvent(true)
W/ResourceType(14680): No known package when getting name for resource number 0xffffffff
I/org.umd.logging(14680): Method > 1 org.cocos2dx.lib.Cocos2dxGLSurfaceView.onTouchEvent(org.cocos2dx.lib.Cocos2dxGLSurfaceView@839259446<file=><x=0><y=0><width=768><height=1184><id=-1>, android.view.MotionEvent@998919672)
I/org.umd.logging(14680): Method < 1 org.cocos2dx.lib.Cocos2dxGLSurfaceView.onTouchEvent(true)
W/ResourceType(14680): No known package when getting name for resource number 0xffffffff
I/org.umd.logging(14680): Method > 1 org.cocos2dx.lib.Cocos2dxGLSurfaceView.onTouchEvent(org.cocos2dx.lib.Cocos2dxGLSurfaceView@839259446<file=><x=0><y=0><width=768><height=1184><id=-1>, android.view.MotionEvent@998919672)
I/org.umd.logging(14680): Method < 1 org.cocos2dx.lib.Cocos2dxGLSurfaceView.onTouchEvent(true)
W/ResourceType(14680): No known package when getting name for resource number 0xffffffff
I/org.umd.logging(14680): Method > 1 org.cocos2dx.lib.Cocos2dxGLSurfaceView.onTouchEvent(org.cocos2dx.lib.Cocos2dxGLSurfaceView@839259446<file=><x=0><y=0><width=768><height=1184><id=-1>, android.view.MotionEvent@998919672)
I/org.umd.logging(14680): Method < 1 org.cocos2dx.lib.Cocos2dxGLSurfaceView.onTouchEvent(true)
W/ResourceType(14680): No known package when getting name for resource number 0xffffffff
I/org.umd.logging(14680): Method > 1 org.cocos2dx.lib.Cocos2dxGLSurfaceView.onTouchEvent(org.cocos2dx.lib.Cocos2dxGLSurfaceView@839259446<file=><x=0><y=0><width=768><height=1184><id=-1>, android.view.MotionEvent@998919672)
I/org.umd.logging(14680): Method < 1 org.cocos2dx.lib.Cocos2dxGLSurfaceView.onTouchEvent(true)
W/ResourceType(14680): No known package when getting name for resource number 0xffffffff
I/org.umd.logging(14680): Method > 1 org.cocos2dx.lib.Cocos2dxGLSurfaceView.onTouchEvent(org.cocos2dx.lib.Cocos2dxGLSurfaceView@839259446<file=><x=0><y=0><width=768><height=1184><id=-1>, android.view.MotionEvent@998919672)
I/org.umd.logging(14680): Method < 1 org.cocos2dx.lib.Cocos2dxGLSurfaceView.onTouchEvent(true)
I/art     (14680): Background sticky concurrent mark sweep GC freed 2030(105KB) AllocSpace objects, 2(6MB) LOS objects, 4% free, 42MB/44MB, paused 7.111ms total 35.525ms
W/ResourceType(14680): No known package when getting name for resource number 0xffffffff
I/org.umd.logging(14680): Method > 1 org.cocos2dx.lib.Cocos2dxGLSurfaceView.onTouchEvent(org.cocos2dx.lib.Cocos2dxGLSurfaceView@839259446<file=><x=0><y=0><width=768><height=1184><id=-1>, android.view.MotionEvent@998919672)
I/org.umd.logging(14680): Method < 1 org.cocos2dx.lib.Cocos2dxGLSurfaceView.onTouchEvent(true)
W/ResourceType(14680): No known package when getting name for resource number 0xffffffff
I/org.umd.logging(14680): Method > 1 org.cocos2dx.lib.Cocos2dxGLSurfaceView.onTouchEvent(org.cocos2dx.lib.Cocos2dxGLSurfaceView@839259446<file=><x=0><y=0><width=768><height=1184><id=-1>, android.view.MotionEvent@998919672)
I/org.umd.logging(14680): Method < 1 org.cocos2dx.lib.Cocos2dxGLSurfaceView.onTouchEvent(true)
W/ResourceType(14680): No known package when getting name for resource number 0xffffffff
I/org.umd.logging(14680): Method > 1 org.cocos2dx.lib.Cocos2dxGLSurfaceView.onTouchEvent(org.cocos2dx.lib.Cocos2dxGLSurfaceView@839259446<file=><x=0><y=0><width=768><height=1184><id=-1>, android.view.MotionEvent@998919672)
I/org.umd.logging(14680): Method < 1 org.cocos2dx.lib.Cocos2dxGLSurfaceView.onTouchEvent(true)
W/ResourceType(14680): No known package when getting name for resource number 0xffffffff
I/org.umd.logging(14680): Method > 1 org.cocos2dx.lib.Cocos2dxGLSurfaceView.onTouchEvent(org.cocos2dx.lib.Cocos2dxGLSurfaceView@839259446<file=><x=0><y=0><width=768><height=1184><id=-1>, android.view.MotionEvent@998919672)
I/org.umd.logging(14680): Method < 1 org.cocos2dx.lib.Cocos2dxGLSurfaceView.onTouchEvent(true)
W/ResourceType(14680): No known package when getting name for resource number 0xffffffff
I/org.umd.logging(14680): Method > 1 org.cocos2dx.lib.Cocos2dxGLSurfaceView.onTouchEvent(org.cocos2dx.lib.Cocos2dxGLSurfaceView@839259446<file=><x=0><y=0><width=768><height=1184><id=-1>, android.view.MotionEvent@998919672)
I/org.umd.logging(14680): Method < 1 org.cocos2dx.lib.Cocos2dxGLSurfaceView.onTouchEvent(true)
W/ResourceType(14680): No known package when getting name for resource number 0xffffffff
I/org.umd.logging(14680): Method > 1 org.cocos2dx.lib.Cocos2dxGLSurfaceView.onTouchEvent(org.cocos2dx.lib.Cocos2dxGLSurfaceView@839259446<file=><x=0><y=0><width=768><height=1184><id=-1>, android.view.MotionEvent@998919672)
I/org.umd.logging(14680): Method < 1 org.cocos2dx.lib.Cocos2dxGLSurfaceView.onTouchEvent(true)
W/ResourceType(14680): No known package when getting name for resource number 0xffffffff
I/org.umd.logging(14680): Method > 1 org.cocos2dx.lib.Cocos2dxGLSurfaceView.onTouchEvent(org.cocos2dx.lib.Cocos2dxGLSurfaceView@839259446<file=><x=0><y=0><width=768><height=1184><id=-1>, android.view.MotionEvent@998919672)
I/org.umd.logging(14680): Method < 1 org.cocos2dx.lib.Cocos2dxGLSurfaceView.onTouchEvent(true)
W/ResourceType(14680): No known package when getting name for resource number 0xffffffff
I/org.umd.logging(14680): Method > 1 org.cocos2dx.lib.Cocos2dxGLSurfaceView.onTouchEvent(org.cocos2dx.lib.Cocos2dxGLSurfaceView@839259446<file=><x=0><y=0><width=768><height=1184><id=-1>, android.view.MotionEvent@998919672)
I/org.umd.logging(14680): Method < 1 org.cocos2dx.lib.Cocos2dxGLSurfaceView.onTouchEvent(true)
W/ResourceType(14680): No known package when getting name for resource number 0xffffffff
I/org.umd.logging(14680): Method > 1 org.cocos2dx.lib.Cocos2dxGLSurfaceView.onTouchEvent(org.cocos2dx.lib.Cocos2dxGLSurfaceView@839259446<file=><x=0><y=0><width=768><height=1184><id=-1>, android.view.MotionEvent@998919672)
I/org.umd.logging(14680): Method < 1 org.cocos2dx.lib.Cocos2dxGLSurfaceView.onTouchEvent(true)
W/ResourceType(14680): No known package when getting name for resource number 0xffffffff
I/org.umd.logging(14680): Method > 1 org.cocos2dx.lib.Cocos2dxGLSurfaceView.onTouchEvent(org.cocos2dx.lib.Cocos2dxGLSurfaceView@839259446<file=><x=0><y=0><width=768><height=1184><id=-1>, android.view.MotionEvent@998919672)
I/org.umd.logging(14680): Method < 1 org.cocos2dx.lib.Cocos2dxGLSurfaceView.onTouchEvent(true)
I/InputDispatcher(  594): Window 'Window{2e2abdde u0 com.xbubble.bubbleisland2/com.xbubble.bubbleisland2.MainActivity}' spent 2050.6ms processing the last input event: MotionEvent(deviceId=0, source=0x00001002, action=0, flags=0x00000000, metaState=0x00000000, buttonState=0x00000000, edgeFlags=0x00000000, xPrecision=1.0, yPrecision=1.0, displayId=0, pointers=[0: (664.0, 707.0)]), policyFlags=0x6b000000
