--------- beginning of system
W/BroadcastQueue(  594): Skipping deliver [background] BroadcastRecord{16a117f6 u-1 android.net.conn.CONNECTIVITY_CHANGE} to ReceiverList{362857f7 14663 (unknown name)/0/u-1 remote:17916b8}: process crashing
I/ActivityManager(  594): START u0 {act=android.intent.action.MAIN cat=[android.intent.category.LAUNCHER] flg=0x10200000 cmp=com.xbubble.bubbleisland2/.MainActivity} from uid 0 on display 0
V/WindowManager(  594): addAppToken: AppWindowToken{5bebd82 token=Token{27a0c0cd ActivityRecord{1a04e664 u0 com.xbubble.bubbleisland2/.MainActivity t44}}} to stack=1 task=44 at 0
V/WindowManager(  594): Based on layer: Adding window Window{1d5c04d0 u0 Starting com.xbubble.bubbleisland2} at 3 of 9
I/ActivityManager(  594): Start proc 14680:com.xbubble.bubbleisland2/u0a224 for activity com.xbubble.bubbleisland2/.MainActivity
I/ActivityManager(  594): START u0 {act=android.intent.action.MAIN cat=[android.intent.category.LAUNCHER] flg=0x10200000 pkg=com.netflix.mediaclient cmp=com.netflix.mediaclient/.ui.launch.UIWebViewActivity bnds=[392,585][552,785] (has extras)} from uid 10014 on display 0
W/ResourcesManager(14680): Asset path '/system/framework/com.android.media.remotedisplay.jar' does not exist or contains no resources.
W/ResourcesManager(14680): Asset path '/system/framework/com.android.location.provider.jar' does not exist or contains no resources.
W/ActivityManager(  594): getRunningAppProcesses: caller 10224 does not hold REAL_GET_TASKS; limiting output
W/ActivityManager(  594): getRunningAppProcesses: caller 10224 does not hold REAL_GET_TASKS; limiting output
W/ActivityManager(  594): getRunningAppProcesses: caller 10224 does not hold REAL_GET_TASKS; limiting output
V/WindowManager(  594): Adding window Window{2e2abdde u0 com.xbubble.bubbleisland2/com.xbubble.bubbleisland2.MainActivity} at 3 of 10 (before Window{1d5c04d0 u0 Starting com.xbubble.bubbleisland2})
D/ConnectivityService(  594): listenForNetwork for NetworkRequest [ id=74, legacyType=-1, [ Capabilities: INTERNET&NOT_RESTRICTED&TRUSTED] ]
D/ConnectivityService(  594): handleRegisterNetworkRequest checking NetworkAgentInfo [WIFI () - 102]
D/ConnectivityService(  594): apparently satisfied.  currentScore=60
V/WindowManager(  594): Adding window Window{5de44db u0 SurfaceView} at 3 of 11 (before Window{2e2abdde u0 com.xbubble.bubbleisland2/com.xbubble.bubbleisland2.MainActivity})
W/ViewRootImpl(14680): Dropping event due to no window focus: KeyEvent { action=ACTION_DOWN, keyCode=KEYCODE_DPAD_CENTER, scanCode=0, metaState=0, flags=0x8, repeatCount=0, eventTime=106436845, downTime=106436845, deviceId=-1, source=0x101 }
W/ViewRootImpl(14680): Cancelling event due to no window focus: KeyEvent { action=ACTION_UP, keyCode=KEYCODE_DPAD_CENTER, scanCode=0, metaState=0, flags=0x28, repeatCount=0, eventTime=106437654, downTime=106437654, deviceId=-1, source=0x101 }
W/ViewRootImpl(14680): Cancelling event due to no window focus: KeyEvent { action=ACTION_UP, keyCode=KEYCODE_DPAD_CENTER, scanCode=0, metaState=0, flags=0x28, repeatCount=0, eventTime=106437654, downTime=106437654, deviceId=-1, source=0x101 }
W/ViewRootImpl(14680): Cancelling event due to no window focus: KeyEvent { action=ACTION_UP, keyCode=KEYCODE_DPAD_CENTER, scanCode=0, metaState=0, flags=0x28, repeatCount=0, eventTime=106437654, downTime=106437654, deviceId=-1, source=0x101 }
W/ViewRootImpl(14680): Cancelling event due to no window focus: KeyEvent { action=ACTION_UP, keyCode=KEYCODE_DPAD_CENTER, scanCode=0, metaState=0, flags=0x28, repeatCount=0, eventTime=106437654, downTime=106437654, deviceId=-1, source=0x101 }
W/ViewRootImpl(14680): Cancelling event due to no window focus: KeyEvent { action=ACTION_UP, keyCode=KEYCODE_DPAD_CENTER, scanCode=0, metaState=0, flags=0x28, repeatCount=0, eventTime=106437654, downTime=106437654, deviceId=-1, source=0x101 }
W/ViewRootImpl(14680): Cancelling event due to no window focus: KeyEvent { action=ACTION_UP, keyCode=KEYCODE_DPAD_CENTER, scanCode=0, metaState=0, flags=0x28, repeatCount=0, eventTime=106437654, downTime=106437654, deviceId=-1, source=0x101 }
W/ViewRootImpl(14680): Cancelling event due to no window focus: KeyEvent { action=ACTION_UP, keyCode=KEYCODE_DPAD_CENTER, scanCode=0, metaState=0, flags=0x28, repeatCount=0, eventTime=106437654, downTime=106437654, deviceId=-1, source=0x101 }
W/ViewRootImpl(14680): Cancelling event due to no window focus: KeyEvent { action=ACTION_UP, keyCode=KEYCODE_DPAD_CENTER, scanCode=0, metaState=0, flags=0x28, repeatCount=0, eventTime=106437654, downTime=106437654, deviceId=-1, source=0x101 }
W/ViewRootImpl(14680): Cancelling event due to no window focus: KeyEvent { action=ACTION_UP, keyCode=KEYCODE_DPAD_CENTER, scanCode=0, metaState=0, flags=0x28, repeatCount=0, eventTime=106437654, downTime=106437654, deviceId=-1, source=0x101 }
W/ViewRootImpl(14680): Dropping event due to no window focus: KeyEvent { action=ACTION_DOWN, keyCode=KEYCODE_MENU, scanCode=0, metaState=0, flags=0x8, repeatCount=0, eventTime=106437722, downTime=106437722, deviceId=-1, source=0x101 }
W/ViewRootImpl(14680): Cancelling event due to no window focus: KeyEvent { action=ACTION_UP, keyCode=KEYCODE_MENU, scanCode=0, metaState=0, flags=0x28, repeatCount=0, eventTime=106437952, downTime=106437952, deviceId=-1, source=0x101 }
W/ViewRootImpl(14680): Cancelling event due to no window focus: KeyEvent { action=ACTION_UP, keyCode=KEYCODE_MENU, scanCode=0, metaState=0, flags=0x28, repeatCount=0, eventTime=106437952, downTime=106437952, deviceId=-1, source=0x101 }
W/ViewRootImpl(14680): Cancelling event due to no window focus: KeyEvent { action=ACTION_UP, keyCode=KEYCODE_MENU, scanCode=0, metaState=0, flags=0x28, repeatCount=0, eventTime=106437952, downTime=106437952, deviceId=-1, source=0x101 }
W/ViewRootImpl(14680): Cancelling event due to no window focus: KeyEvent { action=ACTION_UP, keyCode=KEYCODE_MENU, scanCode=0, metaState=0, flags=0x28, repeatCount=0, eventTime=106437952, downTime=106437952, deviceId=-1, source=0x101 }
W/ViewRootImpl(14680): Cancelling event due to no window focus: KeyEvent { action=ACTION_UP, keyCode=KEYCODE_MENU, scanCode=0, metaState=0, flags=0x28, repeatCount=0, eventTime=106437952, downTime=106437952, deviceId=-1, source=0x101 }
W/ViewRootImpl(14680): Cancelling event due to no window focus: KeyEvent { action=ACTION_UP, keyCode=KEYCODE_MENU, scanCode=0, metaState=0, flags=0x28, repeatCount=0, eventTime=106437952, downTime=106437952, deviceId=-1, source=0x101 }
W/ViewRootImpl(14680): Dropping event due to no window focus: KeyEvent { action=ACTION_DOWN, keyCode=KEYCODE_DPAD_LEFT, scanCode=0, metaState=0, flags=0x8, repeatCount=0, eventTime=106437955, downTime=106437955, deviceId=-1, source=0x101 }
D/ConnectivityService(  594): listenForNetwork for NetworkRequest [ id=75, legacyType=-1, [ Capabilities: INTERNET&NOT_RESTRICTED&TRUSTED] ]
D/ConnectivityService(  594): handleRegisterNetworkRequest checking NetworkAgentInfo [WIFI () - 102]
D/ConnectivityService(  594): apparently satisfied.  currentScore=60
I/ActivityManager(  594): START u0 {act=android.intent.action.MAIN cat=[android.intent.category.LAUNCHER] flg=0x10200000 cmp=com.xbubble.bubbleisland2/.MainActivity} from uid 0 on display 0
--------- beginning of main
I/org.umd.logging(14680): Method > 1 org.cocos2dx.lib.Cocos2dxGLSurfaceView.onTouchEvent(org.cocos2dx.lib.Cocos2dxGLSurfaceView@839259446<file=><x=0><y=0><width=768><height=1184><id=-1>, android.view.MotionEvent@222261304)
I/org.umd.logging(14680): Method < 1 org.cocos2dx.lib.Cocos2dxGLSurfaceView.onTouchEvent(true)
W/ResourceType(14680): No known package when getting name for resource number 0xffffffff
I/org.umd.logging(14680): Method > 1 org.cocos2dx.lib.Cocos2dxGLSurfaceView.onTouchEvent(org.cocos2dx.lib.Cocos2dxGLSurfaceView@839259446<file=><x=0><y=0><width=768><height=1184><id=-1>, android.view.MotionEvent@222261304)
I/org.umd.logging(14680): Method < 1 org.cocos2dx.lib.Cocos2dxGLSurfaceView.onTouchEvent(true)
W/ResourceType(14680): No known package when getting name for resource number 0xffffffff
I/org.umd.logging(14680): Method > 1 org.cocos2dx.lib.Cocos2dxGLSurfaceView.onTouchEvent(org.cocos2dx.lib.Cocos2dxGLSurfaceView@839259446<file=><x=0><y=0><width=768><height=1184><id=-1>, android.view.MotionEvent@222261304)
I/org.umd.logging(14680): Method < 1 org.cocos2dx.lib.Cocos2dxGLSurfaceView.onTouchEvent(true)
W/ResourceType(14680): No known package when getting name for resource number 0xffffffff
I/org.umd.logging(14680): Method > 1 org.cocos2dx.lib.Cocos2dxGLSurfaceView.onTouchEvent(org.cocos2dx.lib.Cocos2dxGLSurfaceView@839259446<file=><x=0><y=0><width=768><height=1184><id=-1>, android.view.MotionEvent@222261304)
I/org.umd.logging(14680): Method < 1 org.cocos2dx.lib.Cocos2dxGLSurfaceView.onTouchEvent(true)
W/ResourceType(14680): No known package when getting name for resource number 0xffffffff
I/org.umd.logging(14680): Method > 1 org.cocos2dx.lib.Cocos2dxGLSurfaceView.onTouchEvent(org.cocos2dx.lib.Cocos2dxGLSurfaceView@839259446<file=><x=0><y=0><width=768><height=1184><id=-1>, android.view.MotionEvent@222261304)
I/org.umd.logging(14680): Method < 1 org.cocos2dx.lib.Cocos2dxGLSurfaceView.onTouchEvent(true)
W/ResourceType(14680): No known package when getting name for resource number 0xffffffff
I/org.umd.logging(14680): Method > 1 org.cocos2dx.lib.Cocos2dxGLSurfaceView.onTouchEvent(org.cocos2dx.lib.Cocos2dxGLSurfaceView@839259446<file=><x=0><y=0><width=768><height=1184><id=-1>, android.view.MotionEvent@222261304)
I/org.umd.logging(14680): Method < 1 org.cocos2dx.lib.Cocos2dxGLSurfaceView.onTouchEvent(true)
W/ResourceType(14680): No known package when getting name for resource number 0xffffffff
I/org.umd.logging(14680): Method > 1 org.cocos2dx.lib.Cocos2dxGLSurfaceView.onTouchEvent(org.cocos2dx.lib.Cocos2dxGLSurfaceView@839259446<file=><x=0><y=0><width=768><height=1184><id=-1>, android.view.MotionEvent@222261304)
I/org.umd.logging(14680): Method < 1 org.cocos2dx.lib.Cocos2dxGLSurfaceView.onTouchEvent(true)
W/ResourceType(14680): No known package when getting name for resource number 0xffffffff
I/org.umd.logging(14680): Method > 1 org.cocos2dx.lib.Cocos2dxGLSurfaceView.onTouchEvent(org.cocos2dx.lib.Cocos2dxGLSurfaceView@839259446<file=><x=0><y=0><width=768><height=1184><id=-1>, android.view.MotionEvent@222261304)
I/org.umd.logging(14680): Method < 1 org.cocos2dx.lib.Cocos2dxGLSurfaceView.onTouchEvent(true)
W/ResourceType(14680): No known package when getting name for resource number 0xffffffff
I/org.umd.logging(14680): Method > 1 org.cocos2dx.lib.Cocos2dxGLSurfaceView.onTouchEvent(org.cocos2dx.lib.Cocos2dxGLSurfaceView@839259446<file=><x=0><y=0><width=768><height=1184><id=-1>, android.view.MotionEvent@222261304)
I/org.umd.logging(14680): Method < 1 org.cocos2dx.lib.Cocos2dxGLSurfaceView.onTouchEvent(true)
W/ResourceType(14680): No known package when getting name for resource number 0xffffffff
I/org.umd.logging(14680): Method > 1 org.cocos2dx.lib.Cocos2dxGLSurfaceView.onTouchEvent(org.cocos2dx.lib.Cocos2dxGLSurfaceView@839259446<file=><x=0><y=0><width=768><height=1184><id=-1>, android.view.MotionEvent@222261304)
I/org.umd.logging(14680): Method < 1 org.cocos2dx.lib.Cocos2dxGLSurfaceView.onTouchEvent(true)
W/ResourceType(14680): No known package when getting name for resource number 0xffffffff
I/org.umd.logging(14680): Method > 1 org.cocos2dx.lib.Cocos2dxGLSurfaceView.onKeyDown(org.cocos2dx.lib.Cocos2dxGLSurfaceView@839259446<file=><x=0><y=0><width=768><height=1184><id=-1>, 203, android.view.KeyEvent@46010681)
I/org.umd.logging(14680): Method < 1 org.cocos2dx.lib.Cocos2dxGLSurfaceView.onKeyDown(false)
W/ResourceType(14680): No known package when getting name for resource number 0xffffffff
I/org.umd.logging(14680): Method > 1 org.cocos2dx.lib.Cocos2dxGLSurfaceView.onKeyDown(org.cocos2dx.lib.Cocos2dxGLSurfaceView@839259446<file=><x=0><y=0><width=768><height=1184><id=-1>, 23, android.view.KeyEvent@524477310)
I/org.umd.logging(14680): Method < 1 org.cocos2dx.lib.Cocos2dxGLSurfaceView.onKeyDown(false)
W/cr_BindingManager(14680): Cannot call determinedVisibility() - never saw a connection for the pid: 14680
W/cr_BindingManager(14680): Cannot call determinedVisibility() - never saw a connection for the pid: 14680
W/ResourceType(14680): No known package when getting name for resource number 0xffffffff
I/org.umd.logging(14680): Method > 1 org.cocos2dx.lib.Cocos2dxGLSurfaceView.onKeyDown(org.cocos2dx.lib.Cocos2dxGLSurfaceView@839259446<file=><x=0><y=0><width=768><height=1184><id=-1>, 22, android.view.KeyEvent@574583007)
I/org.umd.logging(14680): Method < 1 org.cocos2dx.lib.Cocos2dxGLSurfaceView.onKeyDown(false)
W/cr_BindingManager(14680): Cannot call determinedVisibility() - never saw a connection for the pid: 14680
W/ResourceType(14680): No known package when getting name for resource number 0xffffffff
I/org.umd.logging(14680): Method > 1 org.cocos2dx.lib.Cocos2dxGLSurfaceView.onTouchEvent(org.cocos2dx.lib.Cocos2dxGLSurfaceView@839259446<file=><x=0><y=0><width=768><height=1184><id=-1>, android.view.MotionEvent@222261304)
I/org.umd.logging(14680): Method < 1 org.cocos2dx.lib.Cocos2dxGLSurfaceView.onTouchEvent(true)
I/DownloadManagerWrapper(  949): onReceive() : Charging = true
W/ResourceType(14680): No known package when getting name for resource number 0xffffffff
I/org.umd.logging(14680): Method > 1 org.cocos2dx.lib.Cocos2dxGLSurfaceView.onTouchEvent(org.cocos2dx.lib.Cocos2dxGLSurfaceView@839259446<file=><x=0><y=0><width=768><height=1184><id=-1>, android.view.MotionEvent@222261304)
I/org.umd.logging(14680): Method < 1 org.cocos2dx.lib.Cocos2dxGLSurfaceView.onTouchEvent(true)
I/DownloadManagerWrapper(  949): onReceive() : Charging = true
W/ResourceType(14680): No known package when getting name for resource number 0xffffffff
I/org.umd.logging(14680): Method > 1 org.cocos2dx.lib.Cocos2dxGLSurfaceView.onTouchEvent(org.cocos2dx.lib.Cocos2dxGLSurfaceView@839259446<file=><x=0><y=0><width=768><height=1184><id=-1>, android.view.MotionEvent@222261304)
I/org.umd.logging(14680): Method < 1 org.cocos2dx.lib.Cocos2dxGLSurfaceView.onTouchEvent(true)
W/ResourceType(14680): No known package when getting name for resource number 0xffffffff
I/org.umd.logging(14680): Method > 1 org.cocos2dx.lib.Cocos2dxGLSurfaceView.onTouchEvent(org.cocos2dx.lib.Cocos2dxGLSurfaceView@839259446<file=><x=0><y=0><width=768><height=1184><id=-1>, android.view.MotionEvent@222261304)
I/org.umd.logging(14680): Method < 1 org.cocos2dx.lib.Cocos2dxGLSurfaceView.onTouchEvent(true)
W/ResourceType(14680): No known package when getting name for resource number 0xffffffff
I/org.umd.logging(14680): Method > 1 org.cocos2dx.lib.Cocos2dxGLSurfaceView.onTouchEvent(org.cocos2dx.lib.Cocos2dxGLSurfaceView@839259446<file=><x=0><y=0><width=768><height=1184><id=-1>, android.view.MotionEvent@222261304)
I/org.umd.logging(14680): Method < 1 org.cocos2dx.lib.Cocos2dxGLSurfaceView.onTouchEvent(true)
W/ResourceType(14680): No known package when getting name for resource number 0xffffffff
I/org.umd.logging(14680): Method > 1 org.cocos2dx.lib.Cocos2dxGLSurfaceView.onTouchEvent(org.cocos2dx.lib.Cocos2dxGLSurfaceView@839259446<file=><x=0><y=0><width=768><height=1184><id=-1>, android.view.MotionEvent@222261304)
I/org.umd.logging(14680): Method < 1 org.cocos2dx.lib.Cocos2dxGLSurfaceView.onTouchEvent(true)
W/ResourceType(14680): No known package when getting name for resource number 0xffffffff
I/org.umd.logging(14680): Method > 1 org.cocos2dx.lib.Cocos2dxGLSurfaceView.onTouchEvent(org.cocos2dx.lib.Cocos2dxGLSurfaceView@839259446<file=><x=0><y=0><width=768><height=1184><id=-1>, android.view.MotionEvent@222261304)
I/org.umd.logging(14680): Method < 1 org.cocos2dx.lib.Cocos2dxGLSurfaceView.onTouchEvent(true)
W/ResourceType(14680): No known package when getting name for resource number 0xffffffff
I/org.umd.logging(14680): Method > 1 org.cocos2dx.lib.Cocos2dxGLSurfaceView.onTouchEvent(org.cocos2dx.lib.Cocos2dxGLSurfaceView@839259446<file=><x=0><y=0><width=768><height=1184><id=-1>, android.view.MotionEvent@222261304)
I/org.umd.logging(14680): Method < 1 org.cocos2dx.lib.Cocos2dxGLSurfaceView.onTouchEvent(true)
W/ResourceType(14680): No known package when getting name for resource number 0xffffffff
I/org.umd.logging(14680): Method > 1 org.cocos2dx.lib.Cocos2dxGLSurfaceView.onTouchEvent(org.cocos2dx.lib.Cocos2dxGLSurfaceView@839259446<file=><x=0><y=0><width=768><height=1184><id=-1>, android.view.MotionEvent@222261304)
I/org.umd.logging(14680): Method < 1 org.cocos2dx.lib.Cocos2dxGLSurfaceView.onTouchEvent(true)
W/ResourceType(14680): No known package when getting name for resource number 0xffffffff
I/org.umd.logging(14680): Method > 1 org.cocos2dx.lib.Cocos2dxGLSurfaceView.onTouchEvent(org.cocos2dx.lib.Cocos2dxGLSurfaceView@839259446<file=><x=0><y=0><width=768><height=1184><id=-1>, android.view.MotionEvent@222261304)
I/org.umd.logging(14680): Method < 1 org.cocos2dx.lib.Cocos2dxGLSurfaceView.onTouchEvent(true)
W/ResourceType(14680): No known package when getting name for resource number 0xffffffff
I/org.umd.logging(14680): Method > 1 org.cocos2dx.lib.Cocos2dxGLSurfaceView.onTouchEvent(org.cocos2dx.lib.Cocos2dxGLSurfaceView@839259446<file=><x=0><y=0><width=768><height=1184><id=-1>, android.view.MotionEvent@222261304)
I/org.umd.logging(14680): Method < 1 org.cocos2dx.lib.Cocos2dxGLSurfaceView.onTouchEvent(true)
W/ResourceType(14680): No known package when getting name for resource number 0xffffffff
I/org.umd.logging(14680): Method > 1 org.cocos2dx.lib.Cocos2dxGLSurfaceView.onTouchEvent(org.cocos2dx.lib.Cocos2dxGLSurfaceView@839259446<file=><x=0><y=0><width=768><height=1184><id=-1>, android.view.MotionEvent@222261304)
I/org.umd.logging(14680): Method < 1 org.cocos2dx.lib.Cocos2dxGLSurfaceView.onTouchEvent(true)
W/ResourceType(14680): No known package when getting name for resource number 0xffffffff
I/org.umd.logging(14680): Method > 1 org.cocos2dx.lib.Cocos2dxGLSurfaceView.onTouchEvent(org.cocos2dx.lib.Cocos2dxGLSurfaceView@839259446<file=><x=0><y=0><width=768><height=1184><id=-1>, android.view.MotionEvent@222261304)
I/org.umd.logging(14680): Method < 1 org.cocos2dx.lib.Cocos2dxGLSurfaceView.onTouchEvent(true)
W/ResourceType(14680): No known package when getting name for resource number 0xffffffff
I/org.umd.logging(14680): Method > 1 org.cocos2dx.lib.Cocos2dxGLSurfaceView.onTouchEvent(org.cocos2dx.lib.Cocos2dxGLSurfaceView@839259446<file=><x=0><y=0><width=768><height=1184><id=-1>, android.view.MotionEvent@222261304)
I/org.umd.logging(14680): Method < 1 org.cocos2dx.lib.Cocos2dxGLSurfaceView.onTouchEvent(true)
W/ResourceType(14680): No known package when getting name for resource number 0xffffffff
I/org.umd.logging(14680): Method > 1 org.cocos2dx.lib.Cocos2dxGLSurfaceView.onTouchEvent(org.cocos2dx.lib.Cocos2dxGLSurfaceView@839259446<file=><x=0><y=0><width=768><height=1184><id=-1>, android.view.MotionEvent@222261304)
I/org.umd.logging(14680): Method < 1 org.cocos2dx.lib.Cocos2dxGLSurfaceView.onTouchEvent(true)
W/ResourceType(14680): No known package when getting name for resource number 0xffffffff
I/org.umd.logging(14680): Method > 1 org.cocos2dx.lib.Cocos2dxGLSurfaceView.onTouchEvent(org.cocos2dx.lib.Cocos2dxGLSurfaceView@839259446<file=><x=0><y=0><width=768><height=1184><id=-1>, android.view.MotionEvent@222261304)
I/org.umd.logging(14680): Method < 1 org.cocos2dx.lib.Cocos2dxGLSurfaceView.onTouchEvent(true)
W/ResourceType(14680): No known package when getting name for resource number 0xffffffff
I/org.umd.logging(14680): Method > 1 org.cocos2dx.lib.Cocos2dxGLSurfaceView.onTouchEvent(org.cocos2dx.lib.Cocos2dxGLSurfaceView@839259446<file=><x=0><y=0><width=768><height=1184><id=-1>, android.view.MotionEvent@222261304)
I/org.umd.logging(14680): Method < 1 org.cocos2dx.lib.Cocos2dxGLSurfaceView.onTouchEvent(true)
W/ResourceType(14680): No known package when getting name for resource number 0xffffffff
I/org.umd.logging(14680): Method > 1 org.cocos2dx.lib.Cocos2dxGLSurfaceView.onTouchEvent(org.cocos2dx.lib.Cocos2dxGLSurfaceView@839259446<file=><x=0><y=0><width=768><height=1184><id=-1>, android.view.MotionEvent@222261304)
I/org.umd.logging(14680): Method < 1 org.cocos2dx.lib.Cocos2dxGLSurfaceView.onTouchEvent(true)
W/ResourceType(14680): No known package when getting name for resource number 0xffffffff
I/org.umd.logging(14680): Method > 1 org.cocos2dx.lib.Cocos2dxGLSurfaceView.onTouchEvent(org.cocos2dx.lib.Cocos2dxGLSurfaceView@839259446<file=><x=0><y=0><width=768><height=1184><id=-1>, android.view.MotionEvent@222261304)
I/org.umd.logging(14680): Method < 1 org.cocos2dx.lib.Cocos2dxGLSurfaceView.onTouchEvent(true)
W/ResourceType(14680): No known package when getting name for resource number 0xffffffff
I/org.umd.logging(14680): Method > 1 org.cocos2dx.lib.Cocos2dxGLSurfaceView.onTouchEvent(org.cocos2dx.lib.Cocos2dxGLSurfaceView@839259446<file=><x=0><y=0><width=768><height=1184><id=-1>, android.view.MotionEvent@222261304)
I/org.umd.logging(14680): Method < 1 org.cocos2dx.lib.Cocos2dxGLSurfaceView.onTouchEvent(true)
W/ResourceType(14680): No known package when getting name for resource number 0xffffffff
I/org.umd.logging(14680): Method > 1 org.cocos2dx.lib.Cocos2dxGLSurfaceView.onTouchEvent(org.cocos2dx.lib.Cocos2dxGLSurfaceView@839259446<file=><x=0><y=0><width=768><height=1184><id=-1>, android.view.MotionEvent@222261304)
I/org.umd.logging(14680): Method < 1 org.cocos2dx.lib.Cocos2dxGLSurfaceView.onTouchEvent(true)
W/ResourceType(14680): No known package when getting name for resource number 0xffffffff
I/org.umd.logging(14680): Method > 1 org.cocos2dx.lib.Cocos2dxGLSurfaceView.onTouchEvent(org.cocos2dx.lib.Cocos2dxGLSurfaceView@839259446<file=><x=0><y=0><width=768><height=1184><id=-1>, android.view.MotionEvent@222261304)
I/org.umd.logging(14680): Method < 1 org.cocos2dx.lib.Cocos2dxGLSurfaceView.onTouchEvent(true)
W/ResourceType(14680): No known package when getting name for resource number 0xffffffff
I/org.umd.logging(14680): Method > 1 org.cocos2dx.lib.Cocos2dxGLSurfaceView.onTouchEvent(org.cocos2dx.lib.Cocos2dxGLSurfaceView@839259446<file=><x=0><y=0><width=768><height=1184><id=-1>, android.view.MotionEvent@222261304)
I/org.umd.logging(14680): Method < 1 org.cocos2dx.lib.Cocos2dxGLSurfaceView.onTouchEvent(true)
W/ResourceType(14680): No known package when getting name for resource number 0xffffffff
I/org.umd.logging(14680): Method > 1 org.cocos2dx.lib.Cocos2dxGLSurfaceView.onTouchEvent(org.cocos2dx.lib.Cocos2dxGLSurfaceView@839259446<file=><x=0><y=0><width=768><height=1184><id=-1>, android.view.MotionEvent@222261304)
I/org.umd.logging(14680): Method < 1 org.cocos2dx.lib.Cocos2dxGLSurfaceView.onTouchEvent(true)
I/org.umd.logging(14680): Method > 1 com.xbubble.bubbleisland2.MainActivity.onPause(com.xbubble.bubbleisland2.MainActivity@410649080<activity=true>)
I/org.umd.logging(14680): Method > 1 org.cocos2dx.lib.Cocos2dxActivity.onPause(com.xbubble.bubbleisland2.MainActivity@410649080<activity=true>)
I/org.umd.logging(14680): Method > 1 org.cocos2dx.lib.Cocos2dxHelper.onPause()
I/org.umd.logging(14680): Method < 1 org.cocos2dx.lib.Cocos2dxHelper.onPause()
W/ResourceType(14680): No known package when getting name for resource number 0xffffffff
I/org.umd.logging(14680): Method > 1 org.cocos2dx.lib.Cocos2dxGLSurfaceView.onPause(org.cocos2dx.lib.Cocos2dxGLSurfaceView@839259446<file=><x=0><y=0><width=768><height=1184><id=-1>)
I/org.umd.logging(14680): Method < 1 org.cocos2dx.lib.Cocos2dxGLSurfaceView.onPause()
I/org.umd.logging(14680): Method < 1 org.cocos2dx.lib.Cocos2dxActivity.onPause()
I/org.umd.logging(14680): Method < 1 com.xbubble.bubbleisland2.MainActivity.onPause()
I/org.umd.logging(14680): Method > 1 com.xbubble.bubbleisland2.MainActivity.onResume(com.xbubble.bubbleisland2.MainActivity@410649080<activity=true>)
I/org.umd.logging(14680): Method > 1 org.cocos2dx.lib.Cocos2dxActivity.onResume(com.xbubble.bubbleisland2.MainActivity@410649080<activity=true>)
I/org.umd.logging(14680): Method > 1 org.cocos2dx.lib.Cocos2dxHelper.onResume()
I/org.umd.logging(14680): Method < 1 org.cocos2dx.lib.Cocos2dxHelper.onResume()
W/ResourceType(14680): No known package when getting name for resource number 0xffffffff
I/org.umd.logging(14680): Method > 1 org.cocos2dx.lib.Cocos2dxGLSurfaceView.onResume(org.cocos2dx.lib.Cocos2dxGLSurfaceView@839259446<file=><x=0><y=0><width=768><height=1184><id=-1>)
I/org.umd.logging(14680): Method < 1 org.cocos2dx.lib.Cocos2dxGLSurfaceView.onResume()
I/org.umd.logging(14680): Method < 1 org.cocos2dx.lib.Cocos2dxActivity.onResume()
I/org.umd.logging(14680): Method < 1 com.xbubble.bubbleisland2.MainActivity.onResume()
I/org.umd.logging(14680): Method < 2141 org.cocos2dx.lib.Cocos2dxGLSurfaceView$9.run()
I/org.umd.logging(14680): Method > 2141 org.cocos2dx.lib.Cocos2dxGLSurfaceView$6.run(org.cocos2dx.lib.Cocos2dxGLSurfaceView$6@350302508)
I/org.umd.logging(14680): Method < 2141 org.cocos2dx.lib.Cocos2dxGLSurfaceView$6.run()
I/org.umd.logging(14680): Method > 2141 org.cocos2dx.lib.Cocos2dxGLSurfaceView$9.run(org.cocos2dx.lib.Cocos2dxGLSurfaceView$9@296073610)
I/org.umd.logging(14680): Method < 2141 org.cocos2dx.lib.Cocos2dxGLSurfaceView$9.run()
I/org.umd.logging(14680): Method > 2141 org.cocos2dx.lib.Cocos2dxGLSurfaceView$6.run(org.cocos2dx.lib.Cocos2dxGLSurfaceView$6@215235579)
I/org.umd.logging(14680): Method < 2141 org.cocos2dx.lib.Cocos2dxGLSurfaceView$6.run()
I/org.umd.logging(14680): Method > 2141 org.cocos2dx.lib.Cocos2dxGLSurfaceView$9.run(org.cocos2dx.lib.Cocos2dxGLSurfaceView$9@1069954072)
I/org.umd.logging(14680): Method < 2141 org.cocos2dx.lib.Cocos2dxGLSurfaceView$9.run()
I/org.umd.logging(14680): Method > 2141 org.cocos2dx.lib.Cocos2dxGLSurfaceView$6.run(org.cocos2dx.lib.Cocos2dxGLSurfaceView$6@768847473)
I/org.umd.logging(14680): Method < 2141 org.cocos2dx.lib.Cocos2dxGLSurfaceView$6.run()
I/org.umd.logging(14680): Method > 2141 org.cocos2dx.lib.Cocos2dxGLSurfaceView$9.run(org.cocos2dx.lib.Cocos2dxGLSurfaceView$9@514712662)
I/org.umd.logging(14680): Method < 2141 org.cocos2dx.lib.Cocos2dxGLSurfaceView$9.run()
I/org.umd.logging(14680): Method > 2141 org.cocos2dx.lib.Cocos2dxGLSurfaceView$6.run(org.cocos2dx.lib.Cocos2dxGLSurfaceView$6@787904964)
E/chromium(14680): [ERROR:interface_registry.cc(99)] Failed to locate a binder for interface: autofill::mojom::AutofillDriver
I/Choreographer(14680): Skipped 108 frames!  The application may be doing too much work on its main thread.
D/audio_hw_primary(  190): select_devices: out_snd_device(2: speaker) in_snd_device(0: none)
D/audio_hw_primary(  190): enable_audio_route: apply and update mixer path: low-latency-playback
I/org.umd.logging(14680): Method < 2141 org.cocos2dx.lib.Cocos2dxGLSurfaceView$6.run()
I/org.umd.logging(14680): Method > 2141 org.cocos2dx.lib.Cocos2dxGLSurfaceView$9.run(org.cocos2dx.lib.Cocos2dxGLSurfaceView$9@161726637)
I/org.umd.logging(14680): Method < 2141 org.cocos2dx.lib.Cocos2dxGLSurfaceView$9.run()
I/org.umd.logging(14680): Method > 2141 org.cocos2dx.lib.Cocos2dxGLSurfaceView$6.run(org.cocos2dx.lib.Cocos2dxGLSurfaceView$6@842788834)
I/org.umd.logging(14680): Method < 2141 org.cocos2dx.lib.Cocos2dxGLSurfaceView$6.run()
I/org.umd.logging(14680): Method > 2141 org.cocos2dx.lib.Cocos2dxGLSurfaceView$9.run(org.cocos2dx.lib.Cocos2dxGLSurfaceView$9@292040563)
I/org.umd.logging(14680): Method < 2141 org.cocos2dx.lib.Cocos2dxGLSurfaceView$9.run()
I/org.umd.logging(14680): Method > 2141 org.cocos2dx.lib.Cocos2dxGLSurfaceView$6.run(org.cocos2dx.lib.Cocos2dxGLSurfaceView$6@230911536)
I/org.umd.logging(14680): Method < 2141 org.cocos2dx.lib.Cocos2dxGLSurfaceView$6.run()
I/org.umd.logging(14680): Method > 2141 org.cocos2dx.lib.Cocos2dxGLSurfaceView$9.run(org.cocos2dx.lib.Cocos2dxGLSurfaceView$9@283687593)
I/org.umd.logging(14680): Method < 2141 org.cocos2dx.lib.Cocos2dxGLSurfaceView$9.run()
I/org.umd.logging(14680): Method > 2141 org.cocos2dx.lib.Cocos2dxGLSurfaceView$6.run(org.cocos2dx.lib.Cocos2dxGLSurfaceView$6@598550574)
I/org.umd.logging(14680): Method < 2141 org.cocos2dx.lib.Cocos2dxGLSurfaceView$6.run()
I/org.umd.logging(14680): Method > 2141 org.cocos2dx.lib.Cocos2dxGLSurfaceView$9.run(org.cocos2dx.lib.Cocos2dxGLSurfaceView$9@881610703)
I/org.umd.logging(14680): Method < 2141 org.cocos2dx.lib.Cocos2dxGLSurfaceView$9.run()
I/org.umd.logging(14680): Method > 2141 org.cocos2dx.lib.Cocos2dxGLSurfaceView$6.run(org.cocos2dx.lib.Cocos2dxGLSurfaceView$6@690568540)
I/org.umd.logging(14680): Method < 2141 org.cocos2dx.lib.Cocos2dxGLSurfaceView$6.run()
I/org.umd.logging(14680): Method > 2141 org.cocos2dx.lib.Cocos2dxGLSurfaceView$9.run(org.cocos2dx.lib.Cocos2dxGLSurfaceView$9@677992549)
I/org.umd.logging(14680): Method < 2141 org.cocos2dx.lib.Cocos2dxGLSurfaceView$9.run()
I/org.umd.logging(14680): Method > 2141 org.cocos2dx.lib.Cocos2dxGLSurfaceView$6.run(org.cocos2dx.lib.Cocos2dxGLSurfaceView$6@283613498)
I/org.umd.logging(14680): Method < 2141 org.cocos2dx.lib.Cocos2dxGLSurfaceView$6.run()
I/org.umd.logging(14680): Method > 2141 org.cocos2dx.lib.Cocos2dxGLSurfaceView$9.run(org.cocos2dx.lib.Cocos2dxGLSurfaceView$9@2628075)
I/org.umd.logging(14680): Method < 2141 org.cocos2dx.lib.Cocos2dxGLSurfaceView$9.run()
I/org.umd.logging(14680): Method > 2141 org.cocos2dx.lib.Cocos2dxGLSurfaceView$6.run(org.cocos2dx.lib.Cocos2dxGLSurfaceView$6@1069208392)
I/org.umd.logging(14680): Method < 2141 org.cocos2dx.lib.Cocos2dxGLSurfaceView$6.run()
I/org.umd.logging(14680): Method > 2141 org.cocos2dx.lib.Cocos2dxGLSurfaceView$9.run(org.cocos2dx.lib.Cocos2dxGLSurfaceView$9@10229217)
I/org.umd.logging(14680): Method < 2141 org.cocos2dx.lib.Cocos2dxGLSurfaceView$9.run()
I/org.umd.logging(14680): Method > 2141 org.cocos2dx.lib.Cocos2dxGLSurfaceView$6.run(org.cocos2dx.lib.Cocos2dxGLSurfaceView$6@505810694)
I/org.umd.logging(14680): Method < 2141 org.cocos2dx.lib.Cocos2dxGLSurfaceView$6.run()
I/org.umd.logging(14680): Method > 2141 org.cocos2dx.lib.Cocos2dxGLSurfaceView$9.run(org.cocos2dx.lib.Cocos2dxGLSurfaceView$9@325872071)
I/org.umd.logging(14680): Method < 2141 org.cocos2dx.lib.Cocos2dxGLSurfaceView$9.run()
I/org.umd.logging(14680): Method > 2141 org.cocos2dx.lib.Cocos2dxGLSurfaceView$6.run(org.cocos2dx.lib.Cocos2dxGLSurfaceView$6@609082356)
I/org.umd.logging(14680): Method < 2141 org.cocos2dx.lib.Cocos2dxGLSurfaceView$6.run()
I/org.umd.logging(14680): Method > 2141 org.cocos2dx.lib.Cocos2dxGLSurfaceView$9.run(org.cocos2dx.lib.Cocos2dxGLSurfaceView$9@14888733)
I/org.umd.logging(14680): Method < 2141 org.cocos2dx.lib.Cocos2dxGLSurfaceView$9.run()
I/org.umd.logging(14680): Method > 2141 org.cocos2dx.lib.Cocos2dxGLSurfaceView$6.run(org.cocos2dx.lib.Cocos2dxGLSurfaceView$6@646190482)
I/org.umd.logging(14680): Method < 2141 org.cocos2dx.lib.Cocos2dxGLSurfaceView$6.run()
I/org.umd.logging(14680): Method > 2141 org.cocos2dx.lib.Cocos2dxGLSurfaceView$9.run(org.cocos2dx.lib.Cocos2dxGLSurfaceView$9@633068387)
I/org.umd.logging(14680): Method < 2141 org.cocos2dx.lib.Cocos2dxGLSurfaceView$9.run()
I/org.umd.logging(14680): Method > 2141 org.cocos2dx.lib.Cocos2dxGLSurfaceView$6.run(org.cocos2dx.lib.Cocos2dxGLSurfaceView$6@526828384)
I/org.umd.logging(14680): Method < 2141 org.cocos2dx.lib.Cocos2dxGLSurfaceView$6.run()
I/org.umd.logging(14680): Method > 2141 org.cocos2dx.lib.Cocos2dxGLSurfaceView$9.run(org.cocos2dx.lib.Cocos2dxGLSurfaceView$9@713596953)
I/org.umd.logging(14680): Method < 2141 org.cocos2dx.lib.Cocos2dxGLSurfaceView$9.run()
I/org.umd.logging(14680): Method > 2141 org.cocos2dx.lib.Cocos2dxGLSurfaceView$6.run(org.cocos2dx.lib.Cocos2dxGLSurfaceView$6@692713694)
I/org.umd.logging(14680): Method < 2141 org.cocos2dx.lib.Cocos2dxGLSurfaceView$6.run()
I/org.umd.logging(14680): Method > 2141 org.cocos2dx.lib.Cocos2dxGLSurfaceView$7.run(org.cocos2dx.lib.Cocos2dxGLSurfaceView$7@939969215)
I/org.umd.logging(14680): Method < 2141 org.cocos2dx.lib.Cocos2dxGLSurfaceView$7.run()
I/org.umd.logging(14680): Method > 2141 org.cocos2dx.lib.Cocos2dxGLSurfaceView$9.run(org.cocos2dx.lib.Cocos2dxGLSurfaceView$9@996455820)
I/org.umd.logging(14680): Method < 2141 org.cocos2dx.lib.Cocos2dxGLSurfaceView$9.run()
I/org.umd.logging(14680): Method > 2141 org.cocos2dx.lib.Cocos2dxGLSurfaceView$6.run(org.cocos2dx.lib.Cocos2dxGLSurfaceView$6@796533973)
I/org.umd.logging(14680): Method < 2141 org.cocos2dx.lib.Cocos2dxGLSurfaceView$6.run()
I/org.umd.logging(14680): Method > 2141 org.cocos2dx.lib.Cocos2dxGLSurfaceView$9.run(org.cocos2dx.lib.Cocos2dxGLSurfaceView$9@1073267946)
I/org.umd.logging(14680): Method < 2141 org.cocos2dx.lib.Cocos2dxGLSurfaceView$9.run()
I/org.umd.logging(14680): Method > 2141 org.cocos2dx.lib.Cocos2dxGLSurfaceView$6.run(org.cocos2dx.lib.Cocos2dxGLSurfaceView$6@1072124891)
I/org.umd.logging(14680): Method < 2141 org.cocos2dx.lib.Cocos2dxGLSurfaceView$6.run()
I/org.umd.logging(14680): Method > 2141 org.cocos2dx.lib.Cocos2dxGLSurfaceView$9.run(org.cocos2dx.lib.Cocos2dxGLSurfaceView$9@661495416)
I/org.umd.logging(14680): Method < 2141 org.cocos2dx.lib.Cocos2dxGLSurfaceView$9.run()
I/org.umd.logging(14680): Method > 2141 org.cocos2dx.lib.Cocos2dxGLSurfaceView$6.run(org.cocos2dx.lib.Cocos2dxGLSurfaceView$6@952449361)
I/org.umd.logging(14680): Method < 2141 org.cocos2dx.lib.Cocos2dxGLSurfaceView$6.run()
I/org.umd.logging(14680): Method > 2141 org.cocos2dx.lib.Cocos2dxGLSurfaceView$7.run(org.cocos2dx.lib.Cocos2dxGLSurfaceView$7@689325494)
I/org.umd.logging(14680): Method < 2141 org.cocos2dx.lib.Cocos2dxGLSurfaceView$7.run()
I/org.umd.logging(14680): Method > 2141 org.cocos2dx.lib.Cocos2dxGLSurfaceView$9.run(org.cocos2dx.lib.Cocos2dxGLSurfaceView$9@679301815)
I/org.umd.logging(14680): Method < 2141 org.cocos2dx.lib.Cocos2dxGLSurfaceView$9.run()
I/org.umd.logging(14680): Method > 2141 org.cocos2dx.lib.Cocos2dxGLSurfaceView$6.run(org.cocos2dx.lib.Cocos2dxGLSurfaceView$6@488253988)
I/org.umd.logging(14680): Method < 2141 org.cocos2dx.lib.Cocos2dxGLSurfaceView$6.run()
I/org.umd.logging(14680): Method > 2141 org.cocos2dx.lib.Cocos2dxGLSurfaceView$9.run(org.cocos2dx.lib.Cocos2dxGLSurfaceView$9@416487821)
I/org.umd.logging(14680): Method < 2141 org.cocos2dx.lib.Cocos2dxGLSurfaceView$9.run()
I/org.umd.logging(14680): Method > 2141 org.cocos2dx.lib.Cocos2dxGLSurfaceView$4.run(org.cocos2dx.lib.Cocos2dxGLSurfaceView$4@84566867)
D/luajc   (14680): CCLuaJavaBridge::callJavaStaticMethod(lua_State *L)
W/art     (14680): Call to JNI FindClass with dots in name: "com.xbubble.bubbleisland2.MainActivity"
D/luajc   (14680): CCLuaJavaBridge::callJavaStaticMethod("com.xbubble.bubbleisland2.MainActivity", "renameFile", args, "(Ljava/lang/String;Ljava/lang/String;)Z") SUCCESS
I/org.umd.logging(14680): Api > 2141 android.media.MediaPlayer.pause(android.media.MediaPlayer@976012006)
I/org.umd.logging(14680): Api < 2141 android.media.MediaPlayer.pause()
I/org.umd.logging(14680): Method < 2141 org.cocos2dx.lib.Cocos2dxGLSurfaceView$4.run()
I/org.umd.logging(14680): Method > 2141 org.cocos2dx.lib.Cocos2dxGLSurfaceView$3.run(org.cocos2dx.lib.Cocos2dxGLSurfaceView$3@887211152)
I/org.umd.logging(14680): Api > 2141 android.media.MediaPlayer.start(android.media.MediaPlayer@976012006)
D/NuPlayerDriver(  190): start(0xb7a57048)
I/org.umd.logging(14680): Api < 2141 android.media.MediaPlayer.start()
I/org.umd.logging(14680): Method < 2141 org.cocos2dx.lib.Cocos2dxGLSurfaceView$3.run()
D/luajc   (14680): CCLuaJavaBridge::callJavaStaticMethod(lua_State *L)
W/art     (14680): Call to JNI FindClass with dots in name: "com.xbubble.bubbleisland2.MainActivity"
D/luajc   (14680): CCLuaJavaBridge::callJavaStaticMethod("com.xbubble.bubbleisland2.MainActivity", "postData", args, "(Ljava/lang/String;Ljava/lang/String;)V") SUCCESS
W/ResourceType(14680): No known package when getting name for resource number 0xffffffff
I/org.umd.logging(14680): Method > 1 org.cocos2dx.lib.Cocos2dxGLSurfaceView.onKeyDown(org.cocos2dx.lib.Cocos2dxGLSurfaceView@839259446<file=><x=0><y=0><width=768><height=1184><id=-1>, 19, android.view.KeyEvent@627360137)
I/org.umd.logging(14680): Method < 1 org.cocos2dx.lib.Cocos2dxGLSurfaceView.onKeyDown(false)
E/WifiStateMachine(  594): WifiStateMachine CMD_START_SCAN source -2 txSuccessRate=58.00 rxSuccessRate=55.00 targetRoamBSSID=any RSSI=-46
W/ResourceType(14680): No known package when getting name for resource number 0xffffffff
I/org.umd.logging(14680): Method > 1 org.cocos2dx.lib.Cocos2dxGLSurfaceView.onKeyDown(org.cocos2dx.lib.Cocos2dxGLSurfaceView@839259446<file=><x=0><y=0><width=768><height=1184><id=-1>, 21, android.view.KeyEvent@399791502)
I/org.umd.logging(14680): Method < 1 org.cocos2dx.lib.Cocos2dxGLSurfaceView.onKeyDown(false)
I/Ads     (14680): Ad finished loading.
I/art     (14680): Background sticky concurrent mark sweep GC freed 7251(363KB) AllocSpace objects, 2(6MB) LOS objects, 4% free, 43MB/45MB, paused 6.470ms total 36.288ms
W/ResourceType(14680): No known package when getting name for resource number 0xffffffff
I/org.umd.logging(14680): Method > 1 org.cocos2dx.lib.Cocos2dxGLSurfaceView.onTouchEvent(org.cocos2dx.lib.Cocos2dxGLSurfaceView@839259446<file=><x=0><y=0><width=768><height=1184><id=-1>, android.view.MotionEvent@222261304)
I/org.umd.logging(14680): Method < 1 org.cocos2dx.lib.Cocos2dxGLSurfaceView.onTouchEvent(true)
W/ResourceType(14680): No known package when getting name for resource number 0xffffffff
I/org.umd.logging(14680): Method > 1 org.cocos2dx.lib.Cocos2dxGLSurfaceView.onTouchEvent(org.cocos2dx.lib.Cocos2dxGLSurfaceView@839259446<file=><x=0><y=0><width=768><height=1184><id=-1>, android.view.MotionEvent@222261304)
I/org.umd.logging(14680): Method < 1 org.cocos2dx.lib.Cocos2dxGLSurfaceView.onTouchEvent(true)
W/ResourceType(14680): No known package when getting name for resource number 0xffffffff
I/org.umd.logging(14680): Method > 1 org.cocos2dx.lib.Cocos2dxGLSurfaceView.onTouchEvent(org.cocos2dx.lib.Cocos2dxGLSurfaceView@839259446<file=><x=0><y=0><width=768><height=1184><id=-1>, android.view.MotionEvent@222261304)
I/org.umd.logging(14680): Method < 1 org.cocos2dx.lib.Cocos2dxGLSurfaceView.onTouchEvent(true)
W/ResourceType(14680): No known package when getting name for resource number 0xffffffff
I/org.umd.logging(14680): Method > 1 org.cocos2dx.lib.Cocos2dxGLSurfaceView.onTouchEvent(org.cocos2dx.lib.Cocos2dxGLSurfaceView@839259446<file=><x=0><y=0><width=768><height=1184><id=-1>, android.view.MotionEvent@222261304)
I/org.umd.logging(14680): Method < 1 org.cocos2dx.lib.Cocos2dxGLSurfaceView.onTouchEvent(true)
W/ResourceType(14680): No known package when getting name for resource number 0xffffffff
I/org.umd.logging(14680): Method > 1 org.cocos2dx.lib.Cocos2dxGLSurfaceView.onTouchEvent(org.cocos2dx.lib.Cocos2dxGLSurfaceView@839259446<file=><x=0><y=0><width=768><height=1184><id=-1>, android.view.MotionEvent@222261304)
I/org.umd.logging(14680): Method < 1 org.cocos2dx.lib.Cocos2dxGLSurfaceView.onTouchEvent(true)
W/ResourceType(14680): No known package when getting name for resource number 0xffffffff
I/org.umd.logging(14680): Method > 1 org.cocos2dx.lib.Cocos2dxGLSurfaceView.onTouchEvent(org.cocos2dx.lib.Cocos2dxGLSurfaceView@839259446<file=><x=0><y=0><width=768><height=1184><id=-1>, android.view.MotionEvent@222261304)
I/org.umd.logging(14680): Method < 1 org.cocos2dx.lib.Cocos2dxGLSurfaceView.onTouchEvent(true)
W/ResourceType(14680): No known package when getting name for resource number 0xffffffff
I/org.umd.logging(14680): Method > 1 org.cocos2dx.lib.Cocos2dxGLSurfaceView.onTouchEvent(org.cocos2dx.lib.Cocos2dxGLSurfaceView@839259446<file=><x=0><y=0><width=768><height=1184><id=-1>, android.view.MotionEvent@222261304)
I/org.umd.logging(14680): Method < 1 org.cocos2dx.lib.Cocos2dxGLSurfaceView.onTouchEvent(true)
W/ResourceType(14680): No known package when getting name for resource number 0xffffffff
I/org.umd.logging(14680): Method > 1 org.cocos2dx.lib.Cocos2dxGLSurfaceView.onTouchEvent(org.cocos2dx.lib.Cocos2dxGLSurfaceView@839259446<file=><x=0><y=0><width=768><height=1184><id=-1>, android.view.MotionEvent@222261304)
I/org.umd.logging(14680): Method < 1 org.cocos2dx.lib.Cocos2dxGLSurfaceView.onTouchEvent(true)
W/ResourceType(14680): No known package when getting name for resource number 0xffffffff
I/org.umd.logging(14680): Method > 1 org.cocos2dx.lib.Cocos2dxGLSurfaceView.onTouchEvent(org.cocos2dx.lib.Cocos2dxGLSurfaceView@839259446<file=><x=0><y=0><width=768><height=1184><id=-1>, android.view.MotionEvent@222261304)
I/org.umd.logging(14680): Method < 1 org.cocos2dx.lib.Cocos2dxGLSurfaceView.onTouchEvent(true)
W/ResourceType(14680): No known package when getting name for resource number 0xffffffff
I/org.umd.logging(14680): Method > 1 org.cocos2dx.lib.Cocos2dxGLSurfaceView.onTouchEvent(org.cocos2dx.lib.Cocos2dxGLSurfaceView@839259446<file=><x=0><y=0><width=768><height=1184><id=-1>, android.view.MotionEvent@222261304)
I/org.umd.logging(14680): Method < 1 org.cocos2dx.lib.Cocos2dxGLSurfaceView.onTouchEvent(true)
W/ResourceType(14680): No known package when getting name for resource number 0xffffffff
I/org.umd.logging(14680): Method > 1 org.cocos2dx.lib.Cocos2dxGLSurfaceView.onTouchEvent(org.cocos2dx.lib.Cocos2dxGLSurfaceView@839259446<file=><x=0><y=0><width=768><height=1184><id=-1>, android.view.MotionEvent@222261304)
I/org.umd.logging(14680): Method < 1 org.cocos2dx.lib.Cocos2dxGLSurfaceView.onTouchEvent(true)
D/audio_hw_primary(  190): out_set_parameters: enter: usecase(0: deep-buffer-playback) kvpairs: routing=2
W/ResourceType(14680): No known package when getting name for resource number 0xffffffff
I/org.umd.logging(14680): Method > 1 org.cocos2dx.lib.Cocos2dxGLSurfaceView.onTouchEvent(org.cocos2dx.lib.Cocos2dxGLSurfaceView@839259446<file=><x=0><y=0><width=768><height=1184><id=-1>, android.view.MotionEvent@222261304)
I/org.umd.logging(14680): Method < 1 org.cocos2dx.lib.Cocos2dxGLSurfaceView.onTouchEvent(true)
W/ResourceType(14680): No known package when getting name for resource number 0xffffffff
I/org.umd.logging(14680): Method > 1 org.cocos2dx.lib.Cocos2dxGLSurfaceView.onTouchEvent(org.cocos2dx.lib.Cocos2dxGLSurfaceView@839259446<file=><x=0><y=0><width=768><height=1184><id=-1>, android.view.MotionEvent@222261304)
I/org.umd.logging(14680): Method < 1 org.cocos2dx.lib.Cocos2dxGLSurfaceView.onTouchEvent(true)
W/ResourceType(14680): No known package when getting name for resource number 0xffffffff
I/org.umd.logging(14680): Method > 1 org.cocos2dx.lib.Cocos2dxGLSurfaceView.onTouchEvent(org.cocos2dx.lib.Cocos2dxGLSurfaceView@839259446<file=><x=0><y=0><width=768><height=1184><id=-1>, android.view.MotionEvent@222261304)
I/org.umd.logging(14680): Method < 1 org.cocos2dx.lib.Cocos2dxGLSurfaceView.onTouchEvent(true)
W/ResourceType(14680): No known package when getting name for resource number 0xffffffff
I/org.umd.logging(14680): Method > 1 org.cocos2dx.lib.Cocos2dxGLSurfaceView.onTouchEvent(org.cocos2dx.lib.Cocos2dxGLSurfaceView@839259446<file=><x=0><y=0><width=768><height=1184><id=-1>, android.view.MotionEvent@222261304)
I/org.umd.logging(14680): Method < 1 org.cocos2dx.lib.Cocos2dxGLSurfaceView.onTouchEvent(true)
W/ResourceType(14680): No known package when getting name for resource number 0xffffffff
I/org.umd.logging(14680): Method > 1 org.cocos2dx.lib.Cocos2dxGLSurfaceView.onTouchEvent(org.cocos2dx.lib.Cocos2dxGLSurfaceView@839259446<file=><x=0><y=0><width=768><height=1184><id=-1>, android.view.MotionEvent@222261304)
I/org.umd.logging(14680): Method < 1 org.cocos2dx.lib.Cocos2dxGLSurfaceView.onTouchEvent(true)
W/ResourceType(14680): No known package when getting name for resource number 0xffffffff
I/org.umd.logging(14680): Method > 1 org.cocos2dx.lib.Cocos2dxGLSurfaceView.onTouchEvent(org.cocos2dx.lib.Cocos2dxGLSurfaceView@839259446<file=><x=0><y=0><width=768><height=1184><id=-1>, android.view.MotionEvent@222261304)
I/org.umd.logging(14680): Method < 1 org.cocos2dx.lib.Cocos2dxGLSurfaceView.onTouchEvent(true)
W/ResourceType(14680): No known package when getting name for resource number 0xffffffff
I/org.umd.logging(14680): Method > 1 org.cocos2dx.lib.Cocos2dxGLSurfaceView.onTouchEvent(org.cocos2dx.lib.Cocos2dxGLSurfaceView@839259446<file=><x=0><y=0><width=768><height=1184><id=-1>, android.view.MotionEvent@222261304)
I/org.umd.logging(14680): Method < 1 org.cocos2dx.lib.Cocos2dxGLSurfaceView.onTouchEvent(true)
W/ResourceType(14680): No known package when getting name for resource number 0xffffffff
I/org.umd.logging(14680): Method > 1 org.cocos2dx.lib.Cocos2dxGLSurfaceView.onTouchEvent(org.cocos2dx.lib.Cocos2dxGLSurfaceView@839259446<file=><x=0><y=0><width=768><height=1184><id=-1>, android.view.MotionEvent@222261304)
I/org.umd.logging(14680): Method < 1 org.cocos2dx.lib.Cocos2dxGLSurfaceView.onTouchEvent(true)
D/luajc   (14680): CCLuaJavaBridge::callJavaStaticMethod(lua_State *L)
W/art     (14680): Call to JNI FindClass with dots in name: "com.xbubble.bubbleisland2.MainActivity"
D/luajc   (14680): CCLuaJavaBridge::callJavaStaticMethod("com.xbubble.bubbleisland2.MainActivity", "showBannerAd", args, "(Z)V") SUCCESS
D/luajc   (14680): CCLuaJavaBridge::callJavaStaticMethod(lua_State *L)
W/art     (14680): Call to JNI FindClass with dots in name: "com.xbubble.bubbleisland2.MainActivity"
D/luajc   (14680): CCLuaJavaBridge::callJavaStaticMethod("com.xbubble.bubbleisland2.MainActivity", "isTextInterstitialADReady", args, "()Z") SUCCESS
D/luajc   (14680): CCLuaJavaBridge::callJavaStaticMethod(lua_State *L)
W/art     (14680): Call to JNI FindClass with dots in name: "com.xbubble.bubbleisland2.MainActivity"
D/luajc   (14680): CCLuaJavaBridge::callJavaStaticMethod("com.xbubble.bubbleisland2.MainActivity", "showTextInterstitialAD", args, "(Ljava/lang/String;)V") SUCCESS
W/ResourceType(14680): No known package when getting name for resource number 0xffffffff
I/org.umd.logging(14680): Method > 1 org.cocos2dx.lib.Cocos2dxGLSurfaceView.onTouchEvent(org.cocos2dx.lib.Cocos2dxGLSurfaceView@839259446<file=><x=0><y=0><width=768><height=1184><id=-1>, android.view.MotionEvent@222261304)
I/org.umd.logging(14680): Method < 1 org.cocos2dx.lib.Cocos2dxGLSurfaceView.onTouchEvent(true)
I/org.umd.logging(14680): Method > 2141 org.cocos2dx.lib.Cocos2dxGLSurfaceView$6.run(org.cocos2dx.lib.Cocos2dxGLSurfaceView$6@356948412)
I/org.umd.logging(14680): Method < 2141 org.cocos2dx.lib.Cocos2dxGLSurfaceView$6.run()
I/org.umd.logging(14680): Method > 2141 org.cocos2dx.lib.Cocos2dxGLSurfaceView$9.run(org.cocos2dx.lib.Cocos2dxGLSurfaceView$9@894364997)
I/org.umd.logging(14680): Method < 2141 org.cocos2dx.lib.Cocos2dxGLSurfaceView$9.run()
I/org.umd.logging(14680): Method > 2141 org.cocos2dx.lib.Cocos2dxGLSurfaceView$6.run(org.cocos2dx.lib.Cocos2dxGLSurfaceView$6@121912474)
I/org.umd.logging(14680): Method < 2141 org.cocos2dx.lib.Cocos2dxGLSurfaceView$6.run()
I/org.umd.logging(14680): Method > 2141 org.cocos2dx.lib.Cocos2dxGLSurfaceView$9.run(org.cocos2dx.lib.Cocos2dxGLSurfaceView$9@463530443)
I/org.umd.logging(14680): Method < 2141 org.cocos2dx.lib.Cocos2dxGLSurfaceView$9.run()
I/org.umd.logging(14680): Method > 2141 org.cocos2dx.lib.Cocos2dxGLSurfaceView$6.run(org.cocos2dx.lib.Cocos2dxGLSurfaceView$6@683775400)
I/org.umd.logging(14680): Method < 2141 org.cocos2dx.lib.Cocos2dxGLSurfaceView$6.run()
I/org.umd.logging(14680): Method > 2141 org.cocos2dx.lib.Cocos2dxGLSurfaceView$9.run(org.cocos2dx.lib.Cocos2dxGLSurfaceView$9@1039538369)
I/org.umd.logging(14680): Method < 2141 org.cocos2dx.lib.Cocos2dxGLSurfaceView$9.run()
I/org.umd.logging(14680): Method > 2141 org.cocos2dx.lib.Cocos2dxGLSurfaceView$6.run(org.cocos2dx.lib.Cocos2dxGLSurfaceView$6@60393574)
I/org.umd.logging(14680): Method < 2141 org.cocos2dx.lib.Cocos2dxGLSurfaceView$6.run()
I/org.umd.logging(14680): Method > 2141 org.cocos2dx.lib.Cocos2dxGLSurfaceView$9.run(org.cocos2dx.lib.Cocos2dxGLSurfaceView$9@886200231)
I/org.umd.logging(14680): Method < 2141 org.cocos2dx.lib.Cocos2dxGLSurfaceView$9.run()
I/org.umd.logging(14680): Method > 2141 org.cocos2dx.lib.Cocos2dxGLSurfaceView$6.run(org.cocos2dx.lib.Cocos2dxGLSurfaceView$6@107897940)
I/org.umd.logging(14680): Method < 2141 org.cocos2dx.lib.Cocos2dxGLSurfaceView$6.run()
I/org.umd.logging(14680): Method > 2141 org.cocos2dx.lib.Cocos2dxGLSurfaceView$9.run(org.cocos2dx.lib.Cocos2dxGLSurfaceView$9@210403325)
I/org.umd.logging(14680): Method < 2141 org.cocos2dx.lib.Cocos2dxGLSurfaceView$9.run()
I/org.umd.logging(14680): Method > 2141 org.cocos2dx.lib.Cocos2dxGLSurfaceView$6.run(org.cocos2dx.lib.Cocos2dxGLSurfaceView$6@77972722)
I/org.umd.logging(14680): Method < 2141 org.cocos2dx.lib.Cocos2dxGLSurfaceView$6.run()
I/org.umd.logging(14680): Method > 2141 org.cocos2dx.lib.Cocos2dxGLSurfaceView$9.run(org.cocos2dx.lib.Cocos2dxGLSurfaceView$9@29542211)
I/org.umd.logging(14680): Method < 2141 org.cocos2dx.lib.Cocos2dxGLSurfaceView$9.run()
I/org.umd.logging(14680): Method > 2141 org.cocos2dx.lib.Cocos2dxGLSurfaceView$6.run(org.cocos2dx.lib.Cocos2dxGLSurfaceView$6@964129216)
I/org.umd.logging(14680): Method < 2141 org.cocos2dx.lib.Cocos2dxGLSurfaceView$6.run()
I/org.umd.logging(14680): Method > 2141 org.cocos2dx.lib.Cocos2dxGLSurfaceView$9.run(org.cocos2dx.lib.Cocos2dxGLSurfaceView$9@386146041)
I/org.umd.logging(14680): Method < 2141 org.cocos2dx.lib.Cocos2dxGLSurfaceView$9.run()
I/org.umd.logging(14680): Method > 2141 org.cocos2dx.lib.Cocos2dxGLSurfaceView$6.run(org.cocos2dx.lib.Cocos2dxGLSurfaceView$6@1002913342)
I/org.umd.logging(14680): Method < 2141 org.cocos2dx.lib.Cocos2dxGLSurfaceView$6.run()
I/org.umd.logging(14680): Method > 2141 org.cocos2dx.lib.Cocos2dxGLSurfaceView$9.run(org.cocos2dx.lib.Cocos2dxGLSurfaceView$9@180393119)
I/org.umd.logging(14680): Method < 2141 org.cocos2dx.lib.Cocos2dxGLSurfaceView$9.run()
I/org.umd.logging(14680): Method > 2141 org.cocos2dx.lib.Cocos2dxGLSurfaceView$6.run(org.cocos2dx.lib.Cocos2dxGLSurfaceView$6@323086828)
I/org.umd.logging(14680): Method < 2141 org.cocos2dx.lib.Cocos2dxGLSurfaceView$6.run()
I/org.umd.logging(14680): Method > 2141 org.cocos2dx.lib.Cocos2dxGLSurfaceView$9.run(org.cocos2dx.lib.Cocos2dxGLSurfaceView$9@551465397)
