I/org.umd.logging(14680): Method < 2141 org.cocos2dx.lib.Cocos2dxGLSurfaceView$9.run()
I/org.umd.logging(14680): Method > 2141 org.cocos2dx.lib.Cocos2dxGLSurfaceView$6.run(org.cocos2dx.lib.Cocos2dxGLSurfaceView$6@1073021002)
I/org.umd.logging(14680): Method < 2141 org.cocos2dx.lib.Cocos2dxGLSurfaceView$6.run()
I/org.umd.logging(14680): Method > 2141 org.cocos2dx.lib.Cocos2dxGLSurfaceView$9.run(org.cocos2dx.lib.Cocos2dxGLSurfaceView$9@614718395)
I/org.umd.logging(14680): Method < 2141 org.cocos2dx.lib.Cocos2dxGLSurfaceView$9.run()
W/ResourceType(14680): No known package when getting name for resource number 0xffffffff
I/org.umd.logging(14680): Method > 1 org.cocos2dx.lib.Cocos2dxGLSurfaceView.onTouchEvent(org.cocos2dx.lib.Cocos2dxGLSurfaceView@839259446<file=><x=0><y=0><width=768><height=1184><id=-1>, android.view.MotionEvent@222261304)
I/org.umd.logging(14680): Method < 1 org.cocos2dx.lib.Cocos2dxGLSurfaceView.onTouchEvent(true)
I/org.umd.logging(14680): Method > 2141 org.cocos2dx.lib.Cocos2dxGLSurfaceView$6.run(org.cocos2dx.lib.Cocos2dxGLSurfaceView$6@878295256)
I/org.umd.logging(14680): Method < 2141 org.cocos2dx.lib.Cocos2dxGLSurfaceView$6.run()
W/ResourceType(14680): No known package when getting name for resource number 0xffffffff
I/org.umd.logging(14680): Method > 1 org.cocos2dx.lib.Cocos2dxGLSurfaceView.onTouchEvent(org.cocos2dx.lib.Cocos2dxGLSurfaceView@839259446<file=><x=0><y=0><width=768><height=1184><id=-1>, android.view.MotionEvent@222261304)
I/org.umd.logging(14680): Method < 1 org.cocos2dx.lib.Cocos2dxGLSurfaceView.onTouchEvent(true)
I/org.umd.logging(14680): Method > 2141 org.cocos2dx.lib.Cocos2dxGLSurfaceView$9.run(org.cocos2dx.lib.Cocos2dxGLSurfaceView$9@798340145)
I/org.umd.logging(14680): Method < 2141 org.cocos2dx.lib.Cocos2dxGLSurfaceView$9.run()
W/ResourceType(14680): No known package when getting name for resource number 0xffffffff
I/org.umd.logging(14680): Method > 1 org.cocos2dx.lib.Cocos2dxGLSurfaceView.onTouchEvent(org.cocos2dx.lib.Cocos2dxGLSurfaceView@839259446<file=><x=0><y=0><width=768><height=1184><id=-1>, android.view.MotionEvent@222261304)
I/org.umd.logging(14680): Method < 1 org.cocos2dx.lib.Cocos2dxGLSurfaceView.onTouchEvent(true)
I/org.umd.logging(14680): Method > 2141 org.cocos2dx.lib.Cocos2dxGLSurfaceView$6.run(org.cocos2dx.lib.Cocos2dxGLSurfaceView$6@780850966)
I/org.umd.logging(14680): Method < 2141 org.cocos2dx.lib.Cocos2dxGLSurfaceView$6.run()
W/ResourceType(14680): No known package when getting name for resource number 0xffffffff
I/org.umd.logging(14680): Method > 1 org.cocos2dx.lib.Cocos2dxGLSurfaceView.onTouchEvent(org.cocos2dx.lib.Cocos2dxGLSurfaceView@839259446<file=><x=0><y=0><width=768><height=1184><id=-1>, android.view.MotionEvent@222261304)
I/org.umd.logging(14680): Method < 1 org.cocos2dx.lib.Cocos2dxGLSurfaceView.onTouchEvent(true)
I/org.umd.logging(14680): Method > 2141 org.cocos2dx.lib.Cocos2dxGLSurfaceView$9.run(org.cocos2dx.lib.Cocos2dxGLSurfaceView$9@262830231)
I/org.umd.logging(14680): Method < 2141 org.cocos2dx.lib.Cocos2dxGLSurfaceView$9.run()
W/ResourceType(14680): No known package when getting name for resource number 0xffffffff
I/org.umd.logging(14680): Method > 1 org.cocos2dx.lib.Cocos2dxGLSurfaceView.onTouchEvent(org.cocos2dx.lib.Cocos2dxGLSurfaceView@839259446<file=><x=0><y=0><width=768><height=1184><id=-1>, android.view.MotionEvent@222261304)
I/org.umd.logging(14680): Method < 1 org.cocos2dx.lib.Cocos2dxGLSurfaceView.onTouchEvent(true)
I/org.umd.logging(14680): Method > 2141 org.cocos2dx.lib.Cocos2dxGLSurfaceView$6.run(org.cocos2dx.lib.Cocos2dxGLSurfaceView$6@941460100)
I/org.umd.logging(14680): Method < 2141 org.cocos2dx.lib.Cocos2dxGLSurfaceView$6.run()
W/ResourceType(14680): No known package when getting name for resource number 0xffffffff
I/org.umd.logging(14680): Method > 1 org.cocos2dx.lib.Cocos2dxGLSurfaceView.onTouchEvent(org.cocos2dx.lib.Cocos2dxGLSurfaceView@839259446<file=><x=0><y=0><width=768><height=1184><id=-1>, android.view.MotionEvent@222261304)
I/org.umd.logging(14680): Method < 1 org.cocos2dx.lib.Cocos2dxGLSurfaceView.onTouchEvent(true)
I/org.umd.logging(14680): Method > 2141 org.cocos2dx.lib.Cocos2dxGLSurfaceView$9.run(org.cocos2dx.lib.Cocos2dxGLSurfaceView$9@182477421)
I/org.umd.logging(14680): Method < 2141 org.cocos2dx.lib.Cocos2dxGLSurfaceView$9.run()
W/ResourceType(14680): No known package when getting name for resource number 0xffffffff
I/org.umd.logging(14680): Method > 1 org.cocos2dx.lib.Cocos2dxGLSurfaceView.onTouchEvent(org.cocos2dx.lib.Cocos2dxGLSurfaceView@839259446<file=><x=0><y=0><width=768><height=1184><id=-1>, android.view.MotionEvent@222261304)
I/org.umd.logging(14680): Method < 1 org.cocos2dx.lib.Cocos2dxGLSurfaceView.onTouchEvent(true)
I/org.umd.logging(14680): Method > 2141 org.cocos2dx.lib.Cocos2dxGLSurfaceView$6.run(org.cocos2dx.lib.Cocos2dxGLSurfaceView$6@215305890)
I/org.umd.logging(14680): Method < 2141 org.cocos2dx.lib.Cocos2dxGLSurfaceView$6.run()
W/ResourceType(14680): No known package when getting name for resource number 0xffffffff
I/org.umd.logging(14680): Method > 1 org.cocos2dx.lib.Cocos2dxGLSurfaceView.onTouchEvent(org.cocos2dx.lib.Cocos2dxGLSurfaceView@839259446<file=><x=0><y=0><width=768><height=1184><id=-1>, android.view.MotionEvent@222261304)
I/org.umd.logging(14680): Method < 1 org.cocos2dx.lib.Cocos2dxGLSurfaceView.onTouchEvent(true)
I/org.umd.logging(14680): Method > 2141 org.cocos2dx.lib.Cocos2dxGLSurfaceView$9.run(org.cocos2dx.lib.Cocos2dxGLSurfaceView$9@672401203)
I/org.umd.logging(14680): Method < 2141 org.cocos2dx.lib.Cocos2dxGLSurfaceView$9.run()
W/ResourceType(14680): No known package when getting name for resource number 0xffffffff
I/org.umd.logging(14680): Method > 1 org.cocos2dx.lib.Cocos2dxGLSurfaceView.onTouchEvent(org.cocos2dx.lib.Cocos2dxGLSurfaceView@839259446<file=><x=0><y=0><width=768><height=1184><id=-1>, android.view.MotionEvent@222261304)
I/org.umd.logging(14680): Method < 1 org.cocos2dx.lib.Cocos2dxGLSurfaceView.onTouchEvent(true)
I/org.umd.logging(14680): Method > 2141 org.cocos2dx.lib.Cocos2dxGLSurfaceView$6.run(org.cocos2dx.lib.Cocos2dxGLSurfaceView$6@791333616)
I/org.umd.logging(14680): Method < 2141 org.cocos2dx.lib.Cocos2dxGLSurfaceView$6.run()
W/ResourceType(14680): No known package when getting name for resource number 0xffffffff
I/org.umd.logging(14680): Method > 1 org.cocos2dx.lib.Cocos2dxGLSurfaceView.onTouchEvent(org.cocos2dx.lib.Cocos2dxGLSurfaceView@839259446<file=><x=0><y=0><width=768><height=1184><id=-1>, android.view.MotionEvent@222261304)
I/org.umd.logging(14680): Method < 1 org.cocos2dx.lib.Cocos2dxGLSurfaceView.onTouchEvent(true)
I/org.umd.logging(14680): Method > 2141 org.cocos2dx.lib.Cocos2dxGLSurfaceView$9.run(org.cocos2dx.lib.Cocos2dxGLSurfaceView$9@78493801)
I/org.umd.logging(14680): Method < 2141 org.cocos2dx.lib.Cocos2dxGLSurfaceView$9.run()
W/ResourceType(14680): No known package when getting name for resource number 0xffffffff
I/org.umd.logging(14680): Method > 1 org.cocos2dx.lib.Cocos2dxGLSurfaceView.onTouchEvent(org.cocos2dx.lib.Cocos2dxGLSurfaceView@839259446<file=><x=0><y=0><width=768><height=1184><id=-1>, android.view.MotionEvent@222261304)
I/org.umd.logging(14680): Method < 1 org.cocos2dx.lib.Cocos2dxGLSurfaceView.onTouchEvent(true)
I/org.umd.logging(14680): Method > 2141 org.cocos2dx.lib.Cocos2dxGLSurfaceView$6.run(org.cocos2dx.lib.Cocos2dxGLSurfaceView$6@912110318)
I/org.umd.logging(14680): Method < 2141 org.cocos2dx.lib.Cocos2dxGLSurfaceView$6.run()
W/ResourceType(14680): No known package when getting name for resource number 0xffffffff
I/org.umd.logging(14680): Method > 1 org.cocos2dx.lib.Cocos2dxGLSurfaceView.onTouchEvent(org.cocos2dx.lib.Cocos2dxGLSurfaceView@839259446<file=><x=0><y=0><width=768><height=1184><id=-1>, android.view.MotionEvent@222261304)
I/org.umd.logging(14680): Method < 1 org.cocos2dx.lib.Cocos2dxGLSurfaceView.onTouchEvent(true)
I/org.umd.logging(14680): Method > 2141 org.cocos2dx.lib.Cocos2dxGLSurfaceView$9.run(org.cocos2dx.lib.Cocos2dxGLSurfaceView$9@75359119)
I/org.umd.logging(14680): Method < 2141 org.cocos2dx.lib.Cocos2dxGLSurfaceView$9.run()
W/ResourceType(14680): No known package when getting name for resource number 0xffffffff
I/org.umd.logging(14680): Method > 1 org.cocos2dx.lib.Cocos2dxGLSurfaceView.onTouchEvent(org.cocos2dx.lib.Cocos2dxGLSurfaceView@839259446<file=><x=0><y=0><width=768><height=1184><id=-1>, android.view.MotionEvent@222261304)
I/org.umd.logging(14680): Method < 1 org.cocos2dx.lib.Cocos2dxGLSurfaceView.onTouchEvent(true)
I/org.umd.logging(14680): Method > 2141 org.cocos2dx.lib.Cocos2dxGLSurfaceView$6.run(org.cocos2dx.lib.Cocos2dxGLSurfaceView$6@344565276)
I/org.umd.logging(14680): Method < 2141 org.cocos2dx.lib.Cocos2dxGLSurfaceView$6.run()
W/ResourceType(14680): No known package when getting name for resource number 0xffffffff
I/org.umd.logging(14680): Method > 1 org.cocos2dx.lib.Cocos2dxGLSurfaceView.onTouchEvent(org.cocos2dx.lib.Cocos2dxGLSurfaceView@839259446<file=><x=0><y=0><width=768><height=1184><id=-1>, android.view.MotionEvent@222261304)
I/org.umd.logging(14680): Method < 1 org.cocos2dx.lib.Cocos2dxGLSurfaceView.onTouchEvent(true)
I/org.umd.logging(14680): Method > 2141 org.cocos2dx.lib.Cocos2dxGLSurfaceView$9.run(org.cocos2dx.lib.Cocos2dxGLSurfaceView$9@81818149)
I/org.umd.logging(14680): Method < 2141 org.cocos2dx.lib.Cocos2dxGLSurfaceView$9.run()
W/ResourceType(14680): No known package when getting name for resource number 0xffffffff
I/org.umd.logging(14680): Method > 1 org.cocos2dx.lib.Cocos2dxGLSurfaceView.onTouchEvent(org.cocos2dx.lib.Cocos2dxGLSurfaceView@839259446<file=><x=0><y=0><width=768><height=1184><id=-1>, android.view.MotionEvent@222261304)
I/org.umd.logging(14680): Method < 1 org.cocos2dx.lib.Cocos2dxGLSurfaceView.onTouchEvent(true)
I/org.umd.logging(14680): Method > 2141 org.cocos2dx.lib.Cocos2dxGLSurfaceView$6.run(org.cocos2dx.lib.Cocos2dxGLSurfaceView$6@603328506)
I/org.umd.logging(14680): Method < 2141 org.cocos2dx.lib.Cocos2dxGLSurfaceView$6.run()
W/ResourceType(14680): No known package when getting name for resource number 0xffffffff
I/org.umd.logging(14680): Method > 1 org.cocos2dx.lib.Cocos2dxGLSurfaceView.onTouchEvent(org.cocos2dx.lib.Cocos2dxGLSurfaceView@839259446<file=><x=0><y=0><width=768><height=1184><id=-1>, android.view.MotionEvent@222261304)
I/org.umd.logging(14680): Method < 1 org.cocos2dx.lib.Cocos2dxGLSurfaceView.onTouchEvent(true)
I/InputDispatcher(  594): Window 'Window{2e2abdde u0 com.xbubble.bubbleisland2/com.xbubble.bubbleisland2.MainActivity}' spent 2011.7ms processing the last input event: MotionEvent(deviceId=0, source=0x00001002, action=1, flags=0x00000000, metaState=0x00000000, buttonState=0x00000000, edgeFlags=0x00000000, xPrecision=1.0, yPrecision=1.0, displayId=0, pointers=[0: (407.8, 1061.4)]), policyFlags=0x6b000000
I/org.umd.logging(14680): Method > 2141 org.cocos2dx.lib.Cocos2dxGLSurfaceView$9.run(org.cocos2dx.lib.Cocos2dxGLSurfaceView$9@503261611)
I/org.umd.logging(14680): Method < 2141 org.cocos2dx.lib.Cocos2dxGLSurfaceView$9.run()
W/ResourceType(14680): No known package when getting name for resource number 0xffffffff
I/org.umd.logging(14680): Method > 1 org.cocos2dx.lib.Cocos2dxGLSurfaceView.onTouchEvent(org.cocos2dx.lib.Cocos2dxGLSurfaceView@839259446<file=><x=0><y=0><width=768><height=1184><id=-1>, android.view.MotionEvent@222261304)
I/org.umd.logging(14680): Method < 1 org.cocos2dx.lib.Cocos2dxGLSurfaceView.onTouchEvent(true)
I/InputDispatcher(  594): Window 'Window{2e2abdde u0 com.xbubble.bubbleisland2/com.xbubble.bubbleisland2.MainActivity}' spent 2064.3ms processing the last input event: MotionEvent(deviceId=0, source=0x00001002, action=0, flags=0x00000000, metaState=0x00000000, buttonState=0x00000000, edgeFlags=0x00000000, xPrecision=1.0, yPrecision=1.0, displayId=0, pointers=[0: (580.0, 376.0)]), policyFlags=0x6b000000
I/org.umd.logging(14680): Method > 2141 org.cocos2dx.lib.Cocos2dxGLSurfaceView$6.run(org.cocos2dx.lib.Cocos2dxGLSurfaceView$6@697894920)
I/org.umd.logging(14680): Method < 2141 org.cocos2dx.lib.Cocos2dxGLSurfaceView$6.run()
W/ResourceType(14680): No known package when getting name for resource number 0xffffffff
I/org.umd.logging(14680): Method > 1 org.cocos2dx.lib.Cocos2dxGLSurfaceView.onTouchEvent(org.cocos2dx.lib.Cocos2dxGLSurfaceView@839259446<file=><x=0><y=0><width=768><height=1184><id=-1>, android.view.MotionEvent@222261304)
I/org.umd.logging(14680): Method < 1 org.cocos2dx.lib.Cocos2dxGLSurfaceView.onTouchEvent(true)
I/InputDispatcher(  594): Window 'Window{2e2abdde u0 com.xbubble.bubbleisland2/com.xbubble.bubbleisland2.MainActivity}' spent 2107.5ms processing the last input event: MotionEvent(deviceId=0, source=0x00001002, action=1, flags=0x00000000, metaState=0x00000000, buttonState=0x00000000, edgeFlags=0x00000000, xPrecision=1.0, yPrecision=1.0, displayId=0, pointers=[0: (582.2, 374.8)]), policyFlags=0x6b000000
I/org.umd.logging(14680): Method > 2141 org.cocos2dx.lib.Cocos2dxGLSurfaceView$9.run(org.cocos2dx.lib.Cocos2dxGLSurfaceView$9@348851105)
I/org.umd.logging(14680): Method < 2141 org.cocos2dx.lib.Cocos2dxGLSurfaceView$9.run()
W/ResourceType(14680): No known package when getting name for resource number 0xffffffff
I/org.umd.logging(14680): Method > 1 org.cocos2dx.lib.Cocos2dxGLSurfaceView.onTouchEvent(org.cocos2dx.lib.Cocos2dxGLSurfaceView@839259446<file=><x=0><y=0><width=768><height=1184><id=-1>, android.view.MotionEvent@222261304)
I/org.umd.logging(14680): Method < 1 org.cocos2dx.lib.Cocos2dxGLSurfaceView.onTouchEvent(true)
I/InputDispatcher(  594): Window 'Window{2e2abdde u0 com.xbubble.bubbleisland2/com.xbubble.bubbleisland2.MainActivity}' spent 2150.1ms processing the last input event: MotionEvent(deviceId=0, source=0x00001002, action=0, flags=0x00000000, metaState=0x00000000, buttonState=0x00000000, edgeFlags=0x00000000, xPrecision=1.0, yPrecision=1.0, displayId=0, pointers=[0: (511.0, 44.0)]), policyFlags=0x6b000000
I/org.umd.logging(14680): Method > 2141 org.cocos2dx.lib.Cocos2dxGLSurfaceView$6.run(org.cocos2dx.lib.Cocos2dxGLSurfaceView$6@394604998)
I/org.umd.logging(14680): Method < 2141 org.cocos2dx.lib.Cocos2dxGLSurfaceView$6.run()
W/ResourceType(14680): No known package when getting name for resource number 0xffffffff
I/org.umd.logging(14680): Method > 1 org.cocos2dx.lib.Cocos2dxGLSurfaceView.onTouchEvent(org.cocos2dx.lib.Cocos2dxGLSurfaceView@839259446<file=><x=0><y=0><width=768><height=1184><id=-1>, android.view.MotionEvent@222261304)
I/org.umd.logging(14680): Method < 1 org.cocos2dx.lib.Cocos2dxGLSurfaceView.onTouchEvent(true)
I/InputDispatcher(  594): Window 'Window{2e2abdde u0 com.xbubble.bubbleisland2/com.xbubble.bubbleisland2.MainActivity}' spent 2205.2ms processing the last input event: MotionEvent(deviceId=0, source=0x00001002, action=1, flags=0x00000000, metaState=0x00000000, buttonState=0x00000000, edgeFlags=0x00000000, xPrecision=1.0, yPrecision=1.0, displayId=0, pointers=[0: (502.7, 43.9)]), policyFlags=0x6b000000
I/org.umd.logging(14680): Method > 2141 org.cocos2dx.lib.Cocos2dxGLSurfaceView$9.run(org.cocos2dx.lib.Cocos2dxGLSurfaceView$9@503625095)
I/org.umd.logging(14680): Method < 2141 org.cocos2dx.lib.Cocos2dxGLSurfaceView$9.run()
W/ResourceType(14680): No known package when getting name for resource number 0xffffffff
I/org.umd.logging(14680): Method > 1 org.cocos2dx.lib.Cocos2dxGLSurfaceView.onTouchEvent(org.cocos2dx.lib.Cocos2dxGLSurfaceView@839259446<file=><x=0><y=0><width=768><height=1184><id=-1>, android.view.MotionEvent@222261304)
I/org.umd.logging(14680): Method < 1 org.cocos2dx.lib.Cocos2dxGLSurfaceView.onTouchEvent(true)
I/InputDispatcher(  594): Window 'Window{2e2abdde u0 com.xbubble.bubbleisland2/com.xbubble.bubbleisland2.MainActivity}' spent 2256.9ms processing the last input event: MotionEvent(deviceId=0, source=0x00001002, action=0, flags=0x00000000, metaState=0x00000000, buttonState=0x00000000, edgeFlags=0x00000000, xPrecision=1.0, yPrecision=1.0, displayId=0, pointers=[0: (340.0, 456.0)]), policyFlags=0x6b000000
I/org.umd.logging(14680): Method > 2141 org.cocos2dx.lib.Cocos2dxGLSurfaceView$6.run(org.cocos2dx.lib.Cocos2dxGLSurfaceView$6@616209588)
I/org.umd.logging(14680): Method < 2141 org.cocos2dx.lib.Cocos2dxGLSurfaceView$6.run()
W/ResourceType(14680): No known package when getting name for resource number 0xffffffff
I/org.umd.logging(14680): Method > 1 org.cocos2dx.lib.Cocos2dxGLSurfaceView.onTouchEvent(org.cocos2dx.lib.Cocos2dxGLSurfaceView@839259446<file=><x=0><y=0><width=768><height=1184><id=-1>, android.view.MotionEvent@222261304)
I/org.umd.logging(14680): Method < 1 org.cocos2dx.lib.Cocos2dxGLSurfaceView.onTouchEvent(true)
I/InputDispatcher(  594): Window 'Window{2e2abdde u0 com.xbubble.bubbleisland2/com.xbubble.bubbleisland2.MainActivity}' spent 2323.2ms processing the last input event: MotionEvent(deviceId=0, source=0x00001002, action=1, flags=0x00000000, metaState=0x00000000, buttonState=0x00000000, edgeFlags=0x00000000, xPrecision=1.0, yPrecision=1.0, displayId=0, pointers=[0: (331.9, 468.3)]), policyFlags=0x6b000000
I/InputDispatcher(  594): Window 'Window{2e2abdde u0 com.xbubble.bubbleisland2/com.xbubble.bubbleisland2.MainActivity}' spent 2417.9ms processing the last input event: KeyEvent(deviceId=-1, source=0x00000101, action=1, flags=0x00000008, keyCode=21, scanCode=0, metaState=0x00000000, repeatCount=0), policyFlags=0x6b000000
I/Choreographer(14680): Skipped 154 frames!  The application may be doing too much work on its main thread.
E/chromium(14680): [ERROR:interface_registry.cc(99)] Failed to locate a binder for interface: autofill::mojom::AutofillDriver
I/InputDispatcher(  594): Window 'Window{2e2abdde u0 com.xbubble.bubbleisland2/com.xbubble.bubbleisland2.MainActivity}' spent 2392.9ms processing the last input event: MotionEvent(deviceId=0, source=0x00010004, action=2, flags=0x00000000, metaState=0x00000000, buttonState=0x00000000, edgeFlags=0x00000000, xPrecision=1.0, yPrecision=1.0, displayId=0, pointers=[0: (1.0, -1.0)]), policyFlags=0x6b000000
I/InputDispatcher(  594): Window 'Window{2e2abdde u0 com.xbubble.bubbleisland2/com.xbubble.bubbleisland2.MainActivity}' spent 2391.9ms processing the last input event: MotionEvent(deviceId=0, source=0x00010004, action=2, flags=0x00000000, metaState=0x00000000, buttonState=0x00000000, edgeFlags=0x00000000, xPrecision=1.0, yPrecision=1.0, displayId=0, pointers=[0: (-2.0, 4.0)]), policyFlags=0x6b000000
I/InputDispatcher(  594): Window 'Window{2e2abdde u0 com.xbubble.bubbleisland2/com.xbubble.bubbleisland2.MainActivity}' spent 2390.9ms processing the last input event: MotionEvent(deviceId=0, source=0x00010004, action=2, flags=0x00000000, metaState=0x00000000, buttonState=0x00000000, edgeFlags=0x00000000, xPrecision=1.0, yPrecision=1.0, displayId=0, pointers=[0: (4.0, 1.0)]), policyFlags=0x6b000000
I/InputDispatcher(  594): Window 'Window{2e2abdde u0 com.xbubble.bubbleisland2/com.xbubble.bubbleisland2.MainActivity}' spent 2388.0ms processing the last input event: MotionEvent(deviceId=0, source=0x00010004, action=2, flags=0x00000000, metaState=0x00000000, buttonState=0x00000000, edgeFlags=0x00000000, xPrecision=1.0, yPrecision=1.0, displayId=0, pointers=[0: (-2.0, -5.0)]), policyFlags=0x6b000000
I/InputDispatcher(  594): Window 'Window{2e2abdde u0 com.xbubble.bubbleisland2/com.xbubble.bubbleisland2.MainActivity}' spent 2387.4ms processing the last input event: MotionEvent(deviceId=0, source=0x00010004, action=2, flags=0x00000000, metaState=0x00000000, buttonState=0x00000000, edgeFlags=0x00000000, xPrecision=1.0, yPrecision=1.0, displayId=0, pointers=[0: (3.0, 1.0)]), policyFlags=0x6b000000
I/org.umd.logging(14680): Method > 1 com.xbubble.bubbleisland2.MainActivity$6.run(com.xbubble.bubbleisland2.MainActivity$6@644595933)
I/InputDispatcher(  594): Window 'Window{2e2abdde u0 com.xbubble.bubbleisland2/com.xbubble.bubbleisland2.MainActivity}' spent 2386.7ms processing the last input event: MotionEvent(deviceId=0, source=0x00010004, action=2, flags=0x00000000, metaState=0x00000000, buttonState=0x00000000, edgeFlags=0x00000000, xPrecision=1.0, yPrecision=1.0, displayId=0, pointers=[0: (1.0, 0.0)]), policyFlags=0x6b000000
I/org.umd.logging(14680): Method > 1 com.engine.network.AsyncHttpPost.onPreExecute(com.engine.network.AsyncHttpPost@949134418<atask=true>)
I/InputDispatcher(  594): Window 'Window{2e2abdde u0 com.xbubble.bubbleisland2/com.xbubble.bubbleisland2.MainActivity}' spent 2386.2ms processing the last input event: MotionEvent(deviceId=0, source=0x00010004, action=2, flags=0x00000000, metaState=0x00000000, buttonState=0x00000000, edgeFlags=0x00000000, xPrecision=1.0, yPrecision=1.0, displayId=0, pointers=[0: (-1.0, 2.0)]), policyFlags=0x6b000000
I/org.umd.logging(14680): Method < 1 com.engine.network.AsyncHttpPost.onPreExecute()
I/InputDispatcher(  594): Window 'Window{2e2abdde u0 com.xbubble.bubbleisland2/com.xbubble.bubbleisland2.MainActivity}' spent 2377.3ms processing the last input event: MotionEvent(deviceId=0, source=0x00010004, action=2, flags=0x00000000, metaState=0x00000000, buttonState=0x00000000, edgeFlags=0x00000000, xPrecision=1.0, yPrecision=1.0, displayId=0, pointers=[0: (4.0, 0.0)]), policyFlags=0x6b000000
I/InputDispatcher(  594): Window 'Window{2e2abdde u0 com.xbubble.bubbleisland2/com.xbubble.bubbleisland2.MainActivity}' spent 2376.7ms processing the last input event: MotionEvent(deviceId=0, source=0x00010004, action=2, flags=0x00000000, metaState=0x00000000, buttonState=0x00000000, edgeFlags=0x00000000, xPrecision=1.0, yPrecision=1.0, displayId=0, pointers=[0: (-1.0, -4.0)]), policyFlags=0x6b000000
I/InputDispatcher(  594): Window 'Window{2e2abdde u0 com.xbubble.bubbleisland2/com.xbubble.bubbleisland2.MainActivity}' spent 2376.1ms processing the last input event: MotionEvent(deviceId=0, source=0x00010004, action=2, flags=0x00000000, metaState=0x00000000, buttonState=0x00000000, edgeFlags=0x00000000, xPrecision=1.0, yPrecision=1.0, displayId=0, pointers=[0: (-4.0, -5.0)]), policyFlags=0x6b000000
I/org.umd.logging(14680): Method < 1 com.xbubble.bubbleisland2.MainActivity$6.run()
E/chromium(14680): [ERROR:interface_registry.cc(99)] Failed to locate a binder for interface: autofill::mojom::AutofillDriver
I/org.umd.logging(14680): Method > 2141 org.cocos2dx.lib.Cocos2dxGLSurfaceView$9.run(org.cocos2dx.lib.Cocos2dxGLSurfaceView$9@515821600)
I/org.umd.logging(14680): Method < 2141 org.cocos2dx.lib.Cocos2dxGLSurfaceView$9.run()
I/org.umd.logging(14680): Method > 2202 com.engine.network.AsyncHttpPost.doInBackground(com.engine.network.AsyncHttpPost@949134418<atask=true>, [Ljava.lang.String;@325619161)
I/org.umd.logging(14680): Api > 2202 org.apache.http.impl.client.DefaultHttpClient.<init>(org.apache.http.impl.client.DefaultHttpClient@764588958)
I/org.umd.logging(14680): Api < 2202 org.apache.http.impl.client.DefaultHttpClient.<init>(org.apache.http.impl.client.DefaultHttpClient@764588958)
I/org.umd.logging(14680): Method > 1 com.xbubble.bubbleisland2.MainActivity$3.run(com.xbubble.bubbleisland2.MainActivity$3@722521676)
I/org.umd.logging(14680): Method < 1 com.xbubble.bubbleisland2.MainActivity$3.run()
I/org.umd.logging(14680): Method > 1 com.xbubble.bubbleisland2.MainActivity$4.run(com.xbubble.bubbleisland2.MainActivity$4@1039297450)
I/cr_Ime  (14680): ImeThread is enabled.
I/ActivityManager(  594): START u0 {cmp=com.xbubble.bubbleisland2/com.google.android.gms.ads.AdActivity (has extras)} from uid 10224 on display 0
V/WindowManager(  594): addAppToken: AppWindowToken{1b5f36ec token=Token{8fef59f ActivityRecord{266e833e u0 com.xbubble.bubbleisland2/com.google.android.gms.ads.AdActivity t44}}} to stack=1 task=44 at 1
I/org.umd.logging(14680): Method < 1 com.xbubble.bubbleisland2.MainActivity$4.run()
W/ResourceType(14680): No known package when getting name for resource number 0xffffffff
I/org.umd.logging(14680): Method > 1 org.cocos2dx.lib.Cocos2dxGLSurfaceView.onKeyDown(org.cocos2dx.lib.Cocos2dxGLSurfaceView@839259446<file=><x=0><y=0><width=768><height=1184><id=-1>, 19, android.view.KeyEvent@129401168)
I/org.umd.logging(14680): Method < 1 org.cocos2dx.lib.Cocos2dxGLSurfaceView.onKeyDown(false)
W/ResourceType(14680): No known package when getting name for resource number 0xffffffff
I/org.umd.logging(14680): Method > 1 org.cocos2dx.lib.Cocos2dxGLSurfaceView.onKeyDown(org.cocos2dx.lib.Cocos2dxGLSurfaceView@839259446<file=><x=0><y=0><width=768><height=1184><id=-1>, 19, android.view.KeyEvent@939237193)
I/org.umd.logging(14680): Method < 1 org.cocos2dx.lib.Cocos2dxGLSurfaceView.onKeyDown(false)
I/org.umd.logging(14680): Method < 2202 com.engine.network.AsyncHttpPost.doInBackground(null)
W/ResourceType(14680): No known package when getting name for resource number 0xffffffff
I/org.umd.logging(14680): Method > 1 org.cocos2dx.lib.Cocos2dxGLSurfaceView.onKeyDown(org.cocos2dx.lib.Cocos2dxGLSurfaceView@839259446<file=><x=0><y=0><width=768><height=1184><id=-1>, 19, android.view.KeyEvent@1008812110)
I/org.umd.logging(14680): Method < 1 org.cocos2dx.lib.Cocos2dxGLSurfaceView.onKeyDown(false)
W/ResourceType(14680): No known package when getting name for resource number 0xffffffff
I/org.umd.logging(14680): Method > 1 org.cocos2dx.lib.Cocos2dxGLSurfaceView.onKeyDown(org.cocos2dx.lib.Cocos2dxGLSurfaceView@839259446<file=><x=0><y=0><width=768><height=1184><id=-1>, 19, android.view.KeyEvent@101995887)
I/org.umd.logging(14680): Method < 1 org.cocos2dx.lib.Cocos2dxGLSurfaceView.onKeyDown(false)
W/ResourceType(14680): No known package when getting name for resource number 0xffffffff
I/org.umd.logging(14680): Method > 1 org.cocos2dx.lib.Cocos2dxGLSurfaceView.onKeyDown(org.cocos2dx.lib.Cocos2dxGLSurfaceView@839259446<file=><x=0><y=0><width=768><height=1184><id=-1>, 19, android.view.KeyEvent@193618556)
I/org.umd.logging(14680): Method < 1 org.cocos2dx.lib.Cocos2dxGLSurfaceView.onKeyDown(false)
W/ResourceType(14680): No known package when getting name for resource number 0xffffffff
I/org.umd.logging(14680): Method > 1 org.cocos2dx.lib.Cocos2dxGLSurfaceView.onKeyDown(org.cocos2dx.lib.Cocos2dxGLSurfaceView@839259446<file=><x=0><y=0><width=768><height=1184><id=-1>, 70, android.view.KeyEvent@1003874053)
I/org.umd.logging(14680): Method < 1 org.cocos2dx.lib.Cocos2dxGLSurfaceView.onKeyDown(false)
I/ExoPlayerImpl(14680): Init 1.3.1
I/Ads     (14680): Scheduling ad refresh 517000 milliseconds from now.
I/Ads     (14680): Ad finished loading.
I/org.umd.logging(14680): Method > 1 com.xbubble.bubbleisland2.MainActivity.onPause(com.xbubble.bubbleisland2.MainActivity@410649080<activity=true>)
I/org.umd.logging(14680): Method > 1 org.cocos2dx.lib.Cocos2dxActivity.onPause(com.xbubble.bubbleisland2.MainActivity@410649080<activity=true>)
I/org.umd.logging(14680): Method > 1 org.cocos2dx.lib.Cocos2dxHelper.onPause()
I/org.umd.logging(14680): Method < 1 org.cocos2dx.lib.Cocos2dxHelper.onPause()
D/AndroidRuntime(14869): >>>>>> START com.android.internal.os.RuntimeInit uid 10098 <<<<<<
W/ResourceType(14680): No known package when getting name for resource number 0xffffffff
I/org.umd.logging(14680): Method > 1 org.cocos2dx.lib.Cocos2dxGLSurfaceView.onPause(org.cocos2dx.lib.Cocos2dxGLSurfaceView@839259446<file=><x=0><y=0><width=768><height=1184><id=-1>)
I/org.umd.logging(14680): Method < 1 org.cocos2dx.lib.Cocos2dxGLSurfaceView.onPause()
D/AndroidRuntime(14869): CheckJNI is OFF
I/org.umd.logging(14680): Method < 1 org.cocos2dx.lib.Cocos2dxActivity.onPause()
I/org.umd.logging(14680): Method < 1 com.xbubble.bubbleisland2.MainActivity.onPause()
I/org.umd.logging(14680): Method > 2141 org.cocos2dx.lib.Cocos2dxGLSurfaceView$4.run(org.cocos2dx.lib.Cocos2dxGLSurfaceView$4@234586983)
I/Ads     (14680): Ad finished loading.
I/ProcessStatsService(  594): Prepared write state in 7ms
D/luajc   (14680): CCLuaJavaBridge::callJavaStaticMethod(lua_State *L)
W/art     (14680): Call to JNI FindClass with dots in name: "com.xbubble.bubbleisland2.MainActivity"
D/luajc   (14680): CCLuaJavaBridge::callJavaStaticMethod("com.xbubble.bubbleisland2.MainActivity", "renameFile", args, "(Ljava/lang/String;Ljava/lang/String;)Z") SUCCESS
I/ProcessStatsService(  594): Prepared write state in 8ms
I/org.umd.logging(14680): Api > 2141 android.media.MediaPlayer.pause(android.media.MediaPlayer@976012006)
I/org.umd.logging(14680): Api < 2141 android.media.MediaPlayer.pause()
I/org.umd.logging(14680): Method < 2141 org.cocos2dx.lib.Cocos2dxGLSurfaceView$4.run()
D/DynamitePackage(14680): Instantiating com.google.android.gms.ads.ChimeraAdOverlayCreatorImpl
I/Ads     (14680): Ad opening.
V/WindowManager(  594): Adding window Window{9390d31 u0 com.xbubble.bubbleisland2/com.google.android.gms.ads.AdActivity} at 5 of 11 (after Window{2e2abdde u0 com.xbubble.bubbleisland2/com.xbubble.bubbleisland2.MainActivity})
W/ViewRootImpl(14680): Cancelling event due to no window focus: KeyEvent { action=ACTION_UP, keyCode=KEYCODE_EQUALS, scanCode=0, metaState=0, flags=0x28, repeatCount=0, eventTime=106446190, downTime=106446190, deviceId=-1, source=0x101 }
W/ViewRootImpl(14680): Cancelling event due to no window focus: KeyEvent { action=ACTION_UP, keyCode=KEYCODE_EQUALS, scanCode=0, metaState=0, flags=0x28, repeatCount=0, eventTime=106446190, downTime=106446190, deviceId=-1, source=0x101 }
W/ViewRootImpl(14680): Cancelling event due to no window focus: KeyEvent { action=ACTION_UP, keyCode=KEYCODE_EQUALS, scanCode=0, metaState=0, flags=0x28, repeatCount=0, eventTime=106446190, downTime=106446190, deviceId=-1, source=0x101 }
W/ViewRootImpl(14680): Cancelling event due to no window focus: KeyEvent { action=ACTION_UP, keyCode=KEYCODE_EQUALS, scanCode=0, metaState=0, flags=0x28, repeatCount=0, eventTime=106446190, downTime=106446190, deviceId=-1, source=0x101 }
W/ViewRootImpl(14680): Cancelling event due to no window focus: KeyEvent { action=ACTION_UP, keyCode=KEYCODE_EQUALS, scanCode=0, metaState=0, flags=0x28, repeatCount=0, eventTime=106446190, downTime=106446190, deviceId=-1, source=0x101 }
W/ViewRootImpl(14680): Cancelling event due to no window focus: KeyEvent { action=ACTION_UP, keyCode=KEYCODE_EQUALS, scanCode=0, metaState=0, flags=0x28, repeatCount=0, eventTime=106446190, downTime=106446190, deviceId=-1, source=0x101 }
D/AndroidRuntime(14869): Calling main entry com.android.commands.am.Am
D/AndroidRuntime(14869): Shutting down VM
W/ViewRootImpl(14680): Dropping event due to no window focus: KeyEvent { action=ACTION_DOWN, keyCode=KEYCODE_DPAD_CENTER, scanCode=0, metaState=0, flags=0x8, repeatCount=0, eventTime=106446920, downTime=106446920, deviceId=-1, source=0x101 }
W/cr_BindingManager(14680): Cannot call determinedVisibility() - never saw a connection for the pid: 14680
W/ViewRootImpl(14680): Cancelling event due to no window focus: KeyEvent { action=ACTION_UP, keyCode=KEYCODE_DPAD_CENTER, scanCode=0, metaState=0, flags=0x28, repeatCount=0, eventTime=106447006, downTime=106447006, deviceId=-1, source=0x101 }
W/ViewRootImpl(14680): Cancelling event due to no window focus: KeyEvent { action=ACTION_UP, keyCode=KEYCODE_DPAD_CENTER, scanCode=0, metaState=0, flags=0x28, repeatCount=0, eventTime=106447006, downTime=106447006, deviceId=-1, source=0x101 }
W/ViewRootImpl(14680): Cancelling event due to no window focus: KeyEvent { action=ACTION_UP, keyCode=KEYCODE_DPAD_CENTER, scanCode=0, metaState=0, flags=0x28, repeatCount=0, eventTime=106447006, downTime=106447006, deviceId=-1, source=0x101 }
W/ViewRootImpl(14680): Cancelling event due to no window focus: KeyEvent { action=ACTION_UP, keyCode=KEYCODE_DPAD_CENTER, scanCode=0, metaState=0, flags=0x28, repeatCount=0, eventTime=106447006, downTime=106447006, deviceId=-1, source=0x101 }
W/ViewRootImpl(14680): Cancelling event due to no window focus: KeyEvent { action=ACTION_UP, keyCode=KEYCODE_DPAD_CENTER, scanCode=0, metaState=0, flags=0x28, repeatCount=0, eventTime=106447006, downTime=106447006, deviceId=-1, source=0x101 }
W/ViewRootImpl(14680): Cancelling event due to no window focus: KeyEvent { action=ACTION_UP, keyCode=KEYCODE_DPAD_CENTER, scanCode=0, metaState=0, flags=0x28, repeatCount=0, eventTime=106447006, downTime=106447006, deviceId=-1, source=0x101 }
I/chromium(14680): [INFO:CONSOLE(0)] "Document was loaded from Application Cache with manifest https://googleads.g.doubleclick.net/mads/static/mad/sdk/native/sdk-core-v40-loader.appcache", source: https://googleads.g.doubleclick.net/mads/static/mad/sdk/native/sdk-core-v40-loader.html (0)
I/chromium(14680): [INFO:CONSOLE(0)] "Application Cache Checking event", source: https://googleads.g.doubleclick.net/mads/static/mad/sdk/native/sdk-core-v40-loader.html (0)
E/chromium(14680): [ERROR:interface_registry.cc(99)] Failed to locate a binder for interface: autofill::mojom::AutofillDriver
I/ActivityManager(  594): Displayed com.xbubble.bubbleisland2/com.google.android.gms.ads.AdActivity: +409ms
I/chromium(14680): [INFO:CONSOLE(0)] "Application Cache NoUpdate event", source: https://googleads.g.doubleclick.net/mads/static/mad/sdk/native/sdk-core-v40-loader.html (0)
I/OMXClient(14680): Using client-side OMX mux.
E/OMXMaster(14680): A component of name 'OMX.qcom.audio.decoder.aac' already exists, ignoring this one.
I/SoftAAC2(14680): Reconfiguring decoder: 0->44100 Hz, 0->2 channels
I/org.umd.logging(14680): Api > 1 android.location.LocationManager.getBestProvider(android.location.LocationManager@959342873, android.location.Criteria@1001889908, true)
I/org.umd.logging(14680): Api < 1 android.location.LocationManager.getBestProvider(null)
W/FlurryAgent(14680): End session with context: com.xbubble.bubbleisland2.MainActivity@187a01f8 count:0
I/org.umd.logging(14680): Method > 2183 com.flurry.sdk.ff.run(com.flurry.sdk.dj$9@974827026)
I/org.umd.logging(14680): Method < 2183 com.flurry.sdk.ff.run()
I/org.umd.logging(14680): Method > 2183 com.flurry.sdk.ff.run(com.flurry.sdk.dj$7@310407833)
I/org.umd.logging(14680): Method < 2183 com.flurry.sdk.ff.run()
V/WindowManager(  594): Adding window Window{123687f0 u0 AtchDlg:com.xbubble.bubbleisland2/com.google.android.gms.ads.AdActivity} at 6 of 12 (after Window{9390d31 u0 com.xbubble.bubbleisland2/com.google.android.gms.ads.AdActivity})
W/ViewRootImpl(14680): Dropping event due to no window focus: KeyEvent { action=ACTION_DOWN, keyCode=KEYCODE_S, scanCode=0, metaState=0, flags=0x8, repeatCount=0, eventTime=106447708, downTime=106447708, deviceId=-1, source=0x101 }
W/ViewRootImpl(14680): Cancelling event due to no window focus: KeyEvent { action=ACTION_UP, keyCode=KEYCODE_S, scanCode=0, metaState=0, flags=0x28, repeatCount=0, eventTime=106447728, downTime=106447708, deviceId=-1, source=0x101 }
W/ViewRootImpl(14680): Cancelling event due to no window focus: KeyEvent { action=ACTION_UP, keyCode=KEYCODE_S, scanCode=0, metaState=0, flags=0x28, repeatCount=0, eventTime=106447728, downTime=106447708, deviceId=-1, source=0x101 }
W/ViewRootImpl(14680): Cancelling event due to no window focus: KeyEvent { action=ACTION_UP, keyCode=KEYCODE_S, scanCode=0, metaState=0, flags=0x28, repeatCount=0, eventTime=106447728, downTime=106447708, deviceId=-1, source=0x101 }
W/ViewRootImpl(14680): Cancelling event due to no window focus: KeyEvent { action=ACTION_UP, keyCode=KEYCODE_S, scanCode=0, metaState=0, flags=0x28, repeatCount=0, eventTime=106447728, downTime=106447708, deviceId=-1, source=0x101 }
W/ViewRootImpl(14680): Cancelling event due to no window focus: KeyEvent { action=ACTION_UP, keyCode=KEYCODE_S, scanCode=0, metaState=0, flags=0x28, repeatCount=0, eventTime=106447728, downTime=106447708, deviceId=-1, source=0x101 }
W/ViewRootImpl(14680): Cancelling event due to no window focus: KeyEvent { action=ACTION_UP, keyCode=KEYCODE_S, scanCode=0, metaState=0, flags=0x28, repeatCount=0, eventTime=106447728, downTime=106447708, deviceId=-1, source=0x101 }
W/ViewRootImpl(14680): Cancelling event due to no window focus: KeyEvent { action=ACTION_UP, keyCode=KEYCODE_S, scanCode=0, metaState=0, flags=0x28, repeatCount=0, eventTime=106447728, downTime=106447708, deviceId=-1, source=0x101 }
W/ViewRootImpl(14680): Cancelling event due to no window focus: KeyEvent { action=ACTION_UP, keyCode=KEYCODE_S, scanCode=0, metaState=0, flags=0x28, repeatCount=0, eventTime=106447728, downTime=106447708, deviceId=-1, source=0x101 }
W/ViewRootImpl(14680): Cancelling event due to no window focus: KeyEvent { action=ACTION_UP, keyCode=KEYCODE_S, scanCode=0, metaState=0, flags=0x28, repeatCount=0, eventTime=106447728, downTime=106447708, deviceId=-1, source=0x101 }
W/ActivityManager(  594): Duplicate finish request for ActivityRecord{266e833e u0 com.xbubble.bubbleisland2/com.google.android.gms.ads.AdActivity t44 f}
I/Ads     (14680): Ad closing.
I/Ads     (14680): Starting ad request.
I/Ads     (14680): Use AdRequest.Builder.addTestDevice("1F480C9603A7924489313051413E5A68") to get test ads on this device.
I/Ads     (14680): Please set theme of AdActivity to @android:style/Theme.Translucent to enable transparent background interstitial ad.
I/org.umd.logging(14680): Method > 1 com.xbubble.bubbleisland2.MainActivity.onStart(com.xbubble.bubbleisland2.MainActivity@410649080<activity=true>)
I/org.umd.logging(14680): Method > 1 org.cocos2dx.lib.Cocos2dxActivity.onStart(com.xbubble.bubbleisland2.MainActivity@410649080<activity=true>)
I/org.umd.logging(14680): Method < 1 org.cocos2dx.lib.Cocos2dxActivity.onStart()
W/ActivityManager(  594): getRunningAppProcesses: caller 10224 does not hold REAL_GET_TASKS; limiting output
I/org.umd.logging(14680): Api > 1 android.net.ConnectivityManager.getActiveNetworkInfo(android.net.ConnectivityManager@770631670)
I/org.umd.logging(14680): Api < 1 android.net.ConnectivityManager.getActiveNetworkInfo(android.net.NetworkInfo@770292129)
I/org.umd.logging(14680): Api > 1 android.net.ConnectivityManager.getActiveNetworkInfo(android.net.ConnectivityManager@770631670)
I/org.umd.logging(14680): Api < 1 android.net.ConnectivityManager.getActiveNetworkInfo(android.net.NetworkInfo@916015046)
W/FlurryAgent(14680): Start session with context: com.xbubble.bubbleisland2.MainActivity@187a01f8 count:0
I/org.umd.logging(14680): Api > 1 android.location.LocationManager.getBestProvider(android.location.LocationManager@959342873, android.location.Criteria@624140980, true)
I/org.umd.logging(14680): Api < 1 android.location.LocationManager.getBestProvider(null)
I/org.umd.logging(14680): Method < 1 com.xbubble.bubbleisland2.MainActivity.onStart()
I/org.umd.logging(14680): Method > 1 com.xbubble.bubbleisland2.MainActivity.onResume(com.xbubble.bubbleisland2.MainActivity@410649080<activity=true>)
I/org.umd.logging(14680): Method > 1 org.cocos2dx.lib.Cocos2dxActivity.onResume(com.xbubble.bubbleisland2.MainActivity@410649080<activity=true>)
I/org.umd.logging(14680): Method > 1 org.cocos2dx.lib.Cocos2dxHelper.onResume()
I/org.umd.logging(14680): Method < 1 org.cocos2dx.lib.Cocos2dxHelper.onResume()
W/ResourceType(14680): No known package when getting name for resource number 0xffffffff
I/org.umd.logging(14680): Method > 1 org.cocos2dx.lib.Cocos2dxGLSurfaceView.onResume(org.cocos2dx.lib.Cocos2dxGLSurfaceView@839259446<file=><x=0><y=0><width=768><height=1184><id=-1>)
I/org.umd.logging(14680): Method > 2141 org.cocos2dx.lib.Cocos2dxGLSurfaceView$3.run(org.cocos2dx.lib.Cocos2dxGLSurfaceView$3@15509816)
I/org.umd.logging(14680): Method < 1 org.cocos2dx.lib.Cocos2dxGLSurfaceView.onResume()
I/org.umd.logging(14680): Api > 2141 android.media.MediaPlayer.start(android.media.MediaPlayer@976012006)
I/org.umd.logging(14680): Method < 1 org.cocos2dx.lib.Cocos2dxActivity.onResume()
I/org.umd.logging(14680): Method < 1 com.xbubble.bubbleisland2.MainActivity.onResume()
D/NuPlayerDriver(  190): start(0xb7a57048)
I/org.umd.logging(14680): Api < 2141 android.media.MediaPlayer.start()
I/org.umd.logging(14680): Method < 2141 org.cocos2dx.lib.Cocos2dxGLSurfaceView$3.run()
W/Ads     ( 1667): App does not have the required permissions to get location
W/ViewRootImpl(14680): Cancelling event due to no window focus: KeyEvent { action=ACTION_UP, keyCode=KEYCODE_S, scanCode=0, metaState=0, flags=0x28, repeatCount=0, eventTime=106447718, downTime=106447718, deviceId=-1, source=0x101 }
W/ViewRootImpl(14680): Cancelling event due to no window focus: KeyEvent { action=ACTION_UP, keyCode=KEYCODE_S, scanCode=0, metaState=0, flags=0x28, repeatCount=0, eventTime=106447718, downTime=106447718, deviceId=-1, source=0x101 }
W/ViewRootImpl(14680): Cancelling event due to no window focus: KeyEvent { action=ACTION_UP, keyCode=KEYCODE_S, scanCode=0, metaState=0, flags=0x28, repeatCount=0, eventTime=106447718, downTime=106447718, deviceId=-1, source=0x101 }
I/org.umd.logging(14680): Method > 1 com.flurry.sdk.ev.onReceive(com.flurry.sdk.ev@203001218, android.app.Application@933697552, android.content.Intent@430132497<action=android.net.conn.CONNECTIVITY_CHANGE><data=null><package=null><component=null><type=null><filter_hashcode=-1172645946><networkInfo=None><networkType=None><inetCondition=None><extraInfo=None><umd_Intent_key=None>)
I/org.umd.logging(14680): Api > 1 android.net.ConnectivityManager.getActiveNetworkInfo(android.net.ConnectivityManager@770631670)
I/org.umd.logging(14680): Api < 1 android.net.ConnectivityManager.getActiveNetworkInfo(android.net.NetworkInfo@405352054)
I/org.umd.logging(14680): Method < 1 com.flurry.sdk.ev.onReceive()
W/ViewRootImpl(14680): Cancelling event due to no window focus: KeyEvent { action=ACTION_UP, keyCode=KEYCODE_S, scanCode=0, metaState=0, flags=0x28, repeatCount=0, eventTime=106447718, downTime=106447718, deviceId=-1, source=0x101 }
W/ViewRootImpl(14680): Cancelling event due to no window focus: KeyEvent { action=ACTION_UP, keyCode=KEYCODE_S, scanCode=0, metaState=0, flags=0x28, repeatCount=0, eventTime=106447718, downTime=106447718, deviceId=-1, source=0x101 }
W/ViewRootImpl(14680): Cancelling event due to no window focus: KeyEvent { action=ACTION_UP, keyCode=KEYCODE_S, scanCode=0, metaState=0, flags=0x28, repeatCount=0, eventTime=106447718, downTime=106447718, deviceId=-1, source=0x101 }
W/ViewRootImpl(14680): Cancelling event due to no window focus: KeyEvent { action=ACTION_UP, keyCode=KEYCODE_S, scanCode=0, metaState=0, flags=0x28, repeatCount=0, eventTime=106447718, downTime=106447718, deviceId=-1, source=0x101 }
W/ViewRootImpl(14680): Cancelling event due to no window focus: KeyEvent { action=ACTION_UP, keyCode=KEYCODE_S, scanCode=0, metaState=0, flags=0x28, repeatCount=0, eventTime=106447718, downTime=106447718, deviceId=-1, source=0x101 }
W/ViewRootImpl(14680): Cancelling event due to no window focus: KeyEvent { action=ACTION_UP, keyCode=KEYCODE_S, scanCode=0, metaState=0, flags=0x28, repeatCount=0, eventTime=106447718, downTime=106447718, deviceId=-1, source=0x101 }
W/ViewRootImpl(14680): Dropping event due to no window focus: KeyEvent { action=ACTION_DOWN, keyCode=KEYCODE_DPAD_CENTER, scanCode=0, metaState=0, flags=0x8, repeatCount=0, eventTime=106447913, downTime=106447913, deviceId=-1, source=0x101 }
W/ViewRootImpl(14680): Cancelling event due to no window focus: KeyEvent { action=ACTION_UP, keyCode=KEYCODE_DPAD_CENTER, scanCode=0, metaState=0, flags=0x28, repeatCount=0, eventTime=106447946, downTime=106447946, deviceId=-1, source=0x101 }
W/ViewRootImpl(14680): Cancelling event due to no window focus: KeyEvent { action=ACTION_UP, keyCode=KEYCODE_DPAD_CENTER, scanCode=0, metaState=0, flags=0x28, repeatCount=0, eventTime=106447946, downTime=106447946, deviceId=-1, source=0x101 }
W/ViewRootImpl(14680): Cancelling event due to no window focus: KeyEvent { action=ACTION_UP, keyCode=KEYCODE_DPAD_CENTER, scanCode=0, metaState=0, flags=0x28, repeatCount=0, eventTime=106447946, downTime=106447946, deviceId=-1, source=0x101 }
W/ViewRootImpl(14680): Cancelling event due to no window focus: KeyEvent { action=ACTION_UP, keyCode=KEYCODE_DPAD_CENTER, scanCode=0, metaState=0, flags=0x28, repeatCount=0, eventTime=106447946, downTime=106447946, deviceId=-1, source=0x101 }
W/ViewRootImpl(14680): Cancelling event due to no window focus: KeyEvent { action=ACTION_UP, keyCode=KEYCODE_DPAD_CENTER, scanCode=0, metaState=0, flags=0x28, repeatCount=0, eventTime=106447946, downTime=106447946, deviceId=-1, source=0x101 }
W/ViewRootImpl(14680): Cancelling event due to no window focus: KeyEvent { action=ACTION_UP, keyCode=KEYCODE_DPAD_CENTER, scanCode=0, metaState=0, flags=0x28, repeatCount=0, eventTime=106447946, downTime=106447946, deviceId=-1, source=0x101 }
W/ViewRootImpl(14680): Cancelling event due to no window focus: KeyEvent { action=ACTION_UP, keyCode=KEYCODE_DPAD_CENTER, scanCode=0, metaState=0, flags=0x28, repeatCount=0, eventTime=106447946, downTime=106447946, deviceId=-1, source=0x101 }
W/ViewRootImpl(14680): Cancelling event due to no window focus: KeyEvent { action=ACTION_UP, keyCode=KEYCODE_DPAD_CENTER, scanCode=0, metaState=0, flags=0x28, repeatCount=0, eventTime=106447946, downTime=106447946, deviceId=-1, source=0x101 }
W/ViewRootImpl(14680): Cancelling event due to no window focus: KeyEvent { action=ACTION_UP, keyCode=KEYCODE_DPAD_CENTER, scanCode=0, metaState=0, flags=0x28, repeatCount=0, eventTime=106447946, downTime=106447946, deviceId=-1, source=0x101 }
W/cr_BindingManager(14680): Cannot call determinedVisibility() - never saw a connection for the pid: 14680
D/audio_hw_primary(  190): out_set_parameters: enter: usecase(0: deep-buffer-playback) kvpairs: routing=2
W/ResourceType(14680): No known package when getting name for resource number 0xffffffff
I/org.umd.logging(14680): Method > 1 org.cocos2dx.lib.Cocos2dxGLSurfaceView.onTouchEvent(org.cocos2dx.lib.Cocos2dxGLSurfaceView@839259446<file=><x=0><y=0><width=768><height=1184><id=-1>, android.view.MotionEvent@989129847)
I/org.umd.logging(14680): Method < 1 org.cocos2dx.lib.Cocos2dxGLSurfaceView.onTouchEvent(true)
I/org.umd.logging(14680): Method > 2141 org.cocos2dx.lib.Cocos2dxGLSurfaceView$6.run(org.cocos2dx.lib.Cocos2dxGLSurfaceView$6@358555876)
I/org.umd.logging(14680): Method < 2141 org.cocos2dx.lib.Cocos2dxGLSurfaceView$6.run()
I/art     (14680): Background sticky concurrent mark sweep GC freed 83817(4MB) AllocSpace objects, 3(3MB) LOS objects, 0% free, 42MB/42MB, paused 1.983ms total 123.973ms
W/ResourceType(14680): No known package when getting name for resource number 0xffffffff
I/org.umd.logging(14680): Method > 1 org.cocos2dx.lib.Cocos2dxGLSurfaceView.onTouchEvent(org.cocos2dx.lib.Cocos2dxGLSurfaceView@839259446<file=><x=0><y=0><width=768><height=1184><id=-1>, android.view.MotionEvent@989129847)
I/org.umd.logging(14680): Method < 1 org.cocos2dx.lib.Cocos2dxGLSurfaceView.onTouchEvent(true)
I/org.umd.logging(14680): Method > 2141 org.cocos2dx.lib.Cocos2dxGLSurfaceView$9.run(org.cocos2dx.lib.Cocos2dxGLSurfaceView$9@702458189)
I/org.umd.logging(14680): Method < 2141 org.cocos2dx.lib.Cocos2dxGLSurfaceView$9.run()
W/ResourceType(14680): No known package when getting name for resource number 0xffffffff
I/org.umd.logging(14680): Method > 1 org.cocos2dx.lib.Cocos2dxGLSurfaceView.onTouchEvent(org.cocos2dx.lib.Cocos2dxGLSurfaceView@839259446<file=><x=0><y=0><width=768><height=1184><id=-1>, android.view.MotionEvent@989129847)
I/org.umd.logging(14680): Method < 1 org.cocos2dx.lib.Cocos2dxGLSurfaceView.onTouchEvent(true)
I/org.umd.logging(14680): Method > 2141 org.cocos2dx.lib.Cocos2dxGLSurfaceView$6.run(org.cocos2dx.lib.Cocos2dxGLSurfaceView$6@703708162)
I/org.umd.logging(14680): Method < 2141 org.cocos2dx.lib.Cocos2dxGLSurfaceView$6.run()
W/ResourceType(14680): No known package when getting name for resource number 0xffffffff
I/org.umd.logging(14680): Method > 1 org.cocos2dx.lib.Cocos2dxGLSurfaceView.onTouchEvent(org.cocos2dx.lib.Cocos2dxGLSurfaceView@839259446<file=><x=0><y=0><width=768><height=1184><id=-1>, android.view.MotionEvent@989129847)
I/org.umd.logging(14680): Method < 1 org.cocos2dx.lib.Cocos2dxGLSurfaceView.onTouchEvent(true)
I/org.umd.logging(14680): Method > 2141 org.cocos2dx.lib.Cocos2dxGLSurfaceView$9.run(org.cocos2dx.lib.Cocos2dxGLSurfaceView$9@784455955)
I/org.umd.logging(14680): Method < 2141 org.cocos2dx.lib.Cocos2dxGLSurfaceView$9.run()
W/ResourceType(14680): No known package when getting name for resource number 0xffffffff
I/org.umd.logging(14680): Method > 1 org.cocos2dx.lib.Cocos2dxGLSurfaceView.onKeyDown(org.cocos2dx.lib.Cocos2dxGLSurfaceView@839259446<file=><x=0><y=0><width=768><height=1184><id=-1>, 21, android.view.KeyEvent@811558736)
I/org.umd.logging(14680): Method < 1 org.cocos2dx.lib.Cocos2dxGLSurfaceView.onKeyDown(false)
W/ResourceType(14680): No known package when getting name for resource number 0xffffffff
I/org.umd.logging(14680): Method > 1 org.cocos2dx.lib.Cocos2dxGLSurfaceView.onKeyDown(org.cocos2dx.lib.Cocos2dxGLSurfaceView@839259446<file=><x=0><y=0><width=768><height=1184><id=-1>, 21, android.view.KeyEvent@570002761)
I/org.umd.logging(14680): Method < 1 org.cocos2dx.lib.Cocos2dxGLSurfaceView.onKeyDown(false)
W/ResourceType(14680): No known package when getting name for resource number 0xffffffff
I/org.umd.logging(14680): Method > 1 org.cocos2dx.lib.Cocos2dxGLSurfaceView.onKeyDown(org.cocos2dx.lib.Cocos2dxGLSurfaceView@839259446<file=><x=0><y=0><width=768><height=1184><id=-1>, 21, android.view.KeyEvent@264476238)
I/org.umd.logging(14680): Method < 1 org.cocos2dx.lib.Cocos2dxGLSurfaceView.onKeyDown(false)
W/ResourceType(14680): No known package when getting name for resource number 0xffffffff
I/org.umd.logging(14680): Method > 1 org.cocos2dx.lib.Cocos2dxGLSurfaceView.onKeyDown(org.cocos2dx.lib.Cocos2dxGLSurfaceView@839259446<file=><x=0><y=0><width=768><height=1184><id=-1>, 21, android.view.KeyEvent@476509039)
I/org.umd.logging(14680): Method < 1 org.cocos2dx.lib.Cocos2dxGLSurfaceView.onKeyDown(false)
W/ResourceType(14680): No known package when getting name for resource number 0xffffffff
I/org.umd.logging(14680): Method > 1 org.cocos2dx.lib.Cocos2dxGLSurfaceView.onKeyDown(org.cocos2dx.lib.Cocos2dxGLSurfaceView@839259446<file=><x=0><y=0><width=768><height=1184><id=-1>, 233, android.view.KeyEvent@752593020)
I/org.umd.logging(14680): Method < 1 org.cocos2dx.lib.Cocos2dxGLSurfaceView.onKeyDown(false)
