W/ResourceType(14680): No known package when getting name for resource number 0xffffffff
I/org.umd.logging(14680): Method > 1 org.cocos2dx.lib.Cocos2dxGLSurfaceView.onTouchEvent(org.cocos2dx.lib.Cocos2dxGLSurfaceView@839259446<file=><x=0><y=0><width=768><height=1184><id=-1>, android.view.MotionEvent@222261304)
I/org.umd.logging(14680): Method < 1 org.cocos2dx.lib.Cocos2dxGLSurfaceView.onTouchEvent(true)
I/org.umd.logging(14680): Method > 2141 org.cocos2dx.lib.Cocos2dxGLSurfaceView$6.run(org.cocos2dx.lib.Cocos2dxGLSurfaceView$6@314881285)
I/org.umd.logging(14680): Method < 2141 org.cocos2dx.lib.Cocos2dxGLSurfaceView$6.run()
W/ResourceType(14680): No known package when getting name for resource number 0xffffffff
I/org.umd.logging(14680): Method > 1 org.cocos2dx.lib.Cocos2dxGLSurfaceView.onTouchEvent(org.cocos2dx.lib.Cocos2dxGLSurfaceView@839259446<file=><x=0><y=0><width=768><height=1184><id=-1>, android.view.MotionEvent@222261304)
I/org.umd.logging(14680): Method < 1 org.cocos2dx.lib.Cocos2dxGLSurfaceView.onTouchEvent(true)
I/org.umd.logging(14680): Method > 2141 org.cocos2dx.lib.Cocos2dxGLSurfaceView$9.run(org.cocos2dx.lib.Cocos2dxGLSurfaceView$9@868665690)
I/org.umd.logging(14680): Method < 2141 org.cocos2dx.lib.Cocos2dxGLSurfaceView$9.run()
W/ResourceType(14680): No known package when getting name for resource number 0xffffffff
I/org.umd.logging(14680): Method > 1 org.cocos2dx.lib.Cocos2dxGLSurfaceView.onTouchEvent(org.cocos2dx.lib.Cocos2dxGLSurfaceView@839259446<file=><x=0><y=0><width=768><height=1184><id=-1>, android.view.MotionEvent@222261304)
I/org.umd.logging(14680): Method < 1 org.cocos2dx.lib.Cocos2dxGLSurfaceView.onTouchEvent(true)
I/org.umd.logging(14680): Method > 2141 org.cocos2dx.lib.Cocos2dxGLSurfaceView$6.run(org.cocos2dx.lib.Cocos2dxGLSurfaceView$6@848910219)
I/org.umd.logging(14680): Method < 2141 org.cocos2dx.lib.Cocos2dxGLSurfaceView$6.run()
W/ResourceType(14680): No known package when getting name for resource number 0xffffffff
I/org.umd.logging(14680): Method > 1 org.cocos2dx.lib.Cocos2dxGLSurfaceView.onTouchEvent(org.cocos2dx.lib.Cocos2dxGLSurfaceView@839259446<file=><x=0><y=0><width=768><height=1184><id=-1>, android.view.MotionEvent@222261304)
I/org.umd.logging(14680): Method < 1 org.cocos2dx.lib.Cocos2dxGLSurfaceView.onTouchEvent(true)
I/org.umd.logging(14680): Method > 2141 org.cocos2dx.lib.Cocos2dxGLSurfaceView$9.run(org.cocos2dx.lib.Cocos2dxGLSurfaceView$9@75026536)
I/org.umd.logging(14680): Method < 2141 org.cocos2dx.lib.Cocos2dxGLSurfaceView$9.run()
W/ResourceType(14680): No known package when getting name for resource number 0xffffffff
I/org.umd.logging(14680): Method > 1 org.cocos2dx.lib.Cocos2dxGLSurfaceView.onTouchEvent(org.cocos2dx.lib.Cocos2dxGLSurfaceView@839259446<file=><x=0><y=0><width=768><height=1184><id=-1>, android.view.MotionEvent@222261304)
I/org.umd.logging(14680): Method < 1 org.cocos2dx.lib.Cocos2dxGLSurfaceView.onTouchEvent(true)
I/org.umd.logging(14680): Method > 2141 org.cocos2dx.lib.Cocos2dxGLSurfaceView$6.run(org.cocos2dx.lib.Cocos2dxGLSurfaceView$6@257989761)
I/org.umd.logging(14680): Method < 2141 org.cocos2dx.lib.Cocos2dxGLSurfaceView$6.run()
W/ResourceType(14680): No known package when getting name for resource number 0xffffffff
I/org.umd.logging(14680): Method > 1 org.cocos2dx.lib.Cocos2dxGLSurfaceView.onTouchEvent(org.cocos2dx.lib.Cocos2dxGLSurfaceView@839259446<file=><x=0><y=0><width=768><height=1184><id=-1>, android.view.MotionEvent@222261304)
I/org.umd.logging(14680): Method < 1 org.cocos2dx.lib.Cocos2dxGLSurfaceView.onTouchEvent(true)
I/org.umd.logging(14680): Method > 2141 org.cocos2dx.lib.Cocos2dxGLSurfaceView$9.run(org.cocos2dx.lib.Cocos2dxGLSurfaceView$9@144187686)
I/org.umd.logging(14680): Method < 2141 org.cocos2dx.lib.Cocos2dxGLSurfaceView$9.run()
W/ResourceType(14680): No known package when getting name for resource number 0xffffffff
I/org.umd.logging(14680): Method > 1 org.cocos2dx.lib.Cocos2dxGLSurfaceView.onTouchEvent(org.cocos2dx.lib.Cocos2dxGLSurfaceView@839259446<file=><x=0><y=0><width=768><height=1184><id=-1>, android.view.MotionEvent@222261304)
I/org.umd.logging(14680): Method < 1 org.cocos2dx.lib.Cocos2dxGLSurfaceView.onTouchEvent(true)
I/org.umd.logging(14680): Method > 2141 org.cocos2dx.lib.Cocos2dxGLSurfaceView$6.run(org.cocos2dx.lib.Cocos2dxGLSurfaceView$6@205775207)
I/org.umd.logging(14680): Method < 2141 org.cocos2dx.lib.Cocos2dxGLSurfaceView$6.run()
W/ResourceType(14680): No known package when getting name for resource number 0xffffffff
I/org.umd.logging(14680): Method > 1 org.cocos2dx.lib.Cocos2dxGLSurfaceView.onTouchEvent(org.cocos2dx.lib.Cocos2dxGLSurfaceView@839259446<file=><x=0><y=0><width=768><height=1184><id=-1>, android.view.MotionEvent@222261304)
I/org.umd.logging(14680): Method < 1 org.cocos2dx.lib.Cocos2dxGLSurfaceView.onTouchEvent(true)
I/org.umd.logging(14680): Method > 2141 org.cocos2dx.lib.Cocos2dxGLSurfaceView$9.run(org.cocos2dx.lib.Cocos2dxGLSurfaceView$9@608078612)
I/org.umd.logging(14680): Method < 2141 org.cocos2dx.lib.Cocos2dxGLSurfaceView$9.run()
W/ResourceType(14680): No known package when getting name for resource number 0xffffffff
I/org.umd.logging(14680): Method > 1 org.cocos2dx.lib.Cocos2dxGLSurfaceView.onTouchEvent(org.cocos2dx.lib.Cocos2dxGLSurfaceView@839259446<file=><x=0><y=0><width=768><height=1184><id=-1>, android.view.MotionEvent@222261304)
I/org.umd.logging(14680): Method < 1 org.cocos2dx.lib.Cocos2dxGLSurfaceView.onTouchEvent(true)
I/org.umd.logging(14680): Method > 2141 org.cocos2dx.lib.Cocos2dxGLSurfaceView$6.run(org.cocos2dx.lib.Cocos2dxGLSurfaceView$6@578387901)
I/org.umd.logging(14680): Method < 2141 org.cocos2dx.lib.Cocos2dxGLSurfaceView$6.run()
W/ResourceType(14680): No known package when getting name for resource number 0xffffffff
I/org.umd.logging(14680): Method > 1 org.cocos2dx.lib.Cocos2dxGLSurfaceView.onTouchEvent(org.cocos2dx.lib.Cocos2dxGLSurfaceView@839259446<file=><x=0><y=0><width=768><height=1184><id=-1>, android.view.MotionEvent@222261304)
I/org.umd.logging(14680): Method < 1 org.cocos2dx.lib.Cocos2dxGLSurfaceView.onTouchEvent(true)
I/org.umd.logging(14680): Method > 2141 org.cocos2dx.lib.Cocos2dxGLSurfaceView$9.run(org.cocos2dx.lib.Cocos2dxGLSurfaceView$9@1003825586)
I/org.umd.logging(14680): Method < 2141 org.cocos2dx.lib.Cocos2dxGLSurfaceView$9.run()
W/ResourceType(14680): No known package when getting name for resource number 0xffffffff
I/org.umd.logging(14680): Method > 1 org.cocos2dx.lib.Cocos2dxGLSurfaceView.onTouchEvent(org.cocos2dx.lib.Cocos2dxGLSurfaceView@839259446<file=><x=0><y=0><width=768><height=1184><id=-1>, android.view.MotionEvent@222261304)
I/org.umd.logging(14680): Method < 1 org.cocos2dx.lib.Cocos2dxGLSurfaceView.onTouchEvent(true)
I/org.umd.logging(14680): Method > 2141 org.cocos2dx.lib.Cocos2dxGLSurfaceView$6.run(org.cocos2dx.lib.Cocos2dxGLSurfaceView$6@505621763)
I/org.umd.logging(14680): Method < 2141 org.cocos2dx.lib.Cocos2dxGLSurfaceView$6.run()
W/ResourceType(14680): No known package when getting name for resource number 0xffffffff
I/org.umd.logging(14680): Method > 1 org.cocos2dx.lib.Cocos2dxGLSurfaceView.onTouchEvent(org.cocos2dx.lib.Cocos2dxGLSurfaceView@839259446<file=><x=0><y=0><width=768><height=1184><id=-1>, android.view.MotionEvent@222261304)
I/org.umd.logging(14680): Method < 1 org.cocos2dx.lib.Cocos2dxGLSurfaceView.onTouchEvent(true)
I/org.umd.logging(14680): Method > 2141 org.cocos2dx.lib.Cocos2dxGLSurfaceView$9.run(org.cocos2dx.lib.Cocos2dxGLSurfaceView$9@537085056)
I/org.umd.logging(14680): Method < 2141 org.cocos2dx.lib.Cocos2dxGLSurfaceView$9.run()
W/ResourceType(14680): No known package when getting name for resource number 0xffffffff
I/org.umd.logging(14680): Method > 1 org.cocos2dx.lib.Cocos2dxGLSurfaceView.onTouchEvent(org.cocos2dx.lib.Cocos2dxGLSurfaceView@839259446<file=><x=0><y=0><width=768><height=1184><id=-1>, android.view.MotionEvent@222261304)
I/org.umd.logging(14680): Method < 1 org.cocos2dx.lib.Cocos2dxGLSurfaceView.onTouchEvent(true)
I/org.umd.logging(14680): Method > 2141 org.cocos2dx.lib.Cocos2dxGLSurfaceView$6.run(org.cocos2dx.lib.Cocos2dxGLSurfaceView$6@457398969)
I/org.umd.logging(14680): Method < 2141 org.cocos2dx.lib.Cocos2dxGLSurfaceView$6.run()
W/ResourceType(14680): No known package when getting name for resource number 0xffffffff
I/org.umd.logging(14680): Method > 1 org.cocos2dx.lib.Cocos2dxGLSurfaceView.onTouchEvent(org.cocos2dx.lib.Cocos2dxGLSurfaceView@839259446<file=><x=0><y=0><width=768><height=1184><id=-1>, android.view.MotionEvent@222261304)
I/org.umd.logging(14680): Method < 1 org.cocos2dx.lib.Cocos2dxGLSurfaceView.onTouchEvent(true)
I/org.umd.logging(14680): Method > 2141 org.cocos2dx.lib.Cocos2dxGLSurfaceView$9.run(org.cocos2dx.lib.Cocos2dxGLSurfaceView$9@90713854)
I/org.umd.logging(14680): Method < 2141 org.cocos2dx.lib.Cocos2dxGLSurfaceView$9.run()
W/ResourceType(14680): No known package when getting name for resource number 0xffffffff
I/org.umd.logging(14680): Method > 1 org.cocos2dx.lib.Cocos2dxGLSurfaceView.onTouchEvent(org.cocos2dx.lib.Cocos2dxGLSurfaceView@839259446<file=><x=0><y=0><width=768><height=1184><id=-1>, android.view.MotionEvent@222261304)
I/org.umd.logging(14680): Method < 1 org.cocos2dx.lib.Cocos2dxGLSurfaceView.onTouchEvent(true)
I/org.umd.logging(14680): Method > 2141 org.cocos2dx.lib.Cocos2dxGLSurfaceView$6.run(org.cocos2dx.lib.Cocos2dxGLSurfaceView$6@572626527)
I/org.umd.logging(14680): Method < 2141 org.cocos2dx.lib.Cocos2dxGLSurfaceView$6.run()
W/ResourceType(14680): No known package when getting name for resource number 0xffffffff
I/org.umd.logging(14680): Method > 1 org.cocos2dx.lib.Cocos2dxGLSurfaceView.onTouchEvent(org.cocos2dx.lib.Cocos2dxGLSurfaceView@839259446<file=><x=0><y=0><width=768><height=1184><id=-1>, android.view.MotionEvent@222261304)
I/org.umd.logging(14680): Method < 1 org.cocos2dx.lib.Cocos2dxGLSurfaceView.onTouchEvent(true)
I/org.umd.logging(14680): Method > 2141 org.cocos2dx.lib.Cocos2dxGLSurfaceView$7.run(org.cocos2dx.lib.Cocos2dxGLSurfaceView$7@815278252)
I/org.umd.logging(14680): Method < 2141 org.cocos2dx.lib.Cocos2dxGLSurfaceView$7.run()
W/ResourceType(14680): No known package when getting name for resource number 0xffffffff
I/org.umd.logging(14680): Method > 1 org.cocos2dx.lib.Cocos2dxGLSurfaceView.onTouchEvent(org.cocos2dx.lib.Cocos2dxGLSurfaceView@839259446<file=><x=0><y=0><width=768><height=1184><id=-1>, android.view.MotionEvent@222261304)
I/org.umd.logging(14680): Method < 1 org.cocos2dx.lib.Cocos2dxGLSurfaceView.onTouchEvent(true)
I/org.umd.logging(14680): Method > 2141 org.cocos2dx.lib.Cocos2dxGLSurfaceView$9.run(org.cocos2dx.lib.Cocos2dxGLSurfaceView$9@775285109)
I/org.umd.logging(14680): Method < 2141 org.cocos2dx.lib.Cocos2dxGLSurfaceView$9.run()
W/ResourceType(14680): No known package when getting name for resource number 0xffffffff
I/org.umd.logging(14680): Method > 1 org.cocos2dx.lib.Cocos2dxGLSurfaceView.onTouchEvent(org.cocos2dx.lib.Cocos2dxGLSurfaceView@839259446<file=><x=0><y=0><width=768><height=1184><id=-1>, android.view.MotionEvent@222261304)
I/org.umd.logging(14680): Method < 1 org.cocos2dx.lib.Cocos2dxGLSurfaceView.onTouchEvent(true)
I/org.umd.logging(14680): Method > 2141 org.cocos2dx.lib.Cocos2dxGLSurfaceView$6.run(org.cocos2dx.lib.Cocos2dxGLSurfaceView$6@529808650)
I/org.umd.logging(14680): Method < 2141 org.cocos2dx.lib.Cocos2dxGLSurfaceView$6.run()
W/ResourceType(14680): No known package when getting name for resource number 0xffffffff
I/org.umd.logging(14680): Method > 1 org.cocos2dx.lib.Cocos2dxGLSurfaceView.onTouchEvent(org.cocos2dx.lib.Cocos2dxGLSurfaceView@839259446<file=><x=0><y=0><width=768><height=1184><id=-1>, android.view.MotionEvent@222261304)
I/org.umd.logging(14680): Method < 1 org.cocos2dx.lib.Cocos2dxGLSurfaceView.onTouchEvent(true)
I/org.umd.logging(14680): Method > 2141 org.cocos2dx.lib.Cocos2dxGLSurfaceView$9.run(org.cocos2dx.lib.Cocos2dxGLSurfaceView$9@477313403)
I/org.umd.logging(14680): Method < 2141 org.cocos2dx.lib.Cocos2dxGLSurfaceView$9.run()
W/ResourceType(14680): No known package when getting name for resource number 0xffffffff
I/org.umd.logging(14680): Method > 1 org.cocos2dx.lib.Cocos2dxGLSurfaceView.onTouchEvent(org.cocos2dx.lib.Cocos2dxGLSurfaceView@839259446<file=><x=0><y=0><width=768><height=1184><id=-1>, android.view.MotionEvent@682959768)
I/org.umd.logging(14680): Method < 1 org.cocos2dx.lib.Cocos2dxGLSurfaceView.onTouchEvent(true)
I/org.umd.logging(14680): Method > 2141 org.cocos2dx.lib.Cocos2dxGLSurfaceView$6.run(org.cocos2dx.lib.Cocos2dxGLSurfaceView$6@629712881)
I/org.umd.logging(14680): Method < 2141 org.cocos2dx.lib.Cocos2dxGLSurfaceView$6.run()
W/ResourceType(14680): No known package when getting name for resource number 0xffffffff
I/org.umd.logging(14680): Method > 1 org.cocos2dx.lib.Cocos2dxGLSurfaceView.onTouchEvent(org.cocos2dx.lib.Cocos2dxGLSurfaceView@839259446<file=><x=0><y=0><width=768><height=1184><id=-1>, android.view.MotionEvent@682959768)
I/org.umd.logging(14680): Method < 1 org.cocos2dx.lib.Cocos2dxGLSurfaceView.onTouchEvent(true)
I/org.umd.logging(14680): Method > 2141 org.cocos2dx.lib.Cocos2dxGLSurfaceView$9.run(org.cocos2dx.lib.Cocos2dxGLSurfaceView$9@868294614)
I/org.umd.logging(14680): Method < 2141 org.cocos2dx.lib.Cocos2dxGLSurfaceView$9.run()
W/ResourceType(14680): No known package when getting name for resource number 0xffffffff
I/org.umd.logging(14680): Method > 1 org.cocos2dx.lib.Cocos2dxGLSurfaceView.onTouchEvent(org.cocos2dx.lib.Cocos2dxGLSurfaceView@839259446<file=><x=0><y=0><width=768><height=1184><id=-1>, android.view.MotionEvent@682959768)
I/org.umd.logging(14680): Method > 2141 org.cocos2dx.lib.Cocos2dxGLSurfaceView$6.run(org.cocos2dx.lib.Cocos2dxGLSurfaceView$6@376566359)
I/org.umd.logging(14680): Method < 1 org.cocos2dx.lib.Cocos2dxGLSurfaceView.onTouchEvent(true)
I/org.umd.logging(14680): Method < 2141 org.cocos2dx.lib.Cocos2dxGLSurfaceView$6.run()
W/ResourceType(14680): No known package when getting name for resource number 0xffffffff
I/org.umd.logging(14680): Method > 1 org.cocos2dx.lib.Cocos2dxGLSurfaceView.onTouchEvent(org.cocos2dx.lib.Cocos2dxGLSurfaceView@839259446<file=><x=0><y=0><width=768><height=1184><id=-1>, android.view.MotionEvent@682959768)
I/org.umd.logging(14680): Method < 1 org.cocos2dx.lib.Cocos2dxGLSurfaceView.onTouchEvent(true)
I/org.umd.logging(14680): Method > 2141 org.cocos2dx.lib.Cocos2dxGLSurfaceView$7.run(org.cocos2dx.lib.Cocos2dxGLSurfaceView$7@212132164)
I/org.umd.logging(14680): Method < 2141 org.cocos2dx.lib.Cocos2dxGLSurfaceView$7.run()
W/ResourceType(14680): No known package when getting name for resource number 0xffffffff
I/org.umd.logging(14680): Method > 1 org.cocos2dx.lib.Cocos2dxGLSurfaceView.onTouchEvent(org.cocos2dx.lib.Cocos2dxGLSurfaceView@839259446<file=><x=0><y=0><width=768><height=1184><id=-1>, android.view.MotionEvent@682959768)
I/org.umd.logging(14680): Method < 1 org.cocos2dx.lib.Cocos2dxGLSurfaceView.onTouchEvent(true)
I/org.umd.logging(14680): Method > 2141 org.cocos2dx.lib.Cocos2dxGLSurfaceView$9.run(org.cocos2dx.lib.Cocos2dxGLSurfaceView$9@493802029)
I/org.umd.logging(14680): Method < 2141 org.cocos2dx.lib.Cocos2dxGLSurfaceView$9.run()
W/ResourceType(14680): No known package when getting name for resource number 0xffffffff
I/org.umd.logging(14680): Method > 1 org.cocos2dx.lib.Cocos2dxGLSurfaceView.onTouchEvent(org.cocos2dx.lib.Cocos2dxGLSurfaceView@839259446<file=><x=0><y=0><width=768><height=1184><id=-1>, android.view.MotionEvent@682959768)
I/org.umd.logging(14680): Method < 1 org.cocos2dx.lib.Cocos2dxGLSurfaceView.onTouchEvent(true)
I/org.umd.logging(14680): Method > 2141 org.cocos2dx.lib.Cocos2dxGLSurfaceView$6.run(org.cocos2dx.lib.Cocos2dxGLSurfaceView$6@134701922)
I/org.umd.logging(14680): Method < 2141 org.cocos2dx.lib.Cocos2dxGLSurfaceView$6.run()
W/ResourceType(14680): No known package when getting name for resource number 0xffffffff
I/org.umd.logging(14680): Method > 1 org.cocos2dx.lib.Cocos2dxGLSurfaceView.onTouchEvent(org.cocos2dx.lib.Cocos2dxGLSurfaceView@839259446<file=><x=0><y=0><width=768><height=1184><id=-1>, android.view.MotionEvent@682959768)
I/org.umd.logging(14680): Method < 1 org.cocos2dx.lib.Cocos2dxGLSurfaceView.onTouchEvent(true)
I/org.umd.logging(14680): Method > 2141 org.cocos2dx.lib.Cocos2dxGLSurfaceView$9.run(org.cocos2dx.lib.Cocos2dxGLSurfaceView$9@725179635)
I/org.umd.logging(14680): Method < 2141 org.cocos2dx.lib.Cocos2dxGLSurfaceView$9.run()
W/ResourceType(14680): No known package when getting name for resource number 0xffffffff
I/org.umd.logging(14680): Method > 1 org.cocos2dx.lib.Cocos2dxGLSurfaceView.onTouchEvent(org.cocos2dx.lib.Cocos2dxGLSurfaceView@839259446<file=><x=0><y=0><width=768><height=1184><id=-1>, android.view.MotionEvent@682959768)
I/org.umd.logging(14680): Method < 1 org.cocos2dx.lib.Cocos2dxGLSurfaceView.onTouchEvent(true)
I/org.umd.logging(14680): Method > 2141 org.cocos2dx.lib.Cocos2dxGLSurfaceView$6.run(org.cocos2dx.lib.Cocos2dxGLSurfaceView$6@951111088)
I/org.umd.logging(14680): Method < 2141 org.cocos2dx.lib.Cocos2dxGLSurfaceView$6.run()
W/ResourceType(14680): No known package when getting name for resource number 0xffffffff
I/org.umd.logging(14680): Method > 1 org.cocos2dx.lib.Cocos2dxGLSurfaceView.onTouchEvent(org.cocos2dx.lib.Cocos2dxGLSurfaceView@839259446<file=><x=0><y=0><width=768><height=1184><id=-1>, android.view.MotionEvent@682959768)
I/org.umd.logging(14680): Method < 1 org.cocos2dx.lib.Cocos2dxGLSurfaceView.onTouchEvent(true)
I/InputDispatcher(  594): Window 'Window{2e2abdde u0 com.xbubble.bubbleisland2/com.xbubble.bubbleisland2.MainActivity}' spent 2061.1ms processing the last input event: MotionEvent(deviceId=0, source=0x00001002, action=1, flags=0x00000000, metaState=0x00000000, buttonState=0x00000000, edgeFlags=0x00000000, xPrecision=1.0, yPrecision=1.0, displayId=0, pointers=[0: (248.7, 1036.9)]), policyFlags=0x6b000000
I/org.umd.logging(14680): Method > 2141 org.cocos2dx.lib.Cocos2dxGLSurfaceView$9.run(org.cocos2dx.lib.Cocos2dxGLSurfaceView$9@135488553)
I/org.umd.logging(14680): Method < 2141 org.cocos2dx.lib.Cocos2dxGLSurfaceView$9.run()
W/ResourceType(14680): No known package when getting name for resource number 0xffffffff
I/org.umd.logging(14680): Method > 1 org.cocos2dx.lib.Cocos2dxGLSurfaceView.onTouchEvent(org.cocos2dx.lib.Cocos2dxGLSurfaceView@839259446<file=><x=0><y=0><width=768><height=1184><id=-1>, android.view.MotionEvent@682959768)
I/org.umd.logging(14680): Method < 1 org.cocos2dx.lib.Cocos2dxGLSurfaceView.onTouchEvent(true)
I/InputDispatcher(  594): Window 'Window{2e2abdde u0 com.xbubble.bubbleisland2/com.xbubble.bubbleisland2.MainActivity}' spent 2147.5ms processing the last input event: MotionEvent(deviceId=0, source=0x00001002, action=0, flags=0x00000000, metaState=0x00000000, buttonState=0x00000000, edgeFlags=0x00000000, xPrecision=1.0, yPrecision=1.0, displayId=0, pointers=[0: (655.0, 737.0)]), policyFlags=0x6b000000
I/org.umd.logging(14680): Method > 2141 org.cocos2dx.lib.Cocos2dxGLSurfaceView$6.run(org.cocos2dx.lib.Cocos2dxGLSurfaceView$6@964449198)
I/org.umd.logging(14680): Method < 2141 org.cocos2dx.lib.Cocos2dxGLSurfaceView$6.run()
D/audio_hw_primary(  190): disable_audio_route: reset and update mixer path: low-latency-playback
W/ResourceType(14680): No known package when getting name for resource number 0xffffffff
I/org.umd.logging(14680): Method > 1 org.cocos2dx.lib.Cocos2dxGLSurfaceView.onTouchEvent(org.cocos2dx.lib.Cocos2dxGLSurfaceView@839259446<file=><x=0><y=0><width=768><height=1184><id=-1>, android.view.MotionEvent@682959768)
I/org.umd.logging(14680): Method < 1 org.cocos2dx.lib.Cocos2dxGLSurfaceView.onTouchEvent(true)
I/InputDispatcher(  594): Window 'Window{2e2abdde u0 com.xbubble.bubbleisland2/com.xbubble.bubbleisland2.MainActivity}' spent 2237.0ms processing the last input event: MotionEvent(deviceId=0, source=0x00001002, action=1, flags=0x00000000, metaState=0x00000000, buttonState=0x00000000, edgeFlags=0x00000000, xPrecision=1.0, yPrecision=1.0, displayId=0, pointers=[0: (663.0, 753.9)]), policyFlags=0x6b000000
I/org.umd.logging(14680): Method > 2141 org.cocos2dx.lib.Cocos2dxGLSurfaceView$9.run(org.cocos2dx.lib.Cocos2dxGLSurfaceView$9@33740111)
I/org.umd.logging(14680): Method < 2141 org.cocos2dx.lib.Cocos2dxGLSurfaceView$9.run()
W/ResourceType(14680): No known package when getting name for resource number 0xffffffff
I/org.umd.logging(14680): Method > 1 org.cocos2dx.lib.Cocos2dxGLSurfaceView.onTouchEvent(org.cocos2dx.lib.Cocos2dxGLSurfaceView@839259446<file=><x=0><y=0><width=768><height=1184><id=-1>, android.view.MotionEvent@682959768)
I/org.umd.logging(14680): Method < 1 org.cocos2dx.lib.Cocos2dxGLSurfaceView.onTouchEvent(true)
I/InputDispatcher(  594): Window 'Window{2e2abdde u0 com.xbubble.bubbleisland2/com.xbubble.bubbleisland2.MainActivity}' spent 2327.4ms processing the last input event: MotionEvent(deviceId=0, source=0x00001002, action=0, flags=0x00000000, metaState=0x00000000, buttonState=0x00000000, edgeFlags=0x00000000, xPrecision=1.0, yPrecision=1.0, displayId=0, pointers=[0: (506.0, 61.0)]), policyFlags=0x6b000000
I/org.umd.logging(14680): Method > 2141 org.cocos2dx.lib.Cocos2dxGLSurfaceView$6.run(org.cocos2dx.lib.Cocos2dxGLSurfaceView$6@38606044)
I/org.umd.logging(14680): Method < 2141 org.cocos2dx.lib.Cocos2dxGLSurfaceView$6.run()
I/art     (14680): Background sticky concurrent mark sweep GC freed 2379(121KB) AllocSpace objects, 2(6MB) LOS objects, 4% free, 42MB/44MB, paused 6.500ms total 45.658ms
W/ResourceType(14680): No known package when getting name for resource number 0xffffffff
I/org.umd.logging(14680): Method > 1 org.cocos2dx.lib.Cocos2dxGLSurfaceView.onTouchEvent(org.cocos2dx.lib.Cocos2dxGLSurfaceView@839259446<file=><x=0><y=0><width=768><height=1184><id=-1>, android.view.MotionEvent@682959768)
I/org.umd.logging(14680): Method < 1 org.cocos2dx.lib.Cocos2dxGLSurfaceView.onTouchEvent(true)
I/InputDispatcher(  594): Window 'Window{2e2abdde u0 com.xbubble.bubbleisland2/com.xbubble.bubbleisland2.MainActivity}' spent 2406.7ms processing the last input event: MotionEvent(deviceId=0, source=0x00001002, action=1, flags=0x00000000, metaState=0x00000000, buttonState=0x00000000, edgeFlags=0x00000000, xPrecision=1.0, yPrecision=1.0, displayId=0, pointers=[0: (503.7, 65.5)]), policyFlags=0x6b000000
I/org.umd.logging(14680): Method > 2141 org.cocos2dx.lib.Cocos2dxGLSurfaceView$9.run(org.cocos2dx.lib.Cocos2dxGLSurfaceView$9@894769637)
I/org.umd.logging(14680): Method < 2141 org.cocos2dx.lib.Cocos2dxGLSurfaceView$9.run()
W/ResourceType(14680): No known package when getting name for resource number 0xffffffff
I/org.umd.logging(14680): Method > 1 org.cocos2dx.lib.Cocos2dxGLSurfaceView.onTouchEvent(org.cocos2dx.lib.Cocos2dxGLSurfaceView@839259446<file=><x=0><y=0><width=768><height=1184><id=-1>, android.view.MotionEvent@682959768)
I/org.umd.logging(14680): Method < 1 org.cocos2dx.lib.Cocos2dxGLSurfaceView.onTouchEvent(true)
I/InputDispatcher(  594): Window 'Window{2e2abdde u0 com.xbubble.bubbleisland2/com.xbubble.bubbleisland2.MainActivity}' spent 2479.1ms processing the last input event: MotionEvent(deviceId=0, source=0x00001002, action=0, flags=0x00000000, metaState=0x00000000, buttonState=0x00000000, edgeFlags=0x00000000, xPrecision=1.0, yPrecision=1.0, displayId=0, pointers=[0: (478.0, 434.0)]), policyFlags=0x6b000000
I/org.umd.logging(14680): Method > 2141 org.cocos2dx.lib.Cocos2dxGLSurfaceView$6.run(org.cocos2dx.lib.Cocos2dxGLSurfaceView$6@255720634)
I/org.umd.logging(14680): Method < 2141 org.cocos2dx.lib.Cocos2dxGLSurfaceView$6.run()
W/ResourceType(14680): No known package when getting name for resource number 0xffffffff
I/org.umd.logging(14680): Method > 1 org.cocos2dx.lib.Cocos2dxGLSurfaceView.onTouchEvent(org.cocos2dx.lib.Cocos2dxGLSurfaceView@839259446<file=><x=0><y=0><width=768><height=1184><id=-1>, android.view.MotionEvent@682959768)
I/org.umd.logging(14680): Method < 1 org.cocos2dx.lib.Cocos2dxGLSurfaceView.onTouchEvent(true)
I/InputDispatcher(  594): Window 'Window{2e2abdde u0 com.xbubble.bubbleisland2/com.xbubble.bubbleisland2.MainActivity}' spent 2542.4ms processing the last input event: MotionEvent(deviceId=0, source=0x00001002, action=1, flags=0x00000000, metaState=0x00000000, buttonState=0x00000000, edgeFlags=0x00000000, xPrecision=1.0, yPrecision=1.0, displayId=0, pointers=[0: (493.6, 432.6)]), policyFlags=0x6b000000
I/org.umd.logging( 4986): Method > 1 com.cleanmaster.base.crash.util.debug.b.run(com.cleanmaster.base.crash.util.debug.b@453239735)
I/org.umd.logging( 4986): Method < 1 com.cleanmaster.base.crash.util.debug.b.run()
I/org.umd.logging(14680): Method > 2141 org.cocos2dx.lib.Cocos2dxGLSurfaceView$9.run(org.cocos2dx.lib.Cocos2dxGLSurfaceView$9@306280299)
I/org.umd.logging(14680): Method < 2141 org.cocos2dx.lib.Cocos2dxGLSurfaceView$9.run()
W/ResourceType(14680): No known package when getting name for resource number 0xffffffff
I/org.umd.logging(14680): Method > 1 org.cocos2dx.lib.Cocos2dxGLSurfaceView.onTouchEvent(org.cocos2dx.lib.Cocos2dxGLSurfaceView@839259446<file=><x=0><y=0><width=768><height=1184><id=-1>, android.view.MotionEvent@682959768)
I/org.umd.logging(14680): Method < 1 org.cocos2dx.lib.Cocos2dxGLSurfaceView.onTouchEvent(true)
I/InputDispatcher(  594): Window 'Window{2e2abdde u0 com.xbubble.bubbleisland2/com.xbubble.bubbleisland2.MainActivity}' spent 2606.0ms processing the last input event: MotionEvent(deviceId=0, source=0x00001002, action=0, flags=0x00000000, metaState=0x00000000, buttonState=0x00000000, edgeFlags=0x00000000, xPrecision=1.0, yPrecision=1.0, displayId=0, pointers=[0: (367.0, 837.0)]), policyFlags=0x6b000000
I/org.umd.logging(14680): Method > 2141 org.cocos2dx.lib.Cocos2dxGLSurfaceView$6.run(org.cocos2dx.lib.Cocos2dxGLSurfaceView$6@303816)
I/org.umd.logging(14680): Method < 2141 org.cocos2dx.lib.Cocos2dxGLSurfaceView$6.run()
W/ResourceType(14680): No known package when getting name for resource number 0xffffffff
I/org.umd.logging(14680): Method > 1 org.cocos2dx.lib.Cocos2dxGLSurfaceView.onTouchEvent(org.cocos2dx.lib.Cocos2dxGLSurfaceView@839259446<file=><x=0><y=0><width=768><height=1184><id=-1>, android.view.MotionEvent@682959768)
I/org.umd.logging(14680): Method < 1 org.cocos2dx.lib.Cocos2dxGLSurfaceView.onTouchEvent(true)
I/InputDispatcher(  594): Window 'Window{2e2abdde u0 com.xbubble.bubbleisland2/com.xbubble.bubbleisland2.MainActivity}' spent 2672.8ms processing the last input event: MotionEvent(deviceId=0, source=0x00001002, action=1, flags=0x00000000, metaState=0x00000000, buttonState=0x00000000, edgeFlags=0x00000000, xPrecision=1.0, yPrecision=1.0, displayId=0, pointers=[0: (371.1, 835.1)]), policyFlags=0x6b000000
I/org.umd.logging(14680): Method > 2141 org.cocos2dx.lib.Cocos2dxGLSurfaceView$9.run(org.cocos2dx.lib.Cocos2dxGLSurfaceView$9@440561505)
I/org.umd.logging(14680): Method < 2141 org.cocos2dx.lib.Cocos2dxGLSurfaceView$9.run()
W/ResourceType(14680): No known package when getting name for resource number 0xffffffff
I/org.umd.logging(14680): Method > 1 org.cocos2dx.lib.Cocos2dxGLSurfaceView.onTouchEvent(org.cocos2dx.lib.Cocos2dxGLSurfaceView@839259446<file=><x=0><y=0><width=768><height=1184><id=-1>, android.view.MotionEvent@682959768)
I/org.umd.logging(14680): Method < 1 org.cocos2dx.lib.Cocos2dxGLSurfaceView.onTouchEvent(true)
I/InputDispatcher(  594): Window 'Window{2e2abdde u0 com.xbubble.bubbleisland2/com.xbubble.bubbleisland2.MainActivity}' spent 2737.4ms processing the last input event: MotionEvent(deviceId=0, source=0x00001002, action=0, flags=0x00000000, metaState=0x00000000, buttonState=0x00000000, edgeFlags=0x00000000, xPrecision=1.0, yPrecision=1.0, displayId=0, pointers=[0: (278.0, 782.0)]), policyFlags=0x6b000000
I/org.umd.logging(14680): Method > 2141 org.cocos2dx.lib.Cocos2dxGLSurfaceView$6.run(org.cocos2dx.lib.Cocos2dxGLSurfaceView$6@843000454)
I/org.umd.logging(14680): Method < 2141 org.cocos2dx.lib.Cocos2dxGLSurfaceView$6.run()
W/ResourceType(14680): No known package when getting name for resource number 0xffffffff
I/org.umd.logging(14680): Method > 1 org.cocos2dx.lib.Cocos2dxGLSurfaceView.onTouchEvent(org.cocos2dx.lib.Cocos2dxGLSurfaceView@839259446<file=><x=0><y=0><width=768><height=1184><id=-1>, android.view.MotionEvent@682959768)
I/org.umd.logging(14680): Method < 1 org.cocos2dx.lib.Cocos2dxGLSurfaceView.onTouchEvent(true)
I/InputDispatcher(  594): Window 'Window{2e2abdde u0 com.xbubble.bubbleisland2/com.xbubble.bubbleisland2.MainActivity}' spent 2813.6ms processing the last input event: MotionEvent(deviceId=0, source=0x00001002, action=1, flags=0x00000000, metaState=0x00000000, buttonState=0x00000000, edgeFlags=0x00000000, xPrecision=1.0, yPrecision=1.0, displayId=0, pointers=[0: (276.1, 783.2)]), policyFlags=0x6b000000
I/InputDispatcher(  594): Window 'Window{2e2abdde u0 com.xbubble.bubbleisland2/com.xbubble.bubbleisland2.MainActivity}' spent 2852.7ms processing the last input event: MotionEvent(deviceId=0, source=0x00010004, action=2, flags=0x00000000, metaState=0x00000000, buttonState=0x00000000, edgeFlags=0x00000000, xPrecision=1.0, yPrecision=1.0, displayId=0, pointers=[0: (-5.0, 4.0)]), policyFlags=0x6b000000
I/InputDispatcher(  594): Window 'Window{2e2abdde u0 com.xbubble.bubbleisland2/com.xbubble.bubbleisland2.MainActivity}' spent 2851.5ms processing the last input event: MotionEvent(deviceId=0, source=0x00010004, action=2, flags=0x00000000, metaState=0x00000000, buttonState=0x00000000, edgeFlags=0x00000000, xPrecision=1.0, yPrecision=1.0, displayId=0, pointers=[0: (-2.0, 0.0)]), policyFlags=0x6b000000
I/InputDispatcher(  594): Window 'Window{2e2abdde u0 com.xbubble.bubbleisland2/com.xbubble.bubbleisland2.MainActivity}' spent 2850.8ms processing the last input event: MotionEvent(deviceId=0, source=0x00010004, action=2, flags=0x00000000, metaState=0x00000000, buttonState=0x00000000, edgeFlags=0x00000000, xPrecision=1.0, yPrecision=1.0, displayId=0, pointers=[0: (2.0, 2.0)]), policyFlags=0x6b000000
I/InputDispatcher(  594): Window 'Window{2e2abdde u0 com.xbubble.bubbleisland2/com.xbubble.bubbleisland2.MainActivity}' spent 2850.2ms processing the last input event: MotionEvent(deviceId=0, source=0x00010004, action=2, flags=0x00000000, metaState=0x00000000, buttonState=0x00000000, edgeFlags=0x00000000, xPrecision=1.0, yPrecision=1.0, displayId=0, pointers=[0: (-2.0, 4.0)]), policyFlags=0x6b000000
I/InputDispatcher(  594): Window 'Window{2e2abdde u0 com.xbubble.bubbleisland2/com.xbubble.bubbleisland2.MainActivity}' spent 2849.6ms processing the last input event: MotionEvent(deviceId=0, source=0x00010004, action=2, flags=0x00000000, metaState=0x00000000, buttonState=0x00000000, edgeFlags=0x00000000, xPrecision=1.0, yPrecision=1.0, displayId=0, pointers=[0: (0.0, 4.0)]), policyFlags=0x6b000000
I/InputDispatcher(  594): Window 'Window{2e2abdde u0 com.xbubble.bubbleisland2/com.xbubble.bubbleisland2.MainActivity}' spent 2849.0ms processing the last input event: MotionEvent(deviceId=0, source=0x00010004, action=2, flags=0x00000000, metaState=0x00000000, buttonState=0x00000000, edgeFlags=0x00000000, xPrecision=1.0, yPrecision=1.0, displayId=0, pointers=[0: (-3.0, 3.0)]), policyFlags=0x6b000000
I/InputDispatcher(  594): Window 'Window{2e2abdde u0 com.xbubble.bubbleisland2/com.xbubble.bubbleisland2.MainActivity}' spent 2848.4ms processing the last input event: MotionEvent(deviceId=0, source=0x00010004, action=2, flags=0x00000000, metaState=0x00000000, buttonState=0x00000000, edgeFlags=0x00000000, xPrecision=1.0, yPrecision=1.0, displayId=0, pointers=[0: (2.0, 0.0)]), policyFlags=0x6b000000
I/InputDispatcher(  594): Window 'Window{2e2abdde u0 com.xbubble.bubbleisland2/com.xbubble.bubbleisland2.MainActivity}' spent 2847.4ms processing the last input event: MotionEvent(deviceId=0, source=0x00010004, action=2, flags=0x00000000, metaState=0x00000000, buttonState=0x00000000, edgeFlags=0x00000000, xPrecision=1.0, yPrecision=1.0, displayId=0, pointers=[0: (-5.0, -2.0)]), policyFlags=0x6b000000
I/InputDispatcher(  594): Window 'Window{2e2abdde u0 com.xbubble.bubbleisland2/com.xbubble.bubbleisland2.MainActivity}' spent 2846.8ms processing the last input event: MotionEvent(deviceId=0, source=0x00010004, action=2, flags=0x00000000, metaState=0x00000000, buttonState=0x00000000, edgeFlags=0x00000000, xPrecision=1.0, yPrecision=1.0, displayId=0, pointers=[0: (1.0, -3.0)]), policyFlags=0x6b000000
I/InputDispatcher(  594): Window 'Window{2e2abdde u0 com.xbubble.bubbleisland2/com.xbubble.bubbleisland2.MainActivity}' spent 2846.1ms processing the last input event: MotionEvent(deviceId=0, source=0x00010004, action=2, flags=0x00000000, metaState=0x00000000, buttonState=0x00000000, edgeFlags=0x00000000, xPrecision=1.0, yPrecision=1.0, displayId=0, pointers=[0: (-2.0, -2.0)]), policyFlags=0x6b000000
I/InputDispatcher(  594): Window 'Window{2e2abdde u0 com.xbubble.bubbleisland2/com.xbubble.bubbleisland2.MainActivity}' spent 2845.3ms processing the last input event: MotionEvent(deviceId=0, source=0x00010004, action=0, flags=0x00000000, metaState=0x00000000, buttonState=0x00000000, edgeFlags=0x00000000, xPrecision=1.0, yPrecision=1.0, displayId=0, pointers=[0: (0.0, 0.0)]), policyFlags=0x6b000000
I/InputDispatcher(  594): Window 'Window{2e2abdde u0 com.xbubble.bubbleisland2/com.xbubble.bubbleisland2.MainActivity}' spent 2844.5ms processing the last input event: MotionEvent(deviceId=0, source=0x00010004, action=1, flags=0x00000000, metaState=0x00000000, buttonState=0x00000000, edgeFlags=0x00000000, xPrecision=1.0, yPrecision=1.0, displayId=0, pointers=[0: (0.0, 0.0)]), policyFlags=0x6b000000
I/Choreographer(14680): Skipped 194 frames!  The application may be doing too much work on its main thread.
I/org.umd.logging(14680): Method > 2141 org.cocos2dx.lib.Cocos2dxGLSurfaceView$9.run(org.cocos2dx.lib.Cocos2dxGLSurfaceView$9@226369351)
I/org.umd.logging(14680): Method < 2141 org.cocos2dx.lib.Cocos2dxGLSurfaceView$9.run()
W/ResourceType(14680): No known package when getting name for resource number 0xffffffff
I/org.umd.logging(14680): Method > 1 org.cocos2dx.lib.Cocos2dxGLSurfaceView.onKeyDown(org.cocos2dx.lib.Cocos2dxGLSurfaceView@839259446<file=><x=0><y=0><width=768><height=1184><id=-1>, 19, android.view.KeyEvent@606413684)
I/org.umd.logging(14680): Method < 1 org.cocos2dx.lib.Cocos2dxGLSurfaceView.onKeyDown(false)
W/ResourceType(14680): No known package when getting name for resource number 0xffffffff
I/org.umd.logging(14680): Method > 1 org.cocos2dx.lib.Cocos2dxGLSurfaceView.onKeyDown(org.cocos2dx.lib.Cocos2dxGLSurfaceView@839259446<file=><x=0><y=0><width=768><height=1184><id=-1>, 19, android.view.KeyEvent@341155997)
I/org.umd.logging(14680): Method < 1 org.cocos2dx.lib.Cocos2dxGLSurfaceView.onKeyDown(false)
W/ResourceType(14680): No known package when getting name for resource number 0xffffffff
I/org.umd.logging(14680): Method > 1 org.cocos2dx.lib.Cocos2dxGLSurfaceView.onKeyDown(org.cocos2dx.lib.Cocos2dxGLSurfaceView@839259446<file=><x=0><y=0><width=768><height=1184><id=-1>, 23, android.view.KeyEvent@366176530)
I/org.umd.logging(14680): Method < 1 org.cocos2dx.lib.Cocos2dxGLSurfaceView.onKeyDown(false)
W/ResourceType(14680): No known package when getting name for resource number 0xffffffff
I/org.umd.logging(14680): Method > 1 org.cocos2dx.lib.Cocos2dxGLSurfaceView.onKeyDown(org.cocos2dx.lib.Cocos2dxGLSurfaceView@839259446<file=><x=0><y=0><width=768><height=1184><id=-1>, 82, android.view.KeyEvent@183724259)
I/org.umd.logging(14680): Method < 1 org.cocos2dx.lib.Cocos2dxGLSurfaceView.onKeyDown(true)
I/org.umd.logging(14680): Method > 2141 org.cocos2dx.lib.Cocos2dxGLSurfaceView$11.run(org.cocos2dx.lib.Cocos2dxGLSurfaceView$11@283750463)
I/org.umd.logging(14680): Method < 2141 org.cocos2dx.lib.Cocos2dxGLSurfaceView$11.run()
I/cr_Ime  (14680): ImeThread is enabled.
W/ResourceType(14680): No known package when getting name for resource number 0xffffffff
I/org.umd.logging(14680): Method > 1 org.cocos2dx.lib.Cocos2dxGLSurfaceView.onTouchEvent(org.cocos2dx.lib.Cocos2dxGLSurfaceView@839259446<file=><x=0><y=0><width=768><height=1184><id=-1>, android.view.MotionEvent@998919672)
I/org.umd.logging(14680): Method < 1 org.cocos2dx.lib.Cocos2dxGLSurfaceView.onTouchEvent(true)
I/org.umd.logging(14680): Method > 2141 org.cocos2dx.lib.Cocos2dxGLSurfaceView$6.run(org.cocos2dx.lib.Cocos2dxGLSurfaceView$6@57995985)
I/org.umd.logging(14680): Method < 2141 org.cocos2dx.lib.Cocos2dxGLSurfaceView$6.run()
I/DownloadManagerWrapper(  949): onReceive() : Charging = true
W/ResourceType(14680): No known package when getting name for resource number 0xffffffff
I/org.umd.logging(14680): Method > 1 org.cocos2dx.lib.Cocos2dxGLSurfaceView.onTouchEvent(org.cocos2dx.lib.Cocos2dxGLSurfaceView@839259446<file=><x=0><y=0><width=768><height=1184><id=-1>, android.view.MotionEvent@998919672)
I/org.umd.logging(14680): Method < 1 org.cocos2dx.lib.Cocos2dxGLSurfaceView.onTouchEvent(true)
I/org.umd.logging(14680): Method > 2141 org.cocos2dx.lib.Cocos2dxGLSurfaceView$9.run(org.cocos2dx.lib.Cocos2dxGLSurfaceView$9@963461430)
I/org.umd.logging(14680): Method < 2141 org.cocos2dx.lib.Cocos2dxGLSurfaceView$9.run()
W/ResourceType(14680): No known package when getting name for resource number 0xffffffff
I/org.umd.logging(14680): Method > 1 org.cocos2dx.lib.Cocos2dxGLSurfaceView.onTouchEvent(org.cocos2dx.lib.Cocos2dxGLSurfaceView@839259446<file=><x=0><y=0><width=768><height=1184><id=-1>, android.view.MotionEvent@998919672)
I/org.umd.logging(14680): Method > 2141 org.cocos2dx.lib.Cocos2dxGLSurfaceView$6.run(org.cocos2dx.lib.Cocos2dxGLSurfaceView$6@589785143)
I/org.umd.logging(14680): Method < 1 org.cocos2dx.lib.Cocos2dxGLSurfaceView.onTouchEvent(true)
I/org.umd.logging(14680): Method < 2141 org.cocos2dx.lib.Cocos2dxGLSurfaceView$6.run()
W/ResourceType(14680): No known package when getting name for resource number 0xffffffff
I/org.umd.logging(14680): Method > 1 org.cocos2dx.lib.Cocos2dxGLSurfaceView.onTouchEvent(org.cocos2dx.lib.Cocos2dxGLSurfaceView@839259446<file=><x=0><y=0><width=768><height=1184><id=-1>, android.view.MotionEvent@998919672)
I/org.umd.logging(14680): Method < 1 org.cocos2dx.lib.Cocos2dxGLSurfaceView.onTouchEvent(true)
I/org.umd.logging(14680): Method > 2141 org.cocos2dx.lib.Cocos2dxGLSurfaceView$9.run(org.cocos2dx.lib.Cocos2dxGLSurfaceView$9@191259622)
D/NuPlayerDriver(  190): start(0xb79f6cf8)
I/GenericSource(  190): start
D/NuPlayerDriver(  190): reset(0xb79f6cf8)
D/NuPlayerDriver(  190): notifyResetComplete(0xb79f6cf8)
W/ResourceType(14680): No known package when getting name for resource number 0xffffffff
I/org.umd.logging(14680): Method > 1 org.cocos2dx.lib.Cocos2dxGLSurfaceView.onKeyDown(org.cocos2dx.lib.Cocos2dxGLSurfaceView@839259446<file=><x=0><y=0><width=768><height=1184><id=-1>, 20, android.view.KeyEvent@921488679)
I/org.umd.logging(14680): Method < 1 org.cocos2dx.lib.Cocos2dxGLSurfaceView.onKeyDown(false)
W/cr_ScreenOrientation(14680): Removing an inexistent observer!
W/ResourceType(14680): No known package when getting name for resource number 0xffffffff
I/org.umd.logging(14680): Method > 1 org.cocos2dx.lib.Cocos2dxGLSurfaceView.onTouchEvent(org.cocos2dx.lib.Cocos2dxGLSurfaceView@839259446<file=><x=0><y=0><width=768><height=1184><id=-1>, android.view.MotionEvent@998919672)
I/org.umd.logging(14680): Method < 1 org.cocos2dx.lib.Cocos2dxGLSurfaceView.onTouchEvent(true)
W/ResourceType(14680): No known package when getting name for resource number 0xffffffff
I/org.umd.logging(14680): Method > 1 org.cocos2dx.lib.Cocos2dxGLSurfaceView.onTouchEvent(org.cocos2dx.lib.Cocos2dxGLSurfaceView@839259446<file=><x=0><y=0><width=768><height=1184><id=-1>, android.view.MotionEvent@998919672)
I/org.umd.logging(14680): Method < 1 org.cocos2dx.lib.Cocos2dxGLSurfaceView.onTouchEvent(true)
W/ResourceType(14680): No known package when getting name for resource number 0xffffffff
I/org.umd.logging(14680): Method > 1 org.cocos2dx.lib.Cocos2dxGLSurfaceView.onTouchEvent(org.cocos2dx.lib.Cocos2dxGLSurfaceView@839259446<file=><x=0><y=0><width=768><height=1184><id=-1>, android.view.MotionEvent@998919672)
I/org.umd.logging(14680): Method < 1 org.cocos2dx.lib.Cocos2dxGLSurfaceView.onTouchEvent(true)
W/ResourceType(14680): No known package when getting name for resource number 0xffffffff
I/org.umd.logging(14680): Method > 1 org.cocos2dx.lib.Cocos2dxGLSurfaceView.onTouchEvent(org.cocos2dx.lib.Cocos2dxGLSurfaceView@839259446<file=><x=0><y=0><width=768><height=1184><id=-1>, android.view.MotionEvent@998919672)
I/org.umd.logging(14680): Method < 1 org.cocos2dx.lib.Cocos2dxGLSurfaceView.onTouchEvent(true)
W/ResourceType(14680): No known package when getting name for resource number 0xffffffff
I/org.umd.logging(14680): Method > 1 org.cocos2dx.lib.Cocos2dxGLSurfaceView.onTouchEvent(org.cocos2dx.lib.Cocos2dxGLSurfaceView@839259446<file=><x=0><y=0><width=768><height=1184><id=-1>, android.view.MotionEvent@998919672)
I/org.umd.logging(14680): Method < 1 org.cocos2dx.lib.Cocos2dxGLSurfaceView.onTouchEvent(true)
W/ResourceType(14680): No known package when getting name for resource number 0xffffffff
I/org.umd.logging(14680): Method > 1 org.cocos2dx.lib.Cocos2dxGLSurfaceView.onTouchEvent(org.cocos2dx.lib.Cocos2dxGLSurfaceView@839259446<file=><x=0><y=0><width=768><height=1184><id=-1>, android.view.MotionEvent@998919672)
I/org.umd.logging(14680): Method < 1 org.cocos2dx.lib.Cocos2dxGLSurfaceView.onTouchEvent(true)
W/ResourceType(14680): No known package when getting name for resource number 0xffffffff
I/org.umd.logging(14680): Method > 1 org.cocos2dx.lib.Cocos2dxGLSurfaceView.onTouchEvent(org.cocos2dx.lib.Cocos2dxGLSurfaceView@839259446<file=><x=0><y=0><width=768><height=1184><id=-1>, android.view.MotionEvent@998919672)
I/org.umd.logging(14680): Method < 1 org.cocos2dx.lib.Cocos2dxGLSurfaceView.onTouchEvent(true)
W/ResourceType(14680): No known package when getting name for resource number 0xffffffff
I/org.umd.logging(14680): Method > 1 org.cocos2dx.lib.Cocos2dxGLSurfaceView.onTouchEvent(org.cocos2dx.lib.Cocos2dxGLSurfaceView@839259446<file=><x=0><y=0><width=768><height=1184><id=-1>, android.view.MotionEvent@998919672)
I/org.umd.logging(14680): Method < 1 org.cocos2dx.lib.Cocos2dxGLSurfaceView.onTouchEvent(true)
W/ResourceType(14680): No known package when getting name for resource number 0xffffffff
I/org.umd.logging(14680): Method > 1 org.cocos2dx.lib.Cocos2dxGLSurfaceView.onTouchEvent(org.cocos2dx.lib.Cocos2dxGLSurfaceView@839259446<file=><x=0><y=0><width=768><height=1184><id=-1>, android.view.MotionEvent@998919672)
I/org.umd.logging(14680): Method < 1 org.cocos2dx.lib.Cocos2dxGLSurfaceView.onTouchEvent(true)
W/ResourceType(14680): No known package when getting name for resource number 0xffffffff
I/org.umd.logging(14680): Method > 1 org.cocos2dx.lib.Cocos2dxGLSurfaceView.onTouchEvent(org.cocos2dx.lib.Cocos2dxGLSurfaceView@839259446<file=><x=0><y=0><width=768><height=1184><id=-1>, android.view.MotionEvent@998919672)
I/org.umd.logging(14680): Method < 1 org.cocos2dx.lib.Cocos2dxGLSurfaceView.onTouchEvent(true)
W/ResourceType(14680): No known package when getting name for resource number 0xffffffff
I/org.umd.logging(14680): Method > 1 org.cocos2dx.lib.Cocos2dxGLSurfaceView.onTouchEvent(org.cocos2dx.lib.Cocos2dxGLSurfaceView@839259446<file=><x=0><y=0><width=768><height=1184><id=-1>, android.view.MotionEvent@998919672)
I/org.umd.logging(14680): Method < 1 org.cocos2dx.lib.Cocos2dxGLSurfaceView.onTouchEvent(true)
W/ResourceType(14680): No known package when getting name for resource number 0xffffffff
I/org.umd.logging(14680): Method > 1 org.cocos2dx.lib.Cocos2dxGLSurfaceView.onTouchEvent(org.cocos2dx.lib.Cocos2dxGLSurfaceView@839259446<file=><x=0><y=0><width=768><height=1184><id=-1>, android.view.MotionEvent@998919672)
I/org.umd.logging(14680): Method < 1 org.cocos2dx.lib.Cocos2dxGLSurfaceView.onTouchEvent(true)
W/ResourceType(14680): No known package when getting name for resource number 0xffffffff
I/org.umd.logging(14680): Method > 1 org.cocos2dx.lib.Cocos2dxGLSurfaceView.onTouchEvent(org.cocos2dx.lib.Cocos2dxGLSurfaceView@839259446<file=><x=0><y=0><width=768><height=1184><id=-1>, android.view.MotionEvent@998919672)
I/org.umd.logging(14680): Method < 1 org.cocos2dx.lib.Cocos2dxGLSurfaceView.onTouchEvent(true)
W/ResourceType(14680): No known package when getting name for resource number 0xffffffff
I/org.umd.logging(14680): Method > 1 org.cocos2dx.lib.Cocos2dxGLSurfaceView.onTouchEvent(org.cocos2dx.lib.Cocos2dxGLSurfaceView@839259446<file=><x=0><y=0><width=768><height=1184><id=-1>, android.view.MotionEvent@998919672)
I/org.umd.logging(14680): Method < 1 org.cocos2dx.lib.Cocos2dxGLSurfaceView.onTouchEvent(true)
W/ResourceType(14680): No known package when getting name for resource number 0xffffffff
I/org.umd.logging(14680): Method > 1 org.cocos2dx.lib.Cocos2dxGLSurfaceView.onTouchEvent(org.cocos2dx.lib.Cocos2dxGLSurfaceView@839259446<file=><x=0><y=0><width=768><height=1184><id=-1>, android.view.MotionEvent@998919672)
I/org.umd.logging(14680): Method < 1 org.cocos2dx.lib.Cocos2dxGLSurfaceView.onTouchEvent(true)
W/ResourceType(14680): No known package when getting name for resource number 0xffffffff
I/org.umd.logging(14680): Method > 1 org.cocos2dx.lib.Cocos2dxGLSurfaceView.onTouchEvent(org.cocos2dx.lib.Cocos2dxGLSurfaceView@839259446<file=><x=0><y=0><width=768><height=1184><id=-1>, android.view.MotionEvent@998919672)
I/org.umd.logging(14680): Method < 1 org.cocos2dx.lib.Cocos2dxGLSurfaceView.onTouchEvent(true)
W/ResourceType(14680): No known package when getting name for resource number 0xffffffff
I/org.umd.logging(14680): Method > 1 org.cocos2dx.lib.Cocos2dxGLSurfaceView.onTouchEvent(org.cocos2dx.lib.Cocos2dxGLSurfaceView@839259446<file=><x=0><y=0><width=768><height=1184><id=-1>, android.view.MotionEvent@998919672)
I/org.umd.logging(14680): Method < 1 org.cocos2dx.lib.Cocos2dxGLSurfaceView.onTouchEvent(true)
W/ResourceType(14680): No known package when getting name for resource number 0xffffffff
I/org.umd.logging(14680): Method > 1 org.cocos2dx.lib.Cocos2dxGLSurfaceView.onTouchEvent(org.cocos2dx.lib.Cocos2dxGLSurfaceView@839259446<file=><x=0><y=0><width=768><height=1184><id=-1>, android.view.MotionEvent@998919672)
I/org.umd.logging(14680): Method < 1 org.cocos2dx.lib.Cocos2dxGLSurfaceView.onTouchEvent(true)
W/ResourceType(14680): No known package when getting name for resource number 0xffffffff
I/org.umd.logging(14680): Method > 1 org.cocos2dx.lib.Cocos2dxGLSurfaceView.onTouchEvent(org.cocos2dx.lib.Cocos2dxGLSurfaceView@839259446<file=><x=0><y=0><width=768><height=1184><id=-1>, android.view.MotionEvent@998919672)
I/org.umd.logging(14680): Method < 1 org.cocos2dx.lib.Cocos2dxGLSurfaceView.onTouchEvent(true)
W/ResourceType(14680): No known package when getting name for resource number 0xffffffff
I/org.umd.logging(14680): Method > 1 org.cocos2dx.lib.Cocos2dxGLSurfaceView.onTouchEvent(org.cocos2dx.lib.Cocos2dxGLSurfaceView@839259446<file=><x=0><y=0><width=768><height=1184><id=-1>, android.view.MotionEvent@998919672)
I/org.umd.logging(14680): Method < 1 org.cocos2dx.lib.Cocos2dxGLSurfaceView.onTouchEvent(true)
W/ResourceType(14680): No known package when getting name for resource number 0xffffffff
I/org.umd.logging(14680): Method > 1 org.cocos2dx.lib.Cocos2dxGLSurfaceView.onTouchEvent(org.cocos2dx.lib.Cocos2dxGLSurfaceView@839259446<file=><x=0><y=0><width=768><height=1184><id=-1>, android.view.MotionEvent@998919672)
I/org.umd.logging(14680): Method < 1 org.cocos2dx.lib.Cocos2dxGLSurfaceView.onTouchEvent(true)
W/ResourceType(14680): No known package when getting name for resource number 0xffffffff
I/org.umd.logging(14680): Method > 1 org.cocos2dx.lib.Cocos2dxGLSurfaceView.onTouchEvent(org.cocos2dx.lib.Cocos2dxGLSurfaceView@839259446<file=><x=0><y=0><width=768><height=1184><id=-1>, android.view.MotionEvent@998919672)
I/org.umd.logging(14680): Method < 1 org.cocos2dx.lib.Cocos2dxGLSurfaceView.onTouchEvent(true)
W/ResourceType(14680): No known package when getting name for resource number 0xffffffff
I/org.umd.logging(14680): Method > 1 org.cocos2dx.lib.Cocos2dxGLSurfaceView.onTouchEvent(org.cocos2dx.lib.Cocos2dxGLSurfaceView@839259446<file=><x=0><y=0><width=768><height=1184><id=-1>, android.view.MotionEvent@998919672)
I/org.umd.logging(14680): Method < 1 org.cocos2dx.lib.Cocos2dxGLSurfaceView.onTouchEvent(true)
W/ResourceType(14680): No known package when getting name for resource number 0xffffffff
I/org.umd.logging(14680): Method > 1 org.cocos2dx.lib.Cocos2dxGLSurfaceView.onTouchEvent(org.cocos2dx.lib.Cocos2dxGLSurfaceView@839259446<file=><x=0><y=0><width=768><height=1184><id=-1>, android.view.MotionEvent@998919672)
I/org.umd.logging(14680): Method < 1 org.cocos2dx.lib.Cocos2dxGLSurfaceView.onTouchEvent(true)
W/ResourceType(14680): No known package when getting name for resource number 0xffffffff
I/org.umd.logging(14680): Method > 1 org.cocos2dx.lib.Cocos2dxGLSurfaceView.onTouchEvent(org.cocos2dx.lib.Cocos2dxGLSurfaceView@839259446<file=><x=0><y=0><width=768><height=1184><id=-1>, android.view.MotionEvent@998919672)
I/org.umd.logging(14680): Method < 1 org.cocos2dx.lib.Cocos2dxGLSurfaceView.onTouchEvent(true)
W/ResourceType(14680): No known package when getting name for resource number 0xffffffff
I/org.umd.logging(14680): Method > 1 org.cocos2dx.lib.Cocos2dxGLSurfaceView.onTouchEvent(org.cocos2dx.lib.Cocos2dxGLSurfaceView@839259446<file=><x=0><y=0><width=768><height=1184><id=-1>, android.view.MotionEvent@998919672)
I/org.umd.logging(14680): Method < 1 org.cocos2dx.lib.Cocos2dxGLSurfaceView.onTouchEvent(true)
W/ResourceType(14680): No known package when getting name for resource number 0xffffffff
I/org.umd.logging(14680): Method > 1 org.cocos2dx.lib.Cocos2dxGLSurfaceView.onTouchEvent(org.cocos2dx.lib.Cocos2dxGLSurfaceView@839259446<file=><x=0><y=0><width=768><height=1184><id=-1>, android.view.MotionEvent@998919672)
I/org.umd.logging(14680): Method < 1 org.cocos2dx.lib.Cocos2dxGLSurfaceView.onTouchEvent(true)
W/ResourceType(14680): No known package when getting name for resource number 0xffffffff
