W/AudioTrack(13454): AUDIO_OUTPUT_FLAG_FAST denied by client
D/NuPlayerDriver(  190): start(0xb7a1bc10)
I/GenericSource(  190): start
D/NuPlayerDriver(  190): reset(0xb7a1bc10)
D/NuPlayerDriver(  190): notifyResetComplete(0xb7a1bc10)
W/AudioTrack(13454): AUDIO_OUTPUT_FLAG_FAST denied by client
D/NuPlayerDriver(  190): start(0xb7a16278)
I/GenericSource(  190): start
D/NuPlayerDriver(  190): reset(0xb7a16278)
D/audio_hw_primary(  190): out_set_parameters: enter: usecase(0: deep-buffer-playback) kvpairs: routing=2
D/NuPlayerDriver(  190): notifyResetComplete(0xb7a16278)
W/ResourceType(13454): No known package when getting name for resource number 0xffffffff
I/org.umd.logging(13454): Method > 1 org.cocos2dx.lib.Cocos2dxGLSurfaceView.onTouchEvent(org.cocos2dx.lib.Cocos2dxGLSurfaceView@839259446<file=><x=0><y=0><width=768><height=1184><id=-1>, android.view.MotionEvent@865753037)
I/org.umd.logging(13454): Method < 1 org.cocos2dx.lib.Cocos2dxGLSurfaceView.onTouchEvent(true)
W/ResourceType(13454): No known package when getting name for resource number 0xffffffff
I/org.umd.logging(13454): Method > 1 org.cocos2dx.lib.Cocos2dxGLSurfaceView.onTouchEvent(org.cocos2dx.lib.Cocos2dxGLSurfaceView@839259446<file=><x=0><y=0><width=768><height=1184><id=-1>, android.view.MotionEvent@865753037)
I/org.umd.logging(13454): Method < 1 org.cocos2dx.lib.Cocos2dxGLSurfaceView.onTouchEvent(true)
I/art     (13454): Background sticky concurrent mark sweep GC freed 2154(110KB) AllocSpace objects, 2(6MB) LOS objects, 5% free, 38MB/40MB, paused 5.188ms total 36.624ms
W/ResourceType(13454): No known package when getting name for resource number 0xffffffff
I/org.umd.logging(13454): Method > 1 org.cocos2dx.lib.Cocos2dxGLSurfaceView.onTouchEvent(org.cocos2dx.lib.Cocos2dxGLSurfaceView@839259446<file=><x=0><y=0><width=768><height=1184><id=-1>, android.view.MotionEvent@865753037)
I/org.umd.logging(13454): Method < 1 org.cocos2dx.lib.Cocos2dxGLSurfaceView.onTouchEvent(true)
W/AudioTrack(13454): AUDIO_OUTPUT_FLAG_FAST denied by client
I/org.umd.logging(13454): Method > 2131 org.cocos2dx.lib.Cocos2dxGLSurfaceView$6.run(org.cocos2dx.lib.Cocos2dxGLSurfaceView$6@394604998)
I/org.umd.logging(13454): Method < 2131 org.cocos2dx.lib.Cocos2dxGLSurfaceView$6.run()
I/org.umd.logging(13454): Method > 2131 org.cocos2dx.lib.Cocos2dxGLSurfaceView$7.run(org.cocos2dx.lib.Cocos2dxGLSurfaceView$7@503625095)
I/org.umd.logging(13454): Method < 2131 org.cocos2dx.lib.Cocos2dxGLSurfaceView$7.run()
I/org.umd.logging(13454): Method > 2131 org.cocos2dx.lib.Cocos2dxGLSurfaceView$9.run(org.cocos2dx.lib.Cocos2dxGLSurfaceView$9@616209588)
I/org.umd.logging(13454): Method < 2131 org.cocos2dx.lib.Cocos2dxGLSurfaceView$9.run()
W/AudioTrack(13454): AUDIO_OUTPUT_FLAG_FAST denied by client
W/AudioTrack(13454): AUDIO_OUTPUT_FLAG_FAST denied by client
W/AudioTrack(13454): AUDIO_OUTPUT_FLAG_FAST denied by client
I/DownloadManagerWrapper(  949): onReceive() : Charging = true
D/audio_hw_primary(  190): out_set_parameters: enter: usecase(0: deep-buffer-playback) kvpairs: routing=2
W/AudioTrack(13454): AUDIO_OUTPUT_FLAG_FAST denied by client
W/AudioTrack(13454): AUDIO_OUTPUT_FLAG_FAST denied by client
D/audio_hw_primary(  190): out_set_parameters: enter: usecase(0: deep-buffer-playback) kvpairs: routing=2
W/ResourceType(13454): No known package when getting name for resource number 0xffffffff
I/org.umd.logging(13454): Method > 1 org.cocos2dx.lib.Cocos2dxGLSurfaceView.onTouchEvent(org.cocos2dx.lib.Cocos2dxGLSurfaceView@839259446<file=><x=0><y=0><width=768><height=1184><id=-1>, android.view.MotionEvent@865753037)
I/org.umd.logging(13454): Method < 1 org.cocos2dx.lib.Cocos2dxGLSurfaceView.onTouchEvent(true)
I/org.umd.logging(13454): Method > 2131 org.cocos2dx.lib.Cocos2dxGLSurfaceView$6.run(org.cocos2dx.lib.Cocos2dxGLSurfaceView$6@644595933)
I/org.umd.logging(13454): Method < 2131 org.cocos2dx.lib.Cocos2dxGLSurfaceView$6.run()
I/art     (13454): Background partial concurrent mark sweep GC freed 1600(108KB) AllocSpace objects, 5(17MB) LOS objects, 33% free, 31MB/47MB, paused 2.044ms total 102.823ms
W/ResourceType(13454): No known package when getting name for resource number 0xffffffff
I/org.umd.logging(13454): Method > 1 org.cocos2dx.lib.Cocos2dxGLSurfaceView.onTouchEvent(org.cocos2dx.lib.Cocos2dxGLSurfaceView@839259446<file=><x=0><y=0><width=768><height=1184><id=-1>, android.view.MotionEvent@865753037)
I/org.umd.logging(13454): Method < 1 org.cocos2dx.lib.Cocos2dxGLSurfaceView.onTouchEvent(true)
I/org.umd.logging(13454): Method > 2131 org.cocos2dx.lib.Cocos2dxGLSurfaceView$7.run(org.cocos2dx.lib.Cocos2dxGLSurfaceView$7@949134418)
I/org.umd.logging(13454): Method < 2131 org.cocos2dx.lib.Cocos2dxGLSurfaceView$7.run()
W/ResourceType(13454): No known package when getting name for resource number 0xffffffff
I/org.umd.logging(13454): Method > 1 org.cocos2dx.lib.Cocos2dxGLSurfaceView.onTouchEvent(org.cocos2dx.lib.Cocos2dxGLSurfaceView@839259446<file=><x=0><y=0><width=768><height=1184><id=-1>, android.view.MotionEvent@865753037)
I/org.umd.logging(13454): Method < 1 org.cocos2dx.lib.Cocos2dxGLSurfaceView.onTouchEvent(true)
I/org.umd.logging(13454): Method > 2131 org.cocos2dx.lib.Cocos2dxGLSurfaceView$9.run(org.cocos2dx.lib.Cocos2dxGLSurfaceView$9@770515747)
I/org.umd.logging(13454): Method < 2131 org.cocos2dx.lib.Cocos2dxGLSurfaceView$9.run()
W/AudioTrack(13454): AUDIO_OUTPUT_FLAG_FAST denied by client
W/AudioTrack(13454): AUDIO_OUTPUT_FLAG_FAST denied by client
E/WifiStateMachine(  594): WifiStateMachine CMD_START_SCAN source -2 txSuccessRate=94.38 rxSuccessRate=140.03 targetRoamBSSID=any RSSI=-44
D/audio_hw_primary(  190): out_set_parameters: enter: usecase(0: deep-buffer-playback) kvpairs: routing=2
W/AudioTrack(13454): AUDIO_OUTPUT_FLAG_FAST denied by client
W/ResourceType(13454): No known package when getting name for resource number 0xffffffff
I/org.umd.logging(13454): Method > 1 org.cocos2dx.lib.Cocos2dxGLSurfaceView.onTouchEvent(org.cocos2dx.lib.Cocos2dxGLSurfaceView@839259446<file=><x=0><y=0><width=768><height=1184><id=-1>, android.view.MotionEvent@865753037)
I/org.umd.logging(13454): Method < 1 org.cocos2dx.lib.Cocos2dxGLSurfaceView.onTouchEvent(true)
I/org.umd.logging(13454): Method > 2131 org.cocos2dx.lib.Cocos2dxGLSurfaceView$6.run(org.cocos2dx.lib.Cocos2dxGLSurfaceView$6@515821600)
I/org.umd.logging(13454): Method < 2131 org.cocos2dx.lib.Cocos2dxGLSurfaceView$6.run()
W/ResourceType(13454): No known package when getting name for resource number 0xffffffff
I/org.umd.logging(13454): Method > 1 org.cocos2dx.lib.Cocos2dxGLSurfaceView.onTouchEvent(org.cocos2dx.lib.Cocos2dxGLSurfaceView@839259446<file=><x=0><y=0><width=768><height=1184><id=-1>, android.view.MotionEvent@865753037)
I/org.umd.logging(13454): Method < 1 org.cocos2dx.lib.Cocos2dxGLSurfaceView.onTouchEvent(true)
I/org.umd.logging(13454): Method > 2131 org.cocos2dx.lib.Cocos2dxGLSurfaceView$7.run(org.cocos2dx.lib.Cocos2dxGLSurfaceView$7@325619161)
I/org.umd.logging(13454): Method < 2131 org.cocos2dx.lib.Cocos2dxGLSurfaceView$7.run()
W/ResourceType(13454): No known package when getting name for resource number 0xffffffff
I/org.umd.logging(13454): Method > 1 org.cocos2dx.lib.Cocos2dxGLSurfaceView.onTouchEvent(org.cocos2dx.lib.Cocos2dxGLSurfaceView@839259446<file=><x=0><y=0><width=768><height=1184><id=-1>, android.view.MotionEvent@865753037)
I/org.umd.logging(13454): Method < 1 org.cocos2dx.lib.Cocos2dxGLSurfaceView.onTouchEvent(true)
I/org.umd.logging(13454): Method > 2131 org.cocos2dx.lib.Cocos2dxGLSurfaceView$9.run(org.cocos2dx.lib.Cocos2dxGLSurfaceView$9@764588958)
I/org.umd.logging(13454): Method < 2131 org.cocos2dx.lib.Cocos2dxGLSurfaceView$9.run()
D/audio_hw_primary(  190): out_set_parameters: enter: usecase(0: deep-buffer-playback) kvpairs: routing=2
W/AudioTrack(13454): AUDIO_OUTPUT_FLAG_FAST denied by client
D/audio_hw_primary(  190): out_set_parameters: enter: usecase(0: deep-buffer-playback) kvpairs: routing=2
W/AudioTrack(13454): AUDIO_OUTPUT_FLAG_FAST denied by client
W/AudioTrack(13454): AUDIO_OUTPUT_FLAG_FAST denied by client
W/AudioTrack(13454): AUDIO_OUTPUT_FLAG_FAST denied by client
W/AudioTrack(13454): AUDIO_OUTPUT_FLAG_FAST denied by client
W/AudioTrack(13454): AUDIO_OUTPUT_FLAG_FAST denied by client
W/ResourceType(13454): No known package when getting name for resource number 0xffffffff
I/org.umd.logging(13454): Method > 1 org.cocos2dx.lib.Cocos2dxGLSurfaceView.onTouchEvent(org.cocos2dx.lib.Cocos2dxGLSurfaceView@839259446<file=><x=0><y=0><width=768><height=1184><id=-1>, android.view.MotionEvent@865753037)
I/org.umd.logging(13454): Method < 1 org.cocos2dx.lib.Cocos2dxGLSurfaceView.onTouchEvent(true)
I/org.umd.logging(13454): Method > 2131 org.cocos2dx.lib.Cocos2dxGLSurfaceView$6.run(org.cocos2dx.lib.Cocos2dxGLSurfaceView$6@610586239)
I/org.umd.logging(13454): Method < 2131 org.cocos2dx.lib.Cocos2dxGLSurfaceView$6.run()
W/ResourceType(13454): No known package when getting name for resource number 0xffffffff
I/org.umd.logging(13454): Method > 1 org.cocos2dx.lib.Cocos2dxGLSurfaceView.onTouchEvent(org.cocos2dx.lib.Cocos2dxGLSurfaceView@839259446<file=><x=0><y=0><width=768><height=1184><id=-1>, android.view.MotionEvent@865753037)
I/org.umd.logging(13454): Method < 1 org.cocos2dx.lib.Cocos2dxGLSurfaceView.onTouchEvent(true)
I/org.umd.logging(13454): Method > 2131 org.cocos2dx.lib.Cocos2dxGLSurfaceView$7.run(org.cocos2dx.lib.Cocos2dxGLSurfaceView$7@722521676)
I/org.umd.logging(13454): Method < 2131 org.cocos2dx.lib.Cocos2dxGLSurfaceView$7.run()
W/ResourceType(13454): No known package when getting name for resource number 0xffffffff
I/org.umd.logging(13454): Method > 1 org.cocos2dx.lib.Cocos2dxGLSurfaceView.onTouchEvent(org.cocos2dx.lib.Cocos2dxGLSurfaceView@839259446<file=><x=0><y=0><width=768><height=1184><id=-1>, android.view.MotionEvent@865753037)
I/org.umd.logging(13454): Method < 1 org.cocos2dx.lib.Cocos2dxGLSurfaceView.onTouchEvent(true)
I/org.umd.logging(13454): Method > 2131 org.cocos2dx.lib.Cocos2dxGLSurfaceView$9.run(org.cocos2dx.lib.Cocos2dxGLSurfaceView$9@264973973)
I/org.umd.logging(13454): Method < 2131 org.cocos2dx.lib.Cocos2dxGLSurfaceView$9.run()
D/audio_hw_primary(  190): out_set_parameters: enter: usecase(0: deep-buffer-playback) kvpairs: routing=2
W/AudioTrack(13454): AUDIO_OUTPUT_FLAG_FAST denied by client
D/audio_hw_primary(  190): out_set_parameters: enter: usecase(0: deep-buffer-playback) kvpairs: routing=2
W/ResourceType(13454): No known package when getting name for resource number 0xffffffff
I/org.umd.logging(13454): Method > 1 org.cocos2dx.lib.Cocos2dxGLSurfaceView.onTouchEvent(org.cocos2dx.lib.Cocos2dxGLSurfaceView@839259446<file=><x=0><y=0><width=768><height=1184><id=-1>, android.view.MotionEvent@865753037)
I/org.umd.logging(13454): Method < 1 org.cocos2dx.lib.Cocos2dxGLSurfaceView.onTouchEvent(true)
I/org.umd.logging(13454): Method > 2131 org.cocos2dx.lib.Cocos2dxGLSurfaceView$6.run(org.cocos2dx.lib.Cocos2dxGLSurfaceView$6@1039297450)
I/org.umd.logging(13454): Method < 2131 org.cocos2dx.lib.Cocos2dxGLSurfaceView$6.run()
W/ResourceType(13454): No known package when getting name for resource number 0xffffffff
I/org.umd.logging(13454): Method > 1 org.cocos2dx.lib.Cocos2dxGLSurfaceView.onTouchEvent(org.cocos2dx.lib.Cocos2dxGLSurfaceView@839259446<file=><x=0><y=0><width=768><height=1184><id=-1>, android.view.MotionEvent@865753037)
I/org.umd.logging(13454): Method < 1 org.cocos2dx.lib.Cocos2dxGLSurfaceView.onTouchEvent(true)
I/org.umd.logging(13454): Method > 2131 org.cocos2dx.lib.Cocos2dxGLSurfaceView$7.run(org.cocos2dx.lib.Cocos2dxGLSurfaceView$7@746705819)
I/org.umd.logging(13454): Method < 2131 org.cocos2dx.lib.Cocos2dxGLSurfaceView$7.run()
W/ResourceType(13454): No known package when getting name for resource number 0xffffffff
I/org.umd.logging(13454): Method > 1 org.cocos2dx.lib.Cocos2dxGLSurfaceView.onTouchEvent(org.cocos2dx.lib.Cocos2dxGLSurfaceView@839259446<file=><x=0><y=0><width=768><height=1184><id=-1>, android.view.MotionEvent@865753037)
I/org.umd.logging(13454): Method < 1 org.cocos2dx.lib.Cocos2dxGLSurfaceView.onTouchEvent(true)
I/org.umd.logging(13454): Method > 2131 org.cocos2dx.lib.Cocos2dxGLSurfaceView$9.run(org.cocos2dx.lib.Cocos2dxGLSurfaceView$9@111313720)
I/org.umd.logging(13454): Method < 2131 org.cocos2dx.lib.Cocos2dxGLSurfaceView$9.run()
W/AudioTrack(13454): AUDIO_OUTPUT_FLAG_FAST denied by client
W/AudioTrack(13454): AUDIO_OUTPUT_FLAG_FAST denied by client
D/audio_hw_primary(  190): out_set_parameters: enter: usecase(0: deep-buffer-playback) kvpairs: routing=2
W/ResourceType(13454): No known package when getting name for resource number 0xffffffff
I/org.umd.logging(13454): Method > 1 org.cocos2dx.lib.Cocos2dxGLSurfaceView.onTouchEvent(org.cocos2dx.lib.Cocos2dxGLSurfaceView@839259446<file=><x=0><y=0><width=768><height=1184><id=-1>, android.view.MotionEvent@865753037)
I/org.umd.logging(13454): Method < 1 org.cocos2dx.lib.Cocos2dxGLSurfaceView.onTouchEvent(true)
I/org.umd.logging(13454): Method > 2131 org.cocos2dx.lib.Cocos2dxGLSurfaceView$6.run(org.cocos2dx.lib.Cocos2dxGLSurfaceView$6@209526545)
I/org.umd.logging(13454): Method < 2131 org.cocos2dx.lib.Cocos2dxGLSurfaceView$6.run()
W/ResourceType(13454): No known package when getting name for resource number 0xffffffff
I/org.umd.logging(13454): Method > 1 org.cocos2dx.lib.Cocos2dxGLSurfaceView.onTouchEvent(org.cocos2dx.lib.Cocos2dxGLSurfaceView@839259446<file=><x=0><y=0><width=768><height=1184><id=-1>, android.view.MotionEvent@865753037)
I/org.umd.logging(13454): Method < 1 org.cocos2dx.lib.Cocos2dxGLSurfaceView.onTouchEvent(true)
I/org.umd.logging(13454): Method > 2131 org.cocos2dx.lib.Cocos2dxGLSurfaceView$7.run(org.cocos2dx.lib.Cocos2dxGLSurfaceView$7@149133430)
I/org.umd.logging(13454): Method < 2131 org.cocos2dx.lib.Cocos2dxGLSurfaceView$7.run()
W/ResourceType(13454): No known package when getting name for resource number 0xffffffff
I/org.umd.logging(13454): Method > 1 org.cocos2dx.lib.Cocos2dxGLSurfaceView.onTouchEvent(org.cocos2dx.lib.Cocos2dxGLSurfaceView@839259446<file=><x=0><y=0><width=768><height=1184><id=-1>, android.view.MotionEvent@865753037)
I/org.umd.logging(13454): Method < 1 org.cocos2dx.lib.Cocos2dxGLSurfaceView.onTouchEvent(true)
I/org.umd.logging(13454): Method > 2131 org.cocos2dx.lib.Cocos2dxGLSurfaceView$9.run(org.cocos2dx.lib.Cocos2dxGLSurfaceView$9@44043895)
I/org.umd.logging(13454): Method < 2131 org.cocos2dx.lib.Cocos2dxGLSurfaceView$9.run()
W/AudioTrack(13454): AUDIO_OUTPUT_FLAG_FAST denied by client
W/AudioTrack(13454): AUDIO_OUTPUT_FLAG_FAST denied by client
D/audio_hw_primary(  190): out_set_parameters: enter: usecase(0: deep-buffer-playback) kvpairs: routing=2
W/AudioTrack(13454): AUDIO_OUTPUT_FLAG_FAST denied by client
D/audio_hw_primary(  190): out_set_parameters: enter: usecase(0: deep-buffer-playback) kvpairs: routing=2
W/ResourceType(13454): No known package when getting name for resource number 0xffffffff
I/org.umd.logging(13454): Method > 1 org.cocos2dx.lib.Cocos2dxGLSurfaceView.onTouchEvent(org.cocos2dx.lib.Cocos2dxGLSurfaceView@839259446<file=><x=0><y=0><width=768><height=1184><id=-1>, android.view.MotionEvent@865753037)
I/org.umd.logging(13454): Method < 1 org.cocos2dx.lib.Cocos2dxGLSurfaceView.onTouchEvent(true)
I/org.umd.logging(13454): Method > 2131 org.cocos2dx.lib.Cocos2dxGLSurfaceView$6.run(org.cocos2dx.lib.Cocos2dxGLSurfaceView$6@160996068)
I/org.umd.logging(13454): Method < 2131 org.cocos2dx.lib.Cocos2dxGLSurfaceView$6.run()
W/ResourceType(13454): No known package when getting name for resource number 0xffffffff
I/org.umd.logging(13454): Method > 1 org.cocos2dx.lib.Cocos2dxGLSurfaceView.onTouchEvent(org.cocos2dx.lib.Cocos2dxGLSurfaceView@839259446<file=><x=0><y=0><width=768><height=1184><id=-1>, android.view.MotionEvent@865753037)
I/org.umd.logging(13454): Method < 1 org.cocos2dx.lib.Cocos2dxGLSurfaceView.onTouchEvent(true)
I/org.umd.logging(13454): Method > 2131 org.cocos2dx.lib.Cocos2dxGLSurfaceView$7.run(org.cocos2dx.lib.Cocos2dxGLSurfaceView$7@92511053)
I/org.umd.logging(13454): Method < 2131 org.cocos2dx.lib.Cocos2dxGLSurfaceView$7.run()
W/ResourceType(13454): No known package when getting name for resource number 0xffffffff
I/org.umd.logging(13454): Method > 1 org.cocos2dx.lib.Cocos2dxGLSurfaceView.onTouchEvent(org.cocos2dx.lib.Cocos2dxGLSurfaceView@839259446<file=><x=0><y=0><width=768><height=1184><id=-1>, android.view.MotionEvent@865753037)
I/org.umd.logging(13454): Method < 1 org.cocos2dx.lib.Cocos2dxGLSurfaceView.onTouchEvent(true)
I/org.umd.logging(13454): Method > 2131 org.cocos2dx.lib.Cocos2dxGLSurfaceView$9.run(org.cocos2dx.lib.Cocos2dxGLSurfaceView$9@485017090)
I/org.umd.logging(13454): Method < 2131 org.cocos2dx.lib.Cocos2dxGLSurfaceView$9.run()
W/AudioTrack(13454): AUDIO_OUTPUT_FLAG_FAST denied by client
W/AudioTrack(13454): AUDIO_OUTPUT_FLAG_FAST denied by client
I/org.umd.logging( 4986): Method > 1 com.cleanmaster.base.crash.util.debug.b.run(com.cleanmaster.base.crash.util.debug.b@453239735)
I/org.umd.logging( 4986): Method < 1 com.cleanmaster.base.crash.util.debug.b.run()
D/audio_hw_primary(  190): out_set_parameters: enter: usecase(0: deep-buffer-playback) kvpairs: routing=2
W/AudioTrack(13454): AUDIO_OUTPUT_FLAG_FAST denied by client
D/NuPlayerDriver(  190): start(0xb7a20770)
I/GenericSource(  190): start
D/NuPlayerDriver(  190): reset(0xb7a20770)
D/NuPlayerDriver(  190): notifyResetComplete(0xb7a20770)
D/audio_hw_primary(  190): out_set_parameters: enter: usecase(0: deep-buffer-playback) kvpairs: routing=2
I/DownloadManagerWrapper(  949): onReceive() : Charging = true
W/ResourceType(13454): No known package when getting name for resource number 0xffffffff
I/org.umd.logging(13454): Method > 1 org.cocos2dx.lib.Cocos2dxGLSurfaceView.onTouchEvent(org.cocos2dx.lib.Cocos2dxGLSurfaceView@839259446<file=><x=0><y=0><width=768><height=1184><id=-1>, android.view.MotionEvent@865753037)
I/org.umd.logging(13454): Method < 1 org.cocos2dx.lib.Cocos2dxGLSurfaceView.onTouchEvent(true)
I/org.umd.logging(13454): Method > 2131 org.cocos2dx.lib.Cocos2dxGLSurfaceView$6.run(org.cocos2dx.lib.Cocos2dxGLSurfaceView$6@587012883)
I/org.umd.logging(13454): Method < 2131 org.cocos2dx.lib.Cocos2dxGLSurfaceView$6.run()
W/ResourceType(13454): No known package when getting name for resource number 0xffffffff
I/org.umd.logging(13454): Method > 1 org.cocos2dx.lib.Cocos2dxGLSurfaceView.onTouchEvent(org.cocos2dx.lib.Cocos2dxGLSurfaceView@839259446<file=><x=0><y=0><width=768><height=1184><id=-1>, android.view.MotionEvent@865753037)
I/org.umd.logging(13454): Method < 1 org.cocos2dx.lib.Cocos2dxGLSurfaceView.onTouchEvent(true)
I/org.umd.logging(13454): Method > 2131 org.cocos2dx.lib.Cocos2dxGLSurfaceView$9.run(org.cocos2dx.lib.Cocos2dxGLSurfaceView$9@129401168)
I/org.umd.logging(13454): Method < 2131 org.cocos2dx.lib.Cocos2dxGLSurfaceView$9.run()
W/AudioTrack(13454): AUDIO_OUTPUT_FLAG_FAST denied by client
W/AudioTrack(13454): AUDIO_OUTPUT_FLAG_FAST denied by client
D/audio_hw_primary(  190): out_set_parameters: enter: usecase(0: deep-buffer-playback) kvpairs: routing=2
W/ResourceType(13454): No known package when getting name for resource number 0xffffffff
I/org.umd.logging(13454): Method > 1 org.cocos2dx.lib.Cocos2dxGLSurfaceView.onTouchEvent(org.cocos2dx.lib.Cocos2dxGLSurfaceView@839259446<file=><x=0><y=0><width=768><height=1184><id=-1>, android.view.MotionEvent@865753037)
I/org.umd.logging(13454): Method < 1 org.cocos2dx.lib.Cocos2dxGLSurfaceView.onTouchEvent(true)
I/org.umd.logging(13454): Method > 2131 org.cocos2dx.lib.Cocos2dxGLSurfaceView$6.run(org.cocos2dx.lib.Cocos2dxGLSurfaceView$6@939237193)
I/org.umd.logging(13454): Method < 2131 org.cocos2dx.lib.Cocos2dxGLSurfaceView$6.run()
W/ResourceType(13454): No known package when getting name for resource number 0xffffffff
I/org.umd.logging(13454): Method > 1 org.cocos2dx.lib.Cocos2dxGLSurfaceView.onTouchEvent(org.cocos2dx.lib.Cocos2dxGLSurfaceView@839259446<file=><x=0><y=0><width=768><height=1184><id=-1>, android.view.MotionEvent@865753037)
I/org.umd.logging(13454): Method < 1 org.cocos2dx.lib.Cocos2dxGLSurfaceView.onTouchEvent(true)
I/org.umd.logging(13454): Method > 2131 org.cocos2dx.lib.Cocos2dxGLSurfaceView$7.run(org.cocos2dx.lib.Cocos2dxGLSurfaceView$7@1008812110)
I/org.umd.logging(13454): Method < 2131 org.cocos2dx.lib.Cocos2dxGLSurfaceView$7.run()
W/ResourceType(13454): No known package when getting name for resource number 0xffffffff
I/org.umd.logging(13454): Method > 1 org.cocos2dx.lib.Cocos2dxGLSurfaceView.onTouchEvent(org.cocos2dx.lib.Cocos2dxGLSurfaceView@839259446<file=><x=0><y=0><width=768><height=1184><id=-1>, android.view.MotionEvent@865753037)
I/org.umd.logging(13454): Method < 1 org.cocos2dx.lib.Cocos2dxGLSurfaceView.onTouchEvent(true)
I/org.umd.logging(13454): Method > 2131 org.cocos2dx.lib.Cocos2dxGLSurfaceView$9.run(org.cocos2dx.lib.Cocos2dxGLSurfaceView$9@101995887)
I/org.umd.logging(13454): Method < 2131 org.cocos2dx.lib.Cocos2dxGLSurfaceView$9.run()
W/AudioTrack(13454): AUDIO_OUTPUT_FLAG_FAST denied by client
W/AudioTrack(13454): AUDIO_OUTPUT_FLAG_FAST denied by client
D/audio_hw_primary(  190): out_set_parameters: enter: usecase(0: deep-buffer-playback) kvpairs: routing=2
W/AudioTrack(13454): AUDIO_OUTPUT_FLAG_FAST denied by client
W/AudioTrack(13454): AUDIO_OUTPUT_FLAG_FAST denied by client
D/audio_hw_primary(  190): out_set_parameters: enter: usecase(0: deep-buffer-playback) kvpairs: routing=2
W/ResourceType(13454): No known package when getting name for resource number 0xffffffff
I/org.umd.logging(13454): Method > 1 org.cocos2dx.lib.Cocos2dxGLSurfaceView.onTouchEvent(org.cocos2dx.lib.Cocos2dxGLSurfaceView@839259446<file=><x=0><y=0><width=768><height=1184><id=-1>, android.view.MotionEvent@865753037)
I/org.umd.logging(13454): Method < 1 org.cocos2dx.lib.Cocos2dxGLSurfaceView.onTouchEvent(true)
I/org.umd.logging(13454): Method > 2131 org.cocos2dx.lib.Cocos2dxGLSurfaceView$6.run(org.cocos2dx.lib.Cocos2dxGLSurfaceView$6@193618556)
I/org.umd.logging(13454): Method < 2131 org.cocos2dx.lib.Cocos2dxGLSurfaceView$6.run()
W/ResourceType(13454): No known package when getting name for resource number 0xffffffff
I/org.umd.logging(13454): Method > 1 org.cocos2dx.lib.Cocos2dxGLSurfaceView.onTouchEvent(org.cocos2dx.lib.Cocos2dxGLSurfaceView@839259446<file=><x=0><y=0><width=768><height=1184><id=-1>, android.view.MotionEvent@865753037)
I/org.umd.logging(13454): Method < 1 org.cocos2dx.lib.Cocos2dxGLSurfaceView.onTouchEvent(true)
I/org.umd.logging(13454): Method > 2131 org.cocos2dx.lib.Cocos2dxGLSurfaceView$9.run(org.cocos2dx.lib.Cocos2dxGLSurfaceView$9@1003874053)
I/org.umd.logging(13454): Method < 2131 org.cocos2dx.lib.Cocos2dxGLSurfaceView$9.run()
W/AudioTrack(13454): AUDIO_OUTPUT_FLAG_FAST denied by client
D/audio_hw_primary(  190): out_set_parameters: enter: usecase(0: deep-buffer-playback) kvpairs: routing=2
W/ResourceType(13454): No known package when getting name for resource number 0xffffffff
I/org.umd.logging(13454): Method > 1 org.cocos2dx.lib.Cocos2dxGLSurfaceView.onTouchEvent(org.cocos2dx.lib.Cocos2dxGLSurfaceView@839259446<file=><x=0><y=0><width=768><height=1184><id=-1>, android.view.MotionEvent@865753037)
I/org.umd.logging(13454): Method < 1 org.cocos2dx.lib.Cocos2dxGLSurfaceView.onTouchEvent(true)
I/org.umd.logging(13454): Method > 2131 org.cocos2dx.lib.Cocos2dxGLSurfaceView$6.run(org.cocos2dx.lib.Cocos2dxGLSurfaceView$6@425005914)
I/org.umd.logging(13454): Method < 2131 org.cocos2dx.lib.Cocos2dxGLSurfaceView$6.run()
W/ResourceType(13454): No known package when getting name for resource number 0xffffffff
I/org.umd.logging(13454): Method > 1 org.cocos2dx.lib.Cocos2dxGLSurfaceView.onTouchEvent(org.cocos2dx.lib.Cocos2dxGLSurfaceView@839259446<file=><x=0><y=0><width=768><height=1184><id=-1>, android.view.MotionEvent@865753037)
I/org.umd.logging(13454): Method < 1 org.cocos2dx.lib.Cocos2dxGLSurfaceView.onTouchEvent(true)
I/org.umd.logging(13454): Method > 2131 org.cocos2dx.lib.Cocos2dxGLSurfaceView$7.run(org.cocos2dx.lib.Cocos2dxGLSurfaceView$7@112908683)
I/org.umd.logging(13454): Method < 2131 org.cocos2dx.lib.Cocos2dxGLSurfaceView$7.run()
W/ResourceType(13454): No known package when getting name for resource number 0xffffffff
I/org.umd.logging(13454): Method > 1 org.cocos2dx.lib.Cocos2dxGLSurfaceView.onTouchEvent(org.cocos2dx.lib.Cocos2dxGLSurfaceView@839259446<file=><x=0><y=0><width=768><height=1184><id=-1>, android.view.MotionEvent@865753037)
I/org.umd.logging(13454): Method < 1 org.cocos2dx.lib.Cocos2dxGLSurfaceView.onTouchEvent(true)
I/org.umd.logging(13454): Method > 2131 org.cocos2dx.lib.Cocos2dxGLSurfaceView$9.run(org.cocos2dx.lib.Cocos2dxGLSurfaceView$9@408496744)
I/org.umd.logging(13454): Method < 2131 org.cocos2dx.lib.Cocos2dxGLSurfaceView$9.run()
W/AudioTrack(13454): AUDIO_OUTPUT_FLAG_FAST denied by client
D/audio_hw_primary(  190): out_set_parameters: enter: usecase(0: deep-buffer-playback) kvpairs: routing=2
W/ResourceType(13454): No known package when getting name for resource number 0xffffffff
I/org.umd.logging(13454): Method > 1 org.cocos2dx.lib.Cocos2dxGLSurfaceView.onTouchEvent(org.cocos2dx.lib.Cocos2dxGLSurfaceView@839259446<file=><x=0><y=0><width=768><height=1184><id=-1>, android.view.MotionEvent@865753037)
I/org.umd.logging(13454): Method < 1 org.cocos2dx.lib.Cocos2dxGLSurfaceView.onTouchEvent(true)
I/org.umd.logging(13454): Method > 2131 org.cocos2dx.lib.Cocos2dxGLSurfaceView$6.run(org.cocos2dx.lib.Cocos2dxGLSurfaceView$6@1028845185)
I/org.umd.logging(13454): Method < 2131 org.cocos2dx.lib.Cocos2dxGLSurfaceView$6.run()
W/ResourceType(13454): No known package when getting name for resource number 0xffffffff
I/org.umd.logging(13454): Method > 1 org.cocos2dx.lib.Cocos2dxGLSurfaceView.onTouchEvent(org.cocos2dx.lib.Cocos2dxGLSurfaceView@839259446<file=><x=0><y=0><width=768><height=1184><id=-1>, android.view.MotionEvent@865753037)
I/org.umd.logging(13454): Method < 1 org.cocos2dx.lib.Cocos2dxGLSurfaceView.onTouchEvent(true)
I/org.umd.logging(13454): Method > 2131 org.cocos2dx.lib.Cocos2dxGLSurfaceView$7.run(org.cocos2dx.lib.Cocos2dxGLSurfaceView$7@432081702)
I/org.umd.logging(13454): Method < 2131 org.cocos2dx.lib.Cocos2dxGLSurfaceView$7.run()
W/ResourceType(13454): No known package when getting name for resource number 0xffffffff
I/org.umd.logging(13454): Method > 1 org.cocos2dx.lib.Cocos2dxGLSurfaceView.onTouchEvent(org.cocos2dx.lib.Cocos2dxGLSurfaceView@839259446<file=><x=0><y=0><width=768><height=1184><id=-1>, android.view.MotionEvent@865753037)
I/org.umd.logging(13454): Method < 1 org.cocos2dx.lib.Cocos2dxGLSurfaceView.onTouchEvent(true)
I/org.umd.logging(13454): Method > 2131 org.cocos2dx.lib.Cocos2dxGLSurfaceView$9.run(org.cocos2dx.lib.Cocos2dxGLSurfaceView$9@234586983)
I/org.umd.logging(13454): Method < 2131 org.cocos2dx.lib.Cocos2dxGLSurfaceView$9.run()
W/AudioTrack(13454): AUDIO_OUTPUT_FLAG_FAST denied by client
W/AudioTrack(13454): AUDIO_OUTPUT_FLAG_FAST denied by client
W/ResourceType(  738): No package identifier when getting value for resource number 0x00000000
W/PackageManager(  738): Failure retrieving resources for com.xbubble.bubbleisland2: Resource ID #0x0
I/org.umd.logging( 4986): Method > 1 com.cleanmaster.base.crash.util.debug.b.run(com.cleanmaster.base.crash.util.debug.b@453239735)
I/org.umd.logging( 4986): Method < 1 com.cleanmaster.base.crash.util.debug.b.run()
I/ActivityManager(  594): START u0 {act=com.android.systemui.recents.SHOW_RECENTS flg=0x10804000 cmp=com.android.systemui/.recents.RecentsActivity} from uid 10022 on display 0
I/org.umd.logging(13454): Method > 1 com.xbubble.bubbleisland2.MainActivity.onPause(com.xbubble.bubbleisland2.MainActivity@410649080<activity=true>)
I/org.umd.logging(13454): Method > 1 org.cocos2dx.lib.Cocos2dxActivity.onPause(com.xbubble.bubbleisland2.MainActivity@410649080<activity=true>)
I/org.umd.logging(13454): Method > 1 org.cocos2dx.lib.Cocos2dxHelper.onPause()
I/org.umd.logging(13454): Method < 1 org.cocos2dx.lib.Cocos2dxHelper.onPause()
W/ResourceType(13454): No known package when getting name for resource number 0xffffffff
I/org.umd.logging(13454): Method > 1 org.cocos2dx.lib.Cocos2dxGLSurfaceView.onPause(org.cocos2dx.lib.Cocos2dxGLSurfaceView@839259446<file=><x=0><y=0><width=768><height=1184><id=-1>)
I/org.umd.logging(13454): Method < 1 org.cocos2dx.lib.Cocos2dxGLSurfaceView.onPause()
I/org.umd.logging(13454): Method < 1 org.cocos2dx.lib.Cocos2dxActivity.onPause()
I/org.umd.logging(13454): Method < 1 com.xbubble.bubbleisland2.MainActivity.onPause()
I/org.umd.logging(13454): Api > 1 android.location.LocationManager.getBestProvider(android.location.LocationManager@101562052, android.location.Criteria@516588820, true)
I/org.umd.logging(13454): Api < 1 android.location.LocationManager.getBestProvider(null)
W/FlurryAgent(13454): End session with context: com.xbubble.bubbleisland2.MainActivity@187a01f8 count:0
I/org.umd.logging(13454): Method > 2189 com.flurry.sdk.ff.run(com.flurry.sdk.dj$9@306115005)
I/org.umd.logging(13454): Method < 2189 com.flurry.sdk.ff.run()
I/org.umd.logging(13454): Method > 2189 com.flurry.sdk.ff.run(com.flurry.sdk.dj$7@664974258)
I/org.umd.logging(13454): Method < 2189 com.flurry.sdk.ff.run()
W/InputMethodManagerService(  594): Starting input on non-focused client com.android.internal.view.IInputMethodClient$Stub$Proxy@21a30d38 (uid=10224 pid=13454)
I/org.umd.logging(13454): Method > 2131 org.cocos2dx.lib.Cocos2dxGLSurfaceView$4.run(org.cocos2dx.lib.Cocos2dxGLSurfaceView$4@548597507)
D/luajc   (13454): CCLuaJavaBridge::callJavaStaticMethod(lua_State *L)
W/art     (13454): Call to JNI FindClass with dots in name: "com.xbubble.bubbleisland2.MainActivity"
D/luajc   (13454): CCLuaJavaBridge::callJavaStaticMethod("com.xbubble.bubbleisland2.MainActivity", "renameFile", args, "(Ljava/lang/String;Ljava/lang/String;)Z") SUCCESS
I/org.umd.logging(13454): Api > 2131 android.media.MediaPlayer.pause(android.media.MediaPlayer@75359119)
I/org.umd.logging(13454): Api < 2131 android.media.MediaPlayer.pause()
I/org.umd.logging(13454): Method < 2131 org.cocos2dx.lib.Cocos2dxGLSurfaceView$4.run()
D/audio_hw_primary(  190): out_set_parameters: enter: usecase(0: deep-buffer-playback) kvpairs: routing=2
I/ActivityManager(  594): Killing 13454:com.xbubble.bubbleisland2/u0a224 (adj 9): remove task
D/ConnectivityService(  594): ConnectivityService NetworkRequestInfo binderDied(NetworkRequest [ id=70, legacyType=-1, [ Capabilities: INTERNET&NOT_RESTRICTED&TRUSTED] ], android.os.BinderProxy@31c3e111)
I/WindowState(  594): WIN DEATH: Window{7a97a65 u0 com.xbubble.bubbleisland2/com.xbubble.bubbleisland2.MainActivity}
D/ConnectivityService(  594): ConnectivityService NetworkRequestInfo binderDied(NetworkRequest [ id=71, legacyType=-1, [ Capabilities: INTERNET&NOT_RESTRICTED&TRUSTED] ], android.os.BinderProxy@3203276)
W/WindowManager(  594): Force-removing child win Window{3bfe2906 u0 SurfaceView} from container Window{7a97a65 u0 com.xbubble.bubbleisland2/com.xbubble.bubbleisland2.MainActivity}
D/NuPlayerDriver(  190): reset(0xb79f1570)
D/ConnectivityService(  594): releasing NetworkRequest NetworkRequest [ id=70, legacyType=-1, [ Capabilities: INTERNET&NOT_RESTRICTED&TRUSTED] ]
E/ConnectivityService(  594): RemoteException caught trying to send a callback msg for NetworkRequest [ id=70, legacyType=-1, [ Capabilities: INTERNET&NOT_RESTRICTED&TRUSTED] ]
D/ConnectivityService(  594): releasing NetworkRequest NetworkRequest [ id=71, legacyType=-1, [ Capabilities: INTERNET&NOT_RESTRICTED&TRUSTED] ]
E/ConnectivityService(  594): RemoteException caught trying to send a callback msg for NetworkRequest [ id=71, legacyType=-1, [ Capabilities: INTERNET&NOT_RESTRICTED&TRUSTED] ]
W/WindowManager(  594): Failed looking up window
W/WindowManager(  594): java.lang.IllegalArgumentException: Requested window android.os.BinderProxy@30bc57e1 does not exist
W/WindowManager(  594): 	at com.android.server.wm.WindowManagerService.windowForClientLocked(WindowManagerService.java:8539)
W/WindowManager(  594): 	at com.android.server.wm.WindowManagerService.windowForClientLocked(WindowManagerService.java:8530)
W/WindowManager(  594): 	at com.android.server.wm.WindowState$DeathRecipient.binderDied(WindowState.java:1142)
W/WindowManager(  594): 	at android.os.BinderProxy.sendDeathNotice(Binder.java:551)
I/WindowState(  594): WIN DEATH: null
D/NuPlayerDriver(  190): notifyResetComplete(0xb79f1570)
W/AudioFlinger(  190): session id 331 not found for pid 13454
I/ActivityManager(  594): START u0 {act=android.intent.action.MAIN cat=[android.intent.category.HOME] flg=0x10200000 cmp=com.android.launcher/com.android.launcher2.Launcher} from uid 10022 on display 0
I/DownloadManagerWrapper(  949): onReceive() : Charging = true
W/OpenGLRenderer( 1054): Incorrectly called buildLayer on View: ShortcutAndWidgetContainer, destroying layer...
W/OpenGLRenderer( 1054): Incorrectly called buildLayer on View: ShortcutAndWidgetContainer, destroying layer...
D/TaskPersister(  594): removeObsoleteFile: deleting file=42_task.xml
D/TaskPersister(  594): removeObsoleteFile: deleting file=42_task_thumbnail.png
E/WifiStateMachine(  594): WifiStateMachine CMD_START_SCAN source -2 txSuccessRate=9.28 rxSuccessRate=5.63 targetRoamBSSID=any RSSI=-45
D/audio_hw_primary(  190): disable_audio_route: reset and update mixer path: low-latency-playback
D/audio_hw_primary(  190): disable_audio_route: reset and update mixer path: deep-buffer-playback
D/audio_hw_primary(  190): disable_snd_device: snd_device(2: speaker)
I/DownloadManagerWrapper(  949): onReceive() : Charging = true
I/DownloadManagerWrapper(  949): onReceive() : Charging = true
I/DownloadManagerWrapper(  949): onReceive() : Charging = true
