--------- beginning of system
I/ActivityManager(  594): START u0 {act=android.intent.action.MAIN cat=[android.intent.category.LAUNCHER] flg=0x10200000 cmp=com.cnn.mobile.android.phone/.ui.SplashActivity (has extras)} from uid 10014 on display 0
V/WindowManager(  594): addAppToken: AppWindowToken{ab8f9aa token=Token{3c7b3495 ActivityRecord{38052c4c u0 com.cnn.mobile.android.phone/.ui.SplashActivity t37}}} to stack=1 task=37 at 0
I/ActivityManager(  594): Start proc 11161:com.cnn.mobile.android.phone/u0a225 for activity com.cnn.mobile.android.phone/.ui.SplashActivity
I/ActivityManager(  594): START u0 {cmp=com.cnn.mobile.android.phone/.ui.MainActivity} from uid 10225 on display 0
V/WindowManager(  594): addAppToken: AppWindowToken{1662d481 token=Token{9c0e868 ActivityRecord{e12cf8b u0 com.cnn.mobile.android.phone/.ui.MainActivity t37}}} to stack=1 task=37 at 1
V/WindowManager(  594): Based on layer: Adding window Window{113a8a2d u0 com.cnn.mobile.android.phone/com.cnn.mobile.android.phone.ui.MainActivity} at 3 of 9
D/ConnectivityService(  594): listenForNetwork for NetworkRequest [ id=62, legacyType=-1, [ Capabilities: INTERNET&NOT_RESTRICTED&TRUSTED] ]
D/ConnectivityService(  594): handleRegisterNetworkRequest checking NetworkAgentInfo [WIFI () - 102]
D/ConnectivityService(  594): apparently satisfied.  currentScore=60
D/ConnectivityService(  594): listenForNetwork for NetworkRequest [ id=63, legacyType=-1, [ Capabilities: INTERNET&NOT_RESTRICTED&TRUSTED] ]
D/ConnectivityService(  594): handleRegisterNetworkRequest checking NetworkAgentInfo [WIFI () - 102]
D/ConnectivityService(  594): apparently satisfied.  currentScore=60
I/ActivityManager(  594): START u0 {cmp=com.cnn.mobile.android.phone/.ui.ArticleFragmentActivity (has extras)} from uid 10225 on display 0
V/WindowManager(  594): addAppToken: AppWindowToken{218903d4 token=Token{1a3dc527 ActivityRecord{6003be6 u0 com.cnn.mobile.android.phone/.ui.ArticleFragmentActivity t37}}} to stack=1 task=37 at 1
V/WindowManager(  594): Adding window Window{15843072 u0 com.cnn.mobile.android.phone/com.cnn.mobile.android.phone.ui.ArticleFragmentActivity} at 4 of 10 (after Window{113a8a2d u0 com.cnn.mobile.android.phone/com.cnn.mobile.android.phone.ui.MainActivity})
I/ActivityManager(  594): START u0 {cmp=com.cnn.mobile.android.phone/.ui.ArticleFragmentActivity (has extras)} from uid 10225 on display 0
V/WindowManager(  594): addAppToken: AppWindowToken{2550a494 token=Token{35070e7 ActivityRecord{3bc73ea6 u0 com.cnn.mobile.android.phone/.ui.ArticleFragmentActivity t37}}} to stack=1 task=37 at 1
V/WindowManager(  594): Adding window Window{32989f32 u0 com.cnn.mobile.android.phone/com.cnn.mobile.android.phone.ui.ArticleFragmentActivity} at 4 of 10 (after Window{113a8a2d u0 com.cnn.mobile.android.phone/com.cnn.mobile.android.phone.ui.MainActivity})
--------- beginning of main
D/flipboard_fdl(11161): [DEBUG:1] flbridge contentheight 12375
D/flipboard_fdl(11161): [DEBUG:1] flbridge contentWidth 384
D/flipboard_fdl(11161): [DEBUG:1] FlipmagWebView Flipmag loading done: http://www.cnn.com//2016/12/12/middleeast/aleppo-syria-government-gains/index.html
D/flipboard_fdl(11161): [DEBUG:1] [measure latency] Version  URL: http://www.cnn.com//2016/12/12/middleeast/aleppo-syria-government-gains/index.html
D/flipboard_fdl(11161):  [measure latency] content/extract time: 2573 ms 
D/flipboard_fdl(11161):  [measure latency] flipmag load time: 5500 ms  (flipmag first page: 4946 ms, rest of pages: 554 ms)
D/ArticleFlipboardFragment(11161): flip notify PAGE_LOAD_DONE
D/ArticleFlipboardFragment(11161): Page loaded successfully. Russia: Syria establishes control over eastern Aleppo
I/org.umd.logging(11161): Api > 1 java.lang.Thread.start(com.adobe.adms.measurement.ADMS_Worker$WorkerThread@486001647<thread=2178>)
I/org.umd.logging(11161): Api < 1 java.lang.Thread.start()
I/AnalyticsHelper(11161): Track App Context Data:{fallback_identifier=no fallback, headline=russia: syria establishes control over eastern aleppo, section=home, mvpd=no mvpd set, swipe_type=, template_type=content, business_unit=cnn domestic, sub_section=home:home, app_name=cnn, adobe_hashid=, content_type=adbp:none, hierarchy=news|cnn|cnn domestic|home|home, user_state=cnn news, word_count=1125, broadcast_franchise=, photo_slide=, photo_gallery=, sdk_version=JAVA-3.2.5-AN:2.5.1:251, page_view=1, auth_required=non auth, orientation=portrait, page=cnn:/2016/12/12/middleeast/aleppo-syria-government-gains}
I/System.out(11161): Creating 0
I/System.out(11161): Creating 1
I/System.out(11161): Creating 2
I/System.out(11161): Creating 3
I/System.out(11161): Creating 4
I/System.out(11161): Creating 5
I/System.out(11161): Creating 6
I/System.out(11161): Creating 7
I/System.out(11161): Creating 8
I/System.out(11161): Creating 9
I/System.out(11161): Creating 10
I/org.umd.logging(11161): Api > 2178 java.net.URL.openConnection(java.net.URL@1065277180<URL=http://metrics.cnn.com/b/ss/cnn-adbp-apps-enh-cnn/0/JAVA-3.2.5-AN/s23004410?AQB=1&ndh=1&ts=1481667605&ce=UTF-8&vid=e529916776234b8aa3074067856c0e87&t=13%2F11%2F2016%2017%3A20%3A5%202%20300&c.&headline=russia%3A%20syria%20establishes%20control%20over%20eastern%20aleppo&wordcount=1125&appname=cnn&section=home&authrequired=non%20auth&mvpd=no%20mvpd%20set&userstate=cnn%20news&hierarchy=news%7Ccnn%7Ccnn%20domestic%7Chome%7Chome&a.&OSVersion=Android%205.1.1&DeviceName=Nexus%204&Resolution=768x1184&.a&subsection=home%3Ahome&sdkversion=JAVA-3.2.5-AN%3A2.5.1%3A251&businessunit=cnn%20domestic&fallbackidentifier=no%20fallback&contenttype=adbp%3Anone&templatetype=content&pageview=1&page=cnn%3A%2F2016%2F12%2F12%2Fmiddleeast%2Faleppo-syria-government-gains&orientation=portrait&launchtype=app&.c&pageName=cnn%3A%2F2016%2F12%2F12%2Fmiddleeast%2Faleppo-syria-government-gains&AQE=1>)
I/System.out(11161): Creating 11
I/System.out(11161): Creating 12
I/System.out(11161): Creating 13
I/System.out(11161): Creating 14
I/System.out(11161): Creating 15
I/System.out(11161): Creating 16
I/System.out(11161): Creating 17
I/org.umd.logging(11161): Api < 2178 java.net.URL.openConnection(com.android.okhttp.internal.http.HttpURLConnectionImpl@829063557)
I/System.out(11161): Creating 18
I/System.out(11161): Creating 19
I/System.out(11161): Creating 20
I/System.out(11161): Creating 21
I/System.out(11161): Creating 22
I/System.out(11161): Creating 23
I/System.out(11161): Creating 24
D/flipboard_fdl(11161): [DEBUG:1] account token is ready
D/flipboard_fdl(11161): [DEBUG:1] account token is ready
D/flipboard_fdl(11161): [DEBUG:1] Fdl request ad/query https://ad.flipboard.com/query?device=aphone-LGE-Nexus+4-22&user_id=6yr7URK-rJ2NOAQvoijuPkK3kAs4l5cfqNs_bAfnxJRUG-4RuN4Zee4cFa1Py7yeE_RGPFlsMa5RUn2wjDzshNUht5GmFjiz8-ns8pPEpq2NsXPzTQ2pb6GU3Ca3W0ANIfFUBwXcsjjcD7opGgiuy1QhI6Y63WXdHuu5TQIDuWV_rPI1-6LRKIbLlyHWMf2rYg&user_id_type=cnn_access_token&model=LGE-Nexus+4&ver=0.60&feed_id=flipboard%252Fmix%25252F205808993&content_category=Home&partner_id=cnn&page_index=0&screensize=4.4233003&refresh=true
D/flipboard_fdl(11161): [DEBUG:1] Report page move - pagesWithSnapshotUpdated[0] is 1
D/ArticleFlipboardFragment(11161): flip notify PAGE_MOVE
D/ArticleFlipboardFragment(11161): Page moved. 0 hasImage=true
D/flipboard_fdl(11161): [DEBUG:1] Report page move - page 0, hasImage true
I/org.umd.logging(11161): Api > 2163 java.net.URL.openConnection(java.net.URL@715077643<URL=https://ad.flipboard.com/query?device=aphone-LGE-Nexus+4-22&user_id=6yr7URK-rJ2NOAQvoijuPkK3kAs4l5cfqNs_bAfnxJRUG-4RuN4Zee4cFa1Py7yeE_RGPFlsMa5RUn2wjDzshNUht5GmFjiz8-ns8pPEpq2NsXPzTQ2pb6GU3Ca3W0ANIfFUBwXcsjjcD7opGgiuy1QhI6Y63WXdHuu5TQIDuWV_rPI1-6LRKIbLlyHWMf2rYg&user_id_type=cnn_access_token&model=LGE-Nexus+4&ver=0.60&feed_id=flipboard%252Fmix%25252F205808993&content_category=Home&partner_id=cnn&page_index=0&screensize=4.4233003&refresh=true>)
I/org.umd.logging(11161): Api < 2163 java.net.URL.openConnection(com.android.okhttp.internal.http.HttpsURLConnectionImpl@207644392)
D/flipboard_fdl(11161): [DEBUG:1] POST usage data {"event_action":"item_load","event_category":"general","prod_type":"embedded","event_data":{"partner_id":"CNN","app_id":"cnn","load_time":8073,"nav_from":"eap_app","url":"http:\/\/www.cnn.com\/\/2016\/12\/12\/middleeast\/aleppo-syria-government-gains\/index.html"},"properties":{"unique_id":"4c9e04cf6a4bf19f49c40e051febd6b8b1b02381","time":1481667605285,"time_offset":-300,"app_version":"","locale":"en_US","appmode":"aphone","device_model":"LGE","device_version":"Nexus 4","network":"unknown","os":"android","os_version":"5.1.1\/22"}}
D/flipboard_fdl(11161): [DEBUG:1] FlipmagWebView Flipmag loading all finished. Received FlipmagBridge  pagination-did-finish
D/flipboard_fdl(11161): [DEBUG:1] flbridge contentWidth 384
D/flipboard_fdl(11161): [DEBUG:1] hide page transition viewpager
D/flipboard_fdl(11161): [DEBUG:1] Report page move - pagesWithSnapshotUpdated[0] is 1
D/ArticleFlipboardFragment(11161): flip notify PAGE_MOVE
D/ArticleFlipboardFragment(11161): Page moved. 0 hasImage=true
D/flipboard_fdl(11161): [DEBUG:1] Report page move - page 0, hasImage true
I/org.umd.logging(11161): Api > 2164 java.net.URL.openConnection(java.net.URL@337501094<URL=https://ue.flipboard.com/usage>)
I/org.umd.logging(11161): Api < 2164 java.net.URL.openConnection(com.android.okhttp.internal.http.HttpsURLConnectionImpl@839338471)
I/System.out(11161): Drawing 0 to android.graphics.Canvas@15490994 for flipboard.eap.gui.FlipmagWebProxyView{d7c5c3d V.ED.... ......ID 0,0-768,990}
I/System.out(11161): Creating 22
I/System.out(11161): Creating 23
I/System.out(11161): Creating 21
I/System.out(11161): Creating 24
I/System.out(11161): Creating 20
I/org.umd.logging(11161): Method > 2164 com.android.volley.ExecutorDelivery$1.execute(com.android.volley.ExecutorDelivery$1@470270547, com.android.volley.ExecutorDelivery$ResponseDeliveryRunnable@66362755)
I/org.umd.logging(11161): Method < 2164 com.android.volley.ExecutorDelivery$1.execute()
I/org.umd.logging(11161): Method > 1 com.android.volley.ExecutorDelivery$ResponseDeliveryRunnable.run(com.android.volley.ExecutorDelivery$ResponseDeliveryRunnable@66362755)
I/org.umd.logging(11161): Method < 1 com.android.volley.ExecutorDelivery$ResponseDeliveryRunnable.run()
I/org.umd.logging(11161): Method > 2163 com.android.volley.ExecutorDelivery$1.execute(com.android.volley.ExecutorDelivery$1@470270547, com.android.volley.ExecutorDelivery$ResponseDeliveryRunnable@225913600)
I/org.umd.logging(11161): Method < 2163 com.android.volley.ExecutorDelivery$1.execute()
I/org.umd.logging(11161): Method > 1 com.android.volley.ExecutorDelivery$ResponseDeliveryRunnable.run(com.android.volley.ExecutorDelivery$ResponseDeliveryRunnable@225913600)
E/flipboard_fdl(11161): [ERROR:4] FdlClient ads query received invalid json for {"ad":{"ad_type":"no-ad","impression_value":"2~HBwYBEhvbWUYHWZsaXBib2FyZCUyRm1peCUyNTJGMjA1ODA4OTkzQhgDY25uFZIJNQIAHBgEMC42MBUGGAtMR0UtTmV4dXMgNBgVYXBob25lLUxHRS1OZXh1cyA0LTIyACwl3AMV-Dol3hMAFQgcKMIBNnlyN1VSSy1ySjJOT0FRdm9panVQa0sza0FzNGw1Y2ZxTnNfYkFmbnhKUlVHLTRSdU40WmVlNGNGYTFQeTd5ZUVfUkdQRmxzTWE1UlVuMndqRHpzaE5VaHQ1R21Gaml6OC1uczhwUEVwcTJOc1hQelRRMnBiNkdVM0NhM1cwQU5JZkZVQndYY3NqamNEN29wR2dpdXkxUWhJNlk2M1dYZEh1dTVUUUlEdVdWX3JQSTEtNkxSS0liTGx5SFdNZjJyWWcVBBgQY25uX2FjY2Vzc190b2tlbiIVAAAAHFgkNDIxNDBjYmQtNjdhYi00MzZmLWJiYTMtN2ViZjRkNTg2YmRiIgAYKGM5NjAyMzY2ZGZhMGIyMjUxN2EzMjJjZjJmMzBkNDFkNGZiN2E0MjYA","min_items_before_shown":4,"min_pages_before_shown":4},"ads":[{"ad_type":"no-ad","impression_value":"2~HBwYBEhvbWUYHWZsaXBib2FyZCUyRm1peCUyNTJGMjA1ODA4OTkzQhgDY25uFZIJNQIAHBgEMC42MBUGGAtMR0UtTmV4dXMgNBgVYXBob25lLUxHRS1OZXh1cyA0LTIyACwl3AMV-Dol3hMAFQgcKMIBNnlyN1VSSy1ySjJOT0FRdm9panVQa0sza0FzNGw1Y2ZxTnNfYkFmbnhKUlVHLTRSdU40WmVlNGNGYTFQeTd5ZUVfUkdQRmxzTWE1UlVuMndqRHpzaE5VaHQ1R21Gaml6OC1uczhwUEVwcTJOc1hQelRRMnBiNkdVM0NhM1cwQU5JZkZVQndYY3NqamNEN29wR2dpdXkxUWhJNlk2M1dYZEh1dTVUUUlEdVdWX3JQSTEtNkxSS0liTGx5SFdNZjJyWWcVBBgQY25uX2FjY2Vzc190b2tlbiIVAAAAHFgkNDIxNDBjYmQtNjdhYi00MzZmLWJiYTMtN2ViZjRkNTg2YmRiIgAYKGM5NjAyMzY2ZGZhMGIyMjUxN2EzMjJjZjJmMzBkNDFkNGZiN2E0MjYA","min_items_before_shown":4,"min_pages_before_shown":4}],"success":true,"code":200,"time":0}
E/flipboard_fdl(11161): [ERROR:4] Ad QUERY FAIL --------
I/org.umd.logging(11161): Method < 1 com.android.volley.ExecutorDelivery$ResponseDeliveryRunnable.run()
D/audio_hw_primary(  190): select_devices: out_snd_device(2: speaker) in_snd_device(0: none)
D/ACDB-LOADER(  190): ACDB -> send_afe_cal
D/audio_hw_primary(  190): enable_snd_device: snd_device(2: speaker)
D/audio_hw_primary(  190): enable_audio_route: apply and update mixer path: low-latency-playback
E/Cataloger( 6490): syncFile:/storage/emulated/0/2016-12-13_05:20:06.544.jpg
E/Cataloger( 6490): syncFile:/storage/emulated/0/2016-12-13_05:20:06.544.jpg
E/Cataloger( 6490): syncFile:/storage/emulated/0/2016-12-13_05:20:06.617.jpg
I/org.umd.logging(11161): Method > 1 com.cnn.mobile.android.phone.ui.ArticleFragmentActivity.onOptionsItemSelected(com.cnn.mobile.android.phone.ui.ArticleFragmentActivity@7579822<activity=true>, android.support.v7.internal.view.menu.MenuItemWrapperJB@215449401<id=2131231221><menuname=Save><iconfile=2016-12-13_05:20:06.544><file=2016-12-13_05:20:06.617>)
D/ArticleFragmentActivity(11161): JAM onOptionsItemSelected() 2131231221
E/Cataloger( 6490): syncFile:/storage/emulated/0/2016-12-13_05:20:06.617.jpg
I/org.umd.logging(11161): Api > 1 java.lang.Thread.start(com.adobe.adms.measurement.ADMS_Worker$WorkerThread@1034137555<thread=2179>)
I/org.umd.logging(11161): Api < 1 java.lang.Thread.start()
I/AnalyticsHelper(11161): Track Event Context Data:{section=, mvpd=no mvpd set, template_type=content, business_unit=cnn domestic, sub_section=, adobe_hashid=, app_name=cnn, content_type=, user_state=cnn news, interactions=save story, broadcast_franchise=, sdk_version=JAVA-3.2.5-AN:2.5.1:251, auth_required=non auth, orientation=portrait}
I/org.umd.logging(11161): Method < 1 com.cnn.mobile.android.phone.ui.ArticleFragmentActivity.onOptionsItemSelected(true)
I/org.umd.logging(11161): Api > 2179 java.net.URL.openConnection(java.net.URL@779507472<URL=http://metrics.cnn.com/b/ss/cnn-adbp-apps-enh-cnn/0/JAVA-3.2.5-AN/s9957391?AQB=1&ndh=1&ts=1481667606&ce=UTF-8&vid=e529916776234b8aa3074067856c0e87&pev2=CNN%2F2.5.1%20Event&t=13%2F11%2F2016%2017%3A20%3A6%202%20300&events=savestory&c.&appname=cnn&authrequired=non%20auth&mvpd=no%20mvpd%20set&userstate=cnn%20news&a.&DeviceName=Nexus%204&OSVersion=Android%205.1.1&Resolution=768x1184&.a&interactions=save%20story&sdkversion=JAVA-3.2.5-AN%3A2.5.1%3A251&businessunit=cnn%20domestic&templatetype=content&orientation=portrait&launchtype=app&.c&pe=lnk_o&pageName=CNN%2F2.5.1&AQE=1>)
I/org.umd.logging(11161): Api < 2179 java.net.URL.openConnection(com.android.okhttp.internal.http.HttpURLConnectionImpl@1028268553)
I/org.umd.logging( 4986): Method > 1 com.cleanmaster.base.crash.util.debug.b.run(com.cleanmaster.base.crash.util.debug.b@453239735)
I/org.umd.logging( 4986): Method < 1 com.cleanmaster.base.crash.util.debug.b.run()
E/Cataloger( 6490): syncFile:/storage/emulated/0/2016-12-13_05:20:08.031.jpg
I/org.umd.logging(11161): Method > 1 com.cnn.mobile.android.phone.ui.ArticleFragmentActivity.onOptionsItemSelected(com.cnn.mobile.android.phone.ui.ArticleFragmentActivity@7579822<activity=true>, android.support.v7.internal.view.menu.MenuItemWrapperJB@182807566<id=16908332><menuname=Home><file=2016-12-13_05:20:08.031>)
D/ArticleFragmentActivity(11161): JAM onOptionsItemSelected() 16908332
E/Cataloger( 6490): syncFile:/storage/emulated/0/2016-12-13_05:20:08.031.jpg
I/org.umd.logging(11161): Method > 1 com.cnn.mobile.android.phone.ui.ArticleFlipboardFragment.onPause(com.cnn.mobile.android.phone.ui.ArticleFlipboardFragment@768268701<fragment=true>)
I/org.umd.logging(11161): Method < 1 com.cnn.mobile.android.phone.ui.ArticleFlipboardFragment.onPause()
D/flipboard_fdl(11161): [DEBUG:1] POST usage data {"event_action":"viewed","event_category":"item","prod_type":"embedded","event_data":{"partner_id":"CNN","app_id":"cnn","time_spent":3058,"page_num":25,"flip_count":1,"nav_from":"eap_app","url":"http:\/\/www.cnn.com\/\/2016\/12\/12\/middleeast\/aleppo-syria-government-gains\/index.html"},"properties":{"unique_id":"4c9e04cf6a4bf19f49c40e051febd6b8b1b02381","time":1481667608269,"time_offset":-300,"app_version":"","locale":"en_US","appmode":"aphone","device_model":"LGE","device_version":"Nexus 4","network":"unknown","os":"android","os_version":"5.1.1\/22"}}
I/org.umd.logging(11161): Method > 1 com.cnn.mobile.android.phone.ui.ArticleFlipboardFragment.onDestroy(com.cnn.mobile.android.phone.ui.ArticleFlipboardFragment@768268701<fragment=true>)
I/org.umd.logging(11161): Method < 1 com.cnn.mobile.android.phone.ui.ArticleFlipboardFragment.onDestroy()
I/org.umd.logging(11161): Method > 1 com.cnn.mobile.android.phone.ui.ArticleFlipboardFragment.onPause(com.cnn.mobile.android.phone.ui.ArticleFlipboardFragment@6733762<fragment=true>)
I/org.umd.logging(11161): Method < 1 com.cnn.mobile.android.phone.ui.ArticleFlipboardFragment.onPause()
I/org.umd.logging(11161): Method > 1 com.cnn.mobile.android.phone.ui.ArticleFlipboardFragment.onDestroy(com.cnn.mobile.android.phone.ui.ArticleFlipboardFragment@6733762<fragment=true>)
W/flipboard_fdl(11161): [WARN:3] cannot remove observer: ArticleFlipboardFragment{66bfc2 #1 id=0x7f0800cd} from com.flipboard.util.Observable$Proxy@bd1d43c, com.flipboard.util.Format$Exception: dump stack, ..., flipboard.eap.gui.FlipmagArticleView:removeObserver:-1, ...
I/org.umd.logging(11161): Method < 1 com.cnn.mobile.android.phone.ui.ArticleFlipboardFragment.onDestroy()
I/org.umd.logging(11161): Method > 1 com.cnn.mobile.android.phone.ui.ArticleFlipboardFragment.onPause(com.cnn.mobile.android.phone.ui.ArticleFlipboardFragment@457361483<fragment=true>)
I/org.umd.logging(11161): Method < 1 com.cnn.mobile.android.phone.ui.ArticleFlipboardFragment.onPause()
I/org.umd.logging(11161): Method > 1 com.cnn.mobile.android.phone.ui.ArticleFlipboardFragment.onDestroy(com.cnn.mobile.android.phone.ui.ArticleFlipboardFragment@457361483<fragment=true>)
I/org.umd.logging(11161): Api > 2162 java.net.URL.openConnection(java.net.URL@747649818<URL=https://ue.flipboard.com/usage>)
I/org.umd.logging(11161): Api < 2162 java.net.URL.openConnection(com.android.okhttp.internal.http.HttpsURLConnectionImpl@998721099)
W/flipboard_fdl(11161): [WARN:3] cannot remove observer: ArticleFlipboardFragment{1b42c84b #2 id=0x7f0800cd} from com.flipboard.util.Observable$Proxy@1969d5c5, com.flipboard.util.Format$Exception: dump stack, ..., flipboard.eap.gui.FlipmagArticleView:removeObserver:-1, ...
I/org.umd.logging(11161): Method < 1 com.cnn.mobile.android.phone.ui.ArticleFlipboardFragment.onDestroy()
I/org.umd.logging(11161): Method > 1 com.cnn.mobile.android.phone.ui.ArticleFlipboardFragment.onPause(com.cnn.mobile.android.phone.ui.ArticleFlipboardFragment@854826535<fragment=true>)
I/org.umd.logging(11161): Method < 1 com.cnn.mobile.android.phone.ui.ArticleFlipboardFragment.onPause()
I/org.umd.logging(11161): Method > 1 com.cnn.mobile.android.phone.ui.ArticleFlipboardFragment.onDestroy(com.cnn.mobile.android.phone.ui.ArticleFlipboardFragment@854826535<fragment=true>)
W/flipboard_fdl(11161): [WARN:3] cannot remove observer: ArticleFlipboardFragment{32f39e27 #3 id=0x7f0800cd} from com.flipboard.util.Observable$Proxy@3905f828, com.flipboard.util.Format$Exception: dump stack, ..., flipboard.eap.gui.FlipmagArticleView:removeObserver:-1, ...
I/org.umd.logging(11161): Method < 1 com.cnn.mobile.android.phone.ui.ArticleFlipboardFragment.onDestroy()
I/org.umd.logging(11161): Method < 1 com.cnn.mobile.android.phone.ui.ArticleFragmentActivity.onOptionsItemSelected(true)
W/cr_ScreenOrientation(11161): Removing an inexistent observer!
I/org.umd.logging(11161): Method > 1 com.cnn.mobile.android.phone.ui.ArticleFragmentActivity.onPause(com.cnn.mobile.android.phone.ui.ArticleFragmentActivity@7579822<activity=true>)
I/org.umd.logging(11161): Method > 1 com.cnn.mobile.android.phone.ui.BaseFragmentActivity.onPause(com.cnn.mobile.android.phone.ui.ArticleFragmentActivity@7579822<activity=true>)
I/org.umd.logging(11161): Method > 1 com.comscore.utils.task.TaskExecutor.execute(com.comscore.utils.task.TaskExecutor@1045888974, com.comscore.analytics.aa@806816065, true)
I/org.umd.logging(11161): Method > 1 com.comscore.utils.task.CustomThreadPoolExecutor.execute(com.comscore.utils.task.CustomThreadPoolExecutor@635914970, com.comscore.analytics.aa@806816065)
I/org.umd.logging(11161): Method > 2109 com.comscore.analytics.aa.run(com.comscore.analytics.aa@806816065)
I/org.umd.logging(11161): Method < 1 com.comscore.utils.task.CustomThreadPoolExecutor.execute()
I/org.umd.logging(11161): Method < 1 com.comscore.utils.task.TaskExecutor.execute(true)
I/org.umd.logging(11161): Method < 1 com.cnn.mobile.android.phone.ui.BaseFragmentActivity.onPause()
I/org.umd.logging(11161): Method < 2109 com.comscore.analytics.aa.run()
I/org.umd.logging(11161): Method < 1 com.cnn.mobile.android.phone.ui.ArticleFragmentActivity.onPause()
I/org.umd.logging(11161): Method > 1 com.cnn.mobile.android.phone.ui.MainActivity.onStart(com.cnn.mobile.android.phone.ui.MainActivity@932856745<activity=true>)
I/org.umd.logging(11161): Method > 1 com.cnn.mobile.android.phone.ui.BaseFragmentActivity.onStart(com.cnn.mobile.android.phone.ui.MainActivity@932856745<activity=true>)
I/org.umd.logging(11161): Method > 1 com.cnn.mobile.android.phone.ui.BroadsheetFragment$BroadsheetSectionFragment.onStart(com.cnn.mobile.android.phone.ui.BroadsheetFragment$BroadsheetSectionFragment@262254998<fragment=true>)
I/org.umd.logging(11161): Method < 1 com.cnn.mobile.android.phone.ui.BroadsheetFragment$BroadsheetSectionFragment.onStart()
I/org.umd.logging(11161): Method > 1 com.cnn.mobile.android.phone.ui.BroadsheetFragment$BroadsheetSectionFragment.onStart(com.cnn.mobile.android.phone.ui.BroadsheetFragment$BroadsheetSectionFragment@612988576<fragment=true>)
I/org.umd.logging(11161): Method < 1 com.cnn.mobile.android.phone.ui.BroadsheetFragment$BroadsheetSectionFragment.onStart()
I/org.umd.logging(11161): Method < 1 com.cnn.mobile.android.phone.ui.BaseFragmentActivity.onStart()
I/org.umd.logging(11161): Method < 1 com.cnn.mobile.android.phone.ui.MainActivity.onStart()
I/org.umd.logging(11161): Method > 1 com.cnn.mobile.android.phone.ui.MainActivity.onResume(com.cnn.mobile.android.phone.ui.MainActivity@932856745<activity=true>)
I/org.umd.logging(11161): Method > 1 com.cnn.mobile.android.phone.ui.BaseFragmentActivity.onResume(com.cnn.mobile.android.phone.ui.MainActivity@932856745<activity=true>)
I/org.umd.logging(11161): Method > 1 com.cnn.mobile.android.phone.analytics.AnalyticsHelper.start(com.cnn.mobile.android.phone.analytics.AnalyticsHelper@76580421)
I/org.umd.logging(11161): Method < 1 com.cnn.mobile.android.phone.analytics.AnalyticsHelper.start()
I/org.umd.logging(11161): Method > 1 com.comscore.utils.task.TaskExecutor.execute(com.comscore.utils.task.TaskExecutor@1045888974, com.comscore.analytics.w@669445862, true)
I/org.umd.logging(11161): Method > 1 com.comscore.utils.task.CustomThreadPoolExecutor.execute(com.comscore.utils.task.CustomThreadPoolExecutor@635914970, com.comscore.analytics.w@669445862)
I/org.umd.logging(11161): Method < 1 com.comscore.utils.task.CustomThreadPoolExecutor.execute()
I/org.umd.logging(11161): Method < 1 com.comscore.utils.task.TaskExecutor.execute(true)
I/org.umd.logging(11161): Method < 1 com.cnn.mobile.android.phone.ui.BaseFragmentActivity.onResume()
I/org.umd.logging(11161): Method > 2109 com.comscore.analytics.w.run(com.comscore.analytics.w@669445862)
I/org.umd.logging(11161): Method < 2109 com.comscore.analytics.w.run()
E/appirater(11161): canPromptForRatingtrue
E/appirater(11161): ratingConditionsHaveBeenMetfalse
E/appirater(11161): connectedToNetworktrue
I/org.umd.logging(11161): Api > 1 java.lang.Thread.start(java.lang.Thread@453638269<thread=2181>)
I/org.umd.logging(11161): Api < 1 java.lang.Thread.start()
I/org.umd.logging(11161): Method < 1 com.cnn.mobile.android.phone.ui.MainActivity.onResume()
I/org.umd.logging(11161): Method > 2181 com.cnn.mobile.android.phone.ui.MainActivity$11.run(com.cnn.mobile.android.phone.ui.MainActivity$11@983765874)
I/org.umd.logging(11161): Method > 1 com.cnn.mobile.android.phone.ui.BroadsheetFragment.onResume(com.cnn.mobile.android.phone.ui.BroadsheetFragment@250086207<fragment=true>)
I/org.umd.logging(11161): Method < 1 com.cnn.mobile.android.phone.ui.BroadsheetFragment.onResume()
I/org.umd.logging(11161): Method > 1 com.cnn.mobile.android.phone.ui.BroadsheetFragment$BroadsheetSectionFragment.onResume(com.cnn.mobile.android.phone.ui.BroadsheetFragment$BroadsheetSectionFragment@262254998<fragment=true>)
D/AdsHelper(11161): JAM $$$ CLEAR clearAdSlotsCacheForPage(0) ------------ -------------- ------------ -----------
D/AdsHelper(11161): JAM $$$ requestSingleAd (1x1) /SSID:cnn.com_mobile_apps_main_androidphone_topstories /adUnit=1x1_spon /adPosition=[99] /viewPagerPageNumber=[0]
D/AdContext(11161): [0x2b99]removeAllListeners for tv.freewheel.ad.AdContext@231a583b
D/AdContext(11161): [0x2b99]new tv.freewheel.ad.AdContext
D/AdContext(11161): [0x2b99]addEventListener(type=requestComplete, listener=com.cnn.mobile.android.phone.ads.AdsHelper$1@31bbbb58)
D/AdContext(11161): [0x2b99]removeEventListener(type=requestComplete, listener=com.cnn.mobile.android.phone.ads.AdsHelper$1@31bbbb58)
D/AdContext(11161): [0x2b99]addKeyValue _fw_did_google_advertising_id 229d4aea-d76e-47c3-ad88-1eafdf3529f0
D/AdContext(11161): [0x2b99]addKeyValue cnn_android_app 2.5.1
D/AdContext(11161): [0x2b99]addKeyValue cnn_android_os 5.1.1
D/AdContext(11161): [0x2b99]addKeyValue cnn_android_device Phone
I/org.umd.logging(11161): Api > 1 android.content.Intent.<init>(android.content.Intent@504612017, "android.intent.action.VIEW", android.net.Uri$StringUri@641654166<URI=fwdbg://>)
I/org.umd.logging(11161): Api < 1 android.content.Intent.<init>(android.content.Intent@504612017)
D/AdContext(11161): [0x2b99]UserAgent:Mozilla/5.0 (Android 5.1.1; en-us; Nexus 4 Build/LMY48T) FreeWheelAdManager/5.15.0-r10520-1406220322;com.cnn.mobile.android.phone/251
D/AdContext(11161): [0x2b99]setProfile turner_android_fw512 null null null
D/AdContext(11161): [0x2b99]setSiteSection cnn.com_mobile_apps_main_androidphone_topstories 0 0 0 0
D/AdContext(11161): [0x2b99]setCapability skipsAdSelection 1
D/AdContext(11161): [0x2b99]setCapability requiresVideoCallbackUrl 1
D/XMLHandler(11161): Create xml document
D/AdContext(11161): [0x2b99]request is: <?xml version='1.0' encoding='UTF-8' standalone='yes' ?><adRequest networkId="48804" profile="turner_android_fw512" version="1"><capabilities><expectMultipleCreativeRenditions /><requiresRendererManifest /><supportNullCreative /><supportsAdUnitInMultipleSlots /><supportsFallbackAds /><supportsSlotCallback /><supportsSlotTemplate /></capabilities><visitor caller="android-5.15.0-r10520-1406220322" /><keyValues><keyValue key="_fw_did_google_advertising_id" value="229d4aea-d76e-47c3-ad88-1eafdf3529f0" /><keyValue key="_fw_dpr" value="2" /><keyValue key="cnn_android_app" value="2.5.1" /><keyValue key="cnn_android_device" value="Phone" /><keyValue key="cnn_android_os" value="5.1.1" /></keyValues><siteSection customId="cnn.com_mobile_apps_main_androidphone_topstories"><videoPlayer><videoAsset autoPlay="true"><adSlots compatibleDimensions="768,1184" defaultSlotProfile="turner_android_fw512" /></videoAsset><adSlots /></videoPlayer><adSlots><nonTemporalAdSlot acceptCompanion="true" adUnit="1x1_spon" customId="nontemporal-slot-1-1" height="1" width="1" /></adSlots></siteSection></adRequest>
D/AdContext(11161): [0x2b99]submitRequest: http://bea4.v.fwmrm.net/ad/p/1?
D/URLLoader(11161): [0x2b99]removeAllListeners for tv.freewheel.utils.URLLoader@284c3d17
D/URLLoader(11161): [0x2b99]addEventListener(type=URLLoader.Load.Complete, listener=tv.freewheel.ad.AdContext$1@39dd3504)
D/URLLoader(11161): [0x2b99]removeEventListener(type=URLLoader.Load.Complete, listener=tv.freewheel.ad.AdContext$1@39dd3504)
D/URLLoader(11161): [0x2b99]addEventListener(type=URLLoader.Load.Error, listener=tv.freewheel.ad.AdContext$2@e6efaed)
D/URLLoader(11161): [0x2b99]removeEventListener(type=URLLoader.Load.Error, listener=tv.freewheel.ad.AdContext$2@e6efaed)
I/org.umd.logging(11161): Api > 1 java.lang.Thread.start(tv.freewheel.utils.URLLoader$1@906181922<thread=2182>)
I/org.umd.logging(11161): Api < 1 java.lang.Thread.start()
D/BroadsheetFragment(11161): removeSpecialCard() cardType=BREAKING_NEWS
I/org.umd.logging(11161): Method < 1 com.cnn.mobile.android.phone.ui.BroadsheetFragment$BroadsheetSectionFragment.onResume()
I/org.umd.logging(11161): Method > 1 com.cnn.mobile.android.phone.ui.BroadsheetFragment$BroadsheetSectionFragment.onResume(com.cnn.mobile.android.phone.ui.BroadsheetFragment$BroadsheetSectionFragment@612988576<fragment=true>)
I/org.umd.logging(11161): Method > 2182 tv.freewheel.utils.URLLoader$1.run(tv.freewheel.utils.URLLoader$1@906181922<thread=2182>)
I/org.umd.logging(11161): Api > 2182 org.apache.http.impl.client.DefaultHttpClient.<init>(tv.freewheel.utils.http.SimpleHttpClient$2@298670313, org.apache.http.impl.conn.tsccm.ThreadSafeClientConnManager@314313070, org.apache.http.params.BasicHttpParams@1040431119)
I/org.umd.logging(11161): Api < 2182 org.apache.http.impl.client.DefaultHttpClient.<init>(tv.freewheel.utils.http.SimpleHttpClient$2@298670313)
D/URLLoader(11161): sending cookie: _sid="a133_6355847240624233757"; NSC_ozdbewjq4.gxnsn.ofu*80=ffffffff09091f8845525d5f4f58455e445a4a423208; _ue="127719"; __gads=ID=7b90ebe59dfb8aa1:T=1479836096:S=ALNI_MYpPZvUqpJPLJP4LbTlz8lrskn5Xg; _uid="a133_6355847240624233753"; _wr="g233924"; _pr="1481667536..11237935%7E11256385%7E%2C"; _auv="g233924%7E5.1481667537.0%2C22446.1481667537.0%2C%5E"; _ha=""; _drh="nontemporal-slot-1-1%3A11237935%2C11256385%2C11237936%2C11256386%2C%7C"; _stid="48804.0.0%2C"; _sc="sg233924.1481667513.1481667585.28800.0.0%2C"
I/org.umd.logging(11161): Method > 2182 tv.freewheel.utils.http.SimpleHttpClient.execute(tv.freewheel.utils.http.SimpleHttpClient@876880028, org.apache.http.client.methods.HttpPost@395942565, org.apache.http.protocol.BasicHttpContext@438521466)
I/org.umd.logging(11161): Method < 1 com.cnn.mobile.android.phone.ui.BroadsheetFragment$BroadsheetSectionFragment.onResume()
I/org.umd.logging(11161): Method > 1 com.cnn.mobile.android.phone.ui.MainActivity.onCreateOptionsMenu(com.cnn.mobile.android.phone.ui.MainActivity@932856745<activity=true>, android.support.v7.internal.view.menu.MenuWrapperICS@556678177)
I/org.umd.logging(11161): Method > 1 com.cnn.mobile.android.phone.ui.BaseFragmentActivity.onCreateOptionsMenu(com.cnn.mobile.android.phone.ui.MainActivity@932856745<activity=true>, android.support.v7.internal.view.menu.MenuWrapperICS@556678177)
I/org.umd.logging(11161): Method < 1 com.cnn.mobile.android.phone.ui.BaseFragmentActivity.onCreateOptionsMenu(true)
I/org.umd.logging(11161): Method < 1 com.cnn.mobile.android.phone.ui.MainActivity.onCreateOptionsMenu(true)
I/org.umd.logging(11161): Method < 2182 tv.freewheel.utils.http.SimpleHttpClient.execute(org.apache.http.message.BasicHttpResponse@511578871)
V/AndroidCookieStore(11161): got cookie: _ha="";domain=.fwmrm.net;path=/;, for url: http://bea4.v.fwmrm.net/ad/p/1?
I/org.umd.logging(11161): Method > 2162 com.android.volley.ExecutorDelivery$1.execute(com.android.volley.ExecutorDelivery$1@470270547, com.android.volley.ExecutorDelivery$ResponseDeliveryRunnable@125797732)
I/org.umd.logging(11161): Method < 2162 com.android.volley.ExecutorDelivery$1.execute()
V/AndroidCookieStore(11161): got cookie: _drh="nontemporal-slot-1-1%3A11237935%2C11256385%2C11237936%2C11256386%2C%7C";domain=.fwmrm.net;path=/;, for url: http://bea4.v.fwmrm.net/ad/p/1?
V/AndroidCookieStore(11161): got cookie: _stid="48804.0.0%2C";expires=Wed, 13 Dec 2017 22:19:57 GMT;domain=.fwmrm.net;path=/;, for url: http://bea4.v.fwmrm.net/ad/p/1?
I/org.umd.logging(11161): Method < 2181 com.cnn.mobile.android.phone.ui.MainActivity$11.run()
I/org.umd.logging(11161): Method > 1 com.cnn.mobile.android.phone.ui.BaseFragmentActivity$1.run(com.cnn.mobile.android.phone.ui.BaseFragmentActivity$1@246412418)
I/org.umd.logging(11161): Method < 1 com.cnn.mobile.android.phone.ui.BaseFragmentActivity$1.run()
V/AndroidCookieStore(11161): got cookie: _sc="sg233924.1481667513.1481667597.28800.0.0%2C";expires=Thu, 12 Jan 2017 22:19:57 GMT;domain=.fwmrm.net;path=/;, for url: http://bea4.v.fwmrm.net/ad/p/1?
I/org.umd.logging(11161): Method > 1 com.android.volley.ExecutorDelivery$ResponseDeliveryRunnable.run(com.android.volley.ExecutorDelivery$ResponseDeliveryRunnable@125797732)
I/org.umd.logging(11161): Method < 1 com.android.volley.ExecutorDelivery$ResponseDeliveryRunnable.run()
D/URLLoader(11161): [0x2ca4]dispatchEvent(event=URLLoader.Load.Complete)
I/org.umd.logging(11161): Method > 2182 tv.freewheel.ad.AdContext$1.run(tv.freewheel.ad.AdContext$1@970798340, tv.freewheel.utils.events.Event@828478416)
D/AdContext(11161): [0x2ca4]got response: 
D/AdContext(11161): [0x2ca4]<adResponse networkId='48804' version='1'><rendererManifest version='1'>&lt;?xml version=&quot;1.0&quot; encoding=&quot;UTF-8&quot;?&gt;
D/AdContext(11161): &lt;adRenderers version=&apos;1&apos;&gt;&lt;adRenderer adUnit=&apos;still-image,fixed-size-interactive,app-interstitial,&apos; contentType=&apos;external/admob-view,external/admob-interstitial,external/admob,&apos; creativeApi=&apos;None,&apos; name=&apos;g_android_admob_since_5.5&apos; slotType=&apos;preroll,midroll,postroll,display,pause_midroll,&apos; url=&apos;class://tv.freewheel.renderers.admob.AdMobRenderer&apos;/&gt;&lt;adRenderer adUnit=&apos;video,still-image,fixed-size-interactive,linear-animation,slate,app-interstitial,&apos; contentType=&apos;external/vast-2,&apos; creativeApi=&apos;None,&apos; name=&apos;g_android_vast_since_5.5&apos; slotType=&apos;preroll,midroll,postroll,overlay,display,pause_midroll,&apos; url=&apos;class://tv.freewheel.renderers.vast.VastTranslator&apos;/&gt;&lt;adRenderer adUnit=&apos;video,slate,&apos; contentType=&apos;video/mp4-h264,video/mp4,video/m4v,video/mp4-mpeg4,video/mp4-mpeg4_simple,video/m4v-h264_less_eq_level_3_baseline-640-480-less_eq_1500_kbps-aaclc,video/mp4-h264_less_eq_level_3_baseline-640-480-less_eq_1500_kbps-aaclc,video/mov-h264_less_eq_level_3_baseline-640-480-less_eq_1500_kbps-aaclc,video/m4v-h264_less_level_1.3_baseline-320-240-less_eq_768_kbps-aaclc,video/mp4-h264_less_level_1.3_baseline-320-240-less_eq_768_kbps-aaclc,video/mov-h264_less_level_1.3_baseline-320-240-less_eq_768_kbps-aaclc,video/m4v-mpeg4-640-480-less_eq_2500_kbps-aaclc,video/mp4-mpeg4-640-480-less_eq_2500_kbps-aaclc,video/mov-mpeg4-640-480-less_eq_2500_kbps-aaclc,video/mp4-h264_less_eq_level_3.1_main-heaac,video/mp4-h264_less_eq_level_3.1_high-heaac,video/mp4-h264_less_eq_level_4.1_main-heaac,video/mp4-h264_less_eq_level_4.1_high-heaac,video/3gpp,video/webm,video/mp4-h264_less_eq_level_3_baseline-less_eq_768_kbps-aaclc,video/mp4-h264_less_eq_level_4.1_main-less_eq_768_kbps-aaclc,video/mp4-h264-baseline,&apos; creativeApi=&apos;None,&apos; name=&apos;g_android_video_since_5.5&apos; slotType=&apos;preroll,midroll,postroll,&apos; url=&apos;class://tv.freewheel.renderers.temporal.VideoRenderer&apos;/&gt;&lt;adRenderer adUnit=&apos;video,still-image,fixed-size-interactive,linear-animation,slate,app-interstitial,&apos; contentType=&apos;text/html_doc_ref,text/html_doc_lit_mobile,&apos; creativeApi=&apos;MRAID-1.0,None,MRAID-2.0,&apos; name=&apos;g_android_html_w_mraid2_since_5.8&apos; slotType=&apos;preroll,midroll,postroll,overlay,display,pause_midroll,&apos; url=&apos;class://tv.freewheel.renderers.html.HTMLRenderer&apos;&gt;&lt;parameter name=&apos;renderer.html.isBackgroundTransparent&apos; value=&apos;true&apos;/&gt;&lt;/adRenderer&gt;&lt;/adRenderers&gt;</rendererManifest><parameters><parameter category='profile' name='fwImpressionMap'><![CDATA[i:defaultImpression:29 ]]></parameter><parameter category='profile' name='replaceMissingCompanion'><![CDATA[blank]]></parameter></parameters><visitor/><siteSection customId='cnn.com_mobile_apps_main_androidphone_topstories'><videoPlayer><videoAsset><adSlots/></videoAsset></videoPlayer><adSlots/></siteSection><eventCallbacks><eventCallback type='GENERIC' url='http://bea4.v.fwmrm.net/ad/l/1?s=a133&amp;n=48804%3B48804%3B379619%3B381963&amp;t=1481667597990641004'/></eventCallbacks></adResponse>
V/AdResponse(11161): [0x2ca4]parseXMLString: name: rendererManifest
V/AdResponse(11161): [0x2ca4]parseAdRenderers: <?xml version="1.0" encoding="UTF-8"?>
V/AdResponse(11161): <adRenderers version='1'><adRenderer adUnit='still-image,fixed-size-interactive,app-interstitial,' contentType='external/admob-view,external/admob-interstitial,external/admob,' creativeApi='None,' name='g_android_admob_since_5.5' slotType='preroll,midroll,postroll,display,pause_midroll,' url='class://tv.freewheel.renderers.admob.AdMobRenderer'/><adRenderer adUnit='video,still-image,fixed-size-interactive,linear-animation,slate,app-interstitial,' contentType='external/vast-2,' creativeApi='None,' name='g_android_vast_since_5.5' slotType='preroll,midroll,postroll,overlay,display,pause_midroll,' url='class://tv.freewheel.renderers.vast.VastTranslator'/><adRenderer adUnit='video,slate,' contentType='video/mp4-h264,video/mp4,video/m4v,video/mp4-mpeg4,video/mp4-mpeg4_simple,video/m4v-h264_less_eq_level_3_baseline-640-480-less_eq_1500_kbps-aaclc,video/mp4-h264_less_eq_level_3_baseline-640-480-less_eq_1500_kbps-aaclc,video/mov-h264_less_eq_level_3_baseline-640-480-less_eq_1500_kbps-aaclc,video/m4v-h264_less_level_1.3_baseline-320-240-less_eq_768_kbps-aaclc,video/mp4-h264_less_level_1.3_baseline-320-240-less_eq_768_kbps-aaclc,video/mov-h264_less_level_1.3_baseline-320-240-less_eq_768_kbps-aaclc,video/m4v-mpeg4-640-480-less_eq_2500_kbps-aaclc,video/mp4-mpeg4-640-480-less_eq_2500_kbps-aaclc,video/mov-mpeg4-640-480-less_eq_2500_kbps-aaclc,video/mp4-h264_less_eq_level_3.1_main-heaac,video/mp4-h264_less_eq_level_3.1_high-heaac,video/mp4-h264_less_eq_level_4.1_main-heaac,video/mp4-h264_less_eq_level_4.1_high-heaac,video/3gpp,video/webm,video/mp4-h264_less_eq_level_3_baseline-less_eq_768_kbps-aaclc,video/mp4-h264_less_eq_level_4.1_main-less_eq_768_kbps-aaclc,video/mp4-h264-baseline,' creativeApi='None,' name='g_android_video_since_5.5' slotType='preroll,midroll,postroll,' url='class://tv.freewheel.renderers.temporal.VideoRenderer'/><adRenderer adUnit='video,still-image,fixed-size-interactive,linear-animation,slate,app-interstitial,' contentType='text/html_doc_ref,text/html_doc_lit_mobile,' creativeApi='MRAID-1.0,None,MRAID-2.0,' name='g_android_html_w_mraid2_since_5.8' slotType='preroll,midroll,postroll,overlay,display,pause_midroll,' url='class://tv.freewheel.renderers.html.HTMLRenderer'><parameter name='renderer.html.isBackgroundTransparent' value='true'/></adRenderer></adRenderers>
V/AdResponse(11161): [0x2ca4]parseAdRendererNode, name: adRenderer
V/AdResponse(11161): [0x2ca4]parseAdRendererNode, name: adRenderer
V/AdResponse(11161): [0x2ca4]parseAdRendererNode, name: adRenderer
V/AdResponse(11161): [0x2ca4]parseAdRendererNode, name: adRenderer
V/AdRenderer(11161): [0x2ca4]parse(), name: parameter
V/AdResponse(11161): [0x2ca4]parseXMLString: name: parameters
D/ParametersHolder(11161): profile parameter name:fwImpressionMap value:i:defaultImpression:29 
D/ParametersHolder(11161): profile parameter name:replaceMissingCompanion value:blank
V/AdResponse(11161): [0x2ca4]parseXMLString: name: visitor
V/AdResponse(11161): [0x2ca4]parseXMLString: name: siteSection
V/AdResponse(11161): [0x2ca4]parseSiteSection, name: adSlots
V/AdResponse(11161): [0x2ca4]parseSiteSection, name: videoPlayer
V/AdResponse(11161): [0x2ca4]parseVideoPlayer, name: videoAsset
V/VideoAsset(11161): [0x2ca4]parse(), name: adSlots
V/AdResponse(11161): [0x2ca4]parseXMLString: name: eventCallbacks
D/AdContext(11161): [0x2ca4]loadExtension: MedialetsExtension
D/MedialetsExtension(11161): init
W/AdContext(11161): [0x2ca4]Need re-dispatchEvent extensionLoaded on main UI thread.
D/AdContext(11161): [0x2ca4]loadExtension: PauseAdExtension
D/PauseAdExtension(11161): init
D/AdContext(11161): [0x2ca4]addEventListener(type=requestComplete, listener=tv.freewheel.extension.pausead.PauseAdExtension$1@24757fc9)
D/AdContext(11161): [0x2ca4]removeEventListener(type=requestComplete, listener=tv.freewheel.extension.pausead.PauseAdExtension$1@24757fc9)
W/AdContext(11161): [0x2ca4]Need re-dispatchEvent extensionLoaded on main UI thread.
D/AdContext(11161): [0x2ca4]loadExtension: BlueKaiDataExtension
D/BlueKaiDataExtension(11161): init
D/AdContext(11161): [0x2ca4]addEventListener(type=requestComplete, listener=tv.freewheel.extension.blueKai.BlueKaiDataExtension$1@316cd6ce)
D/AdContext(11161): [0x2ca4]removeEventListener(type=requestComplete, listener=tv.freewheel.extension.blueKai.BlueKaiDataExtension$1@316cd6ce)
W/AdContext(11161): [0x2ca4]Need re-dispatchEvent extensionLoaded on main UI thread.
W/AdContext(11161): [0x2ca4]Need re-dispatchEvent requestComplete on main UI thread.
I/org.umd.logging(11161): Method < 2182 tv.freewheel.ad.AdContext$1.run()
V/URLLoader(11161): httpclient[876880028] for URL: http://bea4.v.fwmrm.net/ad/p/1? is reclaimed
I/org.umd.logging(11161): Method < 2182 tv.freewheel.utils.URLLoader$1.run()
I/org.umd.logging(11161): Method > 1 tv.freewheel.ad.AdContext$5.run(tv.freewheel.ad.AdContext$5@639527407)
D/AdContext(11161): [0x2b99]dispatchEvent(event=extensionLoaded)
I/org.umd.logging(11161): Method < 1 tv.freewheel.ad.AdContext$5.run()
I/org.umd.logging(11161): Method > 1 tv.freewheel.ad.AdContext$5.run(tv.freewheel.ad.AdContext$5@487857404)
D/AdContext(11161): [0x2b99]dispatchEvent(event=extensionLoaded)
I/org.umd.logging(11161): Method < 1 tv.freewheel.ad.AdContext$5.run()
I/org.umd.logging(11161): Method > 1 tv.freewheel.ad.AdContext$5.run(tv.freewheel.ad.AdContext$5@692932485)
D/AdContext(11161): [0x2b99]dispatchEvent(event=extensionLoaded)
I/org.umd.logging(11161): Method < 1 tv.freewheel.ad.AdContext$5.run()
I/org.umd.logging(11161): Method > 1 tv.freewheel.ad.AdContext$5.run(tv.freewheel.ad.AdContext$5@704877018)
D/AdContext(11161): [0x2b99]dispatchEvent(event=requestComplete)
I/org.umd.logging(11161): Method > 1 com.cnn.mobile.android.phone.ads.AdsHelper$1.run(com.cnn.mobile.android.phone.ads.AdsHelper$1@834386776, tv.freewheel.utils.events.Event@579974667)
I/org.umd.logging(11161): Method > 1 com.cnn.mobile.android.phone.ads.AdsHelper$1$1.run(com.cnn.mobile.android.phone.ads.AdsHelper$1$1@889457896)
D/AdsHelper(11161): $$$ requestAd onAdRequestComplete() single ad. Ads returned = (0) page=0 position=99
D/AdsHelper(11161): $$$ requestAd onAdRequestComplete() single ad. Ads temporal = (0) event={message=request succeeded, success=true} position=99
D/AdsHelper(11161): NO FREEWHEEL AD RETURNED!!!!!!!!!!!!!!  (768x1038) position=99
I/org.umd.logging(11161): Method < 1 com.cnn.mobile.android.phone.ads.AdsHelper$1$1.run()
I/org.umd.logging(11161): Method < 1 com.cnn.mobile.android.phone.ads.AdsHelper$1.run()
I/org.umd.logging(11161): Method > 1 tv.freewheel.extension.pausead.PauseAdExtension$1.run(tv.freewheel.extension.pausead.PauseAdExtension$1@611680201, tv.freewheel.utils.events.Event@579974667)
D/PauseAdExtension(11161): requestCompleteListener()
D/PauseAdExtension(11161): toBePlayedPauseSlotCustomId:null
D/AdContext(11161): [0x2b99]addEventListener(type=userActionNotified, listener=tv.freewheel.extension.pausead.PauseAdExtension$2@32185f01)
D/AdContext(11161): [0x2b99]removeEventListener(type=userActionNotified, listener=tv.freewheel.extension.pausead.PauseAdExtension$2@32185f01)
D/AdContext(11161): [0x2b99]addEventListener(type=slotStarted, listener=tv.freewheel.extension.pausead.PauseAdExtension$3@3d18f1a6)
D/AdContext(11161): [0x2b99]removeEventListener(type=slotStarted, listener=tv.freewheel.extension.pausead.PauseAdExtension$3@3d18f1a6)
D/AdContext(11161): [0x2b99]addEventListener(type=slotEnded, listener=tv.freewheel.extension.pausead.PauseAdExtension$4@29a3a7e7)
D/AdContext(11161): [0x2b99]removeEventListener(type=slotEnded, listener=tv.freewheel.extension.pausead.PauseAdExtension$4@29a3a7e7)
D/AdContext(11161): [0x2b99]addEventListener(type=defaultImpression, listener=tv.freewheel.extension.pausead.PauseAdExtension$5@1b810f94)
D/AdContext(11161): [0x2b99]removeEventListener(type=defaultImpression, listener=tv.freewheel.extension.pausead.PauseAdExtension$5@1b810f94)
D/AdContext(11161): [0x2b99]addEventListener(type=_e_unknown, listener=tv.freewheel.extension.pausead.PauseAdExtension$6@292aea3d)
D/AdContext(11161): [0x2b99]removeEventListener(type=_e_unknown, listener=tv.freewheel.extension.pausead.PauseAdExtension$6@292aea3d)
I/org.umd.logging(11161): Method < 1 tv.freewheel.extension.pausead.PauseAdExtension$1.run()
I/org.umd.logging(11161): Method > 1 tv.freewheel.extension.blueKai.BlueKaiDataExtension$1.run(tv.freewheel.extension.blueKai.BlueKaiDataExtension$1@829216462, tv.freewheel.utils.events.Event@579974667)
D/BlueKaiDataExtension(11161): requestCompleteListener()
I/org.umd.logging(11161): Method < 1 tv.freewheel.extension.blueKai.BlueKaiDataExtension$1.run()
I/org.umd.logging(11161): Method < 1 tv.freewheel.ad.AdContext$5.run()
I/org.umd.logging(11161): Method > 1 com.cnn.mobile.android.phone.ui.BroadsheetFragment$BroadsheetSectionFragment$6.onReceive(com.cnn.mobile.android.phone.ui.BroadsheetFragment$BroadsheetSectionFragment$6@490905465, com.cnn.mobile.android.phone.ui.MainActivity@932856745, android.content.Intent@47350322<action=com.cnn.mobile.android.phone.service.no_freewheel_ad><data=null><package=null><component=null><type=null><filter_hashcode=1532140005><adPageIndex=None><adPosition=None><umd_Intent_key=None>)
D/BroadsheetFragment(11161): setBroadcastReceivers() received notification freewheelAdReceiver 99 section 0 pageindex 0
I/org.umd.logging(11161): Method < 1 com.cnn.mobile.android.phone.ui.BroadsheetFragment$BroadsheetSectionFragment$6.onReceive()
I/org.umd.logging(11161): Method > 1 com.cnn.mobile.android.phone.ui.BroadsheetFragment$BroadsheetSectionFragment$6.onReceive(com.cnn.mobile.android.phone.ui.BroadsheetFragment$BroadsheetSectionFragment$6@650160776, com.cnn.mobile.android.phone.ui.MainActivity@932856745, android.content.Intent@1006164867<action=com.cnn.mobile.android.phone.service.no_freewheel_ad><data=null><package=null><component=null><type=null><filter_hashcode=1532140005><adPageIndex=None><adPosition=None><umd_Intent_key=None>)
D/BroadsheetFragment(11161): setBroadcastReceivers() received notification freewheelAdReceiver 99 section 1 pageindex 0
I/org.umd.logging(11161): Method < 1 com.cnn.mobile.android.phone.ui.BroadsheetFragment$BroadsheetSectionFragment$6.onReceive()
I/org.umd.logging(11161): Method > 1 com.cnn.mobile.android.phone.ui.ArticleFragmentActivity.onDestroy(com.cnn.mobile.android.phone.ui.ArticleFragmentActivity@7579822<activity=true>)
I/org.umd.logging(11161): Method > 1 com.cnn.mobile.android.phone.ui.BaseFragmentActivity.onDestroy(com.cnn.mobile.android.phone.ui.ArticleFragmentActivity@7579822<activity=true>)
I/org.umd.logging(11161): Method < 1 com.cnn.mobile.android.phone.ui.BaseFragmentActivity.onDestroy()
D/ArticleFragmentActivity(11161): JAM onDestroy() IN ARTICLE HAPPENED
I/org.umd.logging(11161): Method < 1 com.cnn.mobile.android.phone.ui.ArticleFragmentActivity.onDestroy()
E/Cataloger( 6490): syncFile:/storage/emulated/0/2016-12-13_05:20:09.710.jpg
I/org.umd.logging(11161): Method > 1 com.cnn.mobile.android.phone.ui.MainActivity.onOptionsItemSelected(com.cnn.mobile.android.phone.ui.MainActivity@932856745<activity=true>, android.support.v7.internal.view.menu.MenuItemWrapperJB@266399033<id=16908332><menuname=Home><file=2016-12-13_05:20:09.710>)
E/Cataloger( 6490): syncFile:/storage/emulated/0/2016-12-13_05:20:09.710.jpg
I/org.umd.logging(11161): Api > 1 java.lang.Thread.start(com.adobe.adms.measurement.ADMS_Worker$WorkerThread@904113375<thread=2185>)
I/org.umd.logging(11161): Api < 1 java.lang.Thread.start()
I/AnalyticsHelper(11161): Track Event Context Data:{section=, mvpd=no mvpd set, template_type=content, business_unit=cnn domestic, sub_section=, adobe_hashid=, app_name=cnn, content_type=, user_state=cnn news, interactions=sections:cnn badge, broadcast_franchise=, sdk_version=JAVA-3.2.5-AN:2.5.1:251, auth_required=non auth, orientation=portrait}
I/org.umd.logging(11161): Method < 1 com.cnn.mobile.android.phone.ui.MainActivity.onOptionsItemSelected(true)
I/org.umd.logging(11161): Api > 2185 java.net.URL.openConnection(java.net.URL@605469996<URL=http://metrics.cnn.com/b/ss/cnn-adbp-apps-enh-cnn/0/JAVA-3.2.5-AN/s40653226?AQB=1&ndh=1&ts=1481667609&ce=UTF-8&vid=e529916776234b8aa3074067856c0e87&pev2=CNN%2F2.5.1%20Event&t=13%2F11%2F2016%2017%3A20%3A9%202%20300&events=sections%3Acnnbadge&c.&appname=cnn&authrequired=non%20auth&mvpd=no%20mvpd%20set&userstate=cnn%20news&a.&DeviceName=Nexus%204&OSVersion=Android%205.1.1&Resolution=768x1184&.a&interactions=sections%3Acnn%20badge&sdkversion=JAVA-3.2.5-AN%3A2.5.1%3A251&businessunit=cnn%20domestic&templatetype=content&orientation=portrait&launchtype=app&.c&pe=lnk_o&pageName=CNN%2F2.5.1&AQE=1>)
I/org.umd.logging(11161): Api < 2185 java.net.URL.openConnection(com.android.okhttp.internal.http.HttpURLConnectionImpl@123347957)
I/DownloadManagerWrapper(  949): onReceive() : Charging = true
E/Cataloger( 6490): syncFile:/storage/emulated/0/2016-12-13_05:20:11.921.jpg
W/ResourceType(11161): No known package when getting name for resource number 0xffffffff
I/org.umd.logging(11161): Method > 1 com.cnn.mobile.android.phone.ui.MainActivity$NavDrawerItemClickListener.onItemClick(com.cnn.mobile.android.phone.ui.MainActivity$NavDrawerItemClickListener@1015035899, android.widget.ListView@743903318<file=2016-12-13_05:20:11.921><x=0><y=146><width=600><height=1038><id=2131230852><imagename=left_drawer>, android.widget.FrameLayout@546330839<id=-1>, 5, 5, null)
