E/Cataloger( 6490): syncFile:/storage/emulated/0/2016-12-13_05:20:11.921.jpg
I/org.umd.logging(11161): Method > 1 com.cnn.mobile.android.phone.ui.BroadsheetFragment$BroadsheetSectionFragment.onCreateView(com.cnn.mobile.android.phone.ui.BroadsheetFragment$BroadsheetSectionFragment@634488260<fragment=true>, com.android.internal.policy.impl.PhoneLayoutInflater@691255146, android.support.v4.view.ViewPager@296226079<id=2131230835><imagename=pager>, null)
D/BroadsheetFragment(11161): fetchFeed() - url:http://api.cnn.com/svc/mcs/world/androidphone/v2-5/15
I/org.umd.logging(11161): Method > 1 com.androidquery.callback.AbstractAjaxCallback.execute(com.cnn.mobile.android.phone.ui.BroadsheetFragment$BroadsheetSectionFragment$11@320318323)
I/org.umd.logging(11161): Method < 1 com.androidquery.callback.AbstractAjaxCallback.execute()
I/org.umd.logging(11161): Api > 1 android.net.ConnectivityManager.getActiveNetworkInfo(android.net.ConnectivityManager@209610424)
I/org.umd.logging(11161): Method > 2186 com.androidquery.callback.AbstractAjaxCallback.run(com.cnn.mobile.android.phone.ui.BroadsheetFragment$BroadsheetSectionFragment$11@320318323)
I/org.umd.logging(11161): Api < 1 android.net.ConnectivityManager.getActiveNetworkInfo(android.net.NetworkInfo@175806121)
D/CNNApp  (11161): Connected to WIFI
I/org.umd.logging(11161): Method > 2186 com.androidquery.callback.AbstractAjaxCallback.execute(com.cnn.mobile.android.phone.ui.BroadsheetFragment$BroadsheetSectionFragment$11@320318323, org.apache.http.client.methods.HttpGet@651807068, org.apache.http.impl.client.DefaultHttpClient@841076268, org.apache.http.protocol.BasicHttpContext@1060959333)
I/org.umd.logging(11161): Api > 2186 org.apache.http.impl.client.DefaultHttpClient.execute(org.apache.http.impl.client.DefaultHttpClient@841076268, org.apache.http.client.methods.HttpGet@651807068, org.apache.http.protocol.BasicHttpContext@1060959333)
E/Cataloger( 6490): syncFile:/storage/emulated/0/2016-12-13_05:20:12.149.jpg
I/org.umd.logging(11161): Method < 1 com.cnn.mobile.android.phone.ui.BroadsheetFragment$BroadsheetSectionFragment.onCreateView(android.widget.FrameLayout@129469391<file=2016-12-13_05:20:12.149><x=0><y=0><width=0><height=0><id=2131230820><imagename=content_frame>)
E/Cataloger( 6490): syncFile:/storage/emulated/0/2016-12-13_05:20:12.149.jpg
I/org.umd.logging(11161): Method > 1 com.cnn.mobile.android.phone.ui.BroadsheetFragment$BroadsheetSectionFragment.onStart(com.cnn.mobile.android.phone.ui.BroadsheetFragment$BroadsheetSectionFragment@634488260<fragment=true>)
I/org.umd.logging(11161): Method < 1 com.cnn.mobile.android.phone.ui.BroadsheetFragment$BroadsheetSectionFragment.onStart()
I/org.umd.logging(11161): Method > 1 com.cnn.mobile.android.phone.ui.BroadsheetFragment$BroadsheetSectionFragment.onResume(com.cnn.mobile.android.phone.ui.BroadsheetFragment$BroadsheetSectionFragment@634488260<fragment=true>)
I/org.umd.logging(11161): Method < 1 com.cnn.mobile.android.phone.ui.BroadsheetFragment$BroadsheetSectionFragment.onResume()
I/org.umd.logging(11161): Method > 1 com.cnn.mobile.android.phone.ui.BroadsheetFragment$BroadsheetSectionFragment.onCreateView(com.cnn.mobile.android.phone.ui.BroadsheetFragment$BroadsheetSectionFragment@550180331<fragment=true>, com.android.internal.policy.impl.PhoneLayoutInflater@691255146, android.support.v4.view.ViewPager@296226079<id=2131230835><imagename=pager>, null)
D/BroadsheetFragment(11161): fetchFeed() - url:http://api.cnn.com/svc/mcs/us/androidphone/v2-5/15
I/org.umd.logging(11161): Method > 1 com.androidquery.callback.AbstractAjaxCallback.execute(com.cnn.mobile.android.phone.ui.BroadsheetFragment$BroadsheetSectionFragment$11@904404808)
I/org.umd.logging(11161): Method < 1 com.androidquery.callback.AbstractAjaxCallback.execute()
I/org.umd.logging(11161): Api > 1 android.net.ConnectivityManager.getActiveNetworkInfo(android.net.ConnectivityManager@209610424)
I/org.umd.logging(11161): Api < 1 android.net.ConnectivityManager.getActiveNetworkInfo(android.net.NetworkInfo@779238150)
D/CNNApp  (11161): Connected to WIFI
I/org.umd.logging(11161): Method > 2187 com.androidquery.callback.AbstractAjaxCallback.run(com.cnn.mobile.android.phone.ui.BroadsheetFragment$BroadsheetSectionFragment$11@904404808)
I/org.umd.logging(11161): Method < 2187 com.androidquery.callback.AbstractAjaxCallback.run()
I/org.umd.logging(11161): Api < 2186 org.apache.http.impl.client.DefaultHttpClient.execute(org.apache.http.message.BasicHttpResponse@856574749)
I/org.umd.logging(11161): Method < 2186 com.androidquery.callback.AbstractAjaxCallback.execute(org.apache.http.message.BasicHttpResponse@856574749)
E/Cataloger( 6490): syncFile:/storage/emulated/0/2016-12-13_05:20:12.363.jpg
I/org.umd.logging(11161): Method < 2186 com.androidquery.callback.AbstractAjaxCallback.run()
E/WifiStateMachine(  594): WifiStateMachine CMD_START_SCAN source -2 txSuccessRate=102.33 rxSuccessRate=100.95 targetRoamBSSID=any RSSI=-41
I/org.umd.logging(11161): Method < 1 com.cnn.mobile.android.phone.ui.BroadsheetFragment$BroadsheetSectionFragment.onCreateView(android.widget.FrameLayout@1040443380<file=2016-12-13_05:20:12.363><x=0><y=0><width=0><height=0><id=2131230820><imagename=content_frame>)
E/Cataloger( 6490): syncFile:/storage/emulated/0/2016-12-13_05:20:12.363.jpg
I/org.umd.logging(11161): Method > 1 com.cnn.mobile.android.phone.ui.BroadsheetFragment$BroadsheetSectionFragment.onCreateView(com.cnn.mobile.android.phone.ui.BroadsheetFragment$BroadsheetSectionFragment@541218659<fragment=true>, com.android.internal.policy.impl.PhoneLayoutInflater@691255146, android.support.v4.view.ViewPager@296226079<id=2131230835><imagename=pager>, null)
D/BroadsheetFragment(11161): fetchFeed() - url:http://api.cnn.com/svc/mcs/entertainment/androidphone/v2-5/15
I/org.umd.logging(11161): Method > 1 com.androidquery.callback.AbstractAjaxCallback.execute(com.cnn.mobile.android.phone.ui.BroadsheetFragment$BroadsheetSectionFragment$11@745639776)
I/org.umd.logging(11161): Method > 2188 com.androidquery.callback.AbstractAjaxCallback.run(com.cnn.mobile.android.phone.ui.BroadsheetFragment$BroadsheetSectionFragment$11@745639776)
I/org.umd.logging(11161): Method < 1 com.androidquery.callback.AbstractAjaxCallback.execute()
I/org.umd.logging(11161): Api > 1 android.net.ConnectivityManager.getActiveNetworkInfo(android.net.ConnectivityManager@209610424)
I/org.umd.logging(11161): Api < 1 android.net.ConnectivityManager.getActiveNetworkInfo(android.net.NetworkInfo@426747102)
D/CNNApp  (11161): Connected to WIFI
I/org.umd.logging(11161): Method > 2188 com.androidquery.callback.AbstractAjaxCallback.execute(com.cnn.mobile.android.phone.ui.BroadsheetFragment$BroadsheetSectionFragment$11@745639776, org.apache.http.client.methods.HttpGet@981010111, org.apache.http.impl.client.DefaultHttpClient@841076268, org.apache.http.protocol.BasicHttpContext@1011892620)
I/org.umd.logging(11161): Api > 2188 org.apache.http.impl.client.DefaultHttpClient.execute(org.apache.http.impl.client.DefaultHttpClient@841076268, org.apache.http.client.methods.HttpGet@981010111, org.apache.http.protocol.BasicHttpContext@1011892620)
E/Cataloger( 6490): syncFile:/storage/emulated/0/2016-12-13_05:20:12.609.jpg
I/org.umd.logging(11161): Method < 1 com.cnn.mobile.android.phone.ui.BroadsheetFragment$BroadsheetSectionFragment.onCreateView(android.widget.FrameLayout@718090474<file=2016-12-13_05:20:12.609><x=0><y=0><width=0><height=0><id=2131230820><imagename=content_frame>)
E/Cataloger( 6490): syncFile:/storage/emulated/0/2016-12-13_05:20:12.609.jpg
I/org.umd.logging(11161): Method > 1 com.cnn.mobile.android.phone.ui.BroadsheetFragment$BroadsheetSectionFragment.onStart(com.cnn.mobile.android.phone.ui.BroadsheetFragment$BroadsheetSectionFragment@550180331<fragment=true>)
I/org.umd.logging(11161): Method < 1 com.cnn.mobile.android.phone.ui.BroadsheetFragment$BroadsheetSectionFragment.onStart()
I/org.umd.logging(11161): Method > 1 com.cnn.mobile.android.phone.ui.BroadsheetFragment$BroadsheetSectionFragment.onResume(com.cnn.mobile.android.phone.ui.BroadsheetFragment$BroadsheetSectionFragment@550180331<fragment=true>)
I/org.umd.logging(11161): Method < 1 com.cnn.mobile.android.phone.ui.BroadsheetFragment$BroadsheetSectionFragment.onResume()
I/org.umd.logging(11161): Method > 1 com.cnn.mobile.android.phone.ui.BroadsheetFragment$BroadsheetSectionFragment.onStart(com.cnn.mobile.android.phone.ui.BroadsheetFragment$BroadsheetSectionFragment@541218659<fragment=true>)
I/org.umd.logging(11161): Method < 1 com.cnn.mobile.android.phone.ui.BroadsheetFragment$BroadsheetSectionFragment.onStart()
I/org.umd.logging(11161): Method > 1 com.cnn.mobile.android.phone.ui.BroadsheetFragment$BroadsheetSectionFragment.onResume(com.cnn.mobile.android.phone.ui.BroadsheetFragment$BroadsheetSectionFragment@541218659<fragment=true>)
I/org.umd.logging(11161): Method < 1 com.cnn.mobile.android.phone.ui.BroadsheetFragment$BroadsheetSectionFragment.onResume()
D/AdsHelper(11161): JAM $$$ CLEAR clearAdSlotsCacheForPage(3) ------------ -------------- ------------ -----------
I/org.umd.logging(11161): Api > 1 java.lang.Thread.start(com.adobe.adms.measurement.ADMS_Worker$WorkerThread@428206712<thread=2189>)
I/org.umd.logging(11161): Api < 1 java.lang.Thread.start()
I/AnalyticsHelper(11161): Track App Context Data:{fallback_identifier=no fallback, headline=, section=news, mvpd=no mvpd set, swipe_type=, template_type=section front, business_unit=cnn domestic, sub_section=news:world, app_name=cnn, adobe_hashid=, content_type=adbp:none, hierarchy=news|cnn|cnn domestic|news|world, user_state=cnn news, word_count=0, broadcast_franchise=, photo_slide=, photo_gallery=, sdk_version=JAVA-3.2.5-AN:2.5.1:251, page_view=1, auth_required=non auth, orientation=portrait, page=cnn:news:world:}
D/BroadsheetFragment(11161): onpagechange sending broadcast world
I/org.umd.logging(11161): Api > 2189 java.net.URL.openConnection(java.net.URL@1011193169<URL=http://metrics.cnn.com/b/ss/cnn-adbp-apps-enh-cnn/0/JAVA-3.2.5-AN/s63567801?AQB=1&ndh=1&ts=1481667612&ce=UTF-8&vid=e529916776234b8aa3074067856c0e87&t=13%2F11%2F2016%2017%3A20%3A12%202%20300&c.&wordcount=0&appname=cnn&section=news&authrequired=non%20auth&mvpd=no%20mvpd%20set&userstate=cnn%20news&hierarchy=news%7Ccnn%7Ccnn%20domestic%7Cnews%7Cworld&a.&OSVersion=Android%205.1.1&DeviceName=Nexus%204&Resolution=768x1184&.a&subsection=news%3Aworld&sdkversion=JAVA-3.2.5-AN%3A2.5.1%3A251&businessunit=cnn%20domestic&fallbackidentifier=no%20fallback&contenttype=adbp%3Anone&templatetype=section%20front&pageview=1&page=cnn%3Anews%3Aworld%3A&orientation=portrait&launchtype=app&.c&pageName=cnn%3Anews%3Aworld%3A&AQE=1>)
I/org.umd.logging(11161): Api < 2189 java.net.URL.openConnection(com.android.okhttp.internal.http.HttpURLConnectionImpl@717582774)
I/org.umd.logging(11161): Api < 2188 org.apache.http.impl.client.DefaultHttpClient.execute(org.apache.http.message.BasicHttpResponse@125505207)
I/org.umd.logging(11161): Method < 2188 com.androidquery.callback.AbstractAjaxCallback.execute(org.apache.http.message.BasicHttpResponse@125505207)
I/org.umd.logging(11161): Method < 2188 com.androidquery.callback.AbstractAjaxCallback.run()
D/BroadsheetFragment(11161): onPageSelected() position=3 sectionName: world
I/org.umd.logging(11161): Method < 1 com.cnn.mobile.android.phone.ui.MainActivity$NavDrawerItemClickListener.onItemClick()
I/Choreographer(11161): Skipped 57 frames!  The application may be doing too much work on its main thread.
I/org.umd.logging(11161): Method > 1 com.cnn.mobile.android.phone.ui.BroadsheetFragment$BroadsheetSectionFragment.onPause(com.cnn.mobile.android.phone.ui.BroadsheetFragment$BroadsheetSectionFragment@612988576<fragment=true>)
I/org.umd.logging(11161): Method < 1 com.cnn.mobile.android.phone.ui.BroadsheetFragment$BroadsheetSectionFragment.onPause()
I/org.umd.logging(11161): Method > 1 com.cnn.mobile.android.phone.ui.BroadsheetFragment$BroadsheetSectionFragment.onPause(com.cnn.mobile.android.phone.ui.BroadsheetFragment$BroadsheetSectionFragment@262254998<fragment=true>)
I/org.umd.logging(11161): Method < 1 com.cnn.mobile.android.phone.ui.BroadsheetFragment$BroadsheetSectionFragment.onPause()
I/org.umd.logging(11161): Method > 1 com.cnn.mobile.android.phone.ui.MainActivity.onCreateOptionsMenu(com.cnn.mobile.android.phone.ui.MainActivity@932856745<activity=true>, android.support.v7.internal.view.menu.MenuWrapperICS@107689508)
I/org.umd.logging(11161): Method > 1 com.cnn.mobile.android.phone.ui.BaseFragmentActivity.onCreateOptionsMenu(com.cnn.mobile.android.phone.ui.MainActivity@932856745<activity=true>, android.support.v7.internal.view.menu.MenuWrapperICS@107689508)
I/org.umd.logging(11161): Method < 1 com.cnn.mobile.android.phone.ui.BaseFragmentActivity.onCreateOptionsMenu(true)
I/org.umd.logging(11161): Method < 1 com.cnn.mobile.android.phone.ui.MainActivity.onCreateOptionsMenu(true)
I/org.umd.logging(11161): Method > 1 com.androidquery.callback.AbstractAjaxCallback.run(com.cnn.mobile.android.phone.ui.BroadsheetFragment$BroadsheetSectionFragment$11@904404808)
I/org.umd.logging(11161): Method > 1 com.cnn.mobile.android.phone.ui.BroadsheetFragment$BroadsheetSectionFragment$12.run(com.cnn.mobile.android.phone.ui.BroadsheetFragment$BroadsheetSectionFragment$12@359380070)
D/BroadsheetFragment(11161): createBroadsheetFragmentAdapter() gridviewPosition = 0 - position NOT USED -
I/org.umd.logging(11161): Method < 1 com.cnn.mobile.android.phone.ui.BroadsheetFragment$BroadsheetSectionFragment$12.run()
I/org.umd.logging(11161): Method < 1 com.androidquery.callback.AbstractAjaxCallback.run()
I/org.umd.logging(11161): Method > 1 com.androidquery.callback.AbstractAjaxCallback.run(com.cnn.mobile.android.phone.ui.BroadsheetFragment$BroadsheetSectionFragment$11@320318323)
I/org.umd.logging(11161): Method > 1 com.cnn.mobile.android.phone.ui.BroadsheetFragment$BroadsheetSectionFragment$12.run(com.cnn.mobile.android.phone.ui.BroadsheetFragment$BroadsheetSectionFragment$12@471494740)
D/BroadsheetFragment(11161): createBroadsheetFragmentAdapter() gridviewPosition = 0 - position NOT USED -
I/org.umd.logging(11161): Method < 1 com.cnn.mobile.android.phone.ui.BroadsheetFragment$BroadsheetSectionFragment$12.run()
I/org.umd.logging(11161): Method < 1 com.androidquery.callback.AbstractAjaxCallback.run()
I/org.umd.logging(11161): Method > 2124 com.androidquery.util.Common.run(com.androidquery.util.Common@1064218866)
I/org.umd.logging(11161): Method < 2124 com.androidquery.util.Common.run()
I/org.umd.logging(11161): Method > 1 com.cnn.mobile.android.phone.ui.MainActivity$4.onReceive(com.cnn.mobile.android.phone.ui.MainActivity$4@383151828, com.cnn.mobile.android.phone.ui.MainActivity@932856745, android.content.Intent@198720960<action=com.cnn.mobile.android.phone.mviewpager_position><data=null><package=null><component=null><type=null><filter_hashcode=1812782372><umd_Intent_key=None><sectionName=None><position=None><navDrawerPosition=None>)
I/org.umd.logging(11161): Method < 1 com.cnn.mobile.android.phone.ui.MainActivity$4.onReceive()
I/org.umd.logging(11161): Method > 1 com.cnn.mobile.android.phone.ui.BroadsheetFragment$BroadsheetSectionFragment$1.onReceive(com.cnn.mobile.android.phone.ui.BroadsheetFragment$BroadsheetSectionFragment$1@1070584878, com.cnn.mobile.android.phone.ui.MainActivity@932856745, android.content.Intent@405989950<action=com.cnn.mobile.android.phone.mviewpager_position><data=null><package=null><component=null><type=null><filter_hashcode=1812782372><umd_Intent_key=None><sectionName=None><position=None><navDrawerPosition=None>)
D/BroadsheetFragment(11161): setBroadcastReceivers() received notification positionChanged section: world current: world
D/BroadsheetFragment(11161): $$$ insertAds() insert ad at position = 5 sectionName: world adPosition:0
D/BroadsheetFragment(11161): $$$ insertAds() insert ad at position = 16 sectionName: world adPosition:1
D/BroadsheetFragment(11161): createBroadsheetFragmentAdapter() gridviewPosition = 0 - position NOT USED -
D/AdsHelper(11161): JAM $$$ requestSingleAd (1x1) /SSID:cnn.com_mobile_apps_main_androidphone_world /adUnit=1x1_spon /adPosition=[99] /viewPagerPageNumber=[3]
D/AdContext(11161): [0x2b99]removeAllListeners for tv.freewheel.ad.AdContext@3b00d09f
D/AdContext(11161): [0x2b99]new tv.freewheel.ad.AdContext
D/AdContext(11161): [0x2b99]addEventListener(type=requestComplete, listener=com.cnn.mobile.android.phone.ads.AdsHelper$1@18e375ec)
D/AdContext(11161): [0x2b99]removeEventListener(type=requestComplete, listener=com.cnn.mobile.android.phone.ads.AdsHelper$1@18e375ec)
D/AdContext(11161): [0x2b99]addKeyValue _fw_did_google_advertising_id 229d4aea-d76e-47c3-ad88-1eafdf3529f0
D/AdContext(11161): [0x2b99]addKeyValue cnn_android_app 2.5.1
D/AdContext(11161): [0x2b99]addKeyValue cnn_android_os 5.1.1
D/AdContext(11161): [0x2b99]addKeyValue cnn_android_device Phone
I/org.umd.logging(11161): Api > 1 android.content.Intent.<init>(android.content.Intent@122637749, "android.intent.action.VIEW", android.net.Uri$StringUri@359623754<URI=fwdbg://>)
I/org.umd.logging(11161): Api < 1 android.content.Intent.<init>(android.content.Intent@122637749)
D/AdContext(11161): [0x2b99]UserAgent:Mozilla/5.0 (Android 5.1.1; en-us; Nexus 4 Build/LMY48T) FreeWheelAdManager/5.15.0-r10520-1406220322;com.cnn.mobile.android.phone/251
D/AdContext(11161): [0x2b99]setProfile turner_android_fw512 null null null
D/AdContext(11161): [0x2b99]setSiteSection cnn.com_mobile_apps_main_androidphone_world 0 0 0 0
D/AdContext(11161): [0x2b99]setCapability skipsAdSelection 1
D/AdContext(11161): [0x2b99]setCapability requiresVideoCallbackUrl 1
D/XMLHandler(11161): Create xml document
D/AdContext(11161): [0x2b99]request is: <?xml version='1.0' encoding='UTF-8' standalone='yes' ?><adRequest networkId="48804" profile="turner_android_fw512" version="1"><capabilities><expectMultipleCreativeRenditions /><requiresRendererManifest /><supportNullCreative /><supportsAdUnitInMultipleSlots /><supportsFallbackAds /><supportsSlotCallback /><supportsSlotTemplate /></capabilities><visitor caller="android-5.15.0-r10520-1406220322" /><keyValues><keyValue key="_fw_did_google_advertising_id" value="229d4aea-d76e-47c3-ad88-1eafdf3529f0" /><keyValue key="_fw_dpr" value="2" /><keyValue key="cnn_android_app" value="2.5.1" /><keyValue key="cnn_android_device" value="Phone" /><keyValue key="cnn_android_os" value="5.1.1" /></keyValues><siteSection customId="cnn.com_mobile_apps_main_androidphone_world"><videoPlayer><videoAsset autoPlay="true"><adSlots compatibleDimensions="768,1184" defaultSlotProfile="turner_android_fw512" /></videoAsset><adSlots /></videoPlayer><adSlots><nonTemporalAdSlot acceptCompanion="true" adUnit="1x1_spon" customId="nontemporal-slot-1-1" height="1" width="1" /></adSlots></siteSection></adRequest>
D/AdContext(11161): [0x2b99]submitRequest: http://bea4.v.fwmrm.net/ad/p/1?
D/URLLoader(11161): [0x2b99]removeAllListeners for tv.freewheel.utils.URLLoader@1eabd7bb
D/URLLoader(11161): [0x2b99]addEventListener(type=URLLoader.Load.Complete, listener=tv.freewheel.ad.AdContext$1@8804d8)
D/URLLoader(11161): [0x2b99]removeEventListener(type=URLLoader.Load.Complete, listener=tv.freewheel.ad.AdContext$1@8804d8)
D/URLLoader(11161): [0x2b99]addEventListener(type=URLLoader.Load.Error, listener=tv.freewheel.ad.AdContext$2@2741031)
D/URLLoader(11161): [0x2b99]removeEventListener(type=URLLoader.Load.Error, listener=tv.freewheel.ad.AdContext$2@2741031)
I/org.umd.logging(11161): Api > 1 java.lang.Thread.start(tv.freewheel.utils.URLLoader$1@524288790<thread=2190>)
I/org.umd.logging(11161): Api < 1 java.lang.Thread.start()
I/org.umd.logging(11161): Method < 1 com.cnn.mobile.android.phone.ui.BroadsheetFragment$BroadsheetSectionFragment$1.onReceive()
I/org.umd.logging(11161): Method > 2190 tv.freewheel.utils.URLLoader$1.run(tv.freewheel.utils.URLLoader$1@524288790<thread=2190>)
I/org.umd.logging(11161): Method > 1 com.cnn.mobile.android.phone.ui.BroadsheetFragment$BroadsheetSectionFragment$1.onReceive(com.cnn.mobile.android.phone.ui.BroadsheetFragment$BroadsheetSectionFragment$1@21177799, com.cnn.mobile.android.phone.ui.MainActivity@932856745, android.content.Intent@137770135<action=com.cnn.mobile.android.phone.mviewpager_position><data=null><package=null><component=null><type=null><filter_hashcode=1812782372><umd_Intent_key=None><sectionName=None><position=None><navDrawerPosition=None>)
D/BroadsheetFragment(11161): setBroadcastReceivers() received notification positionChanged section: world current: us
I/org.umd.logging(11161): Method < 1 com.cnn.mobile.android.phone.ui.BroadsheetFragment$BroadsheetSectionFragment$1.onReceive()
I/org.umd.logging(11161): Api > 2190 org.apache.http.impl.client.DefaultHttpClient.<init>(tv.freewheel.utils.http.SimpleHttpClient$2@55082605, org.apache.http.impl.conn.tsccm.ThreadSafeClientConnManager@833698466, org.apache.http.params.BasicHttpParams@597656371)
I/org.umd.logging(11161): Api < 2190 org.apache.http.impl.client.DefaultHttpClient.<init>(tv.freewheel.utils.http.SimpleHttpClient$2@55082605)
D/URLLoader(11161): sending cookie: _sid="a133_6355847240624233757"; NSC_ozdbewjq4.gxnsn.ofu*80=ffffffff09091f8845525d5f4f58455e445a4a423208; _ue="127719"; __gads=ID=7b90ebe59dfb8aa1:T=1479836096:S=ALNI_MYpPZvUqpJPLJP4LbTlz8lrskn5Xg; _uid="a133_6355847240624233753"; _wr="g233924"; _pr="1481667536..11237935%7E11256385%7E%2C"; _auv="g233924%7E5.1481667537.0%2C22446.1481667537.0%2C%5E"; _ha=""; _drh="nontemporal-slot-1-1%3A11237935%2C11256385%2C11237936%2C11256386%2C%7C"; _stid="48804.0.0%2C"; _sc="sg233924.1481667513.1481667597.28800.0.0%2C"
I/org.umd.logging(11161): Method > 1 com.cnn.mobile.android.phone.ui.BroadsheetFragment$BroadsheetSectionFragment$1.onReceive(com.cnn.mobile.android.phone.ui.BroadsheetFragment$BroadsheetSectionFragment$1@543998165, com.cnn.mobile.android.phone.ui.MainActivity@932856745, android.content.Intent@827758320<action=com.cnn.mobile.android.phone.mviewpager_position><data=null><package=null><component=null><type=null><filter_hashcode=1812782372><umd_Intent_key=None><sectionName=None><position=None><navDrawerPosition=None>)
D/BroadsheetFragment(11161): setBroadcastReceivers() received notification positionChanged section: world current: showbiz
I/org.umd.logging(11161): Method > 2190 tv.freewheel.utils.http.SimpleHttpClient.execute(tv.freewheel.utils.http.SimpleHttpClient@293311593, org.apache.http.client.methods.HttpPost@185360110, org.apache.http.protocol.BasicHttpContext@323297167)
I/org.umd.logging(11161): Method < 1 com.cnn.mobile.android.phone.ui.BroadsheetFragment$BroadsheetSectionFragment$1.onReceive()
I/org.umd.logging(11161): Method > 1 com.androidquery.callback.AbstractAjaxCallback.run(com.cnn.mobile.android.phone.ui.BroadsheetFragment$BroadsheetSectionFragment$11@745639776)
I/org.umd.logging(11161): Method < 2190 tv.freewheel.utils.http.SimpleHttpClient.execute(org.apache.http.message.BasicHttpResponse@649072165)
V/AndroidCookieStore(11161): got cookie: _ha="";domain=.fwmrm.net;path=/;, for url: http://bea4.v.fwmrm.net/ad/p/1?
V/AndroidCookieStore(11161): got cookie: _drh="nontemporal-slot-1-1%3A11237935%2C11256385%2C11237936%2C11256386%2C%7C";domain=.fwmrm.net;path=/;, for url: http://bea4.v.fwmrm.net/ad/p/1?
V/AndroidCookieStore(11161): got cookie: _stid="48804.0.0%2C";expires=Wed, 13 Dec 2017 22:20:02 GMT;domain=.fwmrm.net;path=/;, for url: http://bea4.v.fwmrm.net/ad/p/1?
I/org.umd.logging(11161): Method > 1 com.cnn.mobile.android.phone.ui.BroadsheetFragment$BroadsheetSectionFragment$12.run(com.cnn.mobile.android.phone.ui.BroadsheetFragment$BroadsheetSectionFragment$12@853769210)
D/BroadsheetFragment(11161): createBroadsheetFragmentAdapter() gridviewPosition = 0 - position NOT USED -
I/org.umd.logging(11161): Method < 1 com.cnn.mobile.android.phone.ui.BroadsheetFragment$BroadsheetSectionFragment$12.run()
I/org.umd.logging(11161): Method < 1 com.androidquery.callback.AbstractAjaxCallback.run()
I/org.umd.logging(11161): Method > 2124 com.androidquery.util.Common.run(com.androidquery.util.Common@871519240)
I/org.umd.logging(11161): Method < 2124 com.androidquery.util.Common.run()
V/AndroidCookieStore(11161): got cookie: _sc="sg233924.1481667513.1481667602.28800.0.0%2C";expires=Thu, 12 Jan 2017 22:20:02 GMT;domain=.fwmrm.net;path=/;, for url: http://bea4.v.fwmrm.net/ad/p/1?
I/org.umd.logging(11161): Method > 1 com.androidquery.callback.AbstractAjaxCallback.execute(com.androidquery.callback.BitmapAjaxCallback@635264454)
I/org.umd.logging(11161): Method < 1 com.androidquery.callback.AbstractAjaxCallback.execute()
I/org.umd.logging(11161): Api > 1 android.view.ViewPropertyAnimator.start(android.view.ViewPropertyAnimator@693938356)
I/org.umd.logging(11161): Api < 1 android.view.ViewPropertyAnimator.start()
I/org.umd.logging(11161): Method > 2192 com.androidquery.callback.AbstractAjaxCallback.run(com.androidquery.callback.BitmapAjaxCallback@635264454)
D/URLLoader(11161): [0x2cbf]dispatchEvent(event=URLLoader.Load.Complete)
I/org.umd.logging(11161): Method > 2190 tv.freewheel.ad.AdContext$1.run(tv.freewheel.ad.AdContext$1@8914136, tv.freewheel.utils.events.Event@290430755)
D/AdContext(11161): [0x2cbf]got response: 
D/AdContext(11161): [0x2cbf]<adResponse networkId='48804' version='1'><rendererManifest version='1'>&lt;?xml version=&quot;1.0&quot; encoding=&quot;UTF-8&quot;?&gt;
D/AdContext(11161): &lt;adRenderers version=&apos;1&apos;&gt;&lt;adRenderer adUnit=&apos;still-image,fixed-size-interactive,app-interstitial,&apos; contentType=&apos;external/admob-view,external/admob-interstitial,external/admob,&apos; creativeApi=&apos;None,&apos; name=&apos;g_android_admob_since_5.5&apos; slotType=&apos;preroll,midroll,postroll,display,pause_midroll,&apos; url=&apos;class://tv.freewheel.renderers.admob.AdMobRenderer&apos;/&gt;&lt;adRenderer adUnit=&apos;video,still-image,fixed-size-interactive,linear-animation,slate,app-interstitial,&apos; contentType=&apos;external/vast-2,&apos; creativeApi=&apos;None,&apos; name=&apos;g_android_vast_since_5.5&apos; slotType=&apos;preroll,midroll,postroll,overlay,display,pause_midroll,&apos; url=&apos;class://tv.freewheel.renderers.vast.VastTranslator&apos;/&gt;&lt;adRenderer adUnit=&apos;video,slate,&apos; contentType=&apos;video/mp4-h264,video/mp4,video/m4v,video/mp4-mpeg4,video/mp4-mpeg4_simple,video/m4v-h264_less_eq_level_3_baseline-640-480-less_eq_1500_kbps-aaclc,video/mp4-h264_less_eq_level_3_baseline-640-480-less_eq_1500_kbps-aaclc,video/mov-h264_less_eq_level_3_baseline-640-480-less_eq_1500_kbps-aaclc,video/m4v-h264_less_level_1.3_baseline-320-240-less_eq_768_kbps-aaclc,video/mp4-h264_less_level_1.3_baseline-320-240-less_eq_768_kbps-aaclc,video/mov-h264_less_level_1.3_baseline-320-240-less_eq_768_kbps-aaclc,video/m4v-mpeg4-640-480-less_eq_2500_kbps-aaclc,video/mp4-mpeg4-640-480-less_eq_2500_kbps-aaclc,video/mov-mpeg4-640-480-less_eq_2500_kbps-aaclc,video/mp4-h264_less_eq_level_3.1_main-heaac,video/mp4-h264_less_eq_level_3.1_high-heaac,video/mp4-h264_less_eq_level_4.1_main-heaac,video/mp4-h264_less_eq_level_4.1_high-heaac,video/3gpp,video/webm,video/mp4-h264_less_eq_level_3_baseline-less_eq_768_kbps-aaclc,video/mp4-h264_less_eq_level_4.1_main-less_eq_768_kbps-aaclc,video/mp4-h264-baseline,&apos; creativeApi=&apos;None,&apos; name=&apos;g_android_video_since_5.5&apos; slotType=&apos;preroll,midroll,postroll,&apos; url=&apos;class://tv.freewheel.renderers.temporal.VideoRenderer&apos;/&gt;&lt;adRenderer adUnit=&apos;video,still-image,fixed-size-interactive,linear-animation,slate,app-interstitial,&apos; contentType=&apos;text/html_doc_ref,text/html_doc_lit_mobile,&apos; creativeApi=&apos;MRAID-1.0,None,MRAID-2.0,&apos; name=&apos;g_android_html_w_mraid2_since_5.8&apos; slotType=&apos;preroll,midroll,postroll,overlay,display,pause_midroll,&apos; url=&apos;class://tv.freewheel.renderers.html.HTMLRenderer&apos;&gt;&lt;parameter name=&apos;renderer.html.isBackgroundTransparent&apos; value=&apos;true&apos;/&gt;&lt;/adRenderer&gt;&lt;/adRenderers&gt;</rendererManifest><parameters><parameter category='profile' name='fwImpressionMap'><![CDATA[i:defaultImpression:29 ]]></parameter><parameter category='profile' name='replaceMissingCompanion'><![CDATA[blank]]></parameter></parameters><visitor/><siteSection customId='cnn.com_mobile_apps_main_androidphone_world'><videoPlayer><videoAsset><adSlots/></videoAsset></videoPlayer><adSlots/></siteSection><eventCallbacks><eventCallback type='GENERIC' url='http://bea4.v.fwmrm.net/ad/l/1?s=a133&amp;n=48804%3B48804%3B379619%3B381963&amp;t=1481667602697146005'/></eventCallbacks></adResponse>
V/AdResponse(11161): [0x2cbf]parseXMLString: name: rendererManifest
V/AdResponse(11161): [0x2cbf]parseAdRenderers: <?xml version="1.0" encoding="UTF-8"?>
V/AdResponse(11161): <adRenderers version='1'><adRenderer adUnit='still-image,fixed-size-interactive,app-interstitial,' contentType='external/admob-view,external/admob-interstitial,external/admob,' creativeApi='None,' name='g_android_admob_since_5.5' slotType='preroll,midroll,postroll,display,pause_midroll,' url='class://tv.freewheel.renderers.admob.AdMobRenderer'/><adRenderer adUnit='video,still-image,fixed-size-interactive,linear-animation,slate,app-interstitial,' contentType='external/vast-2,' creativeApi='None,' name='g_android_vast_since_5.5' slotType='preroll,midroll,postroll,overlay,display,pause_midroll,' url='class://tv.freewheel.renderers.vast.VastTranslator'/><adRenderer adUnit='video,slate,' contentType='video/mp4-h264,video/mp4,video/m4v,video/mp4-mpeg4,video/mp4-mpeg4_simple,video/m4v-h264_less_eq_level_3_baseline-640-480-less_eq_1500_kbps-aaclc,video/mp4-h264_less_eq_level_3_baseline-640-480-less_eq_1500_kbps-aaclc,video/mov-h264_less_eq_level_3_baseline-640-480-less_eq_1500_kbps-aaclc,video/m4v-h264_less_level_1.3_baseline-320-240-less_eq_768_kbps-aaclc,video/mp4-h264_less_level_1.3_baseline-320-240-less_eq_768_kbps-aaclc,video/mov-h264_less_level_1.3_baseline-320-240-less_eq_768_kbps-aaclc,video/m4v-mpeg4-640-480-less_eq_2500_kbps-aaclc,video/mp4-mpeg4-640-480-less_eq_2500_kbps-aaclc,video/mov-mpeg4-640-480-less_eq_2500_kbps-aaclc,video/mp4-h264_less_eq_level_3.1_main-heaac,video/mp4-h264_less_eq_level_3.1_high-heaac,video/mp4-h264_less_eq_level_4.1_main-heaac,video/mp4-h264_less_eq_level_4.1_high-heaac,video/3gpp,video/webm,video/mp4-h264_less_eq_level_3_baseline-less_eq_768_kbps-aaclc,video/mp4-h264_less_eq_level_4.1_main-less_eq_768_kbps-aaclc,video/mp4-h264-baseline,' creativeApi='None,' name='g_android_video_since_5.5' slotType='preroll,midroll,postroll,' url='class://tv.freewheel.renderers.temporal.VideoRenderer'/><adRenderer adUnit='video,still-image,fixed-size-interactive,linear-animation,slate,app-interstitial,' contentType='text/html_doc_ref,text/html_doc_lit_mobile,' creativeApi='MRAID-1.0,None,MRAID-2.0,' name='g_android_html_w_mraid2_since_5.8' slotType='preroll,midroll,postroll,overlay,display,pause_midroll,' url='class://tv.freewheel.renderers.html.HTMLRenderer'><parameter name='renderer.html.isBackgroundTransparent' value='true'/></adRenderer></adRenderers>
V/AdResponse(11161): [0x2cbf]parseAdRendererNode, name: adRenderer
V/AdResponse(11161): [0x2cbf]parseAdRendererNode, name: adRenderer
I/org.umd.logging(11161): Method > 1 com.androidquery.callback.AbstractAjaxCallback.execute(com.androidquery.callback.BitmapAjaxCallback@427138080)
V/AdResponse(11161): [0x2cbf]parseAdRendererNode, name: adRenderer
V/AdResponse(11161): [0x2cbf]parseAdRendererNode, name: adRenderer
V/AdRenderer(11161): [0x2cbf]parse(), name: parameter
V/AdResponse(11161): [0x2cbf]parseXMLString: name: parameters
I/org.umd.logging(11161): Method < 1 com.androidquery.callback.AbstractAjaxCallback.execute()
D/ParametersHolder(11161): profile parameter name:fwImpressionMap value:i:defaultImpression:29 
I/org.umd.logging(11161): Api > 1 android.view.ViewPropertyAnimator.start(android.view.ViewPropertyAnimator@289693598)
I/org.umd.logging(11161): Api < 1 android.view.ViewPropertyAnimator.start()
D/ParametersHolder(11161): profile parameter name:replaceMissingCompanion value:blank
V/AdResponse(11161): [0x2cbf]parseXMLString: name: visitor
V/AdResponse(11161): [0x2cbf]parseXMLString: name: siteSection
V/AdResponse(11161): [0x2cbf]parseSiteSection, name: adSlots
V/AdResponse(11161): [0x2cbf]parseSiteSection, name: videoPlayer
V/AdResponse(11161): [0x2cbf]parseVideoPlayer, name: videoAsset
V/VideoAsset(11161): [0x2cbf]parse(), name: adSlots
V/AdResponse(11161): [0x2cbf]parseXMLString: name: eventCallbacks
D/AdContext(11161): [0x2cbf]loadExtension: MedialetsExtension
D/MedialetsExtension(11161): init
W/AdContext(11161): [0x2cbf]Need re-dispatchEvent extensionLoaded on main UI thread.
D/AdContext(11161): [0x2cbf]loadExtension: PauseAdExtension
D/PauseAdExtension(11161): init
D/AdContext(11161): [0x2cbf]addEventListener(type=requestComplete, listener=tv.freewheel.extension.pausead.PauseAdExtension$1@8685a4c)
D/AdContext(11161): [0x2cbf]removeEventListener(type=requestComplete, listener=tv.freewheel.extension.pausead.PauseAdExtension$1@8685a4c)
W/AdContext(11161): [0x2cbf]Need re-dispatchEvent extensionLoaded on main UI thread.
D/AdContext(11161): [0x2cbf]loadExtension: BlueKaiDataExtension
D/BlueKaiDataExtension(11161): init
D/AdContext(11161): [0x2cbf]addEventListener(type=requestComplete, listener=tv.freewheel.extension.blueKai.BlueKaiDataExtension$1@2b9ca95)
D/AdContext(11161): [0x2cbf]removeEventListener(type=requestComplete, listener=tv.freewheel.extension.blueKai.BlueKaiDataExtension$1@2b9ca95)
W/AdContext(11161): [0x2cbf]Need re-dispatchEvent extensionLoaded on main UI thread.
W/AdContext(11161): [0x2cbf]Need re-dispatchEvent requestComplete on main UI thread.
I/org.umd.logging(11161): Method < 2190 tv.freewheel.ad.AdContext$1.run()
V/URLLoader(11161): httpclient[293311593] for URL: http://bea4.v.fwmrm.net/ad/p/1? is reclaimed
I/org.umd.logging(11161): Method < 2190 tv.freewheel.utils.URLLoader$1.run()
I/org.umd.logging(11161): Method > 2193 com.androidquery.callback.AbstractAjaxCallback.run(com.androidquery.callback.BitmapAjaxCallback@427138080)
I/org.umd.logging(11161): Method > 1 com.androidquery.callback.AbstractAjaxCallback.execute(com.androidquery.callback.BitmapAjaxCallback@152229802)
I/org.umd.logging(11161): Method < 1 com.androidquery.callback.AbstractAjaxCallback.execute()
I/org.umd.logging(11161): Api > 1 android.view.ViewPropertyAnimator.start(android.view.ViewPropertyAnimator@803655480)
I/org.umd.logging(11161): Api < 1 android.view.ViewPropertyAnimator.start()
I/org.umd.logging(11161): Method < 2192 com.androidquery.callback.AbstractAjaxCallback.run()
I/org.umd.logging(11161): Method > 2194 com.androidquery.callback.AbstractAjaxCallback.run(com.androidquery.callback.BitmapAjaxCallback@152229802)
I/org.umd.logging(11161): Method < 2193 com.androidquery.callback.AbstractAjaxCallback.run()
I/org.umd.logging(11161): Method > 2194 com.androidquery.callback.AbstractAjaxCallback.execute(com.androidquery.callback.BitmapAjaxCallback@152229802, org.apache.http.client.methods.HttpGet@597607542, org.apache.http.impl.client.DefaultHttpClient@841076268, org.apache.http.protocol.BasicHttpContext@867814007)
I/org.umd.logging(11161): Api > 2194 org.apache.http.impl.client.DefaultHttpClient.execute(org.apache.http.impl.client.DefaultHttpClient@841076268, org.apache.http.client.methods.HttpGet@597607542, org.apache.http.protocol.BasicHttpContext@867814007)
I/org.umd.logging(11161): Method > 1 com.androidquery.callback.AbstractAjaxCallback.execute(com.androidquery.callback.BitmapAjaxCallback@301373203)
I/org.umd.logging(11161): Method < 1 com.androidquery.callback.AbstractAjaxCallback.execute()
I/org.umd.logging(11161): Method > 2195 com.androidquery.callback.AbstractAjaxCallback.run(com.androidquery.callback.BitmapAjaxCallback@301373203)
I/org.umd.logging(11161): Api > 1 android.view.ViewPropertyAnimator.start(android.view.ViewPropertyAnimator@149388105)
I/org.umd.logging(11161): Api < 1 android.view.ViewPropertyAnimator.start()
I/org.umd.logging(11161): Method > 2195 com.androidquery.callback.AbstractAjaxCallback.execute(com.androidquery.callback.BitmapAjaxCallback@301373203, org.apache.http.client.methods.HttpGet@287936879, org.apache.http.impl.client.DefaultHttpClient@841076268, org.apache.http.protocol.BasicHttpContext@601681532)
I/org.umd.logging(11161): Api > 2195 org.apache.http.impl.client.DefaultHttpClient.execute(org.apache.http.impl.client.DefaultHttpClient@841076268, org.apache.http.client.methods.HttpGet@287936879, org.apache.http.protocol.BasicHttpContext@601681532)
I/org.umd.logging(11161): Method > 1 com.androidquery.callback.AbstractAjaxCallback.execute(com.androidquery.callback.BitmapAjaxCallback@325615450)
I/org.umd.logging(11161): Api < 2194 org.apache.http.impl.client.DefaultHttpClient.execute(org.apache.http.message.BasicHttpResponse@870831499)
I/org.umd.logging(11161): Method < 2194 com.androidquery.callback.AbstractAjaxCallback.execute(org.apache.http.message.BasicHttpResponse@870831499)
I/org.umd.logging(11161): Method < 1 com.androidquery.callback.AbstractAjaxCallback.execute()
I/org.umd.logging(11161): Api > 1 android.view.ViewPropertyAnimator.start(android.view.ViewPropertyAnimator@826832488)
I/org.umd.logging(11161): Api < 1 android.view.ViewPropertyAnimator.start()
I/org.umd.logging(11161): Method > 2192 com.androidquery.callback.AbstractAjaxCallback.run(com.androidquery.callback.BitmapAjaxCallback@325615450)
I/org.umd.logging(11161): Method > 2192 com.androidquery.callback.AbstractAjaxCallback.execute(com.androidquery.callback.BitmapAjaxCallback@325615450, org.apache.http.client.methods.HttpGet@530528038, org.apache.http.impl.client.DefaultHttpClient@841076268, org.apache.http.protocol.BasicHttpContext@117194599)
I/org.umd.logging(11161): Api > 2192 org.apache.http.impl.client.DefaultHttpClient.execute(org.apache.http.impl.client.DefaultHttpClient@841076268, org.apache.http.client.methods.HttpGet@530528038, org.apache.http.protocol.BasicHttpContext@117194599)
I/org.umd.logging(11161): Method > 1 com.androidquery.callback.AbstractAjaxCallback.execute(com.androidquery.callback.BitmapAjaxCallback@480513469)
I/org.umd.logging(11161): Method > 2193 com.androidquery.callback.AbstractAjaxCallback.run(com.androidquery.callback.BitmapAjaxCallback@480513469)
I/org.umd.logging(11161): Method < 1 com.androidquery.callback.AbstractAjaxCallback.execute()
I/org.umd.logging(11161): Api > 1 android.view.ViewPropertyAnimator.start(android.view.ViewPropertyAnimator@188194738)
I/org.umd.logging(11161): Api < 1 android.view.ViewPropertyAnimator.start()
I/org.umd.logging(11161): Method > 2193 com.androidquery.callback.AbstractAjaxCallback.execute(com.androidquery.callback.BitmapAjaxCallback@480513469, org.apache.http.client.methods.HttpGet@375499392, org.apache.http.impl.client.DefaultHttpClient@841076268, org.apache.http.protocol.BasicHttpContext@680052921)
I/org.umd.logging(11161): Api > 2193 org.apache.http.impl.client.DefaultHttpClient.execute(org.apache.http.impl.client.DefaultHttpClient@841076268, org.apache.http.client.methods.HttpGet@375499392, org.apache.http.protocol.BasicHttpContext@680052921)
I/org.umd.logging(11161): Api < 2195 org.apache.http.impl.client.DefaultHttpClient.execute(org.apache.http.message.BasicHttpResponse@91680428)
I/org.umd.logging(11161): Method < 2195 com.androidquery.callback.AbstractAjaxCallback.execute(org.apache.http.message.BasicHttpResponse@91680428)
I/org.umd.logging(11161): Method > 1 com.androidquery.callback.AbstractAjaxCallback.execute(com.androidquery.callback.BitmapAjaxCallback@358889333)
I/org.umd.logging(11161): Method < 1 com.androidquery.callback.AbstractAjaxCallback.execute()
I/org.umd.logging(11161): Api > 1 android.view.ViewPropertyAnimator.start(android.view.ViewPropertyAnimator@1041199882)
I/org.umd.logging(11161): Api < 1 android.view.ViewPropertyAnimator.start()
I/org.umd.logging(11161): Api < 2192 org.apache.http.impl.client.DefaultHttpClient.execute(org.apache.http.message.BasicHttpResponse@206427633)
I/org.umd.logging(11161): Method < 2192 com.androidquery.callback.AbstractAjaxCallback.execute(org.apache.http.message.BasicHttpResponse@206427633)
I/org.umd.logging(11161): Method > 1 com.androidquery.callback.AbstractAjaxCallback.execute(com.androidquery.callback.BitmapAjaxCallback@498709974)
I/org.umd.logging(11161): Method < 1 com.androidquery.callback.AbstractAjaxCallback.execute()
I/org.umd.logging(11161): Api > 1 android.view.ViewPropertyAnimator.start(android.view.ViewPropertyAnimator@922603607)
I/org.umd.logging(11161): Api < 1 android.view.ViewPropertyAnimator.start()
I/org.umd.logging(11161): Method > 1 com.androidquery.callback.AbstractAjaxCallback.execute(com.androidquery.callback.BitmapAjaxCallback@374923309)
I/org.umd.logging(11161): Api < 2193 org.apache.http.impl.client.DefaultHttpClient.execute(org.apache.http.message.BasicHttpResponse@670259554)
I/org.umd.logging(11161): Method < 2193 com.androidquery.callback.AbstractAjaxCallback.execute(org.apache.http.message.BasicHttpResponse@670259554)
I/org.umd.logging(11161): Method < 1 com.androidquery.callback.AbstractAjaxCallback.execute()
I/org.umd.logging(11161): Api > 1 android.view.ViewPropertyAnimator.start(android.view.ViewPropertyAnimator@732240627)
I/org.umd.logging(11161): Api < 1 android.view.ViewPropertyAnimator.start()
I/org.umd.logging(11161): Method > 1 com.androidquery.callback.AbstractAjaxCallback.execute(com.androidquery.callback.BitmapAjaxCallback@62056421)
I/org.umd.logging(11161): Method < 1 com.androidquery.callback.AbstractAjaxCallback.execute()
I/org.umd.logging(11161): Api > 1 android.view.ViewPropertyAnimator.start(android.view.ViewPropertyAnimator@368227002)
I/org.umd.logging(11161): Api < 1 android.view.ViewPropertyAnimator.start()
I/org.umd.logging(11161): Method < 2195 com.androidquery.callback.AbstractAjaxCallback.run()
I/org.umd.logging(11161): Method > 2195 com.androidquery.callback.AbstractAjaxCallback.run(com.androidquery.callback.BitmapAjaxCallback@358889333)
I/org.umd.logging(11161): Method < 2193 com.androidquery.callback.AbstractAjaxCallback.run()
I/org.umd.logging(11161): Method > 2193 com.androidquery.callback.AbstractAjaxCallback.run(com.androidquery.callback.BitmapAjaxCallback@498709974)
I/org.umd.logging(11161): Method < 2194 com.androidquery.callback.AbstractAjaxCallback.run()
I/org.umd.logging(11161): Method > 2194 com.androidquery.callback.AbstractAjaxCallback.run(com.androidquery.callback.BitmapAjaxCallback@374923309)
I/org.umd.logging(11161): Method > 1 com.androidquery.callback.AbstractAjaxCallback.execute(com.androidquery.callback.BitmapAjaxCallback@564086984)
I/org.umd.logging(11161): Method < 1 com.androidquery.callback.AbstractAjaxCallback.execute()
I/org.umd.logging(11161): Api > 1 android.view.ViewPropertyAnimator.start(android.view.ViewPropertyAnimator@732896609)
I/org.umd.logging(11161): Api < 1 android.view.ViewPropertyAnimator.start()
I/org.umd.logging(11161): Method < 2192 com.androidquery.callback.AbstractAjaxCallback.run()
I/org.umd.logging(11161): Method > 2192 com.androidquery.callback.AbstractAjaxCallback.run(com.androidquery.callback.BitmapAjaxCallback@62056421)
I/org.umd.logging(11161): Method > 2192 com.androidquery.callback.AbstractAjaxCallback.execute(com.androidquery.callback.BitmapAjaxCallback@62056421, org.apache.http.client.methods.HttpGet@800947527, org.apache.http.impl.client.DefaultHttpClient@841076268, org.apache.http.protocol.BasicHttpContext@1002711412)
I/org.umd.logging(11161): Api > 2192 org.apache.http.impl.client.DefaultHttpClient.execute(org.apache.http.impl.client.DefaultHttpClient@841076268, org.apache.http.client.methods.HttpGet@800947527, org.apache.http.protocol.BasicHttpContext@1002711412)
I/org.umd.logging(11161): Method > 1 com.androidquery.callback.AbstractAjaxCallback.execute(com.androidquery.callback.BitmapAjaxCallback@987704989)
I/org.umd.logging(11161): Method < 1 com.androidquery.callback.AbstractAjaxCallback.execute()
I/org.umd.logging(11161): Api > 1 android.view.ViewPropertyAnimator.start(android.view.ViewPropertyAnimator@1000922898)
I/org.umd.logging(11161): Api < 1 android.view.ViewPropertyAnimator.start()
I/org.umd.logging(11161): Method < 2194 com.androidquery.callback.AbstractAjaxCallback.run()
I/org.umd.logging(11161): Method > 2194 com.androidquery.callback.AbstractAjaxCallback.run(com.androidquery.callback.BitmapAjaxCallback@564086984)
I/org.umd.logging(11161): Method < 2193 com.androidquery.callback.AbstractAjaxCallback.run()
I/org.umd.logging(11161): Method > 2193 com.androidquery.callback.AbstractAjaxCallback.run(com.androidquery.callback.BitmapAjaxCallback@987704989)
I/org.umd.logging(11161): Method > 2194 com.androidquery.callback.AbstractAjaxCallback.execute(com.androidquery.callback.BitmapAjaxCallback@564086984, org.apache.http.client.methods.HttpGet@800352480, org.apache.http.impl.client.DefaultHttpClient@841076268, org.apache.http.protocol.BasicHttpContext@84219801)
I/org.umd.logging(11161): Api > 2194 org.apache.http.impl.client.DefaultHttpClient.execute(org.apache.http.impl.client.DefaultHttpClient@841076268, org.apache.http.client.methods.HttpGet@800352480, org.apache.http.protocol.BasicHttpContext@84219801)
I/org.umd.logging(11161): Method > 2193 com.androidquery.callback.AbstractAjaxCallback.execute(com.androidquery.callback.BitmapAjaxCallback@987704989, org.apache.http.client.methods.HttpGet@162650718, org.apache.http.impl.client.DefaultHttpClient@841076268, org.apache.http.protocol.BasicHttpContext@334941759)
I/org.umd.logging(11161): Api > 2193 org.apache.http.impl.client.DefaultHttpClient.execute(org.apache.http.impl.client.DefaultHttpClient@841076268, org.apache.http.client.methods.HttpGet@162650718, org.apache.http.protocol.BasicHttpContext@334941759)
I/org.umd.logging(11161): Method < 2195 com.androidquery.callback.AbstractAjaxCallback.run()
I/org.umd.logging(11161): Method > 1 tv.freewheel.ad.AdContext$5.run(tv.freewheel.ad.AdContext$5@916927244)
D/AdContext(11161): [0x2b99]dispatchEvent(event=extensionLoaded)
I/org.umd.logging(11161): Method < 1 tv.freewheel.ad.AdContext$5.run()
I/org.umd.logging(11161): Method > 1 tv.freewheel.ad.AdContext$5.run(tv.freewheel.ad.AdContext$5@1040618581)
D/AdContext(11161): [0x2b99]dispatchEvent(event=extensionLoaded)
I/org.umd.logging(11161): Method < 1 tv.freewheel.ad.AdContext$5.run()
I/org.umd.logging(11161): Method > 1 tv.freewheel.ad.AdContext$5.run(tv.freewheel.ad.AdContext$5@951926378)
D/AdContext(11161): [0x2b99]dispatchEvent(event=extensionLoaded)
I/org.umd.logging(11161): Method < 1 tv.freewheel.ad.AdContext$5.run()
I/org.umd.logging(11161): Method > 1 tv.freewheel.ad.AdContext$5.run(tv.freewheel.ad.AdContext$5@26480475)
D/AdContext(11161): [0x2b99]dispatchEvent(event=requestComplete)
I/org.umd.logging(11161): Method > 1 com.cnn.mobile.android.phone.ads.AdsHelper$1.run(com.cnn.mobile.android.phone.ads.AdsHelper$1@417560044, tv.freewheel.utils.events.Event@68842488)
I/org.umd.logging(11161): Method > 1 com.cnn.mobile.android.phone.ads.AdsHelper$1$1.run(com.cnn.mobile.android.phone.ads.AdsHelper$1$1@946413777)
D/AdsHelper(11161): $$$ requestAd onAdRequestComplete() single ad. Ads returned = (0) page=3 position=99
D/AdsHelper(11161): $$$ requestAd onAdRequestComplete() single ad. Ads temporal = (0) event={message=request succeeded, success=true} position=99
D/AdsHelper(11161): NO FREEWHEEL AD RETURNED!!!!!!!!!!!!!!  (768x1038) position=99
I/org.umd.logging(11161): Method < 1 com.cnn.mobile.android.phone.ads.AdsHelper$1$1.run()
I/org.umd.logging(11161): Method < 1 com.cnn.mobile.android.phone.ads.AdsHelper$1.run()
I/org.umd.logging(11161): Method > 1 tv.freewheel.extension.pausead.PauseAdExtension$1.run(tv.freewheel.extension.pausead.PauseAdExtension$1@141056588, tv.freewheel.utils.events.Event@68842488)
D/PauseAdExtension(11161): requestCompleteListener()
D/PauseAdExtension(11161): toBePlayedPauseSlotCustomId:null
I/org.umd.logging(11161): Api < 2192 org.apache.http.impl.client.DefaultHttpClient.execute(org.apache.http.message.BasicHttpResponse@1063835446)
I/org.umd.logging(11161): Method < 2192 com.androidquery.callback.AbstractAjaxCallback.execute(org.apache.http.message.BasicHttpResponse@1063835446)
D/AdContext(11161): [0x2b99]addEventListener(type=userActionNotified, listener=tv.freewheel.extension.pausead.PauseAdExtension$2@1afa4637)
D/AdContext(11161): [0x2b99]removeEventListener(type=userActionNotified, listener=tv.freewheel.extension.pausead.PauseAdExtension$2@1afa4637)
D/AdContext(11161): [0x2b99]addEventListener(type=slotStarted, listener=tv.freewheel.extension.pausead.PauseAdExtension$3@37ed7a4)
D/AdContext(11161): [0x2b99]removeEventListener(type=slotStarted, listener=tv.freewheel.extension.pausead.PauseAdExtension$3@37ed7a4)
D/AdContext(11161): [0x2b99]addEventListener(type=slotEnded, listener=tv.freewheel.extension.pausead.PauseAdExtension$4@f8df90d)
D/AdContext(11161): [0x2b99]removeEventListener(type=slotEnded, listener=tv.freewheel.extension.pausead.PauseAdExtension$4@f8df90d)
D/AdContext(11161): [0x2b99]addEventListener(type=defaultImpression, listener=tv.freewheel.extension.pausead.PauseAdExtension$5@e6330c2)
D/AdContext(11161): [0x2b99]removeEventListener(type=defaultImpression, listener=tv.freewheel.extension.pausead.PauseAdExtension$5@e6330c2)
D/AdContext(11161): [0x2b99]addEventListener(type=_e_unknown, listener=tv.freewheel.extension.pausead.PauseAdExtension$6@11230ed3)
D/AdContext(11161): [0x2b99]removeEventListener(type=_e_unknown, listener=tv.freewheel.extension.pausead.PauseAdExtension$6@11230ed3)
I/org.umd.logging(11161): Method < 1 tv.freewheel.extension.pausead.PauseAdExtension$1.run()
I/org.umd.logging(11161): Method > 1 tv.freewheel.extension.blueKai.BlueKaiDataExtension$1.run(tv.freewheel.extension.blueKai.BlueKaiDataExtension$1@45730453, tv.freewheel.utils.events.Event@68842488)
D/BlueKaiDataExtension(11161): requestCompleteListener()
I/org.umd.logging(11161): Method < 1 tv.freewheel.extension.blueKai.BlueKaiDataExtension$1.run()
