D/flipboard_fdl(11161): [DEBUG:1] Fdl request ad/query https://ad.flipboard.com/query?device=aphone-LGE-Nexus+4-22&user_id=6yr7URK-rJ2NOAQvoijuPkK3kAs4l5cfqNs_bAfnxJRUG-4RuN4Zee4cFa1Py7yeE_RGPFlsMa5RUn2wjDzshNUht5GmFjiz8-ns8pPEpq2NsXPzTQ2pb6GU3Ca3W0ANIfFUBwXcsjjcD7opGgiuy1QhI6Y63WXdHuu5TQIDuWV_rPI1-6LRKIbLlyHWMf2rYg&user_id_type=cnn_access_token&model=LGE-Nexus+4&ver=0.60&feed_id=flipboard%252Fmix%25252F205808993&content_category=World&partner_id=cnn&page_index=0&screensize=4.4233003&refresh=true
D/flipboard_fdl(11161): [DEBUG:1] Report page move - pagesWithSnapshotUpdated[0] is 1
D/ArticleFlipboardFragment(11161): flip notify PAGE_MOVE
D/ArticleFlipboardFragment(11161): Page moved. 0 hasImage=true
I/org.umd.logging(11161): Api > 2163 java.net.URL.openConnection(java.net.URL@267536744<URL=https://ad.flipboard.com/query?device=aphone-LGE-Nexus+4-22&user_id=6yr7URK-rJ2NOAQvoijuPkK3kAs4l5cfqNs_bAfnxJRUG-4RuN4Zee4cFa1Py7yeE_RGPFlsMa5RUn2wjDzshNUht5GmFjiz8-ns8pPEpq2NsXPzTQ2pb6GU3Ca3W0ANIfFUBwXcsjjcD7opGgiuy1QhI6Y63WXdHuu5TQIDuWV_rPI1-6LRKIbLlyHWMf2rYg&user_id_type=cnn_access_token&model=LGE-Nexus+4&ver=0.60&feed_id=flipboard%252Fmix%25252F205808993&content_category=World&partner_id=cnn&page_index=0&screensize=4.4233003&refresh=true>)
D/flipboard_fdl(11161): [DEBUG:1] Report page move - page 0, hasImage true
I/org.umd.logging(11161): Api < 2163 java.net.URL.openConnection(com.android.okhttp.internal.http.HttpsURLConnectionImpl@183968129)
D/flipboard_fdl(11161): [DEBUG:1] POST usage data {"event_action":"item_load","event_category":"general","prod_type":"embedded","event_data":{"partner_id":"CNN","app_id":"cnn","load_time":7118,"nav_from":"eap_app","url":"http:\/\/www.cnn.com\/\/2016\/12\/13\/asia\/myanmar-rakhine-state-villages\/index.html"},"properties":{"unique_id":"4c9e04cf6a4bf19f49c40e051febd6b8b1b02381","time":1481667623947,"time_offset":-300,"app_version":"","locale":"en_US","appmode":"aphone","device_model":"LGE","device_version":"Nexus 4","network":"unknown","os":"android","os_version":"5.1.1\/22"}}
D/flipboard_fdl(11161): [DEBUG:1] FlipmagWebView Flipmag loading all finished. Received FlipmagBridge  pagination-did-finish
D/flipboard_fdl(11161): [DEBUG:1] flbridge contentWidth 384
I/org.umd.logging(11161): Api > 2162 java.net.URL.openConnection(java.net.URL@855797351<URL=https://ue.flipboard.com/usage>)
I/org.umd.logging(11161): Api < 2162 java.net.URL.openConnection(com.android.okhttp.internal.http.HttpsURLConnectionImpl@5674004)
D/flipboard_fdl(11161): [DEBUG:1] hide page transition viewpager
D/flipboard_fdl(11161): [DEBUG:1] Report page move - pagesWithSnapshotUpdated[0] is 1
D/ArticleFlipboardFragment(11161): flip notify PAGE_MOVE
D/ArticleFlipboardFragment(11161): Page moved. 0 hasImage=true
D/flipboard_fdl(11161): [DEBUG:1] Report page move - page 0, hasImage true
I/System.out(11161): Drawing 0 to android.graphics.Canvas@217354bd for flipboard.eap.gui.FlipmagWebProxyView{291adab2 V.ED.... ......ID 0,0-768,990}
I/org.umd.logging(11161): Method > 2163 com.android.volley.ExecutorDelivery$1.execute(com.android.volley.ExecutorDelivery$1@470270547, com.android.volley.ExecutorDelivery$ResponseDeliveryRunnable@113084931)
I/org.umd.logging(11161): Method < 2163 com.android.volley.ExecutorDelivery$1.execute()
I/org.umd.logging(11161): Method > 1 com.android.volley.ExecutorDelivery$ResponseDeliveryRunnable.run(com.android.volley.ExecutorDelivery$ResponseDeliveryRunnable@113084931)
E/flipboard_fdl(11161): [ERROR:4] FdlClient ads query received invalid json for {"ad":{"ad_type":"no-ad","impression_value":"2~HBwYBVdvcmxkGB1mbGlwYm9hcmQlMkZtaXglMjUyRjIwNTgwODk5M0IYA2NubhWSCTUCABwYBDAuNjAVBhgLTEdFLU5leHVzIDQYFWFwaG9uZS1MR0UtTmV4dXMgNC0yMgAsJdwDFfg6Jd4TABUIHCjCATZ5cjdVUkstckoyTk9BUXZvaWp1UGtLM2tBczRsNWNmcU5zX2JBZm54SlJVRy00UnVONFplZTRjRmExUHk3eWVFX1JHUEZsc01hNVJVbjJ3akR6c2hOVWh0NUdtRmppejgtbnM4cFBFcHEyTnNYUHpUUTJwYjZHVTNDYTNXMEFOSWZGVUJ3WGNzampjRDdvcEdnaXV5MVFoSTZZNjNXWGRIdXU1VFFJRHVXVl9yUEkxLTZMUktJYkxseUhXTWYycllnFQQYEGNubl9hY2Nlc3NfdG9rZW4iFQAAABxYJDAyODVmNzA1LTViZDEtNGE2MC04ZDYyLTM5ZTA0NmUyMDEwMSIAGCg2ZDY5ZjJiNTllZjg0N2I3NWY0MGVkMDNjY2Q4NDZlNmQ4OTBiZmU5AA","min_items_before_shown":4,"min_pages_before_shown":4},"ads":[{"ad_type":"no-ad","impression_value":"2~HBwYBVdvcmxkGB1mbGlwYm9hcmQlMkZtaXglMjUyRjIwNTgwODk5M0IYA2NubhWSCTUCABwYBDAuNjAVBhgLTEdFLU5leHVzIDQYFWFwaG9uZS1MR0UtTmV4dXMgNC0yMgAsJdwDFfg6Jd4TABUIHCjCATZ5cjdVUkstckoyTk9BUXZvaWp1UGtLM2tBczRsNWNmcU5zX2JBZm54SlJVRy00UnVONFplZTRjRmExUHk3eWVFX1JHUEZsc01hNVJVbjJ3akR6c2hOVWh0NUdtRmppejgtbnM4cFBFcHEyTnNYUHpUUTJwYjZHVTNDYTNXMEFOSWZGVUJ3WGNzampjRDdvcEdnaXV5MVFoSTZZNjNXWGRIdXU1VFFJRHVXVl9yUEkxLTZMUktJYkxseUhXTWYycllnFQQYEGNubl9hY2Nlc3NfdG9rZW4iFQAAABxYJDAyODVmNzA1LTViZDEtNGE2MC04ZDYyLTM5ZTA0NmUyMDEwMSIAGCg2ZDY5ZjJiNTllZjg0N2I3NWY0MGVkMDNjY2Q4NDZlNmQ4OTBiZmU5AA","min_items_before_shown":4,"min_pages_before_shown":4}],"success":true,"code":200,"time":0}
E/flipboard_fdl(11161): [ERROR:4] Ad QUERY FAIL --------
I/org.umd.logging(11161): Method < 1 com.android.volley.ExecutorDelivery$ResponseDeliveryRunnable.run()
I/org.umd.logging(11161): Method > 2162 com.android.volley.ExecutorDelivery$1.execute(com.android.volley.ExecutorDelivery$1@470270547, com.android.volley.ExecutorDelivery$ResponseDeliveryRunnable@538107264)
I/org.umd.logging(11161): Method < 2162 com.android.volley.ExecutorDelivery$1.execute()
I/org.umd.logging(11161): Method > 1 com.android.volley.ExecutorDelivery$ResponseDeliveryRunnable.run(com.android.volley.ExecutorDelivery$ResponseDeliveryRunnable@538107264)
I/org.umd.logging(11161): Method < 1 com.android.volley.ExecutorDelivery$ResponseDeliveryRunnable.run()
E/Cataloger( 6490): syncFile:/storage/emulated/0/2016-12-13_05:20:25.555.jpg
W/ResourceType(11161): No known package when getting name for resource number 0xffffffff
I/org.umd.logging(11161): Method > 1 flipboard.eap.gui.FlipmagArticleView.onInterceptTouchEvent(flipboard.eap.gui.FlipmagArticleView@1036795212<file=2016-12-13_05:20:25.555><x=0><y=194><width=768><height=990><id=-1>, android.view.MotionEvent@250759211)
E/Cataloger( 6490): syncFile:/storage/emulated/0/2016-12-13_05:20:25.555.jpg
I/org.umd.logging(11161): Method < 1 flipboard.eap.gui.FlipmagArticleView.onInterceptTouchEvent(true)
E/Cataloger( 6490): syncFile:/storage/emulated/0/2016-12-13_05:20:25.764.jpg
W/ResourceType(11161): No known package when getting name for resource number 0xffffffff
I/org.umd.logging(11161): Method > 1 flipboard.eap.gui.FlipmagArticleView.onTouchEvent(flipboard.eap.gui.FlipmagArticleView@1036795212<file=2016-12-13_05:20:25.764><x=0><y=194><width=768><height=990><id=-1>, android.view.MotionEvent@250759211)
E/Cataloger( 6490): syncFile:/storage/emulated/0/2016-12-13_05:20:25.764.jpg
E/Cataloger( 6490): syncFile:/storage/emulated/0/2016-12-13_05:20:25.973.jpg
I/org.umd.logging(11161): Method > 1 fr.castorflex.android.verticalviewpager.VerticalViewPager.onTouchEvent(fr.castorflex.android.verticalviewpager.VerticalViewPager@1064006037<file=2016-12-13_05:20:25.973><x=0><y=194><width=768><height=990><id=2131231070><imagename=verticalviewpager>, android.view.MotionEvent@250759211)
E/Cataloger( 6490): syncFile:/storage/emulated/0/2016-12-13_05:20:25.973.jpg
I/org.umd.logging(11161): Method < 1 fr.castorflex.android.verticalviewpager.VerticalViewPager.onTouchEvent(true)
I/art     (11161): Background partial concurrent mark sweep GC freed 1649(117KB) AllocSpace objects, 5(17MB) LOS objects, 21% free, 59MB/75MB, paused 15.748ms total 90.706ms
E/Cataloger( 6490): syncFile:/storage/emulated/0/2016-12-13_05:20:26.174.jpg
W/ResourceType(11161): No known package when getting name for resource number 0xffffffff
I/org.umd.logging(11161): Method > 1 flipboard.eap.gui.FlipmagWebView.onTouchEvent(flipboard.eap.gui.FlipmagWebView@142254297<file=2016-12-13_05:20:26.174><x=0><y=194><width=768><height=990><id=-1>, android.view.MotionEvent@250759211)
I/org.umd.logging(11161): Method < 1 flipboard.eap.gui.FlipmagWebView.onTouchEvent(true)
I/org.umd.logging(11161): Method < 1 flipboard.eap.gui.FlipmagArticleView.onTouchEvent(true)
E/Cataloger( 6490): syncFile:/storage/emulated/0/2016-12-13_05:20:26.174.jpg
E/Cataloger( 6490): syncFile:/storage/emulated/0/2016-12-13_05:20:26.387.jpg
W/ResourceType(11161): No known package when getting name for resource number 0xffffffff
I/org.umd.logging(11161): Method > 1 flipboard.eap.gui.FlipmagArticleView.onTouchEvent(flipboard.eap.gui.FlipmagArticleView@1036795212<file=2016-12-13_05:20:26.387><x=0><y=194><width=768><height=990><id=-1>, android.view.MotionEvent@250759211)
D/flipboard_fdl(11161): [DEBUG:1] show page transition viewpager
E/Cataloger( 6490): syncFile:/storage/emulated/0/2016-12-13_05:20:26.387.jpg
E/Cataloger( 6490): syncFile:/storage/emulated/0/2016-12-13_05:20:26.594.jpg
I/org.umd.logging(11161): Method > 1 fr.castorflex.android.verticalviewpager.VerticalViewPager.onTouchEvent(fr.castorflex.android.verticalviewpager.VerticalViewPager@1064006037<file=2016-12-13_05:20:26.594><x=0><y=194><width=768><height=990><id=2131231070><imagename=verticalviewpager>, android.view.MotionEvent@250759211)
E/Cataloger( 6490): syncFile:/storage/emulated/0/2016-12-13_05:20:26.594.jpg
I/org.umd.logging(11161): Method < 1 fr.castorflex.android.verticalviewpager.VerticalViewPager.onTouchEvent(true)
I/org.umd.logging(11161): Method < 1 flipboard.eap.gui.FlipmagArticleView.onTouchEvent(true)
E/Cataloger( 6490): syncFile:/storage/emulated/0/2016-12-13_05:20:26.825.jpg
W/ResourceType(11161): No known package when getting name for resource number 0xffffffff
I/org.umd.logging(11161): Method > 1 flipboard.eap.gui.FlipmagArticleView.onTouchEvent(flipboard.eap.gui.FlipmagArticleView@1036795212<file=2016-12-13_05:20:26.825><x=0><y=194><width=768><height=990><id=-1>, android.view.MotionEvent@250759211)
E/Cataloger( 6490): syncFile:/storage/emulated/0/2016-12-13_05:20:26.825.jpg
E/Cataloger( 6490): syncFile:/storage/emulated/0/2016-12-13_05:20:27.051.jpg
I/org.umd.logging(11161): Method > 1 fr.castorflex.android.verticalviewpager.VerticalViewPager.onTouchEvent(fr.castorflex.android.verticalviewpager.VerticalViewPager@1064006037<file=2016-12-13_05:20:27.051><x=0><y=194><width=768><height=990><id=2131231070><imagename=verticalviewpager>, android.view.MotionEvent@250759211)
E/Cataloger( 6490): syncFile:/storage/emulated/0/2016-12-13_05:20:27.051.jpg
E/ViewPager(11161): Ignore this touch event because pointerIndex is invalid. Could have been a crasher!
I/org.umd.logging(11161): Method < 1 fr.castorflex.android.verticalviewpager.VerticalViewPager.onTouchEvent(true)
I/org.umd.logging(11161): Method < 1 flipboard.eap.gui.FlipmagArticleView.onTouchEvent(true)
E/Cataloger( 6490): syncFile:/storage/emulated/0/2016-12-13_05:20:27.261.jpg
W/ResourceType(11161): No known package when getting name for resource number 0xffffffff
I/org.umd.logging(11161): Method > 1 flipboard.eap.gui.FlipmagArticleView.onInterceptTouchEvent(flipboard.eap.gui.FlipmagArticleView@1036795212<file=2016-12-13_05:20:27.261><x=0><y=194><width=768><height=990><id=-1>, android.view.MotionEvent@250759211)
E/Cataloger( 6490): syncFile:/storage/emulated/0/2016-12-13_05:20:27.261.jpg
I/org.umd.logging(11161): Method < 1 flipboard.eap.gui.FlipmagArticleView.onInterceptTouchEvent(true)
E/Cataloger( 6490): syncFile:/storage/emulated/0/2016-12-13_05:20:27.465.jpg
W/ResourceType(11161): No known package when getting name for resource number 0xffffffff
I/org.umd.logging(11161): Method > 1 flipboard.eap.gui.FlipmagArticleView.onTouchEvent(flipboard.eap.gui.FlipmagArticleView@1036795212<file=2016-12-13_05:20:27.465><x=0><y=194><width=768><height=990><id=-1>, android.view.MotionEvent@250759211)
E/Cataloger( 6490): syncFile:/storage/emulated/0/2016-12-13_05:20:27.465.jpg
E/Cataloger( 6490): syncFile:/storage/emulated/0/2016-12-13_05:20:27.687.jpg
I/org.umd.logging( 4986): Method > 1 com.cleanmaster.base.crash.util.debug.b.run(com.cleanmaster.base.crash.util.debug.b@453239735)
I/org.umd.logging( 4986): Method < 1 com.cleanmaster.base.crash.util.debug.b.run()
I/org.umd.logging(11161): Method > 1 fr.castorflex.android.verticalviewpager.VerticalViewPager.onTouchEvent(fr.castorflex.android.verticalviewpager.VerticalViewPager@1064006037<file=2016-12-13_05:20:27.687><x=0><y=194><width=768><height=990><id=2131231070><imagename=verticalviewpager>, android.view.MotionEvent@250759211)
E/Cataloger( 6490): syncFile:/storage/emulated/0/2016-12-13_05:20:27.687.jpg
I/org.umd.logging(11161): Method < 1 fr.castorflex.android.verticalviewpager.VerticalViewPager.onTouchEvent(true)
I/org.umd.logging(11161): Method < 1 flipboard.eap.gui.FlipmagArticleView.onTouchEvent(true)
I/art     (11161): WaitForGcToComplete blocked for 65.557ms for cause HeapTrim
E/Cataloger( 6490): syncFile:/storage/emulated/0/2016-12-13_05:20:27.912.jpg
W/ResourceType(11161): No known package when getting name for resource number 0xffffffff
I/org.umd.logging(11161): Method > 1 flipboard.eap.gui.FlipmagArticleView.onTouchEvent(flipboard.eap.gui.FlipmagArticleView@1036795212<file=2016-12-13_05:20:27.912><x=0><y=194><width=768><height=990><id=-1>, android.view.MotionEvent@250759211)
E/Cataloger( 6490): syncFile:/storage/emulated/0/2016-12-13_05:20:27.912.jpg
E/Cataloger( 6490): syncFile:/storage/emulated/0/2016-12-13_05:20:28.105.jpg
I/org.umd.logging(11161): Method > 1 fr.castorflex.android.verticalviewpager.VerticalViewPager.onTouchEvent(fr.castorflex.android.verticalviewpager.VerticalViewPager@1064006037<file=2016-12-13_05:20:28.105><x=0><y=194><width=768><height=990><id=2131231070><imagename=verticalviewpager>, android.view.MotionEvent@250759211)
E/Cataloger( 6490): syncFile:/storage/emulated/0/2016-12-13_05:20:28.105.jpg
I/org.umd.logging(11161): Method < 1 fr.castorflex.android.verticalviewpager.VerticalViewPager.onTouchEvent(true)
I/org.umd.logging(11161): Method < 1 flipboard.eap.gui.FlipmagArticleView.onTouchEvent(true)
E/Cataloger( 6490): syncFile:/storage/emulated/0/2016-12-13_05:20:28.322.jpg
W/ResourceType(11161): No known package when getting name for resource number 0xffffffff
I/org.umd.logging(11161): Method > 1 flipboard.eap.gui.FlipmagArticleView.onTouchEvent(flipboard.eap.gui.FlipmagArticleView@1036795212<file=2016-12-13_05:20:28.322><x=0><y=194><width=768><height=990><id=-1>, android.view.MotionEvent@250759211)
E/Cataloger( 6490): syncFile:/storage/emulated/0/2016-12-13_05:20:28.322.jpg
E/Cataloger( 6490): syncFile:/storage/emulated/0/2016-12-13_05:20:28.564.jpg
I/org.umd.logging(11161): Method > 1 fr.castorflex.android.verticalviewpager.VerticalViewPager.onTouchEvent(fr.castorflex.android.verticalviewpager.VerticalViewPager@1064006037<file=2016-12-13_05:20:28.564><x=0><y=194><width=768><height=990><id=2131231070><imagename=verticalviewpager>, android.view.MotionEvent@250759211)
E/ViewPager(11161): Ignore this touch event because pointerIndex is invalid. Could have been a crasher!
E/Cataloger( 6490): syncFile:/storage/emulated/0/2016-12-13_05:20:28.564.jpg
I/org.umd.logging(11161): Method < 1 fr.castorflex.android.verticalviewpager.VerticalViewPager.onTouchEvent(true)
I/org.umd.logging(11161): Method < 1 flipboard.eap.gui.FlipmagArticleView.onTouchEvent(true)
E/Cataloger( 6490): syncFile:/storage/emulated/0/2016-12-13_05:20:28.817.jpg
W/ResourceType(11161): No known package when getting name for resource number 0xffffffff
I/org.umd.logging(11161): Method > 1 flipboard.eap.gui.FlipmagArticleView.onInterceptTouchEvent(flipboard.eap.gui.FlipmagArticleView@1036795212<file=2016-12-13_05:20:28.817><x=0><y=194><width=768><height=990><id=-1>, android.view.MotionEvent@250759211)
I/org.umd.logging(11161): Method < 1 flipboard.eap.gui.FlipmagArticleView.onInterceptTouchEvent(true)
E/Cataloger( 6490): syncFile:/storage/emulated/0/2016-12-13_05:20:28.817.jpg
E/Cataloger( 6490): syncFile:/storage/emulated/0/2016-12-13_05:20:29.025.jpg
W/ResourceType(11161): No known package when getting name for resource number 0xffffffff
I/org.umd.logging(11161): Method > 1 flipboard.eap.gui.FlipmagArticleView.onTouchEvent(flipboard.eap.gui.FlipmagArticleView@1036795212<file=2016-12-13_05:20:29.025><x=0><y=194><width=768><height=990><id=-1>, android.view.MotionEvent@250759211)
E/Cataloger( 6490): syncFile:/storage/emulated/0/2016-12-13_05:20:29.025.jpg
E/Cataloger( 6490): syncFile:/storage/emulated/0/2016-12-13_05:20:29.249.jpg
I/org.umd.logging(11161): Method > 1 fr.castorflex.android.verticalviewpager.VerticalViewPager.onTouchEvent(fr.castorflex.android.verticalviewpager.VerticalViewPager@1064006037<file=2016-12-13_05:20:29.249><x=0><y=194><width=768><height=990><id=2131231070><imagename=verticalviewpager>, android.view.MotionEvent@250759211)
E/Cataloger( 6490): syncFile:/storage/emulated/0/2016-12-13_05:20:29.249.jpg
I/org.umd.logging(11161): Method < 1 fr.castorflex.android.verticalviewpager.VerticalViewPager.onTouchEvent(true)
I/org.umd.logging(11161): Method < 1 flipboard.eap.gui.FlipmagArticleView.onTouchEvent(true)
I/InputDispatcher(  594): Window 'Window{3b4df25 u0 com.cnn.mobile.android.phone/com.cnn.mobile.android.phone.ui.ArticleFragmentActivity}' spent 2191.2ms processing the last input event: MotionEvent(deviceId=6, source=0x00001002, action=0, flags=0x00000000, metaState=0x00000000, buttonState=0x00000000, edgeFlags=0x00000000, xPrecision=2.0, yPrecision=2.0, displayId=0, pointers=[0: (499.0, 1022.0)]), policyFlags=0x62000000
I/System.out(11161): Drawing 1 to android.graphics.Canvas@38857fb9 for flipboard.eap.gui.FlipmagWebProxyView{3fd7effe V.ED.... ......ID 0,0-768,990}
E/Cataloger( 6490): syncFile:/storage/emulated/0/2016-12-13_05:20:29.458.jpg
W/ResourceType(11161): No known package when getting name for resource number 0xffffffff
I/org.umd.logging(11161): Method > 1 flipboard.eap.gui.FlipmagArticleView.onTouchEvent(flipboard.eap.gui.FlipmagArticleView@1036795212<file=2016-12-13_05:20:29.458><x=0><y=194><width=768><height=990><id=-1>, android.view.MotionEvent@250759211)
E/Cataloger( 6490): syncFile:/storage/emulated/0/2016-12-13_05:20:29.458.jpg
E/Cataloger( 6490): syncFile:/storage/emulated/0/2016-12-13_05:20:29.740.jpg
I/org.umd.logging(11161): Method > 1 fr.castorflex.android.verticalviewpager.VerticalViewPager.onTouchEvent(fr.castorflex.android.verticalviewpager.VerticalViewPager@1064006037<file=2016-12-13_05:20:29.740><x=0><y=194><width=768><height=990><id=2131231070><imagename=verticalviewpager>, android.view.MotionEvent@250759211)
I/org.umd.logging(11161): Method < 1 fr.castorflex.android.verticalviewpager.VerticalViewPager.onTouchEvent(true)
E/Cataloger( 6490): syncFile:/storage/emulated/0/2016-12-13_05:20:29.740.jpg
I/org.umd.logging(11161): Method < 1 flipboard.eap.gui.FlipmagArticleView.onTouchEvent(true)
I/InputDispatcher(  594): Window 'Window{3b4df25 u0 com.cnn.mobile.android.phone/com.cnn.mobile.android.phone.ui.ArticleFragmentActivity}' spent 2673.1ms processing the last input event: MotionEvent(deviceId=6, source=0x00001002, action=2, flags=0x00000000, metaState=0x00000000, buttonState=0x00000000, edgeFlags=0x00000000, xPrecision=2.0, yPrecision=2.0, displayId=0, pointers=[0: (493.5, 1015.5)]), policyFlags=0x62000000
I/InputDispatcher(  594): Window 'Window{3b4df25 u0 com.cnn.mobile.android.phone/com.cnn.mobile.android.phone.ui.ArticleFragmentActivity}' spent 2673.3ms processing the last input event: MotionEvent(deviceId=6, source=0x00001002, action=2, flags=0x00000000, metaState=0x00000000, buttonState=0x00000000, edgeFlags=0x00000000, xPrecision=2.0, yPrecision=2.0, displayId=0, pointers=[0: (492.5, 1014.5)]), policyFlags=0x62000000
I/InputDispatcher(  594): Window 'Window{3b4df25 u0 com.cnn.mobile.android.phone/com.cnn.mobile.android.phone.ui.ArticleFragmentActivity}' spent 2664.8ms processing the last input event: MotionEvent(deviceId=6, source=0x00001002, action=2, flags=0x00000000, metaState=0x00000000, buttonState=0x00000000, edgeFlags=0x00000000, xPrecision=2.0, yPrecision=2.0, displayId=0, pointers=[0: (488.0, 1009.0)]), policyFlags=0x62000000
I/InputDispatcher(  594): Window 'Window{3b4df25 u0 com.cnn.mobile.android.phone/com.cnn.mobile.android.phone.ui.ArticleFragmentActivity}' spent 2664.6ms processing the last input event: MotionEvent(deviceId=6, source=0x00001002, action=2, flags=0x00000000, metaState=0x00000000, buttonState=0x00000000, edgeFlags=0x00000000, xPrecision=2.0, yPrecision=2.0, displayId=0, pointers=[0: (479.0, 994.0)]), policyFlags=0x62000000
I/InputDispatcher(  594): Window 'Window{3b4df25 u0 com.cnn.mobile.android.phone/com.cnn.mobile.android.phone.ui.ArticleFragmentActivity}' spent 2664.5ms processing the last input event: MotionEvent(deviceId=6, source=0x00001002, action=2, flags=0x00000000, metaState=0x00000000, buttonState=0x00000000, edgeFlags=0x00000000, xPrecision=2.0, yPrecision=2.0, displayId=0, pointers=[0: (468.0, 971.0)]), policyFlags=0x62000000
I/InputDispatcher(  594): Window 'Window{3b4df25 u0 com.cnn.mobile.android.phone/com.cnn.mobile.android.phone.ui.ArticleFragmentActivity}' spent 2664.3ms processing the last input event: MotionEvent(deviceId=6, source=0x00001002, action=2, flags=0x00000000, metaState=0x00000000, buttonState=0x00000000, edgeFlags=0x00000000, xPrecision=2.0, yPrecision=2.0, displayId=0, pointers=[0: (458.0, 942.5)]), policyFlags=0x62000000
I/InputDispatcher(  594): Window 'Window{3b4df25 u0 com.cnn.mobile.android.phone/com.cnn.mobile.android.phone.ui.ArticleFragmentActivity}' spent 2664.2ms processing the last input event: MotionEvent(deviceId=6, source=0x00001002, action=2, flags=0x00000000, metaState=0x00000000, buttonState=0x00000000, edgeFlags=0x00000000, xPrecision=2.0, yPrecision=2.0, displayId=0, pointers=[0: (450.0, 910.5)]), policyFlags=0x62000000
I/InputDispatcher(  594): Window 'Window{3b4df25 u0 com.cnn.mobile.android.phone/com.cnn.mobile.android.phone.ui.ArticleFragmentActivity}' spent 2664.1ms processing the last input event: MotionEvent(deviceId=6, source=0x00001002, action=2, flags=0x00000000, metaState=0x00000000, buttonState=0x00000000, edgeFlags=0x00000000, xPrecision=2.0, yPrecision=2.0, displayId=0, pointers=[0: (444.5, 874.0)]), policyFlags=0x62000000
I/InputDispatcher(  594): Window 'Window{3b4df25 u0 com.cnn.mobile.android.phone/com.cnn.mobile.android.phone.ui.ArticleFragmentActivity}' spent 2664.0ms processing the last input event: MotionEvent(deviceId=6, source=0x00001002, action=2, flags=0x00000000, metaState=0x00000000, buttonState=0x00000000, edgeFlags=0x00000000, xPrecision=2.0, yPrecision=2.0, displayId=0, pointers=[0: (441.5, 838.5)]), policyFlags=0x62000000
I/InputDispatcher(  594): Window 'Window{3b4df25 u0 com.cnn.mobile.android.phone/com.cnn.mobile.android.phone.ui.ArticleFragmentActivity}' spent 2663.8ms processing the last input event: MotionEvent(deviceId=6, source=0x00001002, action=2, flags=0x00000000, metaState=0x00000000, buttonState=0x00000000, edgeFlags=0x00000000, xPrecision=2.0, yPrecision=2.0, displayId=0, pointers=[0: (439.0, 805.0)]), policyFlags=0x62000000
I/InputDispatcher(  594): Window 'Window{3b4df25 u0 com.cnn.mobile.android.phone/com.cnn.mobile.android.phone.ui.ArticleFragmentActivity}' spent 2663.7ms processing the last input event: MotionEvent(deviceId=6, source=0x00001002, action=2, flags=0x00000000, metaState=0x00000000, buttonState=0x00000000, edgeFlags=0x00000000, xPrecision=2.0, yPrecision=2.0, displayId=0, pointers=[0: (437.5, 773.5)]), policyFlags=0x62000000
I/InputDispatcher(  594): Window 'Window{3b4df25 u0 com.cnn.mobile.android.phone/com.cnn.mobile.android.phone.ui.ArticleFragmentActivity}' spent 2663.5ms processing the last input event: MotionEvent(deviceId=6, source=0x00001002, action=2, flags=0x00000000, metaState=0x00000000, buttonState=0x00000000, edgeFlags=0x00000000, xPrecision=2.0, yPrecision=2.0, displayId=0, pointers=[0: (436.5, 744.0)]), policyFlags=0x62000000
I/InputDispatcher(  594): Window 'Window{3b4df25 u0 com.cnn.mobile.android.phone/com.cnn.mobile.android.phone.ui.ArticleFragmentActivity}' spent 2663.4ms processing the last input event: MotionEvent(deviceId=6, source=0x00001002, action=2, flags=0x00000000, metaState=0x00000000, buttonState=0x00000000, edgeFlags=0x00000000, xPrecision=2.0, yPrecision=2.0, displayId=0, pointers=[0: (435.5, 716.5)]), policyFlags=0x62000000
I/InputDispatcher(  594): Window 'Window{3b4df25 u0 com.cnn.mobile.android.phone/com.cnn.mobile.android.phone.ui.ArticleFragmentActivity}' spent 2663.3ms processing the last input event: MotionEvent(deviceId=6, source=0x00001002, action=2, flags=0x00000000, metaState=0x00000000, buttonState=0x00000000, edgeFlags=0x00000000, xPrecision=2.0, yPrecision=2.0, displayId=0, pointers=[0: (434.5, 691.0)]), policyFlags=0x62000000
I/InputDispatcher(  594): Window 'Window{3b4df25 u0 com.cnn.mobile.android.phone/com.cnn.mobile.android.phone.ui.ArticleFragmentActivity}' spent 2663.1ms processing the last input event: MotionEvent(deviceId=6, source=0x00001002, action=2, flags=0x00000000, metaState=0x00000000, buttonState=0x00000000, edgeFlags=0x00000000, xPrecision=2.0, yPrecision=2.0, displayId=0, pointers=[0: (433.5, 667.0)]), policyFlags=0x62000000
I/InputDispatcher(  594): Window 'Window{3b4df25 u0 com.cnn.mobile.android.phone/com.cnn.mobile.android.phone.ui.ArticleFragmentActivity}' spent 2663.0ms processing the last input event: MotionEvent(deviceId=6, source=0x00001002, action=2, flags=0x00000000, metaState=0x00000000, buttonState=0x00000000, edgeFlags=0x00000000, xPrecision=2.0, yPrecision=2.0, displayId=0, pointers=[0: (432.0, 643.0)]), policyFlags=0x62000000
I/InputDispatcher(  594): Window 'Window{3b4df25 u0 com.cnn.mobile.android.phone/com.cnn.mobile.android.phone.ui.ArticleFragmentActivity}' spent 2662.9ms processing the last input event: MotionEvent(deviceId=6, source=0x00001002, action=2, flags=0x00000000, metaState=0x00000000, buttonState=0x00000000, edgeFlags=0x00000000, xPrecision=2.0, yPrecision=2.0, displayId=0, pointers=[0: (431.0, 620.5)]), policyFlags=0x62000000
I/InputDispatcher(  594): Window 'Window{3b4df25 u0 com.cnn.mobile.android.phone/com.cnn.mobile.android.phone.ui.ArticleFragmentActivity}' spent 2662.8ms processing the last input event: MotionEvent(deviceId=6, source=0x00001002, action=2, flags=0x00000000, metaState=0x00000000, buttonState=0x00000000, edgeFlags=0x00000000, xPrecision=2.0, yPrecision=2.0, displayId=0, pointers=[0: (429.5, 597.5)]), policyFlags=0x62000000
I/InputDispatcher(  594): Window 'Window{3b4df25 u0 com.cnn.mobile.android.phone/com.cnn.mobile.android.phone.ui.ArticleFragmentActivity}' spent 2662.6ms processing the last input event: MotionEvent(deviceId=6, source=0x00001002, action=2, flags=0x00000000, metaState=0x00000000, buttonState=0x00000000, edgeFlags=0x00000000, xPrecision=2.0, yPrecision=2.0, displayId=0, pointers=[0: (429.0, 575.5)]), policyFlags=0x62000000
I/InputDispatcher(  594): Window 'Window{3b4df25 u0 com.cnn.mobile.android.phone/com.cnn.mobile.android.phone.ui.ArticleFragmentActivity}' spent 2662.5ms processing the last input event: MotionEvent(deviceId=6, source=0x00001002, action=2, flags=0x00000000, metaState=0x00000000, buttonState=0x00000000, edgeFlags=0x00000000, xPrecision=2.0, yPrecision=2.0, displayId=0, pointers=[0: (428.5, 554.0)]), policyFlags=0x62000000
I/InputDispatcher(  594): Window 'Window{3b4df25 u0 com.cnn.mobile.android.phone/com.cnn.mobile.android.phone.ui.ArticleFragmentActivity}' spent 2657.9ms processing the last input event: MotionEvent(deviceId=6, source=0x00001002, action=2, flags=0x00000000, metaState=0x00000000, buttonState=0x00000000, edgeFlags=0x00000000, xPrecision=2.0, yPrecision=2.0, displayId=0, pointers=[0: (429.0, 534.0)]), policyFlags=0x62000000
I/InputDispatcher(  594): Window 'Window{3b4df25 u0 com.cnn.mobile.android.phone/com.cnn.mobile.android.phone.ui.ArticleFragmentActivity}' spent 2647.4ms processing the last input event: MotionEvent(deviceId=6, source=0x00001002, action=2, flags=0x00000000, metaState=0x00000000, buttonState=0x00000000, edgeFlags=0x00000000, xPrecision=2.0, yPrecision=2.0, displayId=0, pointers=[0: (430.0, 514.5)]), policyFlags=0x62000000
I/InputDispatcher(  594): Window 'Window{3b4df25 u0 com.cnn.mobile.android.phone/com.cnn.mobile.android.phone.ui.ArticleFragmentActivity}' spent 2636.6ms processing the last input event: MotionEvent(deviceId=6, source=0x00001002, action=2, flags=0x00000000, metaState=0x00000000, buttonState=0x00000000, edgeFlags=0x00000000, xPrecision=2.0, yPrecision=2.0, displayId=0, pointers=[0: (432.0, 497.0)]), policyFlags=0x62000000
I/InputDispatcher(  594): Window 'Window{3b4df25 u0 com.cnn.mobile.android.phone/com.cnn.mobile.android.phone.ui.ArticleFragmentActivity}' spent 2626.2ms processing the last input event: MotionEvent(deviceId=6, source=0x00001002, action=2, flags=0x00000000, metaState=0x00000000, buttonState=0x00000000, edgeFlags=0x00000000, xPrecision=2.0, yPrecision=2.0, displayId=0, pointers=[0: (434.5, 479.0)]), policyFlags=0x62000000
I/InputDispatcher(  594): Window 'Window{3b4df25 u0 com.cnn.mobile.android.phone/com.cnn.mobile.android.phone.ui.ArticleFragmentActivity}' spent 2615.1ms processing the last input event: MotionEvent(deviceId=6, source=0x00001002, action=2, flags=0x00000000, metaState=0x00000000, buttonState=0x00000000, edgeFlags=0x00000000, xPrecision=2.0, yPrecision=2.0, displayId=0, pointers=[0: (438.0, 462.0)]), policyFlags=0x62000000
I/InputDispatcher(  594): Window 'Window{3b4df25 u0 com.cnn.mobile.android.phone/com.cnn.mobile.android.phone.ui.ArticleFragmentActivity}' spent 2603.8ms processing the last input event: MotionEvent(deviceId=6, source=0x00001002, action=2, flags=0x00000000, metaState=0x00000000, buttonState=0x00000000, edgeFlags=0x00000000, xPrecision=2.0, yPrecision=2.0, displayId=0, pointers=[0: (442.5, 446.5)]), policyFlags=0x62000000
I/InputDispatcher(  594): Window 'Window{3b4df25 u0 com.cnn.mobile.android.phone/com.cnn.mobile.android.phone.ui.ArticleFragmentActivity}' spent 2594.1ms processing the last input event: MotionEvent(deviceId=6, source=0x00001002, action=2, flags=0x00000000, metaState=0x00000000, buttonState=0x00000000, edgeFlags=0x00000000, xPrecision=2.0, yPrecision=2.0, displayId=0, pointers=[0: (447.0, 431.5)]), policyFlags=0x62000000
I/InputDispatcher(  594): Window 'Window{3b4df25 u0 com.cnn.mobile.android.phone/com.cnn.mobile.android.phone.ui.ArticleFragmentActivity}' spent 2583.3ms processing the last input event: MotionEvent(deviceId=6, source=0x00001002, action=2, flags=0x00000000, metaState=0x00000000, buttonState=0x00000000, edgeFlags=0x00000000, xPrecision=2.0, yPrecision=2.0, displayId=0, pointers=[0: (452.0, 418.5)]), policyFlags=0x62000000
I/InputDispatcher(  594): Window 'Window{3b4df25 u0 com.cnn.mobile.android.phone/com.cnn.mobile.android.phone.ui.ArticleFragmentActivity}' spent 2573.3ms processing the last input event: MotionEvent(deviceId=6, source=0x00001002, action=2, flags=0x00000000, metaState=0x00000000, buttonState=0x00000000, edgeFlags=0x00000000, xPrecision=2.0, yPrecision=2.0, displayId=0, pointers=[0: (457.0, 406.5)]), policyFlags=0x62000000
I/InputDispatcher(  594): Window 'Window{3b4df25 u0 com.cnn.mobile.android.phone/com.cnn.mobile.android.phone.ui.ArticleFragmentActivity}' spent 2562.8ms processing the last input event: MotionEvent(deviceId=6, source=0x00001002, action=2, flags=0x00000000, metaState=0x00000000, buttonState=0x00000000, edgeFlags=0x00000000, xPrecision=2.0, yPrecision=2.0, displayId=0, pointers=[0: (461.5, 397.0)]), policyFlags=0x62000000
I/InputDispatcher(  594): Window 'Window{3b4df25 u0 com.cnn.mobile.android.phone/com.cnn.mobile.android.phone.ui.ArticleFragmentActivity}' spent 2552.0ms processing the last input event: MotionEvent(deviceId=6, source=0x00001002, action=2, flags=0x00000000, metaState=0x00000000, buttonState=0x00000000, edgeFlags=0x00000000, xPrecision=2.0, yPrecision=2.0, displayId=0, pointers=[0: (465.5, 389.0)]), policyFlags=0x62000000
I/InputDispatcher(  594): Window 'Window{3b4df25 u0 com.cnn.mobile.android.phone/com.cnn.mobile.android.phone.ui.ArticleFragmentActivity}' spent 2541.1ms processing the last input event: MotionEvent(deviceId=6, source=0x00001002, action=2, flags=0x00000000, metaState=0x00000000, buttonState=0x00000000, edgeFlags=0x00000000, xPrecision=2.0, yPrecision=2.0, displayId=0, pointers=[0: (469.0, 383.5)]), policyFlags=0x62000000
I/InputDispatcher(  594): Window 'Window{3b4df25 u0 com.cnn.mobile.android.phone/com.cnn.mobile.android.phone.ui.ArticleFragmentActivity}' spent 2530.6ms processing the last input event: MotionEvent(deviceId=6, source=0x00001002, action=2, flags=0x00000000, metaState=0x00000000, buttonState=0x00000000, edgeFlags=0x00000000, xPrecision=2.0, yPrecision=2.0, displayId=0, pointers=[0: (472.0, 379.5)]), policyFlags=0x62000000
I/InputDispatcher(  594): Window 'Window{3b4df25 u0 com.cnn.mobile.android.phone/com.cnn.mobile.android.phone.ui.ArticleFragmentActivity}' spent 2520.2ms processing the last input event: MotionEvent(deviceId=6, source=0x00001002, action=2, flags=0x00000000, metaState=0x00000000, buttonState=0x00000000, edgeFlags=0x00000000, xPrecision=2.0, yPrecision=2.0, displayId=0, pointers=[0: (475.5, 375.5)]), policyFlags=0x62000000
E/Cataloger( 6490): syncFile:/storage/emulated/0/2016-12-13_05:20:29.941.jpg
W/ResourceType(11161): No known package when getting name for resource number 0xffffffff
I/org.umd.logging(11161): Method > 1 flipboard.eap.gui.FlipmagArticleView.onTouchEvent(flipboard.eap.gui.FlipmagArticleView@1036795212<file=2016-12-13_05:20:29.941><x=0><y=194><width=768><height=990><id=-1>, android.view.MotionEvent@250759211)
E/Cataloger( 6490): syncFile:/storage/emulated/0/2016-12-13_05:20:29.941.jpg
E/Cataloger( 6490): syncFile:/storage/emulated/0/2016-12-13_05:20:30.153.jpg
I/org.umd.logging(11161): Method > 1 fr.castorflex.android.verticalviewpager.VerticalViewPager.onTouchEvent(fr.castorflex.android.verticalviewpager.VerticalViewPager@1064006037<file=2016-12-13_05:20:30.153><x=0><y=194><width=768><height=990><id=2131231070><imagename=verticalviewpager>, android.view.MotionEvent@250759211)
E/ViewPager(11161): Ignore this touch event because pointerIndex is invalid. Could have been a crasher!
E/Cataloger( 6490): syncFile:/storage/emulated/0/2016-12-13_05:20:30.153.jpg
I/org.umd.logging(11161): Method < 1 fr.castorflex.android.verticalviewpager.VerticalViewPager.onTouchEvent(true)
I/org.umd.logging(11161): Method < 1 flipboard.eap.gui.FlipmagArticleView.onTouchEvent(true)
I/InputDispatcher(  594): Window 'Window{3b4df25 u0 com.cnn.mobile.android.phone/com.cnn.mobile.android.phone.ui.ArticleFragmentActivity}' spent 2916.6ms processing the last input event: MotionEvent(deviceId=6, source=0x00001002, action=1, flags=0x00000000, metaState=0x00000000, buttonState=0x00000000, edgeFlags=0x00000000, xPrecision=2.0, yPrecision=2.0, displayId=0, pointers=[0: (475.5, 375.5)]), policyFlags=0x62000000
E/Cataloger( 6490): syncFile:/storage/emulated/0/2016-12-13_05:20:30.349.jpg
W/ResourceType(11161): No known package when getting name for resource number 0xffffffff
I/org.umd.logging(11161): Method > 1 flipboard.eap.gui.FlipmagWebView$2.onLongClick(flipboard.eap.gui.FlipmagWebView$2@993555017, flipboard.eap.gui.FlipmagWebView@142254297<file=2016-12-13_05:20:30.349><x=0><y=194><width=768><height=990><id=-1>)
I/org.umd.logging(11161): Method < 1 flipboard.eap.gui.FlipmagWebView$2.onLongClick(true)
E/Cataloger( 6490): syncFile:/storage/emulated/0/2016-12-13_05:20:30.349.jpg
I/Choreographer(11161): Skipped 238 frames!  The application may be doing too much work on its main thread.
I/org.umd.logging(11161): Method > 1 fr.castorflex.android.verticalviewpager.VerticalViewPager$3.run(fr.castorflex.android.verticalviewpager.VerticalViewPager$3@76042668)
I/org.umd.logging(11161): Method < 1 fr.castorflex.android.verticalviewpager.VerticalViewPager$3.run()
I/System.out(11161): Drawing 2 to android.graphics.Canvas@df55e75 for flipboard.eap.gui.FlipmagWebProxyView{37bf0e0a V.ED.... ......ID 0,0-768,990}
D/flipboard_fdl(11161): [DEBUG:1] hide page transition viewpager
D/flipboard_fdl(11161): [DEBUG:1] Report page move - pagesWithSnapshotUpdated[2] is 1
D/ArticleFlipboardFragment(11161): flip notify PAGE_MOVE
D/ArticleFlipboardFragment(11161): Page moved. 2 hasImage=true
D/flipboard_fdl(11161): [DEBUG:1] Report page move - page 2, hasImage true
I/DownloadManagerWrapper(  949): onReceive() : Charging = true
I/DownloadManagerWrapper(  949): onReceive() : Charging = true
E/WifiStateMachine(  594): WifiStateMachine CMD_START_SCAN source -2 txSuccessRate=19.84 rxSuccessRate=19.62 targetRoamBSSID=any RSSI=-43
I/org.umd.logging( 4986): Method > 1 com.cleanmaster.base.crash.util.debug.b.run(com.cleanmaster.base.crash.util.debug.b@453239735)
I/org.umd.logging( 4986): Method < 1 com.cleanmaster.base.crash.util.debug.b.run()
I/DownloadManagerWrapper(  949): onReceive() : Charging = true
I/DownloadManagerWrapper(  949): onReceive() : Charging = true
I/DownloadManagerWrapper(  949): onReceive() : Charging = true
I/DownloadManagerWrapper(  949): onReceive() : Charging = true
I/org.umd.logging( 4986): Method > 1 com.cleanmaster.base.crash.util.debug.b.run(com.cleanmaster.base.crash.util.debug.b@453239735)
I/org.umd.logging( 4986): Method < 1 com.cleanmaster.base.crash.util.debug.b.run()
I/DownloadManagerWrapper(  949): onReceive() : Charging = true
E/WifiStateMachine(  594): WifiStateMachine CMD_START_SCAN source -2 txSuccessRate=0.31 rxSuccessRate=0.38 targetRoamBSSID=any RSSI=-41
I/org.umd.logging( 4986): Method > 1 com.cleanmaster.base.crash.util.debug.b.run(com.cleanmaster.base.crash.util.debug.b@453239735)
I/org.umd.logging( 4986): Method < 1 com.cleanmaster.base.crash.util.debug.b.run()
I/DeviceStateChecker( 7766): screenOn: true, isCharging: true
I/DownloadManagerWrapper(  949): onReceive() : Charging = true
I/org.umd.logging( 4986): Method > 1 com.cleanmaster.base.crash.util.debug.b.run(com.cleanmaster.base.crash.util.debug.b@453239735)
I/org.umd.logging( 4986): Method < 1 com.cleanmaster.base.crash.util.debug.b.run()
I/DownloadManagerWrapper(  949): onReceive() : Charging = true
E/WifiStateMachine(  594): WifiStateMachine CMD_START_SCAN source -2 txSuccessRate=0.00 rxSuccessRate=0.00 targetRoamBSSID=any RSSI=-41
D/audio_hw_primary(  190): select_devices: out_snd_device(2: speaker) in_snd_device(0: none)
D/ACDB-LOADER(  190): ACDB -> send_afe_cal
D/audio_hw_primary(  190): enable_snd_device: snd_device(2: speaker)
W/ResourceType(  738): No package identifier when getting value for resource number 0x00000000
W/PackageManager(  738): Failure retrieving resources for com.cnn.mobile.android.phone: Resource ID #0x0
D/audio_hw_primary(  190): enable_audio_route: apply and update mixer path: low-latency-playback
I/ActivityManager(  594): START u0 {act=com.android.systemui.recents.SHOW_RECENTS flg=0x10804000 cmp=com.android.systemui/.recents.RecentsActivity} from uid 10022 on display 0
I/org.umd.logging(11161): Method > 1 com.cnn.mobile.android.phone.ui.ArticleFragmentActivity.onPause(com.cnn.mobile.android.phone.ui.ArticleFragmentActivity@150095831<activity=true>)
I/org.umd.logging(11161): Method > 1 com.cnn.mobile.android.phone.ui.BaseFragmentActivity.onPause(com.cnn.mobile.android.phone.ui.ArticleFragmentActivity@150095831<activity=true>)
I/org.umd.logging(11161): Method > 1 com.cnn.mobile.android.phone.ui.ArticleFlipboardFragment.onPause(com.cnn.mobile.android.phone.ui.ArticleFlipboardFragment@925851706<fragment=true>)
I/org.umd.logging(11161): Method < 1 com.cnn.mobile.android.phone.ui.ArticleFlipboardFragment.onPause()
I/org.umd.logging(11161): Method > 1 com.cnn.mobile.android.phone.ui.ArticleFlipboardFragment.onPause(com.cnn.mobile.android.phone.ui.ArticleFlipboardFragment@821935245<fragment=true>)
I/org.umd.logging(11161): Method < 1 com.cnn.mobile.android.phone.ui.ArticleFlipboardFragment.onPause()
I/org.umd.logging(11161): Method > 1 com.cnn.mobile.android.phone.ui.ArticleFlipboardFragment.onPause(com.cnn.mobile.android.phone.ui.ArticleFlipboardFragment@536135868<fragment=true>)
I/org.umd.logging(11161): Method < 1 com.cnn.mobile.android.phone.ui.ArticleFlipboardFragment.onPause()
I/org.umd.logging(11161): Method > 1 com.cnn.mobile.android.phone.ui.ArticleFlipboardFragment.onPause(com.cnn.mobile.android.phone.ui.ArticleFlipboardFragment@564376744<fragment=true>)
I/org.umd.logging(11161): Method < 1 com.cnn.mobile.android.phone.ui.ArticleFlipboardFragment.onPause()
I/org.umd.logging(11161): Method > 1 com.cnn.mobile.android.phone.ui.ArticleFlipboardFragment.onPause(com.cnn.mobile.android.phone.ui.ArticleFlipboardFragment@886272852<fragment=true>)
I/org.umd.logging(11161): Method < 1 com.cnn.mobile.android.phone.ui.ArticleFlipboardFragment.onPause()
I/org.umd.logging(11161): Method > 1 com.cnn.mobile.android.phone.ui.ArticleFlipboardFragment.onPause(com.cnn.mobile.android.phone.ui.ArticleFlipboardFragment@178155712<fragment=true>)
I/org.umd.logging(11161): Method < 1 com.cnn.mobile.android.phone.ui.ArticleFlipboardFragment.onPause()
I/org.umd.logging(11161): Method > 1 com.cnn.mobile.android.phone.ui.ArticleFlipboardFragment.onPause(com.cnn.mobile.android.phone.ui.ArticleFlipboardFragment@156883180<fragment=true>)
I/org.umd.logging(11161): Method < 1 com.cnn.mobile.android.phone.ui.ArticleFlipboardFragment.onPause()
I/org.umd.logging(11161): Method > 1 com.comscore.utils.task.TaskExecutor.execute(com.comscore.utils.task.TaskExecutor@1045888974, com.comscore.analytics.aa@408696443, true)
I/org.umd.logging(11161): Method > 1 com.comscore.utils.task.CustomThreadPoolExecutor.execute(com.comscore.utils.task.CustomThreadPoolExecutor@635914970, com.comscore.analytics.aa@408696443)
I/org.umd.logging(11161): Method < 1 com.comscore.utils.task.CustomThreadPoolExecutor.execute()
I/org.umd.logging(11161): Method < 1 com.comscore.utils.task.TaskExecutor.execute(true)
I/org.umd.logging(11161): Method < 1 com.cnn.mobile.android.phone.ui.BaseFragmentActivity.onPause()
I/org.umd.logging(11161): Method < 1 com.cnn.mobile.android.phone.ui.ArticleFragmentActivity.onPause()
I/org.umd.logging(11161): Method > 2109 com.comscore.analytics.aa.run(com.comscore.analytics.aa@408696443)
I/org.umd.logging(11161): Method < 2109 com.comscore.analytics.aa.run()
W/InputMethodManagerService(  594): Starting input on non-focused client com.android.internal.view.IInputMethodClient$Stub$Proxy@363ab81 (uid=10225 pid=11161)
D/KeepAlive(11161): stop
D/KeepAlive(11161): cancel()
D/KeepAlive(11161): processKeepAlive(true) timeSinceLastTransmission=85447 currentTimeout=3000
D/KeepAlive(11161): Sending Keep-alive
I/org.umd.logging(11161): Api > 2202 java.lang.Thread.start(java.lang.Thread@225348167<thread=2203>)
I/org.umd.logging(11161): Api < 2202 java.lang.Thread.start()
I/org.umd.logging(11161): Method > 2203 com.comscore.utils.f.run(com.comscore.utils.f@40433790)
I/org.umd.logging(11161): Method > 2202 com.comscore.utils.task.TaskExecutor.execute(com.comscore.utils.task.TaskExecutor@1045888974, com.comscore.utils.e@609190813, true)
I/org.umd.logging(11161): Method > 2202 com.comscore.utils.task.CustomThreadPoolExecutor.execute(com.comscore.utils.task.CustomThreadPoolExecutor@635914970, com.comscore.utils.e@609190813)
I/org.umd.logging(11161): Method < 2202 com.comscore.utils.task.CustomThreadPoolExecutor.execute()
I/org.umd.logging(11161): Method < 2202 com.comscore.utils.task.TaskExecutor.execute(true)
I/org.umd.logging(11161): Method > 2109 com.comscore.utils.e.run(com.comscore.utils.e@609190813)
I/org.umd.logging(11161): Method < 2109 com.comscore.utils.e.run()
I/org.umd.logging(11161): Method > 1 com.cnn.mobile.android.phone.ui.MainActivity.onDestroy(com.cnn.mobile.android.phone.ui.MainActivity@932856745<activity=true>)
I/org.umd.logging(11161): Method > 1 com.cnn.mobile.android.phone.ui.BaseFragmentActivity.onDestroy(com.cnn.mobile.android.phone.ui.MainActivity@932856745<activity=true>)
I/ActivityManager(  594): Killing 11161:com.cnn.mobile.android.phone/u0a225 (adj 9): remove task
I/WindowState(  594): WIN DEATH: Window{113a8a2d u0 com.cnn.mobile.android.phone/com.cnn.mobile.android.phone.ui.MainActivity}
D/ConnectivityService(  594): ConnectivityService NetworkRequestInfo binderDied(NetworkRequest [ id=62, legacyType=-1, [ Capabilities: INTERNET&NOT_RESTRICTED&TRUSTED] ], android.os.BinderProxy@36778426)
D/ConnectivityService(  594): ConnectivityService NetworkRequestInfo binderDied(NetworkRequest [ id=63, legacyType=-1, [ Capabilities: INTERNET&NOT_RESTRICTED&TRUSTED] ], android.os.BinderProxy@368b0867)
D/ConnectivityService(  594): releasing NetworkRequest NetworkRequest [ id=62, legacyType=-1, [ Capabilities: INTERNET&NOT_RESTRICTED&TRUSTED] ]
E/ConnectivityService(  594): RemoteException caught trying to send a callback msg for NetworkRequest [ id=62, legacyType=-1, [ Capabilities: INTERNET&NOT_RESTRICTED&TRUSTED] ]
D/ConnectivityService(  594): releasing NetworkRequest NetworkRequest [ id=63, legacyType=-1, [ Capabilities: INTERNET&NOT_RESTRICTED&TRUSTED] ]
E/ConnectivityService(  594): RemoteException caught trying to send a callback msg for NetworkRequest [ id=63, legacyType=-1, [ Capabilities: INTERNET&NOT_RESTRICTED&TRUSTED] ]
I/WindowState(  594): WIN DEATH: Window{3b4df25 u0 com.cnn.mobile.android.phone/com.cnn.mobile.android.phone.ui.ArticleFragmentActivity}
I/ActivityManager(  594): START u0 {act=android.intent.action.MAIN cat=[android.intent.category.HOME] flg=0x10200000 cmp=com.android.launcher/com.android.launcher2.Launcher} from uid 10022 on display 0
D/TaskPersister(  594): removeObsoleteFile: deleting file=37_task.xml
D/TaskPersister(  594): removeObsoleteFile: deleting file=37_task_thumbnail.png
W/OpenGLRenderer( 1054): Incorrectly called buildLayer on View: ShortcutAndWidgetContainer, destroying layer...
W/OpenGLRenderer( 1054): Incorrectly called buildLayer on View: ShortcutAndWidgetContainer, destroying layer...
I/org.umd.logging( 4986): Method > 1 com.cleanmaster.base.crash.util.debug.b.run(com.cleanmaster.base.crash.util.debug.b@453239735)
I/org.umd.logging( 4986): Method < 1 com.cleanmaster.base.crash.util.debug.b.run()
