I/org.umd.logging(14731): Api > 1481 android.net.ConnectivityManager.getActiveNetworkInfo(android.net.ConnectivityManager@172529315)
I/org.umd.logging(14731): Api < 1481 android.net.ConnectivityManager.getActiveNetworkInfo(android.net.NetworkInfo@154190793)
I/org.umd.logging(14731): Method > 1 com.migal.android.MigalView.onTouchEvent(com.migal.android.MigalView@191329657<file=2016-12-06_03:53:17.048><x=0><y=0><width=768><height=1280><id=2131558495><imagename=migal_view>, android.view.MotionEvent@682716203)
I/org.umd.logging(14731): Method < 1 com.migal.android.MigalView.onTouchEvent(true)
E/Cataloger( 5092): syncFile:/storage/emulated/0/2016-12-06_03:53:17.048.jpg
I/org.umd.logging(14731): Method > 1318 com.migal.android.MigalView$1.run(com.migal.android.MigalView$1@1004587726)
I/org.umd.logging(14731): Method < 1318 com.migal.android.MigalView$1.run()
I/art     (14731): Background partial concurrent mark sweep GC freed 14829(786KB) AllocSpace objects, 6(22MB) LOS objects, 33% free, 32MB/48MB, paused 3.235ms total 108.927ms
E/Cataloger( 5092): syncFile:/storage/emulated/0/2016-12-06_03:53:17.223.jpg
I/org.umd.logging(14731): Method > 1 com.migal.android.MigalView.onTouchEvent(com.migal.android.MigalView@191329657<file=2016-12-06_03:53:17.223><x=0><y=0><width=768><height=1280><id=2131558495><imagename=migal_view>, android.view.MotionEvent@682716203)
I/org.umd.logging(14731): Method < 1 com.migal.android.MigalView.onTouchEvent(true)
E/Cataloger( 5092): syncFile:/storage/emulated/0/2016-12-06_03:53:17.223.jpg
I/org.umd.logging(14731): Method > 1318 com.migal.android.MigalView$1.run(com.migal.android.MigalView$1@410571653)
I/org.umd.logging(14731): Method < 1318 com.migal.android.MigalView$1.run()
E/Cataloger( 5092): syncFile:/storage/emulated/0/2016-12-06_03:53:17.388.jpg
I/org.umd.logging(14731): Api > 1481 android.net.ConnectivityManager.getActiveNetworkInfo(android.net.ConnectivityManager@172529315)
I/org.umd.logging(14731): Api < 1481 android.net.ConnectivityManager.getActiveNetworkInfo(android.net.NetworkInfo@432195034)
I/org.umd.logging(14731): Api > 1481 android.net.ConnectivityManager.getActiveNetworkInfo(android.net.ConnectivityManager@172529315)
I/org.umd.logging(14731): Api < 1481 android.net.ConnectivityManager.getActiveNetworkInfo(android.net.NetworkInfo@819124747)
I/org.umd.logging(14731): Api > 1333 java.lang.Thread.start(java.lang.Thread@200618297<thread=1514>)
I/org.umd.logging(14731): Api < 1333 java.lang.Thread.start()
I/org.umd.logging(14731): Method < 1333 com.heyzap.http.AsyncHttpRequest.run()
I/org.umd.logging(14731): Method > 1514 com.heyzap.http.JsonHttpResponseHandler$1.run(com.heyzap.http.JsonHttpResponseHandler$1@393970558)
I/org.umd.logging(14731): Method > 1514 com.heyzap.http.JsonHttpResponseHandler$1$1.run(com.heyzap.http.JsonHttpResponseHandler$1$1@320573663)
I/org.umd.logging(14731): Method > 1514 com.heyzap.common.concurrency.ExecutorPool$WrappedScheduledThreadPoolExecutor.execute(com.heyzap.common.concurrency.ExecutorPool$WrappedScheduledThreadPoolExecutor@263009907, com.heyzap.house.model.AdModel$HtmlAssetFetcher$1@711895029)
I/org.umd.logging(14731): Method < 1514 com.heyzap.common.concurrency.ExecutorPool$WrappedScheduledThreadPoolExecutor.execute()
I/org.umd.logging(14731): Method > 1334 com.heyzap.common.concurrency.WrappedRunnable.run(com.heyzap.common.concurrency.WrappedRunnable@617109898)
I/org.umd.logging(14731): Method > 1334 com.heyzap.house.model.AdModel$HtmlAssetFetcher$1.run(com.heyzap.house.model.AdModel$HtmlAssetFetcher$1@711895029)
I/org.umd.logging(14731): Api > 1334 java.net.URL.openStream(java.net.URL@677428439<URL=https://img-cloudflare.haizap.com/imgcache/img:c6bb6f7efe7378cd735a5cd3cc3147b9-type:standard>)
I/org.umd.logging(14731): Method > 1514 com.heyzap.common.video.Cacher.start(com.migal.android.MigalApplication@841467852, com.heyzap.house.model.VideoModel@758764568, com.heyzap.house.handler.InterstitialFetchHandler$1@291144790)
I/org.umd.logging(14731): Api > 1514 org.apache.http.impl.client.DefaultHttpClient.<init>(org.apache.http.impl.client.DefaultHttpClient@53534893, org.apache.http.impl.conn.tsccm.ThreadSafeClientConnManager@856854498, org.apache.http.params.BasicHttpParams@294276979)
I/org.umd.logging(14731): Api < 1514 org.apache.http.impl.client.DefaultHttpClient.<init>(org.apache.http.impl.client.DefaultHttpClient@53534893)
I/org.umd.logging(14731): Method < 1514 com.heyzap.common.video.Cacher.start()
I/org.umd.logging(14731): Method > 1330 com.heyzap.http.AsyncHttpRequest.run(com.heyzap.http.AsyncHttpRequest@34278960)
I/org.umd.logging(14731): Method < 1514 com.heyzap.http.JsonHttpResponseHandler$1$1.run()
I/org.umd.logging(14731): Method < 1514 com.heyzap.http.JsonHttpResponseHandler$1.run()
I/org.umd.logging(14731): Method > 1330 com.heyzap.common.video.Cacher.onStart(com.heyzap.common.video.Cacher@726517806)
I/org.umd.logging(14731): Method < 1330 com.heyzap.common.video.Cacher.onStart()
I/org.umd.logging(14731): Method > 1 com.migal.android.MigalView.onTouchEvent(com.migal.android.MigalView@191329657<file=2016-12-06_03:53:17.388><x=0><y=0><width=768><height=1280><id=2131558495><imagename=migal_view>, android.view.MotionEvent@682716203)
I/org.umd.logging(14731): Method < 1 com.migal.android.MigalView.onTouchEvent(true)
E/Cataloger( 5092): syncFile:/storage/emulated/0/2016-12-06_03:53:17.388.jpg
I/org.umd.logging(14731): Method > 1318 com.migal.android.MigalView$1.run(com.migal.android.MigalView$1@709549404)
I/org.umd.logging(14731): Method < 1318 com.migal.android.MigalView$1.run()
I/MIGAL   (14731): File_Load(1269, 0x0), size 96
I/MIGAL   (14731): => 0xb9348ed8
I/MIGAL   (14731): Load file 1269: SPR_OBSTACLES4_BIGCROSS_RIGHT_CROSS
E/Cataloger( 5092): syncFile:/storage/emulated/0/2016-12-06_03:53:17.570.jpg
I/org.umd.logging(14731): Api > 1481 android.net.ConnectivityManager.getActiveNetworkInfo(android.net.ConnectivityManager@172529315)
I/org.umd.logging(14731): Api < 1481 android.net.ConnectivityManager.getActiveNetworkInfo(android.net.NetworkInfo@578451557)
I/org.umd.logging(14731): Api > 1481 android.net.ConnectivityManager.getActiveNetworkInfo(android.net.ConnectivityManager@172529315)
I/org.umd.logging(14731): Api < 1481 android.net.ConnectivityManager.getActiveNetworkInfo(android.net.NetworkInfo@32651578)
I/org.umd.logging(14731): Method > 1 com.migal.android.MigalView.onTouchEvent(com.migal.android.MigalView@191329657<file=2016-12-06_03:53:17.570><x=0><y=0><width=768><height=1280><id=2131558495><imagename=migal_view>, android.view.MotionEvent@682716203)
I/org.umd.logging(14731): Method < 1 com.migal.android.MigalView.onTouchEvent(true)
E/Cataloger( 5092): syncFile:/storage/emulated/0/2016-12-06_03:53:17.570.jpg
I/org.umd.logging(14731): Method > 1318 com.migal.android.MigalView$1.run(com.migal.android.MigalView$1@510540267)
I/org.umd.logging(14731): Method < 1318 com.migal.android.MigalView$1.run()
E/Cataloger( 5092): syncFile:/storage/emulated/0/2016-12-06_03:53:17.736.jpg
I/org.umd.logging(14731): Method > 1 com.migal.android.MigalView.onTouchEvent(com.migal.android.MigalView@191329657<file=2016-12-06_03:53:17.736><x=0><y=0><width=768><height=1280><id=2131558495><imagename=migal_view>, android.view.MotionEvent@682716203)
I/org.umd.logging(14731): Method < 1 com.migal.android.MigalView.onTouchEvent(true)
E/Cataloger( 5092): syncFile:/storage/emulated/0/2016-12-06_03:53:17.736.jpg
I/org.umd.logging(14731): Method > 1318 com.migal.android.MigalView$1.run(com.migal.android.MigalView$1@624602886)
I/org.umd.logging(14731): Method < 1318 com.migal.android.MigalView$1.run()
I/org.umd.logging(14731): Method < 1504 com.jirbo.adcolony.ADCDownload.run()
I/org.umd.logging(14731): Api < 1334 java.net.URL.openStream(com.android.okio.RealBufferedSource$1@536119751)
E/Cataloger( 5092): syncFile:/storage/emulated/0/2016-12-06_03:53:17.893.jpg
I/org.umd.logging(14731): Api > 1334 java.net.URL.openStream(java.net.URL@872643572<URL=https://img-cloudflare.haizap.com/images/developer/dashboard/default_game_icon.png>)
I/org.umd.logging(14731): Api < 1334 java.net.URL.openStream(com.android.okio.RealBufferedSource$1@133713693)
I/org.umd.logging(14731): Method < 1334 com.heyzap.house.model.AdModel$HtmlAssetFetcher$1.run()
I/org.umd.logging(14731): Method < 1334 com.heyzap.common.concurrency.WrappedRunnable.run()
I/org.umd.logging(14731): Api > 1481 android.net.ConnectivityManager.getActiveNetworkInfo(android.net.ConnectivityManager@172529315)
I/org.umd.logging(14731): Api < 1481 android.net.ConnectivityManager.getActiveNetworkInfo(android.net.NetworkInfo@440579474)
I/org.umd.logging(14731): Api > 1481 android.net.ConnectivityManager.getActiveNetworkInfo(android.net.ConnectivityManager@172529315)
I/org.umd.logging(14731): Api < 1481 android.net.ConnectivityManager.getActiveNetworkInfo(android.net.NetworkInfo@44432227)
I/org.umd.logging(14731): Api > 1481 android.net.ConnectivityManager.getActiveNetworkInfo(android.net.ConnectivityManager@172529315)
I/org.umd.logging(14731): Api < 1481 android.net.ConnectivityManager.getActiveNetworkInfo(android.net.NetworkInfo@81159008)
I/org.umd.logging(14731): Api > 1481 android.net.ConnectivityManager.getActiveNetworkInfo(android.net.ConnectivityManager@172529315)
I/org.umd.logging(14731): Api < 1481 android.net.ConnectivityManager.getActiveNetworkInfo(android.net.NetworkInfo@500154393)
I/org.umd.logging(14731): Method > 1 com.migal.android.MigalView.onTouchEvent(com.migal.android.MigalView@191329657<file=2016-12-06_03:53:17.893><x=0><y=0><width=768><height=1280><id=2131558495><imagename=migal_view>, android.view.MotionEvent@682716203)
I/org.umd.logging(14731): Method < 1 com.migal.android.MigalView.onTouchEvent(true)
E/Cataloger( 5092): syncFile:/storage/emulated/0/2016-12-06_03:53:17.893.jpg
I/org.umd.logging(14731): Method > 1318 com.migal.android.MigalView$1.run(com.migal.android.MigalView$1@710056158)
I/org.umd.logging(14731): Method < 1318 com.migal.android.MigalView$1.run()
E/Cataloger( 5092): syncFile:/storage/emulated/0/2016-12-06_03:53:18.037.jpg
I/org.umd.logging(14731): Method > 1 com.migal.android.MigalView.onTouchEvent(com.migal.android.MigalView@191329657<file=2016-12-06_03:53:18.037><x=0><y=0><width=768><height=1280><id=2131558495><imagename=migal_view>, android.view.MotionEvent@682716203)
I/org.umd.logging(14731): Method < 1 com.migal.android.MigalView.onTouchEvent(true)
E/Cataloger( 5092): syncFile:/storage/emulated/0/2016-12-06_03:53:18.037.jpg
I/org.umd.logging(14731): Method > 1318 com.migal.android.MigalView$1.run(com.migal.android.MigalView$1@158526143)
I/org.umd.logging(14731): Method < 1318 com.migal.android.MigalView$1.run()
I/org.umd.logging(14731): Api > 1481 android.net.ConnectivityManager.getActiveNetworkInfo(android.net.ConnectivityManager@172529315)
I/org.umd.logging(14731): Api < 1481 android.net.ConnectivityManager.getActiveNetworkInfo(android.net.NetworkInfo@405689740)
I/org.umd.logging(14731): Api > 1481 android.net.ConnectivityManager.getActiveNetworkInfo(android.net.ConnectivityManager@172529315)
I/org.umd.logging(14731): Api < 1481 android.net.ConnectivityManager.getActiveNetworkInfo(android.net.NetworkInfo@538133717)
E/Cataloger( 5092): syncFile:/storage/emulated/0/2016-12-06_03:53:18.192.jpg
I/org.umd.logging(14731): Method > 1 com.migal.android.MigalView.onTouchEvent(com.migal.android.MigalView@191329657<file=2016-12-06_03:53:18.192><x=0><y=0><width=768><height=1280><id=2131558495><imagename=migal_view>, android.view.MotionEvent@682716203)
I/org.umd.logging(14731): Method < 1 com.migal.android.MigalView.onTouchEvent(true)
E/Cataloger( 5092): syncFile:/storage/emulated/0/2016-12-06_03:53:18.192.jpg
I/org.umd.logging(14731): Method > 1318 com.migal.android.MigalView$1.run(com.migal.android.MigalView$1@418079978)
I/org.umd.logging(14731): Method < 1318 com.migal.android.MigalView$1.run()
E/Cataloger( 5092): syncFile:/storage/emulated/0/2016-12-06_03:53:18.338.jpg
I/org.umd.logging(14731): Api > 1481 android.net.ConnectivityManager.getActiveNetworkInfo(android.net.ConnectivityManager@172529315)
I/org.umd.logging(14731): Api < 1481 android.net.ConnectivityManager.getActiveNetworkInfo(android.net.NetworkInfo@200635355)
I/org.umd.logging(14731): Api > 1481 android.net.ConnectivityManager.getActiveNetworkInfo(android.net.ConnectivityManager@172529315)
I/org.umd.logging(14731): Api < 1481 android.net.ConnectivityManager.getActiveNetworkInfo(android.net.NetworkInfo@389103224)
I/org.umd.logging(14731): Method > 1 com.migal.android.MigalView.onTouchEvent(com.migal.android.MigalView@191329657<file=2016-12-06_03:53:18.338><x=0><y=0><width=768><height=1280><id=2131558495><imagename=migal_view>, android.view.MotionEvent@682716203)
I/org.umd.logging(14731): Method > 1318 com.migal.android.MigalView$1.run(com.migal.android.MigalView$1@701520209)
I/org.umd.logging(14731): Method < 1318 com.migal.android.MigalView$1.run()
I/org.umd.logging(14731): Method < 1 com.migal.android.MigalView.onTouchEvent(true)
E/Cataloger( 5092): syncFile:/storage/emulated/0/2016-12-06_03:53:18.338.jpg
E/Cataloger( 5092): syncFile:/storage/emulated/0/2016-12-06_03:53:18.514.jpg
I/org.umd.logging(14731): Method > 1 com.migal.android.MigalView.onTouchEvent(com.migal.android.MigalView@191329657<file=2016-12-06_03:53:18.514><x=0><y=0><width=768><height=1280><id=2131558495><imagename=migal_view>, android.view.MotionEvent@682716203)
I/org.umd.logging(14731): Method < 1 com.migal.android.MigalView.onTouchEvent(true)
I/org.umd.logging(14731): Method > 1318 com.migal.android.MigalView$1.run(com.migal.android.MigalView$1@781378998)
I/org.umd.logging(14731): Method < 1318 com.migal.android.MigalView$1.run()
E/Cataloger( 5092): syncFile:/storage/emulated/0/2016-12-06_03:53:18.514.jpg
I/org.umd.logging(14731): Api > 1481 android.net.ConnectivityManager.getActiveNetworkInfo(android.net.ConnectivityManager@172529315)
I/org.umd.logging(14731): Api < 1481 android.net.ConnectivityManager.getActiveNetworkInfo(android.net.NetworkInfo@927822519)
I/org.umd.logging(14731): Api > 1481 android.net.ConnectivityManager.getActiveNetworkInfo(android.net.ConnectivityManager@172529315)
I/org.umd.logging(14731): Api < 1481 android.net.ConnectivityManager.getActiveNetworkInfo(android.net.NetworkInfo@360172068)
E/Cataloger( 5092): syncFile:/storage/emulated/0/2016-12-06_03:53:18.697.jpg
I/org.umd.logging(14731): Method > 1336 com.heyzap.common.concurrency.FutureUtils$3.run(com.heyzap.common.concurrency.FutureUtils$3@527448461)
I/org.umd.logging(14731): Method < 1336 com.heyzap.common.concurrency.FutureUtils$3.run()
I/org.umd.logging(14731): Method > 1 com.migal.android.MigalView.onTouchEvent(com.migal.android.MigalView@191329657<file=2016-12-06_03:53:18.697><x=0><y=0><width=768><height=1280><id=2131558495><imagename=migal_view>, android.view.MotionEvent@682716203)
E/Cataloger( 5092): syncFile:/storage/emulated/0/2016-12-06_03:53:18.697.jpg
I/org.umd.logging(14731): Method < 1 com.migal.android.MigalView.onTouchEvent(true)
I/org.umd.logging(14731): Method > 1318 com.migal.android.MigalView$1.run(com.migal.android.MigalView$1@610248514)
I/org.umd.logging(14731): Method < 1318 com.migal.android.MigalView$1.run()
E/Cataloger( 5092): syncFile:/storage/emulated/0/2016-12-06_03:53:18.838.jpg
I/org.umd.logging(14731): Api > 1481 android.net.ConnectivityManager.getActiveNetworkInfo(android.net.ConnectivityManager@172529315)
I/org.umd.logging(14731): Api < 1481 android.net.ConnectivityManager.getActiveNetworkInfo(android.net.NetworkInfo@12354387)
I/org.umd.logging(14731): Api > 1481 android.net.ConnectivityManager.getActiveNetworkInfo(android.net.ConnectivityManager@172529315)
I/org.umd.logging(14731): Api < 1481 android.net.ConnectivityManager.getActiveNetworkInfo(android.net.NetworkInfo@628712592)
I/org.umd.logging(14731): Method > 1 com.migal.android.MigalView.onTouchEvent(com.migal.android.MigalView@191329657<file=2016-12-06_03:53:18.838><x=0><y=0><width=768><height=1280><id=2131558495><imagename=migal_view>, android.view.MotionEvent@682716203)
E/Cataloger( 5092): syncFile:/storage/emulated/0/2016-12-06_03:53:18.838.jpg
I/org.umd.logging(14731): Method < 1 com.migal.android.MigalView.onTouchEvent(true)
I/org.umd.logging(14731): Method > 1318 com.migal.android.MigalView$1.run(com.migal.android.MigalView$1@146006409)
I/org.umd.logging(14731): Method < 1318 com.migal.android.MigalView$1.run()
E/Cataloger( 5092): syncFile:/storage/emulated/0/2016-12-06_03:53:19.031.jpg
I/org.umd.logging(14731): Method > 1330 com.heyzap.common.concurrency.ExecutorPool$WrappedScheduledThreadPoolExecutor.execute(com.heyzap.common.concurrency.ExecutorPool$WrappedScheduledThreadPoolExecutor@263009907, com.heyzap.common.cache.FileCache$SyncRunnable@637665711)
I/org.umd.logging(14731): Method < 1330 com.heyzap.common.concurrency.ExecutorPool$WrappedScheduledThreadPoolExecutor.execute()
I/org.umd.logging(14731): Method > 1324 com.heyzap.common.concurrency.WrappedRunnable.run(com.heyzap.common.concurrency.WrappedRunnable@129513916)
I/org.umd.logging(14731): Method > 1324 com.heyzap.common.cache.FileCache$SyncRunnable.run(com.heyzap.common.cache.FileCache$SyncRunnable@637665711)
I/org.umd.logging(14731): Method > 1330 com.heyzap.common.concurrency.ExecutionList$RunnableExecutorPair.execute(com.heyzap.common.concurrency.ExecutionList$RunnableExecutorPair@242224453)
I/org.umd.logging(14731): Method > 1330 com.heyzap.common.concurrency.ExecutorPool$WrappedScheduledThreadPoolExecutor.execute(com.heyzap.common.concurrency.ExecutorPool$WrappedScheduledThreadPoolExecutor@263009907, com.heyzap.common.concurrency.FutureUtils$5@304012442)
I/org.umd.logging(14731): Method > 1335 com.heyzap.common.concurrency.WrappedRunnable.run(com.heyzap.common.concurrency.WrappedRunnable@393677259)
I/org.umd.logging(14731): Method > 1335 com.heyzap.common.concurrency.FutureUtils$5.run(com.heyzap.common.concurrency.FutureUtils$5@304012442)
I/org.umd.logging(14731): Method < 1330 com.heyzap.common.concurrency.ExecutorPool$WrappedScheduledThreadPoolExecutor.execute()
I/org.umd.logging(14731): Method > 1335 com.heyzap.common.concurrency.ExecutionList$RunnableExecutorPair.execute(com.heyzap.common.concurrency.ExecutionList$RunnableExecutorPair@548222376)
I/org.umd.logging(14731): Method < 1330 com.heyzap.common.concurrency.ExecutionList$RunnableExecutorPair.execute()
I/org.umd.logging(14731): Method > 1335 com.heyzap.common.concurrency.ExecutorPool$WrappedScheduledThreadPoolExecutor.execute(com.heyzap.common.concurrency.ExecutorPool$WrappedScheduledThreadPoolExecutor@263009907, com.heyzap.mediation.abstr.FetchBackedNetworkAdapter$2$1$1@403257537)
I/org.umd.logging(14731): Method < 1330 com.heyzap.http.AsyncHttpRequest.run()
I/org.umd.logging(14731): Method < 1335 com.heyzap.common.concurrency.ExecutorPool$WrappedScheduledThreadPoolExecutor.execute()
I/org.umd.logging(14731): Method > 1330 com.heyzap.common.concurrency.WrappedRunnable.run(com.heyzap.common.concurrency.WrappedRunnable@830351462)
I/org.umd.logging(14731): Method > 1330 com.heyzap.mediation.abstr.FetchBackedNetworkAdapter$2$1$1.run(com.heyzap.mediation.abstr.FetchBackedNetworkAdapter$2$1$1@403257537)
I/org.umd.logging(14731): Method < 1335 com.heyzap.common.concurrency.ExecutionList$RunnableExecutorPair.execute()
I/org.umd.logging(14731): Method < 1335 com.heyzap.common.concurrency.FutureUtils$5.run()
I/org.umd.logging(14731): Method > 1330 com.heyzap.common.concurrency.ExecutionList$RunnableExecutorPair.execute(com.heyzap.common.concurrency.ExecutionList$RunnableExecutorPair@669677479)
I/org.umd.logging(14731): Method < 1335 com.heyzap.common.concurrency.WrappedRunnable.run()
I/org.umd.logging(14731): Method > 1330 com.heyzap.common.concurrency.ExecutorPool$WrappedScheduledThreadPoolExecutor.execute(com.heyzap.common.concurrency.ExecutorPool$WrappedScheduledThreadPoolExecutor@263009907, com.heyzap.common.concurrency.FutureUtils$4@561251412)
I/org.umd.logging(14731): Method > 1332 com.heyzap.common.concurrency.WrappedRunnable.run(com.heyzap.common.concurrency.WrappedRunnable@78618621)
I/org.umd.logging(14731): Method < 1330 com.heyzap.common.concurrency.ExecutorPool$WrappedScheduledThreadPoolExecutor.execute()
I/org.umd.logging(14731): Method < 1330 com.heyzap.common.concurrency.ExecutionList$RunnableExecutorPair.execute()
I/org.umd.logging(14731): Method < 1330 com.heyzap.mediation.abstr.FetchBackedNetworkAdapter$2$1$1.run()
I/org.umd.logging(14731): Method > 1332 com.heyzap.common.concurrency.FutureUtils$FutureRunnable.run(com.heyzap.common.concurrency.FutureUtils$4@561251412)
I/org.umd.logging(14731): Method < 1330 com.heyzap.common.concurrency.WrappedRunnable.run()
I/org.umd.logging(14731): Method > 1332 com.heyzap.common.concurrency.FutureUtils$4.run(com.heyzap.common.concurrency.FutureUtils$4@561251412, true, null)
I/org.umd.logging(14731): Method > 1332 com.heyzap.common.concurrency.ExecutionList$RunnableExecutorPair.execute(com.heyzap.common.concurrency.ExecutionList$RunnableExecutorPair@1010066674)
I/org.umd.logging(14731): Method < 1324 com.heyzap.common.cache.FileCache$SyncRunnable.run()
I/org.umd.logging(14731): Method < 1324 com.heyzap.common.concurrency.WrappedRunnable.run()
I/org.umd.logging(14731): Method > 1332 com.heyzap.common.concurrency.ExecutorPool$WrappedScheduledThreadPoolExecutor.execute(com.heyzap.common.concurrency.ExecutorPool$WrappedScheduledThreadPoolExecutor@263009907, com.heyzap.mediation.ConcurrentLoaderStrategy$2@507307843)
I/org.umd.logging(14731): Method < 1332 com.heyzap.common.concurrency.ExecutorPool$WrappedScheduledThreadPoolExecutor.execute()
I/org.umd.logging(14731): Method > 1336 com.heyzap.common.concurrency.WrappedRunnable.run(com.heyzap.common.concurrency.WrappedRunnable@255267264)
I/org.umd.logging(14731): Method > 1336 com.heyzap.mediation.ConcurrentLoaderStrategy$2.run(com.heyzap.mediation.ConcurrentLoaderStrategy$2@507307843)
I/org.umd.logging(14731): Method < 1332 com.heyzap.common.concurrency.ExecutionList$RunnableExecutorPair.execute()
I/org.umd.logging(14731): Method < 1332 com.heyzap.common.concurrency.FutureUtils$4.run()
I/org.umd.logging(14731): Method < 1332 com.heyzap.common.concurrency.FutureUtils$FutureRunnable.run()
I/org.umd.logging(14731): Method < 1332 com.heyzap.common.concurrency.WrappedRunnable.run()
I/org.umd.logging(14731): Api > 1336 java.lang.Object.start(com.heyzap.sdk.mediation.adapter.HeyzapAdapter@695770127, com.heyzap.common.lifecycle.FetchOptions@1012612857)
I/org.umd.logging(14731): Method > 1336 com.heyzap.mediation.abstr.FetchBackedNetworkAdapter.start(com.heyzap.sdk.mediation.adapter.HeyzapAdapter@695770127, com.heyzap.common.lifecycle.FetchOptions@1012612857)
I/org.umd.logging(14731): Method > 1336 com.heyzap.internal.RetryManager.start(com.heyzap.internal.RetryManager@765451838)
I/org.umd.logging(14731): Method < 1336 com.heyzap.internal.RetryManager.start()
I/org.umd.logging(14731): Method > 1333 com.heyzap.mediation.abstr.FetchBackedNetworkAdapter$2.run(com.heyzap.mediation.abstr.FetchBackedNetworkAdapter$2@79475871)
I/org.umd.logging(14731): Method < 1336 com.heyzap.mediation.abstr.FetchBackedNetworkAdapter.start(com.heyzap.common.concurrency.SettableFuture@358320620)
I/org.umd.logging(14731): Method < 1333 com.heyzap.mediation.abstr.FetchBackedNetworkAdapter$2.run()
I/org.umd.logging(14731): Api < 1336 java.lang.Object.start(com.heyzap.common.concurrency.SettableFuture@358320620)
I/org.umd.logging(14731): Method > 1333 com.heyzap.mediation.adapter.FetchRequestConsumer$ConsumeCallback.run(com.heyzap.mediation.adapter.FetchRequestConsumer$ConsumeCallback@344445365)
I/org.umd.logging(14731): Method > 1333 com.heyzap.mediation.abstr.FetchBackedNetworkAdapter$2$1.run(com.heyzap.mediation.abstr.FetchBackedNetworkAdapter$2$1@112697418)
I/org.umd.logging(14731): Method > 1333 com.heyzap.house.Manager.start(com.heyzap.internal.ContextReference@493066386, "717332e2154149277af63845bfba588a")
I/org.umd.logging(14731): Method > 1333 com.heyzap.common.concurrency.ExecutionList$RunnableExecutorPair.execute(com.heyzap.common.concurrency.ExecutionList$RunnableExecutorPair@306314171)
I/org.umd.logging(14731): Method > 1333 com.heyzap.common.concurrency.ExecutorPool$WrappedScheduledThreadPoolExecutor.execute(com.heyzap.common.concurrency.ExecutorPool$WrappedScheduledThreadPoolExecutor@263009907, com.heyzap.sdk.mediation.adapter.HeyzapAdapter$1@242047192)
I/org.umd.logging(14731): Method < 1333 com.heyzap.common.concurrency.ExecutorPool$WrappedScheduledThreadPoolExecutor.execute()
I/org.umd.logging(14731): Method < 1333 com.heyzap.common.concurrency.ExecutionList$RunnableExecutorPair.execute()
I/org.umd.logging(14731): Method < 1333 com.heyzap.mediation.abstr.FetchBackedNetworkAdapter$2$1.run()
I/org.umd.logging(14731): Method < 1333 com.heyzap.mediation.adapter.FetchRequestConsumer$ConsumeCallback.run()
I/org.umd.logging(14731): Method > 1333 com.heyzap.common.concurrency.WrappedRunnable.run(com.heyzap.common.concurrency.WrappedRunnable@78697521)
I/org.umd.logging(14731): Method > 1333 com.heyzap.sdk.mediation.adapter.HeyzapAdapter$1.run(com.heyzap.sdk.mediation.adapter.HeyzapAdapter$1@242047192)
I/org.umd.logging(14731): Method > 1333 com.heyzap.house.request.FetchRequest.execute(com.heyzap.house.request.FetchRequest@785872662, com.migal.android.MigalApplication@841467852)
I/org.umd.logging(14731): Method > 1333 com.heyzap.common.concurrency.ExecutorPool$WrappedScheduledThreadPoolExecutor.execute(com.heyzap.common.concurrency.ExecutorPool$WrappedScheduledThreadPoolExecutor@263009907, com.heyzap.house.request.FetchRequest$1@151689367)
I/org.umd.logging(14731): Method < 1333 com.heyzap.common.concurrency.ExecutorPool$WrappedScheduledThreadPoolExecutor.execute()
I/org.umd.logging(14731): Method < 1333 com.heyzap.house.request.FetchRequest.execute()
I/org.umd.logging(14731): Method > 1326 com.heyzap.common.concurrency.WrappedRunnable.run(com.heyzap.common.concurrency.WrappedRunnable@801843844)
I/org.umd.logging(14731): Method > 1326 com.heyzap.house.request.FetchRequest$1.run(com.heyzap.house.request.FetchRequest$1@151689367)
I/org.umd.logging(14731): Method > 1326 com.heyzap.common.concurrency.ExecutorPool$WrappedScheduledThreadPoolExecutor.execute(com.heyzap.common.concurrency.ExecutorPool$WrappedScheduledThreadPoolExecutor@263009907, com.heyzap.common.net.APIClient$3@646808173)
I/org.umd.logging(14731): Method < 1326 com.heyzap.common.concurrency.ExecutorPool$WrappedScheduledThreadPoolExecutor.execute()
I/org.umd.logging(14731): Method < 1326 com.heyzap.house.request.FetchRequest$1.run()
I/org.umd.logging(14731): Method < 1326 com.heyzap.common.concurrency.WrappedRunnable.run()
I/org.umd.logging(14731): Method < 1336 com.heyzap.mediation.ConcurrentLoaderStrategy$2.run()
I/org.umd.logging(14731): Method > 1326 com.heyzap.common.concurrency.WrappedRunnable.run(com.heyzap.common.concurrency.WrappedRunnable@357297826)
I/org.umd.logging(14731): Method < 1336 com.heyzap.common.concurrency.WrappedRunnable.run()
I/org.umd.logging(14731): Method > 1326 com.heyzap.common.net.APIClient$3.run(com.heyzap.common.net.APIClient$3@646808173)
I/org.umd.logging(14731): Api > 1326 android.net.ConnectivityManager.getActiveNetworkInfo(android.net.ConnectivityManager@677948021)
I/org.umd.logging(14731): Method < 1333 com.heyzap.sdk.mediation.adapter.HeyzapAdapter$1.run()
I/org.umd.logging(14731): Method < 1333 com.heyzap.common.concurrency.WrappedRunnable.run()
I/org.umd.logging(14731): Api < 1326 android.net.ConnectivityManager.getActiveNetworkInfo(android.net.NetworkInfo@659957555)
I/org.umd.logging(14731): Method > 1322 com.heyzap.http.AsyncHttpRequest.run(com.heyzap.http.AsyncHttpRequest@68315888)
I/org.umd.logging(14731): Method > 1322 com.heyzap.http.AsyncHttpResponseHandler.onStart(com.heyzap.house.handler.InterstitialFetchHandler@1041029225)
I/org.umd.logging(14731): Method < 1322 com.heyzap.http.AsyncHttpResponseHandler.onStart()
I/org.umd.logging(14731): Method < 1326 com.heyzap.common.net.APIClient$3.run()
I/org.umd.logging(14731): Method < 1326 com.heyzap.common.concurrency.WrappedRunnable.run()
I/art     (14731): Background partial concurrent mark sweep GC freed 14138(744KB) AllocSpace objects, 6(22MB) LOS objects, 33% free, 32MB/48MB, paused 2.197ms total 118.174ms
I/org.umd.logging(14731): Method > 1 com.migal.android.MigalView.onTouchEvent(com.migal.android.MigalView@191329657<file=2016-12-06_03:53:19.031><x=0><y=0><width=768><height=1280><id=2131558495><imagename=migal_view>, android.view.MotionEvent@682716203)
E/Cataloger( 5092): syncFile:/storage/emulated/0/2016-12-06_03:53:19.031.jpg
I/org.umd.logging(14731): Method < 1 com.migal.android.MigalView.onTouchEvent(true)
I/org.umd.logging(14731): Method > 1318 com.migal.android.MigalView$1.run(com.migal.android.MigalView$1@96600975)
I/org.umd.logging(14731): Method < 1318 com.migal.android.MigalView$1.run()
I/MIGAL   (14731): Submit score 0 to 1
I/org.umd.logging(14731): Api > 1481 android.net.ConnectivityManager.getActiveNetworkInfo(android.net.ConnectivityManager@172529315)
I/org.umd.logging(14731): Api < 1481 android.net.ConnectivityManager.getActiveNetworkInfo(android.net.NetworkInfo@541804060)
I/org.umd.logging(14731): Api > 1481 android.net.ConnectivityManager.getActiveNetworkInfo(android.net.ConnectivityManager@172529315)
I/org.umd.logging(14731): Api < 1481 android.net.ConnectivityManager.getActiveNetworkInfo(android.net.NetworkInfo@85037605)
I/org.umd.logging(14731): Api > 1318 android.net.ConnectivityManager.getActiveNetworkInfo(android.net.ConnectivityManager@172529315)
I/org.umd.logging(14731): Api < 1318 android.net.ConnectivityManager.getActiveNetworkInfo(android.net.NetworkInfo@1070901256)
E/Cataloger( 5092): syncFile:/storage/emulated/0/2016-12-06_03:53:19.194.jpg
I/org.umd.logging(14731): Method > 1 com.migal.android.MigalView.onTouchEvent(com.migal.android.MigalView@191329657<file=2016-12-06_03:53:19.194><x=0><y=0><width=768><height=1280><id=2131558495><imagename=migal_view>, android.view.MotionEvent@682716203)
I/org.umd.logging(14731): Method < 1 com.migal.android.MigalView.onTouchEvent(true)
E/Cataloger( 5092): syncFile:/storage/emulated/0/2016-12-06_03:53:19.194.jpg
I/org.umd.logging(14731): Method > 1318 com.migal.android.MigalView$1.run(com.migal.android.MigalView$1@921578401)
I/org.umd.logging(14731): Method < 1318 com.migal.android.MigalView$1.run()
D/ThermalDaemon(  194): Sensor 'tsens_tz_sensor4' - alarm raised 1 at 61.0 degC
D/ThermalDaemon(  194): Sensor 'tsens_tz_sensor1' - alarm raised 1 at 61.0 degC
D/ThermalDaemon(  194): Sensor 'tsens_tz_sensor5' - alarm raised 1 at 62.0 degC
E/Cataloger( 5092): syncFile:/storage/emulated/0/2016-12-06_03:53:19.364.jpg
I/org.umd.logging(14731): Api > 1481 android.net.ConnectivityManager.getActiveNetworkInfo(android.net.ConnectivityManager@172529315)
I/org.umd.logging(14731): Api < 1481 android.net.ConnectivityManager.getActiveNetworkInfo(android.net.NetworkInfo@339333574)
I/org.umd.logging(14731): Api > 1481 android.net.ConnectivityManager.getActiveNetworkInfo(android.net.ConnectivityManager@172529315)
I/org.umd.logging(14731): Api < 1481 android.net.ConnectivityManager.getActiveNetworkInfo(android.net.NetworkInfo@1068291463)
I/MIGAL   (14731): File_Load(1614, 0x0), size 24
I/MIGAL   (14731): => 0xb83c2a90
I/MIGAL   (14731): Load file 1614: SCENE_LIGHT
I/MIGAL   (14731): File_Load(1179, 0x0), size 96
I/MIGAL   (14731): => 0xb92a08a8
I/MIGAL   (14731): Load file 1179: SPR_LIGHT_MASK
I/MIGAL   (14731): File_Load(1597, 0x0), size 176
I/MIGAL   (14731): => 0xb83d0740
I/MIGAL   (14731): Load file 1597: SCENE_BLACKWHITE1
I/MIGAL   (14731): File_Load(276, 0x0), size 96
I/MIGAL   (14731): => 0xb91909e0
I/MIGAL   (14731): Load file 276: SPR_BLACKWHITE1_SWITCH
I/MIGAL   (14731): File_Load(1625, 0x0), size 96
I/MIGAL   (14731): => 0xb8ba0d70
I/MIGAL   (14731): Load file 1625: SCENE_POPUP
I/MIGAL   (14731): TotalTexSize: 34816kB
I/MIGAL   (14731): File_Load(1632, 0x0), size 368
I/MIGAL   (14731): => 0xb913e4e0
I/MIGAL   (14731): Load file 1632: SCENE_TURN
I/MIGAL   (14731): File_Load(1487, 0x0), size 96
I/MIGAL   (14731): => 0xb83d2ee8
I/MIGAL   (14731): Load file 1487: SPR_TURN_BIGBALL
I/MIGAL   (14731): File_Load(1613, 0x0), size 136
I/MIGAL   (14731): => 0xb83d2d10
I/MIGAL   (14731): Load file 1613: SCENE_JUMP
I/MIGAL   (14731): File_Load(1161, 0x0), size 96
I/MIGAL   (14731): => 0xb91a28f8
I/MIGAL   (14731): Load file 1161: SPR_JUMP_JUMP_NUMBER
I/MIGAL   (14731): File_Load(1615, 0x0), size 48
I/MIGAL   (14731): => 0xb84cc038
I/MIGAL   (14731): Load file 1615: SCENE_LIGHT_PUMPKIN
I/MIGAL   (14731): File_Load(1180, 0x0), size 96
I/MIGAL   (14731): => 0xb8fb5a60
I/MIGAL   (14731): Load file 1180: SPR_LIGHT_PUMPKIN_LIGHT
I/MIGAL   (14731): File_Load(1624, 0x0), size 224
I/MIGAL   (14731): => 0xb92622e0
I/MIGAL   (14731): Load file 1624: SCENE_OBSTACLES_HALLOWEEN_1
I/MIGAL   (14731): File_Load(1326, 0x0), size 96
I/MIGAL   (14731): => 0xb92a1848
I/MIGAL   (14731): Load file 1326: SPR_OBSTACLES_HALLOWEEN_1_SWITCH
I/MIGAL   (14731): File_Load(1623, 0x0), size 208
I/MIGAL   (14731): => 0xb917d2d0
I/MIGAL   (14731): Load file 1623: SCENE_OBSTACLES_CHRISTMAS
I/MIGAL   (14731): File_Load(1296, 0x0), size 96
I/MIGAL   (14731): => 0xb937d5e0
I/MIGAL   (14731): Load file 1296: SPR_OBSTACLES_CHRISTMAS_SWITCH
I/MigalActivity(14731): trackScreen GameoverEndless null 0
I/MigalActivity(14731): builder: com.google.android.gms.analytics.HitBuilders$ScreenViewBuilder@33103cb4
I/MIGAL   (14731): File_Load(900, 0x0), size 96
I/MIGAL   (14731): => 0xb8b62d28
I/MIGAL   (14731): Load file 900: SPR_GAMEOVER_SHARE
I/MIGAL   (14731): File_Load(975, 0x0), size 96
I/MIGAL   (14731): => 0xb93819e0
I/MIGAL   (14731): Load file 975: SPR_GAMEOVER_RESTART
I/MIGAL   (14731): File_Load(905, 0x0), size 96
I/MIGAL   (14731): => 0xb9368990
I/MIGAL   (14731): Load file 905: SPR_GAMEOVER_HOME
I/MIGAL   (14731): File_Load(988, 0x0), size 96
I/MIGAL   (14731): => 0xb8b63270
I/MIGAL   (14731): Load file 988: SPR_GAMEOVER_VIDEO_BUTTON
I/MIGAL   (14731): File_Load(907, 0x0), size 96
I/MIGAL   (14731): => 0xb9187e60
I/MIGAL   (14731): Load file 907: SPR_GAMEOVER_BACK_BEST_SCORE
I/MIGAL   (14731): File_Load(909, 0x0), size 96
I/MIGAL   (14731): => 0xb928a2a0
I/MIGAL   (14731): Load file 909: SPR_GAMEOVER_BACK_SCORE
I/MIGAL   (14731): File_Load(910, 0x0), size 96
I/MIGAL   (14731): => 0xb83d07f8
I/MIGAL   (14731): Load file 910: SPR_GAMEOVER_SCORE
I/MIGAL   (14731): File_Load(908, 0x0), size 96
I/MIGAL   (14731): => 0xb92d5430
I/MIGAL   (14731): Load file 908: SPR_GAMEOVER_BEST_SCORE
I/MIGAL   (14731): File_Load(911, 0x0), size 96
I/MIGAL   (14731): => 0xb8cf69e8
I/MIGAL   (14731): Load file 911: SPR_GAMEOVER_NUM_SCORE
I/MIGAL   (14731): File_Load(921, 0x0), size 96
I/MIGAL   (14731): => 0xb92958b8
I/MIGAL   (14731): Load file 921: SPR_GAMEOVER_NUM_BESTSCORE
I/MIGAL   (14731): File_Load(977, 0x0), size 96
I/MIGAL   (14731): => 0xb8d60298
I/MIGAL   (14731): Load file 977: SPR_GAMEOVER_NUM_STARS
I/MIGAL   (14731): File_Load(987, 0x0), size 96
I/MIGAL   (14731): => 0xb83d37f0
I/MIGAL   (14731): Load file 987: SPR_GAMEOVER_STAR_HEADER
I/MIGAL   (14731): Loading texture TEX_GAMEOVER (143043 bytes)
I/MIGAL   (14731): Loading file
I/MIGAL   (14731): File_Load(16, 0x0), size 143043
I/MIGAL   (14731): => 0xa2125008
I/MIGAL   (14731): File_Load(16, 0xa2125008)
I/MIGAL   (14731): Load file 016: TEX_GAMEOVER
I/MIGAL   (14731): Loading file 016, 143043B, from offset 1268688
I/MIGAL   (14731): Decompressing file...
I/MIGAL   (14731): LZ77_Decompress
I/MIGAL   (14731):  => OK !
I/MIGAL   (14731): Loading Texture 16 - TEX_GAMEOVER : 1024x1024, type 0, filter on...
I/MIGAL   (14731): Loaded Texture 16 - TEX_GAMEOVER => 38912kB
I/MIGAL   (14731): Tex_Load OK!
I/org.umd.logging(14731): Method > 1 com.migal.android.MigalView.onTouchEvent(com.migal.android.MigalView@191329657<file=2016-12-06_03:53:19.364><x=0><y=0><width=768><height=1280><id=2131558495><imagename=migal_view>, android.view.MotionEvent@682716203)
E/Cataloger( 5092): syncFile:/storage/emulated/0/2016-12-06_03:53:19.364.jpg
I/org.umd.logging(14731): Method < 1 com.migal.android.MigalView.onTouchEvent(true)
I/org.umd.logging(14731): Method > 1318 com.migal.android.MigalView$1.run(com.migal.android.MigalView$1@396419293)
I/org.umd.logging(14731): Method < 1318 com.migal.android.MigalView$1.run()
I/org.umd.logging(14731): Method > 1336 com.heyzap.common.concurrency.FutureUtils$3.run(com.heyzap.common.concurrency.FutureUtils$3@468796498)
I/org.umd.logging(14731): Method < 1336 com.heyzap.common.concurrency.FutureUtils$3.run()
E/Cataloger( 5092): syncFile:/storage/emulated/0/2016-12-06_03:53:19.588.jpg
I/org.umd.logging(14731): Method > 1335 com.heyzap.sdk.mediation.adapter.AdcolonyAdapter$3$1$1.run(com.heyzap.sdk.mediation.adapter.AdcolonyAdapter$3$1$1@826769008)
I/org.umd.logging(14731): Api > 1335 android.net.ConnectivityManager.getActiveNetworkInfo(android.net.ConnectivityManager@172529315)
I/org.umd.logging(14731): Api < 1335 android.net.ConnectivityManager.getActiveNetworkInfo(android.net.NetworkInfo@301417251)
I/org.umd.logging(14731): Method < 1335 com.heyzap.sdk.mediation.adapter.AdcolonyAdapter$3$1$1.run()
I/org.umd.logging(14731): Method > 1330 com.heyzap.common.concurrency.FutureUtils$3.run(com.heyzap.common.concurrency.FutureUtils$3@214855712)
I/org.umd.logging(14731): Method < 1330 com.heyzap.common.concurrency.FutureUtils$3.run()
I/org.umd.logging(14731): Method > 1333 com.heyzap.common.concurrency.FutureUtils$3.run(com.heyzap.common.concurrency.FutureUtils$3@852471257)
I/org.umd.logging(14731): Method < 1333 com.heyzap.common.concurrency.FutureUtils$3.run()
I/org.umd.logging(14731): Api > 1481 android.net.ConnectivityManager.getActiveNetworkInfo(android.net.ConnectivityManager@172529315)
I/org.umd.logging(14731): Method > 1 com.migal.android.MigalView.onTouchEvent(com.migal.android.MigalView@191329657<file=2016-12-06_03:53:19.588><x=0><y=0><width=768><height=1280><id=2131558495><imagename=migal_view>, android.view.MotionEvent@682716203)
I/org.umd.logging(14731): Api < 1481 android.net.ConnectivityManager.getActiveNetworkInfo(android.net.NetworkInfo@943412126)
I/org.umd.logging(14731): Method < 1 com.migal.android.MigalView.onTouchEvent(true)
I/org.umd.logging(14731): Api > 1481 android.net.ConnectivityManager.getActiveNetworkInfo(android.net.ConnectivityManager@172529315)
I/org.umd.logging(14731): Api < 1481 android.net.ConnectivityManager.getActiveNetworkInfo(android.net.NetworkInfo@250670719)
E/Cataloger( 5092): syncFile:/storage/emulated/0/2016-12-06_03:53:19.588.jpg
I/org.umd.logging(14731): Method > 1318 com.migal.android.MigalView$1.run(com.migal.android.MigalView$1@981102156)
I/org.umd.logging(14731): Method < 1318 com.migal.android.MigalView$1.run()
E/Cataloger( 5092): syncFile:/storage/emulated/0/2016-12-06_03:53:19.740.jpg
I/org.umd.logging(14731): Api > 1322 java.lang.Thread.start(java.lang.Thread@623863298<thread=1525>)
I/org.umd.logging(14731): Api < 1322 java.lang.Thread.start()
I/org.umd.logging(14731): Method < 1322 com.heyzap.http.AsyncHttpRequest.run()
I/org.umd.logging(14731): Method > 1525 com.heyzap.http.JsonHttpResponseHandler$1.run(com.heyzap.http.JsonHttpResponseHandler$1@768555795)
I/org.umd.logging(14731): Method > 1525 com.heyzap.http.JsonHttpResponseHandler$1$1.run(com.heyzap.http.JsonHttpResponseHandler$1$1@686694736)
I/org.umd.logging(14731): Method > 1525 com.heyzap.common.concurrency.ExecutorPool$WrappedScheduledThreadPoolExecutor.execute(com.heyzap.common.concurrency.ExecutorPool$WrappedScheduledThreadPoolExecutor@263009907, com.heyzap.house.model.AdModel$HtmlAssetFetcher$1@258654025)
I/org.umd.logging(14731): Method < 1525 com.heyzap.common.concurrency.ExecutorPool$WrappedScheduledThreadPoolExecutor.execute()
I/org.umd.logging(14731): Method > 1332 com.heyzap.common.concurrency.WrappedRunnable.run(com.heyzap.common.concurrency.WrappedRunnable@305258574)
I/org.umd.logging(14731): Method < 1525 com.heyzap.http.JsonHttpResponseHandler$1$1.run()
I/org.umd.logging(14731): Method > 1332 com.heyzap.house.model.AdModel$HtmlAssetFetcher$1.run(com.heyzap.house.model.AdModel$HtmlAssetFetcher$1@258654025)
I/org.umd.logging(14731): Method < 1525 com.heyzap.http.JsonHttpResponseHandler$1.run()
I/org.umd.logging(14731): Api > 1332 java.net.URL.openStream(java.net.URL@1005090159<URL=https://img-cloudflare.haizap.com/imgcache/img:a34338607d481ae2573bf158683ef083-type:standard>)
I/org.umd.logging(14731): Api < 1332 java.net.URL.openStream(com.android.okio.RealBufferedSource$1@412877436)
I/org.umd.logging(14731): Api > 1332 java.net.URL.openStream(java.net.URL@722929413<URL=https://img-cloudflare.haizap.com/imgcache/img:93f58237914ba0198412d88d93ca74ec-type:eighty_eighty>)
I/org.umd.logging(14731): Api < 1332 java.net.URL.openStream(com.android.okio.RealBufferedSource$1@265270106)
I/org.umd.logging(14731): Method > 1332 com.heyzap.common.concurrency.ExecutionList$RunnableExecutorPair.execute(com.heyzap.common.concurrency.ExecutionList$RunnableExecutorPair@363919755)
I/org.umd.logging(14731): Method > 1332 com.heyzap.common.concurrency.ExecutorPool$WrappedScheduledThreadPoolExecutor.execute(com.heyzap.common.concurrency.ExecutorPool$WrappedScheduledThreadPoolExecutor@263009907, com.heyzap.common.concurrency.FutureUtils$5@887409256)
I/org.umd.logging(14731): Method > 1334 com.heyzap.common.concurrency.WrappedRunnable.run(com.heyzap.common.concurrency.WrappedRunnable@797314689)
I/org.umd.logging(14731): Method > 1334 com.heyzap.common.concurrency.FutureUtils$5.run(com.heyzap.common.concurrency.FutureUtils$5@887409256)
I/org.umd.logging(14731): Method > 1334 com.heyzap.common.concurrency.ExecutionList$RunnableExecutorPair.execute(com.heyzap.common.concurrency.ExecutionList$RunnableExecutorPair@222669606)
I/org.umd.logging(14731): Method < 1332 com.heyzap.common.concurrency.ExecutorPool$WrappedScheduledThreadPoolExecutor.execute()
I/org.umd.logging(14731): Method > 1334 com.heyzap.common.concurrency.ExecutorPool$WrappedScheduledThreadPoolExecutor.execute(com.heyzap.common.concurrency.ExecutorPool$WrappedScheduledThreadPoolExecutor@263009907, com.heyzap.mediation.abstr.FetchBackedNetworkAdapter$2$1$1@640918375)
I/org.umd.logging(14731): Method < 1332 com.heyzap.common.concurrency.ExecutionList$RunnableExecutorPair.execute()
I/org.umd.logging(14731): Method < 1334 com.heyzap.common.concurrency.ExecutorPool$WrappedScheduledThreadPoolExecutor.execute()
I/org.umd.logging(14731): Method > 1336 com.heyzap.common.concurrency.WrappedRunnable.run(com.heyzap.common.concurrency.WrappedRunnable@141567252)
I/org.umd.logging(14731): Method > 1336 com.heyzap.mediation.abstr.FetchBackedNetworkAdapter$2$1$1.run(com.heyzap.mediation.abstr.FetchBackedNetworkAdapter$2$1$1@640918375)
I/org.umd.logging(14731): Method > 1336 com.heyzap.common.concurrency.ExecutionList$RunnableExecutorPair.execute(com.heyzap.common.concurrency.ExecutionList$RunnableExecutorPair@75764157)
I/org.umd.logging(14731): Method < 1334 com.heyzap.common.concurrency.ExecutionList$RunnableExecutorPair.execute()
I/org.umd.logging(14731): Method < 1334 com.heyzap.common.concurrency.FutureUtils$5.run()
I/org.umd.logging(14731): Method > 1336 com.heyzap.common.concurrency.ExecutorPool$WrappedScheduledThreadPoolExecutor.execute(com.heyzap.common.concurrency.ExecutorPool$WrappedScheduledThreadPoolExecutor@263009907, com.heyzap.common.concurrency.FutureUtils$4@517034930)
I/org.umd.logging(14731): Method < 1334 com.heyzap.common.concurrency.WrappedRunnable.run()
I/org.umd.logging(14731): Method < 1336 com.heyzap.common.concurrency.ExecutorPool$WrappedScheduledThreadPoolExecutor.execute()
I/org.umd.logging(14731): Method > 1334 com.heyzap.common.concurrency.WrappedRunnable.run(com.heyzap.common.concurrency.WrappedRunnable@340594435)
I/org.umd.logging(14731): Method > 1334 com.heyzap.common.concurrency.FutureUtils$FutureRunnable.run(com.heyzap.common.concurrency.FutureUtils$4@517034930)
I/org.umd.logging(14731): Method < 1336 com.heyzap.common.concurrency.ExecutionList$RunnableExecutorPair.execute()
I/org.umd.logging(14731): Method < 1336 com.heyzap.mediation.abstr.FetchBackedNetworkAdapter$2$1$1.run()
I/org.umd.logging(14731): Method > 1334 com.heyzap.common.concurrency.FutureUtils$4.run(com.heyzap.common.concurrency.FutureUtils$4@517034930, true, null)
I/org.umd.logging(14731): Method < 1336 com.heyzap.common.concurrency.WrappedRunnable.run()
I/org.umd.logging(14731): Method > 1334 com.heyzap.common.concurrency.ExecutionList$RunnableExecutorPair.execute(com.heyzap.common.concurrency.ExecutionList$RunnableExecutorPair@1052016256)
I/org.umd.logging(14731): Method > 1336 com.heyzap.common.concurrency.FutureUtils$3.run(com.heyzap.common.concurrency.FutureUtils$3@140840121)
I/org.umd.logging(14731): Method < 1336 com.heyzap.common.concurrency.FutureUtils$3.run()
I/org.umd.logging(14731): Method > 1334 com.heyzap.common.concurrency.ExecutorPool$WrappedScheduledThreadPoolExecutor.execute(com.heyzap.common.concurrency.ExecutorPool$WrappedScheduledThreadPoolExecutor@263009907, com.heyzap.mediation.ConcurrentLoaderStrategy$2@754776318)
I/org.umd.logging(14731): Method > 1322 com.heyzap.common.concurrency.WrappedRunnable.run(com.heyzap.common.concurrency.WrappedRunnable@235378783)
I/org.umd.logging(14731): Method > 1322 com.heyzap.mediation.ConcurrentLoaderStrategy$2.run(com.heyzap.mediation.ConcurrentLoaderStrategy$2@754776318)
I/org.umd.logging(14731): Method < 1332 com.heyzap.house.model.AdModel$HtmlAssetFetcher$1.run()
I/org.umd.logging(14731): Method < 1332 com.heyzap.common.concurrency.WrappedRunnable.run()
I/org.umd.logging(14731): Method < 1322 com.heyzap.mediation.ConcurrentLoaderStrategy$2.run()
I/org.umd.logging(14731): Method < 1322 com.heyzap.common.concurrency.WrappedRunnable.run()
I/org.umd.logging(14731): Method < 1334 com.heyzap.common.concurrency.ExecutorPool$WrappedScheduledThreadPoolExecutor.execute()
I/org.umd.logging(14731): Method < 1334 com.heyzap.common.concurrency.ExecutionList$RunnableExecutorPair.execute()
I/org.umd.logging(14731): Method < 1334 com.heyzap.common.concurrency.FutureUtils$4.run()
I/org.umd.logging(14731): Method < 1334 com.heyzap.common.concurrency.FutureUtils$FutureRunnable.run()
I/org.umd.logging(14731): Method < 1334 com.heyzap.common.concurrency.WrappedRunnable.run()
I/org.umd.logging(14731): Method > 1 com.migal.android.MigalView.onTouchEvent(com.migal.android.MigalView@191329657<file=2016-12-06_03:53:19.740><x=0><y=0><width=768><height=1280><id=2131558495><imagename=migal_view>, android.view.MotionEvent@682716203)
E/Cataloger( 5092): syncFile:/storage/emulated/0/2016-12-06_03:53:19.740.jpg
I/org.umd.logging(14731): Method < 1 com.migal.android.MigalView.onTouchEvent(true)
I/InputDispatcher(  591): Window 'Window{73b75c9 u0 com.fortafygames.colorswitch/com.migal.android.MigalActivity}' spent 2029.5ms processing the last input event: MotionEvent(deviceId=6, source=0x00001002, action=1, flags=0x00000000, metaState=0x00000000, buttonState=0x00000000, edgeFlags=0x00000000, xPrecision=2.0, yPrecision=2.0, displayId=0, pointers=[0: (403.5, 880.0)]), policyFlags=0x62000000
I/org.umd.logging(14731): Method > 1318 com.migal.android.MigalView$1.run(com.migal.android.MigalView$1@35848876)
I/org.umd.logging(14731): Method < 1318 com.migal.android.MigalView$1.run()
E/Cataloger( 5092): syncFile:/storage/emulated/0/2016-12-06_03:53:19.923.jpg
I/org.umd.logging(14731): Api > 1481 android.net.ConnectivityManager.getActiveNetworkInfo(android.net.ConnectivityManager@172529315)
I/org.umd.logging(14731): Api < 1481 android.net.ConnectivityManager.getActiveNetworkInfo(android.net.NetworkInfo@281066357)
I/org.umd.logging(14731): Api > 1481 android.net.ConnectivityManager.getActiveNetworkInfo(android.net.ConnectivityManager@172529315)
I/org.umd.logging(14731): Api < 1481 android.net.ConnectivityManager.getActiveNetworkInfo(android.net.NetworkInfo@212576010)
I/org.umd.logging(14731): Api > 1481 android.net.ConnectivityManager.getActiveNetworkInfo(android.net.ConnectivityManager@172529315)
I/org.umd.logging(14731): Api < 1481 android.net.ConnectivityManager.getActiveNetworkInfo(android.net.NetworkInfo@766991227)
I/org.umd.logging(14731): Method > 1 com.migal.android.MigalView.onTouchEvent(com.migal.android.MigalView@191329657<file=2016-12-06_03:53:19.923><x=0><y=0><width=768><height=1280><id=2131558495><imagename=migal_view>, android.view.MotionEvent@682716203)
I/org.umd.logging(14731): Method < 1 com.migal.android.MigalView.onTouchEvent(true)
E/Cataloger( 5092): syncFile:/storage/emulated/0/2016-12-06_03:53:19.923.jpg
I/InputDispatcher(  591): Window 'Window{73b75c9 u0 com.fortafygames.colorswitch/com.migal.android.MigalActivity}' spent 2024.1ms processing the last input event: MotionEvent(deviceId=6, source=0x00001002, action=0, flags=0x00000000, metaState=0x00000000, buttonState=0x00000000, edgeFlags=0x00000000, xPrecision=2.0, yPrecision=2.0, displayId=0, pointers=[0: (402.5, 875.5)]), policyFlags=0x62000000
I/org.umd.logging(14731): Method > 1318 com.migal.android.MigalView$1.run(com.migal.android.MigalView$1@286498200)
I/org.umd.logging(14731): Method < 1318 com.migal.android.MigalView$1.run()
E/Cataloger( 5092): syncFile:/storage/emulated/0/2016-12-06_03:53:20.075.jpg
I/org.umd.logging(14731): Method > 1 com.migal.android.MigalView.onTouchEvent(com.migal.android.MigalView@191329657<file=2016-12-06_03:53:20.075><x=0><y=0><width=768><height=1280><id=2131558495><imagename=migal_view>, android.view.MotionEvent@682716203)
I/org.umd.logging(14731): Method < 1 com.migal.android.MigalView.onTouchEvent(true)
I/InputDispatcher(  591): Window 'Window{73b75c9 u0 com.fortafygames.colorswitch/com.migal.android.MigalActivity}' spent 2175.6ms processing the last input event: MotionEvent(deviceId=6, source=0x00001002, action=2, flags=0x00000000, metaState=0x00000000, buttonState=0x00000000, edgeFlags=0x00000000, xPrecision=2.0, yPrecision=2.0, displayId=0, pointers=[0: (400.5, 876.0)]), policyFlags=0x62000000
