--------- beginning of system
I/ActivityManager(  591): START u0 {act=android.intent.action.MAIN cat=[android.intent.category.LAUNCHER] flg=0x10200000 cmp=com.fortafygames.colorswitch/com.migal.android.SplashActivity (has extras)} from uid 10014 on display 0
V/WindowManager(  591): addAppToken: AppWindowToken{13c69e0f token=Token{7c2c76e ActivityRecord{3be04ee9 u0 com.fortafygames.colorswitch/com.migal.android.SplashActivity t108}}} to stack=1 task=108 at 0
V/WindowManager(  591): Adding window Window{ee5f0a5 u0 Starting com.fortafygames.colorswitch} at 3 of 9 (after Window{23fbe5b3 u0 com.android.launcher/com.android.launcher2.Launcher})
I/ActivityManager(  591): Start proc 14731:com.fortafygames.colorswitch/u0a244 for activity com.fortafygames.colorswitch/com.migal.android.SplashActivity
V/WindowManager(  591): Adding window Window{2ed28f5d u0 com.fortafygames.colorswitch/com.migal.android.SplashActivity} at 3 of 10 (before Window{ee5f0a5 u0 Starting com.fortafygames.colorswitch})
I/ActivityManager(  591): START u0 {cmp=com.fortafygames.colorswitch/com.migal.android.MigalActivity} from uid 10244 on display 0
V/WindowManager(  591): addAppToken: AppWindowToken{159561b token=Token{1a44682a ActivityRecord{376d4d15 u0 com.fortafygames.colorswitch/com.migal.android.MigalActivity t108}}} to stack=1 task=108 at 1
W/AppOps  (  591): Bad call: specified package com.google.android.gms under uid 10244 but it is really 10008
W/AppOps  (  591): Bad call: specified package com.google.android.gms under uid 10244 but it is really 10008
W/AppOps  (  591): Bad call: specified package com.google.android.gms under uid 10244 but it is really 10008
W/AppOps  (  591): Bad call: specified package com.google.android.gms under uid 10244 but it is really 10008
V/WindowManager(  591): Adding window Window{73b75c9 u0 com.fortafygames.colorswitch/com.migal.android.MigalActivity} at 4 of 10 (after Window{2ed28f5d u0 com.fortafygames.colorswitch/com.migal.android.SplashActivity})
V/WindowManager(  591): Adding window Window{23106339 u0 SurfaceView} at 4 of 11 (before Window{73b75c9 u0 com.fortafygames.colorswitch/com.migal.android.MigalActivity})
W/AppOps  (  591): Bad call: specified package com.google.android.gms under uid 10244 but it is really 10008
D/ConnectivityService(  591): listenForNetwork for NetworkRequest [ id=72, legacyType=-1, [ Capabilities: INTERNET&NOT_RESTRICTED&TRUSTED] ]
D/ConnectivityService(  591): handleRegisterNetworkRequest checking NetworkAgentInfo [WIFI () - 100]
D/ConnectivityService(  591): apparently satisfied.  currentScore=60
D/ConnectivityService(  591): listenForNetwork for NetworkRequest [ id=73, legacyType=-1, [ Capabilities: INTERNET&NOT_RESTRICTED&TRUSTED] ]
D/ConnectivityService(  591): handleRegisterNetworkRequest checking NetworkAgentInfo [WIFI () - 100]
D/ConnectivityService(  591): apparently satisfied.  currentScore=60
W/ResourcesManager(14731): Asset path '/system/framework/com.android.media.remotedisplay.jar' does not exist or contains no resources.
W/ResourcesManager(14731): Asset path '/system/framework/com.android.location.provider.jar' does not exist or contains no resources.
I/ActivityManager(  591): START u0 {act=com.google.android.gms.games.SIGN_IN flg=0x4000000 pkg=com.google.android.play.games cmp=com.google.android.play.games/com.google.android.gms.games.ui.signin.SignInActivity (has extras)} from uid 10008 on display 0
V/WindowManager(  591): addAppToken: AppWindowToken{3edff2dd token=Token{167856b4 ActivityRecord{119d1787 u0 com.google.android.play.games/com.google.android.gms.games.ui.signin.SignInActivity t108}}} to stack=1 task=108 at 1
W/ActivityManager(  591): getRunningAppProcesses: caller 10244 does not hold REAL_GET_TASKS; limiting output
V/WindowManager(  591): Adding window Window{1ec6f5aa u0 com.google.android.play.games/com.google.android.gms.games.ui.signin.SignInActivity} at 5 of 11 (after Window{73b75c9 u0 com.fortafygames.colorswitch/com.migal.android.MigalActivity})
V/WindowManager(  591): not Base app: Adding window Window{24684d4d u0 com.google.android.play.games/com.google.android.gms.games.ui.signin.SignInActivity} at 6 of 12
V/WindowManager(  591): not Base app: Adding window Window{2a289928 u0 com.fortafygames.colorswitch/com.migal.android.MigalActivity} at 5 of 12
W/InputMethodManagerService(  591): Window already focused, ignoring focus gain of: com.android.internal.view.IInputMethodClient$Stub$Proxy@139d91b1 attribute=null, token = android.os.BinderProxy@284da1d0
E/ActivityThread(14731): Failed to find provider info for com.facebook.katana.provider.AttributionIdProvider
W/ActivityManager(  591): getRunningAppProcesses: caller 10244 does not hold REAL_GET_TASKS; limiting output
--------- beginning of main
I/org.umd.logging(14731): Api < 1462 org.apache.http.impl.client.DefaultHttpClient.<init>(org.apache.http.impl.client.DefaultHttpClient@374821401)
W/Ads     ( 1608): App does not have the required permissions to get location
I/org.umd.logging(14731): Method < 1462 com.facebook.ads.internal.server.a$1.run()
I/org.umd.logging(14731): Method > 1465 com.facebook.ads.internal.http.b.run(com.facebook.ads.internal.http.b@71905002)
D/FacebookAdsSDK(14731): Facebook Ads SDK req start delay=205ms
I/DownloadManagerWrapper(  985): onReceive() : Charging = true
W/Settings( 5092): Setting stay_on_while_plugged_in has moved from android.provider.Settings.System to android.provider.Settings.Global, returning read-only value.
I/org.umd.logging(14731): Api > 1341 android.net.ConnectivityManager.getActiveNetworkInfo(android.net.ConnectivityManager@677948021)
I/org.umd.logging(14731): Api < 1341 android.net.ConnectivityManager.getActiveNetworkInfo(android.net.NetworkInfo@930518199)
I/org.umd.logging(14731): Method < 1341 com.applovin.impl.sdk.cx.run()
I/org.umd.logging(14731): Method < 1341 com.applovin.impl.sdk.cm.run()
I/org.umd.logging(14731): Api > 1341 android.net.ConnectivityManager.getActiveNetworkInfo(android.net.ConnectivityManager@677948021)
I/org.umd.logging(14731): Api < 1341 android.net.ConnectivityManager.getActiveNetworkInfo(android.net.NetworkInfo@995574820)
I/org.umd.logging(14731): Method < 1341 com.applovin.impl.sdk.cu.run()
I/org.umd.logging(14731): Method > 1341 com.applovin.impl.sdk.cu.run(com.applovin.impl.sdk.cu@851651469)
I/org.umd.logging(14731): Method > 1341 com.applovin.impl.sdk.cv.run(com.applovin.impl.sdk.cv@275558722)
I/org.umd.logging(14731): Method < 1341 com.applovin.impl.sdk.cv.run()
I/org.umd.logging(14731): Api > 1341 android.net.ConnectivityManager.getActiveNetworkInfo(android.net.ConnectivityManager@677948021)
I/org.umd.logging(14731): Api < 1341 android.net.ConnectivityManager.getActiveNetworkInfo(android.net.NetworkInfo@928367955)
I/org.umd.logging(14731): Method < 1341 com.applovin.impl.sdk.cu.run()
I/org.umd.logging(14731): Method > 1330 com.heyzap.common.concurrency.FutureUtils$3.run(com.heyzap.common.concurrency.FutureUtils$3@584482448)
I/org.umd.logging(14731): Method < 1330 com.heyzap.common.concurrency.FutureUtils$3.run()
I/FacebookAdsSDK(14731): Facebook Ads SDK req complete 641ms 
I/FacebookAdsSDK(14731): AdProvider completed in 659ms
I/org.umd.logging(14731): Method < 1465 com.facebook.ads.internal.http.b.run()
I/org.umd.logging(14731): Method > 1 com.facebook.ads.internal.server.a$3.run(com.facebook.ads.internal.server.a$3@434987951)
I/org.umd.logging(14731): Method > 1 com.heyzap.common.concurrency.ExecutionList$RunnableExecutorPair.execute(com.heyzap.common.concurrency.ExecutionList$RunnableExecutorPair@464948171)
I/org.umd.logging(14731): Method > 1 com.heyzap.common.concurrency.ExecutorPool$WrappedScheduledThreadPoolExecutor.execute(com.heyzap.common.concurrency.ExecutorPool$WrappedScheduledThreadPoolExecutor@263009907, com.heyzap.common.concurrency.FutureUtils$5@357797800)
I/org.umd.logging(14731): Method < 1 com.heyzap.common.concurrency.ExecutorPool$WrappedScheduledThreadPoolExecutor.execute()
I/org.umd.logging(14731): Method > 1336 com.heyzap.common.concurrency.WrappedRunnable.run(com.heyzap.common.concurrency.WrappedRunnable@239700673)
I/org.umd.logging(14731): Method < 1 com.heyzap.common.concurrency.ExecutionList$RunnableExecutorPair.execute()
I/org.umd.logging(14731): Method > 1336 com.heyzap.common.concurrency.FutureUtils$5.run(com.heyzap.common.concurrency.FutureUtils$5@357797800)
I/org.umd.logging(14731): Method > 1336 com.heyzap.common.concurrency.ExecutionList$RunnableExecutorPair.execute(com.heyzap.common.concurrency.ExecutionList$RunnableExecutorPair@266146406)
I/org.umd.logging(14731): Method > 1336 com.heyzap.common.concurrency.ExecutorPool$WrappedScheduledThreadPoolExecutor.execute(com.heyzap.common.concurrency.ExecutorPool$WrappedScheduledThreadPoolExecutor@263009907, com.heyzap.mediation.abstr.FetchBackedNetworkAdapter$2$1$1@1033902503)
I/org.umd.logging(14731): Method > 1322 com.heyzap.common.concurrency.WrappedRunnable.run(com.heyzap.common.concurrency.WrappedRunnable@52821588)
I/org.umd.logging(14731): Method < 1 com.facebook.ads.internal.server.a$3.run()
I/org.umd.logging(14731): Method > 1322 com.heyzap.mediation.abstr.FetchBackedNetworkAdapter$2$1$1.run(com.heyzap.mediation.abstr.FetchBackedNetworkAdapter$2$1$1@1033902503)
I/org.umd.logging(14731): Method > 1322 com.heyzap.common.concurrency.ExecutionList$RunnableExecutorPair.execute(com.heyzap.common.concurrency.ExecutionList$RunnableExecutorPair@866324989)
I/org.umd.logging(14731): Method > 1322 com.heyzap.common.concurrency.ExecutorPool$WrappedScheduledThreadPoolExecutor.execute(com.heyzap.common.concurrency.ExecutorPool$WrappedScheduledThreadPoolExecutor@263009907, com.heyzap.common.concurrency.FutureUtils$4@311946994)
I/org.umd.logging(14731): Method > 1335 com.heyzap.common.concurrency.WrappedRunnable.run(com.heyzap.common.concurrency.WrappedRunnable@917154115)
I/org.umd.logging(14731): Method < 1336 com.heyzap.common.concurrency.ExecutorPool$WrappedScheduledThreadPoolExecutor.execute()
I/org.umd.logging(14731): Method < 1336 com.heyzap.common.concurrency.ExecutionList$RunnableExecutorPair.execute()
I/org.umd.logging(14731): Method > 1335 com.heyzap.common.concurrency.FutureUtils$FutureRunnable.run(com.heyzap.common.concurrency.FutureUtils$4@311946994)
I/org.umd.logging(14731): Method > 1335 com.heyzap.common.concurrency.FutureUtils$4.run(com.heyzap.common.concurrency.FutureUtils$4@311946994, true, null)
I/org.umd.logging(14731): Method < 1322 com.heyzap.common.concurrency.ExecutorPool$WrappedScheduledThreadPoolExecutor.execute()
I/org.umd.logging(14731): Method < 1322 com.heyzap.common.concurrency.ExecutionList$RunnableExecutorPair.execute()
I/org.umd.logging(14731): Method < 1322 com.heyzap.mediation.abstr.FetchBackedNetworkAdapter$2$1$1.run()
I/org.umd.logging(14731): Method > 1335 com.heyzap.common.concurrency.ExecutionList$RunnableExecutorPair.execute(com.heyzap.common.concurrency.ExecutionList$RunnableExecutorPair@856599488)
I/org.umd.logging(14731): Method > 1335 com.heyzap.common.concurrency.ExecutorPool$WrappedScheduledThreadPoolExecutor.execute(com.heyzap.common.concurrency.ExecutorPool$WrappedScheduledThreadPoolExecutor@263009907, com.heyzap.mediation.ConcurrentLoaderStrategy$2@202625273)
I/org.umd.logging(14731): Method < 1322 com.heyzap.common.concurrency.WrappedRunnable.run()
I/org.umd.logging(14731): Method > 1334 com.heyzap.common.concurrency.WrappedRunnable.run(com.heyzap.common.concurrency.WrappedRunnable@129108030)
I/org.umd.logging(14731): Method < 1335 com.heyzap.common.concurrency.ExecutorPool$WrappedScheduledThreadPoolExecutor.execute()
I/org.umd.logging(14731): Method > 1334 com.heyzap.mediation.ConcurrentLoaderStrategy$2.run(com.heyzap.mediation.ConcurrentLoaderStrategy$2@202625273)
I/org.umd.logging(14731): Method < 1335 com.heyzap.common.concurrency.ExecutionList$RunnableExecutorPair.execute()
I/org.umd.logging(14731): Method < 1335 com.heyzap.common.concurrency.FutureUtils$4.run()
I/org.umd.logging(14731): Api > 1334 java.lang.Object.start(com.heyzap.sdk.mediation.adapter.AdcolonyAdapter@591697567, com.heyzap.common.lifecycle.FetchOptions@135447532)
I/org.umd.logging(14731): Method < 1336 com.heyzap.common.concurrency.FutureUtils$5.run()
I/org.umd.logging(14731): Method < 1336 com.heyzap.common.concurrency.WrappedRunnable.run()
I/org.umd.logging(14731): Method > 1334 com.heyzap.mediation.abstr.AdUnitNetworkAdapter.start(com.heyzap.sdk.mediation.adapter.AdcolonyAdapter@591697567, com.heyzap.common.lifecycle.FetchOptions@135447532)
I/org.umd.logging(14731): Method > 1334 com.heyzap.mediation.adapter.AdUnitStateManager.start(com.heyzap.mediation.adapter.AdUnitStateManager@473400245, java.util.HashSet@12741194)
I/org.umd.logging(14731): Method < 1334 com.heyzap.mediation.adapter.AdUnitStateManager.start(java.util.HashSet@241565115)
I/org.umd.logging(14731): Method < 1334 com.heyzap.mediation.abstr.AdUnitNetworkAdapter.start(com.heyzap.common.concurrency.SettableFuture@777925336)
I/org.umd.logging(14731): Api < 1334 java.lang.Object.start(com.heyzap.common.concurrency.SettableFuture@777925336)
I/org.umd.logging(14731): Method < 1334 com.heyzap.mediation.ConcurrentLoaderStrategy$2.run()
I/org.umd.logging(14731): Method < 1335 com.heyzap.common.concurrency.FutureUtils$FutureRunnable.run()
I/org.umd.logging(14731): Method < 1335 com.heyzap.common.concurrency.WrappedRunnable.run()
I/org.umd.logging(14731): Method > 1 com.heyzap.common.concurrency.HandlerExecutorService$2.run(com.heyzap.common.concurrency.HandlerExecutorService$2@480880177)
I/org.umd.logging(14731): Method > 1 com.heyzap.common.concurrency.WrappedRunnable.run(com.heyzap.common.concurrency.WrappedRunnable@532996374)
I/org.umd.logging(14731): Method > 1 com.heyzap.sdk.mediation.adapter.AdcolonyAdapter$2.run(com.heyzap.sdk.mediation.adapter.AdcolonyAdapter$2@653239428)
I/org.umd.logging(14731): Method > 1 com.jirbo.adcolony.AdColony$a.onPreExecute(com.jirbo.adcolony.AdColony$a@413530274<atask=true>)
I/org.umd.logging(14731): Method < 1334 com.heyzap.common.concurrency.WrappedRunnable.run()
I/org.umd.logging(14731): Method < 1 com.jirbo.adcolony.AdColony$a.onPreExecute()
I/AdColony(14731): ==== Configuring AdColony 2.2.2 ====
I/org.umd.logging(14731): Method > 1 com.heyzap.common.concurrency.ExecutionList$RunnableExecutorPair.execute(com.heyzap.common.concurrency.ExecutionList$RunnableExecutorPair@504228457)
I/org.umd.logging(14731): Method > 1 com.heyzap.common.concurrency.ExecutorPool$WrappedScheduledThreadPoolExecutor.execute(com.heyzap.common.concurrency.ExecutorPool$WrappedScheduledThreadPoolExecutor@263009907, com.heyzap.sdk.mediation.adapter.AdcolonyAdapter$1@788948367)
I/org.umd.logging(14731): Method > 1333 com.heyzap.common.concurrency.WrappedRunnable.run(com.heyzap.common.concurrency.WrappedRunnable@340066332)
I/org.umd.logging(14731): Method < 1 com.heyzap.common.concurrency.ExecutorPool$WrappedScheduledThreadPoolExecutor.execute()
I/org.umd.logging(14731): Method > 1333 com.heyzap.sdk.mediation.adapter.AdcolonyAdapter$1.run(com.heyzap.sdk.mediation.adapter.AdcolonyAdapter$1@788948367)
I/org.umd.logging(14731): Method < 1 com.heyzap.common.concurrency.ExecutionList$RunnableExecutorPair.execute()
I/org.umd.logging(14731): Method < 1333 com.heyzap.sdk.mediation.adapter.AdcolonyAdapter$1.run()
I/org.umd.logging(14731): Method < 1333 com.heyzap.common.concurrency.WrappedRunnable.run()
I/org.umd.logging(14731): Method < 1 com.heyzap.sdk.mediation.adapter.AdcolonyAdapter$2.run()
I/org.umd.logging(14731): Method > 1332 com.heyzap.mediation.adapter.FetchRequestConsumer$ConsumeCallback.run(com.heyzap.mediation.adapter.FetchRequestConsumer$ConsumeCallback@420594725)
I/org.umd.logging(14731): Method > 1332 com.heyzap.sdk.mediation.adapter.AdcolonyAdapter$3.run(com.heyzap.sdk.mediation.adapter.AdcolonyAdapter$3@898485163)
I/org.umd.logging(14731): Method < 1 com.heyzap.common.concurrency.WrappedRunnable.run()
I/org.umd.logging(14731): Method < 1 com.heyzap.common.concurrency.HandlerExecutorService$2.run()
I/org.umd.logging(14731): Method > 1332 com.heyzap.internal.RetryManager.start(com.heyzap.internal.RetryManager@850395656)
I/org.umd.logging(14731): Method > 1326 com.heyzap.sdk.mediation.adapter.AdcolonyAdapter$3$1.run(com.heyzap.sdk.mediation.adapter.AdcolonyAdapter$3$1@408271814)
I/org.umd.logging(14731): Method > 1326 com.heyzap.mediation.adapter.FetchStateManager.start(com.heyzap.mediation.adapter.FetchStateManager@1021015943, com.heyzap.internal.Constants$AdUnit@49811234)
I/org.umd.logging(14731): Method < 1332 com.heyzap.internal.RetryManager.start()
I/org.umd.logging(14731): Method < 1326 com.heyzap.mediation.adapter.FetchStateManager.start()
I/org.umd.logging(14731): Method < 1332 com.heyzap.sdk.mediation.adapter.AdcolonyAdapter$3.run()
I/org.umd.logging(14731): Method < 1332 com.heyzap.mediation.adapter.FetchRequestConsumer$ConsumeCallback.run()
I/org.umd.logging(14731): Method > 1326 com.heyzap.internal.RetryManager.start(com.heyzap.internal.RetryManager@21444276)
I/org.umd.logging(14731): Method < 1326 com.heyzap.internal.RetryManager.start()
I/org.umd.logging(14731): Method > 1322 com.heyzap.sdk.mediation.adapter.AdcolonyAdapter$3$1$1.run(com.heyzap.sdk.mediation.adapter.AdcolonyAdapter$3$1$1@920768082)
I/AdColony(14731): Ads are not ready to be played, as they are still downloading.
I/org.umd.logging(14731): Method < 1326 com.heyzap.sdk.mediation.adapter.AdcolonyAdapter$3$1.run()
I/org.umd.logging(14731): Method < 1322 com.heyzap.sdk.mediation.adapter.AdcolonyAdapter$3$1$1.run()
I/org.umd.logging(14731): Method > 1326 com.heyzap.sdk.mediation.adapter.AdcolonyAdapter$3$1$1.run(com.heyzap.sdk.mediation.adapter.AdcolonyAdapter$3$1$1@920768082)
I/AdColony(14731): Ads are not ready to be played, as they are still downloading.
I/org.umd.logging(14731): Method < 1326 com.heyzap.sdk.mediation.adapter.AdcolonyAdapter$3$1$1.run()
I/org.umd.logging(14731): Method > 1451 com.vungle.publisher.async.ScheduledPriorityExecutor$a$a.run(com.vungle.publisher.async.ScheduledPriorityExecutor$a$a@275645731)
I/org.umd.logging(14731): Method > 1451 com.vungle.publisher.InitializationEventListener$1.run(com.vungle.publisher.InitializationEventListener$1@104415193)
I/org.umd.logging(14731): Method > 1452 com.vungle.publisher.async.ScheduledPriorityExecutor$a$a.run(com.vungle.publisher.async.ScheduledPriorityExecutor$a$a@229331063)
I/org.umd.logging(14731): Method > 1452 com.vungle.publisher.env.AdvertisingDeviceIdStrategy$1.run(com.vungle.publisher.env.AdvertisingDeviceIdStrategy$1@931116260)
I/org.umd.logging(14731): Method > 1330 com.heyzap.common.concurrency.FutureUtils$3.run(com.heyzap.common.concurrency.FutureUtils$3@710307842)
I/org.umd.logging(14731): Method < 1330 com.heyzap.common.concurrency.FutureUtils$3.run()
I/org.umd.logging(14731): Method > 1322 com.heyzap.common.concurrency.FutureUtils$3.run(com.heyzap.common.concurrency.FutureUtils$3@8027411)
I/org.umd.logging(14731): Method < 1322 com.heyzap.common.concurrency.FutureUtils$3.run()
I/org.umd.logging(14731): Method > 1469 com.vungle.publisher.async.ScheduledPriorityExecutor$a$a.run(com.vungle.publisher.async.ScheduledPriorityExecutor$a$a@62884430)
I/org.umd.logging(14731): Method > 1469 com.vungle.publisher.event.ClientEventListenerAdapter$1.run(com.vungle.publisher.event.ClientEventListenerAdapter$1@939179132)
I/org.umd.logging(14731): Method < 1469 com.vungle.publisher.event.ClientEventListenerAdapter$1.run()
I/org.umd.logging(14731): Method < 1469 com.vungle.publisher.async.ScheduledPriorityExecutor$a$a.run()
I/org.umd.logging(14731): Method < 1452 com.vungle.publisher.env.AdvertisingDeviceIdStrategy$1.run()
I/org.umd.logging(14731): Method < 1452 com.vungle.publisher.async.ScheduledPriorityExecutor$a$a.run()
I/org.umd.logging(14731): Method > 1452 com.vungle.publisher.async.ScheduledPriorityExecutor$a$a.run(com.vungle.publisher.async.ScheduledPriorityExecutor$a$a@1058552069)
I/org.umd.logging(14731): Method > 1452 com.vungle.publisher.protocol.ProtocolHttpGateway$6.run(com.vungle.publisher.protocol.ProtocolHttpGateway$6@641891211)
I/org.umd.logging(14731): Api > 1452 java.net.URL.openConnection(java.net.URL@611656808<URL=http://api.vungle.com/api/v4/sessionStart>)
I/org.umd.logging(14731): Api < 1452 java.net.URL.openConnection(com.android.okhttp.internal.http.HttpURLConnectionImpl@124280961)
I/org.umd.logging(14731): Method < 1452 com.vungle.publisher.protocol.ProtocolHttpGateway$6.run()
I/org.umd.logging(14731): Method < 1452 com.vungle.publisher.async.ScheduledPriorityExecutor$a$a.run()
I/org.umd.logging(14731): Method < 1451 com.vungle.publisher.InitializationEventListener$1.run()
I/org.umd.logging(14731): Method < 1451 com.vungle.publisher.async.ScheduledPriorityExecutor$a$a.run()
I/org.umd.logging(14731): Method > 1451 com.vungle.publisher.async.ScheduledPriorityExecutor$a$a.run(com.vungle.publisher.async.ScheduledPriorityExecutor$a$a@675379807)
I/org.umd.logging(14731): Method > 1451 com.vungle.publisher.protocol.ProtocolHttpGateway$2.run(com.vungle.publisher.protocol.ProtocolHttpGateway$2@678587765)
I/org.umd.logging(14731): Api > 1451 java.net.URL.openConnection(java.net.URL@865104138<URL=http://api.vungle.com/api/v4/config>)
I/org.umd.logging(14731): Api < 1451 java.net.URL.openConnection(com.android.okhttp.internal.http.HttpURLConnectionImpl@783113595)
I/cr_Ime  (14731): ImeThread is enabled.
W/cr_BindingManager(14731): Cannot call determinedVisibility() - never saw a connection for the pid: 14731
I/org.umd.logging(14731): Method < 1451 com.vungle.publisher.protocol.ProtocolHttpGateway$2.run()
I/org.umd.logging(14731): Method < 1451 com.vungle.publisher.async.ScheduledPriorityExecutor$a$a.run()
I/ActivityManager(  591): Start proc 15190:com.google.android.apps.photos/u0a70 for broadcast com.google.android.apps.photos/.scheduler.AlarmReceiver
W/WebKit  (14731): A Parser-blocking, cross-origin script, https://ads.tresensa.com/addyn/3.0/5421.1/3599477/0/0/ADTECH;loc=100;sub1=http://global.event.prod.bidr.io/log/clk/adx?ai=ChII4Yno0QYQilgYq6OGvLng0AISEQoIdHJlc2Vuc2EQAhg4IKMCGgNhZHgiKG1pZC4yMjlENEFFQS1ENzZFLTQ3QzMtQUQ4OC0xRUFGREYzNTI5RjA4xANABw==&dest=https://adclick.g.doubleclick.net/aclk%3Fsa%3DL%26ai%3DCn1_BNSVHWO6JDou4nATYvquYAoPSgq1ExofxlLoCwI23ARABIABgyYbtiISk7A-CARtjYS1hcHAtcHViLTMwNjczMzkxMTc2NDkwMjfIAQmoAwGqBN4BT9AI24nI0xJOJkkmtwveK_kfApHwvD_OWqIDqlQBMuVQnNaE58EQ9wOtATBd-LNSmWQgSxA3Os9BagivzgOG1DXamp2EirHpTcH2G8KoqFQ35GhCZZzaJgx_RkP-BTc3erWfIls_WZsgwr6cgI2ny0-Eyy4XVMXaFhZx8xAwE1nfWp9G1RTJLsPMBtdQGI7dD8mKloCYy_qM5awDsAfPZXAG5vxLR4Kew5j_1p5TV-1SNjw9E5vS5N1lzXOYqQMnqCYldwfTMLdVQZFeHbPKSCWPoLl5c9aEnSOTrxKwgAbOh43E_pe4laIBoAYhqAemvhvYBwDSCAUIgAEQAQ%26num%3D1%26sig%3DAOD64_30oyBnHpLUBWid_5wfgIDpnaQ_nw%26client%3Dca-app-pub-3067339117649027%26adurl%3D;sub2=229d4aea-d76e-47c3-ad88-1eafdf3529f0;sub3=com.fortafygames.colorswitch;sub4=1481057589367211.1782187233.11274.tr
W/WebKit  (14731): A Parser-blocking, cross-origin script, https://ads.tresensa.com/addyn/3.0/5421.1/3599477/0/0/ADTECH;loc=100;sub1=http://global.event.prod.bidr.io/log/clk/adx?ai=ChII4Yno0QYQilgYq6OGvLng0AISEQoIdHJlc2Vuc2EQAhg4IKMCGgNhZHgiKG1pZC4yMjlENEFFQS1ENzZFLTQ3QzMtQUQ4OC0xRUFGREYzNTI5RjA4xANABw==&dest=https://adclick.g.doubleclick.net/aclk%3Fsa%3DL%26ai%3DCn1_BNSVHWO6JDou4nATYvquYAoPSgq1ExofxlLoCwI23ARABIABgyYbtiISk7A-CARtjYS1hcHAtcHViLTMwNjczMzkxMTc2NDkwMjfIAQmoAwGqBN4BT9AI24nI0xJOJkkmtwveK_kfApHwvD_OWqIDqlQBMuVQnNaE58EQ9wOtATBd-LNSmWQgSxA3Os9BagivzgOG1DXamp2EirHpTcH2G8KoqFQ35GhCZZzaJgx_RkP-BTc3erWfIls_WZsgwr6cgI2ny0-Eyy4XVMXaFhZx8xAwE1nfWp9G1RTJLsPMBtdQGI7dD8mKloCYy_qM5awDsAfPZXAG5vxLR4Kew5j_1p5TV-1SNjw9E5vS5N1lzXOYqQMnqCYldwfTMLdVQZFeHbPKSCWPoLl5c9aEnSOTrxKwgAbOh43E_pe4laIBoAYhqAemvhvYBwDSCAUIgAEQAQ%26num%3D1%26sig%3DAOD64_30oyBnHpLUBWid_5wfgIDpnaQ_nw%26client%3Dca-app-pub-3067339117649027%26adurl%3D;sub2=229d4aea-d76e-47c3-ad88-1eafdf3529f0;sub3=com.fortafygames.colorswitch;sub4=1481057589367211.1782187233.11274.tr
W/Ads     (14731): JS: A Parser-blocking, cross-origin script, https://ads.tresensa.com/addyn/3.0/5421.1/3599477/0/0/ADTECH;loc=100;sub1=http://global.event.prod.bidr.io/log/clk/adx?ai=ChII4Yno0QYQilgYq6OGvLng0AISEQoIdHJlc2Vuc2EQAhg4IKMCGgNhZHgiKG1pZC4yMjlENEFFQS1ENzZFLTQ3QzMtQUQ4OC0xRUFGREYzNTI5RjA4xANABw==&dest=https://adclick.g.doubleclick.net/aclk%3Fsa%3DL%26ai%3DCn1_BNSVHWO6JDou4nATYvquYAoPSgq1ExofxlLoCwI23ARABIABgyYbtiISk7A-CARtjYS1hcHAtcHViLTMwNjczMzkxMTc2NDkwMjfIAQmoAwGqBN4BT9AI24nI0xJOJkkmtwveK_kfApHwvD_OWqIDqlQBMuVQnNaE58EQ9wOtATBd-LNSmWQgSxA3Os9BagivzgOG1DXamp2EirHpTcH2G8KoqFQ35GhCZZzaJgx_RkP-BTc3erWfIls_WZsgwr6cgI2ny0-Eyy4XVMXaFhZx8xAwE1nfWp9G1RTJLsPMBtdQGI7dD8mKloCYy_qM5awDsAfPZXAG5vxLR4Kew5j_1p5TV-1SNjw9E5vS5N1lzXOYqQMnqCYldwfTMLdVQZFeHbPKSCWPoLl5c9aEnSOTrxKwgAbOh43E_pe4laIBoAYhqAemvhvYBwDSCAUIgAEQAQ%26num%3D1%26sig%3DAOD64_30oyBnHpLUBWid_5wfgIDpnaQ_nw%26client%3Dca-app-pub-3067339117649027%26adurl%3D;sub2=229d4aea-d76e-47c3-ad88-1eafdf3529f0;sub3=com.fortafygames.colorswitch;sub4=1481057589367211.1782187233.11274.tresensa;kvbw1=291;kvinv=adx;misc=3023238851, is invoked via document.write. This may be blocked by the browser if the device has poor network connectivity. (https://googleads.g.doubleclick.net/mads/gma?_activity_context=true&android_num_video_cache_tasks=0&caps=inlineVideo_interactiveVideo_mraid1_mraid2_sdkVideo_th_autoplay_mediation_av_transparentBackground_as_sdkAdmobApiForAds_di_aso_sfv_dinm_dim_dinmo_gcache&eid=318475406%2C318476426%2C318476954%2C318476847%2C318476640%2C46621136&format=interstitial_mb&heap_free=16353692&heap_max=201326592&heap_total=49232592&js=afma-sdk-a-v10084236.9256000.2&msid=com.fortafygames.colorswitch&preqs=1&request_pkg=com.heyzap.sdk.mediation.adapter.AdmobAdapter%242&scroll_index=-1&seq_num=2&target_api=23:5)
I/chromium(14731): [INFO:CONSOLE(5)] "A Parser-blocking, cross-origin script, https://ads.tresensa.com/addyn/3.0/5421.1/3599477/0/0/ADTECH;loc=100;sub1=http://global.event.prod.bidr.io/log/clk/adx?ai=ChII4Yno0QYQilgYq6OGvLng0AISEQoIdHJlc2Vuc2EQAhg4IKMCGgNhZHgiKG1pZC4yMjlENEFFQS1ENzZFLTQ3QzMtQUQ4OC0xRUFGREYzNTI5RjA4xANABw==&dest=https://adclick.g.doubleclick.net/aclk%3Fsa%3DL%26ai%3DCn1_BNSVHWO6JDou4nATYvquYAoPSgq1ExofxlLoCwI23ARABIABgyYbtiISk7A-CARtjYS1hcHAtcHViLTMwNjczMzkxMTc2NDkwMjfIAQmoAwGqBN4BT9AI24nI0xJOJkkmtwveK_kfApHwvD_OWqIDqlQBMuVQnNaE58EQ9wOtATBd-LNSmWQgSxA3Os9BagivzgOG1DXamp2EirHpTcH2G8KoqFQ35GhCZZzaJgx_RkP-BTc3erWfIls_WZsgwr6cgI2ny0-Eyy4XVMXaFhZx8xAwE1nfWp9G1RTJLsPMBtdQGI7dD8mKloCYy_qM5awDsAfPZXAG5vxLR4Kew5j_1p5TV-1SNjw9E5vS5N1lzXOYqQMnqCYldwfTMLdVQZFeHbPKSCWPoLl5c9aEnSOTrxKwgAbOh43E_pe4laIBoAYhqAemvhvYBwDSCAUIgAEQAQ%26num%3D1%26sig%3DAOD64_30oyBnHpLUBWid_5wfgIDpnaQ_nw%26client%3Dca-app-pub-3067339117649027%26adurl%3D;sub2=229d4aea-d76e-47c3-ad88-1eafdf3529f0;sub3=com.fortafygames.colorswitch;sub4=1481057589367211.1782187233.11274.tresensa;kvbw1=291;kvinv=adx;misc=3023238851, is invoked via document.write. This may be blocked by the browser if the device has poor network connectivity.", source: https://googleads.g.doubleclick.net/mads/gma?_activity_context=true&android_num_video_cache_tasks=0&caps=inlineVideo_interactiveVideo_mraid1_mraid2_sdkVideo_th_autoplay_mediation_av_transparentBackground_as_sdkAdmobApiForAds_di_aso_sfv_dinm_dim_dinmo_gcache&eid=318475406%2C318476426%2C318476954%2C318476847%2C318476640%2C46621136&format=interstitial_mb&heap_free=16353692&heap_max=201326592&heap_total=49232592&js=afma-sdk-a-v10084236.9256000.2&msid=com.fortafygames.colorswitch&preqs=1&request_pkg=com.heyzap.sdk.mediation.adapter.AdmobAdapter%242&scroll_index=-1&seq_num=2&target_api=23 (5)
W/Ads     (14731): JS: A Parser-blocking, cross-origin script, https://ads.tresensa.com/addyn/3.0/5421.1/3599477/0/0/ADTECH;loc=100;sub1=http://global.event.prod.bidr.io/log/clk/adx?ai=ChII4Yno0QYQilgYq6OGvLng0AISEQoIdHJlc2Vuc2EQAhg4IKMCGgNhZHgiKG1pZC4yMjlENEFFQS1ENzZFLTQ3QzMtQUQ4OC0xRUFGREYzNTI5RjA4xANABw==&dest=https://adclick.g.doubleclick.net/aclk%3Fsa%3DL%26ai%3DCn1_BNSVHWO6JDou4nATYvquYAoPSgq1ExofxlLoCwI23ARABIABgyYbtiISk7A-CARtjYS1hcHAtcHViLTMwNjczMzkxMTc2NDkwMjfIAQmoAwGqBN4BT9AI24nI0xJOJkkmtwveK_kfApHwvD_OWqIDqlQBMuVQnNaE58EQ9wOtATBd-LNSmWQgSxA3Os9BagivzgOG1DXamp2EirHpTcH2G8KoqFQ35GhCZZzaJgx_RkP-BTc3erWfIls_WZsgwr6cgI2ny0-Eyy4XVMXaFhZx8xAwE1nfWp9G1RTJLsPMBtdQGI7dD8mKloCYy_qM5awDsAfPZXAG5vxLR4Kew5j_1p5TV-1SNjw9E5vS5N1lzXOYqQMnqCYldwfTMLdVQZFeHbPKSCWPoLl5c9aEnSOTrxKwgAbOh43E_pe4laIBoAYhqAemvhvYBwDSCAUIgAEQAQ%26num%3D1%26sig%3DAOD64_30oyBnHpLUBWid_5wfgIDpnaQ_nw%26client%3Dca-app-pub-3067339117649027%26adurl%3D;sub2=229d4aea-d76e-47c3-ad88-1eafdf3529f0;sub3=com.fortafygames.colorswitch;sub4=1481057589367211.1782187233.11274.tresensa;kvbw1=291;kvinv=adx;misc=3023238851, is invoked via document.write. This may be blocked by the browser if the device has poor network connectivity. (https://googleads.g.doubleclick.net/mads/gma?_activity_context=true&android_num_video_cache_tasks=0&caps=inlineVideo_interactiveVideo_mraid1_mraid2_sdkVideo_th_autoplay_mediation_av_transparentBackground_as_sdkAdmobApiForAds_di_aso_sfv_dinm_dim_dinmo_gcache&eid=318475406%2C318476426%2C318476954%2C318476847%2C318476640%2C46621136&format=interstitial_mb&heap_free=16353692&heap_max=201326592&heap_total=49232592&js=afma-sdk-a-v10084236.9256000.2&msid=com.fortafygames.colorswitch&preqs=1&request_pkg=com.heyzap.sdk.mediation.adapter.AdmobAdapter%242&scroll_index=-1&seq_num=2&target_api=23:5)
I/chromium(14731): [INFO:CONSOLE(5)] "A Parser-blocking, cross-origin script, https://ads.tresensa.com/addyn/3.0/5421.1/3599477/0/0/ADTECH;loc=100;sub1=http://global.event.prod.bidr.io/log/clk/adx?ai=ChII4Yno0QYQilgYq6OGvLng0AISEQoIdHJlc2Vuc2EQAhg4IKMCGgNhZHgiKG1pZC4yMjlENEFFQS1ENzZFLTQ3QzMtQUQ4OC0xRUFGREYzNTI5RjA4xANABw==&dest=https://adclick.g.doubleclick.net/aclk%3Fsa%3DL%26ai%3DCn1_BNSVHWO6JDou4nATYvquYAoPSgq1ExofxlLoCwI23ARABIABgyYbtiISk7A-CARtjYS1hcHAtcHViLTMwNjczMzkxMTc2NDkwMjfIAQmoAwGqBN4BT9AI24nI0xJOJkkmtwveK_kfApHwvD_OWqIDqlQBMuVQnNaE58EQ9wOtATBd-LNSmWQgSxA3Os9BagivzgOG1DXamp2EirHpTcH2G8KoqFQ35GhCZZzaJgx_RkP-BTc3erWfIls_WZsgwr6cgI2ny0-Eyy4XVMXaFhZx8xAwE1nfWp9G1RTJLsPMBtdQGI7dD8mKloCYy_qM5awDsAfPZXAG5vxLR4Kew5j_1p5TV-1SNjw9E5vS5N1lzXOYqQMnqCYldwfTMLdVQZFeHbPKSCWPoLl5c9aEnSOTrxKwgAbOh43E_pe4laIBoAYhqAemvhvYBwDSCAUIgAEQAQ%26num%3D1%26sig%3DAOD64_30oyBnHpLUBWid_5wfgIDpnaQ_nw%26client%3Dca-app-pub-3067339117649027%26adurl%3D;sub2=229d4aea-d76e-47c3-ad88-1eafdf3529f0;sub3=com.fortafygames.colorswitch;sub4=1481057589367211.1782187233.11274.tresensa;kvbw1=291;kvinv=adx;misc=3023238851, is invoked via document.write. This may be blocked by the browser if the device has poor network connectivity.", source: https://googleads.g.doubleclick.net/mads/gma?_activity_context=true&android_num_video_cache_tasks=0&caps=inlineVideo_interactiveVideo_mraid1_mraid2_sdkVideo_th_autoplay_mediation_av_transparentBackground_as_sdkAdmobApiForAds_di_aso_sfv_dinm_dim_dinmo_gcache&eid=318475406%2C318476426%2C318476954%2C318476847%2C318476640%2C46621136&format=interstitial_mb&heap_free=16353692&heap_max=201326592&heap_total=49232592&js=afma-sdk-a-v10084236.9256000.2&msid=com.fortafygames.colorswitch&preqs=1&request_pkg=com.heyzap.sdk.mediation.adapter.AdmobAdapter%242&scroll_index=-1&seq_num=2&target_api=23 (5)
I/org.umd.logging(14731): Method > 1333 com.heyzap.sdk.mediation.adapter.UnityadsAdapter$1$1$2.run(com.heyzap.sdk.mediation.adapter.UnityadsAdapter$1$1$2@901496441)
I/org.umd.logging(14731): Api > 1333 android.net.ConnectivityManager.getActiveNetworkInfo(android.net.ConnectivityManager@172529315)
I/org.umd.logging(14731): Api < 1333 android.net.ConnectivityManager.getActiveNetworkInfo(android.net.NetworkInfo@580875588)
I/UnityAds(14731): com.unity3d.ads.android.UnityAds.a() (line:-1) :: Unity Ads is ready to show ads
I/org.umd.logging(14731): Api > 1333 android.net.ConnectivityManager.getActiveNetworkInfo(android.net.ConnectivityManager@172529315)
I/org.umd.logging(14731): Api < 1333 android.net.ConnectivityManager.getActiveNetworkInfo(android.net.NetworkInfo@171431469)
I/org.umd.logging(14731): Method < 1333 com.heyzap.sdk.mediation.adapter.UnityadsAdapter$1$1$2.run()
I/org.umd.logging(14731): Api > 1 java.lang.Thread.start(java.lang.Thread@308848681<thread=1481>)
I/org.umd.logging(14731): Api < 1 java.lang.Thread.start()
I/org.umd.logging(14731): Api > 1481 android.net.ConnectivityManager.getActiveNetworkInfo(android.net.ConnectivityManager@172529315)
I/org.umd.logging(14731): Api < 1481 android.net.ConnectivityManager.getActiveNetworkInfo(android.net.NetworkInfo@847398830)
I/org.umd.logging(14731): Api > 1481 android.net.ConnectivityManager.getActiveNetworkInfo(android.net.ConnectivityManager@172529315)
I/org.umd.logging(14731): Api < 1481 android.net.ConnectivityManager.getActiveNetworkInfo(android.net.NetworkInfo@300136783)
I/org.umd.logging(14731): Api > 1481 java.lang.Thread.start(com.jirbo.adcolony.aa$a@163225061<thread=1483>)
I/org.umd.logging(14731): Api < 1481 java.lang.Thread.start()
I/org.umd.logging(14731): Method > 1483 com.jirbo.adcolony.ADCDownload.run(com.jirbo.adcolony.ADCDownload@156015467)
I/org.umd.logging(14731): Api > 1483 java.net.URL.openConnection(java.net.URL@750450376<URL=https://androidads21.adcolony.com/configure?app_id=app092d8049fd924a1ea0&zones=vzba4d153f86e5459b81,vz352672a93b474c81ac&os_name=android&os_version=5.1.1&device_api=22&app_version=561&android_id_sha1=&device_id=d8733a1b-0bc2-4c9f-aa2d-0ed240569501&open_udid=&device_type=phone&ln=en&device_brand=LGE&device_model=Nexus%204&screen_width=768&screen_height=1184&sdk_type=android_native&sdk_version=2.2.2&origin_store=google&available_stores=google&imei_sha1=&memory_class=192&memory_used_mb=38&advertiser_id=229d4aea-d76e-47c3-ad88-1eafdf3529f0&limit_tracking=false&immersion=false&carrier=unknown&network_type=wifi&custom_id=&sid=db17803b-34ec-422d-be29-677f06156a11&s_imp_count=0>)
I/org.umd.logging(14731): Api < 1483 java.net.URL.openConnection(com.android.okhttp.internal.http.HttpsURLConnectionImpl@696005473)
I/org.umd.logging(14731): Api > 1483 java.net.URL.openConnection(java.net.URL@529505926<URL=https://androidads21.adcolony.com/configure?app_id=app092d8049fd924a1ea0&zones=vzba4d153f86e5459b81,vz352672a93b474c81ac&os_name=android&os_version=5.1.1&device_api=22&app_version=561&android_id_sha1=&device_id=d8733a1b-0bc2-4c9f-aa2d-0ed240569501&open_udid=&device_type=phone&ln=en&device_brand=LGE&device_model=Nexus%204&screen_width=768&screen_height=1184&sdk_type=android_native&sdk_version=2.2.2&origin_store=google&available_stores=google&imei_sha1=&memory_class=192&memory_used_mb=38&advertiser_id=229d4aea-d76e-47c3-ad88-1eafdf3529f0&limit_tracking=false&immersion=false&carrier=unknown&network_type=wifi&custom_id=&sid=db17803b-34ec-422d-be29-677f06156a11&s_imp_count=0>)
I/org.umd.logging(14731): Api < 1483 java.net.URL.openConnection(com.android.okhttp.internal.http.HttpsURLConnectionImpl@337085255)
I/org.umd.logging(14731): Api > 1481 android.net.ConnectivityManager.getActiveNetworkInfo(android.net.ConnectivityManager@172529315)
I/org.umd.logging(14731): Api < 1481 android.net.ConnectivityManager.getActiveNetworkInfo(android.net.NetworkInfo@132953972)
I/org.umd.logging(14731): Api > 1481 android.net.ConnectivityManager.getActiveNetworkInfo(android.net.ConnectivityManager@172529315)
I/org.umd.logging(14731): Api < 1481 android.net.ConnectivityManager.getActiveNetworkInfo(android.net.NetworkInfo@392668317)
I/Ads     (14731): JS: TPA: initializing playable container... (https://googleads.g.doubleclick.net/mads/gma?_activity_context=true&android_num_video_cache_tasks=0&caps=inlineVideo_interactiveVideo_mraid1_mraid2_sdkVideo_th_autoplay_mediation_av_transparentBackground_as_sdkAdmobApiForAds_di_aso_sfv_dinm_dim_dinmo_gcache&eid=318475406%2C318476426%2C318476954%2C318476847%2C318476640%2C46621136&format=interstitial_mb&heap_free=16353692&heap_max=201326592&heap_total=49232592&js=afma-sdk-a-v10084236.9256000.2&msid=com.fortafygames.colorswitch&preqs=1&request_pkg=com.heyzap.sdk.mediation.adapter.AdmobAdapter%242&scroll_index=-1&seq_num=2&target_api=23:8)
I/chromium(14731): [INFO:CONSOLE(8)] "TPA: initializing playable container...", source: https://googleads.g.doubleclick.net/mads/gma?_activity_context=true&android_num_video_cache_tasks=0&caps=inlineVideo_interactiveVideo_mraid1_mraid2_sdkVideo_th_autoplay_mediation_av_transparentBackground_as_sdkAdmobApiForAds_di_aso_sfv_dinm_dim_dinmo_gcache&eid=318475406%2C318476426%2C318476954%2C318476847%2C318476640%2C46621136&format=interstitial_mb&heap_free=16353692&heap_max=201326592&heap_total=49232592&js=afma-sdk-a-v10084236.9256000.2&msid=com.fortafygames.colorswitch&preqs=1&request_pkg=com.heyzap.sdk.mediation.adapter.AdmobAdapter%242&scroll_index=-1&seq_num=2&target_api=23 (8)
I/Ads     (14731): JS: TPA: using AdTech tag (https://googleads.g.doubleclick.net/mads/gma?_activity_context=true&android_num_video_cache_tasks=0&caps=inlineVideo_interactiveVideo_mraid1_mraid2_sdkVideo_th_autoplay_mediation_av_transparentBackground_as_sdkAdmobApiForAds_di_aso_sfv_dinm_dim_dinmo_gcache&eid=318475406%2C318476426%2C318476954%2C318476847%2C318476640%2C46621136&format=interstitial_mb&heap_free=16353692&heap_max=201326592&heap_total=49232592&js=afma-sdk-a-v10084236.9256000.2&msid=com.fortafygames.colorswitch&preqs=1&request_pkg=com.heyzap.sdk.mediation.adapter.AdmobAdapter%242&scroll_index=-1&seq_num=2&target_api=23:8)
I/chromium(14731): [INFO:CONSOLE(8)] "TPA: using AdTech tag", source: https://googleads.g.doubleclick.net/mads/gma?_activity_context=true&android_num_video_cache_tasks=0&caps=inlineVideo_interactiveVideo_mraid1_mraid2_sdkVideo_th_autoplay_mediation_av_transparentBackground_as_sdkAdmobApiForAds_di_aso_sfv_dinm_dim_dinmo_gcache&eid=318475406%2C318476426%2C318476954%2C318476847%2C318476640%2C46621136&format=interstitial_mb&heap_free=16353692&heap_max=201326592&heap_total=49232592&js=afma-sdk-a-v10084236.9256000.2&msid=com.fortafygames.colorswitch&preqs=1&request_pkg=com.heyzap.sdk.mediation.adapter.AdmobAdapter%242&scroll_index=-1&seq_num=2&target_api=23 (8)
I/Ads     (14731): JS: TPA: inventory sourced through Beeswax (https://googleads.g.doubleclick.net/mads/gma?_activity_context=true&android_num_video_cache_tasks=0&caps=inlineVideo_interactiveVideo_mraid1_mraid2_sdkVideo_th_autoplay_mediation_av_transparentBackground_as_sdkAdmobApiForAds_di_aso_sfv_dinm_dim_dinmo_gcache&eid=318475406%2C318476426%2C318476954%2C318476847%2C318476640%2C46621136&format=interstitial_mb&heap_free=16353692&heap_max=201326592&heap_total=49232592&js=afma-sdk-a-v10084236.9256000.2&msid=com.fortafygames.colorswitch&preqs=1&request_pkg=com.heyzap.sdk.mediation.adapter.AdmobAdapter%242&scroll_index=-1&seq_num=2&target_api=23:8)
I/chromium(14731): [INFO:CONSOLE(8)] "TPA: inventory sourced through Beeswax", source: https://googleads.g.doubleclick.net/mads/gma?_activity_context=true&android_num_video_cache_tasks=0&caps=inlineVideo_interactiveVideo_mraid1_mraid2_sdkVideo_th_autoplay_mediation_av_transparentBackground_as_sdkAdmobApiForAds_di_aso_sfv_dinm_dim_dinmo_gcache&eid=318475406%2C318476426%2C318476954%2C318476847%2C318476640%2C46621136&format=interstitial_mb&heap_free=16353692&heap_max=201326592&heap_total=49232592&js=afma-sdk-a-v10084236.9256000.2&msid=com.fortafygames.colorswitch&preqs=1&request_pkg=com.heyzap.sdk.mediation.adapter.AdmobAdapter%242&scroll_index=-1&seq_num=2&target_api=23 (8)
I/org.umd.logging(14731): Api > 1481 android.net.ConnectivityManager.getActiveNetworkInfo(android.net.ConnectivityManager@172529315)
I/org.umd.logging(14731): Api < 1481 android.net.ConnectivityManager.getActiveNetworkInfo(android.net.NetworkInfo@968301842)
I/org.umd.logging(14731): Api > 1481 android.net.ConnectivityManager.getActiveNetworkInfo(android.net.ConnectivityManager@172529315)
I/org.umd.logging(14731): Api < 1481 android.net.ConnectivityManager.getActiveNetworkInfo(android.net.NetworkInfo@733940963)
I/Ads     (14731): JS: TPA: firing 'container_code_loaded' event (https://googleads.g.doubleclick.net/mads/gma?_activity_context=true&android_num_video_cache_tasks=0&caps=inlineVideo_interactiveVideo_mraid1_mraid2_sdkVideo_th_autoplay_mediation_av_transparentBackground_as_sdkAdmobApiForAds_di_aso_sfv_dinm_dim_dinmo_gcache&eid=318475406%2C318476426%2C318476954%2C318476847%2C318476640%2C46621136&format=interstitial_mb&heap_free=16353692&heap_max=201326592&heap_total=49232592&js=afma-sdk-a-v10084236.9256000.2&msid=com.fortafygames.colorswitch&preqs=1&request_pkg=com.heyzap.sdk.mediation.adapter.AdmobAdapter%242&scroll_index=-1&seq_num=2&target_api=23:8)
I/chromium(14731): [INFO:CONSOLE(8)] "TPA: firing 'container_code_loaded' event", source: https://googleads.g.doubleclick.net/mads/gma?_activity_context=true&android_num_video_cache_tasks=0&caps=inlineVideo_interactiveVideo_mraid1_mraid2_sdkVideo_th_autoplay_mediation_av_transparentBackground_as_sdkAdmobApiForAds_di_aso_sfv_dinm_dim_dinmo_gcache&eid=318475406%2C318476426%2C318476954%2C318476847%2C318476640%2C46621136&format=interstitial_mb&heap_free=16353692&heap_max=201326592&heap_total=49232592&js=afma-sdk-a-v10084236.9256000.2&msid=com.fortafygames.colorswitch&preqs=1&request_pkg=com.heyzap.sdk.mediation.adapter.AdmobAdapter%242&scroll_index=-1&seq_num=2&target_api=23 (8)
I/Ads     (14731): JS: TPA: loading game... (https://googleads.g.doubleclick.net/mads/gma?_activity_context=true&android_num_video_cache_tasks=0&caps=inlineVideo_interactiveVideo_mraid1_mraid2_sdkVideo_th_autoplay_mediation_av_transparentBackground_as_sdkAdmobApiForAds_di_aso_sfv_dinm_dim_dinmo_gcache&eid=318475406%2C318476426%2C318476954%2C318476847%2C318476640%2C46621136&format=interstitial_mb&heap_free=16353692&heap_max=201326592&heap_total=49232592&js=afma-sdk-a-v10084236.9256000.2&msid=com.fortafygames.colorswitch&preqs=1&request_pkg=com.heyzap.sdk.mediation.adapter.AdmobAdapter%242&scroll_index=-1&seq_num=2&target_api=23:8)
I/chromium(14731): [INFO:CONSOLE(8)] "TPA: loading game...", source: https://googleads.g.doubleclick.net/mads/gma?_activity_context=true&android_num_video_cache_tasks=0&caps=inlineVideo_interactiveVideo_mraid1_mraid2_sdkVideo_th_autoplay_mediation_av_transparentBackground_as_sdkAdmobApiForAds_di_aso_sfv_dinm_dim_dinmo_gcache&eid=318475406%2C318476426%2C318476954%2C318476847%2C318476640%2C46621136&format=interstitial_mb&heap_free=16353692&heap_max=201326592&heap_total=49232592&js=afma-sdk-a-v10084236.9256000.2&msid=com.fortafygames.colorswitch&preqs=1&request_pkg=com.heyzap.sdk.mediation.adapter.AdmobAdapter%242&scroll_index=-1&seq_num=2&target_api=23 (8)
I/Ads     (14731): JS: TPA: finished initializing playable container (https://googleads.g.doubleclick.net/mads/gma?_activity_context=true&android_num_video_cache_tasks=0&caps=inlineVideo_interactiveVideo_mraid1_mraid2_sdkVideo_th_autoplay_mediation_av_transparentBackground_as_sdkAdmobApiForAds_di_aso_sfv_dinm_dim_dinmo_gcache&eid=318475406%2C318476426%2C318476954%2C318476847%2C318476640%2C46621136&format=interstitial_mb&heap_free=16353692&heap_max=201326592&heap_total=49232592&js=afma-sdk-a-v10084236.9256000.2&msid=com.fortafygames.colorswitch&preqs=1&request_pkg=com.heyzap.sdk.mediation.adapter.AdmobAdapter%242&scroll_index=-1&seq_num=2&target_api=23:8)
I/chromium(14731): [INFO:CONSOLE(8)] "TPA: finished initializing playable container", source: https://googleads.g.doubleclick.net/mads/gma?_activity_context=true&android_num_video_cache_tasks=0&caps=inlineVideo_interactiveVideo_mraid1_mraid2_sdkVideo_th_autoplay_mediation_av_transparentBackground_as_sdkAdmobApiForAds_di_aso_sfv_dinm_dim_dinmo_gcache&eid=318475406%2C318476426%2C318476954%2C318476847%2C318476640%2C46621136&format=interstitial_mb&heap_free=16353692&heap_max=201326592&heap_total=49232592&js=afma-sdk-a-v10084236.9256000.2&msid=com.fortafygames.colorswitch&preqs=1&request_pkg=com.heyzap.sdk.mediation.adapter.AdmobAdapter%242&scroll_index=-1&seq_num=2&target_api=23 (8)
E/chromium(14731): [ERROR:interface_registry.cc(99)] Failed to locate a binder for interface: autofill::mojom::AutofillDriver
I/Ads     (14731): JS: TPA: firing 'mraid_ready' event (https://googleads.g.doubleclick.net/mads/gma?_activity_context=true&android_num_video_cache_tasks=0&caps=inlineVideo_interactiveVideo_mraid1_mraid2_sdkVideo_th_autoplay_mediation_av_transparentBackground_as_sdkAdmobApiForAds_di_aso_sfv_dinm_dim_dinmo_gcache&eid=318475406%2C318476426%2C318476954%2C318476847%2C318476640%2C46621136&format=interstitial_mb&heap_free=16353692&heap_max=201326592&heap_total=49232592&js=afma-sdk-a-v10084236.9256000.2&msid=com.fortafygames.colorswitch&preqs=1&request_pkg=com.heyzap.sdk.mediation.adapter.AdmobAdapter%242&scroll_index=-1&seq_num=2&target_api=23:8)
I/chromium(14731): [INFO:CONSOLE(8)] "TPA: firing 'mraid_ready' event", source: https://googleads.g.doubleclick.net/mads/gma?_activity_context=true&android_num_video_cache_tasks=0&caps=inlineVideo_interactiveVideo_mraid1_mraid2_sdkVideo_th_autoplay_mediation_av_transparentBackground_as_sdkAdmobApiForAds_di_aso_sfv_dinm_dim_dinmo_gcache&eid=318475406%2C318476426%2C318476954%2C318476847%2C318476640%2C46621136&format=interstitial_mb&heap_free=16353692&heap_max=201326592&heap_total=49232592&js=afma-sdk-a-v10084236.9256000.2&msid=com.fortafygames.colorswitch&preqs=1&request_pkg=com.heyzap.sdk.mediation.adapter.AdmobAdapter%242&scroll_index=-1&seq_num=2&target_api=23 (8)
I/org.umd.logging(14731): Api > 1481 android.net.ConnectivityManager.getActiveNetworkInfo(android.net.ConnectivityManager@172529315)
I/org.umd.logging(14731): Api < 1481 android.net.ConnectivityManager.getActiveNetworkInfo(android.net.NetworkInfo@677890645)
I/org.umd.logging(14731): Api > 1481 android.net.ConnectivityManager.getActiveNetworkInfo(android.net.ConnectivityManager@172529315)
I/org.umd.logging(14731): Api < 1481 android.net.ConnectivityManager.getActiveNetworkInfo(android.net.NetworkInfo@647314538)
I/org.umd.logging(14731): Api > 1481 android.net.ConnectivityManager.getActiveNetworkInfo(android.net.ConnectivityManager@172529315)
I/org.umd.logging(14731): Api < 1481 android.net.ConnectivityManager.getActiveNetworkInfo(android.net.NetworkInfo@1014866424)
I/org.umd.logging(14731): Api > 1481 android.net.ConnectivityManager.getActiveNetworkInfo(android.net.ConnectivityManager@172529315)
I/org.umd.logging(14731): Api < 1481 android.net.ConnectivityManager.getActiveNetworkInfo(android.net.NetworkInfo@111654609)
E/Cataloger( 5092): syncFile:/storage/emulated/0/2016-12-06_03:53:12.460.jpg
I/org.umd.logging(14731): Method > 1 com.migal.android.MigalView.onTouchEvent(com.migal.android.MigalView@191329657<file=2016-12-06_03:53:12.460><x=0><y=0><width=768><height=1280><id=2131558495><imagename=migal_view>, android.view.MotionEvent@682716203)
E/Cataloger( 5092): syncFile:/storage/emulated/0/2016-12-06_03:53:12.460.jpg
I/org.umd.logging(14731): Method < 1 com.migal.android.MigalView.onTouchEvent(true)
I/org.umd.logging(14731): Method > 1318 com.migal.android.MigalView$1.run(com.migal.android.MigalView$1@633517366)
I/org.umd.logging(14731): Method < 1318 com.migal.android.MigalView$1.run()
E/Cataloger( 5092): syncFile:/storage/emulated/0/2016-12-06_03:53:12.600.jpg
I/org.umd.logging(14731): Api > 1481 android.net.ConnectivityManager.getActiveNetworkInfo(android.net.ConnectivityManager@172529315)
I/org.umd.logging(14731): Api < 1481 android.net.ConnectivityManager.getActiveNetworkInfo(android.net.NetworkInfo@81906743)
I/org.umd.logging(14731): Api > 1481 android.net.ConnectivityManager.getActiveNetworkInfo(android.net.ConnectivityManager@172529315)
I/org.umd.logging(14731): Api < 1481 android.net.ConnectivityManager.getActiveNetworkInfo(android.net.NetworkInfo@166127012)
I/art     (14731): Background partial concurrent mark sweep GC freed 4920(285KB) AllocSpace objects, 5(15MB) LOS objects, 33% free, 31MB/47MB, paused 2.746ms total 110.788ms
I/org.umd.logging(14731): Method > 1 com.migal.android.MigalView.onTouchEvent(com.migal.android.MigalView@191329657<file=2016-12-06_03:53:12.600><x=0><y=0><width=768><height=1280><id=2131558495><imagename=migal_view>, android.view.MotionEvent@682716203)
E/Cataloger( 5092): syncFile:/storage/emulated/0/2016-12-06_03:53:12.600.jpg
I/org.umd.logging(14731): Method < 1 com.migal.android.MigalView.onTouchEvent(true)
I/org.umd.logging(14731): Method > 1318 com.migal.android.MigalView$1.run(com.migal.android.MigalView$1@304082701)
I/org.umd.logging(14731): Method < 1318 com.migal.android.MigalView$1.run()
E/Cataloger( 5092): syncFile:/storage/emulated/0/2016-12-06_03:53:12.748.jpg
I/org.umd.logging(11423): Method > 1 com.cleanmaster.base.crash.util.debug.b.run(com.cleanmaster.base.crash.util.debug.b@614779553)
I/org.umd.logging(11423): Method < 1 com.cleanmaster.base.crash.util.debug.b.run()
I/org.umd.logging(14731): Method > 1 com.migal.android.MigalView.onTouchEvent(com.migal.android.MigalView@191329657<file=2016-12-06_03:53:12.748><x=0><y=0><width=768><height=1280><id=2131558495><imagename=migal_view>, android.view.MotionEvent@682716203)
E/Cataloger( 5092): syncFile:/storage/emulated/0/2016-12-06_03:53:12.748.jpg
I/org.umd.logging(14731): Method < 1 com.migal.android.MigalView.onTouchEvent(true)
I/org.umd.logging(14731): Method > 1318 com.migal.android.MigalView$1.run(com.migal.android.MigalView$1@595390146)
I/org.umd.logging(14731): Method < 1318 com.migal.android.MigalView$1.run()
W/ActivityManager(  591): Permission Denial: Accessing service ComponentInfo{com.google.android.music/com.google.android.music.dial.DialMediaRouteProviderService} from pid=29969, uid=10125 that is not exported from uid 10063
I/org.umd.logging(14731): Api > 1481 android.net.ConnectivityManager.getActiveNetworkInfo(android.net.ConnectivityManager@172529315)
I/org.umd.logging(14731): Api < 1481 android.net.ConnectivityManager.getActiveNetworkInfo(android.net.NetworkInfo@419230931)
I/org.umd.logging(14731): Api > 1481 android.net.ConnectivityManager.getActiveNetworkInfo(android.net.ConnectivityManager@172529315)
I/org.umd.logging(14731): Api < 1481 android.net.ConnectivityManager.getActiveNetworkInfo(android.net.NetworkInfo@612284432)
