E/Cataloger( 5092): syncFile:/storage/emulated/0/2016-12-06_03:53:20.075.jpg
I/org.umd.logging(14731): Method > 1318 com.migal.android.MigalView$1.run(com.migal.android.MigalView$1@988715505)
I/org.umd.logging(14731): Method < 1318 com.migal.android.MigalView$1.run()
I/MigalActivity(14731): trackScreen GameEndless Classic 0
I/MigalActivity(14731): builder: com.google.android.gms.analytics.HitBuilders$ScreenViewBuilder@be529d6
I/MIGAL   (14731): File_Load(1209, 0x0), size 96
I/MIGAL   (14731): => 0xb92d66c8
I/MIGAL   (14731): Load file 1209: SPR_OBSTACLES1_MEDIUMCIRCLE_CIRCLE
I/MIGAL   (14731): Loading texture TEX_POPUP (56799 bytes)
I/MIGAL   (14731): Loading file
I/MIGAL   (14731): File_Load(31, 0x0), size 56799
I/MIGAL   (14731): => 0xb947bd80
I/MIGAL   (14731): File_Load(31, 0xb947bd80)
I/MIGAL   (14731): Load file 031: TEX_POPUP
I/MIGAL   (14731): Loading file 031, 56799B, from offset 2937808
I/MIGAL   (14731): Decompressing file...
I/MIGAL   (14731): LZ77_Decompress
I/org.umd.logging(14731): Api > 1481 android.net.ConnectivityManager.getActiveNetworkInfo(android.net.ConnectivityManager@172529315)
I/org.umd.logging(14731): Api < 1481 android.net.ConnectivityManager.getActiveNetworkInfo(android.net.NetworkInfo@349582423)
I/org.umd.logging(14731): Api > 1481 android.net.ConnectivityManager.getActiveNetworkInfo(android.net.ConnectivityManager@172529315)
I/org.umd.logging(14731): Api < 1481 android.net.ConnectivityManager.getActiveNetworkInfo(android.net.NetworkInfo@896596804)
I/MIGAL   (14731):  => OK !
I/MIGAL   (14731): Loading Texture 31 - TEX_POPUP : 512x1024, type 0, filter on...
I/MIGAL   (14731): Loaded Texture 31 - TEX_POPUP => 40960kB
I/MIGAL   (14731): Tex_Load OK!
E/Cataloger( 5092): syncFile:/storage/emulated/0/2016-12-06_03:53:20.237.jpg
I/org.umd.logging(14731): Method > 1 com.migal.android.MigalView.onTouchEvent(com.migal.android.MigalView@191329657<file=2016-12-06_03:53:20.237><x=0><y=0><width=768><height=1280><id=2131558495><imagename=migal_view>, android.view.MotionEvent@682716203)
E/Cataloger( 5092): syncFile:/storage/emulated/0/2016-12-06_03:53:20.237.jpg
I/org.umd.logging(14731): Method < 1 com.migal.android.MigalView.onTouchEvent(true)
I/InputDispatcher(  591): Window 'Window{73b75c9 u0 com.fortafygames.colorswitch/com.migal.android.MigalActivity}' spent 2295.1ms processing the last input event: MotionEvent(deviceId=6, source=0x00001002, action=1, flags=0x00000000, metaState=0x00000000, buttonState=0x00000000, edgeFlags=0x00000000, xPrecision=2.0, yPrecision=2.0, displayId=0, pointers=[0: (400.5, 876.0)]), policyFlags=0x62000000
I/org.umd.logging(14731): Method > 1318 com.migal.android.MigalView$1.run(com.migal.android.MigalView$1@138535981)
I/org.umd.logging(14731): Method < 1318 com.migal.android.MigalView$1.run()
I/DownloadManagerWrapper(  985): onReceive() : Charging = true
I/DownloadManagerWrapper(  985): onReceive() : Charging = true
E/Cataloger( 5092): syncFile:/storage/emulated/0/2016-12-06_03:53:20.407.jpg
I/org.umd.logging(14731): Method > 1 com.migal.android.MigalView.onTouchEvent(com.migal.android.MigalView@191329657<file=2016-12-06_03:53:20.407><x=0><y=0><width=768><height=1280><id=2131558495><imagename=migal_view>, android.view.MotionEvent@682716203)
I/org.umd.logging(14731): Method < 1 com.migal.android.MigalView.onTouchEvent(true)
I/InputDispatcher(  591): Window 'Window{73b75c9 u0 com.fortafygames.colorswitch/com.migal.android.MigalActivity}' spent 2323.3ms processing the last input event: MotionEvent(deviceId=6, source=0x00001002, action=0, flags=0x00000000, metaState=0x00000000, buttonState=0x00000000, edgeFlags=0x00000000, xPrecision=2.0, yPrecision=2.0, displayId=0, pointers=[0: (400.0, 861.5)]), policyFlags=0x62000000
E/Cataloger( 5092): syncFile:/storage/emulated/0/2016-12-06_03:53:20.407.jpg
I/org.umd.logging(14731): Method > 1318 com.migal.android.MigalView$1.run(com.migal.android.MigalView$1@1063390562)
I/org.umd.logging(14731): Method < 1318 com.migal.android.MigalView$1.run()
E/Cataloger( 5092): syncFile:/storage/emulated/0/2016-12-06_03:53:20.569.jpg
I/org.umd.logging(14731): Method > 1 com.migal.android.MigalView.onTouchEvent(com.migal.android.MigalView@191329657<file=2016-12-06_03:53:20.569><x=0><y=0><width=768><height=1280><id=2131558495><imagename=migal_view>, android.view.MotionEvent@682716203)
E/Cataloger( 5092): syncFile:/storage/emulated/0/2016-12-06_03:53:20.569.jpg
I/org.umd.logging(14731): Method < 1 com.migal.android.MigalView.onTouchEvent(true)
I/InputDispatcher(  591): Window 'Window{73b75c9 u0 com.fortafygames.colorswitch/com.migal.android.MigalActivity}' spent 2466.9ms processing the last input event: MotionEvent(deviceId=6, source=0x00001002, action=2, flags=0x00000000, metaState=0x00000000, buttonState=0x00000000, edgeFlags=0x00000000, xPrecision=2.0, yPrecision=2.0, displayId=0, pointers=[0: (400.0, 861.0)]), policyFlags=0x62000000
I/org.umd.logging(14731): Method > 1318 com.migal.android.MigalView$1.run(com.migal.android.MigalView$1@413122291)
I/org.umd.logging(14731): Method < 1318 com.migal.android.MigalView$1.run()
E/Cataloger( 5092): syncFile:/storage/emulated/0/2016-12-06_03:53:20.722.jpg
I/org.umd.logging(14731): Method > 1332 com.heyzap.common.concurrency.FutureUtils$3.run(com.heyzap.common.concurrency.FutureUtils$3@186943408)
I/org.umd.logging(14731): Method < 1332 com.heyzap.common.concurrency.FutureUtils$3.run()
I/org.umd.logging(14731): Method > 1 com.migal.android.MigalView.onTouchEvent(com.migal.android.MigalView@191329657<file=2016-12-06_03:53:20.722><x=0><y=0><width=768><height=1280><id=2131558495><imagename=migal_view>, android.view.MotionEvent@682716203)
I/org.umd.logging(14731): Method < 1 com.migal.android.MigalView.onTouchEvent(true)
I/Choreographer(14731): Skipped 347 frames!  The application may be doing too much work on its main thread.
I/InputDispatcher(  591): Window 'Window{73b75c9 u0 com.fortafygames.colorswitch/com.migal.android.MigalActivity}' spent 2587.4ms processing the last input event: MotionEvent(deviceId=6, source=0x00001002, action=1, flags=0x00000000, metaState=0x00000000, buttonState=0x00000000, edgeFlags=0x00000000, xPrecision=2.0, yPrecision=2.0, displayId=0, pointers=[0: (400.0, 861.0)]), policyFlags=0x62000000
I/org.umd.logging(14731): Method > 1318 com.migal.android.MigalView$1.run(com.migal.android.MigalView$1@33920553)
I/org.umd.logging(14731): Method < 1318 com.migal.android.MigalView$1.run()
E/Cataloger( 5092): syncFile:/storage/emulated/0/2016-12-06_03:53:20.722.jpg
E/Cataloger( 5092): syncFile:/storage/emulated/0/2016-12-06_03:53:20.891.jpg
I/org.umd.logging(11423): Method > 1231 com.a.a.a.a.d.run(com.a.a.a.a.d@694773220)
I/org.umd.logging(11423): Method > 1231 com.a.a.a.d.o.run(com.a.a.a.d.o@967444738)
I/org.umd.logging(11423): Api > 1231 android.net.ConnectivityManager.getActiveNetworkInfo(android.net.ConnectivityManager@517246612)
I/org.umd.logging(11423): Api < 1231 android.net.ConnectivityManager.getActiveNetworkInfo(android.net.NetworkInfo@502877295)
I/org.umd.logging(11423): Method < 1231 com.a.a.a.d.o.run()
I/org.umd.logging(11423): Method < 1231 com.a.a.a.a.d.run()
I/org.umd.logging(14731): Method > 1 com.migal.android.MigalView.onTouchEvent(com.migal.android.MigalView@191329657<file=2016-12-06_03:53:20.891><x=0><y=0><width=768><height=1280><id=2131558495><imagename=migal_view>, android.view.MotionEvent@682716203)
E/Cataloger( 5092): syncFile:/storage/emulated/0/2016-12-06_03:53:20.891.jpg
I/org.umd.logging(14731): Method < 1 com.migal.android.MigalView.onTouchEvent(true)
I/org.umd.logging(14731): Method > 1318 com.migal.android.MigalView$1.run(com.migal.android.MigalView$1@483892654)
I/org.umd.logging(14731): Method < 1318 com.migal.android.MigalView$1.run()
E/Cataloger( 5092): syncFile:/storage/emulated/0/2016-12-06_03:53:21.068.jpg
I/org.umd.logging(14731): Method > 1 com.migal.android.MigalView.onTouchEvent(com.migal.android.MigalView@191329657<file=2016-12-06_03:53:21.068><x=0><y=0><width=768><height=1280><id=2131558495><imagename=migal_view>, android.view.MotionEvent@682716203)
I/org.umd.logging(14731): Method < 1 com.migal.android.MigalView.onTouchEvent(true)
E/Cataloger( 5092): syncFile:/storage/emulated/0/2016-12-06_03:53:21.068.jpg
I/org.umd.logging(14731): Method > 1318 com.migal.android.MigalView$1.run(com.migal.android.MigalView$1@476927823)
I/org.umd.logging(14731): Method < 1318 com.migal.android.MigalView$1.run()
E/Cataloger( 5092): syncFile:/storage/emulated/0/2016-12-06_03:53:21.261.jpg
I/org.umd.logging(14731): Method > 1 com.migal.android.MigalView.onTouchEvent(com.migal.android.MigalView@191329657<file=2016-12-06_03:53:21.261><x=0><y=0><width=768><height=1280><id=2131558495><imagename=migal_view>, android.view.MotionEvent@682716203)
I/org.umd.logging(14731): Method > 1318 com.migal.android.MigalView$1.run(com.migal.android.MigalView$1@21130972)
I/org.umd.logging(14731): Method < 1 com.migal.android.MigalView.onTouchEvent(true)
I/org.umd.logging(14731): Method < 1318 com.migal.android.MigalView$1.run()
E/Cataloger( 5092): syncFile:/storage/emulated/0/2016-12-06_03:53:21.261.jpg
E/Cataloger( 5092): syncFile:/storage/emulated/0/2016-12-06_03:53:21.448.jpg
I/org.umd.logging(14731): Method > 1 com.migal.android.MigalView.onTouchEvent(com.migal.android.MigalView@191329657<file=2016-12-06_03:53:21.448><x=0><y=0><width=768><height=1280><id=2131558495><imagename=migal_view>, android.view.MotionEvent@682716203)
I/org.umd.logging(14731): Method < 1 com.migal.android.MigalView.onTouchEvent(true)
E/Cataloger( 5092): syncFile:/storage/emulated/0/2016-12-06_03:53:21.448.jpg
I/org.umd.logging(14731): Method > 1318 com.migal.android.MigalView$1.run(com.migal.android.MigalView$1@557345765)
I/org.umd.logging(14731): Method < 1318 com.migal.android.MigalView$1.run()
E/Cataloger( 5092): syncFile:/storage/emulated/0/2016-12-06_03:53:21.678.jpg
I/org.umd.logging(14731): Method > 1 com.migal.android.MigalView.onTouchEvent(com.migal.android.MigalView@191329657<file=2016-12-06_03:53:21.678><x=0><y=0><width=768><height=1280><id=2131558495><imagename=migal_view>, android.view.MotionEvent@682716203)
I/org.umd.logging(14731): Method < 1 com.migal.android.MigalView.onTouchEvent(true)
E/Cataloger( 5092): syncFile:/storage/emulated/0/2016-12-06_03:53:21.678.jpg
I/org.umd.logging(14731): Method > 1318 com.migal.android.MigalView$1.run(com.migal.android.MigalView$1@772007610)
I/org.umd.logging(14731): Method < 1318 com.migal.android.MigalView$1.run()
E/Cataloger( 5092): syncFile:/storage/emulated/0/2016-12-06_03:53:21.906.jpg
I/org.umd.logging(14731): Method > 1 com.migal.android.MigalView.onTouchEvent(com.migal.android.MigalView@191329657<file=2016-12-06_03:53:21.906><x=0><y=0><width=768><height=1280><id=2131558495><imagename=migal_view>, android.view.MotionEvent@682716203)
I/org.umd.logging(14731): Method < 1 com.migal.android.MigalView.onTouchEvent(true)
E/Cataloger( 5092): syncFile:/storage/emulated/0/2016-12-06_03:53:21.906.jpg
I/org.umd.logging(14731): Method > 1318 com.migal.android.MigalView$1.run(com.migal.android.MigalView$1@902961515)
I/org.umd.logging(14731): Method < 1318 com.migal.android.MigalView$1.run()
E/Cataloger( 5092): syncFile:/storage/emulated/0/2016-12-06_03:53:22.159.jpg
I/org.umd.logging(14731): Api > 1481 android.net.ConnectivityManager.getActiveNetworkInfo(android.net.ConnectivityManager@172529315)
I/org.umd.logging(14731): Api < 1481 android.net.ConnectivityManager.getActiveNetworkInfo(android.net.NetworkInfo@32873672)
I/org.umd.logging(14731): Api > 1481 android.net.ConnectivityManager.getActiveNetworkInfo(android.net.ConnectivityManager@172529315)
I/org.umd.logging(14731): Api < 1481 android.net.ConnectivityManager.getActiveNetworkInfo(android.net.NetworkInfo@906551649)
I/org.umd.logging(14731): Method > 1 com.migal.android.MigalView.onTouchEvent(com.migal.android.MigalView@191329657<file=2016-12-06_03:53:22.159><x=0><y=0><width=768><height=1280><id=2131558495><imagename=migal_view>, android.view.MotionEvent@682716203)
I/org.umd.logging(14731): Method < 1 com.migal.android.MigalView.onTouchEvent(true)
E/Cataloger( 5092): syncFile:/storage/emulated/0/2016-12-06_03:53:22.159.jpg
I/org.umd.logging(14731): Method > 1318 com.migal.android.MigalView$1.run(com.migal.android.MigalView$1@679064710)
I/org.umd.logging(14731): Method < 1318 com.migal.android.MigalView$1.run()
E/Cataloger( 5092): syncFile:/storage/emulated/0/2016-12-06_03:53:22.338.jpg
I/org.umd.logging(14731): Method > 1 com.migal.android.MigalView.onTouchEvent(com.migal.android.MigalView@191329657<file=2016-12-06_03:53:22.338><x=0><y=0><width=768><height=1280><id=2131558495><imagename=migal_view>, android.view.MotionEvent@682716203)
I/org.umd.logging(14731): Method < 1 com.migal.android.MigalView.onTouchEvent(true)
E/Cataloger( 5092): syncFile:/storage/emulated/0/2016-12-06_03:53:22.338.jpg
I/org.umd.logging(14731): Method > 1318 com.migal.android.MigalView$1.run(com.migal.android.MigalView$1@913760583)
I/org.umd.logging(14731): Method < 1318 com.migal.android.MigalView$1.run()
E/Cataloger( 5092): syncFile:/storage/emulated/0/2016-12-06_03:53:22.504.jpg
I/org.umd.logging(14731): Method > 1 com.migal.android.MigalView.onTouchEvent(com.migal.android.MigalView@191329657<file=2016-12-06_03:53:22.504><x=0><y=0><width=768><height=1280><id=2131558495><imagename=migal_view>, android.view.MotionEvent@682716203)
I/org.umd.logging(14731): Method < 1 com.migal.android.MigalView.onTouchEvent(true)
E/Cataloger( 5092): syncFile:/storage/emulated/0/2016-12-06_03:53:22.504.jpg
I/org.umd.logging(14731): Method > 1318 com.migal.android.MigalView$1.run(com.migal.android.MigalView$1@757841268)
I/org.umd.logging(14731): Method < 1318 com.migal.android.MigalView$1.run()
E/Cataloger( 5092): syncFile:/storage/emulated/0/2016-12-06_03:53:22.658.jpg
I/org.umd.logging(14731): Method > 1 com.migal.android.MigalView.onTouchEvent(com.migal.android.MigalView@191329657<file=2016-12-06_03:53:22.658><x=0><y=0><width=768><height=1280><id=2131558495><imagename=migal_view>, android.view.MotionEvent@682716203)
I/org.umd.logging(14731): Method < 1 com.migal.android.MigalView.onTouchEvent(true)
E/Cataloger( 5092): syncFile:/storage/emulated/0/2016-12-06_03:53:22.658.jpg
I/org.umd.logging(14731): Method > 1318 com.migal.android.MigalView$1.run(com.migal.android.MigalView$1@185676445)
I/org.umd.logging(14731): Method < 1318 com.migal.android.MigalView$1.run()
E/Cataloger( 5092): syncFile:/storage/emulated/0/2016-12-06_03:53:22.807.jpg
I/org.umd.logging(11423): Method > 1 com.cleanmaster.base.crash.util.debug.b.run(com.cleanmaster.base.crash.util.debug.b@614779553)
I/org.umd.logging(11423): Method < 1 com.cleanmaster.base.crash.util.debug.b.run()
I/org.umd.logging(14731): Method > 1 com.migal.android.MigalView.onTouchEvent(com.migal.android.MigalView@191329657<file=2016-12-06_03:53:22.807><x=0><y=0><width=768><height=1280><id=2131558495><imagename=migal_view>, android.view.MotionEvent@682716203)
I/org.umd.logging(14731): Method < 1 com.migal.android.MigalView.onTouchEvent(true)
E/Cataloger( 5092): syncFile:/storage/emulated/0/2016-12-06_03:53:22.807.jpg
I/InputDispatcher(  591): Window 'Window{73b75c9 u0 com.fortafygames.colorswitch/com.migal.android.MigalActivity}' spent 2074.2ms processing the last input event: MotionEvent(deviceId=6, source=0x00001002, action=0, flags=0x00000000, metaState=0x00000000, buttonState=0x00000000, edgeFlags=0x00000000, xPrecision=2.0, yPrecision=2.0, displayId=0, pointers=[0: (383.5, 858.5)]), policyFlags=0x62000000
I/org.umd.logging(14731): Method > 1318 com.migal.android.MigalView$1.run(com.migal.android.MigalView$1@908890898)
I/org.umd.logging(14731): Method < 1318 com.migal.android.MigalView$1.run()
E/Cataloger( 5092): syncFile:/storage/emulated/0/2016-12-06_03:53:22.959.jpg
I/org.umd.logging(14731): Method > 1 com.migal.android.MigalView.onTouchEvent(com.migal.android.MigalView@191329657<file=2016-12-06_03:53:22.959><x=0><y=0><width=768><height=1280><id=2131558495><imagename=migal_view>, android.view.MotionEvent@682716203)
I/org.umd.logging(14731): Method < 1 com.migal.android.MigalView.onTouchEvent(true)
E/Cataloger( 5092): syncFile:/storage/emulated/0/2016-12-06_03:53:22.959.jpg
I/InputDispatcher(  591): Window 'Window{73b75c9 u0 com.fortafygames.colorswitch/com.migal.android.MigalActivity}' spent 2275.1ms processing the last input event: MotionEvent(deviceId=6, source=0x00001002, action=2, flags=0x00000000, metaState=0x00000000, buttonState=0x00000000, edgeFlags=0x00000000, xPrecision=2.0, yPrecision=2.0, displayId=0, pointers=[0: (382.0, 857.5)]), policyFlags=0x62000000
I/org.umd.logging(14731): Method > 1318 com.migal.android.MigalView$1.run(com.migal.android.MigalView$1@934693603)
I/org.umd.logging(14731): Method < 1318 com.migal.android.MigalView$1.run()
E/Cataloger( 5092): syncFile:/storage/emulated/0/2016-12-06_03:53:23.160.jpg
I/art     (14731): WaitForGcToComplete blocked for 18.098ms for cause HeapTrim
I/org.umd.logging(14731): Method > 1 com.migal.android.MigalView.onTouchEvent(com.migal.android.MigalView@191329657<file=2016-12-06_03:53:23.160><x=0><y=0><width=768><height=1280><id=2131558495><imagename=migal_view>, android.view.MotionEvent@682716203)
E/Cataloger( 5092): syncFile:/storage/emulated/0/2016-12-06_03:53:23.160.jpg
I/org.umd.logging(14731): Method < 1 com.migal.android.MigalView.onTouchEvent(true)
I/InputDispatcher(  591): Window 'Window{73b75c9 u0 com.fortafygames.colorswitch/com.migal.android.MigalActivity}' spent 2426.5ms processing the last input event: MotionEvent(deviceId=6, source=0x00001002, action=1, flags=0x00000000, metaState=0x00000000, buttonState=0x00000000, edgeFlags=0x00000000, xPrecision=2.0, yPrecision=2.0, displayId=0, pointers=[0: (382.0, 857.5)]), policyFlags=0x62000000
I/org.umd.logging(14731): Method > 1318 com.migal.android.MigalView$1.run(com.migal.android.MigalView$1@302071008)
I/org.umd.logging(14731): Method < 1318 com.migal.android.MigalView$1.run()
E/Cataloger( 5092): syncFile:/storage/emulated/0/2016-12-06_03:53:23.311.jpg
I/org.umd.logging(14731): Method > 1 com.migal.android.MigalView.onTouchEvent(com.migal.android.MigalView@191329657<file=2016-12-06_03:53:23.311><x=0><y=0><width=768><height=1280><id=2131558495><imagename=migal_view>, android.view.MotionEvent@682716203)
I/org.umd.logging(14731): Method < 1 com.migal.android.MigalView.onTouchEvent(true)
E/Cataloger( 5092): syncFile:/storage/emulated/0/2016-12-06_03:53:23.311.jpg
I/InputDispatcher(  591): Window 'Window{73b75c9 u0 com.fortafygames.colorswitch/com.migal.android.MigalActivity}' spent 2591.4ms processing the last input event: MotionEvent(deviceId=6, source=0x00001002, action=0, flags=0x00000000, metaState=0x00000000, buttonState=0x00000000, edgeFlags=0x00000000, xPrecision=2.0, yPrecision=2.0, displayId=0, pointers=[0: (382.5, 856.0)]), policyFlags=0x62000000
I/org.umd.logging(14731): Method > 1318 com.migal.android.MigalView$1.run(com.migal.android.MigalView$1@5462937)
I/org.umd.logging(14731): Method < 1318 com.migal.android.MigalView$1.run()
E/Cataloger( 5092): syncFile:/storage/emulated/0/2016-12-06_03:53:23.476.jpg
I/org.umd.logging(14731): Method > 1330 com.heyzap.common.concurrency.FutureUtils$3.run(com.heyzap.common.concurrency.FutureUtils$3@985452126)
I/org.umd.logging(14731): Method < 1330 com.heyzap.common.concurrency.FutureUtils$3.run()
I/org.umd.logging(14731): Method > 1 com.migal.android.MigalView.onTouchEvent(com.migal.android.MigalView@191329657<file=2016-12-06_03:53:23.476><x=0><y=0><width=768><height=1280><id=2131558495><imagename=migal_view>, android.view.MotionEvent@682716203)
I/org.umd.logging(14731): Method < 1 com.migal.android.MigalView.onTouchEvent(true)
I/InputDispatcher(  591): Window 'Window{73b75c9 u0 com.fortafygames.colorswitch/com.migal.android.MigalActivity}' spent 2810.9ms processing the last input event: MotionEvent(deviceId=6, source=0x00001002, action=2, flags=0x00000000, metaState=0x00000000, buttonState=0x00000000, edgeFlags=0x00000000, xPrecision=2.0, yPrecision=2.0, displayId=0, pointers=[0: (382.5, 854.0)]), policyFlags=0x62000000
E/Cataloger( 5092): syncFile:/storage/emulated/0/2016-12-06_03:53:23.476.jpg
I/org.umd.logging(14731): Method > 1318 com.migal.android.MigalView$1.run(com.migal.android.MigalView$1@66630207)
I/org.umd.logging(14731): Method < 1318 com.migal.android.MigalView$1.run()
E/Cataloger( 5092): syncFile:/storage/emulated/0/2016-12-06_03:53:23.696.jpg
I/org.umd.logging(14731): Method > 1 com.migal.android.MigalView.onTouchEvent(com.migal.android.MigalView@191329657<file=2016-12-06_03:53:23.696><x=0><y=0><width=768><height=1280><id=2131558495><imagename=migal_view>, android.view.MotionEvent@682716203)
I/org.umd.logging(14731): Method < 1 com.migal.android.MigalView.onTouchEvent(true)
I/InputDispatcher(  591): Window 'Window{73b75c9 u0 com.fortafygames.colorswitch/com.migal.android.MigalActivity}' spent 2973.5ms processing the last input event: MotionEvent(deviceId=6, source=0x00001002, action=1, flags=0x00000000, metaState=0x00000000, buttonState=0x00000000, edgeFlags=0x00000000, xPrecision=2.0, yPrecision=2.0, displayId=0, pointers=[0: (382.5, 854.0)]), policyFlags=0x62000000
E/Cataloger( 5092): syncFile:/storage/emulated/0/2016-12-06_03:53:23.696.jpg
I/org.umd.logging(14731): Method > 1318 com.migal.android.MigalView$1.run(com.migal.android.MigalView$1@317540108)
I/org.umd.logging(14731): Method < 1318 com.migal.android.MigalView$1.run()
E/Cataloger( 5092): syncFile:/storage/emulated/0/2016-12-06_03:53:23.858.jpg
I/org.umd.logging(14731): Method > 1 com.migal.android.MigalView.onTouchEvent(com.migal.android.MigalView@191329657<file=2016-12-06_03:53:23.858><x=0><y=0><width=768><height=1280><id=2131558495><imagename=migal_view>, android.view.MotionEvent@682716203)
I/org.umd.logging(14731): Method < 1 com.migal.android.MigalView.onTouchEvent(true)
E/Cataloger( 5092): syncFile:/storage/emulated/0/2016-12-06_03:53:23.858.jpg
I/InputDispatcher(  591): Window 'Window{73b75c9 u0 com.fortafygames.colorswitch/com.migal.android.MigalActivity}' spent 3170.9ms processing the last input event: MotionEvent(deviceId=6, source=0x00001002, action=0, flags=0x00000000, metaState=0x00000000, buttonState=0x00000000, edgeFlags=0x00000000, xPrecision=2.0, yPrecision=2.0, displayId=0, pointers=[0: (382.0, 855.0)]), policyFlags=0x62000000
I/org.umd.logging(14731): Method > 1318 com.migal.android.MigalView$1.run(com.migal.android.MigalView$1@435492949)
I/org.umd.logging(14731): Method < 1318 com.migal.android.MigalView$1.run()
E/Cataloger( 5092): syncFile:/storage/emulated/0/2016-12-06_03:53:24.058.jpg
I/org.umd.logging(14731): Api > 1481 android.net.ConnectivityManager.getActiveNetworkInfo(android.net.ConnectivityManager@172529315)
I/org.umd.logging(14731): Api < 1481 android.net.ConnectivityManager.getActiveNetworkInfo(android.net.NetworkInfo@562262634)
I/org.umd.logging(14731): Api > 1481 android.net.ConnectivityManager.getActiveNetworkInfo(android.net.ConnectivityManager@172529315)
I/org.umd.logging(14731): Api < 1481 android.net.ConnectivityManager.getActiveNetworkInfo(android.net.NetworkInfo@969945947)
I/org.umd.logging(14731): Method > 1 com.migal.android.MigalView.onTouchEvent(com.migal.android.MigalView@191329657<file=2016-12-06_03:53:24.058><x=0><y=0><width=768><height=1280><id=2131558495><imagename=migal_view>, android.view.MotionEvent@682716203)
I/org.umd.logging(14731): Method < 1 com.migal.android.MigalView.onTouchEvent(true)
E/Cataloger( 5092): syncFile:/storage/emulated/0/2016-12-06_03:53:24.058.jpg
I/InputDispatcher(  591): Window 'Window{73b75c9 u0 com.fortafygames.colorswitch/com.migal.android.MigalActivity}' spent 3401.2ms processing the last input event: MotionEvent(deviceId=6, source=0x00001002, action=2, flags=0x00000000, metaState=0x00000000, buttonState=0x00000000, edgeFlags=0x00000000, xPrecision=2.0, yPrecision=2.0, displayId=0, pointers=[0: (382.0, 854.0)]), policyFlags=0x62000000
I/org.umd.logging(14731): Method > 1318 com.migal.android.MigalView$1.run(com.migal.android.MigalView$1@548259832)
I/org.umd.logging(14731): Method < 1318 com.migal.android.MigalView$1.run()
E/Cataloger( 5092): syncFile:/storage/emulated/0/2016-12-06_03:53:24.288.jpg
D/ThermalDaemon(  194): Sensor 'tsens_tz_sensor10' - alarm cleared 1 at 55.0 degC
D/ThermalDaemon(  194): Sensor 'tsens_tz_sensor5' - alarm cleared 1 at 56.0 degC
I/org.umd.logging(14731): Method > 1 com.migal.android.MigalView.onTouchEvent(com.migal.android.MigalView@191329657<file=2016-12-06_03:53:24.288><x=0><y=0><width=768><height=1280><id=2131558495><imagename=migal_view>, android.view.MotionEvent@682716203)
I/org.umd.logging(14731): Method < 1 com.migal.android.MigalView.onTouchEvent(true)
E/Cataloger( 5092): syncFile:/storage/emulated/0/2016-12-06_03:53:24.288.jpg
I/InputDispatcher(  591): Window 'Window{73b75c9 u0 com.fortafygames.colorswitch/com.migal.android.MigalActivity}' spent 3589.5ms processing the last input event: MotionEvent(deviceId=6, source=0x00001002, action=1, flags=0x00000000, metaState=0x00000000, buttonState=0x00000000, edgeFlags=0x00000000, xPrecision=2.0, yPrecision=2.0, displayId=0, pointers=[0: (382.0, 854.0)]), policyFlags=0x62000000
I/org.umd.logging(14731): Method > 1318 com.migal.android.MigalView$1.run(com.migal.android.MigalView$1@1052501201)
I/org.umd.logging(14731): Method < 1318 com.migal.android.MigalView$1.run()
E/Cataloger( 5092): syncFile:/storage/emulated/0/2016-12-06_03:53:24.477.jpg
I/org.umd.logging(14731): Method > 1 com.migal.android.MigalView.onTouchEvent(com.migal.android.MigalView@191329657<file=2016-12-06_03:53:24.477><x=0><y=0><width=768><height=1280><id=2131558495><imagename=migal_view>, android.view.MotionEvent@682716203)
I/org.umd.logging(14731): Method < 1 com.migal.android.MigalView.onTouchEvent(true)
E/Cataloger( 5092): syncFile:/storage/emulated/0/2016-12-06_03:53:24.477.jpg
I/InputDispatcher(  591): Window 'Window{73b75c9 u0 com.fortafygames.colorswitch/com.migal.android.MigalActivity}' spent 3782.7ms processing the last input event: MotionEvent(deviceId=6, source=0x00001002, action=0, flags=0x00000000, metaState=0x00000000, buttonState=0x00000000, edgeFlags=0x00000000, xPrecision=2.0, yPrecision=2.0, displayId=0, pointers=[0: (382.0, 849.0)]), policyFlags=0x62000000
I/org.umd.logging(14731): Method > 1318 com.migal.android.MigalView$1.run(com.migal.android.MigalView$1@6179638)
I/org.umd.logging(14731): Method < 1318 com.migal.android.MigalView$1.run()
I/MIGAL   (14731): Submit score 0 to 1
I/org.umd.logging(14731): Api > 1318 android.net.ConnectivityManager.getActiveNetworkInfo(android.net.ConnectivityManager@172529315)
I/org.umd.logging(14731): Api < 1318 android.net.ConnectivityManager.getActiveNetworkInfo(android.net.NetworkInfo@575208717)
E/Cataloger( 5092): syncFile:/storage/emulated/0/2016-12-06_03:53:24.671.jpg
I/org.umd.logging(14731): Method > 1 com.migal.android.MigalView.onTouchEvent(com.migal.android.MigalView@191329657<file=2016-12-06_03:53:24.671><x=0><y=0><width=768><height=1280><id=2131558495><imagename=migal_view>, android.view.MotionEvent@682716203)
E/Cataloger( 5092): syncFile:/storage/emulated/0/2016-12-06_03:53:24.671.jpg
I/org.umd.logging(14731): Method < 1 com.migal.android.MigalView.onTouchEvent(true)
I/InputDispatcher(  591): Window 'Window{73b75c9 u0 com.fortafygames.colorswitch/com.migal.android.MigalActivity}' spent 3969.7ms processing the last input event: MotionEvent(deviceId=6, source=0x00001002, action=2, flags=0x00000000, metaState=0x00000000, buttonState=0x00000000, edgeFlags=0x00000000, xPrecision=2.0, yPrecision=2.0, displayId=0, pointers=[0: (380.5, 847.0)]), policyFlags=0x62000000
I/org.umd.logging(14731): Method > 1318 com.migal.android.MigalView$1.run(com.migal.android.MigalView$1@456910018)
I/org.umd.logging(14731): Method < 1318 com.migal.android.MigalView$1.run()
E/Cataloger( 5092): syncFile:/storage/emulated/0/2016-12-06_03:53:24.857.jpg
I/org.umd.logging(14731): Method > 1 com.migal.android.MigalView.onTouchEvent(com.migal.android.MigalView@191329657<file=2016-12-06_03:53:24.857><x=0><y=0><width=768><height=1280><id=2131558495><imagename=migal_view>, android.view.MotionEvent@682716203)
I/org.umd.logging(14731): Method < 1 com.migal.android.MigalView.onTouchEvent(true)
I/InputDispatcher(  591): Window 'Window{73b75c9 u0 com.fortafygames.colorswitch/com.migal.android.MigalActivity}' spent 4112.2ms processing the last input event: MotionEvent(deviceId=6, source=0x00001002, action=1, flags=0x00000000, metaState=0x00000000, buttonState=0x00000000, edgeFlags=0x00000000, xPrecision=2.0, yPrecision=2.0, displayId=0, pointers=[0: (380.5, 847.0)]), policyFlags=0x62000000
I/org.umd.logging(14731): Method > 1318 com.migal.android.MigalView$1.run(com.migal.android.MigalView$1@138392275)
I/org.umd.logging(14731): Method < 1318 com.migal.android.MigalView$1.run()
E/Cataloger( 5092): syncFile:/storage/emulated/0/2016-12-06_03:53:24.857.jpg
I/MIGAL   (14731): TotalTexSize: 38912kB
I/MigalActivity(14731): trackScreen GameoverEndless null 0
I/MigalActivity(14731): builder: com.google.android.gms.analytics.HitBuilders$ScreenViewBuilder@dcd9e10
E/Cataloger( 5092): syncFile:/storage/emulated/0/2016-12-06_03:53:25.005.jpg
I/org.umd.logging(14731): Method > 1 com.migal.android.MigalView.onTouchEvent(com.migal.android.MigalView@191329657<file=2016-12-06_03:53:25.005><x=0><y=0><width=768><height=1280><id=2131558495><imagename=migal_view>, android.view.MotionEvent@682716203)
E/Cataloger( 5092): syncFile:/storage/emulated/0/2016-12-06_03:53:25.005.jpg
I/org.umd.logging(14731): Method < 1 com.migal.android.MigalView.onTouchEvent(true)
I/InputDispatcher(  591): Window 'Window{73b75c9 u0 com.fortafygames.colorswitch/com.migal.android.MigalActivity}' spent 4293.5ms processing the last input event: MotionEvent(deviceId=6, source=0x00001002, action=0, flags=0x00000000, metaState=0x00000000, buttonState=0x00000000, edgeFlags=0x00000000, xPrecision=2.0, yPrecision=2.0, displayId=0, pointers=[0: (373.5, 884.0)]), policyFlags=0x62000000
I/org.umd.logging(14731): Method > 1318 com.migal.android.MigalView$1.run(com.migal.android.MigalView$1@387276041)
I/org.umd.logging(14731): Method < 1318 com.migal.android.MigalView$1.run()
I/art     (14731): Background sticky concurrent mark sweep GC freed 2717(154KB) AllocSpace objects, 2(7MB) LOS objects, 2% free, 47MB/48MB, paused 5.524ms total 27.956ms
E/Cataloger( 5092): syncFile:/storage/emulated/0/2016-12-06_03:53:25.182.jpg
I/MigalActivity(14731): trackScreen GameEndless Classic 0
I/MigalActivity(14731): builder: com.google.android.gms.analytics.HitBuilders$ScreenViewBuilder@14678b0e
I/MIGAL   (14731): Loading texture TEX_POPUP (56799 bytes)
I/MIGAL   (14731): Loading file
I/MIGAL   (14731): File_Load(31, 0x0), size 56799
I/MIGAL   (14731): => 0xb9488990
I/MIGAL   (14731): File_Load(31, 0xb9488990)
I/MIGAL   (14731): Load file 031: TEX_POPUP
I/MIGAL   (14731): Loading file 031, 56799B, from offset 2937808
I/MIGAL   (14731): Decompressing file...
I/MIGAL   (14731): LZ77_Decompress
I/MIGAL   (14731):  => OK !
I/MIGAL   (14731): Loading Texture 31 - TEX_POPUP : 512x1024, type 0, filter on...
I/MIGAL   (14731): Loaded Texture 31 - TEX_POPUP => 40960kB
I/MIGAL   (14731): Tex_Load OK!
I/org.umd.logging(14731): Method > 1 com.migal.android.MigalView.onTouchEvent(com.migal.android.MigalView@191329657<file=2016-12-06_03:53:25.182><x=0><y=0><width=768><height=1280><id=2131558495><imagename=migal_view>, android.view.MotionEvent@682716203)
I/org.umd.logging(14731): Method < 1 com.migal.android.MigalView.onTouchEvent(true)
E/Cataloger( 5092): syncFile:/storage/emulated/0/2016-12-06_03:53:25.182.jpg
I/InputDispatcher(  591): Window 'Window{73b75c9 u0 com.fortafygames.colorswitch/com.migal.android.MigalActivity}' spent 4486.7ms processing the last input event: MotionEvent(deviceId=6, source=0x00001002, action=2, flags=0x00000000, metaState=0x00000000, buttonState=0x00000000, edgeFlags=0x00000000, xPrecision=2.0, yPrecision=2.0, displayId=0, pointers=[0: (373.5, 883.5)]), policyFlags=0x62000000
I/InputDispatcher(  591): Window 'Window{73b75c9 u0 com.fortafygames.colorswitch/com.migal.android.MigalActivity}' spent 4486.8ms processing the last input event: MotionEvent(deviceId=6, source=0x00001002, action=2, flags=0x00000000, metaState=0x00000000, buttonState=0x00000000, edgeFlags=0x00000000, xPrecision=2.0, yPrecision=2.0, displayId=0, pointers=[0: (373.5, 883.0)]), policyFlags=0x62000000
I/InputDispatcher(  591): Window 'Window{73b75c9 u0 com.fortafygames.colorswitch/com.migal.android.MigalActivity}' spent 4486.7ms processing the last input event: MotionEvent(deviceId=6, source=0x00001002, action=2, flags=0x00000000, metaState=0x00000000, buttonState=0x00000000, edgeFlags=0x00000000, xPrecision=2.0, yPrecision=2.0, displayId=0, pointers=[0: (373.5, 882.5)]), policyFlags=0x62000000
I/InputDispatcher(  591): Window 'Window{73b75c9 u0 com.fortafygames.colorswitch/com.migal.android.MigalActivity}' spent 4486.6ms processing the last input event: MotionEvent(deviceId=6, source=0x00001002, action=2, flags=0x00000000, metaState=0x00000000, buttonState=0x00000000, edgeFlags=0x00000000, xPrecision=2.0, yPrecision=2.0, displayId=0, pointers=[0: (373.5, 882.0)]), policyFlags=0x62000000
I/InputDispatcher(  591): Window 'Window{73b75c9 u0 com.fortafygames.colorswitch/com.migal.android.MigalActivity}' spent 4486.4ms processing the last input event: MotionEvent(deviceId=6, source=0x00001002, action=2, flags=0x00000000, metaState=0x00000000, buttonState=0x00000000, edgeFlags=0x00000000, xPrecision=2.0, yPrecision=2.0, displayId=0, pointers=[0: (373.5, 881.5)]), policyFlags=0x62000000
I/InputDispatcher(  591): Window 'Window{73b75c9 u0 com.fortafygames.colorswitch/com.migal.android.MigalActivity}' spent 4486.3ms processing the last input event: MotionEvent(deviceId=6, source=0x00001002, action=2, flags=0x00000000, metaState=0x00000000, buttonState=0x00000000, edgeFlags=0x00000000, xPrecision=2.0, yPrecision=2.0, displayId=0, pointers=[0: (373.5, 881.0)]), policyFlags=0x62000000
I/InputDispatcher(  591): Window 'Window{73b75c9 u0 com.fortafygames.colorswitch/com.migal.android.MigalActivity}' spent 4486.2ms processing the last input event: MotionEvent(deviceId=6, source=0x00001002, action=2, flags=0x00000000, metaState=0x00000000, buttonState=0x00000000, edgeFlags=0x00000000, xPrecision=2.0, yPrecision=2.0, displayId=0, pointers=[0: (373.5, 880.5)]), policyFlags=0x62000000
I/InputDispatcher(  591): Window 'Window{73b75c9 u0 com.fortafygames.colorswitch/com.migal.android.MigalActivity}' spent 4486.0ms processing the last input event: MotionEvent(deviceId=6, source=0x00001002, action=2, flags=0x00000000, metaState=0x00000000, buttonState=0x00000000, edgeFlags=0x00000000, xPrecision=2.0, yPrecision=2.0, displayId=0, pointers=[0: (373.0, 880.5)]), policyFlags=0x62000000
I/InputDispatcher(  591): Window 'Window{73b75c9 u0 com.fortafygames.colorswitch/com.migal.android.MigalActivity}' spent 4485.9ms processing the last input event: MotionEvent(deviceId=6, source=0x00001002, action=2, flags=0x00000000, metaState=0x00000000, buttonState=0x00000000, edgeFlags=0x00000000, xPrecision=2.0, yPrecision=2.0, displayId=0, pointers=[0: (372.5, 880.5)]), policyFlags=0x62000000
I/InputDispatcher(  591): Window 'Window{73b75c9 u0 com.fortafygames.colorswitch/com.migal.android.MigalActivity}' spent 4485.8ms processing the last input event: MotionEvent(deviceId=6, source=0x00001002, action=2, flags=0x00000000, metaState=0x00000000, buttonState=0x00000000, edgeFlags=0x00000000, xPrecision=2.0, yPrecision=2.0, displayId=0, pointers=[0: (372.0, 880.5)]), policyFlags=0x62000000
I/InputDispatcher(  591): Window 'Window{73b75c9 u0 com.fortafygames.colorswitch/com.migal.android.MigalActivity}' spent 4485.7ms processing the last input event: MotionEvent(deviceId=6, source=0x00001002, action=2, flags=0x00000000, metaState=0x00000000, buttonState=0x00000000, edgeFlags=0x00000000, xPrecision=2.0, yPrecision=2.0, displayId=0, pointers=[0: (371.5, 880.5)]), policyFlags=0x62000000
I/InputDispatcher(  591): Window 'Window{73b75c9 u0 com.fortafygames.colorswitch/com.migal.android.MigalActivity}' spent 4485.5ms processing the last input event: MotionEvent(deviceId=6, source=0x00001002, action=2, flags=0x00000000, metaState=0x00000000, buttonState=0x00000000, edgeFlags=0x00000000, xPrecision=2.0, yPrecision=2.0, displayId=0, pointers=[0: (371.0, 880.5)]), policyFlags=0x62000000
I/InputDispatcher(  591): Window 'Window{73b75c9 u0 com.fortafygames.colorswitch/com.migal.android.MigalActivity}' spent 4485.4ms processing the last input event: MotionEvent(deviceId=6, source=0x00001002, action=2, flags=0x00000000, metaState=0x00000000, buttonState=0x00000000, edgeFlags=0x00000000, xPrecision=2.0, yPrecision=2.0, displayId=0, pointers=[0: (371.0, 880.0)]), policyFlags=0x62000000
I/InputDispatcher(  591): Window 'Window{73b75c9 u0 com.fortafygames.colorswitch/com.migal.android.MigalActivity}' spent 4485.3ms processing the last input event: MotionEvent(deviceId=6, source=0x00001002, action=2, flags=0x00000000, metaState=0x00000000, buttonState=0x00000000, edgeFlags=0x00000000, xPrecision=2.0, yPrecision=2.0, displayId=0, pointers=[0: (371.0, 879.5)]), policyFlags=0x62000000
I/InputDispatcher(  591): Window 'Window{73b75c9 u0 com.fortafygames.colorswitch/com.migal.android.MigalActivity}' spent 4485.2ms processing the last input event: MotionEvent(deviceId=6, source=0x00001002, action=2, flags=0x00000000, metaState=0x00000000, buttonState=0x00000000, edgeFlags=0x00000000, xPrecision=2.0, yPrecision=2.0, displayId=0, pointers=[0: (371.0, 879.0)]), policyFlags=0x62000000
I/InputDispatcher(  591): Window 'Window{73b75c9 u0 com.fortafygames.colorswitch/com.migal.android.MigalActivity}' spent 4485.0ms processing the last input event: MotionEvent(deviceId=6, source=0x00001002, action=2, flags=0x00000000, metaState=0x00000000, buttonState=0x00000000, edgeFlags=0x00000000, xPrecision=2.0, yPrecision=2.0, displayId=0, pointers=[0: (370.5, 878.5)]), policyFlags=0x62000000
I/InputDispatcher(  591): Window 'Window{73b75c9 u0 com.fortafygames.colorswitch/com.migal.android.MigalActivity}' spent 4483.0ms processing the last input event: MotionEvent(deviceId=6, source=0x00001002, action=2, flags=0x00000000, metaState=0x00000000, buttonState=0x00000000, edgeFlags=0x00000000, xPrecision=2.0, yPrecision=2.0, displayId=0, pointers=[0: (370.5, 878.0)]), policyFlags=0x62000000
I/InputDispatcher(  591): Window 'Window{73b75c9 u0 com.fortafygames.colorswitch/com.migal.android.MigalActivity}' spent 4428.0ms processing the last input event: MotionEvent(deviceId=6, source=0x00001002, action=2, flags=0x00000000, metaState=0x00000000, buttonState=0x00000000, edgeFlags=0x00000000, xPrecision=2.0, yPrecision=2.0, displayId=0, pointers=[0: (371.0, 878.5)]), policyFlags=0x62000000
I/InputDispatcher(  591): Window 'Window{73b75c9 u0 com.fortafygames.colorswitch/com.migal.android.MigalActivity}' spent 4415.7ms processing the last input event: MotionEvent(deviceId=6, source=0x00001002, action=2, flags=0x00000000, metaState=0x00000000, buttonState=0x00000000, edgeFlags=0x00000000, xPrecision=2.0, yPrecision=2.0, displayId=0, pointers=[0: (371.0, 879.0)]), policyFlags=0x62000000
I/org.umd.logging(14731): Method > 1318 com.migal.android.MigalView$1.run(com.migal.android.MigalView$1@390637871)
I/org.umd.logging(14731): Method < 1318 com.migal.android.MigalView$1.run()
E/WifiStateMachine(  591): WifiStateMachine CMD_START_SCAN source -2 txSuccessRate=1202.74 rxSuccessRate=2366.45 targetRoamBSSID=b4:e9:b0:e5:06:d0 RSSI=-48
E/Cataloger( 5092): syncFile:/storage/emulated/0/2016-12-06_03:53:25.375.jpg
I/org.umd.logging(14731): Method > 1 com.migal.android.MigalView.onTouchEvent(com.migal.android.MigalView@191329657<file=2016-12-06_03:53:25.375><x=0><y=0><width=768><height=1280><id=2131558495><imagename=migal_view>, android.view.MotionEvent@682716203)
I/org.umd.logging(14731): Method < 1 com.migal.android.MigalView.onTouchEvent(true)
E/Cataloger( 5092): syncFile:/storage/emulated/0/2016-12-06_03:53:25.375.jpg
I/InputDispatcher(  591): Window 'Window{73b75c9 u0 com.fortafygames.colorswitch/com.migal.android.MigalActivity}' spent 4557.6ms processing the last input event: MotionEvent(deviceId=6, source=0x00001002, action=1, flags=0x00000000, metaState=0x00000000, buttonState=0x00000000, edgeFlags=0x00000000, xPrecision=2.0, yPrecision=2.0, displayId=0, pointers=[0: (371.0, 879.0)]), policyFlags=0x62000000
I/org.umd.logging(14731): Method > 1318 com.migal.android.MigalView$1.run(com.migal.android.MigalView$1@383159100)
I/org.umd.logging(14731): Method < 1318 com.migal.android.MigalView$1.run()
W/AudioTrack(14731): AUDIO_OUTPUT_FLAG_FAST denied by client
W/AudioTrack(14731): AUDIO_OUTPUT_FLAG_FAST denied by client
W/AudioTrack(14731): AUDIO_OUTPUT_FLAG_FAST denied by client
W/MediaPlayer(14731): mediaplayer went away with unhandled events
W/MediaPlayer(14731): mediaplayer went away with unhandled events
E/MediaPlayer(14731): Should have subtitle controller already set
I/org.umd.logging(14731): Method > 1 com.heyzap.common.concurrency.HandlerExecutorService$2.run(com.heyzap.common.concurrency.HandlerExecutorService$2@1053510289)
I/org.umd.logging(14731): Method > 1 com.heyzap.common.concurrency.WrappedRunnable.run(com.heyzap.common.concurrency.WrappedRunnable@711794166)
I/org.umd.logging(14731): Method > 1 com.heyzap.sdk.mediation.adapter.InMobiAdapter$1.run(com.heyzap.sdk.mediation.adapter.InMobiAdapter$1@107749414)
I/org.umd.logging(14731): Api > 1 android.net.ConnectivityManager.getActiveNetworkInfo(android.net.ConnectivityManager@677948021)
I/org.umd.logging(14731): Api < 1 android.net.ConnectivityManager.getActiveNetworkInfo(android.net.NetworkInfo@5200996)
I/org.umd.logging(14731): Api > 1 java.lang.Thread.start(java.lang.Thread@692649677<thread=1549>)
I/org.umd.logging(14731): Api < 1 java.lang.Thread.start()
I/org.umd.logging(14731): Method > 1549 com.inmobi.signals.g$1.run(com.inmobi.signals.g$1@63826579)
I/org.umd.logging(14731): Api > 1549 android.net.ConnectivityManager.getActiveNetworkInfo(android.net.ConnectivityManager@677948021)
I/org.umd.logging(14731): Api < 1549 android.net.ConnectivityManager.getActiveNetworkInfo(android.net.NetworkInfo@483908304)
I/org.umd.logging(14731): Api > 1549 android.net.ConnectivityManager.getActiveNetworkInfo(android.net.ConnectivityManager@677948021)
I/org.umd.logging(14731): Api < 1549 android.net.ConnectivityManager.getActiveNetworkInfo(android.net.NetworkInfo@669162735)
I/org.umd.logging(14731): Api > 1549 java.net.URL.openConnection(java.net.URL@388486140<URL=http://dock.inmobi.com/carb/v1/i>)
I/org.umd.logging(14731): Api < 1549 java.net.URL.openConnection(com.android.okhttp.internal.http.HttpURLConnectionImpl@796146309)
E/Cataloger( 5092): syncFile:/storage/emulated/0/2016-12-06_03:53:25.630.jpg
W/ResourceType(14731): No known package when getting name for resource number 0xffffffff
I/org.umd.logging(14731): Api > 1 android.webkit.WebView.<init>(com.inmobi.rendering.RenderView@430306766<file=2016-12-06_03:53:25.630><x=0><y=0><width=0><height=0><id=-1>, com.migal.android.MigalActivity@567364482)
E/Cataloger( 5092): syncFile:/storage/emulated/0/2016-12-06_03:53:25.630.jpg
E/Cataloger( 5092): syncFile:/storage/emulated/0/2016-12-06_03:53:25.794.jpg
I/org.umd.logging(14731): Method > 1324 com.heyzap.sdk.mediation.adapter.AdcolonyAdapter$3$1$1.run(com.heyzap.sdk.mediation.adapter.AdcolonyAdapter$3$1$1@920768082)
I/org.umd.logging(14731): Api > 1324 android.net.ConnectivityManager.getActiveNetworkInfo(android.net.ConnectivityManager@172529315)
I/org.umd.logging(14731): Api < 1324 android.net.ConnectivityManager.getActiveNetworkInfo(android.net.NetworkInfo@640655578)
I/org.umd.logging(14731): Method < 1324 com.heyzap.sdk.mediation.adapter.AdcolonyAdapter$3$1$1.run()
W/ResourceType(14731): No known package when getting name for resource number 0xffffffff
I/org.umd.logging(14731): Api < 1 android.webkit.WebView.<init>(com.inmobi.rendering.RenderView@430306766<file=2016-12-06_03:53:25.794><x=0><y=0><width=0><height=0><id=-1>)
E/Cataloger( 5092): syncFile:/storage/emulated/0/2016-12-06_03:53:25.794.jpg
I/org.umd.logging(14731): Api > 1 android.os.HandlerThread.start(android.os.HandlerThread@572273640<thread=1552>)
I/org.umd.logging(14731): Api < 1 android.os.HandlerThread.start()
D/[InMobi](14731): Publisher device Id is 229d4aea-d76e-47c3-ad88-1eafdf3529f0
I/org.umd.logging(14731): Api > 1 android.net.wifi.WifiManager.getConnectionInfo(android.net.wifi.WifiManager@813542699)
I/org.umd.logging(14731): Api < 1 android.net.wifi.WifiManager.getConnectionInfo(android.net.wifi.WifiInfo@725809665)
I/org.umd.logging(14731): Api > 1 java.lang.Thread.start(java.lang.Thread@829878438<thread=1553>)
I/org.umd.logging(14731): Api < 1 java.lang.Thread.start()
I/org.umd.logging(14731): Method < 1 com.heyzap.sdk.mediation.adapter.InMobiAdapter$1.run()
I/org.umd.logging(14731): Method > 1553 com.inmobi.commons.core.network.a$1.run(com.inmobi.commons.core.network.a$1@324745959)
I/org.umd.logging(14731): Method < 1 com.heyzap.common.concurrency.WrappedRunnable.run()
I/org.umd.logging(14731): Api > 1553 android.net.ConnectivityManager.getActiveNetworkInfo(android.net.ConnectivityManager@677948021)
I/org.umd.logging(14731): Method < 1 com.heyzap.common.concurrency.HandlerExecutorService$2.run()
I/org.umd.logging(14731): Api < 1553 android.net.ConnectivityManager.getActiveNetworkInfo(android.net.NetworkInfo@1064609428)
W/AudioTrack(14731): AUDIO_OUTPUT_FLAG_FAST denied by client
I/org.umd.logging(14731): Method > 1 com.heyzap.common.concurrency.HandlerExecutorService$2.run(com.heyzap.common.concurrency.HandlerExecutorService$2@971257149)
I/org.umd.logging(14731): Method > 1 com.heyzap.common.concurrency.WrappedRunnable.run(com.heyzap.common.concurrency.WrappedRunnable@412184882)
I/org.umd.logging(14731): Api > 1553 android.net.ConnectivityManager.getActiveNetworkInfo(android.net.ConnectivityManager@677948021)
I/org.umd.logging(14731): Method > 1 com.heyzap.sdk.mediation.adapter.AdmobAdapter$2.run(com.heyzap.sdk.mediation.adapter.AdmobAdapter$2@85368451)
I/org.umd.logging(14731): Api < 1553 android.net.ConnectivityManager.getActiveNetworkInfo(android.net.NetworkInfo@725587968)
I/org.umd.logging(14731): Api > 1553 java.net.URL.openConnection(java.net.URL@442755129<URL=http://i.w.inmobi.com/showad.asm>)
D/DynamitePackage(14731): Instantiating com.google.android.gms.ads.ChimeraAdManagerCreatorImpl
I/org.umd.logging(14731): Api < 1553 java.net.URL.openConnection(com.android.okhttp.internal.http.HttpURLConnectionImpl@39939710)
I/Ads     (14731): Starting ad request.
I/Ads     (14731): Use AdRequest.Builder.addTestDevice("1F480C9603A7924489313051413E5A68") to get test ads on this device.
I/org.umd.logging(14731): Method < 1 com.heyzap.sdk.mediation.adapter.AdmobAdapter$2.run()
I/org.umd.logging(14731): Method < 1 com.heyzap.common.concurrency.WrappedRunnable.run()
I/org.umd.logging(14731): Method < 1 com.heyzap.common.concurrency.HandlerExecutorService$2.run()
W/AudioTrack(14731): AUDIO_OUTPUT_FLAG_FAST denied by client
W/ActivityManager(  591): getRunningAppProcesses: caller 10244 does not hold REAL_GET_TASKS; limiting output
W/AudioTrack(14731): AUDIO_OUTPUT_FLAG_FAST denied by client
W/AudioTrack(14731): AUDIO_OUTPUT_FLAG_FAST denied by client
I/org.umd.logging(14731): Method < 1549 com.inmobi.signals.g$1.run()
W/AudioTrack(14731): AUDIO_OUTPUT_FLAG_FAST denied by client
W/AudioTrack(14731): AUDIO_OUTPUT_FLAG_FAST denied by client
W/AudioTrack(14731): AUDIO_OUTPUT_FLAG_FAST denied by client
I/Choreographer(14731): Skipped 309 frames!  The application may be doing too much work on its main thread.
W/AudioTrack(14731): AUDIO_OUTPUT_FLAG_FAST denied by client
W/AudioTrack(14731): AUDIO_OUTPUT_FLAG_FAST denied by client
W/AudioTrack(14731): AUDIO_OUTPUT_FLAG_FAST denied by client
W/AudioTrack(14731): AUDIO_OUTPUT_FLAG_FAST denied by client
W/AudioTrack(14731): AUDIO_OUTPUT_FLAG_FAST denied by client
W/AudioTrack(14731): AUDIO_OUTPUT_FLAG_FAST denied by client
W/AudioTrack(14731): AUDIO_OUTPUT_FLAG_FAST denied by client
W/AudioTrack(14731): AUDIO_OUTPUT_FLAG_FAST denied by client
W/AudioTrack(14731): AUDIO_OUTPUT_FLAG_FAST denied by client
W/Ads     ( 1608): App does not have the required permissions to get location
I/Ads     ( 1608): Received log message: <Google:HTML> You are using version 9.3 of the Google Play services Ads SDK. Please consider updating your SDK to the most recent SDK version to get the latest features and bug fixes. See http://goo.gl/r2TRzC for instructions on how to get the latest version of Google Play services.
I/org.umd.logging(14731): Method > 1 com.migal.android.MigalAudioManager.onFocusChanged(com.migal.android.MigalAudioManager@975130827, false)
I/org.umd.logging(14731): Api > 1 android.media.MediaPlayer.pause(android.media.MediaPlayer@155101077)
I/org.umd.logging(14731): Api < 1 android.media.MediaPlayer.pause()
I/org.umd.logging(14731): Api > 1 android.media.MediaPlayer.stop(android.media.MediaPlayer@155101077)
D/NuPlayerDriver(  188): stop(0xb7c3ec88)
I/org.umd.logging(14731): Api < 1 android.media.MediaPlayer.stop()
I/org.umd.logging(14731): Api > 1 android.media.MediaPlayer.release(android.media.MediaPlayer@155101077)
D/NuPlayerDriver(  188): reset(0xb7c3ec88)
I/org.umd.logging(14731): Api > 1481 android.net.ConnectivityManager.getActiveNetworkInfo(android.net.ConnectivityManager@172529315)
I/org.umd.logging(14731): Api < 1481 android.net.ConnectivityManager.getActiveNetworkInfo(android.net.NetworkInfo@697384655)
I/org.umd.logging(14731): Api > 1481 android.net.ConnectivityManager.getActiveNetworkInfo(android.net.ConnectivityManager@172529315)
I/org.umd.logging(14731): Api < 1481 android.net.ConnectivityManager.getActiveNetworkInfo(android.net.NetworkInfo@387252316)
D/NuPlayerDriver(  188): notifyResetComplete(0xb7c3ec88)
I/org.umd.logging(14731): Api < 1 android.media.MediaPlayer.release()
