I/Ads     (14731): JS: TGS: the TGS adapter definitions library was not loaded, only the generic adapter and Q0000 will be available (https://sdk.tresensa.com/tgs/tgs-lite-0.3.min.js:5)
I/chromium(14731): [INFO:CONSOLE(5)] "TGS: the TGS adapter definitions library was not loaded, only the generic adapter and Q0000 will be available", source: https://sdk.tresensa.com/tgs/tgs-lite-0.3.min.js (5)
I/Ads     (14731): JS: TGS: loading partner adapter and 3rd party libs... (https://sdk.tresensa.com/tgs/tgs-lite-0.3.min.js:5)
I/chromium(14731): [INFO:CONSOLE(5)] "TGS: loading partner adapter and 3rd party libs...", source: https://sdk.tresensa.com/tgs/tgs-lite-0.3.min.js (5)
I/Ads     (14731): JS: TGS: creating generic adapter... (https://sdk.tresensa.com/tgs/tgs-lite-0.3.min.js:5)
I/chromium(14731): [INFO:CONSOLE(5)] "TGS: creating generic adapter...", source: https://sdk.tresensa.com/tgs/tgs-lite-0.3.min.js (5)
I/Ads     (14731): JS: TGS: game-partner info received (https://sdk.tresensa.com/tgs/tgs-lite-0.3.min.js:5)
I/chromium(14731): [INFO:CONSOLE(5)] "TGS: game-partner info received", source: https://sdk.tresensa.com/tgs/tgs-lite-0.3.min.js (5)
I/Ads     (14731): JS: TGS: initiating connection to partner... (https://sdk.tresensa.com/tgs/tgs-lite-0.3.min.js:5)
I/chromium(14731): [INFO:CONSOLE(5)] "TGS: initiating connection to partner...", source: https://sdk.tresensa.com/tgs/tgs-lite-0.3.min.js (5)
I/Ads     (14731): JS: TGS: user id is: 229d4aea-d76e-47c3-ad88-1eafdf3529f0 (https://sdk.tresensa.com/tgs/tgs-lite-0.3.min.js:5)
I/chromium(14731): [INFO:CONSOLE(5)] "TGS: user id is: 229d4aea-d76e-47c3-ad88-1eafdf3529f0", source: https://sdk.tresensa.com/tgs/tgs-lite-0.3.min.js (5)
I/Ads     (14731): JS: TGS: fetching complete game state... (https://sdk.tresensa.com/tgs/tgs-lite-0.3.min.js:5)
I/chromium(14731): [INFO:CONSOLE(5)] "TGS: fetching complete game state...", source: https://sdk.tresensa.com/tgs/tgs-lite-0.3.min.js (5)
I/Ads     (14731): JS: TGS: there was no local TGS.DataStore data (https://sdk.tresensa.com/tgs/tgs-lite-0.3.min.js:5)
I/chromium(14731): [INFO:CONSOLE(5)] "TGS: there was no local TGS.DataStore data", source: https://sdk.tresensa.com/tgs/tgs-lite-0.3.min.js (5)
I/Ads     (14731): JS: TGE: creating WebAudioAPIPlugin... (https://sdk.tresensa.com/tge/tge-1.1.min.js:3)
I/chromium(14731): [INFO:CONSOLE(3)] "TGE: creating WebAudioAPIPlugin...", source: https://sdk.tresensa.com/tge/tge-1.1.min.js (3)
I/Ads     (14731): JS: TGL: Launching SolitaireTriPeaks (https://sdk.tresensa.com/tgl/tgl-lite-1.0.min.js:3)
I/chromium(14731): [INFO:CONSOLE(3)] "TGL: Launching SolitaireTriPeaks", source: https://sdk.tresensa.com/tgl/tgl-lite-1.0.min.js (3)
I/Ads     (14731): JS: TGE: created Canvas renderer. (https://sdk.tresensa.com/tge/tge-1.1.min.js:3)
I/chromium(14731): [INFO:CONSOLE(3)] "TGE: created Canvas renderer.", source: https://sdk.tresensa.com/tge/tge-1.1.min.js (3)
E/Cataloger( 5092): syncFile:/storage/emulated/0/2016-12-06_03:53:13.097.jpg
I/org.umd.logging(14731): Api > 1481 android.net.ConnectivityManager.getActiveNetworkInfo(android.net.ConnectivityManager@172529315)
I/org.umd.logging(14731): Api < 1481 android.net.ConnectivityManager.getActiveNetworkInfo(android.net.NetworkInfo@308899593)
I/org.umd.logging(14731): Api > 1481 android.net.ConnectivityManager.getActiveNetworkInfo(android.net.ConnectivityManager@172529315)
I/org.umd.logging(14731): Api < 1481 android.net.ConnectivityManager.getActiveNetworkInfo(android.net.NetworkInfo@548353294)
I/org.umd.logging(14731): Method > 1 com.migal.android.MigalView.onTouchEvent(com.migal.android.MigalView@191329657<file=2016-12-06_03:53:13.097><x=0><y=0><width=768><height=1280><id=2131558495><imagename=migal_view>, android.view.MotionEvent@682716203)
I/org.umd.logging(14731): Method < 1 com.migal.android.MigalView.onTouchEvent(true)
E/Cataloger( 5092): syncFile:/storage/emulated/0/2016-12-06_03:53:13.097.jpg
I/org.umd.logging(14731): Method > 1318 com.migal.android.MigalView$1.run(com.migal.android.MigalView$1@597166895)
I/org.umd.logging(14731): Method < 1318 com.migal.android.MigalView$1.run()
E/Cataloger( 5092): syncFile:/storage/emulated/0/2016-12-06_03:53:13.252.jpg
I/org.umd.logging(14731): Method > 1 com.migal.android.MigalView.onTouchEvent(com.migal.android.MigalView@191329657<file=2016-12-06_03:53:13.252><x=0><y=0><width=768><height=1280><id=2131558495><imagename=migal_view>, android.view.MotionEvent@682716203)
I/org.umd.logging(14731): Method < 1 com.migal.android.MigalView.onTouchEvent(true)
E/Cataloger( 5092): syncFile:/storage/emulated/0/2016-12-06_03:53:13.252.jpg
I/org.umd.logging(14731): Method > 1318 com.migal.android.MigalView$1.run(com.migal.android.MigalView$1@276776252)
I/org.umd.logging(14731): Method < 1318 com.migal.android.MigalView$1.run()
I/org.umd.logging(14731): Api > 1481 android.net.ConnectivityManager.getActiveNetworkInfo(android.net.ConnectivityManager@172529315)
I/org.umd.logging(14731): Api < 1481 android.net.ConnectivityManager.getActiveNetworkInfo(android.net.NetworkInfo@363918021)
I/org.umd.logging(14731): Api > 1481 android.net.ConnectivityManager.getActiveNetworkInfo(android.net.ConnectivityManager@172529315)
I/org.umd.logging(14731): Api < 1481 android.net.ConnectivityManager.getActiveNetworkInfo(android.net.NetworkInfo@799904794)
E/Cataloger( 5092): syncFile:/storage/emulated/0/2016-12-06_03:53:13.433.jpg
I/org.umd.logging(14731): Method > 1 com.migal.android.MigalView.onTouchEvent(com.migal.android.MigalView@191329657<file=2016-12-06_03:53:13.433><x=0><y=0><width=768><height=1280><id=2131558495><imagename=migal_view>, android.view.MotionEvent@682716203)
I/org.umd.logging(14731): Method < 1 com.migal.android.MigalView.onTouchEvent(true)
E/Cataloger( 5092): syncFile:/storage/emulated/0/2016-12-06_03:53:13.433.jpg
I/Ads     (14731): JS: TGE: finished loading required assets (https://sdk.tresensa.com/tge/tge-1.1.min.js:3)
I/chromium(14731): [INFO:CONSOLE(3)] "TGE: finished loading required assets", source: https://sdk.tresensa.com/tge/tge-1.1.min.js (3)
I/Ads     (14731): JS: TGE: starting game... (https://sdk.tresensa.com/tge/tge-1.1.min.js:3)
I/chromium(14731): [INFO:CONSOLE(3)] "TGE: starting game...", source: https://sdk.tresensa.com/tge/tge-1.1.min.js (3)
I/org.umd.logging(14731): Method > 1318 com.migal.android.MigalView$1.run(com.migal.android.MigalView$1@371469131)
I/Ads     (14731): Ad finished loading.
I/org.umd.logging(14731): Method < 1318 com.migal.android.MigalView$1.run()
I/org.umd.logging(14731): Method > 1 com.heyzap.common.concurrency.ExecutionList$RunnableExecutorPair.execute(com.heyzap.common.concurrency.ExecutionList$RunnableExecutorPair@640874049)
I/org.umd.logging(14731): Method > 1 com.heyzap.common.concurrency.ExecutorPool$WrappedScheduledThreadPoolExecutor.execute(com.heyzap.common.concurrency.ExecutorPool$WrappedScheduledThreadPoolExecutor@263009907, com.heyzap.common.concurrency.FutureUtils$5@33609702)
I/org.umd.logging(14731): Method > 1335 com.heyzap.common.concurrency.WrappedRunnable.run(com.heyzap.common.concurrency.WrappedRunnable@1040724263)
I/org.umd.logging(14731): Method > 1335 com.heyzap.common.concurrency.FutureUtils$5.run(com.heyzap.common.concurrency.FutureUtils$5@33609702)
I/org.umd.logging(14731): Method > 1335 com.heyzap.common.concurrency.ExecutionList$RunnableExecutorPair.execute(com.heyzap.common.concurrency.ExecutionList$RunnableExecutorPair@329318356)
I/org.umd.logging(14731): Method < 1 com.heyzap.common.concurrency.ExecutorPool$WrappedScheduledThreadPoolExecutor.execute()
I/org.umd.logging(14731): Method > 1335 com.heyzap.common.concurrency.ExecutorPool$WrappedScheduledThreadPoolExecutor.execute(com.heyzap.common.concurrency.ExecutorPool$WrappedScheduledThreadPoolExecutor@263009907, com.heyzap.mediation.abstr.FetchBackedNetworkAdapter$2$1$1@460830077)
I/org.umd.logging(14731): Method < 1 com.heyzap.common.concurrency.ExecutionList$RunnableExecutorPair.execute()
I/org.umd.logging(14731): Method < 1335 com.heyzap.common.concurrency.ExecutorPool$WrappedScheduledThreadPoolExecutor.execute()
I/org.umd.logging(14731): Method > 1326 com.heyzap.common.concurrency.WrappedRunnable.run(com.heyzap.common.concurrency.WrappedRunnable@116558962)
I/org.umd.logging(14731): Method > 1326 com.heyzap.mediation.abstr.FetchBackedNetworkAdapter$2$1$1.run(com.heyzap.mediation.abstr.FetchBackedNetworkAdapter$2$1$1@460830077)
I/org.umd.logging(14731): Method > 1326 com.heyzap.common.concurrency.ExecutionList$RunnableExecutorPair.execute(com.heyzap.common.concurrency.ExecutionList$RunnableExecutorPair@775731395)
I/org.umd.logging(14731): Method < 1335 com.heyzap.common.concurrency.ExecutionList$RunnableExecutorPair.execute()
I/org.umd.logging(14731): Method < 1335 com.heyzap.common.concurrency.FutureUtils$5.run()
I/org.umd.logging(14731): Method > 1326 com.heyzap.common.concurrency.ExecutorPool$WrappedScheduledThreadPoolExecutor.execute(com.heyzap.common.concurrency.ExecutorPool$WrappedScheduledThreadPoolExecutor@263009907, com.heyzap.common.concurrency.FutureUtils$4@435701056)
I/org.umd.logging(14731): Method < 1335 com.heyzap.common.concurrency.WrappedRunnable.run()
I/org.umd.logging(14731): Method > 1335 com.heyzap.common.concurrency.WrappedRunnable.run(com.heyzap.common.concurrency.WrappedRunnable@55520377)
I/org.umd.logging(14731): Method > 1335 com.heyzap.common.concurrency.FutureUtils$FutureRunnable.run(com.heyzap.common.concurrency.FutureUtils$4@435701056)
I/org.umd.logging(14731): Method > 1335 com.heyzap.common.concurrency.FutureUtils$4.run(com.heyzap.common.concurrency.FutureUtils$4@435701056, true, null)
I/org.umd.logging(14731): Method < 1326 com.heyzap.common.concurrency.ExecutorPool$WrappedScheduledThreadPoolExecutor.execute()
I/org.umd.logging(14731): Method > 1335 com.heyzap.common.concurrency.ExecutionList$RunnableExecutorPair.execute(com.heyzap.common.concurrency.ExecutionList$RunnableExecutorPair@651754942)
I/org.umd.logging(14731): Method < 1326 com.heyzap.common.concurrency.ExecutionList$RunnableExecutorPair.execute()
I/org.umd.logging(14731): Method > 1335 com.heyzap.common.concurrency.ExecutorPool$WrappedScheduledThreadPoolExecutor.execute(com.heyzap.common.concurrency.ExecutorPool$WrappedScheduledThreadPoolExecutor@263009907, com.heyzap.mediation.ConcurrentLoaderStrategy$2@648551967)
I/org.umd.logging(14731): Method < 1326 com.heyzap.mediation.abstr.FetchBackedNetworkAdapter$2$1$1.run()
I/org.umd.logging(14731): Method < 1326 com.heyzap.common.concurrency.WrappedRunnable.run()
I/org.umd.logging(14731): Method > 1330 com.heyzap.common.concurrency.WrappedRunnable.run(com.heyzap.common.concurrency.WrappedRunnable@431781228)
I/org.umd.logging(14731): Method < 1335 com.heyzap.common.concurrency.ExecutorPool$WrappedScheduledThreadPoolExecutor.execute()
I/org.umd.logging(14731): Method > 1330 com.heyzap.mediation.ConcurrentLoaderStrategy$2.run(com.heyzap.mediation.ConcurrentLoaderStrategy$2@648551967)
I/org.umd.logging(14731): Method < 1335 com.heyzap.common.concurrency.ExecutionList$RunnableExecutorPair.execute()
I/org.umd.logging(14731): Method < 1335 com.heyzap.common.concurrency.FutureUtils$4.run()
I/org.umd.logging(14731): Method < 1335 com.heyzap.common.concurrency.FutureUtils$FutureRunnable.run()
I/org.umd.logging(14731): Method < 1335 com.heyzap.common.concurrency.WrappedRunnable.run()
I/org.umd.logging(14731): Api > 1330 java.lang.Object.start(com.heyzap.sdk.mediation.adapter.AdcolonyAdapter@591697567, com.heyzap.common.lifecycle.FetchOptions@512562997)
I/org.umd.logging(14731): Method > 1330 com.heyzap.mediation.abstr.AdUnitNetworkAdapter.start(com.heyzap.sdk.mediation.adapter.AdcolonyAdapter@591697567, com.heyzap.common.lifecycle.FetchOptions@512562997)
I/org.umd.logging(14731): Method > 1330 com.heyzap.mediation.adapter.AdUnitStateManager.start(com.heyzap.mediation.adapter.AdUnitStateManager@473400245, java.util.HashSet@656619466)
I/org.umd.logging(14731): Method < 1330 com.heyzap.mediation.adapter.AdUnitStateManager.start(java.util.HashSet@356154683)
I/org.umd.logging(14731): Method > 1330 com.heyzap.common.concurrency.ExecutionList$RunnableExecutorPair.execute(com.heyzap.common.concurrency.ExecutionList$RunnableExecutorPair@850492504)
I/org.umd.logging(14731): Method > 1330 com.heyzap.common.concurrency.ExecutorPool$WrappedScheduledThreadPoolExecutor.execute(com.heyzap.common.concurrency.ExecutorPool$WrappedScheduledThreadPoolExecutor@263009907, com.heyzap.sdk.mediation.adapter.AdcolonyAdapter$1@763687345)
I/org.umd.logging(14731): Method < 1330 com.heyzap.common.concurrency.ExecutorPool$WrappedScheduledThreadPoolExecutor.execute()
I/org.umd.logging(14731): Method > 1332 com.heyzap.common.concurrency.WrappedRunnable.run(com.heyzap.common.concurrency.WrappedRunnable@52758166)
I/org.umd.logging(14731): Method > 1332 com.heyzap.sdk.mediation.adapter.AdcolonyAdapter$1.run(com.heyzap.sdk.mediation.adapter.AdcolonyAdapter$1@763687345)
W/AudioTrack(14731): AUDIO_OUTPUT_FLAG_FAST denied by client
I/org.umd.logging(14731): Method > 1334 com.heyzap.mediation.adapter.FetchRequestConsumer$ConsumeCallback.run(com.heyzap.mediation.adapter.FetchRequestConsumer$ConsumeCallback@214544919)
I/org.umd.logging(14731): Method < 1332 com.heyzap.sdk.mediation.adapter.AdcolonyAdapter$1.run()
I/org.umd.logging(14731): Method > 1334 com.heyzap.sdk.mediation.adapter.AdcolonyAdapter$3.run(com.heyzap.sdk.mediation.adapter.AdcolonyAdapter$3@988677636)
I/org.umd.logging(14731): Method > 1334 com.heyzap.internal.RetryManager.start(com.heyzap.internal.RetryManager@138803181)
I/org.umd.logging(14731): Method < 1332 com.heyzap.common.concurrency.WrappedRunnable.run()
I/org.umd.logging(14731): Method < 1334 com.heyzap.internal.RetryManager.start()
I/org.umd.logging(14731): Method > 1325 com.heyzap.sdk.mediation.adapter.AdcolonyAdapter$3$1.run(com.heyzap.sdk.mediation.adapter.AdcolonyAdapter$3$1@94565922)
I/org.umd.logging(14731): Method > 1325 com.heyzap.mediation.adapter.FetchStateManager.start(com.heyzap.mediation.adapter.FetchStateManager@1021015943, com.heyzap.internal.Constants$AdUnit@431625842)
I/org.umd.logging(14731): Method < 1334 com.heyzap.sdk.mediation.adapter.AdcolonyAdapter$3.run()
I/org.umd.logging(14731): Method < 1325 com.heyzap.mediation.adapter.FetchStateManager.start()
I/org.umd.logging(14731): Method < 1334 com.heyzap.mediation.adapter.FetchRequestConsumer$ConsumeCallback.run()
I/org.umd.logging(14731): Method > 1325 com.heyzap.internal.RetryManager.start(com.heyzap.internal.RetryManager@229464243)
I/org.umd.logging(14731): Method < 1325 com.heyzap.internal.RetryManager.start()
I/org.umd.logging(14731): Method < 1325 com.heyzap.sdk.mediation.adapter.AdcolonyAdapter$3$1.run()
I/org.umd.logging(14731): Method > 1324 com.heyzap.sdk.mediation.adapter.AdcolonyAdapter$3$1$1.run(com.heyzap.sdk.mediation.adapter.AdcolonyAdapter$3$1$1@826769008)
I/AdColony(14731): Ads are not ready to be played, as they are still downloading.
I/org.umd.logging(14731): Method < 1324 com.heyzap.sdk.mediation.adapter.AdcolonyAdapter$3$1$1.run()
I/org.umd.logging(14731): Method > 1335 com.heyzap.sdk.mediation.adapter.AdcolonyAdapter$3$1$1.run(com.heyzap.sdk.mediation.adapter.AdcolonyAdapter$3$1$1@826769008)
I/AdColony(14731): Ads are not ready to be played, as they are still downloading.
I/org.umd.logging(14731): Method < 1330 com.heyzap.common.concurrency.ExecutionList$RunnableExecutorPair.execute()
I/org.umd.logging(14731): Method < 1330 com.heyzap.mediation.abstr.AdUnitNetworkAdapter.start(com.heyzap.common.concurrency.SettableFuture@1050093033)
I/org.umd.logging(14731): Api < 1330 java.lang.Object.start(com.heyzap.common.concurrency.SettableFuture@1050093033)
I/org.umd.logging(14731): Method < 1330 com.heyzap.mediation.ConcurrentLoaderStrategy$2.run()
I/org.umd.logging(14731): Method < 1330 com.heyzap.common.concurrency.WrappedRunnable.run()
I/org.umd.logging(14731): Method < 1335 com.heyzap.sdk.mediation.adapter.AdcolonyAdapter$3$1$1.run()
I/Ads     (14731): JS: TPA: firing 'game_ready' event (https://googleads.g.doubleclick.net/mads/gma?_activity_context=true&android_num_video_cache_tasks=0&caps=inlineVideo_interactiveVideo_mraid1_mraid2_sdkVideo_th_autoplay_mediation_av_transparentBackground_as_sdkAdmobApiForAds_di_aso_sfv_dinm_dim_dinmo_gcache&eid=318475406%2C318476426%2C318476954%2C318476847%2C318476640%2C46621136&format=interstitial_mb&heap_free=16353692&heap_max=201326592&heap_total=49232592&js=afma-sdk-a-v10084236.9256000.2&msid=com.fortafygames.colorswitch&preqs=1&request_pkg=com.heyzap.sdk.mediation.adapter.AdmobAdapter%242&scroll_index=-1&seq_num=2&target_api=23:8)
I/chromium(14731): [INFO:CONSOLE(8)] "TPA: firing 'game_ready' event", source: https://googleads.g.doubleclick.net/mads/gma?_activity_context=true&android_num_video_cache_tasks=0&caps=inlineVideo_interactiveVideo_mraid1_mraid2_sdkVideo_th_autoplay_mediation_av_transparentBackground_as_sdkAdmobApiForAds_di_aso_sfv_dinm_dim_dinmo_gcache&eid=318475406%2C318476426%2C318476954%2C318476847%2C318476640%2C46621136&format=interstitial_mb&heap_free=16353692&heap_max=201326592&heap_total=49232592&js=afma-sdk-a-v10084236.9256000.2&msid=com.fortafygames.colorswitch&preqs=1&request_pkg=com.heyzap.sdk.mediation.adapter.AdmobAdapter%242&scroll_index=-1&seq_num=2&target_api=23 (8)
I/org.umd.logging(14731): Api > 1481 android.net.ConnectivityManager.getActiveNetworkInfo(android.net.ConnectivityManager@172529315)
I/org.umd.logging(14731): Api < 1481 android.net.ConnectivityManager.getActiveNetworkInfo(android.net.NetworkInfo@790516334)
I/org.umd.logging(14731): Api > 1481 android.net.ConnectivityManager.getActiveNetworkInfo(android.net.ConnectivityManager@172529315)
I/org.umd.logging(14731): Api < 1481 android.net.ConnectivityManager.getActiveNetworkInfo(android.net.NetworkInfo@1008389391)
I/Ads     (14731): JS: TGE: loading asset list required2... (https://sdk.tresensa.com/tge/tge-1.1.min.js:3)
I/chromium(14731): [INFO:CONSOLE(3)] "TGE: loading asset list required2...", source: https://sdk.tresensa.com/tge/tge-1.1.min.js (3)
I/MIGAL   (14731): File_Load(1634, 0x0), size 88
I/MIGAL   (14731): => 0xb92c7b58
I/MIGAL   (14731): Load file 1634: SCENE_UPDATE
I/MIGAL   (14731): File_Load(1547, 0x0), size 96
I/MIGAL   (14731): => 0xb8d82c00
I/MIGAL   (14731): Load file 1547: SPR_UPDATE_RAY
I/MIGAL   (14731): File_Load(1612, 0x0), size 176
I/MIGAL   (14731): => 0xb924cf48
I/MIGAL   (14731): Load file 1612: SCENE_IAP
I/MIGAL   (14731): File_Load(1135, 0x0), size 96
I/MIGAL   (14731): => 0xb92d3100
I/MIGAL   (14731): Load file 1135: SPR_IAP_LITTLEBUTTON
I/MigalActivity(14731): trackScreen Tuto null 0
I/MigalActivity(14731): builder: com.google.android.gms.analytics.HitBuilders$ScreenViewBuilder@2a7e119c
I/MIGAL   (14731): File_Load(1540, 0x0), size 96
I/MIGAL   (14731): => 0xb90ef100
I/MIGAL   (14731): Load file 1540: SPR_TUTO_PLAY_BUTTON_EN
I/MIGAL   (14731): File_Load(1539, 0x0), size 96
I/MIGAL   (14731): => 0xb9355210
I/MIGAL   (14731): Load file 1539: SPR_TUTO_SPIKESTOP
I/MIGAL   (14731): File_Load(1541, 0x0), size 96
I/MIGAL   (14731): => 0xb8345288
I/MIGAL   (14731): Load file 1541: SPR_TUTO_TITLE
I/MIGAL   (14731): File_Load(1544, 0x0), size 96
I/MIGAL   (14731): => 0xb921d710
I/MIGAL   (14731): Load file 1544: SPR_TUTO_TEXT
I/MIGAL   (14731): File_Load(1543, 0x0), size 96
I/MIGAL   (14731): => 0xb8c96fe8
I/MIGAL   (14731): Load file 1543: SPR_TUTO_HALO
I/MIGAL   (14731): File_Load(808, 0x0), size 96
I/MIGAL   (14731): => 0xb85d7990
I/MIGAL   (14731): Load file 808: SPR_GAME_GLOWBALL
I/MIGAL   (14731): File_Load(865, 0x0), size 96
I/MIGAL   (14731): => 0xb92a98c8
I/MIGAL   (14731): Load file 865: SPR_GAME_STAR
I/MIGAL   (14731): File_Load(1207, 0x0), size 96
I/MIGAL   (14731): => 0xb8b4b7b8
I/MIGAL   (14731): Load file 1207: SPR_OBSTACLES1_CIRCLE_CIRCLE
I/MIGAL   (14731): File_Load(1542, 0x0), size 96
I/MIGAL   (14731): => 0xb8bb9028
I/MIGAL   (14731): Load file 1542: SPR_TUTO_COLOR_SWITCH
I/MIGAL   (14731): Loading texture TEX_TUTO (97499 bytes)
I/MIGAL   (14731): Loading file
I/MIGAL   (14731): File_Load(39, 0x0), size 97499
I/MIGAL   (14731): => 0x8e819008
I/MIGAL   (14731): File_Load(39, 0x8e819008)
I/MIGAL   (14731): Load file 039: TEX_TUTO
I/MIGAL   (14731): Loading file 039, 97499B, from offset 3307744
I/MIGAL   (14731): Decompressing file...
I/MIGAL   (14731): LZ77_Decompress
W/AudioTrack(14731): AUDIO_OUTPUT_FLAG_FAST denied by client
I/MIGAL   (14731):  => OK !
I/MIGAL   (14731): Loading Texture 39 - TEX_TUTO : 1024x512, type 0, filter on...
I/MIGAL   (14731): Loaded Texture 39 - TEX_TUTO => 36864kB
I/MIGAL   (14731): Tex_Load OK!
I/MIGAL   (14731): File_Load(1538, 0x0), size 96
I/MIGAL   (14731): => 0xb937c490
I/MIGAL   (14731): Load file 1538: SPR_TUTO_FINGER + 1
I/org.umd.logging(14731): Api > 1481 android.net.ConnectivityManager.getActiveNetworkInfo(android.net.ConnectivityManager@172529315)
I/org.umd.logging(14731): Api < 1481 android.net.ConnectivityManager.getActiveNetworkInfo(android.net.NetworkInfo@887170938)
I/org.umd.logging(14731): Api > 1481 android.net.ConnectivityManager.getActiveNetworkInfo(android.net.ConnectivityManager@172529315)
I/org.umd.logging(14731): Api < 1481 android.net.ConnectivityManager.getActiveNetworkInfo(android.net.NetworkInfo@541141803)
I/MIGAL   (14731): File_Load(1537, 0x0), size 96
I/MIGAL   (14731): => 0xb91a38e8
I/MIGAL   (14731): Load file 1537: SPR_TUTO_FINGER
I/Ads     (14731): JS: TGE: game has been put in the background, killing audio and sending deactivate event... (https://sdk.tresensa.com/tge/tge-1.1.min.js:3)
I/chromium(14731): [INFO:CONSOLE(3)] "TGE: game has been put in the background, killing audio and sending deactivate event...", source: https://sdk.tresensa.com/tge/tge-1.1.min.js (3)
I/Ads     (14731): JS: TGE: finished loading required2 assets (https://sdk.tresensa.com/tge/tge-1.1.min.js:3)
I/chromium(14731): [INFO:CONSOLE(3)] "TGE: finished loading required2 assets", source: https://sdk.tresensa.com/tge/tge-1.1.min.js (3)
I/org.umd.logging(14731): Api > 1481 android.net.ConnectivityManager.getActiveNetworkInfo(android.net.ConnectivityManager@172529315)
I/org.umd.logging(14731): Api < 1481 android.net.ConnectivityManager.getActiveNetworkInfo(android.net.NetworkInfo@623422344)
I/org.umd.logging(14731): Api > 1481 android.net.ConnectivityManager.getActiveNetworkInfo(android.net.ConnectivityManager@172529315)
I/org.umd.logging(14731): Api < 1481 android.net.ConnectivityManager.getActiveNetworkInfo(android.net.NetworkInfo@700754209)
W/AudioTrack(14731): AUDIO_OUTPUT_FLAG_FAST denied by client
D/ThermalDaemon(  194): Sensor 'tsens_tz_sensor10' - alarm raised 1 at 62.0 degC
I/org.umd.logging(14731): Api > 1481 android.net.ConnectivityManager.getActiveNetworkInfo(android.net.ConnectivityManager@172529315)
I/org.umd.logging(14731): Api < 1481 android.net.ConnectivityManager.getActiveNetworkInfo(android.net.NetworkInfo@617234758)
I/org.umd.logging(14731): Api > 1481 android.net.ConnectivityManager.getActiveNetworkInfo(android.net.ConnectivityManager@172529315)
I/org.umd.logging(14731): Api < 1481 android.net.ConnectivityManager.getActiveNetworkInfo(android.net.NetworkInfo@203771655)
I/org.umd.logging(14731): Api > 1481 android.net.ConnectivityManager.getActiveNetworkInfo(android.net.ConnectivityManager@172529315)
I/org.umd.logging(14731): Api < 1481 android.net.ConnectivityManager.getActiveNetworkInfo(android.net.NetworkInfo@811661364)
I/org.umd.logging(14731): Api > 1481 android.net.ConnectivityManager.getActiveNetworkInfo(android.net.ConnectivityManager@172529315)
I/org.umd.logging(14731): Api < 1481 android.net.ConnectivityManager.getActiveNetworkInfo(android.net.NetworkInfo@287422045)
W/AudioTrack(14731): AUDIO_OUTPUT_FLAG_FAST denied by client
I/org.umd.logging(14731): Method > 1336 com.heyzap.common.concurrency.FutureUtils$3.run(com.heyzap.common.concurrency.FutureUtils$3@970533842)
I/org.umd.logging(14731): Method < 1336 com.heyzap.common.concurrency.FutureUtils$3.run()
I/org.umd.logging(14731): Method > 1324 com.heyzap.common.concurrency.FutureUtils$3.run(com.heyzap.common.concurrency.FutureUtils$3@54383779)
I/org.umd.logging(14731): Method < 1324 com.heyzap.common.concurrency.FutureUtils$3.run()
I/org.umd.logging(14731): Api > 1481 android.net.ConnectivityManager.getActiveNetworkInfo(android.net.ConnectivityManager@172529315)
I/org.umd.logging(14731): Api < 1481 android.net.ConnectivityManager.getActiveNetworkInfo(android.net.NetworkInfo@1070536703)
I/org.umd.logging(14731): Api > 1481 android.net.ConnectivityManager.getActiveNetworkInfo(android.net.ConnectivityManager@172529315)
I/org.umd.logging(14731): Api < 1481 android.net.ConnectivityManager.getActiveNetworkInfo(android.net.NetworkInfo@313989580)
E/Cataloger( 5092): syncFile:/storage/emulated/0/2016-12-06_03:53:15.075.jpg
I/org.umd.logging(14731): Method > 1 com.migal.android.MigalView.onTouchEvent(com.migal.android.MigalView@191329657<file=2016-12-06_03:53:15.075><x=0><y=0><width=768><height=1280><id=2131558495><imagename=migal_view>, android.view.MotionEvent@682716203)
I/org.umd.logging(14731): Method < 1 com.migal.android.MigalView.onTouchEvent(true)
E/Cataloger( 5092): syncFile:/storage/emulated/0/2016-12-06_03:53:15.075.jpg
I/org.umd.logging(14731): Api > 1481 android.net.ConnectivityManager.getActiveNetworkInfo(android.net.ConnectivityManager@172529315)
I/org.umd.logging(14731): Api < 1481 android.net.ConnectivityManager.getActiveNetworkInfo(android.net.NetworkInfo@26891285)
I/org.umd.logging(14731): Api > 1481 android.net.ConnectivityManager.getActiveNetworkInfo(android.net.ConnectivityManager@172529315)
I/org.umd.logging(14731): Api < 1481 android.net.ConnectivityManager.getActiveNetworkInfo(android.net.NetworkInfo@294806314)
I/org.umd.logging(14731): Method > 1318 com.migal.android.MigalView$1.run(com.migal.android.MigalView$1@839333147)
I/org.umd.logging(14731): Method < 1318 com.migal.android.MigalView$1.run()
E/Cataloger( 5092): syncFile:/storage/emulated/0/2016-12-06_03:53:15.244.jpg
I/org.umd.logging(14731): Method > 1 com.migal.android.MigalView.onTouchEvent(com.migal.android.MigalView@191329657<file=2016-12-06_03:53:15.244><x=0><y=0><width=768><height=1280><id=2131558495><imagename=migal_view>, android.view.MotionEvent@682716203)
I/org.umd.logging(14731): Method < 1 com.migal.android.MigalView.onTouchEvent(true)
E/Cataloger( 5092): syncFile:/storage/emulated/0/2016-12-06_03:53:15.244.jpg
I/org.umd.logging(14731): Method > 1318 com.migal.android.MigalView$1.run(com.migal.android.MigalView$1@757204664)
I/org.umd.logging(14731): Method < 1318 com.migal.android.MigalView$1.run()
I/org.umd.logging(14731): Method < 1483 com.jirbo.adcolony.ADCDownload.run()
I/AdColony(14731): Finished downloading:
I/AdColony(14731): https://androidads21.adcolony.com/configure?app_id=app092d8049fd924a1ea0&zones=vzba4d153f86e5459b81,vz352672a93b474c81ac&os_name=android&os_version=5.1.1&device_api=22&app_version=561&android_id_sha1=&device_id=d8733a1b-0bc2-4c9f-aa2d-0ed240569501&open_udid=&device_type=phone&ln=en&device_brand=LGE&device_model=Nexus%204&screen_width=768&screen_height=1184&sdk_type=android_native&sdk_version=2.2.2&origin_store=google&available_stores=google&imei_sha1=&memory_class=192&memory_used_mb=38&advertiser_id=229d4aea-d76e-47c3-ad88-1eafdf3529f0&limit_tracking=false&immersion=false&carrier=unknown&network_type=wifi&custom_id=&sid=db17803b-34ec-422d-be29-677f06156a11&s_imp_count=0
E/Cataloger( 5092): syncFile:/storage/emulated/0/2016-12-06_03:53:15.440.jpg
I/org.umd.logging(14731): Api > 1481 android.net.ConnectivityManager.getActiveNetworkInfo(android.net.ConnectivityManager@172529315)
I/org.umd.logging(14731): Api < 1481 android.net.ConnectivityManager.getActiveNetworkInfo(android.net.NetworkInfo@1071193233)
I/org.umd.logging(14731): Api > 1481 java.lang.Thread.start(com.jirbo.adcolony.aa$a@1061914614<thread=1502>)
I/org.umd.logging(14731): Method > 1483 com.jirbo.adcolony.ADCDownload.run(com.jirbo.adcolony.ADCDownload@349833207)
I/org.umd.logging(14731): Api > 1483 java.net.URL.openConnection(java.net.URL@793564772<URL=http://d3v1lb83psg9di.cloudfront.net/output_static/ui/tiny-glow.png>)
I/org.umd.logging(14731): Api < 1481 java.lang.Thread.start()
I/org.umd.logging(14731): Api > 1481 java.lang.Thread.start(com.jirbo.adcolony.aa$a@39973069<thread=1503>)
I/org.umd.logging(14731): Api < 1483 java.net.URL.openConnection(com.android.okhttp.internal.http.HttpURLConnectionImpl@648031618)
I/org.umd.logging(14731): Api < 1481 java.lang.Thread.start()
I/org.umd.logging(14731): Method > 1502 com.jirbo.adcolony.ADCDownload.run(com.jirbo.adcolony.ADCDownload@882715795)
I/org.umd.logging(14731): Api > 1502 java.net.URL.openConnection(java.net.URL@389215440<URL=http://d3v1lb83psg9di.cloudfront.net/output_static/ui/browser-bar-background.png>)
I/org.umd.logging(14731): Api < 1502 java.net.URL.openConnection(com.android.okhttp.internal.http.HttpURLConnectionImpl@271174857)
I/org.umd.logging(14731): Api > 1481 android.net.ConnectivityManager.getActiveNetworkInfo(android.net.ConnectivityManager@172529315)
I/org.umd.logging(14731): Method > 1503 com.jirbo.adcolony.ADCDownload.run(com.jirbo.adcolony.ADCDownload@178757582)
I/org.umd.logging(14731): Api > 1503 java.net.URL.openConnection(java.net.URL@56884975<URL=http://d3v1lb83psg9di.cloudfront.net/output_static/ui/bg-applelinen-tile.png>)
I/org.umd.logging(14731): Api < 1503 java.net.URL.openConnection(com.android.okhttp.internal.http.HttpURLConnectionImpl@85626364)
I/org.umd.logging(14731): Api < 1481 android.net.ConnectivityManager.getActiveNetworkInfo(android.net.NetworkInfo@276393093)
I/org.umd.logging(14731): Api > 1481 java.lang.Thread.start(com.jirbo.adcolony.aa$a@916581082<thread=1504>)
I/org.umd.logging(14731): Api < 1481 java.lang.Thread.start()
I/org.umd.logging(14731): Api > 1481 java.lang.Thread.start(com.jirbo.adcolony.aa$a@387685131<thread=1505>)
I/org.umd.logging(14731): Method > 1504 com.jirbo.adcolony.ADCDownload.run(com.jirbo.adcolony.ADCDownload@897617384)
I/org.umd.logging(14731): Api > 1504 java.net.URL.openConnection(java.net.URL@476662785<URL=https://events3.adcolony.com/t/5.0/install?pl=LcB-ZN8dFlSyP4gRGoWXkD6ooyQQqVycH5zg7imkTPEflm5F5Xs5BNFKfKzq3h540XzeoKp9CXoTNYanCVnm6UHgjM1yiHZZKSj29jwtfgjx8Qf1Mx2xqM8Rt0s1J2hLe-A006O-8srEJBCYp3CnnkolgMN-2iXEeX_gTuWmU4XnPI7m4fuBwiknYOl-GMU2X0TiKJhoUDctTT_dAbX6gX3hCQ0QLupBOYQaxp0Z9VLsfUyqlUauqyXvG09KQljNDfc9TeiB8WGsEbu9Vy36s2RGKjIJQwmHDYU_DgTBfVdbxkEwfmC5dhIK-MdrY0-ZU-2c2jP6JtUyhsaj1jgcvGfFmeSuRMDxfLJ6rQ--EpwC4tv-YFYxYA4m1_gCaDD7ab-aN8L0RUt2jg%3D%3D>)
I/org.umd.logging(14731): Api < 1504 java.net.URL.openConnection(com.android.okhttp.internal.http.HttpsURLConnectionImpl@935582374)
I/org.umd.logging(14731): Api < 1481 java.lang.Thread.start()
I/org.umd.logging(14731): Api > 1481 android.net.ConnectivityManager.getActiveNetworkInfo(android.net.ConnectivityManager@172529315)
I/org.umd.logging(14731): Api > 1504 java.net.URL.openConnection(java.net.URL@761715943<URL=https://events3.adcolony.com/t/5.0/install?pl=LcB-ZN8dFlSyP4gRGoWXkD6ooyQQqVycH5zg7imkTPEflm5F5Xs5BNFKfKzq3h540XzeoKp9CXoTNYanCVnm6UHgjM1yiHZZKSj29jwtfgjx8Qf1Mx2xqM8Rt0s1J2hLe-A006O-8srEJBCYp3CnnkolgMN-2iXEeX_gTuWmU4XnPI7m4fuBwiknYOl-GMU2X0TiKJhoUDctTT_dAbX6gX3hCQ0QLupBOYQaxp0Z9VLsfUyqlUauqyXvG09KQljNDfc9TeiB8WGsEbu9Vy36s2RGKjIJQwmHDYU_DgTBfVdbxkEwfmC5dhIK-MdrY0-ZU-2c2jP6JtUyhsaj1jgcvGfFmeSuRMDxfLJ6rQ--EpwC4tv-YFYxYA4m1_gCaDD7ab-aN8L0RUt2jg%3D%3D>)
I/org.umd.logging(14731): Api < 1504 java.net.URL.openConnection(com.android.okhttp.internal.http.HttpsURLConnectionImpl@767860884)
I/org.umd.logging(14731): Api < 1481 android.net.ConnectivityManager.getActiveNetworkInfo(android.net.NetworkInfo@740140861)
I/org.umd.logging(14731): Api > 1481 android.net.ConnectivityManager.getActiveNetworkInfo(android.net.ConnectivityManager@172529315)
I/org.umd.logging(14731): Api < 1481 android.net.ConnectivityManager.getActiveNetworkInfo(android.net.NetworkInfo@667089714)
I/org.umd.logging(14731): Method > 1505 com.jirbo.adcolony.ADCDownload.run(com.jirbo.adcolony.ADCDownload@289038467)
I/org.umd.logging(14731): Api > 1505 java.net.URL.openConnection(java.net.URL@127218176<URL=https://events3alt.adcolony.com/t/5.0/session_start?pl=LcB-ZN8dFlSyP4gRGoWXkD6ooyQQqVycH5zg7imkTPEflm5F5Xs5BNFKfKzq3h540XzeoKp9CXoTNYanCVnm6UHgjM1yiHZZKSj29jwtfgjx8Qf1Mx2xqM8Rt0s1J2hLe-A006O-8srEJBCYp3CnnkolgMN-2iXEeX_gTuWmU4XnPI7m4fuBwiknYOl-GMU2X0TiKJhoUDctTT_dAbX6gX3hCQ0QLupBOYQaxp0Z9VLsfUyqlUauqyXvG09KQljNDfc9TeiB8WGsEbu9Vy36s2RGKjIJQwmHDYU_DgTBfVdbxkEwfmC5dhIK-MdrY0-ZU-2c2jP6JtUyhsaj1jgcvGfFmeSuRMDxfLJ6rQ--EpwC4tv-YFYxYA4m1_gCaDD7ab-aN8L0RUt2jg%3D%3D>)
I/org.umd.logging(14731): Api < 1505 java.net.URL.openConnection(com.android.okhttp.internal.http.HttpsURLConnectionImpl@465730105)
I/org.umd.logging(14731): Api > 1505 java.net.URL.openConnection(java.net.URL@337746046<URL=https://events3alt.adcolony.com/t/5.0/session_start?pl=LcB-ZN8dFlSyP4gRGoWXkD6ooyQQqVycH5zg7imkTPEflm5F5Xs5BNFKfKzq3h540XzeoKp9CXoTNYanCVnm6UHgjM1yiHZZKSj29jwtfgjx8Qf1Mx2xqM8Rt0s1J2hLe-A006O-8srEJBCYp3CnnkolgMN-2iXEeX_gTuWmU4XnPI7m4fuBwiknYOl-GMU2X0TiKJhoUDctTT_dAbX6gX3hCQ0QLupBOYQaxp0Z9VLsfUyqlUauqyXvG09KQljNDfc9TeiB8WGsEbu9Vy36s2RGKjIJQwmHDYU_DgTBfVdbxkEwfmC5dhIK-MdrY0-ZU-2c2jP6JtUyhsaj1jgcvGfFmeSuRMDxfLJ6rQ--EpwC4tv-YFYxYA4m1_gCaDD7ab-aN8L0RUt2jg%3D%3D>)
I/org.umd.logging(14731): Api < 1505 java.net.URL.openConnection(com.android.okhttp.internal.http.HttpsURLConnectionImpl@1043890655)
I/org.umd.logging(14731): Method > 1324 com.heyzap.common.concurrency.FutureUtils$3.run(com.heyzap.common.concurrency.FutureUtils$3@119238188)
I/org.umd.logging(14731): Method < 1324 com.heyzap.common.concurrency.FutureUtils$3.run()
I/org.umd.logging(14731): Method < 1483 com.jirbo.adcolony.ADCDownload.run()
I/org.umd.logging(14731): Method > 1 com.migal.android.MigalView.onTouchEvent(com.migal.android.MigalView@191329657<file=2016-12-06_03:53:15.440><x=0><y=0><width=768><height=1280><id=2131558495><imagename=migal_view>, android.view.MotionEvent@682716203)
I/org.umd.logging(14731): Method < 1 com.migal.android.MigalView.onTouchEvent(true)
E/Cataloger( 5092): syncFile:/storage/emulated/0/2016-12-06_03:53:15.440.jpg
I/org.umd.logging(14731): Method < 1502 com.jirbo.adcolony.ADCDownload.run()
I/org.umd.logging(14731): Method > 1318 com.migal.android.MigalView$1.run(com.migal.android.MigalView$1@71794933)
I/org.umd.logging(14731): Method < 1318 com.migal.android.MigalView$1.run()
I/org.umd.logging(14731): Method > 1502 com.jirbo.adcolony.ADCDownload.run(com.jirbo.adcolony.ADCDownload@238730890)
I/org.umd.logging(14731): Api > 1481 android.net.ConnectivityManager.getActiveNetworkInfo(android.net.ConnectivityManager@172529315)
I/org.umd.logging(14731): Api > 1502 java.net.URL.openConnection(java.net.URL@499997947<URL=http://d3v1lb83psg9di.cloudfront.net/output_static/ui/browser-logo-x2.png>)
I/org.umd.logging(14731): Method > 1483 com.jirbo.adcolony.ADCDownload.run(com.jirbo.adcolony.ADCDownload@669466904)
I/org.umd.logging(14731): Api > 1483 java.net.URL.openConnection(java.net.URL@601634673<URL=http://d3v1lb83psg9di.cloudfront.net/output_static/ui/browser-stop-x2.png>)
I/org.umd.logging(14731): Api < 1502 java.net.URL.openConnection(com.android.okhttp.internal.http.HttpURLConnectionImpl@806238550)
I/org.umd.logging(14731): Api < 1481 android.net.ConnectivityManager.getActiveNetworkInfo(android.net.NetworkInfo@211506884)
I/org.umd.logging(14731): Api > 1481 android.net.ConnectivityManager.getActiveNetworkInfo(android.net.ConnectivityManager@172529315)
I/org.umd.logging(14731): Api < 1483 java.net.URL.openConnection(com.android.okhttp.internal.http.HttpURLConnectionImpl@973786583)
I/org.umd.logging(14731): Api < 1481 android.net.ConnectivityManager.getActiveNetworkInfo(android.net.NetworkInfo@304863661)
I/org.umd.logging(14731): Api > 1481 android.net.ConnectivityManager.getActiveNetworkInfo(android.net.ConnectivityManager@172529315)
I/org.umd.logging(14731): Api < 1481 android.net.ConnectivityManager.getActiveNetworkInfo(android.net.NetworkInfo@567055586)
I/org.umd.logging(14731): Api > 1481 android.net.ConnectivityManager.getActiveNetworkInfo(android.net.ConnectivityManager@172529315)
I/org.umd.logging(14731): Api < 1481 android.net.ConnectivityManager.getActiveNetworkInfo(android.net.NetworkInfo@38039667)
I/org.umd.logging(14731): Method < 1503 com.jirbo.adcolony.ADCDownload.run()
I/org.umd.logging(14731): Method < 1483 com.jirbo.adcolony.ADCDownload.run()
I/org.umd.logging(14731): Method < 1502 com.jirbo.adcolony.ADCDownload.run()
E/Cataloger( 5092): syncFile:/storage/emulated/0/2016-12-06_03:53:15.651.jpg
I/org.umd.logging(14731): Method > 1502 com.jirbo.adcolony.ADCDownload.run(com.jirbo.adcolony.ADCDownload@1030463695)
I/org.umd.logging(14731): Api > 1502 java.net.URL.openConnection(java.net.URL@552385116<URL=http://d3v1lb83psg9di.cloudfront.net/output_static/ui/browser-back-x2.png>)
I/org.umd.logging(14731): Api > 1481 android.net.ConnectivityManager.getActiveNetworkInfo(android.net.ConnectivityManager@172529315)
I/org.umd.logging(14731): Method > 1483 com.jirbo.adcolony.ADCDownload.run(com.jirbo.adcolony.ADCDownload@616272229)
I/org.umd.logging(14731): Api > 1483 java.net.URL.openConnection(java.net.URL@591912506<URL=http://d3v1lb83psg9di.cloudfront.net/output_static/ui/browser-close-x2.png>)
I/org.umd.logging(14731): Api < 1502 java.net.URL.openConnection(com.android.okhttp.internal.http.HttpURLConnectionImpl@103512811)
I/org.umd.logging(14731): Api < 1483 java.net.URL.openConnection(com.android.okhttp.internal.http.HttpURLConnectionImpl@481894472)
I/org.umd.logging(14731): Method > 1503 com.jirbo.adcolony.ADCDownload.run(com.jirbo.adcolony.ADCDownload@576249569)
I/org.umd.logging(14731): Api > 1503 java.net.URL.openConnection(java.net.URL@918922246<URL=http://d3v1lb83psg9di.cloudfront.net/output_static/ui/browser-forward-x2.png>)
I/org.umd.logging(14731): Api < 1503 java.net.URL.openConnection(com.android.okhttp.internal.http.HttpURLConnectionImpl@751098567)
I/org.umd.logging(14731): Api < 1481 android.net.ConnectivityManager.getActiveNetworkInfo(android.net.NetworkInfo@123992308)
I/org.umd.logging(14731): Api > 1481 android.net.ConnectivityManager.getActiveNetworkInfo(android.net.ConnectivityManager@172529315)
I/org.umd.logging(14731): Api < 1481 android.net.ConnectivityManager.getActiveNetworkInfo(android.net.NetworkInfo@472090653)
I/org.umd.logging(14731): Api > 1481 android.net.ConnectivityManager.getActiveNetworkInfo(android.net.ConnectivityManager@172529315)
I/org.umd.logging(14731): Api < 1481 android.net.ConnectivityManager.getActiveNetworkInfo(android.net.NetworkInfo@839383698)
I/org.umd.logging(14731): Api > 1481 android.net.ConnectivityManager.getActiveNetworkInfo(android.net.ConnectivityManager@172529315)
I/org.umd.logging(14731): Api < 1481 android.net.ConnectivityManager.getActiveNetworkInfo(android.net.NetworkInfo@447372387)
I/org.umd.logging(14731): Method < 1505 com.jirbo.adcolony.ADCDownload.run()
I/org.umd.logging(14731): Method < 1502 com.jirbo.adcolony.ADCDownload.run()
I/org.umd.logging(14731): Method < 1504 com.jirbo.adcolony.ADCDownload.run()
I/org.umd.logging(14731): Method < 1503 com.jirbo.adcolony.ADCDownload.run()
I/org.umd.logging(14731): Method > 1503 com.jirbo.adcolony.ADCDownload.run(com.jirbo.adcolony.ADCDownload@440512608)
I/org.umd.logging(14731): Api > 1481 android.net.ConnectivityManager.getActiveNetworkInfo(android.net.ConnectivityManager@172529315)
I/org.umd.logging(14731): Method > 1504 com.jirbo.adcolony.ADCDownload.run(com.jirbo.adcolony.ADCDownload@1005947161)
I/org.umd.logging(14731): Api > 1503 java.net.URL.openConnection(java.net.URL@967257566<URL=http://d3v1lb83psg9di.cloudfront.net/output_static/ui/browser-reload-x2.png>)
I/org.umd.logging(14731): Api > 1504 java.net.URL.openConnection(java.net.URL@333208511<URL=http://d3v1lb83psg9di.cloudfront.net/mraid/production/adc_mraid-phone-android.js>)
I/org.umd.logging(14731): Api < 1481 android.net.ConnectivityManager.getActiveNetworkInfo(android.net.NetworkInfo@226587276)
I/org.umd.logging(14731): Api < 1504 java.net.URL.openConnection(com.android.okhttp.internal.http.HttpURLConnectionImpl@357342677)
I/org.umd.logging(14731): Api > 1481 android.net.ConnectivityManager.getActiveNetworkInfo(android.net.ConnectivityManager@172529315)
I/org.umd.logging(14731): Api < 1481 android.net.ConnectivityManager.getActiveNetworkInfo(android.net.NetworkInfo@839185627)
I/org.umd.logging(14731): Api < 1503 java.net.URL.openConnection(com.android.okhttp.internal.http.HttpURLConnectionImpl@292833770)
I/org.umd.logging(14731): Method < 1483 com.jirbo.adcolony.ADCDownload.run()
I/org.umd.logging(14731): Method < 1503 com.jirbo.adcolony.ADCDownload.run()
I/org.umd.logging(14731): Method < 1504 com.jirbo.adcolony.ADCDownload.run()
I/org.umd.logging(14731): Method > 1 com.migal.android.MigalView.onTouchEvent(com.migal.android.MigalView@191329657<file=2016-12-06_03:53:15.651><x=0><y=0><width=768><height=1280><id=2131558495><imagename=migal_view>, android.view.MotionEvent@682716203)
I/org.umd.logging(14731): Method < 1 com.migal.android.MigalView.onTouchEvent(true)
E/Cataloger( 5092): syncFile:/storage/emulated/0/2016-12-06_03:53:15.651.jpg
I/org.umd.logging(14731): Api > 1481 android.net.ConnectivityManager.getActiveNetworkInfo(android.net.ConnectivityManager@172529315)
I/org.umd.logging(14731): Method > 1318 com.migal.android.MigalView$1.run(com.migal.android.MigalView$1@186198904)
I/org.umd.logging(14731): Method < 1318 com.migal.android.MigalView$1.run()
I/org.umd.logging(14731): Method > 1504 com.jirbo.adcolony.ADCDownload.run(com.jirbo.adcolony.ADCDownload@1002848849)
I/org.umd.logging(14731): Api > 1504 java.net.URL.openConnection(java.net.URL@927275702<URL=http://d3v1lb83psg9di.cloudfront.net/output_static/ui/end-card-replay-normal-x2.png>)
I/org.umd.logging(14731): Api < 1481 android.net.ConnectivityManager.getActiveNetworkInfo(android.net.NetworkInfo@894698423)
I/org.umd.logging(14731): Api > 1481 android.net.ConnectivityManager.getActiveNetworkInfo(android.net.ConnectivityManager@172529315)
I/org.umd.logging(14731): Api < 1481 android.net.ConnectivityManager.getActiveNetworkInfo(android.net.NetworkInfo@611419940)
I/org.umd.logging(14731): Api > 1481 android.net.ConnectivityManager.getActiveNetworkInfo(android.net.ConnectivityManager@172529315)
I/org.umd.logging(14731): Method > 1503 com.jirbo.adcolony.ADCDownload.run(com.jirbo.adcolony.ADCDownload@89895565)
I/org.umd.logging(14731): Api > 1503 java.net.URL.openConnection(java.net.URL@511716418<URL=http://d3v1lb83psg9di.cloudfront.net/output_static/ui/end-card-replay-down-x2.png>)
I/org.umd.logging(14731): Api < 1504 java.net.URL.openConnection(com.android.okhttp.internal.http.HttpURLConnectionImpl@119219283)
I/org.umd.logging(14731): Api < 1503 java.net.URL.openConnection(com.android.okhttp.internal.http.HttpURLConnectionImpl@919728528)
I/org.umd.logging(14731): Api < 1481 android.net.ConnectivityManager.getActiveNetworkInfo(android.net.NetworkInfo@878570121)
I/org.umd.logging(14731): Api > 1481 android.net.ConnectivityManager.getActiveNetworkInfo(android.net.ConnectivityManager@172529315)
I/org.umd.logging(14731): Api < 1481 android.net.ConnectivityManager.getActiveNetworkInfo(android.net.NetworkInfo@409520782)
I/org.umd.logging(14731): Api > 1481 android.net.ConnectivityManager.getActiveNetworkInfo(android.net.ConnectivityManager@172529315)
I/org.umd.logging(14731): Method > 1483 com.jirbo.adcolony.ADCDownload.run(com.jirbo.adcolony.ADCDownload@170504879)
I/org.umd.logging(14731): Api > 1483 java.net.URL.openConnection(java.net.URL@713856700<URL=http://d3v1lb83psg9di.cloudfront.net/output_static/ui/end-card-close-normal-x2.png>)
I/org.umd.logging(14731): Api < 1483 java.net.URL.openConnection(com.android.okhttp.internal.http.HttpURLConnectionImpl@87139909)
I/org.umd.logging(14731): Api < 1481 android.net.ConnectivityManager.getActiveNetworkInfo(android.net.NetworkInfo@892010906)
I/org.umd.logging(14731): Api > 1481 android.net.ConnectivityManager.getActiveNetworkInfo(android.net.ConnectivityManager@172529315)
I/org.umd.logging(14731): Api < 1481 android.net.ConnectivityManager.getActiveNetworkInfo(android.net.NetworkInfo@350800587)
E/Cataloger( 5092): syncFile:/storage/emulated/0/2016-12-06_03:53:15.811.jpg
I/org.umd.logging(14731): Method < 1504 com.jirbo.adcolony.ADCDownload.run()
I/org.umd.logging(14731): Method < 1503 com.jirbo.adcolony.ADCDownload.run()
I/org.umd.logging(14731): Method < 1483 com.jirbo.adcolony.ADCDownload.run()
I/art     (14731): Background sticky concurrent mark sweep GC freed 16610(912KB) AllocSpace objects, 1(3MB) LOS objects, 8% free, 44MB/48MB, paused 6.195ms total 63.482ms
I/org.umd.logging(14731): Api > 1481 android.net.ConnectivityManager.getActiveNetworkInfo(android.net.ConnectivityManager@172529315)
I/org.umd.logging(14731): Api < 1481 android.net.ConnectivityManager.getActiveNetworkInfo(android.net.NetworkInfo@954884776)
I/org.umd.logging(14731): Api > 1481 android.net.ConnectivityManager.getActiveNetworkInfo(android.net.ConnectivityManager@172529315)
I/org.umd.logging(14731): Api < 1481 android.net.ConnectivityManager.getActiveNetworkInfo(android.net.NetworkInfo@466313665)
I/org.umd.logging(14731): Api > 1481 android.net.ConnectivityManager.getActiveNetworkInfo(android.net.ConnectivityManager@172529315)
I/org.umd.logging(14731): Method > 1483 com.jirbo.adcolony.ADCDownload.run(com.jirbo.adcolony.ADCDownload@698850662)
I/org.umd.logging(14731): Api > 1483 java.net.URL.openConnection(java.net.URL@825706663<URL=http://d3v1lb83psg9di.cloudfront.net/output_static/ui/end-card-close-down-x2.png>)
I/org.umd.logging(14731): Api < 1481 android.net.ConnectivityManager.getActiveNetworkInfo(android.net.NetworkInfo@618070356)
I/org.umd.logging(14731): Api > 1481 android.net.ConnectivityManager.getActiveNetworkInfo(android.net.ConnectivityManager@172529315)
I/org.umd.logging(14731): Api < 1481 android.net.ConnectivityManager.getActiveNetworkInfo(android.net.NetworkInfo@216750333)
I/org.umd.logging(14731): Api > 1481 android.net.ConnectivityManager.getActiveNetworkInfo(android.net.ConnectivityManager@172529315)
I/org.umd.logging(14731): Method > 1503 com.jirbo.adcolony.ADCDownload.run(com.jirbo.adcolony.ADCDownload@100674034)
I/org.umd.logging(14731): Api > 1503 java.net.URL.openConnection(java.net.URL@1040566339<URL=http://d3v1lb83psg9di.cloudfront.net/output_dsp_production/videos/ad15d211ff16eed03f497db5568af8a9eebd8e6a/standard_wide.m4v>)
I/org.umd.logging(14731): Api < 1481 android.net.ConnectivityManager.getActiveNetworkInfo(android.net.NetworkInfo@307027648)
I/org.umd.logging(14731): Api > 1481 android.net.ConnectivityManager.getActiveNetworkInfo(android.net.ConnectivityManager@172529315)
I/org.umd.logging(14731): Api < 1483 java.net.URL.openConnection(com.android.okhttp.internal.http.HttpURLConnectionImpl@1058637817)
I/org.umd.logging(14731): Api < 1481 android.net.ConnectivityManager.getActiveNetworkInfo(android.net.NetworkInfo@149091134)
I/org.umd.logging(14731): Api < 1503 java.net.URL.openConnection(com.android.okhttp.internal.http.HttpURLConnectionImpl@246588831)
I/org.umd.logging(14731): Api > 1481 android.net.ConnectivityManager.getActiveNetworkInfo(android.net.ConnectivityManager@172529315)
I/org.umd.logging(14731): Api < 1481 android.net.ConnectivityManager.getActiveNetworkInfo(android.net.NetworkInfo@679552748)
I/org.umd.logging(14731): Method > 1504 com.jirbo.adcolony.ADCDownload.run(com.jirbo.adcolony.ADCDownload@526494389)
I/org.umd.logging(14731): Api > 1481 android.net.ConnectivityManager.getActiveNetworkInfo(android.net.ConnectivityManager@172529315)
I/org.umd.logging(14731): Api > 1504 java.net.URL.openConnection(java.net.URL@462882122<URL=http://wpc.250f.edgecastcdn.net/80250F/s3videos/output_static/ui/in-video-action-normal-x2.png>)
I/org.umd.logging(14731): Api < 1481 android.net.ConnectivityManager.getActiveNetworkInfo(android.net.NetworkInfo@606469307)
I/org.umd.logging(14731): Api < 1504 java.net.URL.openConnection(com.android.okhttp.internal.http.HttpURLConnectionImpl@718259672)
I/org.umd.logging(14731): Method < 1483 com.jirbo.adcolony.ADCDownload.run()
I/org.umd.logging(14731): Method < 1504 com.jirbo.adcolony.ADCDownload.run()
I/org.umd.logging(14731): Api > 1481 android.net.ConnectivityManager.getActiveNetworkInfo(android.net.ConnectivityManager@172529315)
I/org.umd.logging(14731): Api < 1481 android.net.ConnectivityManager.getActiveNetworkInfo(android.net.NetworkInfo@634338609)
I/org.umd.logging(14731): Api > 1481 android.net.ConnectivityManager.getActiveNetworkInfo(android.net.ConnectivityManager@172529315)
I/org.umd.logging(14731): Api < 1481 android.net.ConnectivityManager.getActiveNetworkInfo(android.net.NetworkInfo@46672918)
I/org.umd.logging(14731): Api > 1481 android.net.ConnectivityManager.getActiveNetworkInfo(android.net.ConnectivityManager@172529315)
I/org.umd.logging(14731): Api < 1481 android.net.ConnectivityManager.getActiveNetworkInfo(android.net.NetworkInfo@464365975)
I/org.umd.logging(14731): Api > 1481 android.net.ConnectivityManager.getActiveNetworkInfo(android.net.ConnectivityManager@172529315)
I/org.umd.logging(14731): Api < 1481 android.net.ConnectivityManager.getActiveNetworkInfo(android.net.NetworkInfo@879191940)
I/org.umd.logging(14731): Method > 1483 com.jirbo.adcolony.ADCDownload.run(com.jirbo.adcolony.ADCDownload@631864173)
I/org.umd.logging(14731): Method > 1504 com.jirbo.adcolony.ADCDownload.run(com.jirbo.adcolony.ADCDownload@798574643)
I/org.umd.logging(14731): Api > 1483 java.net.URL.openConnection(java.net.URL@269677474<URL=http://d3v1lb83psg9di.cloudfront.net/output_static/ui/skip-video-normal-x2.png>)
I/org.umd.logging(14731): Api > 1504 java.net.URL.openConnection(java.net.URL@45447152<URL=http://wpc.250f.edgecastcdn.net/80250F/s3videos/output_static/ui/in-video-action-down-x2.png>)
I/org.umd.logging(14731): Api > 1481 android.net.ConnectivityManager.getActiveNetworkInfo(android.net.ConnectivityManager@172529315)
