I/org.umd.logging( 9405): Method > 1 com.mobilityware.solitaire.AnimationManager$1.run(com.mobilityware.solitaire.AnimationManager$1@644595933)
I/org.umd.logging( 9405): Method < 1 com.mobilityware.solitaire.AnimationManager$1.run()
I/org.umd.logging( 9405): Method > 1 com.mobilityware.solitaire.AnimationManager$1.run(com.mobilityware.solitaire.AnimationManager$1@644595933)
I/org.umd.logging( 9405): Method < 1 com.mobilityware.solitaire.AnimationManager$1.run()
I/org.umd.logging( 9405): Method > 1 com.mobilityware.solitaire.AnimationManager$1.run(com.mobilityware.solitaire.AnimationManager$1@644595933)
I/org.umd.logging( 9405): Method < 1 com.mobilityware.solitaire.AnimationManager$1.run()
I/org.umd.logging( 9405): Method > 1 com.mobilityware.solitaire.AnimationManager$1.run(com.mobilityware.solitaire.AnimationManager$1@644595933)
I/org.umd.logging( 9405): Method < 1 com.mobilityware.solitaire.AnimationManager$1.run()
I/org.umd.logging( 4986): Method > 1 com.cleanmaster.base.crash.util.debug.b.run(com.cleanmaster.base.crash.util.debug.b@453239735)
I/org.umd.logging( 4986): Method < 1 com.cleanmaster.base.crash.util.debug.b.run()
E/Cataloger( 6490): :/storage/emulated/0/Android/data/com.mobilityware.solitaire/files/.vungle/57365ef18ed036bf2a000090_584e0546a389cb6c0300003e_datasci--primary--success
E/Cataloger( 6490): /storage/emulated/0/Android/data/com.mobilityware.solitaire/files/.vungle/57365ef18ed036bf2a000090_584e0546a389cb6c0300003e_datasci--primary--success
E/Cataloger( 6490): syncFile:/storage/emulated/0/Android/data/com.mobilityware.solitaire/files/.vungle/57365ef18ed036bf2a000090_584e0546a389cb6c0300003e_datasci--primary--success/postRoll.zip
E/Cataloger( 6490): syncFile:/storage/emulated/0/Android/data/com.mobilityware.solitaire/files/.vungle/57365ef18ed036bf2a000090_584e0546a389cb6c0300003e_datasci--primary--success/localVideo.mp4
E/Cataloger( 6490): syncFile:/storage/emulated/0/2016-12-13_05:13:45.241.jpg
E/Cataloger( 6490): syncFile:/storage/emulated/0/Android/data/com.mobilityware.solitaire/files/.vungle/57365ef18ed036bf2a000090_584e0546a389cb6c0300003e_datasci--primary--success/localVideo.mp4
E/Cataloger( 6490): syncFile:/storage/emulated/0/2016-12-13_05:13:45.241.jpg
E/Cataloger( 6490): syncFile:/storage/emulated/0/2016-12-13_05:13:45.449.jpg
E/Cataloger( 6490): syncFile:/storage/emulated/0/2016-12-13_05:13:45.449.jpg
E/Cataloger( 6490): syncFile:/storage/emulated/0/2016-12-13_05:13:45.716.jpg
E/Cataloger( 6490): syncFile:/storage/emulated/0/Android/data/com.mobilityware.solitaire/files/.vungle/57365ef18ed036bf2a000090_584e0546a389cb6c0300003e_datasci--primary--success/postRoll.zip
E/Cataloger( 6490): syncFile:/storage/emulated/0/2016-12-13_05:13:45.716.jpg
E/Cataloger( 6490): syncFile:/storage/emulated/0/Android/data/com.mobilityware.solitaire/files/.vungle/57365ef18ed036bf2a000090_584e0546a389cb6c0300003e_datasci--primary--success/postRoll
E/Cataloger( 6490): :/storage/emulated/0/Android/data/com.mobilityware.solitaire/files/.vungle/57365ef18ed036bf2a000090_584e0546a389cb6c0300003e_datasci--primary--success/postRoll
E/Cataloger( 6490): /storage/emulated/0/Android/data/com.mobilityware.solitaire/files/.vungle/57365ef18ed036bf2a000090_584e0546a389cb6c0300003e_datasci--primary--success/postRoll
E/Cataloger( 6490): syncFile:/storage/emulated/0/Android/data/com.mobilityware.solitaire/files/.vungle/57365ef18ed036bf2a000090_584e0546a389cb6c0300003e_datasci--primary--success/postRoll/app_icon.jpg
E/Cataloger( 6490): syncFile:/storage/emulated/0/Android/data/com.mobilityware.solitaire/files/.vungle/57365ef18ed036bf2a000090_584e0546a389cb6c0300003e_datasci--primary--success/postRoll/app_icon.jpg
E/Cataloger( 6490): syncFile:/storage/emulated/0/Android/data/com.mobilityware.solitaire/files/.vungle/57365ef18ed036bf2a000090_584e0546a389cb6c0300003e_datasci--primary--success/postRoll/app_store.gif
E/Cataloger( 6490): syncFile:/storage/emulated/0/Android/data/com.mobilityware.solitaire/files/.vungle/57365ef18ed036bf2a000090_584e0546a389cb6c0300003e_datasci--primary--success/postRoll/app_store.gif
E/Cataloger( 6490): syncFile:/storage/emulated/0/Android/data/com.mobilityware.solitaire/files/.vungle/57365ef18ed036bf2a000090_584e0546a389cb6c0300003e_datasci--primary--success/postRoll/download_arrow.png
E/Cataloger( 6490): syncFile:/storage/emulated/0/Android/data/com.mobilityware.solitaire/files/.vungle/57365ef18ed036bf2a000090_584e0546a389cb6c0300003e_datasci--primary--success/postRoll/download_arrow.png
E/Cataloger( 6490): syncFile:/storage/emulated/0/Android/data/com.mobilityware.solitaire/files/.vungle/57365ef18ed036bf2a000090_584e0546a389cb6c0300003e_datasci--primary--success/postRoll/exit_button_light.png
E/Cataloger( 6490): syncFile:/storage/emulated/0/Android/data/com.mobilityware.solitaire/files/.vungle/57365ef18ed036bf2a000090_584e0546a389cb6c0300003e_datasci--primary--success/postRoll/exit_button_light.png
E/Cataloger( 6490): syncFile:/storage/emulated/0/Android/data/com.mobilityware.solitaire/files/.vungle/57365ef18ed036bf2a000090_584e0546a389cb6c0300003e_datasci--primary--success/postRoll/exit_button_pressed.png
E/Cataloger( 6490): syncFile:/storage/emulated/0/Android/data/com.mobilityware.solitaire/files/.vungle/57365ef18ed036bf2a000090_584e0546a389cb6c0300003e_datasci--primary--success/postRoll/exit_button_pressed.png
E/Cataloger( 6490): syncFile:/storage/emulated/0/Android/data/com.mobilityware.solitaire/files/.vungle/57365ef18ed036bf2a000090_584e0546a389cb6c0300003e_datasci--primary--success/postRoll/index.html
E/Cataloger( 6490): syncFile:/storage/emulated/0/Android/data/com.mobilityware.solitaire/files/.vungle/57365ef18ed036bf2a000090_584e0546a389cb6c0300003e_datasci--primary--success/postRoll/index.html
E/Cataloger( 6490): syncFile:/storage/emulated/0/Android/data/com.mobilityware.solitaire/files/.vungle/57365ef18ed036bf2a000090_584e0546a389cb6c0300003e_datasci--primary--success/postRoll/landscape.jpg
E/Cataloger( 6490): syncFile:/storage/emulated/0/Android/data/com.mobilityware.solitaire/files/.vungle/57365ef18ed036bf2a000090_584e0546a389cb6c0300003e_datasci--primary--success/postRoll/landscape.jpg
E/Cataloger( 6490): syncFile:/storage/emulated/0/Android/data/com.mobilityware.solitaire/files/.vungle/57365ef18ed036bf2a000090_584e0546a389cb6c0300003e_datasci--primary--success/postRoll/portrait.jpg
I/org.umd.logging( 9405): Method > 1 com.mobilityware.solitaire.MWView$4.run(com.mobilityware.solitaire.MWView$4@503625095)
I/org.umd.logging( 9405): Method < 1 com.mobilityware.solitaire.MWView$4.run()
E/Cataloger( 6490): syncFile:/storage/emulated/0/Android/data/com.mobilityware.solitaire/files/.vungle/57365ef18ed036bf2a000090_584e0546a389cb6c0300003e_datasci--primary--success/postRoll/portrait.jpg
E/Cataloger( 6490): syncFile:/storage/emulated/0/2016-12-13_05:13:47.583.jpg
E/Cataloger( 6490): syncFile:/storage/emulated/0/Android/data/com.mobilityware.solitaire/files/.vungle/57365ef18ed036bf2a000090_584e0546a389cb6c0300003e_datasci--primary--success/postRoll/postroll-script.js
E/Cataloger( 6490): syncFile:/storage/emulated/0/Android/data/com.mobilityware.solitaire/files/.vungle/57365ef18ed036bf2a000090_584e0546a389cb6c0300003e_datasci--primary--success/postRoll/postroll-script.js
E/Cataloger( 6490): syncFile:/storage/emulated/0/Android/data/com.mobilityware.solitaire/files/.vungle/57365ef18ed036bf2a000090_584e0546a389cb6c0300003e_datasci--primary--success/postRoll/postroll-style.css
E/Cataloger( 6490): need not sync path:/storage/emulated/0/Android/data/com.mobilityware.solitaire/files/.vungle/57365ef18ed036bf2a000090_584e0546a389cb6c0300003e_datasci--primary--success/postRoll/postroll-style.css
E/Cataloger( 6490): syncFile:/storage/emulated/0/Android/data/com.mobilityware.solitaire/files/.vungle/57365ef18ed036bf2a000090_584e0546a389cb6c0300003e_datasci--primary--success/postRoll/postroll-style.css
E/Cataloger( 6490): need not sync path:/storage/emulated/0/Android/data/com.mobilityware.solitaire/files/.vungle/57365ef18ed036bf2a000090_584e0546a389cb6c0300003e_datasci--primary--success/postRoll/postroll-style.css
E/Cataloger( 6490): syncFile:/storage/emulated/0/Android/data/com.mobilityware.solitaire/files/.vungle/57365ef18ed036bf2a000090_584e0546a389cb6c0300003e_datasci--primary--success/postRoll/privacy_button_extension_light_mode.png
E/Cataloger( 6490): syncFile:/storage/emulated/0/Android/data/com.mobilityware.solitaire/files/.vungle/57365ef18ed036bf2a000090_584e0546a389cb6c0300003e_datasci--primary--success/postRoll/privacy_button_extension_light_mode.png
E/Cataloger( 6490): syncFile:/storage/emulated/0/Android/data/com.mobilityware.solitaire/files/.vungle/57365ef18ed036bf2a000090_584e0546a389cb6c0300003e_datasci--primary--success/postRoll/privacy_button_light_mode.png
E/Cataloger( 6490): syncFile:/storage/emulated/0/Android/data/com.mobilityware.solitaire/files/.vungle/57365ef18ed036bf2a000090_584e0546a389cb6c0300003e_datasci--primary--success/postRoll/privacy_button_light_mode.png
E/Cataloger( 6490): syncFile:/storage/emulated/0/Android/data/com.mobilityware.solitaire/files/.vungle/57365ef18ed036bf2a000090_584e0546a389cb6c0300003e_datasci--primary--success/postRoll/star_empty.png
E/Cataloger( 6490): syncFile:/storage/emulated/0/Android/data/com.mobilityware.solitaire/files/.vungle/57365ef18ed036bf2a000090_584e0546a389cb6c0300003e_datasci--primary--success/postRoll/star_empty.png
E/Cataloger( 6490): syncFile:/storage/emulated/0/Android/data/com.mobilityware.solitaire/files/.vungle/57365ef18ed036bf2a000090_584e0546a389cb6c0300003e_datasci--primary--success/postRoll/star_full.png
E/Cataloger( 6490): syncFile:/storage/emulated/0/Android/data/com.mobilityware.solitaire/files/.vungle/57365ef18ed036bf2a000090_584e0546a389cb6c0300003e_datasci--primary--success/postRoll/star_full.png
E/Cataloger( 6490): syncFile:/storage/emulated/0/Android/data/com.mobilityware.solitaire/files/.vungle/57365ef18ed036bf2a000090_584e0546a389cb6c0300003e_datasci--primary--success/postRoll/star_half.png
E/Cataloger( 6490): syncFile:/storage/emulated/0/Android/data/com.mobilityware.solitaire/files/.vungle/57365ef18ed036bf2a000090_584e0546a389cb6c0300003e_datasci--primary--success/postRoll/star_half.png
E/Cataloger( 6490): syncFile:/storage/emulated/0/Android/data/com.mobilityware.solitaire/files/.vungle/57365ef18ed036bf2a000090_584e0546a389cb6c0300003e_datasci--primary--success/postRoll/vungle_logo_light.png
E/Cataloger( 6490): syncFile:/storage/emulated/0/Android/data/com.mobilityware.solitaire/files/.vungle/57365ef18ed036bf2a000090_584e0546a389cb6c0300003e_datasci--primary--success/postRoll/vungle_logo_light.png
I/org.umd.logging( 9405): Method > 1 com.mobilityware.solitaire.MWView.onTouchEvent(com.mobilityware.solitaire.MWView@399791502<file=2016-12-13_05:13:47.583><x=0><y=0><width=768><height=1184><id=2131165254><imagename=mwview>, android.view.MotionEvent@894364997)
E/Cataloger( 6490): syncFile:/storage/emulated/0/2016-12-13_05:13:47.583.jpg
I/org.umd.logging( 9405): Method < 1 com.mobilityware.solitaire.MWView.onTouchEvent(true)
E/Cataloger( 6490): syncFile:/storage/emulated/0/2016-12-13_05:13:47.821.jpg
I/org.umd.logging( 9405): Method < 2155 com.vungle.publisher.service.PrepareLocalAdIntentHandler$c.run()
I/org.umd.logging( 9405): Method < 2155 com.vungle.publisher.bt$a.run()
I/org.umd.logging( 9405): Method > 1 com.mobilityware.solitaire.MWView.onTouchEvent(com.mobilityware.solitaire.MWView@399791502<file=2016-12-13_05:13:47.821><x=0><y=0><width=768><height=1184><id=2131165254><imagename=mwview>, android.view.MotionEvent@894364997)
I/org.umd.logging( 9405): Method < 1 com.mobilityware.solitaire.MWView.onTouchEvent(true)
E/Cataloger( 6490): syncFile:/storage/emulated/0/2016-12-13_05:13:47.821.jpg
I/org.umd.logging( 9405): Method > 1 com.mobilityware.solitaire.MWView$4.run(com.mobilityware.solitaire.MWView$4@503625095)
I/org.umd.logging( 9405): Method < 1 com.mobilityware.solitaire.MWView$4.run()
E/Cataloger( 6490): syncFile:/storage/emulated/0/2016-12-13_05:13:48.072.jpg
I/org.umd.logging( 9405): Method > 1 com.mobilityware.solitaire.MWView.onTouchEvent(com.mobilityware.solitaire.MWView@399791502<file=2016-12-13_05:13:48.072><x=0><y=0><width=768><height=1184><id=2131165254><imagename=mwview>, android.view.MotionEvent@894364997)
I/org.umd.logging( 9405): Method < 1 com.mobilityware.solitaire.MWView.onTouchEvent(true)
E/Cataloger( 6490): syncFile:/storage/emulated/0/2016-12-13_05:13:48.072.jpg
E/Cataloger( 6490): syncFile:/storage/emulated/0/2016-12-13_05:13:48.333.jpg
I/org.umd.logging( 9405): Method > 1 com.mobilityware.solitaire.MWView.onTouchEvent(com.mobilityware.solitaire.MWView@399791502<file=2016-12-13_05:13:48.333><x=0><y=0><width=768><height=1184><id=2131165254><imagename=mwview>, android.view.MotionEvent@894364997)
I/org.umd.logging( 9405): Method < 1 com.mobilityware.solitaire.MWView.onTouchEvent(true)
E/Cataloger( 6490): syncFile:/storage/emulated/0/2016-12-13_05:13:48.333.jpg
E/Cataloger( 6490): syncFile:/storage/emulated/0/2016-12-13_05:13:48.564.jpg
I/org.umd.logging( 9405): Method > 1 com.mobilityware.solitaire.MWView.onTouchEvent(com.mobilityware.solitaire.MWView@399791502<file=2016-12-13_05:13:48.564><x=0><y=0><width=768><height=1184><id=2131165254><imagename=mwview>, android.view.MotionEvent@894364997)
I/org.umd.logging( 9405): Api > 1 android.animation.AnimatorSet.start(android.animation.AnimatorSet@322438735)
E/Cataloger( 6490): syncFile:/storage/emulated/0/2016-12-13_05:13:48.564.jpg
I/org.umd.logging( 9405): Api < 1 android.animation.AnimatorSet.start()
I/org.umd.logging( 9405): Api > 1 android.media.MediaPlayer.start(android.media.MediaPlayer@798340145)
D/NuPlayerDriver(  190): start(0xb7a55a58)
I/org.umd.logging( 9405): Api < 1 android.media.MediaPlayer.start()
I/NuPlayerDecoder(  190): [OMX.google.vorbis.decoder] resubmitting CSD
I/NuPlayerDecoder(  190): [OMX.google.vorbis.decoder] resubmitting CSD
I/org.umd.logging( 9405): Method < 1 com.mobilityware.solitaire.MWView.onTouchEvent(true)
W/SoftVorbis(  190): vorbis_dsp_synthesis returned -135
W/SoftVorbis(  190): vorbis_dsp_synthesis returned -135
I/org.umd.logging( 9405): Method > 1 com.mobilityware.solitaire.MWView$4.run(com.mobilityware.solitaire.MWView$4@503625095)
I/org.umd.logging( 9405): Method < 1 com.mobilityware.solitaire.MWView$4.run()
I/org.umd.logging( 9405): Method > 1 com.mobilityware.solitaire.MWView$4.run(com.mobilityware.solitaire.MWView$4@503625095)
I/org.umd.logging( 9405): Method < 1 com.mobilityware.solitaire.MWView$4.run()
E/Cataloger( 6490): syncFile:/storage/emulated/0/2016-12-13_05:13:50.347.jpg
I/org.umd.logging( 9405): Method > 1 com.mobilityware.solitaire.MWView.onTouchEvent(com.mobilityware.solitaire.MWView@399791502<file=2016-12-13_05:13:50.347><x=0><y=0><width=768><height=1184><id=2131165254><imagename=mwview>, android.view.MotionEvent@894364997)
E/Cataloger( 6490): syncFile:/storage/emulated/0/2016-12-13_05:13:50.347.jpg
I/org.umd.logging( 9405): Method < 1 com.mobilityware.solitaire.MWView.onTouchEvent(true)
E/Cataloger( 6490): syncFile:/storage/emulated/0/2016-12-13_05:13:50.588.jpg
I/org.umd.logging( 9405): Method > 1 com.mobilityware.solitaire.MWView.onTouchEvent(com.mobilityware.solitaire.MWView@399791502<file=2016-12-13_05:13:50.588><x=0><y=0><width=768><height=1184><id=2131165254><imagename=mwview>, android.view.MotionEvent@894364997)
I/org.umd.logging( 9405): Method < 1 com.mobilityware.solitaire.MWView.onTouchEvent(true)
E/Cataloger( 6490): syncFile:/storage/emulated/0/2016-12-13_05:13:50.588.jpg
E/Cataloger( 6490): syncFile:/storage/emulated/0/2016-12-13_05:13:50.821.jpg
I/DownloadManagerWrapper(  949): onReceive() : Charging = true
I/org.umd.logging( 9405): Method > 1 com.mobilityware.solitaire.MWView.onTouchEvent(com.mobilityware.solitaire.MWView@399791502<file=2016-12-13_05:13:50.821><x=0><y=0><width=768><height=1184><id=2131165254><imagename=mwview>, android.view.MotionEvent@894364997)
I/org.umd.logging( 9405): Api > 1 android.animation.AnimatorSet.start(android.animation.AnimatorSet@1620075)
E/Cataloger( 6490): syncFile:/storage/emulated/0/2016-12-13_05:13:50.821.jpg
I/org.umd.logging( 9405): Api < 1 android.animation.AnimatorSet.start()
I/org.umd.logging( 9405): Api > 1 android.animation.AnimatorSet.start(android.animation.AnimatorSet@741089158)
I/org.umd.logging( 9405): Api < 1 android.animation.AnimatorSet.start()
I/org.umd.logging( 9405): Api > 1 android.animation.AnimatorSet.start(android.animation.AnimatorSet@768268701)
I/org.umd.logging( 9405): Api < 1 android.animation.AnimatorSet.start()
I/org.umd.logging( 9405): Api > 1 android.animation.AnimatorSet.start(android.animation.AnimatorSet@15224800)
I/org.umd.logging( 9405): Api < 1 android.animation.AnimatorSet.start()
I/org.umd.logging( 9405): Api > 1 android.media.MediaPlayer.start(android.media.MediaPlayer@798340145)
D/NuPlayerDriver(  190): start(0xb7a55a58)
I/org.umd.logging( 9405): Api < 1 android.media.MediaPlayer.start()
I/org.umd.logging( 9405): Method < 1 com.mobilityware.solitaire.MWView.onTouchEvent(true)
I/org.umd.logging( 9405): Method > 1 com.mobilityware.solitaire.AnimationManager$1.run(com.mobilityware.solitaire.AnimationManager$1@644595933)
I/org.umd.logging( 9405): Method < 1 com.mobilityware.solitaire.AnimationManager$1.run()
I/org.umd.logging( 9405): Method > 1 com.mobilityware.solitaire.MWView$4.run(com.mobilityware.solitaire.MWView$4@503625095)
I/org.umd.logging( 9405): Method < 1 com.mobilityware.solitaire.MWView$4.run()
I/org.umd.logging( 9405): Method > 1 com.mobilityware.solitaire.AnimationManager$1.run(com.mobilityware.solitaire.AnimationManager$1@644595933)
I/org.umd.logging( 9405): Method < 1 com.mobilityware.solitaire.AnimationManager$1.run()
I/org.umd.logging( 9405): Method > 1 com.mobilityware.solitaire.AnimationManager$1.run(com.mobilityware.solitaire.AnimationManager$1@644595933)
I/org.umd.logging( 9405): Method < 1 com.mobilityware.solitaire.AnimationManager$1.run()
I/NuPlayerDecoder(  190): [OMX.google.vorbis.decoder] resubmitting CSD
W/SoftVorbis(  190): vorbis_dsp_synthesis returned -135
I/NuPlayerDecoder(  190): [OMX.google.vorbis.decoder] resubmitting CSD
W/SoftVorbis(  190): vorbis_dsp_synthesis returned -135
I/org.umd.logging( 9405): Method > 1 com.mobilityware.solitaire.AnimationManager$1.run(com.mobilityware.solitaire.AnimationManager$1@644595933)
I/org.umd.logging( 9405): Method < 1 com.mobilityware.solitaire.AnimationManager$1.run()
I/org.umd.logging( 9405): Method > 1 com.mobilityware.solitaire.AnimationManager$1.run(com.mobilityware.solitaire.AnimationManager$1@644595933)
I/org.umd.logging( 9405): Method < 1 com.mobilityware.solitaire.AnimationManager$1.run()
I/org.umd.logging( 9405): Method > 1 com.mobilityware.solitaire.AnimationManager$1.run(com.mobilityware.solitaire.AnimationManager$1@644595933)
I/org.umd.logging( 9405): Method < 1 com.mobilityware.solitaire.AnimationManager$1.run()
I/org.umd.logging( 9405): Method > 1 com.mobilityware.solitaire.AnimationManager$1.run(com.mobilityware.solitaire.AnimationManager$1@644595933)
I/org.umd.logging( 9405): Method < 1 com.mobilityware.solitaire.AnimationManager$1.run()
I/org.umd.logging( 9405): Method > 1 com.mobilityware.solitaire.AnimationManager$1.run(com.mobilityware.solitaire.AnimationManager$1@644595933)
I/org.umd.logging( 9405): Method < 1 com.mobilityware.solitaire.AnimationManager$1.run()
I/org.umd.logging( 9405): Method > 1 com.mobilityware.solitaire.AnimationManager$1.run(com.mobilityware.solitaire.AnimationManager$1@644595933)
I/org.umd.logging( 9405): Method < 1 com.mobilityware.solitaire.AnimationManager$1.run()
I/org.umd.logging( 9405): Method > 1 com.mobilityware.solitaire.AnimationManager$1.run(com.mobilityware.solitaire.AnimationManager$1@644595933)
I/org.umd.logging( 9405): Method < 1 com.mobilityware.solitaire.AnimationManager$1.run()
I/org.umd.logging( 9405): Method > 1 com.mobilityware.solitaire.MWView$4.run(com.mobilityware.solitaire.MWView$4@503625095)
I/org.umd.logging( 9405): Method < 1 com.mobilityware.solitaire.MWView$4.run()
E/Cataloger( 6490): syncFile:/storage/emulated/0/2016-12-13_05:13:52.106.jpg
I/org.umd.logging( 9405): Method > 1 com.mobilityware.solitaire.MWView.onTouchEvent(com.mobilityware.solitaire.MWView@399791502<file=2016-12-13_05:13:52.106><x=0><y=0><width=768><height=1184><id=2131165254><imagename=mwview>, android.view.MotionEvent@894364997)
E/Cataloger( 6490): syncFile:/storage/emulated/0/2016-12-13_05:13:52.106.jpg
I/org.umd.logging( 9405): Method < 1 com.mobilityware.solitaire.MWView.onTouchEvent(true)
E/Cataloger( 6490): syncFile:/storage/emulated/0/2016-12-13_05:13:52.344.jpg
I/org.umd.logging( 9405): Method > 1 com.mobilityware.solitaire.MWView.onTouchEvent(com.mobilityware.solitaire.MWView@399791502<file=2016-12-13_05:13:52.344><x=0><y=0><width=768><height=1184><id=2131165254><imagename=mwview>, android.view.MotionEvent@894364997)
I/org.umd.logging( 9405): Method < 1 com.mobilityware.solitaire.MWView.onTouchEvent(true)
E/Cataloger( 6490): syncFile:/storage/emulated/0/2016-12-13_05:13:52.344.jpg
E/Cataloger( 6490): syncFile:/storage/emulated/0/2016-12-13_05:13:52.598.jpg
I/org.umd.logging( 9405): Method > 1 com.mobilityware.solitaire.MWView.onTouchEvent(com.mobilityware.solitaire.MWView@399791502<file=2016-12-13_05:13:52.598><x=0><y=0><width=768><height=1184><id=2131165254><imagename=mwview>, android.view.MotionEvent@894364997)
I/org.umd.logging( 9405): Method < 1 com.mobilityware.solitaire.MWView.onTouchEvent(true)
E/Cataloger( 6490): syncFile:/storage/emulated/0/2016-12-13_05:13:52.598.jpg
E/Cataloger( 6490): syncFile:/storage/emulated/0/2016-12-13_05:13:52.852.jpg
I/org.umd.logging( 9405): Method > 1 com.mobilityware.solitaire.MWView.onTouchEvent(com.mobilityware.solitaire.MWView@399791502<file=2016-12-13_05:13:52.852><x=0><y=0><width=768><height=1184><id=2131165254><imagename=mwview>, android.view.MotionEvent@894364997)
I/org.umd.logging( 9405): Api > 1 android.animation.AnimatorSet.start(android.animation.AnimatorSet@642588991)
I/org.umd.logging( 9405): Api < 1 android.animation.AnimatorSet.start()
I/org.umd.logging( 9405): Api > 1 android.animation.AnimatorSet.start(android.animation.AnimatorSet@465169770)
I/org.umd.logging( 9405): Api < 1 android.animation.AnimatorSet.start()
E/Cataloger( 6490): syncFile:/storage/emulated/0/2016-12-13_05:13:52.852.jpg
I/org.umd.logging( 9405): Api > 1 android.animation.AnimatorSet.start(android.animation.AnimatorSet@949279697)
I/org.umd.logging( 9405): Api < 1 android.animation.AnimatorSet.start()
I/org.umd.logging( 9405): Api > 1 android.media.MediaPlayer.start(android.media.MediaPlayer@798340145)
D/NuPlayerDriver(  190): start(0xb7a55a58)
I/org.umd.logging( 9405): Api < 1 android.media.MediaPlayer.start()
I/org.umd.logging( 9405): Method < 1 com.mobilityware.solitaire.MWView.onTouchEvent(true)
I/org.umd.logging( 9405): Method > 1 com.mobilityware.solitaire.MWView$4.run(com.mobilityware.solitaire.MWView$4@503625095)
I/org.umd.logging( 9405): Method < 1 com.mobilityware.solitaire.MWView$4.run()
I/org.umd.logging( 9405): Method > 1 com.mobilityware.solitaire.AnimationManager$1.run(com.mobilityware.solitaire.AnimationManager$1@644595933)
I/org.umd.logging( 9405): Method < 1 com.mobilityware.solitaire.AnimationManager$1.run()
I/NuPlayerDecoder(  190): [OMX.google.vorbis.decoder] resubmitting CSD
W/SoftVorbis(  190): vorbis_dsp_synthesis returned -135
I/NuPlayerDecoder(  190): [OMX.google.vorbis.decoder] resubmitting CSD
W/SoftVorbis(  190): vorbis_dsp_synthesis returned -135
E/Cataloger( 6490): syncFile:/storage/emulated/0/2016-12-13_05:13:53.778.jpg
I/org.umd.logging( 9405): Method > 1 com.mobilityware.solitaire.MWView.onTouchEvent(com.mobilityware.solitaire.MWView@399791502<file=2016-12-13_05:13:53.778><x=0><y=0><width=768><height=1184><id=2131165254><imagename=mwview>, android.view.MotionEvent@894364997)
E/Cataloger( 6490): syncFile:/storage/emulated/0/2016-12-13_05:13:53.778.jpg
I/org.umd.logging( 9405): Method < 1 com.mobilityware.solitaire.MWView.onTouchEvent(true)
E/Cataloger( 6490): syncFile:/storage/emulated/0/2016-12-13_05:13:54.037.jpg
I/org.umd.logging( 9405): Method > 1 com.mobilityware.solitaire.MWView.onTouchEvent(com.mobilityware.solitaire.MWView@399791502<file=2016-12-13_05:13:54.037><x=0><y=0><width=768><height=1184><id=2131165254><imagename=mwview>, android.view.MotionEvent@894364997)
I/org.umd.logging( 9405): Method < 1 com.mobilityware.solitaire.MWView.onTouchEvent(true)
E/Cataloger( 6490): syncFile:/storage/emulated/0/2016-12-13_05:13:54.037.jpg
E/Cataloger( 6490): syncFile:/storage/emulated/0/2016-12-13_05:13:54.256.jpg
I/org.umd.logging( 9405): Method > 1 com.mobilityware.solitaire.MWView.onTouchEvent(com.mobilityware.solitaire.MWView@399791502<file=2016-12-13_05:13:54.256><x=0><y=0><width=768><height=1184><id=2131165254><imagename=mwview>, android.view.MotionEvent@894364997)
I/org.umd.logging( 9405): Api > 1 android.animation.AnimatorSet.start(android.animation.AnimatorSet@247336612)
I/org.umd.logging( 9405): Api < 1 android.animation.AnimatorSet.start()
I/org.umd.logging( 9405): Api > 1 android.animation.AnimatorSet.start(android.animation.AnimatorSet@205058515)
E/Cataloger( 6490): syncFile:/storage/emulated/0/2016-12-13_05:13:54.256.jpg
I/org.umd.logging( 9405): Api < 1 android.animation.AnimatorSet.start()
I/org.umd.logging( 9405): Api > 1 android.animation.AnimatorSet.start(android.animation.AnimatorSet@820319758)
I/org.umd.logging( 9405): Api < 1 android.animation.AnimatorSet.start()
I/org.umd.logging( 9405): Api > 1 android.animation.AnimatorSet.start(android.animation.AnimatorSet@973408197)
I/org.umd.logging( 9405): Api < 1 android.animation.AnimatorSet.start()
I/org.umd.logging( 9405): Api > 1 android.animation.AnimatorSet.start(android.animation.AnimatorSet@695751208)
I/org.umd.logging( 9405): Api < 1 android.animation.AnimatorSet.start()
I/org.umd.logging( 9405): Api > 1 android.media.MediaPlayer.start(android.media.MediaPlayer@798340145)
D/NuPlayerDriver(  190): start(0xb7a55a58)
I/org.umd.logging( 9405): Api < 1 android.media.MediaPlayer.start()
I/NuPlayerDecoder(  190): [OMX.google.vorbis.decoder] resubmitting CSD
W/SoftVorbis(  190): vorbis_dsp_synthesis returned -135
I/NuPlayerDecoder(  190): [OMX.google.vorbis.decoder] resubmitting CSD
W/SoftVorbis(  190): vorbis_dsp_synthesis returned -135
I/org.umd.logging( 9405): Method < 1 com.mobilityware.solitaire.MWView.onTouchEvent(true)
I/org.umd.logging( 9405): Method > 1 com.mobilityware.solitaire.MWView$4.run(com.mobilityware.solitaire.MWView$4@503625095)
I/org.umd.logging( 9405): Method < 1 com.mobilityware.solitaire.MWView$4.run()
I/org.umd.logging( 9405): Method > 1 com.mobilityware.solitaire.AnimationManager$1.run(com.mobilityware.solitaire.AnimationManager$1@644595933)
I/org.umd.logging( 9405): Method < 1 com.mobilityware.solitaire.AnimationManager$1.run()
I/org.umd.logging( 9405): Method > 1 com.mobilityware.solitaire.AnimationManager$1.run(com.mobilityware.solitaire.AnimationManager$1@644595933)
I/org.umd.logging( 9405): Method < 1 com.mobilityware.solitaire.AnimationManager$1.run()
I/org.umd.logging( 9405): Method > 1 com.mobilityware.solitaire.AnimationManager$1.run(com.mobilityware.solitaire.AnimationManager$1@644595933)
I/org.umd.logging( 9405): Method < 1 com.mobilityware.solitaire.AnimationManager$1.run()
I/org.umd.logging( 9405): Method > 1 com.mobilityware.solitaire.AnimationManager$1.run(com.mobilityware.solitaire.AnimationManager$1@644595933)
I/org.umd.logging( 9405): Method < 1 com.mobilityware.solitaire.AnimationManager$1.run()
I/org.umd.logging( 9405): Method > 2155 com.vungle.publisher.bt$a.run(com.vungle.publisher.bt$a@70474561)
I/org.umd.logging( 9405): Method > 2155 com.vungle.publisher.bt$c.run(com.vungle.publisher.bt$c@854826535)
I/org.umd.logging( 9405): Method < 2155 com.vungle.publisher.bt$c.run()
I/org.umd.logging( 9405): Method < 2155 com.vungle.publisher.bt$a.run()
I/org.umd.logging( 9405): Method > 1 com.mobilityware.solitaire.AnimationManager$1.run(com.mobilityware.solitaire.AnimationManager$1@644595933)
I/org.umd.logging( 9405): Method < 1 com.mobilityware.solitaire.AnimationManager$1.run()
I/org.umd.logging( 9405): Method > 1 com.mobilityware.solitaire.AnimationManager$1.run(com.mobilityware.solitaire.AnimationManager$1@644595933)
I/org.umd.logging( 9405): Method < 1 com.mobilityware.solitaire.AnimationManager$1.run()
I/org.umd.logging( 9405): Method > 1 com.mobilityware.solitaire.AnimationManager$1.run(com.mobilityware.solitaire.AnimationManager$1@644595933)
I/org.umd.logging( 9405): Method < 1 com.mobilityware.solitaire.AnimationManager$1.run()
I/org.umd.logging( 9405): Method > 1 com.mobilityware.solitaire.AnimationManager$1.run(com.mobilityware.solitaire.AnimationManager$1@644595933)
I/org.umd.logging( 9405): Method < 1 com.mobilityware.solitaire.AnimationManager$1.run()
I/org.umd.logging( 9405): Method > 1 com.mobilityware.solitaire.AnimationManager$1.run(com.mobilityware.solitaire.AnimationManager$1@644595933)
I/org.umd.logging( 9405): Method < 1 com.mobilityware.solitaire.AnimationManager$1.run()
I/org.umd.logging( 9405): Method > 1 com.mobilityware.solitaire.AnimationManager$1.run(com.mobilityware.solitaire.AnimationManager$1@644595933)
I/org.umd.logging( 9405): Method < 1 com.mobilityware.solitaire.AnimationManager$1.run()
I/org.umd.logging( 9405): Method > 1 com.mobilityware.solitaire.AnimationManager$1.run(com.mobilityware.solitaire.AnimationManager$1@644595933)
I/org.umd.logging( 9405): Method < 1 com.mobilityware.solitaire.AnimationManager$1.run()
I/org.umd.logging( 9405): Method > 2156 com.vungle.publisher.bt$a.run(com.vungle.publisher.bt$a@622094548)
I/org.umd.logging( 9405): Method > 2156 com.vungle.publisher.bt$c.run(com.vungle.publisher.bt$c@697920125)
I/org.umd.logging( 9405): Method < 2156 com.vungle.publisher.bt$c.run()
I/org.umd.logging( 9405): Method < 2156 com.vungle.publisher.bt$a.run()
E/Cataloger( 6490): syncFile:/storage/emulated/0/2016-12-13_05:13:55.452.jpg
I/org.umd.logging( 9405): Method > 1 com.mobilityware.solitaire.MWView.onTouchEvent(com.mobilityware.solitaire.MWView@399791502<file=2016-12-13_05:13:55.452><x=0><y=0><width=768><height=1184><id=2131165254><imagename=mwview>, android.view.MotionEvent@894364997)
I/org.umd.logging( 9405): Method < 1 com.mobilityware.solitaire.MWView.onTouchEvent(true)
I/org.umd.logging( 9405): Method > 1 com.mobilityware.solitaire.MWView$4.run(com.mobilityware.solitaire.MWView$4@503625095)
E/Cataloger( 6490): syncFile:/storage/emulated/0/2016-12-13_05:13:55.452.jpg
I/org.umd.logging( 9405): Method < 1 com.mobilityware.solitaire.MWView$4.run()
E/Cataloger( 6490): syncFile:/storage/emulated/0/2016-12-13_05:13:55.713.jpg
I/PlayCommon( 7489): [2075] com.google.android.play.a.g.e(853): Preparing logs for uploading
I/PlayCommon( 7489): [2075] com.google.android.play.a.g.e(855): No file ready to send
I/org.umd.logging( 9405): Method > 1 com.mobilityware.solitaire.MWView.onTouchEvent(com.mobilityware.solitaire.MWView@399791502<file=2016-12-13_05:13:55.713><x=0><y=0><width=768><height=1184><id=2131165254><imagename=mwview>, android.view.MotionEvent@894364997)
E/Cataloger( 6490): syncFile:/storage/emulated/0/2016-12-13_05:13:55.713.jpg
I/org.umd.logging( 9405): Method < 1 com.mobilityware.solitaire.MWView.onTouchEvent(true)
I/PlayCommon( 7489): [2086] com.google.android.play.a.g.e(853): Preparing logs for uploading
I/PlayCommon( 7489): [2086] com.google.android.play.a.g.e(855): No file ready to send
E/Cataloger( 6490): syncFile:/storage/emulated/0/2016-12-13_05:13:55.968.jpg
I/org.umd.logging( 9405): Method > 1 com.mobilityware.solitaire.MWView.onTouchEvent(com.mobilityware.solitaire.MWView@399791502<file=2016-12-13_05:13:55.968><x=0><y=0><width=768><height=1184><id=2131165254><imagename=mwview>, android.view.MotionEvent@894364997)
I/org.umd.logging( 9405): Method < 1 com.mobilityware.solitaire.MWView.onTouchEvent(true)
E/Cataloger( 6490): syncFile:/storage/emulated/0/2016-12-13_05:13:55.968.jpg
I/org.umd.logging( 4986): Method > 1 com.cleanmaster.base.crash.util.debug.b.run(com.cleanmaster.base.crash.util.debug.b@453239735)
I/org.umd.logging( 4986): Method < 1 com.cleanmaster.base.crash.util.debug.b.run()
E/Cataloger( 6490): syncFile:/storage/emulated/0/2016-12-13_05:13:56.200.jpg
I/org.umd.logging( 9405): Method > 1 com.mobilityware.solitaire.MWView.onTouchEvent(com.mobilityware.solitaire.MWView@399791502<file=2016-12-13_05:13:56.200><x=0><y=0><width=768><height=1184><id=2131165254><imagename=mwview>, android.view.MotionEvent@894364997)
I/org.umd.logging( 9405): Method < 1 com.mobilityware.solitaire.MWView.onTouchEvent(true)
E/Cataloger( 6490): syncFile:/storage/emulated/0/2016-12-13_05:13:56.200.jpg
E/Cataloger( 6490): syncFile:/storage/emulated/0/2016-12-13_05:13:56.417.jpg
I/org.umd.logging( 9405): Method > 1 com.mobilityware.solitaire.MWView.onTouchEvent(com.mobilityware.solitaire.MWView@399791502<file=2016-12-13_05:13:56.417><x=0><y=0><width=768><height=1184><id=2131165254><imagename=mwview>, android.view.MotionEvent@894364997)
I/org.umd.logging( 9405): Api > 1 android.animation.AnimatorSet.start(android.animation.AnimatorSet@968441408)
I/org.umd.logging( 9405): Api < 1 android.animation.AnimatorSet.start()
I/org.umd.logging( 9405): Api > 1 android.animation.AnimatorSet.start(android.animation.AnimatorSet@636758815)
I/org.umd.logging( 9405): Api < 1 android.animation.AnimatorSet.start()
E/Cataloger( 6490): syncFile:/storage/emulated/0/2016-12-13_05:13:56.417.jpg
I/org.umd.logging( 9405): Api > 1 android.animation.AnimatorSet.start(android.animation.AnimatorSet@443836618)
I/org.umd.logging( 9405): Api < 1 android.animation.AnimatorSet.start()
I/org.umd.logging( 9405): Api > 1 android.media.MediaPlayer.start(android.media.MediaPlayer@798340145)
D/NuPlayerDriver(  190): start(0xb7a55a58)
I/org.umd.logging( 9405): Api < 1 android.media.MediaPlayer.start()
I/NuPlayerDecoder(  190): [OMX.google.vorbis.decoder] resubmitting CSD
W/SoftVorbis(  190): vorbis_dsp_synthesis returned -135
I/NuPlayerDecoder(  190): [OMX.google.vorbis.decoder] resubmitting CSD
W/SoftVorbis(  190): vorbis_dsp_synthesis returned -135
I/org.umd.logging( 9405): Method < 1 com.mobilityware.solitaire.MWView.onTouchEvent(true)
I/org.umd.logging( 9405): Method > 1 com.mobilityware.solitaire.MWView$4.run(com.mobilityware.solitaire.MWView$4@503625095)
I/org.umd.logging( 9405): Method < 1 com.mobilityware.solitaire.MWView$4.run()
I/org.umd.logging( 9405): Method > 2153 com.vungle.publisher.bt$a.run(com.vungle.publisher.bt$a@297425467)
I/org.umd.logging( 9405): Method > 2153 com.vungle.publisher.bt$c.run(com.vungle.publisher.bt$c@410555736)
I/org.umd.logging( 9405): Method < 2153 com.vungle.publisher.bt$c.run()
I/org.umd.logging( 9405): Method < 2153 com.vungle.publisher.bt$a.run()
I/org.umd.logging( 9405): Method > 1 com.mobilityware.solitaire.MWView$4.run(com.mobilityware.solitaire.MWView$4@503625095)
I/org.umd.logging( 9405): Method < 1 com.mobilityware.solitaire.MWView$4.run()
E/Cataloger( 6490): syncFile:/storage/emulated/0/2016-12-13_05:13:58.397.jpg
W/ResourceType( 9405): No known package when getting name for resource number 0xffffffff
I/org.umd.logging( 9405): Method > 1 com.mobilityware.solitaire.Toolbar$8.onClick(com.mobilityware.solitaire.Toolbar$8@770334487, android.widget.ImageButton@701056802<file=2016-12-13_05:13:58.397><x=249><y=1082><width=65><height=72><id=-1>)
E/Cataloger( 6490): syncFile:/storage/emulated/0/2016-12-13_05:13:58.397.jpg
V/WindowManager(  594): not Base app: Adding window Window{1a07fc54 u0 com.mobilityware.solitaire/com.mobilityware.solitaire.Solitaire} at 4 of 10
I/org.umd.logging( 9405): Method < 1 com.mobilityware.solitaire.Toolbar$8.onClick()
I/org.umd.logging( 9405): Method > 1 com.mobilityware.solitaire.MWView$4.run(com.mobilityware.solitaire.MWView$4@503625095)
I/org.umd.logging( 9405): Method < 1 com.mobilityware.solitaire.MWView$4.run()
I/org.umd.logging( 9405): Method > 1 com.mobilityware.solitaire.MWView$4.run(com.mobilityware.solitaire.MWView$4@503625095)
I/org.umd.logging( 9405): Method < 1 com.mobilityware.solitaire.MWView$4.run()
E/Cataloger( 6490): syncFile:/storage/emulated/0/2016-12-13_05:14:00.158.jpg
I/org.umd.logging( 9405): Method > 1 com.mobilityware.solitaire.MWView$18.onClick(com.mobilityware.solitaire.MWView$18@498288886, android.app.AlertDialog@871694180<file=2016-12-13_05:14:00.158><x=0><y=0><width=640><height=822>, 1)
E/Cataloger( 6490): syncFile:/storage/emulated/0/2016-12-13_05:14:00.158.jpg
V/WindowManager(  594): not Base app: Adding window Window{d5d56f9 u0 com.mobilityware.solitaire/com.mobilityware.solitaire.Solitaire} at 5 of 11
I/org.umd.logging( 9405): Method < 1 com.mobilityware.solitaire.MWView$18.onClick()
I/org.umd.logging( 9405): Method > 1 com.mobilityware.solitaire.MWView$4.run(com.mobilityware.solitaire.MWView$4@503625095)
I/org.umd.logging( 9405): Method < 1 com.mobilityware.solitaire.MWView$4.run()
I/DownloadManagerWrapper(  949): onReceive() : Charging = true
E/MtpServerJNI(  761): server is null in send_object_removed
E/Cataloger( 6490): syncFile:/storage/emulated/0/2016-12-13_05:14:01.747.jpg
I/org.umd.logging( 9405): Method > 1 com.mobilityware.solitaire.MWView$19.onClick(com.mobilityware.solitaire.MWView$19@829063557, android.app.AlertDialog@799923162<file=2016-12-13_05:14:01.747><x=0><y=0><width=704><height=510>, -1)
E/Cataloger( 6490): syncFile:/storage/emulated/0/2016-12-13_05:14:01.747.jpg
E/MediaPlayer( 9405): Should have subtitle controller already set
I/org.umd.logging( 9405): Api > 1 android.media.MediaPlayer.start(android.media.MediaPlayer@715077643)
D/NuPlayerDriver(  190): start(0xb7a26e08)
I/GenericSource(  190): start
I/org.umd.logging( 9405): Api < 1 android.media.MediaPlayer.start()
I/org.umd.logging( 9405): Method < 1 com.mobilityware.solitaire.MWView$19.onClick()
E/MediaPlayer( 9405): Should have subtitle controller already set
W/InputMethodManagerService(  594): Window already focused, ignoring focus gain of: com.android.internal.view.IInputMethodClient$Stub$Proxy@f9369b5 attribute=null, token = android.os.BinderProxy@25e08ea0
I/org.umd.logging( 9405): Method > 1 com.mobilityware.solitaire.MWView$1.run(com.mobilityware.solitaire.MWView$1@839338471)
I/org.umd.logging( 9405): Api > 1 android.animation.AnimatorSet.start(android.animation.AnimatorSet@909904946)
I/org.umd.logging( 9405): Api < 1 android.animation.AnimatorSet.start()
I/org.umd.logging( 9405): Method < 1 com.mobilityware.solitaire.MWView$1.run()
I/org.umd.logging( 9405): Method > 1 com.mobilityware.solitaire.AnimationManager$1.run(com.mobilityware.solitaire.AnimationManager$1@644595933)
I/org.umd.logging( 9405): Method < 1 com.mobilityware.solitaire.AnimationManager$1.run()
I/org.umd.logging( 9405): Method > 1 com.mobilityware.solitaire.MWView$1.run(com.mobilityware.solitaire.MWView$1@839338471)
I/org.umd.logging( 9405): Api > 1 android.animation.AnimatorSet.start(android.animation.AnimatorSet@215449401)
I/org.umd.logging( 9405): Api < 1 android.animation.AnimatorSet.start()
I/org.umd.logging( 9405): Method < 1 com.mobilityware.solitaire.MWView$1.run()
I/org.umd.logging( 9405): Method > 1 com.mobilityware.solitaire.AnimationManager$1.run(com.mobilityware.solitaire.AnimationManager$1@644595933)
I/org.umd.logging( 9405): Method < 1 com.mobilityware.solitaire.AnimationManager$1.run()
I/org.umd.logging( 9405): Method > 1 com.mobilityware.solitaire.AnimationManager$1.run(com.mobilityware.solitaire.AnimationManager$1@644595933)
I/org.umd.logging( 9405): Method < 1 com.mobilityware.solitaire.AnimationManager$1.run()
I/org.umd.logging( 9405): Method > 1 com.mobilityware.solitaire.MWView$1.run(com.mobilityware.solitaire.MWView$1@839338471)
I/org.umd.logging( 9405): Api > 1 android.animation.AnimatorSet.start(android.animation.AnimatorSet@463730476)
I/org.umd.logging( 9405): Api < 1 android.animation.AnimatorSet.start()
I/org.umd.logging( 9405): Method < 1 com.mobilityware.solitaire.MWView$1.run()
I/org.umd.logging( 9405): Method > 1 com.mobilityware.solitaire.AnimationManager$1.run(com.mobilityware.solitaire.AnimationManager$1@644595933)
I/org.umd.logging( 9405): Method < 1 com.mobilityware.solitaire.AnimationManager$1.run()
I/org.umd.logging( 9405): Method > 1 com.mobilityware.solitaire.MWView$1.run(com.mobilityware.solitaire.MWView$1@839338471)
I/org.umd.logging( 9405): Api > 1 android.animation.AnimatorSet.start(android.animation.AnimatorSet@200423931)
I/org.umd.logging( 9405): Api < 1 android.animation.AnimatorSet.start()
I/org.umd.logging( 9405): Method < 1 com.mobilityware.solitaire.MWView$1.run()
I/org.umd.logging( 9405): Method > 1 com.mobilityware.solitaire.AnimationManager$1.run(com.mobilityware.solitaire.AnimationManager$1@644595933)
I/org.umd.logging( 9405): Method < 1 com.mobilityware.solitaire.AnimationManager$1.run()
I/org.umd.logging( 9405): Method > 1 com.mobilityware.solitaire.MWView$1.run(com.mobilityware.solitaire.MWView$1@839338471)
I/org.umd.logging( 9405): Api > 1 android.animation.AnimatorSet.start(android.animation.AnimatorSet@191527510)
I/org.umd.logging( 9405): Api < 1 android.animation.AnimatorSet.start()
I/org.umd.logging( 9405): Method < 1 com.mobilityware.solitaire.MWView$1.run()
I/org.umd.logging( 9405): Method > 1 com.mobilityware.solitaire.AnimationManager$1.run(com.mobilityware.solitaire.AnimationManager$1@644595933)
I/org.umd.logging( 9405): Method < 1 com.mobilityware.solitaire.AnimationManager$1.run()
I/org.umd.logging( 9405): Method > 1 com.mobilityware.solitaire.MWView$1.run(com.mobilityware.solitaire.MWView$1@839338471)
I/org.umd.logging( 9405): Api > 1 android.animation.AnimatorSet.start(android.animation.AnimatorSet@656527021)
I/org.umd.logging( 9405): Api < 1 android.animation.AnimatorSet.start()
I/org.umd.logging( 9405): Method < 1 com.mobilityware.solitaire.MWView$1.run()
I/org.umd.logging( 9405): Method > 1 com.mobilityware.solitaire.AnimationManager$1.run(com.mobilityware.solitaire.AnimationManager$1@644595933)
I/org.umd.logging( 9405): Method < 1 com.mobilityware.solitaire.AnimationManager$1.run()
I/org.umd.logging( 9405): Method > 1 com.mobilityware.solitaire.AnimationManager$1.run(com.mobilityware.solitaire.AnimationManager$1@644595933)
I/org.umd.logging( 9405): Method < 1 com.mobilityware.solitaire.AnimationManager$1.run()
I/org.umd.logging( 9405): Method > 1 com.mobilityware.solitaire.MWView$1.run(com.mobilityware.solitaire.MWView$1@839338471)
I/org.umd.logging( 9405): Api > 1 android.animation.AnimatorSet.start(android.animation.AnimatorSet@271275056)
I/org.umd.logging( 9405): Api < 1 android.animation.AnimatorSet.start()
I/org.umd.logging( 9405): Method < 1 com.mobilityware.solitaire.MWView$1.run()
I/org.umd.logging( 9405): Method > 1 com.mobilityware.solitaire.AnimationManager$1.run(com.mobilityware.solitaire.AnimationManager$1@644595933)
I/org.umd.logging( 9405): Method < 1 com.mobilityware.solitaire.AnimationManager$1.run()
I/org.umd.logging( 9405): Method > 1 com.mobilityware.solitaire.MWView$1.run(com.mobilityware.solitaire.MWView$1@839338471)
I/org.umd.logging( 9405): Method < 1 com.mobilityware.solitaire.MWView$1.run()
I/org.umd.logging( 9405): Method > 1 com.mobilityware.solitaire.AnimationManager$1.run(com.mobilityware.solitaire.AnimationManager$1@644595933)
I/org.umd.logging( 9405): Method < 1 com.mobilityware.solitaire.AnimationManager$1.run()
I/org.umd.logging( 9405): Method > 1 com.mobilityware.solitaire.MWView$1.run(com.mobilityware.solitaire.MWView$1@839338471)
I/org.umd.logging( 9405): Api > 1 android.animation.AnimatorSet.start(android.animation.AnimatorSet@48885199)
I/org.umd.logging( 9405): Api < 1 android.animation.AnimatorSet.start()
I/org.umd.logging( 9405): Method < 1 com.mobilityware.solitaire.MWView$1.run()
I/org.umd.logging( 9405): Method > 1 com.mobilityware.solitaire.AnimationManager$1.run(com.mobilityware.solitaire.AnimationManager$1@644595933)
I/org.umd.logging( 9405): Method < 1 com.mobilityware.solitaire.AnimationManager$1.run()
I/org.umd.logging( 9405): Method > 1 com.mobilityware.solitaire.MWView$1.run(com.mobilityware.solitaire.MWView$1@839338471)
I/org.umd.logging( 9405): Api > 1 android.animation.AnimatorSet.start(android.animation.AnimatorSet@522211130)
I/org.umd.logging( 9405): Api < 1 android.animation.AnimatorSet.start()
I/org.umd.logging( 9405): Method < 1 com.mobilityware.solitaire.MWView$1.run()
I/org.umd.logging( 9405): Method > 1 com.mobilityware.solitaire.AnimationManager$1.run(com.mobilityware.solitaire.AnimationManager$1@644595933)
I/org.umd.logging( 9405): Method < 1 com.mobilityware.solitaire.AnimationManager$1.run()
I/org.umd.logging( 9405): Method > 1 com.mobilityware.solitaire.AnimationManager$1.run(com.mobilityware.solitaire.AnimationManager$1@644595933)
I/org.umd.logging( 9405): Method < 1 com.mobilityware.solitaire.AnimationManager$1.run()
I/org.umd.logging( 9405): Method > 1 com.mobilityware.solitaire.MWView$1.run(com.mobilityware.solitaire.MWView$1@839338471)
I/org.umd.logging( 9405): Api > 1 android.animation.AnimatorSet.start(android.animation.AnimatorSet@308069345)
I/org.umd.logging( 9405): Api < 1 android.animation.AnimatorSet.start()
I/org.umd.logging( 9405): Method < 1 com.mobilityware.solitaire.MWView$1.run()
I/org.umd.logging( 9405): Method > 1 com.mobilityware.solitaire.AnimationManager$1.run(com.mobilityware.solitaire.AnimationManager$1@644595933)
I/org.umd.logging( 9405): Method < 1 com.mobilityware.solitaire.AnimationManager$1.run()
I/org.umd.logging( 9405): Method > 1 com.mobilityware.solitaire.MWView$1.run(com.mobilityware.solitaire.MWView$1@839338471)
I/org.umd.logging( 9405): Api > 1 android.animation.AnimatorSet.start(android.animation.AnimatorSet@659612148)
I/org.umd.logging( 9405): Api < 1 android.animation.AnimatorSet.start()
I/org.umd.logging( 9405): Method < 1 com.mobilityware.solitaire.MWView$1.run()
I/org.umd.logging( 9405): Method > 1 com.mobilityware.solitaire.AnimationManager$1.run(com.mobilityware.solitaire.AnimationManager$1@644595933)
I/org.umd.logging( 9405): Method < 1 com.mobilityware.solitaire.AnimationManager$1.run()
I/org.umd.logging( 9405): Method > 1 com.mobilityware.solitaire.MWView$1.run(com.mobilityware.solitaire.MWView$1@839338471)
I/org.umd.logging( 9405): Api > 1 android.animation.AnimatorSet.start(android.animation.AnimatorSet@759634275)
I/org.umd.logging( 9405): Api < 1 android.animation.AnimatorSet.start()
I/org.umd.logging( 9405): Method < 1 com.mobilityware.solitaire.MWView$1.run()
I/org.umd.logging( 9405): Method > 1 com.mobilityware.solitaire.AnimationManager$1.run(com.mobilityware.solitaire.AnimationManager$1@644595933)
I/org.umd.logging( 9405): Method < 1 com.mobilityware.solitaire.AnimationManager$1.run()
I/org.umd.logging( 9405): Method > 1 com.mobilityware.solitaire.AnimationManager$1.run(com.mobilityware.solitaire.AnimationManager$1@644595933)
I/org.umd.logging( 9405): Method < 1 com.mobilityware.solitaire.AnimationManager$1.run()
I/org.umd.logging( 9405): Method > 1 com.mobilityware.solitaire.MWView$1.run(com.mobilityware.solitaire.MWView$1@839338471)
I/org.umd.logging( 9405): Api > 1 android.animation.AnimatorSet.start(android.animation.AnimatorSet@105172702)
I/org.umd.logging( 9405): Api < 1 android.animation.AnimatorSet.start()
I/org.umd.logging( 9405): Method < 1 com.mobilityware.solitaire.MWView$1.run()
I/org.umd.logging( 9405): Method > 1 com.mobilityware.solitaire.AnimationManager$1.run(com.mobilityware.solitaire.AnimationManager$1@644595933)
I/org.umd.logging( 9405): Method < 1 com.mobilityware.solitaire.AnimationManager$1.run()
I/org.umd.logging( 9405): Method > 1 com.mobilityware.solitaire.MWView$1.run(com.mobilityware.solitaire.MWView$1@839338471)
I/org.umd.logging( 9405): Method < 1 com.mobilityware.solitaire.MWView$1.run()
I/org.umd.logging( 9405): Method > 1 com.mobilityware.solitaire.AnimationManager$1.run(com.mobilityware.solitaire.AnimationManager$1@644595933)
I/org.umd.logging( 9405): Method < 1 com.mobilityware.solitaire.AnimationManager$1.run()
I/org.umd.logging( 9405): Method > 1 com.mobilityware.solitaire.MWView$1.run(com.mobilityware.solitaire.MWView$1@839338471)
I/org.umd.logging( 9405): Api > 1 android.animation.AnimatorSet.start(android.animation.AnimatorSet@536572629)
I/org.umd.logging( 9405): Api < 1 android.animation.AnimatorSet.start()
I/org.umd.logging( 9405): Method < 1 com.mobilityware.solitaire.MWView$1.run()
I/org.umd.logging( 9405): Method > 1 com.mobilityware.solitaire.AnimationManager$1.run(com.mobilityware.solitaire.AnimationManager$1@644595933)
I/org.umd.logging( 9405): Method < 1 com.mobilityware.solitaire.AnimationManager$1.run()
I/org.umd.logging( 9405): Method > 1 com.mobilityware.solitaire.AnimationManager$1.run(com.mobilityware.solitaire.AnimationManager$1@644595933)
I/org.umd.logging( 9405): Method < 1 com.mobilityware.solitaire.AnimationManager$1.run()
I/org.umd.logging( 9405): Method > 1 com.mobilityware.solitaire.MWView$1.run(com.mobilityware.solitaire.MWView$1@839338471)
I/org.umd.logging( 9405): Api > 1 android.animation.AnimatorSet.start(android.animation.AnimatorSet@1042400376)
I/org.umd.logging( 9405): Api < 1 android.animation.AnimatorSet.start()
I/org.umd.logging( 9405): Method < 1 com.mobilityware.solitaire.MWView$1.run()
I/org.umd.logging( 9405): Method > 1 com.mobilityware.solitaire.AnimationManager$1.run(com.mobilityware.solitaire.AnimationManager$1@644595933)
I/org.umd.logging( 9405): Method < 1 com.mobilityware.solitaire.AnimationManager$1.run()
I/org.umd.logging( 9405): Method > 1 com.mobilityware.solitaire.MWView$1.run(com.mobilityware.solitaire.MWView$1@839338471)
I/org.umd.logging( 9405): Api > 1 android.animation.AnimatorSet.start(android.animation.AnimatorSet@264515767)
I/org.umd.logging( 9405): Api < 1 android.animation.AnimatorSet.start()
I/org.umd.logging( 9405): Method < 1 com.mobilityware.solitaire.MWView$1.run()
I/org.umd.logging( 9405): Method > 1 com.mobilityware.solitaire.AnimationManager$1.run(com.mobilityware.solitaire.AnimationManager$1@644595933)
