--------- beginning of main
I/DownloadManagerWrapper(  949): onReceive() : Charging = true
I/DownloadManagerWrapper(  949): onReceive() : Charging = true
W/Settings( 6490): Setting stay_on_while_plugged_in has moved from android.provider.Settings.System to android.provider.Settings.Global, returning read-only value.
E/MtpServerJNI(  761): server is null in send_object_removed
--------- beginning of system
I/ActivityManager(  594): START u0 {act=android.intent.action.MAIN cat=[android.intent.category.LAUNCHER] flg=0x10200000 cmp=com.mobilityware.solitaire/.Solitaire (has extras)} from uid 10014 on display 0
V/WindowManager(  594): addAppToken: AppWindowToken{313a740f token=Token{21e8356e ActivityRecord{269eb4e9 u0 com.mobilityware.solitaire/.Solitaire t33}}} to stack=1 task=33 at 0
V/WindowManager(  594): Adding window Window{3e24b6a5 u0 Starting com.mobilityware.solitaire} at 3 of 9 (after Window{1c6549af u0 com.android.launcher/com.android.launcher2.Launcher})
D/audio_hw_primary(  190): select_devices: out_snd_device(2: speaker) in_snd_device(0: none)
D/ACDB-LOADER(  190): ACDB -> send_afe_cal
D/audio_hw_primary(  190): enable_snd_device: snd_device(2: speaker)
D/audio_hw_primary(  190): enable_audio_route: apply and update mixer path: low-latency-playback
I/ActivityManager(  594): Start proc 9405:com.mobilityware.solitaire/u0a216 for activity com.mobilityware.solitaire/.Solitaire
I/org.umd.logging( 9405): Method > 1 com.mobilityware.solitaire.SolitaireApplication.onCreate(com.mobilityware.solitaire.SolitaireApplication@410649080)
I/org.umd.logging( 9405): Method < 1 com.mobilityware.solitaire.SolitaireApplication.onCreate()
I/org.umd.logging( 9405): Method > 1 com.mobilityware.solitaire.Solitaire.onCreate(com.mobilityware.solitaire.Solitaire@839259446<activity=true>, null)
I/org.umd.logging( 9405): Api > 1 android.content.Intent.<init>(android.content.Intent@424232356, "android.intent.action.VIEW", android.net.Uri$StringUri@403363027<URI=market://details?id=com.mobilityware.solitaire>)
I/org.umd.logging( 9405): Api < 1 android.content.Intent.<init>(android.content.Intent@424232356)
I/org.umd.logging( 9405): Method > 1 com.mobilityware.solitaire.PlayServices.onCreate(com.mobilityware.solitaire.PlayServices@131747593, com.mobilityware.solitaire.Solitaire@839259446, com.mobilityware.solitaire.Solitaire@839259446, true)
W/PopupManager( 9405): You have not specified a View to use as content view for popups. Falling back to the Activity content view which may not work properly in future versions of the API. Use setViewForPopups() to set your content view.
I/org.umd.logging( 9405): Method < 1 com.mobilityware.solitaire.PlayServices.onCreate()
I/org.umd.logging( 9405): Api > 1 java.lang.Thread.start(com.mobilityware.advertising.AdParams@162533671<thread=2078>)
I/org.umd.logging( 9405): Api < 1 java.lang.Thread.start()
I/org.umd.logging( 9405): Method > 2078 com.mobilityware.advertising.AdParams.onResume(com.mobilityware.advertising.AdParams@162533671<thread=2078>)
D/AdParams( 9405): download url:http://ads.mobilityware.com/adparams/AndroidSolitaire.xml
I/org.umd.logging( 9405): Api > 2078 java.net.URL.openConnection(java.net.URL@538088829<URL=http://ads.mobilityware.com/adparams/AndroidSolitaire.xml>)
I/org.umd.logging( 9405): Api < 2078 java.net.URL.openConnection(com.android.okhttp.internal.http.HttpURLConnectionImpl@123917676)
I/org.umd.logging( 9405): Api > 2078 java.net.URLConnection.getInputStream(com.android.okhttp.internal.http.HttpURLConnectionImpl@123917676)
I/org.umd.logging( 9405): Method < 1 com.mobilityware.solitaire.Solitaire.onCreate()
I/org.umd.logging( 9405): Method > 1 com.mobilityware.solitaire.Solitaire.onStart(com.mobilityware.solitaire.Solitaire@839259446<activity=true>)
I/Solitaire( 9405): onStart
I/org.umd.logging( 9405): Api > 1 android.os.HandlerThread.start(android.os.HandlerThread@959041969<thread=2082>)
I/org.umd.logging( 9405): Api < 1 android.os.HandlerThread.start()
I/org.umd.logging( 9405): Api > 1 android.net.ConnectivityManager.getActiveNetworkInfo(android.net.ConnectivityManager@36278807)
I/org.umd.logging( 9405): Api < 1 android.net.ConnectivityManager.getActiveNetworkInfo(android.net.NetworkInfo@2088560)
I/org.umd.logging( 9405): Api > 1 android.net.ConnectivityManager.getActiveNetworkInfo(android.net.ConnectivityManager@36278807)
I/org.umd.logging( 9405): Api < 1 android.net.ConnectivityManager.getActiveNetworkInfo(android.net.NetworkInfo@1039664617)
I/org.umd.logging( 9405): Method > 2082 com.flurry.sdk.fc.run(com.flurry.sdk.dg$1@4331429)
I/org.umd.logging( 9405): Api > 1 android.location.LocationManager.getBestProvider(android.location.LocationManager@832244523, android.location.Criteria@409045281, true)
I/org.umd.logging( 9405): Api < 1 android.location.LocationManager.getBestProvider(null)
I/org.umd.logging( 9405): Method > 1 com.mobilityware.solitaire.PlayServices.onStart(com.mobilityware.solitaire.PlayServices@131747593)
I/org.umd.logging( 9405): Method < 1 com.mobilityware.solitaire.PlayServices.onStart()
I/org.umd.logging( 9405): Method < 1 com.mobilityware.solitaire.Solitaire.onStart()
I/org.umd.logging( 9405): Method > 1 com.mobilityware.solitaire.Solitaire.onResume(com.mobilityware.solitaire.Solitaire@839259446<activity=true>)
I/org.umd.logging( 9405): Method < 1 com.mobilityware.solitaire.Solitaire.onResume()
D/OpenGLRenderer( 9405): Use EGL_SWAP_BEHAVIOR_PRESERVED: true
D/Atlas   ( 9405): Validating map...
V/WindowManager(  594): Adding window Window{3bd1aa59 u0 com.mobilityware.solitaire/com.mobilityware.solitaire.Solitaire} at 3 of 10 (before Window{3e24b6a5 u0 Starting com.mobilityware.solitaire})
I/org.umd.logging( 9405): Method > 1 com.mobilityware.solitaire.Solitaire$1.run(com.mobilityware.solitaire.Solitaire$1@1017943645)
I/org.umd.logging( 9405): Method < 1 com.mobilityware.solitaire.Solitaire$1.run()
I/org.umd.logging( 9405): Method > 1 com.flurry.sdk.es.onReceive(com.flurry.sdk.es@798863982, com.mobilityware.solitaire.SolitaireApplication@410649080, android.content.Intent@703837347<action=android.net.conn.CONNECTIVITY_CHANGE><data=null><package=null><component=null><type=null><filter_hashcode=-1172645946><networkInfo=None><networkType=None><inetCondition=None><extraInfo=None><umd_Intent_key=None>)
I/org.umd.logging( 9405): Api > 1 android.net.ConnectivityManager.getActiveNetworkInfo(android.net.ConnectivityManager@36278807)
I/org.umd.logging( 9405): Api < 1 android.net.ConnectivityManager.getActiveNetworkInfo(android.net.NetworkInfo@920634272)
I/org.umd.logging( 9405): Method < 1 com.flurry.sdk.es.onReceive()
I/org.umd.logging( 9405): Method < 2082 com.flurry.sdk.fc.run()
I/org.umd.logging( 9405): Method > 2082 com.flurry.sdk.fc.run(com.flurry.sdk.dg$2@1016173342)
I/org.umd.logging( 9405): Api > 2082 android.telephony.TelephonyManager.getDeviceId(android.telephony.TelephonyManager@319650252)
I/org.umd.logging( 9405): Api < 2082 android.telephony.TelephonyManager.getDeviceId("353918052133903")
I/Adreno-EGL( 9405): <qeglDrvAPI_eglInitialize:379>: QUALCOMM Build: 01/15/15, ab0075f, Id3510ff6dc
I/OpenGLRenderer( 9405): Initialized EGL, version 1.4
I/org.umd.logging( 9405): Method < 2082 com.flurry.sdk.fc.run()
I/org.umd.logging( 9405): Method > 2082 com.flurry.sdk.fc.run(com.flurry.sdk.dg$3@717210410)
I/org.umd.logging( 9405): Method < 2082 com.flurry.sdk.fc.run()
I/org.umd.logging( 9405): Method > 2082 com.flurry.sdk.fc.run(com.flurry.sdk.dg$4@1064172689)
I/org.umd.logging( 9405): Method < 2082 com.flurry.sdk.fc.run()
I/org.umd.logging( 9405): Method > 2082 com.flurry.sdk.fc.run(com.flurry.sdk.dg$5@933881847)
I/org.umd.logging( 9405): Method < 2082 com.flurry.sdk.fc.run()
I/org.umd.logging( 9405): Method > 2082 com.flurry.sdk.fc.run(com.flurry.sdk.db$1@203001218)
I/org.umd.logging( 9405): Method < 2082 com.flurry.sdk.fc.run()
I/org.umd.logging( 9405): Method > 2082 com.flurry.sdk.fc.run(com.flurry.sdk.db$3@968578256)
I/org.umd.logging( 9405): Method < 2082 com.flurry.sdk.fc.run()
I/org.umd.logging( 9405): Method > 2082 com.flurry.sdk.fc.run(com.flurry.sdk.db$2@1045888974)
D/OpenGLRenderer( 9405): Enabling debug mode 0
I/org.umd.logging( 9405): Method < 2082 com.flurry.sdk.fc.run()
I/org.umd.logging( 9405): Method > 2082 com.flurry.sdk.fc.run(com.flurry.sdk.db$3@877649647)
I/org.umd.logging( 9405): Method < 2082 com.flurry.sdk.fc.run()
I/org.umd.logging( 9405): Method > 2084 com.flurry.sdk.fc.run(com.flurry.sdk.ed$1$1@452340737)
I/org.umd.logging( 9405): Method < 2084 com.flurry.sdk.fc.run()
I/org.umd.logging( 9405): Method > 2084 com.flurry.sdk.fc.run(com.flurry.sdk.ei@635914970)
I/org.umd.logging( 9405): Api > 2084 java.net.URL.openConnection(java.net.URL@334413031<URL=https://data.flurry.com/aap.do>)
I/org.umd.logging( 9405): Api < 2084 java.net.URL.openConnection(com.android.okhttp.internal.http.HttpsURLConnectionImpl@915965757)
I/org.umd.logging( 9405): Method > 1 com.mobilityware.solitaire.Solitaire$1.run(com.mobilityware.solitaire.Solitaire$1@1017943645)
I/org.umd.logging( 9405): Method < 1 com.mobilityware.solitaire.Solitaire$1.run()
I/org.umd.logging( 9405): Method > 1 com.mobilityware.solitaire.Solitaire$1.run(com.mobilityware.solitaire.Solitaire$1@1017943645)
I/org.umd.logging( 9405): Method < 1 com.mobilityware.solitaire.Solitaire$1.run()
I/ActivityManager(  594): Displayed com.mobilityware.solitaire/.Solitaire: +453ms
I/org.umd.logging( 9405): Method > 1 com.mobilityware.solitaire.Solitaire$1.run(com.mobilityware.solitaire.Solitaire$1@1017943645)
I/org.umd.logging( 9405): Method < 1 com.mobilityware.solitaire.Solitaire$1.run()
I/org.umd.logging( 9405): Method > 1 com.mobilityware.solitaire.Solitaire$1.run(com.mobilityware.solitaire.Solitaire$1@1017943645)
I/org.umd.logging( 9405): Method < 1 com.mobilityware.solitaire.Solitaire$1.run()
I/org.umd.logging( 9405): Method > 1 com.mobilityware.solitaire.Solitaire$1.run(com.mobilityware.solitaire.Solitaire$1@1017943645)
I/org.umd.logging( 9405): Method < 1 com.mobilityware.solitaire.Solitaire$1.run()
I/org.umd.logging( 9405): Method > 1 com.mobilityware.solitaire.Solitaire$1.run(com.mobilityware.solitaire.Solitaire$1@1017943645)
I/org.umd.logging( 9405): Method < 1 com.mobilityware.solitaire.Solitaire$1.run()
I/org.umd.logging( 9405): Method > 1 com.mobilityware.solitaire.Solitaire$1.run(com.mobilityware.solitaire.Solitaire$1@1017943645)
I/org.umd.logging( 9405): Method < 1 com.mobilityware.solitaire.Solitaire$1.run()
I/org.umd.logging( 9405): Method > 1 com.mobilityware.solitaire.Solitaire$1.run(com.mobilityware.solitaire.Solitaire$1@1017943645)
I/org.umd.logging( 9405): Method < 1 com.mobilityware.solitaire.Solitaire$1.run()
I/org.umd.logging( 9405): Method > 1 com.mobilityware.solitaire.Solitaire$1.run(com.mobilityware.solitaire.Solitaire$1@1017943645)
I/org.umd.logging( 9405): Method < 1 com.mobilityware.solitaire.Solitaire$1.run()
I/org.umd.logging( 9405): Method > 1 com.mobilityware.solitaire.Solitaire$1.run(com.mobilityware.solitaire.Solitaire$1@1017943645)
I/org.umd.logging( 9405): Method < 1 com.mobilityware.solitaire.Solitaire$1.run()
I/org.umd.logging( 9405): Method > 1 com.mobilityware.solitaire.Solitaire$1.run(com.mobilityware.solitaire.Solitaire$1@1017943645)
I/org.umd.logging( 9405): Method < 1 com.mobilityware.solitaire.Solitaire$1.run()
I/org.umd.logging( 9405): Method > 1 com.mobilityware.solitaire.Solitaire$1.run(com.mobilityware.solitaire.Solitaire$1@1017943645)
I/org.umd.logging( 9405): Method < 1 com.mobilityware.solitaire.Solitaire$1.run()
I/org.umd.logging( 9405): Method > 1 com.mobilityware.solitaire.Solitaire$1.run(com.mobilityware.solitaire.Solitaire$1@1017943645)
I/org.umd.logging( 9405): Method < 1 com.mobilityware.solitaire.Solitaire$1.run()
I/org.umd.logging( 9405): Method > 1 com.mobilityware.solitaire.Solitaire$1.run(com.mobilityware.solitaire.Solitaire$1@1017943645)
I/org.umd.logging( 9405): Method < 1 com.mobilityware.solitaire.Solitaire$1.run()
I/org.umd.logging( 9405): Method > 1 com.mobilityware.solitaire.Solitaire$1.run(com.mobilityware.solitaire.Solitaire$1@1017943645)
I/org.umd.logging( 9405): Method < 1 com.mobilityware.solitaire.Solitaire$1.run()
I/org.umd.logging( 9405): Method > 1 com.mobilityware.solitaire.Solitaire$1.run(com.mobilityware.solitaire.Solitaire$1@1017943645)
I/org.umd.logging( 9405): Method < 1 com.mobilityware.solitaire.Solitaire$1.run()
I/org.umd.logging( 9405): Method > 1 com.mobilityware.solitaire.Solitaire$1.run(com.mobilityware.solitaire.Solitaire$1@1017943645)
I/org.umd.logging( 9405): Method < 1 com.mobilityware.solitaire.Solitaire$1.run()
I/org.umd.logging( 9405): Method > 1 com.mobilityware.solitaire.Solitaire$1.run(com.mobilityware.solitaire.Solitaire$1@1017943645)
I/org.umd.logging( 9405): Method < 1 com.mobilityware.solitaire.Solitaire$1.run()
I/org.umd.logging( 9405): Method > 1 com.mobilityware.solitaire.Solitaire$1.run(com.mobilityware.solitaire.Solitaire$1@1017943645)
I/org.umd.logging( 9405): Method < 1 com.mobilityware.solitaire.Solitaire$1.run()
I/org.umd.logging( 9405): Method > 1 com.mobilityware.solitaire.Solitaire$1.run(com.mobilityware.solitaire.Solitaire$1@1017943645)
I/org.umd.logging( 9405): Method < 1 com.mobilityware.solitaire.Solitaire$1.run()
I/org.umd.logging( 9405): Method > 1 com.mobilityware.solitaire.Solitaire$1.run(com.mobilityware.solitaire.Solitaire$1@1017943645)
I/org.umd.logging( 9405): Method < 1 com.mobilityware.solitaire.Solitaire$1.run()
I/org.umd.logging( 9405): Method > 1 com.mobilityware.solitaire.Solitaire$1.run(com.mobilityware.solitaire.Solitaire$1@1017943645)
I/org.umd.logging( 9405): Method < 1 com.mobilityware.solitaire.Solitaire$1.run()
I/org.umd.logging( 9405): Method > 1 com.mobilityware.solitaire.Solitaire$1.run(com.mobilityware.solitaire.Solitaire$1@1017943645)
I/org.umd.logging( 9405): Method < 1 com.mobilityware.solitaire.Solitaire$1.run()
I/org.umd.logging( 9405): Method > 1 com.mobilityware.solitaire.Solitaire$1.run(com.mobilityware.solitaire.Solitaire$1@1017943645)
I/org.umd.logging( 9405): Method < 1 com.mobilityware.solitaire.Solitaire$1.run()
I/org.umd.logging( 9405): Method > 1 com.mobilityware.solitaire.Solitaire$1.run(com.mobilityware.solitaire.Solitaire$1@1017943645)
I/org.umd.logging( 9405): Method < 1 com.mobilityware.solitaire.Solitaire$1.run()
I/org.umd.logging( 9405): Method > 1 com.mobilityware.solitaire.Solitaire$1.run(com.mobilityware.solitaire.Solitaire$1@1017943645)
I/org.umd.logging( 9405): Method < 1 com.mobilityware.solitaire.Solitaire$1.run()
I/org.umd.logging( 9405): Method > 1 com.mobilityware.solitaire.Solitaire$1.run(com.mobilityware.solitaire.Solitaire$1@1017943645)
I/org.umd.logging( 9405): Method < 1 com.mobilityware.solitaire.Solitaire$1.run()
I/org.umd.logging( 9405): Method > 1 com.mobilityware.solitaire.Solitaire$1.run(com.mobilityware.solitaire.Solitaire$1@1017943645)
I/org.umd.logging( 9405): Method < 1 com.mobilityware.solitaire.Solitaire$1.run()
I/org.umd.logging( 9405): Method > 1 com.mobilityware.solitaire.Solitaire$1.run(com.mobilityware.solitaire.Solitaire$1@1017943645)
I/org.umd.logging( 9405): Method < 1 com.mobilityware.solitaire.Solitaire$1.run()
I/org.umd.logging( 9405): Method > 1 com.mobilityware.solitaire.Solitaire$1.run(com.mobilityware.solitaire.Solitaire$1@1017943645)
I/org.umd.logging( 9405): Method < 1 com.mobilityware.solitaire.Solitaire$1.run()
I/org.umd.logging( 9405): Method > 2082 com.flurry.sdk.fc.run(com.flurry.sdk.da$2@653278143)
I/org.umd.logging( 9405): Method < 2082 com.flurry.sdk.fc.run()
I/org.umd.logging( 9405): Method < 2084 com.flurry.sdk.fc.run()
I/org.umd.logging( 9405): Method > 2082 com.flurry.sdk.fc.run(com.flurry.sdk.db$4@489913813)
I/org.umd.logging( 9405): Method > 2084 com.flurry.sdk.fc.run(com.flurry.sdk.ed$1$2@309777627)
I/org.umd.logging( 9405): Method < 2084 com.flurry.sdk.fc.run()
I/org.umd.logging( 9405): Method < 2082 com.flurry.sdk.fc.run()
I/org.umd.logging( 9405): Method > 2082 com.flurry.sdk.fc.run(com.flurry.sdk.db$3@232098680)
I/org.umd.logging( 9405): Method < 2082 com.flurry.sdk.fc.run()
I/org.umd.logging( 9405): Method > 1 com.mobilityware.solitaire.Solitaire$1.run(com.mobilityware.solitaire.Solitaire$1@1017943645)
I/org.umd.logging( 9405): Method < 1 com.mobilityware.solitaire.Solitaire$1.run()
I/org.umd.logging( 9405): Method > 1 com.mobilityware.solitaire.Solitaire$1.run(com.mobilityware.solitaire.Solitaire$1@1017943645)
I/org.umd.logging( 9405): Method < 1 com.mobilityware.solitaire.Solitaire$1.run()
I/org.umd.logging( 9405): Method > 1 com.mobilityware.solitaire.Solitaire$1.run(com.mobilityware.solitaire.Solitaire$1@1017943645)
I/org.umd.logging( 9405): Method < 1 com.mobilityware.solitaire.Solitaire$1.run()
I/org.umd.logging( 9405): Method > 1 com.mobilityware.solitaire.Solitaire$1.run(com.mobilityware.solitaire.Solitaire$1@1017943645)
I/org.umd.logging( 9405): Method < 1 com.mobilityware.solitaire.Solitaire$1.run()
I/org.umd.logging( 9405): Method > 1 com.mobilityware.solitaire.Solitaire$1.run(com.mobilityware.solitaire.Solitaire$1@1017943645)
I/org.umd.logging( 9405): Method < 1 com.mobilityware.solitaire.Solitaire$1.run()
I/org.umd.logging( 9405): Method > 1 com.mobilityware.solitaire.Solitaire$1.run(com.mobilityware.solitaire.Solitaire$1@1017943645)
I/org.umd.logging( 9405): Method < 1 com.mobilityware.solitaire.Solitaire$1.run()
I/org.umd.logging( 9405): Method > 1 com.mobilityware.solitaire.Solitaire$1.run(com.mobilityware.solitaire.Solitaire$1@1017943645)
I/org.umd.logging( 9405): Method < 1 com.mobilityware.solitaire.Solitaire$1.run()
I/org.umd.logging( 9405): Method > 1 com.mobilityware.solitaire.Solitaire$1.run(com.mobilityware.solitaire.Solitaire$1@1017943645)
I/org.umd.logging( 9405): Method < 1 com.mobilityware.solitaire.Solitaire$1.run()
I/org.umd.logging( 9405): Method > 1 com.mobilityware.solitaire.Solitaire$1.run(com.mobilityware.solitaire.Solitaire$1@1017943645)
I/org.umd.logging( 9405): Method < 1 com.mobilityware.solitaire.Solitaire$1.run()
I/org.umd.logging( 9405): Method > 1 com.mobilityware.solitaire.Solitaire$1.run(com.mobilityware.solitaire.Solitaire$1@1017943645)
I/org.umd.logging( 9405): Method < 1 com.mobilityware.solitaire.Solitaire$1.run()
I/org.umd.logging( 9405): Method > 1 com.mobilityware.solitaire.Solitaire$1.run(com.mobilityware.solitaire.Solitaire$1@1017943645)
I/org.umd.logging( 9405): Method < 1 com.mobilityware.solitaire.Solitaire$1.run()
I/org.umd.logging( 9405): Method > 1 com.mobilityware.solitaire.Solitaire$1.run(com.mobilityware.solitaire.Solitaire$1@1017943645)
I/org.umd.logging( 9405): Method < 1 com.mobilityware.solitaire.Solitaire$1.run()
I/org.umd.logging( 9405): Method > 1 com.mobilityware.solitaire.Solitaire$1.run(com.mobilityware.solitaire.Solitaire$1@1017943645)
I/org.umd.logging( 9405): Method < 1 com.mobilityware.solitaire.Solitaire$1.run()
I/org.umd.logging( 9405): Method > 1 com.mobilityware.solitaire.Solitaire$1.run(com.mobilityware.solitaire.Solitaire$1@1017943645)
I/org.umd.logging( 9405): Method < 1 com.mobilityware.solitaire.Solitaire$1.run()
I/org.umd.logging( 9405): Method > 1 com.mobilityware.solitaire.Solitaire$1.run(com.mobilityware.solitaire.Solitaire$1@1017943645)
I/org.umd.logging( 9405): Method < 1 com.mobilityware.solitaire.Solitaire$1.run()
I/org.umd.logging( 9405): Method > 1 com.mobilityware.solitaire.Solitaire$1.run(com.mobilityware.solitaire.Solitaire$1@1017943645)
I/org.umd.logging( 9405): Method < 1 com.mobilityware.solitaire.Solitaire$1.run()
I/org.umd.logging( 9405): Method > 1 com.mobilityware.solitaire.Solitaire$1.run(com.mobilityware.solitaire.Solitaire$1@1017943645)
I/org.umd.logging( 9405): Method < 1 com.mobilityware.solitaire.Solitaire$1.run()
I/org.umd.logging( 9405): Method > 1 com.mobilityware.solitaire.Solitaire$1.run(com.mobilityware.solitaire.Solitaire$1@1017943645)
I/org.umd.logging( 9405): Method < 1 com.mobilityware.solitaire.Solitaire$1.run()
I/org.umd.logging( 9405): Method > 1 com.mobilityware.solitaire.Solitaire$1.run(com.mobilityware.solitaire.Solitaire$1@1017943645)
I/org.umd.logging( 9405): Method < 1 com.mobilityware.solitaire.Solitaire$1.run()
I/org.umd.logging( 9405): Method > 1 com.mobilityware.solitaire.Solitaire$1.run(com.mobilityware.solitaire.Solitaire$1@1017943645)
I/org.umd.logging( 9405): Method < 1 com.mobilityware.solitaire.Solitaire$1.run()
I/org.umd.logging( 9405): Method > 1 com.mobilityware.solitaire.Solitaire$1.run(com.mobilityware.solitaire.Solitaire$1@1017943645)
I/org.umd.logging( 9405): Method < 1 com.mobilityware.solitaire.Solitaire$1.run()
I/org.umd.logging( 9405): Method > 1 com.mobilityware.solitaire.Solitaire$1.run(com.mobilityware.solitaire.Solitaire$1@1017943645)
I/org.umd.logging( 9405): Method < 1 com.mobilityware.solitaire.Solitaire$1.run()
I/org.umd.logging( 9405): Method > 1 com.mobilityware.solitaire.Solitaire$1.run(com.mobilityware.solitaire.Solitaire$1@1017943645)
I/org.umd.logging( 9405): Method < 1 com.mobilityware.solitaire.Solitaire$1.run()
I/org.umd.logging( 9405): Method > 1 com.mobilityware.solitaire.Solitaire$1.run(com.mobilityware.solitaire.Solitaire$1@1017943645)
I/org.umd.logging( 9405): Method < 1 com.mobilityware.solitaire.Solitaire$1.run()
I/org.umd.logging( 9405): Method > 1 com.mobilityware.solitaire.Solitaire$1.run(com.mobilityware.solitaire.Solitaire$1@1017943645)
I/org.umd.logging( 9405): Method < 1 com.mobilityware.solitaire.Solitaire$1.run()
I/org.umd.logging( 9405): Method > 1 com.mobilityware.solitaire.Solitaire$1.run(com.mobilityware.solitaire.Solitaire$1@1017943645)
I/org.umd.logging( 9405): Method < 1 com.mobilityware.solitaire.Solitaire$1.run()
I/org.umd.logging( 9405): Method > 1 com.mobilityware.solitaire.Solitaire$1.run(com.mobilityware.solitaire.Solitaire$1@1017943645)
I/org.umd.logging( 9405): Method < 1 com.mobilityware.solitaire.Solitaire$1.run()
I/org.umd.logging( 9405): Method > 1 com.mobilityware.solitaire.Solitaire$1.run(com.mobilityware.solitaire.Solitaire$1@1017943645)
I/org.umd.logging( 9405): Method < 1 com.mobilityware.solitaire.Solitaire$1.run()
I/org.umd.logging( 9405): Method > 1 com.mobilityware.solitaire.Solitaire$1.run(com.mobilityware.solitaire.Solitaire$1@1017943645)
I/org.umd.logging( 9405): Method < 1 com.mobilityware.solitaire.Solitaire$1.run()
I/org.umd.logging( 9405): Method > 1 com.mobilityware.solitaire.Solitaire$1.run(com.mobilityware.solitaire.Solitaire$1@1017943645)
I/org.umd.logging( 9405): Method < 1 com.mobilityware.solitaire.Solitaire$1.run()
I/org.umd.logging( 9405): Method > 1 com.mobilityware.solitaire.Solitaire$1.run(com.mobilityware.solitaire.Solitaire$1@1017943645)
I/org.umd.logging( 9405): Method < 1 com.mobilityware.solitaire.Solitaire$1.run()
I/org.umd.logging( 9405): Method > 1 com.mobilityware.solitaire.Solitaire$1.run(com.mobilityware.solitaire.Solitaire$1@1017943645)
I/org.umd.logging( 9405): Api > 1 java.lang.Thread.start(com.mobilityware.solitaire.WinDeal@719868074<thread=2087>)
I/org.umd.logging( 9405): Api < 1 java.lang.Thread.start()
I/org.umd.logging( 9405): Method > 2087 com.mobilityware.solitaire.WinDeal.run(com.mobilityware.solitaire.WinDeal@719868074<thread=2087>)
I/org.umd.logging( 9405): Api > 2087 java.net.URL.openStream(java.net.URL@452613275<URL=http://apps.mobilityware.com/Solitaire/VerifiedA.php?&v=0&d=3&g=0&z=495&statRows=10&statTabs=3&signature=7b7ff9323b36e39d3cda5fa17ef93cc4>)
I/AdControl( 9405): Version=1.0.5
I/org.umd.logging( 9405): Method < 1 com.mobilityware.solitaire.Solitaire$1.run()
I/Choreographer( 9405): Skipped 43 frames!  The application may be doing too much work on its main thread.
D/Solitaire.MWView( 9405): w=768 h=1184 oldw=0 oldh=0 tolerance=20
I/org.umd.logging( 9405): Method > 1 com.mobilityware.solitaire.MWView$22.run(com.mobilityware.solitaire.MWView$22@503730862)
I/org.umd.logging( 9405): Method < 1 com.mobilityware.solitaire.MWView$22.run()
I/org.umd.logging( 9405): Method > 1 com.mobilityware.solitaire.MWView$23.run(com.mobilityware.solitaire.MWView$23@541895644)
I/org.umd.logging( 9405): Method < 1 com.mobilityware.solitaire.MWView$23.run()
I/org.umd.logging( 9405): Method > 1 com.mobilityware.solitaire.MWView$24.run(com.mobilityware.solitaire.MWView$24@903559787)
I/org.umd.logging( 9405): Method < 1 com.mobilityware.solitaire.MWView$24.run()
D/audio_hw_primary(  190): disable_audio_route: reset and update mixer path: low-latency-playback
D/audio_hw_primary(  190): disable_snd_device: snd_device(2: speaker)
I/org.umd.logging( 4986): Method > 1 com.cleanmaster.base.crash.util.debug.b.run(com.cleanmaster.base.crash.util.debug.b@453239735)
I/org.umd.logging( 4986): Method < 1 com.cleanmaster.base.crash.util.debug.b.run()
I/org.umd.logging( 9405): Api < 2078 java.net.URLConnection.getInputStream(com.android.okio.RealBufferedSource$1@2754950)
D/AdParams( 9405): downloaded in 3 secs
D/AdParams( 9405): Cached file read successfully
I/org.umd.logging( 9405): Method > 1 com.mobilityware.advertising.AdControl$1.run(com.mobilityware.advertising.AdControl$1@27302516)
I/org.umd.logging( 9405): Method < 2078 com.mobilityware.advertising.AdParams.onResume()
D/AdParams( 9405): Thread wait
I/WebViewFactory( 9405): Loading com.google.android.webview version 54.0.2840.85 (code 284008500)
I/art     ( 9405): Rejecting re-init on previously-failed class java.lang.Class<com.android.webview.chromium.TokenBindingManagerAdapter>
I/art     ( 9405): Rejecting re-init on previously-failed class java.lang.Class<com.android.webview.chromium.TokenBindingManagerAdapter>
I/art     ( 9405): Rejecting re-init on previously-failed class java.lang.Class<com.android.webview.chromium.ServiceWorkerControllerAdapter>
I/art     ( 9405): Rejecting re-init on previously-failed class java.lang.Class<com.android.webview.chromium.ServiceWorkerControllerAdapter>
I/cr_LibraryLoader( 9405): Time to load native libraries: 1 ms (timestamps 7871-7872)
I/cr_LibraryLoader( 9405): Expected native library version number "54.0.2840.85", actual native library version number "54.0.2840.85"
I/cr_LibraryLoader( 9405): Expected native library version number "54.0.2840.85", actual native library version number "54.0.2840.85"
I/chromium( 9405): [INFO:library_loader_hooks.cc(151)] Chromium logging enabled: level = 0, default verbosity = 0
I/cr_BrowserStartup( 9405): Initializing chromium process, singleProcess=true
I/art     ( 9405): Rejecting re-init on previously-failed class java.lang.Class<com.android.webview.chromium.WebViewContentsClientAdapter$WebResourceErrorImpl>
I/art     ( 9405): Rejecting re-init on previously-failed class java.lang.Class<com.android.webview.chromium.WebViewContentsClientAdapter$WebResourceErrorImpl>
D/ConnectivityService(  594): listenForNetwork for NetworkRequest [ id=56, legacyType=-1, [ Capabilities: INTERNET&NOT_RESTRICTED&TRUSTED] ]
D/ConnectivityService(  594): handleRegisterNetworkRequest checking NetworkAgentInfo [WIFI () - 102]
D/ConnectivityService(  594): apparently satisfied.  currentScore=60
D/ConnectivityManager.CallbackHandler( 9405): CM callback handler got msg 524290
I/art     ( 9405): Rejecting re-init on previously-failed class java.lang.Class<org.chromium.content.browser.FloatingWebActionModeCallback>
I/art     ( 9405): Rejecting re-init on previously-failed class java.lang.Class<org.chromium.content.browser.FloatingWebActionModeCallback>
E/Cataloger( 6490): syncFile:/storage/emulated/0/2016-12-13_05:13:37.101.jpg
W/ResourceType( 9405): No known package when getting name for resource number 0xffffffff
I/org.umd.logging( 9405): Api > 1 android.webkit.WebView.<init>(com.greystripe.sdk.core.AdWebView@323870774<file=2016-12-13_05:13:37.101><x=0><y=0><width=0><height=0><id=-1>, com.mobilityware.solitaire.SolitaireApplication@410649080)
E/Cataloger( 6490): syncFile:/storage/emulated/0/2016-12-13_05:13:37.101.jpg
E/Cataloger( 6490): syncFile:/storage/emulated/0/2016-12-13_05:13:37.374.jpg
W/ResourceType( 9405): No known package when getting name for resource number 0xffffffff
I/org.umd.logging( 9405): Api < 1 android.webkit.WebView.<init>(com.greystripe.sdk.core.AdWebView@323870774<file=2016-12-13_05:13:37.374><x=0><y=0><width=0><height=0><id=-1>)
E/Cataloger( 6490): syncFile:/storage/emulated/0/2016-12-13_05:13:37.374.jpg
I/org.umd.logging( 9405): Api > 1 android.net.ConnectivityManager.getActiveNetworkInfo(android.net.ConnectivityManager@36278807)
I/org.umd.logging( 9405): Api < 1 android.net.ConnectivityManager.getActiveNetworkInfo(android.net.NetworkInfo@7227979)
I/org.umd.logging( 9405): Api > 1 android.net.ConnectivityManager.getActiveNetworkInfo(android.net.ConnectivityManager@36278807)
I/org.umd.logging( 9405): Api < 1 android.net.ConnectivityManager.getActiveNetworkInfo(android.net.NetworkInfo@177908776)
I/org.umd.logging( 9405): Api > 1 android.net.ConnectivityManager.getActiveNetworkInfo(android.net.ConnectivityManager@36278807)
I/org.umd.logging( 9405): Api < 1 android.net.ConnectivityManager.getActiveNetworkInfo(android.net.NetworkInfo@859811137)
I/org.umd.logging( 9405): Method > 1 com.greystripe.sdk.core.AdModel$RetrieveGooglePlayServiceTask.onPreExecute(com.greystripe.sdk.core.AdModel$RetrieveGooglePlayServiceTask@206913575<atask=true>)
I/org.umd.logging( 9405): Method < 1 com.greystripe.sdk.core.AdModel$RetrieveGooglePlayServiceTask.onPreExecute()
I/org.umd.logging( 9405): Method > 2105 com.greystripe.sdk.core.AdModel$RetrieveGooglePlayServiceTask.doInBackground(com.greystripe.sdk.core.AdModel$RetrieveGooglePlayServiceTask@206913575<atask=true>, [Ljava.lang.Void;@495769664)
I/org.umd.logging( 9405): Api > 1 java.lang.Thread.start(java.lang.Thread@262254998<thread=2106>)
I/org.umd.logging( 9405): Api < 1 java.lang.Thread.start()
I/org.umd.logging( 9405): Method > 2106 com.mopub.common.GpsHelper$1.run(com.mopub.common.GpsHelper$1@687791853)
I/org.umd.logging( 9405): Method > 2106 com.mopub.common.util.Reflection$MethodBuilder.execute(com.mopub.common.util.Reflection$MethodBuilder@578426803)
I/org.umd.logging( 9405): Api > 1 android.location.LocationManager.getLastKnownLocation(android.location.LocationManager@682021232, "gps")
I/org.umd.logging( 9405): Method > 1 com.tapsense.android.publisher.TapSenseAds.start(com.mobilityware.solitaire.Solitaire@839259446<activity=true>, "mobilityware", "com.mobilityware.solitaire", "42b8dfb005")
I/org.umd.logging( 9405): Api > 1 org.apache.http.impl.client.DefaultHttpClient.<init>(org.apache.http.impl.client.DefaultHttpClient@801242789, org.apache.http.impl.conn.tsccm.ThreadSafeClientConnManager@952065672, org.apache.http.params.BasicHttpParams@457681990)
I/org.umd.logging( 9405): Api < 1 org.apache.http.impl.client.DefaultHttpClient.<init>(org.apache.http.impl.client.DefaultHttpClient@801242789)
I/org.umd.logging( 9405): Api > 1 org.apache.http.impl.client.DefaultHttpClient.<init>(org.apache.http.impl.client.DefaultHttpClient@1025465548, org.apache.http.impl.conn.tsccm.ThreadSafeClientConnManager@644406037, org.apache.http.params.BasicHttpParams@346283562)
I/org.umd.logging( 9405): Api < 1 org.apache.http.impl.client.DefaultHttpClient.<init>(org.apache.http.impl.client.DefaultHttpClient@1025465548)
I/org.umd.logging( 9405): Method > 1 com.tapsense.android.publisher.TapSenseAdsUtils$AdvertisingIdTask.onPreExecute(com.tapsense.android.publisher.TapSenseAdsUtils$AdvertisingIdTask@155941304<atask=true>)
I/org.umd.logging( 9405): Method < 1 com.tapsense.android.publisher.TapSenseAdsUtils$AdvertisingIdTask.onPreExecute()
I/org.umd.logging( 9405): Api > 1 android.net.ConnectivityManager.getActiveNetworkInfo(android.net.ConnectivityManager@24752886)
I/org.umd.logging( 9405): Api < 1 android.net.ConnectivityManager.getActiveNetworkInfo(android.net.NetworkInfo@362567415)
I/org.umd.logging( 9405): Api > 1 android.net.ConnectivityManager.getActiveNetworkInfo(android.net.ConnectivityManager@24752886)
I/org.umd.logging( 9405): Api < 1 android.net.ConnectivityManager.getActiveNetworkInfo(android.net.NetworkInfo@270170468)
I/org.umd.logging( 9405): Api > 1 android.location.LocationManager.getLastKnownLocation(android.location.LocationManager@682021232, "gps")
I/org.umd.logging( 9405): Api > 1 android.telephony.TelephonyManager.getDeviceId(android.telephony.TelephonyManager@865753037)
I/org.umd.logging( 9405): Api < 1 android.telephony.TelephonyManager.getDeviceId("353918052133903")
I/org.umd.logging( 9405): Api > 1 android.telephony.TelephonyManager.getDeviceId(android.telephony.TelephonyManager@865753037)
I/org.umd.logging( 9405): Api < 1 android.telephony.TelephonyManager.getDeviceId("353918052133903")
W/Settings( 9405): Setting android_id has moved from android.provider.Settings.System to android.provider.Settings.Secure, returning read-only value.
I/org.umd.logging( 9405): Api > 1 android.net.wifi.WifiManager.getConnectionInfo(android.net.wifi.WifiManager@11889555)
E/Cataloger( 6490): syncFile:/storage/emulated/0/2016-12-13_05:13:37.812.jpg
W/ResourceType( 9405): No known package when getting name for resource number 0xffffffff
I/org.umd.logging( 9405): Api > 1 android.webkit.WebView.<init>(android.webkit.WebView@306261487<file=2016-12-13_05:13:37.812><x=0><y=0><width=0><height=0><id=-1>, com.mobilityware.solitaire.Solitaire@839259446)
E/Cataloger( 6490): syncFile:/storage/emulated/0/2016-12-13_05:13:37.812.jpg
E/Cataloger( 6490): syncFile:/storage/emulated/0/2016-12-13_05:13:38.083.jpg
W/ResourceType( 9405): No known package when getting name for resource number 0xffffffff
I/org.umd.logging( 9405): Api < 1 android.webkit.WebView.<init>(android.webkit.WebView@306261487<file=2016-12-13_05:13:38.083><x=0><y=0><width=0><height=0><id=-1>)
E/Cataloger( 6490): syncFile:/storage/emulated/0/2016-12-13_05:13:38.083.jpg
I/org.umd.logging( 9405): Api > 1 android.net.ConnectivityManager.getActiveNetworkInfo(android.net.ConnectivityManager@24752886)
I/org.umd.logging( 9405): Api < 1 android.net.ConnectivityManager.getActiveNetworkInfo(android.net.NetworkInfo@395940092)
I/org.umd.logging( 9405): Api > 1 android.telephony.TelephonyManager.getDeviceId(android.telephony.TelephonyManager@865753037)
I/org.umd.logging( 9405): Api < 1 android.telephony.TelephonyManager.getDeviceId("353918052133903")
I/org.umd.logging( 9405): Api > 1 android.telephony.TelephonyManager.getDeviceId(android.telephony.TelephonyManager@865753037)
I/org.umd.logging( 9405): Api < 1 android.telephony.TelephonyManager.getDeviceId("353918052133903")
W/Settings( 9405): Setting android_id has moved from android.provider.Settings.System to android.provider.Settings.Secure, returning read-only value.
I/org.umd.logging( 9405): Api > 1 android.net.wifi.WifiManager.getConnectionInfo(android.net.wifi.WifiManager@11889555)
I/org.umd.logging( 9405): Method < 1 com.tapsense.android.publisher.TapSenseAds.start()
I/org.umd.logging( 9405): Method > 2109 com.ts.loopj.android.http.AsyncHttpRequest.run(com.ts.loopj.android.http.AsyncHttpRequest@672971275)
E/Cataloger( 6490): syncFile:/storage/emulated/0/2016-12-13_05:13:38.341.jpg
I/org.umd.logging( 9405): Method < 2109 com.ts.loopj.android.http.AsyncHttpRequest.run()
W/ResourceType( 9405): No known package when getting name for resource number 0xffffffff
I/org.umd.logging( 9405): Api > 1 android.webkit.WebView.<init>(android.webkit.WebView@383445991<file=2016-12-13_05:13:38.341><x=0><y=0><width=0><height=0><id=-1>, com.mobilityware.solitaire.Solitaire@839259446)
E/Cataloger( 6490): syncFile:/storage/emulated/0/2016-12-13_05:13:38.341.jpg
E/Cataloger( 6490): syncFile:/storage/emulated/0/2016-12-13_05:13:38.592.jpg
W/ResourceType( 9405): No known package when getting name for resource number 0xffffffff
I/org.umd.logging( 9405): Api < 1 android.webkit.WebView.<init>(android.webkit.WebView@383445991<file=2016-12-13_05:13:38.592><x=0><y=0><width=0><height=0><id=-1>)
E/Cataloger( 6490): syncFile:/storage/emulated/0/2016-12-13_05:13:38.592.jpg
I/cr_Ime  ( 9405): ImeThread is enabled.
W/cr_media( 9405): Requires BLUETOOTH permission
E/libEGL  ( 9405): validate_display:255 error 3008 (EGL_BAD_DISPLAY)
I/VideoCapabilities( 9405): Unsupported profile 4 for video/mp4v-es
I/org.umd.logging( 9405): Api > 1 android.os.HandlerThread.start(android.os.HandlerThread@296073610<thread=2115>)
I/org.umd.logging( 9405): Api < 1 android.os.HandlerThread.start()
I/org.umd.logging( 9405): Method > 2116 com.vungle.publisher.async.ScheduledPriorityExecutor$a$a.run(com.vungle.publisher.async.ScheduledPriorityExecutor$a$a@292040563)
I/org.umd.logging( 9405): Method > 2116 com.vungle.publisher.db.DatabaseHelper$1.run(com.vungle.publisher.db.DatabaseHelper$1@283687593)
I/org.umd.logging( 9405): Method > 2117 com.vungle.publisher.async.ScheduledPriorityExecutor$a$a.run(com.vungle.publisher.async.ScheduledPriorityExecutor$a$a@677992549)
I/org.umd.logging( 9405): Method > 2117 com.vungle.publisher.env.AdvertisingDeviceIdStrategy$FetchAdvertisingPreferencesRunnable.run(com.vungle.publisher.env.AdvertisingDeviceIdStrategy$FetchAdvertisingPreferencesRunnable@2628075)
I/org.umd.logging( 9405): Api > 1 android.net.ConnectivityManager.getActiveNetworkInfo(android.net.ConnectivityManager@24752886)
I/org.umd.logging( 9405): Api < 1 android.net.ConnectivityManager.getActiveNetworkInfo(android.net.NetworkInfo@796533973)
I/org.umd.logging( 9405): Method < 2116 com.vungle.publisher.db.DatabaseHelper$1.run()
I/org.umd.logging( 9405): Method < 2116 com.vungle.publisher.async.ScheduledPriorityExecutor$a$a.run()
D/AdSettings( 9405): Test mode device hash: fb6e0265c5a72a8ae7ff02137d92e922
D/AdSettings( 9405): When testing your app with Facebook's ad units you must specify the device hashed ID to ensure the delivery of test ads, add the following code before loading an ad: AdSettings.addTestDevice("fb6e0265c5a72a8ae7ff02137d92e922");
I/org.umd.logging( 9405): Method > 1 com.facebook.ads.internal.AdRequest.executeAsync(com.facebook.ads.internal.AdRequest@488253988)
I/org.umd.logging( 9405): Method > 1 com.facebook.ads.internal.AdRequest$1.onPreExecute(com.facebook.ads.internal.AdRequest$1@887211152<atask=true>)
I/org.umd.logging( 9405): Method < 1 com.facebook.ads.internal.AdRequest$1.onPreExecute()
I/org.umd.logging( 9405): Method < 1 com.facebook.ads.internal.AdRequest.executeAsync(com.facebook.ads.internal.AdRequest$1@887211152<atask=true>)
I/org.umd.logging( 9405): Method < 1 com.mobilityware.advertising.AdControl$1.run()
E/Cataloger( 6490): syncFile:/storage/emulated/0/2016-12-13_05:13:39.160.jpg
I/org.umd.logging( 9405): Method > 1 com.mobilityware.solitaire.MWView.onTouchEvent(com.mobilityware.solitaire.MWView@399791502<file=2016-12-13_05:13:39.160><x=0><y=0><width=768><height=1184><id=2131165254><imagename=mwview>, android.view.MotionEvent@894364997)
E/Cataloger( 6490): syncFile:/storage/emulated/0/2016-12-13_05:13:39.160.jpg
I/org.umd.logging( 9405): Method < 1 com.mobilityware.solitaire.MWView.onTouchEvent(true)
E/qcom_sensors_hal(  594): hal_process_report_ind: Bad item quality: 11 
E/Cataloger( 6490): syncFile:/storage/emulated/0/2016-12-13_05:13:39.396.jpg
I/org.umd.logging( 9405): Method > 1 com.mobilityware.solitaire.MWView.onTouchEvent(com.mobilityware.solitaire.MWView@399791502<file=2016-12-13_05:13:39.396><x=0><y=0><width=768><height=1184><id=2131165254><imagename=mwview>, android.view.MotionEvent@894364997)
I/org.umd.logging( 9405): Method < 1 com.mobilityware.solitaire.MWView.onTouchEvent(true)
I/InputDispatcher(  594): Window 'Window{3bd1aa59 u0 com.mobilityware.solitaire/com.mobilityware.solitaire.Solitaire}' spent 2077.9ms processing the last input event: MotionEvent(deviceId=6, source=0x00001002, action=2, flags=0x00000000, metaState=0x00000000, buttonState=0x00000000, edgeFlags=0x00000000, xPrecision=2.0, yPrecision=2.0, displayId=0, pointers=[0: (702.0, 190.5)]), policyFlags=0x62000000
E/Cataloger( 6490): syncFile:/storage/emulated/0/2016-12-13_05:13:39.396.jpg
E/Cataloger( 6490): syncFile:/storage/emulated/0/2016-12-13_05:13:39.610.jpg
I/org.umd.logging( 9405): Method > 1 com.mobilityware.solitaire.MWView.onTouchEvent(com.mobilityware.solitaire.MWView@399791502<file=2016-12-13_05:13:39.610><x=0><y=0><width=768><height=1184><id=2131165254><imagename=mwview>, android.view.MotionEvent@894364997)
E/Cataloger( 6490): syncFile:/storage/emulated/0/2016-12-13_05:13:39.610.jpg
I/org.umd.logging( 9405): Api > 1 android.animation.AnimatorSet.start(android.animation.AnimatorSet@60393574)
I/org.umd.logging( 9405): Api < 1 android.animation.AnimatorSet.start()
I/org.umd.logging( 9405): Api > 1 android.animation.AnimatorSet.start(android.animation.AnimatorSet@77972722)
I/org.umd.logging( 9405): Api < 1 android.animation.AnimatorSet.start()
I/org.umd.logging( 9405): Api > 1 android.animation.AnimatorSet.start(android.animation.AnimatorSet@386146041)
I/org.umd.logging( 9405): Api < 1 android.animation.AnimatorSet.start()
I/org.umd.logging( 9405): Api > 1 android.animation.AnimatorSet.start(android.animation.AnimatorSet@323086828)
I/org.umd.logging( 9405): Api < 1 android.animation.AnimatorSet.start()
I/org.umd.logging( 9405): Api > 1 android.animation.AnimatorSet.start(android.animation.AnimatorSet@614718395)
I/org.umd.logging( 9405): Api < 1 android.animation.AnimatorSet.start()
E/MediaPlayer( 9405): Should have subtitle controller already set
I/org.umd.logging( 9405): Api > 1 android.media.MediaPlayer.start(android.media.MediaPlayer@798340145)
D/NuPlayerDriver(  190): start(0xb7a55a58)
I/GenericSource(  190): start
I/org.umd.logging( 9405): Api < 1 android.media.MediaPlayer.start()
I/org.umd.logging( 9405): Method < 1 com.mobilityware.solitaire.MWView.onTouchEvent(true)
I/InputDispatcher(  594): Window 'Window{3bd1aa59 u0 com.mobilityware.solitaire/com.mobilityware.solitaire.Solitaire}' spent 2327.4ms processing the last input event: MotionEvent(deviceId=6, source=0x00001002, action=1, flags=0x00000000, metaState=0x00000000, buttonState=0x00000000, edgeFlags=0x00000000, xPrecision=2.0, yPrecision=2.0, displayId=0, pointers=[0: (702.0, 190.5)]), policyFlags=0x62000000
D/ConnectivityService(  594): listenForNetwork for NetworkRequest [ id=57, legacyType=-1, [ Capabilities: INTERNET&NOT_RESTRICTED&TRUSTED] ]
D/ConnectivityService(  594): handleRegisterNetworkRequest checking NetworkAgentInfo [WIFI () - 102]
D/ConnectivityService(  594): apparently satisfied.  currentScore=60
D/ConnectivityManager.CallbackHandler( 9405): CM callback handler got msg 524290
I/org.umd.logging( 9405): Method > 1 com.greystripe.sdk.core.AdModel$1.run(com.greystripe.sdk.core.AdModel$1@182477421)
I/org.umd.logging( 9405): Method < 1 com.greystripe.sdk.core.AdModel$1.run()
I/org.umd.logging( 9405): Method > 1 com.mobilityware.advertising.AdControl$5.run(com.mobilityware.advertising.AdControl$5@672401203)
I/org.umd.logging( 9405): Method < 1 com.mobilityware.advertising.AdControl$5.run()
I/org.umd.logging( 9405): Method > 1 com.ts.loopj.android.http.AsyncHttpResponseHandler.onStart(com.tapsense.android.publisher.TapSenseAdsPinger@78493801)
I/org.umd.logging( 9405): Method < 1 com.ts.loopj.android.http.AsyncHttpResponseHandler.onStart()
D/audio_hw_primary(  190): select_devices: out_snd_device(2: speaker) in_snd_device(0: none)
D/ACDB-LOADER(  190): ACDB -> send_afe_cal
D/audio_hw_primary(  190): enable_snd_device: snd_device(2: speaker)
I/org.umd.logging( 9405): Method < 2106 com.mopub.common.util.Reflection$MethodBuilder.execute(com.google.android.gms.ads.identifier.AdvertisingIdClient$Info@75359119)
I/org.umd.logging( 9405): Method > 2106 com.mopub.common.util.Reflection$MethodBuilder.execute(com.mopub.common.util.Reflection$MethodBuilder@344565276)
I/org.umd.logging( 9405): Method < 2106 com.mopub.common.util.Reflection$MethodBuilder.execute("229d4aea-d76e-47c3-ad88-1eafdf3529f0")
I/org.umd.logging( 9405): Method > 2106 com.mopub.common.util.Reflection$MethodBuilder.execute(com.mopub.common.util.Reflection$MethodBuilder@81818149)
I/org.umd.logging( 9405): Method < 2106 com.mopub.common.util.Reflection$MethodBuilder.execute(false)
D/audio_hw_primary(  190): enable_audio_route: apply and update mixer path: low-latency-playback
I/org.umd.logging( 9405): Method < 2105 com.greystripe.sdk.core.AdModel$RetrieveGooglePlayServiceTask.doInBackground(true)
I/org.umd.logging( 9405): Method > 2122 com.tapsense.android.publisher.TapSenseAdsUtils$AdvertisingIdTask.doInBackground(com.tapsense.android.publisher.TapSenseAdsUtils$AdvertisingIdTask@155941304<atask=true>, [Landroid.content.Context;@697894920)
I/org.umd.logging( 9405): Method < 2106 com.mopub.common.GpsHelper$1.run()
I/org.umd.logging( 9405): Method < 2117 com.vungle.publisher.env.AdvertisingDeviceIdStrategy$FetchAdvertisingPreferencesRunnable.run()
I/org.umd.logging( 9405): Method < 2117 com.vungle.publisher.async.ScheduledPriorityExecutor$a$a.run()
I/org.umd.logging( 9405): Method > 1 com.mobilityware.solitaire.MWView$4.run(com.mobilityware.solitaire.MWView$4@503625095)
I/org.umd.logging( 9405): Method < 1 com.mobilityware.solitaire.MWView$4.run()
I/Choreographer( 9405): Skipped 33 frames!  The application may be doing too much work on its main thread.
I/org.umd.logging( 9405): Method > 1 com.mobilityware.solitaire.AnimationManager$1.run(com.mobilityware.solitaire.AnimationManager$1@644595933)
I/org.umd.logging( 9405): Method < 1 com.mobilityware.solitaire.AnimationManager$1.run()
E/MediaPlayer( 9405): Should have subtitle controller already set
I/org.umd.logging( 9405): Method > 1 com.greystripe.sdk.core.AdModel$RetrieveGooglePlayServiceTask.onPostExecute(com.greystripe.sdk.core.AdModel$RetrieveGooglePlayServiceTask@206913575<atask=true>, true)
I/org.umd.logging( 9405): Method < 1 com.greystripe.sdk.core.AdModel$RetrieveGooglePlayServiceTask.onPostExecute()
I/org.umd.logging( 9405): Method > 1 com.greystripe.sdk.core.AdWebView$1.run(com.greystripe.sdk.core.AdWebView$1@770515747)
I/cr_Ime  ( 9405): ImeThread is enabled.
I/org.umd.logging( 9405): Method < 1 com.greystripe.sdk.core.AdWebView$1.run()
I/org.umd.logging( 9405): Method > 1 com.mobilityware.solitaire.AnimationManager$1.run(com.mobilityware.solitaire.AnimationManager$1@644595933)
I/org.umd.logging( 9405): Method < 1 com.mobilityware.solitaire.AnimationManager$1.run()
W/cr_BindingManager( 9405): Cannot call determinedVisibility() - never saw a connection for the pid: 9405
I/org.umd.logging( 9405): Method < 2122 com.tapsense.android.publisher.TapSenseAdsUtils$AdvertisingIdTask.doInBackground(null)
I/org.umd.logging( 9405): Method > 2125 com.facebook.ads.internal.AdRequest$1.doInBackground(com.facebook.ads.internal.AdRequest$1@887211152<atask=true>, [Ljava.lang.Void;@325619161)
I/org.umd.logging( 9405): Method > 2125 com.facebook.ads.internal.AdRequest.executeConnectionAndWait(com.facebook.ads.internal.AdRequest@488253988)
I/org.umd.logging( 9405): Api > 2125 java.net.URL.openConnection(java.net.URL@764588958<URL=https://graph.facebook.com/network_ads>)
I/org.umd.logging( 9405): Api < 2125 java.net.URL.openConnection(com.android.okhttp.internal.http.HttpsURLConnectionImpl@610586239)
I/org.umd.logging( 9405): Api > 2125 android.content.ContentResolver.query(android.app.ContextImpl$ApplicationContentResolver@1039297450, android.net.Uri$StringUri@746705819<URI=content://com.facebook.katana.provider.AttributionIdProvider>, [Ljava.lang.String;@149133430, null, null, null)
E/ActivityThread( 9405): Failed to find provider info for com.facebook.katana.provider.AttributionIdProvider
I/org.umd.logging( 9405): Api < 2125 android.content.ContentResolver.query(null)
I/org.umd.logging( 9405): Method > 1 com.mobilityware.solitaire.AnimationManager$1.run(com.mobilityware.solitaire.AnimationManager$1@644595933)
I/org.umd.logging( 9405): Method < 1 com.mobilityware.solitaire.AnimationManager$1.run()
I/org.umd.logging( 9405): Method > 1 com.mobilityware.solitaire.AnimationManager$1.run(com.mobilityware.solitaire.AnimationManager$1@644595933)
I/org.umd.logging( 9405): Method < 1 com.mobilityware.solitaire.AnimationManager$1.run()
E/chromium( 9405): [ERROR:interface_registry.cc(99)] Failed to locate a binder for interface: autofill::mojom::AutofillDriver
I/org.umd.logging( 9405): Method > 1 com.mobilityware.solitaire.AnimationManager$1.run(com.mobilityware.solitaire.AnimationManager$1@644595933)
I/org.umd.logging( 9405): Method < 1 com.mobilityware.solitaire.AnimationManager$1.run()
I/org.umd.logging( 9405): Method > 1 com.mobilityware.solitaire.AnimationManager$1.run(com.mobilityware.solitaire.AnimationManager$1@644595933)
I/org.umd.logging( 9405): Method < 1 com.mobilityware.solitaire.AnimationManager$1.run()
I/org.umd.logging( 9405): Method > 1 com.mobilityware.solitaire.AnimationManager$1.run(com.mobilityware.solitaire.AnimationManager$1@644595933)
I/org.umd.logging( 9405): Method < 1 com.mobilityware.solitaire.AnimationManager$1.run()
I/org.umd.logging( 9405): Method > 1 com.mobilityware.solitaire.AnimationManager$1.run(com.mobilityware.solitaire.AnimationManager$1@644595933)
I/org.umd.logging( 9405): Method < 1 com.mobilityware.solitaire.AnimationManager$1.run()
I/org.umd.logging( 9405): Method > 1 com.mobilityware.solitaire.AnimationManager$1.run(com.mobilityware.solitaire.AnimationManager$1@644595933)
I/org.umd.logging( 9405): Method < 1 com.mobilityware.solitaire.AnimationManager$1.run()
I/org.umd.logging( 9405): Method > 1 com.mobilityware.solitaire.AnimationManager$1.run(com.mobilityware.solitaire.AnimationManager$1@644595933)
I/org.umd.logging( 9405): Method < 1 com.mobilityware.solitaire.AnimationManager$1.run()
W/cr_BindingManager( 9405): Cannot call determinedVisibility() - never saw a connection for the pid: 9405
I/org.umd.logging( 9405): Api > 2125 java.net.HttpURLConnection.connect(com.android.okhttp.internal.http.HttpsURLConnectionImpl@610586239)
I/org.umd.logging( 9405): Api < 2125 java.net.HttpURLConnection.connect()
