I/org.umd.logging( 9405): Method < 1 com.mobilityware.solitaire.AnimationManager$1.run()
I/org.umd.logging( 9405): Method > 1 com.mobilityware.solitaire.MWView$1.run(com.mobilityware.solitaire.MWView$1@839338471)
I/org.umd.logging( 9405): Api > 1 android.animation.AnimatorSet.start(android.animation.AnimatorSet@702283074)
I/org.umd.logging( 9405): Api < 1 android.animation.AnimatorSet.start()
I/org.umd.logging( 9405): Method < 1 com.mobilityware.solitaire.MWView$1.run()
I/org.umd.logging( 9405): Method > 1 com.mobilityware.solitaire.AnimationManager$1.run(com.mobilityware.solitaire.AnimationManager$1@644595933)
I/org.umd.logging( 9405): Method < 1 com.mobilityware.solitaire.AnimationManager$1.run()
I/org.umd.logging( 9405): Method > 1 com.mobilityware.solitaire.AnimationManager$1.run(com.mobilityware.solitaire.AnimationManager$1@644595933)
I/org.umd.logging( 9405): Method < 1 com.mobilityware.solitaire.AnimationManager$1.run()
I/org.umd.logging( 9405): Method > 1 com.mobilityware.solitaire.MWView$1.run(com.mobilityware.solitaire.MWView$1@839338471)
I/org.umd.logging( 9405): Api > 1 android.animation.AnimatorSet.start(android.animation.AnimatorSet@918859657)
I/org.umd.logging( 9405): Api < 1 android.animation.AnimatorSet.start()
I/org.umd.logging( 9405): Method < 1 com.mobilityware.solitaire.MWView$1.run()
I/org.umd.logging( 9405): Method > 1 com.mobilityware.solitaire.AnimationManager$1.run(com.mobilityware.solitaire.AnimationManager$1@644595933)
I/org.umd.logging( 9405): Method < 1 com.mobilityware.solitaire.AnimationManager$1.run()
I/org.umd.logging( 9405): Method > 1 com.mobilityware.solitaire.MWView$1.run(com.mobilityware.solitaire.MWView$1@839338471)
I/org.umd.logging( 9405): Method < 1 com.mobilityware.solitaire.MWView$1.run()
I/org.umd.logging( 9405): Method > 1 com.mobilityware.solitaire.AnimationManager$1.run(com.mobilityware.solitaire.AnimationManager$1@644595933)
I/org.umd.logging( 9405): Method < 1 com.mobilityware.solitaire.AnimationManager$1.run()
I/org.umd.logging( 9405): Method > 1 com.mobilityware.solitaire.MWView$1.run(com.mobilityware.solitaire.MWView$1@839338471)
I/org.umd.logging( 9405): Api > 1 android.animation.AnimatorSet.start(android.animation.AnimatorSet@115466172)
I/org.umd.logging( 9405): Api < 1 android.animation.AnimatorSet.start()
I/org.umd.logging( 9405): Method < 1 com.mobilityware.solitaire.MWView$1.run()
I/org.umd.logging( 9405): Method > 1 com.mobilityware.solitaire.AnimationManager$1.run(com.mobilityware.solitaire.AnimationManager$1@644595933)
I/org.umd.logging( 9405): Method < 1 com.mobilityware.solitaire.AnimationManager$1.run()
I/org.umd.logging( 9405): Method > 1 com.mobilityware.solitaire.MWView$1.run(com.mobilityware.solitaire.MWView$1@839338471)
I/org.umd.logging( 9405): Api > 1 android.animation.AnimatorSet.start(android.animation.AnimatorSet@600926155)
I/org.umd.logging( 9405): Api < 1 android.animation.AnimatorSet.start()
I/org.umd.logging( 9405): Method < 1 com.mobilityware.solitaire.MWView$1.run()
I/org.umd.logging( 9405): Method > 1 com.mobilityware.solitaire.AnimationManager$1.run(com.mobilityware.solitaire.AnimationManager$1@644595933)
I/org.umd.logging( 9405): Method < 1 com.mobilityware.solitaire.AnimationManager$1.run()
I/org.umd.logging( 9405): Method > 1 com.mobilityware.solitaire.AnimationManager$1.run(com.mobilityware.solitaire.AnimationManager$1@644595933)
I/org.umd.logging( 9405): Method < 1 com.mobilityware.solitaire.AnimationManager$1.run()
I/org.umd.logging( 9405): Method > 1 com.mobilityware.solitaire.MWView$1.run(com.mobilityware.solitaire.MWView$1@839338471)
I/org.umd.logging( 9405): Api > 1 android.animation.AnimatorSet.start(android.animation.AnimatorSet@812293734)
I/org.umd.logging( 9405): Api < 1 android.animation.AnimatorSet.start()
I/org.umd.logging( 9405): Method < 1 com.mobilityware.solitaire.MWView$1.run()
I/org.umd.logging( 9405): Method > 1 com.mobilityware.solitaire.AnimationManager$1.run(com.mobilityware.solitaire.AnimationManager$1@644595933)
I/org.umd.logging( 9405): Method < 1 com.mobilityware.solitaire.AnimationManager$1.run()
I/org.umd.logging( 9405): Method > 1 com.mobilityware.solitaire.MWView$1.run(com.mobilityware.solitaire.MWView$1@839338471)
I/org.umd.logging( 9405): Api > 1 android.animation.AnimatorSet.start(android.animation.AnimatorSet@109514237)
I/org.umd.logging( 9405): Api < 1 android.animation.AnimatorSet.start()
I/org.umd.logging( 9405): Method < 1 com.mobilityware.solitaire.MWView$1.run()
I/org.umd.logging( 9405): Method > 1 com.mobilityware.solitaire.AnimationManager$1.run(com.mobilityware.solitaire.AnimationManager$1@644595933)
I/org.umd.logging( 9405): Method < 1 com.mobilityware.solitaire.AnimationManager$1.run()
I/org.umd.logging( 9405): Method > 1 com.mobilityware.solitaire.MWView$1.run(com.mobilityware.solitaire.MWView$1@839338471)
I/org.umd.logging( 9405): Method < 1 com.mobilityware.solitaire.MWView$1.run()
I/org.umd.logging( 9405): Method > 1 com.mobilityware.solitaire.AnimationManager$1.run(com.mobilityware.solitaire.AnimationManager$1@644595933)
I/org.umd.logging( 9405): Method < 1 com.mobilityware.solitaire.AnimationManager$1.run()
I/org.umd.logging( 9405): Method > 1 com.mobilityware.solitaire.AnimationManager$1.run(com.mobilityware.solitaire.AnimationManager$1@644595933)
I/org.umd.logging( 9405): Method < 1 com.mobilityware.solitaire.AnimationManager$1.run()
I/org.umd.logging( 9405): Method > 1 com.mobilityware.solitaire.MWView$1.run(com.mobilityware.solitaire.MWView$1@839338471)
I/org.umd.logging( 9405): Api > 1 android.animation.AnimatorSet.start(android.animation.AnimatorSet@122673088)
I/org.umd.logging( 9405): Api < 1 android.animation.AnimatorSet.start()
I/org.umd.logging( 9405): Method < 1 com.mobilityware.solitaire.MWView$1.run()
I/org.umd.logging( 9405): Method > 1 com.mobilityware.solitaire.AnimationManager$1.run(com.mobilityware.solitaire.AnimationManager$1@644595933)
I/org.umd.logging( 9405): Method < 1 com.mobilityware.solitaire.AnimationManager$1.run()
I/org.umd.logging( 9405): Method > 1 com.mobilityware.solitaire.MWView$1.run(com.mobilityware.solitaire.MWView$1@839338471)
I/org.umd.logging( 9405): Api > 1 android.animation.AnimatorSet.start(android.animation.AnimatorSet@229159583)
I/org.umd.logging( 9405): Api < 1 android.animation.AnimatorSet.start()
I/org.umd.logging( 9405): Method < 1 com.mobilityware.solitaire.MWView$1.run()
I/org.umd.logging( 9405): Method > 1 com.mobilityware.solitaire.AnimationManager$1.run(com.mobilityware.solitaire.AnimationManager$1@644595933)
I/org.umd.logging( 9405): Method < 1 com.mobilityware.solitaire.AnimationManager$1.run()
I/org.umd.logging( 9405): Method > 1 com.mobilityware.solitaire.MWView$1.run(com.mobilityware.solitaire.MWView$1@839338471)
I/org.umd.logging( 9405): Api > 1 android.animation.AnimatorSet.start(android.animation.AnimatorSet@706360906)
I/org.umd.logging( 9405): Api < 1 android.animation.AnimatorSet.start()
I/org.umd.logging( 9405): Method < 1 com.mobilityware.solitaire.MWView$1.run()
I/org.umd.logging( 9405): Method > 1 com.mobilityware.solitaire.AnimationManager$1.run(com.mobilityware.solitaire.AnimationManager$1@644595933)
I/org.umd.logging( 9405): Method < 1 com.mobilityware.solitaire.AnimationManager$1.run()
I/org.umd.logging( 9405): Method > 1 com.mobilityware.solitaire.AnimationManager$1.run(com.mobilityware.solitaire.AnimationManager$1@644595933)
I/org.umd.logging( 9405): Method < 1 com.mobilityware.solitaire.AnimationManager$1.run()
I/org.umd.logging( 9405): Method > 1 com.mobilityware.solitaire.MWView$1.run(com.mobilityware.solitaire.MWView$1@839338471)
I/org.umd.logging( 9405): Method < 1 com.mobilityware.solitaire.MWView$1.run()
I/org.umd.logging( 9405): Method > 1 com.mobilityware.solitaire.AnimationManager$1.run(com.mobilityware.solitaire.AnimationManager$1@644595933)
I/org.umd.logging( 9405): Method < 1 com.mobilityware.solitaire.AnimationManager$1.run()
I/org.umd.logging( 9405): Method > 1 com.mobilityware.solitaire.MWView$1.run(com.mobilityware.solitaire.MWView$1@839338471)
I/org.umd.logging( 9405): Api > 1 android.animation.AnimatorSet.start(android.animation.AnimatorSet@764207665)
I/org.umd.logging( 9405): Api < 1 android.animation.AnimatorSet.start()
I/org.umd.logging( 9405): Method < 1 com.mobilityware.solitaire.MWView$1.run()
I/org.umd.logging( 9405): Method > 1 com.mobilityware.solitaire.AnimationManager$1.run(com.mobilityware.solitaire.AnimationManager$1@644595933)
I/org.umd.logging( 9405): Method < 1 com.mobilityware.solitaire.AnimationManager$1.run()
I/org.umd.logging( 9405): Method > 1 com.mobilityware.solitaire.MWView$1.run(com.mobilityware.solitaire.MWView$1@839338471)
I/org.umd.logging( 9405): Api > 1 android.animation.AnimatorSet.start(android.animation.AnimatorSet@61411460)
I/org.umd.logging( 9405): Api < 1 android.animation.AnimatorSet.start()
I/org.umd.logging( 9405): Method < 1 com.mobilityware.solitaire.MWView$1.run()
I/org.umd.logging( 9405): Method > 1 com.mobilityware.solitaire.AnimationManager$1.run(com.mobilityware.solitaire.AnimationManager$1@644595933)
I/org.umd.logging( 9405): Method < 1 com.mobilityware.solitaire.AnimationManager$1.run()
I/org.umd.logging( 9405): Method > 1 com.mobilityware.solitaire.AnimationManager$1.run(com.mobilityware.solitaire.AnimationManager$1@644595933)
I/org.umd.logging( 9405): Method < 1 com.mobilityware.solitaire.AnimationManager$1.run()
I/org.umd.logging( 9405): Method > 1 com.mobilityware.solitaire.MWView$1.run(com.mobilityware.solitaire.MWView$1@839338471)
I/org.umd.logging( 9405): Method < 1 com.mobilityware.solitaire.MWView$1.run()
I/org.umd.logging( 9405): Method > 1 com.mobilityware.solitaire.AnimationManager$1.run(com.mobilityware.solitaire.AnimationManager$1@644595933)
I/org.umd.logging( 9405): Method < 1 com.mobilityware.solitaire.AnimationManager$1.run()
I/org.umd.logging( 9405): Method > 1 com.mobilityware.solitaire.MWView$1.run(com.mobilityware.solitaire.MWView$1@839338471)
I/org.umd.logging( 9405): Api > 1 android.animation.AnimatorSet.start(android.animation.AnimatorSet@908182835)
I/org.umd.logging( 9405): Api < 1 android.animation.AnimatorSet.start()
I/org.umd.logging( 9405): Method < 1 com.mobilityware.solitaire.MWView$1.run()
I/org.umd.logging( 9405): Method > 1 com.mobilityware.solitaire.AnimationManager$1.run(com.mobilityware.solitaire.AnimationManager$1@644595933)
I/org.umd.logging( 9405): Method < 1 com.mobilityware.solitaire.AnimationManager$1.run()
I/org.umd.logging( 9405): Method > 1 com.mobilityware.solitaire.MWView$1.run(com.mobilityware.solitaire.MWView$1@839338471)
I/org.umd.logging( 9405): Api > 1 android.animation.AnimatorSet.start(android.animation.AnimatorSet@60623086)
I/org.umd.logging( 9405): Api < 1 android.animation.AnimatorSet.start()
I/org.umd.logging( 9405): Api > 1 android.animation.AnimatorSet.start(android.animation.AnimatorSet@600850469)
I/org.umd.logging( 9405): Api < 1 android.animation.AnimatorSet.start()
I/org.umd.logging( 9405): Api > 1 android.animation.AnimatorSet.start(android.animation.AnimatorSet@980266504)
I/org.umd.logging( 9405): Api < 1 android.animation.AnimatorSet.start()
I/org.umd.logging( 9405): Api > 1 android.animation.AnimatorSet.start(android.animation.AnimatorSet@1011225479)
I/org.umd.logging( 9405): Api < 1 android.animation.AnimatorSet.start()
I/org.umd.logging( 9405): Api > 1 android.animation.AnimatorSet.start(android.animation.AnimatorSet@64100946)
I/org.umd.logging( 9405): Api < 1 android.animation.AnimatorSet.start()
I/org.umd.logging( 9405): Api > 1 android.animation.AnimatorSet.start(android.animation.AnimatorSet@1072626649)
I/org.umd.logging( 9405): Api < 1 android.animation.AnimatorSet.start()
I/org.umd.logging( 9405): Api > 1 android.animation.AnimatorSet.start(android.animation.AnimatorSet@350524492)
I/org.umd.logging( 9405): Api < 1 android.animation.AnimatorSet.start()
I/org.umd.logging( 9405): Api > 1 android.animation.AnimatorSet.start(android.animation.AnimatorSet@849662363)
I/org.umd.logging( 9405): Api < 1 android.animation.AnimatorSet.start()
I/org.umd.logging( 9405): Api > 1 android.animation.AnimatorSet.start(android.animation.AnimatorSet@405352054)
I/org.umd.logging( 9405): Api < 1 android.animation.AnimatorSet.start()
I/org.umd.logging( 9405): Api > 1 android.animation.AnimatorSet.start(android.animation.AnimatorSet@702458189)
I/org.umd.logging( 9405): Api < 1 android.animation.AnimatorSet.start()
I/org.umd.logging( 9405): Api > 1 android.animation.AnimatorSet.start(android.animation.AnimatorSet@811558736)
I/org.umd.logging( 9405): Api < 1 android.animation.AnimatorSet.start()
I/org.umd.logging( 9405): Api > 1 android.animation.AnimatorSet.start(android.animation.AnimatorSet@476509039)
I/org.umd.logging( 9405): Api < 1 android.animation.AnimatorSet.start()
I/org.umd.logging( 9405): Api > 1 android.animation.AnimatorSet.start(android.animation.AnimatorSet@868665690)
I/org.umd.logging( 9405): Api < 1 android.animation.AnimatorSet.start()
I/org.umd.logging( 9405): Api > 1 android.animation.AnimatorSet.start(android.animation.AnimatorSet@257989761)
I/org.umd.logging( 9405): Api < 1 android.animation.AnimatorSet.start()
I/org.umd.logging( 9405): Api > 1 android.animation.AnimatorSet.start(android.animation.AnimatorSet@608078612)
I/org.umd.logging( 9405): Api < 1 android.animation.AnimatorSet.start()
I/org.umd.logging( 9405): Api > 1 android.animation.AnimatorSet.start(android.animation.AnimatorSet@505621763)
I/org.umd.logging( 9405): Api < 1 android.animation.AnimatorSet.start()
I/org.umd.logging( 9405): Api > 1 android.animation.AnimatorSet.start(android.animation.AnimatorSet@90713854)
I/org.umd.logging( 9405): Api < 1 android.animation.AnimatorSet.start()
I/org.umd.logging( 9405): Api > 1 android.animation.AnimatorSet.start(android.animation.AnimatorSet@775285109)
I/org.umd.logging( 9405): Api < 1 android.animation.AnimatorSet.start()
I/org.umd.logging( 9405): Api > 1 android.animation.AnimatorSet.start(android.animation.AnimatorSet@682959768)
I/org.umd.logging( 9405): Api < 1 android.animation.AnimatorSet.start()
I/org.umd.logging( 9405): Api > 1 android.animation.AnimatorSet.start(android.animation.AnimatorSet@376566359)
I/org.umd.logging( 9405): Api < 1 android.animation.AnimatorSet.start()
I/org.umd.logging( 9405): Api > 1 android.animation.AnimatorSet.start(android.animation.AnimatorSet@134701922)
I/org.umd.logging( 9405): Api < 1 android.animation.AnimatorSet.start()
I/org.umd.logging( 9405): Api > 1 android.animation.AnimatorSet.start(android.animation.AnimatorSet@135488553)
I/org.umd.logging( 9405): Api < 1 android.animation.AnimatorSet.start()
I/org.umd.logging( 9405): Api > 1 android.animation.AnimatorSet.start(android.animation.AnimatorSet@38606044)
I/org.umd.logging( 9405): Api < 1 android.animation.AnimatorSet.start()
I/org.umd.logging( 9405): Api > 1 android.animation.AnimatorSet.start(android.animation.AnimatorSet@306280299)
I/org.umd.logging( 9405): Api < 1 android.animation.AnimatorSet.start()
I/org.umd.logging( 9405): Method < 1 com.mobilityware.solitaire.MWView$1.run()
I/org.umd.logging( 9405): Method > 1 com.mobilityware.solitaire.AnimationManager$1.run(com.mobilityware.solitaire.AnimationManager$1@644595933)
I/org.umd.logging( 9405): Method < 1 com.mobilityware.solitaire.AnimationManager$1.run()
I/org.umd.logging( 9405): Method > 1 com.mobilityware.solitaire.AnimationManager$1.run(com.mobilityware.solitaire.AnimationManager$1@644595933)
I/org.umd.logging( 9405): Method < 1 com.mobilityware.solitaire.AnimationManager$1.run()
I/org.umd.logging( 9405): Method > 1 com.mobilityware.solitaire.AnimationManager$1.run(com.mobilityware.solitaire.AnimationManager$1@644595933)
I/org.umd.logging( 9405): Method < 1 com.mobilityware.solitaire.AnimationManager$1.run()
I/org.umd.logging( 9405): Method > 1 com.mobilityware.solitaire.AnimationManager$1.run(com.mobilityware.solitaire.AnimationManager$1@644595933)
I/org.umd.logging( 9405): Method < 1 com.mobilityware.solitaire.AnimationManager$1.run()
I/org.umd.logging( 9405): Method > 1 com.mobilityware.solitaire.AnimationManager$1.run(com.mobilityware.solitaire.AnimationManager$1@644595933)
I/org.umd.logging( 9405): Method < 1 com.mobilityware.solitaire.AnimationManager$1.run()
I/org.umd.logging( 9405): Method > 1 com.mobilityware.solitaire.AnimationManager$1.run(com.mobilityware.solitaire.AnimationManager$1@644595933)
I/org.umd.logging( 9405): Method < 1 com.mobilityware.solitaire.AnimationManager$1.run()
I/org.umd.logging( 9405): Method > 1 com.mobilityware.solitaire.AnimationManager$1.run(com.mobilityware.solitaire.AnimationManager$1@644595933)
I/org.umd.logging( 9405): Method < 1 com.mobilityware.solitaire.AnimationManager$1.run()
I/org.umd.logging( 9405): Method > 1 com.mobilityware.solitaire.AnimationManager$1.run(com.mobilityware.solitaire.AnimationManager$1@644595933)
I/org.umd.logging( 9405): Method < 1 com.mobilityware.solitaire.AnimationManager$1.run()
I/org.umd.logging( 9405): Method > 1 com.mobilityware.solitaire.AnimationManager$1.run(com.mobilityware.solitaire.AnimationManager$1@644595933)
I/org.umd.logging( 9405): Method < 1 com.mobilityware.solitaire.AnimationManager$1.run()
I/org.umd.logging( 9405): Method > 1 com.mobilityware.solitaire.AnimationManager$1.run(com.mobilityware.solitaire.AnimationManager$1@644595933)
I/org.umd.logging( 9405): Method < 1 com.mobilityware.solitaire.AnimationManager$1.run()
I/org.umd.logging( 9405): Method > 1 com.mobilityware.solitaire.AnimationManager$1.run(com.mobilityware.solitaire.AnimationManager$1@644595933)
I/org.umd.logging( 9405): Method < 1 com.mobilityware.solitaire.AnimationManager$1.run()
I/org.umd.logging( 9405): Method > 1 com.mobilityware.solitaire.AnimationManager$1.run(com.mobilityware.solitaire.AnimationManager$1@644595933)
I/org.umd.logging( 9405): Method < 1 com.mobilityware.solitaire.AnimationManager$1.run()
I/org.umd.logging( 9405): Method > 1 com.mobilityware.advertising.AdControl$6.run(com.mobilityware.advertising.AdControl$6@843000454)
I/cr_Ime  ( 9405): ImeThread is enabled.
I/ActivityManager(  594): START u0 {cmp=com.mobilityware.solitaire/com.google.android.gms.ads.AdActivity (has extras)} from uid 10216 on display 0
V/WindowManager(  594): addAppToken: AppWindowToken{7f97097 token=Token{1b5aaf16 ActivityRecord{ddec31 u0 com.mobilityware.solitaire/com.google.android.gms.ads.AdActivity t33}}} to stack=1 task=33 at 1
I/org.umd.logging( 9405): Method < 1 com.mobilityware.advertising.AdControl$6.run()
I/org.umd.logging( 9405): Method > 1 com.mobilityware.solitaire.Solitaire.onPause(com.mobilityware.solitaire.Solitaire@839259446<activity=true>)
I/org.umd.logging( 9405): Method > 1 com.vungle.publisher.VunglePub.onPause(com.vungle.publisher.VunglePub@399708507)
I/org.umd.logging( 9405): Method > 1 com.vungle.publisher.VunglePubBase.onPause(com.vungle.publisher.VunglePub@399708507)
I/org.umd.logging( 9405): Api > 1 android.content.Context.startService(com.mobilityware.solitaire.SolitaireApplication@410649080, android.content.Intent@998919672<action=com.vungle.publisher.VungleService.SESSION><data=null><package=null><component=com.mobilityware.solitaire/com.vungle.publisher.VungleService><type=null><filter_hashcode=-2112753303><activityPauseMillis=None><activityEvent=None><sessionStartMillis=None><umd_Intent_key=None>)
I/org.umd.logging( 9405): Api < 1 android.content.Context.startService()
I/org.umd.logging( 9405): Method < 1 com.vungle.publisher.VunglePubBase.onPause()
I/org.umd.logging( 9405): Method < 1 com.vungle.publisher.VunglePub.onPause()
I/org.umd.logging( 9405): Method < 1 com.mobilityware.solitaire.Solitaire.onPause()
I/org.umd.logging( 9405): Method > 1 com.vungle.publisher.VungleService.onStartCommand(com.vungle.publisher.VungleService@1000654765, android.content.Intent@57995985<action=com.vungle.publisher.VungleService.SESSION><data=null><package=null><component=com.mobilityware.solitaire/com.vungle.publisher.VungleService><type=null><filter_hashcode=-2112753303><activityPauseMillis=None><activityEvent=None><sessionStartMillis=None><umd_Intent_key=None>, 0, 10)
I/org.umd.logging( 9405): Method > 1 com.vungle.publisher.VungleService.onStart(com.vungle.publisher.VungleService@1000654765, android.content.Intent@57995985<action=com.vungle.publisher.VungleService.SESSION><data=null><package=null><component=com.mobilityware.solitaire/com.vungle.publisher.VungleService><type=null><filter_hashcode=-2112753303><activityPauseMillis=None><activityEvent=None><sessionStartMillis=None><umd_Intent_key=None>, 10)
I/org.umd.logging( 9405): Method < 1 com.vungle.publisher.VungleService.onStartCommand(2)
D/DynamitePackage( 9405): Instantiating com.google.android.gms.ads.ChimeraAdOverlayCreatorImpl
I/Ads     ( 9405): Ad opening.
V/WindowManager(  594): Adding window Window{14741a6d u0 com.mobilityware.solitaire/com.google.android.gms.ads.AdActivity} at 4 of 10 (after Window{3bd1aa59 u0 com.mobilityware.solitaire/com.mobilityware.solitaire.Solitaire})
I/ActivityManager(  594): Displayed com.mobilityware.solitaire/com.google.android.gms.ads.AdActivity: +159ms
W/cr_BindingManager( 9405): Cannot call determinedVisibility() - never saw a connection for the pid: 9405
I/chromium( 9405): [INFO:CONSOLE(0)] "Document was loaded from Application Cache with manifest https://googleads.g.doubleclick.net/mads/static/mad/sdk/native/sdk-core-v40-loader.appcache", source: https://googleads.g.doubleclick.net/mads/static/mad/sdk/native/sdk-core-v40-loader.html (0)
I/chromium( 9405): [INFO:CONSOLE(0)] "Application Cache Checking event", source: https://googleads.g.doubleclick.net/mads/static/mad/sdk/native/sdk-core-v40-loader.html (0)
E/chromium( 9405): [ERROR:interface_registry.cc(99)] Failed to locate a binder for interface: autofill::mojom::AutofillDriver
I/chromium( 9405): [INFO:CONSOLE(0)] "Application Cache Downloading event", source: https://googleads.g.doubleclick.net/mads/static/mad/sdk/native/sdk-core-v40-loader.html (0)
E/WifiStateMachine(  594): WifiStateMachine CMD_START_SCAN source -2 txSuccessRate=18.46 rxSuccessRate=38.10 targetRoamBSSID=any RSSI=-40
I/chromium( 9405): [INFO:CONSOLE(0)] "Application Cache Progress event (0 of 4) https://googleads.g.doubleclick.net/mads/static/mad/sdk/native/canary/sdk-core-v40-impl.js", source: https://googleads.g.doubleclick.net/mads/static/mad/sdk/native/sdk-core-v40-loader.html (0)
I/chromium( 9405): [INFO:CONSOLE(0)] "Application Cache Progress event (1 of 4) https://googleads.g.doubleclick.net/mads/static/mad/sdk/native/production/sdk-core-v40-impl.js", source: https://googleads.g.doubleclick.net/mads/static/mad/sdk/native/sdk-core-v40-loader.html (0)
I/chromium( 9405): [INFO:CONSOLE(0)] "Application Cache Progress event (2 of 4) https://googleads.g.doubleclick.net/mads/static/mad/sdk/native/sdk-core-v40-loader.js", source: https://googleads.g.doubleclick.net/mads/static/mad/sdk/native/sdk-core-v40-loader.html (0)
I/chromium( 9405): [INFO:CONSOLE(0)] "Application Cache Progress event (3 of 4) https://googleads.g.doubleclick.net/mads/static/mad/sdk/native/sdk-core-v40-loader.html", source: https://googleads.g.doubleclick.net/mads/static/mad/sdk/native/sdk-core-v40-loader.html (0)
I/org.umd.logging( 9405): Method > 2155 com.vungle.publisher.bt$a.run(com.vungle.publisher.bt$a@45549387)
I/org.umd.logging( 9405): Method > 2155 com.vungle.publisher.bt$c.run(com.vungle.publisher.bt$c@455681320)
I/org.umd.logging( 9405): Method < 2155 com.vungle.publisher.bt$c.run()
I/org.umd.logging( 9405): Method < 2155 com.vungle.publisher.bt$a.run()
I/Solitaire( 9405): onStop early exit
I/chromium( 9405): [INFO:CONSOLE(0)] "Application Cache Progress event (4 of 4) ", source: https://googleads.g.doubleclick.net/mads/static/mad/sdk/native/sdk-core-v40-loader.html (0)
I/chromium( 9405): [INFO:CONSOLE(0)] "Application Cache UpdateReady event", source: https://googleads.g.doubleclick.net/mads/static/mad/sdk/native/sdk-core-v40-loader.html (0)
I/Ads     ( 9405): JS Engine is requesting an update
I/org.umd.logging( 9405): Method > 2156 com.vungle.publisher.bt$a.run(com.vungle.publisher.bt$a@708991121)
I/org.umd.logging( 9405): Method > 2156 com.vungle.publisher.bt$c.run(com.vungle.publisher.bt$c@107090934)
I/org.umd.logging( 9405): Method < 2156 com.vungle.publisher.bt$c.run()
I/org.umd.logging( 9405): Method < 2156 com.vungle.publisher.bt$a.run()
D/audio_hw_primary(  190): disable_audio_route: reset and update mixer path: low-latency-playback
D/audio_hw_primary(  190): disable_snd_device: snd_device(2: speaker)
I/org.umd.logging( 4986): Method > 1 com.cleanmaster.base.crash.util.debug.b.run(com.cleanmaster.base.crash.util.debug.b@453239735)
I/org.umd.logging( 4986): Method < 1 com.cleanmaster.base.crash.util.debug.b.run()
D/audio_hw_primary(  190): select_devices: out_snd_device(2: speaker) in_snd_device(0: none)
D/ACDB-LOADER(  190): ACDB -> send_afe_cal
D/audio_hw_primary(  190): enable_snd_device: snd_device(2: speaker)
W/ActivityManager(  594): Duplicate finish request for ActivityRecord{ddec31 u0 com.mobilityware.solitaire/com.google.android.gms.ads.AdActivity t33 f}
D/audio_hw_primary(  190): enable_audio_route: apply and update mixer path: low-latency-playback
I/Ads     ( 9405): Ad closing.
I/org.umd.logging( 9405): Method > 1 com.mobilityware.solitaire.Solitaire.onStart(com.mobilityware.solitaire.Solitaire@839259446<activity=true>)
I/org.umd.logging( 9405): Method > 1 com.mobilityware.advertising.AdControl.onStart(com.mobilityware.advertising.AdControl@807595213)
I/org.umd.logging( 9405): Method < 1 com.mobilityware.advertising.AdControl.onStart()
I/Solitaire( 9405): onStart early exit
I/org.umd.logging( 9405): Method < 1 com.mobilityware.solitaire.Solitaire.onStart()
I/org.umd.logging( 9405): Method > 1 com.mobilityware.solitaire.Solitaire.onResume(com.mobilityware.solitaire.Solitaire@839259446<activity=true>)
I/org.umd.logging( 9405): Method > 1 com.vungle.publisher.VunglePub.onResume(com.vungle.publisher.VunglePub@399708507)
I/org.umd.logging( 9405): Method > 1 com.vungle.publisher.VunglePubBase.onResume(com.vungle.publisher.VunglePub@399708507)
I/org.umd.logging( 9405): Method > 2116 com.vungle.publisher.async.ScheduledPriorityExecutor$a$a.run(com.vungle.publisher.async.ScheduledPriorityExecutor$a$a@140282003)
I/org.umd.logging( 9405): Method > 2116 com.vungle.publisher.env.AdvertisingDeviceIdStrategy$FetchAdvertisingPreferencesRunnable.run(com.vungle.publisher.env.AdvertisingDeviceIdStrategy$FetchAdvertisingPreferencesRunnable@901062864)
I/org.umd.logging( 9405): Api > 1 android.content.Context.startService(com.mobilityware.solitaire.SolitaireApplication@410649080, android.content.Intent@378763650<action=com.vungle.publisher.VungleService.SESSION><data=null><package=null><component=com.mobilityware.solitaire/com.vungle.publisher.VungleService><type=null><filter_hashcode=-2112753303><activityEvent=None><umd_Intent_key=None>)
I/org.umd.logging( 9405): Api < 1 android.content.Context.startService()
I/org.umd.logging( 9405): Method < 1 com.vungle.publisher.VunglePubBase.onResume()
I/org.umd.logging( 9405): Method < 1 com.vungle.publisher.VunglePub.onResume()
I/org.umd.logging( 9405): Method < 1 com.mobilityware.solitaire.Solitaire.onResume()
I/org.umd.logging( 9405): Method > 1 com.vungle.publisher.VungleService.onStartCommand(com.vungle.publisher.VungleService@1000654765, android.content.Intent@881044430<action=com.vungle.publisher.VungleService.SESSION><data=null><package=null><component=com.mobilityware.solitaire/com.vungle.publisher.VungleService><type=null><filter_hashcode=-2112753303><activityEvent=None><umd_Intent_key=None>, 0, 11)
I/org.umd.logging( 9405): Method > 1 com.vungle.publisher.VungleService.onStart(com.vungle.publisher.VungleService@1000654765, android.content.Intent@881044430<action=com.vungle.publisher.VungleService.SESSION><data=null><package=null><component=com.mobilityware.solitaire/com.vungle.publisher.VungleService><type=null><filter_hashcode=-2112753303><activityEvent=None><umd_Intent_key=None>, 11)
I/org.umd.logging( 9405): Method < 1 com.vungle.publisher.VungleService.onStartCommand(2)
I/org.umd.logging( 9405): Method < 2116 com.vungle.publisher.env.AdvertisingDeviceIdStrategy$FetchAdvertisingPreferencesRunnable.run()
I/org.umd.logging( 9405): Method < 2116 com.vungle.publisher.async.ScheduledPriorityExecutor$a$a.run()
W/cr_BindingManager( 9405): Cannot call determinedVisibility() - never saw a connection for the pid: 9405
W/cr_ScreenOrientation( 9405): Removing an inexistent observer!
E/Cataloger( 6490): syncFile:/storage/emulated/0/2016-12-13_05:14:09.535.jpg
W/ResourceType( 9405): No known package when getting name for resource number 0xffffffff
I/org.umd.logging( 9405): Method > 1 com.mobilityware.solitaire.Toolbar$4.onClick(com.mobilityware.solitaire.Toolbar$4@501082245, android.widget.ImageButton@808629978<file=2016-12-13_05:14:09.535><x=561><y=1082><width=65><height=72><id=-1>)
E/Cataloger( 6490): syncFile:/storage/emulated/0/2016-12-13_05:14:09.535.jpg
I/org.umd.logging( 9405): Api > 1 android.animation.AnimatorSet.start(android.animation.AnimatorSet@820972692)
I/org.umd.logging( 9405): Api < 1 android.animation.AnimatorSet.start()
I/org.umd.logging( 9405): Method < 1 com.mobilityware.solitaire.Toolbar$4.onClick()
I/org.umd.logging( 9405): Method > 1 com.mobilityware.solitaire.AnimationManager$1.run(com.mobilityware.solitaire.AnimationManager$1@644595933)
I/org.umd.logging( 9405): Method < 1 com.mobilityware.solitaire.AnimationManager$1.run()
I/org.umd.logging( 9405): Method > 1 com.mobilityware.solitaire.AnimationManager$1.run(com.mobilityware.solitaire.AnimationManager$1@644595933)
I/org.umd.logging( 9405): Method < 1 com.mobilityware.solitaire.AnimationManager$1.run()
I/org.umd.logging( 9405): Method > 1 com.mobilityware.solitaire.AnimationManager$1.run(com.mobilityware.solitaire.AnimationManager$1@644595933)
I/org.umd.logging( 9405): Method < 1 com.mobilityware.solitaire.AnimationManager$1.run()
I/org.umd.logging( 9405): Method > 1 com.mobilityware.solitaire.AnimationManager$1.run(com.mobilityware.solitaire.AnimationManager$1@644595933)
I/org.umd.logging( 9405): Method < 1 com.mobilityware.solitaire.AnimationManager$1.run()
I/org.umd.logging( 9405): Method > 1 com.mobilityware.solitaire.AnimationManager$1.run(com.mobilityware.solitaire.AnimationManager$1@644595933)
I/org.umd.logging( 9405): Method < 1 com.mobilityware.solitaire.AnimationManager$1.run()
I/org.umd.logging( 9405): Method > 1 com.mobilityware.solitaire.AnimationManager$1.run(com.mobilityware.solitaire.AnimationManager$1@644595933)
I/org.umd.logging( 9405): Method < 1 com.mobilityware.solitaire.AnimationManager$1.run()
I/org.umd.logging( 9405): Method > 1 com.mobilityware.solitaire.AnimationManager$1.run(com.mobilityware.solitaire.AnimationManager$1@644595933)
I/org.umd.logging( 9405): Method < 1 com.mobilityware.solitaire.AnimationManager$1.run()
I/org.umd.logging( 9405): Method > 1 com.mobilityware.solitaire.AnimationManager$1.run(com.mobilityware.solitaire.AnimationManager$1@644595933)
I/org.umd.logging( 9405): Method < 1 com.mobilityware.solitaire.AnimationManager$1.run()
I/org.umd.logging( 9405): Method > 1 com.mobilityware.solitaire.AnimationManager$1.run(com.mobilityware.solitaire.AnimationManager$1@644595933)
I/org.umd.logging( 9405): Method < 1 com.mobilityware.solitaire.AnimationManager$1.run()
I/org.umd.logging( 9405): Method > 1 com.mobilityware.solitaire.AnimationManager$1.run(com.mobilityware.solitaire.AnimationManager$1@644595933)
I/org.umd.logging( 9405): Method < 1 com.mobilityware.solitaire.AnimationManager$1.run()
I/org.umd.logging( 9405): Method > 1 com.mobilityware.solitaire.AnimationManager$1.run(com.mobilityware.solitaire.AnimationManager$1@644595933)
I/org.umd.logging( 9405): Method < 1 com.mobilityware.solitaire.AnimationManager$1.run()
I/org.umd.logging( 9405): Method > 1 com.mobilityware.solitaire.AnimationManager$1.run(com.mobilityware.solitaire.AnimationManager$1@644595933)
I/org.umd.logging( 9405): Method < 1 com.mobilityware.solitaire.AnimationManager$1.run()
I/org.umd.logging( 9405): Method > 1 com.mobilityware.solitaire.AnimationManager$1.run(com.mobilityware.solitaire.AnimationManager$1@644595933)
I/org.umd.logging( 9405): Method < 1 com.mobilityware.solitaire.AnimationManager$1.run()
I/org.umd.logging( 9405): Method > 1 com.mobilityware.solitaire.AnimationManager$1.run(com.mobilityware.solitaire.AnimationManager$1@644595933)
I/org.umd.logging( 9405): Method < 1 com.mobilityware.solitaire.AnimationManager$1.run()
I/org.umd.logging( 9405): Method > 1 com.mobilityware.solitaire.AnimationManager$1.run(com.mobilityware.solitaire.AnimationManager$1@644595933)
I/org.umd.logging( 9405): Method < 1 com.mobilityware.solitaire.AnimationManager$1.run()
I/org.umd.logging( 9405): Method > 1 com.mobilityware.solitaire.AnimationManager$1.run(com.mobilityware.solitaire.AnimationManager$1@644595933)
I/org.umd.logging( 9405): Method < 1 com.mobilityware.solitaire.AnimationManager$1.run()
I/org.umd.logging( 9405): Method > 1 com.mobilityware.solitaire.AnimationManager$1.run(com.mobilityware.solitaire.AnimationManager$1@644595933)
I/org.umd.logging( 9405): Method < 1 com.mobilityware.solitaire.AnimationManager$1.run()
I/org.umd.logging( 9405): Method > 1 com.mobilityware.solitaire.AnimationManager$1.run(com.mobilityware.solitaire.AnimationManager$1@644595933)
I/org.umd.logging( 9405): Method < 1 com.mobilityware.solitaire.AnimationManager$1.run()
I/org.umd.logging( 9405): Method > 1 com.mobilityware.solitaire.AnimationManager$1.run(com.mobilityware.solitaire.AnimationManager$1@644595933)
I/org.umd.logging( 9405): Method < 1 com.mobilityware.solitaire.AnimationManager$1.run()
I/org.umd.logging( 9405): Method > 1 com.mobilityware.solitaire.AnimationManager$1.run(com.mobilityware.solitaire.AnimationManager$1@644595933)
I/org.umd.logging( 9405): Method < 1 com.mobilityware.solitaire.AnimationManager$1.run()
I/org.umd.logging( 9405): Method > 1 com.mobilityware.solitaire.AnimationManager$1.run(com.mobilityware.solitaire.AnimationManager$1@644595933)
I/org.umd.logging( 9405): Method < 1 com.mobilityware.solitaire.AnimationManager$1.run()
I/org.umd.logging( 9405): Method > 1 com.mobilityware.solitaire.AnimationManager$1.run(com.mobilityware.solitaire.AnimationManager$1@644595933)
I/org.umd.logging( 9405): Method < 1 com.mobilityware.solitaire.AnimationManager$1.run()
I/org.umd.logging( 9405): Method > 1 com.mobilityware.solitaire.AnimationManager$1.run(com.mobilityware.solitaire.AnimationManager$1@644595933)
I/org.umd.logging( 9405): Method < 1 com.mobilityware.solitaire.AnimationManager$1.run()
I/org.umd.logging( 9405): Method > 1 com.mobilityware.solitaire.AnimationManager$1.run(com.mobilityware.solitaire.AnimationManager$1@644595933)
I/org.umd.logging( 9405): Method < 1 com.mobilityware.solitaire.AnimationManager$1.run()
I/org.umd.logging( 9405): Method > 1 com.mobilityware.solitaire.AnimationManager$1.run(com.mobilityware.solitaire.AnimationManager$1@644595933)
I/org.umd.logging( 9405): Method < 1 com.mobilityware.solitaire.AnimationManager$1.run()
I/org.umd.logging( 9405): Method > 1 com.mobilityware.solitaire.AnimationManager$1.run(com.mobilityware.solitaire.AnimationManager$1@644595933)
I/org.umd.logging( 9405): Method < 1 com.mobilityware.solitaire.AnimationManager$1.run()
I/org.umd.logging( 9405): Method > 1 com.mobilityware.solitaire.AnimationManager$1.run(com.mobilityware.solitaire.AnimationManager$1@644595933)
I/org.umd.logging( 9405): Method < 1 com.mobilityware.solitaire.AnimationManager$1.run()
I/org.umd.logging( 9405): Method > 1 com.mobilityware.solitaire.AnimationManager$1.run(com.mobilityware.solitaire.AnimationManager$1@644595933)
I/org.umd.logging( 9405): Method < 1 com.mobilityware.solitaire.AnimationManager$1.run()
I/org.umd.logging( 9405): Method > 1 com.mobilityware.solitaire.AnimationManager$1.run(com.mobilityware.solitaire.AnimationManager$1@644595933)
I/org.umd.logging( 9405): Method < 1 com.mobilityware.solitaire.AnimationManager$1.run()
I/org.umd.logging( 9405): Method > 1 com.mobilityware.solitaire.AnimationManager$1.run(com.mobilityware.solitaire.AnimationManager$1@644595933)
I/org.umd.logging( 9405): Method < 1 com.mobilityware.solitaire.AnimationManager$1.run()
I/org.umd.logging( 9405): Api > 1 android.animation.ObjectAnimator.start(android.animation.ObjectAnimator@831044739)
I/org.umd.logging( 9405): Api < 1 android.animation.ObjectAnimator.start()
I/org.umd.logging( 9405): Api > 1 android.animation.ObjectAnimator.start(android.animation.ObjectAnimator@284843520)
I/org.umd.logging( 9405): Api < 1 android.animation.ObjectAnimator.start()
I/org.umd.logging( 9405): Api > 1 android.animation.ObjectAnimator.start(android.animation.ObjectAnimator@588817534)
I/org.umd.logging( 9405): Api < 1 android.animation.ObjectAnimator.start()
W/ResourceType(  738): No package identifier when getting value for resource number 0x00000000
W/PackageManager(  738): Failure retrieving resources for com.mobilityware.solitaire: Resource ID #0x0
I/ActivityManager(  594): START u0 {act=com.android.systemui.recents.SHOW_RECENTS flg=0x10804000 cmp=com.android.systemui/.recents.RecentsActivity} from uid 10022 on display 0
I/org.umd.logging( 9405): Method > 1 com.mobilityware.solitaire.Solitaire.onPause(com.mobilityware.solitaire.Solitaire@839259446<activity=true>)
I/org.umd.logging( 9405): Method > 1 com.vungle.publisher.VunglePub.onPause(com.vungle.publisher.VunglePub@399708507)
I/org.umd.logging( 9405): Method > 1 com.vungle.publisher.VunglePubBase.onPause(com.vungle.publisher.VunglePub@399708507)
I/org.umd.logging( 9405): Api > 1 android.content.Context.startService(com.mobilityware.solitaire.SolitaireApplication@410649080, android.content.Intent@597068426<action=com.vungle.publisher.VungleService.SESSION><data=null><package=null><component=com.mobilityware.solitaire/com.vungle.publisher.VungleService><type=null><filter_hashcode=-2112753303><activityPauseMillis=None><activityEvent=None><sessionStartMillis=None><umd_Intent_key=None>)
I/org.umd.logging( 9405): Api < 1 android.content.Context.startService()
I/org.umd.logging( 9405): Method < 1 com.vungle.publisher.VunglePubBase.onPause()
I/org.umd.logging( 9405): Method < 1 com.vungle.publisher.VunglePub.onPause()
I/org.umd.logging( 9405): Method < 1 com.mobilityware.solitaire.Solitaire.onPause()
I/Solitaire( 9405): onStop
I/org.umd.logging( 9405): Api > 1 android.location.LocationManager.getBestProvider(android.location.LocationManager@832244523, android.location.Criteria@906705147, true)
I/org.umd.logging( 9405): Api < 1 android.location.LocationManager.getBestProvider(null)
I/org.umd.logging( 9405): Method > 2082 com.flurry.sdk.fc.run(com.flurry.sdk.dg$9@59994993)
I/org.umd.logging( 9405): Method < 2082 com.flurry.sdk.fc.run()
I/org.umd.logging( 9405): Method > 2082 com.flurry.sdk.fc.run(com.flurry.sdk.dg$7@356041412)
I/org.umd.logging( 9405): Method < 2082 com.flurry.sdk.fc.run()
I/org.umd.logging( 9405): Method > 1 com.vungle.publisher.VungleService.onStartCommand(com.vungle.publisher.VungleService@1000654765, android.content.Intent@1008391597<action=com.vungle.publisher.VungleService.SESSION><data=null><package=null><component=com.mobilityware.solitaire/com.vungle.publisher.VungleService><type=null><filter_hashcode=-2112753303><activityPauseMillis=None><activityEvent=None><sessionStartMillis=None><umd_Intent_key=None>, 0, 12)
I/org.umd.logging( 9405): Method > 1 com.vungle.publisher.VungleService.onStart(com.vungle.publisher.VungleService@1000654765, android.content.Intent@1008391597<action=com.vungle.publisher.VungleService.SESSION><data=null><package=null><component=com.mobilityware.solitaire/com.vungle.publisher.VungleService><type=null><filter_hashcode=-2112753303><activityPauseMillis=None><activityEvent=None><sessionStartMillis=None><umd_Intent_key=None>, 12)
I/org.umd.logging( 9405): Method < 1 com.vungle.publisher.VungleService.onStartCommand(2)
W/InputMethodManagerService(  594): Starting input on non-focused client com.android.internal.view.IInputMethodClient$Stub$Proxy@36415711 (uid=10216 pid=9405)
I/DownloadManagerWrapper(  949): onReceive() : Charging = true
I/org.umd.logging( 9405): Method > 1 com.mobilityware.solitaire.Solitaire.onDestroy(com.mobilityware.solitaire.Solitaire@839259446<activity=true>)
I/Solitaire( 9405): onDestroy
I/ActivityManager(  594): START u0 {act=android.intent.action.MAIN cat=[android.intent.category.HOME] flg=0x10200000 cmp=com.android.launcher/com.android.launcher2.Launcher} from uid 10022 on display 0
D/TaskPersister(  594): removeObsoleteFile: deleting file=33_task.xml
I/art     ( 9405): Explicit concurrent mark sweep GC freed 31008(1913KB) AllocSpace objects, 24(14MB) LOS objects, 18% free, 35MB/43MB, paused 5.615ms total 143.384ms
I/org.umd.logging( 9405): Method < 1 com.mobilityware.solitaire.Solitaire.onDestroy()
I/ActivityManager(  594): Killing 9405:com.mobilityware.solitaire/u0a216 (adj 16): remove task
D/ConnectivityService(  594): ConnectivityService NetworkRequestInfo binderDied(NetworkRequest [ id=56, legacyType=-1, [ Capabilities: INTERNET&NOT_RESTRICTED&TRUSTED] ], android.os.BinderProxy@1dcb0677)
D/ConnectivityService(  594): ConnectivityService NetworkRequestInfo binderDied(NetworkRequest [ id=57, legacyType=-1, [ Capabilities: INTERNET&NOT_RESTRICTED&TRUSTED] ], android.os.BinderProxy@27432e4)
D/NuPlayerDriver(  190): reset(0xb7a26e08)
D/ConnectivityService(  594): releasing NetworkRequest NetworkRequest [ id=56, legacyType=-1, [ Capabilities: INTERNET&NOT_RESTRICTED&TRUSTED] ]
E/ConnectivityService(  594): RemoteException caught trying to send a callback msg for NetworkRequest [ id=56, legacyType=-1, [ Capabilities: INTERNET&NOT_RESTRICTED&TRUSTED] ]
D/ConnectivityService(  594): releasing NetworkRequest NetworkRequest [ id=57, legacyType=-1, [ Capabilities: INTERNET&NOT_RESTRICTED&TRUSTED] ]
E/ConnectivityService(  594): RemoteException caught trying to send a callback msg for NetworkRequest [ id=57, legacyType=-1, [ Capabilities: INTERNET&NOT_RESTRICTED&TRUSTED] ]
D/NuPlayerDriver(  190): notifyResetComplete(0xb7a26e08)
W/AudioFlinger(  190): session id 168 not found for pid 9405
D/NuPlayerDriver(  190): reset(0xb7a55a58)
D/NuPlayerDriver(  190): notifyResetComplete(0xb7a55a58)
W/AudioFlinger(  190): session id 163 not found for pid 9405
W/ActivityManager(  594): Scheduling restart of crashed service com.mobilityware.solitaire/com.vungle.publisher.VungleService in 1000ms
W/OpenGLRenderer( 1054): Incorrectly called buildLayer on View: ShortcutAndWidgetContainer, destroying layer...
W/OpenGLRenderer( 1054): Incorrectly called buildLayer on View: ShortcutAndWidgetContainer, destroying layer...
D/audio_hw_primary(  190): disable_audio_route: reset and update mixer path: low-latency-playback
D/audio_hw_primary(  190): disable_snd_device: snd_device(2: speaker)
I/org.umd.logging( 4986): Method > 1 com.cleanmaster.base.crash.util.debug.b.run(com.cleanmaster.base.crash.util.debug.b@453239735)
I/org.umd.logging( 4986): Method < 1 com.cleanmaster.base.crash.util.debug.b.run()
I/DownloadManagerWrapper(  949): onReceive() : Charging = true
E/WifiStateMachine(  594): WifiStateMachine CMD_START_SCAN source -2 txSuccessRate=5.54 rxSuccessRate=6.14 targetRoamBSSID=any RSSI=-41
I/org.umd.logging( 4986): Method > 1 com.cleanmaster.base.crash.util.debug.b.run(com.cleanmaster.base.crash.util.debug.b@453239735)
I/org.umd.logging( 4986): Method < 1 com.cleanmaster.base.crash.util.debug.b.run()
