I/chromium( 9405): [INFO:CONSOLE(3)] "The value "device-width;" for key "width" is invalid, and has been ignored.", source: http://adsx.greystripe.com/openx/www/delivery/ia.php?z=1481667219990&s=fs&source=saveimage%20port%20wifi%20Android-5.1.1%20asdk-2.4.2%20land&guid=28c67532-a45d-4129-a14f-96cf44bc81e3&screen_size=768x1184&gaid=229d4aea-d76e-47c3-ad88-1eafdf3529f0&res=2.0&lang=en (3)
I/chromium( 9405): [INFO:CONSOLE(3)] "The value "1.0;" for key "initial-scale" was truncated to its numeric prefix.", source: http://adsx.greystripe.com/openx/www/delivery/ia.php?z=1481667219990&s=fs&source=saveimage%20port%20wifi%20Android-5.1.1%20asdk-2.4.2%20land&guid=28c67532-a45d-4129-a14f-96cf44bc81e3&screen_size=768x1184&gaid=229d4aea-d76e-47c3-ad88-1eafdf3529f0&res=2.0&lang=en (3)
I/chromium( 9405): [INFO:CONSOLE(3)] "The value "1.0;" for key "maximum-scale" was truncated to its numeric prefix.", source: http://adsx.greystripe.com/openx/www/delivery/ia.php?z=1481667219990&s=fs&source=saveimage%20port%20wifi%20Android-5.1.1%20asdk-2.4.2%20land&guid=28c67532-a45d-4129-a14f-96cf44bc81e3&screen_size=768x1184&gaid=229d4aea-d76e-47c3-ad88-1eafdf3529f0&res=2.0&lang=en (3)
I/chromium( 9405): [INFO:CONSOLE(3)] "The value "0;" for key "user-scalable" was truncated to its numeric prefix.", source: http://adsx.greystripe.com/openx/www/delivery/ia.php?z=1481667219990&s=fs&source=saveimage%20port%20wifi%20Android-5.1.1%20asdk-2.4.2%20land&guid=28c67532-a45d-4129-a14f-96cf44bc81e3&screen_size=768x1184&gaid=229d4aea-d76e-47c3-ad88-1eafdf3529f0&res=2.0&lang=en (3)
I/chromium( 9405): [INFO:CONSOLE(3)] "Error parsing a meta element's content: ';' is not a valid key-value pair separator. Please use ',' instead.", source: http://adsx.greystripe.com/openx/www/delivery/ia.php?z=1481667219990&s=fs&source=saveimage%20port%20wifi%20Android-5.1.1%20asdk-2.4.2%20land&guid=28c67532-a45d-4129-a14f-96cf44bc81e3&screen_size=768x1184&gaid=229d4aea-d76e-47c3-ad88-1eafdf3529f0&res=2.0&lang=en (3)
I/org.umd.logging( 9405): Method < 2125 com.facebook.ads.internal.AdRequest.executeConnectionAndWait(com.facebook.ads.internal.AdRequest$AdRequestResponse@425005914)
I/org.umd.logging( 9405): Method < 2125 com.facebook.ads.internal.AdRequest$1.doInBackground(com.facebook.ads.internal.AdRequest$AdRequestResponse@425005914)
E/Cataloger( 6490): syncFile:/storage/emulated/0/2016-12-13_05:13:40.505.jpg
I/org.umd.logging( 9405): Method > 1 com.mobilityware.solitaire.MWView.onTouchEvent(com.mobilityware.solitaire.MWView@399791502<file=2016-12-13_05:13:40.505><x=0><y=0><width=768><height=1184><id=2131165254><imagename=mwview>, android.view.MotionEvent@894364997)
I/org.umd.logging( 9405): Api > 1 android.animation.AnimatorSet.start(android.animation.AnimatorSet@1028845185)
E/Cataloger( 6490): syncFile:/storage/emulated/0/2016-12-13_05:13:40.505.jpg
I/org.umd.logging( 9405): Api < 1 android.animation.AnimatorSet.start()
I/org.umd.logging( 9405): Api > 1 android.animation.AnimatorSet.start(android.animation.AnimatorSet@516588820)
I/org.umd.logging( 9405): Api < 1 android.animation.AnimatorSet.start()
I/org.umd.logging( 9405): Api > 1 android.animation.AnimatorSet.start(android.animation.AnimatorSet@548597507)
I/org.umd.logging( 9405): Api < 1 android.animation.AnimatorSet.start()
I/org.umd.logging( 9405): Api > 1 android.animation.AnimatorSet.start(android.animation.AnimatorSet@562321662)
I/org.umd.logging( 9405): Api < 1 android.animation.AnimatorSet.start()
I/org.umd.logging( 9405): Api > 1 android.animation.AnimatorSet.start(android.animation.AnimatorSet@1056414581)
I/org.umd.logging( 9405): Api < 1 android.animation.AnimatorSet.start()
I/org.umd.logging( 9405): Api > 1 android.animation.AnimatorSet.start(android.animation.AnimatorSet@710933912)
I/org.umd.logging( 9405): Api < 1 android.animation.AnimatorSet.start()
I/org.umd.logging( 9405): Api > 1 android.animation.AnimatorSet.start(android.animation.AnimatorSet@777393239)
I/org.umd.logging( 9405): Api < 1 android.animation.AnimatorSet.start()
I/org.umd.logging( 9405): Api > 1 android.animation.AnimatorSet.start(android.animation.AnimatorSet@256601442)
I/org.umd.logging( 9405): Api < 1 android.animation.AnimatorSet.start()
I/org.umd.logging( 9405): Api > 1 android.animation.AnimatorSet.start(android.animation.AnimatorSet@75920937)
I/org.umd.logging( 9405): Api < 1 android.animation.AnimatorSet.start()
I/org.umd.logging( 9405): Api > 1 android.animation.AnimatorSet.start(android.animation.AnimatorSet@182505180)
I/org.umd.logging( 9405): Api < 1 android.animation.AnimatorSet.start()
I/org.umd.logging( 9405): Api > 1 android.animation.AnimatorSet.start(android.animation.AnimatorSet@827062635)
I/org.umd.logging( 9405): Api < 1 android.animation.AnimatorSet.start()
I/org.umd.logging( 9405): Api > 1 android.animation.AnimatorSet.start(android.animation.AnimatorSet@371528838)
I/org.umd.logging( 9405): Api < 1 android.animation.AnimatorSet.start()
I/org.umd.logging( 9405): Api > 1 android.animation.AnimatorSet.start(android.animation.AnimatorSet@263983773)
I/org.umd.logging( 9405): Api < 1 android.animation.AnimatorSet.start()
I/org.umd.logging( 9405): Api > 1 android.animation.AnimatorSet.start(android.animation.AnimatorSet@995204320)
I/org.umd.logging( 9405): Api < 1 android.animation.AnimatorSet.start()
I/org.umd.logging( 9405): Api > 1 android.animation.AnimatorSet.start(android.animation.AnimatorSet@541889087)
I/org.umd.logging( 9405): Api < 1 android.animation.AnimatorSet.start()
I/org.umd.logging( 9405): Api > 1 android.animation.AnimatorSet.start(android.animation.AnimatorSet@558944874)
I/org.umd.logging( 9405): Api < 1 android.animation.AnimatorSet.start()
I/org.umd.logging( 9405): Api > 1 android.animation.AnimatorSet.start(android.animation.AnimatorSet@225494225)
I/org.umd.logging( 9405): Api < 1 android.animation.AnimatorSet.start()
I/org.umd.logging( 9405): Api > 1 android.animation.AnimatorSet.start(android.animation.AnimatorSet@307612580)
I/org.umd.logging( 9405): Api < 1 android.animation.AnimatorSet.start()
I/org.umd.logging( 9405): Api > 1 android.animation.AnimatorSet.start(android.animation.AnimatorSet@239964883)
I/org.umd.logging( 9405): Api < 1 android.animation.AnimatorSet.start()
I/org.umd.logging( 9405): Api > 1 android.animation.AnimatorSet.start(android.animation.AnimatorSet@750185230)
I/org.umd.logging( 9405): Api < 1 android.animation.AnimatorSet.start()
I/org.umd.logging( 9405): Api > 1 android.animation.AnimatorSet.start(android.animation.AnimatorSet@516726981)
I/org.umd.logging( 9405): Api < 1 android.animation.AnimatorSet.start()
I/org.umd.logging( 9405): Api > 1 android.animation.AnimatorSet.start(android.animation.AnimatorSet@871595816)
I/org.umd.logging( 9405): Api < 1 android.animation.AnimatorSet.start()
I/org.umd.logging( 9405): Api > 1 android.animation.AnimatorSet.start(android.animation.AnimatorSet@169242407)
I/org.umd.logging( 9405): Api < 1 android.animation.AnimatorSet.start()
I/org.umd.logging( 9405): Method < 1 com.mobilityware.solitaire.MWView.onTouchEvent(true)
E/Cataloger( 6490): syncFile:/storage/emulated/0/2016-12-13_05:13:40.756.jpg
I/org.umd.logging( 9405): Method > 1 com.mobilityware.solitaire.MWView.onTouchEvent(com.mobilityware.solitaire.MWView@399791502<file=2016-12-13_05:13:40.756><x=0><y=0><width=768><height=1184><id=2131165254><imagename=mwview>, android.view.MotionEvent@894364997)
I/org.umd.logging( 9405): Method < 1 com.mobilityware.solitaire.MWView.onTouchEvent(true)
E/Cataloger( 6490): syncFile:/storage/emulated/0/2016-12-13_05:13:40.756.jpg
I/DownloadManagerWrapper(  949): onReceive() : Charging = true
E/Cataloger( 6490): syncFile:/storage/emulated/0/2016-12-13_05:13:40.985.jpg
I/org.umd.logging( 9405): Method > 1 com.mobilityware.solitaire.MWView.onTouchEvent(com.mobilityware.solitaire.MWView@399791502<file=2016-12-13_05:13:40.985><x=0><y=0><width=768><height=1184><id=2131165254><imagename=mwview>, android.view.MotionEvent@894364997)
I/org.umd.logging( 9405): Method < 1 com.mobilityware.solitaire.MWView.onTouchEvent(true)
E/Cataloger( 6490): syncFile:/storage/emulated/0/2016-12-13_05:13:40.985.jpg
E/chromium( 9405): [ERROR:interface_registry.cc(99)] Failed to locate a binder for interface: autofill::mojom::AutofillDriver
I/Choreographer( 9405): Skipped 46 frames!  The application may be doing too much work on its main thread.
I/org.umd.logging( 9405): Method > 1 com.facebook.ads.internal.AdRequest$1.onPostExecute(com.facebook.ads.internal.AdRequest$1@887211152<atask=true>, com.facebook.ads.internal.AdRequest$AdRequestResponse@425005914)
I/org.umd.logging( 9405): Method < 1 com.facebook.ads.internal.AdRequest$1.onPostExecute()
I/org.umd.logging( 9405): Method > 1 com.mobilityware.solitaire.AnimationManager$1.run(com.mobilityware.solitaire.AnimationManager$1@644595933)
I/org.umd.logging( 9405): Method < 1 com.mobilityware.solitaire.AnimationManager$1.run()
I/org.umd.logging( 9405): Method > 1 com.mobilityware.solitaire.MWView$4.run(com.mobilityware.solitaire.MWView$4@503625095)
I/org.umd.logging( 9405): Method < 1 com.mobilityware.solitaire.MWView$4.run()
I/org.umd.logging( 9405): Method > 1 com.mobilityware.advertising.AdControl$4.run(com.mobilityware.advertising.AdControl$4@473660025)
W/ResourcesManager( 9405): Asset path '/system/framework/com.android.media.remotedisplay.jar' does not exist or contains no resources.
W/ResourcesManager( 9405): Asset path '/system/framework/com.android.location.provider.jar' does not exist or contains no resources.
D/DynamitePackage( 9405): Instantiated singleton DynamitePackage.
D/DynamitePackage( 9405): Instantiating com.google.android.gms.ads.ChimeraAdManagerCreatorImpl
I/DynamiteModule( 9405): Considering local module com.google.android.gms.piccard.dynamite:0 and remote module com.google.android.gms.piccard.dynamite:9
I/DynamiteModule( 9405): Selected remote version of com.google.android.gms.piccard.dynamite, version >= 9
E/DynamiteModule( 9405): Failed to load DynamiteLoader: java.lang.ClassNotFoundException: Didn't find class "com.google.android.gms.dynamite.DynamiteModule$DynamiteLoaderClassLoader" on path: DexPathList[[zip file "/data/app/com.mobilityware.solitaire-1/base.apk"],nativeLibraryDirectories=[/vendor/lib, /system/lib]]
W/DynamiteModule( 9405): Failed to load remote module: Failed to get module context
W/DynamiteModule( 9405): Failed to load module via fast routeajo: Remote load failed. No local fallback found.
I/DynamiteModule( 9405): Considering local module com.google.android.gms.piccard.dynamite:0 and remote module com.google.android.gms.piccard.dynamite:9
I/DynamiteModule( 9405): Selected remote version of com.google.android.gms.piccard.dynamite, version >= 9
I/Ads     ( 9405): Starting ad request.
I/Ads     ( 9405): Use AdRequest.Builder.addTestDevice("1F480C9603A7924489313051413E5A68") to get test ads on this device.
I/Ads     ( 9405): Please set theme of AdActivity to @android:style/Theme.Translucent to enable transparent background interstitial ad.
I/org.umd.logging( 9405): Method < 1 com.mobilityware.advertising.AdControl$4.run()
I/org.umd.logging( 9405): Method > 1 com.greystripe.sdk.core.AdWebView$1.run(com.greystripe.sdk.core.AdWebView$1@714351709)
I/org.umd.logging( 9405): Method < 1 com.greystripe.sdk.core.AdWebView$1.run()
I/org.umd.logging( 9405): Method > 1 com.greystripe.sdk.core.AdModel$2.run(com.greystripe.sdk.core.AdModel$2@626586275)
I/org.umd.logging( 9405): Method < 1 com.greystripe.sdk.core.AdModel$2.run()
I/org.umd.logging( 9405): Method > 1 com.greystripe.sdk.core.AdModel$3.run(com.greystripe.sdk.core.AdModel$3@947104089)
I/org.umd.logging( 9405): Method < 1 com.greystripe.sdk.core.AdModel$3.run()
I/dex2oat ( 9563): /system/bin/dex2oat --runtime-arg -classpath --runtime-arg  --instruction-set=arm --instruction-set-features=div --runtime-arg -Xrelocate --boot-image=/system/framework/boot.art --dex-file=/data/data/com.mobilityware.solitaire/cache/1470286953684.jar --oat-fd=126 --oat-location=/data/data/com.mobilityware.solitaire/cache/1470286953684.dex --runtime-arg -Xms64m --runtime-arg -Xmx512m
I/dex2oat ( 9563): dex2oat took 106.088ms (threads: 4) arena alloc=130KB java alloc=24KB native alloc=1174KB free=25KB
W/ActivityManager(  594): getRunningAppProcesses: caller 10216 does not hold REAL_GET_TASKS; limiting output
I/org.umd.logging( 9405): Method > 2116 com.vungle.publisher.async.ScheduledPriorityExecutor$a$a.run(com.vungle.publisher.async.ScheduledPriorityExecutor$a$a@680046325)
I/org.umd.logging( 9405): Method > 2116 com.vungle.publisher.VunglePubBase$AsyncInitEventListener$1.run(com.vungle.publisher.VunglePubBase$AsyncInitEventListener$1@499435288)
I/org.umd.logging( 9405): Method > 2117 com.vungle.publisher.async.ScheduledPriorityExecutor$a$a.run(com.vungle.publisher.async.ScheduledPriorityExecutor$a$a@906118513)
I/org.umd.logging( 9405): Method > 2117 com.vungle.publisher.env.AdvertisingDeviceIdStrategy$FetchAdvertisingPreferencesRunnable.run(com.vungle.publisher.env.AdvertisingDeviceIdStrategy$FetchAdvertisingPreferencesRunnable@377892694)
I/org.umd.logging( 9405): Api > 2116 android.content.Context.startService(com.mobilityware.solitaire.SolitaireApplication@410649080, android.content.Intent@739412951<action=com.vungle.publisher.VungleService.SESSION><data=null><package=null><component=com.mobilityware.solitaire/com.vungle.publisher.VungleService><type=null><filter_hashcode=-2112753303><activityEvent=None><sessionStartMillis=None><umd_Intent_key=None>)
I/org.umd.logging( 9405): Api < 2116 android.content.Context.startService()
I/org.umd.logging( 9405): Method > 1 com.vungle.publisher.VungleService.onCreate(com.vungle.publisher.VungleService@1000654765)
I/org.umd.logging( 9405): Method < 1 com.vungle.publisher.VungleService.onCreate()
I/org.umd.logging( 9405): Method > 1 com.vungle.publisher.VungleService.onStartCommand(com.vungle.publisher.VungleService@1000654765, android.content.Intent@346120496<action=com.vungle.publisher.VungleService.SESSION><data=null><package=null><component=com.mobilityware.solitaire/com.vungle.publisher.VungleService><type=null><filter_hashcode=-2112753303><activityEvent=None><sessionStartMillis=None><umd_Intent_key=None>, 0, 1)
I/org.umd.logging( 9405): Method > 1 com.vungle.publisher.VungleService.onStart(com.vungle.publisher.VungleService@1000654765, android.content.Intent@346120496<action=com.vungle.publisher.VungleService.SESSION><data=null><package=null><component=com.mobilityware.solitaire/com.vungle.publisher.VungleService><type=null><filter_hashcode=-2112753303><activityEvent=None><sessionStartMillis=None><umd_Intent_key=None>, 1)
I/org.umd.logging( 9405): Api > 1 android.os.HandlerThread.start(android.os.HandlerThread@1055118126<thread=2152>)
I/org.umd.logging( 9405): Api < 1 android.os.HandlerThread.start()
I/org.umd.logging( 9405): Api > 2116 android.content.Intent.<init>(android.content.Intent@919464674<action=com.vungle.publisher.VungleService.PROTOCOL><data=http://api.vungle.com/api/v1/config><package=null><component=com.mobilityware.solitaire/com.vungle.publisher.VungleService><type=null><filter_hashcode=-559033505><umd_Intent_key=None>, "com.vungle.publisher.VungleService.PROTOCOL", android.net.Uri$StringUri@887955151<URI=http://api.vungle.com/api/v1/config>, com.mobilityware.solitaire.SolitaireApplication@410649080, com.vungle.publisher.VungleService)
I/org.umd.logging( 9405): Api < 2116 android.content.Intent.<init>(android.content.Intent@919464674<action=com.vungle.publisher.VungleService.PROTOCOL><data=http://api.vungle.com/api/v1/config><package=null><component=com.mobilityware.solitaire/com.vungle.publisher.VungleService><type=null><filter_hashcode=-559033505><umd_Intent_key=None>)
I/org.umd.logging( 9405): Api > 2116 android.content.Context.startService(com.mobilityware.solitaire.SolitaireApplication@410649080, android.content.Intent@919464674<action=com.vungle.publisher.VungleService.PROTOCOL><data=http://api.vungle.com/api/v1/config><package=null><component=com.mobilityware.solitaire/com.vungle.publisher.VungleService><type=null><filter_hashcode=-559033505><umd_Intent_key=None><transaction=None>)
I/org.umd.logging( 9405): Api < 2116 android.content.Context.startService()
I/org.umd.logging( 9405): Method < 1 com.vungle.publisher.VungleService.onStartCommand(2)
I/org.umd.logging( 9405): Method > 1 com.vungle.publisher.VungleService.onStartCommand(com.vungle.publisher.VungleService@1000654765, android.content.Intent@6157370<action=com.vungle.publisher.VungleService.PROTOCOL><data=http://api.vungle.com/api/v1/config><package=null><component=com.mobilityware.solitaire/com.vungle.publisher.VungleService><type=null><filter_hashcode=-559033505><umd_Intent_key=None><transaction=None>, 0, 2)
I/org.umd.logging( 9405): Method > 1 com.vungle.publisher.VungleService.onStart(com.vungle.publisher.VungleService@1000654765, android.content.Intent@6157370<action=com.vungle.publisher.VungleService.PROTOCOL><data=http://api.vungle.com/api/v1/config><package=null><component=com.mobilityware.solitaire/com.vungle.publisher.VungleService><type=null><filter_hashcode=-559033505><umd_Intent_key=None><transaction=None>, 2)
I/org.umd.logging( 9405): Api > 2152 android.content.Intent.<init>(android.content.Intent@658954475<action=com.vungle.publisher.VungleService.PROTOCOL><data=http://api.vungle.com/api/v1/sessionStart><package=null><component=com.mobilityware.solitaire/com.vungle.publisher.VungleService><type=null><filter_hashcode=-1259389943><umd_Intent_key=None>, "com.vungle.publisher.VungleService.PROTOCOL", android.net.Uri$StringUri@271944<URI=http://api.vungle.com/api/v1/sessionStart>, com.mobilityware.solitaire.SolitaireApplication@410649080, com.vungle.publisher.VungleService)
I/org.umd.logging( 9405): Api < 2152 android.content.Intent.<init>(android.content.Intent@658954475<action=com.vungle.publisher.VungleService.PROTOCOL><data=http://api.vungle.com/api/v1/sessionStart><package=null><component=com.mobilityware.solitaire/com.vungle.publisher.VungleService><type=null><filter_hashcode=-1259389943><umd_Intent_key=None>)
I/org.umd.logging( 9405): Method < 1 com.vungle.publisher.VungleService.onStartCommand(2)
I/org.umd.logging( 9405): Api > 2152 android.content.Context.startService(com.mobilityware.solitaire.SolitaireApplication@410649080, android.content.Intent@658954475<action=com.vungle.publisher.VungleService.PROTOCOL><data=http://api.vungle.com/api/v1/sessionStart><package=null><component=com.mobilityware.solitaire/com.vungle.publisher.VungleService><type=null><filter_hashcode=-1259389943><umd_Intent_key=None><transaction=None>)
I/org.umd.logging( 9405): Api < 2152 android.content.Context.startService()
I/org.umd.logging( 9405): Method < 2117 com.vungle.publisher.env.AdvertisingDeviceIdStrategy$FetchAdvertisingPreferencesRunnable.run()
I/org.umd.logging( 9405): Method < 2117 com.vungle.publisher.async.ScheduledPriorityExecutor$a$a.run()
I/org.umd.logging( 9405): Method > 1 com.vungle.publisher.VungleService.onStartCommand(com.vungle.publisher.VungleService@1000654765, android.content.Intent@995712756<action=com.vungle.publisher.VungleService.PROTOCOL><data=http://api.vungle.com/api/v1/sessionStart><package=null><component=com.mobilityware.solitaire/com.vungle.publisher.VungleService><type=null><filter_hashcode=-1259389943><umd_Intent_key=None><transaction=None>, 0, 3)
I/org.umd.logging( 9405): Method > 1 com.vungle.publisher.VungleService.onStart(com.vungle.publisher.VungleService@1000654765, android.content.Intent@995712756<action=com.vungle.publisher.VungleService.PROTOCOL><data=http://api.vungle.com/api/v1/sessionStart><package=null><component=com.mobilityware.solitaire/com.vungle.publisher.VungleService><type=null><filter_hashcode=-1259389943><umd_Intent_key=None><transaction=None>, 3)
I/org.umd.logging( 9405): Method < 1 com.vungle.publisher.VungleService.onStartCommand(2)
I/org.umd.logging( 9405): Api > 2153 android.net.ConnectivityManager.getActiveNetworkInfo(android.net.ConnectivityManager@36278807)
I/org.umd.logging( 9405): Api < 2153 android.net.ConnectivityManager.getActiveNetworkInfo(android.net.NetworkInfo@471038563)
W/VungleFile( 9405): could not delete: /storage/emulated/0/Android/data/com.mobilityware.solitaire/files/.vungle/5768656694604ed45c000109_58014ae2d3ebbc8a26000081_datasci--primary--success
W/VungleDatabase( 9405): unable to delete files for {ad:: id: 5768656694604ed45c000109|58014ae2d3ebbc8a26000081|datasci--primary--success, type: local} attempt 0
I/org.umd.logging( 9405): Method > 2153 com.vungle.publisher.bt$a.run(com.vungle.publisher.bt$a@136238873)
I/org.umd.logging( 9405): Method > 2153 com.vungle.publisher.bx.run(com.vungle.publisher.bx@96033215)
I/org.umd.logging( 9405): Api > 2153 java.net.URL.openConnection(java.net.URL@301832332<URL=http://api.vungle.com/api/v1/config>)
I/org.umd.logging( 9405): Api < 2153 java.net.URL.openConnection(com.android.okhttp.internal.http.HttpURLConnectionImpl@901565397)
I/org.umd.logging( 9405): Method < 2116 com.vungle.publisher.VunglePubBase$AsyncInitEventListener$1.run()
I/org.umd.logging( 9405): Method < 2116 com.vungle.publisher.async.ScheduledPriorityExecutor$a$a.run()
I/org.umd.logging( 9405): Method > 2117 com.vungle.publisher.async.ScheduledPriorityExecutor$a$a.run(com.vungle.publisher.async.ScheduledPriorityExecutor$a$a@591126506)
I/org.umd.logging( 9405): Method > 2117 com.vungle.publisher.protocol.ProtocolHttpGateway$2.run(com.vungle.publisher.protocol.ProtocolHttpGateway$2@305246584)
I/org.umd.logging( 9405): Method < 2153 com.vungle.publisher.bx.run()
I/org.umd.logging( 9405): Method < 2153 com.vungle.publisher.bt$a.run()
I/org.umd.logging( 9405): Api > 2153 android.net.ConnectivityManager.getActiveNetworkInfo(android.net.ConnectivityManager@36278807)
I/org.umd.logging( 9405): Api < 2153 android.net.ConnectivityManager.getActiveNetworkInfo(android.net.NetworkInfo@230457486)
I/org.umd.logging( 9405): Method > 2153 com.vungle.publisher.bt$a.run(com.vungle.publisher.bt$a@71446703)
I/org.umd.logging( 9405): Method > 2153 com.vungle.publisher.bx.run(com.vungle.publisher.bx@291388604)
I/org.umd.logging( 9405): Api > 2153 java.net.URL.openConnection(java.net.URL@285824069<URL=http://api.vungle.com/api/v1/sessionStart>)
I/org.umd.logging( 9405): Api < 2153 java.net.URL.openConnection(com.android.okhttp.internal.http.HttpURLConnectionImpl@169969319)
I/org.umd.logging( 9405): Api > 2117 android.net.ConnectivityManager.getActiveNetworkInfo(android.net.ConnectivityManager@36278807)
I/org.umd.logging( 9405): Api < 2117 android.net.ConnectivityManager.getActiveNetworkInfo(android.net.NetworkInfo@489038358)
I/org.umd.logging( 9405): Api > 2117 android.content.Intent.<init>(android.content.Intent@983787415<action=com.vungle.publisher.VungleService.PROTOCOL><data=http://api.vungle.com/api/v1/requestAd><package=null><component=com.mobilityware.solitaire/com.vungle.publisher.VungleService><type=null><filter_hashcode=-2140864389><umd_Intent_key=None>, "com.vungle.publisher.VungleService.PROTOCOL", android.net.Uri$StringUri@921521540<URI=http://api.vungle.com/api/v1/requestAd>, com.mobilityware.solitaire.SolitaireApplication@410649080, com.vungle.publisher.VungleService)
I/org.umd.logging( 9405): Api < 2117 android.content.Intent.<init>(android.content.Intent@983787415<action=com.vungle.publisher.VungleService.PROTOCOL><data=http://api.vungle.com/api/v1/requestAd><package=null><component=com.mobilityware.solitaire/com.vungle.publisher.VungleService><type=null><filter_hashcode=-2140864389><umd_Intent_key=None>)
I/org.umd.logging( 9405): Api > 2117 android.content.Context.startService(com.mobilityware.solitaire.SolitaireApplication@410649080, android.content.Intent@983787415<action=com.vungle.publisher.VungleService.PROTOCOL><data=http://api.vungle.com/api/v1/requestAd><package=null><component=com.mobilityware.solitaire/com.vungle.publisher.VungleService><type=null><filter_hashcode=-2140864389><umd_Intent_key=None><transaction=None>)
I/org.umd.logging( 9405): Api < 2117 android.content.Context.startService()
I/org.umd.logging( 9405): Method < 2117 com.vungle.publisher.protocol.ProtocolHttpGateway$2.run()
I/org.umd.logging( 9405): Method < 2117 com.vungle.publisher.async.ScheduledPriorityExecutor$a$a.run()
I/org.umd.logging( 9405): Method < 2153 com.vungle.publisher.bx.run()
I/org.umd.logging( 9405): Method < 2153 com.vungle.publisher.bt$a.run()
I/org.umd.logging( 9405): Method > 1 com.vungle.publisher.VungleService.onStartCommand(com.vungle.publisher.VungleService@1000654765, android.content.Intent@683698541<action=com.vungle.publisher.VungleService.PROTOCOL><data=http://api.vungle.com/api/v1/requestAd><package=null><component=com.mobilityware.solitaire/com.vungle.publisher.VungleService><type=null><filter_hashcode=-2140864389><umd_Intent_key=None><transaction=None>, 0, 4)
I/org.umd.logging( 9405): Method > 1 com.vungle.publisher.VungleService.onStart(com.vungle.publisher.VungleService@1000654765, android.content.Intent@683698541<action=com.vungle.publisher.VungleService.PROTOCOL><data=http://api.vungle.com/api/v1/requestAd><package=null><component=com.mobilityware.solitaire/com.vungle.publisher.VungleService><type=null><filter_hashcode=-2140864389><umd_Intent_key=None><transaction=None>, 4)
I/org.umd.logging( 9405): Api > 2153 android.net.ConnectivityManager.getActiveNetworkInfo(android.net.ConnectivityManager@36278807)
I/org.umd.logging( 9405): Method < 1 com.vungle.publisher.VungleService.onStartCommand(2)
I/org.umd.logging( 9405): Api < 2153 android.net.ConnectivityManager.getActiveNetworkInfo(android.net.NetworkInfo@828000674)
I/org.umd.logging( 9405): Method > 2153 com.vungle.publisher.bt$a.run(com.vungle.publisher.bt$a@455927347)
I/org.umd.logging( 9405): Method > 2153 com.vungle.publisher.bx.run(com.vungle.publisher.bx@1051966960)
I/org.umd.logging( 9405): Api > 2153 java.net.URL.openConnection(java.net.URL@235351913<URL=http://api.vungle.com/api/v1/requestAd>)
I/org.umd.logging( 9405): Api < 2153 java.net.URL.openConnection(com.android.okhttp.internal.http.HttpURLConnectionImpl@1035427310)
I/Ads     ( 1667): Received log message: <Google:HTML> You are using version 4.2 of the Google Play services Ads SDK. Please consider updating your SDK to the most recent SDK version to get the latest features and bug fixes. See http://goo.gl/r2TRzC for instructions on how to get the latest version of Google Play services.
I/org.umd.logging( 9405): Method > 1 com.mobilityware.solitaire.MWView$4.run(com.mobilityware.solitaire.MWView$4@503625095)
I/org.umd.logging( 9405): Method < 1 com.mobilityware.solitaire.MWView$4.run()
I/cr_Ime  ( 9405): ImeThread is enabled.
W/cr_BindingManager( 9405): Cannot call determinedVisibility() - never saw a connection for the pid: 9405
D/audio_hw_primary(  190): disable_audio_route: reset and update mixer path: low-latency-playback
D/audio_hw_primary(  190): disable_snd_device: snd_device(2: speaker)
I/org.umd.logging( 9405): Method > 1 com.mobilityware.solitaire.MWView$4.run(com.mobilityware.solitaire.MWView$4@503625095)
I/org.umd.logging( 9405): Method < 1 com.mobilityware.solitaire.MWView$4.run()
E/chromium( 9405): [ERROR:interface_registry.cc(99)] Failed to locate a binder for interface: autofill::mojom::AutofillDriver
I/Ads     ( 9405): Ad finished loading.
I/org.umd.logging( 9405): Method > 1 com.mobilityware.solitaire.MWView$4.run(com.mobilityware.solitaire.MWView$4@503625095)
I/org.umd.logging( 9405): Method < 1 com.mobilityware.solitaire.MWView$4.run()
E/WifiStateMachine(  594): WifiStateMachine CMD_START_SCAN source -2 txSuccessRate=83.82 rxSuccessRate=84.43 targetRoamBSSID=any RSSI=-43
I/org.umd.logging( 9405): Api > 2153 android.content.Intent.<init>(android.content.Intent@1016554631<action=com.vungle.publisher.VungleService.PREPARE_AD><data=null><package=null><component=com.mobilityware.solitaire/com.vungle.publisher.VungleService><type=null><filter_hashcode=1076436166><umd_Intent_key=None>, "com.vungle.publisher.VungleService.PREPARE_AD", null, com.mobilityware.solitaire.SolitaireApplication@410649080, com.vungle.publisher.VungleService)
I/org.umd.logging( 9405): Api < 2153 android.content.Intent.<init>(android.content.Intent@1016554631<action=com.vungle.publisher.VungleService.PREPARE_AD><data=null><package=null><component=com.mobilityware.solitaire/com.vungle.publisher.VungleService><type=null><filter_hashcode=1076436166><umd_Intent_key=None>)
I/org.umd.logging( 9405): Api > 2153 android.content.Context.startService(com.mobilityware.solitaire.SolitaireApplication@410649080, android.content.Intent@1016554631<action=com.vungle.publisher.VungleService.PREPARE_AD><data=null><package=null><component=com.mobilityware.solitaire/com.vungle.publisher.VungleService><type=null><filter_hashcode=1076436166><adId=None><umd_Intent_key=None>)
I/org.umd.logging( 9405): Api < 2153 android.content.Context.startService()
I/org.umd.logging( 9405): Method > 1 com.vungle.publisher.VungleService.onStartCommand(com.vungle.publisher.VungleService@1000654765, android.content.Intent@880877492<action=com.vungle.publisher.VungleService.PREPARE_AD><data=null><package=null><component=com.mobilityware.solitaire/com.vungle.publisher.VungleService><type=null><filter_hashcode=1076436166><adId=None><umd_Intent_key=None>, 0, 5)
I/org.umd.logging( 9405): Method < 2153 com.vungle.publisher.bx.run()
I/org.umd.logging( 9405): Method < 2153 com.vungle.publisher.bt$a.run()
I/org.umd.logging( 9405): Method > 1 com.vungle.publisher.VungleService.onStart(com.vungle.publisher.VungleService@1000654765, android.content.Intent@880877492<action=com.vungle.publisher.VungleService.PREPARE_AD><data=null><package=null><component=com.mobilityware.solitaire/com.vungle.publisher.VungleService><type=null><filter_hashcode=1076436166><adId=None><umd_Intent_key=None>, 5)
I/org.umd.logging( 9405): Method < 1 com.vungle.publisher.VungleService.onStartCommand(2)
I/org.umd.logging( 9405): Method > 2155 com.vungle.publisher.bt$a.run(com.vungle.publisher.bt$a@30170962)
I/org.umd.logging( 9405): Method > 2155 com.vungle.publisher.service.PrepareLocalAdIntentHandler$c.run(com.vungle.publisher.service.PrepareLocalAdIntentHandler$c@938115872)
I/org.umd.logging( 9405): Api > 2155 android.content.Intent.<init>(android.content.Intent@784227711<action=com.vungle.publisher.VungleService.DOWNLOAD><data=https://cdn-lb.vungle.com/zen/AB_POP_XmasCat_21s_1080x1920-540x960-Q2.mp4><package=null><component=com.mobilityware.solitaire/com.vungle.publisher.VungleService><type=null><filter_hashcode=623568855><umd_Intent_key=None>, "com.vungle.publisher.VungleService.DOWNLOAD", android.net.Uri$StringUri@918860108<URI=https://cdn-lb.vungle.com/zen/AB_POP_XmasCat_21s_1080x1920-540x960-Q2.mp4>, com.mobilityware.solitaire.SolitaireApplication@410649080, com.vungle.publisher.VungleService)
I/org.umd.logging( 9405): Api < 2155 android.content.Intent.<init>(android.content.Intent@784227711<action=com.vungle.publisher.VungleService.DOWNLOAD><data=https://cdn-lb.vungle.com/zen/AB_POP_XmasCat_21s_1080x1920-540x960-Q2.mp4><package=null><component=com.mobilityware.solitaire/com.vungle.publisher.VungleService><type=null><filter_hashcode=623568855><umd_Intent_key=None>)
I/org.umd.logging( 9405): Api > 2155 android.content.Context.startService(com.mobilityware.solitaire.SolitaireApplication@410649080, android.content.Intent@784227711<action=com.vungle.publisher.VungleService.DOWNLOAD><data=https://cdn-lb.vungle.com/zen/AB_POP_XmasCat_21s_1080x1920-540x960-Q2.mp4><package=null><component=com.mobilityware.solitaire/com.vungle.publisher.VungleService><type=null><filter_hashcode=623568855><umd_Intent_key=None><transaction=None>)
I/org.umd.logging( 9405): Api < 2155 android.content.Context.startService()
I/org.umd.logging( 9405): Method > 1 com.vungle.publisher.VungleService.onStartCommand(com.vungle.publisher.VungleService@1000654765, android.content.Intent@747427221<action=com.vungle.publisher.VungleService.DOWNLOAD><data=https://cdn-lb.vungle.com/zen/AB_POP_XmasCat_21s_1080x1920-540x960-Q2.mp4><package=null><component=com.mobilityware.solitaire/com.vungle.publisher.VungleService><type=null><filter_hashcode=623568855><umd_Intent_key=None><transaction=None>, 0, 6)
I/org.umd.logging( 9405): Method > 1 com.vungle.publisher.VungleService.onStart(com.vungle.publisher.VungleService@1000654765, android.content.Intent@747427221<action=com.vungle.publisher.VungleService.DOWNLOAD><data=https://cdn-lb.vungle.com/zen/AB_POP_XmasCat_21s_1080x1920-540x960-Q2.mp4><package=null><component=com.mobilityware.solitaire/com.vungle.publisher.VungleService><type=null><filter_hashcode=623568855><umd_Intent_key=None><transaction=None>, 6)
I/org.umd.logging( 9405): Api > 2155 android.content.Intent.<init>(android.content.Intent@659064490<action=com.vungle.publisher.VungleService.DOWNLOAD><data=https://cdn-lb.vungle.com/bundles/5849ca486d379f5f0300013b-1.zip><package=null><component=com.mobilityware.solitaire/com.vungle.publisher.VungleService><type=null><filter_hashcode=-49247689><umd_Intent_key=None>, "com.vungle.publisher.VungleService.DOWNLOAD", android.net.Uri$StringUri@610620059<URI=https://cdn-lb.vungle.com/bundles/5849ca486d379f5f0300013b-1.zip>, com.mobilityware.solitaire.SolitaireApplication@410649080, com.vungle.publisher.VungleService)
I/org.umd.logging( 9405): Api < 2155 android.content.Intent.<init>(android.content.Intent@659064490<action=com.vungle.publisher.VungleService.DOWNLOAD><data=https://cdn-lb.vungle.com/bundles/5849ca486d379f5f0300013b-1.zip><package=null><component=com.mobilityware.solitaire/com.vungle.publisher.VungleService><type=null><filter_hashcode=-49247689><umd_Intent_key=None>)
I/org.umd.logging( 9405): Api > 2155 android.content.Context.startService(com.mobilityware.solitaire.SolitaireApplication@410649080, android.content.Intent@659064490<action=com.vungle.publisher.VungleService.DOWNLOAD><data=https://cdn-lb.vungle.com/bundles/5849ca486d379f5f0300013b-1.zip><package=null><component=com.mobilityware.solitaire/com.vungle.publisher.VungleService><type=null><filter_hashcode=-49247689><umd_Intent_key=None><transaction=None>)
I/org.umd.logging( 9405): Method < 1 com.vungle.publisher.VungleService.onStartCommand(2)
I/org.umd.logging( 9405): Api < 2155 android.content.Context.startService()
I/org.umd.logging( 9405): Method > 1 com.vungle.publisher.VungleService.onStartCommand(com.vungle.publisher.VungleService@1000654765, android.content.Intent@825374225<action=com.vungle.publisher.VungleService.DOWNLOAD><data=https://cdn-lb.vungle.com/bundles/5849ca486d379f5f0300013b-1.zip><package=null><component=com.mobilityware.solitaire/com.vungle.publisher.VungleService><type=null><filter_hashcode=-49247689><umd_Intent_key=None><transaction=None>, 0, 7)
I/org.umd.logging( 9405): Method > 1 com.vungle.publisher.VungleService.onStart(com.vungle.publisher.VungleService@1000654765, android.content.Intent@825374225<action=com.vungle.publisher.VungleService.DOWNLOAD><data=https://cdn-lb.vungle.com/bundles/5849ca486d379f5f0300013b-1.zip><package=null><component=com.mobilityware.solitaire/com.vungle.publisher.VungleService><type=null><filter_hashcode=-49247689><umd_Intent_key=None><transaction=None>, 7)
I/org.umd.logging( 9405): Api > 2156 android.net.ConnectivityManager.getActiveNetworkInfo(android.net.ConnectivityManager@36278807)
I/org.umd.logging( 9405): Method < 1 com.vungle.publisher.VungleService.onStartCommand(2)
I/org.umd.logging( 9405): Api < 2156 android.net.ConnectivityManager.getActiveNetworkInfo(android.net.NetworkInfo@247233911)
I/org.umd.logging( 9405): Method > 2156 com.vungle.publisher.bt$a.run(com.vungle.publisher.bt$a@897965540)
I/org.umd.logging( 9405): Method > 2156 com.vungle.publisher.bx.run(com.vungle.publisher.bx@368255565)
I/org.umd.logging( 9405): Api > 2156 java.net.URL.openConnection(java.net.URL@25641218<URL=https://cdn-lb.vungle.com/zen/AB_POP_XmasCat_21s_1080x1920-540x960-Q2.mp4>)
I/org.umd.logging( 9405): Api < 2156 java.net.URL.openConnection(com.android.okhttp.internal.http.HttpsURLConnectionImpl@636582419)
I/org.umd.logging( 9405): Api > 2157 android.net.ConnectivityManager.getActiveNetworkInfo(android.net.ConnectivityManager@36278807)
I/org.umd.logging( 9405): Api < 2157 android.net.ConnectivityManager.getActiveNetworkInfo(android.net.NetworkInfo@951383120)
I/org.umd.logging( 9405): Method > 2157 com.vungle.publisher.bt$a.run(com.vungle.publisher.bt$a@224171593)
I/org.umd.logging( 9405): Method > 2157 com.vungle.publisher.bx.run(com.vungle.publisher.bx@732719950)
I/org.umd.logging( 9405): Api > 2157 java.net.URL.openConnection(java.net.URL@762291311<URL=https://cdn-lb.vungle.com/bundles/5849ca486d379f5f0300013b-1.zip>)
I/org.umd.logging( 9405): Api < 2157 java.net.URL.openConnection(com.android.okhttp.internal.http.HttpsURLConnectionImpl@964494716)
I/org.umd.logging( 9405): Method < 2155 com.vungle.publisher.service.PrepareLocalAdIntentHandler$c.run()
I/org.umd.logging( 9405): Method < 2155 com.vungle.publisher.bt$a.run()
E/Cataloger( 6490): syncFile:/storage/emulated/0/Android/data/com.mobilityware.solitaire/files/.vungle/57365ef18ed036bf2a000090_584e0546a389cb6c0300003e_datasci--primary--success
I/org.umd.logging(26066): Method > 1 com.cnn.mobile.android.phone.service.FeedService.onCreate(com.cnn.mobile.android.phone.service.FeedService@893784399)
I/org.umd.logging(26066): Method < 1 com.cnn.mobile.android.phone.service.FeedService.onCreate()
I/org.umd.logging(26066): Method > 1 com.cnn.mobile.android.phone.service.FeedService.onStartCommand(com.cnn.mobile.android.phone.service.FeedService@893784399, android.content.Intent@637580773<action=null><data=null><package=null><component=com.cnn.mobile.android.phone/.service.FeedService><type=null><filter_hashcode=-1301101658><fetch_type=None><umd_Intent_key=None><android.intent.extra.ALARM_COUNT=None>, 0, 1)
I/org.umd.logging(26066): Method > 1 com.androidquery.callback.AbstractAjaxCallback.execute(com.cnn.mobile.android.phone.service.FeedService$1@970418362)
I/org.umd.logging(26066): Method < 1 com.androidquery.callback.AbstractAjaxCallback.execute()
I/org.umd.logging(26066): Method < 1 com.cnn.mobile.android.phone.service.FeedService.onStartCommand(2)
I/org.umd.logging(26066): Method > 1 com.cnn.mobile.android.phone.service.FeedService.onStartCommand(com.cnn.mobile.android.phone.service.FeedService@893784399, android.content.Intent@1014788971<action=null><data=null><package=null><component=com.cnn.mobile.android.phone/.service.FeedService><type=null><filter_hashcode=-1301101658><fetch_type=None><umd_Intent_key=None><android.intent.extra.ALARM_COUNT=None>, 0, 2)
I/org.umd.logging(26066): Method > 1 com.androidquery.callback.AbstractAjaxCallback.execute(com.cnn.mobile.android.phone.service.FeedService$2@468315848)
I/org.umd.logging(26066): Method < 1 com.androidquery.callback.AbstractAjaxCallback.execute()
I/org.umd.logging(26066): Method < 1 com.cnn.mobile.android.phone.service.FeedService.onStartCommand(2)
I/org.umd.logging(26066): Method > 1812 com.androidquery.callback.AbstractAjaxCallback.run(com.cnn.mobile.android.phone.service.FeedService$1@970418362)
I/org.umd.logging(26066): Method > 1 com.cnn.mobile.android.phone.service.FeedService.onDestroy(com.cnn.mobile.android.phone.service.FeedService@893784399)
I/org.umd.logging(26066): Method > 1820 com.androidquery.callback.AbstractAjaxCallback.run(com.cnn.mobile.android.phone.service.FeedService$2@468315848)
I/org.umd.logging(26066): Method < 1 com.cnn.mobile.android.phone.service.FeedService.onDestroy()
I/org.umd.logging(26066): Method < 1812 com.androidquery.callback.AbstractAjaxCallback.run()
I/org.umd.logging(26066): Method > 1 com.androidquery.callback.AbstractAjaxCallback.run(com.cnn.mobile.android.phone.service.FeedService$1@970418362)
I/org.umd.logging(26066): Method < 1 com.androidquery.callback.AbstractAjaxCallback.run()
I/org.umd.logging(26066): Method > 1 com.androidquery.callback.AbstractAjaxCallback.run(com.cnn.mobile.android.phone.service.FeedService$2@468315848)
I/org.umd.logging(26066): Method < 1 com.androidquery.callback.AbstractAjaxCallback.run()
I/org.umd.logging(26066): Method < 1820 com.androidquery.callback.AbstractAjaxCallback.run()
I/org.umd.logging( 9405): Api > 2156 android.content.Intent.<init>(android.content.Intent@83693059<action=com.vungle.publisher.VungleService.PREPARE_AD><data=null><package=null><component=com.mobilityware.solitaire/com.vungle.publisher.VungleService><type=null><filter_hashcode=1076436166><umd_Intent_key=None>, "com.vungle.publisher.VungleService.PREPARE_AD", null, com.mobilityware.solitaire.SolitaireApplication@410649080, com.vungle.publisher.VungleService)
I/org.umd.logging( 9405): Api < 2156 android.content.Intent.<init>(android.content.Intent@83693059<action=com.vungle.publisher.VungleService.PREPARE_AD><data=null><package=null><component=com.mobilityware.solitaire/com.vungle.publisher.VungleService><type=null><filter_hashcode=1076436166><umd_Intent_key=None>)
I/org.umd.logging( 9405): Api > 2156 android.content.Context.startService(com.mobilityware.solitaire.SolitaireApplication@410649080, android.content.Intent@83693059<action=com.vungle.publisher.VungleService.PREPARE_AD><data=null><package=null><component=com.mobilityware.solitaire/com.vungle.publisher.VungleService><type=null><filter_hashcode=1076436166><adId=None><umd_Intent_key=None><viewableSize=None><viewableType=None>)
I/org.umd.logging( 9405): Api < 2156 android.content.Context.startService()
I/org.umd.logging( 9405): Method < 2156 com.vungle.publisher.bx.run()
I/org.umd.logging( 9405): Method < 2156 com.vungle.publisher.bt$a.run()
I/org.umd.logging( 9405): Method > 1 com.mobilityware.solitaire.MWView.onTouchEvent(com.mobilityware.solitaire.MWView@399791502<file=2016-12-13_05:13:45.241><x=0><y=0><width=768><height=1184><id=2131165254><imagename=mwview>, android.view.MotionEvent@894364997)
I/org.umd.logging( 9405): Method < 1 com.mobilityware.solitaire.MWView.onTouchEvent(true)
I/org.umd.logging( 9405): Method > 1 com.mobilityware.solitaire.MWView.onTouchEvent(com.mobilityware.solitaire.MWView@399791502<file=2016-12-13_05:13:45.449><x=0><y=0><width=768><height=1184><id=2131165254><imagename=mwview>, android.view.MotionEvent@894364997)
I/org.umd.logging( 9405): Method < 1 com.mobilityware.solitaire.MWView.onTouchEvent(true)
I/org.umd.logging( 9405): Api > 2157 android.content.Intent.<init>(android.content.Intent@324407680<action=com.vungle.publisher.VungleService.PREPARE_AD><data=null><package=null><component=com.mobilityware.solitaire/com.vungle.publisher.VungleService><type=null><filter_hashcode=1076436166><umd_Intent_key=None>, "com.vungle.publisher.VungleService.PREPARE_AD", null, com.mobilityware.solitaire.SolitaireApplication@410649080, com.vungle.publisher.VungleService)
I/org.umd.logging( 9405): Api < 2157 android.content.Intent.<init>(android.content.Intent@324407680<action=com.vungle.publisher.VungleService.PREPARE_AD><data=null><package=null><component=com.mobilityware.solitaire/com.vungle.publisher.VungleService><type=null><filter_hashcode=1076436166><umd_Intent_key=None>)
I/org.umd.logging( 9405): Api > 2157 android.content.Context.startService(com.mobilityware.solitaire.SolitaireApplication@410649080, android.content.Intent@324407680<action=com.vungle.publisher.VungleService.PREPARE_AD><data=null><package=null><component=com.mobilityware.solitaire/com.vungle.publisher.VungleService><type=null><filter_hashcode=1076436166><adId=None><umd_Intent_key=None><viewableSize=None><viewableType=None>)
I/org.umd.logging( 9405): Api < 2157 android.content.Context.startService()
I/org.umd.logging( 9405): Method < 2157 com.vungle.publisher.bx.run()
I/org.umd.logging( 9405): Method < 2157 com.vungle.publisher.bt$a.run()
I/org.umd.logging( 9405): Method > 1 com.mobilityware.solitaire.MWView.onTouchEvent(com.mobilityware.solitaire.MWView@399791502<file=2016-12-13_05:13:45.716><x=0><y=0><width=768><height=1184><id=2131165254><imagename=mwview>, android.view.MotionEvent@894364997)
I/org.umd.logging( 9405): Api > 1 android.animation.AnimatorSet.start(android.animation.AnimatorSet@322471775)
I/org.umd.logging( 9405): Api < 1 android.animation.AnimatorSet.start()
I/org.umd.logging( 9405): Api > 1 android.animation.AnimatorSet.start(android.animation.AnimatorSet@449356298)
I/org.umd.logging( 9405): Api < 1 android.animation.AnimatorSet.start()
I/org.umd.logging( 9405): Api > 1 android.animation.AnimatorSet.start(android.animation.AnimatorSet@213913841)
I/org.umd.logging( 9405): Api < 1 android.animation.AnimatorSet.start()
I/org.umd.logging( 9405): Api > 1 android.media.MediaPlayer.start(android.media.MediaPlayer@798340145)
D/NuPlayerDriver(  190): start(0xb7a55a58)
I/org.umd.logging( 9405): Api < 1 android.media.MediaPlayer.start()
D/audio_hw_primary(  190): select_devices: out_snd_device(2: speaker) in_snd_device(0: none)
D/ACDB-LOADER(  190): ACDB -> send_afe_cal
D/audio_hw_primary(  190): enable_snd_device: snd_device(2: speaker)
I/org.umd.logging( 9405): Method < 1 com.mobilityware.solitaire.MWView.onTouchEvent(true)
I/org.umd.logging( 9405): Method > 1 com.mobilityware.solitaire.MWView$4.run(com.mobilityware.solitaire.MWView$4@503625095)
D/audio_hw_primary(  190): enable_audio_route: apply and update mixer path: low-latency-playback
I/org.umd.logging( 9405): Method < 1 com.mobilityware.solitaire.MWView$4.run()
I/NuPlayerDecoder(  190): [OMX.google.vorbis.decoder] resubmitting CSD
W/SoftVorbis(  190): vorbis_dsp_synthesis returned -135
I/org.umd.logging( 9405): Method > 1 com.vungle.publisher.VungleService.onStartCommand(com.vungle.publisher.VungleService@1000654765, android.content.Intent@1045877974<action=com.vungle.publisher.VungleService.PREPARE_AD><data=null><package=null><component=com.mobilityware.solitaire/com.vungle.publisher.VungleService><type=null><filter_hashcode=1076436166><adId=None><umd_Intent_key=None><viewableSize=None><viewableType=None>, 0, 8)
I/NuPlayerDecoder(  190): [OMX.google.vorbis.decoder] resubmitting CSD
I/org.umd.logging( 9405): Method > 1 com.vungle.publisher.VungleService.onStart(com.vungle.publisher.VungleService@1000654765, android.content.Intent@1045877974<action=com.vungle.publisher.VungleService.PREPARE_AD><data=null><package=null><component=com.mobilityware.solitaire/com.vungle.publisher.VungleService><type=null><filter_hashcode=1076436166><adId=None><umd_Intent_key=None><viewableSize=None><viewableType=None>, 8)
W/SoftVorbis(  190): vorbis_dsp_synthesis returned -135
I/org.umd.logging( 9405): Method > 2155 com.vungle.publisher.bt$a.run(com.vungle.publisher.bt$a@861274967)
I/org.umd.logging( 9405): Method < 1 com.vungle.publisher.VungleService.onStartCommand(2)
I/org.umd.logging( 9405): Method > 2155 com.vungle.publisher.service.PrepareLocalAdIntentHandler$c.run(com.vungle.publisher.service.PrepareLocalAdIntentHandler$c@1022238276)
I/Choreographer( 9405): Skipped 30 frames!  The application may be doing too much work on its main thread.
I/org.umd.logging( 9405): Method > 1 com.vungle.publisher.VungleService.onStartCommand(com.vungle.publisher.VungleService@1000654765, android.content.Intent@724814637<action=com.vungle.publisher.VungleService.PREPARE_AD><data=null><package=null><component=com.mobilityware.solitaire/com.vungle.publisher.VungleService><type=null><filter_hashcode=1076436166><adId=None><umd_Intent_key=None><viewableSize=None><viewableType=None>, 0, 9)
I/org.umd.logging( 9405): Method > 1 com.vungle.publisher.VungleService.onStart(com.vungle.publisher.VungleService@1000654765, android.content.Intent@724814637<action=com.vungle.publisher.VungleService.PREPARE_AD><data=null><package=null><component=com.mobilityware.solitaire/com.vungle.publisher.VungleService><type=null><filter_hashcode=1076436166><adId=None><umd_Intent_key=None><viewableSize=None><viewableType=None>, 9)
I/org.umd.logging( 9405): Method < 1 com.vungle.publisher.VungleService.onStartCommand(2)
I/org.umd.logging( 9405): Method > 1 com.mobilityware.solitaire.AnimationManager$1.run(com.mobilityware.solitaire.AnimationManager$1@644595933)
I/org.umd.logging( 9405): Method < 1 com.mobilityware.solitaire.AnimationManager$1.run()
I/org.umd.logging( 9405): Method > 1 com.mobilityware.solitaire.AnimationManager$1.run(com.mobilityware.solitaire.AnimationManager$1@644595933)
I/org.umd.logging( 9405): Method < 1 com.mobilityware.solitaire.AnimationManager$1.run()
I/org.umd.logging( 9405): Method > 1 com.mobilityware.solitaire.AnimationManager$1.run(com.mobilityware.solitaire.AnimationManager$1@644595933)
I/org.umd.logging( 9405): Method < 1 com.mobilityware.solitaire.AnimationManager$1.run()
I/org.umd.logging( 9405): Method < 2155 com.vungle.publisher.service.PrepareLocalAdIntentHandler$c.run()
I/org.umd.logging( 9405): Method < 2155 com.vungle.publisher.bt$a.run()
I/org.umd.logging( 9405): Method > 2155 com.vungle.publisher.bt$a.run(com.vungle.publisher.bt$a@1052993634)
I/org.umd.logging( 9405): Method > 2155 com.vungle.publisher.service.PrepareLocalAdIntentHandler$c.run(com.vungle.publisher.service.PrepareLocalAdIntentHandler$c@550338035)
I/org.umd.logging( 9405): Method > 1 com.mobilityware.solitaire.AnimationManager$1.run(com.mobilityware.solitaire.AnimationManager$1@644595933)
I/org.umd.logging( 9405): Method < 1 com.mobilityware.solitaire.AnimationManager$1.run()
I/org.umd.logging( 9405): Method > 1 com.mobilityware.solitaire.AnimationManager$1.run(com.mobilityware.solitaire.AnimationManager$1@644595933)
I/org.umd.logging( 9405): Method < 1 com.mobilityware.solitaire.AnimationManager$1.run()
I/org.umd.logging( 9405): Method > 1 com.mobilityware.solitaire.AnimationManager$1.run(com.mobilityware.solitaire.AnimationManager$1@644595933)
I/org.umd.logging( 9405): Method < 1 com.mobilityware.solitaire.AnimationManager$1.run()
I/org.umd.logging( 9405): Method > 1 com.mobilityware.solitaire.AnimationManager$1.run(com.mobilityware.solitaire.AnimationManager$1@644595933)
I/org.umd.logging( 9405): Method < 1 com.mobilityware.solitaire.AnimationManager$1.run()
