I/InputDispatcher(  591): Window 'Window{122c7e6f u0 com.androbaby.game2048/com.androbaby.game2048.MainActivity}' spent 3046.6ms processing the last input event: MotionEvent(deviceId=0, source=0x00001002, action=2, flags=0x00000000, metaState=0x00000000, buttonState=0x00000000, edgeFlags=0x00000000, xPrecision=1.0, yPrecision=1.0, displayId=0, pointers=[0: (503.5, 664.3)]), policyFlags=0x6b000000
I/InputDispatcher(  591): Window 'Window{122c7e6f u0 com.androbaby.game2048/com.androbaby.game2048.MainActivity}' spent 3045.9ms processing the last input event: MotionEvent(deviceId=0, source=0x00001002, action=2, flags=0x00000000, metaState=0x00000000, buttonState=0x00000000, edgeFlags=0x00000000, xPrecision=1.0, yPrecision=1.0, displayId=0, pointers=[0: (504.3, 660.6)]), policyFlags=0x6b000000
I/InputDispatcher(  591): Window 'Window{122c7e6f u0 com.androbaby.game2048/com.androbaby.game2048.MainActivity}' spent 3045.2ms processing the last input event: MotionEvent(deviceId=0, source=0x00001002, action=2, flags=0x00000000, metaState=0x00000000, buttonState=0x00000000, edgeFlags=0x00000000, xPrecision=1.0, yPrecision=1.0, displayId=0, pointers=[0: (512.9, 651.6)]), policyFlags=0x6b000000
W/ResourceType(14221): No known package when getting name for resource number 0xffffffff
I/org.umd.logging(14221): Method > 1 com.androbaby.game2048.r.onTouch(com.androbaby.game2048.r@62776327, com.androbaby.game2048.ac@844682077<file=><x=0><y=0><width=768><height=1084><id=-1>, android.view.MotionEvent@183926881)
I/org.umd.logging(14221): Method < 1 com.androbaby.game2048.r.onTouch(true)
I/InputDispatcher(  591): Window 'Window{122c7e6f u0 com.androbaby.game2048/com.androbaby.game2048.MainActivity}' spent 3020.6ms processing the last input event: MotionEvent(deviceId=0, source=0x00001002, action=1, flags=0x00000000, metaState=0x00000000, buttonState=0x00000000, edgeFlags=0x00000000, xPrecision=1.0, yPrecision=1.0, displayId=0, pointers=[0: (515.1, 642.1)]), policyFlags=0x6b000000
I/InputDispatcher(  591): Window 'Window{122c7e6f u0 com.androbaby.game2048/com.androbaby.game2048.MainActivity}' spent 2966.0ms processing the last input event: MotionEvent(deviceId=0, source=0x00001002, action=0, flags=0x00000000, metaState=0x00000000, buttonState=0x00000000, edgeFlags=0x00000000, xPrecision=1.0, yPrecision=1.0, displayId=0, pointers=[0: (335.0, 1124.0)]), policyFlags=0x6b000000
I/InputDispatcher(  591): Window 'Window{122c7e6f u0 com.androbaby.game2048/com.androbaby.game2048.MainActivity}' spent 2974.4ms processing the last input event: MotionEvent(deviceId=0, source=0x00001002, action=2, flags=0x00000000, metaState=0x00000000, buttonState=0x00000000, edgeFlags=0x00000000, xPrecision=1.0, yPrecision=1.0, displayId=0, pointers=[0: (339.7, 1137.3)]), policyFlags=0x6b000000
I/InputDispatcher(  591): Window 'Window{122c7e6f u0 com.androbaby.game2048/com.androbaby.game2048.MainActivity}' spent 2973.8ms processing the last input event: MotionEvent(deviceId=0, source=0x00001002, action=2, flags=0x00000000, metaState=0x00000000, buttonState=0x00000000, edgeFlags=0x00000000, xPrecision=1.0, yPrecision=1.0, displayId=0, pointers=[0: (341.5, 1143.8)]), policyFlags=0x6b000000
I/InputDispatcher(  591): Window 'Window{122c7e6f u0 com.androbaby.game2048/com.androbaby.game2048.MainActivity}' spent 2973.2ms processing the last input event: MotionEvent(deviceId=0, source=0x00001002, action=2, flags=0x00000000, metaState=0x00000000, buttonState=0x00000000, edgeFlags=0x00000000, xPrecision=1.0, yPrecision=1.0, displayId=0, pointers=[0: (343.4, 1150.6)]), policyFlags=0x6b000000
I/InputDispatcher(  591): Window 'Window{122c7e6f u0 com.androbaby.game2048/com.androbaby.game2048.MainActivity}' spent 2972.6ms processing the last input event: MotionEvent(deviceId=0, source=0x00001002, action=2, flags=0x00000000, metaState=0x00000000, buttonState=0x00000000, edgeFlags=0x00000000, xPrecision=1.0, yPrecision=1.0, displayId=0, pointers=[0: (354.3, 1151.8)]), policyFlags=0x6b000000
I/InputDispatcher(  591): Window 'Window{122c7e6f u0 com.androbaby.game2048/com.androbaby.game2048.MainActivity}' spent 2974.7ms processing the last input event: MotionEvent(deviceId=0, source=0x00001002, action=1, flags=0x00000000, metaState=0x00000000, buttonState=0x00000000, edgeFlags=0x00000000, xPrecision=1.0, yPrecision=1.0, displayId=0, pointers=[0: (360.1, 1157.1)]), policyFlags=0x6b000000
W/ResourceType(14221): No known package when getting name for resource number 0xffffffff
I/org.umd.logging(14221): Method > 1 com.androbaby.game2048.r.onTouch(com.androbaby.game2048.r@62776327, com.androbaby.game2048.ac@844682077<file=><x=0><y=0><width=768><height=1084><id=-1>, android.view.MotionEvent@183926881)
I/org.umd.logging(14221): Method < 1 com.androbaby.game2048.r.onTouch(true)
I/InputDispatcher(  591): Window 'Window{122c7e6f u0 com.androbaby.game2048/com.androbaby.game2048.MainActivity}' spent 2920.7ms processing the last input event: MotionEvent(deviceId=0, source=0x00001002, action=0, flags=0x00000000, metaState=0x00000000, buttonState=0x00000000, edgeFlags=0x00000000, xPrecision=1.0, yPrecision=1.0, displayId=0, pointers=[0: (157.0, 784.0)]), policyFlags=0x6b000000
I/InputDispatcher(  591): Window 'Window{122c7e6f u0 com.androbaby.game2048/com.androbaby.game2048.MainActivity}' spent 3308.6ms processing the last input event: KeyEvent(deviceId=-1, source=0x00000101, action=1, flags=0x00000008, keyCode=21, scanCode=0, metaState=0x00000000, repeatCount=0), policyFlags=0x6b000000
W/cr_BindingManager(14221): Cannot call determinedVisibility() - never saw a connection for the pid: 14221
I/Choreographer(14221): Skipped 199 frames!  The application may be doing too much work on its main thread.
W/ResourceType(14221): No known package when getting name for resource number 0xffffffff
I/org.umd.logging(14221): Method > 1 com.androbaby.game2048.r.onTouch(com.androbaby.game2048.r@62776327, com.androbaby.game2048.ac@844682077<file=><x=0><y=0><width=768><height=1084><id=-1>, android.view.MotionEvent@183926881)
I/org.umd.logging(14221): Method < 1 com.androbaby.game2048.r.onTouch(true)
I/InputDispatcher(  591): Window 'Window{122c7e6f u0 com.androbaby.game2048/com.androbaby.game2048.MainActivity}' spent 2917.5ms processing the last input event: MotionEvent(deviceId=0, source=0x00001002, action=2, flags=0x00000000, metaState=0x00000000, buttonState=0x00000000, edgeFlags=0x00000000, xPrecision=1.0, yPrecision=1.0, displayId=0, pointers=[0: (163.7, 800.3)]), policyFlags=0x6b000000
I/InputDispatcher(  591): Window 'Window{122c7e6f u0 com.androbaby.game2048/com.androbaby.game2048.MainActivity}' spent 2917.8ms processing the last input event: MotionEvent(deviceId=0, source=0x00001002, action=2, flags=0x00000000, metaState=0x00000000, buttonState=0x00000000, edgeFlags=0x00000000, xPrecision=1.0, yPrecision=1.0, displayId=0, pointers=[0: (169.2, 801.5)]), policyFlags=0x6b000000
I/InputDispatcher(  591): Window 'Window{122c7e6f u0 com.androbaby.game2048/com.androbaby.game2048.MainActivity}' spent 2916.7ms processing the last input event: MotionEvent(deviceId=0, source=0x00001002, action=2, flags=0x00000000, metaState=0x00000000, buttonState=0x00000000, edgeFlags=0x00000000, xPrecision=1.0, yPrecision=1.0, displayId=0, pointers=[0: (170.2, 814.6)]), policyFlags=0x6b000000
I/InputDispatcher(  591): Window 'Window{122c7e6f u0 com.androbaby.game2048/com.androbaby.game2048.MainActivity}' spent 2915.6ms processing the last input event: MotionEvent(deviceId=0, source=0x00001002, action=2, flags=0x00000000, metaState=0x00000000, buttonState=0x00000000, edgeFlags=0x00000000, xPrecision=1.0, yPrecision=1.0, displayId=0, pointers=[0: (174.3, 832.9)]), policyFlags=0x6b000000
I/InputDispatcher(  591): Window 'Window{122c7e6f u0 com.androbaby.game2048/com.androbaby.game2048.MainActivity}' spent 2762.6ms processing the last input event: MotionEvent(deviceId=0, source=0x00001002, action=2, flags=0x00000000, metaState=0x00000000, buttonState=0x00000000, edgeFlags=0x00000000, xPrecision=1.0, yPrecision=1.0, displayId=0, pointers=[0: (175.2, 835.8)]), policyFlags=0x6b000000
W/ResourceType(14221): No known package when getting name for resource number 0xffffffff
I/org.umd.logging(14221): Method > 1 com.androbaby.game2048.r.onTouch(com.androbaby.game2048.r@62776327, com.androbaby.game2048.ac@844682077<file=><x=0><y=0><width=768><height=1084><id=-1>, android.view.MotionEvent@183926881)
I/org.umd.logging(14221): Method < 1 com.androbaby.game2048.r.onTouch(true)
W/ResourceType(14221): No known package when getting name for resource number 0xffffffff
I/org.umd.logging(14221): Method > 1 com.androbaby.game2048.r.onTouch(com.androbaby.game2048.r@62776327, com.androbaby.game2048.ac@844682077<file=><x=0><y=0><width=768><height=1084><id=-1>, android.view.MotionEvent@183926881)
I/org.umd.logging(14221): Method < 1 com.androbaby.game2048.r.onTouch(true)
W/ResourceType(14221): No known package when getting name for resource number 0xffffffff
I/org.umd.logging(14221): Method > 1 com.androbaby.game2048.r.onTouch(com.androbaby.game2048.r@62776327, com.androbaby.game2048.ac@844682077<file=><x=0><y=0><width=768><height=1084><id=-1>, android.view.MotionEvent@183926881)
I/org.umd.logging(14221): Method < 1 com.androbaby.game2048.r.onTouch(true)
W/ResourceType(14221): No known package when getting name for resource number 0xffffffff
I/org.umd.logging(14221): Method > 1 com.androbaby.game2048.r.onTouch(com.androbaby.game2048.r@62776327, com.androbaby.game2048.ac@844682077<file=><x=0><y=0><width=768><height=1084><id=-1>, android.view.MotionEvent@183926881)
I/org.umd.logging(14221): Method < 1 com.androbaby.game2048.r.onTouch(true)
W/ResourceType(14221): No known package when getting name for resource number 0xffffffff
I/org.umd.logging(14221): Method > 1 com.androbaby.game2048.r.onTouch(com.androbaby.game2048.r@62776327, com.androbaby.game2048.ac@844682077<file=><x=0><y=0><width=768><height=1084><id=-1>, android.view.MotionEvent@183926881)
I/org.umd.logging(14221): Method < 1 com.androbaby.game2048.r.onTouch(true)
W/ResourceType(14221): No known package when getting name for resource number 0xffffffff
I/org.umd.logging(14221): Method > 1 com.androbaby.game2048.r.onTouch(com.androbaby.game2048.r@62776327, com.androbaby.game2048.ac@844682077<file=><x=0><y=0><width=768><height=1084><id=-1>, android.view.MotionEvent@183926881)
I/org.umd.logging(14221): Method < 1 com.androbaby.game2048.r.onTouch(true)
W/ResourceType(14221): No known package when getting name for resource number 0xffffffff
I/org.umd.logging(14221): Method > 1 com.androbaby.game2048.r.onTouch(com.androbaby.game2048.r@62776327, com.androbaby.game2048.ac@844682077<file=><x=0><y=0><width=768><height=1084><id=-1>, android.view.MotionEvent@183926881)
I/org.umd.logging(14221): Method < 1 com.androbaby.game2048.r.onTouch(true)
W/ResourceType(14221): No known package when getting name for resource number 0xffffffff
I/org.umd.logging(14221): Method > 1 com.androbaby.game2048.r.onTouch(com.androbaby.game2048.r@62776327, com.androbaby.game2048.ac@844682077<file=><x=0><y=0><width=768><height=1084><id=-1>, android.view.MotionEvent@183926881)
I/org.umd.logging(14221): Method < 1 com.androbaby.game2048.r.onTouch(true)
W/ResourceType(14221): No known package when getting name for resource number 0xffffffff
I/org.umd.logging(14221): Method > 1 com.androbaby.game2048.r.onTouch(com.androbaby.game2048.r@62776327, com.androbaby.game2048.ac@844682077<file=><x=0><y=0><width=768><height=1084><id=-1>, android.view.MotionEvent@183926881)
I/org.umd.logging(14221): Method < 1 com.androbaby.game2048.r.onTouch(true)
W/ResourceType(14221): No known package when getting name for resource number 0xffffffff
I/org.umd.logging(14221): Method > 1 com.androbaby.game2048.r.onTouch(com.androbaby.game2048.r@62776327, com.androbaby.game2048.ac@844682077<file=><x=0><y=0><width=768><height=1084><id=-1>, android.view.MotionEvent@183926881)
I/org.umd.logging(14221): Method < 1 com.androbaby.game2048.r.onTouch(true)
W/ResourceType(14221): No known package when getting name for resource number 0xffffffff
I/org.umd.logging(14221): Method > 1 com.androbaby.game2048.r.onTouch(com.androbaby.game2048.r@62776327, com.androbaby.game2048.ac@844682077<file=><x=0><y=0><width=768><height=1084><id=-1>, android.view.MotionEvent@183926881)
I/org.umd.logging(14221): Method < 1 com.androbaby.game2048.r.onTouch(true)
W/ResourceType(14221): No known package when getting name for resource number 0xffffffff
I/org.umd.logging(14221): Method > 1 com.androbaby.game2048.r.onTouch(com.androbaby.game2048.r@62776327, com.androbaby.game2048.ac@844682077<file=><x=0><y=0><width=768><height=1084><id=-1>, android.view.MotionEvent@183926881)
I/org.umd.logging(14221): Method < 1 com.androbaby.game2048.r.onTouch(true)
I/art     (14221): Background partial concurrent mark sweep GC freed 1563(72KB) AllocSpace objects, 8(27MB) LOS objects, 24% free, 50MB/66MB, paused 6.226ms total 56.828ms
W/ResourceType(14221): No known package when getting name for resource number 0xffffffff
I/org.umd.logging(14221): Method > 1 com.androbaby.game2048.r.onTouch(com.androbaby.game2048.r@62776327, com.androbaby.game2048.ac@844682077<file=><x=0><y=0><width=768><height=1084><id=-1>, android.view.MotionEvent@183926881)
I/org.umd.logging(14221): Method < 1 com.androbaby.game2048.r.onTouch(true)
I/chromium(14221): [INFO:CONSOLE(0)] "Document was loaded from Application Cache with manifest https://googleads.g.doubleclick.net/mads/static/mad/sdk/native/sdk-core-v40-loader.appcache", source: https://googleads.g.doubleclick.net/mads/static/mad/sdk/native/sdk-core-v40-loader.html (0)
I/chromium(14221): [INFO:CONSOLE(0)] "Application Cache Checking event", source: https://googleads.g.doubleclick.net/mads/static/mad/sdk/native/sdk-core-v40-loader.html (0)
E/chromium(14221): [ERROR:interface_registry.cc(99)] Failed to locate a binder for interface: autofill::mojom::AutofillDriver
I/chromium(14221): [INFO:CONSOLE(0)] "Application Cache NoUpdate event", source: https://googleads.g.doubleclick.net/mads/static/mad/sdk/native/sdk-core-v40-loader.html (0)
W/ResourceType(14221): No known package when getting name for resource number 0xffffffff
I/org.umd.logging(14221): Method > 1 com.androbaby.game2048.r.onTouch(com.androbaby.game2048.r@62776327, com.androbaby.game2048.ac@844682077<file=><x=0><y=0><width=768><height=1084><id=-1>, android.view.MotionEvent@183926881)
I/org.umd.logging(14221): Method < 1 com.androbaby.game2048.r.onTouch(true)
I/DownloadManagerWrapper(  985): onReceive() : Charging = true
W/ResourceType(14221): No known package when getting name for resource number 0xffffffff
I/org.umd.logging(14221): Method > 1 com.androbaby.game2048.r.onTouch(com.androbaby.game2048.r@62776327, com.androbaby.game2048.ac@844682077<file=><x=0><y=0><width=768><height=1084><id=-1>, android.view.MotionEvent@183926881)
I/org.umd.logging(14221): Method < 1 com.androbaby.game2048.r.onTouch(true)
W/ResourceType(14221): No known package when getting name for resource number 0xffffffff
I/org.umd.logging(14221): Method > 1 com.androbaby.game2048.r.onTouch(com.androbaby.game2048.r@62776327, com.androbaby.game2048.ac@844682077<file=><x=0><y=0><width=768><height=1084><id=-1>, android.view.MotionEvent@183926881)
I/org.umd.logging(14221): Method < 1 com.androbaby.game2048.r.onTouch(true)
W/ResourceType(14221): No known package when getting name for resource number 0xffffffff
I/org.umd.logging(14221): Method > 1 com.androbaby.game2048.r.onTouch(com.androbaby.game2048.r@62776327, com.androbaby.game2048.ac@844682077<file=><x=0><y=0><width=768><height=1084><id=-1>, android.view.MotionEvent@183926881)
I/org.umd.logging(14221): Method < 1 com.androbaby.game2048.r.onTouch(true)
W/ResourceType(14221): No known package when getting name for resource number 0xffffffff
I/org.umd.logging(14221): Method > 1 com.androbaby.game2048.r.onTouch(com.androbaby.game2048.r@62776327, com.androbaby.game2048.ac@844682077<file=><x=0><y=0><width=768><height=1084><id=-1>, android.view.MotionEvent@183926881)
I/org.umd.logging(14221): Method < 1 com.androbaby.game2048.r.onTouch(true)
W/ResourceType(14221): No known package when getting name for resource number 0xffffffff
I/org.umd.logging(14221): Method > 1 com.androbaby.game2048.r.onTouch(com.androbaby.game2048.r@62776327, com.androbaby.game2048.ac@844682077<file=><x=0><y=0><width=768><height=1084><id=-1>, android.view.MotionEvent@183926881)
I/org.umd.logging(14221): Method < 1 com.androbaby.game2048.r.onTouch(true)
W/ResourceType(14221): No known package when getting name for resource number 0xffffffff
I/org.umd.logging(14221): Method > 1 com.androbaby.game2048.r.onTouch(com.androbaby.game2048.r@62776327, com.androbaby.game2048.ac@844682077<file=><x=0><y=0><width=768><height=1084><id=-1>, android.view.MotionEvent@183926881)
I/org.umd.logging(14221): Method < 1 com.androbaby.game2048.r.onTouch(true)
W/ResourceType(14221): No known package when getting name for resource number 0xffffffff
I/org.umd.logging(14221): Method > 1 com.androbaby.game2048.r.onTouch(com.androbaby.game2048.r@62776327, com.androbaby.game2048.ac@844682077<file=><x=0><y=0><width=768><height=1084><id=-1>, android.view.MotionEvent@183926881)
I/org.umd.logging(14221): Method < 1 com.androbaby.game2048.r.onTouch(true)
W/ResourceType(14221): No known package when getting name for resource number 0xffffffff
I/org.umd.logging(14221): Method > 1 com.androbaby.game2048.r.onTouch(com.androbaby.game2048.r@62776327, com.androbaby.game2048.ac@844682077<file=><x=0><y=0><width=768><height=1084><id=-1>, android.view.MotionEvent@183926881)
I/org.umd.logging(14221): Method < 1 com.androbaby.game2048.r.onTouch(true)
W/ResourceType(14221): No known package when getting name for resource number 0xffffffff
I/org.umd.logging(14221): Method > 1 com.androbaby.game2048.r.onTouch(com.androbaby.game2048.r@62776327, com.androbaby.game2048.ac@844682077<file=><x=0><y=0><width=768><height=1084><id=-1>, android.view.MotionEvent@183926881)
I/org.umd.logging(14221): Method < 1 com.androbaby.game2048.r.onTouch(true)
W/ResourceType(14221): No known package when getting name for resource number 0xffffffff
I/org.umd.logging(14221): Method > 1 com.androbaby.game2048.r.onTouch(com.androbaby.game2048.r@62776327, com.androbaby.game2048.ac@844682077<file=><x=0><y=0><width=768><height=1084><id=-1>, android.view.MotionEvent@183926881)
I/org.umd.logging(14221): Method < 1 com.androbaby.game2048.r.onTouch(true)
W/ResourceType(14221): No known package when getting name for resource number 0xffffffff
I/org.umd.logging(14221): Method > 1 com.androbaby.game2048.r.onTouch(com.androbaby.game2048.r@62776327, com.androbaby.game2048.ac@844682077<file=><x=0><y=0><width=768><height=1084><id=-1>, android.view.MotionEvent@183926881)
I/org.umd.logging(14221): Method < 1 com.androbaby.game2048.r.onTouch(true)
W/ResourceType(14221): No known package when getting name for resource number 0xffffffff
I/org.umd.logging(14221): Method > 1 com.androbaby.game2048.r.onTouch(com.androbaby.game2048.r@62776327, com.androbaby.game2048.ac@844682077<file=><x=0><y=0><width=768><height=1084><id=-1>, android.view.MotionEvent@183926881)
I/org.umd.logging(14221): Method < 1 com.androbaby.game2048.r.onTouch(true)
W/ResourceType(14221): No known package when getting name for resource number 0xffffffff
I/org.umd.logging(14221): Method > 1 com.androbaby.game2048.r.onTouch(com.androbaby.game2048.r@62776327, com.androbaby.game2048.ac@844682077<file=><x=0><y=0><width=768><height=1084><id=-1>, android.view.MotionEvent@183926881)
I/org.umd.logging(14221): Method < 1 com.androbaby.game2048.r.onTouch(true)
W/ResourceType(14221): No known package when getting name for resource number 0xffffffff
I/org.umd.logging(14221): Method > 1 com.androbaby.game2048.r.onTouch(com.androbaby.game2048.r@62776327, com.androbaby.game2048.ac@844682077<file=><x=0><y=0><width=768><height=1084><id=-1>, android.view.MotionEvent@183926881)
I/org.umd.logging(14221): Method < 1 com.androbaby.game2048.r.onTouch(true)
W/ResourceType(14221): No known package when getting name for resource number 0xffffffff
I/org.umd.logging(14221): Method > 1 com.androbaby.game2048.r.onTouch(com.androbaby.game2048.r@62776327, com.androbaby.game2048.ac@844682077<file=><x=0><y=0><width=768><height=1084><id=-1>, android.view.MotionEvent@183926881)
I/org.umd.logging(14221): Method < 1 com.androbaby.game2048.r.onTouch(true)
W/ResourceType(14221): No known package when getting name for resource number 0xffffffff
I/org.umd.logging(14221): Method > 1 com.androbaby.game2048.r.onTouch(com.androbaby.game2048.r@62776327, com.androbaby.game2048.ac@844682077<file=><x=0><y=0><width=768><height=1084><id=-1>, android.view.MotionEvent@183926881)
I/org.umd.logging(14221): Method < 1 com.androbaby.game2048.r.onTouch(true)
W/ResourceType(14221): No known package when getting name for resource number 0xffffffff
I/org.umd.logging(14221): Method > 1 com.androbaby.game2048.r.onTouch(com.androbaby.game2048.r@62776327, com.androbaby.game2048.ac@844682077<file=><x=0><y=0><width=768><height=1084><id=-1>, android.view.MotionEvent@183926881)
I/org.umd.logging(14221): Method < 1 com.androbaby.game2048.r.onTouch(true)
W/ResourceType(14221): No known package when getting name for resource number 0xffffffff
I/org.umd.logging(14221): Method > 1 com.androbaby.game2048.r.onTouch(com.androbaby.game2048.r@62776327, com.androbaby.game2048.ac@844682077<file=><x=0><y=0><width=768><height=1084><id=-1>, android.view.MotionEvent@183926881)
I/org.umd.logging(14221): Method < 1 com.androbaby.game2048.r.onTouch(true)
W/ResourceType(14221): No known package when getting name for resource number 0xffffffff
I/org.umd.logging(14221): Method > 1 com.androbaby.game2048.r.onTouch(com.androbaby.game2048.r@62776327, com.androbaby.game2048.ac@844682077<file=><x=0><y=0><width=768><height=1084><id=-1>, android.view.MotionEvent@183926881)
I/org.umd.logging(14221): Method < 1 com.androbaby.game2048.r.onTouch(true)
W/ResourceType(14221): No known package when getting name for resource number 0xffffffff
I/org.umd.logging(14221): Method > 1 com.androbaby.game2048.r.onTouch(com.androbaby.game2048.r@62776327, com.androbaby.game2048.ac@844682077<file=><x=0><y=0><width=768><height=1084><id=-1>, android.view.MotionEvent@183926881)
I/org.umd.logging(14221): Method < 1 com.androbaby.game2048.r.onTouch(true)
W/ResourceType(14221): No known package when getting name for resource number 0xffffffff
I/org.umd.logging(14221): Method > 1 com.androbaby.game2048.r.onTouch(com.androbaby.game2048.r@62776327, com.androbaby.game2048.ac@844682077<file=><x=0><y=0><width=768><height=1084><id=-1>, android.view.MotionEvent@183926881)
I/org.umd.logging(14221): Method < 1 com.androbaby.game2048.r.onTouch(true)
W/ResourceType(14221): No known package when getting name for resource number 0xffffffff
I/org.umd.logging(14221): Method > 1 com.androbaby.game2048.r.onTouch(com.androbaby.game2048.r@62776327, com.androbaby.game2048.ac@844682077<file=><x=0><y=0><width=768><height=1084><id=-1>, android.view.MotionEvent@183926881)
I/org.umd.logging(14221): Method < 1 com.androbaby.game2048.r.onTouch(true)
W/ResourceType(14221): No known package when getting name for resource number 0xffffffff
I/org.umd.logging(14221): Method > 1 com.androbaby.game2048.r.onTouch(com.androbaby.game2048.r@62776327, com.androbaby.game2048.ac@844682077<file=><x=0><y=0><width=768><height=1084><id=-1>, android.view.MotionEvent@183926881)
I/org.umd.logging(14221): Method < 1 com.androbaby.game2048.r.onTouch(true)
W/ResourceType(14221): No known package when getting name for resource number 0xffffffff
I/org.umd.logging(14221): Method > 1 com.androbaby.game2048.r.onTouch(com.androbaby.game2048.r@62776327, com.androbaby.game2048.ac@844682077<file=><x=0><y=0><width=768><height=1084><id=-1>, android.view.MotionEvent@183926881)
I/org.umd.logging(14221): Method < 1 com.androbaby.game2048.r.onTouch(true)
W/ResourceType(14221): No known package when getting name for resource number 0xffffffff
I/org.umd.logging(14221): Method > 1 com.androbaby.game2048.r.onTouch(com.androbaby.game2048.r@62776327, com.androbaby.game2048.ac@844682077<file=><x=0><y=0><width=768><height=1084><id=-1>, android.view.MotionEvent@183926881)
I/org.umd.logging(14221): Method < 1 com.androbaby.game2048.r.onTouch(true)
W/ResourceType(14221): No known package when getting name for resource number 0xffffffff
I/org.umd.logging(14221): Method > 1 com.androbaby.game2048.r.onTouch(com.androbaby.game2048.r@62776327, com.androbaby.game2048.ac@844682077<file=><x=0><y=0><width=768><height=1084><id=-1>, android.view.MotionEvent@183926881)
I/org.umd.logging(14221): Method < 1 com.androbaby.game2048.r.onTouch(true)
W/ResourceType(14221): No known package when getting name for resource number 0xffffffff
I/org.umd.logging(14221): Method > 1 com.androbaby.game2048.r.onTouch(com.androbaby.game2048.r@62776327, com.androbaby.game2048.ac@844682077<file=><x=0><y=0><width=768><height=1084><id=-1>, android.view.MotionEvent@183926881)
I/org.umd.logging(14221): Method < 1 com.androbaby.game2048.r.onTouch(true)
W/ResourceType(14221): No known package when getting name for resource number 0xffffffff
I/org.umd.logging(14221): Method > 1 com.androbaby.game2048.r.onTouch(com.androbaby.game2048.r@62776327, com.androbaby.game2048.ac@844682077<file=><x=0><y=0><width=768><height=1084><id=-1>, android.view.MotionEvent@183926881)
I/org.umd.logging(14221): Method < 1 com.androbaby.game2048.r.onTouch(true)
W/ResourceType(14221): No known package when getting name for resource number 0xffffffff
I/org.umd.logging(14221): Method > 1 com.androbaby.game2048.r.onTouch(com.androbaby.game2048.r@62776327, com.androbaby.game2048.ac@844682077<file=><x=0><y=0><width=768><height=1084><id=-1>, android.view.MotionEvent@183926881)
I/org.umd.logging(14221): Method < 1 com.androbaby.game2048.r.onTouch(true)
W/ResourceType(14221): No known package when getting name for resource number 0xffffffff
I/org.umd.logging(14221): Method > 1 com.androbaby.game2048.r.onTouch(com.androbaby.game2048.r@62776327, com.androbaby.game2048.ac@844682077<file=><x=0><y=0><width=768><height=1084><id=-1>, android.view.MotionEvent@183926881)
I/org.umd.logging(14221): Method < 1 com.androbaby.game2048.r.onTouch(true)
I/Choreographer(14221): Skipped 162 frames!  The application may be doing too much work on its main thread.
I/art     (14221): Background partial concurrent mark sweep GC freed 2150(113KB) AllocSpace objects, 7(24MB) LOS objects, 21% free, 57MB/73MB, paused 4.303ms total 100.320ms
W/ResourceType(14221): No known package when getting name for resource number 0xffffffff
I/org.umd.logging(14221): Method > 1 com.androbaby.game2048.r.onTouch(com.androbaby.game2048.r@62776327, com.androbaby.game2048.ac@844682077<file=><x=0><y=0><width=768><height=1084><id=-1>, android.view.MotionEvent@183926881)
I/org.umd.logging(14221): Method < 1 com.androbaby.game2048.r.onTouch(true)
I/InputDispatcher(  591): Window 'Window{122c7e6f u0 com.androbaby.game2048/com.androbaby.game2048.MainActivity}' spent 2031.4ms processing the last input event: MotionEvent(deviceId=0, source=0x00010004, action=2, flags=0x00000000, metaState=0x00000000, buttonState=0x00000000, edgeFlags=0x00000000, xPrecision=1.0, yPrecision=1.0, displayId=0, pointers=[0: (-5.0, -3.0)]), policyFlags=0x6b000000
I/InputDispatcher(  591): Window 'Window{122c7e6f u0 com.androbaby.game2048/com.androbaby.game2048.MainActivity}' spent 2030.7ms processing the last input event: MotionEvent(deviceId=0, source=0x00010004, action=2, flags=0x00000000, metaState=0x00000000, buttonState=0x00000000, edgeFlags=0x00000000, xPrecision=1.0, yPrecision=1.0, displayId=0, pointers=[0: (4.0, -1.0)]), policyFlags=0x6b000000
I/InputDispatcher(  591): Window 'Window{122c7e6f u0 com.androbaby.game2048/com.androbaby.game2048.MainActivity}' spent 2030.1ms processing the last input event: MotionEvent(deviceId=0, source=0x00010004, action=2, flags=0x00000000, metaState=0x00000000, buttonState=0x00000000, edgeFlags=0x00000000, xPrecision=1.0, yPrecision=1.0, displayId=0, pointers=[0: (2.0, -1.0)]), policyFlags=0x6b000000
I/InputDispatcher(  591): Window 'Window{122c7e6f u0 com.androbaby.game2048/com.androbaby.game2048.MainActivity}' spent 2029.4ms processing the last input event: MotionEvent(deviceId=0, source=0x00010004, action=2, flags=0x00000000, metaState=0x00000000, buttonState=0x00000000, edgeFlags=0x00000000, xPrecision=1.0, yPrecision=1.0, displayId=0, pointers=[0: (-2.0, 0.0)]), policyFlags=0x6b000000
I/InputDispatcher(  591): Window 'Window{122c7e6f u0 com.androbaby.game2048/com.androbaby.game2048.MainActivity}' spent 2028.8ms processing the last input event: MotionEvent(deviceId=0, source=0x00010004, action=2, flags=0x00000000, metaState=0x00000000, buttonState=0x00000000, edgeFlags=0x00000000, xPrecision=1.0, yPrecision=1.0, displayId=0, pointers=[0: (-2.0, -2.0)]), policyFlags=0x6b000000
I/InputDispatcher(  591): Window 'Window{122c7e6f u0 com.androbaby.game2048/com.androbaby.game2048.MainActivity}' spent 2028.1ms processing the last input event: MotionEvent(deviceId=0, source=0x00010004, action=2, flags=0x00000000, metaState=0x00000000, buttonState=0x00000000, edgeFlags=0x00000000, xPrecision=1.0, yPrecision=1.0, displayId=0, pointers=[0: (-1.0, -3.0)]), policyFlags=0x6b000000
I/InputDispatcher(  591): Window 'Window{122c7e6f u0 com.androbaby.game2048/com.androbaby.game2048.MainActivity}' spent 2027.5ms processing the last input event: MotionEvent(deviceId=0, source=0x00010004, action=2, flags=0x00000000, metaState=0x00000000, buttonState=0x00000000, edgeFlags=0x00000000, xPrecision=1.0, yPrecision=1.0, displayId=0, pointers=[0: (3.0, 3.0)]), policyFlags=0x6b000000
I/InputDispatcher(  591): Window 'Window{122c7e6f u0 com.androbaby.game2048/com.androbaby.game2048.MainActivity}' spent 2026.5ms processing the last input event: MotionEvent(deviceId=0, source=0x00010004, action=2, flags=0x00000000, metaState=0x00000000, buttonState=0x00000000, edgeFlags=0x00000000, xPrecision=1.0, yPrecision=1.0, displayId=0, pointers=[0: (-3.0, -1.0)]), policyFlags=0x6b000000
I/InputDispatcher(  591): Window 'Window{122c7e6f u0 com.androbaby.game2048/com.androbaby.game2048.MainActivity}' spent 2025.8ms processing the last input event: MotionEvent(deviceId=0, source=0x00010004, action=2, flags=0x00000000, metaState=0x00000000, buttonState=0x00000000, edgeFlags=0x00000000, xPrecision=1.0, yPrecision=1.0, displayId=0, pointers=[0: (-3.0, -5.0)]), policyFlags=0x6b000000
I/InputDispatcher(  591): Window 'Window{122c7e6f u0 com.androbaby.game2048/com.androbaby.game2048.MainActivity}' spent 2025.1ms processing the last input event: MotionEvent(deviceId=0, source=0x00010004, action=2, flags=0x00000000, metaState=0x00000000, buttonState=0x00000000, edgeFlags=0x00000000, xPrecision=1.0, yPrecision=1.0, displayId=0, pointers=[0: (2.0, -2.0)]), policyFlags=0x6b000000
W/ResourceType(14221): No known package when getting name for resource number 0xffffffff
I/org.umd.logging(14221): Method > 1 com.androbaby.game2048.r.onTouch(com.androbaby.game2048.r@62776327, com.androbaby.game2048.ac@844682077<file=><x=0><y=0><width=768><height=1084><id=-1>, android.view.MotionEvent@183926881)
I/org.umd.logging(14221): Method < 1 com.androbaby.game2048.r.onTouch(true)
W/ResourceType(14221): No known package when getting name for resource number 0xffffffff
I/org.umd.logging(14221): Method > 1 com.androbaby.game2048.r.onTouch(com.androbaby.game2048.r@62776327, com.androbaby.game2048.ac@844682077<file=><x=0><y=0><width=768><height=1084><id=-1>, android.view.MotionEvent@183926881)
I/org.umd.logging(14221): Method < 1 com.androbaby.game2048.r.onTouch(true)
W/ResourceType(14221): No known package when getting name for resource number 0xffffffff
I/org.umd.logging(14221): Method > 1 com.androbaby.game2048.r.onTouch(com.androbaby.game2048.r@62776327, com.androbaby.game2048.ac@844682077<file=><x=0><y=0><width=768><height=1084><id=-1>, android.view.MotionEvent@183926881)
I/org.umd.logging(14221): Method < 1 com.androbaby.game2048.r.onTouch(true)
W/ResourceType(14221): No known package when getting name for resource number 0xffffffff
I/org.umd.logging(14221): Method > 1 com.androbaby.game2048.r.onTouch(com.androbaby.game2048.r@62776327, com.androbaby.game2048.ac@844682077<file=><x=0><y=0><width=768><height=1084><id=-1>, android.view.MotionEvent@183926881)
I/org.umd.logging(14221): Method < 1 com.androbaby.game2048.r.onTouch(true)
W/ResourceType(14221): No known package when getting name for resource number 0xffffffff
I/org.umd.logging(14221): Method > 1 com.androbaby.game2048.r.onTouch(com.androbaby.game2048.r@62776327, com.androbaby.game2048.ac@844682077<file=><x=0><y=0><width=768><height=1084><id=-1>, android.view.MotionEvent@183926881)
I/org.umd.logging(14221): Method < 1 com.androbaby.game2048.r.onTouch(true)
W/ResourceType(14221): No known package when getting name for resource number 0xffffffff
I/org.umd.logging(14221): Method > 1 com.androbaby.game2048.r.onTouch(com.androbaby.game2048.r@62776327, com.androbaby.game2048.ac@844682077<file=><x=0><y=0><width=768><height=1084><id=-1>, android.view.MotionEvent@183926881)
I/org.umd.logging(14221): Method < 1 com.androbaby.game2048.r.onTouch(true)
W/ResourceType(14221): No known package when getting name for resource number 0xffffffff
I/org.umd.logging(14221): Method > 1 com.androbaby.game2048.r.onTouch(com.androbaby.game2048.r@62776327, com.androbaby.game2048.ac@844682077<file=><x=0><y=0><width=768><height=1084><id=-1>, android.view.MotionEvent@183926881)
I/org.umd.logging(14221): Method < 1 com.androbaby.game2048.r.onTouch(true)
W/ResourceType(14221): No known package when getting name for resource number 0xffffffff
I/org.umd.logging(14221): Method > 1 com.androbaby.game2048.r.onTouch(com.androbaby.game2048.r@62776327, com.androbaby.game2048.ac@844682077<file=><x=0><y=0><width=768><height=1084><id=-1>, android.view.MotionEvent@183926881)
I/org.umd.logging(14221): Method < 1 com.androbaby.game2048.r.onTouch(true)
W/ResourceType(14221): No known package when getting name for resource number 0xffffffff
I/org.umd.logging(14221): Method > 1 com.androbaby.game2048.r.onTouch(com.androbaby.game2048.r@62776327, com.androbaby.game2048.ac@844682077<file=><x=0><y=0><width=768><height=1084><id=-1>, android.view.MotionEvent@183926881)
I/org.umd.logging(14221): Method < 1 com.androbaby.game2048.r.onTouch(true)
W/ResourceType(14221): No known package when getting name for resource number 0xffffffff
I/org.umd.logging(14221): Method > 1 com.androbaby.game2048.r.onTouch(com.androbaby.game2048.r@62776327, com.androbaby.game2048.ac@844682077<file=><x=0><y=0><width=768><height=1084><id=-1>, android.view.MotionEvent@183926881)
I/org.umd.logging(14221): Method < 1 com.androbaby.game2048.r.onTouch(true)
W/ResourceType(14221): No known package when getting name for resource number 0xffffffff
I/org.umd.logging(14221): Method > 1 com.androbaby.game2048.r.onTouch(com.androbaby.game2048.r@62776327, com.androbaby.game2048.ac@844682077<file=><x=0><y=0><width=768><height=1084><id=-1>, android.view.MotionEvent@183926881)
I/org.umd.logging(14221): Method < 1 com.androbaby.game2048.r.onTouch(true)
W/ProcessCpuTracker(  591): Skipping unknown process pid 14476
W/ProcessCpuTracker(  591): Skipping unknown process pid 14478
W/ResourceType(14221): No known package when getting name for resource number 0xffffffff
I/org.umd.logging(14221): Method > 1 com.androbaby.game2048.r.onTouch(com.androbaby.game2048.r@62776327, com.androbaby.game2048.ac@844682077<file=><x=0><y=0><width=768><height=1084><id=-1>, android.view.MotionEvent@183926881)
I/org.umd.logging(14221): Method < 1 com.androbaby.game2048.r.onTouch(true)
W/ResourceType(14221): No known package when getting name for resource number 0xffffffff
I/org.umd.logging(14221): Method > 1 com.androbaby.game2048.r.onTouch(com.androbaby.game2048.r@62776327, com.androbaby.game2048.ac@844682077<file=><x=0><y=0><width=768><height=1084><id=-1>, android.view.MotionEvent@183926881)
I/org.umd.logging(14221): Method < 1 com.androbaby.game2048.r.onTouch(true)
W/ResourceType(14221): No known package when getting name for resource number 0xffffffff
I/org.umd.logging(14221): Method > 1 com.androbaby.game2048.r.onTouch(com.androbaby.game2048.r@62776327, com.androbaby.game2048.ac@844682077<file=><x=0><y=0><width=768><height=1084><id=-1>, android.view.MotionEvent@183926881)
I/org.umd.logging(14221): Method < 1 com.androbaby.game2048.r.onTouch(true)
W/ResourceType(14221): No known package when getting name for resource number 0xffffffff
I/org.umd.logging(14221): Method > 1 com.androbaby.game2048.r.onTouch(com.androbaby.game2048.r@62776327, com.androbaby.game2048.ac@844682077<file=><x=0><y=0><width=768><height=1084><id=-1>, android.view.MotionEvent@183926881)
I/org.umd.logging(14221): Method < 1 com.androbaby.game2048.r.onTouch(true)
W/ResourceType(14221): No known package when getting name for resource number 0xffffffff
I/org.umd.logging(14221): Method > 1 com.androbaby.game2048.r.onTouch(com.androbaby.game2048.r@62776327, com.androbaby.game2048.ac@844682077<file=><x=0><y=0><width=768><height=1084><id=-1>, android.view.MotionEvent@183926881)
I/org.umd.logging(14221): Method < 1 com.androbaby.game2048.r.onTouch(true)
W/ResourceType(14221): No known package when getting name for resource number 0xffffffff
I/org.umd.logging(14221): Method > 1 com.androbaby.game2048.r.onTouch(com.androbaby.game2048.r@62776327, com.androbaby.game2048.ac@844682077<file=><x=0><y=0><width=768><height=1084><id=-1>, android.view.MotionEvent@183926881)
I/org.umd.logging(14221): Method < 1 com.androbaby.game2048.r.onTouch(true)
W/ResourceType(14221): No known package when getting name for resource number 0xffffffff
I/org.umd.logging(14221): Method > 1 com.androbaby.game2048.r.onTouch(com.androbaby.game2048.r@62776327, com.androbaby.game2048.ac@844682077<file=><x=0><y=0><width=768><height=1084><id=-1>, android.view.MotionEvent@183926881)
I/org.umd.logging(14221): Method < 1 com.androbaby.game2048.r.onTouch(true)
W/ResourceType(14221): No known package when getting name for resource number 0xffffffff
I/org.umd.logging(14221): Method > 1 com.androbaby.game2048.r.onTouch(com.androbaby.game2048.r@62776327, com.androbaby.game2048.ac@844682077<file=><x=0><y=0><width=768><height=1084><id=-1>, android.view.MotionEvent@183926881)
I/org.umd.logging(14221): Method < 1 com.androbaby.game2048.r.onTouch(true)
W/ResourceType(14221): No known package when getting name for resource number 0xffffffff
I/org.umd.logging(14221): Method > 1 com.androbaby.game2048.r.onTouch(com.androbaby.game2048.r@62776327, com.androbaby.game2048.ac@844682077<file=><x=0><y=0><width=768><height=1084><id=-1>, android.view.MotionEvent@183926881)
I/org.umd.logging(14221): Method < 1 com.androbaby.game2048.r.onTouch(true)
W/ResourceType(14221): No known package when getting name for resource number 0xffffffff
I/org.umd.logging(14221): Method > 1 com.androbaby.game2048.r.onTouch(com.androbaby.game2048.r@62776327, com.androbaby.game2048.ac@844682077<file=><x=0><y=0><width=768><height=1084><id=-1>, android.view.MotionEvent@183926881)
I/org.umd.logging(14221): Method < 1 com.androbaby.game2048.r.onTouch(true)
W/ResourceType(14221): No known package when getting name for resource number 0xffffffff
I/org.umd.logging(14221): Method > 1 com.androbaby.game2048.r.onTouch(com.androbaby.game2048.r@62776327, com.androbaby.game2048.ac@844682077<file=><x=0><y=0><width=768><height=1084><id=-1>, android.view.MotionEvent@183926881)
I/org.umd.logging(14221): Method < 1 com.androbaby.game2048.r.onTouch(true)
W/ResourceType(14221): No known package when getting name for resource number 0xffffffff
I/org.umd.logging(14221): Method > 1 com.androbaby.game2048.r.onTouch(com.androbaby.game2048.r@62776327, com.androbaby.game2048.ac@844682077<file=><x=0><y=0><width=768><height=1084><id=-1>, android.view.MotionEvent@183926881)
I/org.umd.logging(14221): Method < 1 com.androbaby.game2048.r.onTouch(true)
W/ResourceType(14221): No known package when getting name for resource number 0xffffffff
I/org.umd.logging(14221): Method > 1 com.androbaby.game2048.r.onTouch(com.androbaby.game2048.r@62776327, com.androbaby.game2048.ac@844682077<file=><x=0><y=0><width=768><height=1084><id=-1>, android.view.MotionEvent@183926881)
I/org.umd.logging(14221): Method < 1 com.androbaby.game2048.r.onTouch(true)
I/org.umd.logging(11423): Method > 1 com.cleanmaster.base.crash.util.debug.b.run(com.cleanmaster.base.crash.util.debug.b@614779553)
I/org.umd.logging(11423): Method < 1 com.cleanmaster.base.crash.util.debug.b.run()
W/ResourceType(14221): No known package when getting name for resource number 0xffffffff
I/org.umd.logging(14221): Method > 1 com.androbaby.game2048.r.onTouch(com.androbaby.game2048.r@62776327, com.androbaby.game2048.ac@844682077<file=><x=0><y=0><width=768><height=1084><id=-1>, android.view.MotionEvent@183926881)
I/org.umd.logging(14221): Method < 1 com.androbaby.game2048.r.onTouch(true)
W/ResourceType(14221): No known package when getting name for resource number 0xffffffff
I/org.umd.logging(14221): Method > 1 com.androbaby.game2048.r.onTouch(com.androbaby.game2048.r@62776327, com.androbaby.game2048.ac@844682077<file=><x=0><y=0><width=768><height=1084><id=-1>, android.view.MotionEvent@183926881)
I/org.umd.logging(14221): Method < 1 com.androbaby.game2048.r.onTouch(true)
W/ResourceType(14221): No known package when getting name for resource number 0xffffffff
I/org.umd.logging(14221): Method > 1 com.androbaby.game2048.r.onTouch(com.androbaby.game2048.r@62776327, com.androbaby.game2048.ac@844682077<file=><x=0><y=0><width=768><height=1084><id=-1>, android.view.MotionEvent@183926881)
I/org.umd.logging(14221): Method < 1 com.androbaby.game2048.r.onTouch(true)
W/ResourceType(14221): No known package when getting name for resource number 0xffffffff
I/org.umd.logging(14221): Method > 1 com.androbaby.game2048.r.onTouch(com.androbaby.game2048.r@62776327, com.androbaby.game2048.ac@844682077<file=><x=0><y=0><width=768><height=1084><id=-1>, android.view.MotionEvent@183926881)
I/org.umd.logging(14221): Method < 1 com.androbaby.game2048.r.onTouch(true)
W/ResourceType(14221): No known package when getting name for resource number 0xffffffff
I/org.umd.logging(14221): Method > 1 com.androbaby.game2048.r.onTouch(com.androbaby.game2048.r@62776327, com.androbaby.game2048.ac@844682077<file=><x=0><y=0><width=768><height=1084><id=-1>, android.view.MotionEvent@183926881)
I/org.umd.logging(14221): Method < 1 com.androbaby.game2048.r.onTouch(true)
W/ResourceType(14221): No known package when getting name for resource number 0xffffffff
I/org.umd.logging(14221): Method > 1 com.androbaby.game2048.r.onTouch(com.androbaby.game2048.r@62776327, com.androbaby.game2048.ac@844682077<file=><x=0><y=0><width=768><height=1084><id=-1>, android.view.MotionEvent@183926881)
I/org.umd.logging(14221): Method < 1 com.androbaby.game2048.r.onTouch(true)
W/ResourceType(14221): No known package when getting name for resource number 0xffffffff
I/org.umd.logging(14221): Method > 1 com.androbaby.game2048.r.onTouch(com.androbaby.game2048.r@62776327, com.androbaby.game2048.ac@844682077<file=><x=0><y=0><width=768><height=1084><id=-1>, android.view.MotionEvent@183926881)
I/org.umd.logging(14221): Method < 1 com.androbaby.game2048.r.onTouch(true)
W/ResourceType(14221): No known package when getting name for resource number 0xffffffff
I/org.umd.logging(14221): Method > 1 com.androbaby.game2048.r.onTouch(com.androbaby.game2048.r@62776327, com.androbaby.game2048.ac@844682077<file=><x=0><y=0><width=768><height=1084><id=-1>, android.view.MotionEvent@183926881)
I/org.umd.logging(14221): Method < 1 com.androbaby.game2048.r.onTouch(true)
I/art     (14221): Background partial concurrent mark sweep GC freed 1338(62KB) AllocSpace objects, 5(17MB) LOS objects, 22% free, 53MB/69MB, paused 5.066ms total 55.852ms
W/ResourceType(14221): No known package when getting name for resource number 0xffffffff
I/org.umd.logging(14221): Method > 1 com.androbaby.game2048.r.onTouch(com.androbaby.game2048.r@62776327, com.androbaby.game2048.ac@844682077<file=><x=0><y=0><width=768><height=1084><id=-1>, android.view.MotionEvent@183926881)
I/org.umd.logging(14221): Method < 1 com.androbaby.game2048.r.onTouch(true)
W/ResourceType(14221): No known package when getting name for resource number 0xffffffff
I/org.umd.logging(14221): Method > 1 com.androbaby.game2048.r.onTouch(com.androbaby.game2048.r@62776327, com.androbaby.game2048.ac@844682077<file=><x=0><y=0><width=768><height=1084><id=-1>, android.view.MotionEvent@183926881)
I/org.umd.logging(14221): Method < 1 com.androbaby.game2048.r.onTouch(true)
W/ResourceType(14221): No known package when getting name for resource number 0xffffffff
I/org.umd.logging(14221): Method > 1 com.androbaby.game2048.r.onTouch(com.androbaby.game2048.r@62776327, com.androbaby.game2048.ac@844682077<file=><x=0><y=0><width=768><height=1084><id=-1>, android.view.MotionEvent@183926881)
I/org.umd.logging(14221): Method < 1 com.androbaby.game2048.r.onTouch(true)
I/InputDispatcher(  591): Window 'Window{122c7e6f u0 com.androbaby.game2048/com.androbaby.game2048.MainActivity}' spent 2027.3ms processing the last input event: MotionEvent(deviceId=0, source=0x00001002, action=2, flags=0x00000000, metaState=0x00000000, buttonState=0x00000000, edgeFlags=0x00000000, xPrecision=1.0, yPrecision=1.0, displayId=0, pointers=[0: (706.7, 242.5)]), policyFlags=0x6b000000
W/ResourceType(14221): No known package when getting name for resource number 0xffffffff
I/org.umd.logging(14221): Method > 1 com.androbaby.game2048.r.onTouch(com.androbaby.game2048.r@62776327, com.androbaby.game2048.ac@844682077<file=><x=0><y=0><width=768><height=1084><id=-1>, android.view.MotionEvent@183926881)
I/org.umd.logging(14221): Method < 1 com.androbaby.game2048.r.onTouch(true)
I/InputDispatcher(  591): Window 'Window{122c7e6f u0 com.androbaby.game2048/com.androbaby.game2048.MainActivity}' spent 2080.7ms processing the last input event: MotionEvent(deviceId=0, source=0x00001002, action=1, flags=0x00000000, metaState=0x00000000, buttonState=0x00000000, edgeFlags=0x00000000, xPrecision=1.0, yPrecision=1.0, displayId=0, pointers=[0: (725.4, 249.7)]), policyFlags=0x6b000000
W/ResourceType(14221): No known package when getting name for resource number 0xffffffff
I/org.umd.logging(14221): Method > 1 com.androbaby.game2048.r.onTouch(com.androbaby.game2048.r@62776327, com.androbaby.game2048.ac@844682077<file=><x=0><y=0><width=768><height=1084><id=-1>, android.view.MotionEvent@183926881)
I/org.umd.logging(14221): Method < 1 com.androbaby.game2048.r.onTouch(true)
I/InputDispatcher(  591): Window 'Window{122c7e6f u0 com.androbaby.game2048/com.androbaby.game2048.MainActivity}' spent 2135.6ms processing the last input event: MotionEvent(deviceId=0, source=0x00001002, action=0, flags=0x00000000, metaState=0x00000000, buttonState=0x00000000, edgeFlags=0x00000000, xPrecision=1.0, yPrecision=1.0, displayId=0, pointers=[0: (540.0, 890.0)]), policyFlags=0x6b000000
W/ResourceType(14221): No known package when getting name for resource number 0xffffffff
I/org.umd.logging(14221): Method > 1 com.androbaby.game2048.r.onTouch(com.androbaby.game2048.r@62776327, com.androbaby.game2048.ac@844682077<file=><x=0><y=0><width=768><height=1084><id=-1>, android.view.MotionEvent@183926881)
I/org.umd.logging(14221): Method < 1 com.androbaby.game2048.r.onTouch(true)
I/InputDispatcher(  591): Window 'Window{122c7e6f u0 com.androbaby.game2048/com.androbaby.game2048.MainActivity}' spent 2186.6ms processing the last input event: MotionEvent(deviceId=0, source=0x00001002, action=2, flags=0x00000000, metaState=0x00000000, buttonState=0x00000000, edgeFlags=0x00000000, xPrecision=1.0, yPrecision=1.0, displayId=0, pointers=[0: (538.9, 886.4)]), policyFlags=0x6b000000
I/InputDispatcher(  591): Window 'Window{122c7e6f u0 com.androbaby.game2048/com.androbaby.game2048.MainActivity}' spent 2185.9ms processing the last input event: MotionEvent(deviceId=0, source=0x00001002, action=2, flags=0x00000000, metaState=0x00000000, buttonState=0x00000000, edgeFlags=0x00000000, xPrecision=1.0, yPrecision=1.0, displayId=0, pointers=[0: (536.2, 884.1)]), policyFlags=0x6b000000
I/InputDispatcher(  591): Window 'Window{122c7e6f u0 com.androbaby.game2048/com.androbaby.game2048.MainActivity}' spent 2185.2ms processing the last input event: MotionEvent(deviceId=0, source=0x00001002, action=2, flags=0x00000000, metaState=0x00000000, buttonState=0x00000000, edgeFlags=0x00000000, xPrecision=1.0, yPrecision=1.0, displayId=0, pointers=[0: (535.1, 881.7)]), policyFlags=0x6b000000
I/InputDispatcher(  591): Window 'Window{122c7e6f u0 com.androbaby.game2048/com.androbaby.game2048.MainActivity}' spent 2184.2ms processing the last input event: MotionEvent(deviceId=0, source=0x00001002, action=2, flags=0x00000000, metaState=0x00000000, buttonState=0x00000000, edgeFlags=0x00000000, xPrecision=1.0, yPrecision=1.0, displayId=0, pointers=[0: (532.3, 878.1)]), policyFlags=0x6b000000
W/ResourceType(14221): No known package when getting name for resource number 0xffffffff
I/org.umd.logging(14221): Method > 1 com.androbaby.game2048.r.onTouch(com.androbaby.game2048.r@62776327, com.androbaby.game2048.ac@844682077<file=><x=0><y=0><width=768><height=1084><id=-1>, android.view.MotionEvent@183926881)
I/org.umd.logging(14221): Method < 1 com.androbaby.game2048.r.onTouch(true)
I/InputDispatcher(  591): Window 'Window{122c7e6f u0 com.androbaby.game2048/com.androbaby.game2048.MainActivity}' spent 2240.4ms processing the last input event: MotionEvent(deviceId=0, source=0x00001002, action=1, flags=0x00000000, metaState=0x00000000, buttonState=0x00000000, edgeFlags=0x00000000, xPrecision=1.0, yPrecision=1.0, displayId=0, pointers=[0: (531.4, 878.0)]), policyFlags=0x6b000000
