I/wpa_supplicant( 6122): wlan0: CTRL-EVENT-EAP-PEER-CERT depth=0 subject='/C=US/postalCode=02215/ST=MA/L=Boston/street=One Silber Way/O=TRUSTEES OF BOSTON UNIVERSITY/OU=InfoSec/CN=radius.bu.edu'
I/wpa_supplicant( 6122): EAP-MSCHAPV2: Authentication succeeded
I/wpa_supplicant( 6122): EAP-TLV: TLV Result - Success - EAP-TLV/Phase2 Completed
I/wpa_supplicant( 6122): wlan0: CTRL-EVENT-EAP-SUCCESS EAP authentication completed successfully
I/wpa_supplicant( 6122): wlan0: WPA: Key negotiation completed with b4:e9:b0:e5:06:df [PTK=CCMP GTK=TKIP]
E/WifiStateMachine(  601): WifiStateMachine CMD_START_SCAN source -2 txSuccessRate=2.39 rxSuccessRate=1.26 targetRoamBSSID=any RSSI=-53
I/org.umd.logging(18209): Method > 1 com.cnn.mobile.android.phone.service.FeedService.onCreate(com.cnn.mobile.android.phone.service.FeedService@471632318)
I/org.umd.logging(18209): Method < 1 com.cnn.mobile.android.phone.service.FeedService.onCreate()
I/org.umd.logging(18209): Method > 1 com.cnn.mobile.android.phone.service.FeedService.onStartCommand(com.cnn.mobile.android.phone.service.FeedService@471632318, android.content.Intent@749265260<action=null><data=null><package=null><component=com.cnn.mobile.android.phone/.service.FeedService><type=null><filter_hashcode=-1301101658><fetch_type=None><umd_Intent_key=None><android.intent.extra.ALARM_COUNT=None>, 0, 1)
I/org.umd.logging(18209): Method > 1 com.androidquery.callback.AbstractAjaxCallback.execute(com.cnn.mobile.android.phone.service.FeedService$1@1042223925)
I/org.umd.logging(18209): Method > 756 com.androidquery.callback.AbstractAjaxCallback.run(com.cnn.mobile.android.phone.service.FeedService$1@1042223925)
I/org.umd.logging(18209): Method > 756 com.androidquery.callback.AbstractAjaxCallback.execute(com.cnn.mobile.android.phone.service.FeedService$1@1042223925, org.apache.http.client.methods.HttpGet@991134666, org.apache.http.impl.client.DefaultHttpClient@289507128, org.apache.http.protocol.BasicHttpContext@296933691)
I/org.umd.logging(18209): Api > 756 org.apache.http.impl.client.DefaultHttpClient.execute(org.apache.http.impl.client.DefaultHttpClient@289507128, org.apache.http.client.methods.HttpGet@991134666, org.apache.http.protocol.BasicHttpContext@296933691)
I/org.umd.logging(18209): Method < 1 com.androidquery.callback.AbstractAjaxCallback.execute()
I/org.umd.logging(18209): Method < 1 com.cnn.mobile.android.phone.service.FeedService.onStartCommand(2)
I/org.umd.logging(18209): Method > 1 com.cnn.mobile.android.phone.service.FeedService.onStartCommand(com.cnn.mobile.android.phone.service.FeedService@471632318, android.content.Intent@100182104<action=null><data=null><package=null><component=com.cnn.mobile.android.phone/.service.FeedService><type=null><filter_hashcode=-1301101658><fetch_type=None><umd_Intent_key=None><android.intent.extra.ALARM_COUNT=None>, 0, 2)
I/org.umd.logging(18209): Method > 1 com.androidquery.callback.AbstractAjaxCallback.execute(com.cnn.mobile.android.phone.service.FeedService$2@440053169)
I/org.umd.logging(18209): Method > 762 com.androidquery.callback.AbstractAjaxCallback.run(com.cnn.mobile.android.phone.service.FeedService$2@440053169)
I/org.umd.logging(18209): Method > 762 com.androidquery.callback.AbstractAjaxCallback.execute(com.cnn.mobile.android.phone.service.FeedService$2@440053169, org.apache.http.client.methods.HttpGet@332272278, org.apache.http.impl.client.DefaultHttpClient@289507128, org.apache.http.protocol.BasicHttpContext@778817047)
I/org.umd.logging(18209): Api > 762 org.apache.http.impl.client.DefaultHttpClient.execute(org.apache.http.impl.client.DefaultHttpClient@289507128, org.apache.http.client.methods.HttpGet@332272278, org.apache.http.protocol.BasicHttpContext@778817047)
I/org.umd.logging(18209): Method < 1 com.androidquery.callback.AbstractAjaxCallback.execute()
I/org.umd.logging(18209): Method < 1 com.cnn.mobile.android.phone.service.FeedService.onStartCommand(2)
I/org.umd.logging(18209): Method > 1 com.cnn.mobile.android.phone.service.FeedService.onStartCommand(com.cnn.mobile.android.phone.service.FeedService@471632318, android.content.Intent@427553284<action=null><data=null><package=null><component=com.cnn.mobile.android.phone/.service.FeedService><type=null><filter_hashcode=-1301101658><fetch_type=None><umd_Intent_key=None><android.intent.extra.ALARM_COUNT=None>, 0, 3)
I/ConfigHelper(18209): DYNAMIC CONFIG FILE in play (http://www.cnn.com/partners/android/config/3.04/config-phone.json)
I/org.umd.logging(18209): Method > 1 com.androidquery.callback.AbstractAjaxCallback.execute(com.cnn.mobile.android.phone.service.ConfigHelper$1@278623213)
I/org.umd.logging(18209): Api < 756 org.apache.http.impl.client.DefaultHttpClient.execute(org.apache.http.message.BasicHttpResponse@97567266)
I/org.umd.logging(18209): Method > 752 com.androidquery.callback.AbstractAjaxCallback.run(com.cnn.mobile.android.phone.service.ConfigHelper$1@278623213)
I/org.umd.logging(18209): Method < 756 com.androidquery.callback.AbstractAjaxCallback.execute(org.apache.http.message.BasicHttpResponse@97567266)
I/org.umd.logging(18209): Method < 1 com.androidquery.callback.AbstractAjaxCallback.execute()
I/org.umd.logging(18209): Method > 752 com.androidquery.callback.AbstractAjaxCallback.execute(com.cnn.mobile.android.phone.service.ConfigHelper$1@278623213, org.apache.http.client.methods.HttpGet@492123315, org.apache.http.impl.client.DefaultHttpClient@289507128, org.apache.http.protocol.BasicHttpContext@684206704)
I/org.umd.logging(18209): Api > 752 org.apache.http.impl.client.DefaultHttpClient.execute(org.apache.http.impl.client.DefaultHttpClient@289507128, org.apache.http.client.methods.HttpGet@492123315, org.apache.http.protocol.BasicHttpContext@684206704)
I/org.umd.logging(18209): Method < 1 com.cnn.mobile.android.phone.service.FeedService.onStartCommand(2)
I/org.umd.logging(18209): Method > 1 com.cnn.mobile.android.phone.service.FeedService.onStartCommand(com.cnn.mobile.android.phone.service.FeedService@471632318, android.content.Intent@482894313<action=null><data=null><package=null><component=com.cnn.mobile.android.phone/.service.FeedService><type=null><filter_hashcode=-1301101658><fetch_type=None><umd_Intent_key=None><android.intent.extra.ALARM_COUNT=None>, 0, 4)
D/WeatherHelper(18209): weather fetch zip null
I/org.umd.logging(18209): Method < 1 com.cnn.mobile.android.phone.service.FeedService.onStartCommand(2)
I/org.umd.logging(18209): Method > 1 com.cnn.mobile.android.phone.service.FeedService.onDestroy(com.cnn.mobile.android.phone.service.FeedService@471632318)
I/org.umd.logging(18209): Method < 1 com.cnn.mobile.android.phone.service.FeedService.onDestroy()
I/org.umd.logging(18209): Method < 756 com.androidquery.callback.AbstractAjaxCallback.run()
I/org.umd.logging(18209): Method > 1 com.androidquery.callback.AbstractAjaxCallback.run(com.cnn.mobile.android.phone.service.FeedService$1@1042223925)
I/org.umd.logging(18209): Method < 1 com.androidquery.callback.AbstractAjaxCallback.run()
I/org.umd.logging(18209): Method > 757 com.androidquery.util.Common.run(com.androidquery.util.Common@844947054)
I/org.umd.logging(18209): Method < 757 com.androidquery.util.Common.run()
I/org.umd.logging(18209): Api < 762 org.apache.http.impl.client.DefaultHttpClient.execute(org.apache.http.message.BasicHttpResponse@878995727)
I/org.umd.logging(18209): Method < 762 com.androidquery.callback.AbstractAjaxCallback.execute(org.apache.http.message.BasicHttpResponse@878995727)
I/org.umd.logging(18209): Api < 752 org.apache.http.impl.client.DefaultHttpClient.execute(org.apache.http.message.BasicHttpResponse@928873884)
I/org.umd.logging(18209): Method < 752 com.androidquery.callback.AbstractAjaxCallback.execute(org.apache.http.message.BasicHttpResponse@928873884)
I/org.umd.logging(18209): Method < 752 com.androidquery.callback.AbstractAjaxCallback.run()
I/org.umd.logging(18209): Method > 1 com.androidquery.callback.AbstractAjaxCallback.run(com.cnn.mobile.android.phone.service.ConfigHelper$1@278623213)
I/org.umd.logging(18209): Method > 1 com.androidquery.callback.AbstractAjaxCallback.execute(com.cnn.mobile.android.phone.service.ConfigHelper$2@297546661)
I/org.umd.logging(18209): Method > 761 com.androidquery.callback.AbstractAjaxCallback.run(com.cnn.mobile.android.phone.service.ConfigHelper$2@297546661)
I/org.umd.logging(18209): Method < 1 com.androidquery.callback.AbstractAjaxCallback.execute()
I/org.umd.logging(18209): Method < 762 com.androidquery.callback.AbstractAjaxCallback.run()
I/org.umd.logging(18209): Method > 761 com.androidquery.callback.AbstractAjaxCallback.execute(com.cnn.mobile.android.phone.service.ConfigHelper$2@297546661, org.apache.http.client.methods.HttpGet@998011770, org.apache.http.impl.client.DefaultHttpClient@289507128, org.apache.http.protocol.BasicHttpContext@159942443)
I/org.umd.logging(18209): Api > 761 org.apache.http.impl.client.DefaultHttpClient.execute(org.apache.http.impl.client.DefaultHttpClient@289507128, org.apache.http.client.methods.HttpGet@998011770, org.apache.http.protocol.BasicHttpContext@159942443)
I/org.umd.logging(18209): Method > 757 com.androidquery.util.Common.run(com.androidquery.util.Common@1029793057)
I/org.umd.logging(18209): Method < 1 com.androidquery.callback.AbstractAjaxCallback.run()
I/org.umd.logging(18209): Method < 757 com.androidquery.util.Common.run()
I/org.umd.logging(18209): Method > 1 com.androidquery.callback.AbstractAjaxCallback.run(com.cnn.mobile.android.phone.service.FeedService$2@440053169)
I/org.umd.logging(18209): Method < 1 com.androidquery.callback.AbstractAjaxCallback.run()
I/org.umd.logging(18209): Method > 757 com.androidquery.util.Common.run(com.androidquery.util.Common@667831622)
I/org.umd.logging(18209): Method < 757 com.androidquery.util.Common.run()
I/org.umd.logging(18209): Api < 761 org.apache.http.impl.client.DefaultHttpClient.execute(org.apache.http.message.BasicHttpResponse@411462407)
I/org.umd.logging(18209): Method < 761 com.androidquery.callback.AbstractAjaxCallback.execute(org.apache.http.message.BasicHttpResponse@411462407)
I/org.umd.logging(18209): Method < 761 com.androidquery.callback.AbstractAjaxCallback.run()
I/org.umd.logging(18209): Method > 1 com.androidquery.callback.AbstractAjaxCallback.run(com.cnn.mobile.android.phone.service.ConfigHelper$2@297546661)
I/org.umd.logging(18209): Method < 1 com.androidquery.callback.AbstractAjaxCallback.run()
I/org.umd.logging(18209): Method > 757 com.androidquery.util.Common.run(com.androidquery.util.Common@876733492)
I/org.umd.logging(18209): Method < 757 com.androidquery.util.Common.run()
E/WifiStateMachine(  601): WifiStateMachine CMD_START_SCAN source -2 txSuccessRate=9.66 rxSuccessRate=6.33 targetRoamBSSID=any RSSI=-53
E/WifiStateMachine(  601): WifiStateMachine CMD_START_SCAN source -2 txSuccessRate=1.86 rxSuccessRate=0.94 targetRoamBSSID=any RSSI=-53
E/WifiStateMachine(  601): WifiStateMachine CMD_START_SCAN source -2 txSuccessRate=1.12 rxSuccessRate=0.56 targetRoamBSSID=any RSSI=-53
E/WifiStateMachine(  601): WifiStateMachine CMD_START_SCAN source -2 txSuccessRate=0.38 rxSuccessRate=0.19 targetRoamBSSID=any RSSI=-53
I/DeviceStateChecker( 6469): screenOn: true, isCharging: true
E/WifiStateMachine(  601): WifiStateMachine CMD_START_SCAN source -2 txSuccessRate=2.22 rxSuccessRate=1.11 targetRoamBSSID=any RSSI=-53
E/WifiStateMachine(  601): WifiStateMachine CMD_START_SCAN source -2 txSuccessRate=2.03 rxSuccessRate=1.08 targetRoamBSSID=any RSSI=-53
I/org.umd.logging(18209): Method > 1 com.cnn.mobile.android.phone.service.FeedService.onCreate(com.cnn.mobile.android.phone.service.FeedService@130953821)
I/org.umd.logging(18209): Method < 1 com.cnn.mobile.android.phone.service.FeedService.onCreate()
I/org.umd.logging(18209): Method > 1 com.cnn.mobile.android.phone.service.FeedService.onStartCommand(com.cnn.mobile.android.phone.service.FeedService@130953821, android.content.Intent@714387619<action=null><data=null><package=null><component=com.cnn.mobile.android.phone/.service.FeedService><type=null><filter_hashcode=-1301101658><fetch_type=None><umd_Intent_key=None><android.intent.extra.ALARM_COUNT=None>, 0, 1)
I/org.umd.logging(18209): Method > 1 com.androidquery.callback.AbstractAjaxCallback.execute(com.cnn.mobile.android.phone.service.FeedService$1@808652704)
I/org.umd.logging(18209): Method > 756 com.androidquery.callback.AbstractAjaxCallback.run(com.cnn.mobile.android.phone.service.FeedService$1@808652704)
I/org.umd.logging(18209): Method < 1 com.androidquery.callback.AbstractAjaxCallback.execute()
I/org.umd.logging(18209): Method < 1 com.cnn.mobile.android.phone.service.FeedService.onStartCommand(2)
I/org.umd.logging(18209): Method > 1 com.cnn.mobile.android.phone.service.FeedService.onStartCommand(com.cnn.mobile.android.phone.service.FeedService@130953821, android.content.Intent@172005209<action=null><data=null><package=null><component=com.cnn.mobile.android.phone/.service.FeedService><type=null><filter_hashcode=-1301101658><fetch_type=None><umd_Intent_key=None><android.intent.extra.ALARM_COUNT=None>, 0, 2)
I/org.umd.logging(18209): Method > 1 com.androidquery.callback.AbstractAjaxCallback.execute(com.cnn.mobile.android.phone.service.FeedService$2@863223582)
I/org.umd.logging(18209): Method > 752 com.androidquery.callback.AbstractAjaxCallback.run(com.cnn.mobile.android.phone.service.FeedService$2@863223582)
I/org.umd.logging(18209): Method < 1 com.androidquery.callback.AbstractAjaxCallback.execute()
I/org.umd.logging(18209): Method < 1 com.cnn.mobile.android.phone.service.FeedService.onStartCommand(2)
I/org.umd.logging(18209): Method > 1 com.cnn.mobile.android.phone.service.FeedService.onDestroy(com.cnn.mobile.android.phone.service.FeedService@130953821)
I/org.umd.logging(18209): Method < 1 com.cnn.mobile.android.phone.service.FeedService.onDestroy()
I/org.umd.logging(18209): Method > 1 com.androidquery.callback.AbstractAjaxCallback.run(com.cnn.mobile.android.phone.service.FeedService$1@808652704)
I/org.umd.logging(18209): Method < 756 com.androidquery.callback.AbstractAjaxCallback.run()
I/org.umd.logging(18209): Method < 1 com.androidquery.callback.AbstractAjaxCallback.run()
I/org.umd.logging(18209): Method < 752 com.androidquery.callback.AbstractAjaxCallback.run()
I/org.umd.logging(18209): Method > 1 com.androidquery.callback.AbstractAjaxCallback.run(com.cnn.mobile.android.phone.service.FeedService$2@863223582)
I/org.umd.logging(18209): Method < 1 com.androidquery.callback.AbstractAjaxCallback.run()
E/WifiStateMachine(  601): WifiStateMachine CMD_START_SCAN source -2 txSuccessRate=1.02 rxSuccessRate=0.51 targetRoamBSSID=any RSSI=-53
E/WifiStateMachine(  601): WifiStateMachine CMD_START_SCAN source -2 txSuccessRate=5.00 rxSuccessRate=2.63 targetRoamBSSID=any RSSI=-53
I/DownloadManagerWrapper( 6250): onReceive() : Charging = true
I/DownloadManagerWrapper( 6250): onReceive() : Charging = true
E/WifiStateMachine(  601): WifiStateMachine CMD_START_SCAN source -2 txSuccessRate=3.83 rxSuccessRate=2.04 targetRoamBSSID=any RSSI=-53
E/WifiStateMachine(  601): WifiStateMachine CMD_START_SCAN source -2 txSuccessRate=2.65 rxSuccessRate=1.33 targetRoamBSSID=any RSSI=-53
I/DownloadManagerWrapper( 6250): onReceive() : Charging = true
E/WifiStateMachine(  601): WifiStateMachine CMD_START_SCAN source -2 txSuccessRate=1.54 rxSuccessRate=0.77 targetRoamBSSID=any RSSI=-53
I/DownloadManagerWrapper( 6250): onReceive() : Charging = true
I/DownloadManagerWrapper( 6250): onReceive() : Charging = true
E/WifiStateMachine(  601): WifiStateMachine CMD_START_SCAN source -2 txSuccessRate=4.17 rxSuccessRate=2.08 targetRoamBSSID=any RSSI=-53
E/WifiStateMachine(  601): WifiStateMachine CMD_START_SCAN source -2 txSuccessRate=1.10 rxSuccessRate=0.55 targetRoamBSSID=any RSSI=-53
I/DeviceStateChecker( 6469): screenOn: true, isCharging: true
I/DownloadManagerWrapper( 6250): onReceive() : Charging = true
I/DownloadManagerWrapper( 6250): onReceive() : Charging = true
E/WifiStateMachine(  601): WifiStateMachine CMD_START_SCAN source -2 txSuccessRate=0.70 rxSuccessRate=0.37 targetRoamBSSID=any RSSI=-53
I/art     ( 6798): Explicit concurrent mark sweep GC freed 45617(2MB) AllocSpace objects, 2(32KB) LOS objects, 24% free, 20MB/26MB, paused 885us total 153.303ms
D/AndroidRuntime( 9895): >>>>>> START com.android.internal.os.RuntimeInit uid 10098 <<<<<<
D/AndroidRuntime( 9895): CheckJNI is OFF
D/AndroidRuntime( 9895): Calling main entry com.android.commands.am.Am
D/AndroidRuntime( 9895): Shutting down VM
E/WifiStateMachine(  601): WifiStateMachine CMD_START_SCAN source -2 txSuccessRate=0.38 rxSuccessRate=0.19 targetRoamBSSID=any RSSI=-53
E/WifiStateMachine(  601): WifiStateMachine CMD_START_SCAN source -2 txSuccessRate=2.57 rxSuccessRate=1.41 targetRoamBSSID=any RSSI=-53
I/org.umd.logging(18209): Method > 1 com.cnn.mobile.android.phone.service.FeedService.onCreate(com.cnn.mobile.android.phone.service.FeedService@465023999)
I/org.umd.logging(18209): Method < 1 com.cnn.mobile.android.phone.service.FeedService.onCreate()
I/org.umd.logging(18209): Method > 1 com.cnn.mobile.android.phone.service.FeedService.onStartCommand(com.cnn.mobile.android.phone.service.FeedService@465023999, android.content.Intent@433737749<action=null><data=null><package=null><component=com.cnn.mobile.android.phone/.service.FeedService><type=null><filter_hashcode=-1301101658><fetch_type=None><umd_Intent_key=None><android.intent.extra.ALARM_COUNT=None>, 0, 1)
I/ConfigHelper(18209): DYNAMIC CONFIG FILE in play (http://www.cnn.com/partners/android/config/3.04/config-phone.json)
I/org.umd.logging(18209): Method > 1 com.androidquery.callback.AbstractAjaxCallback.execute(com.cnn.mobile.android.phone.service.ConfigHelper$1@194555690)
I/org.umd.logging(18209): Method < 1 com.androidquery.callback.AbstractAjaxCallback.execute()
I/org.umd.logging(18209): Method < 1 com.cnn.mobile.android.phone.service.FeedService.onStartCommand(2)
I/org.umd.logging(18209): Method > 762 com.androidquery.callback.AbstractAjaxCallback.run(com.cnn.mobile.android.phone.service.ConfigHelper$1@194555690)
I/org.umd.logging(18209): Method > 1 com.cnn.mobile.android.phone.service.FeedService.onStartCommand(com.cnn.mobile.android.phone.service.FeedService@465023999, android.content.Intent@433951003<action=null><data=null><package=null><component=com.cnn.mobile.android.phone/.service.FeedService><type=null><filter_hashcode=-1301101658><fetch_type=None><umd_Intent_key=None><android.intent.extra.ALARM_COUNT=None>, 0, 2)
D/WeatherHelper(18209): weather fetch zip null
I/org.umd.logging(18209): Method < 1 com.cnn.mobile.android.phone.service.FeedService.onStartCommand(2)
I/org.umd.logging(18209): Method > 1 com.cnn.mobile.android.phone.service.FeedService.onStartCommand(com.cnn.mobile.android.phone.service.FeedService@465023999, android.content.Intent@460272312<action=null><data=null><package=null><component=com.cnn.mobile.android.phone/.service.FeedService><type=null><filter_hashcode=-1301101658><fetch_type=None><umd_Intent_key=None><android.intent.extra.ALARM_COUNT=None>, 0, 3)
I/org.umd.logging(18209): Method > 762 com.androidquery.callback.AbstractAjaxCallback.execute(com.cnn.mobile.android.phone.service.ConfigHelper$1@194555690, org.apache.http.client.methods.HttpGet@35444881, org.apache.http.impl.client.DefaultHttpClient@289507128, org.apache.http.protocol.BasicHttpContext@23761910)
I/org.umd.logging(18209): Method > 1 com.androidquery.callback.AbstractAjaxCallback.execute(com.cnn.mobile.android.phone.service.FeedService$1@968500215)
I/org.umd.logging(18209): Api > 762 org.apache.http.impl.client.DefaultHttpClient.execute(org.apache.http.impl.client.DefaultHttpClient@289507128, org.apache.http.client.methods.HttpGet@35444881, org.apache.http.protocol.BasicHttpContext@23761910)
I/org.umd.logging(18209): Method > 761 com.androidquery.callback.AbstractAjaxCallback.run(com.cnn.mobile.android.phone.service.FeedService$1@968500215)
I/org.umd.logging(18209): Method > 761 com.androidquery.callback.AbstractAjaxCallback.execute(com.cnn.mobile.android.phone.service.FeedService$1@968500215, org.apache.http.client.methods.HttpGet@323011172, org.apache.http.impl.client.DefaultHttpClient@289507128, org.apache.http.protocol.BasicHttpContext@723872973)
I/org.umd.logging(18209): Api > 761 org.apache.http.impl.client.DefaultHttpClient.execute(org.apache.http.impl.client.DefaultHttpClient@289507128, org.apache.http.client.methods.HttpGet@323011172, org.apache.http.protocol.BasicHttpContext@723872973)
I/org.umd.logging(18209): Method < 1 com.androidquery.callback.AbstractAjaxCallback.execute()
I/org.umd.logging(18209): Method < 1 com.cnn.mobile.android.phone.service.FeedService.onStartCommand(2)
I/org.umd.logging(18209): Method > 1 com.cnn.mobile.android.phone.service.FeedService.onStartCommand(com.cnn.mobile.android.phone.service.FeedService@465023999, android.content.Intent@967047554<action=null><data=null><package=null><component=com.cnn.mobile.android.phone/.service.FeedService><type=null><filter_hashcode=-1301101658><fetch_type=None><umd_Intent_key=None><android.intent.extra.ALARM_COUNT=None>, 0, 4)
I/org.umd.logging(18209): Method > 1 com.androidquery.callback.AbstractAjaxCallback.execute(com.cnn.mobile.android.phone.service.FeedService$2@1029900435)
I/org.umd.logging(18209): Method < 1 com.androidquery.callback.AbstractAjaxCallback.execute()
I/org.umd.logging(18209): Method < 1 com.cnn.mobile.android.phone.service.FeedService.onStartCommand(2)
I/org.umd.logging(18209): Method > 756 com.androidquery.callback.AbstractAjaxCallback.run(com.cnn.mobile.android.phone.service.FeedService$2@1029900435)
I/org.umd.logging(18209): Method > 1 com.cnn.mobile.android.phone.service.FeedService.onDestroy(com.cnn.mobile.android.phone.service.FeedService@465023999)
I/org.umd.logging(18209): Method < 1 com.cnn.mobile.android.phone.service.FeedService.onDestroy()
I/org.umd.logging(18209): Method > 756 com.androidquery.callback.AbstractAjaxCallback.execute(com.cnn.mobile.android.phone.service.FeedService$2@1029900435, org.apache.http.client.methods.HttpGet@75079888, org.apache.http.impl.client.DefaultHttpClient@289507128, org.apache.http.protocol.BasicHttpContext@665389257)
I/org.umd.logging(18209): Api > 756 org.apache.http.impl.client.DefaultHttpClient.execute(org.apache.http.impl.client.DefaultHttpClient@289507128, org.apache.http.client.methods.HttpGet@75079888, org.apache.http.protocol.BasicHttpContext@665389257)
I/org.umd.logging(18209): Api < 762 org.apache.http.impl.client.DefaultHttpClient.execute(org.apache.http.message.BasicHttpResponse@941370318)
I/org.umd.logging(18209): Method < 762 com.androidquery.callback.AbstractAjaxCallback.execute(org.apache.http.message.BasicHttpResponse@941370318)
I/org.umd.logging(18209): Api < 761 org.apache.http.impl.client.DefaultHttpClient.execute(org.apache.http.message.BasicHttpResponse@682334959)
I/org.umd.logging(18209): Method < 761 com.androidquery.callback.AbstractAjaxCallback.execute(org.apache.http.message.BasicHttpResponse@682334959)
I/org.umd.logging(18209): Method > 1 com.androidquery.callback.AbstractAjaxCallback.run(com.cnn.mobile.android.phone.service.ConfigHelper$1@194555690)
I/org.umd.logging(18209): Method < 762 com.androidquery.callback.AbstractAjaxCallback.run()
I/org.umd.logging(18209): Method < 761 com.androidquery.callback.AbstractAjaxCallback.run()
I/org.umd.logging(18209): Method > 1 com.androidquery.callback.AbstractAjaxCallback.execute(com.cnn.mobile.android.phone.service.ConfigHelper$2@505412092)
I/org.umd.logging(18209): Method > 752 com.androidquery.callback.AbstractAjaxCallback.run(com.cnn.mobile.android.phone.service.ConfigHelper$2@505412092)
I/org.umd.logging(18209): Method < 1 com.androidquery.callback.AbstractAjaxCallback.execute()
I/org.umd.logging(18209): Method < 1 com.androidquery.callback.AbstractAjaxCallback.run()
I/org.umd.logging(18209): Method > 757 com.androidquery.util.Common.run(com.androidquery.util.Common@649095301)
I/org.umd.logging(18209): Method > 1 com.androidquery.callback.AbstractAjaxCallback.run(com.cnn.mobile.android.phone.service.FeedService$1@968500215)
I/org.umd.logging(18209): Method < 757 com.androidquery.util.Common.run()
I/org.umd.logging(18209): Method > 752 com.androidquery.callback.AbstractAjaxCallback.execute(com.cnn.mobile.android.phone.service.ConfigHelper$2@505412092, org.apache.http.client.methods.HttpGet@349386458, org.apache.http.impl.client.DefaultHttpClient@289507128, org.apache.http.protocol.BasicHttpContext@1061222155)
I/org.umd.logging(18209): Method > 757 com.androidquery.util.Common.run(com.androidquery.util.Common@393263592)
I/org.umd.logging(18209): Api > 752 org.apache.http.impl.client.DefaultHttpClient.execute(org.apache.http.impl.client.DefaultHttpClient@289507128, org.apache.http.client.methods.HttpGet@349386458, org.apache.http.protocol.BasicHttpContext@1061222155)
I/org.umd.logging(18209): Method < 757 com.androidquery.util.Common.run()
I/org.umd.logging(18209): Api < 756 org.apache.http.impl.client.DefaultHttpClient.execute(org.apache.http.message.BasicHttpResponse@901637798)
I/org.umd.logging(18209): Method < 756 com.androidquery.callback.AbstractAjaxCallback.execute(org.apache.http.message.BasicHttpResponse@901637798)
I/org.umd.logging(18209): Method < 1 com.androidquery.callback.AbstractAjaxCallback.run()
I/org.umd.logging(18209): Api < 752 org.apache.http.impl.client.DefaultHttpClient.execute(org.apache.http.message.BasicHttpResponse@142997735)
I/org.umd.logging(18209): Method < 756 com.androidquery.callback.AbstractAjaxCallback.run()
I/org.umd.logging(18209): Method < 752 com.androidquery.callback.AbstractAjaxCallback.execute(org.apache.http.message.BasicHttpResponse@142997735)
I/org.umd.logging(18209): Method < 752 com.androidquery.callback.AbstractAjaxCallback.run()
I/org.umd.logging(18209): Method > 1 com.androidquery.callback.AbstractAjaxCallback.run(com.cnn.mobile.android.phone.service.FeedService$2@1029900435)
I/org.umd.logging(18209): Method < 1 com.androidquery.callback.AbstractAjaxCallback.run()
I/org.umd.logging(18209): Method > 757 com.androidquery.util.Common.run(com.androidquery.util.Common@478907540)
I/org.umd.logging(18209): Method > 1 com.androidquery.callback.AbstractAjaxCallback.run(com.cnn.mobile.android.phone.service.ConfigHelper$2@505412092)
I/org.umd.logging(18209): Method < 757 com.androidquery.util.Common.run()
I/org.umd.logging(18209): Method < 1 com.androidquery.callback.AbstractAjaxCallback.run()
I/org.umd.logging(18209): Method > 757 com.androidquery.util.Common.run(com.androidquery.util.Common@985146173)
I/org.umd.logging(18209): Method < 757 com.androidquery.util.Common.run()
I/DownloadManagerWrapper( 6250): onReceive() : Charging = true
I/DownloadManagerWrapper( 6250): onReceive() : Charging = true
E/WifiStateMachine(  601): WifiStateMachine CMD_START_SCAN source -2 txSuccessRate=4.54 rxSuccessRate=3.21 targetRoamBSSID=any RSSI=-53
I/DownloadManagerWrapper( 6250): onReceive() : Charging = true
E/WifiStateMachine(  601): WifiStateMachine CMD_START_SCAN source -2 txSuccessRate=1.44 rxSuccessRate=0.93 targetRoamBSSID=any RSSI=-53
E/WifiStateMachine(  601): WifiStateMachine CMD_START_SCAN source -2 txSuccessRate=2.34 rxSuccessRate=1.25 targetRoamBSSID=any RSSI=-53
E/native  (  601): do suspend false
E/WifiStateMachine(  601): Unexpected BatchedScanResults :OK
I/dhcpcd  ( 9937): sending signal 14 to pid 29093
I/dhcpcd  (29093): received SIGALRM, renewing
I/dhcpcd  (29093): wlan0: renewing lease of 155.41.7.225
I/dhcpcd  (29093): wlan0: acknowledged 155.41.7.225 from 10.127.1.1 `BU DHCP Server #22'
I/dhcpcd  (29093): wlan0: leased 155.41.7.225 for 3600 seconds
D/ConnectivityService(  601): NetworkAgentInfo [WIFI () - 102] EVENT_NETWORK_INFO_CHANGED, going from CONNECTED to CONNECTING
E/WifiStateMachine(  601): WifiStateMachine: Leaving Connected state
D/ConnectivityService(  601): NetworkAgentInfo [WIFI () - 102] EVENT_NETWORK_INFO_CHANGED, going from CONNECTING to CONNECTED
E/WifiStateMachine(  601): WifiStateMachine CMD_START_SCAN source -2 txSuccessRate=4.74 rxSuccessRate=2.47 targetRoamBSSID=any RSSI=-53
E/WifiStateMachine(  601): WifiStateMachine L2Connected CMD_START_SCAN source -2 3548, 3549 -> obsolete
E/WifiStateMachine(  601): WifiStateMachine CMD_START_SCAN source -2 txSuccessRate=1.09 rxSuccessRate=0.81 targetRoamBSSID=any RSSI=-53
E/WifiStateMachine(  601): WifiStateMachine CMD_START_SCAN source -2 txSuccessRate=5.14 rxSuccessRate=2.70 targetRoamBSSID=any RSSI=-53
I/DeviceStateChecker( 6469): screenOn: true, isCharging: true
E/WifiStateMachine(  601): WifiStateMachine CMD_START_SCAN source -2 txSuccessRate=2.85 rxSuccessRate=1.83 targetRoamBSSID=any RSSI=-52
I/DownloadManagerWrapper( 6250): onReceive() : Charging = true
I/DownloadManagerWrapper( 6250): onReceive() : Charging = true
I/DownloadManagerWrapper( 6250): onReceive() : Charging = true
E/WifiStateMachine(  601): WifiStateMachine CMD_START_SCAN source -2 txSuccessRate=1.66 rxSuccessRate=0.83 targetRoamBSSID=any RSSI=-53
I/DownloadManagerWrapper( 6250): onReceive() : Charging = true
E/WifiStateMachine(  601): WifiStateMachine CMD_START_SCAN source -2 txSuccessRate=3.28 rxSuccessRate=1.64 targetRoamBSSID=any RSSI=-53
I/DownloadManagerWrapper( 6250): onReceive() : Charging = true
E/WifiStateMachine(  601): WifiStateMachine CMD_START_SCAN source -2 txSuccessRate=4.02 rxSuccessRate=2.01 targetRoamBSSID=any RSSI=-53
E/WifiStateMachine(  601): WifiStateMachine CMD_START_SCAN source -2 txSuccessRate=1.09 rxSuccessRate=0.55 targetRoamBSSID=any RSSI=-53
E/WifiStateMachine(  601): WifiStateMachine CMD_START_SCAN source -2 txSuccessRate=0.41 rxSuccessRate=0.21 targetRoamBSSID=any RSSI=-53
E/WifiStateMachine(  601): WifiStateMachine CMD_START_SCAN source -2 txSuccessRate=4.25 rxSuccessRate=2.13 targetRoamBSSID=any RSSI=-53
I/DownloadManagerWrapper( 6250): onReceive() : Charging = true
E/WifiStateMachine(  601): WifiStateMachine CMD_START_SCAN source -2 txSuccessRate=2.38 rxSuccessRate=1.19 targetRoamBSSID=any RSSI=-53
I/DownloadManagerWrapper( 6250): onReceive() : Charging = true
E/WifiStateMachine(  601): WifiStateMachine CMD_START_SCAN source -2 txSuccessRate=0.89 rxSuccessRate=0.45 targetRoamBSSID=any RSSI=-53
I/org.umd.logging(18209): Method > 1 com.cnn.mobile.android.phone.service.FeedService.onCreate(com.cnn.mobile.android.phone.service.FeedService@424789810)
I/org.umd.logging(18209): Method < 1 com.cnn.mobile.android.phone.service.FeedService.onCreate()
I/org.umd.logging(18209): Method > 1 com.cnn.mobile.android.phone.service.FeedService.onStartCommand(com.cnn.mobile.android.phone.service.FeedService@424789810, android.content.Intent@434036224<action=null><data=null><package=null><component=com.cnn.mobile.android.phone/.service.FeedService><type=null><filter_hashcode=-1301101658><fetch_type=None><umd_Intent_key=None><android.intent.extra.ALARM_COUNT=None>, 0, 1)
I/org.umd.logging(18209): Method > 1 com.androidquery.callback.AbstractAjaxCallback.execute(com.cnn.mobile.android.phone.service.FeedService$1@529053241)
I/org.umd.logging(18209): Method > 762 com.androidquery.callback.AbstractAjaxCallback.run(com.cnn.mobile.android.phone.service.FeedService$1@529053241)
I/org.umd.logging(18209): Method > 762 com.androidquery.callback.AbstractAjaxCallback.execute(com.cnn.mobile.android.phone.service.FeedService$1@529053241, org.apache.http.client.methods.HttpGet@1037116542, org.apache.http.impl.client.DefaultHttpClient@289507128, org.apache.http.protocol.BasicHttpContext@43982303)
I/org.umd.logging(18209): Api > 762 org.apache.http.impl.client.DefaultHttpClient.execute(org.apache.http.impl.client.DefaultHttpClient@289507128, org.apache.http.client.methods.HttpGet@1037116542, org.apache.http.protocol.BasicHttpContext@43982303)
I/org.umd.logging(18209): Method < 1 com.androidquery.callback.AbstractAjaxCallback.execute()
I/org.umd.logging(18209): Method < 1 com.cnn.mobile.android.phone.service.FeedService.onStartCommand(2)
I/org.umd.logging(18209): Method > 1 com.cnn.mobile.android.phone.service.FeedService.onStartCommand(com.cnn.mobile.android.phone.service.FeedService@424789810, android.content.Intent@307485228<action=null><data=null><package=null><component=com.cnn.mobile.android.phone/.service.FeedService><type=null><filter_hashcode=-1301101658><fetch_type=None><umd_Intent_key=None><android.intent.extra.ALARM_COUNT=None>, 0, 2)
I/org.umd.logging(18209): Method > 1 com.androidquery.callback.AbstractAjaxCallback.execute(com.cnn.mobile.android.phone.service.FeedService$2@70614261)
I/org.umd.logging(18209): Method > 761 com.androidquery.callback.AbstractAjaxCallback.run(com.cnn.mobile.android.phone.service.FeedService$2@70614261)
I/org.umd.logging(18209): Method > 761 com.androidquery.callback.AbstractAjaxCallback.execute(com.cnn.mobile.android.phone.service.FeedService$2@70614261, org.apache.http.client.methods.HttpGet@827787914, org.apache.http.impl.client.DefaultHttpClient@289507128, org.apache.http.protocol.BasicHttpContext@939636987)
I/org.umd.logging(18209): Api > 761 org.apache.http.impl.client.DefaultHttpClient.execute(org.apache.http.impl.client.DefaultHttpClient@289507128, org.apache.http.client.methods.HttpGet@827787914, org.apache.http.protocol.BasicHttpContext@939636987)
I/org.umd.logging(18209): Method < 1 com.androidquery.callback.AbstractAjaxCallback.execute()
I/org.umd.logging(18209): Method < 1 com.cnn.mobile.android.phone.service.FeedService.onStartCommand(2)
I/org.umd.logging(18209): Method > 1 com.cnn.mobile.android.phone.service.FeedService.onStartCommand(com.cnn.mobile.android.phone.service.FeedService@424789810, android.content.Intent@742026520<action=null><data=null><package=null><component=com.cnn.mobile.android.phone/.service.FeedService><type=null><filter_hashcode=-1301101658><fetch_type=None><umd_Intent_key=None><android.intent.extra.ALARM_COUNT=None>, 0, 3)
I/ConfigHelper(18209): DYNAMIC CONFIG FILE in play (http://www.cnn.com/partners/android/config/3.04/config-phone.json)
I/org.umd.logging(18209): Method > 1 com.androidquery.callback.AbstractAjaxCallback.execute(com.cnn.mobile.android.phone.service.ConfigHelper$1@447607665)
I/org.umd.logging(18209): Api < 762 org.apache.http.impl.client.DefaultHttpClient.execute(org.apache.http.message.BasicHttpResponse@379798870)
I/org.umd.logging(18209): Method < 762 com.androidquery.callback.AbstractAjaxCallback.execute(org.apache.http.message.BasicHttpResponse@379798870)
I/org.umd.logging(18209): Api < 761 org.apache.http.impl.client.DefaultHttpClient.execute(org.apache.http.message.BasicHttpResponse@422111703)
I/org.umd.logging(18209): Method < 761 com.androidquery.callback.AbstractAjaxCallback.execute(org.apache.http.message.BasicHttpResponse@422111703)
I/org.umd.logging(18209): Method > 756 com.androidquery.callback.AbstractAjaxCallback.run(com.cnn.mobile.android.phone.service.ConfigHelper$1@447607665)
I/org.umd.logging(18209): Method < 756 com.androidquery.callback.AbstractAjaxCallback.run()
I/org.umd.logging(18209): Method < 1 com.androidquery.callback.AbstractAjaxCallback.execute()
I/org.umd.logging(18209): Method < 1 com.cnn.mobile.android.phone.service.FeedService.onStartCommand(2)
I/org.umd.logging(18209): Method > 1 com.cnn.mobile.android.phone.service.FeedService.onStartCommand(com.cnn.mobile.android.phone.service.FeedService@424789810, android.content.Intent@552944324<action=null><data=null><package=null><component=com.cnn.mobile.android.phone/.service.FeedService><type=null><filter_hashcode=-1301101658><fetch_type=None><umd_Intent_key=None><android.intent.extra.ALARM_COUNT=None>, 0, 4)
D/WeatherHelper(18209): weather fetch zip null
I/org.umd.logging(18209): Method < 1 com.cnn.mobile.android.phone.service.FeedService.onStartCommand(2)
I/org.umd.logging(18209): Method > 1 com.androidquery.callback.AbstractAjaxCallback.run(com.cnn.mobile.android.phone.service.ConfigHelper$1@447607665)
I/org.umd.logging(18209): Method < 762 com.androidquery.callback.AbstractAjaxCallback.run()
I/org.umd.logging(18209): Method > 1 com.androidquery.callback.AbstractAjaxCallback.execute(com.cnn.mobile.android.phone.service.ConfigHelper$2@710759853)
I/org.umd.logging(18209): Method > 752 com.androidquery.callback.AbstractAjaxCallback.run(com.cnn.mobile.android.phone.service.ConfigHelper$2@710759853)
I/org.umd.logging(18209): Method < 752 com.androidquery.callback.AbstractAjaxCallback.run()
I/org.umd.logging(18209): Method < 1 com.androidquery.callback.AbstractAjaxCallback.execute()
I/org.umd.logging(18209): Method < 1 com.androidquery.callback.AbstractAjaxCallback.run()
I/org.umd.logging(18209): Method > 1 com.cnn.mobile.android.phone.service.FeedService.onDestroy(com.cnn.mobile.android.phone.service.FeedService@424789810)
I/org.umd.logging(18209): Method < 1 com.cnn.mobile.android.phone.service.FeedService.onDestroy()
I/org.umd.logging(18209): Method < 761 com.androidquery.callback.AbstractAjaxCallback.run()
I/org.umd.logging(18209): Method > 1 com.androidquery.callback.AbstractAjaxCallback.run(com.cnn.mobile.android.phone.service.FeedService$1@529053241)
I/org.umd.logging(18209): Method > 757 com.androidquery.util.Common.run(com.androidquery.util.Common@715546850)
I/org.umd.logging(18209): Method < 757 com.androidquery.util.Common.run()
I/org.umd.logging(18209): Method < 1 com.androidquery.callback.AbstractAjaxCallback.run()
I/org.umd.logging(18209): Method > 1 com.androidquery.callback.AbstractAjaxCallback.run(com.cnn.mobile.android.phone.service.ConfigHelper$2@710759853)
I/org.umd.logging(18209): Method < 1 com.androidquery.callback.AbstractAjaxCallback.run()
I/org.umd.logging(18209): Method > 1 com.androidquery.callback.AbstractAjaxCallback.run(com.cnn.mobile.android.phone.service.FeedService$2@70614261)
I/org.umd.logging(18209): Method > 757 com.androidquery.util.Common.run(com.androidquery.util.Common@724061299)
I/org.umd.logging(18209): Method < 757 com.androidquery.util.Common.run()
I/org.umd.logging(18209): Method < 1 com.androidquery.callback.AbstractAjaxCallback.run()
I/DeviceStateChecker( 6469): screenOn: true, isCharging: true
E/WifiStateMachine(  601): WifiStateMachine CMD_START_SCAN source -2 txSuccessRate=1.79 rxSuccessRate=0.91 targetRoamBSSID=any RSSI=-53
E/WifiStateMachine(  601): WifiStateMachine CMD_START_SCAN source -2 txSuccessRate=5.47 rxSuccessRate=2.78 targetRoamBSSID=any RSSI=-53
I/DownloadManagerWrapper( 6250): onReceive() : Charging = true
E/WifiStateMachine(  601): WifiStateMachine CMD_START_SCAN source -2 txSuccessRate=2.61 rxSuccessRate=1.33 targetRoamBSSID=any RSSI=-53
I/DownloadManagerWrapper( 6250): onReceive() : Charging = true
E/WifiStateMachine(  601): WifiStateMachine CMD_START_SCAN source -2 txSuccessRate=2.29 rxSuccessRate=1.15 targetRoamBSSID=any RSSI=-53
I/org.umd.logging(18209): Method > 1 com.cnn.mobile.android.phone.service.FeedService.onCreate(com.cnn.mobile.android.phone.service.FeedService@996525872)
I/org.umd.logging(18209): Method < 1 com.cnn.mobile.android.phone.service.FeedService.onCreate()
I/org.umd.logging(18209): Method > 1 com.cnn.mobile.android.phone.service.FeedService.onStartCommand(com.cnn.mobile.android.phone.service.FeedService@996525872, android.content.Intent@382576942<action=null><data=null><package=null><component=com.cnn.mobile.android.phone/.service.FeedService><type=null><filter_hashcode=-1301101658><fetch_type=None><umd_Intent_key=None><android.intent.extra.ALARM_COUNT=None>, 0, 1)
I/org.umd.logging(18209): Method > 1 com.androidquery.callback.AbstractAjaxCallback.execute(com.cnn.mobile.android.phone.service.FeedService$1@649149647)
I/org.umd.logging(18209): Method > 756 com.androidquery.callback.AbstractAjaxCallback.run(com.cnn.mobile.android.phone.service.FeedService$1@649149647)
I/org.umd.logging(18209): Method < 1 com.androidquery.callback.AbstractAjaxCallback.execute()
I/org.umd.logging(18209): Method < 1 com.cnn.mobile.android.phone.service.FeedService.onStartCommand(2)
I/org.umd.logging(18209): Method > 1 com.cnn.mobile.android.phone.service.FeedService.onStartCommand(com.cnn.mobile.android.phone.service.FeedService@996525872, android.content.Intent@286795356<action=null><data=null><package=null><component=com.cnn.mobile.android.phone/.service.FeedService><type=null><filter_hashcode=-1301101658><fetch_type=None><umd_Intent_key=None><android.intent.extra.ALARM_COUNT=None>, 0, 2)
I/org.umd.logging(18209): Method > 1 com.androidquery.callback.AbstractAjaxCallback.execute(com.cnn.mobile.android.phone.service.FeedService$2@706776421)
I/org.umd.logging(18209): Method > 762 com.androidquery.callback.AbstractAjaxCallback.run(com.cnn.mobile.android.phone.service.FeedService$2@706776421)
I/org.umd.logging(18209): Method < 1 com.androidquery.callback.AbstractAjaxCallback.execute()
I/org.umd.logging(18209): Method < 756 com.androidquery.callback.AbstractAjaxCallback.run()
I/org.umd.logging(18209): Method < 1 com.cnn.mobile.android.phone.service.FeedService.onStartCommand(2)
I/org.umd.logging(18209): Method > 1 com.cnn.mobile.android.phone.service.FeedService.onDestroy(com.cnn.mobile.android.phone.service.FeedService@996525872)
I/org.umd.logging(18209): Method < 1 com.cnn.mobile.android.phone.service.FeedService.onDestroy()
I/org.umd.logging(18209): Method > 1 com.androidquery.callback.AbstractAjaxCallback.run(com.cnn.mobile.android.phone.service.FeedService$1@649149647)
I/org.umd.logging(18209): Method < 1 com.androidquery.callback.AbstractAjaxCallback.run()
I/org.umd.logging(18209): Method > 1 com.androidquery.callback.AbstractAjaxCallback.run(com.cnn.mobile.android.phone.service.FeedService$2@706776421)
I/org.umd.logging(18209): Method < 762 com.androidquery.callback.AbstractAjaxCallback.run()
I/org.umd.logging(18209): Method < 1 com.androidquery.callback.AbstractAjaxCallback.run()
I/DownloadManagerWrapper( 6250): onReceive() : Charging = true
I/DownloadManagerWrapper( 6250): onReceive() : Charging = true
E/WifiStateMachine(  601): WifiStateMachine CMD_START_SCAN source -2 txSuccessRate=4.91 rxSuccessRate=2.71 targetRoamBSSID=any RSSI=-53
E/WifiStateMachine(  601): WifiStateMachine CMD_START_SCAN source -2 txSuccessRate=2.62 rxSuccessRate=1.06 targetRoamBSSID=any RSSI=-53
E/WifiStateMachine(  601): WifiStateMachine CMD_START_SCAN source -2 txSuccessRate=1.15 rxSuccessRate=0.58 targetRoamBSSID=any RSSI=-53
E/WifiStateMachine(  601): WifiStateMachine CMD_START_SCAN source -2 txSuccessRate=0.45 rxSuccessRate=0.19 targetRoamBSSID=any RSSI=-53
V/BackupManagerService(  601): Running a backup pass
V/BackupManagerService(  601): Backup requested but nothing pending
W/ContentTaskController( 6577): Invalid task was provided to stopTracking.
W/ContentTaskController( 6577): Invalid task was provided to stopTracking.
W/ContentTaskController( 6577): Invalid newTask was provided to startTracking.
E/WifiStateMachine(  601): WifiStateMachine CMD_START_SCAN source -2 txSuccessRate=2.25 rxSuccessRate=1.13 targetRoamBSSID=any RSSI=-53
I/DeviceStateChecker( 6469): screenOn: true, isCharging: true
E/WifiStateMachine(  601): WifiStateMachine CMD_START_SCAN source -2 txSuccessRate=1.91 rxSuccessRate=0.96 targetRoamBSSID=any RSSI=-53
E/WifiStateMachine(  601): WifiStateMachine CMD_START_SCAN source -2 txSuccessRate=1.01 rxSuccessRate=0.51 targetRoamBSSID=any RSSI=-53
I/DownloadManagerWrapper( 6250): onReceive() : Charging = true
I/DownloadManagerWrapper( 6250): onReceive() : Charging = true
E/WifiStateMachine(  601): WifiStateMachine CMD_START_SCAN source -2 txSuccessRate=4.76 rxSuccessRate=2.38 targetRoamBSSID=any RSSI=-53
I/org.umd.logging(18209): Method > 1 com.cnn.mobile.android.phone.service.FeedService.onCreate(com.cnn.mobile.android.phone.service.FeedService@470755898)
I/org.umd.logging(18209): Method < 1 com.cnn.mobile.android.phone.service.FeedService.onCreate()
I/org.umd.logging(18209): Method > 1 com.cnn.mobile.android.phone.service.FeedService.onStartCommand(com.cnn.mobile.android.phone.service.FeedService@470755898, android.content.Intent@573525064<action=null><data=null><package=null><component=com.cnn.mobile.android.phone/.service.FeedService><type=null><filter_hashcode=-1301101658><fetch_type=None><umd_Intent_key=None><android.intent.extra.ALARM_COUNT=None>, 0, 1)
I/org.umd.logging(18209): Method > 1 com.androidquery.callback.AbstractAjaxCallback.execute(com.cnn.mobile.android.phone.service.FeedService$1@1058118369)
I/org.umd.logging(18209): Method < 1 com.androidquery.callback.AbstractAjaxCallback.execute()
I/org.umd.logging(18209): Method < 1 com.cnn.mobile.android.phone.service.FeedService.onStartCommand(2)
I/org.umd.logging(18209): Method > 752 com.androidquery.callback.AbstractAjaxCallback.run(com.cnn.mobile.android.phone.service.FeedService$1@1058118369)
I/org.umd.logging(18209): Method > 752 com.androidquery.callback.AbstractAjaxCallback.execute(com.cnn.mobile.android.phone.service.FeedService$1@1058118369, org.apache.http.client.methods.HttpGet@582332422, org.apache.http.impl.client.DefaultHttpClient@289507128, org.apache.http.protocol.BasicHttpContext@228718279)
I/org.umd.logging(18209): Api > 752 org.apache.http.impl.client.DefaultHttpClient.execute(org.apache.http.impl.client.DefaultHttpClient@289507128, org.apache.http.client.methods.HttpGet@582332422, org.apache.http.protocol.BasicHttpContext@228718279)
I/org.umd.logging(18209): Method > 1 com.cnn.mobile.android.phone.service.FeedService.onStartCommand(com.cnn.mobile.android.phone.service.FeedService@470755898, android.content.Intent@202433780<action=null><data=null><package=null><component=com.cnn.mobile.android.phone/.service.FeedService><type=null><filter_hashcode=-1301101658><fetch_type=None><umd_Intent_key=None><android.intent.extra.ALARM_COUNT=None>, 0, 2)
I/org.umd.logging(18209): Method > 1 com.androidquery.callback.AbstractAjaxCallback.execute(com.cnn.mobile.android.phone.service.FeedService$2@296485917)
I/org.umd.logging(18209): Method > 761 com.androidquery.callback.AbstractAjaxCallback.run(com.cnn.mobile.android.phone.service.FeedService$2@296485917)
I/org.umd.logging(18209): Method > 761 com.androidquery.callback.AbstractAjaxCallback.execute(com.cnn.mobile.android.phone.service.FeedService$2@296485917, org.apache.http.client.methods.HttpGet@988595858, org.apache.http.impl.client.DefaultHttpClient@289507128, org.apache.http.protocol.BasicHttpContext@574437475)
I/org.umd.logging(18209): Api > 761 org.apache.http.impl.client.DefaultHttpClient.execute(org.apache.http.impl.client.DefaultHttpClient@289507128, org.apache.http.client.methods.HttpGet@988595858, org.apache.http.protocol.BasicHttpContext@574437475)
I/org.umd.logging(18209): Method < 1 com.androidquery.callback.AbstractAjaxCallback.execute()
I/org.umd.logging(18209): Method < 1 com.cnn.mobile.android.phone.service.FeedService.onStartCommand(2)
I/org.umd.logging(18209): Api < 752 org.apache.http.impl.client.DefaultHttpClient.execute(org.apache.http.message.BasicHttpResponse@986799200)
I/org.umd.logging(18209): Method < 752 com.androidquery.callback.AbstractAjaxCallback.execute(org.apache.http.message.BasicHttpResponse@986799200)
I/org.umd.logging(18209): Api < 761 org.apache.http.impl.client.DefaultHttpClient.execute(org.apache.http.message.BasicHttpResponse@663340313)
I/org.umd.logging(18209): Method < 761 com.androidquery.callback.AbstractAjaxCallback.execute(org.apache.http.message.BasicHttpResponse@663340313)
I/org.umd.logging(18209): Method > 1 com.cnn.mobile.android.phone.service.FeedService.onDestroy(com.cnn.mobile.android.phone.service.FeedService@470755898)
I/org.umd.logging(18209): Method < 1 com.cnn.mobile.android.phone.service.FeedService.onDestroy()
I/org.umd.logging(18209): Method > 1 com.androidquery.callback.AbstractAjaxCallback.run(com.cnn.mobile.android.phone.service.FeedService$1@1058118369)
I/org.umd.logging(18209): Method < 1 com.androidquery.callback.AbstractAjaxCallback.run()
I/org.umd.logging(18209): Method > 757 com.androidquery.util.Common.run(com.androidquery.util.Common@437041630)
I/org.umd.logging(18209): Method < 757 com.androidquery.util.Common.run()
I/org.umd.logging(18209): Method < 752 com.androidquery.callback.AbstractAjaxCallback.run()
I/org.umd.logging(18209): Method < 761 com.androidquery.callback.AbstractAjaxCallback.run()
I/org.umd.logging(18209): Method > 1 com.androidquery.callback.AbstractAjaxCallback.run(com.cnn.mobile.android.phone.service.FeedService$2@296485917)
I/org.umd.logging(18209): Method > 757 com.androidquery.util.Common.run(com.androidquery.util.Common@398522303)
I/org.umd.logging(18209): Method < 1 com.androidquery.callback.AbstractAjaxCallback.run()
I/org.umd.logging(18209): Method < 757 com.androidquery.util.Common.run()
E/WifiStateMachine(  601): WifiStateMachine CMD_START_SCAN source -2 txSuccessRate=4.17 rxSuccessRate=2.10 targetRoamBSSID=any RSSI=-53
E/WifiStateMachine(  601): WifiStateMachine CMD_START_SCAN source -2 txSuccessRate=3.16 rxSuccessRate=1.58 targetRoamBSSID=any RSSI=-53
E/WifiStateMachine(  601): WifiStateMachine CMD_START_SCAN source -2 txSuccessRate=0.55 rxSuccessRate=0.27 targetRoamBSSID=any RSSI=-53
I/DownloadManagerWrapper( 6250): onReceive() : Charging = true
I/DownloadManagerWrapper( 6250): onReceive() : Charging = true
E/WifiStateMachine(  601): WifiStateMachine CMD_START_SCAN source -2 txSuccessRate=4.36 rxSuccessRate=2.28 targetRoamBSSID=any RSSI=-53
I/org.umd.logging(18209): Method > 1 com.cnn.mobile.android.phone.service.FeedService.onCreate(com.cnn.mobile.android.phone.service.FeedService@90168972)
I/org.umd.logging(18209): Method < 1 com.cnn.mobile.android.phone.service.FeedService.onCreate()
I/org.umd.logging(18209): Method > 1 com.cnn.mobile.android.phone.service.FeedService.onStartCommand(com.cnn.mobile.android.phone.service.FeedService@90168972, android.content.Intent@547788266<action=null><data=null><package=null><component=com.cnn.mobile.android.phone/.service.FeedService><type=null><filter_hashcode=-1301101658><fetch_type=None><umd_Intent_key=None><android.intent.extra.ALARM_COUNT=None>, 0, 1)
I/ConfigHelper(18209): DYNAMIC CONFIG FILE in play (http://www.cnn.com/partners/android/config/3.04/config-phone.json)
