I/org.umd.logging(18209): Method > 1 com.cnn.mobile.android.phone.service.FeedService.onDestroy(com.cnn.mobile.android.phone.service.FeedService@766556283)
I/org.umd.logging(18209): Method < 1 com.cnn.mobile.android.phone.service.FeedService.onDestroy()
I/org.umd.logging(18209): Method < 761 com.androidquery.callback.AbstractAjaxCallback.run()
I/org.umd.logging(18209): Method > 1 com.androidquery.callback.AbstractAjaxCallback.run(com.cnn.mobile.android.phone.service.FeedService$1@276818646)
I/org.umd.logging(18209): Method < 1 com.androidquery.callback.AbstractAjaxCallback.run()
I/org.umd.logging(18209): Method > 1 com.androidquery.callback.AbstractAjaxCallback.run(com.cnn.mobile.android.phone.service.FeedService$2@319038532)
I/org.umd.logging(18209): Method < 1 com.androidquery.callback.AbstractAjaxCallback.run()
I/org.umd.logging(18209): Method < 756 com.androidquery.callback.AbstractAjaxCallback.run()
I/DownloadManagerWrapper( 6250): onReceive() : Charging = true
E/WifiStateMachine(  601): WifiStateMachine CMD_START_SCAN source -2 txSuccessRate=2.16 rxSuccessRate=1.14 targetRoamBSSID=any RSSI=-53
E/WifiStateMachine(  601): WifiStateMachine CMD_START_SCAN source -2 txSuccessRate=0.58 rxSuccessRate=0.29 targetRoamBSSID=any RSSI=-53
E/WifiStateMachine(  601): WifiStateMachine CMD_START_SCAN source -2 txSuccessRate=0.42 rxSuccessRate=0.21 targetRoamBSSID=any RSSI=-53
E/WifiStateMachine(  601): WifiStateMachine CMD_START_SCAN source -2 txSuccessRate=2.89 rxSuccessRate=1.52 targetRoamBSSID=any RSSI=-53
I/DownloadManagerWrapper( 6250): onReceive() : Charging = true
I/DownloadManagerWrapper( 6250): onReceive() : Charging = true
I/DownloadManagerWrapper( 6250): onReceive() : Charging = true
E/WifiStateMachine(  601): WifiStateMachine CMD_START_SCAN source -2 txSuccessRate=2.55 rxSuccessRate=1.27 targetRoamBSSID=any RSSI=-53
E/WifiStateMachine(  601): WifiStateMachine CMD_START_SCAN source -2 txSuccessRate=1.14 rxSuccessRate=0.57 targetRoamBSSID=any RSSI=-53
E/ctxmgr  ( 6577): [TimeFilter.Builder]startTimeMillis must be >= 0.  Clamping to 0.
W/ctxmgr  ( 6577): [AclManager]null policy map (3) -1, clientInfo=(accnt=account#-261235526#, com.google.android.gms(10008):AccountManager, vrsn=10084236, 0, 3pPkg = null ,  3pMdlId = null)
W/ctxmgr  ( 6577): [AccountManager]Can't read store: account#-261235526#, 7503
W/ctxmgr  ( 6577): [AclManager]null policy map (3) -1, clientInfo=(accnt=account#-517948760#, com.google.android.gms(10008):AccountManager, vrsn=10084236, 0, 3pPkg = null ,  3pMdlId = null)
W/ctxmgr  ( 6577): [AccountManager]Can't read store: account#-517948760#, 7503
I/DeviceStateChecker( 6469): screenOn: true, isCharging: true
E/WifiStateMachine(  601): WifiStateMachine CMD_START_SCAN source -2 txSuccessRate=4.88 rxSuccessRate=2.44 targetRoamBSSID=any RSSI=-53
I/DownloadManagerWrapper( 6250): onReceive() : Charging = true
E/WifiStateMachine(  601): WifiStateMachine CMD_START_SCAN source -2 txSuccessRate=4.08 rxSuccessRate=2.04 targetRoamBSSID=any RSSI=-53
D/AndroidRuntime(10411): >>>>>> START com.android.internal.os.RuntimeInit uid 10098 <<<<<<
D/AndroidRuntime(10411): CheckJNI is OFF
I/DownloadManagerWrapper( 6250): onReceive() : Charging = true
D/AndroidRuntime(10411): Calling main entry com.android.commands.am.Am
D/AndroidRuntime(10411): Shutting down VM
I/DownloadManagerWrapper( 6250): onReceive() : Charging = true
E/WifiStateMachine(  601): WifiStateMachine CMD_START_SCAN source -2 txSuccessRate=3.91 rxSuccessRate=1.95 targetRoamBSSID=any RSSI=-53
E/native  (  601): do suspend false
E/WifiStateMachine(  601): Unexpected BatchedScanResults :OK
I/dhcpcd  (10431): sending signal 14 to pid 29093
I/dhcpcd  (29093): received SIGALRM, renewing
I/dhcpcd  (29093): wlan0: renewing lease of 155.41.7.225
I/dhcpcd  (29093): wlan0: acknowledged 155.41.7.225 from 10.127.1.1 `BU DHCP Server #22'
I/dhcpcd  (29093): wlan0: leased 155.41.7.225 for 3600 seconds
D/ConnectivityService(  601): NetworkAgentInfo [WIFI () - 102] EVENT_NETWORK_INFO_CHANGED, going from CONNECTED to CONNECTING
D/ConnectivityService(  601): NetworkAgentInfo [WIFI () - 102] EVENT_NETWORK_INFO_CHANGED, going from CONNECTING to CONNECTED
E/WifiStateMachine(  601): WifiStateMachine: Leaving Connected state
E/WifiStateMachine(  601): WifiStateMachine CMD_START_SCAN source -2 txSuccessRate=2.17 rxSuccessRate=1.10 targetRoamBSSID=any RSSI=-53
E/WifiStateMachine(  601): WifiStateMachine L2Connected CMD_START_SCAN source -2 3635, 3636 -> obsolete
I/DownloadManagerWrapper( 6250): onReceive() : Charging = true
I/DownloadManagerWrapper( 6250): onReceive() : Charging = true
E/WifiStateMachine(  601): WifiStateMachine CMD_START_SCAN source -2 txSuccessRate=3.04 rxSuccessRate=1.53 targetRoamBSSID=any RSSI=-53
I/DownloadManagerWrapper( 6250): onReceive() : Charging = true
E/WifiStateMachine(  601): WifiStateMachine CMD_START_SCAN source -2 txSuccessRate=1.79 rxSuccessRate=0.90 targetRoamBSSID=any RSSI=-53
E/WifiStateMachine(  601): WifiStateMachine CMD_START_SCAN source -2 txSuccessRate=3.28 rxSuccessRate=1.64 targetRoamBSSID=any RSSI=-53
E/WifiStateMachine(  601): WifiStateMachine CMD_START_SCAN source -2 txSuccessRate=6.12 rxSuccessRate=3.06 targetRoamBSSID=any RSSI=-53
E/WifiStateMachine(  601): WifiStateMachine CMD_START_SCAN source -2 txSuccessRate=2.06 rxSuccessRate=1.03 targetRoamBSSID=any RSSI=-53
I/DownloadManagerWrapper( 6250): onReceive() : Charging = true
I/DownloadManagerWrapper( 6250): onReceive() : Charging = true
I/org.umd.logging(18209): Method > 1 com.cnn.mobile.android.phone.service.FeedService.onCreate(com.cnn.mobile.android.phone.service.FeedService@745036077)
I/org.umd.logging(18209): Method < 1 com.cnn.mobile.android.phone.service.FeedService.onCreate()
I/org.umd.logging(18209): Method > 1 com.cnn.mobile.android.phone.service.FeedService.onStartCommand(com.cnn.mobile.android.phone.service.FeedService@745036077, android.content.Intent@415742963<action=null><data=null><package=null><component=com.cnn.mobile.android.phone/.service.FeedService><type=null><filter_hashcode=-1301101658><fetch_type=None><umd_Intent_key=None><android.intent.extra.ALARM_COUNT=None>, 0, 1)
I/ConfigHelper(18209): DYNAMIC CONFIG FILE in play (http://www.cnn.com/partners/android/config/3.04/config-phone.json)
I/org.umd.logging(18209): Method > 1 com.androidquery.callback.AbstractAjaxCallback.execute(com.cnn.mobile.android.phone.service.ConfigHelper$1@960577712)
I/org.umd.logging(18209): Method > 752 com.androidquery.callback.AbstractAjaxCallback.run(com.cnn.mobile.android.phone.service.ConfigHelper$1@960577712)
I/org.umd.logging(18209): Method > 752 com.androidquery.callback.AbstractAjaxCallback.execute(com.cnn.mobile.android.phone.service.ConfigHelper$1@960577712, org.apache.http.client.methods.HttpGet@983456553, org.apache.http.impl.client.DefaultHttpClient@289507128, org.apache.http.protocol.BasicHttpContext@535396014)
I/org.umd.logging(18209): Api > 752 org.apache.http.impl.client.DefaultHttpClient.execute(org.apache.http.impl.client.DefaultHttpClient@289507128, org.apache.http.client.methods.HttpGet@983456553, org.apache.http.protocol.BasicHttpContext@535396014)
I/org.umd.logging(18209): Method < 1 com.androidquery.callback.AbstractAjaxCallback.execute()
I/org.umd.logging(18209): Method < 1 com.cnn.mobile.android.phone.service.FeedService.onStartCommand(2)
I/org.umd.logging(18209): Method > 1 com.cnn.mobile.android.phone.service.FeedService.onStartCommand(com.cnn.mobile.android.phone.service.FeedService@745036077, android.content.Intent@597173327<action=null><data=null><package=null><component=com.cnn.mobile.android.phone/.service.FeedService><type=null><filter_hashcode=-1301101658><fetch_type=None><umd_Intent_key=None><android.intent.extra.ALARM_COUNT=None>, 0, 2)
D/WeatherHelper(18209): weather fetch zip null
I/org.umd.logging(18209): Method < 1 com.cnn.mobile.android.phone.service.FeedService.onStartCommand(2)
I/org.umd.logging(18209): Method > 1 com.cnn.mobile.android.phone.service.FeedService.onStartCommand(com.cnn.mobile.android.phone.service.FeedService@745036077, android.content.Intent@653375452<action=null><data=null><package=null><component=com.cnn.mobile.android.phone/.service.FeedService><type=null><filter_hashcode=-1301101658><fetch_type=None><umd_Intent_key=None><android.intent.extra.ALARM_COUNT=None>, 0, 3)
I/org.umd.logging(18209): Method > 1 com.androidquery.callback.AbstractAjaxCallback.execute(com.cnn.mobile.android.phone.service.FeedService$1@186155237)
I/org.umd.logging(18209): Method > 762 com.androidquery.callback.AbstractAjaxCallback.run(com.cnn.mobile.android.phone.service.FeedService$1@186155237)
I/org.umd.logging(18209): Method > 762 com.androidquery.callback.AbstractAjaxCallback.execute(com.cnn.mobile.android.phone.service.FeedService$1@186155237, org.apache.http.client.methods.HttpGet@114481082, org.apache.http.impl.client.DefaultHttpClient@289507128, org.apache.http.protocol.BasicHttpContext@962377323)
I/org.umd.logging(18209): Api > 762 org.apache.http.impl.client.DefaultHttpClient.execute(org.apache.http.impl.client.DefaultHttpClient@289507128, org.apache.http.client.methods.HttpGet@114481082, org.apache.http.protocol.BasicHttpContext@962377323)
I/org.umd.logging(18209): Method < 1 com.androidquery.callback.AbstractAjaxCallback.execute()
I/org.umd.logging(18209): Method < 1 com.cnn.mobile.android.phone.service.FeedService.onStartCommand(2)
I/org.umd.logging(18209): Method > 1 com.cnn.mobile.android.phone.service.FeedService.onStartCommand(com.cnn.mobile.android.phone.service.FeedService@745036077, android.content.Intent@768636360<action=null><data=null><package=null><component=com.cnn.mobile.android.phone/.service.FeedService><type=null><filter_hashcode=-1301101658><fetch_type=None><umd_Intent_key=None><android.intent.extra.ALARM_COUNT=None>, 0, 4)
I/org.umd.logging(18209): Api < 752 org.apache.http.impl.client.DefaultHttpClient.execute(org.apache.http.message.BasicHttpResponse@643122785)
I/org.umd.logging(18209): Method < 752 com.androidquery.callback.AbstractAjaxCallback.execute(org.apache.http.message.BasicHttpResponse@643122785)
I/org.umd.logging(18209): Method > 1 com.androidquery.callback.AbstractAjaxCallback.execute(com.cnn.mobile.android.phone.service.FeedService$2@499561862)
I/org.umd.logging(18209): Method > 761 com.androidquery.callback.AbstractAjaxCallback.run(com.cnn.mobile.android.phone.service.FeedService$2@499561862)
I/org.umd.logging(18209): Method > 761 com.androidquery.callback.AbstractAjaxCallback.execute(com.cnn.mobile.android.phone.service.FeedService$2@499561862, org.apache.http.client.methods.HttpGet@613305927, org.apache.http.impl.client.DefaultHttpClient@289507128, org.apache.http.protocol.BasicHttpContext@1046161012)
I/org.umd.logging(18209): Api > 761 org.apache.http.impl.client.DefaultHttpClient.execute(org.apache.http.impl.client.DefaultHttpClient@289507128, org.apache.http.client.methods.HttpGet@613305927, org.apache.http.protocol.BasicHttpContext@1046161012)
I/org.umd.logging(18209): Method < 1 com.androidquery.callback.AbstractAjaxCallback.execute()
I/org.umd.logging(18209): Method < 1 com.cnn.mobile.android.phone.service.FeedService.onStartCommand(2)
I/org.umd.logging(18209): Method > 1 com.cnn.mobile.android.phone.service.FeedService.onDestroy(com.cnn.mobile.android.phone.service.FeedService@745036077)
I/org.umd.logging(18209): Method < 1 com.cnn.mobile.android.phone.service.FeedService.onDestroy()
I/org.umd.logging(18209): Api < 761 org.apache.http.impl.client.DefaultHttpClient.execute(org.apache.http.message.BasicHttpResponse@71231389)
I/org.umd.logging(18209): Method < 761 com.androidquery.callback.AbstractAjaxCallback.execute(org.apache.http.message.BasicHttpResponse@71231389)
I/org.umd.logging(18209): Method < 752 com.androidquery.callback.AbstractAjaxCallback.run()
I/org.umd.logging(18209): Method > 1 com.androidquery.callback.AbstractAjaxCallback.run(com.cnn.mobile.android.phone.service.ConfigHelper$1@960577712)
I/org.umd.logging(18209): Api < 762 org.apache.http.impl.client.DefaultHttpClient.execute(org.apache.http.message.BasicHttpResponse@969450514)
I/org.umd.logging(18209): Method < 762 com.androidquery.callback.AbstractAjaxCallback.execute(org.apache.http.message.BasicHttpResponse@969450514)
I/org.umd.logging(18209): Method > 1 com.androidquery.callback.AbstractAjaxCallback.execute(com.cnn.mobile.android.phone.service.ConfigHelper$2@878151651)
I/org.umd.logging(18209): Method < 1 com.androidquery.callback.AbstractAjaxCallback.execute()
I/org.umd.logging(18209): Method > 756 com.androidquery.callback.AbstractAjaxCallback.run(com.cnn.mobile.android.phone.service.ConfigHelper$2@878151651)
I/org.umd.logging(18209): Method > 756 com.androidquery.callback.AbstractAjaxCallback.execute(com.cnn.mobile.android.phone.service.ConfigHelper$2@878151651, org.apache.http.client.methods.HttpGet@826160608, org.apache.http.impl.client.DefaultHttpClient@289507128, org.apache.http.protocol.BasicHttpContext@925327513)
I/org.umd.logging(18209): Api > 756 org.apache.http.impl.client.DefaultHttpClient.execute(org.apache.http.impl.client.DefaultHttpClient@289507128, org.apache.http.client.methods.HttpGet@826160608, org.apache.http.protocol.BasicHttpContext@925327513)
I/org.umd.logging(18209): Method < 762 com.androidquery.callback.AbstractAjaxCallback.run()
I/org.umd.logging(18209): Method < 1 com.androidquery.callback.AbstractAjaxCallback.run()
I/org.umd.logging(18209): Method > 757 com.androidquery.util.Common.run(com.androidquery.util.Common@904970047)
I/org.umd.logging(18209): Method > 1 com.androidquery.callback.AbstractAjaxCallback.run(com.cnn.mobile.android.phone.service.FeedService$1@186155237)
I/org.umd.logging(18209): Method < 757 com.androidquery.util.Common.run()
I/org.umd.logging(18209): Method < 1 com.androidquery.callback.AbstractAjaxCallback.run()
I/org.umd.logging(18209): Method > 757 com.androidquery.util.Common.run(com.androidquery.util.Common@998297612)
I/org.umd.logging(18209): Method < 757 com.androidquery.util.Common.run()
I/org.umd.logging(18209): Method < 761 com.androidquery.callback.AbstractAjaxCallback.run()
I/org.umd.logging(18209): Method > 1 com.androidquery.callback.AbstractAjaxCallback.run(com.cnn.mobile.android.phone.service.FeedService$2@499561862)
I/org.umd.logging(18209): Method < 1 com.androidquery.callback.AbstractAjaxCallback.run()
I/org.umd.logging(18209): Method > 757 com.androidquery.util.Common.run(com.androidquery.util.Common@176450901)
I/org.umd.logging(18209): Method < 757 com.androidquery.util.Common.run()
I/org.umd.logging(18209): Api < 756 org.apache.http.impl.client.DefaultHttpClient.execute(org.apache.http.message.BasicHttpResponse@946905962)
I/org.umd.logging(18209): Method < 756 com.androidquery.callback.AbstractAjaxCallback.execute(org.apache.http.message.BasicHttpResponse@946905962)
I/org.umd.logging(18209): Method < 756 com.androidquery.callback.AbstractAjaxCallback.run()
I/org.umd.logging(18209): Method > 1 com.androidquery.callback.AbstractAjaxCallback.run(com.cnn.mobile.android.phone.service.ConfigHelper$2@878151651)
I/org.umd.logging(18209): Method > 757 com.androidquery.util.Common.run(com.androidquery.util.Common@666636379)
I/org.umd.logging(18209): Method < 1 com.androidquery.callback.AbstractAjaxCallback.run()
I/org.umd.logging(18209): Method < 757 com.androidquery.util.Common.run()
E/WifiStateMachine(  601): WifiStateMachine CMD_START_SCAN source -2 txSuccessRate=3.59 rxSuccessRate=2.30 targetRoamBSSID=any RSSI=-53
I/DownloadManagerWrapper( 6250): onReceive() : Charging = true
I/DeviceStateChecker( 6469): screenOn: true, isCharging: true
I/DownloadManagerWrapper( 6250): onReceive() : Charging = true
E/WifiStateMachine(  601): WifiStateMachine CMD_START_SCAN source -2 txSuccessRate=4.35 rxSuccessRate=2.21 targetRoamBSSID=any RSSI=-53
I/DownloadManagerWrapper( 6250): onReceive() : Charging = true
I/DownloadManagerWrapper( 6250): onReceive() : Charging = true
E/WifiStateMachine(  601): WifiStateMachine CMD_START_SCAN source -2 txSuccessRate=1.91 rxSuccessRate=0.95 targetRoamBSSID=any RSSI=-53
I/org.umd.logging(18209): Method > 1 com.cnn.mobile.android.phone.service.FeedService.onCreate(com.cnn.mobile.android.phone.service.FeedService@963698936)
I/org.umd.logging(18209): Method < 1 com.cnn.mobile.android.phone.service.FeedService.onCreate()
I/org.umd.logging(18209): Method > 1 com.cnn.mobile.android.phone.service.FeedService.onStartCommand(com.cnn.mobile.android.phone.service.FeedService@963698936, android.content.Intent@393055286<action=null><data=null><package=null><component=com.cnn.mobile.android.phone/.service.FeedService><type=null><filter_hashcode=-1301101658><fetch_type=None><umd_Intent_key=None><android.intent.extra.ALARM_COUNT=None>, 0, 1)
I/org.umd.logging(18209): Method > 1 com.androidquery.callback.AbstractAjaxCallback.execute(com.cnn.mobile.android.phone.service.FeedService$1@35739447)
I/org.umd.logging(18209): Method > 752 com.androidquery.callback.AbstractAjaxCallback.run(com.cnn.mobile.android.phone.service.FeedService$1@35739447)
I/org.umd.logging(18209): Method < 1 com.androidquery.callback.AbstractAjaxCallback.execute()
I/org.umd.logging(18209): Method < 1 com.cnn.mobile.android.phone.service.FeedService.onStartCommand(2)
I/org.umd.logging(18209): Method > 1 com.cnn.mobile.android.phone.service.FeedService.onStartCommand(com.cnn.mobile.android.phone.service.FeedService@963698936, android.content.Intent@1011815588<action=null><data=null><package=null><component=com.cnn.mobile.android.phone/.service.FeedService><type=null><filter_hashcode=-1301101658><fetch_type=None><umd_Intent_key=None><android.intent.extra.ALARM_COUNT=None>, 0, 2)
I/org.umd.logging(18209): Method > 1 com.androidquery.callback.AbstractAjaxCallback.execute(com.cnn.mobile.android.phone.service.FeedService$2@550367757)
I/org.umd.logging(18209): Method > 762 com.androidquery.callback.AbstractAjaxCallback.run(com.cnn.mobile.android.phone.service.FeedService$2@550367757)
I/org.umd.logging(18209): Method < 752 com.androidquery.callback.AbstractAjaxCallback.run()
I/org.umd.logging(18209): Method < 1 com.androidquery.callback.AbstractAjaxCallback.execute()
I/org.umd.logging(18209): Method < 1 com.cnn.mobile.android.phone.service.FeedService.onStartCommand(2)
I/org.umd.logging(18209): Method > 1 com.androidquery.callback.AbstractAjaxCallback.run(com.cnn.mobile.android.phone.service.FeedService$1@35739447)
I/org.umd.logging(18209): Method < 1 com.androidquery.callback.AbstractAjaxCallback.run()
I/org.umd.logging(18209): Method > 1 com.cnn.mobile.android.phone.service.FeedService.onDestroy(com.cnn.mobile.android.phone.service.FeedService@963698936)
I/org.umd.logging(18209): Method < 1 com.cnn.mobile.android.phone.service.FeedService.onDestroy()
I/org.umd.logging(18209): Method < 762 com.androidquery.callback.AbstractAjaxCallback.run()
I/org.umd.logging(18209): Method > 1 com.androidquery.callback.AbstractAjaxCallback.run(com.cnn.mobile.android.phone.service.FeedService$2@550367757)
I/org.umd.logging(18209): Method < 1 com.androidquery.callback.AbstractAjaxCallback.run()
E/WifiStateMachine(  601): WifiStateMachine CMD_START_SCAN source -2 txSuccessRate=1.32 rxSuccessRate=0.66 targetRoamBSSID=any RSSI=-53
E/WifiStateMachine(  601): WifiStateMachine CMD_START_SCAN source -2 txSuccessRate=0.67 rxSuccessRate=0.35 targetRoamBSSID=any RSSI=-53
I/DownloadManagerWrapper( 6250): onReceive() : Charging = true
I/DownloadManagerWrapper( 6250): onReceive() : Charging = true
E/WifiStateMachine(  601): WifiStateMachine CMD_START_SCAN source -2 txSuccessRate=5.14 rxSuccessRate=2.57 targetRoamBSSID=any RSSI=-53
E/WifiStateMachine(  601): WifiStateMachine CMD_START_SCAN source -2 txSuccessRate=2.54 rxSuccessRate=1.27 targetRoamBSSID=any RSSI=-53
I/DownloadManagerWrapper( 6250): onReceive() : Charging = true
E/WifiStateMachine(  601): WifiStateMachine CMD_START_SCAN source -2 txSuccessRate=2.02 rxSuccessRate=1.01 targetRoamBSSID=any RSSI=-53
I/DownloadManagerWrapper( 6250): onReceive() : Charging = true
I/DownloadManagerWrapper( 6250): onReceive() : Charging = true
E/WifiStateMachine(  601): WifiStateMachine CMD_START_SCAN source -2 txSuccessRate=2.28 rxSuccessRate=1.14 targetRoamBSSID=any RSSI=-53
I/org.umd.logging(18209): Method > 1 com.cnn.mobile.android.phone.service.FeedService.onCreate(com.cnn.mobile.android.phone.service.FeedService@981349826)
I/org.umd.logging(18209): Method < 1 com.cnn.mobile.android.phone.service.FeedService.onCreate()
I/org.umd.logging(18209): Method > 1 com.cnn.mobile.android.phone.service.FeedService.onStartCommand(com.cnn.mobile.android.phone.service.FeedService@981349826, android.content.Intent@112908048<action=null><data=null><package=null><component=com.cnn.mobile.android.phone/.service.FeedService><type=null><filter_hashcode=-1301101658><fetch_type=None><umd_Intent_key=None><android.intent.extra.ALARM_COUNT=None>, 0, 1)
I/ConfigHelper(18209): DYNAMIC CONFIG FILE in play (http://www.cnn.com/partners/android/config/3.04/config-phone.json)
I/org.umd.logging(18209): Method > 1 com.androidquery.callback.AbstractAjaxCallback.execute(com.cnn.mobile.android.phone.service.ConfigHelper$1@829727241)
I/org.umd.logging(18209): Method > 761 com.androidquery.callback.AbstractAjaxCallback.run(com.cnn.mobile.android.phone.service.ConfigHelper$1@829727241)
I/org.umd.logging(18209): Method < 1 com.androidquery.callback.AbstractAjaxCallback.execute()
I/org.umd.logging(18209): Method < 1 com.cnn.mobile.android.phone.service.FeedService.onStartCommand(2)
I/org.umd.logging(18209): Method < 761 com.androidquery.callback.AbstractAjaxCallback.run()
I/org.umd.logging(18209): Method > 1 com.cnn.mobile.android.phone.service.FeedService.onStartCommand(com.cnn.mobile.android.phone.service.FeedService@981349826, android.content.Intent@872279054<action=null><data=null><package=null><component=com.cnn.mobile.android.phone/.service.FeedService><type=null><filter_hashcode=-1301101658><fetch_type=None><umd_Intent_key=None><android.intent.extra.ALARM_COUNT=None>, 0, 2)
D/WeatherHelper(18209): weather fetch zip null
I/org.umd.logging(18209): Method < 1 com.cnn.mobile.android.phone.service.FeedService.onStartCommand(2)
I/org.umd.logging(18209): Method > 1 com.androidquery.callback.AbstractAjaxCallback.run(com.cnn.mobile.android.phone.service.ConfigHelper$1@829727241)
I/org.umd.logging(18209): Method > 1 com.androidquery.callback.AbstractAjaxCallback.execute(com.cnn.mobile.android.phone.service.ConfigHelper$2@568194607)
I/org.umd.logging(18209): Method > 756 com.androidquery.callback.AbstractAjaxCallback.run(com.cnn.mobile.android.phone.service.ConfigHelper$2@568194607)
I/org.umd.logging(18209): Method < 1 com.androidquery.callback.AbstractAjaxCallback.execute()
I/org.umd.logging(18209): Method < 1 com.androidquery.callback.AbstractAjaxCallback.run()
I/org.umd.logging(18209): Method < 756 com.androidquery.callback.AbstractAjaxCallback.run()
I/org.umd.logging(18209): Method > 1 com.cnn.mobile.android.phone.service.FeedService.onDestroy(com.cnn.mobile.android.phone.service.FeedService@981349826)
I/org.umd.logging(18209): Method < 1 com.cnn.mobile.android.phone.service.FeedService.onDestroy()
I/org.umd.logging(18209): Method > 1 com.androidquery.callback.AbstractAjaxCallback.run(com.cnn.mobile.android.phone.service.ConfigHelper$2@568194607)
I/org.umd.logging(18209): Method < 1 com.androidquery.callback.AbstractAjaxCallback.run()
E/WifiStateMachine(  601): WifiStateMachine CMD_START_SCAN source -2 txSuccessRate=3.60 rxSuccessRate=2.05 targetRoamBSSID=any RSSI=-53
I/DeviceStateChecker( 6469): screenOn: true, isCharging: true
I/DownloadManagerWrapper( 6250): onReceive() : Charging = true
I/DownloadManagerWrapper( 6250): onReceive() : Charging = true
E/WifiStateMachine(  601): WifiStateMachine CMD_START_SCAN source -2 txSuccessRate=0.56 rxSuccessRate=0.28 targetRoamBSSID=any RSSI=-53
I/DownloadManagerWrapper( 6250): onReceive() : Charging = true
I/art     (  601): Background sticky concurrent mark sweep GC freed 147556(6MB) AllocSpace objects, 2(32KB) LOS objects, 20% free, 26MB/33MB, paused 1.770ms total 146.955ms
E/WifiStateMachine(  601): WifiStateMachine CMD_START_SCAN source -2 txSuccessRate=0.51 rxSuccessRate=0.25 targetRoamBSSID=any RSSI=-53
I/chromium( 6798): [INFO:CONSOLE(0)] "Application Cache Checking event", source: https://googleads.g.doubleclick.net/mads/static/mad/sdk/native/sdk-core-v40-loader.html (0)
I/chromium( 6798): [INFO:CONSOLE(0)] "Application Cache NoUpdate event", source: https://googleads.g.doubleclick.net/mads/static/mad/sdk/native/sdk-core-v40-loader.html (0)
E/WifiStateMachine(  601): WifiStateMachine CMD_START_SCAN source -2 txSuccessRate=4.79 rxSuccessRate=2.58 targetRoamBSSID=any RSSI=-53
I/org.umd.logging(18209): Method > 1 com.cnn.mobile.android.phone.service.FeedService.onCreate(com.cnn.mobile.android.phone.service.FeedService@601773116)
I/org.umd.logging(18209): Method < 1 com.cnn.mobile.android.phone.service.FeedService.onCreate()
I/org.umd.logging(18209): Method > 1 com.cnn.mobile.android.phone.service.FeedService.onStartCommand(com.cnn.mobile.android.phone.service.FeedService@601773116, android.content.Intent@246463258<action=null><data=null><package=null><component=com.cnn.mobile.android.phone/.service.FeedService><type=null><filter_hashcode=-1301101658><fetch_type=None><umd_Intent_key=None><android.intent.extra.ALARM_COUNT=None>, 0, 1)
I/org.umd.logging(18209): Method > 1 com.androidquery.callback.AbstractAjaxCallback.execute(com.cnn.mobile.android.phone.service.FeedService$1@710788683)
I/org.umd.logging(18209): Method > 752 com.androidquery.callback.AbstractAjaxCallback.run(com.cnn.mobile.android.phone.service.FeedService$1@710788683)
I/org.umd.logging(18209): Method > 752 com.androidquery.callback.AbstractAjaxCallback.execute(com.cnn.mobile.android.phone.service.FeedService$1@710788683, org.apache.http.client.methods.HttpGet@89815080, org.apache.http.impl.client.DefaultHttpClient@289507128, org.apache.http.protocol.BasicHttpContext@789678401)
I/org.umd.logging(18209): Api > 752 org.apache.http.impl.client.DefaultHttpClient.execute(org.apache.http.impl.client.DefaultHttpClient@289507128, org.apache.http.client.methods.HttpGet@89815080, org.apache.http.protocol.BasicHttpContext@789678401)
I/org.umd.logging(18209): Method < 1 com.androidquery.callback.AbstractAjaxCallback.execute()
I/org.umd.logging(18209): Method < 1 com.cnn.mobile.android.phone.service.FeedService.onStartCommand(2)
I/org.umd.logging(18209): Method > 1 com.cnn.mobile.android.phone.service.FeedService.onStartCommand(com.cnn.mobile.android.phone.service.FeedService@601773116, android.content.Intent@193949414<action=null><data=null><package=null><component=com.cnn.mobile.android.phone/.service.FeedService><type=null><filter_hashcode=-1301101658><fetch_type=None><umd_Intent_key=None><android.intent.extra.ALARM_COUNT=None>, 0, 2)
I/org.umd.logging(18209): Method > 1 com.androidquery.callback.AbstractAjaxCallback.execute(com.cnn.mobile.android.phone.service.FeedService$2@197164071)
I/org.umd.logging(18209): Method > 762 com.androidquery.callback.AbstractAjaxCallback.run(com.cnn.mobile.android.phone.service.FeedService$2@197164071)
I/org.umd.logging(18209): Method > 762 com.androidquery.callback.AbstractAjaxCallback.execute(com.cnn.mobile.android.phone.service.FeedService$2@197164071, org.apache.http.client.methods.HttpGet@334687956, org.apache.http.impl.client.DefaultHttpClient@289507128, org.apache.http.protocol.BasicHttpContext@254572669)
I/org.umd.logging(18209): Api > 762 org.apache.http.impl.client.DefaultHttpClient.execute(org.apache.http.impl.client.DefaultHttpClient@289507128, org.apache.http.client.methods.HttpGet@334687956, org.apache.http.protocol.BasicHttpContext@254572669)
I/org.umd.logging(18209): Method < 1 com.androidquery.callback.AbstractAjaxCallback.execute()
I/org.umd.logging(18209): Method < 1 com.cnn.mobile.android.phone.service.FeedService.onStartCommand(2)
I/org.umd.logging(18209): Method > 1 com.cnn.mobile.android.phone.service.FeedService.onDestroy(com.cnn.mobile.android.phone.service.FeedService@601773116)
I/org.umd.logging(18209): Method < 1 com.cnn.mobile.android.phone.service.FeedService.onDestroy()
I/org.umd.logging(18209): Api < 762 org.apache.http.impl.client.DefaultHttpClient.execute(org.apache.http.message.BasicHttpResponse@810783602)
I/org.umd.logging(18209): Method < 762 com.androidquery.callback.AbstractAjaxCallback.execute(org.apache.http.message.BasicHttpResponse@810783602)
I/org.umd.logging(18209): Api < 752 org.apache.http.impl.client.DefaultHttpClient.execute(org.apache.http.message.BasicHttpResponse@112112579)
I/org.umd.logging(18209): Method < 752 com.androidquery.callback.AbstractAjaxCallback.execute(org.apache.http.message.BasicHttpResponse@112112579)
I/org.umd.logging(18209): Method > 1 com.androidquery.callback.AbstractAjaxCallback.run(com.cnn.mobile.android.phone.service.FeedService$1@710788683)
I/org.umd.logging(18209): Method > 757 com.androidquery.util.Common.run(com.androidquery.util.Common@519709760)
I/org.umd.logging(18209): Method < 757 com.androidquery.util.Common.run()
I/org.umd.logging(18209): Method < 1 com.androidquery.callback.AbstractAjaxCallback.run()
I/org.umd.logging(18209): Method < 752 com.androidquery.callback.AbstractAjaxCallback.run()
I/org.umd.logging(18209): Method < 762 com.androidquery.callback.AbstractAjaxCallback.run()
I/org.umd.logging(18209): Method > 1 com.androidquery.callback.AbstractAjaxCallback.run(com.cnn.mobile.android.phone.service.FeedService$2@197164071)
I/org.umd.logging(18209): Method > 757 com.androidquery.util.Common.run(com.androidquery.util.Common@822943609)
I/org.umd.logging(18209): Method < 1 com.androidquery.callback.AbstractAjaxCallback.run()
I/org.umd.logging(18209): Method < 757 com.androidquery.util.Common.run()
I/DownloadManagerWrapper( 6250): onReceive() : Charging = true
E/WifiStateMachine(  601): WifiStateMachine CMD_START_SCAN source -2 txSuccessRate=4.95 rxSuccessRate=2.73 targetRoamBSSID=any RSSI=-53
I/DownloadManagerWrapper( 6250): onReceive() : Charging = true
W/ActivityManager(  601): Permission Denial: Accessing service ComponentInfo{com.google.android.music/com.google.android.music.dial.DialMediaRouteProviderService} from pid=28117, uid=10125 that is not exported from uid 10063
W/ContentTaskController( 6577): Invalid task was provided to stopTracking.
W/ContentTaskController( 6577): Invalid newTask was provided to startTracking.
I/PhenotypeFlagCommitter( 6577): Experiment Configs successfully retrieved for com.google.android.gms.playlog.uploader
I/GoogleURLConnFactory( 6577): Using platform SSLCertificateSocketFactory
I/GoogleURLConnFactory( 6577): Using platform SSLCertificateSocketFactory
I/GoogleURLConnFactory( 6577): Using platform SSLCertificateSocketFactory
I/GoogleURLConnFactory( 6577): Using platform SSLCertificateSocketFactory
W/ContentTaskController( 6577): Invalid newTask was provided to startTracking.
E/WifiStateMachine(  601): WifiStateMachine CMD_START_SCAN source -2 txSuccessRate=9.04 rxSuccessRate=5.77 targetRoamBSSID=any RSSI=-53
E/WifiStateMachine(  601): WifiStateMachine CMD_START_SCAN source -2 txSuccessRate=1.13 rxSuccessRate=0.56 targetRoamBSSID=any RSSI=-53
E/WifiStateMachine(  601): WifiStateMachine CMD_START_SCAN source -2 txSuccessRate=5.71 rxSuccessRate=2.82 targetRoamBSSID=any RSSI=-53
E/WifiStateMachine(  601): WifiStateMachine CMD_START_SCAN source -2 txSuccessRate=3.54 rxSuccessRate=1.52 targetRoamBSSID=any RSSI=-53
E/WifiStateMachine(  601): WifiStateMachine CMD_START_SCAN source -2 txSuccessRate=2.78 rxSuccessRate=1.39 targetRoamBSSID=any RSSI=-53
I/DeviceStateChecker( 6469): screenOn: true, isCharging: true
E/WifiStateMachine(  601): WifiStateMachine CMD_START_SCAN source -2 txSuccessRate=1.17 rxSuccessRate=0.58 targetRoamBSSID=any RSSI=-53
E/WifiStateMachine(  601): WifiStateMachine CMD_START_SCAN source -2 txSuccessRate=2.60 rxSuccessRate=1.05 targetRoamBSSID=any RSSI=-53
I/art     ( 6798): Explicit concurrent mark sweep GC freed 53687(2MB) AllocSpace objects, 0(0B) LOS objects, 25% free, 20MB/27MB, paused 946us total 141.767ms
I/org.umd.logging(18209): Method > 1 com.cnn.mobile.android.phone.service.FeedService.onCreate(com.cnn.mobile.android.phone.service.FeedService@851670206)
I/org.umd.logging(18209): Method < 1 com.cnn.mobile.android.phone.service.FeedService.onCreate()
I/org.umd.logging(18209): Method > 1 com.cnn.mobile.android.phone.service.FeedService.onStartCommand(com.cnn.mobile.android.phone.service.FeedService@851670206, android.content.Intent@377308268<action=null><data=null><package=null><component=com.cnn.mobile.android.phone/.service.FeedService><type=null><filter_hashcode=-1301101658><fetch_type=None><umd_Intent_key=None><android.intent.extra.ALARM_COUNT=None>, 0, 1)
I/org.umd.logging(18209): Method > 1 com.androidquery.callback.AbstractAjaxCallback.execute(com.cnn.mobile.android.phone.service.FeedService$1@364329525)
I/org.umd.logging(18209): Method > 761 com.androidquery.callback.AbstractAjaxCallback.run(com.cnn.mobile.android.phone.service.FeedService$1@364329525)
I/org.umd.logging(18209): Method < 1 com.androidquery.callback.AbstractAjaxCallback.execute()
I/org.umd.logging(18209): Method < 1 com.cnn.mobile.android.phone.service.FeedService.onStartCommand(2)
I/org.umd.logging(18209): Method > 1 com.cnn.mobile.android.phone.service.FeedService.onStartCommand(com.cnn.mobile.android.phone.service.FeedService@851670206, android.content.Intent@213786314<action=null><data=null><package=null><component=com.cnn.mobile.android.phone/.service.FeedService><type=null><filter_hashcode=-1301101658><fetch_type=None><umd_Intent_key=None><android.intent.extra.ALARM_COUNT=None>, 0, 2)
I/org.umd.logging(18209): Method > 1 com.androidquery.callback.AbstractAjaxCallback.execute(com.cnn.mobile.android.phone.service.FeedService$2@881907771)
I/org.umd.logging(18209): Method > 756 com.androidquery.callback.AbstractAjaxCallback.run(com.cnn.mobile.android.phone.service.FeedService$2@881907771)
I/org.umd.logging(18209): Method < 1 com.androidquery.callback.AbstractAjaxCallback.execute()
I/org.umd.logging(18209): Method < 1 com.cnn.mobile.android.phone.service.FeedService.onStartCommand(2)
I/org.umd.logging(18209): Method > 1 com.cnn.mobile.android.phone.service.FeedService.onDestroy(com.cnn.mobile.android.phone.service.FeedService@851670206)
I/org.umd.logging(18209): Method < 1 com.cnn.mobile.android.phone.service.FeedService.onDestroy()
I/org.umd.logging(18209): Method < 761 com.androidquery.callback.AbstractAjaxCallback.run()
I/org.umd.logging(18209): Method > 1 com.androidquery.callback.AbstractAjaxCallback.run(com.cnn.mobile.android.phone.service.FeedService$1@364329525)
I/org.umd.logging(18209): Method < 1 com.androidquery.callback.AbstractAjaxCallback.run()
I/org.umd.logging(18209): Method < 756 com.androidquery.callback.AbstractAjaxCallback.run()
I/org.umd.logging(18209): Method > 1 com.androidquery.callback.AbstractAjaxCallback.run(com.cnn.mobile.android.phone.service.FeedService$2@881907771)
I/org.umd.logging(18209): Method < 1 com.androidquery.callback.AbstractAjaxCallback.run()
E/WifiStateMachine(  601): WifiStateMachine CMD_START_SCAN source -2 txSuccessRate=1.24 rxSuccessRate=0.68 targetRoamBSSID=any RSSI=-53
E/WifiStateMachine(  601): WifiStateMachine CMD_START_SCAN source -2 txSuccessRate=0.42 rxSuccessRate=0.21 targetRoamBSSID=any RSSI=-53
E/WifiStateMachine(  601): WifiStateMachine CMD_START_SCAN source -2 txSuccessRate=2.75 rxSuccessRate=1.38 targetRoamBSSID=any RSSI=-53
E/WifiStateMachine(  601): WifiStateMachine CMD_START_SCAN source -2 txSuccessRate=2.76 rxSuccessRate=1.55 targetRoamBSSID=any RSSI=-53
I/org.umd.logging(18209): Method > 1 com.cnn.mobile.android.phone.service.FeedService.onCreate(com.cnn.mobile.android.phone.service.FeedService@1009793880)
I/org.umd.logging(18209): Method < 1 com.cnn.mobile.android.phone.service.FeedService.onCreate()
I/org.umd.logging(18209): Method > 1 com.cnn.mobile.android.phone.service.FeedService.onStartCommand(com.cnn.mobile.android.phone.service.FeedService@1009793880, android.content.Intent@84368790<action=null><data=null><package=null><component=com.cnn.mobile.android.phone/.service.FeedService><type=null><filter_hashcode=-1301101658><fetch_type=None><umd_Intent_key=None><android.intent.extra.ALARM_COUNT=None>, 0, 1)
I/ConfigHelper(18209): DYNAMIC CONFIG FILE in play (http://www.cnn.com/partners/android/config/3.04/config-phone.json)
I/org.umd.logging(18209): Method > 1 com.androidquery.callback.AbstractAjaxCallback.execute(com.cnn.mobile.android.phone.service.ConfigHelper$1@447397143)
I/org.umd.logging(18209): Method > 752 com.androidquery.callback.AbstractAjaxCallback.run(com.cnn.mobile.android.phone.service.ConfigHelper$1@447397143)
I/org.umd.logging(18209): Method < 1 com.androidquery.callback.AbstractAjaxCallback.execute()
I/org.umd.logging(18209): Method < 1 com.cnn.mobile.android.phone.service.FeedService.onStartCommand(2)
I/org.umd.logging(18209): Method > 1 com.cnn.mobile.android.phone.service.FeedService.onStartCommand(com.cnn.mobile.android.phone.service.FeedService@1009793880, android.content.Intent@924431620<action=null><data=null><package=null><component=com.cnn.mobile.android.phone/.service.FeedService><type=null><filter_hashcode=-1301101658><fetch_type=None><umd_Intent_key=None><android.intent.extra.ALARM_COUNT=None>, 0, 2)
I/org.umd.logging(18209): Method > 752 com.androidquery.callback.AbstractAjaxCallback.execute(com.cnn.mobile.android.phone.service.ConfigHelper$1@447397143, org.apache.http.client.methods.HttpGet@271678189, org.apache.http.impl.client.DefaultHttpClient@289507128, org.apache.http.protocol.BasicHttpContext@953400610)
D/WeatherHelper(18209): weather fetch zip null
I/org.umd.logging(18209): Api > 752 org.apache.http.impl.client.DefaultHttpClient.execute(org.apache.http.impl.client.DefaultHttpClient@289507128, org.apache.http.client.methods.HttpGet@271678189, org.apache.http.protocol.BasicHttpContext@953400610)
I/org.umd.logging(18209): Method < 1 com.cnn.mobile.android.phone.service.FeedService.onStartCommand(2)
I/org.umd.logging(18209): Method > 1 com.cnn.mobile.android.phone.service.FeedService.onDestroy(com.cnn.mobile.android.phone.service.FeedService@1009793880)
I/org.umd.logging(18209): Method < 1 com.cnn.mobile.android.phone.service.FeedService.onDestroy()
I/org.umd.logging(18209): Api < 752 org.apache.http.impl.client.DefaultHttpClient.execute(org.apache.http.message.BasicHttpResponse@538186675)
I/org.umd.logging(18209): Method < 752 com.androidquery.callback.AbstractAjaxCallback.execute(org.apache.http.message.BasicHttpResponse@538186675)
I/org.umd.logging(18209): Method < 752 com.androidquery.callback.AbstractAjaxCallback.run()
I/org.umd.logging(18209): Method > 1 com.androidquery.callback.AbstractAjaxCallback.run(com.cnn.mobile.android.phone.service.ConfigHelper$1@447397143)
I/org.umd.logging(18209): Method > 1 com.androidquery.callback.AbstractAjaxCallback.execute(com.cnn.mobile.android.phone.service.ConfigHelper$2@905911664)
I/org.umd.logging(18209): Method > 762 com.androidquery.callback.AbstractAjaxCallback.run(com.cnn.mobile.android.phone.service.ConfigHelper$2@905911664)
I/org.umd.logging(18209): Method > 762 com.androidquery.callback.AbstractAjaxCallback.execute(com.cnn.mobile.android.phone.service.ConfigHelper$2@905911664, org.apache.http.client.methods.HttpGet@758634729, org.apache.http.impl.client.DefaultHttpClient@289507128, org.apache.http.protocol.BasicHttpContext@840206702)
I/org.umd.logging(18209): Api > 762 org.apache.http.impl.client.DefaultHttpClient.execute(org.apache.http.impl.client.DefaultHttpClient@289507128, org.apache.http.client.methods.HttpGet@758634729, org.apache.http.protocol.BasicHttpContext@840206702)
I/org.umd.logging(18209): Method < 1 com.androidquery.callback.AbstractAjaxCallback.execute()
I/org.umd.logging(18209): Method < 1 com.androidquery.callback.AbstractAjaxCallback.run()
I/org.umd.logging(18209): Method > 757 com.androidquery.util.Common.run(com.androidquery.util.Common@210804892)
I/org.umd.logging(18209): Method < 757 com.androidquery.util.Common.run()
I/DownloadManagerWrapper( 6250): onReceive() : Charging = true
I/DownloadManagerWrapper( 6250): onReceive() : Charging = true
I/org.umd.logging(18209): Api < 762 org.apache.http.impl.client.DefaultHttpClient.execute(org.apache.http.message.BasicHttpResponse@1059855013)
I/org.umd.logging(18209): Method < 762 com.androidquery.callback.AbstractAjaxCallback.execute(org.apache.http.message.BasicHttpResponse@1059855013)
I/org.umd.logging(18209): Method > 1 com.androidquery.callback.AbstractAjaxCallback.run(com.cnn.mobile.android.phone.service.ConfigHelper$2@905911664)
I/org.umd.logging(18209): Method > 757 com.androidquery.util.Common.run(com.androidquery.util.Common@377736826)
I/org.umd.logging(18209): Method < 757 com.androidquery.util.Common.run()
I/org.umd.logging(18209): Method < 1 com.androidquery.callback.AbstractAjaxCallback.run()
I/org.umd.logging(18209): Method < 762 com.androidquery.callback.AbstractAjaxCallback.run()
E/WifiStateMachine(  601): WifiStateMachine CMD_START_SCAN source -2 txSuccessRate=4.52 rxSuccessRate=3.45 targetRoamBSSID=any RSSI=-53
I/DownloadManagerWrapper( 6250): onReceive() : Charging = true
E/WifiStateMachine(  601): WifiStateMachine CMD_START_SCAN source -2 txSuccessRate=5.66 rxSuccessRate=2.71 targetRoamBSSID=any RSSI=-52
E/WifiStateMachine(  601): WifiStateMachine CMD_START_SCAN source -2 txSuccessRate=4.09 rxSuccessRate=2.04 targetRoamBSSID=any RSSI=-53
I/DeviceStateChecker( 6469): screenOn: true, isCharging: true
E/WifiStateMachine(  601): WifiStateMachine CMD_START_SCAN source -2 txSuccessRate=3.79 rxSuccessRate=1.90 targetRoamBSSID=any RSSI=-53
E/WifiStateMachine(  601): WifiStateMachine CMD_START_SCAN source -2 txSuccessRate=2.34 rxSuccessRate=1.20 targetRoamBSSID=any RSSI=-53
E/WifiStateMachine(  601): WifiStateMachine CMD_START_SCAN source -2 txSuccessRate=4.69 rxSuccessRate=2.60 targetRoamBSSID=any RSSI=-53
I/DownloadManagerWrapper( 6250): onReceive() : Charging = true
E/WifiStateMachine(  601): WifiStateMachine CMD_START_SCAN source -2 txSuccessRate=1.11 rxSuccessRate=0.56 targetRoamBSSID=any RSSI=-53
I/DownloadManagerWrapper( 6250): onReceive() : Charging = true
E/WifiStateMachine(  601): WifiStateMachine CMD_START_SCAN source -2 txSuccessRate=1.20 rxSuccessRate=0.85 targetRoamBSSID=any RSSI=-53
I/DownloadManagerWrapper( 6250): onReceive() : Charging = true
I/DownloadManagerWrapper( 6250): onReceive() : Charging = true
E/WifiStateMachine(  601): WifiStateMachine CMD_START_SCAN source -2 txSuccessRate=0.60 rxSuccessRate=0.33 targetRoamBSSID=any RSSI=-53
E/WifiStateMachine(  601): WifiStateMachine CMD_START_SCAN source -2 txSuccessRate=2.38 rxSuccessRate=1.20 targetRoamBSSID=any RSSI=-53
E/WifiStateMachine(  601): WifiStateMachine CMD_START_SCAN source -2 txSuccessRate=1.79 rxSuccessRate=0.89 targetRoamBSSID=any RSSI=-53
E/WifiStateMachine(  601): WifiStateMachine CMD_START_SCAN source -2 txSuccessRate=1.26 rxSuccessRate=0.63 targetRoamBSSID=any RSSI=-53
I/org.umd.logging(18209): Method > 1 com.cnn.mobile.android.phone.service.FeedService.onCreate(com.cnn.mobile.android.phone.service.FeedService@727991851)
I/org.umd.logging(18209): Method < 1 com.cnn.mobile.android.phone.service.FeedService.onCreate()
I/org.umd.logging(18209): Method > 1 com.cnn.mobile.android.phone.service.FeedService.onStartCommand(com.cnn.mobile.android.phone.service.FeedService@727991851, android.content.Intent@795393057<action=null><data=null><package=null><component=com.cnn.mobile.android.phone/.service.FeedService><type=null><filter_hashcode=-1301101658><fetch_type=None><umd_Intent_key=None><android.intent.extra.ALARM_COUNT=None>, 0, 1)
I/org.umd.logging(18209): Method > 1 com.androidquery.callback.AbstractAjaxCallback.execute(com.cnn.mobile.android.phone.service.FeedService$1@997218374)
I/org.umd.logging(18209): Method > 761 com.androidquery.callback.AbstractAjaxCallback.run(com.cnn.mobile.android.phone.service.FeedService$1@997218374)
I/org.umd.logging(18209): Method > 761 com.androidquery.callback.AbstractAjaxCallback.execute(com.cnn.mobile.android.phone.service.FeedService$1@997218374, org.apache.http.client.methods.HttpGet@366942727, org.apache.http.impl.client.DefaultHttpClient@289507128, org.apache.http.protocol.BasicHttpContext@844523316)
I/org.umd.logging(18209): Api > 761 org.apache.http.impl.client.DefaultHttpClient.execute(org.apache.http.impl.client.DefaultHttpClient@289507128, org.apache.http.client.methods.HttpGet@366942727, org.apache.http.protocol.BasicHttpContext@844523316)
I/org.umd.logging(18209): Method < 1 com.androidquery.callback.AbstractAjaxCallback.execute()
I/org.umd.logging(18209): Method < 1 com.cnn.mobile.android.phone.service.FeedService.onStartCommand(2)
I/org.umd.logging(18209): Method > 1 com.cnn.mobile.android.phone.service.FeedService.onStartCommand(com.cnn.mobile.android.phone.service.FeedService@727991851, android.content.Intent@141818205<action=null><data=null><package=null><component=com.cnn.mobile.android.phone/.service.FeedService><type=null><filter_hashcode=-1301101658><fetch_type=None><umd_Intent_key=None><android.intent.extra.ALARM_COUNT=None>, 0, 2)
I/org.umd.logging(18209): Method > 1 com.androidquery.callback.AbstractAjaxCallback.execute(com.cnn.mobile.android.phone.service.FeedService$2@709472978)
I/org.umd.logging(18209): Method > 756 com.androidquery.callback.AbstractAjaxCallback.run(com.cnn.mobile.android.phone.service.FeedService$2@709472978)
I/org.umd.logging(18209): Method > 756 com.androidquery.callback.AbstractAjaxCallback.execute(com.cnn.mobile.android.phone.service.FeedService$2@709472978, org.apache.http.client.methods.HttpGet@373903267, org.apache.http.impl.client.DefaultHttpClient@289507128, org.apache.http.protocol.BasicHttpContext@244105888)
I/org.umd.logging(18209): Api > 756 org.apache.http.impl.client.DefaultHttpClient.execute(org.apache.http.impl.client.DefaultHttpClient@289507128, org.apache.http.client.methods.HttpGet@373903267, org.apache.http.protocol.BasicHttpContext@244105888)
I/org.umd.logging(18209): Method < 1 com.androidquery.callback.AbstractAjaxCallback.execute()
I/org.umd.logging(18209): Method < 1 com.cnn.mobile.android.phone.service.FeedService.onStartCommand(2)
I/org.umd.logging(18209): Method > 1 com.cnn.mobile.android.phone.service.FeedService.onDestroy(com.cnn.mobile.android.phone.service.FeedService@727991851)
I/org.umd.logging(18209): Method < 1 com.cnn.mobile.android.phone.service.FeedService.onDestroy()
I/org.umd.logging(18209): Api < 756 org.apache.http.impl.client.DefaultHttpClient.execute(org.apache.http.message.BasicHttpResponse@1023135321)
I/org.umd.logging(18209): Method < 756 com.androidquery.callback.AbstractAjaxCallback.execute(org.apache.http.message.BasicHttpResponse@1023135321)
I/org.umd.logging(18209): Api < 761 org.apache.http.impl.client.DefaultHttpClient.execute(org.apache.http.message.BasicHttpResponse@569125406)
I/org.umd.logging(18209): Method < 761 com.androidquery.callback.AbstractAjaxCallback.execute(org.apache.http.message.BasicHttpResponse@569125406)
I/EventLogChimeraService( 6798): Aggregate from 1480674717572 (log), 1480674717572 (data)
I/org.umd.logging(18209): Method >