I/org.umd.logging(18209): Method > 1 com.androidquery.callback.AbstractAjaxCallback.execute(com.cnn.mobile.android.phone.service.ConfigHelper$1@93802715)
I/org.umd.logging(18209): Method > 756 com.androidquery.callback.AbstractAjaxCallback.run(com.cnn.mobile.android.phone.service.ConfigHelper$1@93802715)
I/org.umd.logging(18209): Method > 756 com.androidquery.callback.AbstractAjaxCallback.execute(com.cnn.mobile.android.phone.service.ConfigHelper$1@93802715, org.apache.http.client.methods.HttpGet@544364408, org.apache.http.impl.client.DefaultHttpClient@289507128, org.apache.http.protocol.BasicHttpContext@103153233)
I/org.umd.logging(18209): Api > 756 org.apache.http.impl.client.DefaultHttpClient.execute(org.apache.http.impl.client.DefaultHttpClient@289507128, org.apache.http.client.methods.HttpGet@544364408, org.apache.http.protocol.BasicHttpContext@103153233)
I/org.umd.logging(18209): Method < 1 com.androidquery.callback.AbstractAjaxCallback.execute()
I/org.umd.logging(18209): Method < 1 com.cnn.mobile.android.phone.service.FeedService.onStartCommand(2)
I/org.umd.logging(18209): Method > 1 com.cnn.mobile.android.phone.service.FeedService.onStartCommand(com.cnn.mobile.android.phone.service.FeedService@90168972, android.content.Intent@894445238<action=null><data=null><package=null><component=com.cnn.mobile.android.phone/.service.FeedService><type=null><filter_hashcode=-1301101658><fetch_type=None><umd_Intent_key=None><android.intent.extra.ALARM_COUNT=None>, 0, 2)
D/WeatherHelper(18209): weather fetch zip null
I/org.umd.logging(18209): Method < 1 com.cnn.mobile.android.phone.service.FeedService.onStartCommand(2)
I/org.umd.logging(18209): Method > 1 com.cnn.mobile.android.phone.service.FeedService.onDestroy(com.cnn.mobile.android.phone.service.FeedService@90168972)
I/org.umd.logging(18209): Method < 1 com.cnn.mobile.android.phone.service.FeedService.onDestroy()
I/org.umd.logging(18209): Api < 756 org.apache.http.impl.client.DefaultHttpClient.execute(org.apache.http.message.BasicHttpResponse@95428535)
I/org.umd.logging(18209): Method < 756 com.androidquery.callback.AbstractAjaxCallback.execute(org.apache.http.message.BasicHttpResponse@95428535)
I/org.umd.logging(18209): Method < 756 com.androidquery.callback.AbstractAjaxCallback.run()
I/org.umd.logging(18209): Method > 1 com.androidquery.callback.AbstractAjaxCallback.run(com.cnn.mobile.android.phone.service.ConfigHelper$1@93802715)
I/org.umd.logging(18209): Method > 1 com.androidquery.callback.AbstractAjaxCallback.execute(com.cnn.mobile.android.phone.service.ConfigHelper$2@338785060)
I/org.umd.logging(18209): Method > 762 com.androidquery.callback.AbstractAjaxCallback.run(com.cnn.mobile.android.phone.service.ConfigHelper$2@338785060)
I/org.umd.logging(18209): Method < 1 com.androidquery.callback.AbstractAjaxCallback.execute()
I/org.umd.logging(18209): Method > 762 com.androidquery.callback.AbstractAjaxCallback.execute(com.cnn.mobile.android.phone.service.ConfigHelper$2@338785060, org.apache.http.client.methods.HttpGet@469446285, org.apache.http.impl.client.DefaultHttpClient@289507128, org.apache.http.protocol.BasicHttpContext@3143746)
I/org.umd.logging(18209): Api > 762 org.apache.http.impl.client.DefaultHttpClient.execute(org.apache.http.impl.client.DefaultHttpClient@289507128, org.apache.http.client.methods.HttpGet@469446285, org.apache.http.protocol.BasicHttpContext@3143746)
I/org.umd.logging(18209): Method > 757 com.androidquery.util.Common.run(com.androidquery.util.Common@547659152)
I/org.umd.logging(18209): Method < 757 com.androidquery.util.Common.run()
I/org.umd.logging(18209): Method < 1 com.androidquery.callback.AbstractAjaxCallback.run()
I/org.umd.logging(18209): Api < 762 org.apache.http.impl.client.DefaultHttpClient.execute(org.apache.http.message.BasicHttpResponse@997795465)
I/org.umd.logging(18209): Method < 762 com.androidquery.callback.AbstractAjaxCallback.execute(org.apache.http.message.BasicHttpResponse@997795465)
I/org.umd.logging(18209): Method < 762 com.androidquery.callback.AbstractAjaxCallback.run()
I/org.umd.logging(18209): Method > 1 com.androidquery.callback.AbstractAjaxCallback.run(com.cnn.mobile.android.phone.service.ConfigHelper$2@338785060)
I/org.umd.logging(18209): Method < 1 com.androidquery.callback.AbstractAjaxCallback.run()
I/org.umd.logging(18209): Method > 757 com.androidquery.util.Common.run(com.androidquery.util.Common@323573390)
I/org.umd.logging(18209): Method < 757 com.androidquery.util.Common.run()
I/DownloadManagerWrapper( 6250): onReceive() : Charging = true
I/DownloadManagerWrapper( 6250): onReceive() : Charging = true
I/DownloadManagerWrapper( 6250): onReceive() : Charging = true
E/WifiStateMachine(  601): WifiStateMachine CMD_START_SCAN source -2 txSuccessRate=1.32 rxSuccessRate=0.74 targetRoamBSSID=any RSSI=-53
E/WifiStateMachine(  601): WifiStateMachine CMD_START_SCAN source -2 txSuccessRate=0.68 rxSuccessRate=0.34 targetRoamBSSID=any RSSI=-53
I/DeviceStateChecker( 6469): screenOn: true, isCharging: true
E/WifiStateMachine(  601): WifiStateMachine CMD_START_SCAN source -2 txSuccessRate=0.41 rxSuccessRate=0.21 targetRoamBSSID=any RSSI=-53
I/art     (  601): Background sticky concurrent mark sweep GC freed 243650(10MB) AllocSpace objects, 4(158KB) LOS objects, 23% free, 25MB/33MB, paused 1.709ms total 185.655ms
E/WifiStateMachine(  601): WifiStateMachine CMD_START_SCAN source -2 txSuccessRate=2.33 rxSuccessRate=1.17 targetRoamBSSID=any RSSI=-53
E/WifiStateMachine(  601): WifiStateMachine CMD_START_SCAN source -2 txSuccessRate=1.66 rxSuccessRate=0.83 targetRoamBSSID=any RSSI=-53
E/WifiStateMachine(  601): WifiStateMachine CMD_START_SCAN source -2 txSuccessRate=1.01 rxSuccessRate=0.51 targetRoamBSSID=any RSSI=-53
I/DownloadManagerWrapper( 6250): onReceive() : Charging = true
I/DownloadManagerWrapper( 6250): onReceive() : Charging = true
E/WifiStateMachine(  601): WifiStateMachine CMD_START_SCAN source -2 txSuccessRate=2.17 rxSuccessRate=1.09 targetRoamBSSID=any RSSI=-53
E/WifiStateMachine(  601): WifiStateMachine CMD_START_SCAN source -2 txSuccessRate=4.70 rxSuccessRate=2.41 targetRoamBSSID=any RSSI=-53
E/WifiStateMachine(  601): WifiStateMachine CMD_START_SCAN source -2 txSuccessRate=3.54 rxSuccessRate=1.77 targetRoamBSSID=any RSSI=-53
E/WifiStateMachine(  601): WifiStateMachine CMD_START_SCAN source -2 txSuccessRate=0.46 rxSuccessRate=0.31 targetRoamBSSID=any RSSI=-53
E/WifiStateMachine(  601): WifiStateMachine CMD_START_SCAN source -2 txSuccessRate=4.63 rxSuccessRate=2.81 targetRoamBSSID=any RSSI=-53
I/org.umd.logging(18209): Method > 1 com.cnn.mobile.android.phone.service.FeedService.onCreate(com.cnn.mobile.android.phone.service.FeedService@242044591)
I/org.umd.logging(18209): Method < 1 com.cnn.mobile.android.phone.service.FeedService.onCreate()
I/org.umd.logging(18209): Method > 1 com.cnn.mobile.android.phone.service.FeedService.onStartCommand(com.cnn.mobile.android.phone.service.FeedService@242044591, android.content.Intent@683975237<action=null><data=null><package=null><component=com.cnn.mobile.android.phone/.service.FeedService><type=null><filter_hashcode=-1301101658><fetch_type=None><umd_Intent_key=None><android.intent.extra.ALARM_COUNT=None>, 0, 1)
I/org.umd.logging(18209): Method > 1 com.androidquery.callback.AbstractAjaxCallback.execute(com.cnn.mobile.android.phone.service.FeedService$1@193482138)
I/org.umd.logging(18209): Method < 1 com.androidquery.callback.AbstractAjaxCallback.execute()
I/org.umd.logging(18209): Method < 1 com.cnn.mobile.android.phone.service.FeedService.onStartCommand(2)
I/org.umd.logging(18209): Method > 1 com.cnn.mobile.android.phone.service.FeedService.onStartCommand(com.cnn.mobile.android.phone.service.FeedService@242044591, android.content.Intent@264906443<action=null><data=null><package=null><component=com.cnn.mobile.android.phone/.service.FeedService><type=null><filter_hashcode=-1301101658><fetch_type=None><umd_Intent_key=None><android.intent.extra.ALARM_COUNT=None>, 0, 2)
I/org.umd.logging(18209): Method > 1 com.androidquery.callback.AbstractAjaxCallback.execute(com.cnn.mobile.android.phone.service.FeedService$2@484871848)
I/org.umd.logging(18209): Method < 1 com.androidquery.callback.AbstractAjaxCallback.execute()
I/org.umd.logging(18209): Method < 1 com.cnn.mobile.android.phone.service.FeedService.onStartCommand(2)
I/org.umd.logging(18209): Method > 761 com.androidquery.callback.AbstractAjaxCallback.run(com.cnn.mobile.android.phone.service.FeedService$2@484871848)
I/org.umd.logging(18209): Method > 761 com.androidquery.callback.AbstractAjaxCallback.execute(com.cnn.mobile.android.phone.service.FeedService$2@484871848, org.apache.http.client.methods.HttpGet@194125249, org.apache.http.impl.client.DefaultHttpClient@289507128, org.apache.http.protocol.BasicHttpContext@915253606)
I/org.umd.logging(18209): Api > 761 org.apache.http.impl.client.DefaultHttpClient.execute(org.apache.http.impl.client.DefaultHttpClient@289507128, org.apache.http.client.methods.HttpGet@194125249, org.apache.http.protocol.BasicHttpContext@915253606)
I/org.umd.logging(18209): Method > 752 com.androidquery.callback.AbstractAjaxCallback.run(com.cnn.mobile.android.phone.service.FeedService$1@193482138)
I/org.umd.logging(18209): Method > 752 com.androidquery.callback.AbstractAjaxCallback.execute(com.cnn.mobile.android.phone.service.FeedService$1@193482138, org.apache.http.client.methods.HttpGet@248669351, org.apache.http.impl.client.DefaultHttpClient@289507128, org.apache.http.protocol.BasicHttpContext@711585108)
I/org.umd.logging(18209): Api > 752 org.apache.http.impl.client.DefaultHttpClient.execute(org.apache.http.impl.client.DefaultHttpClient@289507128, org.apache.http.client.methods.HttpGet@248669351, org.apache.http.protocol.BasicHttpContext@711585108)
I/org.umd.logging(18209): Method > 1 com.cnn.mobile.android.phone.service.FeedService.onDestroy(com.cnn.mobile.android.phone.service.FeedService@242044591)
I/org.umd.logging(18209): Method < 1 com.cnn.mobile.android.phone.service.FeedService.onDestroy()
I/org.umd.logging(18209): Api < 752 org.apache.http.impl.client.DefaultHttpClient.execute(org.apache.http.message.BasicHttpResponse@945935613)
I/org.umd.logging(18209): Method < 752 com.androidquery.callback.AbstractAjaxCallback.execute(org.apache.http.message.BasicHttpResponse@945935613)
I/org.umd.logging(18209): Api < 761 org.apache.http.impl.client.DefaultHttpClient.execute(org.apache.http.message.BasicHttpResponse@154858994)
I/org.umd.logging(18209): Method < 761 com.androidquery.callback.AbstractAjaxCallback.execute(org.apache.http.message.BasicHttpResponse@154858994)
I/org.umd.logging(18209): Method > 1 com.androidquery.callback.AbstractAjaxCallback.run(com.cnn.mobile.android.phone.service.FeedService$1@193482138)
I/org.umd.logging(18209): Method < 1 com.androidquery.callback.AbstractAjaxCallback.run()
I/org.umd.logging(18209): Method < 752 com.androidquery.callback.AbstractAjaxCallback.run()
I/org.umd.logging(18209): Method > 757 com.androidquery.util.Common.run(com.androidquery.util.Common@272016451)
I/org.umd.logging(18209): Method < 757 com.androidquery.util.Common.run()
I/EventLogChimeraService( 6798): Aggregate from 1480672917316 (log), 1480672917316 (data)
I/org.umd.logging(18209): Method < 761 com.androidquery.callback.AbstractAjaxCallback.run()
I/org.umd.logging(18209): Method > 1 com.androidquery.callback.AbstractAjaxCallback.run(com.cnn.mobile.android.phone.service.FeedService$2@484871848)
I/org.umd.logging(18209): Method < 1 com.androidquery.callback.AbstractAjaxCallback.run()
I/org.umd.logging(18209): Method > 757 com.androidquery.util.Common.run(com.androidquery.util.Common@472025792)
I/org.umd.logging(18209): Method < 757 com.androidquery.util.Common.run()
I/art     ( 6798): Explicit concurrent mark sweep GC freed 32084(1880KB) AllocSpace objects, 8(128KB) LOS objects, 25% free, 20MB/26MB, paused 1.007ms total 106.790ms
I/DownloadManagerWrapper( 6250): onReceive() : Charging = true
I/DeviceStateChecker( 6469): screenOn: true, isCharging: true
E/WifiStateMachine(  601): WifiStateMachine CMD_START_SCAN source -2 txSuccessRate=1.74 rxSuccessRate=0.94 targetRoamBSSID=any RSSI=-53
I/DownloadManagerWrapper( 6250): onReceive() : Charging = true
I/DownloadManagerWrapper( 6250): onReceive() : Charging = true
I/DownloadManagerWrapper( 6250): onReceive() : Charging = true
E/WifiStateMachine(  601): WifiStateMachine CMD_START_SCAN source -2 txSuccessRate=0.78 rxSuccessRate=0.39 targetRoamBSSID=any RSSI=-53
E/WifiStateMachine(  601): WifiStateMachine CMD_START_SCAN source -2 txSuccessRate=4.94 rxSuccessRate=2.72 targetRoamBSSID=any RSSI=-53
I/org.umd.logging(18209): Method > 1 com.cnn.mobile.android.phone.service.FeedService.onCreate(com.cnn.mobile.android.phone.service.FeedService@293323769)
I/org.umd.logging(18209): Method < 1 com.cnn.mobile.android.phone.service.FeedService.onCreate()
I/org.umd.logging(18209): Method > 1 com.cnn.mobile.android.phone.service.FeedService.onStartCommand(com.cnn.mobile.android.phone.service.FeedService@293323769, android.content.Intent@689258911<action=null><data=null><package=null><component=com.cnn.mobile.android.phone/.service.FeedService><type=null><filter_hashcode=-1301101658><fetch_type=None><umd_Intent_key=None><android.intent.extra.ALARM_COUNT=None>, 0, 1)
I/ConfigHelper(18209): DYNAMIC CONFIG FILE in play (http://www.cnn.com/partners/android/config/3.04/config-phone.json)
I/org.umd.logging(18209): Method > 1 com.androidquery.callback.AbstractAjaxCallback.execute(com.cnn.mobile.android.phone.service.ConfigHelper$1@403018476)
I/org.umd.logging(18209): Method < 1 com.androidquery.callback.AbstractAjaxCallback.execute()
I/org.umd.logging(18209): Method < 1 com.cnn.mobile.android.phone.service.FeedService.onStartCommand(2)
I/org.umd.logging(18209): Method > 756 com.androidquery.callback.AbstractAjaxCallback.run(com.cnn.mobile.android.phone.service.ConfigHelper$1@403018476)
I/org.umd.logging(18209): Method < 756 com.androidquery.callback.AbstractAjaxCallback.run()
I/org.umd.logging(18209): Method > 1 com.cnn.mobile.android.phone.service.FeedService.onStartCommand(com.cnn.mobile.android.phone.service.FeedService@293323769, android.content.Intent@1001105077<action=null><data=null><package=null><component=com.cnn.mobile.android.phone/.service.FeedService><type=null><filter_hashcode=-1301101658><fetch_type=None><umd_Intent_key=None><android.intent.extra.ALARM_COUNT=None>, 0, 2)
D/WeatherHelper(18209): weather fetch zip null
I/org.umd.logging(18209): Method < 1 com.cnn.mobile.android.phone.service.FeedService.onStartCommand(2)
I/org.umd.logging(18209): Method > 1 com.cnn.mobile.android.phone.service.FeedService.onStartCommand(com.cnn.mobile.android.phone.service.FeedService@293323769, android.content.Intent@434065738<action=null><data=null><package=null><component=com.cnn.mobile.android.phone/.service.FeedService><type=null><filter_hashcode=-1301101658><fetch_type=None><umd_Intent_key=None><android.intent.extra.ALARM_COUNT=None>, 0, 3)
I/org.umd.logging(18209): Method > 1 com.androidquery.callback.AbstractAjaxCallback.execute(com.cnn.mobile.android.phone.service.FeedService$1@940988603)
I/org.umd.logging(18209): Method > 762 com.androidquery.callback.AbstractAjaxCallback.run(com.cnn.mobile.android.phone.service.FeedService$1@940988603)
I/org.umd.logging(18209): Method < 1 com.androidquery.callback.AbstractAjaxCallback.execute()
I/org.umd.logging(18209): Method < 1 com.cnn.mobile.android.phone.service.FeedService.onStartCommand(2)
I/org.umd.logging(18209): Method > 1 com.cnn.mobile.android.phone.service.FeedService.onStartCommand(com.cnn.mobile.android.phone.service.FeedService@293323769, android.content.Intent@204403160<action=null><data=null><package=null><component=com.cnn.mobile.android.phone/.service.FeedService><type=null><filter_hashcode=-1301101658><fetch_type=None><umd_Intent_key=None><android.intent.extra.ALARM_COUNT=None>, 0, 4)
I/org.umd.logging(18209): Method > 1 com.androidquery.callback.AbstractAjaxCallback.execute(com.cnn.mobile.android.phone.service.FeedService$2@582809905)
I/org.umd.logging(18209): Method > 752 com.androidquery.callback.AbstractAjaxCallback.run(com.cnn.mobile.android.phone.service.FeedService$2@582809905)
I/org.umd.logging(18209): Method < 1 com.androidquery.callback.AbstractAjaxCallback.execute()
I/org.umd.logging(18209): Method < 1 com.cnn.mobile.android.phone.service.FeedService.onStartCommand(2)
I/org.umd.logging(18209): Method < 762 com.androidquery.callback.AbstractAjaxCallback.run()
I/org.umd.logging(18209): Method > 1 com.androidquery.callback.AbstractAjaxCallback.run(com.cnn.mobile.android.phone.service.ConfigHelper$1@403018476)
I/org.umd.logging(18209): Method > 1 com.androidquery.callback.AbstractAjaxCallback.execute(com.cnn.mobile.android.phone.service.ConfigHelper$2@189347862)
I/org.umd.logging(18209): Method > 761 com.androidquery.callback.AbstractAjaxCallback.run(com.cnn.mobile.android.phone.service.ConfigHelper$2@189347862)
I/org.umd.logging(18209): Method < 761 com.androidquery.callback.AbstractAjaxCallback.run()
I/org.umd.logging(18209): Method < 1 com.androidquery.callback.AbstractAjaxCallback.execute()
I/org.umd.logging(18209): Method < 1 com.androidquery.callback.AbstractAjaxCallback.run()
I/org.umd.logging(18209): Method > 1 com.cnn.mobile.android.phone.service.FeedService.onDestroy(com.cnn.mobile.android.phone.service.FeedService@293323769)
I/org.umd.logging(18209): Method < 1 com.cnn.mobile.android.phone.service.FeedService.onDestroy()
I/org.umd.logging(18209): Method < 752 com.androidquery.callback.AbstractAjaxCallback.run()
I/org.umd.logging(18209): Method > 1 com.androidquery.callback.AbstractAjaxCallback.run(com.cnn.mobile.android.phone.service.FeedService$1@940988603)
I/org.umd.logging(18209): Method < 1 com.androidquery.callback.AbstractAjaxCallback.run()
I/org.umd.logging(18209): Method > 1 com.androidquery.callback.AbstractAjaxCallback.run(com.cnn.mobile.android.phone.service.ConfigHelper$2@189347862)
I/org.umd.logging(18209): Method < 1 com.androidquery.callback.AbstractAjaxCallback.run()
I/org.umd.logging(18209): Method > 1 com.androidquery.callback.AbstractAjaxCallback.run(com.cnn.mobile.android.phone.service.FeedService$2@582809905)
I/org.umd.logging(18209): Method < 1 com.androidquery.callback.AbstractAjaxCallback.run()
E/WifiStateMachine(  601): WifiStateMachine CMD_START_SCAN source -2 txSuccessRate=3.27 rxSuccessRate=1.64 targetRoamBSSID=any RSSI=-53
E/WifiStateMachine(  601): WifiStateMachine CMD_START_SCAN source -2 txSuccessRate=2.07 rxSuccessRate=1.06 targetRoamBSSID=any RSSI=-53
I/DownloadManagerWrapper( 6250): onReceive() : Charging = true
I/ProcessStatsService(  601): Prepared write state in 18ms
E/WifiStateMachine(  601): WifiStateMachine CMD_START_SCAN source -2 txSuccessRate=1.58 rxSuccessRate=0.82 targetRoamBSSID=any RSSI=-53
I/DownloadManagerWrapper( 6250): onReceive() : Charging = true
E/WifiStateMachine(  601): WifiStateMachine CMD_START_SCAN source -2 txSuccessRate=7.17 rxSuccessRate=3.59 targetRoamBSSID=any RSSI=-53
I/DownloadManagerWrapper( 6250): onReceive() : Charging = true
I/DownloadManagerWrapper( 6250): onReceive() : Charging = true
E/WifiStateMachine(  601): WifiStateMachine CMD_START_SCAN source -2 txSuccessRate=3.06 rxSuccessRate=1.53 targetRoamBSSID=any RSSI=-53
E/WifiStateMachine(  601): WifiStateMachine CMD_START_SCAN source -2 txSuccessRate=1.54 rxSuccessRate=0.77 targetRoamBSSID=any RSSI=-53
I/DownloadManagerWrapper( 6250): onReceive() : Charging = true
I/DeviceStateChecker( 6469): screenOn: true, isCharging: true
E/WifiStateMachine(  601): WifiStateMachine CMD_START_SCAN source -2 txSuccessRate=0.46 rxSuccessRate=0.29 targetRoamBSSID=any RSSI=-53
I/DownloadManagerWrapper( 6250): onReceive() : Charging = true
E/WifiStateMachine(  601): WifiStateMachine CMD_START_SCAN source -2 txSuccessRate=2.16 rxSuccessRate=1.08 targetRoamBSSID=any RSSI=-53
I/DownloadManagerWrapper( 6250): onReceive() : Charging = true
E/WifiStateMachine(  601): WifiStateMachine CMD_START_SCAN source -2 txSuccessRate=1.28 rxSuccessRate=0.64 targetRoamBSSID=any RSSI=-53
I/DownloadManagerWrapper( 6250): onReceive() : Charging = true
I/DownloadManagerWrapper( 6250): onReceive() : Charging = true
E/WifiStateMachine(  601): WifiStateMachine CMD_START_SCAN source -2 txSuccessRate=0.64 rxSuccessRate=0.35 targetRoamBSSID=any RSSI=-53
I/DownloadManagerWrapper( 6250): onReceive() : Charging = true
I/DownloadManagerWrapper( 6250): onReceive() : Charging = true
E/WifiStateMachine(  601): WifiStateMachine CMD_START_SCAN source -2 txSuccessRate=4.50 rxSuccessRate=2.25 targetRoamBSSID=any RSSI=-53
E/WifiStateMachine(  601): WifiStateMachine CMD_START_SCAN source -2 txSuccessRate=3.07 rxSuccessRate=1.54 targetRoamBSSID=any RSSI=-53
E/WifiStateMachine(  601): WifiStateMachine CMD_START_SCAN source -2 txSuccessRate=1.90 rxSuccessRate=1.01 targetRoamBSSID=any RSSI=-53
E/WifiStateMachine(  601): WifiStateMachine CMD_START_SCAN source -2 txSuccessRate=4.64 rxSuccessRate=2.32 targetRoamBSSID=any RSSI=-53
I/wpa_supplicant( 6122): wlan0: WPA: Group rekeying completed with b4:e9:b0:e5:06:df [GTK=TKIP]
E/WifiStateMachine(  601): WifiStateMachine CMD_START_SCAN source -2 txSuccessRate=6.12 rxSuccessRate=3.07 targetRoamBSSID=any RSSI=-53
I/org.umd.logging(18209): Method > 1 com.cnn.mobile.android.phone.service.FeedService.onCreate(com.cnn.mobile.android.phone.service.FeedService@340247959)
I/org.umd.logging(18209): Method < 1 com.cnn.mobile.android.phone.service.FeedService.onCreate()
I/org.umd.logging(18209): Method > 1 com.cnn.mobile.android.phone.service.FeedService.onStartCommand(com.cnn.mobile.android.phone.service.FeedService@340247959, android.content.Intent@162985837<action=null><data=null><package=null><component=com.cnn.mobile.android.phone/.service.FeedService><type=null><filter_hashcode=-1301101658><fetch_type=None><umd_Intent_key=None><android.intent.extra.ALARM_COUNT=None>, 0, 1)
I/org.umd.logging(18209): Method > 1 com.androidquery.callback.AbstractAjaxCallback.execute(com.cnn.mobile.android.phone.service.FeedService$1@764985250)
I/org.umd.logging(18209): Method < 1 com.androidquery.callback.AbstractAjaxCallback.execute()
I/org.umd.logging(18209): Method < 1 com.cnn.mobile.android.phone.service.FeedService.onStartCommand(2)
I/org.umd.logging(18209): Method > 1 com.cnn.mobile.android.phone.service.FeedService.onStartCommand(com.cnn.mobile.android.phone.service.FeedService@340247959, android.content.Intent@230237235<action=null><data=null><package=null><component=com.cnn.mobile.android.phone/.service.FeedService><type=null><filter_hashcode=-1301101658><fetch_type=None><umd_Intent_key=None><android.intent.extra.ALARM_COUNT=None>, 0, 2)
I/org.umd.logging(18209): Method > 1 com.androidquery.callback.AbstractAjaxCallback.execute(com.cnn.mobile.android.phone.service.FeedService$2@860759024)
I/org.umd.logging(18209): Method < 1 com.androidquery.callback.AbstractAjaxCallback.execute()
I/org.umd.logging(18209): Method < 1 com.cnn.mobile.android.phone.service.FeedService.onStartCommand(2)
I/org.umd.logging(18209): Method > 1 com.cnn.mobile.android.phone.service.FeedService.onStartCommand(com.cnn.mobile.android.phone.service.FeedService@340247959, android.content.Intent@584621417<action=null><data=null><package=null><component=com.cnn.mobile.android.phone/.service.FeedService><type=null><filter_hashcode=-1301101658><fetch_type=None><umd_Intent_key=None><android.intent.extra.ALARM_COUNT=None>, 0, 3)
I/ConfigHelper(18209): DYNAMIC CONFIG FILE in play (http://www.cnn.com/partners/android/config/3.04/config-phone.json)
I/org.umd.logging(18209): Method > 756 com.androidquery.callback.AbstractAjaxCallback.run(com.cnn.mobile.android.phone.service.FeedService$1@764985250)
I/org.umd.logging(18209): Method > 756 com.androidquery.callback.AbstractAjaxCallback.execute(com.cnn.mobile.android.phone.service.FeedService$1@764985250, org.apache.http.client.methods.HttpGet@1046950894, org.apache.http.impl.client.DefaultHttpClient@289507128, org.apache.http.protocol.BasicHttpContext@467128463)
I/org.umd.logging(18209): Api > 756 org.apache.http.impl.client.DefaultHttpClient.execute(org.apache.http.impl.client.DefaultHttpClient@289507128, org.apache.http.client.methods.HttpGet@1046950894, org.apache.http.protocol.BasicHttpContext@467128463)
I/org.umd.logging(18209): Method > 762 com.androidquery.callback.AbstractAjaxCallback.run(com.cnn.mobile.android.phone.service.FeedService$2@860759024)
I/org.umd.logging(18209): Method > 762 com.androidquery.callback.AbstractAjaxCallback.execute(com.cnn.mobile.android.phone.service.FeedService$2@860759024, org.apache.http.client.methods.HttpGet@973704988, org.apache.http.impl.client.DefaultHttpClient@289507128, org.apache.http.protocol.BasicHttpContext@726968101)
I/org.umd.logging(18209): Api > 762 org.apache.http.impl.client.DefaultHttpClient.execute(org.apache.http.impl.client.DefaultHttpClient@289507128, org.apache.http.client.methods.HttpGet@973704988, org.apache.http.protocol.BasicHttpContext@726968101)
I/org.umd.logging(18209): Method > 1 com.androidquery.callback.AbstractAjaxCallback.execute(com.cnn.mobile.android.phone.service.ConfigHelper$1@697737466)
I/org.umd.logging(18209): Method > 761 com.androidquery.callback.AbstractAjaxCallback.run(com.cnn.mobile.android.phone.service.ConfigHelper$1@697737466)
I/org.umd.logging(18209): Method > 761 com.androidquery.callback.AbstractAjaxCallback.execute(com.cnn.mobile.android.phone.service.ConfigHelper$1@697737466, org.apache.http.client.methods.HttpGet@361424555, org.apache.http.impl.client.DefaultHttpClient@289507128, org.apache.http.protocol.BasicHttpContext@296648968)
I/org.umd.logging(18209): Api > 761 org.apache.http.impl.client.DefaultHttpClient.execute(org.apache.http.impl.client.DefaultHttpClient@289507128, org.apache.http.client.methods.HttpGet@361424555, org.apache.http.protocol.BasicHttpContext@296648968)
I/org.umd.logging(18209): Method < 1 com.androidquery.callback.AbstractAjaxCallback.execute()
I/org.umd.logging(18209): Method < 1 com.cnn.mobile.android.phone.service.FeedService.onStartCommand(2)
I/org.umd.logging(18209): Method > 1 com.cnn.mobile.android.phone.service.FeedService.onStartCommand(com.cnn.mobile.android.phone.service.FeedService@340247959, android.content.Intent@114135201<action=null><data=null><package=null><component=com.cnn.mobile.android.phone/.service.FeedService><type=null><filter_hashcode=-1301101658><fetch_type=None><umd_Intent_key=None><android.intent.extra.ALARM_COUNT=None>, 0, 4)
D/WeatherHelper(18209): weather fetch zip null
I/org.umd.logging(18209): Method < 1 com.cnn.mobile.android.phone.service.FeedService.onStartCommand(2)
I/org.umd.logging(18209): Api < 756 org.apache.http.impl.client.DefaultHttpClient.execute(org.apache.http.message.BasicHttpResponse@85840582)
I/org.umd.logging(18209): Method < 756 com.androidquery.callback.AbstractAjaxCallback.execute(org.apache.http.message.BasicHttpResponse@85840582)
I/org.umd.logging(18209): Api < 762 org.apache.http.impl.client.DefaultHttpClient.execute(org.apache.http.message.BasicHttpResponse@252658311)
I/org.umd.logging(18209): Method < 762 com.androidquery.callback.AbstractAjaxCallback.execute(org.apache.http.message.BasicHttpResponse@252658311)
I/org.umd.logging(18209): Method > 1 com.cnn.mobile.android.phone.service.FeedService.onDestroy(com.cnn.mobile.android.phone.service.FeedService@340247959)
I/org.umd.logging(18209): Method < 1 com.cnn.mobile.android.phone.service.FeedService.onDestroy()
I/org.umd.logging(18209): Method < 756 com.androidquery.callback.AbstractAjaxCallback.run()
I/org.umd.logging(18209): Method > 1 com.androidquery.callback.AbstractAjaxCallback.run(com.cnn.mobile.android.phone.service.FeedService$1@764985250)
I/org.umd.logging(18209): Method > 757 com.androidquery.util.Common.run(com.androidquery.util.Common@187606452)
I/org.umd.logging(18209): Method < 757 com.androidquery.util.Common.run()
I/org.umd.logging(18209): Method < 1 com.androidquery.callback.AbstractAjaxCallback.run()
I/org.umd.logging(18209): Method < 762 com.androidquery.callback.AbstractAjaxCallback.run()
I/org.umd.logging(18209): Method > 1 com.androidquery.callback.AbstractAjaxCallback.run(com.cnn.mobile.android.phone.service.FeedService$2@860759024)
I/org.umd.logging(18209): Method > 757 com.androidquery.util.Common.run(com.androidquery.util.Common@378639837)
I/org.umd.logging(18209): Method < 1 com.androidquery.callback.AbstractAjaxCallback.run()
I/org.umd.logging(18209): Method < 757 com.androidquery.util.Common.run()
I/org.umd.logging(18209): Api < 761 org.apache.http.impl.client.DefaultHttpClient.execute(org.apache.http.message.BasicHttpResponse@1033131346)
I/org.umd.logging(18209): Method < 761 com.androidquery.callback.AbstractAjaxCallback.execute(org.apache.http.message.BasicHttpResponse@1033131346)
I/org.umd.logging(18209): Method < 761 com.androidquery.callback.AbstractAjaxCallback.run()
I/org.umd.logging(18209): Method > 1 com.androidquery.callback.AbstractAjaxCallback.run(com.cnn.mobile.android.phone.service.ConfigHelper$1@697737466)
I/org.umd.logging(18209): Method > 1 com.androidquery.callback.AbstractAjaxCallback.execute(com.cnn.mobile.android.phone.service.ConfigHelper$2@965967907)
I/org.umd.logging(18209): Method > 752 com.androidquery.callback.AbstractAjaxCallback.run(com.cnn.mobile.android.phone.service.ConfigHelper$2@965967907)
I/org.umd.logging(18209): Method > 752 com.androidquery.callback.AbstractAjaxCallback.execute(com.cnn.mobile.android.phone.service.ConfigHelper$2@965967907, org.apache.http.client.methods.HttpGet@854223136, org.apache.http.impl.client.DefaultHttpClient@289507128, org.apache.http.protocol.BasicHttpContext@144093913)
I/org.umd.logging(18209): Method < 1 com.androidquery.callback.AbstractAjaxCallback.execute()
I/org.umd.logging(18209): Api > 752 org.apache.http.impl.client.DefaultHttpClient.execute(org.apache.http.impl.client.DefaultHttpClient@289507128, org.apache.http.client.methods.HttpGet@854223136, org.apache.http.protocol.BasicHttpContext@144093913)
I/org.umd.logging(18209): Method > 757 com.androidquery.util.Common.run(com.androidquery.util.Common@1065251998)
I/org.umd.logging(18209): Method < 757 com.androidquery.util.Common.run()
I/org.umd.logging(18209): Method < 1 com.androidquery.callback.AbstractAjaxCallback.run()
I/org.umd.logging(18209): Api < 752 org.apache.http.impl.client.DefaultHttpClient.execute(org.apache.http.message.BasicHttpResponse@954005324)
I/org.umd.logging(18209): Method < 752 com.androidquery.callback.AbstractAjaxCallback.execute(org.apache.http.message.BasicHttpResponse@954005324)
I/org.umd.logging(18209): Method > 1 com.androidquery.callback.AbstractAjaxCallback.run(com.cnn.mobile.android.phone.service.ConfigHelper$2@965967907)
I/org.umd.logging(18209): Method > 757 com.androidquery.util.Common.run(com.androidquery.util.Common@439788437)
I/org.umd.logging(18209): Method < 757 com.androidquery.util.Common.run()
I/org.umd.logging(18209): Method < 1 com.androidquery.callback.AbstractAjaxCallback.run()
I/org.umd.logging(18209): Method < 752 com.androidquery.callback.AbstractAjaxCallback.run()
I/DeviceStateChecker( 6469): screenOn: true, isCharging: true
E/WifiStateMachine(  601): WifiStateMachine CMD_START_SCAN source -2 txSuccessRate=3.59 rxSuccessRate=1.59 targetRoamBSSID=any RSSI=-53
E/WifiStateMachine(  601): WifiStateMachine CMD_START_SCAN source -2 txSuccessRate=0.87 rxSuccessRate=0.31 targetRoamBSSID=any RSSI=-53
E/WifiStateMachine(  601): WifiStateMachine CMD_START_SCAN source -2 txSuccessRate=4.26 rxSuccessRate=2.14 targetRoamBSSID=any RSSI=-53
I/org.umd.logging(18209): Method > 1 com.cnn.mobile.android.phone.service.FeedService.onCreate(com.cnn.mobile.android.phone.service.FeedService@693714090)
I/org.umd.logging(18209): Method < 1 com.cnn.mobile.android.phone.service.FeedService.onCreate()
I/org.umd.logging(18209): Method > 1 com.cnn.mobile.android.phone.service.FeedService.onStartCommand(com.cnn.mobile.android.phone.service.FeedService@693714090, android.content.Intent@797457464<action=null><data=null><package=null><component=com.cnn.mobile.android.phone/.service.FeedService><type=null><filter_hashcode=-1301101658><fetch_type=None><umd_Intent_key=None><android.intent.extra.ALARM_COUNT=None>, 0, 1)
I/org.umd.logging(18209): Method > 1 com.androidquery.callback.AbstractAjaxCallback.execute(com.cnn.mobile.android.phone.service.FeedService$1@178971665)
I/org.umd.logging(18209): Method > 756 com.androidquery.callback.AbstractAjaxCallback.run(com.cnn.mobile.android.phone.service.FeedService$1@178971665)
I/org.umd.logging(18209): Method < 1 com.androidquery.callback.AbstractAjaxCallback.execute()
I/org.umd.logging(18209): Method < 1 com.cnn.mobile.android.phone.service.FeedService.onStartCommand(2)
I/org.umd.logging(18209): Method > 1 com.cnn.mobile.android.phone.service.FeedService.onStartCommand(com.cnn.mobile.android.phone.service.FeedService@693714090, android.content.Intent@308705654<action=null><data=null><package=null><component=com.cnn.mobile.android.phone/.service.FeedService><type=null><filter_hashcode=-1301101658><fetch_type=None><umd_Intent_key=None><android.intent.extra.ALARM_COUNT=None>, 0, 2)
I/org.umd.logging(18209): Method > 1 com.androidquery.callback.AbstractAjaxCallback.execute(com.cnn.mobile.android.phone.service.FeedService$2@904387447)
I/org.umd.logging(18209): Method > 762 com.androidquery.callback.AbstractAjaxCallback.run(com.cnn.mobile.android.phone.service.FeedService$2@904387447)
I/org.umd.logging(18209): Method < 1 com.androidquery.callback.AbstractAjaxCallback.execute()
I/org.umd.logging(18209): Method < 1 com.cnn.mobile.android.phone.service.FeedService.onStartCommand(2)
I/org.umd.logging(18209): Method > 1 com.cnn.mobile.android.phone.service.FeedService.onDestroy(com.cnn.mobile.android.phone.service.FeedService@693714090)
I/org.umd.logging(18209): Method < 1 com.cnn.mobile.android.phone.service.FeedService.onDestroy()
I/org.umd.logging(18209): Method < 756 com.androidquery.callback.AbstractAjaxCallback.run()
I/org.umd.logging(18209): Method > 1 com.androidquery.callback.AbstractAjaxCallback.run(com.cnn.mobile.android.phone.service.FeedService$1@178971665)
I/org.umd.logging(18209): Method < 1 com.androidquery.callback.AbstractAjaxCallback.run()
I/org.umd.logging(18209): Method < 762 com.androidquery.callback.AbstractAjaxCallback.run()
I/org.umd.logging(18209): Method > 1 com.androidquery.callback.AbstractAjaxCallback.run(com.cnn.mobile.android.phone.service.FeedService$2@904387447)
I/org.umd.logging(18209): Method < 1 com.androidquery.callback.AbstractAjaxCallback.run()
I/DownloadManagerWrapper( 6250): onReceive() : Charging = true
E/WifiStateMachine(  601): WifiStateMachine CMD_START_SCAN source -2 txSuccessRate=2.17 rxSuccessRate=1.08 targetRoamBSSID=any RSSI=-53
I/DownloadManagerWrapper( 6250): onReceive() : Charging = true
I/DownloadManagerWrapper( 6250): onReceive() : Charging = true
I/DownloadManagerWrapper( 6250): onReceive() : Charging = true
E/WifiStateMachine(  601): WifiStateMachine CMD_START_SCAN source -2 txSuccessRate=1.41 rxSuccessRate=0.70 targetRoamBSSID=any RSSI=-53
E/WifiStateMachine(  601): WifiStateMachine CMD_START_SCAN source -2 txSuccessRate=0.76 rxSuccessRate=0.38 targetRoamBSSID=any RSSI=-53
E/WifiStateMachine(  601): WifiStateMachine CMD_START_SCAN source -2 txSuccessRate=2.69 rxSuccessRate=1.35 targetRoamBSSID=any RSSI=-53
I/DownloadManagerWrapper( 6250): onReceive() : Charging = true
I/DownloadManagerWrapper( 6250): onReceive() : Charging = true
E/WifiStateMachine(  601): WifiStateMachine CMD_START_SCAN source -2 txSuccessRate=3.29 rxSuccessRate=1.65 targetRoamBSSID=any RSSI=-53
E/WifiStateMachine(  601): WifiStateMachine CMD_START_SCAN source -2 txSuccessRate=2.53 rxSuccessRate=1.26 targetRoamBSSID=any RSSI=-53
I/DeviceStateChecker( 6469): screenOn: true, isCharging: true
E/WifiStateMachine(  601): WifiStateMachine CMD_START_SCAN source -2 txSuccessRate=6.64 rxSuccessRate=3.32 targetRoamBSSID=any RSSI=-53
E/WifiStateMachine(  601): WifiStateMachine CMD_START_SCAN source -2 txSuccessRate=2.23 rxSuccessRate=1.18 targetRoamBSSID=any RSSI=-53
E/WifiStateMachine(  601): WifiStateMachine CMD_START_SCAN source -2 txSuccessRate=0.69 rxSuccessRate=0.35 targetRoamBSSID=any RSSI=-53
I/art     (  601): Background sticky concurrent mark sweep GC freed 161452(7MB) AllocSpace objects, 3(51KB) LOS objects, 21% free, 26MB/33MB, paused 1.739ms total 105.936ms
E/WifiStateMachine(  601): WifiStateMachine CMD_START_SCAN source -2 txSuccessRate=0.64 rxSuccessRate=0.32 targetRoamBSSID=any RSSI=-53
E/WifiStateMachine(  601): WifiStateMachine CMD_START_SCAN source -2 txSuccessRate=4.30 rxSuccessRate=2.16 targetRoamBSSID=any RSSI=-53
E/WifiStateMachine(  601): WifiStateMachine CMD_START_SCAN source -2 txSuccessRate=1.22 rxSuccessRate=0.61 targetRoamBSSID=any RSSI=-53
I/DownloadManagerWrapper( 6250): onReceive() : Charging = true
I/org.umd.logging(18209): Method > 1 com.cnn.mobile.android.phone.service.FeedService.onCreate(com.cnn.mobile.android.phone.service.FeedService@228647908)
I/org.umd.logging(18209): Method < 1 com.cnn.mobile.android.phone.service.FeedService.onCreate()
I/org.umd.logging(18209): Method > 1 com.cnn.mobile.android.phone.service.FeedService.onStartCommand(com.cnn.mobile.android.phone.service.FeedService@228647908, android.content.Intent@842577666<action=null><data=null><package=null><component=com.cnn.mobile.android.phone/.service.FeedService><type=null><filter_hashcode=-1301101658><fetch_type=None><umd_Intent_key=None><android.intent.extra.ALARM_COUNT=None>, 0, 1)
I/org.umd.logging(18209): Method > 1 com.androidquery.callback.AbstractAjaxCallback.execute(com.cnn.mobile.android.phone.service.FeedService$1@930396179)
I/org.umd.logging(18209): Method < 1 com.androidquery.callback.AbstractAjaxCallback.execute()
I/org.umd.logging(18209): Method > 761 com.androidquery.callback.AbstractAjaxCallback.run(com.cnn.mobile.android.phone.service.FeedService$1@930396179)
I/org.umd.logging(18209): Method > 761 com.androidquery.callback.AbstractAjaxCallback.execute(com.cnn.mobile.android.phone.service.FeedService$1@930396179, org.apache.http.client.methods.HttpGet@511334992, org.apache.http.impl.client.DefaultHttpClient@289507128, org.apache.http.protocol.BasicHttpContext@729613385)
I/org.umd.logging(18209): Api > 761 org.apache.http.impl.client.DefaultHttpClient.execute(org.apache.http.impl.client.DefaultHttpClient@289507128, org.apache.http.client.methods.HttpGet@511334992, org.apache.http.protocol.BasicHttpContext@729613385)
I/org.umd.logging(18209): Method < 1 com.cnn.mobile.android.phone.service.FeedService.onStartCommand(2)
I/org.umd.logging(18209): Method > 1 com.cnn.mobile.android.phone.service.FeedService.onStartCommand(com.cnn.mobile.android.phone.service.FeedService@228647908, android.content.Intent@889143630<action=null><data=null><package=null><component=com.cnn.mobile.android.phone/.service.FeedService><type=null><filter_hashcode=-1301101658><fetch_type=None><umd_Intent_key=None><android.intent.extra.ALARM_COUNT=None>, 0, 2)
I/org.umd.logging(18209): Method > 1 com.androidquery.callback.AbstractAjaxCallback.execute(com.cnn.mobile.android.phone.service.FeedService$2@652788335)
I/org.umd.logging(18209): Method > 752 com.androidquery.callback.AbstractAjaxCallback.run(com.cnn.mobile.android.phone.service.FeedService$2@652788335)
I/org.umd.logging(18209): Method > 752 com.androidquery.callback.AbstractAjaxCallback.execute(com.cnn.mobile.android.phone.service.FeedService$2@652788335, org.apache.http.client.methods.HttpGet@221432700, org.apache.http.impl.client.DefaultHttpClient@289507128, org.apache.http.protocol.BasicHttpContext@914922501)
I/org.umd.logging(18209): Api > 752 org.apache.http.impl.client.DefaultHttpClient.execute(org.apache.http.impl.client.DefaultHttpClient@289507128, org.apache.http.client.methods.HttpGet@221432700, org.apache.http.protocol.BasicHttpContext@914922501)
I/org.umd.logging(18209): Method < 1 com.androidquery.callback.AbstractAjaxCallback.execute()
I/org.umd.logging(18209): Method < 1 com.cnn.mobile.android.phone.service.FeedService.onStartCommand(2)
I/org.umd.logging(18209): Method > 1 com.cnn.mobile.android.phone.service.FeedService.onStartCommand(com.cnn.mobile.android.phone.service.FeedService@228647908, android.content.Intent@143795290<action=null><data=null><package=null><component=com.cnn.mobile.android.phone/.service.FeedService><type=null><filter_hashcode=-1301101658><fetch_type=None><umd_Intent_key=None><android.intent.extra.ALARM_COUNT=None>, 0, 3)
I/ConfigHelper(18209): DYNAMIC CONFIG FILE in play (http://www.cnn.com/partners/android/config/3.04/config-phone.json)
I/org.umd.logging(18209): Method > 1 com.androidquery.callback.AbstractAjaxCallback.execute(com.cnn.mobile.android.phone.service.ConfigHelper$1@619255435)
I/org.umd.logging(18209): Method > 756 com.androidquery.callback.AbstractAjaxCallback.run(com.cnn.mobile.android.phone.service.ConfigHelper$1@619255435)
I/org.umd.logging(18209): Method > 756 com.androidquery.callback.AbstractAjaxCallback.execute(com.cnn.mobile.android.phone.service.ConfigHelper$1@619255435, org.apache.http.client.methods.HttpGet@916398952, org.apache.http.impl.client.DefaultHttpClient@289507128, org.apache.http.protocol.BasicHttpContext@150729601)
I/org.umd.logging(18209): Api > 756 org.apache.http.impl.client.DefaultHttpClient.execute(org.apache.http.impl.client.DefaultHttpClient@289507128, org.apache.http.client.methods.HttpGet@916398952, org.apache.http.protocol.BasicHttpContext@150729601)
I/org.umd.logging(18209): Method < 1 com.androidquery.callback.AbstractAjaxCallback.execute()
I/org.umd.logging(18209): Method < 1 com.cnn.mobile.android.phone.service.FeedService.onStartCommand(2)
I/org.umd.logging(18209): Method > 1 com.cnn.mobile.android.phone.service.FeedService.onStartCommand(com.cnn.mobile.android.phone.service.FeedService@228647908, android.content.Intent@775826470<action=null><data=null><package=null><component=com.cnn.mobile.android.phone/.service.FeedService><type=null><filter_hashcode=-1301101658><fetch_type=None><umd_Intent_key=None><android.intent.extra.ALARM_COUNT=None>, 0, 4)
D/WeatherHelper(18209): weather fetch zip null
I/org.umd.logging(18209): Method < 1 com.cnn.mobile.android.phone.service.FeedService.onStartCommand(2)
I/org.umd.logging(18209): Api < 752 org.apache.http.impl.client.DefaultHttpClient.execute(org.apache.http.message.BasicHttpResponse@760254567)
I/org.umd.logging(18209): Method < 752 com.androidquery.callback.AbstractAjaxCallback.execute(org.apache.http.message.BasicHttpResponse@760254567)
I/org.umd.logging(18209): Api < 761 org.apache.http.impl.client.DefaultHttpClient.execute(org.apache.http.message.BasicHttpResponse@771165716)
I/org.umd.logging(18209): Method < 761 com.androidquery.callback.AbstractAjaxCallback.execute(org.apache.http.message.BasicHttpResponse@771165716)
I/org.umd.logging(18209): Api < 756 org.apache.http.impl.client.DefaultHttpClient.execute(org.apache.http.message.BasicHttpResponse@267601597)
I/org.umd.logging(18209): Method < 756 com.androidquery.callback.AbstractAjaxCallback.execute(org.apache.http.message.BasicHttpResponse@267601597)
I/org.umd.logging(18209): Method > 1 com.cnn.mobile.android.phone.service.FeedService.onDestroy(com.cnn.mobile.android.phone.service.FeedService@228647908)
I/org.umd.logging(18209): Method < 761 com.androidquery.callback.AbstractAjaxCallback.run()
I/org.umd.logging(18209): Method < 1 com.cnn.mobile.android.phone.service.FeedService.onDestroy()
I/org.umd.logging(18209): Method > 1 com.androidquery.callback.AbstractAjaxCallback.run(com.cnn.mobile.android.phone.service.FeedService$1@930396179)
I/org.umd.logging(18209): Method > 757 com.androidquery.util.Common.run(com.androidquery.util.Common@491840690)
I/org.umd.logging(18209): Method < 757 com.androidquery.util.Common.run()
I/org.umd.logging(18209): Method < 1 com.androidquery.callback.AbstractAjaxCallback.run()
I/org.umd.logging(18209): Method < 756 com.androidquery.callback.AbstractAjaxCallback.run()
I/org.umd.logging(18209): Method > 1 com.androidquery.callback.AbstractAjaxCallback.run(com.cnn.mobile.android.phone.service.ConfigHelper$1@619255435)
I/org.umd.logging(18209): Method > 1 com.androidquery.callback.AbstractAjaxCallback.execute(com.cnn.mobile.android.phone.service.ConfigHelper$2@885771267)
I/org.umd.logging(18209): Method > 762 com.androidquery.callback.AbstractAjaxCallback.run(com.cnn.mobile.android.phone.service.ConfigHelper$2@885771267)
I/org.umd.logging(18209): Method > 762 com.androidquery.callback.AbstractAjaxCallback.execute(com.cnn.mobile.android.phone.service.ConfigHelper$2@885771267, org.apache.http.client.methods.HttpGet@541128576, org.apache.http.impl.client.DefaultHttpClient@289507128, org.apache.http.protocol.BasicHttpContext@873632185)
I/org.umd.logging(18209): Api > 762 org.apache.http.impl.client.DefaultHttpClient.execute(org.apache.http.impl.client.DefaultHttpClient@289507128, org.apache.http.client.methods.HttpGet@541128576, org.apache.http.protocol.BasicHttpContext@873632185)
I/org.umd.logging(18209): Method < 1 com.androidquery.callback.AbstractAjaxCallback.execute()
I/org.umd.logging(18209): Method < 752 com.androidquery.callback.AbstractAjaxCallback.run()
I/org.umd.logging(18209): Method < 1 com.androidquery.callback.AbstractAjaxCallback.run()
I/org.umd.logging(18209): Method > 757 com.androidquery.util.Common.run(com.androidquery.util.Common@70591839)
I/org.umd.logging(18209): Method > 1 com.androidquery.callback.AbstractAjaxCallback.run(com.cnn.mobile.android.phone.service.FeedService$2@652788335)
I/org.umd.logging(18209): Method < 757 com.androidquery.util.Common.run()
I/org.umd.logging(18209): Method < 1 com.androidquery.callback.AbstractAjaxCallback.run()
I/org.umd.logging(18209): Method > 757 com.androidquery.util.Common.run(com.androidquery.util.Common@41814956)
I/org.umd.logging(18209): Method < 757 com.androidquery.util.Common.run()
I/org.umd.logging(18209): Api < 762 org.apache.http.impl.client.DefaultHttpClient.execute(org.apache.http.message.BasicHttpResponse@708939893)
I/org.umd.logging(18209): Method < 762 com.androidquery.callback.AbstractAjaxCallback.execute(org.apache.http.message.BasicHttpResponse@708939893)
I/org.umd.logging(18209): Method < 762 com.androidquery.callback.AbstractAjaxCallback.run()
I/org.umd.logging(18209): Method > 1 com.androidquery.callback.AbstractAjaxCallback.run(com.cnn.mobile.android.phone.service.ConfigHelper$2@885771267)
I/org.umd.logging(18209): Method < 1 com.androidquery.callback.AbstractAjaxCallback.run()
I/org.umd.logging(18209): Method > 757 com.androidquery.util.Common.run(com.androidquery.util.Common@661411850)
I/org.umd.logging(18209): Method < 757 com.androidquery.util.Common.run()
I/DownloadManagerWrapper( 6250): onReceive() : Charging = true
E/WifiStateMachine(  601): WifiStateMachine CMD_START_SCAN source -2 txSuccessRate=2.36 rxSuccessRate=1.70 targetRoamBSSID=any RSSI=-53
E/WifiStateMachine(  601): WifiStateMachine CMD_START_SCAN source -2 txSuccessRate=0.86 rxSuccessRate=0.44 targetRoamBSSID=any RSSI=-53
E/WifiStateMachine(  601): WifiStateMachine CMD_START_SCAN source -2 txSuccessRate=2.82 rxSuccessRate=1.41 targetRoamBSSID=any RSSI=-53
I/DeviceStateChecker( 6469): screenOn: true, isCharging: true
E/WifiStateMachine(  601): WifiStateMachine CMD_START_SCAN source -2 txSuccessRate=3.17 rxSuccessRate=1.65 targetRoamBSSID=any RSSI=-53
I/DownloadManagerWrapper( 6250): onReceive() : Charging = true
E/WifiStateMachine(  601): WifiStateMachine CMD_START_SCAN source -2 txSuccessRate=2.81 rxSuccessRate=1.42 targetRoamBSSID=any RSSI=-53
I/DownloadManagerWrapper( 6250): onReceive() : Charging = true
I/DownloadManagerWrapper( 6250): onReceive() : Charging = true
E/WifiStateMachine(  601): WifiStateMachine CMD_START_SCAN source -2 txSuccessRate=0.23 rxSuccessRate=0.12 targetRoamBSSID=any RSSI=-53
I/org.umd.logging(18209): Method > 1 com.cnn.mobile.android.phone.service.FeedService.onCreate(com.cnn.mobile.android.phone.service.FeedService@766556283)
I/org.umd.logging(18209): Method < 1 com.cnn.mobile.android.phone.service.FeedService.onCreate()
I/org.umd.logging(18209): Method > 1 com.cnn.mobile.android.phone.service.FeedService.onStartCommand(com.cnn.mobile.android.phone.service.FeedService@766556283, android.content.Intent@338149105<action=null><data=null><package=null><component=com.cnn.mobile.android.phone/.service.FeedService><type=null><filter_hashcode=-1301101658><fetch_type=None><umd_Intent_key=None><android.intent.extra.ALARM_COUNT=None>, 0, 1)
I/org.umd.logging(18209): Method > 1 com.androidquery.callback.AbstractAjaxCallback.execute(com.cnn.mobile.android.phone.service.FeedService$1@276818646)
I/org.umd.logging(18209): Method > 761 com.androidquery.callback.AbstractAjaxCallback.run(com.cnn.mobile.android.phone.service.FeedService$1@276818646)
I/org.umd.logging(18209): Method < 1 com.androidquery.callback.AbstractAjaxCallback.execute()
I/org.umd.logging(18209): Method < 1 com.cnn.mobile.android.phone.service.FeedService.onStartCommand(2)
I/org.umd.logging(18209): Method > 1 com.cnn.mobile.android.phone.service.FeedService.onStartCommand(com.cnn.mobile.android.phone.service.FeedService@766556283, android.content.Intent@931684695<action=null><data=null><package=null><component=com.cnn.mobile.android.phone/.service.FeedService><type=null><filter_hashcode=-1301101658><fetch_type=None><umd_Intent_key=None><android.intent.extra.ALARM_COUNT=None>, 0, 2)
I/org.umd.logging(18209): Method > 1 com.androidquery.callback.AbstractAjaxCallback.execute(com.cnn.mobile.android.phone.service.FeedService$2@319038532)
I/org.umd.logging(18209): Method > 756 com.androidquery.callback.AbstractAjaxCallback.run(com.cnn.mobile.android.phone.service.FeedService$2@319038532)
I/org.umd.logging(18209): Method < 1 com.androidquery.callback.AbstractAjaxCallback.execute()
I/org.umd.logging(18209): Method < 1 com.cnn.mobile.android.phone.service.FeedService.onStartCommand(2)
