I/org.umd.logging(14221): Method < 1 com.androbaby.game2048.r.onTouch(true)
W/ResourceType(14221): No known package when getting name for resource number 0xffffffff
I/org.umd.logging(14221): Method > 1 com.androbaby.game2048.r.onTouch(com.androbaby.game2048.r@62776327, com.androbaby.game2048.ac@844682077<file=><x=0><y=0><width=768><height=1084><id=-1>, android.view.MotionEvent@323967697)
I/org.umd.logging(14221): Method < 1 com.androbaby.game2048.r.onTouch(true)
W/ResourceType(14221): No known package when getting name for resource number 0xffffffff
I/org.umd.logging(14221): Method > 1 com.androbaby.game2048.r.onTouch(com.androbaby.game2048.r@62776327, com.androbaby.game2048.ac@844682077<file=><x=0><y=0><width=768><height=1084><id=-1>, android.view.MotionEvent@323967697)
I/org.umd.logging(14221): Method < 1 com.androbaby.game2048.r.onTouch(true)
W/ResourceType(14221): No known package when getting name for resource number 0xffffffff
I/org.umd.logging(14221): Method > 1 com.androbaby.game2048.r.onTouch(com.androbaby.game2048.r@62776327, com.androbaby.game2048.ac@844682077<file=><x=0><y=0><width=768><height=1084><id=-1>, android.view.MotionEvent@323967697)
I/org.umd.logging(14221): Method < 1 com.androbaby.game2048.r.onTouch(true)
W/ResourceType(14221): No known package when getting name for resource number 0xffffffff
I/org.umd.logging(14221): Method > 1 com.androbaby.game2048.r.onTouch(com.androbaby.game2048.r@62776327, com.androbaby.game2048.ac@844682077<file=><x=0><y=0><width=768><height=1084><id=-1>, android.view.MotionEvent@323967697)
I/org.umd.logging(14221): Method < 1 com.androbaby.game2048.r.onTouch(true)
W/ResourceType(14221): No known package when getting name for resource number 0xffffffff
I/org.umd.logging(14221): Method > 1 com.androbaby.game2048.r.onTouch(com.androbaby.game2048.r@62776327, com.androbaby.game2048.ac@844682077<file=><x=0><y=0><width=768><height=1084><id=-1>, android.view.MotionEvent@323967697)
I/org.umd.logging(14221): Method < 1 com.androbaby.game2048.r.onTouch(true)
W/ResourceType(14221): No known package when getting name for resource number 0xffffffff
I/org.umd.logging(14221): Method > 1 com.androbaby.game2048.r.onTouch(com.androbaby.game2048.r@62776327, com.androbaby.game2048.ac@844682077<file=><x=0><y=0><width=768><height=1084><id=-1>, android.view.MotionEvent@323967697)
I/org.umd.logging(14221): Method < 1 com.androbaby.game2048.r.onTouch(true)
W/ResourceType(14221): No known package when getting name for resource number 0xffffffff
I/org.umd.logging(14221): Method > 1 com.androbaby.game2048.r.onTouch(com.androbaby.game2048.r@62776327, com.androbaby.game2048.ac@844682077<file=><x=0><y=0><width=768><height=1084><id=-1>, android.view.MotionEvent@323967697)
I/org.umd.logging(14221): Method < 1 com.androbaby.game2048.r.onTouch(true)
W/ResourceType(14221): No known package when getting name for resource number 0xffffffff
I/org.umd.logging(14221): Method > 1 com.androbaby.game2048.r.onTouch(com.androbaby.game2048.r@62776327, com.androbaby.game2048.ac@844682077<file=><x=0><y=0><width=768><height=1084><id=-1>, android.view.MotionEvent@323967697)
I/org.umd.logging(14221): Method < 1 com.androbaby.game2048.r.onTouch(true)
W/ResourceType(14221): No known package when getting name for resource number 0xffffffff
I/org.umd.logging(14221): Method > 1 com.androbaby.game2048.r.onTouch(com.androbaby.game2048.r@62776327, com.androbaby.game2048.ac@844682077<file=><x=0><y=0><width=768><height=1084><id=-1>, android.view.MotionEvent@323967697)
I/org.umd.logging(14221): Method < 1 com.androbaby.game2048.r.onTouch(true)
W/ResourceType(14221): No known package when getting name for resource number 0xffffffff
I/org.umd.logging(14221): Method > 1 com.androbaby.game2048.r.onTouch(com.androbaby.game2048.r@62776327, com.androbaby.game2048.ac@844682077<file=><x=0><y=0><width=768><height=1084><id=-1>, android.view.MotionEvent@323967697)
I/org.umd.logging(14221): Method < 1 com.androbaby.game2048.r.onTouch(true)
W/ResourceType(14221): No known package when getting name for resource number 0xffffffff
I/org.umd.logging(14221): Method > 1 com.androbaby.game2048.r.onTouch(com.androbaby.game2048.r@62776327, com.androbaby.game2048.ac@844682077<file=><x=0><y=0><width=768><height=1084><id=-1>, android.view.MotionEvent@323967697)
I/org.umd.logging(14221): Method < 1 com.androbaby.game2048.r.onTouch(true)
W/ResourceType(14221): No known package when getting name for resource number 0xffffffff
I/org.umd.logging(14221): Method > 1 com.androbaby.game2048.r.onTouch(com.androbaby.game2048.r@62776327, com.androbaby.game2048.ac@844682077<file=><x=0><y=0><width=768><height=1084><id=-1>, android.view.MotionEvent@323967697)
I/org.umd.logging(14221): Method < 1 com.androbaby.game2048.r.onTouch(true)
W/ResourceType(14221): No known package when getting name for resource number 0xffffffff
I/org.umd.logging(14221): Method > 1 com.androbaby.game2048.r.onTouch(com.androbaby.game2048.r@62776327, com.androbaby.game2048.ac@844682077<file=><x=0><y=0><width=768><height=1084><id=-1>, android.view.MotionEvent@323967697)
I/org.umd.logging(14221): Method < 1 com.androbaby.game2048.r.onTouch(true)
W/ResourceType(14221): No known package when getting name for resource number 0xffffffff
I/org.umd.logging(14221): Method > 1 com.androbaby.game2048.r.onTouch(com.androbaby.game2048.r@62776327, com.androbaby.game2048.ac@844682077<file=><x=0><y=0><width=768><height=1084><id=-1>, android.view.MotionEvent@323967697)
I/org.umd.logging(14221): Method < 1 com.androbaby.game2048.r.onTouch(true)
W/ResourceType(14221): No known package when getting name for resource number 0xffffffff
I/org.umd.logging(14221): Method > 1 com.androbaby.game2048.r.onTouch(com.androbaby.game2048.r@62776327, com.androbaby.game2048.ac@844682077<file=><x=0><y=0><width=768><height=1084><id=-1>, android.view.MotionEvent@323967697)
I/org.umd.logging(14221): Method < 1 com.androbaby.game2048.r.onTouch(true)
W/ResourceType(14221): No known package when getting name for resource number 0xffffffff
I/org.umd.logging(14221): Method > 1 com.androbaby.game2048.r.onTouch(com.androbaby.game2048.r@62776327, com.androbaby.game2048.ac@844682077<file=><x=0><y=0><width=768><height=1084><id=-1>, android.view.MotionEvent@323967697)
I/org.umd.logging(14221): Method < 1 com.androbaby.game2048.r.onTouch(true)
I/Choreographer(14221): Skipped 74 frames!  The application may be doing too much work on its main thread.
D/audio_hw_primary(  188): select_devices: out_snd_device(2: speaker) in_snd_device(0: none)
D/ACDB-LOADER(  188): ACDB -> send_afe_cal
D/audio_hw_primary(  188): enable_snd_device: snd_device(2: speaker)
D/audio_hw_primary(  188): enable_audio_route: apply and update mixer path: low-latency-playback
I/ActivityManager(  591): START u0 {flg=0x10000000 cmp=com.androbaby.game2048/com.google.android.gms.ads.AdActivity (has extras)} from uid 10198 on display 0
V/WindowManager(  591): addAppToken: AppWindowToken{153db22f token=Token{3657180e ActivityRecord{606fe09 u0 com.androbaby.game2048/com.google.android.gms.ads.AdActivity t130}}} to stack=1 task=130 at 1
I/org.umd.logging(14221): Method > 1 com.androbaby.game2048.MainActivity.onPause(com.androbaby.game2048.MainActivity@258394578<activity=true>)
I/org.umd.logging(14221): Method < 1 com.androbaby.game2048.MainActivity.onPause()
W/ViewRootImpl(14221): Cancelling event due to no window focus: KeyEvent { action=ACTION_UP, keyCode=KEYCODE_DPAD_CENTER, scanCode=0, metaState=0, flags=0x28, repeatCount=0, eventTime=167150294, downTime=167150294, deviceId=-1, source=0x101 }
D/DynamitePackage(14221): Instantiating com.google.android.gms.ads.ChimeraAdOverlayCreatorImpl
I/Ads     (14221): Ad opening.
I/ActivityManager(  591): START u0 {act=android.intent.action.VIEW dat=https://www.googleadservices.com/pagead/aclk?sa=L&ai=CPBL8y3xJWMaHBZ3yvgL2x6iADP_vtsNHtv6YzugDzaDoyBMQASCZlO4lYMmG7YiEpOwPoAHe1bmgA8gBAagDAcgDigSqBLgBT9A7lGHf171KCTARSbiyFbxH2oy9wMnTULIhJhvRy3A6p6KAyTByuNv2r6lv2P0BAkJDTQ_xw4KuNDAu28d5_PgpVwAqiXJJMAbDI2zxbxI-vndyiR6BPmFWRwoWumSR7r5vYbKL2nUOI-RCRb_j4B5IFc2WnHOzvdAq11cWa8wiLHt1KNQBO5jT8Qx2KJamgEVJWYmzLrkI1HqIaw5tBrotUamrVZFo32Y2dcwbGJ3BX3L0gNx5kYgGAZAGAdgGAoAHiqrGX5gHAagHpr4b2AcB0ggFCIABEAHYEww&num=1&cid=CAASEuRohg-Cx7LXWqe-ySHChSIw-w&sig=AOD64_0A2ETF_ROaQbnRz4E90ZhodI-3sg&client=ca-app-pub-2530153337266016&nb=0&ms=CoACIm7ot72GhpmwMcqcz8tvp2RIsMz_bGns68fyimtd7zNLwCmDA5dKDlRLjqhe9Pt5tlPFR3edHaE4xk4wxUQhD-wBmmsOVR9SClKSlqRunBobmXHYf4AoBkc-44kPaDD02UjyMJaVMUzVFOhkqoaKQdiKn9JEm8mOKSWUtxbvZXj-W64kG0zz_goS4Qz0C5eoE61JxJya8thVBliiuzRX5hqRBdI939gl_Wco0RiaO7PaLI1NpguotH8Io0HdnFVhVkONGp82J7q8yfiKvrM7O0GPf-7X3TNj9v50Qg-6GQcVT8REVkiCQ5hSSqD91hRC9WuPv8X8RUc3U1pH78qmiQqAAsK5AjVUL0BGPiQkoXiU4HFwRUoV4HvUsxTk2trQYIs3s0vqJtuNd55viKfvbCft3Ppf7U-vIj8tAglyyuFXObchVMOsy1iUuDgOkvFxbqb2WQV1PoJKo9hX8hclDp3TkUYJNPCCX_Wr6LOopglmOU4EEtZt-IUnveZfw32KrWFDtHtNRF8P8_E5RDWVrCfeP6YCmOmLgu127QLeO7qDvr37ovmYkziMY6CHG5Gf-BHx-H-SZX07tNwQjewAM61ku_a8zIzXqx14deJm4sluYgITkdOT9XJ0RHt3gR2BAGs0MdOVemvK1UkzHhCrwejxExOXYsJtmEfzvrGkpUszmxkSEBY1PJs8PeSbkOpzYwihGUg&adurl=https://flipp.com/flyer_type?id=489&forwarding=walmartusa-circular&utm_campaign=US-G-GDN-MIA-T-WMT&utm_content=A-C-SL&utm_medium=display&utm_source=MIA&utm_term=WMT flg=0x10000000 cmp=com.android.chrome/com.google.android.apps.chrome.Main} from uid 10198 on display 0
I/Ads     (14221): Ad leaving application.
W/Ads     (14221): The webview does not exist. Ignoring action.
V/WindowManager(  591): Adding window Window{71871c5 u0 com.androbaby.game2048/com.google.android.gms.ads.AdActivity} at 4 of 10 (after Window{122c7e6f u0 com.androbaby.game2048/com.androbaby.game2048.MainActivity})
W/ViewRootImpl(14221): Dropping event due to no window focus: KeyEvent { action=ACTION_DOWN, keyCode=KEYCODE_TV_TERRESTRIAL_DIGITAL, scanCode=0, metaState=0, flags=0x8, repeatCount=0, eventTime=167150407, downTime=167150407, deviceId=-1, source=0x101 }
W/ViewRootImpl(14221): Cancelling event due to no window focus: KeyEvent { action=ACTION_UP, keyCode=KEYCODE_TV_TERRESTRIAL_DIGITAL, scanCode=0, metaState=0, flags=0x28, repeatCount=0, eventTime=167151580, downTime=167151580, deviceId=-1, source=0x101 }
W/ViewRootImpl(14221): Cancelling event due to no window focus: KeyEvent { action=ACTION_UP, keyCode=KEYCODE_TV_TERRESTRIAL_DIGITAL, scanCode=0, metaState=0, flags=0x28, repeatCount=0, eventTime=167151580, downTime=167151580, deviceId=-1, source=0x101 }
W/ViewRootImpl(14221): Cancelling event due to no window focus: KeyEvent { action=ACTION_UP, keyCode=KEYCODE_TV_TERRESTRIAL_DIGITAL, scanCode=0, metaState=0, flags=0x28, repeatCount=0, eventTime=167151580, downTime=167151580, deviceId=-1, source=0x101 }
W/ViewRootImpl(14221): Cancelling event due to no window focus: KeyEvent { action=ACTION_UP, keyCode=KEYCODE_TV_TERRESTRIAL_DIGITAL, scanCode=0, metaState=0, flags=0x28, repeatCount=0, eventTime=167151580, downTime=167151580, deviceId=-1, source=0x101 }
W/ViewRootImpl(14221): Cancelling event due to no window focus: KeyEvent { action=ACTION_UP, keyCode=KEYCODE_TV_TERRESTRIAL_DIGITAL, scanCode=0, metaState=0, flags=0x28, repeatCount=0, eventTime=167151580, downTime=167151580, deviceId=-1, source=0x101 }
W/ViewRootImpl(14221): Cancelling event due to no window focus: KeyEvent { action=ACTION_UP, keyCode=KEYCODE_TV_TERRESTRIAL_DIGITAL, scanCode=0, metaState=0, flags=0x28, repeatCount=0, eventTime=167151580, downTime=167151580, deviceId=-1, source=0x101 }
W/ViewRootImpl(14221): Cancelling event due to no window focus: KeyEvent { action=ACTION_UP, keyCode=KEYCODE_TV_TERRESTRIAL_DIGITAL, scanCode=0, metaState=0, flags=0x28, repeatCount=0, eventTime=167151580, downTime=167151580, deviceId=-1, source=0x101 }
W/ViewRootImpl(14221): Cancelling event due to no window focus: KeyEvent { action=ACTION_UP, keyCode=KEYCODE_TV_TERRESTRIAL_DIGITAL, scanCode=0, metaState=0, flags=0x28, repeatCount=0, eventTime=167151580, downTime=167151580, deviceId=-1, source=0x101 }
W/ViewRootImpl(14221): Cancelling event due to no window focus: KeyEvent { action=ACTION_UP, keyCode=KEYCODE_TV_TERRESTRIAL_DIGITAL, scanCode=0, metaState=0, flags=0x28, repeatCount=0, eventTime=167151580, downTime=167151580, deviceId=-1, source=0x101 }
W/ViewRootImpl(14221): Dropping event due to no window focus: KeyEvent { action=ACTION_DOWN, keyCode=KEYCODE_DPAD_CENTER, scanCode=0, metaState=0, flags=0x8, repeatCount=0, eventTime=167151812, downTime=167151812, deviceId=-1, source=0x101 }
W/ViewRootImpl(14221): Cancelling event due to no window focus: KeyEvent { action=ACTION_UP, keyCode=KEYCODE_DPAD_CENTER, scanCode=0, metaState=0, flags=0x28, repeatCount=0, eventTime=167151824, downTime=167151824, deviceId=-1, source=0x101 }
W/ViewRootImpl(14221): Cancelling event due to no window focus: KeyEvent { action=ACTION_UP, keyCode=KEYCODE_DPAD_CENTER, scanCode=0, metaState=0, flags=0x28, repeatCount=0, eventTime=167151824, downTime=167151824, deviceId=-1, source=0x101 }
W/ViewRootImpl(14221): Cancelling event due to no window focus: KeyEvent { action=ACTION_UP, keyCode=KEYCODE_DPAD_CENTER, scanCode=0, metaState=0, flags=0x28, repeatCount=0, eventTime=167151824, downTime=167151824, deviceId=-1, source=0x101 }
W/ViewRootImpl(14221): Cancelling event due to no window focus: KeyEvent { action=ACTION_UP, keyCode=KEYCODE_DPAD_CENTER, scanCode=0, metaState=0, flags=0x28, repeatCount=0, eventTime=167151824, downTime=167151824, deviceId=-1, source=0x101 }
W/ViewRootImpl(14221): Cancelling event due to no window focus: KeyEvent { action=ACTION_UP, keyCode=KEYCODE_DPAD_CENTER, scanCode=0, metaState=0, flags=0x28, repeatCount=0, eventTime=167151824, downTime=167151824, deviceId=-1, source=0x101 }
W/ViewRootImpl(14221): Cancelling event due to no window focus: KeyEvent { action=ACTION_UP, keyCode=KEYCODE_DPAD_CENTER, scanCode=0, metaState=0, flags=0x28, repeatCount=0, eventTime=167151824, downTime=167151824, deviceId=-1, source=0x101 }
W/ViewRootImpl(14221): Cancelling event due to no window focus: KeyEvent { action=ACTION_UP, keyCode=KEYCODE_DPAD_CENTER, scanCode=0, metaState=0, flags=0x28, repeatCount=0, eventTime=167151824, downTime=167151824, deviceId=-1, source=0x101 }
W/ViewRootImpl(14221): Cancelling event due to no window focus: KeyEvent { action=ACTION_UP, keyCode=KEYCODE_DPAD_CENTER, scanCode=0, metaState=0, flags=0x28, repeatCount=0, eventTime=167151824, downTime=167151824, deviceId=-1, source=0x101 }
W/ViewRootImpl(14221): Cancelling event due to no window focus: KeyEvent { action=ACTION_UP, keyCode=KEYCODE_DPAD_CENTER, scanCode=0, metaState=0, flags=0x28, repeatCount=0, eventTime=167151824, downTime=167151824, deviceId=-1, source=0x101 }
I/ActivityManager(  591): Displayed com.androbaby.game2048/com.google.android.gms.ads.AdActivity: +168ms
W/ViewRootImpl(14221): Cancelling event due to no window focus: KeyEvent { action=ACTION_UP, keyCode=KEYCODE_TV_TERRESTRIAL_DIGITAL, scanCode=0, metaState=0, flags=0x28, repeatCount=0, eventTime=167151622, downTime=167150407, deviceId=-1, source=0x101 }
W/MediaSessionService(  591): Attempted to dispatch null or non-media key event.
W/MediaSessionService(  591): Attempted to dispatch null or non-media key event.
I/DownloadManagerWrapper(  985): onReceive() : Charging = true
D/PhoneStatusBar(  729): disable: < expand ICONS* alerts SYSTEM_INFO* back home recent clock search >
W/ViewRootImpl(  729): Dropping event due to no window focus: MotionEvent { action=ACTION_MOVE, id[0]=0, x[0]=0.0, y[0]=-1.0, toolType[0]=TOOL_TYPE_UNKNOWN, buttonState=0, metaState=0, flags=0x0, edgeFlags=0x0, pointerCount=1, historySize=9, eventTime=167152133, downTime=-1, deviceId=0, source=0x10004 }
I/art     (14203): System.exit called, status: 0
I/AndroidRuntime(14203): VM exiting with result code 0.
E/WifiStateMachine(  591): WifiStateMachine CMD_START_SCAN source -2 txSuccessRate=4.25 rxSuccessRate=4.68 targetRoamBSSID=any RSSI=-44
D/audio_hw_primary(  188): disable_audio_route: reset and update mixer path: low-latency-playback
D/audio_hw_primary(  188): disable_snd_device: snd_device(2: speaker)
I/org.umd.logging(11423): Method > 1 com.cleanmaster.base.crash.util.debug.b.run(com.cleanmaster.base.crash.util.debug.b@614779553)
I/org.umd.logging(11423): Method < 1 com.cleanmaster.base.crash.util.debug.b.run()
W/ProcessCpuTracker(  591): Skipping unknown process pid 14549
W/ProcessCpuTracker(  591): Skipping unknown process pid 14551
D/PhoneStatusBar(  729): disable: < expand icons* alerts system_info* back home recent clock search >
W/InputMethodManagerService(  591): Window already focused, ignoring focus gain of: com.android.internal.view.IInputMethodClient$Stub$Proxy@3b70a71a attribute=null, token = android.os.BinderProxy@16e9603c
I/org.umd.logging(14221): Method > 1 com.androbaby.game2048.b.run(com.androbaby.game2048.b@843177207)
I/org.umd.logging(14221): Method < 1 com.androbaby.game2048.b.run()
I/DownloadManagerWrapper(  985): onReceive() : Charging = true
I/DownloadManagerWrapper(  985): onReceive() : Charging = true
I/Ads     (14221): Ad is not visible. Not refreshing ad.
I/Ads     (14221): Scheduling ad refresh 60000 milliseconds from now.
I/org.umd.logging(11423): Method > 1 com.cleanmaster.base.crash.util.debug.b.run(com.cleanmaster.base.crash.util.debug.b@614779553)
I/org.umd.logging(11423): Method < 1 com.cleanmaster.base.crash.util.debug.b.run()
I/org.umd.logging(14221): Method > 1 com.androbaby.game2048.b.run(com.androbaby.game2048.b@843177207)
I/org.umd.logging(14221): Method < 1 com.androbaby.game2048.b.run()
I/DownloadManagerWrapper(  985): onReceive() : Charging = true
