I/org.umd.logging(14221): Method > 1 com.androbaby.game2048.r.onTouch(com.androbaby.game2048.r@62776327, com.androbaby.game2048.ac@844682077<file=><x=0><y=0><width=768><height=1084><id=-1>, android.view.MotionEvent@183926881)
I/org.umd.logging(14221): Method < 1 com.androbaby.game2048.r.onTouch(true)
W/ResourceType(14221): No known package when getting name for resource number 0xffffffff
I/org.umd.logging(14221): Method > 1 com.androbaby.game2048.r.onTouch(com.androbaby.game2048.r@62776327, com.androbaby.game2048.ac@844682077<file=><x=0><y=0><width=768><height=1084><id=-1>, android.view.MotionEvent@183926881)
I/org.umd.logging(14221): Method < 1 com.androbaby.game2048.r.onTouch(true)
W/ResourceType(14221): No known package when getting name for resource number 0xffffffff
I/org.umd.logging(14221): Method > 1 com.androbaby.game2048.r.onTouch(com.androbaby.game2048.r@62776327, com.androbaby.game2048.ac@844682077<file=><x=0><y=0><width=768><height=1084><id=-1>, android.view.MotionEvent@183926881)
I/org.umd.logging(14221): Method < 1 com.androbaby.game2048.r.onTouch(true)
I/org.umd.logging(11423): Method > 1 com.cleanmaster.base.crash.util.debug.b.run(com.cleanmaster.base.crash.util.debug.b@614779553)
I/org.umd.logging(11423): Method < 1 com.cleanmaster.base.crash.util.debug.b.run()
W/ResourceType(14221): No known package when getting name for resource number 0xffffffff
I/org.umd.logging(14221): Method > 1 com.androbaby.game2048.r.onTouch(com.androbaby.game2048.r@62776327, com.androbaby.game2048.ac@844682077<file=><x=0><y=0><width=768><height=1084><id=-1>, android.view.MotionEvent@183926881)
I/org.umd.logging(14221): Method < 1 com.androbaby.game2048.r.onTouch(true)
W/ResourceType(14221): No known package when getting name for resource number 0xffffffff
I/org.umd.logging(14221): Method > 1 com.androbaby.game2048.r.onTouch(com.androbaby.game2048.r@62776327, com.androbaby.game2048.ac@844682077<file=><x=0><y=0><width=768><height=1084><id=-1>, android.view.MotionEvent@183926881)
I/org.umd.logging(14221): Method < 1 com.androbaby.game2048.r.onTouch(true)
W/ResourceType(14221): No known package when getting name for resource number 0xffffffff
I/org.umd.logging(14221): Method > 1 com.androbaby.game2048.r.onTouch(com.androbaby.game2048.r@62776327, com.androbaby.game2048.ac@844682077<file=><x=0><y=0><width=768><height=1084><id=-1>, android.view.MotionEvent@183926881)
I/org.umd.logging(14221): Method < 1 com.androbaby.game2048.r.onTouch(true)
I/org.umd.logging(14221): Method > 1 com.androbaby.game2048.b.run(com.androbaby.game2048.b@843177207)
I/org.umd.logging(14221): Method < 1 com.androbaby.game2048.b.run()
I/Choreographer(14221): Skipped 80 frames!  The application may be doing too much work on its main thread.
W/ResourceType(14221): No known package when getting name for resource number 0xffffffff
I/org.umd.logging(14221): Method > 1 com.androbaby.game2048.r.onTouch(com.androbaby.game2048.r@62776327, com.androbaby.game2048.ac@844682077<file=><x=0><y=0><width=768><height=1084><id=-1>, android.view.MotionEvent@183926881)
I/org.umd.logging(14221): Method < 1 com.androbaby.game2048.r.onTouch(true)
W/ResourceType(14221): No known package when getting name for resource number 0xffffffff
I/org.umd.logging(14221): Method > 1 com.androbaby.game2048.r.onTouch(com.androbaby.game2048.r@62776327, com.androbaby.game2048.ac@844682077<file=><x=0><y=0><width=768><height=1084><id=-1>, android.view.MotionEvent@183926881)
I/org.umd.logging(14221): Method < 1 com.androbaby.game2048.r.onTouch(true)
W/ResourceType(14221): No known package when getting name for resource number 0xffffffff
I/org.umd.logging(14221): Method > 1 com.androbaby.game2048.r.onTouch(com.androbaby.game2048.r@62776327, com.androbaby.game2048.ac@844682077<file=><x=0><y=0><width=768><height=1084><id=-1>, android.view.MotionEvent@183926881)
I/org.umd.logging(14221): Method < 1 com.androbaby.game2048.r.onTouch(true)
W/ResourceType(14221): No known package when getting name for resource number 0xffffffff
I/org.umd.logging(14221): Method > 1 com.androbaby.game2048.r.onTouch(com.androbaby.game2048.r@62776327, com.androbaby.game2048.ac@844682077<file=><x=0><y=0><width=768><height=1084><id=-1>, android.view.MotionEvent@183926881)
I/org.umd.logging(14221): Method < 1 com.androbaby.game2048.r.onTouch(true)
W/ResourceType(14221): No known package when getting name for resource number 0xffffffff
I/org.umd.logging(14221): Method > 1 com.androbaby.game2048.r.onTouch(com.androbaby.game2048.r@62776327, com.androbaby.game2048.ac@844682077<file=><x=0><y=0><width=768><height=1084><id=-1>, android.view.MotionEvent@183926881)
I/org.umd.logging(14221): Method < 1 com.androbaby.game2048.r.onTouch(true)
W/ResourceType(14221): No known package when getting name for resource number 0xffffffff
I/org.umd.logging(14221): Method > 1 com.androbaby.game2048.r.onTouch(com.androbaby.game2048.r@62776327, com.androbaby.game2048.ac@844682077<file=><x=0><y=0><width=768><height=1084><id=-1>, android.view.MotionEvent@183926881)
I/org.umd.logging(14221): Method < 1 com.androbaby.game2048.r.onTouch(true)
W/ResourceType(14221): No known package when getting name for resource number 0xffffffff
I/org.umd.logging(14221): Method > 1 com.androbaby.game2048.r.onTouch(com.androbaby.game2048.r@62776327, com.androbaby.game2048.ac@844682077<file=><x=0><y=0><width=768><height=1084><id=-1>, android.view.MotionEvent@183926881)
I/org.umd.logging(14221): Method < 1 com.androbaby.game2048.r.onTouch(true)
W/ResourceType(14221): No known package when getting name for resource number 0xffffffff
I/org.umd.logging(14221): Method > 1 com.androbaby.game2048.r.onTouch(com.androbaby.game2048.r@62776327, com.androbaby.game2048.ac@844682077<file=><x=0><y=0><width=768><height=1084><id=-1>, android.view.MotionEvent@183926881)
I/org.umd.logging(14221): Method < 1 com.androbaby.game2048.r.onTouch(true)
W/ResourceType(14221): No known package when getting name for resource number 0xffffffff
I/org.umd.logging(14221): Method > 1 com.androbaby.game2048.r.onTouch(com.androbaby.game2048.r@62776327, com.androbaby.game2048.ac@844682077<file=><x=0><y=0><width=768><height=1084><id=-1>, android.view.MotionEvent@183926881)
I/org.umd.logging(14221): Method < 1 com.androbaby.game2048.r.onTouch(true)
W/ResourceType(14221): No known package when getting name for resource number 0xffffffff
I/org.umd.logging(14221): Method > 1 com.androbaby.game2048.r.onTouch(com.androbaby.game2048.r@62776327, com.androbaby.game2048.ac@844682077<file=><x=0><y=0><width=768><height=1084><id=-1>, android.view.MotionEvent@183926881)
I/org.umd.logging(14221): Method < 1 com.androbaby.game2048.r.onTouch(true)
W/ResourceType(14221): No known package when getting name for resource number 0xffffffff
I/org.umd.logging(14221): Method > 1 com.androbaby.game2048.r.onTouch(com.androbaby.game2048.r@62776327, com.androbaby.game2048.ac@844682077<file=><x=0><y=0><width=768><height=1084><id=-1>, android.view.MotionEvent@183926881)
I/org.umd.logging(14221): Method < 1 com.androbaby.game2048.r.onTouch(true)
W/ResourceType(14221): No known package when getting name for resource number 0xffffffff
I/org.umd.logging(14221): Method > 1 com.androbaby.game2048.r.onTouch(com.androbaby.game2048.r@62776327, com.androbaby.game2048.ac@844682077<file=><x=0><y=0><width=768><height=1084><id=-1>, android.view.MotionEvent@183926881)
I/org.umd.logging(14221): Method < 1 com.androbaby.game2048.r.onTouch(true)
W/ResourceType(14221): No known package when getting name for resource number 0xffffffff
I/org.umd.logging(14221): Method > 1 com.androbaby.game2048.r.onTouch(com.androbaby.game2048.r@62776327, com.androbaby.game2048.ac@844682077<file=><x=0><y=0><width=768><height=1084><id=-1>, android.view.MotionEvent@183926881)
I/org.umd.logging(14221): Method < 1 com.androbaby.game2048.r.onTouch(true)
W/ResourceType(14221): No known package when getting name for resource number 0xffffffff
I/org.umd.logging(14221): Method > 1 com.androbaby.game2048.r.onTouch(com.androbaby.game2048.r@62776327, com.androbaby.game2048.ac@844682077<file=><x=0><y=0><width=768><height=1084><id=-1>, android.view.MotionEvent@183926881)
I/org.umd.logging(14221): Method < 1 com.androbaby.game2048.r.onTouch(true)
W/ResourceType(14221): No known package when getting name for resource number 0xffffffff
I/org.umd.logging(14221): Method > 1 com.androbaby.game2048.r.onTouch(com.androbaby.game2048.r@62776327, com.androbaby.game2048.ac@844682077<file=><x=0><y=0><width=768><height=1084><id=-1>, android.view.MotionEvent@183926881)
I/org.umd.logging(14221): Method < 1 com.androbaby.game2048.r.onTouch(true)
W/ResourceType(14221): No known package when getting name for resource number 0xffffffff
I/org.umd.logging(14221): Method > 1 com.androbaby.game2048.r.onTouch(com.androbaby.game2048.r@62776327, com.androbaby.game2048.ac@844682077<file=><x=0><y=0><width=768><height=1084><id=-1>, android.view.MotionEvent@183926881)
I/org.umd.logging(14221): Method < 1 com.androbaby.game2048.r.onTouch(true)
W/ResourceType(14221): No known package when getting name for resource number 0xffffffff
I/org.umd.logging(14221): Method > 1 com.androbaby.game2048.r.onTouch(com.androbaby.game2048.r@62776327, com.androbaby.game2048.ac@844682077<file=><x=0><y=0><width=768><height=1084><id=-1>, android.view.MotionEvent@183926881)
I/org.umd.logging(14221): Method < 1 com.androbaby.game2048.r.onTouch(true)
W/ResourceType(14221): No known package when getting name for resource number 0xffffffff
I/org.umd.logging(14221): Method > 1 com.androbaby.game2048.r.onTouch(com.androbaby.game2048.r@62776327, com.androbaby.game2048.ac@844682077<file=><x=0><y=0><width=768><height=1084><id=-1>, android.view.MotionEvent@183926881)
I/org.umd.logging(14221): Method < 1 com.androbaby.game2048.r.onTouch(true)
W/ResourceType(14221): No known package when getting name for resource number 0xffffffff
I/org.umd.logging(14221): Method > 1 com.androbaby.game2048.r.onTouch(com.androbaby.game2048.r@62776327, com.androbaby.game2048.ac@844682077<file=><x=0><y=0><width=768><height=1084><id=-1>, android.view.MotionEvent@183926881)
I/org.umd.logging(14221): Method < 1 com.androbaby.game2048.r.onTouch(true)
W/ResourceType(14221): No known package when getting name for resource number 0xffffffff
I/org.umd.logging(14221): Method > 1 com.androbaby.game2048.r.onTouch(com.androbaby.game2048.r@62776327, com.androbaby.game2048.ac@844682077<file=><x=0><y=0><width=768><height=1084><id=-1>, android.view.MotionEvent@183926881)
I/org.umd.logging(14221): Method < 1 com.androbaby.game2048.r.onTouch(true)
W/ResourceType(14221): No known package when getting name for resource number 0xffffffff
I/org.umd.logging(14221): Method > 1 com.androbaby.game2048.r.onTouch(com.androbaby.game2048.r@62776327, com.androbaby.game2048.ac@844682077<file=><x=0><y=0><width=768><height=1084><id=-1>, android.view.MotionEvent@183926881)
I/org.umd.logging(14221): Method < 1 com.androbaby.game2048.r.onTouch(true)
W/ResourceType(14221): No known package when getting name for resource number 0xffffffff
I/org.umd.logging(14221): Method > 1 com.androbaby.game2048.r.onTouch(com.androbaby.game2048.r@62776327, com.androbaby.game2048.ac@844682077<file=><x=0><y=0><width=768><height=1084><id=-1>, android.view.MotionEvent@183926881)
I/org.umd.logging(14221): Method < 1 com.androbaby.game2048.r.onTouch(true)
W/ResourceType(14221): No known package when getting name for resource number 0xffffffff
I/org.umd.logging(14221): Method > 1 com.androbaby.game2048.r.onTouch(com.androbaby.game2048.r@62776327, com.androbaby.game2048.ac@844682077<file=><x=0><y=0><width=768><height=1084><id=-1>, android.view.MotionEvent@183926881)
I/org.umd.logging(14221): Method < 1 com.androbaby.game2048.r.onTouch(true)
W/ResourceType(14221): No known package when getting name for resource number 0xffffffff
I/org.umd.logging(14221): Method > 1 com.androbaby.game2048.r.onTouch(com.androbaby.game2048.r@62776327, com.androbaby.game2048.ac@844682077<file=><x=0><y=0><width=768><height=1084><id=-1>, android.view.MotionEvent@183926881)
I/org.umd.logging(14221): Method < 1 com.androbaby.game2048.r.onTouch(true)
W/ResourceType(14221): No known package when getting name for resource number 0xffffffff
I/org.umd.logging(14221): Method > 1 com.androbaby.game2048.r.onTouch(com.androbaby.game2048.r@62776327, com.androbaby.game2048.ac@844682077<file=><x=0><y=0><width=768><height=1084><id=-1>, android.view.MotionEvent@183926881)
I/org.umd.logging(14221): Method < 1 com.androbaby.game2048.r.onTouch(true)
W/ResourceType(14221): No known package when getting name for resource number 0xffffffff
I/org.umd.logging(14221): Method > 1 com.androbaby.game2048.r.onTouch(com.androbaby.game2048.r@62776327, com.androbaby.game2048.ac@844682077<file=><x=0><y=0><width=768><height=1084><id=-1>, android.view.MotionEvent@183926881)
I/org.umd.logging(14221): Method < 1 com.androbaby.game2048.r.onTouch(true)
W/ResourceType(14221): No known package when getting name for resource number 0xffffffff
I/org.umd.logging(14221): Method > 1 com.androbaby.game2048.r.onTouch(com.androbaby.game2048.r@62776327, com.androbaby.game2048.ac@844682077<file=><x=0><y=0><width=768><height=1084><id=-1>, android.view.MotionEvent@183926881)
I/org.umd.logging(14221): Method < 1 com.androbaby.game2048.r.onTouch(true)
W/ResourceType(14221): No known package when getting name for resource number 0xffffffff
I/org.umd.logging(14221): Method > 1 com.androbaby.game2048.r.onTouch(com.androbaby.game2048.r@62776327, com.androbaby.game2048.ac@844682077<file=><x=0><y=0><width=768><height=1084><id=-1>, android.view.MotionEvent@183926881)
I/org.umd.logging(14221): Method < 1 com.androbaby.game2048.r.onTouch(true)
W/ResourceType(14221): No known package when getting name for resource number 0xffffffff
I/org.umd.logging(14221): Method > 1 com.androbaby.game2048.r.onTouch(com.androbaby.game2048.r@62776327, com.androbaby.game2048.ac@844682077<file=><x=0><y=0><width=768><height=1084><id=-1>, android.view.MotionEvent@183926881)
I/org.umd.logging(14221): Method < 1 com.androbaby.game2048.r.onTouch(true)
W/ResourceType(14221): No known package when getting name for resource number 0xffffffff
I/org.umd.logging(14221): Method > 1 com.androbaby.game2048.r.onTouch(com.androbaby.game2048.r@62776327, com.androbaby.game2048.ac@844682077<file=><x=0><y=0><width=768><height=1084><id=-1>, android.view.MotionEvent@183926881)
I/org.umd.logging(14221): Method < 1 com.androbaby.game2048.r.onTouch(true)
W/ResourceType(14221): No known package when getting name for resource number 0xffffffff
I/org.umd.logging(14221): Method > 1 com.androbaby.game2048.r.onTouch(com.androbaby.game2048.r@62776327, com.androbaby.game2048.ac@844682077<file=><x=0><y=0><width=768><height=1084><id=-1>, android.view.MotionEvent@183926881)
I/org.umd.logging(14221): Method < 1 com.androbaby.game2048.r.onTouch(true)
W/ResourceType(14221): No known package when getting name for resource number 0xffffffff
I/org.umd.logging(14221): Method > 1 com.androbaby.game2048.r.onTouch(com.androbaby.game2048.r@62776327, com.androbaby.game2048.ac@844682077<file=><x=0><y=0><width=768><height=1084><id=-1>, android.view.MotionEvent@183926881)
I/org.umd.logging(14221): Method < 1 com.androbaby.game2048.r.onTouch(true)
I/Choreographer(14221): Skipped 127 frames!  The application may be doing too much work on its main thread.
I/InputDispatcher(  591): Window 'Window{122c7e6f u0 com.androbaby.game2048/com.androbaby.game2048.MainActivity}' spent 2036.0ms processing the last input event: MotionEvent(deviceId=0, source=0x00010004, action=2, flags=0x00000000, metaState=0x00000000, buttonState=0x00000000, edgeFlags=0x00000000, xPrecision=1.0, yPrecision=1.0, displayId=0, pointers=[0: (1.0, 3.0)]), policyFlags=0x6b000000
I/InputDispatcher(  591): Window 'Window{122c7e6f u0 com.androbaby.game2048/com.androbaby.game2048.MainActivity}' spent 2034.9ms processing the last input event: MotionEvent(deviceId=0, source=0x00010004, action=2, flags=0x00000000, metaState=0x00000000, buttonState=0x00000000, edgeFlags=0x00000000, xPrecision=1.0, yPrecision=1.0, displayId=0, pointers=[0: (-5.0, 4.0)]), policyFlags=0x6b000000
I/InputDispatcher(  591): Window 'Window{122c7e6f u0 com.androbaby.game2048/com.androbaby.game2048.MainActivity}' spent 2034.2ms processing the last input event: MotionEvent(deviceId=0, source=0x00010004, action=2, flags=0x00000000, metaState=0x00000000, buttonState=0x00000000, edgeFlags=0x00000000, xPrecision=1.0, yPrecision=1.0, displayId=0, pointers=[0: (-3.0, -4.0)]), policyFlags=0x6b000000
I/InputDispatcher(  591): Window 'Window{122c7e6f u0 com.androbaby.game2048/com.androbaby.game2048.MainActivity}' spent 2033.1ms processing the last input event: MotionEvent(deviceId=0, source=0x00010004, action=2, flags=0x00000000, metaState=0x00000000, buttonState=0x00000000, edgeFlags=0x00000000, xPrecision=1.0, yPrecision=1.0, displayId=0, pointers=[0: (4.0, 0.0)]), policyFlags=0x6b000000
I/InputDispatcher(  591): Window 'Window{122c7e6f u0 com.androbaby.game2048/com.androbaby.game2048.MainActivity}' spent 2032.0ms processing the last input event: MotionEvent(deviceId=0, source=0x00010004, action=2, flags=0x00000000, metaState=0x00000000, buttonState=0x00000000, edgeFlags=0x00000000, xPrecision=1.0, yPrecision=1.0, displayId=0, pointers=[0: (3.0, 3.0)]), policyFlags=0x6b000000
I/InputDispatcher(  591): Window 'Window{122c7e6f u0 com.androbaby.game2048/com.androbaby.game2048.MainActivity}' spent 2031.3ms processing the last input event: MotionEvent(deviceId=0, source=0x00010004, action=2, flags=0x00000000, metaState=0x00000000, buttonState=0x00000000, edgeFlags=0x00000000, xPrecision=1.0, yPrecision=1.0, displayId=0, pointers=[0: (-1.0, -2.0)]), policyFlags=0x6b000000
I/InputDispatcher(  591): Window 'Window{122c7e6f u0 com.androbaby.game2048/com.androbaby.game2048.MainActivity}' spent 2030.8ms processing the last input event: MotionEvent(deviceId=0, source=0x00010004, action=2, flags=0x00000000, metaState=0x00000000, buttonState=0x00000000, edgeFlags=0x00000000, xPrecision=1.0, yPrecision=1.0, displayId=0, pointers=[0: (2.0, -1.0)]), policyFlags=0x6b000000
I/InputDispatcher(  591): Window 'Window{122c7e6f u0 com.androbaby.game2048/com.androbaby.game2048.MainActivity}' spent 2029.9ms processing the last input event: MotionEvent(deviceId=0, source=0x00010004, action=2, flags=0x00000000, metaState=0x00000000, buttonState=0x00000000, edgeFlags=0x00000000, xPrecision=1.0, yPrecision=1.0, displayId=0, pointers=[0: (3.0, 4.0)]), policyFlags=0x6b000000
I/InputDispatcher(  591): Window 'Window{122c7e6f u0 com.androbaby.game2048/com.androbaby.game2048.MainActivity}' spent 2029.2ms processing the last input event: MotionEvent(deviceId=0, source=0x00010004, action=2, flags=0x00000000, metaState=0x00000000, buttonState=0x00000000, edgeFlags=0x00000000, xPrecision=1.0, yPrecision=1.0, displayId=0, pointers=[0: (2.0, 2.0)]), policyFlags=0x6b000000
I/InputDispatcher(  591): Window 'Window{122c7e6f u0 com.androbaby.game2048/com.androbaby.game2048.MainActivity}' spent 2028.4ms processing the last input event: MotionEvent(deviceId=0, source=0x00010004, action=2, flags=0x00000000, metaState=0x00000000, buttonState=0x00000000, edgeFlags=0x00000000, xPrecision=1.0, yPrecision=1.0, displayId=0, pointers=[0: (-2.0, -1.0)]), policyFlags=0x6b000000
W/ResourceType(14221): No known package when getting name for resource number 0xffffffff
I/org.umd.logging(14221): Method > 1 com.androbaby.game2048.r.onTouch(com.androbaby.game2048.r@62776327, com.androbaby.game2048.ac@844682077<file=><x=0><y=0><width=768><height=1084><id=-1>, android.view.MotionEvent@183926881)
I/org.umd.logging(14221): Method < 1 com.androbaby.game2048.r.onTouch(true)
W/ResourceType(14221): No known package when getting name for resource number 0xffffffff
I/org.umd.logging(14221): Method > 1 com.androbaby.game2048.r.onTouch(com.androbaby.game2048.r@62776327, com.androbaby.game2048.ac@844682077<file=><x=0><y=0><width=768><height=1084><id=-1>, android.view.MotionEvent@183926881)
I/org.umd.logging(14221): Method < 1 com.androbaby.game2048.r.onTouch(true)
W/ResourceType(14221): No known package when getting name for resource number 0xffffffff
I/org.umd.logging(14221): Method > 1 com.androbaby.game2048.r.onTouch(com.androbaby.game2048.r@62776327, com.androbaby.game2048.ac@844682077<file=><x=0><y=0><width=768><height=1084><id=-1>, android.view.MotionEvent@183926881)
I/org.umd.logging(14221): Method < 1 com.androbaby.game2048.r.onTouch(true)
W/ResourceType(14221): No known package when getting name for resource number 0xffffffff
I/org.umd.logging(14221): Method > 1 com.androbaby.game2048.r.onTouch(com.androbaby.game2048.r@62776327, com.androbaby.game2048.ac@844682077<file=><x=0><y=0><width=768><height=1084><id=-1>, android.view.MotionEvent@183926881)
I/org.umd.logging(14221): Method < 1 com.androbaby.game2048.r.onTouch(true)
W/ResourceType(14221): No known package when getting name for resource number 0xffffffff
I/org.umd.logging(14221): Method > 1 com.androbaby.game2048.r.onTouch(com.androbaby.game2048.r@62776327, com.androbaby.game2048.ac@844682077<file=><x=0><y=0><width=768><height=1084><id=-1>, android.view.MotionEvent@183926881)
I/org.umd.logging(14221): Method < 1 com.androbaby.game2048.r.onTouch(true)
W/ResourceType(14221): No known package when getting name for resource number 0xffffffff
I/org.umd.logging(14221): Method > 1 com.androbaby.game2048.r.onTouch(com.androbaby.game2048.r@62776327, com.androbaby.game2048.ac@844682077<file=><x=0><y=0><width=768><height=1084><id=-1>, android.view.MotionEvent@183926881)
I/org.umd.logging(14221): Method < 1 com.androbaby.game2048.r.onTouch(true)
W/ResourceType(14221): No known package when getting name for resource number 0xffffffff
I/org.umd.logging(14221): Method > 1 com.androbaby.game2048.r.onTouch(com.androbaby.game2048.r@62776327, com.androbaby.game2048.ac@844682077<file=><x=0><y=0><width=768><height=1084><id=-1>, android.view.MotionEvent@183926881)
I/org.umd.logging(14221): Method < 1 com.androbaby.game2048.r.onTouch(true)
W/ResourceType(14221): No known package when getting name for resource number 0xffffffff
I/org.umd.logging(14221): Method > 1 com.androbaby.game2048.r.onTouch(com.androbaby.game2048.r@62776327, com.androbaby.game2048.ac@844682077<file=><x=0><y=0><width=768><height=1084><id=-1>, android.view.MotionEvent@183926881)
I/org.umd.logging(14221): Method < 1 com.androbaby.game2048.r.onTouch(true)
W/ResourceType(14221): No known package when getting name for resource number 0xffffffff
I/org.umd.logging(14221): Method > 1 com.androbaby.game2048.r.onTouch(com.androbaby.game2048.r@62776327, com.androbaby.game2048.ac@844682077<file=><x=0><y=0><width=768><height=1084><id=-1>, android.view.MotionEvent@183926881)
I/org.umd.logging(14221): Method < 1 com.androbaby.game2048.r.onTouch(true)
I/art     (14221): Background partial concurrent mark sweep GC freed 2114(98KB) AllocSpace objects, 5(17MB) LOS objects, 21% free, 57MB/73MB, paused 3.662ms total 105.783ms
W/ResourceType(14221): No known package when getting name for resource number 0xffffffff
I/org.umd.logging(14221): Method > 1 com.androbaby.game2048.r.onTouch(com.androbaby.game2048.r@62776327, com.androbaby.game2048.ac@844682077<file=><x=0><y=0><width=768><height=1084><id=-1>, android.view.MotionEvent@183926881)
I/org.umd.logging(14221): Method < 1 com.androbaby.game2048.r.onTouch(true)
W/ResourceType(14221): No known package when getting name for resource number 0xffffffff
I/org.umd.logging(14221): Method > 1 com.androbaby.game2048.r.onTouch(com.androbaby.game2048.r@62776327, com.androbaby.game2048.ac@844682077<file=><x=0><y=0><width=768><height=1084><id=-1>, android.view.MotionEvent@183926881)
I/org.umd.logging(14221): Method < 1 com.androbaby.game2048.r.onTouch(true)
W/ResourceType(14221): No known package when getting name for resource number 0xffffffff
I/org.umd.logging(14221): Method > 1 com.androbaby.game2048.r.onTouch(com.androbaby.game2048.r@62776327, com.androbaby.game2048.ac@844682077<file=><x=0><y=0><width=768><height=1084><id=-1>, android.view.MotionEvent@183926881)
I/org.umd.logging(14221): Method < 1 com.androbaby.game2048.r.onTouch(true)
W/ResourceType(14221): No known package when getting name for resource number 0xffffffff
I/org.umd.logging(14221): Method > 1 com.androbaby.game2048.r.onTouch(com.androbaby.game2048.r@62776327, com.androbaby.game2048.ac@844682077<file=><x=0><y=0><width=768><height=1084><id=-1>, android.view.MotionEvent@183926881)
I/org.umd.logging(14221): Method < 1 com.androbaby.game2048.r.onTouch(true)
W/ResourceType(14221): No known package when getting name for resource number 0xffffffff
I/org.umd.logging(14221): Method > 1 com.androbaby.game2048.r.onTouch(com.androbaby.game2048.r@62776327, com.androbaby.game2048.ac@844682077<file=><x=0><y=0><width=768><height=1084><id=-1>, android.view.MotionEvent@183926881)
I/org.umd.logging(14221): Method < 1 com.androbaby.game2048.r.onTouch(true)
W/ResourceType(14221): No known package when getting name for resource number 0xffffffff
I/org.umd.logging(14221): Method > 1 com.androbaby.game2048.r.onTouch(com.androbaby.game2048.r@62776327, com.androbaby.game2048.ac@844682077<file=><x=0><y=0><width=768><height=1084><id=-1>, android.view.MotionEvent@183926881)
I/org.umd.logging(14221): Method < 1 com.androbaby.game2048.r.onTouch(true)
W/ResourceType(14221): No known package when getting name for resource number 0xffffffff
I/org.umd.logging(14221): Method > 1 com.androbaby.game2048.r.onTouch(com.androbaby.game2048.r@62776327, com.androbaby.game2048.ac@844682077<file=><x=0><y=0><width=768><height=1084><id=-1>, android.view.MotionEvent@183926881)
I/org.umd.logging(14221): Method < 1 com.androbaby.game2048.r.onTouch(true)
W/ResourceType(14221): No known package when getting name for resource number 0xffffffff
I/org.umd.logging(14221): Method > 1 com.androbaby.game2048.r.onTouch(com.androbaby.game2048.r@62776327, com.androbaby.game2048.ac@844682077<file=><x=0><y=0><width=768><height=1084><id=-1>, android.view.MotionEvent@183926881)
I/org.umd.logging(14221): Method < 1 com.androbaby.game2048.r.onTouch(true)
W/ResourceType(14221): No known package when getting name for resource number 0xffffffff
I/org.umd.logging(14221): Method > 1 com.androbaby.game2048.r.onTouch(com.androbaby.game2048.r@62776327, com.androbaby.game2048.ac@844682077<file=><x=0><y=0><width=768><height=1084><id=-1>, android.view.MotionEvent@183926881)
I/org.umd.logging(14221): Method < 1 com.androbaby.game2048.r.onTouch(true)
W/ResourceType(14221): No known package when getting name for resource number 0xffffffff
I/org.umd.logging(14221): Method > 1 com.androbaby.game2048.r.onTouch(com.androbaby.game2048.r@62776327, com.androbaby.game2048.ac@844682077<file=><x=0><y=0><width=768><height=1084><id=-1>, android.view.MotionEvent@183926881)
I/org.umd.logging(14221): Method < 1 com.androbaby.game2048.r.onTouch(true)
W/ResourceType(14221): No known package when getting name for resource number 0xffffffff
I/org.umd.logging(14221): Method > 1 com.androbaby.game2048.r.onTouch(com.androbaby.game2048.r@62776327, com.androbaby.game2048.ac@844682077<file=><x=0><y=0><width=768><height=1084><id=-1>, android.view.MotionEvent@183926881)
I/org.umd.logging(14221): Method < 1 com.androbaby.game2048.r.onTouch(true)
W/ResourceType(14221): No known package when getting name for resource number 0xffffffff
I/org.umd.logging(14221): Method > 1 com.androbaby.game2048.r.onTouch(com.androbaby.game2048.r@62776327, com.androbaby.game2048.ac@844682077<file=><x=0><y=0><width=768><height=1084><id=-1>, android.view.MotionEvent@183926881)
I/org.umd.logging(14221): Method < 1 com.androbaby.game2048.r.onTouch(true)
W/ResourceType(14221): No known package when getting name for resource number 0xffffffff
I/org.umd.logging(14221): Method > 1 com.androbaby.game2048.r.onTouch(com.androbaby.game2048.r@62776327, com.androbaby.game2048.ac@844682077<file=><x=0><y=0><width=768><height=1084><id=-1>, android.view.MotionEvent@183926881)
I/org.umd.logging(14221): Method < 1 com.androbaby.game2048.r.onTouch(true)
W/ResourceType(14221): No known package when getting name for resource number 0xffffffff
I/org.umd.logging(14221): Method > 1 com.androbaby.game2048.r.onTouch(com.androbaby.game2048.r@62776327, com.androbaby.game2048.ac@844682077<file=><x=0><y=0><width=768><height=1084><id=-1>, android.view.MotionEvent@183926881)
I/org.umd.logging(14221): Method < 1 com.androbaby.game2048.r.onTouch(true)
W/ResourceType(14221): No known package when getting name for resource number 0xffffffff
I/org.umd.logging(14221): Method > 1 com.androbaby.game2048.r.onTouch(com.androbaby.game2048.r@62776327, com.androbaby.game2048.ac@844682077<file=><x=0><y=0><width=768><height=1084><id=-1>, android.view.MotionEvent@183926881)
I/org.umd.logging(14221): Method < 1 com.androbaby.game2048.r.onTouch(true)
W/ResourceType(14221): No known package when getting name for resource number 0xffffffff
I/org.umd.logging(14221): Method > 1 com.androbaby.game2048.r.onTouch(com.androbaby.game2048.r@62776327, com.androbaby.game2048.ac@844682077<file=><x=0><y=0><width=768><height=1084><id=-1>, android.view.MotionEvent@183926881)
I/org.umd.logging(14221): Method < 1 com.androbaby.game2048.r.onTouch(true)
W/ResourceType(14221): No known package when getting name for resource number 0xffffffff
I/org.umd.logging(14221): Method > 1 com.androbaby.game2048.r.onTouch(com.androbaby.game2048.r@62776327, com.androbaby.game2048.ac@844682077<file=><x=0><y=0><width=768><height=1084><id=-1>, android.view.MotionEvent@183926881)
I/org.umd.logging(14221): Method < 1 com.androbaby.game2048.r.onTouch(true)
W/ResourceType(14221): No known package when getting name for resource number 0xffffffff
I/org.umd.logging(14221): Method > 1 com.androbaby.game2048.r.onTouch(com.androbaby.game2048.r@62776327, com.androbaby.game2048.ac@844682077<file=><x=0><y=0><width=768><height=1084><id=-1>, android.view.MotionEvent@183926881)
I/org.umd.logging(14221): Method < 1 com.androbaby.game2048.r.onTouch(true)
W/ResourceType(14221): No known package when getting name for resource number 0xffffffff
I/org.umd.logging(14221): Method > 1 com.androbaby.game2048.r.onTouch(com.androbaby.game2048.r@62776327, com.androbaby.game2048.ac@844682077<file=><x=0><y=0><width=768><height=1084><id=-1>, android.view.MotionEvent@183926881)
I/org.umd.logging(14221): Method < 1 com.androbaby.game2048.r.onTouch(true)
W/ResourceType(14221): No known package when getting name for resource number 0xffffffff
I/org.umd.logging(14221): Method > 1 com.androbaby.game2048.r.onTouch(com.androbaby.game2048.r@62776327, com.androbaby.game2048.ac@844682077<file=><x=0><y=0><width=768><height=1084><id=-1>, android.view.MotionEvent@183926881)
I/org.umd.logging(14221): Method < 1 com.androbaby.game2048.r.onTouch(true)
W/ResourceType(14221): No known package when getting name for resource number 0xffffffff
I/org.umd.logging(14221): Method > 1 com.androbaby.game2048.r.onTouch(com.androbaby.game2048.r@62776327, com.androbaby.game2048.ac@844682077<file=><x=0><y=0><width=768><height=1084><id=-1>, android.view.MotionEvent@183926881)
I/org.umd.logging(14221): Method < 1 com.androbaby.game2048.r.onTouch(true)
W/ResourceType(14221): No known package when getting name for resource number 0xffffffff
I/org.umd.logging(14221): Method > 1 com.androbaby.game2048.r.onTouch(com.androbaby.game2048.r@62776327, com.androbaby.game2048.ac@844682077<file=><x=0><y=0><width=768><height=1084><id=-1>, android.view.MotionEvent@183926881)
I/org.umd.logging(14221): Method < 1 com.androbaby.game2048.r.onTouch(true)
W/ResourceType(14221): No known package when getting name for resource number 0xffffffff
I/org.umd.logging(14221): Method > 1 com.androbaby.game2048.r.onTouch(com.androbaby.game2048.r@62776327, com.androbaby.game2048.ac@844682077<file=><x=0><y=0><width=768><height=1084><id=-1>, android.view.MotionEvent@183926881)
I/org.umd.logging(14221): Method < 1 com.androbaby.game2048.r.onTouch(true)
W/ResourceType(14221): No known package when getting name for resource number 0xffffffff
I/org.umd.logging(14221): Method > 1 com.androbaby.game2048.r.onTouch(com.androbaby.game2048.r@62776327, com.androbaby.game2048.ac@844682077<file=><x=0><y=0><width=768><height=1084><id=-1>, android.view.MotionEvent@183926881)
I/org.umd.logging(14221): Method < 1 com.androbaby.game2048.r.onTouch(true)
W/ResourceType(14221): No known package when getting name for resource number 0xffffffff
I/org.umd.logging(14221): Method > 1 com.androbaby.game2048.r.onTouch(com.androbaby.game2048.r@62776327, com.androbaby.game2048.ac@844682077<file=><x=0><y=0><width=768><height=1084><id=-1>, android.view.MotionEvent@183926881)
I/org.umd.logging(14221): Method < 1 com.androbaby.game2048.r.onTouch(true)
I/InputDispatcher(  591): Window 'Window{122c7e6f u0 com.androbaby.game2048/com.androbaby.game2048.MainActivity}' spent 2012.6ms processing the last input event: MotionEvent(deviceId=0, source=0x00001002, action=2, flags=0x00000000, metaState=0x00000000, buttonState=0x00000000, edgeFlags=0x00000000, xPrecision=1.0, yPrecision=1.0, displayId=0, pointers=[0: (486.7, 310.7)]), policyFlags=0x6b000000
I/InputDispatcher(  591): Window 'Window{122c7e6f u0 com.androbaby.game2048/com.androbaby.game2048.MainActivity}' spent 2011.9ms processing the last input event: MotionEvent(deviceId=0, source=0x00001002, action=2, flags=0x00000000, metaState=0x00000000, buttonState=0x00000000, edgeFlags=0x00000000, xPrecision=1.0, yPrecision=1.0, displayId=0, pointers=[0: (480.6, 314.2)]), policyFlags=0x6b000000
I/InputDispatcher(  591): Window 'Window{122c7e6f u0 com.androbaby.game2048/com.androbaby.game2048.MainActivity}' spent 2011.3ms processing the last input event: MotionEvent(deviceId=0, source=0x00001002, action=2, flags=0x00000000, metaState=0x00000000, buttonState=0x00000000, edgeFlags=0x00000000, xPrecision=1.0, yPrecision=1.0, displayId=0, pointers=[0: (475.5, 317.7)]), policyFlags=0x6b000000
I/InputDispatcher(  591): Window 'Window{122c7e6f u0 com.androbaby.game2048/com.androbaby.game2048.MainActivity}' spent 2010.6ms processing the last input event: MotionEvent(deviceId=0, source=0x00001002, action=2, flags=0x00000000, metaState=0x00000000, buttonState=0x00000000, edgeFlags=0x00000000, xPrecision=1.0, yPrecision=1.0, displayId=0, pointers=[0: (473.4, 323.6)]), policyFlags=0x6b000000
I/InputDispatcher(  591): Window 'Window{122c7e6f u0 com.androbaby.game2048/com.androbaby.game2048.MainActivity}' spent 2010.0ms processing the last input event: MotionEvent(deviceId=0, source=0x00001002, action=2, flags=0x00000000, metaState=0x00000000, buttonState=0x00000000, edgeFlags=0x00000000, xPrecision=1.0, yPrecision=1.0, displayId=0, pointers=[0: (461.5, 326.2)]), policyFlags=0x6b000000
W/ResourceType(14221): No known package when getting name for resource number 0xffffffff
I/org.umd.logging(14221): Method > 1 com.androbaby.game2048.r.onTouch(com.androbaby.game2048.r@62776327, com.androbaby.game2048.ac@844682077<file=><x=0><y=0><width=768><height=1084><id=-1>, android.view.MotionEvent@183926881)
I/org.umd.logging(14221): Method < 1 com.androbaby.game2048.r.onTouch(true)
I/InputDispatcher(  591): Window 'Window{122c7e6f u0 com.androbaby.game2048/com.androbaby.game2048.MainActivity}' spent 2069.2ms processing the last input event: MotionEvent(deviceId=0, source=0x00001002, action=1, flags=0x00000000, metaState=0x00000000, buttonState=0x00000000, edgeFlags=0x00000000, xPrecision=1.0, yPrecision=1.0, displayId=0, pointers=[0: (459.7, 339.5)]), policyFlags=0x6b000000
W/ResourceType(14221): No known package when getting name for resource number 0xffffffff
I/org.umd.logging(14221): Method > 1 com.androbaby.game2048.r.onTouch(com.androbaby.game2048.r@62776327, com.androbaby.game2048.ac@844682077<file=><x=0><y=0><width=768><height=1084><id=-1>, android.view.MotionEvent@183926881)
I/org.umd.logging(14221): Method < 1 com.androbaby.game2048.r.onTouch(true)
I/InputDispatcher(  591): Window 'Window{122c7e6f u0 com.androbaby.game2048/com.androbaby.game2048.MainActivity}' spent 2139.3ms processing the last input event: MotionEvent(deviceId=0, source=0x00001002, action=0, flags=0x00000000, metaState=0x00000000, buttonState=0x00000000, edgeFlags=0x00000000, xPrecision=1.0, yPrecision=1.0, displayId=0, pointers=[0: (307.0, 778.0)]), policyFlags=0x6b000000
W/ResourceType(14221): No known package when getting name for resource number 0xffffffff
I/org.umd.logging(14221): Method > 1 com.androbaby.game2048.r.onTouch(com.androbaby.game2048.r@62776327, com.androbaby.game2048.ac@844682077<file=><x=0><y=0><width=768><height=1084><id=-1>, android.view.MotionEvent@183926881)
I/org.umd.logging(14221): Method < 1 com.androbaby.game2048.r.onTouch(true)
I/InputDispatcher(  591): Window 'Window{122c7e6f u0 com.androbaby.game2048/com.androbaby.game2048.MainActivity}' spent 2210.5ms processing the last input event: MotionEvent(deviceId=0, source=0x00001002, action=1, flags=0x00000000, metaState=0x00000000, buttonState=0x00000000, edgeFlags=0x00000000, xPrecision=1.0, yPrecision=1.0, displayId=0, pointers=[0: (304.4, 779.1)]), policyFlags=0x6b000000
W/ResourceType(14221): No known package when getting name for resource number 0xffffffff
I/org.umd.logging(14221): Method > 1 com.androbaby.game2048.r.onTouch(com.androbaby.game2048.r@62776327, com.androbaby.game2048.ac@844682077<file=><x=0><y=0><width=768><height=1084><id=-1>, android.view.MotionEvent@183926881)
I/org.umd.logging(14221): Method < 1 com.androbaby.game2048.r.onTouch(true)
I/InputDispatcher(  591): Window 'Window{122c7e6f u0 com.androbaby.game2048/com.androbaby.game2048.MainActivity}' spent 2267.6ms processing the last input event: MotionEvent(deviceId=0, source=0x00001002, action=0, flags=0x00000000, metaState=0x00000000, buttonState=0x00000000, edgeFlags=0x00000000, xPrecision=1.0, yPrecision=1.0, displayId=0, pointers=[0: (743.0, 3.0)]), policyFlags=0x6b000000
W/ResourceType(14221): No known package when getting name for resource number 0xffffffff
I/org.umd.logging(14221): Method > 1 com.androbaby.game2048.r.onTouch(com.androbaby.game2048.r@62776327, com.androbaby.game2048.ac@844682077<file=><x=0><y=0><width=768><height=1084><id=-1>, android.view.MotionEvent@183926881)
I/org.umd.logging(14221): Method < 1 com.androbaby.game2048.r.onTouch(true)
I/InputDispatcher(  591): Window 'Window{122c7e6f u0 com.androbaby.game2048/com.androbaby.game2048.MainActivity}' spent 2314.1ms processing the last input event: MotionEvent(deviceId=0, source=0x00001002, action=1, flags=0x00000000, metaState=0x00000000, buttonState=0x00000000, edgeFlags=0x00000000, xPrecision=1.0, yPrecision=1.0, displayId=0, pointers=[0: (745.1, 3.3)]), policyFlags=0x6b000000
W/ResourceType(14221): No known package when getting name for resource number 0xffffffff
I/org.umd.logging(14221): Method > 1 com.androbaby.game2048.r.onTouch(com.androbaby.game2048.r@62776327, com.androbaby.game2048.ac@844682077<file=><x=0><y=0><width=768><height=1084><id=-1>, android.view.MotionEvent@183926881)
I/org.umd.logging(14221): Method < 1 com.androbaby.game2048.r.onTouch(true)
I/InputDispatcher(  591): Window 'Window{122c7e6f u0 com.androbaby.game2048/com.androbaby.game2048.MainActivity}' spent 2361.4ms processing the last input event: MotionEvent(deviceId=0, source=0x00001002, action=0, flags=0x00000000, metaState=0x00000000, buttonState=0x00000000, edgeFlags=0x00000000, xPrecision=1.0, yPrecision=1.0, displayId=0, pointers=[0: (85.0, 749.0)]), policyFlags=0x6b000000
W/ResourceType(14221): No known package when getting name for resource number 0xffffffff
I/org.umd.logging(14221): Method > 1 com.androbaby.game2048.r.onTouch(com.androbaby.game2048.r@62776327, com.androbaby.game2048.ac@844682077<file=><x=0><y=0><width=768><height=1084><id=-1>, android.view.MotionEvent@183926881)
I/org.umd.logging(14221): Method < 1 com.androbaby.game2048.r.onTouch(true)
I/InputDispatcher(  591): Window 'Window{122c7e6f u0 com.androbaby.game2048/com.androbaby.game2048.MainActivity}' spent 2416.1ms processing the last input event: MotionEvent(deviceId=0, source=0x00001002, action=1, flags=0x00000000, metaState=0x00000000, buttonState=0x00000000, edgeFlags=0x00000000, xPrecision=1.0, yPrecision=1.0, displayId=0, pointers=[0: (97.1, 740.3)]), policyFlags=0x6b000000
W/ResourceType(14221): No known package when getting name for resource number 0xffffffff
I/org.umd.logging(14221): Method > 1 com.androbaby.game2048.r.onTouch(com.androbaby.game2048.r@62776327, com.androbaby.game2048.ac@844682077<file=><x=0><y=0><width=768><height=1084><id=-1>, android.view.MotionEvent@183926881)
I/org.umd.logging(14221): Method < 1 com.androbaby.game2048.r.onTouch(true)
I/InputDispatcher(  591): Window 'Window{122c7e6f u0 com.androbaby.game2048/com.androbaby.game2048.MainActivity}' spent 2494.2ms processing the last input event: MotionEvent(deviceId=0, source=0x00001002, action=0, flags=0x00000000, metaState=0x00000000, buttonState=0x00000000, edgeFlags=0x00000000, xPrecision=1.0, yPrecision=1.0, displayId=0, pointers=[0: (552.0, 20.0)]), policyFlags=0x6b000000
W/ResourceType(14221): No known package when getting name for resource number 0xffffffff
I/org.umd.logging(14221): Method > 1 com.androbaby.game2048.r.onTouch(com.androbaby.game2048.r@62776327, com.androbaby.game2048.ac@844682077<file=><x=0><y=0><width=768><height=1084><id=-1>, android.view.MotionEvent@183926881)
I/org.umd.logging(14221): Method < 1 com.androbaby.game2048.r.onTouch(true)
I/InputDispatcher(  591): Window 'Window{122c7e6f u0 com.androbaby.game2048/com.androbaby.game2048.MainActivity}' spent 2565.4ms processing the last input event: MotionEvent(deviceId=0, source=0x00001002, action=1, flags=0x00000000, metaState=0x00000000, buttonState=0x00000000, edgeFlags=0x00000000, xPrecision=1.0, yPrecision=1.0, displayId=0, pointers=[0: (558.1, 39.8)]), policyFlags=0x6b000000
W/ResourceType(14221): No known package when getting name for resource number 0xffffffff
I/org.umd.logging(14221): Method > 1 com.androbaby.game2048.r.onTouch(com.androbaby.game2048.r@62776327, com.androbaby.game2048.ac@844682077<file=><x=0><y=0><width=768><height=1084><id=-1>, android.view.MotionEvent@183926881)
I/org.umd.logging(14221): Method < 1 com.androbaby.game2048.r.onTouch(true)
I/InputDispatcher(  591): Window 'Window{122c7e6f u0 com.androbaby.game2048/com.androbaby.game2048.MainActivity}' spent 2636.7ms processing the last input event: MotionEvent(deviceId=0, source=0x00001002, action=0, flags=0x00000000, metaState=0x00000000, buttonState=0x00000000, edgeFlags=0x00000000, xPrecision=1.0, yPrecision=1.0, displayId=0, pointers=[0: (124.0, 340.0)]), policyFlags=0x6b000000
W/ResourceType(14221): No known package when getting name for resource number 0xffffffff
I/org.umd.logging(14221): Method > 1 com.androbaby.game2048.r.onTouch(com.androbaby.game2048.r@62776327, com.androbaby.game2048.ac@844682077<file=><x=0><y=0><width=768><height=1084><id=-1>, android.view.MotionEvent@183926881)
I/org.umd.logging(14221): Method < 1 com.androbaby.game2048.r.onTouch(true)
I/InputDispatcher(  591): Window 'Window{122c7e6f u0 com.androbaby.game2048/com.androbaby.game2048.MainActivity}' spent 2713.4ms processing the last input event: MotionEvent(deviceId=0, source=0x00001002, action=2, flags=0x00000000, metaState=0x00000000, buttonState=0x00000000, edgeFlags=0x00000000, xPrecision=1.0, yPrecision=1.0, displayId=0, pointers=[0: (111.8, 331.0)]), policyFlags=0x6b000000
I/InputDispatcher(  591): Window 'Window{122c7e6f u0 com.androbaby.game2048/com.androbaby.game2048.MainActivity}' spent 2712.7ms processing the last input event: MotionEvent(deviceId=0, source=0x00001002, action=2, flags=0x00000000, metaState=0x00000000, buttonState=0x00000000, edgeFlags=0x00000000, xPrecision=1.0, yPrecision=1.0, displayId=0, pointers=[0: (109.8, 322.0)]), policyFlags=0x6b000000
I/InputDispatcher(  591): Window 'Window{122c7e6f u0 com.androbaby.game2048/com.androbaby.game2048.MainActivity}' spent 2712.1ms processing the last input event: MotionEvent(deviceId=0, source=0x00001002, action=2, flags=0x00000000, metaState=0x00000000, buttonState=0x00000000, edgeFlags=0x00000000, xPrecision=1.0, yPrecision=1.0, displayId=0, pointers=[0: (107.5, 316.1)]), policyFlags=0x6b000000
W/ResourceType(14221): No known package when getting name for resource number 0xffffffff
I/org.umd.logging(14221): Method > 1 com.androbaby.game2048.r.onTouch(com.androbaby.game2048.r@62776327, com.androbaby.game2048.ac@844682077<file=><x=0><y=0><width=768><height=1084><id=-1>, android.view.MotionEvent@183926881)
I/org.umd.logging(14221): Method < 1 com.androbaby.game2048.r.onTouch(true)
I/InputDispatcher(  591): Window 'Window{122c7e6f u0 com.androbaby.game2048/com.androbaby.game2048.MainActivity}' spent 2795.3ms processing the last input event: MotionEvent(deviceId=0, source=0x00001002, action=1, flags=0x00000000, metaState=0x00000000, buttonState=0x00000000, edgeFlags=0x00000000, xPrecision=1.0, yPrecision=1.0, displayId=0, pointers=[0: (90.7, 312.0)]), policyFlags=0x6b000000
W/ResourceType(14221): No known package when getting name for resource number 0xffffffff
I/org.umd.logging(14221): Method > 1 com.androbaby.game2048.r.onTouch(com.androbaby.game2048.r@62776327, com.androbaby.game2048.ac@844682077<file=><x=0><y=0><width=768><height=1084><id=-1>, android.view.MotionEvent@183926881)
I/org.umd.logging(14221): Method < 1 com.androbaby.game2048.r.onTouch(true)
I/InputDispatcher(  591): Window 'Window{122c7e6f u0 com.androbaby.game2048/com.androbaby.game2048.MainActivity}' spent 2843.5ms processing the last input event: MotionEvent(deviceId=0, source=0x00001002, action=0, flags=0x00000000, metaState=0x00000000, buttonState=0x00000000, edgeFlags=0x00000000, xPrecision=1.0, yPrecision=1.0, displayId=0, pointers=[0: (65.0, 479.0)]), policyFlags=0x6b000000
W/ResourceType(14221): No known package when getting name for resource number 0xffffffff
I/org.umd.logging(14221): Method > 1 com.androbaby.game2048.r.onTouch(com.androbaby.game2048.r@62776327, com.androbaby.game2048.ac@844682077<file=><x=0><y=0><width=768><height=1084><id=-1>, android.view.MotionEvent@183926881)
I/org.umd.logging(14221): Method < 1 com.androbaby.game2048.r.onTouch(true)
I/InputDispatcher(  591): Window 'Window{122c7e6f u0 com.androbaby.game2048/com.androbaby.game2048.MainActivity}' spent 2892.8ms processing the last input event: MotionEvent(deviceId=0, source=0x00001002, action=2, flags=0x00000000, metaState=0x00000000, buttonState=0x00000000, edgeFlags=0x00000000, xPrecision=1.0, yPrecision=1.0, displayId=0, pointers=[0: (67.0, 474.6)]), policyFlags=0x6b000000
I/InputDispatcher(  591): Window 'Window{122c7e6f u0 com.androbaby.game2048/com.androbaby.game2048.MainActivity}' spent 2892.0ms processing the last input event: MotionEvent(deviceId=0, source=0x00001002, action=2, flags=0x00000000, metaState=0x00000000, buttonState=0x00000000, edgeFlags=0x00000000, xPrecision=1.0, yPrecision=1.0, displayId=0, pointers=[0: (72.6, 459.9)]), policyFlags=0x6b000000
I/InputDispatcher(  591): Window 'Window{122c7e6f u0 com.androbaby.game2048/com.androbaby.game2048.MainActivity}' spent 2891.5ms processing the last input event: MotionEvent(deviceId=0, source=0x00001002, action=2, flags=0x00000000, metaState=0x00000000, buttonState=0x00000000, edgeFlags=0x00000000, xPrecision=1.0, yPrecision=1.0, displayId=0, pointers=[0: (77.3, 445.4)]), policyFlags=0x6b000000
I/InputDispatcher(  591): Window 'Window{122c7e6f u0 com.androbaby.game2048/com.androbaby.game2048.MainActivity}' spent 2890.9ms processing the last input event: MotionEvent(deviceId=0, source=0x00001002, action=2, flags=0x00000000, metaState=0x00000000, buttonState=0x00000000, edgeFlags=0x00000000, xPrecision=1.0, yPrecision=1.0, displayId=0, pointers=[0: (77.9, 429.8)]), policyFlags=0x6b000000
W/ResourceType(14221): No known package when getting name for resource number 0xffffffff
I/org.umd.logging(14221): Method > 1 com.androbaby.game2048.r.onTouch(com.androbaby.game2048.r@62776327, com.androbaby.game2048.ac@844682077<file=><x=0><y=0><width=768><height=1084><id=-1>, android.view.MotionEvent@183926881)
I/org.umd.logging(14221): Method < 1 com.androbaby.game2048.r.onTouch(true)
I/InputDispatcher(  591): Window 'Window{122c7e6f u0 com.androbaby.game2048/com.androbaby.game2048.MainActivity}' spent 2942.8ms processing the last input event: MotionEvent(deviceId=0, source=0x00001002, action=1, flags=0x00000000, metaState=0x00000000, buttonState=0x00000000, edgeFlags=0x00000000, xPrecision=1.0, yPrecision=1.0, displayId=0, pointers=[0: (80.0, 425.7)]), policyFlags=0x6b000000
W/ResourceType(14221): No known package when getting name for resource number 0xffffffff
I/org.umd.logging(14221): Method > 1 com.androbaby.game2048.r.onTouch(com.androbaby.game2048.r@62776327, com.androbaby.game2048.ac@844682077<file=><x=0><y=0><width=768><height=1084><id=-1>, android.view.MotionEvent@183926881)
I/org.umd.logging(14221): Method < 1 com.androbaby.game2048.r.onTouch(true)
I/InputDispatcher(  591): Window 'Window{122c7e6f u0 com.androbaby.game2048/com.androbaby.game2048.MainActivity}' spent 2998.0ms processing the last input event: MotionEvent(deviceId=0, source=0x00001002, action=0, flags=0x00000000, metaState=0x00000000, buttonState=0x00000000, edgeFlags=0x00000000, xPrecision=1.0, yPrecision=1.0, displayId=0, pointers=[0: (488.0, 668.0)]), policyFlags=0x6b000000
W/ResourceType(14221): No known package when getting name for resource number 0xffffffff
I/org.umd.logging(14221): Method > 1 com.androbaby.game2048.r.onTouch(com.androbaby.game2048.r@62776327, com.androbaby.game2048.ac@844682077<file=><x=0><y=0><width=768><height=1084><id=-1>, android.view.MotionEvent@183926881)
I/org.umd.logging(14221): Method < 1 com.androbaby.game2048.r.onTouch(true)
