--------- beginning of system
W/BroadcastQueue(  591): Skipping deliver [background] BroadcastRecord{3bb5a0a7 u-1 android.net.conn.CONNECTIVITY_CHANGE} to ReceiverList{2b727954 14203 (unknown name)/0/u-1 remote:2a1bf9c1}: process crashing
I/ActivityManager(  591): START u0 {act=android.intent.action.MAIN cat=[android.intent.category.LAUNCHER] flg=0x10200000 cmp=com.androbaby.game2048/.MainActivity} from uid 0 on display 0
V/WindowManager(  591): addAppToken: AppWindowToken{3327d6c0 token=Token{2e11a043 ActivityRecord{31f461f2 u0 com.androbaby.game2048/.MainActivity t130}}} to stack=1 task=130 at 0
V/WindowManager(  591): Adding window Window{2be2ab3e u0 Starting com.androbaby.game2048} at 3 of 9 (after Window{23fbe5b3 u0 com.android.launcher/com.android.launcher2.Launcher})
I/ActivityManager(  591): Start proc 14221:com.androbaby.game2048/u0a198 for activity com.androbaby.game2048/.MainActivity
W/ResourcesManager(14221): Asset path '/system/framework/com.android.media.remotedisplay.jar' does not exist or contains no resources.
W/ResourcesManager(14221): Asset path '/system/framework/com.android.location.provider.jar' does not exist or contains no resources.
W/ActivityManager(  591): getRunningAppProcesses: caller 10198 does not hold REAL_GET_TASKS; limiting output
W/ActivityManager(  591): getRunningAppProcesses: caller 10198 does not hold REAL_GET_TASKS; limiting output
V/WindowManager(  591): Adding window Window{122c7e6f u0 com.androbaby.game2048/com.androbaby.game2048.MainActivity} at 3 of 10 (before Window{2be2ab3e u0 Starting com.androbaby.game2048})
D/ConnectivityService(  591): listenForNetwork for NetworkRequest [ id=113, legacyType=-1, [ Capabilities: INTERNET&NOT_RESTRICTED&TRUSTED] ]
D/ConnectivityService(  591): handleRegisterNetworkRequest checking NetworkAgentInfo [WIFI () - 101]
D/ConnectivityService(  591): apparently satisfied.  currentScore=60
W/ViewRootImpl(14221): Dropping event due to no window focus: MotionEvent { action=ACTION_MOVE, id[0]=0, x[0]=1.0, y[0]=-3.0, toolType[0]=TOOL_TYPE_UNKNOWN, buttonState=0, metaState=0, flags=0x0, edgeFlags=0x0, pointerCount=1, historySize=9, eventTime=167121009, downTime=-1, deviceId=0, source=0x10004 }
W/ViewRootImpl(14221): Dropping event due to no window focus: MotionEvent { action=ACTION_DOWN, id[0]=0, x[0]=0.0, y[0]=0.0, toolType[0]=TOOL_TYPE_UNKNOWN, buttonState=0, metaState=0, flags=0x0, edgeFlags=0x0, pointerCount=1, historySize=0, eventTime=167121011, downTime=167119880, deviceId=0, source=0x10004 }
W/ViewRootImpl(14221): Cancelling event due to no window focus: MotionEvent { action=ACTION_CANCEL, id[0]=0, x[0]=0.0, y[0]=0.0, toolType[0]=TOOL_TYPE_UNKNOWN, buttonState=0, metaState=0, flags=0x0, edgeFlags=0x0, pointerCount=1, historySize=0, eventTime=167121019, downTime=167119880, deviceId=0, source=0x10004 }
W/ViewRootImpl(14221): Cancelling event due to no window focus: MotionEvent { action=ACTION_CANCEL, id[0]=0, x[0]=0.0, y[0]=0.0, toolType[0]=TOOL_TYPE_UNKNOWN, buttonState=0, metaState=0, flags=0x0, edgeFlags=0x0, pointerCount=1, historySize=0, eventTime=167121019, downTime=167119880, deviceId=0, source=0x10004 }
W/ViewRootImpl(14221): Cancelling event due to no window focus: MotionEvent { action=ACTION_CANCEL, id[0]=0, x[0]=0.0, y[0]=0.0, toolType[0]=TOOL_TYPE_UNKNOWN, buttonState=0, metaState=0, flags=0x0, edgeFlags=0x0, pointerCount=1, historySize=0, eventTime=167121019, downTime=167119880, deviceId=0, source=0x10004 }
W/ViewRootImpl(14221): Cancelling event due to no window focus: MotionEvent { action=ACTION_CANCEL, id[0]=0, x[0]=0.0, y[0]=0.0, toolType[0]=TOOL_TYPE_UNKNOWN, buttonState=0, metaState=0, flags=0x0, edgeFlags=0x0, pointerCount=1, historySize=0, eventTime=167121019, downTime=167119880, deviceId=0, source=0x10004 }
W/ViewRootImpl(14221): Cancelling event due to no window focus: MotionEvent { action=ACTION_CANCEL, id[0]=0, x[0]=0.0, y[0]=0.0, toolType[0]=TOOL_TYPE_UNKNOWN, buttonState=0, metaState=0, flags=0x0, edgeFlags=0x0, pointerCount=1, historySize=0, eventTime=167121019, downTime=167119880, deviceId=0, source=0x10004 }
W/ViewRootImpl(14221): Cancelling event due to no window focus: MotionEvent { action=ACTION_CANCEL, id[0]=0, x[0]=0.0, y[0]=0.0, toolType[0]=TOOL_TYPE_UNKNOWN, buttonState=0, metaState=0, flags=0x0, edgeFlags=0x0, pointerCount=1, historySize=0, eventTime=167121019, downTime=167119880, deviceId=0, source=0x10004 }
W/ViewRootImpl(14221): Cancelling event due to no window focus: MotionEvent { action=ACTION_CANCEL, id[0]=0, x[0]=0.0, y[0]=0.0, toolType[0]=TOOL_TYPE_UNKNOWN, buttonState=0, metaState=0, flags=0x0, edgeFlags=0x0, pointerCount=1, historySize=0, eventTime=167121019, downTime=167119880, deviceId=0, source=0x10004 }
W/ActivityManager(  591): Permission Denial: Accessing service ComponentInfo{com.google.android.gms/com.google.android.gms.gcm.PushMessagingRegistrarProxy} from pid=14221, uid=10198 requires com.google.android.c2dm.permission.RECEIVE
D/ConnectivityService(  591): listenForNetwork for NetworkRequest [ id=114, legacyType=-1, [ Capabilities: INTERNET&NOT_RESTRICTED&TRUSTED] ]
D/ConnectivityService(  591): handleRegisterNetworkRequest checking NetworkAgentInfo [WIFI () - 101]
D/ConnectivityService(  591): apparently satisfied.  currentScore=60
I/ActivityManager(  591): START u0 {act=com.google.android.gms.games.SIGN_IN flg=0x4000000 pkg=com.google.android.play.games cmp=com.google.android.play.games/com.google.android.gms.games.ui.signin.SignInActivity (has extras)} from uid 10008 on display 0
--------- beginning of main
I/org.umd.logging(14221): Method > 1 com.androbaby.game2048.r.onTouch(com.androbaby.game2048.r@62776327, com.androbaby.game2048.ac@844682077<file=><x=0><y=0><width=768><height=1084><id=-1>, android.view.MotionEvent@183926881)
I/org.umd.logging(14221): Method < 1 com.androbaby.game2048.r.onTouch(true)
W/ResourceType(14221): No known package when getting name for resource number 0xffffffff
I/org.umd.logging(14221): Method > 1 com.androbaby.game2048.r.onTouch(com.androbaby.game2048.r@62776327, com.androbaby.game2048.ac@844682077<file=><x=0><y=0><width=768><height=1084><id=-1>, android.view.MotionEvent@183926881)
I/org.umd.logging(14221): Method < 1 com.androbaby.game2048.r.onTouch(true)
I/art     (14221): Background partial concurrent mark sweep GC freed 1301(60KB) AllocSpace objects, 7(24MB) LOS objects, 24% free, 50MB/66MB, paused 6.958ms total 62.383ms
W/ResourceType(14221): No known package when getting name for resource number 0xffffffff
I/org.umd.logging(14221): Method > 1 com.androbaby.game2048.r.onTouch(com.androbaby.game2048.r@62776327, com.androbaby.game2048.ac@844682077<file=><x=0><y=0><width=768><height=1084><id=-1>, android.view.MotionEvent@183926881)
I/org.umd.logging(14221): Method < 1 com.androbaby.game2048.r.onTouch(true)
W/ResourceType(14221): No known package when getting name for resource number 0xffffffff
I/org.umd.logging(14221): Method > 1 com.androbaby.game2048.r.onTouch(com.androbaby.game2048.r@62776327, com.androbaby.game2048.ac@844682077<file=><x=0><y=0><width=768><height=1084><id=-1>, android.view.MotionEvent@183926881)
I/org.umd.logging(14221): Method < 1 com.androbaby.game2048.r.onTouch(true)
W/ResourceType(14221): No known package when getting name for resource number 0xffffffff
I/org.umd.logging(14221): Method > 1 com.androbaby.game2048.r.onTouch(com.androbaby.game2048.r@62776327, com.androbaby.game2048.ac@844682077<file=><x=0><y=0><width=768><height=1084><id=-1>, android.view.MotionEvent@183926881)
I/org.umd.logging(14221): Method < 1 com.androbaby.game2048.r.onTouch(true)
W/ResourceType(14221): No known package when getting name for resource number 0xffffffff
I/org.umd.logging(14221): Method > 1 com.androbaby.game2048.r.onTouch(com.androbaby.game2048.r@62776327, com.androbaby.game2048.ac@844682077<file=><x=0><y=0><width=768><height=1084><id=-1>, android.view.MotionEvent@183926881)
I/org.umd.logging(14221): Method < 1 com.androbaby.game2048.r.onTouch(true)
W/ResourceType(14221): No known package when getting name for resource number 0xffffffff
I/org.umd.logging(14221): Method > 1 com.androbaby.game2048.r.onTouch(com.androbaby.game2048.r@62776327, com.androbaby.game2048.ac@844682077<file=><x=0><y=0><width=768><height=1084><id=-1>, android.view.MotionEvent@183926881)
I/org.umd.logging(14221): Method < 1 com.androbaby.game2048.r.onTouch(true)
W/ResourceType(14221): No known package when getting name for resource number 0xffffffff
I/org.umd.logging(14221): Method > 1 com.androbaby.game2048.r.onTouch(com.androbaby.game2048.r@62776327, com.androbaby.game2048.ac@844682077<file=><x=0><y=0><width=768><height=1084><id=-1>, android.view.MotionEvent@183926881)
I/org.umd.logging(14221): Method < 1 com.androbaby.game2048.r.onTouch(true)
W/ResourceType(14221): No known package when getting name for resource number 0xffffffff
I/org.umd.logging(14221): Method > 1 com.androbaby.game2048.r.onTouch(com.androbaby.game2048.r@62776327, com.androbaby.game2048.ac@844682077<file=><x=0><y=0><width=768><height=1084><id=-1>, android.view.MotionEvent@183926881)
I/org.umd.logging(14221): Method < 1 com.androbaby.game2048.r.onTouch(true)
W/ResourceType(14221): No known package when getting name for resource number 0xffffffff
I/org.umd.logging(14221): Method > 1 com.androbaby.game2048.r.onTouch(com.androbaby.game2048.r@62776327, com.androbaby.game2048.ac@844682077<file=><x=0><y=0><width=768><height=1084><id=-1>, android.view.MotionEvent@183926881)
I/org.umd.logging(14221): Method < 1 com.androbaby.game2048.r.onTouch(true)
W/ResourceType(14221): No known package when getting name for resource number 0xffffffff
I/org.umd.logging(14221): Method > 1 com.androbaby.game2048.r.onTouch(com.androbaby.game2048.r@62776327, com.androbaby.game2048.ac@844682077<file=><x=0><y=0><width=768><height=1084><id=-1>, android.view.MotionEvent@183926881)
I/org.umd.logging(14221): Method < 1 com.androbaby.game2048.r.onTouch(true)
W/ResourceType(14221): No known package when getting name for resource number 0xffffffff
I/org.umd.logging(14221): Method > 1 com.androbaby.game2048.r.onTouch(com.androbaby.game2048.r@62776327, com.androbaby.game2048.ac@844682077<file=><x=0><y=0><width=768><height=1084><id=-1>, android.view.MotionEvent@183926881)
I/org.umd.logging(14221): Method < 1 com.androbaby.game2048.r.onTouch(true)
W/ResourceType(14221): No known package when getting name for resource number 0xffffffff
I/org.umd.logging(14221): Method > 1 com.androbaby.game2048.r.onTouch(com.androbaby.game2048.r@62776327, com.androbaby.game2048.ac@844682077<file=><x=0><y=0><width=768><height=1084><id=-1>, android.view.MotionEvent@183926881)
I/org.umd.logging(14221): Method < 1 com.androbaby.game2048.r.onTouch(true)
W/ResourceType(14221): No known package when getting name for resource number 0xffffffff
I/org.umd.logging(14221): Method > 1 com.androbaby.game2048.r.onTouch(com.androbaby.game2048.r@62776327, com.androbaby.game2048.ac@844682077<file=><x=0><y=0><width=768><height=1084><id=-1>, android.view.MotionEvent@183926881)
I/org.umd.logging(14221): Method < 1 com.androbaby.game2048.r.onTouch(true)
W/ResourceType(14221): No known package when getting name for resource number 0xffffffff
I/org.umd.logging(14221): Method > 1 com.androbaby.game2048.r.onTouch(com.androbaby.game2048.r@62776327, com.androbaby.game2048.ac@844682077<file=><x=0><y=0><width=768><height=1084><id=-1>, android.view.MotionEvent@183926881)
I/org.umd.logging(14221): Method < 1 com.androbaby.game2048.r.onTouch(true)
W/ResourceType(14221): No known package when getting name for resource number 0xffffffff
I/org.umd.logging(14221): Method > 1 com.androbaby.game2048.r.onTouch(com.androbaby.game2048.r@62776327, com.androbaby.game2048.ac@844682077<file=><x=0><y=0><width=768><height=1084><id=-1>, android.view.MotionEvent@183926881)
I/org.umd.logging(14221): Method < 1 com.androbaby.game2048.r.onTouch(true)
W/ResourceType(14221): No known package when getting name for resource number 0xffffffff
I/org.umd.logging(14221): Method > 1 com.androbaby.game2048.r.onTouch(com.androbaby.game2048.r@62776327, com.androbaby.game2048.ac@844682077<file=><x=0><y=0><width=768><height=1084><id=-1>, android.view.MotionEvent@183926881)
I/org.umd.logging(14221): Method < 1 com.androbaby.game2048.r.onTouch(true)
W/ResourceType(14221): No known package when getting name for resource number 0xffffffff
I/org.umd.logging(14221): Method > 1 com.androbaby.game2048.r.onTouch(com.androbaby.game2048.r@62776327, com.androbaby.game2048.ac@844682077<file=><x=0><y=0><width=768><height=1084><id=-1>, android.view.MotionEvent@183926881)
I/org.umd.logging(14221): Method < 1 com.androbaby.game2048.r.onTouch(true)
I/InputDispatcher(  591): Window 'Window{122c7e6f u0 com.androbaby.game2048/com.androbaby.game2048.MainActivity}' spent 2005.5ms processing the last input event: MotionEvent(deviceId=0, source=0x00001002, action=1, flags=0x00000000, metaState=0x00000000, buttonState=0x00000000, edgeFlags=0x00000000, xPrecision=1.0, yPrecision=1.0, displayId=0, pointers=[0: (329.8, 618.5)]), policyFlags=0x6b000000
W/ResourceType(14221): No known package when getting name for resource number 0xffffffff
I/org.umd.logging(14221): Method > 1 com.androbaby.game2048.r.onTouch(com.androbaby.game2048.r@62776327, com.androbaby.game2048.ac@844682077<file=><x=0><y=0><width=768><height=1084><id=-1>, android.view.MotionEvent@183926881)
I/org.umd.logging(14221): Method < 1 com.androbaby.game2048.r.onTouch(true)
I/InputDispatcher(  591): Window 'Window{122c7e6f u0 com.androbaby.game2048/com.androbaby.game2048.MainActivity}' spent 2071.3ms processing the last input event: MotionEvent(deviceId=0, source=0x00001002, action=0, flags=0x00000000, metaState=0x00000000, buttonState=0x00000000, edgeFlags=0x00000000, xPrecision=1.0, yPrecision=1.0, displayId=0, pointers=[0: (558.0, 683.0)]), policyFlags=0x6b000000
W/ResourceType(14221): No known package when getting name for resource number 0xffffffff
I/org.umd.logging(14221): Method > 1 com.androbaby.game2048.r.onTouch(com.androbaby.game2048.r@62776327, com.androbaby.game2048.ac@844682077<file=><x=0><y=0><width=768><height=1084><id=-1>, android.view.MotionEvent@183926881)
I/org.umd.logging(14221): Method < 1 com.androbaby.game2048.r.onTouch(true)
I/InputDispatcher(  591): Window 'Window{122c7e6f u0 com.androbaby.game2048/com.androbaby.game2048.MainActivity}' spent 2117.8ms processing the last input event: MotionEvent(deviceId=0, source=0x00001002, action=2, flags=0x00000000, metaState=0x00000000, buttonState=0x00000000, edgeFlags=0x00000000, xPrecision=1.0, yPrecision=1.0, displayId=0, pointers=[0: (546.8, 679.9)]), policyFlags=0x6b000000
I/InputDispatcher(  591): Window 'Window{122c7e6f u0 com.androbaby.game2048/com.androbaby.game2048.MainActivity}' spent 2116.6ms processing the last input event: MotionEvent(deviceId=0, source=0x00001002, action=2, flags=0x00000000, metaState=0x00000000, buttonState=0x00000000, edgeFlags=0x00000000, xPrecision=1.0, yPrecision=1.0, displayId=0, pointers=[0: (545.3, 676.7)]), policyFlags=0x6b000000
I/InputDispatcher(  591): Window 'Window{122c7e6f u0 com.androbaby.game2048/com.androbaby.game2048.MainActivity}' spent 2079.5ms processing the last input event: MotionEvent(deviceId=0, source=0x00001002, action=2, flags=0x00000000, metaState=0x00000000, buttonState=0x00000000, edgeFlags=0x00000000, xPrecision=1.0, yPrecision=1.0, displayId=0, pointers=[0: (545.2, 676.5)]), policyFlags=0x6b000000
I/InputDispatcher(  591): Window 'Window{122c7e6f u0 com.androbaby.game2048/com.androbaby.game2048.MainActivity}' spent 2079.4ms processing the last input event: MotionEvent(deviceId=0, source=0x00001002, action=2, flags=0x00000000, metaState=0x00000000, buttonState=0x00000000, edgeFlags=0x00000000, xPrecision=1.0, yPrecision=1.0, displayId=0, pointers=[0: (541.2, 673.3)]), policyFlags=0x6b000000
I/InputDispatcher(  591): Window 'Window{122c7e6f u0 com.androbaby.game2048/com.androbaby.game2048.MainActivity}' spent 2078.1ms processing the last input event: MotionEvent(deviceId=0, source=0x00001002, action=2, flags=0x00000000, metaState=0x00000000, buttonState=0x00000000, edgeFlags=0x00000000, xPrecision=1.0, yPrecision=1.0, displayId=0, pointers=[0: (532.9, 668.6)]), policyFlags=0x6b000000
W/ResourceType(14221): No known package when getting name for resource number 0xffffffff
I/org.umd.logging(14221): Method > 1 com.androbaby.game2048.r.onTouch(com.androbaby.game2048.r@62776327, com.androbaby.game2048.ac@844682077<file=><x=0><y=0><width=768><height=1084><id=-1>, android.view.MotionEvent@183926881)
I/org.umd.logging(14221): Method < 1 com.androbaby.game2048.r.onTouch(true)
I/InputDispatcher(  591): Window 'Window{122c7e6f u0 com.androbaby.game2048/com.androbaby.game2048.MainActivity}' spent 2126.8ms processing the last input event: MotionEvent(deviceId=0, source=0x00001002, action=1, flags=0x00000000, metaState=0x00000000, buttonState=0x00000000, edgeFlags=0x00000000, xPrecision=1.0, yPrecision=1.0, displayId=0, pointers=[0: (521.2, 664.3)]), policyFlags=0x6b000000
W/ResourceType(14221): No known package when getting name for resource number 0xffffffff
I/org.umd.logging(14221): Method > 1 com.androbaby.game2048.r.onTouch(com.androbaby.game2048.r@62776327, com.androbaby.game2048.ac@844682077<file=><x=0><y=0><width=768><height=1084><id=-1>, android.view.MotionEvent@183926881)
I/org.umd.logging(14221): Method < 1 com.androbaby.game2048.r.onTouch(true)
I/InputDispatcher(  591): Window 'Window{122c7e6f u0 com.androbaby.game2048/com.androbaby.game2048.MainActivity}' spent 2176.8ms processing the last input event: MotionEvent(deviceId=0, source=0x00001002, action=0, flags=0x00000000, metaState=0x00000000, buttonState=0x00000000, edgeFlags=0x00000000, xPrecision=1.0, yPrecision=1.0, displayId=0, pointers=[0: (751.0, 194.0)]), policyFlags=0x6b000000
W/ResourceType(14221): No known package when getting name for resource number 0xffffffff
I/org.umd.logging(14221): Method > 1 com.androbaby.game2048.r.onTouch(com.androbaby.game2048.r@62776327, com.androbaby.game2048.ac@844682077<file=><x=0><y=0><width=768><height=1084><id=-1>, android.view.MotionEvent@183926881)
I/org.umd.logging(14221): Method < 1 com.androbaby.game2048.r.onTouch(true)
I/InputDispatcher(  591): Window 'Window{122c7e6f u0 com.androbaby.game2048/com.androbaby.game2048.MainActivity}' spent 2229.1ms processing the last input event: MotionEvent(deviceId=0, source=0x00001002, action=2, flags=0x00000000, metaState=0x00000000, buttonState=0x00000000, edgeFlags=0x00000000, xPrecision=1.0, yPrecision=1.0, displayId=0, pointers=[0: (751.4, 187.8)]), policyFlags=0x6b000000
I/InputDispatcher(  591): Window 'Window{122c7e6f u0 com.androbaby.game2048/com.androbaby.game2048.MainActivity}' spent 2122.3ms processing the last input event: MotionEvent(deviceId=0, source=0x00001002, action=2, flags=0x00000000, metaState=0x00000000, buttonState=0x00000000, edgeFlags=0x00000000, xPrecision=1.0, yPrecision=1.0, displayId=0, pointers=[0: (751.5, 177.0)]), policyFlags=0x6b000000
I/InputDispatcher(  591): Window 'Window{122c7e6f u0 com.androbaby.game2048/com.androbaby.game2048.MainActivity}' spent 2067.7ms processing the last input event: MotionEvent(deviceId=0, source=0x00001002, action=2, flags=0x00000000, metaState=0x00000000, buttonState=0x00000000, edgeFlags=0x00000000, xPrecision=1.0, yPrecision=1.0, displayId=0, pointers=[0: (751.7, 156.9)]), policyFlags=0x6b000000
W/ResourceType(14221): No known package when getting name for resource number 0xffffffff
I/org.umd.logging(14221): Method > 1 com.androbaby.game2048.r.onTouch(com.androbaby.game2048.r@62776327, com.androbaby.game2048.ac@844682077<file=><x=0><y=0><width=768><height=1084><id=-1>, android.view.MotionEvent@183926881)
I/org.umd.logging(14221): Method < 1 com.androbaby.game2048.r.onTouch(true)
I/InputDispatcher(  591): Window 'Window{122c7e6f u0 com.androbaby.game2048/com.androbaby.game2048.MainActivity}' spent 2118.1ms processing the last input event: MotionEvent(deviceId=0, source=0x00001002, action=1, flags=0x00000000, metaState=0x00000000, buttonState=0x00000000, edgeFlags=0x00000000, xPrecision=1.0, yPrecision=1.0, displayId=0, pointers=[0: (752.2, 145.6)]), policyFlags=0x6b000000
W/ResourceType(14221): No known package when getting name for resource number 0xffffffff
I/org.umd.logging(14221): Method > 1 com.androbaby.game2048.r.onTouch(com.androbaby.game2048.r@62776327, com.androbaby.game2048.ac@844682077<file=><x=0><y=0><width=768><height=1084><id=-1>, android.view.MotionEvent@183926881)
I/org.umd.logging(14221): Method < 1 com.androbaby.game2048.r.onTouch(true)
I/InputDispatcher(  591): Window 'Window{122c7e6f u0 com.androbaby.game2048/com.androbaby.game2048.MainActivity}' spent 2165.5ms processing the last input event: MotionEvent(deviceId=0, source=0x00001002, action=0, flags=0x00000000, metaState=0x00000000, buttonState=0x00000000, edgeFlags=0x00000000, xPrecision=1.0, yPrecision=1.0, displayId=0, pointers=[0: (334.0, 909.0)]), policyFlags=0x6b000000
W/ResourceType(14221): No known package when getting name for resource number 0xffffffff
I/org.umd.logging(14221): Method > 1 com.androbaby.game2048.r.onTouch(com.androbaby.game2048.r@62776327, com.androbaby.game2048.ac@844682077<file=><x=0><y=0><width=768><height=1084><id=-1>, android.view.MotionEvent@183926881)
I/org.umd.logging(14221): Method < 1 com.androbaby.game2048.r.onTouch(true)
I/InputDispatcher(  591): Window 'Window{122c7e6f u0 com.androbaby.game2048/com.androbaby.game2048.MainActivity}' spent 2215.0ms processing the last input event: MotionEvent(deviceId=0, source=0x00001002, action=2, flags=0x00000000, metaState=0x00000000, buttonState=0x00000000, edgeFlags=0x00000000, xPrecision=1.0, yPrecision=1.0, displayId=0, pointers=[0: (313.3, 897.4)]), policyFlags=0x6b000000
I/InputDispatcher(  591): Window 'Window{122c7e6f u0 com.androbaby.game2048/com.androbaby.game2048.MainActivity}' spent 2214.3ms processing the last input event: MotionEvent(deviceId=0, source=0x00001002, action=2, flags=0x00000000, metaState=0x00000000, buttonState=0x00000000, edgeFlags=0x00000000, xPrecision=1.0, yPrecision=1.0, displayId=0, pointers=[0: (295.8, 887.5)]), policyFlags=0x6b000000
I/InputDispatcher(  591): Window 'Window{122c7e6f u0 com.androbaby.game2048/com.androbaby.game2048.MainActivity}' spent 2213.6ms processing the last input event: MotionEvent(deviceId=0, source=0x00001002, action=2, flags=0x00000000, metaState=0x00000000, buttonState=0x00000000, edgeFlags=0x00000000, xPrecision=1.0, yPrecision=1.0, displayId=0, pointers=[0: (290.4, 881.4)]), policyFlags=0x6b000000
W/ResourceType(14221): No known package when getting name for resource number 0xffffffff
I/org.umd.logging(14221): Method > 1 com.androbaby.game2048.r.onTouch(com.androbaby.game2048.r@62776327, com.androbaby.game2048.ac@844682077<file=><x=0><y=0><width=768><height=1084><id=-1>, android.view.MotionEvent@183926881)
I/org.umd.logging(14221): Method < 1 com.androbaby.game2048.r.onTouch(true)
I/InputDispatcher(  591): Window 'Window{122c7e6f u0 com.androbaby.game2048/com.androbaby.game2048.MainActivity}' spent 2261.8ms processing the last input event: MotionEvent(deviceId=0, source=0x00001002, action=1, flags=0x00000000, metaState=0x00000000, buttonState=0x00000000, edgeFlags=0x00000000, xPrecision=1.0, yPrecision=1.0, displayId=0, pointers=[0: (289.2, 869.3)]), policyFlags=0x6b000000
I/InputDispatcher(  591): Window 'Window{122c7e6f u0 com.androbaby.game2048/com.androbaby.game2048.MainActivity}' spent 2259.2ms processing the last input event: MotionEvent(deviceId=0, source=0x00001002, action=0, flags=0x00000000, metaState=0x00000000, buttonState=0x00000000, edgeFlags=0x00000000, xPrecision=1.0, yPrecision=1.0, displayId=0, pointers=[0: (767.0, 1140.0)]), policyFlags=0x6b000000
I/InputDispatcher(  591): Window 'Window{122c7e6f u0 com.androbaby.game2048/com.androbaby.game2048.MainActivity}' spent 2257.9ms processing the last input event: MotionEvent(deviceId=0, source=0x00001002, action=2, flags=0x00000000, metaState=0x00000000, buttonState=0x00000000, edgeFlags=0x00000000, xPrecision=1.0, yPrecision=1.0, displayId=0, pointers=[0: (753.3, 1144.9)]), policyFlags=0x6b000000
I/InputDispatcher(  591): Window 'Window{122c7e6f u0 com.androbaby.game2048/com.androbaby.game2048.MainActivity}' spent 2256.4ms processing the last input event: MotionEvent(deviceId=0, source=0x00001002, action=1, flags=0x00000000, metaState=0x00000000, buttonState=0x00000000, edgeFlags=0x00000000, xPrecision=1.0, yPrecision=1.0, displayId=0, pointers=[0: (740.8, 1162.6)]), policyFlags=0x6b000000
W/ResourceType(14221): No known package when getting name for resource number 0xffffffff
I/org.umd.logging(14221): Method > 1 com.androbaby.game2048.r.onTouch(com.androbaby.game2048.r@62776327, com.androbaby.game2048.ac@844682077<file=><x=0><y=0><width=768><height=1084><id=-1>, android.view.MotionEvent@183926881)
I/org.umd.logging(14221): Method < 1 com.androbaby.game2048.r.onTouch(true)
I/InputDispatcher(  591): Window 'Window{122c7e6f u0 com.androbaby.game2048/com.androbaby.game2048.MainActivity}' spent 2112.0ms processing the last input event: MotionEvent(deviceId=0, source=0x00001002, action=0, flags=0x00000000, metaState=0x00000000, buttonState=0x00000000, edgeFlags=0x00000000, xPrecision=1.0, yPrecision=1.0, displayId=0, pointers=[0: (318.0, 980.0)]), policyFlags=0x6b000000
I/InputDispatcher(  591): Window 'Window{122c7e6f u0 com.androbaby.game2048/com.androbaby.game2048.MainActivity}' spent 2689.0ms processing the last input event: KeyEvent(deviceId=-1, source=0x00000101, action=1, flags=0x00000008, keyCode=22, scanCode=0, metaState=0x00000000, repeatCount=0), policyFlags=0x6b000000
E/chromium(14221): [ERROR:interface_registry.cc(99)] Failed to locate a binder for interface: autofill::mojom::AutofillDriver
E/chromium(14221): [ERROR:interface_registry.cc(99)] Failed to locate a binder for interface: autofill::mojom::AutofillDriver
I/Choreographer(14221): Skipped 161 frames!  The application may be doing too much work on its main thread.
I/InputDispatcher(  591): Window 'Window{122c7e6f u0 com.androbaby.game2048/com.androbaby.game2048.MainActivity}' spent 2679.2ms processing the last input event: MotionEvent(deviceId=0, source=0x00010004, action=2, flags=0x00000000, metaState=0x00000000, buttonState=0x00000000, edgeFlags=0x00000000, xPrecision=1.0, yPrecision=1.0, displayId=0, pointers=[0: (-1.0, 0.0)]), policyFlags=0x6b000000
I/InputDispatcher(  591): Window 'Window{122c7e6f u0 com.androbaby.game2048/com.androbaby.game2048.MainActivity}' spent 2677.9ms processing the last input event: MotionEvent(deviceId=0, source=0x00010004, action=2, flags=0x00000000, metaState=0x00000000, buttonState=0x00000000, edgeFlags=0x00000000, xPrecision=1.0, yPrecision=1.0, displayId=0, pointers=[0: (-3.0, 3.0)]), policyFlags=0x6b000000
I/InputDispatcher(  591): Window 'Window{122c7e6f u0 com.androbaby.game2048/com.androbaby.game2048.MainActivity}' spent 2677.4ms processing the last input event: MotionEvent(deviceId=0, source=0x00010004, action=2, flags=0x00000000, metaState=0x00000000, buttonState=0x00000000, edgeFlags=0x00000000, xPrecision=1.0, yPrecision=1.0, displayId=0, pointers=[0: (0.0, -5.0)]), policyFlags=0x6b000000
I/InputDispatcher(  591): Window 'Window{122c7e6f u0 com.androbaby.game2048/com.androbaby.game2048.MainActivity}' spent 2676.8ms processing the last input event: MotionEvent(deviceId=0, source=0x00010004, action=2, flags=0x00000000, metaState=0x00000000, buttonState=0x00000000, edgeFlags=0x00000000, xPrecision=1.0, yPrecision=1.0, displayId=0, pointers=[0: (2.0, 2.0)]), policyFlags=0x6b000000
I/InputDispatcher(  591): Window 'Window{122c7e6f u0 com.androbaby.game2048/com.androbaby.game2048.MainActivity}' spent 2676.3ms processing the last input event: MotionEvent(deviceId=0, source=0x00010004, action=2, flags=0x00000000, metaState=0x00000000, buttonState=0x00000000, edgeFlags=0x00000000, xPrecision=1.0, yPrecision=1.0, displayId=0, pointers=[0: (0.0, -1.0)]), policyFlags=0x6b000000
I/InputDispatcher(  591): Window 'Window{122c7e6f u0 com.androbaby.game2048/com.androbaby.game2048.MainActivity}' spent 2675.5ms processing the last input event: MotionEvent(deviceId=0, source=0x00010004, action=2, flags=0x00000000, metaState=0x00000000, buttonState=0x00000000, edgeFlags=0x00000000, xPrecision=1.0, yPrecision=1.0, displayId=0, pointers=[0: (-5.0, -1.0)]), policyFlags=0x6b000000
I/InputDispatcher(  591): Window 'Window{122c7e6f u0 com.androbaby.game2048/com.androbaby.game2048.MainActivity}' spent 2675.0ms processing the last input event: MotionEvent(deviceId=0, source=0x00010004, action=2, flags=0x00000000, metaState=0x00000000, buttonState=0x00000000, edgeFlags=0x00000000, xPrecision=1.0, yPrecision=1.0, displayId=0, pointers=[0: (2.0, -3.0)]), policyFlags=0x6b000000
I/InputDispatcher(  591): Window 'Window{122c7e6f u0 com.androbaby.game2048/com.androbaby.game2048.MainActivity}' spent 2674.3ms processing the last input event: MotionEvent(deviceId=0, source=0x00010004, action=2, flags=0x00000000, metaState=0x00000000, buttonState=0x00000000, edgeFlags=0x00000000, xPrecision=1.0, yPrecision=1.0, displayId=0, pointers=[0: (-5.0, -3.0)]), policyFlags=0x6b000000
I/InputDispatcher(  591): Window 'Window{122c7e6f u0 com.androbaby.game2048/com.androbaby.game2048.MainActivity}' spent 2673.4ms processing the last input event: MotionEvent(deviceId=0, source=0x00010004, action=2, flags=0x00000000, metaState=0x00000000, buttonState=0x00000000, edgeFlags=0x00000000, xPrecision=1.0, yPrecision=1.0, displayId=0, pointers=[0: (-1.0, -5.0)]), policyFlags=0x6b000000
I/InputDispatcher(  591): Window 'Window{122c7e6f u0 com.androbaby.game2048/com.androbaby.game2048.MainActivity}' spent 2670.4ms processing the last input event: MotionEvent(deviceId=0, source=0x00010004, action=2, flags=0x00000000, metaState=0x00000000, buttonState=0x00000000, edgeFlags=0x00000000, xPrecision=1.0, yPrecision=1.0, displayId=0, pointers=[0: (4.0, 3.0)]), policyFlags=0x6b000000
W/ResourceType(14221): No known package when getting name for resource number 0xffffffff
I/org.umd.logging(14221): Method > 1 com.androbaby.game2048.r.onTouch(com.androbaby.game2048.r@62776327, com.androbaby.game2048.ac@844682077<file=><x=0><y=0><width=768><height=1084><id=-1>, android.view.MotionEvent@183926881)
I/org.umd.logging(14221): Method < 1 com.androbaby.game2048.r.onTouch(true)
W/ResourceType(14221): No known package when getting name for resource number 0xffffffff
I/org.umd.logging(14221): Method > 1 com.androbaby.game2048.r.onTouch(com.androbaby.game2048.r@62776327, com.androbaby.game2048.ac@844682077<file=><x=0><y=0><width=768><height=1084><id=-1>, android.view.MotionEvent@183926881)
I/org.umd.logging(14221): Method < 1 com.androbaby.game2048.r.onTouch(true)
W/ResourceType(14221): No known package when getting name for resource number 0xffffffff
I/org.umd.logging(14221): Method > 1 com.androbaby.game2048.r.onTouch(com.androbaby.game2048.r@62776327, com.androbaby.game2048.ac@844682077<file=><x=0><y=0><width=768><height=1084><id=-1>, android.view.MotionEvent@183926881)
I/org.umd.logging(14221): Method < 1 com.androbaby.game2048.r.onTouch(true)
W/ResourceType(14221): No known package when getting name for resource number 0xffffffff
I/org.umd.logging(14221): Method > 1 com.androbaby.game2048.r.onTouch(com.androbaby.game2048.r@62776327, com.androbaby.game2048.ac@844682077<file=><x=0><y=0><width=768><height=1084><id=-1>, android.view.MotionEvent@183926881)
I/org.umd.logging(14221): Method < 1 com.androbaby.game2048.r.onTouch(true)
W/ResourceType(14221): No known package when getting name for resource number 0xffffffff
I/org.umd.logging(14221): Method > 1 com.androbaby.game2048.r.onTouch(com.androbaby.game2048.r@62776327, com.androbaby.game2048.ac@844682077<file=><x=0><y=0><width=768><height=1084><id=-1>, android.view.MotionEvent@183926881)
I/org.umd.logging(14221): Method < 1 com.androbaby.game2048.r.onTouch(true)
W/ResourceType(14221): No known package when getting name for resource number 0xffffffff
I/org.umd.logging(14221): Method > 1 com.androbaby.game2048.r.onTouch(com.androbaby.game2048.r@62776327, com.androbaby.game2048.ac@844682077<file=><x=0><y=0><width=768><height=1084><id=-1>, android.view.MotionEvent@183926881)
I/org.umd.logging(14221): Method < 1 com.androbaby.game2048.r.onTouch(true)
W/ResourceType(14221): No known package when getting name for resource number 0xffffffff
I/org.umd.logging(14221): Method > 1 com.androbaby.game2048.r.onTouch(com.androbaby.game2048.r@62776327, com.androbaby.game2048.ac@844682077<file=><x=0><y=0><width=768><height=1084><id=-1>, android.view.MotionEvent@183926881)
I/org.umd.logging(14221): Method < 1 com.androbaby.game2048.r.onTouch(true)
W/ResourceType(14221): No known package when getting name for resource number 0xffffffff
I/org.umd.logging(14221): Method > 1 com.androbaby.game2048.r.onTouch(com.androbaby.game2048.r@62776327, com.androbaby.game2048.ac@844682077<file=><x=0><y=0><width=768><height=1084><id=-1>, android.view.MotionEvent@183926881)
I/org.umd.logging(14221): Method < 1 com.androbaby.game2048.r.onTouch(true)
W/ResourceType(14221): No known package when getting name for resource number 0xffffffff
I/org.umd.logging(14221): Method > 1 com.androbaby.game2048.r.onTouch(com.androbaby.game2048.r@62776327, com.androbaby.game2048.ac@844682077<file=><x=0><y=0><width=768><height=1084><id=-1>, android.view.MotionEvent@183926881)
I/org.umd.logging(14221): Method < 1 com.androbaby.game2048.r.onTouch(true)
W/ResourceType(14221): No known package when getting name for resource number 0xffffffff
I/org.umd.logging(14221): Method > 1 com.androbaby.game2048.r.onTouch(com.androbaby.game2048.r@62776327, com.androbaby.game2048.ac@844682077<file=><x=0><y=0><width=768><height=1084><id=-1>, android.view.MotionEvent@183926881)
I/org.umd.logging(14221): Method < 1 com.androbaby.game2048.r.onTouch(true)
W/ResourceType(14221): No known package when getting name for resource number 0xffffffff
I/org.umd.logging(14221): Method > 1 com.androbaby.game2048.r.onTouch(com.androbaby.game2048.r@62776327, com.androbaby.game2048.ac@844682077<file=><x=0><y=0><width=768><height=1084><id=-1>, android.view.MotionEvent@183926881)
I/org.umd.logging(14221): Method < 1 com.androbaby.game2048.r.onTouch(true)
W/ResourceType(14221): No known package when getting name for resource number 0xffffffff
I/org.umd.logging(14221): Method > 1 com.androbaby.game2048.r.onTouch(com.androbaby.game2048.r@62776327, com.androbaby.game2048.ac@844682077<file=><x=0><y=0><width=768><height=1084><id=-1>, android.view.MotionEvent@183926881)
I/org.umd.logging(14221): Method < 1 com.androbaby.game2048.r.onTouch(true)
W/ResourceType(14221): No known package when getting name for resource number 0xffffffff
I/org.umd.logging(14221): Method > 1 com.androbaby.game2048.r.onTouch(com.androbaby.game2048.r@62776327, com.androbaby.game2048.ac@844682077<file=><x=0><y=0><width=768><height=1084><id=-1>, android.view.MotionEvent@183926881)
I/org.umd.logging(14221): Method < 1 com.androbaby.game2048.r.onTouch(true)
W/ResourceType(14221): No known package when getting name for resource number 0xffffffff
I/org.umd.logging(14221): Method > 1 com.androbaby.game2048.r.onTouch(com.androbaby.game2048.r@62776327, com.androbaby.game2048.ac@844682077<file=><x=0><y=0><width=768><height=1084><id=-1>, android.view.MotionEvent@183926881)
I/org.umd.logging(14221): Method < 1 com.androbaby.game2048.r.onTouch(true)
W/ResourceType(14221): No known package when getting name for resource number 0xffffffff
I/org.umd.logging(14221): Method > 1 com.androbaby.game2048.r.onTouch(com.androbaby.game2048.r@62776327, com.androbaby.game2048.ac@844682077<file=><x=0><y=0><width=768><height=1084><id=-1>, android.view.MotionEvent@183926881)
I/org.umd.logging(14221): Method < 1 com.androbaby.game2048.r.onTouch(true)
W/ResourceType(14221): No known package when getting name for resource number 0xffffffff
I/org.umd.logging(14221): Method > 1 com.androbaby.game2048.r.onTouch(com.androbaby.game2048.r@62776327, com.androbaby.game2048.ac@844682077<file=><x=0><y=0><width=768><height=1084><id=-1>, android.view.MotionEvent@183926881)
I/org.umd.logging(14221): Method < 1 com.androbaby.game2048.r.onTouch(true)
W/ResourceType(14221): No known package when getting name for resource number 0xffffffff
I/org.umd.logging(14221): Method > 1 com.androbaby.game2048.r.onTouch(com.androbaby.game2048.r@62776327, com.androbaby.game2048.ac@844682077<file=><x=0><y=0><width=768><height=1084><id=-1>, android.view.MotionEvent@183926881)
I/org.umd.logging(14221): Method < 1 com.androbaby.game2048.r.onTouch(true)
W/ResourceType(14221): No known package when getting name for resource number 0xffffffff
I/org.umd.logging(14221): Method > 1 com.androbaby.game2048.r.onTouch(com.androbaby.game2048.r@62776327, com.androbaby.game2048.ac@844682077<file=><x=0><y=0><width=768><height=1084><id=-1>, android.view.MotionEvent@183926881)
I/org.umd.logging(14221): Method < 1 com.androbaby.game2048.r.onTouch(true)
W/ResourceType(14221): No known package when getting name for resource number 0xffffffff
I/org.umd.logging(14221): Method > 1 com.androbaby.game2048.r.onTouch(com.androbaby.game2048.r@62776327, com.androbaby.game2048.ac@844682077<file=><x=0><y=0><width=768><height=1084><id=-1>, android.view.MotionEvent@183926881)
I/org.umd.logging(14221): Method < 1 com.androbaby.game2048.r.onTouch(true)
W/ResourceType(14221): No known package when getting name for resource number 0xffffffff
I/org.umd.logging(14221): Method > 1 com.androbaby.game2048.r.onTouch(com.androbaby.game2048.r@62776327, com.androbaby.game2048.ac@844682077<file=><x=0><y=0><width=768><height=1084><id=-1>, android.view.MotionEvent@183926881)
I/org.umd.logging(14221): Method < 1 com.androbaby.game2048.r.onTouch(true)
W/ResourceType(14221): No known package when getting name for resource number 0xffffffff
I/org.umd.logging(14221): Method > 1 com.androbaby.game2048.r.onTouch(com.androbaby.game2048.r@62776327, com.androbaby.game2048.ac@844682077<file=><x=0><y=0><width=768><height=1084><id=-1>, android.view.MotionEvent@183926881)
I/org.umd.logging(14221): Method < 1 com.androbaby.game2048.r.onTouch(true)
W/ResourceType(14221): No known package when getting name for resource number 0xffffffff
I/org.umd.logging(14221): Method > 1 com.androbaby.game2048.r.onTouch(com.androbaby.game2048.r@62776327, com.androbaby.game2048.ac@844682077<file=><x=0><y=0><width=768><height=1084><id=-1>, android.view.MotionEvent@183926881)
I/org.umd.logging(14221): Method < 1 com.androbaby.game2048.r.onTouch(true)
W/ResourceType(14221): No known package when getting name for resource number 0xffffffff
I/org.umd.logging(14221): Method > 1 com.androbaby.game2048.r.onTouch(com.androbaby.game2048.r@62776327, com.androbaby.game2048.ac@844682077<file=><x=0><y=0><width=768><height=1084><id=-1>, android.view.MotionEvent@183926881)
I/org.umd.logging(14221): Method < 1 com.androbaby.game2048.r.onTouch(true)
W/ResourceType(14221): No known package when getting name for resource number 0xffffffff
I/org.umd.logging(14221): Method > 1 com.androbaby.game2048.r.onTouch(com.androbaby.game2048.r@62776327, com.androbaby.game2048.ac@844682077<file=><x=0><y=0><width=768><height=1084><id=-1>, android.view.MotionEvent@183926881)
I/org.umd.logging(14221): Method < 1 com.androbaby.game2048.r.onTouch(true)
W/ResourceType(14221): No known package when getting name for resource number 0xffffffff
I/org.umd.logging(14221): Method > 1 com.androbaby.game2048.r.onTouch(com.androbaby.game2048.r@62776327, com.androbaby.game2048.ac@844682077<file=><x=0><y=0><width=768><height=1084><id=-1>, android.view.MotionEvent@183926881)
I/org.umd.logging(14221): Method < 1 com.androbaby.game2048.r.onTouch(true)
W/ResourceType(14221): No known package when getting name for resource number 0xffffffff
I/org.umd.logging(14221): Method > 1 com.androbaby.game2048.r.onTouch(com.androbaby.game2048.r@62776327, com.androbaby.game2048.ac@844682077<file=><x=0><y=0><width=768><height=1084><id=-1>, android.view.MotionEvent@183926881)
I/org.umd.logging(14221): Method < 1 com.androbaby.game2048.r.onTouch(true)
W/ResourceType(14221): No known package when getting name for resource number 0xffffffff
I/org.umd.logging(14221): Method > 1 com.androbaby.game2048.r.onTouch(com.androbaby.game2048.r@62776327, com.androbaby.game2048.ac@844682077<file=><x=0><y=0><width=768><height=1084><id=-1>, android.view.MotionEvent@183926881)
I/org.umd.logging(14221): Method < 1 com.androbaby.game2048.r.onTouch(true)
W/ResourceType(14221): No known package when getting name for resource number 0xffffffff
I/org.umd.logging(14221): Method > 1 com.androbaby.game2048.r.onTouch(com.androbaby.game2048.r@62776327, com.androbaby.game2048.ac@844682077<file=><x=0><y=0><width=768><height=1084><id=-1>, android.view.MotionEvent@183926881)
I/org.umd.logging(14221): Method < 1 com.androbaby.game2048.r.onTouch(true)
W/ResourceType(14221): No known package when getting name for resource number 0xffffffff
I/org.umd.logging(14221): Method > 1 com.androbaby.game2048.r.onTouch(com.androbaby.game2048.r@62776327, com.androbaby.game2048.ac@844682077<file=><x=0><y=0><width=768><height=1084><id=-1>, android.view.MotionEvent@183926881)
I/org.umd.logging(14221): Method < 1 com.androbaby.game2048.r.onTouch(true)
W/ResourceType(14221): No known package when getting name for resource number 0xffffffff
I/org.umd.logging(14221): Method > 1 com.androbaby.game2048.r.onTouch(com.androbaby.game2048.r@62776327, com.androbaby.game2048.ac@844682077<file=><x=0><y=0><width=768><height=1084><id=-1>, android.view.MotionEvent@183926881)
I/org.umd.logging(14221): Method < 1 com.androbaby.game2048.r.onTouch(true)
W/ResourceType(14221): No known package when getting name for resource number 0xffffffff
I/org.umd.logging(14221): Method > 1 com.androbaby.game2048.r.onTouch(com.androbaby.game2048.r@62776327, com.androbaby.game2048.ac@844682077<file=><x=0><y=0><width=768><height=1084><id=-1>, android.view.MotionEvent@183926881)
I/org.umd.logging(14221): Method < 1 com.androbaby.game2048.r.onTouch(true)
W/ResourceType(14221): No known package when getting name for resource number 0xffffffff
I/org.umd.logging(14221): Method > 1 com.androbaby.game2048.r.onTouch(com.androbaby.game2048.r@62776327, com.androbaby.game2048.ac@844682077<file=><x=0><y=0><width=768><height=1084><id=-1>, android.view.MotionEvent@183926881)
I/org.umd.logging(14221): Method < 1 com.androbaby.game2048.r.onTouch(true)
W/ResourceType(14221): No known package when getting name for resource number 0xffffffff
I/org.umd.logging(14221): Method > 1 com.androbaby.game2048.r.onTouch(com.androbaby.game2048.r@62776327, com.androbaby.game2048.ac@844682077<file=><x=0><y=0><width=768><height=1084><id=-1>, android.view.MotionEvent@183926881)
I/org.umd.logging(14221): Method < 1 com.androbaby.game2048.r.onTouch(true)
W/ResourceType(14221): No known package when getting name for resource number 0xffffffff
I/org.umd.logging(14221): Method > 1 com.androbaby.game2048.r.onTouch(com.androbaby.game2048.r@62776327, com.androbaby.game2048.ac@844682077<file=><x=0><y=0><width=768><height=1084><id=-1>, android.view.MotionEvent@183926881)
I/org.umd.logging(14221): Method < 1 com.androbaby.game2048.r.onTouch(true)
W/ResourceType(14221): No known package when getting name for resource number 0xffffffff
I/org.umd.logging(14221): Method > 1 com.androbaby.game2048.r.onTouch(com.androbaby.game2048.r@62776327, com.androbaby.game2048.ac@844682077<file=><x=0><y=0><width=768><height=1084><id=-1>, android.view.MotionEvent@183926881)
I/org.umd.logging(14221): Method < 1 com.androbaby.game2048.r.onTouch(true)
W/ResourceType(14221): No known package when getting name for resource number 0xffffffff
I/org.umd.logging(14221): Method > 1 com.androbaby.game2048.r.onTouch(com.androbaby.game2048.r@62776327, com.androbaby.game2048.ac@844682077<file=><x=0><y=0><width=768><height=1084><id=-1>, android.view.MotionEvent@183926881)
I/org.umd.logging(14221): Method < 1 com.androbaby.game2048.r.onTouch(true)
W/ResourceType(14221): No known package when getting name for resource number 0xffffffff
I/org.umd.logging(14221): Method > 1 com.androbaby.game2048.r.onTouch(com.androbaby.game2048.r@62776327, com.androbaby.game2048.ac@844682077<file=><x=0><y=0><width=768><height=1084><id=-1>, android.view.MotionEvent@183926881)
I/org.umd.logging(14221): Method < 1 com.androbaby.game2048.r.onTouch(true)
W/ResourceType(14221): No known package when getting name for resource number 0xffffffff
I/org.umd.logging(14221): Method > 1 com.androbaby.game2048.r.onTouch(com.androbaby.game2048.r@62776327, com.androbaby.game2048.ac@844682077<file=><x=0><y=0><width=768><height=1084><id=-1>, android.view.MotionEvent@183926881)
I/org.umd.logging(14221): Method < 1 com.androbaby.game2048.r.onTouch(true)
W/ResourceType(14221): No known package when getting name for resource number 0xffffffff
I/org.umd.logging(14221): Method > 1 com.androbaby.game2048.r.onTouch(com.androbaby.game2048.r@62776327, com.androbaby.game2048.ac@844682077<file=><x=0><y=0><width=768><height=1084><id=-1>, android.view.MotionEvent@183926881)
I/org.umd.logging(14221): Method < 1 com.androbaby.game2048.r.onTouch(true)
W/ResourceType(14221): No known package when getting name for resource number 0xffffffff
I/org.umd.logging(14221): Method > 1 com.androbaby.game2048.r.onTouch(com.androbaby.game2048.r@62776327, com.androbaby.game2048.ac@844682077<file=><x=0><y=0><width=768><height=1084><id=-1>, android.view.MotionEvent@183926881)
I/org.umd.logging(14221): Method < 1 com.androbaby.game2048.r.onTouch(true)
W/ResourceType(14221): No known package when getting name for resource number 0xffffffff
I/org.umd.logging(14221): Method > 1 com.androbaby.game2048.r.onTouch(com.androbaby.game2048.r@62776327, com.androbaby.game2048.ac@844682077<file=><x=0><y=0><width=768><height=1084><id=-1>, android.view.MotionEvent@183926881)
I/org.umd.logging(14221): Method < 1 com.androbaby.game2048.r.onTouch(true)
W/ResourceType(14221): No known package when getting name for resource number 0xffffffff
I/org.umd.logging(14221): Method > 1 com.androbaby.game2048.r.onTouch(com.androbaby.game2048.r@62776327, com.androbaby.game2048.ac@844682077<file=><x=0><y=0><width=768><height=1084><id=-1>, android.view.MotionEvent@183926881)
I/org.umd.logging(14221): Method < 1 com.androbaby.game2048.r.onTouch(true)
I/InputDispatcher(  591): Window 'Window{122c7e6f u0 com.androbaby.game2048/com.androbaby.game2048.MainActivity}' spent 2029.6ms processing the last input event: MotionEvent(deviceId=0, source=0x00001002, action=2, flags=0x00000000, metaState=0x00000000, buttonState=0x00000000, edgeFlags=0x00000000, xPrecision=1.0, yPrecision=1.0, displayId=0, pointers=[0: (167.8, 545.4)]), policyFlags=0x6b000000
I/InputDispatcher(  591): Window 'Window{122c7e6f u0 com.androbaby.game2048/com.androbaby.game2048.MainActivity}' spent 2028.4ms processing the last input event: MotionEvent(deviceId=0, source=0x00001002, action=2, flags=0x00000000, metaState=0x00000000, buttonState=0x00000000, edgeFlags=0x00000000, xPrecision=1.0, yPrecision=1.0, displayId=0, pointers=[0: (163.5, 540.3)]), policyFlags=0x6b000000
I/InputDispatcher(  591): Window 'Window{122c7e6f u0 com.androbaby.game2048/com.androbaby.game2048.MainActivity}' spent 2027.4ms processing the last input event: MotionEvent(deviceId=0, source=0x00001002, action=2, flags=0x00000000, metaState=0x00000000, buttonState=0x00000000, edgeFlags=0x00000000, xPrecision=1.0, yPrecision=1.0, displayId=0, pointers=[0: (159.6, 532.6)]), policyFlags=0x6b000000
I/InputDispatcher(  591): Window 'Window{122c7e6f u0 com.androbaby.game2048/com.androbaby.game2048.MainActivity}' spent 2026.7ms processing the last input event: MotionEvent(deviceId=0, source=0x00001002, action=2, flags=0x00000000, metaState=0x00000000, buttonState=0x00000000, edgeFlags=0x00000000, xPrecision=1.0, yPrecision=1.0, displayId=0, pointers=[0: (156.8, 531.5)]), policyFlags=0x6b000000
I/InputDispatcher(  591): Window 'Window{122c7e6f u0 com.androbaby.game2048/com.androbaby.game2048.MainActivity}' spent 2026.1ms processing the last input event: MotionEvent(deviceId=0, source=0x00001002, action=2, flags=0x00000000, metaState=0x00000000, buttonState=0x00000000, edgeFlags=0x00000000, xPrecision=1.0, yPrecision=1.0, displayId=0, pointers=[0: (140.1, 524.9)]), policyFlags=0x6b000000
W/ResourceType(14221): No known package when getting name for resource number 0xffffffff
I/org.umd.logging(14221): Method > 1 com.androbaby.game2048.r.onTouch(com.androbaby.game2048.r@62776327, com.androbaby.game2048.ac@844682077<file=><x=0><y=0><width=768><height=1084><id=-1>, android.view.MotionEvent@183926881)
I/org.umd.logging(14221): Method < 1 com.androbaby.game2048.r.onTouch(true)
I/InputDispatcher(  591): Window 'Window{122c7e6f u0 com.androbaby.game2048/com.androbaby.game2048.MainActivity}' spent 2073.7ms processing the last input event: MotionEvent(deviceId=0, source=0x00001002, action=1, flags=0x00000000, metaState=0x00000000, buttonState=0x00000000, edgeFlags=0x00000000, xPrecision=1.0, yPrecision=1.0, displayId=0, pointers=[0: (117.4, 519.0)]), policyFlags=0x6b000000
W/ResourceType(14221): No known package when getting name for resource number 0xffffffff
I/org.umd.logging(14221): Method > 1 com.androbaby.game2048.r.onTouch(com.androbaby.game2048.r@62776327, com.androbaby.game2048.ac@844682077<file=><x=0><y=0><width=768><height=1084><id=-1>, android.view.MotionEvent@183926881)
I/org.umd.logging(14221): Method < 1 com.androbaby.game2048.r.onTouch(true)
