--------- beginning of main
E/WifiStateMachine(  601): WifiStateMachine CMD_START_SCAN source -2 txSuccessRate=1.19 rxSuccessRate=0.78 targetRoamBSSID=any RSSI=-53
I/DownloadManagerWrapper( 6250): onReceive() : Charging = true
E/WifiStateMachine(  601): WifiStateMachine CMD_START_SCAN source -2 txSuccessRate=0.39 rxSuccessRate=0.20 targetRoamBSSID=any RSSI=-53
--------- beginning of system
W/ActivityManager(  601): getRunningAppProcesses: caller 10084 does not hold REAL_GET_TASKS; limiting output
E/WifiStateMachine(  601): WifiStateMachine CMD_START_SCAN source -2 txSuccessRate=4.22 rxSuccessRate=2.11 targetRoamBSSID=any RSSI=-53
W/ActivityManager(  601): getRunningAppProcesses: caller 10084 does not hold REAL_GET_TASKS; limiting output
E/WifiStateMachine(  601): WifiStateMachine CMD_START_SCAN source -2 txSuccessRate=2.57 rxSuccessRate=1.28 targetRoamBSSID=any RSSI=-53
E/WifiStateMachine(  601): WifiStateMachine CMD_START_SCAN source -2 txSuccessRate=1.15 rxSuccessRate=0.57 targetRoamBSSID=any RSSI=-52
I/DownloadManagerWrapper( 6250): onReceive() : Charging = true
W/ActivityManager(  601): getRunningAppProcesses: caller 10084 does not hold REAL_GET_TASKS; limiting output
I/DownloadManagerWrapper( 6250): onReceive() : Charging = true
I/DeviceStateChecker( 6469): screenOn: true, isCharging: true
E/WifiStateMachine(  601): WifiStateMachine CMD_START_SCAN source -2 txSuccessRate=4.88 rxSuccessRate=2.44 targetRoamBSSID=any RSSI=-53
I/DownloadManagerWrapper( 6250): onReceive() : Charging = true
I/DownloadManagerWrapper( 6250): onReceive() : Charging = true
W/ActivityManager(  601): getRunningAppProcesses: caller 10084 does not hold REAL_GET_TASKS; limiting output
E/WifiStateMachine(  601): WifiStateMachine CMD_START_SCAN source -2 txSuccessRate=7.58 rxSuccessRate=3.79 targetRoamBSSID=any RSSI=-53
I/DownloadManagerWrapper( 6250): onReceive() : Charging = true
E/WifiStateMachine(  601): WifiStateMachine CMD_START_SCAN source -2 txSuccessRate=3.59 rxSuccessRate=1.78 targetRoamBSSID=any RSSI=-53
W/ActivityManager(  601): getRunningAppProcesses: caller 10084 does not hold REAL_GET_TASKS; limiting output
I/DownloadManagerWrapper( 6250): onReceive() : Charging = true
E/WifiStateMachine(  601): WifiStateMachine CMD_START_SCAN source -2 txSuccessRate=3.43 rxSuccessRate=1.78 targetRoamBSSID=any RSSI=-53
I/DownloadManagerWrapper( 6250): onReceive() : Charging = true
I/DownloadManagerWrapper( 6250): onReceive() : Charging = true
W/ActivityManager(  601): getRunningAppProcesses: caller 10084 does not hold REAL_GET_TASKS; limiting output
E/WifiStateMachine(  601): WifiStateMachine CMD_START_SCAN source -2 txSuccessRate=4.30 rxSuccessRate=2.09 targetRoamBSSID=any RSSI=-53
I/DownloadManagerWrapper( 6250): onReceive() : Charging = true
I/DownloadManagerWrapper( 6250): onReceive() : Charging = true
W/ContentTaskController( 6577): Invalid task was provided to stopTracking.
I/LanguageModelDownload( 6250): onCreate()
I/LanguageModelDownload( 6250): Unable to format log message: 'onRunTask() : Tag = %slm_download_on_wifi_task' error:'java.util.MissingFormatArgumentException: Format specifier: s'
I/LanguageModelDownload( 6250): onRunTask() : WiFi ... Continue
W/Conscrypt( 6577): Could not set socket write timeout: null
W/Conscrypt( 6577): Could not set socket write timeout: null
I/LanguageModelUpdater( 6250): Downloading metadata: https://www.gstatic.com/android/keyboard/dictionarypack/Bayan/metadata.json
I/LanguageModelUpdater( 6250): Successfully downloaded metadata: https://www.gstatic.com/android/keyboard/dictionarypack/Bayan/metadata.json
I/LanguageModelUpdater( 6250): Staged metadata to: /data/data/com.google.android.inputmethod.latin/files/staging/metadata.json
I/LanguageModelDatabase( 6250): reloading DB.
I/LanguageModelDatabase( 6250): populateEntry() : pt_BR = BUNDLED (19691231)
I/LanguageModelDatabase( 6250): populateEntry() : ru_RU = BUNDLED (19691231)
I/LanguageModelDatabase( 6250): populateEntry() : fr_FR = BUNDLED (19691231)
I/LanguageModelDatabase( 6250): populateEntry() : en_US = BUNDLED (20160608)
I/LanguageModelDatabase( 6250): populateEntry() : es = BUNDLED (20160112)
I/LanguageModelDatabase( 6250): populateEntry() : it_IT = BUNDLED (19691231)
I/LanguageModelDatabase( 6250): populateEntry() : de_DE = BUNDLED (19691231)
I/LanguageModelUpdater( 6250): Subtype: en_US. Usable LM already exists for [locale, version]: [en_US, 20160608]
I/LanguageModelDownload( 6250): onRunTask() : Done in 856 ms
I/LanguageModelDownload( 6250): onDestroy()
W/ContentTaskController( 6577): Invalid newTask was provided to startTracking.
E/WifiStateMachine(  601): WifiStateMachine CMD_START_SCAN source -2 txSuccessRate=2.30 rxSuccessRate=1.15 targetRoamBSSID=any RSSI=-53
I/DownloadManagerWrapper( 6250): onReceive() : Charging = true
W/ActivityManager(  601): getRunningAppProcesses: caller 10084 does not hold REAL_GET_TASKS; limiting output
E/WifiStateMachine(  601): WifiStateMachine CMD_START_SCAN source -2 txSuccessRate=3.44 rxSuccessRate=1.17 targetRoamBSSID=any RSSI=-52
I/DownloadManagerWrapper( 6250): onReceive() : Charging = true
W/ActivityManager(  601): getRunningAppProcesses: caller 10084 does not hold REAL_GET_TASKS; limiting output
E/WifiStateMachine(  601): WifiStateMachine CMD_START_SCAN source -2 txSuccessRate=0.68 rxSuccessRate=0.23 targetRoamBSSID=any RSSI=-53
I/DownloadManagerWrapper( 6250): onReceive() : Charging = true
E/WifiStateMachine(  601): WifiStateMachine CMD_START_SCAN source -2 txSuccessRate=3.94 rxSuccessRate=1.16 targetRoamBSSID=any RSSI=-53
W/ActivityManager(  601): getRunningAppProcesses: caller 10084 does not hold REAL_GET_TASKS; limiting output
I/org.umd.logging(18209): Method > 1 com.cnn.mobile.android.phone.service.FeedService.onCreate(com.cnn.mobile.android.phone.service.FeedService@711832006)
I/org.umd.logging(18209): Method < 1 com.cnn.mobile.android.phone.service.FeedService.onCreate()
I/org.umd.logging(18209): Method > 1 com.cnn.mobile.android.phone.service.FeedService.onStartCommand(com.cnn.mobile.android.phone.service.FeedService@711832006, android.content.Intent@51846324<action=null><data=null><package=null><component=com.cnn.mobile.android.phone/.service.FeedService><type=null><filter_hashcode=-1301101658><fetch_type=None><umd_Intent_key=None><android.intent.extra.ALARM_COUNT=None>, 0, 1)
I/org.umd.logging(18209): Method > 1 com.androidquery.callback.AbstractAjaxCallback.execute(com.cnn.mobile.android.phone.service.FeedService$1@47071453)
I/org.umd.logging(18209): Method > 756 com.androidquery.callback.AbstractAjaxCallback.run(com.cnn.mobile.android.phone.service.FeedService$1@47071453)
I/org.umd.logging(18209): Method > 756 com.androidquery.callback.AbstractAjaxCallback.execute(com.cnn.mobile.android.phone.service.FeedService$1@47071453, org.apache.http.client.methods.HttpGet@293807186, org.apache.http.impl.client.DefaultHttpClient@289507128, org.apache.http.protocol.BasicHttpContext@324248355)
I/org.umd.logging(18209): Api > 756 org.apache.http.impl.client.DefaultHttpClient.execute(org.apache.http.impl.client.DefaultHttpClient@289507128, org.apache.http.client.methods.HttpGet@293807186, org.apache.http.protocol.BasicHttpContext@324248355)
I/org.umd.logging(18209): Method < 1 com.androidquery.callback.AbstractAjaxCallback.execute()
I/org.umd.logging(18209): Method < 1 com.cnn.mobile.android.phone.service.FeedService.onStartCommand(2)
I/org.umd.logging(18209): Method > 1 com.cnn.mobile.android.phone.service.FeedService.onStartCommand(com.cnn.mobile.android.phone.service.FeedService@711832006, android.content.Intent@107171872<action=null><data=null><package=null><component=com.cnn.mobile.android.phone/.service.FeedService><type=null><filter_hashcode=-1301101658><fetch_type=None><umd_Intent_key=None><android.intent.extra.ALARM_COUNT=None>, 0, 2)
I/org.umd.logging(18209): Method > 1 com.androidquery.callback.AbstractAjaxCallback.execute(com.cnn.mobile.android.phone.service.FeedService$2@326307289)
I/org.umd.logging(18209): Method < 1 com.androidquery.callback.AbstractAjaxCallback.execute()
I/org.umd.logging(18209): Method < 1 com.cnn.mobile.android.phone.service.FeedService.onStartCommand(2)
I/org.umd.logging(18209): Method > 762 com.androidquery.callback.AbstractAjaxCallback.run(com.cnn.mobile.android.phone.service.FeedService$2@326307289)
I/org.umd.logging(18209): Method > 1 com.cnn.mobile.android.phone.service.FeedService.onStartCommand(com.cnn.mobile.android.phone.service.FeedService@711832006, android.content.Intent@621491102<action=null><data=null><package=null><component=com.cnn.mobile.android.phone/.service.FeedService><type=null><filter_hashcode=-1301101658><fetch_type=None><umd_Intent_key=None><android.intent.extra.ALARM_COUNT=None>, 0, 3)
I/ConfigHelper(18209): DYNAMIC CONFIG FILE in play (http://www.cnn.com/partners/android/config/3.04/config-phone.json)
I/org.umd.logging(18209): Method > 1 com.androidquery.callback.AbstractAjaxCallback.execute(com.cnn.mobile.android.phone.service.ConfigHelper$1@100511381)
I/org.umd.logging(18209): Method > 762 com.androidquery.callback.AbstractAjaxCallback.execute(com.cnn.mobile.android.phone.service.FeedService$2@326307289, org.apache.http.client.methods.HttpGet@968052351, org.apache.http.impl.client.DefaultHttpClient@289507128, org.apache.http.protocol.BasicHttpContext@679300684)
I/org.umd.logging(18209): Method < 1 com.androidquery.callback.AbstractAjaxCallback.execute()
I/org.umd.logging(18209): Method > 761 com.androidquery.callback.AbstractAjaxCallback.run(com.cnn.mobile.android.phone.service.ConfigHelper$1@100511381)
I/org.umd.logging(18209): Api > 762 org.apache.http.impl.client.DefaultHttpClient.execute(org.apache.http.impl.client.DefaultHttpClient@289507128, org.apache.http.client.methods.HttpGet@968052351, org.apache.http.protocol.BasicHttpContext@679300684)
I/org.umd.logging(18209): Method < 1 com.cnn.mobile.android.phone.service.FeedService.onStartCommand(2)
I/org.umd.logging(18209): Method < 761 com.androidquery.callback.AbstractAjaxCallback.run()
I/org.umd.logging(18209): Method > 1 com.cnn.mobile.android.phone.service.FeedService.onStartCommand(com.cnn.mobile.android.phone.service.FeedService@711832006, android.content.Intent@879946666<action=null><data=null><package=null><component=com.cnn.mobile.android.phone/.service.FeedService><type=null><filter_hashcode=-1301101658><fetch_type=None><umd_Intent_key=None><android.intent.extra.ALARM_COUNT=None>, 0, 4)
D/WeatherHelper(18209): weather fetch zip null
I/org.umd.logging(18209): Method < 1 com.cnn.mobile.android.phone.service.FeedService.onStartCommand(2)
I/org.umd.logging(18209): Method > 1 com.androidquery.callback.AbstractAjaxCallback.run(com.cnn.mobile.android.phone.service.ConfigHelper$1@100511381)
I/org.umd.logging(18209): Api < 756 org.apache.http.impl.client.DefaultHttpClient.execute(org.apache.http.message.BasicHttpResponse@137909147)
I/org.umd.logging(18209): Method < 756 com.androidquery.callback.AbstractAjaxCallback.execute(org.apache.http.message.BasicHttpResponse@137909147)
I/org.umd.logging(18209): Api < 762 org.apache.http.impl.client.DefaultHttpClient.execute(org.apache.http.message.BasicHttpResponse@777454392)
I/org.umd.logging(18209): Method > 1 com.androidquery.callback.AbstractAjaxCallback.execute(com.cnn.mobile.android.phone.service.ConfigHelper$2@861380369)
I/org.umd.logging(18209): Method < 1 com.androidquery.callback.AbstractAjaxCallback.execute()
I/org.umd.logging(18209): Method > 752 com.androidquery.callback.AbstractAjaxCallback.run(com.cnn.mobile.android.phone.service.ConfigHelper$2@861380369)
I/org.umd.logging(18209): Method < 1 com.androidquery.callback.AbstractAjaxCallback.run()
I/org.umd.logging(18209): Method < 752 com.androidquery.callback.AbstractAjaxCallback.run()
I/org.umd.logging(18209): Method > 1 com.cnn.mobile.android.phone.service.FeedService.onDestroy(com.cnn.mobile.android.phone.service.FeedService@711832006)
I/org.umd.logging(18209): Method < 1 com.cnn.mobile.android.phone.service.FeedService.onDestroy()
I/org.umd.logging(18209): Method > 1 com.androidquery.callback.AbstractAjaxCallback.run(com.cnn.mobile.android.phone.service.ConfigHelper$2@861380369)
I/org.umd.logging(18209): Method < 762 com.androidquery.callback.AbstractAjaxCallback.execute(org.apache.http.message.BasicHttpResponse@777454392)
I/org.umd.logging(18209): Method < 1 com.androidquery.callback.AbstractAjaxCallback.run()
I/org.umd.logging(18209): Method > 1 com.androidquery.callback.AbstractAjaxCallback.run(com.cnn.mobile.android.phone.service.FeedService$1@47071453)
I/org.umd.logging(18209): Method < 756 com.androidquery.callback.AbstractAjaxCallback.run()
I/org.umd.logging(18209): Method < 1 com.androidquery.callback.AbstractAjaxCallback.run()
I/org.umd.logging(18209): Method > 757 com.androidquery.util.Common.run(com.androidquery.util.Common@653006966)
I/org.umd.logging(18209): Method < 757 com.androidquery.util.Common.run()
I/org.umd.logging(18209): Method < 762 com.androidquery.callback.AbstractAjaxCallback.run()
I/org.umd.logging(18209): Method > 1 com.androidquery.callback.AbstractAjaxCallback.run(com.cnn.mobile.android.phone.service.FeedService$2@326307289)
I/org.umd.logging(18209): Method < 1 com.androidquery.callback.AbstractAjaxCallback.run()
I/org.umd.logging(18209): Method > 757 com.androidquery.util.Common.run(com.androidquery.util.Common@591302263)
I/org.umd.logging(18209): Method < 757 com.androidquery.util.Common.run()
I/DeviceStateChecker( 6469): screenOn: true, isCharging: true
E/WifiStateMachine(  601): WifiStateMachine CMD_START_SCAN source -2 txSuccessRate=1.94 rxSuccessRate=0.96 targetRoamBSSID=any RSSI=-53
I/DownloadManagerWrapper( 6250): onReceive() : Charging = true
W/ActivityManager(  601): getRunningAppProcesses: caller 10084 does not hold REAL_GET_TASKS; limiting output
E/WifiStateMachine(  601): WifiStateMachine CMD_START_SCAN source -2 txSuccessRate=1.14 rxSuccessRate=0.57 targetRoamBSSID=any RSSI=-53
E/WifiStateMachine(  601): WifiStateMachine CMD_START_SCAN source -2 txSuccessRate=7.01 rxSuccessRate=2.94 targetRoamBSSID=any RSSI=-53
W/ActivityManager(  601): getRunningAppProcesses: caller 10084 does not hold REAL_GET_TASKS; limiting output
E/native  (  601): do suspend false
E/WifiStateMachine(  601): Unexpected BatchedScanResults :OK
I/dhcpcd  ( 7469): sending signal 14 to pid 29093
I/dhcpcd  (29093): received SIGALRM, renewing
I/dhcpcd  (29093): wlan0: renewing lease of 155.41.7.225
I/dhcpcd  (29093): wlan0: acknowledged 155.41.7.225 from 10.127.1.1 `BU DHCP Server #22'
I/dhcpcd  (29093): wlan0: leased 155.41.7.225 for 3600 seconds
D/ConnectivityService(  601): NetworkAgentInfo [WIFI () - 102] EVENT_NETWORK_INFO_CHANGED, going from CONNECTED to CONNECTING
D/ConnectivityService(  601): NetworkAgentInfo [WIFI () - 102] EVENT_NETWORK_INFO_CHANGED, going from CONNECTING to CONNECTED
E/WifiStateMachine(  601): WifiStateMachine: Leaving Connected state
E/WifiStateMachine(  601): WifiStateMachine CMD_START_SCAN source -2 txSuccessRate=4.62 rxSuccessRate=2.34 targetRoamBSSID=any RSSI=-53
E/WifiStateMachine(  601): WifiStateMachine L2Connected CMD_START_SCAN source -2 3200, 3201 -> obsolete
I/org.umd.logging(18209): Method > 1 com.cnn.mobile.android.phone.service.FeedService.onCreate(com.cnn.mobile.android.phone.service.FeedService@940907236)
I/org.umd.logging(18209): Method < 1 com.cnn.mobile.android.phone.service.FeedService.onCreate()
I/org.umd.logging(18209): Method > 1 com.cnn.mobile.android.phone.service.FeedService.onStartCommand(com.cnn.mobile.android.phone.service.FeedService@940907236, android.content.Intent@318326274<action=null><data=null><package=null><component=com.cnn.mobile.android.phone/.service.FeedService><type=null><filter_hashcode=-1301101658><fetch_type=None><umd_Intent_key=None><android.intent.extra.ALARM_COUNT=None>, 0, 1)
I/org.umd.logging(18209): Method > 1 com.androidquery.callback.AbstractAjaxCallback.execute(com.cnn.mobile.android.phone.service.FeedService$1@788765459)
I/org.umd.logging(18209): Method > 761 com.androidquery.callback.AbstractAjaxCallback.run(com.cnn.mobile.android.phone.service.FeedService$1@788765459)
I/org.umd.logging(18209): Method < 1 com.androidquery.callback.AbstractAjaxCallback.execute()
I/org.umd.logging(18209): Method < 1 com.cnn.mobile.android.phone.service.FeedService.onStartCommand(2)
I/org.umd.logging(18209): Method > 1 com.cnn.mobile.android.phone.service.FeedService.onStartCommand(com.cnn.mobile.android.phone.service.FeedService@940907236, android.content.Intent@561709392<action=null><data=null><package=null><component=com.cnn.mobile.android.phone/.service.FeedService><type=null><filter_hashcode=-1301101658><fetch_type=None><umd_Intent_key=None><android.intent.extra.ALARM_COUNT=None>, 0, 2)
I/org.umd.logging(18209): Method > 1 com.androidquery.callback.AbstractAjaxCallback.execute(com.cnn.mobile.android.phone.service.FeedService$2@262545225)
I/org.umd.logging(18209): Method > 752 com.androidquery.callback.AbstractAjaxCallback.run(com.cnn.mobile.android.phone.service.FeedService$2@262545225)
I/org.umd.logging(18209): Method < 761 com.androidquery.callback.AbstractAjaxCallback.run()
I/org.umd.logging(18209): Method < 1 com.androidquery.callback.AbstractAjaxCallback.execute()
I/org.umd.logging(18209): Method < 1 com.cnn.mobile.android.phone.service.FeedService.onStartCommand(2)
I/org.umd.logging(18209): Method > 1 com.androidquery.callback.AbstractAjaxCallback.run(com.cnn.mobile.android.phone.service.FeedService$1@788765459)
I/org.umd.logging(18209): Method < 1 com.androidquery.callback.AbstractAjaxCallback.run()
I/org.umd.logging(18209): Method > 1 com.cnn.mobile.android.phone.service.FeedService.onDestroy(com.cnn.mobile.android.phone.service.FeedService@940907236)
I/org.umd.logging(18209): Method < 1 com.cnn.mobile.android.phone.service.FeedService.onDestroy()
I/org.umd.logging(18209): Method < 752 com.androidquery.callback.AbstractAjaxCallback.run()
I/org.umd.logging(18209): Method > 1 com.androidquery.callback.AbstractAjaxCallback.run(com.cnn.mobile.android.phone.service.FeedService$2@262545225)
I/org.umd.logging(18209): Method < 1 com.androidquery.callback.AbstractAjaxCallback.run()
I/DownloadManagerWrapper( 6250): onReceive() : Charging = true
E/WifiStateMachine(  601): WifiStateMachine CMD_START_SCAN source -2 txSuccessRate=0.58 rxSuccessRate=0.29 targetRoamBSSID=any RSSI=-53
I/DownloadManagerWrapper( 6250): onReceive() : Charging = true
W/ActivityManager(  601): getRunningAppProcesses: caller 10084 does not hold REAL_GET_TASKS; limiting output
I/DownloadManagerWrapper( 6250): onReceive() : Charging = true
E/WifiStateMachine(  601): WifiStateMachine CMD_START_SCAN source -2 txSuccessRate=5.13 rxSuccessRate=2.57 targetRoamBSSID=any RSSI=-53
W/ActivityManager(  601): getRunningAppProcesses: caller 10084 does not hold REAL_GET_TASKS; limiting output
E/WifiStateMachine(  601): WifiStateMachine CMD_START_SCAN source -2 txSuccessRate=3.29 rxSuccessRate=1.77 targetRoamBSSID=any RSSI=-53
I/DownloadManagerWrapper( 6250): onReceive() : Charging = true
E/WifiStateMachine(  601): WifiStateMachine CMD_START_SCAN source -2 txSuccessRate=2.03 rxSuccessRate=1.01 targetRoamBSSID=any RSSI=-52
W/ActivityManager(  601): getRunningAppProcesses: caller 10084 does not hold REAL_GET_TASKS; limiting output
I/DownloadManagerWrapper( 6250): onReceive() : Charging = true
E/WifiStateMachine(  601): WifiStateMachine CMD_START_SCAN source -2 txSuccessRate=2.28 rxSuccessRate=1.14 targetRoamBSSID=any RSSI=-53
W/ActivityManager(  601): getRunningAppProcesses: caller 10084 does not hold REAL_GET_TASKS; limiting output
E/WifiStateMachine(  601): WifiStateMachine CMD_START_SCAN source -2 txSuccessRate=3.53 rxSuccessRate=1.80 targetRoamBSSID=any RSSI=-53
I/DownloadManagerWrapper( 6250): onReceive() : Charging = true
I/DeviceStateChecker( 6469): screenOn: true, isCharging: true
I/DownloadManagerWrapper( 6250): onReceive() : Charging = true
E/WifiStateMachine(  601): WifiStateMachine CMD_START_SCAN source -2 txSuccessRate=0.68 rxSuccessRate=0.34 targetRoamBSSID=any RSSI=-52
W/ActivityManager(  601): getRunningAppProcesses: caller 10084 does not hold REAL_GET_TASKS; limiting output
E/WifiStateMachine(  601): WifiStateMachine CMD_START_SCAN source -2 txSuccessRate=0.60 rxSuccessRate=0.30 targetRoamBSSID=any RSSI=-53
I/DownloadManagerWrapper( 6250): onReceive() : Charging = true
W/ActivityManager(  601): getRunningAppProcesses: caller 10084 does not hold REAL_GET_TASKS; limiting output
I/org.umd.logging(18209): Method > 1 com.cnn.mobile.android.phone.service.FeedService.onCreate(com.cnn.mobile.android.phone.service.FeedService@45727822)
I/org.umd.logging(18209): Method < 1 com.cnn.mobile.android.phone.service.FeedService.onCreate()
I/org.umd.logging(18209): Method > 1 com.cnn.mobile.android.phone.service.FeedService.onStartCommand(com.cnn.mobile.android.phone.service.FeedService@45727822, android.content.Intent@1024909948<action=null><data=null><package=null><component=com.cnn.mobile.android.phone/.service.FeedService><type=null><filter_hashcode=-1301101658><fetch_type=None><umd_Intent_key=None><android.intent.extra.ALARM_COUNT=None>, 0, 1)
I/org.umd.logging(18209): Method > 1 com.androidquery.callback.AbstractAjaxCallback.execute(com.cnn.mobile.android.phone.service.FeedService$1@598238981)
I/org.umd.logging(18209): Method > 756 com.androidquery.callback.AbstractAjaxCallback.run(com.cnn.mobile.android.phone.service.FeedService$1@598238981)
I/org.umd.logging(18209): Method > 756 com.androidquery.callback.AbstractAjaxCallback.execute(com.cnn.mobile.android.phone.service.FeedService$1@598238981, org.apache.http.client.methods.HttpGet@821400410, org.apache.http.impl.client.DefaultHttpClient@289507128, org.apache.http.protocol.BasicHttpContext@1024547211)
I/org.umd.logging(18209): Api > 756 org.apache.http.impl.client.DefaultHttpClient.execute(org.apache.http.impl.client.DefaultHttpClient@289507128, org.apache.http.client.methods.HttpGet@821400410, org.apache.http.protocol.BasicHttpContext@1024547211)
I/org.umd.logging(18209): Method < 1 com.androidquery.callback.AbstractAjaxCallback.execute()
I/org.umd.logging(18209): Method < 1 com.cnn.mobile.android.phone.service.FeedService.onStartCommand(2)
I/org.umd.logging(18209): Method > 1 com.cnn.mobile.android.phone.service.FeedService.onStartCommand(com.cnn.mobile.android.phone.service.FeedService@45727822, android.content.Intent@372091496<action=null><data=null><package=null><component=com.cnn.mobile.android.phone/.service.FeedService><type=null><filter_hashcode=-1301101658><fetch_type=None><umd_Intent_key=None><android.intent.extra.ALARM_COUNT=None>, 0, 2)
I/org.umd.logging(18209): Method > 1 com.androidquery.callback.AbstractAjaxCallback.execute(com.cnn.mobile.android.phone.service.FeedService$2@265121409)
I/org.umd.logging(18209): Method > 762 com.androidquery.callback.AbstractAjaxCallback.run(com.cnn.mobile.android.phone.service.FeedService$2@265121409)
I/org.umd.logging(18209): Method > 762 com.androidquery.callback.AbstractAjaxCallback.execute(com.cnn.mobile.android.phone.service.FeedService$2@265121409, org.apache.http.client.methods.HttpGet@183077670, org.apache.http.impl.client.DefaultHttpClient@289507128, org.apache.http.protocol.BasicHttpContext@322569063)
I/org.umd.logging(18209): Api > 762 org.apache.http.impl.client.DefaultHttpClient.execute(org.apache.http.impl.client.DefaultHttpClient@289507128, org.apache.http.client.methods.HttpGet@183077670, org.apache.http.protocol.BasicHttpContext@322569063)
I/org.umd.logging(18209): Method < 1 com.androidquery.callback.AbstractAjaxCallback.execute()
I/org.umd.logging(18209): Method < 1 com.cnn.mobile.android.phone.service.FeedService.onStartCommand(2)
I/org.umd.logging(18209): Api < 756 org.apache.http.impl.client.DefaultHttpClient.execute(org.apache.http.message.BasicHttpResponse@627508500)
I/org.umd.logging(18209): Method < 756 com.androidquery.callback.AbstractAjaxCallback.execute(org.apache.http.message.BasicHttpResponse@627508500)
I/org.umd.logging(18209): Api < 762 org.apache.http.impl.client.DefaultHttpClient.execute(org.apache.http.message.BasicHttpResponse@299987389)
I/org.umd.logging(18209): Method < 762 com.androidquery.callback.AbstractAjaxCallback.execute(org.apache.http.message.BasicHttpResponse@299987389)
I/org.umd.logging(18209): Method > 1 com.cnn.mobile.android.phone.service.FeedService.onDestroy(com.cnn.mobile.android.phone.service.FeedService@45727822)
E/WifiStateMachine(  601): WifiStateMachine CMD_START_SCAN source -2 txSuccessRate=4.25 rxSuccessRate=2.13 targetRoamBSSID=any RSSI=-53
I/org.umd.logging(18209): Method < 1 com.cnn.mobile.android.phone.service.FeedService.onDestroy()
I/org.umd.logging(18209): Method < 756 com.androidquery.callback.AbstractAjaxCallback.run()
I/org.umd.logging(18209): Method > 1 com.androidquery.callback.AbstractAjaxCallback.run(com.cnn.mobile.android.phone.service.FeedService$1@598238981)
I/org.umd.logging(18209): Method > 757 com.androidquery.util.Common.run(com.androidquery.util.Common@47395762)
I/org.umd.logging(18209): Method < 757 com.androidquery.util.Common.run()
I/org.umd.logging(18209): Method < 1 com.androidquery.callback.AbstractAjaxCallback.run()
I/org.umd.logging(18209): Method < 762 com.androidquery.callback.AbstractAjaxCallback.run()
I/org.umd.logging(18209): Method > 1 com.androidquery.callback.AbstractAjaxCallback.run(com.cnn.mobile.android.phone.service.FeedService$2@265121409)
I/org.umd.logging(18209): Method < 1 com.androidquery.callback.AbstractAjaxCallback.run()
I/org.umd.logging(18209): Method > 757 com.androidquery.util.Common.run(com.androidquery.util.Common@995716867)
I/org.umd.logging(18209): Method < 757 com.androidquery.util.Common.run()
I/DownloadManagerWrapper( 6250): onReceive() : Charging = true
E/WifiStateMachine(  601): WifiStateMachine CMD_START_SCAN source -2 txSuccessRate=1.22 rxSuccessRate=0.61 targetRoamBSSID=any RSSI=-53
W/ActivityManager(  601): getRunningAppProcesses: caller 10084 does not hold REAL_GET_TASKS; limiting output
E/WifiStateMachine(  601): WifiStateMachine CMD_START_SCAN source -2 txSuccessRate=0.94 rxSuccessRate=0.50 targetRoamBSSID=any RSSI=-53
I/art     (  601): Background sticky concurrent mark sweep GC freed 158990(7MB) AllocSpace objects, 2(32KB) LOS objects, 21% free, 25MB/33MB, paused 2.044ms total 147.077ms
W/ActivityManager(  601): getRunningAppProcesses: caller 10084 does not hold REAL_GET_TASKS; limiting output
E/WifiStateMachine(  601): WifiStateMachine CMD_START_SCAN source -2 txSuccessRate=0.79 rxSuccessRate=0.33 targetRoamBSSID=any RSSI=-53
I/DownloadManagerWrapper( 6250): onReceive() : Charging = true
E/WifiStateMachine(  601): WifiStateMachine CMD_START_SCAN source -2 txSuccessRate=5.89 rxSuccessRate=3.19 targetRoamBSSID=any RSSI=-53
I/DownloadManagerWrapper( 6250): onReceive() : Charging = true
W/ActivityManager(  601): getRunningAppProcesses: caller 10084 does not hold REAL_GET_TASKS; limiting output
E/WifiStateMachine(  601): WifiStateMachine CMD_START_SCAN source -2 txSuccessRate=3.05 rxSuccessRate=1.52 targetRoamBSSID=any RSSI=-53
I/DownloadManagerWrapper( 6250): onReceive() : Charging = true
E/WifiStateMachine(  601): WifiStateMachine CMD_START_SCAN source -2 txSuccessRate=2.77 rxSuccessRate=1.39 targetRoamBSSID=any RSSI=-53
W/ActivityManager(  601): getRunningAppProcesses: caller 10084 does not hold REAL_GET_TASKS; limiting output
I/DownloadManagerWrapper( 6250): onReceive() : Charging = true
I/DeviceStateChecker( 6469): screenOn: true, isCharging: true
I/DownloadManagerWrapper( 6250): onReceive() : Charging = true
E/WifiStateMachine(  601): WifiStateMachine CMD_START_SCAN source -2 txSuccessRate=1.23 rxSuccessRate=0.65 targetRoamBSSID=any RSSI=-53
I/EntropyMixer(  601): Added HW RNG output to entropy pool
I/EntropyMixer(  601): Writing entropy...
I/DownloadManagerWrapper( 6250): onReceive() : Charging = true
W/ActivityManager(  601): getRunningAppProcesses: caller 10084 does not hold REAL_GET_TASKS; limiting output
E/WifiStateMachine(  601): WifiStateMachine CMD_START_SCAN source -2 txSuccessRate=2.36 rxSuccessRate=1.31 targetRoamBSSID=any RSSI=-53
I/DownloadManagerWrapper( 6250): onReceive() : Charging = true
E/WifiStateMachine(  601): WifiStateMachine CMD_START_SCAN source -2 txSuccessRate=0.67 rxSuccessRate=0.29 targetRoamBSSID=any RSSI=-53
W/ActivityManager(  601): getRunningAppProcesses: caller 10084 does not hold REAL_GET_TASKS; limiting output
I/DownloadManagerWrapper( 6250): onReceive() : Charging = true
I/DownloadManagerWrapper( 6250): onReceive() : Charging = true
I/DownloadManagerWrapper( 6250): onReceive() : Charging = true
E/WifiStateMachine(  601): WifiStateMachine CMD_START_SCAN source -2 txSuccessRate=0.42 rxSuccessRate=0.21 targetRoamBSSID=any RSSI=-52
I/DownloadManagerWrapper( 6250): onReceive() : Charging = true
W/ActivityManager(  601): getRunningAppProcesses: caller 10084 does not hold REAL_GET_TASKS; limiting output
I/org.umd.logging(18209): Method > 1 com.cnn.mobile.android.phone.service.FeedService.onCreate(com.cnn.mobile.android.phone.service.FeedService@607739520)
I/org.umd.logging(18209): Method < 1 com.cnn.mobile.android.phone.service.FeedService.onCreate()
I/org.umd.logging(18209): Method > 1 com.cnn.mobile.android.phone.service.FeedService.onStartCommand(com.cnn.mobile.android.phone.service.FeedService@607739520, android.content.Intent@1060952318<action=null><data=null><package=null><component=com.cnn.mobile.android.phone/.service.FeedService><type=null><filter_hashcode=-1301101658><fetch_type=None><umd_Intent_key=None><android.intent.extra.ALARM_COUNT=None>, 0, 1)
I/ConfigHelper(18209): DYNAMIC CONFIG FILE in play (http://www.cnn.com/partners/android/config/3.04/config-phone.json)
I/org.umd.logging(18209): Method > 1 com.androidquery.callback.AbstractAjaxCallback.execute(com.cnn.mobile.android.phone.service.ConfigHelper$1@158988383)
I/org.umd.logging(18209): Method < 1 com.androidquery.callback.AbstractAjaxCallback.execute()
I/org.umd.logging(18209): Method > 761 com.androidquery.callback.AbstractAjaxCallback.run(com.cnn.mobile.android.phone.service.ConfigHelper$1@158988383)
I/org.umd.logging(18209): Method > 761 com.androidquery.callback.AbstractAjaxCallback.execute(com.cnn.mobile.android.phone.service.ConfigHelper$1@158988383, org.apache.http.client.methods.HttpGet@722854572, org.apache.http.impl.client.DefaultHttpClient@289507128, org.apache.http.protocol.BasicHttpContext@6953845)
I/org.umd.logging(18209): Api > 761 org.apache.http.impl.client.DefaultHttpClient.execute(org.apache.http.impl.client.DefaultHttpClient@289507128, org.apache.http.client.methods.HttpGet@722854572, org.apache.http.protocol.BasicHttpContext@6953845)
I/org.umd.logging(18209): Method < 1 com.cnn.mobile.android.phone.service.FeedService.onStartCommand(2)
I/org.umd.logging(18209): Method > 1 com.cnn.mobile.android.phone.service.FeedService.onStartCommand(com.cnn.mobile.android.phone.service.FeedService@607739520, android.content.Intent@856262410<action=null><data=null><package=null><component=com.cnn.mobile.android.phone/.service.FeedService><type=null><filter_hashcode=-1301101658><fetch_type=None><umd_Intent_key=None><android.intent.extra.ALARM_COUNT=None>, 0, 2)
D/WeatherHelper(18209): weather fetch zip null
I/org.umd.logging(18209): Method < 1 com.cnn.mobile.android.phone.service.FeedService.onStartCommand(2)
I/org.umd.logging(18209): Method > 1 com.cnn.mobile.android.phone.service.FeedService.onStartCommand(com.cnn.mobile.android.phone.service.FeedService@607739520, android.content.Intent@502250363<action=null><data=null><package=null><component=com.cnn.mobile.android.phone/.service.FeedService><type=null><filter_hashcode=-1301101658><fetch_type=None><umd_Intent_key=None><android.intent.extra.ALARM_COUNT=None>, 0, 3)
I/org.umd.logging(18209): Method > 1 com.androidquery.callback.AbstractAjaxCallback.execute(com.cnn.mobile.android.phone.service.FeedService$1@106200472)
I/org.umd.logging(18209): Method > 752 com.androidquery.callback.AbstractAjaxCallback.run(com.cnn.mobile.android.phone.service.FeedService$1@106200472)
I/org.umd.logging(18209): Method > 752 com.androidquery.callback.AbstractAjaxCallback.execute(com.cnn.mobile.android.phone.service.FeedService$1@106200472, org.apache.http.client.methods.HttpGet@734919153, org.apache.http.impl.client.DefaultHttpClient@289507128, org.apache.http.protocol.BasicHttpContext@708905430)
I/org.umd.logging(18209): Api > 752 org.apache.http.impl.client.DefaultHttpClient.execute(org.apache.http.impl.client.DefaultHttpClient@289507128, org.apache.http.client.methods.HttpGet@734919153, org.apache.http.protocol.BasicHttpContext@708905430)
I/org.umd.logging(18209): Method < 1 com.androidquery.callback.AbstractAjaxCallback.execute()
I/org.umd.logging(18209): Method < 1 com.cnn.mobile.android.phone.service.FeedService.onStartCommand(2)
I/org.umd.logging(18209): Method > 1 com.cnn.mobile.android.phone.service.FeedService.onStartCommand(com.cnn.mobile.android.phone.service.FeedService@607739520, android.content.Intent@3445847<action=null><data=null><package=null><component=com.cnn.mobile.android.phone/.service.FeedService><type=null><filter_hashcode=-1301101658><fetch_type=None><umd_Intent_key=None><android.intent.extra.ALARM_COUNT=None>, 0, 4)
I/org.umd.logging(18209): Api < 752 org.apache.http.impl.client.DefaultHttpClient.execute(org.apache.http.message.BasicHttpResponse@769645380)
I/org.umd.logging(18209): Method < 752 com.androidquery.callback.AbstractAjaxCallback.execute(org.apache.http.message.BasicHttpResponse@769645380)
I/org.umd.logging(18209): Api < 761 org.apache.http.impl.client.DefaultHttpClient.execute(org.apache.http.message.BasicHttpResponse@397886509)
I/org.umd.logging(18209): Method < 761 com.androidquery.callback.AbstractAjaxCallback.execute(org.apache.http.message.BasicHttpResponse@397886509)
I/org.umd.logging(18209): Method > 1 com.androidquery.callback.AbstractAjaxCallback.execute(com.cnn.mobile.android.phone.service.FeedService$2@396094818)
I/org.umd.logging(18209): Method > 756 com.androidquery.callback.AbstractAjaxCallback.run(com.cnn.mobile.android.phone.service.FeedService$2@396094818)
I/org.umd.logging(18209): Method < 1 com.androidquery.callback.AbstractAjaxCallback.execute()
I/org.umd.logging(18209): Method < 1 com.cnn.mobile.android.phone.service.FeedService.onStartCommand(2)
I/org.umd.logging(18209): Method > 756 com.androidquery.callback.AbstractAjaxCallback.execute(com.cnn.mobile.android.phone.service.FeedService$2@396094818, org.apache.http.client.methods.HttpGet@193208051, org.apache.http.impl.client.DefaultHttpClient@289507128, org.apache.http.protocol.BasicHttpContext@195127216)
I/org.umd.logging(18209): Api > 756 org.apache.http.impl.client.DefaultHttpClient.execute(org.apache.http.impl.client.DefaultHttpClient@289507128, org.apache.http.client.methods.HttpGet@193208051, org.apache.http.protocol.BasicHttpContext@195127216)
I/org.umd.logging(18209): Method > 1 com.cnn.mobile.android.phone.service.FeedService.onDestroy(com.cnn.mobile.android.phone.service.FeedService@607739520)
I/org.umd.logging(18209): Method < 1 com.cnn.mobile.android.phone.service.FeedService.onDestroy()
I/org.umd.logging(18209): Api < 756 org.apache.http.impl.client.DefaultHttpClient.execute(org.apache.http.message.BasicHttpResponse@57734697)
I/org.umd.logging(18209): Method < 756 com.androidquery.callback.AbstractAjaxCallback.execute(org.apache.http.message.BasicHttpResponse@57734697)
I/org.umd.logging(18209): Method < 752 com.androidquery.callback.AbstractAjaxCallback.run()
I/org.umd.logging(18209): Method < 761 com.androidquery.callback.AbstractAjaxCallback.run()
I/org.umd.logging(18209): Method > 1 com.androidquery.callback.AbstractAjaxCallback.run(com.cnn.mobile.android.phone.service.FeedService$1@106200472)
I/org.umd.logging(18209): Method > 757 com.androidquery.util.Common.run(com.androidquery.util.Common@785350062)
I/org.umd.logging(18209): Method < 757 com.androidquery.util.Common.run()
I/org.umd.logging(18209): Method < 1 com.androidquery.callback.AbstractAjaxCallback.run()
I/org.umd.logging(18209): Method > 1 com.androidquery.callback.AbstractAjaxCallback.run(com.cnn.mobile.android.phone.service.ConfigHelper$1@158988383)
I/EventLogChimeraService( 6798): Aggregate from 1480665627227 (log), 1480665627227 (data)
I/org.umd.logging(18209): Method > 1 com.androidquery.callback.AbstractAjaxCallback.execute(com.cnn.mobile.android.phone.service.ConfigHelper$2@154646351)
I/org.umd.logging(18209): Method > 762 com.androidquery.callback.AbstractAjaxCallback.run(com.cnn.mobile.android.phone.service.ConfigHelper$2@154646351)
I/org.umd.logging(18209): Method < 1 com.androidquery.callback.AbstractAjaxCallback.execute()
I/org.umd.logging(18209): Method > 762 com.androidquery.callback.AbstractAjaxCallback.execute(com.cnn.mobile.android.phone.service.ConfigHelper$2@154646351, org.apache.http.client.methods.HttpGet@1017990876, org.apache.http.impl.client.DefaultHttpClient@289507128, org.apache.http.protocol.BasicHttpContext@1039780837)
I/org.umd.logging(18209): Method > 757 com.androidquery.util.Common.run(com.androidquery.util.Common@395953850)
I/org.umd.logging(18209): Api > 762 org.apache.http.impl.client.DefaultHttpClient.execute(org.apache.http.impl.client.DefaultHttpClient@289507128, org.apache.http.client.methods.HttpGet@1017990876, org.apache.http.protocol.BasicHttpContext@1039780837)
I/org.umd.logging(18209): Method < 757 com.androidquery.util.Common.run()
I/org.umd.logging(18209): Method < 1 com.androidquery.callback.AbstractAjaxCallback.run()
I/org.umd.logging(18209): Method < 756 com.androidquery.callback.AbstractAjaxCallback.run()
I/org.umd.logging(18209): Method > 1 com.androidquery.callback.AbstractAjaxCallback.run(com.cnn.mobile.android.phone.service.FeedService$2@396094818)
I/org.umd.logging(18209): Method < 1 com.androidquery.callback.AbstractAjaxCallback.run()
I/org.umd.logging(18209): Method > 757 com.androidquery.util.Common.run(com.androidquery.util.Common@959347912)
I/org.umd.logging(18209): Method < 757 com.androidquery.util.Common.run()
I/org.umd.logging(18209): Api < 762 org.apache.http.impl.client.DefaultHttpClient.execute(org.apache.http.message.BasicHttpResponse@226509153)
I/org.umd.logging(18209): Method < 762 com.androidquery.callback.AbstractAjaxCallback.execute(org.apache.http.message.BasicHttpResponse@226509153)
I/org.umd.logging(18209): Method < 762 com.androidquery.callback.AbstractAjaxCallback.run()
I/org.umd.logging(18209): Method > 1 com.androidquery.callback.AbstractAjaxCallback.run(com.cnn.mobile.android.phone.service.ConfigHelper$2@154646351)
I/org.umd.logging(18209): Method > 757 com.androidquery.util.Common.run(com.androidquery.util.Common@93164678)
I/org.umd.logging(18209): Method < 757 com.androidquery.util.Common.run()
I/org.umd.logging(18209): Method < 1 com.androidquery.callback.AbstractAjaxCallback.run()
I/art     ( 6577): Explicit concurrent mark sweep GC freed 177065(9MB) AllocSpace objects, 36(576KB) LOS objects, 40% free, 17MB/28MB, paused 1.281ms total 99.343ms
I/DownloadManagerWrapper( 6250): onReceive() : Charging = true
E/WifiStateMachine(  601): WifiStateMachine CMD_START_SCAN source -2 txSuccessRate=7.29 rxSuccessRate=4.92 targetRoamBSSID=any RSSI=-53
I/DownloadManagerWrapper( 6250): onReceive() : Charging = true
E/WifiStateMachine(  601): WifiStateMachine CMD_START_SCAN source -2 txSuccessRate=2.65 rxSuccessRate=1.36 targetRoamBSSID=any RSSI=-53
W/ActivityManager(  601): getRunningAppProcesses: caller 10084 does not hold REAL_GET_TASKS; limiting output
I/DownloadManagerWrapper( 6250): onReceive() : Charging = true
I/DownloadManagerWrapper( 6250): onReceive() : Charging = true
E/WifiStateMachine(  601): WifiStateMachine CMD_START_SCAN source -2 txSuccessRate=1.15 rxSuccessRate=0.57 targetRoamBSSID=any RSSI=-53
W/ActivityManager(  601): getRunningAppProcesses: caller 10084 does not hold REAL_GET_TASKS; limiting output
E/WifiStateMachine(  601): WifiStateMachine CMD_START_SCAN source -2 txSuccessRate=4.88 rxSuccessRate=2.44 targetRoamBSSID=any RSSI=-53
E/WifiStateMachine(  601): WifiStateMachine CMD_START_SCAN source -2 txSuccessRate=4.26 rxSuccessRate=2.04 targetRoamBSSID=any RSSI=-53
W/ActivityManager(  601): getRunningAppProcesses: caller 10084 does not hold REAL_GET_TASKS; limiting output
I/DeviceStateChecker( 6469): screenOn: true, isCharging: true
E/WifiStateMachine(  601): WifiStateMachine CMD_START_SCAN source -2 txSuccessRate=3.53 rxSuccessRate=1.77 targetRoamBSSID=any RSSI=-53
W/ActivityManager(  601): getRunningAppProcesses: caller 10084 does not hold REAL_GET_TASKS; limiting output
I/DownloadManagerWrapper( 6250): onReceive() : Charging = true
E/WifiStateMachine(  601): WifiStateMachine CMD_START_SCAN source -2 txSuccessRate=3.29 rxSuccessRate=1.65 targetRoamBSSID=any RSSI=-53
I/DownloadManagerWrapper( 6250): onReceive() : Charging = true
I/org.umd.logging(18209): Method > 1 com.cnn.mobile.android.phone.service.FeedService.onCreate(com.cnn.mobile.android.phone.service.FeedService@640500039)
I/org.umd.logging(18209): Method < 1 com.cnn.mobile.android.phone.service.FeedService.onCreate()
I/org.umd.logging(18209): Method > 1 com.cnn.mobile.android.phone.service.FeedService.onStartCommand(com.cnn.mobile.android.phone.service.FeedService@640500039, android.content.Intent@312382109<action=null><data=null><package=null><component=com.cnn.mobile.android.phone/.service.FeedService><type=null><filter_hashcode=-1301101658><fetch_type=None><umd_Intent_key=None><android.intent.extra.ALARM_COUNT=None>, 0, 1)
I/ConfigHelper(18209): DYNAMIC CONFIG FILE in play (http://www.cnn.com/partners/android/config/3.04/config-phone.json)
I/org.umd.logging(18209): Method > 1 com.androidquery.callback.AbstractAjaxCallback.execute(com.cnn.mobile.android.phone.service.ConfigHelper$1@10384146)
I/org.umd.logging(18209): Method > 752 com.androidquery.callback.AbstractAjaxCallback.run(com.cnn.mobile.android.phone.service.ConfigHelper$1@10384146)
I/org.umd.logging(18209): Method < 1 com.androidquery.callback.AbstractAjaxCallback.execute()
I/org.umd.logging(18209): Method < 1 com.cnn.mobile.android.phone.service.FeedService.onStartCommand(2)
I/org.umd.logging(18209): Method > 1 com.cnn.mobile.android.phone.service.FeedService.onStartCommand(com.cnn.mobile.android.phone.service.FeedService@640500039, android.content.Intent@477276899<action=null><data=null><package=null><component=com.cnn.mobile.android.phone/.service.FeedService><type=null><filter_hashcode=-1301101658><fetch_type=None><umd_Intent_key=None><android.intent.extra.ALARM_COUNT=None>, 0, 2)
D/WeatherHelper(18209): weather fetch zip null
I/org.umd.logging(18209): Method < 1 com.cnn.mobile.android.phone.service.FeedService.onStartCommand(2)
I/org.umd.logging(18209): Method > 1 com.cnn.mobile.android.phone.service.FeedService.onStartCommand(com.cnn.mobile.android.phone.service.FeedService@640500039, android.content.Intent@460725472<action=null><data=null><package=null><component=com.cnn.mobile.android.phone/.service.FeedService><type=null><filter_hashcode=-1301101658><fetch_type=None><umd_Intent_key=None><android.intent.extra.ALARM_COUNT=None>, 0, 3)
I/org.umd.logging(18209): Method > 1 com.androidquery.callback.AbstractAjaxCallback.execute(com.cnn.mobile.android.phone.service.FeedService$1@592886681)
I/org.umd.logging(18209): Method < 1 com.androidquery.callback.AbstractAjaxCallback.execute()
I/org.umd.logging(18209): Method < 1 com.cnn.mobile.android.phone.service.FeedService.onStartCommand(2)
I/org.umd.logging(18209): Method > 761 com.androidquery.callback.AbstractAjaxCallback.run(com.cnn.mobile.android.phone.service.FeedService$1@592886681)
I/org.umd.logging(18209): Method > 1 com.cnn.mobile.android.phone.service.FeedService.onStartCommand(com.cnn.mobile.android.phone.service.FeedService@640500039, android.content.Intent@711765598<action=null><data=null><package=null><component=com.cnn.mobile.android.phone/.service.FeedService><type=null><filter_hashcode=-1301101658><fetch_type=None><umd_Intent_key=None><android.intent.extra.ALARM_COUNT=None>, 0, 4)
I/org.umd.logging(18209): Method > 1 com.androidquery.callback.AbstractAjaxCallback.execute(com.cnn.mobile.android.phone.service.FeedService$2@672862783)
I/org.umd.logging(18209): Method < 1 com.androidquery.callback.AbstractAjaxCallback.execute()
I/org.umd.logging(18209): Method < 1 com.cnn.mobile.android.phone.service.FeedService.onStartCommand(2)
I/org.umd.logging(18209): Method > 756 com.androidquery.callback.AbstractAjaxCallback.run(com.cnn.mobile.android.phone.service.FeedService$2@672862783)
I/org.umd.logging(18209): Method > 1 com.androidquery.callback.AbstractAjaxCallback.run(com.cnn.mobile.android.phone.service.ConfigHelper$1@10384146)
I/org.umd.logging(18209): Method < 752 com.androidquery.callback.AbstractAjaxCallback.run()
I/org.umd.logging(18209): Method < 761 com.androidquery.callback.AbstractAjaxCallback.run()
I/org.umd.logging(18209): Method > 1 com.androidquery.callback.AbstractAjaxCallback.execute(com.cnn.mobile.android.phone.service.ConfigHelper$2@785393420)
I/org.umd.logging(18209): Method > 762 com.androidquery.callback.AbstractAjaxCallback.run(com.cnn.mobile.android.phone.service.ConfigHelper$2@785393420)
I/org.umd.logging(18209): Method < 762 com.androidquery.callback.AbstractAjaxCallback.run()
I/org.umd.logging(18209): Method < 1 com.androidquery.callback.AbstractAjaxCallback.execute()
I/org.umd.logging(18209): Method < 1 com.androidquery.callback.AbstractAjaxCallback.run()
I/org.umd.logging(18209): Method > 1 com.cnn.mobile.android.phone.service.FeedService.onDestroy(com.cnn.mobile.android.phone.service.FeedService@640500039)
I/org.umd.logging(18209): Method < 1 com.cnn.mobile.android.phone.service.FeedService.onDestroy()
I/org.umd.logging(18209): Method > 1 com.androidquery.callback.AbstractAjaxCallback.run(com.cnn.mobile.android.phone.service.FeedService$1@592886681)
I/org.umd.logging(18209): Method < 1 com.androidquery.callback.AbstractAjaxCallback.run()
I/org.umd.logging(18209): Method > 1 com.androidquery.callback.AbstractAjaxCallback.run(com.cnn.mobile.android.phone.service.ConfigHelper$2@785393420)
I/org.umd.logging(18209): Method < 756 com.androidquery.callback.AbstractAjaxCallback.run()
I/org.umd.logging(18209): Method < 1 com.androidquery.callback.AbstractAjaxCallback.run()
I/org.umd.logging(18209): Method > 1 com.androidquery.callback.AbstractAjaxCallback.run(com.cnn.mobile.android.phone.service.FeedService$2@672862783)
I/org.umd.logging(18209): Method < 1 com.androidquery.callback.AbstractAjaxCallback.run()
E/WifiStateMachine(  601): WifiStateMachine CMD_START_SCAN source -2 txSuccessRate=4.24 rxSuccessRate=2.15 targetRoamBSSID=any RSSI=-53
W/ActivityManager(  601): getRunningAppProcesses: caller 10084 does not hold REAL_GET_TASKS; limiting output
I/DownloadManagerWrapper( 6250): onReceive() : Charging = true
E/WifiStateMachine(  601): WifiStateMachine CMD_START_SCAN source -2 txSuccessRate=1.10 rxSuccessRate=0.55 targetRoamBSSID=any RSSI=-53
I/DownloadManagerWrapper( 6250): onReceive() : Charging = true
W/ActivityManager(  601): getRunningAppProcesses: caller 10084 does not hold REAL_GET_TASKS; limiting output
E/WifiStateMachine(  601): WifiStateMachine CMD_START_SCAN source -2 txSuccessRate=0.66 rxSuccessRate=0.33 targetRoamBSSID=any RSSI=-53
I/ProcessStatsService(  601): Prepared write state in 19ms
I/ProcessStatsService(  601): Pruning old procstats: /data/system/procstats/state-2016-11-22-11-30-44.bin
E/WifiStateMachine(  601): WifiStateMachine CMD_START_SCAN source -2 txSuccessRate=0.69 rxSuccessRate=0.25 targetRoamBSSID=any RSSI=-53
W/ActivityManager(  601): getRunningAppProcesses: caller 10084 does not hold REAL_GET_TASKS; limiting output
I/DownloadManagerWrapper( 6250): onReceive() : Charging = true
E/WifiStateMachine(  601): WifiStateMachine CMD_START_SCAN source -2 txSuccessRate=2.38 rxSuccessRate=1.19 targetRoamBSSID=any RSSI=-53
I/DownloadManagerWrapper( 6250): onReceive() : Charging = true
W/ActivityManager(  601): getRunningAppProcesses: caller 10084 does not hold REAL_GET_TASKS; limiting output
I/DownloadManagerWrapper( 6250): onReceive() : Charging = true
E/WifiStateMachine(  601): WifiStateMachine CMD_START_SCAN source -2 txSuccessRate=1.80 rxSuccessRate=0.91 targetRoamBSSID=any RSSI=-53
I/art     ( 6798): Explicit concurrent mark sweep GC freed 46614(2MB) AllocSpace objects, 2(32KB) LOS objects, 24% free, 20MB/26MB, paused 946us total 192.553ms
E/WifiStateMachine(  601): WifiStateMachine CMD_START_SCAN source -2 txSuccessRate=1.76 rxSuccessRate=1.13 targetRoamBSSID=any RSSI=-52
W/ActivityManager(  601): getRunningAppProcesses: caller 10084 does not hold REAL_GET_TASKS; limiting output
I/DeviceStateChecker( 6469): screenOn: true, isCharging: true
E/WifiStateMachine(  601): WifiStateMachine CMD_START_SCAN source -2 txSuccessRate=5.34 rxSuccessRate=2.67 targetRoamBSSID=any RSSI=-53
W/ActivityManager(  601): getRunningAppProcesses: caller 10084 does not hold REAL_GET_TASKS; limiting output
E/WifiStateMachine(  601): WifiStateMachine CMD_START_SCAN source -2 txSuccessRate=5.24 rxSuccessRate=2.70 targetRoamBSSID=any RSSI=-53
I/DownloadManagerWrapper( 6250): onReceive() : Charging = true
E/WifiStateMachine(  601): WifiStateMachine CMD_START_SCAN source -2 txSuccessRate=2.87 rxSuccessRate=1.41 targetRoamBSSID=any RSSI=-53
W/ActivityManager(  601): getRunningAppProcesses: caller 10084 does not hold REAL_GET_TASKS; limiting output
I/DownloadManagerWrapper( 6250): onReceive() : Charging = true
E/WifiStateMachine(  601): WifiStateMachine CMD_START_SCAN source -2 txSuccessRate=0.33 rxSuccessRate=0.16 targetRoamBSSID=any RSSI=-53
I/DownloadManagerWrapper( 6250): onReceive() : Charging = true
W/ActivityManager(  601): getRunningAppProcesses: caller 10084 does not hold REAL_GET_TASKS; limiting output
E/WifiStateMachine(  601): WifiStateMachine CMD_START_SCAN source -2 txSuccessRate=3.14 rxSuccessRate=1.57 targetRoamBSSID=any RSSI=-53
