I/PlayCommon( 3464): [2030] com.google.android.play.a.g.e(853): Preparing logs for uploading
I/org.umd.logging( 4238): Method > 2070 com.jirbo.adcolony.p$1.run(com.jirbo.adcolony.p$1@46010681)
I/org.umd.logging( 4238): Method < 2070 com.jirbo.adcolony.p$1.run()
I/PlayCommon( 3464): [2030] com.google.android.play.a.g.a(993): Connecting to server: https://play.googleapis.com/play/log?format=raw&proto_v2=true
I/PlayCommon( 3464): [2030] com.google.android.play.a.g.a(1068): Successfully uploaded logs.
I/PlayCommon( 3464): [2030] com.google.android.play.a.g.e(853): Preparing logs for uploading
I/PlayCommon( 3464): [2030] com.google.android.play.a.g.e(855): No file ready to send
I/PlayCommon( 3464): [2030] com.google.android.play.a.g.e(853): Preparing logs for uploading
I/Finsky  ( 3464): [1] com.google.android.finsky.utils.bm.run(145): Capture referrer for com.rovio.baba (empty)
E/WifiStateMachine(  594): WifiStateMachine CMD_START_SCAN source -2 txSuccessRate=182.63 rxSuccessRate=334.83 targetRoamBSSID=any RSSI=-37
I/PlayCommon( 3464): [2030] com.google.android.play.a.g.a(993): Connecting to server: https://play.googleapis.com/play/log?format=raw&proto_v2=true
I/org.umd.logging( 4238): Method > 2070 com.jirbo.adcolony.p$1.run(com.jirbo.adcolony.p$1@46010681)
I/org.umd.logging( 4238): Method < 2070 com.jirbo.adcolony.p$1.run()
I/PlayCommon( 3464): [2030] com.google.android.play.a.g.a(1068): Successfully uploaded logs.
I/PlayCommon( 3464): [2030] com.google.android.play.a.g.e(853): Preparing logs for uploading
I/PlayCommon( 3464): [2030] com.google.android.play.a.g.e(855): No file ready to send
W/ResourcesManager( 3464): Asset path '/system/framework/com.android.media.remotedisplay.jar' does not exist or contains no resources.
W/ResourcesManager( 3464): Asset path '/system/framework/com.android.location.provider.jar' does not exist or contains no resources.
I/Finsky  ( 3464): [1] com.google.android.finsky.activities.bv.u(130): Page [class=aq] loaded in [94 ms] (hasDetailsDataLoaded? false)
D/DynamitePackage( 3464): Instantiated singleton DynamitePackage.
D/DynamitePackage( 3464): Instantiating com.google.android.gms.ads.adshield.ChimeraAdShieldCreatorImpl
I/VideoCapabilities( 3464): Unsupported profile 4 for video/mp4v-es
I/OMXClient( 3464): Using client-side OMX mux.
I/dex2oat ( 4479): /system/bin/dex2oat --runtime-arg -classpath --runtime-arg  --instruction-set=arm --instruction-set-features=div --runtime-arg -Xrelocate --boot-image=/system/framework/boot.art --dex-file=/data/data/com.android.vending/cache/1470286953684.jar --oat-fd=89 --oat-location=/data/data/com.android.vending/cache/1470286953684.dex --runtime-arg -Xms64m --runtime-arg -Xmx512m
I/org.umd.logging( 4238): Method > 2070 com.jirbo.adcolony.p$1.run(com.jirbo.adcolony.p$1@46010681)
I/org.umd.logging( 4238): Method < 2070 com.jirbo.adcolony.p$1.run()
E/OMX-VDEC-1080P(  190): 
E/OMX-VDEC-1080P(  190):  Error in ioctl read next msg
E/        (  190): 
E/        (  190):  Destroy C2D instance
E/        (  190): 
E/        (  190):  Destroy C2D instance
I/Finsky  ( 3464): [1] com.google.android.finsky.activities.bv.u(130): Page [class=aq] loaded in [406 ms] (hasDetailsDataLoaded? true)
I/dex2oat ( 4479): dex2oat took 169.418ms (threads: 4) arena alloc=135KB java alloc=24KB native alloc=1174KB free=25KB
I/art     (  594): Explicit concurrent mark sweep GC freed 21252(1136KB) AllocSpace objects, 1(16KB) LOS objects, 33% free, 24MB/37MB, paused 1.495ms total 109.781ms
I/PlayCommon( 3464): [1] com.google.android.play.image.d.a_(2391): https://lh3.googleusercontent.com/_ipOomxya4fopIcB4nQAFAv4HQ9mCpx8TzTl3D2mJ2yK-JNXJSVLWvHpTouQusXLfA=rw-w1196-v1 is not cached
I/org.umd.logging( 4238): Method > 2070 com.jirbo.adcolony.p$1.run(com.jirbo.adcolony.p$1@46010681)
I/org.umd.logging( 4238): Method < 2070 com.jirbo.adcolony.p$1.run()
I/org.umd.logging( 4238): Method > 2070 com.jirbo.adcolony.p$1.run(com.jirbo.adcolony.p$1@46010681)
I/org.umd.logging( 4238): Method < 2070 com.jirbo.adcolony.p$1.run()
I/org.umd.logging( 4238): Method > 2070 com.jirbo.adcolony.p$1.run(com.jirbo.adcolony.p$1@46010681)
I/org.umd.logging( 4238): Method < 2070 com.jirbo.adcolony.p$1.run()
I/org.umd.logging( 4238): Method > 2070 com.jirbo.adcolony.p$1.run(com.jirbo.adcolony.p$1@46010681)
I/org.umd.logging( 4238): Method < 2070 com.jirbo.adcolony.p$1.run()
I/org.umd.logging( 4238): Method > 2070 com.jirbo.adcolony.p$1.run(com.jirbo.adcolony.p$1@46010681)
I/org.umd.logging( 4238): Method < 2070 com.jirbo.adcolony.p$1.run()
I/org.umd.logging( 4238): Method > 2070 com.jirbo.adcolony.p$1.run(com.jirbo.adcolony.p$1@46010681)
I/org.umd.logging( 4238): Method < 2070 com.jirbo.adcolony.p$1.run()
I/org.umd.logging( 4238): Api > 2069 android.net.ConnectivityManager.getActiveNetworkInfo(android.net.ConnectivityManager@103875590)
I/org.umd.logging( 4238): Method > 2070 com.jirbo.adcolony.p$1.run(com.jirbo.adcolony.p$1@46010681)
I/org.umd.logging( 4238): Method < 2070 com.jirbo.adcolony.p$1.run()
I/org.umd.logging( 4238): Api < 2069 android.net.ConnectivityManager.getActiveNetworkInfo(android.net.NetworkInfo@562321662)
I/org.umd.logging( 4238): Method > 2070 com.jirbo.adcolony.p$1.run(com.jirbo.adcolony.p$1@46010681)
I/org.umd.logging( 4238): Method < 2070 com.jirbo.adcolony.p$1.run()
I/org.umd.logging( 4238): Method > 2070 com.jirbo.adcolony.d$1.run(com.jirbo.adcolony.d$1@1030316716)
I/org.umd.logging( 4238): Method < 2070 com.jirbo.adcolony.d$1.run()
I/org.umd.logging( 4238): Method > 2070 com.jirbo.adcolony.p$1.run(com.jirbo.adcolony.p$1@46010681)
I/org.umd.logging( 4238): Method < 2070 com.jirbo.adcolony.p$1.run()
I/org.umd.logging( 4238): Method > 2070 com.jirbo.adcolony.p$1.run(com.jirbo.adcolony.p$1@46010681)
I/org.umd.logging( 4238): Method < 2070 com.jirbo.adcolony.p$1.run()
I/DownloadManagerWrapper(  949): onReceive() : Charging = true
I/org.umd.logging( 4238): Method > 2070 com.jirbo.adcolony.p$1.run(com.jirbo.adcolony.p$1@46010681)
I/org.umd.logging( 4238): Api > 2069 android.net.ConnectivityManager.getActiveNetworkInfo(android.net.ConnectivityManager@103875590)
I/org.umd.logging( 4238): Method < 2070 com.jirbo.adcolony.p$1.run()
I/org.umd.logging( 4238): Api < 2069 android.net.ConnectivityManager.getActiveNetworkInfo(android.net.NetworkInfo@1056414581)
I/org.umd.logging( 4986): Method > 1 com.cleanmaster.base.crash.util.debug.b.run(com.cleanmaster.base.crash.util.debug.b@453239735)
I/org.umd.logging( 4986): Method < 1 com.cleanmaster.base.crash.util.debug.b.run()
I/System.out( 4238): Exiting monitor
I/org.umd.logging( 4238): Method > 2070 com.jirbo.adcolony.p$1.run(com.jirbo.adcolony.p$1@46010681)
I/org.umd.logging( 4238): Method < 2070 com.jirbo.adcolony.p$1.run()
I/org.umd.logging( 4238): Method > 2076 com.flurry.sdk.lg$a.run(com.flurry.sdk.lg$a@620313467)
I/org.umd.logging( 4238): Method < 2076 com.flurry.sdk.lg$a.run()
I/org.umd.logging( 4238): Method > 2039 com.flurry.sdk.lw.run(com.flurry.sdk.kb$1@710933912)
W/FlurryAgent( 4238): Flurry session ended
I/org.umd.logging( 4238): Method < 2039 com.flurry.sdk.lw.run()
I/org.umd.logging( 4238): Method > 2039 com.flurry.sdk.lw.run(com.flurry.sdk.kb$1@95648241)
I/org.umd.logging( 4238): Method < 2039 com.flurry.sdk.lw.run()
I/org.umd.logging( 4238): Method > 2039 com.flurry.sdk.lw.run(com.flurry.sdk.kb$1@502827478)
I/org.umd.logging( 4238): Method < 2039 com.flurry.sdk.lw.run()
I/org.umd.logging( 4238): Method > 2039 com.flurry.sdk.lw.run(com.flurry.sdk.kb$1@777393239)
I/org.umd.logging( 4238): Method < 2039 com.flurry.sdk.lw.run()
I/org.umd.logging( 4238): Method > 2039 com.flurry.sdk.lw.run(com.flurry.sdk.lf$4@256601442)
I/org.umd.logging( 4238): Method < 2039 com.flurry.sdk.lw.run()
I/org.umd.logging( 4238): Method > 2039 com.flurry.sdk.lw.run(com.flurry.sdk.ja$5@899475376)
I/org.umd.logging( 4238): Method < 2039 com.flurry.sdk.lw.run()
I/org.umd.logging( 4238): Method > 2039 com.flurry.sdk.lw.run(com.flurry.sdk.ja$6@838270382)
I/org.umd.logging( 4238): Method < 2039 com.flurry.sdk.lw.run()
I/org.umd.logging( 4238): Method > 2039 com.flurry.sdk.lw.run(com.flurry.sdk.ja$5$1@182505180)
I/org.umd.logging( 4238): Method < 2039 com.flurry.sdk.lw.run()
I/org.umd.logging( 4238): Method > 2039 com.flurry.sdk.lw.run(com.flurry.sdk.kr$3@988236773)
I/org.umd.logging( 4238): Method < 2039 com.flurry.sdk.lw.run()
I/org.umd.logging( 4238): Method > 2039 com.flurry.sdk.lw.run(com.flurry.sdk.kr$4@632899258)
I/org.umd.logging( 4238): Method < 2039 com.flurry.sdk.lw.run()
I/org.umd.logging( 4238): Method > 2077 com.flurry.sdk.lw.run(com.flurry.sdk.ke$1$1@734380385)
I/org.umd.logging( 4238): Method < 2077 com.flurry.sdk.lw.run()
I/org.umd.logging( 4238): Method > 2077 com.flurry.sdk.lw.run(com.flurry.sdk.kl@827062635)
I/org.umd.logging( 4238): Api > 2077 java.net.URL.openConnection(java.net.URL@371528838<URL=https://data.flurry.com/aap.do>)
I/org.umd.logging( 4238): Api < 2077 java.net.URL.openConnection(com.android.okhttp.internal.http.HttpsURLConnectionImpl@531546439)
W/FlurryAgent( 4238): Analytics report sent.
I/org.umd.logging( 4238): Method < 2077 com.flurry.sdk.lw.run()
I/org.umd.logging( 4238): Method > 2039 com.flurry.sdk.lw.run(com.flurry.sdk.ix$2@263983773)
I/org.umd.logging( 4238): Method > 2077 com.flurry.sdk.lw.run(com.flurry.sdk.ke$1$2@53342994)
I/org.umd.logging( 4238): Method < 2039 com.flurry.sdk.lw.run()
I/org.umd.logging( 4238): Method < 2077 com.flurry.sdk.lw.run()
I/org.umd.logging( 4238): Method > 2039 com.flurry.sdk.lw.run(com.flurry.sdk.kr$7@747383523)
I/org.umd.logging( 4238): Method < 2039 com.flurry.sdk.lw.run()
I/org.umd.logging( 4238): Method > 2039 com.flurry.sdk.lw.run(com.flurry.sdk.kr$4@995204320)
I/org.umd.logging( 4238): Method < 2039 com.flurry.sdk.lw.run()
I/org.umd.logging(26066): Method > 1 com.cnn.mobile.android.phone.service.FeedService.onCreate(com.cnn.mobile.android.phone.service.FeedService@5540745)
I/org.umd.logging(26066): Method < 1 com.cnn.mobile.android.phone.service.FeedService.onCreate()
I/org.umd.logging(26066): Method > 1 com.cnn.mobile.android.phone.service.FeedService.onStartCommand(com.cnn.mobile.android.phone.service.FeedService@5540745, android.content.Intent@824949679<action=null><data=null><package=null><component=com.cnn.mobile.android.phone/.service.FeedService><type=null><filter_hashcode=-1301101658><fetch_type=None><umd_Intent_key=None><android.intent.extra.ALARM_COUNT=None>, 0, 1)
I/org.umd.logging(26066): Method > 1 com.androidquery.callback.AbstractAjaxCallback.execute(com.cnn.mobile.android.phone.service.FeedService$1@455633852)
I/org.umd.logging(26066): Method < 1 com.androidquery.callback.AbstractAjaxCallback.execute()
W/AlarmManager(  594): Suspiciously short interval 30000 millis; expanding to 60 seconds
I/org.umd.logging(26066): Method > 1820 com.androidquery.callback.AbstractAjaxCallback.run(com.cnn.mobile.android.phone.service.FeedService$1@455633852)
I/org.umd.logging(26066): Method > 1820 com.androidquery.callback.AbstractAjaxCallback.execute(com.cnn.mobile.android.phone.service.FeedService$1@455633852, org.apache.http.client.methods.HttpGet@812734277, org.apache.http.impl.client.DefaultHttpClient@770631670, org.apache.http.protocol.BasicHttpContext@758603418)
I/org.umd.logging(26066): Api > 1820 org.apache.http.impl.client.DefaultHttpClient.execute(org.apache.http.impl.client.DefaultHttpClient@770631670, org.apache.http.client.methods.HttpGet@812734277, org.apache.http.protocol.BasicHttpContext@758603418)
I/org.umd.logging(26066): Method < 1 com.cnn.mobile.android.phone.service.FeedService.onStartCommand(2)
I/org.umd.logging(26066): Method > 1 com.cnn.mobile.android.phone.service.FeedService.onStartCommand(com.cnn.mobile.android.phone.service.FeedService@5540745, android.content.Intent@612525003<action=null><data=null><package=null><component=com.cnn.mobile.android.phone/.service.FeedService><type=null><filter_hashcode=-1301101658><fetch_type=None><umd_Intent_key=None><android.intent.extra.ALARM_COUNT=None>, 0, 2)
I/org.umd.logging(26066): Method > 1 com.androidquery.callback.AbstractAjaxCallback.execute(com.cnn.mobile.android.phone.service.FeedService$2@1072596904)
I/org.umd.logging(26066): Method > 1812 com.androidquery.callback.AbstractAjaxCallback.run(com.cnn.mobile.android.phone.service.FeedService$2@1072596904)
I/org.umd.logging(26066): Method > 1812 com.androidquery.callback.AbstractAjaxCallback.execute(com.cnn.mobile.android.phone.service.FeedService$2@1072596904, org.apache.http.client.methods.HttpGet@970269377, org.apache.http.impl.client.DefaultHttpClient@770631670, org.apache.http.protocol.BasicHttpContext@849136230)
I/org.umd.logging(26066): Api > 1812 org.apache.http.impl.client.DefaultHttpClient.execute(org.apache.http.impl.client.DefaultHttpClient@770631670, org.apache.http.client.methods.HttpGet@970269377, org.apache.http.protocol.BasicHttpContext@849136230)
I/org.umd.logging(26066): Method < 1 com.androidquery.callback.AbstractAjaxCallback.execute()
I/org.umd.logging(26066): Method < 1 com.cnn.mobile.android.phone.service.FeedService.onStartCommand(2)
I/org.umd.logging(26066): Method > 1 com.cnn.mobile.android.phone.service.FeedService.onDestroy(com.cnn.mobile.android.phone.service.FeedService@5540745)
I/org.umd.logging(26066): Method < 1 com.cnn.mobile.android.phone.service.FeedService.onDestroy()
I/DownloadManagerWrapper(  949): onReceive() : Charging = true
I/org.umd.logging(26066): Api < 1812 org.apache.http.impl.client.DefaultHttpClient.execute(org.apache.http.message.BasicHttpResponse@55669159)
I/org.umd.logging(26066): Api < 1820 org.apache.http.impl.client.DefaultHttpClient.execute(org.apache.http.message.BasicHttpResponse@142112340)
I/org.umd.logging(26066): Method < 1820 com.androidquery.callback.AbstractAjaxCallback.execute(org.apache.http.message.BasicHttpResponse@142112340)
I/org.umd.logging(26066): Method < 1812 com.androidquery.callback.AbstractAjaxCallback.execute(org.apache.http.message.BasicHttpResponse@55669159)
I/org.umd.logging(26066): Method > 1 com.androidquery.callback.AbstractAjaxCallback.run(com.cnn.mobile.android.phone.service.FeedService$1@455633852)
I/org.umd.logging(26066): Method < 1 com.androidquery.callback.AbstractAjaxCallback.run()
I/org.umd.logging(26066): Method > 1821 com.androidquery.util.Common.run(com.androidquery.util.Common@676342269)
I/org.umd.logging(26066): Method < 1821 com.androidquery.util.Common.run()
I/org.umd.logging(26066): Method < 1820 com.androidquery.callback.AbstractAjaxCallback.run()
W/ContentTaskController( 1301): Invalid task was provided to stopTracking.
I/org.umd.logging(26066): Method > 1 com.androidquery.callback.AbstractAjaxCallback.run(com.cnn.mobile.android.phone.service.FeedService$2@1072596904)
I/org.umd.logging(26066): Method < 1812 com.androidquery.callback.AbstractAjaxCallback.run()
I/org.umd.logging(26066): Method < 1 com.androidquery.callback.AbstractAjaxCallback.run()
I/org.umd.logging(26066): Method > 1821 com.androidquery.util.Common.run(com.androidquery.util.Common@228271858)
I/org.umd.logging(26066): Method < 1821 com.androidquery.util.Common.run()
W/ContentTaskController( 1301): Invalid task was provided to stopTracking.
W/ContentTaskController( 1301): Invalid task was provided to stopTracking.
W/ContentTaskController( 1301): Invalid newTask was provided to startTracking.
I/art     (  594): Explicit concurrent mark sweep GC freed 11846(592KB) AllocSpace objects, 4(84KB) LOS objects, 33% free, 24MB/36MB, paused 1.678ms total 163.680ms
W/ContentTaskController( 1301): Invalid newTask was provided to startTracking.
W/ContentTaskController( 1301): Invalid task was provided to stopTracking.
W/ContentTaskController( 1301): Invalid newTask was provided to startTracking.
I/PhenotypeFlagCommitter( 1301): Experiment Configs successfully retrieved for com.google.android.gms.playlog.uploader
I/GoogleURLConnFactory( 1301): Using platform SSLCertificateSocketFactory
I/GoogleURLConnFactory( 1301): Using platform SSLCertificateSocketFactory
I/org.umd.logging( 4986): Method > 1 com.cleanmaster.base.crash.util.debug.b.run(com.cleanmaster.base.crash.util.debug.b@453239735)
I/org.umd.logging( 4986): Method < 1 com.cleanmaster.base.crash.util.debug.b.run()
E/WifiStateMachine(  594): WifiStateMachine CMD_START_SCAN source -2 txSuccessRate=11.81 rxSuccessRate=12.00 targetRoamBSSID=any RSSI=-37
I/GoogleURLConnFactory( 1301): Using platform SSLCertificateSocketFactory
I/GoogleURLConnFactory( 1301): Using platform SSLCertificateSocketFactory
W/ContentTaskController( 1301): Invalid newTask was provided to startTracking.
