I/org.umd.logging( 4694): Method > 1 com.rovio.fusion.InputDelegator.onTouchEvent(com.rovio.fusion.InputDelegator@73260120, android.view.MotionEvent@4331429)
E/Cataloger( 6490): syncFile:/storage/emulated/0/2016-12-13_05:03:07.855.jpg
I/org.umd.logging( 4694): Method < 1 com.rovio.fusion.InputDelegator.onTouchEvent(true)
I/org.umd.logging( 4694): Method < 1 com.rovio.fusion.MySurfaceView.onTouchEvent(true)
I/org.umd.logging( 4694): Method > 2075 com.jirbo.adcolony.p$1.run(com.jirbo.adcolony.p$1@894364997)
I/org.umd.logging( 4694): Method < 2075 com.jirbo.adcolony.p$1.run()
E/Cataloger( 6490): syncFile:/storage/emulated/0/2016-12-13_05:03:08.021.jpg
W/ResourceType( 4694): No known package when getting name for resource number 0xffffffff
I/org.umd.logging( 4694): Method > 1 com.rovio.fusion.MySurfaceView.onTouchEvent(com.rovio.fusion.MySurfaceView@811294676<file=2016-12-13_05:03:08.021><x=0><y=0><width=1280><height=768><id=-1>, android.view.MotionEvent@4331429)
I/org.umd.logging( 4694): Method > 1 com.rovio.fusion.InputDelegator.onTouchEvent(com.rovio.fusion.InputDelegator@73260120, android.view.MotionEvent@4331429)
E/Cataloger( 6490): syncFile:/storage/emulated/0/2016-12-13_05:03:08.021.jpg
I/org.umd.logging( 4694): Method < 1 com.rovio.fusion.InputDelegator.onTouchEvent(true)
I/org.umd.logging( 4694): Method < 1 com.rovio.fusion.MySurfaceView.onTouchEvent(true)
I/org.umd.logging( 4694): Method > 2075 com.jirbo.adcolony.p$1.run(com.jirbo.adcolony.p$1@894364997)
I/org.umd.logging( 4694): Method < 2075 com.jirbo.adcolony.p$1.run()
E/Cataloger( 6490): syncFile:/storage/emulated/0/2016-12-13_05:03:08.191.jpg
W/ResourceType( 4694): No known package when getting name for resource number 0xffffffff
I/org.umd.logging( 4694): Method > 1 com.rovio.fusion.MySurfaceView.onTouchEvent(com.rovio.fusion.MySurfaceView@811294676<file=2016-12-13_05:03:08.191><x=0><y=0><width=1280><height=768><id=-1>, android.view.MotionEvent@4331429)
I/org.umd.logging( 4694): Method > 1 com.rovio.fusion.InputDelegator.onTouchEvent(com.rovio.fusion.InputDelegator@73260120, android.view.MotionEvent@4331429)
E/Cataloger( 6490): syncFile:/storage/emulated/0/2016-12-13_05:03:08.191.jpg
I/org.umd.logging( 4694): Method < 1 com.rovio.fusion.InputDelegator.onTouchEvent(true)
I/org.umd.logging( 4694): Method < 1 com.rovio.fusion.MySurfaceView.onTouchEvent(true)
E/Cataloger( 6490): syncFile:/storage/emulated/0/2016-12-13_05:03:08.372.jpg
I/org.umd.logging( 4694): Method > 2075 com.jirbo.adcolony.p$1.run(com.jirbo.adcolony.p$1@894364997)
I/org.umd.logging( 4694): Method < 2075 com.jirbo.adcolony.p$1.run()
W/ResourceType( 4694): No known package when getting name for resource number 0xffffffff
I/org.umd.logging( 4694): Method > 1 com.rovio.fusion.MySurfaceView.onTouchEvent(com.rovio.fusion.MySurfaceView@811294676<file=2016-12-13_05:03:08.372><x=0><y=0><width=1280><height=768><id=-1>, android.view.MotionEvent@4331429)
E/Cataloger( 6490): syncFile:/storage/emulated/0/2016-12-13_05:03:08.372.jpg
I/org.umd.logging( 4694): Method > 1 com.rovio.fusion.InputDelegator.onTouchEvent(com.rovio.fusion.InputDelegator@73260120, android.view.MotionEvent@4331429)
I/org.umd.logging( 4694): Method < 1 com.rovio.fusion.InputDelegator.onTouchEvent(true)
I/org.umd.logging( 4694): Method < 1 com.rovio.fusion.MySurfaceView.onTouchEvent(true)
E/Cataloger( 6490): syncFile:/storage/emulated/0/2016-12-13_05:03:08.564.jpg
W/ResourceType( 4694): No known package when getting name for resource number 0xffffffff
I/org.umd.logging( 4694): Method > 1 com.rovio.fusion.MySurfaceView.onTouchEvent(com.rovio.fusion.MySurfaceView@811294676<file=2016-12-13_05:03:08.564><x=0><y=0><width=1280><height=768><id=-1>, android.view.MotionEvent@4331429)
E/Cataloger( 6490): syncFile:/storage/emulated/0/2016-12-13_05:03:08.564.jpg
I/org.umd.logging( 4694): Method > 1 com.rovio.fusion.InputDelegator.onTouchEvent(com.rovio.fusion.InputDelegator@73260120, android.view.MotionEvent@4331429)
I/org.umd.logging( 4694): Method < 1 com.rovio.fusion.InputDelegator.onTouchEvent(true)
I/org.umd.logging( 4694): Method < 1 com.rovio.fusion.MySurfaceView.onTouchEvent(true)
I/org.umd.logging( 4694): Method > 1 com.rovio.fusion.App.onKeyUp(com.rovio.fusion.App@410649080<activity=true>, 23, android.view.KeyEvent@784227711)
I/org.umd.logging( 4694): Method > 1 com.rovio.fusion.InputDelegator.onKeyUp(com.rovio.fusion.InputDelegator@73260120, 23, android.view.KeyEvent@784227711)
I/org.umd.logging( 4694): Method < 1 com.rovio.fusion.InputDelegator.onKeyUp(true)
I/org.umd.logging( 4694): Method < 1 com.rovio.fusion.App.onKeyUp(true)
I/Choreographer( 4694): Skipped 88 frames!  The application may be doing too much work on its main thread.
I/org.umd.logging( 4694): Method > 2075 com.jirbo.adcolony.p$1.run(com.jirbo.adcolony.p$1@894364997)
I/org.umd.logging( 4694): Method < 2075 com.jirbo.adcolony.p$1.run()
I/org.umd.logging( 4694): Method > 1 com.rovio.fusion.App.onKeyDown(com.rovio.fusion.App@410649080<activity=true>, 71, android.view.KeyEvent@918860108)
I/org.umd.logging( 4694): Method > 1 com.rovio.fusion.InputDelegator.onKeyDown(com.rovio.fusion.InputDelegator@73260120, 71, android.view.KeyEvent@918860108)
I/org.umd.logging( 4694): Method < 1 com.rovio.fusion.InputDelegator.onKeyDown(false)
I/org.umd.logging( 4694): Method < 1 com.rovio.fusion.App.onKeyDown(false)
I/org.umd.logging( 4694): Method > 1 com.rovio.fusion.App.onKeyUp(com.rovio.fusion.App@410649080<activity=true>, 71, android.view.KeyEvent@747427221)
I/org.umd.logging( 4694): Method > 1 com.rovio.fusion.InputDelegator.onKeyUp(com.rovio.fusion.InputDelegator@73260120, 71, android.view.KeyEvent@747427221)
I/org.umd.logging( 4694): Method < 1 com.rovio.fusion.InputDelegator.onKeyUp(false)
I/org.umd.logging( 4694): Method < 1 com.rovio.fusion.App.onKeyUp(false)
I/org.umd.logging( 4694): Method > 1 com.rovio.fusion.App.onKeyDown(com.rovio.fusion.App@410649080<activity=true>, 156, android.view.KeyEvent@659064490)
I/org.umd.logging( 4694): Method > 1 com.rovio.fusion.InputDelegator.onKeyDown(com.rovio.fusion.InputDelegator@73260120, 156, android.view.KeyEvent@659064490)
I/org.umd.logging( 4694): Method < 1 com.rovio.fusion.InputDelegator.onKeyDown(false)
I/org.umd.logging( 4694): Method < 1 com.rovio.fusion.App.onKeyDown(false)
I/org.umd.logging( 4694): Method > 1 com.rovio.fusion.App.onKeyUp(com.rovio.fusion.App@410649080<activity=true>, 156, android.view.KeyEvent@610620059)
I/org.umd.logging( 4694): Method > 1 com.rovio.fusion.InputDelegator.onKeyUp(com.rovio.fusion.InputDelegator@73260120, 156, android.view.KeyEvent@610620059)
I/org.umd.logging( 4694): Method < 1 com.rovio.fusion.InputDelegator.onKeyUp(false)
I/org.umd.logging( 4694): Method < 1 com.rovio.fusion.App.onKeyUp(false)
E/Cataloger( 6490): syncFile:/storage/emulated/0/2016-12-13_05:03:08.800.jpg
W/ResourceType( 4694): No known package when getting name for resource number 0xffffffff
I/org.umd.logging( 4694): Method > 1 com.rovio.fusion.MySurfaceView.onTouchEvent(com.rovio.fusion.MySurfaceView@811294676<file=2016-12-13_05:03:08.800><x=0><y=0><width=1280><height=768><id=-1>, android.view.MotionEvent@4331429)
E/Cataloger( 6490): syncFile:/storage/emulated/0/2016-12-13_05:03:08.800.jpg
I/org.umd.logging( 4694): Method > 1 com.rovio.fusion.InputDelegator.onTouchEvent(com.rovio.fusion.InputDelegator@73260120, android.view.MotionEvent@4331429)
I/org.umd.logging( 4694): Method < 1 com.rovio.fusion.InputDelegator.onTouchEvent(true)
I/org.umd.logging( 4694): Method < 1 com.rovio.fusion.MySurfaceView.onTouchEvent(true)
I/org.umd.logging( 4694): Api > 2074 android.net.ConnectivityManager.getActiveNetworkInfo(android.net.ConnectivityManager@453239735)
I/org.umd.logging( 4694): Method > 2075 com.jirbo.adcolony.p$1.run(com.jirbo.adcolony.p$1@894364997)
I/org.umd.logging( 4694): Method < 2075 com.jirbo.adcolony.p$1.run()
I/org.umd.logging( 4694): Api < 2074 android.net.ConnectivityManager.getActiveNetworkInfo(android.net.NetworkInfo@489788984)
E/Cataloger( 6490): syncFile:/storage/emulated/0/2016-12-13_05:03:08.971.jpg
W/ResourceType( 4694): No known package when getting name for resource number 0xffffffff
I/org.umd.logging( 4694): Method > 1 com.rovio.fusion.MySurfaceView.onTouchEvent(com.rovio.fusion.MySurfaceView@811294676<file=2016-12-13_05:03:08.971><x=0><y=0><width=1280><height=768><id=-1>, android.view.MotionEvent@4331429)
E/Cataloger( 6490): syncFile:/storage/emulated/0/2016-12-13_05:03:08.971.jpg
I/org.umd.logging( 4694): Method > 1 com.rovio.fusion.InputDelegator.onTouchEvent(com.rovio.fusion.InputDelegator@73260120, android.view.MotionEvent@4331429)
I/org.umd.logging( 4694): Method < 1 com.rovio.fusion.InputDelegator.onTouchEvent(true)
I/org.umd.logging( 4694): Method < 1 com.rovio.fusion.MySurfaceView.onTouchEvent(true)
E/Cataloger( 6490): syncFile:/storage/emulated/0/2016-12-13_05:03:09.156.jpg
I/org.umd.logging( 4694): Method > 2075 com.jirbo.adcolony.p$1.run(com.jirbo.adcolony.p$1@894364997)
I/org.umd.logging( 4694): Method < 2075 com.jirbo.adcolony.p$1.run()
W/ResourceType( 4694): No known package when getting name for resource number 0xffffffff
I/org.umd.logging( 4694): Method > 1 com.rovio.fusion.MySurfaceView.onTouchEvent(com.rovio.fusion.MySurfaceView@811294676<file=2016-12-13_05:03:09.156><x=0><y=0><width=1280><height=768><id=-1>, android.view.MotionEvent@4331429)
E/Cataloger( 6490): syncFile:/storage/emulated/0/2016-12-13_05:03:09.156.jpg
I/org.umd.logging( 4694): Method > 1 com.rovio.fusion.InputDelegator.onTouchEvent(com.rovio.fusion.InputDelegator@73260120, android.view.MotionEvent@4331429)
I/org.umd.logging( 4694): Method < 1 com.rovio.fusion.InputDelegator.onTouchEvent(true)
I/org.umd.logging( 4694): Method < 1 com.rovio.fusion.MySurfaceView.onTouchEvent(true)
E/Cataloger( 6490): syncFile:/storage/emulated/0/2016-12-13_05:03:09.350.jpg
W/ResourceType( 4694): No known package when getting name for resource number 0xffffffff
I/org.umd.logging( 4694): Method > 1 com.rovio.fusion.MySurfaceView.onTouchEvent(com.rovio.fusion.MySurfaceView@811294676<file=2016-12-13_05:03:09.350><x=0><y=0><width=1280><height=768><id=-1>, android.view.MotionEvent@4331429)
I/org.umd.logging( 4694): Method > 2075 com.jirbo.adcolony.p$1.run(com.jirbo.adcolony.p$1@894364997)
I/org.umd.logging( 4694): Method < 2075 com.jirbo.adcolony.p$1.run()
I/org.umd.logging( 4694): Method > 1 com.rovio.fusion.InputDelegator.onTouchEvent(com.rovio.fusion.InputDelegator@73260120, android.view.MotionEvent@4331429)
E/Cataloger( 6490): syncFile:/storage/emulated/0/2016-12-13_05:03:09.350.jpg
I/org.umd.logging( 4694): Method < 1 com.rovio.fusion.InputDelegator.onTouchEvent(true)
I/org.umd.logging( 4694): Method < 1 com.rovio.fusion.MySurfaceView.onTouchEvent(true)
E/Cataloger( 6490): syncFile:/storage/emulated/0/2016-12-13_05:03:09.530.jpg
W/ResourceType( 4694): No known package when getting name for resource number 0xffffffff
I/org.umd.logging( 4694): Method > 1 com.rovio.fusion.MySurfaceView.onTouchEvent(com.rovio.fusion.MySurfaceView@811294676<file=2016-12-13_05:03:09.530><x=0><y=0><width=1280><height=768><id=-1>, android.view.MotionEvent@4331429)
I/org.umd.logging( 4694): Method > 1 com.rovio.fusion.InputDelegator.onTouchEvent(com.rovio.fusion.InputDelegator@73260120, android.view.MotionEvent@4331429)
I/org.umd.logging( 4694): Method < 1 com.rovio.fusion.InputDelegator.onTouchEvent(true)
I/org.umd.logging( 4694): Method < 1 com.rovio.fusion.MySurfaceView.onTouchEvent(true)
E/Cataloger( 6490): syncFile:/storage/emulated/0/2016-12-13_05:03:09.530.jpg
I/org.umd.logging( 4694): Method > 2075 com.jirbo.adcolony.p$1.run(com.jirbo.adcolony.p$1@894364997)
I/org.umd.logging( 4694): Method < 2075 com.jirbo.adcolony.p$1.run()
E/Cataloger( 6490): syncFile:/storage/emulated/0/2016-12-13_05:03:09.696.jpg
W/ResourceType( 4694): No known package when getting name for resource number 0xffffffff
I/org.umd.logging( 4694): Method > 1 com.rovio.fusion.MySurfaceView.onTouchEvent(com.rovio.fusion.MySurfaceView@811294676<file=2016-12-13_05:03:09.696><x=0><y=0><width=1280><height=768><id=-1>, android.view.MotionEvent@4331429)
E/Cataloger( 6490): syncFile:/storage/emulated/0/2016-12-13_05:03:09.696.jpg
I/org.umd.logging( 4694): Method > 1 com.rovio.fusion.InputDelegator.onTouchEvent(com.rovio.fusion.InputDelegator@73260120, android.view.MotionEvent@4331429)
I/org.umd.logging( 4694): Method < 1 com.rovio.fusion.InputDelegator.onTouchEvent(true)
I/org.umd.logging( 4694): Method < 1 com.rovio.fusion.MySurfaceView.onTouchEvent(true)
E/Cataloger( 6490): syncFile:/storage/emulated/0/2016-12-13_05:03:09.878.jpg
I/org.umd.logging( 4694): Method > 2075 com.jirbo.adcolony.p$1.run(com.jirbo.adcolony.p$1@894364997)
I/org.umd.logging( 4694): Method < 2075 com.jirbo.adcolony.p$1.run()
W/ResourceType( 4694): No known package when getting name for resource number 0xffffffff
I/org.umd.logging( 4694): Method > 1 com.rovio.fusion.MySurfaceView.onTouchEvent(com.rovio.fusion.MySurfaceView@811294676<file=2016-12-13_05:03:09.878><x=0><y=0><width=1280><height=768><id=-1>, android.view.MotionEvent@4331429)
I/org.umd.logging( 4694): Method > 1 com.rovio.fusion.InputDelegator.onTouchEvent(com.rovio.fusion.InputDelegator@73260120, android.view.MotionEvent@4331429)
E/Cataloger( 6490): syncFile:/storage/emulated/0/2016-12-13_05:03:09.878.jpg
I/org.umd.logging( 4694): Method < 1 com.rovio.fusion.InputDelegator.onTouchEvent(true)
I/org.umd.logging( 4694): Method < 1 com.rovio.fusion.MySurfaceView.onTouchEvent(true)
E/Cataloger( 6490): syncFile:/storage/emulated/0/2016-12-13_05:03:10.037.jpg
W/ResourceType( 4694): No known package when getting name for resource number 0xffffffff
I/org.umd.logging( 4694): Method > 1 com.rovio.fusion.MySurfaceView.onTouchEvent(com.rovio.fusion.MySurfaceView@811294676<file=2016-12-13_05:03:10.037><x=0><y=0><width=1280><height=768><id=-1>, android.view.MotionEvent@4331429)
I/org.umd.logging( 4694): Method > 1 com.rovio.fusion.InputDelegator.onTouchEvent(com.rovio.fusion.InputDelegator@73260120, android.view.MotionEvent@4331429)
I/org.umd.logging( 4694): Method < 1 com.rovio.fusion.InputDelegator.onTouchEvent(true)
I/org.umd.logging( 4694): Method < 1 com.rovio.fusion.MySurfaceView.onTouchEvent(true)
E/Cataloger( 6490): syncFile:/storage/emulated/0/2016-12-13_05:03:10.037.jpg
I/org.umd.logging( 4694): Method > 2075 com.jirbo.adcolony.p$1.run(com.jirbo.adcolony.p$1@894364997)
I/org.umd.logging( 4694): Method < 2075 com.jirbo.adcolony.p$1.run()
E/Cataloger( 6490): syncFile:/storage/emulated/0/2016-12-13_05:03:10.215.jpg
W/ResourceType( 4694): No known package when getting name for resource number 0xffffffff
I/org.umd.logging( 4694): Method > 1 com.rovio.fusion.MySurfaceView.onTouchEvent(com.rovio.fusion.MySurfaceView@811294676<file=2016-12-13_05:03:10.215><x=0><y=0><width=1280><height=768><id=-1>, android.view.MotionEvent@4331429)
I/org.umd.logging( 4694): Method > 1 com.rovio.fusion.InputDelegator.onTouchEvent(com.rovio.fusion.InputDelegator@73260120, android.view.MotionEvent@4331429)
I/org.umd.logging( 4694): Method < 1 com.rovio.fusion.InputDelegator.onTouchEvent(true)
I/org.umd.logging( 4694): Method < 1 com.rovio.fusion.MySurfaceView.onTouchEvent(true)
E/Cataloger( 6490): syncFile:/storage/emulated/0/2016-12-13_05:03:10.215.jpg
E/Cataloger( 6490): syncFile:/storage/emulated/0/2016-12-13_05:03:10.406.jpg
I/org.umd.logging( 4694): Method > 2075 com.jirbo.adcolony.p$1.run(com.jirbo.adcolony.p$1@894364997)
I/org.umd.logging( 4694): Method < 2075 com.jirbo.adcolony.p$1.run()
W/ResourceType( 4694): No known package when getting name for resource number 0xffffffff
I/org.umd.logging( 4694): Method > 1 com.rovio.fusion.MySurfaceView.onTouchEvent(com.rovio.fusion.MySurfaceView@811294676<file=2016-12-13_05:03:10.406><x=0><y=0><width=1280><height=768><id=-1>, android.view.MotionEvent@4331429)
I/org.umd.logging( 4694): Method > 1 com.rovio.fusion.InputDelegator.onTouchEvent(com.rovio.fusion.InputDelegator@73260120, android.view.MotionEvent@4331429)
I/org.umd.logging( 4694): Method < 1 com.rovio.fusion.InputDelegator.onTouchEvent(true)
I/org.umd.logging( 4694): Method < 1 com.rovio.fusion.MySurfaceView.onTouchEvent(true)
E/Cataloger( 6490): syncFile:/storage/emulated/0/2016-12-13_05:03:10.406.jpg
E/Cataloger( 6490): syncFile:/storage/emulated/0/2016-12-13_05:03:10.594.jpg
W/ResourceType( 4694): No known package when getting name for resource number 0xffffffff
I/org.umd.logging( 4694): Method > 1 com.rovio.fusion.MySurfaceView.onTouchEvent(com.rovio.fusion.MySurfaceView@811294676<file=2016-12-13_05:03:10.594><x=0><y=0><width=1280><height=768><id=-1>, android.view.MotionEvent@4331429)
E/Cataloger( 6490): syncFile:/storage/emulated/0/2016-12-13_05:03:10.594.jpg
I/org.umd.logging( 4694): Method > 1 com.rovio.fusion.InputDelegator.onTouchEvent(com.rovio.fusion.InputDelegator@73260120, android.view.MotionEvent@4331429)
I/org.umd.logging( 4694): Method < 1 com.rovio.fusion.InputDelegator.onTouchEvent(true)
I/org.umd.logging( 4694): Method < 1 com.rovio.fusion.MySurfaceView.onTouchEvent(true)
I/org.umd.logging( 4694): Method > 2075 com.jirbo.adcolony.p$1.run(com.jirbo.adcolony.p$1@894364997)
I/org.umd.logging( 4694): Method < 2075 com.jirbo.adcolony.p$1.run()
E/Cataloger( 6490): syncFile:/storage/emulated/0/2016-12-13_05:03:10.764.jpg
W/ResourceType( 4694): No known package when getting name for resource number 0xffffffff
I/org.umd.logging( 4694): Method > 1 com.rovio.fusion.MySurfaceView.onTouchEvent(com.rovio.fusion.MySurfaceView@811294676<file=2016-12-13_05:03:10.764><x=0><y=0><width=1280><height=768><id=-1>, android.view.MotionEvent@4331429)
I/org.umd.logging( 4694): Method > 1 com.rovio.fusion.InputDelegator.onTouchEvent(com.rovio.fusion.InputDelegator@73260120, android.view.MotionEvent@4331429)
E/Cataloger( 6490): syncFile:/storage/emulated/0/2016-12-13_05:03:10.764.jpg
I/org.umd.logging( 4694): Method < 1 com.rovio.fusion.InputDelegator.onTouchEvent(true)
I/org.umd.logging( 4694): Method < 1 com.rovio.fusion.MySurfaceView.onTouchEvent(true)
I/InputDispatcher(  594): Window 'Window{ffb8ea8 u0 com.rovio.angrybirds/com.rovio.fusion.App}' spent 2095.9ms processing the last input event: MotionEvent(deviceId=0, source=0x00001002, action=0, flags=0x00000000, metaState=0x00000000, buttonState=0x00000000, edgeFlags=0x00000000, xPrecision=1.0, yPrecision=1.0, displayId=0, pointers=[0: (412.0, 110.0)]), policyFlags=0x6b000000
I/DownloadManagerWrapper(  949): onReceive() : Charging = true
I/org.umd.logging( 4694): Method > 2075 com.jirbo.adcolony.p$1.run(com.jirbo.adcolony.p$1@894364997)
I/org.umd.logging( 4694): Method < 2075 com.jirbo.adcolony.p$1.run()
E/Cataloger( 6490): syncFile:/storage/emulated/0/2016-12-13_05:03:10.935.jpg
I/DownloadManagerWrapper(  949): onReceive() : Charging = true
W/ResourceType( 4694): No known package when getting name for resource number 0xffffffff
I/org.umd.logging( 4694): Method > 1 com.rovio.fusion.MySurfaceView.onTouchEvent(com.rovio.fusion.MySurfaceView@811294676<file=2016-12-13_05:03:10.935><x=0><y=0><width=1280><height=768><id=-1>, android.view.MotionEvent@4331429)
E/Cataloger( 6490): syncFile:/storage/emulated/0/2016-12-13_05:03:10.935.jpg
I/org.umd.logging( 4694): Method > 1 com.rovio.fusion.InputDelegator.onTouchEvent(com.rovio.fusion.InputDelegator@73260120, android.view.MotionEvent@4331429)
I/org.umd.logging( 4694): Method < 1 com.rovio.fusion.InputDelegator.onTouchEvent(true)
I/org.umd.logging( 4694): Method < 1 com.rovio.fusion.MySurfaceView.onTouchEvent(true)
I/InputDispatcher(  594): Window 'Window{ffb8ea8 u0 com.rovio.angrybirds/com.rovio.fusion.App}' spent 2290.2ms processing the last input event: MotionEvent(deviceId=0, source=0x00001002, action=2, flags=0x00000000, metaState=0x00000000, buttonState=0x00000000, edgeFlags=0x00000000, xPrecision=1.0, yPrecision=1.0, displayId=0, pointers=[0: (408.7, 113.4)]), policyFlags=0x6b000000
I/InputDispatcher(  594): Window 'Window{ffb8ea8 u0 com.rovio.angrybirds/com.rovio.fusion.App}' spent 2289.6ms processing the last input event: MotionEvent(deviceId=0, source=0x00001002, action=2, flags=0x00000000, metaState=0x00000000, buttonState=0x00000000, edgeFlags=0x00000000, xPrecision=1.0, yPrecision=1.0, displayId=0, pointers=[0: (393.7, 114.7)]), policyFlags=0x6b000000
E/Cataloger( 6490): syncFile:/storage/emulated/0/2016-12-13_05:03:11.130.jpg
I/org.umd.logging( 4694): Method > 2075 com.jirbo.adcolony.p$1.run(com.jirbo.adcolony.p$1@894364997)
I/org.umd.logging( 4694): Method < 2075 com.jirbo.adcolony.p$1.run()
W/ResourceType( 4694): No known package when getting name for resource number 0xffffffff
I/org.umd.logging( 4694): Method > 1 com.rovio.fusion.MySurfaceView.onTouchEvent(com.rovio.fusion.MySurfaceView@811294676<file=2016-12-13_05:03:11.130><x=0><y=0><width=1280><height=768><id=-1>, android.view.MotionEvent@4331429)
I/org.umd.logging( 4694): Method > 1 com.rovio.fusion.InputDelegator.onTouchEvent(com.rovio.fusion.InputDelegator@73260120, android.view.MotionEvent@4331429)
I/org.umd.logging( 4694): Method < 1 com.rovio.fusion.InputDelegator.onTouchEvent(true)
I/org.umd.logging( 4694): Method < 1 com.rovio.fusion.MySurfaceView.onTouchEvent(true)
E/Cataloger( 6490): syncFile:/storage/emulated/0/2016-12-13_05:03:11.130.jpg
I/InputDispatcher(  594): Window 'Window{ffb8ea8 u0 com.rovio.angrybirds/com.rovio.fusion.App}' spent 2441.9ms processing the last input event: MotionEvent(deviceId=0, source=0x00001002, action=1, flags=0x00000000, metaState=0x00000000, buttonState=0x00000000, edgeFlags=0x00000000, xPrecision=1.0, yPrecision=1.0, displayId=0, pointers=[0: (384.2, 114.8)]), policyFlags=0x6b000000
E/Cataloger( 6490): syncFile:/storage/emulated/0/2016-12-13_05:03:11.283.jpg
W/ResourceType( 4694): No known package when getting name for resource number 0xffffffff
I/org.umd.logging( 4694): Method > 1 com.rovio.fusion.MySurfaceView.onTouchEvent(com.rovio.fusion.MySurfaceView@811294676<file=2016-12-13_05:03:11.283><x=0><y=0><width=1280><height=768><id=-1>, android.view.MotionEvent@4331429)
I/org.umd.logging( 4694): Method > 1 com.rovio.fusion.InputDelegator.onTouchEvent(com.rovio.fusion.InputDelegator@73260120, android.view.MotionEvent@4331429)
I/org.umd.logging( 4694): Method < 1 com.rovio.fusion.InputDelegator.onTouchEvent(true)
I/org.umd.logging( 4694): Method < 1 com.rovio.fusion.MySurfaceView.onTouchEvent(true)
I/InputDispatcher(  594): Window 'Window{ffb8ea8 u0 com.rovio.angrybirds/com.rovio.fusion.App}' spent 2650.3ms processing the last input event: MotionEvent(deviceId=0, source=0x00001002, action=0, flags=0x00000000, metaState=0x00000000, buttonState=0x00000000, edgeFlags=0x00000000, xPrecision=1.0, yPrecision=1.0, displayId=0, pointers=[0: (8.0, 194.0)]), policyFlags=0x6b000000
E/Cataloger( 6490): syncFile:/storage/emulated/0/2016-12-13_05:03:11.283.jpg
I/org.umd.logging( 4694): Method > 2075 com.jirbo.adcolony.p$1.run(com.jirbo.adcolony.p$1@894364997)
I/org.umd.logging( 4694): Method < 2075 com.jirbo.adcolony.p$1.run()
E/Cataloger( 6490): syncFile:/storage/emulated/0/2016-12-13_05:03:11.494.jpg
W/ResourceType( 4694): No known package when getting name for resource number 0xffffffff
I/org.umd.logging( 4694): Method > 1 com.rovio.fusion.MySurfaceView.onTouchEvent(com.rovio.fusion.MySurfaceView@811294676<file=2016-12-13_05:03:11.494><x=0><y=0><width=1280><height=768><id=-1>, android.view.MotionEvent@4331429)
I/org.umd.logging( 4694): Method > 1 com.rovio.fusion.InputDelegator.onTouchEvent(com.rovio.fusion.InputDelegator@73260120, android.view.MotionEvent@4331429)
E/Cataloger( 6490): syncFile:/storage/emulated/0/2016-12-13_05:03:11.494.jpg
I/org.umd.logging( 4694): Method < 1 com.rovio.fusion.InputDelegator.onTouchEvent(true)
I/org.umd.logging( 4694): Method < 1 com.rovio.fusion.MySurfaceView.onTouchEvent(true)
I/InputDispatcher(  594): Window 'Window{ffb8ea8 u0 com.rovio.angrybirds/com.rovio.fusion.App}' spent 2816.0ms processing the last input event: MotionEvent(deviceId=0, source=0x00001002, action=2, flags=0x00000000, metaState=0x00000000, buttonState=0x00000000, edgeFlags=0x00000000, xPrecision=1.0, yPrecision=1.0, displayId=0, pointers=[0: (0.0, 195.5)]), policyFlags=0x6b000000
I/InputDispatcher(  594): Window 'Window{ffb8ea8 u0 com.rovio.angrybirds/com.rovio.fusion.App}' spent 2815.8ms processing the last input event: MotionEvent(deviceId=0, source=0x00001002, action=2, flags=0x00000000, metaState=0x00000000, buttonState=0x00000000, edgeFlags=0x00000000, xPrecision=1.0, yPrecision=1.0, displayId=0, pointers=[0: (0.0, 206.5)]), policyFlags=0x6b000000
I/InputDispatcher(  594): Window 'Window{ffb8ea8 u0 com.rovio.angrybirds/com.rovio.fusion.App}' spent 2815.6ms processing the last input event: MotionEvent(deviceId=0, source=0x00001002, action=2, flags=0x00000000, metaState=0x00000000, buttonState=0x00000000, edgeFlags=0x00000000, xPrecision=1.0, yPrecision=1.0, displayId=0, pointers=[0: (0.0, 213.0)]), policyFlags=0x6b000000
I/InputDispatcher(  594): Window 'Window{ffb8ea8 u0 com.rovio.angrybirds/com.rovio.fusion.App}' spent 2815.4ms processing the last input event: MotionEvent(deviceId=0, source=0x00001002, action=2, flags=0x00000000, metaState=0x00000000, buttonState=0x00000000, edgeFlags=0x00000000, xPrecision=1.0, yPrecision=1.0, displayId=0, pointers=[0: (0.0, 221.3)]), policyFlags=0x6b000000
I/InputDispatcher(  594): Window 'Window{ffb8ea8 u0 com.rovio.angrybirds/com.rovio.fusion.App}' spent 2815.2ms processing the last input event: MotionEvent(deviceId=0, source=0x00001002, action=2, flags=0x00000000, metaState=0x00000000, buttonState=0x00000000, edgeFlags=0x00000000, xPrecision=1.0, yPrecision=1.0, displayId=0, pointers=[0: (0.0, 228.9)]), policyFlags=0x6b000000
E/Cataloger( 6490): syncFile:/storage/emulated/0/2016-12-13_05:03:11.661.jpg
I/org.umd.logging( 4694): Method > 2075 com.jirbo.adcolony.p$1.run(com.jirbo.adcolony.p$1@894364997)
I/org.umd.logging( 4694): Method < 2075 com.jirbo.adcolony.p$1.run()
W/ResourceType( 4694): No known package when getting name for resource number 0xffffffff
I/org.umd.logging( 4694): Method > 1 com.rovio.fusion.MySurfaceView.onTouchEvent(com.rovio.fusion.MySurfaceView@811294676<file=2016-12-13_05:03:11.661><x=0><y=0><width=1280><height=768><id=-1>, android.view.MotionEvent@4331429)
I/org.umd.logging( 4694): Method > 1 com.rovio.fusion.InputDelegator.onTouchEvent(com.rovio.fusion.InputDelegator@73260120, android.view.MotionEvent@4331429)
E/Cataloger( 6490): syncFile:/storage/emulated/0/2016-12-13_05:03:11.661.jpg
I/org.umd.logging( 4694): Method < 1 com.rovio.fusion.InputDelegator.onTouchEvent(true)
I/org.umd.logging( 4694): Method < 1 com.rovio.fusion.MySurfaceView.onTouchEvent(true)
I/InputDispatcher(  594): Window 'Window{ffb8ea8 u0 com.rovio.angrybirds/com.rovio.fusion.App}' spent 2997.5ms processing the last input event: MotionEvent(deviceId=0, source=0x00001002, action=1, flags=0x00000000, metaState=0x00000000, buttonState=0x00000000, edgeFlags=0x00000000, xPrecision=1.0, yPrecision=1.0, displayId=0, pointers=[0: (0.0, 241.0)]), policyFlags=0x6b000000
E/Cataloger( 6490): syncFile:/storage/emulated/0/2016-12-13_05:03:11.844.jpg
I/org.umd.logging( 4694): Api > 2074 android.net.ConnectivityManager.getActiveNetworkInfo(android.net.ConnectivityManager@453239735)
I/org.umd.logging( 4694): Method > 2075 com.jirbo.adcolony.p$1.run(com.jirbo.adcolony.p$1@894364997)
I/org.umd.logging( 4694): Api < 2074 android.net.ConnectivityManager.getActiveNetworkInfo(android.net.NetworkInfo@825374225)
I/org.umd.logging( 4694): Method < 2075 com.jirbo.adcolony.p$1.run()
W/ResourceType( 4694): No known package when getting name for resource number 0xffffffff
I/org.umd.logging( 4694): Method > 1 com.rovio.fusion.MySurfaceView.onTouchEvent(com.rovio.fusion.MySurfaceView@811294676<file=2016-12-13_05:03:11.844><x=0><y=0><width=1280><height=768><id=-1>, android.view.MotionEvent@4331429)
I/org.umd.logging( 4694): Method > 1 com.rovio.fusion.InputDelegator.onTouchEvent(com.rovio.fusion.InputDelegator@73260120, android.view.MotionEvent@4331429)
E/Cataloger( 6490): syncFile:/storage/emulated/0/2016-12-13_05:03:11.844.jpg
I/org.umd.logging( 4694): Method < 1 com.rovio.fusion.InputDelegator.onTouchEvent(true)
I/org.umd.logging( 4694): Method < 1 com.rovio.fusion.MySurfaceView.onTouchEvent(true)
I/InputDispatcher(  594): Window 'Window{ffb8ea8 u0 com.rovio.angrybirds/com.rovio.fusion.App}' spent 3229.5ms processing the last input event: MotionEvent(deviceId=0, source=0x00001002, action=0, flags=0x00000000, metaState=0x00000000, buttonState=0x00000000, edgeFlags=0x00000000, xPrecision=1.0, yPrecision=1.0, displayId=0, pointers=[0: (286.0, 639.0)]), policyFlags=0x6b000000
E/Cataloger( 6490): syncFile:/storage/emulated/0/2016-12-13_05:03:12.079.jpg
W/ResourceType( 4694): No known package when getting name for resource number 0xffffffff
I/org.umd.logging( 4694): Method > 1 com.rovio.fusion.MySurfaceView.onTouchEvent(com.rovio.fusion.MySurfaceView@811294676<file=2016-12-13_05:03:12.079><x=0><y=0><width=1280><height=768><id=-1>, android.view.MotionEvent@4331429)
I/org.umd.logging( 4694): Method > 1 com.rovio.fusion.InputDelegator.onTouchEvent(com.rovio.fusion.InputDelegator@73260120, android.view.MotionEvent@4331429)
E/Cataloger( 6490): syncFile:/storage/emulated/0/2016-12-13_05:03:12.079.jpg
I/org.umd.logging( 4694): Method < 1 com.rovio.fusion.InputDelegator.onTouchEvent(true)
I/org.umd.logging( 4694): Method < 1 com.rovio.fusion.MySurfaceView.onTouchEvent(true)
I/InputDispatcher(  594): Window 'Window{ffb8ea8 u0 com.rovio.angrybirds/com.rovio.fusion.App}' spent 3399.2ms processing the last input event: MotionEvent(deviceId=0, source=0x00001002, action=2, flags=0x00000000, metaState=0x00000000, buttonState=0x00000000, edgeFlags=0x00000000, xPrecision=1.0, yPrecision=1.0, displayId=0, pointers=[0: (286.0, 626.7)]), policyFlags=0x6b000000
I/InputDispatcher(  594): Window 'Window{ffb8ea8 u0 com.rovio.angrybirds/com.rovio.fusion.App}' spent 3398.7ms processing the last input event: MotionEvent(deviceId=0, source=0x00001002, action=2, flags=0x00000000, metaState=0x00000000, buttonState=0x00000000, edgeFlags=0x00000000, xPrecision=1.0, yPrecision=1.0, displayId=0, pointers=[0: (286.0, 613.4)]), policyFlags=0x6b000000
I/InputDispatcher(  594): Window 'Window{ffb8ea8 u0 com.rovio.angrybirds/com.rovio.fusion.App}' spent 3398.3ms processing the last input event: MotionEvent(deviceId=0, source=0x00001002, action=2, flags=0x00000000, metaState=0x00000000, buttonState=0x00000000, edgeFlags=0x00000000, xPrecision=1.0, yPrecision=1.0, displayId=0, pointers=[0: (286.0, 605.7)]), policyFlags=0x6b000000
I/InputDispatcher(  594): Window 'Window{ffb8ea8 u0 com.rovio.angrybirds/com.rovio.fusion.App}' spent 3397.8ms processing the last input event: MotionEvent(deviceId=0, source=0x00001002, action=2, flags=0x00000000, metaState=0x00000000, buttonState=0x00000000, edgeFlags=0x00000000, xPrecision=1.0, yPrecision=1.0, displayId=0, pointers=[0: (285.9, 605.4)]), policyFlags=0x6b000000
I/InputDispatcher(  594): Window 'Window{ffb8ea8 u0 com.rovio.angrybirds/com.rovio.fusion.App}' spent 3397.3ms processing the last input event: MotionEvent(deviceId=0, source=0x00001002, action=2, flags=0x00000000, metaState=0x00000000, buttonState=0x00000000, edgeFlags=0x00000000, xPrecision=1.0, yPrecision=1.0, displayId=0, pointers=[0: (285.9, 599.6)]), policyFlags=0x6b000000
I/InputDispatcher(  594): Window 'Window{ffb8ea8 u0 com.rovio.angrybirds/com.rovio.fusion.App}' spent 3396.7ms processing the last input event: MotionEvent(deviceId=0, source=0x00001002, action=2, flags=0x00000000, metaState=0x00000000, buttonState=0x00000000, edgeFlags=0x00000000, xPrecision=1.0, yPrecision=1.0, displayId=0, pointers=[0: (285.8, 591.4)]), policyFlags=0x6b000000
I/InputDispatcher(  594): Window 'Window{ffb8ea8 u0 com.rovio.angrybirds/com.rovio.fusion.App}' spent 3396.3ms processing the last input event: MotionEvent(deviceId=0, source=0x00001002, action=2, flags=0x00000000, metaState=0x00000000, buttonState=0x00000000, edgeFlags=0x00000000, xPrecision=1.0, yPrecision=1.0, displayId=0, pointers=[0: (285.8, 576.6)]), policyFlags=0x6b000000
I/InputDispatcher(  594): Window 'Window{ffb8ea8 u0 com.rovio.angrybirds/com.rovio.fusion.App}' spent 3395.8ms processing the last input event: MotionEvent(deviceId=0, source=0x00001002, action=2, flags=0x00000000, metaState=0x00000000, buttonState=0x00000000, edgeFlags=0x00000000, xPrecision=1.0, yPrecision=1.0, displayId=0, pointers=[0: (285.7, 562.6)]), policyFlags=0x6b000000
I/InputDispatcher(  594): Window 'Window{ffb8ea8 u0 com.rovio.angrybirds/com.rovio.fusion.App}' spent 3395.3ms processing the last input event: MotionEvent(deviceId=0, source=0x00001002, action=2, flags=0x00000000, metaState=0x00000000, buttonState=0x00000000, edgeFlags=0x00000000, xPrecision=1.0, yPrecision=1.0, displayId=0, pointers=[0: (285.7, 557.7)]), policyFlags=0x6b000000
I/org.umd.logging( 4694): Method > 2075 com.jirbo.adcolony.p$1.run(com.jirbo.adcolony.p$1@894364997)
I/org.umd.logging( 4694): Method < 2075 com.jirbo.adcolony.p$1.run()
E/Cataloger( 6490): syncFile:/storage/emulated/0/2016-12-13_05:03:12.248.jpg
W/ResourceType( 4694): No known package when getting name for resource number 0xffffffff
I/org.umd.logging( 4694): Method > 1 com.rovio.fusion.MySurfaceView.onTouchEvent(com.rovio.fusion.MySurfaceView@811294676<file=2016-12-13_05:03:12.248><x=0><y=0><width=1280><height=768><id=-1>, android.view.MotionEvent@4331429)
I/org.umd.logging( 4694): Method > 1 com.rovio.fusion.InputDelegator.onTouchEvent(com.rovio.fusion.InputDelegator@73260120, android.view.MotionEvent@4331429)
E/Cataloger( 6490): syncFile:/storage/emulated/0/2016-12-13_05:03:12.248.jpg
I/org.umd.logging( 4694): Method < 1 com.rovio.fusion.InputDelegator.onTouchEvent(true)
I/org.umd.logging( 4694): Method < 1 com.rovio.fusion.MySurfaceView.onTouchEvent(true)
I/InputDispatcher(  594): Window 'Window{ffb8ea8 u0 com.rovio.angrybirds/com.rovio.fusion.App}' spent 3590.3ms processing the last input event: MotionEvent(deviceId=0, source=0x00001002, action=1, flags=0x00000000, metaState=0x00000000, buttonState=0x00000000, edgeFlags=0x00000000, xPrecision=1.0, yPrecision=1.0, displayId=0, pointers=[0: (285.7, 547.8)]), policyFlags=0x6b000000
I/org.umd.logging( 4694): Method > 2075 com.jirbo.adcolony.p$1.run(com.jirbo.adcolony.p$1@894364997)
I/org.umd.logging( 4694): Method < 2075 com.jirbo.adcolony.p$1.run()
E/Cataloger( 6490): syncFile:/storage/emulated/0/2016-12-13_05:03:12.444.jpg
W/ResourceType( 4694): No known package when getting name for resource number 0xffffffff
I/org.umd.logging( 4694): Method > 1 com.rovio.fusion.MySurfaceView.onTouchEvent(com.rovio.fusion.MySurfaceView@811294676<file=2016-12-13_05:03:12.444><x=0><y=0><width=1280><height=768><id=-1>, android.view.MotionEvent@4331429)
E/Cataloger( 6490): syncFile:/storage/emulated/0/2016-12-13_05:03:12.444.jpg
I/org.umd.logging( 4694): Method > 1 com.rovio.fusion.InputDelegator.onTouchEvent(com.rovio.fusion.InputDelegator@73260120, android.view.MotionEvent@4331429)
I/org.umd.logging( 4694): Method < 1 com.rovio.fusion.InputDelegator.onTouchEvent(true)
I/org.umd.logging( 4694): Method < 1 com.rovio.fusion.MySurfaceView.onTouchEvent(true)
I/InputDispatcher(  594): Window 'Window{ffb8ea8 u0 com.rovio.angrybirds/com.rovio.fusion.App}' spent 3809.3ms processing the last input event: MotionEvent(deviceId=0, source=0x00001002, action=0, flags=0x00000000, metaState=0x00000000, buttonState=0x00000000, edgeFlags=0x00000000, xPrecision=1.0, yPrecision=1.0, displayId=0, pointers=[0: (337.0, 118.0)]), policyFlags=0x6b000000
E/Cataloger( 6490): syncFile:/storage/emulated/0/2016-12-13_05:03:12.669.jpg
I/org.umd.logging( 4694): Method > 2075 com.jirbo.adcolony.p$1.run(com.jirbo.adcolony.p$1@894364997)
I/org.umd.logging( 4694): Method < 2075 com.jirbo.adcolony.p$1.run()
W/ResourceType( 4694): No known package when getting name for resource number 0xffffffff
I/org.umd.logging( 4694): Method > 1 com.rovio.fusion.MySurfaceView.onTouchEvent(com.rovio.fusion.MySurfaceView@811294676<file=2016-12-13_05:03:12.669><x=0><y=0><width=1280><height=768><id=-1>, android.view.MotionEvent@4331429)
E/Cataloger( 6490): syncFile:/storage/emulated/0/2016-12-13_05:03:12.669.jpg
I/org.umd.logging( 4694): Method > 1 com.rovio.fusion.InputDelegator.onTouchEvent(com.rovio.fusion.InputDelegator@73260120, android.view.MotionEvent@4331429)
I/org.umd.logging( 4694): Method < 1 com.rovio.fusion.InputDelegator.onTouchEvent(true)
I/org.umd.logging( 4694): Method < 1 com.rovio.fusion.MySurfaceView.onTouchEvent(true)
I/InputDispatcher(  594): Window 'Window{ffb8ea8 u0 com.rovio.angrybirds/com.rovio.fusion.App}' spent 4031.0ms processing the last input event: MotionEvent(deviceId=0, source=0x00001002, action=1, flags=0x00000000, metaState=0x00000000, buttonState=0x00000000, edgeFlags=0x00000000, xPrecision=1.0, yPrecision=1.0, displayId=0, pointers=[0: (337.3, 98.0)]), policyFlags=0x6b000000
I/Choreographer( 4694): Skipped 244 frames!  The application may be doing too much work on its main thread.
I/InputDispatcher(  594): Window 'Window{ffb8ea8 u0 com.rovio.angrybirds/com.rovio.fusion.App}' spent 4093.0ms processing the last input event: MotionEvent(deviceId=0, source=0x00010004, action=2, flags=0x00000000, metaState=0x00000000, buttonState=0x00000000, edgeFlags=0x00000000, xPrecision=1.0, yPrecision=1.0, displayId=0, pointers=[0: (0.0, 0.0)]), policyFlags=0x6b000000
I/InputDispatcher(  594): Window 'Window{ffb8ea8 u0 com.rovio.angrybirds/com.rovio.fusion.App}' spent 4092.3ms processing the last input event: MotionEvent(deviceId=0, source=0x00010004, action=2, flags=0x00000000, metaState=0x00000000, buttonState=0x00000000, edgeFlags=0x00000000, xPrecision=1.0, yPrecision=1.0, displayId=0, pointers=[0: (0.0, -5.0)]), policyFlags=0x6b000000
I/InputDispatcher(  594): Window 'Window{ffb8ea8 u0 com.rovio.angrybirds/com.rovio.fusion.App}' spent 4091.6ms processing the last input event: MotionEvent(deviceId=0, source=0x00010004, action=2, flags=0x00000000, metaState=0x00000000, buttonState=0x00000000, edgeFlags=0x00000000, xPrecision=1.0, yPrecision=1.0, displayId=0, pointers=[0: (-5.0, -4.0)]), policyFlags=0x6b000000
I/InputDispatcher(  594): Window 'Window{ffb8ea8 u0 com.rovio.angrybirds/com.rovio.fusion.App}' spent 4090.9ms processing the last input event: MotionEvent(deviceId=0, source=0x00010004, action=2, flags=0x00000000, metaState=0x00000000, buttonState=0x00000000, edgeFlags=0x00000000, xPrecision=1.0, yPrecision=1.0, displayId=0, pointers=[0: (1.0, 0.0)]), policyFlags=0x6b000000
I/InputDispatcher(  594): Window 'Window{ffb8ea8 u0 com.rovio.angrybirds/com.rovio.fusion.App}' spent 4089.9ms processing the last input event: MotionEvent(deviceId=0, source=0x00010004, action=2, flags=0x00000000, metaState=0x00000000, buttonState=0x00000000, edgeFlags=0x00000000, xPrecision=1.0, yPrecision=1.0, displayId=0, pointers=[0: (4.0, -2.0)]), policyFlags=0x6b000000
I/InputDispatcher(  594): Window 'Window{ffb8ea8 u0 com.rovio.angrybirds/com.rovio.fusion.App}' spent 4088.9ms processing the last input event: MotionEvent(deviceId=0, source=0x00010004, action=2, flags=0x00000000, metaState=0x00000000, buttonState=0x00000000, edgeFlags=0x00000000, xPrecision=1.0, yPrecision=1.0, displayId=0, pointers=[0: (-3.0, 1.0)]), policyFlags=0x6b000000
I/InputDispatcher(  594): Window 'Window{ffb8ea8 u0 com.rovio.angrybirds/com.rovio.fusion.App}' spent 4088.0ms processing the last input event: MotionEvent(deviceId=0, source=0x00010004, action=2, flags=0x00000000, metaState=0x00000000, buttonState=0x00000000, edgeFlags=0x00000000, xPrecision=1.0, yPrecision=1.0, displayId=0, pointers=[0: (3.0, -5.0)]), policyFlags=0x6b000000
I/InputDispatcher(  594): Window 'Window{ffb8ea8 u0 com.rovio.angrybirds/com.rovio.fusion.App}' spent 4087.1ms processing the last input event: MotionEvent(deviceId=0, source=0x00010004, action=2, flags=0x00000000, metaState=0x00000000, buttonState=0x00000000, edgeFlags=0x00000000, xPrecision=1.0, yPrecision=1.0, displayId=0, pointers=[0: (0.0, -5.0)]), policyFlags=0x6b000000
I/org.umd.logging( 4694): Method > 1 com.rovio.fusion.App.onKeyDown(com.rovio.fusion.App@410649080<activity=true>, 19, android.view.KeyEvent@553673590)
I/InputDispatcher(  594): Window 'Window{ffb8ea8 u0 com.rovio.angrybirds/com.rovio.fusion.App}' spent 4086.2ms processing the last input event: MotionEvent(deviceId=0, source=0x00010004, action=2, flags=0x00000000, metaState=0x00000000, buttonState=0x00000000, edgeFlags=0x00000000, xPrecision=1.0, yPrecision=1.0, displayId=0, pointers=[0: (4.0, 1.0)]), policyFlags=0x6b000000
I/InputDispatcher(  594): Window 'Window{ffb8ea8 u0 com.rovio.angrybirds/com.rovio.fusion.App}' spent 4085.3ms processing the last input event: MotionEvent(deviceId=0, source=0x00010004, action=2, flags=0x00000000, metaState=0x00000000, buttonState=0x00000000, edgeFlags=0x00000000, xPrecision=1.0, yPrecision=1.0, displayId=0, pointers=[0: (-4.0, -5.0)]), policyFlags=0x6b000000
I/org.umd.logging( 4694): Method > 1 com.rovio.fusion.InputDelegator.onKeyDown(com.rovio.fusion.InputDelegator@73260120, 19, android.view.KeyEvent@553673590)
I/org.umd.logging( 4694): Method < 1 com.rovio.fusion.InputDelegator.onKeyDown(true)
I/org.umd.logging( 4694): Method < 1 com.rovio.fusion.App.onKeyDown(true)
I/org.umd.logging( 4694): Method > 1 com.rovio.fusion.App.onKeyUp(com.rovio.fusion.App@410649080<activity=true>, 19, android.view.KeyEvent@553673590)
I/org.umd.logging( 4694): Method > 1 com.rovio.fusion.InputDelegator.onKeyUp(com.rovio.fusion.InputDelegator@73260120, 19, android.view.KeyEvent@553673590)
I/org.umd.logging( 4694): Method < 1 com.rovio.fusion.InputDelegator.onKeyUp(true)
I/org.umd.logging( 4694): Method < 1 com.rovio.fusion.App.onKeyUp(true)
I/org.umd.logging( 4694): Method > 1 com.rovio.fusion.App.onKeyDown(com.rovio.fusion.App@410649080<activity=true>, 19, android.view.KeyEvent@247233911)
I/org.umd.logging( 4694): Method > 1 com.rovio.fusion.InputDelegator.onKeyDown(com.rovio.fusion.InputDelegator@73260120, 19, android.view.KeyEvent@247233911)
I/org.umd.logging( 4694): Method < 1 com.rovio.fusion.InputDelegator.onKeyDown(true)
I/org.umd.logging( 4694): Method < 1 com.rovio.fusion.App.onKeyDown(true)
I/org.umd.logging( 4694): Method > 1 com.rovio.fusion.App.onKeyUp(com.rovio.fusion.App@410649080<activity=true>, 19, android.view.KeyEvent@897965540)
I/org.umd.logging( 4694): Method > 1 com.rovio.fusion.InputDelegator.onKeyUp(com.rovio.fusion.InputDelegator@73260120, 19, android.view.KeyEvent@897965540)
I/org.umd.logging( 4694): Method < 1 com.rovio.fusion.InputDelegator.onKeyUp(true)
I/org.umd.logging( 4694): Method < 1 com.rovio.fusion.App.onKeyUp(true)
I/org.umd.logging( 4694): Method > 1 com.rovio.fusion.App.onKeyDown(com.rovio.fusion.App@410649080<activity=true>, 19, android.view.KeyEvent@368255565)
I/org.umd.logging( 4694): Method > 1 com.rovio.fusion.InputDelegator.onKeyDown(com.rovio.fusion.InputDelegator@73260120, 19, android.view.KeyEvent@368255565)
I/org.umd.logging( 4694): Method < 1 com.rovio.fusion.InputDelegator.onKeyDown(true)
I/org.umd.logging( 4694): Method < 1 com.rovio.fusion.App.onKeyDown(true)
I/org.umd.logging( 4694): Method > 1 com.rovio.fusion.App.onKeyUp(com.rovio.fusion.App@410649080<activity=true>, 19, android.view.KeyEvent@25641218)
I/org.umd.logging( 4694): Method > 1 com.rovio.fusion.InputDelegator.onKeyUp(com.rovio.fusion.InputDelegator@73260120, 19, android.view.KeyEvent@25641218)
I/org.umd.logging( 4694): Method < 1 com.rovio.fusion.InputDelegator.onKeyUp(true)
I/org.umd.logging( 4694): Method < 1 com.rovio.fusion.App.onKeyUp(true)
I/org.umd.logging( 4694): Method > 1 com.rovio.fusion.App.onKeyDown(com.rovio.fusion.App@410649080<activity=true>, 19, android.view.KeyEvent@636582419)
I/org.umd.logging( 4694): Method > 1 com.rovio.fusion.InputDelegator.onKeyDown(com.rovio.fusion.InputDelegator@73260120, 19, android.view.KeyEvent@636582419)
I/org.umd.logging( 4694): Method < 1 com.rovio.fusion.InputDelegator.onKeyDown(true)
I/org.umd.logging( 4694): Method < 1 com.rovio.fusion.App.onKeyDown(true)
I/org.umd.logging( 4694): Method > 1 com.rovio.fusion.App.onKeyUp(com.rovio.fusion.App@410649080<activity=true>, 19, android.view.KeyEvent@951383120)
I/org.umd.logging( 4694): Method > 1 com.rovio.fusion.InputDelegator.onKeyUp(com.rovio.fusion.InputDelegator@73260120, 19, android.view.KeyEvent@951383120)
I/org.umd.logging( 4694): Method < 1 com.rovio.fusion.InputDelegator.onKeyUp(true)
I/org.umd.logging( 4694): Method < 1 com.rovio.fusion.App.onKeyUp(true)
I/org.umd.logging( 4694): Method > 1 com.rovio.fusion.App.onKeyDown(com.rovio.fusion.App@410649080<activity=true>, 19, android.view.KeyEvent@224171593)
I/org.umd.logging( 4694): Method > 1 com.rovio.fusion.InputDelegator.onKeyDown(com.rovio.fusion.InputDelegator@73260120, 19, android.view.KeyEvent@224171593)
I/org.umd.logging( 4694): Method < 1 com.rovio.fusion.InputDelegator.onKeyDown(true)
I/org.umd.logging( 4694): Method < 1 com.rovio.fusion.App.onKeyDown(true)
I/org.umd.logging( 4694): Method > 1 com.rovio.fusion.App.onKeyUp(com.rovio.fusion.App@410649080<activity=true>, 19, android.view.KeyEvent@732719950)
I/org.umd.logging( 4694): Method > 1 com.rovio.fusion.InputDelegator.onKeyUp(com.rovio.fusion.InputDelegator@73260120, 19, android.view.KeyEvent@732719950)
I/org.umd.logging( 4694): Method < 1 com.rovio.fusion.InputDelegator.onKeyUp(true)
I/org.umd.logging( 4694): Method < 1 com.rovio.fusion.App.onKeyUp(true)
I/org.umd.logging( 4694): Method > 1 com.rovio.fusion.App.onKeyDown(com.rovio.fusion.App@410649080<activity=true>, 22, android.view.KeyEvent@762291311)
I/org.umd.logging( 4694): Method > 1 com.rovio.fusion.InputDelegator.onKeyDown(com.rovio.fusion.InputDelegator@73260120, 22, android.view.KeyEvent@762291311)
I/org.umd.logging( 4694): Method < 1 com.rovio.fusion.InputDelegator.onKeyDown(true)
I/org.umd.logging( 4694): Method < 1 com.rovio.fusion.App.onKeyDown(true)
I/org.umd.logging( 4694): Method > 1 com.rovio.fusion.App.onKeyUp(com.rovio.fusion.App@410649080<activity=true>, 22, android.view.KeyEvent@964494716)
I/org.umd.logging( 4694): Method > 1 com.rovio.fusion.InputDelegator.onKeyUp(com.rovio.fusion.InputDelegator@73260120, 22, android.view.KeyEvent@964494716)
I/org.umd.logging( 4694): Method < 1 com.rovio.fusion.InputDelegator.onKeyUp(true)
I/org.umd.logging( 4694): Method < 1 com.rovio.fusion.App.onKeyUp(true)
I/org.umd.logging( 4694): Method > 2075 com.jirbo.adcolony.p$1.run(com.jirbo.adcolony.p$1@894364997)
I/org.umd.logging( 4694): Method < 2075 com.jirbo.adcolony.p$1.run()
E/Cataloger( 6490): syncFile:/storage/emulated/0/2016-12-13_05:03:12.946.jpg
W/ResourceType( 4694): No known package when getting name for resource number 0xffffffff
I/org.umd.logging( 4694): Method > 1 com.rovio.fusion.MySurfaceView.onTouchEvent(com.rovio.fusion.MySurfaceView@811294676<file=2016-12-13_05:03:12.946><x=0><y=0><width=1280><height=768><id=-1>, android.view.MotionEvent@4331429)
I/org.umd.logging( 4694): Method > 1 com.rovio.fusion.InputDelegator.onTouchEvent(com.rovio.fusion.InputDelegator@73260120, android.view.MotionEvent@4331429)
I/org.umd.logging( 4694): Method < 1 com.rovio.fusion.InputDelegator.onTouchEvent(true)
E/Cataloger( 6490): syncFile:/storage/emulated/0/2016-12-13_05:03:12.946.jpg
I/org.umd.logging( 4694): Method < 1 com.rovio.fusion.MySurfaceView.onTouchEvent(true)
E/Cataloger( 6490): syncFile:/storage/emulated/0/2016-12-13_05:03:13.125.jpg
I/org.umd.logging( 4694): Method > 2075 com.jirbo.adcolony.p$1.run(com.jirbo.adcolony.p$1@894364997)
I/org.umd.logging( 4694): Method < 2075 com.jirbo.adcolony.p$1.run()
W/ResourceType( 4694): No known package when getting name for resource number 0xffffffff
I/org.umd.logging( 4694): Method > 1 com.rovio.fusion.MySurfaceView.onTouchEvent(com.rovio.fusion.MySurfaceView@811294676<file=2016-12-13_05:03:13.125><x=0><y=0><width=1280><height=768><id=-1>, android.view.MotionEvent@4331429)
I/org.umd.logging( 4694): Method > 1 com.rovio.fusion.InputDelegator.onTouchEvent(com.rovio.fusion.InputDelegator@73260120, android.view.MotionEvent@4331429)
I/org.umd.logging( 4694): Method < 1 com.rovio.fusion.InputDelegator.onTouchEvent(true)
I/org.umd.logging( 4694): Method < 1 com.rovio.fusion.MySurfaceView.onTouchEvent(true)
E/Cataloger( 6490): syncFile:/storage/emulated/0/2016-12-13_05:03:13.125.jpg
E/Cataloger( 6490): syncFile:/storage/emulated/0/2016-12-13_05:03:13.326.jpg
W/ResourceType( 4694): No known package when getting name for resource number 0xffffffff
I/org.umd.logging( 4694): Method > 1 com.rovio.fusion.MySurfaceView.onTouchEvent(com.rovio.fusion.MySurfaceView@811294676<file=2016-12-13_05:03:13.326><x=0><y=0><width=1280><height=768><id=-1>, android.view.MotionEvent@4331429)
I/org.umd.logging( 4694): Method > 1 com.rovio.fusion.InputDelegator.onTouchEvent(com.rovio.fusion.InputDelegator@73260120, android.view.MotionEvent@4331429)
I/org.umd.logging( 4694): Method < 1 com.rovio.fusion.InputDelegator.onTouchEvent(true)
I/org.umd.logging( 4694): Method < 1 com.rovio.fusion.MySurfaceView.onTouchEvent(true)
E/Cataloger( 6490): syncFile:/storage/emulated/0/2016-12-13_05:03:13.326.jpg
I/org.umd.logging( 4694): Method > 2075 com.jirbo.adcolony.p$1.run(com.jirbo.adcolony.p$1@894364997)
I/org.umd.logging( 4694): Method < 2075 com.jirbo.adcolony.p$1.run()
E/Cataloger( 6490): syncFile:/storage/emulated/0/2016-12-13_05:03:13.480.jpg
I/org.umd.logging( 4986): Method > 1 com.cleanmaster.base.crash.util.debug.b.run(com.cleanmaster.base.crash.util.debug.b@453239735)
I/org.umd.logging( 4986): Method < 1 com.cleanmaster.base.crash.util.debug.b.run()
W/ResourceType( 4694): No known package when getting name for resource number 0xffffffff
E/Cataloger( 6490): syncFile:/storage/emulated/0/2016-12-13_05:03:13.480.jpg
