I/org.umd.logging( 4694): Method > 1 com.rovio.fusion.MySurfaceView.onTouchEvent(com.rovio.fusion.MySurfaceView@811294676<file=2016-12-13_05:02:55.618><x=0><y=0><width=1280><height=768><id=-1>, android.view.MotionEvent@4331429)
I/org.umd.logging( 4694): Method > 1 com.rovio.fusion.InputDelegator.onTouchEvent(com.rovio.fusion.InputDelegator@73260120, android.view.MotionEvent@4331429)
E/Cataloger( 6490): syncFile:/storage/emulated/0/2016-12-13_05:02:55.618.jpg
I/org.umd.logging( 4694): Method < 1 com.rovio.fusion.InputDelegator.onTouchEvent(true)
I/org.umd.logging( 4694): Method < 1 com.rovio.fusion.MySurfaceView.onTouchEvent(true)
I/Choreographer( 4694): Skipped 64 frames!  The application may be doing too much work on its main thread.
I/org.umd.logging( 4694): Method > 1 com.rovio.fusion.App.onKeyDown(com.rovio.fusion.App@410649080<activity=true>, 23, android.view.KeyEvent@839404780)
I/org.umd.logging( 4694): Method > 1 com.rovio.fusion.InputDelegator.onKeyDown(com.rovio.fusion.InputDelegator@73260120, 23, android.view.KeyEvent@839404780)
I/org.umd.logging( 4694): Method < 1 com.rovio.fusion.InputDelegator.onKeyDown(true)
I/org.umd.logging( 4694): Method < 1 com.rovio.fusion.App.onKeyDown(true)
E/Cataloger( 6490): syncFile:/storage/emulated/0/2016-12-13_05:02:55.825.jpg
I/org.umd.logging( 4694): Method > 2075 com.jirbo.adcolony.p$1.run(com.jirbo.adcolony.p$1@894364997)
I/org.umd.logging( 4694): Method < 2075 com.jirbo.adcolony.p$1.run()
W/ResourceType( 4694): No known package when getting name for resource number 0xffffffff
I/org.umd.logging( 4694): Method > 1 com.rovio.fusion.MySurfaceView.onTouchEvent(com.rovio.fusion.MySurfaceView@811294676<file=2016-12-13_05:02:55.825><x=0><y=0><width=1280><height=768><id=-1>, android.view.MotionEvent@4331429)
I/org.umd.logging( 4694): Method > 1 com.rovio.fusion.InputDelegator.onTouchEvent(com.rovio.fusion.InputDelegator@73260120, android.view.MotionEvent@4331429)
E/Cataloger( 6490): syncFile:/storage/emulated/0/2016-12-13_05:02:55.825.jpg
I/org.umd.logging( 4694): Method < 1 com.rovio.fusion.InputDelegator.onTouchEvent(true)
I/org.umd.logging( 4694): Method < 1 com.rovio.fusion.MySurfaceView.onTouchEvent(true)
E/Cataloger( 6490): syncFile:/storage/emulated/0/2016-12-13_05:02:56.040.jpg
W/ResourceType( 4694): No known package when getting name for resource number 0xffffffff
I/org.umd.logging( 4694): Method > 1 com.rovio.fusion.MySurfaceView.onTouchEvent(com.rovio.fusion.MySurfaceView@811294676<file=2016-12-13_05:02:56.040><x=0><y=0><width=1280><height=768><id=-1>, android.view.MotionEvent@4331429)
I/org.umd.logging( 4694): Method > 1 com.rovio.fusion.InputDelegator.onTouchEvent(com.rovio.fusion.InputDelegator@73260120, android.view.MotionEvent@4331429)
E/Cataloger( 6490): syncFile:/storage/emulated/0/2016-12-13_05:02:56.040.jpg
I/org.umd.logging( 4694): Method < 1 com.rovio.fusion.InputDelegator.onTouchEvent(true)
I/org.umd.logging( 4694): Method < 1 com.rovio.fusion.MySurfaceView.onTouchEvent(true)
I/org.umd.logging( 4694): Method > 2075 com.jirbo.adcolony.p$1.run(com.jirbo.adcolony.p$1@894364997)
I/org.umd.logging( 4694): Method < 2075 com.jirbo.adcolony.p$1.run()
E/Cataloger( 6490): syncFile:/storage/emulated/0/2016-12-13_05:02:56.208.jpg
W/ResourceType( 4694): No known package when getting name for resource number 0xffffffff
I/org.umd.logging( 4694): Method > 1 com.rovio.fusion.MySurfaceView.onTouchEvent(com.rovio.fusion.MySurfaceView@811294676<file=2016-12-13_05:02:56.208><x=0><y=0><width=1280><height=768><id=-1>, android.view.MotionEvent@4331429)
E/Cataloger( 6490): syncFile:/storage/emulated/0/2016-12-13_05:02:56.208.jpg
I/org.umd.logging( 4694): Method > 1 com.rovio.fusion.InputDelegator.onTouchEvent(com.rovio.fusion.InputDelegator@73260120, android.view.MotionEvent@4331429)
I/org.umd.logging( 4694): Method < 1 com.rovio.fusion.InputDelegator.onTouchEvent(true)
I/org.umd.logging( 4694): Method < 1 com.rovio.fusion.MySurfaceView.onTouchEvent(true)
E/Cataloger( 6490): syncFile:/storage/emulated/0/2016-12-13_05:02:56.405.jpg
I/org.umd.logging( 4694): Method > 2075 com.jirbo.adcolony.p$1.run(com.jirbo.adcolony.p$1@894364997)
I/org.umd.logging( 4694): Method < 2075 com.jirbo.adcolony.p$1.run()
W/ResourceType( 4694): No known package when getting name for resource number 0xffffffff
I/org.umd.logging( 4694): Method > 1 com.rovio.fusion.MySurfaceView.onTouchEvent(com.rovio.fusion.MySurfaceView@811294676<file=2016-12-13_05:02:56.405><x=0><y=0><width=1280><height=768><id=-1>, android.view.MotionEvent@4331429)
I/org.umd.logging( 4694): Method > 1 com.rovio.fusion.InputDelegator.onTouchEvent(com.rovio.fusion.InputDelegator@73260120, android.view.MotionEvent@4331429)
E/Cataloger( 6490): syncFile:/storage/emulated/0/2016-12-13_05:02:56.405.jpg
I/org.umd.logging( 4694): Method < 1 com.rovio.fusion.InputDelegator.onTouchEvent(true)
I/org.umd.logging( 4694): Method < 1 com.rovio.fusion.MySurfaceView.onTouchEvent(true)
E/Cataloger( 6490): syncFile:/storage/emulated/0/2016-12-13_05:02:56.620.jpg
I/org.umd.logging( 4694): Method > 2075 com.jirbo.adcolony.p$1.run(com.jirbo.adcolony.p$1@894364997)
I/org.umd.logging( 4694): Method < 2075 com.jirbo.adcolony.p$1.run()
W/ResourceType( 4694): No known package when getting name for resource number 0xffffffff
I/org.umd.logging( 4694): Method > 1 com.rovio.fusion.MySurfaceView.onTouchEvent(com.rovio.fusion.MySurfaceView@811294676<file=2016-12-13_05:02:56.620><x=0><y=0><width=1280><height=768><id=-1>, android.view.MotionEvent@4331429)
I/org.umd.logging( 4694): Method > 1 com.rovio.fusion.InputDelegator.onTouchEvent(com.rovio.fusion.InputDelegator@73260120, android.view.MotionEvent@4331429)
E/Cataloger( 6490): syncFile:/storage/emulated/0/2016-12-13_05:02:56.620.jpg
I/org.umd.logging( 4694): Method < 1 com.rovio.fusion.InputDelegator.onTouchEvent(true)
I/org.umd.logging( 4694): Method < 1 com.rovio.fusion.MySurfaceView.onTouchEvent(true)
E/Cataloger( 6490): syncFile:/storage/emulated/0/2016-12-13_05:02:56.787.jpg
W/ResourceType( 4694): No known package when getting name for resource number 0xffffffff
I/org.umd.logging( 4694): Method > 1 com.rovio.fusion.MySurfaceView.onTouchEvent(com.rovio.fusion.MySurfaceView@811294676<file=2016-12-13_05:02:56.787><x=0><y=0><width=1280><height=768><id=-1>, android.view.MotionEvent@4331429)
I/org.umd.logging( 4694): Method > 1 com.rovio.fusion.InputDelegator.onTouchEvent(com.rovio.fusion.InputDelegator@73260120, android.view.MotionEvent@4331429)
I/org.umd.logging( 4694): Method < 1 com.rovio.fusion.InputDelegator.onTouchEvent(true)
I/org.umd.logging( 4694): Method < 1 com.rovio.fusion.MySurfaceView.onTouchEvent(true)
I/org.umd.logging( 4694): Method > 1 com.rovio.fusion.App.onKeyUp(com.rovio.fusion.App@410649080<activity=true>, 23, android.view.KeyEvent@1065408693)
I/org.umd.logging( 4694): Method > 1 com.rovio.fusion.InputDelegator.onKeyUp(com.rovio.fusion.InputDelegator@73260120, 23, android.view.KeyEvent@1065408693)
I/org.umd.logging( 4694): Method < 1 com.rovio.fusion.InputDelegator.onKeyUp(true)
E/Cataloger( 6490): syncFile:/storage/emulated/0/2016-12-13_05:02:56.787.jpg
I/org.umd.logging( 4694): Method < 1 com.rovio.fusion.App.onKeyUp(true)
I/Choreographer( 4694): Skipped 68 frames!  The application may be doing too much work on its main thread.
I/org.umd.logging( 4694): Method > 1 com.rovio.fusion.App.onKeyDown(com.rovio.fusion.App@410649080<activity=true>, 131, android.view.KeyEvent@484547402)
I/org.umd.logging( 4694): Method > 1 com.rovio.fusion.InputDelegator.onKeyDown(com.rovio.fusion.InputDelegator@73260120, 131, android.view.KeyEvent@484547402)
I/org.umd.logging( 4694): Method < 1 com.rovio.fusion.InputDelegator.onKeyDown(false)
I/org.umd.logging( 4694): Method < 1 com.rovio.fusion.App.onKeyDown(false)
I/org.umd.logging( 4694): Method > 1 com.rovio.fusion.App.onKeyUp(com.rovio.fusion.App@410649080<activity=true>, 131, android.view.KeyEvent@781966011)
I/org.umd.logging( 4694): Method > 1 com.rovio.fusion.InputDelegator.onKeyUp(com.rovio.fusion.InputDelegator@73260120, 131, android.view.KeyEvent@781966011)
I/org.umd.logging( 4694): Method < 1 com.rovio.fusion.InputDelegator.onKeyUp(false)
I/org.umd.logging( 4694): Method < 1 com.rovio.fusion.App.onKeyUp(false)
I/org.umd.logging( 4694): Api > 2074 android.net.ConnectivityManager.getActiveNetworkInfo(android.net.ConnectivityManager@453239735)
I/org.umd.logging( 4694): Method > 2075 com.jirbo.adcolony.p$1.run(com.jirbo.adcolony.p$1@894364997)
I/org.umd.logging( 4694): Method < 2075 com.jirbo.adcolony.p$1.run()
I/org.umd.logging( 4694): Api < 2074 android.net.ConnectivityManager.getActiveNetworkInfo(android.net.NetworkInfo@1017334744)
E/Cataloger( 6490): syncFile:/storage/emulated/0/2016-12-13_05:02:56.986.jpg
W/ResourceType( 4694): No known package when getting name for resource number 0xffffffff
I/org.umd.logging( 4694): Method > 1 com.rovio.fusion.MySurfaceView.onTouchEvent(com.rovio.fusion.MySurfaceView@811294676<file=2016-12-13_05:02:56.986><x=0><y=0><width=1280><height=768><id=-1>, android.view.MotionEvent@4331429)
E/Cataloger( 6490): syncFile:/storage/emulated/0/2016-12-13_05:02:56.986.jpg
I/org.umd.logging( 4694): Method > 1 com.rovio.fusion.InputDelegator.onTouchEvent(com.rovio.fusion.InputDelegator@73260120, android.view.MotionEvent@4331429)
I/org.umd.logging( 4694): Method < 1 com.rovio.fusion.InputDelegator.onTouchEvent(true)
I/org.umd.logging( 4694): Method < 1 com.rovio.fusion.MySurfaceView.onTouchEvent(true)
I/org.umd.logging( 4694): Method > 2075 com.jirbo.adcolony.p$1.run(com.jirbo.adcolony.p$1@894364997)
I/org.umd.logging( 4694): Method < 2075 com.jirbo.adcolony.p$1.run()
E/Cataloger( 6490): syncFile:/storage/emulated/0/2016-12-13_05:02:57.171.jpg
W/ResourceType( 4694): No known package when getting name for resource number 0xffffffff
I/org.umd.logging( 4694): Method > 1 com.rovio.fusion.MySurfaceView.onTouchEvent(com.rovio.fusion.MySurfaceView@811294676<file=2016-12-13_05:02:57.171><x=0><y=0><width=1280><height=768><id=-1>, android.view.MotionEvent@4331429)
E/Cataloger( 6490): syncFile:/storage/emulated/0/2016-12-13_05:02:57.171.jpg
I/org.umd.logging( 4694): Method > 1 com.rovio.fusion.InputDelegator.onTouchEvent(com.rovio.fusion.InputDelegator@73260120, android.view.MotionEvent@4331429)
I/org.umd.logging( 4694): Method < 1 com.rovio.fusion.InputDelegator.onTouchEvent(true)
I/org.umd.logging( 4694): Method < 1 com.rovio.fusion.MySurfaceView.onTouchEvent(true)
E/Cataloger( 6490): syncFile:/storage/emulated/0/2016-12-13_05:02:57.393.jpg
I/org.umd.logging( 4694): Method > 2075 com.jirbo.adcolony.p$1.run(com.jirbo.adcolony.p$1@894364997)
I/org.umd.logging( 4694): Method < 2075 com.jirbo.adcolony.p$1.run()
W/ResourceType( 4694): No known package when getting name for resource number 0xffffffff
I/org.umd.logging( 4694): Method > 1 com.rovio.fusion.MySurfaceView.onTouchEvent(com.rovio.fusion.MySurfaceView@811294676<file=2016-12-13_05:02:57.393><x=0><y=0><width=1280><height=768><id=-1>, android.view.MotionEvent@4331429)
I/org.umd.logging( 4694): Method > 1 com.rovio.fusion.InputDelegator.onTouchEvent(com.rovio.fusion.InputDelegator@73260120, android.view.MotionEvent@4331429)
I/org.umd.logging( 4694): Method < 1 com.rovio.fusion.InputDelegator.onTouchEvent(true)
I/org.umd.logging( 4694): Method < 1 com.rovio.fusion.MySurfaceView.onTouchEvent(true)
E/Cataloger( 6490): syncFile:/storage/emulated/0/2016-12-13_05:02:57.393.jpg
E/Cataloger( 6490): syncFile:/storage/emulated/0/2016-12-13_05:02:57.565.jpg
D/audio_hw_primary(  190): disable_audio_route: reset and update mixer path: low-latency-playback
D/audio_hw_primary(  190): disable_snd_device: snd_device(2: speaker)
W/ResourceType( 4694): No known package when getting name for resource number 0xffffffff
I/org.umd.logging( 4694): Method > 1 com.rovio.fusion.MySurfaceView.onTouchEvent(com.rovio.fusion.MySurfaceView@811294676<file=2016-12-13_05:02:57.565><x=0><y=0><width=1280><height=768><id=-1>, android.view.MotionEvent@4331429)
I/org.umd.logging( 4694): Method > 1 com.rovio.fusion.InputDelegator.onTouchEvent(com.rovio.fusion.InputDelegator@73260120, android.view.MotionEvent@4331429)
I/org.umd.logging( 4694): Method < 1 com.rovio.fusion.InputDelegator.onTouchEvent(true)
I/org.umd.logging( 4694): Method < 1 com.rovio.fusion.MySurfaceView.onTouchEvent(true)
E/Cataloger( 6490): syncFile:/storage/emulated/0/2016-12-13_05:02:57.565.jpg
I/org.umd.logging( 4694): Method > 2075 com.jirbo.adcolony.p$1.run(com.jirbo.adcolony.p$1@894364997)
I/org.umd.logging( 4694): Method < 2075 com.jirbo.adcolony.p$1.run()
E/Cataloger( 6490): syncFile:/storage/emulated/0/2016-12-13_05:02:57.753.jpg
W/ResourceType( 4694): No known package when getting name for resource number 0xffffffff
I/org.umd.logging( 4694): Method > 1 com.rovio.fusion.MySurfaceView.onTouchEvent(com.rovio.fusion.MySurfaceView@811294676<file=2016-12-13_05:02:57.753><x=0><y=0><width=1280><height=768><id=-1>, android.view.MotionEvent@4331429)
I/org.umd.logging( 4694): Method > 1 com.rovio.fusion.InputDelegator.onTouchEvent(com.rovio.fusion.InputDelegator@73260120, android.view.MotionEvent@4331429)
I/org.umd.logging( 4694): Method < 1 com.rovio.fusion.InputDelegator.onTouchEvent(true)
E/Cataloger( 6490): syncFile:/storage/emulated/0/2016-12-13_05:02:57.753.jpg
I/org.umd.logging( 4694): Method < 1 com.rovio.fusion.MySurfaceView.onTouchEvent(true)
E/Cataloger( 6490): syncFile:/storage/emulated/0/2016-12-13_05:02:57.920.jpg
I/org.umd.logging( 4694): Method > 2075 com.jirbo.adcolony.p$1.run(com.jirbo.adcolony.p$1@894364997)
I/org.umd.logging( 4694): Method < 2075 com.jirbo.adcolony.p$1.run()
W/ResourceType( 4694): No known package when getting name for resource number 0xffffffff
I/org.umd.logging( 4694): Method > 1 com.rovio.fusion.MySurfaceView.onTouchEvent(com.rovio.fusion.MySurfaceView@811294676<file=2016-12-13_05:02:57.920><x=0><y=0><width=1280><height=768><id=-1>, android.view.MotionEvent@4331429)
I/org.umd.logging( 4694): Method > 1 com.rovio.fusion.InputDelegator.onTouchEvent(com.rovio.fusion.InputDelegator@73260120, android.view.MotionEvent@4331429)
E/Cataloger( 6490): syncFile:/storage/emulated/0/2016-12-13_05:02:57.920.jpg
I/org.umd.logging( 4694): Method < 1 com.rovio.fusion.InputDelegator.onTouchEvent(true)
I/org.umd.logging( 4694): Method < 1 com.rovio.fusion.MySurfaceView.onTouchEvent(true)
E/Cataloger( 6490): syncFile:/storage/emulated/0/2016-12-13_05:02:58.076.jpg
W/ResourceType( 4694): No known package when getting name for resource number 0xffffffff
I/org.umd.logging( 4694): Method > 1 com.rovio.fusion.MySurfaceView.onTouchEvent(com.rovio.fusion.MySurfaceView@811294676<file=2016-12-13_05:02:58.076><x=0><y=0><width=1280><height=768><id=-1>, android.view.MotionEvent@4331429)
I/org.umd.logging( 4694): Method > 1 com.rovio.fusion.InputDelegator.onTouchEvent(com.rovio.fusion.InputDelegator@73260120, android.view.MotionEvent@4331429)
E/Cataloger( 6490): syncFile:/storage/emulated/0/2016-12-13_05:02:58.076.jpg
I/org.umd.logging( 4694): Method < 1 com.rovio.fusion.InputDelegator.onTouchEvent(true)
I/org.umd.logging( 4694): Method < 1 com.rovio.fusion.MySurfaceView.onTouchEvent(true)
I/org.umd.logging( 4694): Method > 2075 com.jirbo.adcolony.p$1.run(com.jirbo.adcolony.p$1@894364997)
I/org.umd.logging( 4694): Method < 2075 com.jirbo.adcolony.p$1.run()
E/Cataloger( 6490): syncFile:/storage/emulated/0/2016-12-13_05:02:58.252.jpg
W/ResourceType( 4694): No known package when getting name for resource number 0xffffffff
I/org.umd.logging( 4694): Method > 1 com.rovio.fusion.MySurfaceView.onTouchEvent(com.rovio.fusion.MySurfaceView@811294676<file=2016-12-13_05:02:58.252><x=0><y=0><width=1280><height=768><id=-1>, android.view.MotionEvent@4331429)
I/org.umd.logging( 4694): Method > 1 com.rovio.fusion.InputDelegator.onTouchEvent(com.rovio.fusion.InputDelegator@73260120, android.view.MotionEvent@4331429)
E/Cataloger( 6490): syncFile:/storage/emulated/0/2016-12-13_05:02:58.252.jpg
I/org.umd.logging( 4694): Method < 1 com.rovio.fusion.InputDelegator.onTouchEvent(true)
I/org.umd.logging( 4694): Method < 1 com.rovio.fusion.MySurfaceView.onTouchEvent(true)
I/org.umd.logging( 4694): Method > 2075 com.jirbo.adcolony.p$1.run(com.jirbo.adcolony.p$1@894364997)
I/org.umd.logging( 4694): Method < 2075 com.jirbo.adcolony.p$1.run()
E/Cataloger( 6490): syncFile:/storage/emulated/0/2016-12-13_05:02:58.409.jpg
W/ResourceType( 4694): No known package when getting name for resource number 0xffffffff
I/org.umd.logging( 4694): Method > 1 com.rovio.fusion.MySurfaceView.onTouchEvent(com.rovio.fusion.MySurfaceView@811294676<file=2016-12-13_05:02:58.409><x=0><y=0><width=1280><height=768><id=-1>, android.view.MotionEvent@4331429)
E/Cataloger( 6490): syncFile:/storage/emulated/0/2016-12-13_05:02:58.409.jpg
I/org.umd.logging( 4694): Method > 1 com.rovio.fusion.InputDelegator.onTouchEvent(com.rovio.fusion.InputDelegator@73260120, android.view.MotionEvent@4331429)
I/org.umd.logging( 4694): Method < 1 com.rovio.fusion.InputDelegator.onTouchEvent(true)
I/org.umd.logging( 4694): Method < 1 com.rovio.fusion.MySurfaceView.onTouchEvent(true)
E/Cataloger( 6490): syncFile:/storage/emulated/0/2016-12-13_05:02:58.597.jpg
I/DeviceStateChecker( 7766): screenOn: true, isCharging: true
W/ResourceType( 4694): No known package when getting name for resource number 0xffffffff
I/org.umd.logging( 4694): Method > 1 com.rovio.fusion.MySurfaceView.onTouchEvent(com.rovio.fusion.MySurfaceView@811294676<file=2016-12-13_05:02:58.597><x=0><y=0><width=1280><height=768><id=-1>, android.view.MotionEvent@4331429)
E/Cataloger( 6490): syncFile:/storage/emulated/0/2016-12-13_05:02:58.597.jpg
I/org.umd.logging( 4694): Method > 1 com.rovio.fusion.InputDelegator.onTouchEvent(com.rovio.fusion.InputDelegator@73260120, android.view.MotionEvent@4331429)
I/org.umd.logging( 4694): Method < 1 com.rovio.fusion.InputDelegator.onTouchEvent(true)
I/org.umd.logging( 4694): Method < 1 com.rovio.fusion.MySurfaceView.onTouchEvent(true)
I/org.umd.logging( 4694): Method > 2075 com.jirbo.adcolony.p$1.run(com.jirbo.adcolony.p$1@894364997)
I/org.umd.logging( 4694): Method < 2075 com.jirbo.adcolony.p$1.run()
E/Cataloger( 6490): syncFile:/storage/emulated/0/2016-12-13_05:02:58.755.jpg
W/ResourceType( 4694): No known package when getting name for resource number 0xffffffff
I/org.umd.logging( 4694): Method > 1 com.rovio.fusion.MySurfaceView.onTouchEvent(com.rovio.fusion.MySurfaceView@811294676<file=2016-12-13_05:02:58.755><x=0><y=0><width=1280><height=768><id=-1>, android.view.MotionEvent@4331429)
E/Cataloger( 6490): syncFile:/storage/emulated/0/2016-12-13_05:02:58.755.jpg
I/org.umd.logging( 4694): Method > 1 com.rovio.fusion.InputDelegator.onTouchEvent(com.rovio.fusion.InputDelegator@73260120, android.view.MotionEvent@4331429)
I/org.umd.logging( 4694): Method < 1 com.rovio.fusion.InputDelegator.onTouchEvent(true)
I/org.umd.logging( 4694): Method < 1 com.rovio.fusion.MySurfaceView.onTouchEvent(true)
E/Cataloger( 6490): syncFile:/storage/emulated/0/2016-12-13_05:02:58.917.jpg
I/org.umd.logging( 4694): Method > 2075 com.jirbo.adcolony.p$1.run(com.jirbo.adcolony.p$1@894364997)
I/org.umd.logging( 4694): Method < 2075 com.jirbo.adcolony.p$1.run()
W/ResourceType( 4694): No known package when getting name for resource number 0xffffffff
I/org.umd.logging( 4694): Method > 1 com.rovio.fusion.MySurfaceView.onTouchEvent(com.rovio.fusion.MySurfaceView@811294676<file=2016-12-13_05:02:58.917><x=0><y=0><width=1280><height=768><id=-1>, android.view.MotionEvent@4331429)
E/Cataloger( 6490): syncFile:/storage/emulated/0/2016-12-13_05:02:58.917.jpg
I/org.umd.logging( 4694): Method > 1 com.rovio.fusion.InputDelegator.onTouchEvent(com.rovio.fusion.InputDelegator@73260120, android.view.MotionEvent@4331429)
I/org.umd.logging( 4694): Method < 1 com.rovio.fusion.InputDelegator.onTouchEvent(true)
I/org.umd.logging( 4694): Method < 1 com.rovio.fusion.MySurfaceView.onTouchEvent(true)
I/InputDispatcher(  594): Window 'Window{ffb8ea8 u0 com.rovio.angrybirds/com.rovio.fusion.App}' spent 2075.2ms processing the last input event: MotionEvent(deviceId=0, source=0x00001002, action=1, flags=0x00000000, metaState=0x00000000, buttonState=0x00000000, edgeFlags=0x00000000, xPrecision=1.0, yPrecision=1.0, displayId=0, pointers=[0: (154.6, 153.2)]), policyFlags=0x6b000000
E/Cataloger( 6490): syncFile:/storage/emulated/0/2016-12-13_05:02:59.091.jpg
W/ResourceType( 4694): No known package when getting name for resource number 0xffffffff
I/org.umd.logging( 4694): Method > 1 com.rovio.fusion.MySurfaceView.onTouchEvent(com.rovio.fusion.MySurfaceView@811294676<file=2016-12-13_05:02:59.091><x=0><y=0><width=1280><height=768><id=-1>, android.view.MotionEvent@4331429)
E/Cataloger( 6490): syncFile:/storage/emulated/0/2016-12-13_05:02:59.091.jpg
I/org.umd.logging( 4694): Method > 1 com.rovio.fusion.InputDelegator.onTouchEvent(com.rovio.fusion.InputDelegator@73260120, android.view.MotionEvent@4331429)
I/org.umd.logging( 4694): Method < 1 com.rovio.fusion.InputDelegator.onTouchEvent(true)
I/org.umd.logging( 4694): Method < 1 com.rovio.fusion.MySurfaceView.onTouchEvent(true)
I/InputDispatcher(  594): Window 'Window{ffb8ea8 u0 com.rovio.angrybirds/com.rovio.fusion.App}' spent 2237.1ms processing the last input event: MotionEvent(deviceId=0, source=0x00001002, action=0, flags=0x00000000, metaState=0x00000000, buttonState=0x00000000, edgeFlags=0x00000000, xPrecision=1.0, yPrecision=1.0, displayId=0, pointers=[0: (675.0, 280.0)]), policyFlags=0x6b000000
I/org.umd.logging( 4694): Method > 2075 com.jirbo.adcolony.p$1.run(com.jirbo.adcolony.p$1@894364997)
I/org.umd.logging( 4694): Method < 2075 com.jirbo.adcolony.p$1.run()
E/Cataloger( 6490): syncFile:/storage/emulated/0/2016-12-13_05:02:59.256.jpg
W/ResourceType( 4694): No known package when getting name for resource number 0xffffffff
I/org.umd.logging( 4694): Method > 1 com.rovio.fusion.MySurfaceView.onTouchEvent(com.rovio.fusion.MySurfaceView@811294676<file=2016-12-13_05:02:59.256><x=0><y=0><width=1280><height=768><id=-1>, android.view.MotionEvent@4331429)
E/Cataloger( 6490): syncFile:/storage/emulated/0/2016-12-13_05:02:59.256.jpg
I/org.umd.logging( 4694): Method > 1 com.rovio.fusion.InputDelegator.onTouchEvent(com.rovio.fusion.InputDelegator@73260120, android.view.MotionEvent@4331429)
I/org.umd.logging( 4694): Method < 1 com.rovio.fusion.InputDelegator.onTouchEvent(true)
I/org.umd.logging( 4694): Method < 1 com.rovio.fusion.MySurfaceView.onTouchEvent(true)
I/InputDispatcher(  594): Window 'Window{ffb8ea8 u0 com.rovio.angrybirds/com.rovio.fusion.App}' spent 2462.1ms processing the last input event: MotionEvent(deviceId=0, source=0x00001002, action=1, flags=0x00000000, metaState=0x00000000, buttonState=0x00000000, edgeFlags=0x00000000, xPrecision=1.0, yPrecision=1.0, displayId=0, pointers=[0: (675.2, 271.4)]), policyFlags=0x6b000000
I/org.umd.logging( 4694): Method > 2075 com.jirbo.adcolony.p$1.run(com.jirbo.adcolony.p$1@894364997)
I/org.umd.logging( 4694): Method < 2075 com.jirbo.adcolony.p$1.run()
E/Cataloger( 6490): syncFile:/storage/emulated/0/2016-12-13_05:02:59.484.jpg
W/ResourceType( 4694): No known package when getting name for resource number 0xffffffff
I/org.umd.logging( 4694): Method > 1 com.rovio.fusion.MySurfaceView.onTouchEvent(com.rovio.fusion.MySurfaceView@811294676<file=2016-12-13_05:02:59.484><x=0><y=0><width=1280><height=768><id=-1>, android.view.MotionEvent@4331429)
I/org.umd.logging( 4694): Method > 1 com.rovio.fusion.InputDelegator.onTouchEvent(com.rovio.fusion.InputDelegator@73260120, android.view.MotionEvent@4331429)
E/Cataloger( 6490): syncFile:/storage/emulated/0/2016-12-13_05:02:59.484.jpg
I/org.umd.logging( 4694): Method < 1 com.rovio.fusion.InputDelegator.onTouchEvent(true)
I/org.umd.logging( 4694): Method < 1 com.rovio.fusion.MySurfaceView.onTouchEvent(true)
I/InputDispatcher(  594): Window 'Window{ffb8ea8 u0 com.rovio.angrybirds/com.rovio.fusion.App}' spent 2624.4ms processing the last input event: MotionEvent(deviceId=0, source=0x00001002, action=0, flags=0x00000000, metaState=0x00000000, buttonState=0x00000000, edgeFlags=0x00000000, xPrecision=1.0, yPrecision=1.0, displayId=0, pointers=[0: (457.0, 213.0)]), policyFlags=0x6b000000
E/Cataloger( 6490): syncFile:/storage/emulated/0/2016-12-13_05:02:59.650.jpg
I/org.umd.logging( 4694): Method > 2075 com.jirbo.adcolony.p$1.run(com.jirbo.adcolony.p$1@894364997)
I/org.umd.logging( 4694): Method < 2075 com.jirbo.adcolony.p$1.run()
W/ResourceType( 4694): No known package when getting name for resource number 0xffffffff
I/org.umd.logging( 4694): Method > 1 com.rovio.fusion.MySurfaceView.onTouchEvent(com.rovio.fusion.MySurfaceView@811294676<file=2016-12-13_05:02:59.650><x=0><y=0><width=1280><height=768><id=-1>, android.view.MotionEvent@4331429)
I/org.umd.logging( 4694): Method > 1 com.rovio.fusion.InputDelegator.onTouchEvent(com.rovio.fusion.InputDelegator@73260120, android.view.MotionEvent@4331429)
E/Cataloger( 6490): syncFile:/storage/emulated/0/2016-12-13_05:02:59.650.jpg
I/org.umd.logging( 4694): Method < 1 com.rovio.fusion.InputDelegator.onTouchEvent(true)
I/org.umd.logging( 4694): Method < 1 com.rovio.fusion.MySurfaceView.onTouchEvent(true)
I/InputDispatcher(  594): Window 'Window{ffb8ea8 u0 com.rovio.angrybirds/com.rovio.fusion.App}' spent 2795.3ms processing the last input event: MotionEvent(deviceId=0, source=0x00001002, action=2, flags=0x00000000, metaState=0x00000000, buttonState=0x00000000, edgeFlags=0x00000000, xPrecision=1.0, yPrecision=1.0, displayId=0, pointers=[0: (464.7, 211.0)]), policyFlags=0x6b000000
I/InputDispatcher(  594): Window 'Window{ffb8ea8 u0 com.rovio.angrybirds/com.rovio.fusion.App}' spent 2794.1ms processing the last input event: MotionEvent(deviceId=0, source=0x00001002, action=2, flags=0x00000000, metaState=0x00000000, buttonState=0x00000000, edgeFlags=0x00000000, xPrecision=1.0, yPrecision=1.0, displayId=0, pointers=[0: (474.9, 201.3)]), policyFlags=0x6b000000
I/InputDispatcher(  594): Window 'Window{ffb8ea8 u0 com.rovio.angrybirds/com.rovio.fusion.App}' spent 2792.9ms processing the last input event: MotionEvent(deviceId=0, source=0x00001002, action=2, flags=0x00000000, metaState=0x00000000, buttonState=0x00000000, edgeFlags=0x00000000, xPrecision=1.0, yPrecision=1.0, displayId=0, pointers=[0: (480.6, 193.3)]), policyFlags=0x6b000000
I/InputDispatcher(  594): Window 'Window{ffb8ea8 u0 com.rovio.angrybirds/com.rovio.fusion.App}' spent 2791.1ms processing the last input event: MotionEvent(deviceId=0, source=0x00001002, action=2, flags=0x00000000, metaState=0x00000000, buttonState=0x00000000, edgeFlags=0x00000000, xPrecision=1.0, yPrecision=1.0, displayId=0, pointers=[0: (482.2, 192.1)]), policyFlags=0x6b000000
I/InputDispatcher(  594): Window 'Window{ffb8ea8 u0 com.rovio.angrybirds/com.rovio.fusion.App}' spent 2790.0ms processing the last input event: MotionEvent(deviceId=0, source=0x00001002, action=2, flags=0x00000000, metaState=0x00000000, buttonState=0x00000000, edgeFlags=0x00000000, xPrecision=1.0, yPrecision=1.0, displayId=0, pointers=[0: (485.5, 190.1)]), policyFlags=0x6b000000
I/InputDispatcher(  594): Window 'Window{ffb8ea8 u0 com.rovio.angrybirds/com.rovio.fusion.App}' spent 2789.2ms processing the last input event: MotionEvent(deviceId=0, source=0x00001002, action=2, flags=0x00000000, metaState=0x00000000, buttonState=0x00000000, edgeFlags=0x00000000, xPrecision=1.0, yPrecision=1.0, displayId=0, pointers=[0: (485.7, 182.8)]), policyFlags=0x6b000000
I/InputDispatcher(  594): Window 'Window{ffb8ea8 u0 com.rovio.angrybirds/com.rovio.fusion.App}' spent 2787.8ms processing the last input event: MotionEvent(deviceId=0, source=0x00001002, action=2, flags=0x00000000, metaState=0x00000000, buttonState=0x00000000, edgeFlags=0x00000000, xPrecision=1.0, yPrecision=1.0, displayId=0, pointers=[0: (490.7, 178.5)]), policyFlags=0x6b000000
E/Cataloger( 6490): syncFile:/storage/emulated/0/2016-12-13_05:02:59.822.jpg
W/ResourceType( 4694): No known package when getting name for resource number 0xffffffff
I/org.umd.logging( 4694): Method > 1 com.rovio.fusion.MySurfaceView.onTouchEvent(com.rovio.fusion.MySurfaceView@811294676<file=2016-12-13_05:02:59.822><x=0><y=0><width=1280><height=768><id=-1>, android.view.MotionEvent@4331429)
E/Cataloger( 6490): syncFile:/storage/emulated/0/2016-12-13_05:02:59.822.jpg
I/org.umd.logging( 4694): Method > 1 com.rovio.fusion.InputDelegator.onTouchEvent(com.rovio.fusion.InputDelegator@73260120, android.view.MotionEvent@4331429)
I/org.umd.logging( 4694): Method < 1 com.rovio.fusion.InputDelegator.onTouchEvent(true)
I/org.umd.logging( 4694): Method < 1 com.rovio.fusion.MySurfaceView.onTouchEvent(true)
I/InputDispatcher(  594): Window 'Window{ffb8ea8 u0 com.rovio.angrybirds/com.rovio.fusion.App}' spent 2957.9ms processing the last input event: MotionEvent(deviceId=0, source=0x00001002, action=1, flags=0x00000000, metaState=0x00000000, buttonState=0x00000000, edgeFlags=0x00000000, xPrecision=1.0, yPrecision=1.0, displayId=0, pointers=[0: (492.5, 176.0)]), policyFlags=0x6b000000
I/org.umd.logging( 4694): Api > 2074 android.net.ConnectivityManager.getActiveNetworkInfo(android.net.ConnectivityManager@453239735)
I/org.umd.logging( 4694): Method > 2075 com.jirbo.adcolony.p$1.run(com.jirbo.adcolony.p$1@894364997)
I/org.umd.logging( 4694): Api < 2074 android.net.ConnectivityManager.getActiveNetworkInfo(android.net.NetworkInfo@330517297)
I/org.umd.logging( 4694): Method < 2075 com.jirbo.adcolony.p$1.run()
E/Cataloger( 6490): syncFile:/storage/emulated/0/2016-12-13_05:02:59.994.jpg
W/ResourceType( 4694): No known package when getting name for resource number 0xffffffff
I/org.umd.logging( 4694): Method > 1 com.rovio.fusion.MySurfaceView.onTouchEvent(com.rovio.fusion.MySurfaceView@811294676<file=2016-12-13_05:02:59.994><x=0><y=0><width=1280><height=768><id=-1>, android.view.MotionEvent@4331429)
I/org.umd.logging( 4694): Method > 1 com.rovio.fusion.InputDelegator.onTouchEvent(com.rovio.fusion.InputDelegator@73260120, android.view.MotionEvent@4331429)
I/org.umd.logging( 4694): Method < 1 com.rovio.fusion.InputDelegator.onTouchEvent(true)
E/Cataloger( 6490): syncFile:/storage/emulated/0/2016-12-13_05:02:59.994.jpg
I/org.umd.logging( 4694): Method < 1 com.rovio.fusion.MySurfaceView.onTouchEvent(true)
I/InputDispatcher(  594): Window 'Window{ffb8ea8 u0 com.rovio.angrybirds/com.rovio.fusion.App}' spent 3141.6ms processing the last input event: MotionEvent(deviceId=0, source=0x00001002, action=0, flags=0x00000000, metaState=0x00000000, buttonState=0x00000000, edgeFlags=0x00000000, xPrecision=1.0, yPrecision=1.0, displayId=0, pointers=[0: (911.0, 650.0)]), policyFlags=0x6b000000
I/org.umd.logging( 4694): Method > 2075 com.jirbo.adcolony.p$1.run(com.jirbo.adcolony.p$1@894364997)
I/org.umd.logging( 4694): Method < 2075 com.jirbo.adcolony.p$1.run()
E/Cataloger( 6490): syncFile:/storage/emulated/0/2016-12-13_05:03:00.182.jpg
W/ResourceType( 4694): No known package when getting name for resource number 0xffffffff
I/org.umd.logging( 4694): Method > 1 com.rovio.fusion.MySurfaceView.onTouchEvent(com.rovio.fusion.MySurfaceView@811294676<file=2016-12-13_05:03:00.182><x=0><y=0><width=1280><height=768><id=-1>, android.view.MotionEvent@4331429)
I/org.umd.logging( 4694): Method > 1 com.rovio.fusion.InputDelegator.onTouchEvent(com.rovio.fusion.InputDelegator@73260120, android.view.MotionEvent@4331429)
I/org.umd.logging( 4694): Method < 1 com.rovio.fusion.InputDelegator.onTouchEvent(true)
E/Cataloger( 6490): syncFile:/storage/emulated/0/2016-12-13_05:03:00.182.jpg
I/org.umd.logging( 4694): Method < 1 com.rovio.fusion.MySurfaceView.onTouchEvent(true)
I/InputDispatcher(  594): Window 'Window{ffb8ea8 u0 com.rovio.angrybirds/com.rovio.fusion.App}' spent 3311.3ms processing the last input event: MotionEvent(deviceId=0, source=0x00001002, action=2, flags=0x00000000, metaState=0x00000000, buttonState=0x00000000, edgeFlags=0x00000000, xPrecision=1.0, yPrecision=1.0, displayId=0, pointers=[0: (900.7, 654.6)]), policyFlags=0x6b000000
I/InputDispatcher(  594): Window 'Window{ffb8ea8 u0 com.rovio.angrybirds/com.rovio.fusion.App}' spent 3310.4ms processing the last input event: MotionEvent(deviceId=0, source=0x00001002, action=2, flags=0x00000000, metaState=0x00000000, buttonState=0x00000000, edgeFlags=0x00000000, xPrecision=1.0, yPrecision=1.0, displayId=0, pointers=[0: (898.7, 662.3)]), policyFlags=0x6b000000
E/Cataloger( 6490): syncFile:/storage/emulated/0/2016-12-13_05:03:00.353.jpg
I/org.umd.logging( 4694): Method > 2075 com.jirbo.adcolony.p$1.run(com.jirbo.adcolony.p$1@894364997)
I/org.umd.logging( 4694): Method < 2075 com.jirbo.adcolony.p$1.run()
W/ResourceType( 4694): No known package when getting name for resource number 0xffffffff
I/org.umd.logging( 4694): Method > 1 com.rovio.fusion.MySurfaceView.onTouchEvent(com.rovio.fusion.MySurfaceView@811294676<file=2016-12-13_05:03:00.353><x=0><y=0><width=1280><height=768><id=-1>, android.view.MotionEvent@4331429)
I/org.umd.logging( 4694): Method > 1 com.rovio.fusion.InputDelegator.onTouchEvent(com.rovio.fusion.InputDelegator@73260120, android.view.MotionEvent@4331429)
E/Cataloger( 6490): syncFile:/storage/emulated/0/2016-12-13_05:03:00.353.jpg
I/org.umd.logging( 4694): Method < 1 com.rovio.fusion.InputDelegator.onTouchEvent(true)
I/org.umd.logging( 4694): Method < 1 com.rovio.fusion.MySurfaceView.onTouchEvent(true)
I/InputDispatcher(  594): Window 'Window{ffb8ea8 u0 com.rovio.angrybirds/com.rovio.fusion.App}' spent 3502.5ms processing the last input event: MotionEvent(deviceId=0, source=0x00001002, action=1, flags=0x00000000, metaState=0x00000000, buttonState=0x00000000, edgeFlags=0x00000000, xPrecision=1.0, yPrecision=1.0, displayId=0, pointers=[0: (894.0, 670.1)]), policyFlags=0x6b000000
E/Cataloger( 6490): syncFile:/storage/emulated/0/2016-12-13_05:03:00.546.jpg
W/ResourceType( 4694): No known package when getting name for resource number 0xffffffff
I/org.umd.logging( 4694): Method > 1 com.rovio.fusion.MySurfaceView.onTouchEvent(com.rovio.fusion.MySurfaceView@811294676<file=2016-12-13_05:03:00.546><x=0><y=0><width=1280><height=768><id=-1>, android.view.MotionEvent@4331429)
I/org.umd.logging( 4694): Method > 1 com.rovio.fusion.InputDelegator.onTouchEvent(com.rovio.fusion.InputDelegator@73260120, android.view.MotionEvent@4331429)
I/org.umd.logging( 4694): Method < 1 com.rovio.fusion.InputDelegator.onTouchEvent(true)
I/org.umd.logging( 4694): Method < 1 com.rovio.fusion.MySurfaceView.onTouchEvent(true)
I/InputDispatcher(  594): Window 'Window{ffb8ea8 u0 com.rovio.angrybirds/com.rovio.fusion.App}' spent 3676.6ms processing the last input event: MotionEvent(deviceId=0, source=0x00001002, action=0, flags=0x00000000, metaState=0x00000000, buttonState=0x00000000, edgeFlags=0x00000000, xPrecision=1.0, yPrecision=1.0, displayId=0, pointers=[0: (1125.0, 84.0)]), policyFlags=0x6b000000
E/Cataloger( 6490): syncFile:/storage/emulated/0/2016-12-13_05:03:00.546.jpg
I/org.umd.logging( 4694): Method > 2075 com.jirbo.adcolony.p$1.run(com.jirbo.adcolony.p$1@894364997)
I/org.umd.logging( 4694): Method < 2075 com.jirbo.adcolony.p$1.run()
E/Cataloger( 6490): syncFile:/storage/emulated/0/2016-12-13_05:03:00.723.jpg
W/ResourceType( 4694): No known package when getting name for resource number 0xffffffff
I/org.umd.logging( 4694): Method > 1 com.rovio.fusion.MySurfaceView.onTouchEvent(com.rovio.fusion.MySurfaceView@811294676<file=2016-12-13_05:03:00.723><x=0><y=0><width=1280><height=768><id=-1>, android.view.MotionEvent@4331429)
I/org.umd.logging( 4694): Method > 1 com.rovio.fusion.InputDelegator.onTouchEvent(com.rovio.fusion.InputDelegator@73260120, android.view.MotionEvent@4331429)
I/org.umd.logging( 4694): Method < 1 com.rovio.fusion.InputDelegator.onTouchEvent(true)
I/org.umd.logging( 4694): Method < 1 com.rovio.fusion.MySurfaceView.onTouchEvent(true)
I/InputDispatcher(  594): Window 'Window{ffb8ea8 u0 com.rovio.angrybirds/com.rovio.fusion.App}' spent 3841.4ms processing the last input event: MotionEvent(deviceId=0, source=0x00001002, action=2, flags=0x00000000, metaState=0x00000000, buttonState=0x00000000, edgeFlags=0x00000000, xPrecision=1.0, yPrecision=1.0, displayId=0, pointers=[0: (1138.9, 86.6)]), policyFlags=0x6b000000
I/InputDispatcher(  594): Window 'Window{ffb8ea8 u0 com.rovio.angrybirds/com.rovio.fusion.App}' spent 3840.6ms processing the last input event: MotionEvent(deviceId=0, source=0x00001002, action=2, flags=0x00000000, metaState=0x00000000, buttonState=0x00000000, edgeFlags=0x00000000, xPrecision=1.0, yPrecision=1.0, displayId=0, pointers=[0: (1141.6, 90.8)]), policyFlags=0x6b000000
I/InputDispatcher(  594): Window 'Window{ffb8ea8 u0 com.rovio.angrybirds/com.rovio.fusion.App}' spent 3839.9ms processing the last input event: MotionEvent(deviceId=0, source=0x00001002, action=2, flags=0x00000000, metaState=0x00000000, buttonState=0x00000000, edgeFlags=0x00000000, xPrecision=1.0, yPrecision=1.0, displayId=0, pointers=[0: (1146.9, 95.7)]), policyFlags=0x6b000000
I/InputDispatcher(  594): Window 'Window{ffb8ea8 u0 com.rovio.angrybirds/com.rovio.fusion.App}' spent 3839.2ms processing the last input event: MotionEvent(deviceId=0, source=0x00001002, action=2, flags=0x00000000, metaState=0x00000000, buttonState=0x00000000, edgeFlags=0x00000000, xPrecision=1.0, yPrecision=1.0, displayId=0, pointers=[0: (1159.7, 100.5)]), policyFlags=0x6b000000
I/InputDispatcher(  594): Window 'Window{ffb8ea8 u0 com.rovio.angrybirds/com.rovio.fusion.App}' spent 3838.3ms processing the last input event: MotionEvent(deviceId=0, source=0x00001002, action=2, flags=0x00000000, metaState=0x00000000, buttonState=0x00000000, edgeFlags=0x00000000, xPrecision=1.0, yPrecision=1.0, displayId=0, pointers=[0: (1162.6, 104.9)]), policyFlags=0x6b000000
E/Cataloger( 6490): syncFile:/storage/emulated/0/2016-12-13_05:03:00.723.jpg
E/Cataloger( 6490): syncFile:/storage/emulated/0/2016-12-13_05:03:00.889.jpg
I/org.umd.logging( 4694): Method > 2075 com.jirbo.adcolony.p$1.run(com.jirbo.adcolony.p$1@894364997)
I/org.umd.logging( 4694): Method < 2075 com.jirbo.adcolony.p$1.run()
I/DownloadManagerWrapper(  949): onReceive() : Charging = true
E/MtpServerJNI(  761): server is null in send_object_removed
W/ResourceType( 4694): No known package when getting name for resource number 0xffffffff
I/org.umd.logging( 4694): Method > 1 com.rovio.fusion.MySurfaceView.onTouchEvent(com.rovio.fusion.MySurfaceView@811294676<file=2016-12-13_05:03:00.889><x=0><y=0><width=1280><height=768><id=-1>, android.view.MotionEvent@4331429)
E/Cataloger( 6490): syncFile:/storage/emulated/0/2016-12-13_05:03:00.889.jpg
I/org.umd.logging( 4694): Method > 1 com.rovio.fusion.InputDelegator.onTouchEvent(com.rovio.fusion.InputDelegator@73260120, android.view.MotionEvent@4331429)
I/org.umd.logging( 4694): Method < 1 com.rovio.fusion.InputDelegator.onTouchEvent(true)
I/org.umd.logging( 4694): Method < 1 com.rovio.fusion.MySurfaceView.onTouchEvent(true)
I/InputDispatcher(  594): Window 'Window{ffb8ea8 u0 com.rovio.angrybirds/com.rovio.fusion.App}' spent 4007.8ms processing the last input event: MotionEvent(deviceId=0, source=0x00001002, action=1, flags=0x00000000, metaState=0x00000000, buttonState=0x00000000, edgeFlags=0x00000000, xPrecision=1.0, yPrecision=1.0, displayId=0, pointers=[0: (1175.8, 110.3)]), policyFlags=0x6b000000
E/Cataloger( 6490): syncFile:/storage/emulated/0/2016-12-13_05:03:01.060.jpg
W/ResourceType( 4694): No known package when getting name for resource number 0xffffffff
I/org.umd.logging( 4694): Method > 1 com.rovio.fusion.MySurfaceView.onTouchEvent(com.rovio.fusion.MySurfaceView@811294676<file=2016-12-13_05:03:01.060><x=0><y=0><width=1280><height=768><id=-1>, android.view.MotionEvent@4331429)
I/org.umd.logging( 4694): Method > 1 com.rovio.fusion.InputDelegator.onTouchEvent(com.rovio.fusion.InputDelegator@73260120, android.view.MotionEvent@4331429)
I/org.umd.logging( 4694): Method < 1 com.rovio.fusion.InputDelegator.onTouchEvent(true)
I/org.umd.logging( 4694): Method < 1 com.rovio.fusion.MySurfaceView.onTouchEvent(true)
I/InputDispatcher(  594): Window 'Window{ffb8ea8 u0 com.rovio.angrybirds/com.rovio.fusion.App}' spent 4197.3ms processing the last input event: MotionEvent(deviceId=0, source=0x00001002, action=0, flags=0x00000000, metaState=0x00000000, buttonState=0x00000000, edgeFlags=0x00000000, xPrecision=1.0, yPrecision=1.0, displayId=0, pointers=[0: (332.0, 88.0)]), policyFlags=0x6b000000
E/Cataloger( 6490): syncFile:/storage/emulated/0/2016-12-13_05:03:01.060.jpg
I/org.umd.logging( 4694): Method > 2075 com.jirbo.adcolony.p$1.run(com.jirbo.adcolony.p$1@894364997)
I/org.umd.logging( 4694): Method < 2075 com.jirbo.adcolony.p$1.run()
E/Cataloger( 6490): syncFile:/storage/emulated/0/2016-12-13_05:03:01.252.jpg
W/ResourceType( 4694): No known package when getting name for resource number 0xffffffff
I/org.umd.logging( 4694): Method > 1 com.rovio.fusion.MySurfaceView.onTouchEvent(com.rovio.fusion.MySurfaceView@811294676<file=2016-12-13_05:03:01.252><x=0><y=0><width=1280><height=768><id=-1>, android.view.MotionEvent@4331429)
I/org.umd.logging( 4694): Method > 1 com.rovio.fusion.InputDelegator.onTouchEvent(com.rovio.fusion.InputDelegator@73260120, android.view.MotionEvent@4331429)
E/Cataloger( 6490): syncFile:/storage/emulated/0/2016-12-13_05:03:01.252.jpg
I/org.umd.logging( 4694): Method < 1 com.rovio.fusion.InputDelegator.onTouchEvent(true)
I/org.umd.logging( 4694): Method < 1 com.rovio.fusion.MySurfaceView.onTouchEvent(true)
I/InputDispatcher(  594): Window 'Window{ffb8ea8 u0 com.rovio.angrybirds/com.rovio.fusion.App}' spent 4387.8ms processing the last input event: MotionEvent(deviceId=0, source=0x00001002, action=2, flags=0x00000000, metaState=0x00000000, buttonState=0x00000000, edgeFlags=0x00000000, xPrecision=1.0, yPrecision=1.0, displayId=0, pointers=[0: (344.1, 87.4)]), policyFlags=0x6b000000
I/InputDispatcher(  594): Window 'Window{ffb8ea8 u0 com.rovio.angrybirds/com.rovio.fusion.App}' spent 4385.7ms processing the last input event: MotionEvent(deviceId=0, source=0x00001002, action=2, flags=0x00000000, metaState=0x00000000, buttonState=0x00000000, edgeFlags=0x00000000, xPrecision=1.0, yPrecision=1.0, displayId=0, pointers=[0: (346.6, 87.3)]), policyFlags=0x6b000000
I/InputDispatcher(  594): Window 'Window{ffb8ea8 u0 com.rovio.angrybirds/com.rovio.fusion.App}' spent 4384.5ms processing the last input event: MotionEvent(deviceId=0, source=0x00001002, action=2, flags=0x00000000, metaState=0x00000000, buttonState=0x00000000, edgeFlags=0x00000000, xPrecision=1.0, yPrecision=1.0, displayId=0, pointers=[0: (354.9, 86.8)]), policyFlags=0x6b000000
I/InputDispatcher(  594): Window 'Window{ffb8ea8 u0 com.rovio.angrybirds/com.rovio.fusion.App}' spent 4383.5ms processing the last input event: MotionEvent(deviceId=0, source=0x00001002, action=2, flags=0x00000000, metaState=0x00000000, buttonState=0x00000000, edgeFlags=0x00000000, xPrecision=1.0, yPrecision=1.0, displayId=0, pointers=[0: (367.5, 86.1)]), policyFlags=0x6b000000
I/InputDispatcher(  594): Window 'Window{ffb8ea8 u0 com.rovio.angrybirds/com.rovio.fusion.App}' spent 4382.6ms processing the last input event: MotionEvent(deviceId=0, source=0x00001002, action=2, flags=0x00000000, metaState=0x00000000, buttonState=0x00000000, edgeFlags=0x00000000, xPrecision=1.0, yPrecision=1.0, displayId=0, pointers=[0: (378.4, 86.0)]), policyFlags=0x6b000000
I/InputDispatcher(  594): Window 'Window{ffb8ea8 u0 com.rovio.angrybirds/com.rovio.fusion.App}' spent 4381.8ms processing the last input event: MotionEvent(deviceId=0, source=0x00001002, action=2, flags=0x00000000, metaState=0x00000000, buttonState=0x00000000, edgeFlags=0x00000000, xPrecision=1.0, yPrecision=1.0, displayId=0, pointers=[0: (380.2, 85.1)]), policyFlags=0x6b000000
I/InputDispatcher(  594): Window 'Window{ffb8ea8 u0 com.rovio.angrybirds/com.rovio.fusion.App}' spent 4381.0ms processing the last input event: MotionEvent(deviceId=0, source=0x00001002, action=2, flags=0x00000000, metaState=0x00000000, buttonState=0x00000000, edgeFlags=0x00000000, xPrecision=1.0, yPrecision=1.0, displayId=0, pointers=[0: (392.7, 84.2)]), policyFlags=0x6b000000
I/InputDispatcher(  594): Window 'Window{ffb8ea8 u0 com.rovio.angrybirds/com.rovio.fusion.App}' spent 4380.3ms processing the last input event: MotionEvent(deviceId=0, source=0x00001002, action=2, flags=0x00000000, metaState=0x00000000, buttonState=0x00000000, edgeFlags=0x00000000, xPrecision=1.0, yPrecision=1.0, displayId=0, pointers=[0: (395.7, 83.6)]), policyFlags=0x6b000000
I/org.umd.logging( 4694): Method > 2075 com.jirbo.adcolony.p$1.run(com.jirbo.adcolony.p$1@894364997)
I/org.umd.logging( 4694): Method < 2075 com.jirbo.adcolony.p$1.run()
E/Cataloger( 6490): syncFile:/storage/emulated/0/2016-12-13_05:03:01.443.jpg
W/ResourceType( 4694): No known package when getting name for resource number 0xffffffff
I/org.umd.logging( 4694): Method > 1 com.rovio.fusion.MySurfaceView.onTouchEvent(com.rovio.fusion.MySurfaceView@811294676<file=2016-12-13_05:03:01.443><x=0><y=0><width=1280><height=768><id=-1>, android.view.MotionEvent@4331429)
I/org.umd.logging( 4694): Method > 1 com.rovio.fusion.InputDelegator.onTouchEvent(com.rovio.fusion.InputDelegator@73260120, android.view.MotionEvent@4331429)
E/Cataloger( 6490): syncFile:/storage/emulated/0/2016-12-13_05:03:01.443.jpg
I/org.umd.logging( 4694): Method < 1 com.rovio.fusion.InputDelegator.onTouchEvent(true)
I/org.umd.logging( 4694): Method < 1 com.rovio.fusion.MySurfaceView.onTouchEvent(true)
I/InputDispatcher(  594): Window 'Window{ffb8ea8 u0 com.rovio.angrybirds/com.rovio.fusion.App}' spent 4553.0ms processing the last input event: MotionEvent(deviceId=0, source=0x00001002, action=1, flags=0x00000000, metaState=0x00000000, buttonState=0x00000000, edgeFlags=0x00000000, xPrecision=1.0, yPrecision=1.0, displayId=0, pointers=[0: (400.1, 83.2)]), policyFlags=0x6b000000
I/Choreographer( 4694): Skipped 278 frames!  The application may be doing too much work on its main thread.
I/org.umd.logging( 4694): Method > 1 com.rovio.fusion.App.onKeyDown(com.rovio.fusion.App@410649080<activity=true>, 21, android.view.KeyEvent@489038358)
I/org.umd.logging( 4694): Method > 1 com.rovio.fusion.InputDelegator.onKeyDown(com.rovio.fusion.InputDelegator@73260120, 21, android.view.KeyEvent@489038358)
I/org.umd.logging( 4694): Method < 1 com.rovio.fusion.InputDelegator.onKeyDown(true)
I/org.umd.logging( 4694): Method < 1 com.rovio.fusion.App.onKeyDown(true)
I/org.umd.logging( 4694): Method > 1 com.rovio.fusion.App.onKeyUp(com.rovio.fusion.App@410649080<activity=true>, 21, android.view.KeyEvent@983787415)
I/org.umd.logging( 4694): Method > 1 com.rovio.fusion.InputDelegator.onKeyUp(com.rovio.fusion.InputDelegator@73260120, 21, android.view.KeyEvent@983787415)
I/org.umd.logging( 4694): Method < 1 com.rovio.fusion.InputDelegator.onKeyUp(true)
I/org.umd.logging( 4694): Method < 1 com.rovio.fusion.App.onKeyUp(true)
I/org.umd.logging( 4694): Method > 1 com.rovio.fusion.App.onKeyDown(com.rovio.fusion.App@410649080<activity=true>, 20, android.view.KeyEvent@921521540)
I/org.umd.logging( 4694): Method > 1 com.rovio.fusion.InputDelegator.onKeyDown(com.rovio.fusion.InputDelegator@73260120, 20, android.view.KeyEvent@921521540)
I/org.umd.logging( 4694): Method < 1 com.rovio.fusion.InputDelegator.onKeyDown(true)
I/org.umd.logging( 4694): Method < 1 com.rovio.fusion.App.onKeyDown(true)
I/org.umd.logging( 4694): Method > 1 com.rovio.fusion.App.onKeyUp(com.rovio.fusion.App@410649080<activity=true>, 20, android.view.KeyEvent@683698541)
I/org.umd.logging( 4694): Method > 1 com.rovio.fusion.InputDelegator.onKeyUp(com.rovio.fusion.InputDelegator@73260120, 20, android.view.KeyEvent@683698541)
I/org.umd.logging( 4694): Method < 1 com.rovio.fusion.InputDelegator.onKeyUp(true)
I/org.umd.logging( 4694): Method < 1 com.rovio.fusion.App.onKeyUp(true)
E/Cataloger( 6490): syncFile:/storage/emulated/0/2016-12-13_05:03:01.656.jpg
I/org.umd.logging( 4694): Method > 2075 com.jirbo.adcolony.p$1.run(com.jirbo.adcolony.p$1@894364997)
I/org.umd.logging( 4694): Method < 2075 com.jirbo.adcolony.p$1.run()
W/ResourceType( 4694): No known package when getting name for resource number 0xffffffff
I/org.umd.logging( 4694): Method > 1 com.rovio.fusion.MySurfaceView.onTouchEvent(com.rovio.fusion.MySurfaceView@811294676<file=2016-12-13_05:03:01.656><x=0><y=0><width=1280><height=768><id=-1>, android.view.MotionEvent@4331429)
E/Cataloger( 6490): syncFile:/storage/emulated/0/2016-12-13_05:03:01.656.jpg
I/org.umd.logging( 4694): Method > 1 com.rovio.fusion.InputDelegator.onTouchEvent(com.rovio.fusion.InputDelegator@73260120, android.view.MotionEvent@4331429)
I/org.umd.logging( 4694): Method < 1 com.rovio.fusion.InputDelegator.onTouchEvent(true)
I/org.umd.logging( 4694): Method < 1 com.rovio.fusion.MySurfaceView.onTouchEvent(true)
E/Cataloger( 6490): syncFile:/storage/emulated/0/2016-12-13_05:03:01.834.jpg
I/org.umd.logging( 4694): Method > 2075 com.jirbo.adcolony.p$1.run(com.jirbo.adcolony.p$1@894364997)
I/org.umd.logging( 4694): Method < 2075 com.jirbo.adcolony.p$1.run()
W/ResourceType( 4694): No known package when getting name for resource number 0xffffffff
I/org.umd.logging( 4694): Method > 1 com.rovio.fusion.MySurfaceView.onTouchEvent(com.rovio.fusion.MySurfaceView@811294676<file=2016-12-13_05:03:01.834><x=0><y=0><width=1280><height=768><id=-1>, android.view.MotionEvent@4331429)
E/Cataloger( 6490): syncFile:/storage/emulated/0/2016-12-13_05:03:01.834.jpg
I/org.umd.logging( 4694): Method > 1 com.rovio.fusion.InputDelegator.onTouchEvent(com.rovio.fusion.InputDelegator@73260120, android.view.MotionEvent@4331429)
I/org.umd.logging( 4694): Method < 1 com.rovio.fusion.InputDelegator.onTouchEvent(true)
I/org.umd.logging( 4694): Method < 1 com.rovio.fusion.MySurfaceView.onTouchEvent(true)
E/Cataloger( 6490): syncFile:/storage/emulated/0/2016-12-13_05:03:02.047.jpg
W/ResourceType( 4694): No known package when getting name for resource number 0xffffffff
