I/org.umd.logging( 4694): Method > 1 com.rovio.fusion.MySurfaceView.onTouchEvent(com.rovio.fusion.MySurfaceView@811294676<file=2016-12-13_05:03:13.480><x=0><y=0><width=1280><height=768><id=-1>, android.view.MotionEvent@4331429)
I/org.umd.logging( 4694): Method > 1 com.rovio.fusion.InputDelegator.onTouchEvent(com.rovio.fusion.InputDelegator@73260120, android.view.MotionEvent@4331429)
I/org.umd.logging( 4694): Method < 1 com.rovio.fusion.InputDelegator.onTouchEvent(true)
I/org.umd.logging( 4694): Method < 1 com.rovio.fusion.MySurfaceView.onTouchEvent(true)
I/org.umd.logging( 4694): Method > 2075 com.jirbo.adcolony.p$1.run(com.jirbo.adcolony.p$1@894364997)
I/org.umd.logging( 4694): Method < 2075 com.jirbo.adcolony.p$1.run()
E/Cataloger( 6490): syncFile:/storage/emulated/0/2016-12-13_05:03:13.739.jpg
W/ResourceType( 4694): No known package when getting name for resource number 0xffffffff
I/org.umd.logging( 4694): Method > 1 com.rovio.fusion.MySurfaceView.onTouchEvent(com.rovio.fusion.MySurfaceView@811294676<file=2016-12-13_05:03:13.739><x=0><y=0><width=1280><height=768><id=-1>, android.view.MotionEvent@4331429)
I/org.umd.logging( 4694): Method > 1 com.rovio.fusion.InputDelegator.onTouchEvent(com.rovio.fusion.InputDelegator@73260120, android.view.MotionEvent@4331429)
I/org.umd.logging( 4694): Method < 1 com.rovio.fusion.InputDelegator.onTouchEvent(true)
I/org.umd.logging( 4694): Method < 1 com.rovio.fusion.MySurfaceView.onTouchEvent(true)
E/Cataloger( 6490): syncFile:/storage/emulated/0/2016-12-13_05:03:13.739.jpg
E/Cataloger( 6490): syncFile:/storage/emulated/0/2016-12-13_05:03:13.900.jpg
I/org.umd.logging( 4694): Method > 2075 com.jirbo.adcolony.p$1.run(com.jirbo.adcolony.p$1@894364997)
I/org.umd.logging( 4694): Method < 2075 com.jirbo.adcolony.p$1.run()
W/ResourceType( 4694): No known package when getting name for resource number 0xffffffff
I/org.umd.logging( 4694): Method > 1 com.rovio.fusion.MySurfaceView.onTouchEvent(com.rovio.fusion.MySurfaceView@811294676<file=2016-12-13_05:03:13.900><x=0><y=0><width=1280><height=768><id=-1>, android.view.MotionEvent@4331429)
I/org.umd.logging( 4694): Method > 1 com.rovio.fusion.InputDelegator.onTouchEvent(com.rovio.fusion.InputDelegator@73260120, android.view.MotionEvent@4331429)
E/Cataloger( 6490): syncFile:/storage/emulated/0/2016-12-13_05:03:13.900.jpg
I/org.umd.logging( 4694): Method < 1 com.rovio.fusion.InputDelegator.onTouchEvent(true)
I/org.umd.logging( 4694): Method < 1 com.rovio.fusion.MySurfaceView.onTouchEvent(true)
E/Cataloger( 6490): syncFile:/storage/emulated/0/2016-12-13_05:03:14.090.jpg
W/ResourceType( 4694): No known package when getting name for resource number 0xffffffff
I/org.umd.logging( 4694): Method > 1 com.rovio.fusion.MySurfaceView.onTouchEvent(com.rovio.fusion.MySurfaceView@811294676<file=2016-12-13_05:03:14.090><x=0><y=0><width=1280><height=768><id=-1>, android.view.MotionEvent@4331429)
I/org.umd.logging( 4694): Method > 1 com.rovio.fusion.InputDelegator.onTouchEvent(com.rovio.fusion.InputDelegator@73260120, android.view.MotionEvent@4331429)
I/org.umd.logging( 4694): Method < 1 com.rovio.fusion.InputDelegator.onTouchEvent(true)
E/Cataloger( 6490): syncFile:/storage/emulated/0/2016-12-13_05:03:14.090.jpg
I/org.umd.logging( 4694): Method < 1 com.rovio.fusion.MySurfaceView.onTouchEvent(true)
I/org.umd.logging( 4694): Method > 2075 com.jirbo.adcolony.p$1.run(com.jirbo.adcolony.p$1@894364997)
I/org.umd.logging( 4694): Method < 2075 com.jirbo.adcolony.p$1.run()
E/Cataloger( 6490): syncFile:/storage/emulated/0/2016-12-13_05:03:14.254.jpg
I/org.umd.logging( 4694): Method > 2048 com.comscore.utils.task.TaskThread.run(com.comscore.utils.task.TaskThread@775586851<thread=2048>)
W/ResourceType( 4694): No known package when getting name for resource number 0xffffffff
I/org.umd.logging( 4694): Method > 1 com.rovio.fusion.MySurfaceView.onTouchEvent(com.rovio.fusion.MySurfaceView@811294676<file=2016-12-13_05:03:14.254><x=0><y=0><width=1280><height=768><id=-1>, android.view.MotionEvent@4331429)
I/org.umd.logging( 4694): Method > 1 com.rovio.fusion.InputDelegator.onTouchEvent(com.rovio.fusion.InputDelegator@73260120, android.view.MotionEvent@4331429)
I/org.umd.logging( 4694): Method < 1 com.rovio.fusion.InputDelegator.onTouchEvent(true)
I/org.umd.logging( 4694): Method < 1 com.rovio.fusion.MySurfaceView.onTouchEvent(true)
E/Cataloger( 6490): syncFile:/storage/emulated/0/2016-12-13_05:03:14.254.jpg
E/Cataloger( 6490): syncFile:/storage/emulated/0/2016-12-13_05:03:14.432.jpg
I/org.umd.logging( 4694): Method > 2075 com.jirbo.adcolony.p$1.run(com.jirbo.adcolony.p$1@894364997)
I/org.umd.logging( 4694): Method < 2075 com.jirbo.adcolony.p$1.run()
W/ResourceType( 4694): No known package when getting name for resource number 0xffffffff
I/org.umd.logging( 4694): Method > 1 com.rovio.fusion.MySurfaceView.onTouchEvent(com.rovio.fusion.MySurfaceView@811294676<file=2016-12-13_05:03:14.432><x=0><y=0><width=1280><height=768><id=-1>, android.view.MotionEvent@4331429)
I/org.umd.logging( 4694): Method > 1 com.rovio.fusion.InputDelegator.onTouchEvent(com.rovio.fusion.InputDelegator@73260120, android.view.MotionEvent@4331429)
E/Cataloger( 6490): syncFile:/storage/emulated/0/2016-12-13_05:03:14.432.jpg
I/org.umd.logging( 4694): Method < 1 com.rovio.fusion.InputDelegator.onTouchEvent(true)
I/org.umd.logging( 4694): Method < 1 com.rovio.fusion.MySurfaceView.onTouchEvent(true)
I/Choreographer( 4694): Skipped 99 frames!  The application may be doing too much work on its main thread.
I/org.umd.logging( 4694): Method > 1 com.rovio.fusion.App.onKeyDown(com.rovio.fusion.App@410649080<activity=true>, 23, android.view.KeyEvent@198135301)
I/org.umd.logging( 4694): Method > 1 com.rovio.fusion.InputDelegator.onKeyDown(com.rovio.fusion.InputDelegator@73260120, 23, android.view.KeyEvent@198135301)
I/org.umd.logging( 4694): Method < 1 com.rovio.fusion.InputDelegator.onKeyDown(true)
I/org.umd.logging( 4694): Method < 1 com.rovio.fusion.App.onKeyDown(true)
I/org.umd.logging( 4694): Method > 1 com.rovio.fusion.App.onKeyUp(com.rovio.fusion.App@410649080<activity=true>, 23, android.view.KeyEvent@233303642)
I/org.umd.logging( 4694): Method > 1 com.rovio.fusion.InputDelegator.onKeyUp(com.rovio.fusion.InputDelegator@73260120, 23, android.view.KeyEvent@233303642)
I/org.umd.logging( 4694): Method < 1 com.rovio.fusion.InputDelegator.onKeyUp(true)
I/org.umd.logging( 4694): Method < 1 com.rovio.fusion.App.onKeyUp(true)
I/org.umd.logging( 4694): Method > 1 com.rovio.fusion.App.onKeyDown(com.rovio.fusion.App@410649080<activity=true>, 192, android.view.KeyEvent@167516299)
I/org.umd.logging( 4694): Method > 1 com.rovio.fusion.InputDelegator.onKeyDown(com.rovio.fusion.InputDelegator@73260120, 192, android.view.KeyEvent@167516299)
I/org.umd.logging( 4694): Method < 1 com.rovio.fusion.InputDelegator.onKeyDown(false)
I/org.umd.logging( 4694): Method < 1 com.rovio.fusion.App.onKeyDown(false)
I/org.umd.logging( 4694): Method > 1 com.rovio.fusion.App.onKeyDown(com.rovio.fusion.App@410649080<activity=true>, 23, android.view.KeyEvent@374537576)
I/org.umd.logging( 4694): Method > 1 com.rovio.fusion.InputDelegator.onKeyDown(com.rovio.fusion.InputDelegator@73260120, 23, android.view.KeyEvent@374537576)
I/org.umd.logging( 4694): Method < 1 com.rovio.fusion.InputDelegator.onKeyDown(true)
I/org.umd.logging( 4694): Method < 1 com.rovio.fusion.App.onKeyDown(true)
I/org.umd.logging( 4694): Method > 1 com.rovio.fusion.App.onKeyUp(com.rovio.fusion.App@410649080<activity=true>, 192, android.view.KeyEvent@821806465)
I/org.umd.logging( 4694): Method > 1 com.rovio.fusion.InputDelegator.onKeyUp(com.rovio.fusion.InputDelegator@73260120, 192, android.view.KeyEvent@821806465)
I/org.umd.logging( 4694): Method < 1 com.rovio.fusion.InputDelegator.onKeyUp(false)
I/org.umd.logging( 4694): Method < 1 com.rovio.fusion.App.onKeyUp(false)
I/org.umd.logging( 4694): Method > 1 com.rovio.fusion.App.onKeyUp(com.rovio.fusion.App@410649080<activity=true>, 23, android.view.KeyEvent@338073126)
I/org.umd.logging( 4694): Method > 1 com.rovio.fusion.InputDelegator.onKeyUp(com.rovio.fusion.InputDelegator@73260120, 23, android.view.KeyEvent@338073126)
I/org.umd.logging( 4694): Method < 1 com.rovio.fusion.InputDelegator.onKeyUp(true)
I/org.umd.logging( 4694): Method < 1 com.rovio.fusion.App.onKeyUp(true)
I/org.umd.logging( 4694): Method > 1 com.rovio.fusion.App.onKeyDown(com.rovio.fusion.App@410649080<activity=true>, 22, android.view.KeyEvent@496087655)
I/org.umd.logging( 4694): Method > 1 com.rovio.fusion.InputDelegator.onKeyDown(com.rovio.fusion.InputDelegator@73260120, 22, android.view.KeyEvent@496087655)
I/org.umd.logging( 4694): Method < 1 com.rovio.fusion.InputDelegator.onKeyDown(true)
I/org.umd.logging( 4694): Method < 1 com.rovio.fusion.App.onKeyDown(true)
E/Cataloger( 6490): syncFile:/storage/emulated/0/2016-12-13_05:03:14.647.jpg
I/org.umd.logging( 4694): Method > 2075 com.jirbo.adcolony.p$1.run(com.jirbo.adcolony.p$1@894364997)
I/org.umd.logging( 4694): Method < 2075 com.jirbo.adcolony.p$1.run()
W/ResourceType( 4694): No known package when getting name for resource number 0xffffffff
I/org.umd.logging( 4694): Method > 1 com.rovio.fusion.MySurfaceView.onTouchEvent(com.rovio.fusion.MySurfaceView@811294676<file=2016-12-13_05:03:14.647><x=0><y=0><width=1280><height=768><id=-1>, android.view.MotionEvent@4331429)
E/Cataloger( 6490): syncFile:/storage/emulated/0/2016-12-13_05:03:14.647.jpg
I/org.umd.logging( 4694): Method > 1 com.rovio.fusion.InputDelegator.onTouchEvent(com.rovio.fusion.InputDelegator@73260120, android.view.MotionEvent@4331429)
I/org.umd.logging( 4694): Method < 1 com.rovio.fusion.InputDelegator.onTouchEvent(true)
I/org.umd.logging( 4694): Method < 1 com.rovio.fusion.MySurfaceView.onTouchEvent(true)
E/Cataloger( 6490): syncFile:/storage/emulated/0/2016-12-13_05:03:14.857.jpg
W/ResourceType( 4694): No known package when getting name for resource number 0xffffffff
I/org.umd.logging( 4694): Method > 1 com.rovio.fusion.MySurfaceView.onTouchEvent(com.rovio.fusion.MySurfaceView@811294676<file=2016-12-13_05:03:14.857><x=0><y=0><width=1280><height=768><id=-1>, android.view.MotionEvent@4331429)
I/org.umd.logging( 4694): Api > 2074 android.net.ConnectivityManager.getActiveNetworkInfo(android.net.ConnectivityManager@453239735)
I/org.umd.logging( 4694): Method > 2075 com.jirbo.adcolony.p$1.run(com.jirbo.adcolony.p$1@894364997)
I/org.umd.logging( 4694): Method < 2075 com.jirbo.adcolony.p$1.run()
I/org.umd.logging( 4694): Method > 1 com.rovio.fusion.InputDelegator.onTouchEvent(com.rovio.fusion.InputDelegator@73260120, android.view.MotionEvent@4331429)
I/org.umd.logging( 4694): Method < 1 com.rovio.fusion.InputDelegator.onTouchEvent(true)
I/org.umd.logging( 4694): Method < 1 com.rovio.fusion.MySurfaceView.onTouchEvent(true)
E/Cataloger( 6490): syncFile:/storage/emulated/0/2016-12-13_05:03:14.857.jpg
I/org.umd.logging( 4694): Api < 2074 android.net.ConnectivityManager.getActiveNetworkInfo(android.net.NetworkInfo@504268820)
E/Cataloger( 6490): syncFile:/storage/emulated/0/2016-12-13_05:03:15.037.jpg
W/ResourceType( 4694): No known package when getting name for resource number 0xffffffff
I/org.umd.logging( 4694): Method > 1 com.rovio.fusion.MySurfaceView.onTouchEvent(com.rovio.fusion.MySurfaceView@811294676<file=2016-12-13_05:03:15.037><x=0><y=0><width=1280><height=768><id=-1>, android.view.MotionEvent@4331429)
I/org.umd.logging( 4694): Method > 1 com.rovio.fusion.InputDelegator.onTouchEvent(com.rovio.fusion.InputDelegator@73260120, android.view.MotionEvent@4331429)
I/org.umd.logging( 4694): Method < 1 com.rovio.fusion.InputDelegator.onTouchEvent(true)
I/org.umd.logging( 4694): Method < 1 com.rovio.fusion.MySurfaceView.onTouchEvent(true)
E/Cataloger( 6490): syncFile:/storage/emulated/0/2016-12-13_05:03:15.037.jpg
I/org.umd.logging( 4694): Method > 2075 com.jirbo.adcolony.p$1.run(com.jirbo.adcolony.p$1@894364997)
I/org.umd.logging( 4694): Method < 2075 com.jirbo.adcolony.p$1.run()
E/Cataloger( 6490): syncFile:/storage/emulated/0/2016-12-13_05:03:15.244.jpg
W/ResourceType( 4694): No known package when getting name for resource number 0xffffffff
I/org.umd.logging( 4694): Method > 1 com.rovio.fusion.MySurfaceView.onTouchEvent(com.rovio.fusion.MySurfaceView@811294676<file=2016-12-13_05:03:15.244><x=0><y=0><width=1280><height=768><id=-1>, android.view.MotionEvent@4331429)
I/org.umd.logging( 4694): Method > 1 com.rovio.fusion.InputDelegator.onTouchEvent(com.rovio.fusion.InputDelegator@73260120, android.view.MotionEvent@4331429)
E/Cataloger( 6490): syncFile:/storage/emulated/0/2016-12-13_05:03:15.244.jpg
I/org.umd.logging( 4694): Method < 1 com.rovio.fusion.InputDelegator.onTouchEvent(true)
I/org.umd.logging( 4694): Method < 1 com.rovio.fusion.MySurfaceView.onTouchEvent(true)
E/Cataloger( 6490): syncFile:/storage/emulated/0/2016-12-13_05:03:15.422.jpg
I/org.umd.logging( 4694): Method > 2075 com.jirbo.adcolony.p$1.run(com.jirbo.adcolony.p$1@894364997)
I/org.umd.logging( 4694): Method < 2075 com.jirbo.adcolony.p$1.run()
W/ResourceType( 4694): No known package when getting name for resource number 0xffffffff
I/org.umd.logging( 4694): Method > 1 com.rovio.fusion.MySurfaceView.onTouchEvent(com.rovio.fusion.MySurfaceView@811294676<file=2016-12-13_05:03:15.422><x=0><y=0><width=1280><height=768><id=-1>, android.view.MotionEvent@4331429)
E/Cataloger( 6490): syncFile:/storage/emulated/0/2016-12-13_05:03:15.422.jpg
I/org.umd.logging( 4694): Method > 1 com.rovio.fusion.InputDelegator.onTouchEvent(com.rovio.fusion.InputDelegator@73260120, android.view.MotionEvent@4331429)
I/org.umd.logging( 4694): Method < 1 com.rovio.fusion.InputDelegator.onTouchEvent(true)
I/org.umd.logging( 4694): Method < 1 com.rovio.fusion.MySurfaceView.onTouchEvent(true)
E/Cataloger( 6490): syncFile:/storage/emulated/0/2016-12-13_05:03:15.606.jpg
W/ResourceType( 4694): No known package when getting name for resource number 0xffffffff
I/org.umd.logging( 4694): Method > 1 com.rovio.fusion.MySurfaceView.onTouchEvent(com.rovio.fusion.MySurfaceView@811294676<file=2016-12-13_05:03:15.606><x=0><y=0><width=1280><height=768><id=-1>, android.view.MotionEvent@4331429)
E/Cataloger( 6490): syncFile:/storage/emulated/0/2016-12-13_05:03:15.606.jpg
I/org.umd.logging( 4694): Method > 1 com.rovio.fusion.InputDelegator.onTouchEvent(com.rovio.fusion.InputDelegator@73260120, android.view.MotionEvent@4331429)
I/org.umd.logging( 4694): Method < 1 com.rovio.fusion.InputDelegator.onTouchEvent(true)
I/org.umd.logging( 4694): Method < 1 com.rovio.fusion.MySurfaceView.onTouchEvent(true)
I/org.umd.logging( 4694): Method > 2075 com.jirbo.adcolony.p$1.run(com.jirbo.adcolony.p$1@894364997)
I/org.umd.logging( 4694): Method < 2075 com.jirbo.adcolony.p$1.run()
E/Cataloger( 6490): syncFile:/storage/emulated/0/2016-12-13_05:03:15.764.jpg
W/ResourceType( 4694): No known package when getting name for resource number 0xffffffff
I/org.umd.logging( 4694): Method > 1 com.rovio.fusion.MySurfaceView.onTouchEvent(com.rovio.fusion.MySurfaceView@811294676<file=2016-12-13_05:03:15.764><x=0><y=0><width=1280><height=768><id=-1>, android.view.MotionEvent@4331429)
I/org.umd.logging( 4694): Method > 1 com.rovio.fusion.InputDelegator.onTouchEvent(com.rovio.fusion.InputDelegator@73260120, android.view.MotionEvent@4331429)
E/Cataloger( 6490): syncFile:/storage/emulated/0/2016-12-13_05:03:15.764.jpg
I/org.umd.logging( 4694): Method < 1 com.rovio.fusion.InputDelegator.onTouchEvent(true)
I/org.umd.logging( 4694): Method < 1 com.rovio.fusion.MySurfaceView.onTouchEvent(true)
I/org.umd.logging( 4694): Method > 2075 com.jirbo.adcolony.p$1.run(com.jirbo.adcolony.p$1@894364997)
E/Cataloger( 6490): syncFile:/storage/emulated/0/2016-12-13_05:03:15.950.jpg
I/org.umd.logging( 4694): Method < 2075 com.jirbo.adcolony.p$1.run()
W/ResourceType( 4694): No known package when getting name for resource number 0xffffffff
I/org.umd.logging( 4694): Method > 1 com.rovio.fusion.MySurfaceView.onTouchEvent(com.rovio.fusion.MySurfaceView@811294676<file=2016-12-13_05:03:15.950><x=0><y=0><width=1280><height=768><id=-1>, android.view.MotionEvent@4331429)
E/Cataloger( 6490): syncFile:/storage/emulated/0/2016-12-13_05:03:15.950.jpg
I/org.umd.logging( 4694): Method > 1 com.rovio.fusion.InputDelegator.onTouchEvent(com.rovio.fusion.InputDelegator@73260120, android.view.MotionEvent@4331429)
I/org.umd.logging( 4694): Method < 1 com.rovio.fusion.InputDelegator.onTouchEvent(true)
I/org.umd.logging( 4694): Method < 1 com.rovio.fusion.MySurfaceView.onTouchEvent(true)
E/Cataloger( 6490): syncFile:/storage/emulated/0/2016-12-13_05:03:16.126.jpg
I/org.umd.logging( 4694): Method > 2075 com.jirbo.adcolony.p$1.run(com.jirbo.adcolony.p$1@894364997)
I/org.umd.logging( 4694): Method < 2075 com.jirbo.adcolony.p$1.run()
W/ResourceType( 4694): No known package when getting name for resource number 0xffffffff
I/org.umd.logging( 4694): Method > 1 com.rovio.fusion.MySurfaceView.onTouchEvent(com.rovio.fusion.MySurfaceView@811294676<file=2016-12-13_05:03:16.126><x=0><y=0><width=1280><height=768><id=-1>, android.view.MotionEvent@4331429)
I/org.umd.logging( 4694): Method > 1 com.rovio.fusion.InputDelegator.onTouchEvent(com.rovio.fusion.InputDelegator@73260120, android.view.MotionEvent@4331429)
E/Cataloger( 6490): syncFile:/storage/emulated/0/2016-12-13_05:03:16.126.jpg
I/org.umd.logging( 4694): Method < 1 com.rovio.fusion.InputDelegator.onTouchEvent(true)
I/org.umd.logging( 4694): Method < 1 com.rovio.fusion.MySurfaceView.onTouchEvent(true)
E/Cataloger( 6490): syncFile:/storage/emulated/0/2016-12-13_05:03:16.315.jpg
W/ResourceType( 4694): No known package when getting name for resource number 0xffffffff
I/org.umd.logging( 4694): Method > 1 com.rovio.fusion.MySurfaceView.onTouchEvent(com.rovio.fusion.MySurfaceView@811294676<file=2016-12-13_05:03:16.315><x=0><y=0><width=1280><height=768><id=-1>, android.view.MotionEvent@4331429)
I/org.umd.logging( 4694): Method > 1 com.rovio.fusion.InputDelegator.onTouchEvent(com.rovio.fusion.InputDelegator@73260120, android.view.MotionEvent@4331429)
I/org.umd.logging( 4694): Method < 1 com.rovio.fusion.InputDelegator.onTouchEvent(true)
I/org.umd.logging( 4694): Method < 1 com.rovio.fusion.MySurfaceView.onTouchEvent(true)
E/Cataloger( 6490): syncFile:/storage/emulated/0/2016-12-13_05:03:16.315.jpg
I/org.umd.logging( 4694): Method > 2075 com.jirbo.adcolony.p$1.run(com.jirbo.adcolony.p$1@894364997)
I/org.umd.logging( 4694): Method < 2075 com.jirbo.adcolony.p$1.run()
E/Cataloger( 6490): syncFile:/storage/emulated/0/2016-12-13_05:03:16.488.jpg
W/ResourceType( 4694): No known package when getting name for resource number 0xffffffff
E/Cataloger( 6490): syncFile:/storage/emulated/0/2016-12-13_05:03:16.488.jpg
I/org.umd.logging( 4694): Method > 1 com.rovio.fusion.MySurfaceView.onTouchEvent(com.rovio.fusion.MySurfaceView@811294676<file=2016-12-13_05:03:16.488><x=0><y=0><width=1280><height=768><id=-1>, android.view.MotionEvent@4331429)
I/org.umd.logging( 4694): Method > 1 com.rovio.fusion.InputDelegator.onTouchEvent(com.rovio.fusion.InputDelegator@73260120, android.view.MotionEvent@4331429)
I/org.umd.logging( 4694): Method < 1 com.rovio.fusion.InputDelegator.onTouchEvent(true)
I/org.umd.logging( 4694): Method < 1 com.rovio.fusion.MySurfaceView.onTouchEvent(true)
I/org.umd.logging( 4694): Method > 1 com.rovio.fusion.App.onKeyUp(com.rovio.fusion.App@410649080<activity=true>, 22, android.view.KeyEvent@220084413)
I/org.umd.logging( 4694): Method > 1 com.rovio.fusion.InputDelegator.onKeyUp(com.rovio.fusion.InputDelegator@73260120, 22, android.view.KeyEvent@220084413)
I/org.umd.logging( 4694): Method < 1 com.rovio.fusion.InputDelegator.onKeyUp(true)
I/org.umd.logging( 4694): Method < 1 com.rovio.fusion.App.onKeyUp(true)
I/Choreographer( 4694): Skipped 121 frames!  The application may be doing too much work on its main thread.
I/InputDispatcher(  594): Window 'Window{ffb8ea8 u0 com.rovio.angrybirds/com.rovio.fusion.App}' spent 2033.2ms processing the last input event: KeyEvent(deviceId=-1, source=0x00000101, action=1, flags=0x00000008, keyCode=22, scanCode=0, metaState=0x00000000, repeatCount=0), policyFlags=0x6b000000
I/org.umd.logging( 4694): Method > 1 com.rovio.rcs.ads.WebViewWrapper$1.run(com.rovio.rcs.ads.WebViewWrapper$1@710274738)
I/org.umd.logging( 4694): Method < 1 com.rovio.rcs.ads.WebViewWrapper$1.run()
I/org.umd.logging( 4694): Method > 1 com.rovio.fusion.App.onKeyDown(com.rovio.fusion.App@410649080<activity=true>, 20, android.view.KeyEvent@83693059)
I/org.umd.logging( 4694): Method > 1 com.rovio.fusion.InputDelegator.onKeyDown(com.rovio.fusion.InputDelegator@73260120, 20, android.view.KeyEvent@83693059)
I/org.umd.logging( 4694): Method < 1 com.rovio.fusion.InputDelegator.onKeyDown(true)
I/org.umd.logging( 4694): Method < 1 com.rovio.fusion.App.onKeyDown(true)
I/org.umd.logging( 4694): Method > 1 com.rovio.rcs.ads.WebViewWrapper$4.run(com.rovio.rcs.ads.WebViewWrapper$4@324407680)
I/org.umd.logging( 4694): Method < 1 com.rovio.rcs.ads.WebViewWrapper$4.run()
I/org.umd.logging( 4694): Method > 1 com.rovio.rcs.ads.WebViewWrapper$5.run(com.rovio.rcs.ads.WebViewWrapper$5@1039836089)
I/org.umd.logging( 4694): Method < 1 com.rovio.rcs.ads.WebViewWrapper$5.run()
I/org.umd.logging( 4694): Method > 1 com.rovio.fusion.App.onKeyUp(com.rovio.fusion.App@410649080<activity=true>, 20, android.view.KeyEvent@464536574)
I/org.umd.logging( 4694): Method > 1 com.rovio.fusion.InputDelegator.onKeyUp(com.rovio.fusion.InputDelegator@73260120, 20, android.view.KeyEvent@464536574)
I/org.umd.logging( 4694): Method < 1 com.rovio.fusion.InputDelegator.onKeyUp(true)
I/org.umd.logging( 4694): Method < 1 com.rovio.fusion.App.onKeyUp(true)
I/org.umd.logging( 4694): Method > 1 com.rovio.rcs.ads.WebViewWrapper$8.run(com.rovio.rcs.ads.WebViewWrapper$8@322471775)
I/org.umd.logging( 4694): Method > 2075 com.jirbo.adcolony.p$1.run(com.jirbo.adcolony.p$1@894364997)
I/org.umd.logging( 4694): Method < 2075 com.jirbo.adcolony.p$1.run()
E/Cataloger( 6490): syncFile:/storage/emulated/0/2016-12-13_05:03:16.708.jpg
W/ResourceType( 4694): No known package when getting name for resource number 0xffffffff
I/org.umd.logging( 4694): Api > 1 android.webkit.WebView.<init>(com.rovio.rcs.ads.AdsWebView@449356298<file=2016-12-13_05:03:16.708><x=0><y=0><width=0><height=0><id=-1>, com.rovio.fusion.App@410649080)
E/Cataloger( 6490): syncFile:/storage/emulated/0/2016-12-13_05:03:16.708.jpg
E/Cataloger( 6490): syncFile:/storage/emulated/0/2016-12-13_05:03:16.893.jpg
I/org.umd.logging( 4694): Method > 2075 com.jirbo.adcolony.p$1.run(com.jirbo.adcolony.p$1@894364997)
I/org.umd.logging( 4694): Method < 2075 com.jirbo.adcolony.p$1.run()
W/ResourceType( 4694): No known package when getting name for resource number 0xffffffff
I/org.umd.logging( 4694): Api < 1 android.webkit.WebView.<init>(com.rovio.rcs.ads.AdsWebView@449356298<file=2016-12-13_05:03:16.893><x=0><y=0><width=0><height=0><id=-1>)
E/Cataloger( 6490): syncFile:/storage/emulated/0/2016-12-13_05:03:16.893.jpg
I/cr_Ime  ( 4694): ImeThread is enabled.
I/org.umd.logging( 4694): Method < 1 com.rovio.rcs.ads.WebViewWrapper$8.run()
E/Cataloger( 6490): syncFile:/storage/emulated/0/2016-12-13_05:03:17.085.jpg
W/ResourceType( 4694): No known package when getting name for resource number 0xffffffff
I/org.umd.logging( 4694): Method > 1 com.rovio.fusion.MySurfaceView.onTouchEvent(com.rovio.fusion.MySurfaceView@811294676<file=2016-12-13_05:03:17.085><x=0><y=0><width=1280><height=768><id=-1>, android.view.MotionEvent@4331429)
I/org.umd.logging( 4694): Method > 1 com.rovio.fusion.InputDelegator.onTouchEvent(com.rovio.fusion.InputDelegator@73260120, android.view.MotionEvent@4331429)
I/org.umd.logging( 4694): Method < 1 com.rovio.fusion.InputDelegator.onTouchEvent(true)
I/org.umd.logging( 4694): Method < 1 com.rovio.fusion.MySurfaceView.onTouchEvent(true)
E/Cataloger( 6490): syncFile:/storage/emulated/0/2016-12-13_05:03:17.085.jpg
I/org.umd.logging( 4694): Method > 2075 com.jirbo.adcolony.p$1.run(com.jirbo.adcolony.p$1@894364997)
I/org.umd.logging( 4694): Method < 2075 com.jirbo.adcolony.p$1.run()
I/art     ( 4694): Background sticky concurrent mark sweep GC freed 2356(172KB) AllocSpace objects, 4(7MB) LOS objects, 2% free, 40MB/41MB, paused 6.653ms total 24.568ms
E/Cataloger( 6490): syncFile:/storage/emulated/0/2016-12-13_05:03:17.267.jpg
W/ResourceType( 4694): No known package when getting name for resource number 0xffffffff
I/org.umd.logging( 4694): Method > 1 com.rovio.fusion.MySurfaceView.onTouchEvent(com.rovio.fusion.MySurfaceView@811294676<file=2016-12-13_05:03:17.267><x=0><y=0><width=1280><height=768><id=-1>, android.view.MotionEvent@4331429)
E/Cataloger( 6490): syncFile:/storage/emulated/0/2016-12-13_05:03:17.267.jpg
I/org.umd.logging( 4694): Method > 1 com.rovio.fusion.InputDelegator.onTouchEvent(com.rovio.fusion.InputDelegator@73260120, android.view.MotionEvent@4331429)
I/org.umd.logging( 4694): Method < 1 com.rovio.fusion.InputDelegator.onTouchEvent(true)
I/org.umd.logging( 4694): Method < 1 com.rovio.fusion.MySurfaceView.onTouchEvent(true)
E/Cataloger( 6490): syncFile:/storage/emulated/0/2016-12-13_05:03:17.449.jpg
I/org.umd.logging( 4694): Method > 2075 com.jirbo.adcolony.p$1.run(com.jirbo.adcolony.p$1@894364997)
I/org.umd.logging( 4694): Method < 2075 com.jirbo.adcolony.p$1.run()
W/ResourceType( 4694): No known package when getting name for resource number 0xffffffff
I/org.umd.logging( 4694): Method > 1 com.rovio.fusion.MySurfaceView.onTouchEvent(com.rovio.fusion.MySurfaceView@811294676<file=2016-12-13_05:03:17.449><x=0><y=0><width=1280><height=768><id=-1>, android.view.MotionEvent@4331429)
I/org.umd.logging( 4694): Method > 1 com.rovio.fusion.InputDelegator.onTouchEvent(com.rovio.fusion.InputDelegator@73260120, android.view.MotionEvent@4331429)
I/org.umd.logging( 4694): Method < 1 com.rovio.fusion.InputDelegator.onTouchEvent(true)
I/org.umd.logging( 4694): Method < 1 com.rovio.fusion.MySurfaceView.onTouchEvent(true)
E/Cataloger( 6490): syncFile:/storage/emulated/0/2016-12-13_05:03:17.449.jpg
E/Cataloger( 6490): syncFile:/storage/emulated/0/2016-12-13_05:03:17.618.jpg
W/ResourceType( 4694): No known package when getting name for resource number 0xffffffff
I/org.umd.logging( 4694): Method > 1 com.rovio.fusion.MySurfaceView.onTouchEvent(com.rovio.fusion.MySurfaceView@811294676<file=2016-12-13_05:03:17.618><x=0><y=0><width=1280><height=768><id=-1>, android.view.MotionEvent@4331429)
I/org.umd.logging( 4694): Method > 1 com.rovio.fusion.InputDelegator.onTouchEvent(com.rovio.fusion.InputDelegator@73260120, android.view.MotionEvent@4331429)
I/org.umd.logging( 4694): Method < 1 com.rovio.fusion.InputDelegator.onTouchEvent(true)
I/org.umd.logging( 4694): Method < 1 com.rovio.fusion.MySurfaceView.onTouchEvent(true)
E/Cataloger( 6490): syncFile:/storage/emulated/0/2016-12-13_05:03:17.618.jpg
I/org.umd.logging( 4694): Method > 2075 com.jirbo.adcolony.p$1.run(com.jirbo.adcolony.p$1@894364997)
I/org.umd.logging( 4694): Method < 2075 com.jirbo.adcolony.p$1.run()
E/Cataloger( 6490): syncFile:/storage/emulated/0/2016-12-13_05:03:17.788.jpg
W/ResourceType( 4694): No known package when getting name for resource number 0xffffffff
I/org.umd.logging( 4694): Method > 1 com.rovio.fusion.MySurfaceView.onTouchEvent(com.rovio.fusion.MySurfaceView@811294676<file=2016-12-13_05:03:17.788><x=0><y=0><width=1280><height=768><id=-1>, android.view.MotionEvent@4331429)
I/org.umd.logging( 4694): Method > 1 com.rovio.fusion.InputDelegator.onTouchEvent(com.rovio.fusion.InputDelegator@73260120, android.view.MotionEvent@4331429)
I/org.umd.logging( 4694): Method < 1 com.rovio.fusion.InputDelegator.onTouchEvent(true)
E/Cataloger( 6490): syncFile:/storage/emulated/0/2016-12-13_05:03:17.788.jpg
I/org.umd.logging( 4694): Method < 1 com.rovio.fusion.MySurfaceView.onTouchEvent(true)
I/org.umd.logging( 4694): Api > 2074 android.net.ConnectivityManager.getActiveNetworkInfo(android.net.ConnectivityManager@453239735)
I/org.umd.logging( 4694): Method > 2075 com.jirbo.adcolony.p$1.run(com.jirbo.adcolony.p$1@894364997)
I/org.umd.logging( 4694): Method < 2075 com.jirbo.adcolony.p$1.run()
I/org.umd.logging( 4694): Api < 2074 android.net.ConnectivityManager.getActiveNetworkInfo(android.net.NetworkInfo@213913841)
E/Cataloger( 6490): syncFile:/storage/emulated/0/2016-12-13_05:03:17.954.jpg
W/ResourceType( 4694): No known package when getting name for resource number 0xffffffff
I/org.umd.logging( 4694): Method > 1 com.rovio.fusion.MySurfaceView.onTouchEvent(com.rovio.fusion.MySurfaceView@811294676<file=2016-12-13_05:03:17.954><x=0><y=0><width=1280><height=768><id=-1>, android.view.MotionEvent@4331429)
I/org.umd.logging( 4694): Method > 1 com.rovio.fusion.InputDelegator.onTouchEvent(com.rovio.fusion.InputDelegator@73260120, android.view.MotionEvent@4331429)
I/org.umd.logging( 4694): Method < 1 com.rovio.fusion.InputDelegator.onTouchEvent(true)
I/org.umd.logging( 4694): Method < 1 com.rovio.fusion.MySurfaceView.onTouchEvent(true)
E/Cataloger( 6490): syncFile:/storage/emulated/0/2016-12-13_05:03:17.954.jpg
E/Cataloger( 6490): syncFile:/storage/emulated/0/2016-12-13_05:03:18.133.jpg
W/ResourceType( 4694): No known package when getting name for resource number 0xffffffff
I/org.umd.logging( 4694): Method > 1 com.rovio.fusion.MySurfaceView.onTouchEvent(com.rovio.fusion.MySurfaceView@811294676<file=2016-12-13_05:03:18.133><x=0><y=0><width=1280><height=768><id=-1>, android.view.MotionEvent@4331429)
I/org.umd.logging( 4694): Method > 1 com.rovio.fusion.InputDelegator.onTouchEvent(com.rovio.fusion.InputDelegator@73260120, android.view.MotionEvent@4331429)
I/org.umd.logging( 4694): Method < 1 com.rovio.fusion.InputDelegator.onTouchEvent(true)
I/org.umd.logging( 4694): Method < 1 com.rovio.fusion.MySurfaceView.onTouchEvent(true)
I/org.umd.logging( 4694): Method > 2075 com.jirbo.adcolony.p$1.run(com.jirbo.adcolony.p$1@894364997)
I/org.umd.logging( 4694): Method < 2075 com.jirbo.adcolony.p$1.run()
E/Cataloger( 6490): syncFile:/storage/emulated/0/2016-12-13_05:03:18.133.jpg
E/Cataloger( 6490): syncFile:/storage/emulated/0/2016-12-13_05:03:18.306.jpg
W/ResourceType( 4694): No known package when getting name for resource number 0xffffffff
I/org.umd.logging( 4694): Method > 1 com.rovio.fusion.MySurfaceView.onTouchEvent(com.rovio.fusion.MySurfaceView@811294676<file=2016-12-13_05:03:18.306><x=0><y=0><width=1280><height=768><id=-1>, android.view.MotionEvent@4331429)
I/org.umd.logging( 4694): Method > 1 com.rovio.fusion.InputDelegator.onTouchEvent(com.rovio.fusion.InputDelegator@73260120, android.view.MotionEvent@4331429)
E/Cataloger( 6490): syncFile:/storage/emulated/0/2016-12-13_05:03:18.306.jpg
I/org.umd.logging( 4694): Method < 1 com.rovio.fusion.InputDelegator.onTouchEvent(true)
I/org.umd.logging( 4694): Method < 1 com.rovio.fusion.MySurfaceView.onTouchEvent(true)
E/Cataloger( 6490): syncFile:/storage/emulated/0/2016-12-13_05:03:18.475.jpg
I/org.umd.logging( 4694): Method > 2075 com.jirbo.adcolony.p$1.run(com.jirbo.adcolony.p$1@894364997)
I/org.umd.logging( 4694): Method < 2075 com.jirbo.adcolony.p$1.run()
W/ResourceType( 4694): No known package when getting name for resource number 0xffffffff
I/org.umd.logging( 4694): Method > 1 com.rovio.fusion.MySurfaceView.onTouchEvent(com.rovio.fusion.MySurfaceView@811294676<file=2016-12-13_05:03:18.475><x=0><y=0><width=1280><height=768><id=-1>, android.view.MotionEvent@4331429)
E/Cataloger( 6490): syncFile:/storage/emulated/0/2016-12-13_05:03:18.475.jpg
I/org.umd.logging( 4694): Method > 1 com.rovio.fusion.InputDelegator.onTouchEvent(com.rovio.fusion.InputDelegator@73260120, android.view.MotionEvent@4331429)
I/org.umd.logging( 4694): Method < 1 com.rovio.fusion.InputDelegator.onTouchEvent(true)
I/org.umd.logging( 4694): Method < 1 com.rovio.fusion.MySurfaceView.onTouchEvent(true)
E/Cataloger( 6490): syncFile:/storage/emulated/0/2016-12-13_05:03:18.649.jpg
I/org.umd.logging( 4694): Method > 2075 com.jirbo.adcolony.p$1.run(com.jirbo.adcolony.p$1@894364997)
I/org.umd.logging( 4694): Method < 2075 com.jirbo.adcolony.p$1.run()
W/ResourceType( 4694): No known package when getting name for resource number 0xffffffff
I/org.umd.logging( 4694): Method > 1 com.rovio.fusion.MySurfaceView.onTouchEvent(com.rovio.fusion.MySurfaceView@811294676<file=2016-12-13_05:03:18.649><x=0><y=0><width=1280><height=768><id=-1>, android.view.MotionEvent@4331429)
I/org.umd.logging( 4694): Method > 1 com.rovio.fusion.InputDelegator.onTouchEvent(com.rovio.fusion.InputDelegator@73260120, android.view.MotionEvent@4331429)
E/Cataloger( 6490): syncFile:/storage/emulated/0/2016-12-13_05:03:18.649.jpg
I/org.umd.logging( 4694): Method < 1 com.rovio.fusion.InputDelegator.onTouchEvent(true)
I/org.umd.logging( 4694): Method < 1 com.rovio.fusion.MySurfaceView.onTouchEvent(true)
I/InputDispatcher(  594): Window 'Window{ffb8ea8 u0 com.rovio.angrybirds/com.rovio.fusion.App}' spent 2138.4ms processing the last input event: MotionEvent(deviceId=0, source=0x00001002, action=2, flags=0x00000000, metaState=0x00000000, buttonState=0x00000000, edgeFlags=0x00000000, xPrecision=1.0, yPrecision=1.0, displayId=0, pointers=[0: (148.3, 487.1)]), policyFlags=0x6b000000
I/InputDispatcher(  594): Window 'Window{ffb8ea8 u0 com.rovio.angrybirds/com.rovio.fusion.App}' spent 2138.0ms processing the last input event: MotionEvent(deviceId=0, source=0x00001002, action=2, flags=0x00000000, metaState=0x00000000, buttonState=0x00000000, edgeFlags=0x00000000, xPrecision=1.0, yPrecision=1.0, displayId=0, pointers=[0: (139.0, 504.0)]), policyFlags=0x6b000000
I/InputDispatcher(  594): Window 'Window{ffb8ea8 u0 com.rovio.angrybirds/com.rovio.fusion.App}' spent 2137.4ms processing the last input event: MotionEvent(deviceId=0, source=0x00001002, action=2, flags=0x00000000, metaState=0x00000000, buttonState=0x00000000, edgeFlags=0x00000000, xPrecision=1.0, yPrecision=1.0, displayId=0, pointers=[0: (136.2, 518.5)]), policyFlags=0x6b000000
I/InputDispatcher(  594): Window 'Window{ffb8ea8 u0 com.rovio.angrybirds/com.rovio.fusion.App}' spent 2136.9ms processing the last input event: MotionEvent(deviceId=0, source=0x00001002, action=2, flags=0x00000000, metaState=0x00000000, buttonState=0x00000000, edgeFlags=0x00000000, xPrecision=1.0, yPrecision=1.0, displayId=0, pointers=[0: (133.9, 531.2)]), policyFlags=0x6b000000
E/Cataloger( 6490): syncFile:/storage/emulated/0/2016-12-13_05:03:18.853.jpg
W/ResourceType( 4694): No known package when getting name for resource number 0xffffffff
I/org.umd.logging( 4694): Method > 1 com.rovio.fusion.MySurfaceView.onTouchEvent(com.rovio.fusion.MySurfaceView@811294676<file=2016-12-13_05:03:18.853><x=0><y=0><width=1280><height=768><id=-1>, android.view.MotionEvent@4331429)
E/Cataloger( 6490): syncFile:/storage/emulated/0/2016-12-13_05:03:18.853.jpg
I/org.umd.logging( 4694): Method > 1 com.rovio.fusion.InputDelegator.onTouchEvent(com.rovio.fusion.InputDelegator@73260120, android.view.MotionEvent@4331429)
I/org.umd.logging( 4694): Method < 1 com.rovio.fusion.InputDelegator.onTouchEvent(true)
I/org.umd.logging( 4694): Method < 1 com.rovio.fusion.MySurfaceView.onTouchEvent(true)
I/InputDispatcher(  594): Window 'Window{ffb8ea8 u0 com.rovio.angrybirds/com.rovio.fusion.App}' spent 2315.0ms processing the last input event: MotionEvent(deviceId=0, source=0x00001002, action=1, flags=0x00000000, metaState=0x00000000, buttonState=0x00000000, edgeFlags=0x00000000, xPrecision=1.0, yPrecision=1.0, displayId=0, pointers=[0: (124.6, 537.4)]), policyFlags=0x6b000000
I/org.umd.logging( 4694): Method > 2075 com.jirbo.adcolony.p$1.run(com.jirbo.adcolony.p$1@894364997)
I/org.umd.logging( 4694): Method < 2075 com.jirbo.adcolony.p$1.run()
E/Cataloger( 6490): syncFile:/storage/emulated/0/2016-12-13_05:03:19.032.jpg
W/ResourceType( 4694): No known package when getting name for resource number 0xffffffff
I/org.umd.logging( 4694): Method > 1 com.rovio.fusion.MySurfaceView.onTouchEvent(com.rovio.fusion.MySurfaceView@811294676<file=2016-12-13_05:03:19.032><x=0><y=0><width=1280><height=768><id=-1>, android.view.MotionEvent@4331429)
E/Cataloger( 6490): syncFile:/storage/emulated/0/2016-12-13_05:03:19.032.jpg
I/org.umd.logging( 4694): Method > 1 com.rovio.fusion.InputDelegator.onTouchEvent(com.rovio.fusion.InputDelegator@73260120, android.view.MotionEvent@4331429)
I/org.umd.logging( 4694): Method < 1 com.rovio.fusion.InputDelegator.onTouchEvent(true)
I/org.umd.logging( 4694): Method < 1 com.rovio.fusion.MySurfaceView.onTouchEvent(true)
I/InputDispatcher(  594): Window 'Window{ffb8ea8 u0 com.rovio.angrybirds/com.rovio.fusion.App}' spent 2479.4ms processing the last input event: MotionEvent(deviceId=0, source=0x00001002, action=0, flags=0x00000000, metaState=0x00000000, buttonState=0x00000000, edgeFlags=0x00000000, xPrecision=1.0, yPrecision=1.0, displayId=0, pointers=[0: (944.0, 56.0)]), policyFlags=0x6b000000
E/Cataloger( 6490): syncFile:/storage/emulated/0/2016-12-13_05:03:19.211.jpg
I/org.umd.logging( 4694): Method > 2075 com.jirbo.adcolony.p$1.run(com.jirbo.adcolony.p$1@894364997)
I/org.umd.logging( 4694): Method < 2075 com.jirbo.adcolony.p$1.run()
W/ResourceType( 4694): No known package when getting name for resource number 0xffffffff
I/org.umd.logging( 4694): Method > 1 com.rovio.fusion.MySurfaceView.onTouchEvent(com.rovio.fusion.MySurfaceView@811294676<file=2016-12-13_05:03:19.211><x=0><y=0><width=1280><height=768><id=-1>, android.view.MotionEvent@4331429)
E/Cataloger( 6490): syncFile:/storage/emulated/0/2016-12-13_05:03:19.211.jpg
I/org.umd.logging( 4694): Method > 1 com.rovio.fusion.InputDelegator.onTouchEvent(com.rovio.fusion.InputDelegator@73260120, android.view.MotionEvent@4331429)
I/org.umd.logging( 4694): Method < 1 com.rovio.fusion.InputDelegator.onTouchEvent(true)
I/org.umd.logging( 4694): Method < 1 com.rovio.fusion.MySurfaceView.onTouchEvent(true)
I/InputDispatcher(  594): Window 'Window{ffb8ea8 u0 com.rovio.angrybirds/com.rovio.fusion.App}' spent 2645.8ms processing the last input event: MotionEvent(deviceId=0, source=0x00001002, action=1, flags=0x00000000, metaState=0x00000000, buttonState=0x00000000, edgeFlags=0x00000000, xPrecision=1.0, yPrecision=1.0, displayId=0, pointers=[0: (933.6, 55.9)]), policyFlags=0x6b000000
E/Cataloger( 6490): syncFile:/storage/emulated/0/2016-12-13_05:03:19.379.jpg
W/ResourceType( 4694): No known package when getting name for resource number 0xffffffff
I/org.umd.logging( 4694): Method > 1 com.rovio.fusion.MySurfaceView.onTouchEvent(com.rovio.fusion.MySurfaceView@811294676<file=2016-12-13_05:03:19.379><x=0><y=0><width=1280><height=768><id=-1>, android.view.MotionEvent@4331429)
I/org.umd.logging( 4694): Method > 1 com.rovio.fusion.InputDelegator.onTouchEvent(com.rovio.fusion.InputDelegator@73260120, android.view.MotionEvent@4331429)
E/Cataloger( 6490): syncFile:/storage/emulated/0/2016-12-13_05:03:19.379.jpg
I/org.umd.logging( 4694): Method < 1 com.rovio.fusion.InputDelegator.onTouchEvent(true)
I/org.umd.logging( 4694): Method < 1 com.rovio.fusion.MySurfaceView.onTouchEvent(true)
I/InputDispatcher(  594): Window 'Window{ffb8ea8 u0 com.rovio.angrybirds/com.rovio.fusion.App}' spent 2798.9ms processing the last input event: MotionEvent(deviceId=0, source=0x00001002, action=0, flags=0x00000000, metaState=0x00000000, buttonState=0x00000000, edgeFlags=0x00000000, xPrecision=1.0, yPrecision=1.0, displayId=0, pointers=[0: (344.0, 667.0)]), policyFlags=0x6b000000
I/org.umd.logging( 4694): Method > 2075 com.jirbo.adcolony.p$1.run(com.jirbo.adcolony.p$1@894364997)
I/org.umd.logging( 4694): Method < 2075 com.jirbo.adcolony.p$1.run()
E/Cataloger( 6490): syncFile:/storage/emulated/0/2016-12-13_05:03:19.536.jpg
W/ResourceType( 4694): No known package when getting name for resource number 0xffffffff
I/org.umd.logging( 4694): Method > 1 com.rovio.fusion.MySurfaceView.onTouchEvent(com.rovio.fusion.MySurfaceView@811294676<file=2016-12-13_05:03:19.536><x=0><y=0><width=1280><height=768><id=-1>, android.view.MotionEvent@4331429)
E/Cataloger( 6490): syncFile:/storage/emulated/0/2016-12-13_05:03:19.536.jpg
I/org.umd.logging( 4694): Method > 1 com.rovio.fusion.InputDelegator.onTouchEvent(com.rovio.fusion.InputDelegator@73260120, android.view.MotionEvent@4331429)
I/org.umd.logging( 4694): Method < 1 com.rovio.fusion.InputDelegator.onTouchEvent(true)
I/org.umd.logging( 4694): Method < 1 com.rovio.fusion.MySurfaceView.onTouchEvent(true)
I/InputDispatcher(  594): Window 'Window{ffb8ea8 u0 com.rovio.angrybirds/com.rovio.fusion.App}' spent 2968.9ms processing the last input event: MotionEvent(deviceId=0, source=0x00001002, action=2, flags=0x00000000, metaState=0x00000000, buttonState=0x00000000, edgeFlags=0x00000000, xPrecision=1.0, yPrecision=1.0, displayId=0, pointers=[0: (344.6, 659.2)]), policyFlags=0x6b000000
I/InputDispatcher(  594): Window 'Window{ffb8ea8 u0 com.rovio.angrybirds/com.rovio.fusion.App}' spent 2967.4ms processing the last input event: MotionEvent(deviceId=0, source=0x00001002, action=2, flags=0x00000000, metaState=0x00000000, buttonState=0x00000000, edgeFlags=0x00000000, xPrecision=1.0, yPrecision=1.0, displayId=0, pointers=[0: (351.9, 657.3)]), policyFlags=0x6b000000
I/InputDispatcher(  594): Window 'Window{ffb8ea8 u0 com.rovio.angrybirds/com.rovio.fusion.App}' spent 2965.4ms processing the last input event: MotionEvent(deviceId=0, source=0x00001002, action=2, flags=0x00000000, metaState=0x00000000, buttonState=0x00000000, edgeFlags=0x00000000, xPrecision=1.0, yPrecision=1.0, displayId=0, pointers=[0: (353.2, 655.6)]), policyFlags=0x6b000000
I/org.umd.logging( 4694): Method > 2075 com.jirbo.adcolony.p$1.run(com.jirbo.adcolony.p$1@894364997)
I/org.umd.logging( 4694): Method < 2075 com.jirbo.adcolony.p$1.run()
E/Cataloger( 6490): syncFile:/storage/emulated/0/2016-12-13_05:03:19.707.jpg
W/ResourceType( 4694): No known package when getting name for resource number 0xffffffff
I/org.umd.logging( 4694): Method > 1 com.rovio.fusion.MySurfaceView.onTouchEvent(com.rovio.fusion.MySurfaceView@811294676<file=2016-12-13_05:03:19.707><x=0><y=0><width=1280><height=768><id=-1>, android.view.MotionEvent@4331429)
I/org.umd.logging( 4694): Method > 1 com.rovio.fusion.InputDelegator.onTouchEvent(com.rovio.fusion.InputDelegator@73260120, android.view.MotionEvent@4331429)
E/Cataloger( 6490): syncFile:/storage/emulated/0/2016-12-13_05:03:19.707.jpg
I/org.umd.logging( 4694): Method < 1 com.rovio.fusion.InputDelegator.onTouchEvent(true)
I/org.umd.logging( 4694): Method < 1 com.rovio.fusion.MySurfaceView.onTouchEvent(true)
I/InputDispatcher(  594): Window 'Window{ffb8ea8 u0 com.rovio.angrybirds/com.rovio.fusion.App}' spent 3149.2ms processing the last input event: MotionEvent(deviceId=0, source=0x00001002, action=1, flags=0x00000000, metaState=0x00000000, buttonState=0x00000000, edgeFlags=0x00000000, xPrecision=1.0, yPrecision=1.0, displayId=0, pointers=[0: (360.8, 652.5)]), policyFlags=0x6b000000
E/Cataloger( 6490): syncFile:/storage/emulated/0/2016-12-13_05:03:19.901.jpg
I/org.umd.logging( 4694): Method > 2075 com.jirbo.adcolony.p$1.run(com.jirbo.adcolony.p$1@894364997)
I/org.umd.logging( 4694): Method < 2075 com.jirbo.adcolony.p$1.run()
W/ResourceType( 4694): No known package when getting name for resource number 0xffffffff
I/org.umd.logging( 4694): Method > 1 com.rovio.fusion.MySurfaceView.onTouchEvent(com.rovio.fusion.MySurfaceView@811294676<file=2016-12-13_05:03:19.901><x=0><y=0><width=1280><height=768><id=-1>, android.view.MotionEvent@4331429)
I/org.umd.logging( 4694): Method > 1 com.rovio.fusion.InputDelegator.onTouchEvent(com.rovio.fusion.InputDelegator@73260120, android.view.MotionEvent@4331429)
E/Cataloger( 6490): syncFile:/storage/emulated/0/2016-12-13_05:03:19.901.jpg
I/org.umd.logging( 4694): Method < 1 com.rovio.fusion.InputDelegator.onTouchEvent(true)
I/org.umd.logging( 4694): Method < 1 com.rovio.fusion.MySurfaceView.onTouchEvent(true)
I/InputDispatcher(  594): Window 'Window{ffb8ea8 u0 com.rovio.angrybirds/com.rovio.fusion.App}' spent 3350.3ms processing the last input event: MotionEvent(deviceId=0, source=0x00001002, action=0, flags=0x00000000, metaState=0x00000000, buttonState=0x00000000, edgeFlags=0x00000000, xPrecision=1.0, yPrecision=1.0, displayId=0, pointers=[0: (472.0, 664.0)]), policyFlags=0x6b000000
E/Cataloger( 6490): syncFile:/storage/emulated/0/2016-12-13_05:03:20.107.jpg
W/ResourceType( 4694): No known package when getting name for resource number 0xffffffff
I/org.umd.logging( 4694): Method > 1 com.rovio.fusion.MySurfaceView.onTouchEvent(com.rovio.fusion.MySurfaceView@811294676<file=2016-12-13_05:03:20.107><x=0><y=0><width=1280><height=768><id=-1>, android.view.MotionEvent@4331429)
I/org.umd.logging( 4694): Method > 1 com.rovio.fusion.InputDelegator.onTouchEvent(com.rovio.fusion.InputDelegator@73260120, android.view.MotionEvent@4331429)
I/org.umd.logging( 4694): Method < 1 com.rovio.fusion.InputDelegator.onTouchEvent(true)
I/org.umd.logging( 4694): Method < 1 com.rovio.fusion.MySurfaceView.onTouchEvent(true)
I/InputDispatcher(  594): Window 'Window{ffb8ea8 u0 com.rovio.angrybirds/com.rovio.fusion.App}' spent 3526.0ms processing the last input event: MotionEvent(deviceId=0, source=0x00001002, action=1, flags=0x00000000, metaState=0x00000000, buttonState=0x00000000, edgeFlags=0x00000000, xPrecision=1.0, yPrecision=1.0, displayId=0, pointers=[0: (472.1, 652.0)]), policyFlags=0x6b000000
I/org.umd.logging( 4694): Method > 2075 com.jirbo.adcolony.p$1.run(com.jirbo.adcolony.p$1@894364997)
I/org.umd.logging( 4694): Method < 2075 com.jirbo.adcolony.p$1.run()
E/Cataloger( 6490): syncFile:/storage/emulated/0/2016-12-13_05:03:20.107.jpg
E/Cataloger( 6490): syncFile:/storage/emulated/0/2016-12-13_05:03:20.284.jpg
W/ResourceType( 4694): No known package when getting name for resource number 0xffffffff
I/org.umd.logging( 4694): Method > 1 com.rovio.fusion.MySurfaceView.onTouchEvent(com.rovio.fusion.MySurfaceView@811294676<file=2016-12-13_05:03:20.284><x=0><y=0><width=1280><height=768><id=-1>, android.view.MotionEvent@4331429)
I/org.umd.logging( 4694): Method > 1 com.rovio.fusion.InputDelegator.onTouchEvent(com.rovio.fusion.InputDelegator@73260120, android.view.MotionEvent@4331429)
E/Cataloger( 6490): syncFile:/storage/emulated/0/2016-12-13_05:03:20.284.jpg
I/org.umd.logging( 4694): Method < 1 com.rovio.fusion.InputDelegator.onTouchEvent(true)
I/org.umd.logging( 4694): Method < 1 com.rovio.fusion.MySurfaceView.onTouchEvent(true)
I/InputDispatcher(  594): Window 'Window{ffb8ea8 u0 com.rovio.angrybirds/com.rovio.fusion.App}' spent 3686.7ms processing the last input event: MotionEvent(deviceId=0, source=0x00001002, action=0, flags=0x00000000, metaState=0x00000000, buttonState=0x00000000, edgeFlags=0x00000000, xPrecision=1.0, yPrecision=1.0, displayId=0, pointers=[0: (1062.0, 695.0)]), policyFlags=0x6b000000
E/Cataloger( 6490): syncFile:/storage/emulated/0/2016-12-13_05:03:20.448.jpg
I/org.umd.logging( 4694): Method > 2075 com.jirbo.adcolony.p$1.run(com.jirbo.adcolony.p$1@894364997)
I/org.umd.logging( 4694): Method < 2075 com.jirbo.adcolony.p$1.run()
W/ResourceType( 4694): No known package when getting name for resource number 0xffffffff
I/org.umd.logging( 4694): Method > 1 com.rovio.fusion.MySurfaceView.onTouchEvent(com.rovio.fusion.MySurfaceView@811294676<file=2016-12-13_05:03:20.448><x=0><y=0><width=1280><height=768><id=-1>, android.view.MotionEvent@4331429)
I/org.umd.logging( 4694): Method > 1 com.rovio.fusion.InputDelegator.onTouchEvent(com.rovio.fusion.InputDelegator@73260120, android.view.MotionEvent@4331429)
E/Cataloger( 6490): syncFile:/storage/emulated/0/2016-12-13_05:03:20.448.jpg
I/org.umd.logging( 4694): Method < 1 com.rovio.fusion.InputDelegator.onTouchEvent(true)
I/org.umd.logging( 4694): Method < 1 com.rovio.fusion.MySurfaceView.onTouchEvent(true)
I/InputDispatcher(  594): Window 'Window{ffb8ea8 u0 com.rovio.angrybirds/com.rovio.fusion.App}' spent 3846.7ms processing the last input event: MotionEvent(deviceId=0, source=0x00001002, action=1, flags=0x00000000, metaState=0x00000000, buttonState=0x00000000, edgeFlags=0x00000000, xPrecision=1.0, yPrecision=1.0, displayId=0, pointers=[0: (1061.9, 693.5)]), policyFlags=0x6b000000
E/Cataloger( 6490): syncFile:/storage/emulated/0/2016-12-13_05:03:20.615.jpg
W/ResourceType( 4694): No known package when getting name for resource number 0xffffffff
I/org.umd.logging( 4694): Method > 1 com.rovio.fusion.MySurfaceView.onTouchEvent(com.rovio.fusion.MySurfaceView@811294676<file=2016-12-13_05:03:20.615><x=0><y=0><width=1280><height=768><id=-1>, android.view.MotionEvent@4331429)
E/Cataloger( 6490): syncFile:/storage/emulated/0/2016-12-13_05:03:20.615.jpg
I/org.umd.logging( 4694): Method > 1 com.rovio.fusion.InputDelegator.onTouchEvent(com.rovio.fusion.InputDelegator@73260120, android.view.MotionEvent@4331429)
I/org.umd.logging( 4694): Method < 1 com.rovio.fusion.InputDelegator.onTouchEvent(true)
I/org.umd.logging( 4694): Method < 1 com.rovio.fusion.MySurfaceView.onTouchEvent(true)
I/InputDispatcher(  594): Window 'Window{ffb8ea8 u0 com.rovio.angrybirds/com.rovio.fusion.App}' spent 4004.1ms processing the last input event: MotionEvent(deviceId=0, source=0x00001002, action=0, flags=0x00000000, metaState=0x00000000, buttonState=0x00000000, edgeFlags=0x00000000, xPrecision=1.0, yPrecision=1.0, displayId=0, pointers=[0: (344.0, 269.0)]), policyFlags=0x6b000000
I/org.umd.logging( 4694): Method > 2075 com.jirbo.adcolony.p$1.run(com.jirbo.adcolony.p$1@894364997)
I/org.umd.logging( 4694): Method < 2075 com.jirbo.adcolony.p$1.run()
E/Cataloger( 6490): syncFile:/storage/emulated/0/2016-12-13_05:03:20.776.jpg
W/ResourceType( 4694): No known package when getting name for resource number 0xffffffff
I/org.umd.logging( 4694): Method > 1 com.rovio.fusion.MySurfaceView.onTouchEvent(com.rovio.fusion.MySurfaceView@811294676<file=2016-12-13_05:03:20.776><x=0><y=0><width=1280><height=768><id=-1>, android.view.MotionEvent@4331429)
I/org.umd.logging( 4694): Method > 1 com.rovio.fusion.InputDelegator.onTouchEvent(com.rovio.fusion.InputDelegator@73260120, android.view.MotionEvent@4331429)
