I/org.umd.logging( 4694): Method > 1 com.rovio.fusion.MySurfaceView.onTouchEvent(com.rovio.fusion.MySurfaceView@811294676<file=2016-12-13_05:03:02.047><x=0><y=0><width=1280><height=768><id=-1>, android.view.MotionEvent@4331429)
I/org.umd.logging( 4694): Method > 1 com.rovio.fusion.InputDelegator.onTouchEvent(com.rovio.fusion.InputDelegator@73260120, android.view.MotionEvent@4331429)
I/org.umd.logging( 4694): Method < 1 com.rovio.fusion.InputDelegator.onTouchEvent(true)
I/org.umd.logging( 4694): Method < 1 com.rovio.fusion.MySurfaceView.onTouchEvent(true)
E/Cataloger( 6490): syncFile:/storage/emulated/0/2016-12-13_05:03:02.047.jpg
I/org.umd.logging( 4694): Method > 2075 com.jirbo.adcolony.p$1.run(com.jirbo.adcolony.p$1@894364997)
I/org.umd.logging( 4694): Method < 2075 com.jirbo.adcolony.p$1.run()
E/Cataloger( 6490): syncFile:/storage/emulated/0/2016-12-13_05:03:02.258.jpg
W/ResourceType( 4694): No known package when getting name for resource number 0xffffffff
I/org.umd.logging( 4694): Method > 1 com.rovio.fusion.MySurfaceView.onTouchEvent(com.rovio.fusion.MySurfaceView@811294676<file=2016-12-13_05:03:02.258><x=0><y=0><width=1280><height=768><id=-1>, android.view.MotionEvent@4331429)
I/org.umd.logging( 4694): Method > 1 com.rovio.fusion.InputDelegator.onTouchEvent(com.rovio.fusion.InputDelegator@73260120, android.view.MotionEvent@4331429)
E/Cataloger( 6490): syncFile:/storage/emulated/0/2016-12-13_05:03:02.258.jpg
I/org.umd.logging( 4694): Method < 1 com.rovio.fusion.InputDelegator.onTouchEvent(true)
I/org.umd.logging( 4694): Method < 1 com.rovio.fusion.MySurfaceView.onTouchEvent(true)
E/Cataloger( 6490): syncFile:/storage/emulated/0/2016-12-13_05:03:02.430.jpg
I/org.umd.logging( 4694): Method > 2075 com.jirbo.adcolony.p$1.run(com.jirbo.adcolony.p$1@894364997)
I/org.umd.logging( 4694): Method < 2075 com.jirbo.adcolony.p$1.run()
W/ResourceType( 4694): No known package when getting name for resource number 0xffffffff
I/org.umd.logging( 4694): Method > 1 com.rovio.fusion.MySurfaceView.onTouchEvent(com.rovio.fusion.MySurfaceView@811294676<file=2016-12-13_05:03:02.430><x=0><y=0><width=1280><height=768><id=-1>, android.view.MotionEvent@4331429)
E/Cataloger( 6490): syncFile:/storage/emulated/0/2016-12-13_05:03:02.430.jpg
I/org.umd.logging( 4694): Method > 1 com.rovio.fusion.InputDelegator.onTouchEvent(com.rovio.fusion.InputDelegator@73260120, android.view.MotionEvent@4331429)
I/org.umd.logging( 4694): Method < 1 com.rovio.fusion.InputDelegator.onTouchEvent(true)
I/org.umd.logging( 4694): Method < 1 com.rovio.fusion.MySurfaceView.onTouchEvent(true)
E/Cataloger( 6490): syncFile:/storage/emulated/0/2016-12-13_05:03:02.595.jpg
I/org.umd.logging( 4694): Method > 2075 com.jirbo.adcolony.p$1.run(com.jirbo.adcolony.p$1@894364997)
I/org.umd.logging( 4694): Method < 2075 com.jirbo.adcolony.p$1.run()
W/ResourceType( 4694): No known package when getting name for resource number 0xffffffff
I/org.umd.logging( 4694): Method > 1 com.rovio.fusion.MySurfaceView.onTouchEvent(com.rovio.fusion.MySurfaceView@811294676<file=2016-12-13_05:03:02.595><x=0><y=0><width=1280><height=768><id=-1>, android.view.MotionEvent@4331429)
E/Cataloger( 6490): syncFile:/storage/emulated/0/2016-12-13_05:03:02.595.jpg
I/org.umd.logging( 4694): Method > 1 com.rovio.fusion.InputDelegator.onTouchEvent(com.rovio.fusion.InputDelegator@73260120, android.view.MotionEvent@4331429)
I/org.umd.logging( 4694): Method < 1 com.rovio.fusion.InputDelegator.onTouchEvent(true)
I/org.umd.logging( 4694): Method < 1 com.rovio.fusion.MySurfaceView.onTouchEvent(true)
E/Cataloger( 6490): syncFile:/storage/emulated/0/2016-12-13_05:03:02.775.jpg
W/ResourceType( 4694): No known package when getting name for resource number 0xffffffff
I/org.umd.logging( 4694): Method > 1 com.rovio.fusion.MySurfaceView.onTouchEvent(com.rovio.fusion.MySurfaceView@811294676<file=2016-12-13_05:03:02.775><x=0><y=0><width=1280><height=768><id=-1>, android.view.MotionEvent@4331429)
I/org.umd.logging( 4694): Method > 1 com.rovio.fusion.InputDelegator.onTouchEvent(com.rovio.fusion.InputDelegator@73260120, android.view.MotionEvent@4331429)
E/Cataloger( 6490): syncFile:/storage/emulated/0/2016-12-13_05:03:02.775.jpg
I/org.umd.logging( 4694): Method < 1 com.rovio.fusion.InputDelegator.onTouchEvent(true)
I/org.umd.logging( 4694): Method < 1 com.rovio.fusion.MySurfaceView.onTouchEvent(true)
I/org.umd.logging( 4694): Api > 2074 android.net.ConnectivityManager.getActiveNetworkInfo(android.net.ConnectivityManager@453239735)
I/org.umd.logging( 4694): Method > 2075 com.jirbo.adcolony.p$1.run(com.jirbo.adcolony.p$1@894364997)
I/org.umd.logging( 4694): Method < 2075 com.jirbo.adcolony.p$1.run()
I/org.umd.logging( 4694): Api < 2074 android.net.ConnectivityManager.getActiveNetworkInfo(android.net.NetworkInfo@828000674)
E/Cataloger( 6490): syncFile:/storage/emulated/0/2016-12-13_05:03:02.989.jpg
W/ResourceType( 4694): No known package when getting name for resource number 0xffffffff
I/org.umd.logging( 4694): Method > 1 com.rovio.fusion.MySurfaceView.onTouchEvent(com.rovio.fusion.MySurfaceView@811294676<file=2016-12-13_05:03:02.989><x=0><y=0><width=1280><height=768><id=-1>, android.view.MotionEvent@4331429)
E/Cataloger( 6490): syncFile:/storage/emulated/0/2016-12-13_05:03:02.989.jpg
I/org.umd.logging( 4694): Method > 1 com.rovio.fusion.InputDelegator.onTouchEvent(com.rovio.fusion.InputDelegator@73260120, android.view.MotionEvent@4331429)
I/org.umd.logging( 4694): Method < 1 com.rovio.fusion.InputDelegator.onTouchEvent(true)
I/org.umd.logging( 4694): Method < 1 com.rovio.fusion.MySurfaceView.onTouchEvent(true)
E/Cataloger( 6490): syncFile:/storage/emulated/0/2016-12-13_05:03:03.147.jpg
I/org.umd.logging( 4694): Method > 2075 com.jirbo.adcolony.p$1.run(com.jirbo.adcolony.p$1@894364997)
I/org.umd.logging( 4694): Method < 2075 com.jirbo.adcolony.p$1.run()
W/ResourceType( 4694): No known package when getting name for resource number 0xffffffff
I/org.umd.logging( 4694): Method > 1 com.rovio.fusion.MySurfaceView.onTouchEvent(com.rovio.fusion.MySurfaceView@811294676<file=2016-12-13_05:03:03.147><x=0><y=0><width=1280><height=768><id=-1>, android.view.MotionEvent@4331429)
I/org.umd.logging( 4694): Method > 1 com.rovio.fusion.InputDelegator.onTouchEvent(com.rovio.fusion.InputDelegator@73260120, android.view.MotionEvent@4331429)
E/Cataloger( 6490): syncFile:/storage/emulated/0/2016-12-13_05:03:03.147.jpg
I/org.umd.logging( 4694): Method < 1 com.rovio.fusion.InputDelegator.onTouchEvent(true)
I/org.umd.logging( 4694): Method < 1 com.rovio.fusion.MySurfaceView.onTouchEvent(true)
I/Choreographer( 4694): Skipped 99 frames!  The application may be doing too much work on its main thread.
I/org.umd.logging( 4694): Method > 1 com.rovio.fusion.App.onKeyDown(com.rovio.fusion.App@410649080<activity=true>, 21, android.view.KeyEvent@455927347)
I/org.umd.logging( 4694): Method > 1 com.rovio.fusion.InputDelegator.onKeyDown(com.rovio.fusion.InputDelegator@73260120, 21, android.view.KeyEvent@455927347)
I/org.umd.logging( 4694): Method < 1 com.rovio.fusion.InputDelegator.onKeyDown(true)
I/org.umd.logging( 4694): Method < 1 com.rovio.fusion.App.onKeyDown(true)
I/org.umd.logging( 4694): Method > 1 com.rovio.fusion.App.onKeyUp(com.rovio.fusion.App@410649080<activity=true>, 21, android.view.KeyEvent@1051966960)
I/org.umd.logging( 4694): Method > 1 com.rovio.fusion.InputDelegator.onKeyUp(com.rovio.fusion.InputDelegator@73260120, 21, android.view.KeyEvent@1051966960)
I/org.umd.logging( 4694): Method < 1 com.rovio.fusion.InputDelegator.onKeyUp(true)
I/org.umd.logging( 4694): Method < 1 com.rovio.fusion.App.onKeyUp(true)
I/org.umd.logging( 4694): Method > 1 com.rovio.fusion.App.onKeyDown(com.rovio.fusion.App@410649080<activity=true>, 21, android.view.KeyEvent@235351913)
I/org.umd.logging( 4694): Method > 1 com.rovio.fusion.InputDelegator.onKeyDown(com.rovio.fusion.InputDelegator@73260120, 21, android.view.KeyEvent@235351913)
I/org.umd.logging( 4694): Method < 1 com.rovio.fusion.InputDelegator.onKeyDown(true)
I/org.umd.logging( 4694): Method < 1 com.rovio.fusion.App.onKeyDown(true)
I/org.umd.logging( 4694): Method > 1 com.rovio.fusion.App.onKeyUp(com.rovio.fusion.App@410649080<activity=true>, 21, android.view.KeyEvent@1035427310)
I/org.umd.logging( 4694): Method > 1 com.rovio.fusion.InputDelegator.onKeyUp(com.rovio.fusion.InputDelegator@73260120, 21, android.view.KeyEvent@1035427310)
I/org.umd.logging( 4694): Method < 1 com.rovio.fusion.InputDelegator.onKeyUp(true)
I/org.umd.logging( 4694): Method < 1 com.rovio.fusion.App.onKeyUp(true)
I/org.umd.logging( 4694): Method > 1 com.rovio.fusion.App.onKeyDown(com.rovio.fusion.App@410649080<activity=true>, 21, android.view.KeyEvent@969257615)
I/org.umd.logging( 4694): Method > 1 com.rovio.fusion.InputDelegator.onKeyDown(com.rovio.fusion.InputDelegator@73260120, 21, android.view.KeyEvent@969257615)
I/org.umd.logging( 4694): Method < 1 com.rovio.fusion.InputDelegator.onKeyDown(true)
I/org.umd.logging( 4694): Method < 1 com.rovio.fusion.App.onKeyDown(true)
I/org.umd.logging( 4694): Method > 1 com.rovio.fusion.App.onKeyUp(com.rovio.fusion.App@410649080<activity=true>, 21, android.view.KeyEvent@1060030748)
I/org.umd.logging( 4694): Method > 1 com.rovio.fusion.InputDelegator.onKeyUp(com.rovio.fusion.InputDelegator@73260120, 21, android.view.KeyEvent@1060030748)
I/org.umd.logging( 4694): Method < 1 com.rovio.fusion.InputDelegator.onKeyUp(true)
I/org.umd.logging( 4694): Method < 1 com.rovio.fusion.App.onKeyUp(true)
I/org.umd.logging( 4694): Method > 1 com.rovio.fusion.App.onKeyDown(com.rovio.fusion.App@410649080<activity=true>, 21, android.view.KeyEvent@265967909)
I/org.umd.logging( 4694): Method > 1 com.rovio.fusion.InputDelegator.onKeyDown(com.rovio.fusion.InputDelegator@73260120, 21, android.view.KeyEvent@265967909)
I/org.umd.logging( 4694): Method < 1 com.rovio.fusion.InputDelegator.onKeyDown(true)
I/org.umd.logging( 4694): Method < 1 com.rovio.fusion.App.onKeyDown(true)
I/org.umd.logging( 4694): Method > 1 com.rovio.fusion.App.onKeyUp(com.rovio.fusion.App@410649080<activity=true>, 21, android.view.KeyEvent@515861242)
I/org.umd.logging( 4694): Method > 1 com.rovio.fusion.InputDelegator.onKeyUp(com.rovio.fusion.InputDelegator@73260120, 21, android.view.KeyEvent@515861242)
I/org.umd.logging( 4694): Method < 1 com.rovio.fusion.InputDelegator.onKeyUp(true)
I/org.umd.logging( 4694): Method < 1 com.rovio.fusion.App.onKeyUp(true)
I/org.umd.logging( 4694): Method > 1 com.rovio.fusion.App.onKeyDown(com.rovio.fusion.App@410649080<activity=true>, 22, android.view.KeyEvent@561309867)
I/org.umd.logging( 4694): Method > 1 com.rovio.fusion.InputDelegator.onKeyDown(com.rovio.fusion.InputDelegator@73260120, 22, android.view.KeyEvent@561309867)
I/org.umd.logging( 4694): Method < 1 com.rovio.fusion.InputDelegator.onKeyDown(true)
I/org.umd.logging( 4694): Method < 1 com.rovio.fusion.App.onKeyDown(true)
I/org.umd.logging( 4694): Method > 1 com.rovio.fusion.App.onKeyUp(com.rovio.fusion.App@410649080<activity=true>, 22, android.view.KeyEvent@1022188296)
I/org.umd.logging( 4694): Method > 1 com.rovio.fusion.InputDelegator.onKeyUp(com.rovio.fusion.InputDelegator@73260120, 22, android.view.KeyEvent@1022188296)
I/org.umd.logging( 4694): Method < 1 com.rovio.fusion.InputDelegator.onKeyUp(true)
I/org.umd.logging( 4694): Method < 1 com.rovio.fusion.App.onKeyUp(true)
E/Cataloger( 6490): syncFile:/storage/emulated/0/2016-12-13_05:03:03.354.jpg
I/org.umd.logging( 4694): Method > 2075 com.jirbo.adcolony.p$1.run(com.jirbo.adcolony.p$1@894364997)
I/org.umd.logging( 4694): Method < 2075 com.jirbo.adcolony.p$1.run()
W/ResourceType( 4694): No known package when getting name for resource number 0xffffffff
I/org.umd.logging( 4694): Method > 1 com.rovio.fusion.MySurfaceView.onTouchEvent(com.rovio.fusion.MySurfaceView@811294676<file=2016-12-13_05:03:03.354><x=0><y=0><width=1280><height=768><id=-1>, android.view.MotionEvent@4331429)
I/org.umd.logging( 4694): Method > 1 com.rovio.fusion.InputDelegator.onTouchEvent(com.rovio.fusion.InputDelegator@73260120, android.view.MotionEvent@4331429)
E/Cataloger( 6490): syncFile:/storage/emulated/0/2016-12-13_05:03:03.354.jpg
I/org.umd.logging( 4694): Method < 1 com.rovio.fusion.InputDelegator.onTouchEvent(true)
I/org.umd.logging( 4694): Method < 1 com.rovio.fusion.MySurfaceView.onTouchEvent(true)
I/org.umd.logging( 4986): Method > 1 com.cleanmaster.base.crash.util.debug.b.run(com.cleanmaster.base.crash.util.debug.b@453239735)
I/org.umd.logging( 4986): Method < 1 com.cleanmaster.base.crash.util.debug.b.run()
E/Cataloger( 6490): syncFile:/storage/emulated/0/2016-12-13_05:03:03.555.jpg
I/org.umd.logging( 4694): Method > 2075 com.jirbo.adcolony.p$1.run(com.jirbo.adcolony.p$1@894364997)
I/org.umd.logging( 4694): Method < 2075 com.jirbo.adcolony.p$1.run()
W/ResourceType( 4694): No known package when getting name for resource number 0xffffffff
I/org.umd.logging( 4694): Method > 1 com.rovio.fusion.MySurfaceView.onTouchEvent(com.rovio.fusion.MySurfaceView@811294676<file=2016-12-13_05:03:03.555><x=0><y=0><width=1280><height=768><id=-1>, android.view.MotionEvent@4331429)
I/org.umd.logging( 4694): Method > 1 com.rovio.fusion.InputDelegator.onTouchEvent(com.rovio.fusion.InputDelegator@73260120, android.view.MotionEvent@4331429)
I/org.umd.logging( 4694): Method < 1 com.rovio.fusion.InputDelegator.onTouchEvent(true)
E/Cataloger( 6490): syncFile:/storage/emulated/0/2016-12-13_05:03:03.555.jpg
I/org.umd.logging( 4694): Method < 1 com.rovio.fusion.MySurfaceView.onTouchEvent(true)
E/Cataloger( 6490): syncFile:/storage/emulated/0/2016-12-13_05:03:03.786.jpg
W/ResourceType( 4694): No known package when getting name for resource number 0xffffffff
I/org.umd.logging( 4694): Method > 1 com.rovio.fusion.MySurfaceView.onTouchEvent(com.rovio.fusion.MySurfaceView@811294676<file=2016-12-13_05:03:03.786><x=0><y=0><width=1280><height=768><id=-1>, android.view.MotionEvent@4331429)
I/org.umd.logging( 4694): Method > 1 com.rovio.fusion.InputDelegator.onTouchEvent(com.rovio.fusion.InputDelegator@73260120, android.view.MotionEvent@4331429)
I/org.umd.logging( 4694): Method < 1 com.rovio.fusion.InputDelegator.onTouchEvent(true)
E/Cataloger( 6490): syncFile:/storage/emulated/0/2016-12-13_05:03:03.786.jpg
I/org.umd.logging( 4694): Method < 1 com.rovio.fusion.MySurfaceView.onTouchEvent(true)
I/org.umd.logging( 4694): Method > 2075 com.jirbo.adcolony.p$1.run(com.jirbo.adcolony.p$1@894364997)
I/org.umd.logging( 4694): Method < 2075 com.jirbo.adcolony.p$1.run()
E/Cataloger( 6490): syncFile:/storage/emulated/0/2016-12-13_05:03:03.946.jpg
W/ResourceType( 4694): No known package when getting name for resource number 0xffffffff
I/org.umd.logging( 4694): Method > 1 com.rovio.fusion.MySurfaceView.onTouchEvent(com.rovio.fusion.MySurfaceView@811294676<file=2016-12-13_05:03:03.946><x=0><y=0><width=1280><height=768><id=-1>, android.view.MotionEvent@4331429)
I/org.umd.logging( 4694): Method > 1 com.rovio.fusion.InputDelegator.onTouchEvent(com.rovio.fusion.InputDelegator@73260120, android.view.MotionEvent@4331429)
E/Cataloger( 6490): syncFile:/storage/emulated/0/2016-12-13_05:03:03.946.jpg
I/org.umd.logging( 4694): Method < 1 com.rovio.fusion.InputDelegator.onTouchEvent(true)
I/org.umd.logging( 4694): Method < 1 com.rovio.fusion.MySurfaceView.onTouchEvent(true)
E/Cataloger( 6490): syncFile:/storage/emulated/0/2016-12-13_05:03:04.157.jpg
I/org.umd.logging( 4694): Method > 2075 com.jirbo.adcolony.p$1.run(com.jirbo.adcolony.p$1@894364997)
I/org.umd.logging( 4694): Method < 2075 com.jirbo.adcolony.p$1.run()
E/WifiStateMachine(  594): WifiStateMachine CMD_START_SCAN source -2 txSuccessRate=1.82 rxSuccessRate=2.05 targetRoamBSSID=any RSSI=-37
W/ResourceType( 4694): No known package when getting name for resource number 0xffffffff
I/org.umd.logging( 4694): Method > 1 com.rovio.fusion.MySurfaceView.onTouchEvent(com.rovio.fusion.MySurfaceView@811294676<file=2016-12-13_05:03:04.157><x=0><y=0><width=1280><height=768><id=-1>, android.view.MotionEvent@4331429)
I/org.umd.logging( 4694): Method > 1 com.rovio.fusion.InputDelegator.onTouchEvent(com.rovio.fusion.InputDelegator@73260120, android.view.MotionEvent@4331429)
I/org.umd.logging( 4694): Method < 1 com.rovio.fusion.InputDelegator.onTouchEvent(true)
I/org.umd.logging( 4694): Method < 1 com.rovio.fusion.MySurfaceView.onTouchEvent(true)
E/Cataloger( 6490): syncFile:/storage/emulated/0/2016-12-13_05:03:04.157.jpg
E/Cataloger( 6490): syncFile:/storage/emulated/0/2016-12-13_05:03:04.317.jpg
W/ResourceType( 4694): No known package when getting name for resource number 0xffffffff
I/org.umd.logging( 4694): Method > 1 com.rovio.fusion.MySurfaceView.onTouchEvent(com.rovio.fusion.MySurfaceView@811294676<file=2016-12-13_05:03:04.317><x=0><y=0><width=1280><height=768><id=-1>, android.view.MotionEvent@4331429)
E/Cataloger( 6490): syncFile:/storage/emulated/0/2016-12-13_05:03:04.317.jpg
I/org.umd.logging( 4694): Method > 1 com.rovio.fusion.InputDelegator.onTouchEvent(com.rovio.fusion.InputDelegator@73260120, android.view.MotionEvent@4331429)
I/org.umd.logging( 4694): Method < 1 com.rovio.fusion.InputDelegator.onTouchEvent(true)
I/org.umd.logging( 4694): Method < 1 com.rovio.fusion.MySurfaceView.onTouchEvent(true)
I/org.umd.logging( 4694): Method > 2075 com.jirbo.adcolony.p$1.run(com.jirbo.adcolony.p$1@894364997)
I/org.umd.logging( 4694): Method < 2075 com.jirbo.adcolony.p$1.run()
E/Cataloger( 6490): syncFile:/storage/emulated/0/2016-12-13_05:03:04.480.jpg
W/ResourceType( 4694): No known package when getting name for resource number 0xffffffff
I/org.umd.logging( 4694): Method > 1 com.rovio.fusion.MySurfaceView.onTouchEvent(com.rovio.fusion.MySurfaceView@811294676<file=2016-12-13_05:03:04.480><x=0><y=0><width=1280><height=768><id=-1>, android.view.MotionEvent@4331429)
I/org.umd.logging( 4694): Method > 1 com.rovio.fusion.InputDelegator.onTouchEvent(com.rovio.fusion.InputDelegator@73260120, android.view.MotionEvent@4331429)
E/Cataloger( 6490): syncFile:/storage/emulated/0/2016-12-13_05:03:04.480.jpg
I/org.umd.logging( 4694): Method < 1 com.rovio.fusion.InputDelegator.onTouchEvent(true)
I/org.umd.logging( 4694): Method < 1 com.rovio.fusion.MySurfaceView.onTouchEvent(true)
E/Cataloger( 6490): syncFile:/storage/emulated/0/2016-12-13_05:03:04.657.jpg
I/org.umd.logging( 4694): Method > 2075 com.jirbo.adcolony.p$1.run(com.jirbo.adcolony.p$1@894364997)
I/org.umd.logging( 4694): Method < 2075 com.jirbo.adcolony.p$1.run()
W/ResourceType( 4694): No known package when getting name for resource number 0xffffffff
I/org.umd.logging( 4694): Method > 1 com.rovio.fusion.MySurfaceView.onTouchEvent(com.rovio.fusion.MySurfaceView@811294676<file=2016-12-13_05:03:04.657><x=0><y=0><width=1280><height=768><id=-1>, android.view.MotionEvent@4331429)
I/org.umd.logging( 4694): Method > 1 com.rovio.fusion.InputDelegator.onTouchEvent(com.rovio.fusion.InputDelegator@73260120, android.view.MotionEvent@4331429)
E/Cataloger( 6490): syncFile:/storage/emulated/0/2016-12-13_05:03:04.657.jpg
I/org.umd.logging( 4694): Method < 1 com.rovio.fusion.InputDelegator.onTouchEvent(true)
I/org.umd.logging( 4694): Method < 1 com.rovio.fusion.MySurfaceView.onTouchEvent(true)
E/Cataloger( 6490): syncFile:/storage/emulated/0/2016-12-13_05:03:04.825.jpg
W/ResourceType( 4694): No known package when getting name for resource number 0xffffffff
I/org.umd.logging( 4694): Method > 1 com.rovio.fusion.MySurfaceView.onTouchEvent(com.rovio.fusion.MySurfaceView@811294676<file=2016-12-13_05:03:04.825><x=0><y=0><width=1280><height=768><id=-1>, android.view.MotionEvent@4331429)
E/Cataloger( 6490): syncFile:/storage/emulated/0/2016-12-13_05:03:04.825.jpg
I/org.umd.logging( 4694): Method > 1 com.rovio.fusion.InputDelegator.onTouchEvent(com.rovio.fusion.InputDelegator@73260120, android.view.MotionEvent@4331429)
I/org.umd.logging( 4694): Method < 1 com.rovio.fusion.InputDelegator.onTouchEvent(true)
I/org.umd.logging( 4694): Method < 1 com.rovio.fusion.MySurfaceView.onTouchEvent(true)
I/org.umd.logging( 4694): Method > 2075 com.jirbo.adcolony.p$1.run(com.jirbo.adcolony.p$1@894364997)
I/org.umd.logging( 4694): Method < 2075 com.jirbo.adcolony.p$1.run()
E/Cataloger( 6490): syncFile:/storage/emulated/0/2016-12-13_05:03:05.002.jpg
W/ResourceType( 4694): No known package when getting name for resource number 0xffffffff
I/org.umd.logging( 4694): Method > 1 com.rovio.fusion.MySurfaceView.onTouchEvent(com.rovio.fusion.MySurfaceView@811294676<file=2016-12-13_05:03:05.002><x=0><y=0><width=1280><height=768><id=-1>, android.view.MotionEvent@4331429)
E/Cataloger( 6490): syncFile:/storage/emulated/0/2016-12-13_05:03:05.002.jpg
I/org.umd.logging( 4694): Method > 1 com.rovio.fusion.InputDelegator.onTouchEvent(com.rovio.fusion.InputDelegator@73260120, android.view.MotionEvent@4331429)
I/org.umd.logging( 4694): Method < 1 com.rovio.fusion.InputDelegator.onTouchEvent(true)
I/org.umd.logging( 4694): Method < 1 com.rovio.fusion.MySurfaceView.onTouchEvent(true)
I/org.umd.logging( 4694): Method > 2075 com.jirbo.adcolony.p$1.run(com.jirbo.adcolony.p$1@894364997)
I/org.umd.logging( 4694): Method < 2075 com.jirbo.adcolony.p$1.run()
E/Cataloger( 6490): syncFile:/storage/emulated/0/2016-12-13_05:03:05.199.jpg
W/ResourceType( 4694): No known package when getting name for resource number 0xffffffff
I/org.umd.logging( 4694): Method > 1 com.rovio.fusion.MySurfaceView.onTouchEvent(com.rovio.fusion.MySurfaceView@811294676<file=2016-12-13_05:03:05.199><x=0><y=0><width=1280><height=768><id=-1>, android.view.MotionEvent@4331429)
I/org.umd.logging( 4694): Method > 1 com.rovio.fusion.InputDelegator.onTouchEvent(com.rovio.fusion.InputDelegator@73260120, android.view.MotionEvent@4331429)
I/org.umd.logging( 4694): Method < 1 com.rovio.fusion.InputDelegator.onTouchEvent(true)
I/org.umd.logging( 4694): Method < 1 com.rovio.fusion.MySurfaceView.onTouchEvent(true)
E/Cataloger( 6490): syncFile:/storage/emulated/0/2016-12-13_05:03:05.199.jpg
E/Cataloger( 6490): syncFile:/storage/emulated/0/2016-12-13_05:03:05.360.jpg
I/org.umd.logging( 4694): Method > 2075 com.jirbo.adcolony.p$1.run(com.jirbo.adcolony.p$1@894364997)
I/org.umd.logging( 4694): Method < 2075 com.jirbo.adcolony.p$1.run()
W/ResourceType( 4694): No known package when getting name for resource number 0xffffffff
I/org.umd.logging( 4694): Method > 1 com.rovio.fusion.MySurfaceView.onTouchEvent(com.rovio.fusion.MySurfaceView@811294676<file=2016-12-13_05:03:05.360><x=0><y=0><width=1280><height=768><id=-1>, android.view.MotionEvent@4331429)
E/Cataloger( 6490): syncFile:/storage/emulated/0/2016-12-13_05:03:05.360.jpg
I/org.umd.logging( 4694): Method > 1 com.rovio.fusion.InputDelegator.onTouchEvent(com.rovio.fusion.InputDelegator@73260120, android.view.MotionEvent@4331429)
I/org.umd.logging( 4694): Method < 1 com.rovio.fusion.InputDelegator.onTouchEvent(true)
I/org.umd.logging( 4694): Method < 1 com.rovio.fusion.MySurfaceView.onTouchEvent(true)
I/InputDispatcher(  594): Window 'Window{ffb8ea8 u0 com.rovio.angrybirds/com.rovio.fusion.App}' spent 2172.7ms processing the last input event: MotionEvent(deviceId=0, source=0x00001002, action=0, flags=0x00000000, metaState=0x00000000, buttonState=0x00000000, edgeFlags=0x00000000, xPrecision=1.0, yPrecision=1.0, displayId=0, pointers=[0: (1090.0, 240.0)]), policyFlags=0x6b000000
E/Cataloger( 6490): syncFile:/storage/emulated/0/2016-12-13_05:03:05.564.jpg
I/org.umd.logging( 4694): Method > 2075 com.jirbo.adcolony.p$1.run(com.jirbo.adcolony.p$1@894364997)
I/org.umd.logging( 4694): Method < 2075 com.jirbo.adcolony.p$1.run()
W/ResourceType( 4694): No known package when getting name for resource number 0xffffffff
I/org.umd.logging( 4694): Method > 1 com.rovio.fusion.MySurfaceView.onTouchEvent(com.rovio.fusion.MySurfaceView@811294676<file=2016-12-13_05:03:05.564><x=0><y=0><width=1280><height=768><id=-1>, android.view.MotionEvent@4331429)
I/org.umd.logging( 4694): Method > 1 com.rovio.fusion.InputDelegator.onTouchEvent(com.rovio.fusion.InputDelegator@73260120, android.view.MotionEvent@4331429)
E/Cataloger( 6490): syncFile:/storage/emulated/0/2016-12-13_05:03:05.564.jpg
I/org.umd.logging( 4694): Method < 1 com.rovio.fusion.InputDelegator.onTouchEvent(true)
I/org.umd.logging( 4694): Method < 1 com.rovio.fusion.MySurfaceView.onTouchEvent(true)
I/InputDispatcher(  594): Window 'Window{ffb8ea8 u0 com.rovio.angrybirds/com.rovio.fusion.App}' spent 2397.0ms processing the last input event: MotionEvent(deviceId=0, source=0x00001002, action=2, flags=0x00000000, metaState=0x00000000, buttonState=0x00000000, edgeFlags=0x00000000, xPrecision=1.0, yPrecision=1.0, displayId=0, pointers=[0: (1090.2, 235.7)]), policyFlags=0x6b000000
I/InputDispatcher(  594): Window 'Window{ffb8ea8 u0 com.rovio.angrybirds/com.rovio.fusion.App}' spent 2396.4ms processing the last input event: MotionEvent(deviceId=0, source=0x00001002, action=2, flags=0x00000000, metaState=0x00000000, buttonState=0x00000000, edgeFlags=0x00000000, xPrecision=1.0, yPrecision=1.0, displayId=0, pointers=[0: (1090.4, 229.7)]), policyFlags=0x6b000000
I/InputDispatcher(  594): Window 'Window{ffb8ea8 u0 com.rovio.angrybirds/com.rovio.fusion.App}' spent 2395.7ms processing the last input event: MotionEvent(deviceId=0, source=0x00001002, action=2, flags=0x00000000, metaState=0x00000000, buttonState=0x00000000, edgeFlags=0x00000000, xPrecision=1.0, yPrecision=1.0, displayId=0, pointers=[0: (1090.5, 221.8)]), policyFlags=0x6b000000
I/InputDispatcher(  594): Window 'Window{ffb8ea8 u0 com.rovio.angrybirds/com.rovio.fusion.App}' spent 2394.9ms processing the last input event: MotionEvent(deviceId=0, source=0x00001002, action=2, flags=0x00000000, metaState=0x00000000, buttonState=0x00000000, edgeFlags=0x00000000, xPrecision=1.0, yPrecision=1.0, displayId=0, pointers=[0: (1090.7, 214.5)]), policyFlags=0x6b000000
I/InputDispatcher(  594): Window 'Window{ffb8ea8 u0 com.rovio.angrybirds/com.rovio.fusion.App}' spent 2394.2ms processing the last input event: MotionEvent(deviceId=0, source=0x00001002, action=2, flags=0x00000000, metaState=0x00000000, buttonState=0x00000000, edgeFlags=0x00000000, xPrecision=1.0, yPrecision=1.0, displayId=0, pointers=[0: (1090.7, 207.4)]), policyFlags=0x6b000000
I/InputDispatcher(  594): Window 'Window{ffb8ea8 u0 com.rovio.angrybirds/com.rovio.fusion.App}' spent 2393.5ms processing the last input event: MotionEvent(deviceId=0, source=0x00001002, action=2, flags=0x00000000, metaState=0x00000000, buttonState=0x00000000, edgeFlags=0x00000000, xPrecision=1.0, yPrecision=1.0, displayId=0, pointers=[0: (1090.8, 200.4)]), policyFlags=0x6b000000
E/Cataloger( 6490): syncFile:/storage/emulated/0/2016-12-13_05:03:05.790.jpg
W/ResourceType( 4694): No known package when getting name for resource number 0xffffffff
I/org.umd.logging( 4694): Method > 1 com.rovio.fusion.MySurfaceView.onTouchEvent(com.rovio.fusion.MySurfaceView@811294676<file=2016-12-13_05:03:05.790><x=0><y=0><width=1280><height=768><id=-1>, android.view.MotionEvent@4331429)
I/org.umd.logging( 4694): Method > 1 com.rovio.fusion.InputDelegator.onTouchEvent(com.rovio.fusion.InputDelegator@73260120, android.view.MotionEvent@4331429)
E/Cataloger( 6490): syncFile:/storage/emulated/0/2016-12-13_05:03:05.790.jpg
I/org.umd.logging( 4694): Method < 1 com.rovio.fusion.InputDelegator.onTouchEvent(true)
I/org.umd.logging( 4694): Method < 1 com.rovio.fusion.MySurfaceView.onTouchEvent(true)
I/InputDispatcher(  594): Window 'Window{ffb8ea8 u0 com.rovio.angrybirds/com.rovio.fusion.App}' spent 2574.1ms processing the last input event: MotionEvent(deviceId=0, source=0x00001002, action=1, flags=0x00000000, metaState=0x00000000, buttonState=0x00000000, edgeFlags=0x00000000, xPrecision=1.0, yPrecision=1.0, displayId=0, pointers=[0: (1090.9, 197.7)]), policyFlags=0x6b000000
I/org.umd.logging( 4694): Api > 2074 android.net.ConnectivityManager.getActiveNetworkInfo(android.net.ConnectivityManager@453239735)
I/org.umd.logging( 4694): Method > 2075 com.jirbo.adcolony.p$1.run(com.jirbo.adcolony.p$1@894364997)
I/org.umd.logging( 4694): Method < 2075 com.jirbo.adcolony.p$1.run()
I/org.umd.logging( 4694): Api < 2074 android.net.ConnectivityManager.getActiveNetworkInfo(android.net.NetworkInfo@855401121)
E/Cataloger( 6490): syncFile:/storage/emulated/0/2016-12-13_05:03:05.972.jpg
W/ResourceType( 4694): No known package when getting name for resource number 0xffffffff
I/org.umd.logging( 4694): Method > 1 com.rovio.fusion.MySurfaceView.onTouchEvent(com.rovio.fusion.MySurfaceView@811294676<file=2016-12-13_05:03:05.972><x=0><y=0><width=1280><height=768><id=-1>, android.view.MotionEvent@4331429)
I/org.umd.logging( 4694): Method > 1 com.rovio.fusion.InputDelegator.onTouchEvent(com.rovio.fusion.InputDelegator@73260120, android.view.MotionEvent@4331429)
E/Cataloger( 6490): syncFile:/storage/emulated/0/2016-12-13_05:03:05.972.jpg
I/org.umd.logging( 4694): Method < 1 com.rovio.fusion.InputDelegator.onTouchEvent(true)
I/org.umd.logging( 4694): Method < 1 com.rovio.fusion.MySurfaceView.onTouchEvent(true)
I/InputDispatcher(  594): Window 'Window{ffb8ea8 u0 com.rovio.angrybirds/com.rovio.fusion.App}' spent 2731.5ms processing the last input event: MotionEvent(deviceId=0, source=0x00001002, action=0, flags=0x00000000, metaState=0x00000000, buttonState=0x00000000, edgeFlags=0x00000000, xPrecision=1.0, yPrecision=1.0, displayId=0, pointers=[0: (19.0, 423.0)]), policyFlags=0x6b000000
E/Cataloger( 6490): syncFile:/storage/emulated/0/2016-12-13_05:03:06.138.jpg
I/org.umd.logging( 4694): Method > 2075 com.jirbo.adcolony.p$1.run(com.jirbo.adcolony.p$1@894364997)
I/org.umd.logging( 4694): Method < 2075 com.jirbo.adcolony.p$1.run()
W/ResourceType( 4694): No known package when getting name for resource number 0xffffffff
I/org.umd.logging( 4694): Method > 1 com.rovio.fusion.MySurfaceView.onTouchEvent(com.rovio.fusion.MySurfaceView@811294676<file=2016-12-13_05:03:06.138><x=0><y=0><width=1280><height=768><id=-1>, android.view.MotionEvent@4331429)
E/Cataloger( 6490): syncFile:/storage/emulated/0/2016-12-13_05:03:06.138.jpg
I/org.umd.logging( 4694): Method > 1 com.rovio.fusion.InputDelegator.onTouchEvent(com.rovio.fusion.InputDelegator@73260120, android.view.MotionEvent@4331429)
I/org.umd.logging( 4694): Method < 1 com.rovio.fusion.InputDelegator.onTouchEvent(true)
I/org.umd.logging( 4694): Method < 1 com.rovio.fusion.MySurfaceView.onTouchEvent(true)
I/InputDispatcher(  594): Window 'Window{ffb8ea8 u0 com.rovio.angrybirds/com.rovio.fusion.App}' spent 2934.0ms processing the last input event: MotionEvent(deviceId=0, source=0x00001002, action=2, flags=0x00000000, metaState=0x00000000, buttonState=0x00000000, edgeFlags=0x00000000, xPrecision=1.0, yPrecision=1.0, displayId=0, pointers=[0: (17.5, 422.8)]), policyFlags=0x6b000000
I/InputDispatcher(  594): Window 'Window{ffb8ea8 u0 com.rovio.angrybirds/com.rovio.fusion.App}' spent 2933.6ms processing the last input event: MotionEvent(deviceId=0, source=0x00001002, action=2, flags=0x00000000, metaState=0x00000000, buttonState=0x00000000, edgeFlags=0x00000000, xPrecision=1.0, yPrecision=1.0, displayId=0, pointers=[0: (15.6, 414.6)]), policyFlags=0x6b000000
I/InputDispatcher(  594): Window 'Window{ffb8ea8 u0 com.rovio.angrybirds/com.rovio.fusion.App}' spent 2933.0ms processing the last input event: MotionEvent(deviceId=0, source=0x00001002, action=2, flags=0x00000000, metaState=0x00000000, buttonState=0x00000000, edgeFlags=0x00000000, xPrecision=1.0, yPrecision=1.0, displayId=0, pointers=[0: (14.3, 412.9)]), policyFlags=0x6b000000
I/InputDispatcher(  594): Window 'Window{ffb8ea8 u0 com.rovio.angrybirds/com.rovio.fusion.App}' spent 2932.3ms processing the last input event: MotionEvent(deviceId=0, source=0x00001002, action=2, flags=0x00000000, metaState=0x00000000, buttonState=0x00000000, edgeFlags=0x00000000, xPrecision=1.0, yPrecision=1.0, displayId=0, pointers=[0: (14.1, 403.4)]), policyFlags=0x6b000000
E/Cataloger( 6490): syncFile:/storage/emulated/0/2016-12-13_05:03:06.343.jpg
I/org.umd.logging( 4694): Method > 2075 com.jirbo.adcolony.p$1.run(com.jirbo.adcolony.p$1@894364997)
I/org.umd.logging( 4694): Method < 2075 com.jirbo.adcolony.p$1.run()
W/ResourceType( 4694): No known package when getting name for resource number 0xffffffff
I/org.umd.logging( 4694): Method > 1 com.rovio.fusion.MySurfaceView.onTouchEvent(com.rovio.fusion.MySurfaceView@811294676<file=2016-12-13_05:03:06.343><x=0><y=0><width=1280><height=768><id=-1>, android.view.MotionEvent@4331429)
E/Cataloger( 6490): syncFile:/storage/emulated/0/2016-12-13_05:03:06.343.jpg
I/org.umd.logging( 4694): Method > 1 com.rovio.fusion.InputDelegator.onTouchEvent(com.rovio.fusion.InputDelegator@73260120, android.view.MotionEvent@4331429)
I/org.umd.logging( 4694): Method < 1 com.rovio.fusion.InputDelegator.onTouchEvent(true)
I/org.umd.logging( 4694): Method < 1 com.rovio.fusion.MySurfaceView.onTouchEvent(true)
I/InputDispatcher(  594): Window 'Window{ffb8ea8 u0 com.rovio.angrybirds/com.rovio.fusion.App}' spent 3164.3ms processing the last input event: MotionEvent(deviceId=0, source=0x00001002, action=1, flags=0x00000000, metaState=0x00000000, buttonState=0x00000000, edgeFlags=0x00000000, xPrecision=1.0, yPrecision=1.0, displayId=0, pointers=[0: (12.6, 398.7)]), policyFlags=0x6b000000
E/Cataloger( 6490): syncFile:/storage/emulated/0/2016-12-13_05:03:06.575.jpg
I/org.umd.logging( 4694): Method > 2075 com.jirbo.adcolony.p$1.run(com.jirbo.adcolony.p$1@894364997)
I/org.umd.logging( 4694): Method < 2075 com.jirbo.adcolony.p$1.run()
W/ResourceType( 4694): No known package when getting name for resource number 0xffffffff
I/org.umd.logging( 4694): Method > 1 com.rovio.fusion.MySurfaceView.onTouchEvent(com.rovio.fusion.MySurfaceView@811294676<file=2016-12-13_05:03:06.575><x=0><y=0><width=1280><height=768><id=-1>, android.view.MotionEvent@4331429)
E/Cataloger( 6490): syncFile:/storage/emulated/0/2016-12-13_05:03:06.575.jpg
I/org.umd.logging( 4694): Method > 1 com.rovio.fusion.InputDelegator.onTouchEvent(com.rovio.fusion.InputDelegator@73260120, android.view.MotionEvent@4331429)
I/org.umd.logging( 4694): Method < 1 com.rovio.fusion.InputDelegator.onTouchEvent(true)
I/org.umd.logging( 4694): Method < 1 com.rovio.fusion.MySurfaceView.onTouchEvent(true)
I/InputDispatcher(  594): Window 'Window{ffb8ea8 u0 com.rovio.angrybirds/com.rovio.fusion.App}' spent 3433.2ms processing the last input event: MotionEvent(deviceId=0, source=0x00001002, action=0, flags=0x00000000, metaState=0x00000000, buttonState=0x00000000, edgeFlags=0x00000000, xPrecision=1.0, yPrecision=1.0, displayId=0, pointers=[0: (390.0, 70.0)]), policyFlags=0x6b000000
E/Cataloger( 6490): syncFile:/storage/emulated/0/2016-12-13_05:03:06.846.jpg
I/org.umd.logging( 4694): Method > 2075 com.jirbo.adcolony.p$1.run(com.jirbo.adcolony.p$1@894364997)
I/org.umd.logging( 4694): Method < 2075 com.jirbo.adcolony.p$1.run()
W/ResourceType( 4694): No known package when getting name for resource number 0xffffffff
I/org.umd.logging( 4694): Method > 1 com.rovio.fusion.MySurfaceView.onTouchEvent(com.rovio.fusion.MySurfaceView@811294676<file=2016-12-13_05:03:06.846><x=0><y=0><width=1280><height=768><id=-1>, android.view.MotionEvent@4331429)
I/org.umd.logging( 4694): Method > 1 com.rovio.fusion.InputDelegator.onTouchEvent(com.rovio.fusion.InputDelegator@73260120, android.view.MotionEvent@4331429)
I/org.umd.logging( 4694): Method < 1 com.rovio.fusion.InputDelegator.onTouchEvent(true)
I/org.umd.logging( 4694): Method < 1 com.rovio.fusion.MySurfaceView.onTouchEvent(true)
I/InputDispatcher(  594): Window 'Window{ffb8ea8 u0 com.rovio.angrybirds/com.rovio.fusion.App}' spent 3648.6ms processing the last input event: MotionEvent(deviceId=0, source=0x00001002, action=2, flags=0x00000000, metaState=0x00000000, buttonState=0x00000000, edgeFlags=0x00000000, xPrecision=1.0, yPrecision=1.0, displayId=0, pointers=[0: (386.5, 73.2)]), policyFlags=0x6b000000
E/Cataloger( 6490): syncFile:/storage/emulated/0/2016-12-13_05:03:06.846.jpg
I/InputDispatcher(  594): Window 'Window{ffb8ea8 u0 com.rovio.angrybirds/com.rovio.fusion.App}' spent 3648.4ms processing the last input event: MotionEvent(deviceId=0, source=0x00001002, action=2, flags=0x00000000, metaState=0x00000000, buttonState=0x00000000, edgeFlags=0x00000000, xPrecision=1.0, yPrecision=1.0, displayId=0, pointers=[0: (385.5, 75.4)]), policyFlags=0x6b000000
I/InputDispatcher(  594): Window 'Window{ffb8ea8 u0 com.rovio.angrybirds/com.rovio.fusion.App}' spent 3648.1ms processing the last input event: MotionEvent(deviceId=0, source=0x00001002, action=2, flags=0x00000000, metaState=0x00000000, buttonState=0x00000000, edgeFlags=0x00000000, xPrecision=1.0, yPrecision=1.0, displayId=0, pointers=[0: (385.2, 80.0)]), policyFlags=0x6b000000
I/InputDispatcher(  594): Window 'Window{ffb8ea8 u0 com.rovio.angrybirds/com.rovio.fusion.App}' spent 3647.8ms processing the last input event: MotionEvent(deviceId=0, source=0x00001002, action=2, flags=0x00000000, metaState=0x00000000, buttonState=0x00000000, edgeFlags=0x00000000, xPrecision=1.0, yPrecision=1.0, displayId=0, pointers=[0: (384.7, 85.6)]), policyFlags=0x6b000000
I/InputDispatcher(  594): Window 'Window{ffb8ea8 u0 com.rovio.angrybirds/com.rovio.fusion.App}' spent 3647.5ms processing the last input event: MotionEvent(deviceId=0, source=0x00001002, action=2, flags=0x00000000, metaState=0x00000000, buttonState=0x00000000, edgeFlags=0x00000000, xPrecision=1.0, yPrecision=1.0, displayId=0, pointers=[0: (381.7, 94.6)]), policyFlags=0x6b000000
E/Cataloger( 6490): syncFile:/storage/emulated/0/2016-12-13_05:03:07.064.jpg
W/ResourceType( 4694): No known package when getting name for resource number 0xffffffff
I/org.umd.logging( 4694): Method > 1 com.rovio.fusion.MySurfaceView.onTouchEvent(com.rovio.fusion.MySurfaceView@811294676<file=2016-12-13_05:03:07.064><x=0><y=0><width=1280><height=768><id=-1>, android.view.MotionEvent@4331429)
I/org.umd.logging( 4694): Method > 1 com.rovio.fusion.InputDelegator.onTouchEvent(com.rovio.fusion.InputDelegator@73260120, android.view.MotionEvent@4331429)
I/org.umd.logging( 4694): Method < 1 com.rovio.fusion.InputDelegator.onTouchEvent(true)
I/org.umd.logging( 4694): Method < 1 com.rovio.fusion.MySurfaceView.onTouchEvent(true)
E/Cataloger( 6490): syncFile:/storage/emulated/0/2016-12-13_05:03:07.064.jpg
I/InputDispatcher(  594): Window 'Window{ffb8ea8 u0 com.rovio.angrybirds/com.rovio.fusion.App}' spent 3842.0ms processing the last input event: MotionEvent(deviceId=0, source=0x00001002, action=1, flags=0x00000000, metaState=0x00000000, buttonState=0x00000000, edgeFlags=0x00000000, xPrecision=1.0, yPrecision=1.0, displayId=0, pointers=[0: (380.2, 95.7)]), policyFlags=0x6b000000
I/Choreographer( 4694): Skipped 234 frames!  The application may be doing too much work on its main thread.
I/InputDispatcher(  594): Window 'Window{ffb8ea8 u0 com.rovio.angrybirds/com.rovio.fusion.App}' spent 3901.8ms processing the last input event: MotionEvent(deviceId=0, source=0x00010004, action=2, flags=0x00000000, metaState=0x00000000, buttonState=0x00000000, edgeFlags=0x00000000, xPrecision=1.0, yPrecision=1.0, displayId=0, pointers=[0: (-5.0, 0.0)]), policyFlags=0x6b000000
I/InputDispatcher(  594): Window 'Window{ffb8ea8 u0 com.rovio.angrybirds/com.rovio.fusion.App}' spent 3901.1ms processing the last input event: MotionEvent(deviceId=0, source=0x00010004, action=2, flags=0x00000000, metaState=0x00000000, buttonState=0x00000000, edgeFlags=0x00000000, xPrecision=1.0, yPrecision=1.0, displayId=0, pointers=[0: (2.0, -1.0)]), policyFlags=0x6b000000
I/InputDispatcher(  594): Window 'Window{ffb8ea8 u0 com.rovio.angrybirds/com.rovio.fusion.App}' spent 3900.5ms processing the last input event: MotionEvent(deviceId=0, source=0x00010004, action=2, flags=0x00000000, metaState=0x00000000, buttonState=0x00000000, edgeFlags=0x00000000, xPrecision=1.0, yPrecision=1.0, displayId=0, pointers=[0: (-4.0, 4.0)]), policyFlags=0x6b000000
I/InputDispatcher(  594): Window 'Window{ffb8ea8 u0 com.rovio.angrybirds/com.rovio.fusion.App}' spent 3899.7ms processing the last input event: MotionEvent(deviceId=0, source=0x00010004, action=2, flags=0x00000000, metaState=0x00000000, buttonState=0x00000000, edgeFlags=0x00000000, xPrecision=1.0, yPrecision=1.0, displayId=0, pointers=[0: (4.0, 1.0)]), policyFlags=0x6b000000
I/InputDispatcher(  594): Window 'Window{ffb8ea8 u0 com.rovio.angrybirds/com.rovio.fusion.App}' spent 3898.9ms processing the last input event: MotionEvent(deviceId=0, source=0x00010004, action=2, flags=0x00000000, metaState=0x00000000, buttonState=0x00000000, edgeFlags=0x00000000, xPrecision=1.0, yPrecision=1.0, displayId=0, pointers=[0: (3.0, -5.0)]), policyFlags=0x6b000000
I/InputDispatcher(  594): Window 'Window{ffb8ea8 u0 com.rovio.angrybirds/com.rovio.fusion.App}' spent 3897.8ms processing the last input event: MotionEvent(deviceId=0, source=0x00010004, action=2, flags=0x00000000, metaState=0x00000000, buttonState=0x00000000, edgeFlags=0x00000000, xPrecision=1.0, yPrecision=1.0, displayId=0, pointers=[0: (-2.0, -3.0)]), policyFlags=0x6b000000
I/InputDispatcher(  594): Window 'Window{ffb8ea8 u0 com.rovio.angrybirds/com.rovio.fusion.App}' spent 3896.6ms processing the last input event: MotionEvent(deviceId=0, source=0x00010004, action=2, flags=0x00000000, metaState=0x00000000, buttonState=0x00000000, edgeFlags=0x00000000, xPrecision=1.0, yPrecision=1.0, displayId=0, pointers=[0: (0.0, -4.0)]), policyFlags=0x6b000000
I/InputDispatcher(  594): Window 'Window{ffb8ea8 u0 com.rovio.angrybirds/com.rovio.fusion.App}' spent 3895.0ms processing the last input event: MotionEvent(deviceId=0, source=0x00010004, action=2, flags=0x00000000, metaState=0x00000000, buttonState=0x00000000, edgeFlags=0x00000000, xPrecision=1.0, yPrecision=1.0, displayId=0, pointers=[0: (0.0, -2.0)]), policyFlags=0x6b000000
I/InputDispatcher(  594): Window 'Window{ffb8ea8 u0 com.rovio.angrybirds/com.rovio.fusion.App}' spent 3893.0ms processing the last input event: MotionEvent(deviceId=0, source=0x00010004, action=2, flags=0x00000000, metaState=0x00000000, buttonState=0x00000000, edgeFlags=0x00000000, xPrecision=1.0, yPrecision=1.0, displayId=0, pointers=[0: (1.0, -4.0)]), policyFlags=0x6b000000
I/InputDispatcher(  594): Window 'Window{ffb8ea8 u0 com.rovio.angrybirds/com.rovio.fusion.App}' spent 3891.0ms processing the last input event: MotionEvent(deviceId=0, source=0x00010004, action=2, flags=0x00000000, metaState=0x00000000, buttonState=0x00000000, edgeFlags=0x00000000, xPrecision=1.0, yPrecision=1.0, displayId=0, pointers=[0: (-3.0, 2.0)]), policyFlags=0x6b000000
I/org.umd.logging( 4694): Method > 1 com.rovio.fusion.App.onKeyDown(com.rovio.fusion.App@410649080<activity=true>, 21, android.view.KeyEvent@84491462)
I/org.umd.logging( 4694): Method > 1 com.rovio.fusion.InputDelegator.onKeyDown(com.rovio.fusion.InputDelegator@73260120, 21, android.view.KeyEvent@84491462)
I/org.umd.logging( 4694): Method < 1 com.rovio.fusion.InputDelegator.onKeyDown(true)
I/org.umd.logging( 4694): Method < 1 com.rovio.fusion.App.onKeyDown(true)
I/org.umd.logging( 4694): Method > 1 com.rovio.fusion.App.onKeyUp(com.rovio.fusion.App@410649080<activity=true>, 21, android.view.KeyEvent@1016554631)
I/org.umd.logging( 4694): Method > 1 com.rovio.fusion.InputDelegator.onKeyUp(com.rovio.fusion.InputDelegator@73260120, 21, android.view.KeyEvent@1016554631)
I/org.umd.logging( 4694): Method < 1 com.rovio.fusion.InputDelegator.onKeyUp(true)
I/org.umd.logging( 4694): Method < 1 com.rovio.fusion.App.onKeyUp(true)
I/org.umd.logging( 4694): Method > 1 com.rovio.fusion.App.onKeyDown(com.rovio.fusion.App@410649080<activity=true>, 21, android.view.KeyEvent@880877492)
I/org.umd.logging( 4694): Method > 1 com.rovio.fusion.InputDelegator.onKeyDown(com.rovio.fusion.InputDelegator@73260120, 21, android.view.KeyEvent@880877492)
I/org.umd.logging( 4694): Method < 1 com.rovio.fusion.InputDelegator.onKeyDown(true)
I/org.umd.logging( 4694): Method < 1 com.rovio.fusion.App.onKeyDown(true)
I/org.umd.logging( 4694): Method > 1 com.rovio.fusion.App.onKeyUp(com.rovio.fusion.App@410649080<activity=true>, 21, android.view.KeyEvent@735807453)
I/org.umd.logging( 4694): Method > 1 com.rovio.fusion.InputDelegator.onKeyUp(com.rovio.fusion.InputDelegator@73260120, 21, android.view.KeyEvent@735807453)
I/org.umd.logging( 4694): Method > 2075 com.jirbo.adcolony.p$1.run(com.jirbo.adcolony.p$1@894364997)
I/org.umd.logging( 4694): Method < 1 com.rovio.fusion.InputDelegator.onKeyUp(true)
I/org.umd.logging( 4694): Method < 2075 com.jirbo.adcolony.p$1.run()
I/org.umd.logging( 4694): Method < 1 com.rovio.fusion.App.onKeyUp(true)
I/org.umd.logging( 4694): Method > 1 com.rovio.fusion.App.onKeyDown(com.rovio.fusion.App@410649080<activity=true>, 21, android.view.KeyEvent@30170962)
I/org.umd.logging( 4694): Method > 1 com.rovio.fusion.InputDelegator.onKeyDown(com.rovio.fusion.InputDelegator@73260120, 21, android.view.KeyEvent@30170962)
I/org.umd.logging( 4694): Method < 1 com.rovio.fusion.InputDelegator.onKeyDown(true)
I/org.umd.logging( 4694): Method < 1 com.rovio.fusion.App.onKeyDown(true)
I/org.umd.logging( 4694): Method > 1 com.rovio.fusion.App.onKeyUp(com.rovio.fusion.App@410649080<activity=true>, 21, android.view.KeyEvent@343654947)
I/org.umd.logging( 4694): Method > 1 com.rovio.fusion.InputDelegator.onKeyUp(com.rovio.fusion.InputDelegator@73260120, 21, android.view.KeyEvent@343654947)
I/org.umd.logging( 4694): Method < 1 com.rovio.fusion.InputDelegator.onKeyUp(true)
I/org.umd.logging( 4694): Method < 1 com.rovio.fusion.App.onKeyUp(true)
I/org.umd.logging( 4694): Method > 1 com.rovio.fusion.App.onKeyDown(com.rovio.fusion.App@410649080<activity=true>, 191, android.view.KeyEvent@938115872)
I/org.umd.logging( 4694): Method > 1 com.rovio.fusion.InputDelegator.onKeyDown(com.rovio.fusion.InputDelegator@73260120, 191, android.view.KeyEvent@938115872)
I/org.umd.logging( 4694): Method < 1 com.rovio.fusion.InputDelegator.onKeyDown(false)
I/org.umd.logging( 4694): Method < 1 com.rovio.fusion.App.onKeyDown(false)
I/org.umd.logging( 4694): Method > 1 com.rovio.fusion.App.onKeyDown(com.rovio.fusion.App@410649080<activity=true>, 23, android.view.KeyEvent@227394777)
I/org.umd.logging( 4694): Method > 1 com.rovio.fusion.InputDelegator.onKeyDown(com.rovio.fusion.InputDelegator@73260120, 23, android.view.KeyEvent@227394777)
I/org.umd.logging( 4694): Method < 1 com.rovio.fusion.InputDelegator.onKeyDown(true)
I/org.umd.logging( 4694): Method < 1 com.rovio.fusion.App.onKeyDown(true)
I/org.umd.logging( 4694): Method > 1 com.rovio.fusion.App.onKeyUp(com.rovio.fusion.App@410649080<activity=true>, 191, android.view.KeyEvent@271392414)
I/org.umd.logging( 4694): Method > 1 com.rovio.fusion.InputDelegator.onKeyUp(com.rovio.fusion.InputDelegator@73260120, 191, android.view.KeyEvent@271392414)
I/org.umd.logging( 4694): Method < 1 com.rovio.fusion.InputDelegator.onKeyUp(false)
I/org.umd.logging( 4694): Method < 1 com.rovio.fusion.App.onKeyUp(false)
E/Cataloger( 6490): syncFile:/storage/emulated/0/2016-12-13_05:03:07.293.jpg
W/ResourceType( 4694): No known package when getting name for resource number 0xffffffff
I/org.umd.logging( 4694): Method > 1 com.rovio.fusion.MySurfaceView.onTouchEvent(com.rovio.fusion.MySurfaceView@811294676<file=2016-12-13_05:03:07.293><x=0><y=0><width=1280><height=768><id=-1>, android.view.MotionEvent@4331429)
I/org.umd.logging( 4694): Method > 1 com.rovio.fusion.InputDelegator.onTouchEvent(com.rovio.fusion.InputDelegator@73260120, android.view.MotionEvent@4331429)
I/org.umd.logging( 4694): Method < 1 com.rovio.fusion.InputDelegator.onTouchEvent(true)
E/Cataloger( 6490): syncFile:/storage/emulated/0/2016-12-13_05:03:07.293.jpg
I/org.umd.logging( 4694): Method < 1 com.rovio.fusion.MySurfaceView.onTouchEvent(true)
I/org.umd.logging( 4694): Method > 2075 com.jirbo.adcolony.p$1.run(com.jirbo.adcolony.p$1@894364997)
I/org.umd.logging( 4694): Method < 2075 com.jirbo.adcolony.p$1.run()
E/Cataloger( 6490): syncFile:/storage/emulated/0/2016-12-13_05:03:07.456.jpg
W/ResourceType( 4694): No known package when getting name for resource number 0xffffffff
I/org.umd.logging( 4694): Method > 1 com.rovio.fusion.MySurfaceView.onTouchEvent(com.rovio.fusion.MySurfaceView@811294676<file=2016-12-13_05:03:07.456><x=0><y=0><width=1280><height=768><id=-1>, android.view.MotionEvent@4331429)
I/org.umd.logging( 4694): Method > 1 com.rovio.fusion.InputDelegator.onTouchEvent(com.rovio.fusion.InputDelegator@73260120, android.view.MotionEvent@4331429)
E/Cataloger( 6490): syncFile:/storage/emulated/0/2016-12-13_05:03:07.456.jpg
I/org.umd.logging( 4694): Method < 1 com.rovio.fusion.InputDelegator.onTouchEvent(true)
I/org.umd.logging( 4694): Method < 1 com.rovio.fusion.MySurfaceView.onTouchEvent(true)
E/Cataloger( 6490): syncFile:/storage/emulated/0/2016-12-13_05:03:07.670.jpg
I/org.umd.logging( 4694): Method > 2075 com.jirbo.adcolony.p$1.run(com.jirbo.adcolony.p$1@894364997)
I/org.umd.logging( 4694): Method < 2075 com.jirbo.adcolony.p$1.run()
W/ResourceType( 4694): No known package when getting name for resource number 0xffffffff
I/org.umd.logging( 4694): Method > 1 com.rovio.fusion.MySurfaceView.onTouchEvent(com.rovio.fusion.MySurfaceView@811294676<file=2016-12-13_05:03:07.670><x=0><y=0><width=1280><height=768><id=-1>, android.view.MotionEvent@4331429)
E/Cataloger( 6490): syncFile:/storage/emulated/0/2016-12-13_05:03:07.670.jpg
I/org.umd.logging( 4694): Method > 1 com.rovio.fusion.InputDelegator.onTouchEvent(com.rovio.fusion.InputDelegator@73260120, android.view.MotionEvent@4331429)
I/org.umd.logging( 4694): Method < 1 com.rovio.fusion.InputDelegator.onTouchEvent(true)
I/org.umd.logging( 4694): Method < 1 com.rovio.fusion.MySurfaceView.onTouchEvent(true)
E/Cataloger( 6490): syncFile:/storage/emulated/0/2016-12-13_05:03:07.855.jpg
W/ResourceType( 4694): No known package when getting name for resource number 0xffffffff
I/org.umd.logging( 4694): Method > 1 com.rovio.fusion.MySurfaceView.onTouchEvent(com.rovio.fusion.MySurfaceView@811294676<file=2016-12-13_05:03:07.855><x=0><y=0><width=1280><height=768><id=-1>, android.view.MotionEvent@4331429)
