W/EventProcessor( 4238): doListen: unnamed event, id = 165
I/VideoCapabilities( 4238): Unsupported profile 4 for video/mp4v-es
W/ResourceType( 4238): No known package when getting name for resource number 0xffffffff
I/org.umd.logging( 4238): Api > 1 android.webkit.WebView.<init>(com.rovio.rcs.ads.AdsWebView@828530013<file=2016-12-13_04:59:56.280><x=0><y=0><width=0><height=0><id=-1>, com.rovio.fusion.App@410649080)
E/Cataloger( 6490): syncFile:/storage/emulated/0/2016-12-13_04:59:56.280.jpg
E/Cataloger( 6490): syncFile:/storage/emulated/0/2016-12-13_04:59:56.487.jpg
W/ResourceType( 4238): No known package when getting name for resource number 0xffffffff
I/org.umd.logging( 4238): Api < 1 android.webkit.WebView.<init>(com.rovio.rcs.ads.AdsWebView@828530013<file=2016-12-13_04:59:56.487><x=0><y=0><width=0><height=0><id=-1>)
E/Cataloger( 6490): syncFile:/storage/emulated/0/2016-12-13_04:59:56.487.jpg
I/cr_Ime  ( 4238): ImeThread is enabled.
I/org.umd.logging( 4238): Method < 1 com.rovio.rcs.ads.WebViewWrapper$8.run()
I/org.umd.logging( 4238): Method > 1 com.rovio.rcs.ads.WebViewWrapper$1.run(com.rovio.rcs.ads.WebViewWrapper$1@275542617)
I/org.umd.logging( 4238): Method < 1 com.rovio.rcs.ads.WebViewWrapper$1.run()
I/org.umd.logging( 4238): Method > 1 com.rovio.rcs.ads.WebViewWrapper$2.run(com.rovio.rcs.ads.WebViewWrapper$2@316276254)
I/org.umd.logging( 4238): Method < 1 com.rovio.rcs.ads.WebViewWrapper$2.run()
I/org.umd.logging( 4238): Method > 1 com.rovio.rcs.ads.WebViewWrapper$4.run(com.rovio.rcs.ads.WebViewWrapper$4@460490495)
I/org.umd.logging( 4238): Method < 1 com.rovio.rcs.ads.WebViewWrapper$4.run()
I/org.umd.logging( 4238): Method > 1 com.rovio.rcs.ads.WebViewWrapper$5.run(com.rovio.rcs.ads.WebViewWrapper$5@1025465548)
I/org.umd.logging( 4238): Method < 1 com.rovio.rcs.ads.WebViewWrapper$5.run()
I/org.umd.logging( 4238): Method > 1 com.rovio.rcs.ads.WebViewWrapper$8.run(com.rovio.rcs.ads.WebViewWrapper$8@644406037)
E/Cataloger( 6490): syncFile:/storage/emulated/0/2016-12-13_04:59:56.729.jpg
W/ResourceType( 4238): No known package when getting name for resource number 0xffffffff
I/org.umd.logging( 4238): Api > 1 android.webkit.WebView.<init>(com.rovio.rcs.ads.AdsWebView@155941304<file=2016-12-13_04:59:56.729><x=0><y=0><width=0><height=0><id=-1>, com.rovio.fusion.App@410649080)
E/Cataloger( 6490): syncFile:/storage/emulated/0/2016-12-13_04:59:56.729.jpg
E/Cataloger( 6490): syncFile:/storage/emulated/0/2016-12-13_04:59:56.893.jpg
W/ResourceType( 4238): No known package when getting name for resource number 0xffffffff
I/org.umd.logging( 4238): Api < 1 android.webkit.WebView.<init>(com.rovio.rcs.ads.AdsWebView@155941304<file=2016-12-13_04:59:56.893><x=0><y=0><width=0><height=0><id=-1>)
I/cr_Ime  ( 4238): ImeThread is enabled.
E/Cataloger( 6490): syncFile:/storage/emulated/0/2016-12-13_04:59:56.893.jpg
I/org.umd.logging( 4238): Method < 1 com.rovio.rcs.ads.WebViewWrapper$8.run()
I/org.umd.logging( 4238): Method > 1 com.rovio.rcs.ads.WebViewWrapper$1.run(com.rovio.rcs.ads.WebViewWrapper$1@11889555)
I/org.umd.logging( 4238): Method < 1 com.rovio.rcs.ads.WebViewWrapper$1.run()
I/org.umd.logging( 4238): Method > 1 com.rovio.rcs.ads.WebViewWrapper$2.run(com.rovio.rcs.ads.WebViewWrapper$2@448251856)
I/org.umd.logging( 4238): Method < 1 com.rovio.rcs.ads.WebViewWrapper$2.run()
I/org.umd.logging( 4238): Method > 1 com.rovio.rcs.ads.WebViewWrapper$4.run(com.rovio.rcs.ads.WebViewWrapper$4@973185993)
I/org.umd.logging( 4238): Method < 1 com.rovio.rcs.ads.WebViewWrapper$4.run()
I/org.umd.logging( 4238): Method > 1 com.rovio.rcs.ads.WebViewWrapper$5.run(com.rovio.rcs.ads.WebViewWrapper$5@688925390)
I/org.umd.logging( 4238): Method < 1 com.rovio.rcs.ads.WebViewWrapper$5.run()
I/org.umd.logging( 4238): Method > 1 com.rovio.rcs.ads.WebViewWrapper$8.run(com.rovio.rcs.ads.WebViewWrapper$8@306261487)
E/Cataloger( 6490): syncFile:/storage/emulated/0/2016-12-13_04:59:57.103.jpg
W/ResourceType( 4238): No known package when getting name for resource number 0xffffffff
I/org.umd.logging( 4238): Api > 1 android.webkit.WebView.<init>(com.rovio.rcs.ads.AdsWebView@445130202<file=2016-12-13_04:59:57.103><x=0><y=0><width=0><height=0><id=-1>, com.rovio.fusion.App@410649080)
E/Cataloger( 6490): syncFile:/storage/emulated/0/2016-12-13_04:59:57.103.jpg
I/org.umd.logging( 4238): Api > 2023 java.lang.Thread.start(java.lang.Thread@74236136<thread=2066>)
I/org.umd.logging( 4238): Api < 2023 java.lang.Thread.start()
W/EventProcessor( 4238): doListen: unnamed event, id = 168
I/org.umd.logging( 4238): Method > 2066 com.rovio.rcs.payment.google.GooglePlayPaymentProvider$2.run(com.rovio.rcs.payment.google.GooglePlayPaymentProvider$2@861062566)
D/GooglePlayPaymentProvider( 4238): bindToService()
I/org.umd.logging( 4238): Method < 2066 com.rovio.rcs.payment.google.GooglePlayPaymentProvider$2.run()
E/Ads/Ad  ( 4238): track/image called with an empty id
E/Cataloger( 6490): syncFile:/storage/emulated/0/2016-12-13_04:59:57.312.jpg
W/ResourceType( 4238): No known package when getting name for resource number 0xffffffff
I/org.umd.logging( 4238): Api < 1 android.webkit.WebView.<init>(com.rovio.rcs.ads.AdsWebView@445130202<file=2016-12-13_04:59:57.312><x=0><y=0><width=0><height=0><id=-1>)
E/Cataloger( 6490): syncFile:/storage/emulated/0/2016-12-13_04:59:57.312.jpg
I/cr_Ime  ( 4238): ImeThread is enabled.
I/org.umd.logging( 4238): Method < 1 com.rovio.rcs.ads.WebViewWrapper$8.run()
I/Choreographer( 4238): Skipped 78 frames!  The application may be doing too much work on its main thread.
W/cr_BindingManager( 4238): Cannot call determinedVisibility() - never saw a connection for the pid: 4238
I/org.umd.logging( 4238): Api > 1 java.lang.Thread.start(java.lang.Thread@81106482<thread=2069>)
I/org.umd.logging( 4238): Api < 1 java.lang.Thread.start()
W/cr_BindingManager( 4238): Cannot call determinedVisibility() - never saw a connection for the pid: 4238
I/org.umd.logging( 4238): Method > 2070 com.jirbo.adcolony.p$1.run(com.jirbo.adcolony.p$1@46010681)
W/cr_BindingManager( 4238): Cannot call determinedVisibility() - never saw a connection for the pid: 4238
D/GooglePlayPaymentProvider( 4238): onServiceConnected()
I/Finsky  ( 3464): [2041] com.google.android.finsky.billing.iab.s.a(196): com.rovio.angrybirds: Account from first account - [H2HZkLhZAwneGgDylh5vNEKO7fg]
D/GooglePlayPaymentProvider( 4238): runRequest(): running immediately
I/org.umd.logging( 4238): Api > 1 java.lang.Thread.start(java.lang.Thread@524477310<thread=2071>)
I/org.umd.logging( 4238): Api < 1 java.lang.Thread.start()
E/chromium( 4238): [ERROR:interface_registry.cc(99)] Failed to locate a binder for interface: autofill::mojom::AutofillDriver
E/chromium( 4238): [ERROR:interface_registry.cc(99)] Failed to locate a binder for interface: autofill::mojom::AutofillDriver
I/org.umd.logging( 4238): Api > 2070 android.net.ConnectivityManager.getActiveNetworkInfo(android.net.ConnectivityManager@103875590)
I/org.umd.logging( 4238): Api < 2070 android.net.ConnectivityManager.getActiveNetworkInfo(android.net.NetworkInfo@574583007)
I/org.umd.logging( 4238): Api > 2070 android.net.ConnectivityManager.getActiveNetworkInfo(android.net.ConnectivityManager@103875590)
I/org.umd.logging( 4238): Method > 2071 com.rovio.rcs.payment.google.GooglePlayPaymentProvider$GetSkuDetailsRequest.run(com.rovio.rcs.payment.google.GooglePlayPaymentProvider$GetSkuDetailsRequest@887457781)
I/org.umd.logging( 4238): Api < 2070 android.net.ConnectivityManager.getActiveNetworkInfo(android.net.NetworkInfo@296073610)
I/org.umd.logging( 4238): Api > 2070 android.net.ConnectivityManager.getActiveNetworkInfo(android.net.ConnectivityManager@103875590)
I/org.umd.logging( 4238): Api < 2070 android.net.ConnectivityManager.getActiveNetworkInfo(android.net.NetworkInfo@215235579)
I/org.umd.logging( 4238): Api > 2070 android.net.ConnectivityManager.getActiveNetworkInfo(android.net.ConnectivityManager@103875590)
I/Finsky  ( 3464): [2009] com.google.android.finsky.billing.iab.s.a(196): com.rovio.angrybirds: Account from first account - [H2HZkLhZAwneGgDylh5vNEKO7fg]
I/org.umd.logging( 4238): Api < 2070 android.net.ConnectivityManager.getActiveNetworkInfo(android.net.NetworkInfo@1069954072)
I/org.umd.logging( 4238): Api > 2070 android.net.ConnectivityManager.getActiveNetworkInfo(android.net.ConnectivityManager@103875590)
I/org.umd.logging( 4238): Api < 2070 android.net.ConnectivityManager.getActiveNetworkInfo(android.net.NetworkInfo@768847473)
I/org.umd.logging( 4238): Api > 2070 android.net.ConnectivityManager.getActiveNetworkInfo(android.net.ConnectivityManager@103875590)
I/org.umd.logging( 4238): Api < 2070 android.net.ConnectivityManager.getActiveNetworkInfo(android.net.NetworkInfo@514712662)
I/org.umd.logging( 4238): Api > 2070 android.net.ConnectivityManager.getActiveNetworkInfo(android.net.ConnectivityManager@103875590)
I/org.umd.logging( 4238): Api < 2070 android.net.ConnectivityManager.getActiveNetworkInfo(android.net.NetworkInfo@1008770263)
I/org.umd.logging( 4238): Api > 2070 android.net.ConnectivityManager.getActiveNetworkInfo(android.net.ConnectivityManager@103875590)
I/org.umd.logging( 4238): Api < 2070 android.net.ConnectivityManager.getActiveNetworkInfo(android.net.NetworkInfo@787904964)
I/org.umd.logging( 4238): Api > 2070 android.net.ConnectivityManager.getActiveNetworkInfo(android.net.ConnectivityManager@103875590)
I/org.umd.logging( 4238): Api < 2070 android.net.ConnectivityManager.getActiveNetworkInfo(android.net.NetworkInfo@161726637)
I/org.umd.logging( 4238): Api > 2070 android.net.ConnectivityManager.getActiveNetworkInfo(android.net.ConnectivityManager@103875590)
I/org.umd.logging( 4238): Api < 2070 android.net.ConnectivityManager.getActiveNetworkInfo(android.net.NetworkInfo@842788834)
I/org.umd.logging( 4238): Api > 2070 android.net.ConnectivityManager.getActiveNetworkInfo(android.net.ConnectivityManager@103875590)
I/org.umd.logging( 4238): Api < 2070 android.net.ConnectivityManager.getActiveNetworkInfo(android.net.NetworkInfo@292040563)
I/org.umd.logging( 4238): Api > 2070 android.net.ConnectivityManager.getActiveNetworkInfo(android.net.ConnectivityManager@103875590)
I/org.umd.logging( 4238): Api < 2070 android.net.ConnectivityManager.getActiveNetworkInfo(android.net.NetworkInfo@230911536)
I/org.umd.logging( 4238): Api > 2070 android.net.ConnectivityManager.getActiveNetworkInfo(android.net.ConnectivityManager@103875590)
I/org.umd.logging( 4238): Api < 2070 android.net.ConnectivityManager.getActiveNetworkInfo(android.net.NetworkInfo@283687593)
I/org.umd.logging( 4238): Api > 2070 android.net.ConnectivityManager.getActiveNetworkInfo(android.net.ConnectivityManager@103875590)
I/org.umd.logging( 4238): Api < 2070 android.net.ConnectivityManager.getActiveNetworkInfo(android.net.NetworkInfo@598550574)
I/org.umd.logging( 4238): Api > 2070 android.net.ConnectivityManager.getActiveNetworkInfo(android.net.ConnectivityManager@103875590)
I/org.umd.logging( 4238): Api < 2070 android.net.ConnectivityManager.getActiveNetworkInfo(android.net.NetworkInfo@881610703)
I/org.umd.logging( 4238): Api > 2070 android.net.ConnectivityManager.getActiveNetworkInfo(android.net.ConnectivityManager@103875590)
I/org.umd.logging( 4238): Api < 2070 android.net.ConnectivityManager.getActiveNetworkInfo(android.net.NetworkInfo@690568540)
I/org.umd.logging( 4238): Api > 2070 android.net.ConnectivityManager.getActiveNetworkInfo(android.net.ConnectivityManager@103875590)
I/org.umd.logging( 4238): Api < 2070 android.net.ConnectivityManager.getActiveNetworkInfo(android.net.NetworkInfo@677992549)
I/org.umd.logging( 4238): Api > 2070 android.net.ConnectivityManager.getActiveNetworkInfo(android.net.ConnectivityManager@103875590)
I/org.umd.logging( 4238): Api < 2070 android.net.ConnectivityManager.getActiveNetworkInfo(android.net.NetworkInfo@283613498)
I/org.umd.logging( 4238): Api > 2070 android.net.ConnectivityManager.getActiveNetworkInfo(android.net.ConnectivityManager@103875590)
I/org.umd.logging( 4238): Api < 2070 android.net.ConnectivityManager.getActiveNetworkInfo(android.net.NetworkInfo@2628075)
I/Finsky  ( 3464): [2010] com.google.android.finsky.billing.iab.s.a(196): com.rovio.angrybirds: Account from first account - [H2HZkLhZAwneGgDylh5vNEKO7fg]
I/org.umd.logging( 4238): Api > 2070 android.net.ConnectivityManager.getActiveNetworkInfo(android.net.ConnectivityManager@103875590)
I/org.umd.logging( 4238): Api < 2070 android.net.ConnectivityManager.getActiveNetworkInfo(android.net.NetworkInfo@1069208392)
I/org.umd.logging( 4238): Api > 2070 android.net.ConnectivityManager.getActiveNetworkInfo(android.net.ConnectivityManager@103875590)
I/org.umd.logging( 4238): Api < 2070 android.net.ConnectivityManager.getActiveNetworkInfo(android.net.NetworkInfo@10229217)
I/org.umd.logging( 4238): Api > 2070 java.lang.Thread.start(java.lang.Thread@505810694<thread=2072>)
I/org.umd.logging( 4238): Api < 2070 java.lang.Thread.start()
I/org.umd.logging( 4238): Api > 2070 java.lang.Thread.start(java.lang.Thread@325872071<thread=2073>)
I/org.umd.logging( 4238): Api < 2070 java.lang.Thread.start()
I/org.umd.logging( 4238): Method < 2070 com.jirbo.adcolony.p$1.run()
I/org.umd.logging( 4238): Method > 2073 com.jirbo.adcolony.ADCDownload.run(com.jirbo.adcolony.ADCDownload@14888733)
I/org.umd.logging( 4238): Api > 2073 java.net.URL.openConnection(java.net.URL@646190482<URL=https://events3alt.adcolony.com/t/5.0/session_start?pl=pKSFvL--MNWR4wGDWQ6zv6lgCN939bQjF48yTvfMYympn-k4WkTaN67w3B8Crkz6qJmowbby0b7p6nFdZKfu8WkORYjBXWihAB0MxXjcv_SPjUT-BjJrDxhdnbzZvPwvx4UBNP1xOTA2dpVHTE5lKsAIyr-bbwBhmXkKt4IHjHcQBvZ1_x1I0Rvoklw0mhEPuDqrM69woLpQ9ytpqr-X7_pMfz_NXeqKj6Cib1wYM-T3JxuKtQLzbw714-e5ZIGa8ksKZoSpm2VS18HyCUw23kOdg8uXf9aQxLhOie73xU6zW_COPStGGUviWI0qD7RTOqQx6y1TqfsO9x2KpLczxJ7r1VotP52wuRsKyPi1KTBTsylrr-nhU5q1gdXlYuB_JBGQXYvjX9W_>)
I/org.umd.logging( 4238): Api < 2073 java.net.URL.openConnection(com.android.okhttp.internal.http.HttpsURLConnectionImpl@633068387)
I/org.umd.logging( 4238): Method > 2072 com.jirbo.adcolony.ADCDownload.run(com.jirbo.adcolony.ADCDownload@526828384)
I/org.umd.logging( 4238): Api > 2073 java.net.URL.openConnection(java.net.URL@713596953<URL=https://events3alt.adcolony.com/t/5.0/session_start?pl=pKSFvL--MNWR4wGDWQ6zv6lgCN939bQjF48yTvfMYympn-k4WkTaN67w3B8Crkz6qJmowbby0b7p6nFdZKfu8WkORYjBXWihAB0MxXjcv_SPjUT-BjJrDxhdnbzZvPwvx4UBNP1xOTA2dpVHTE5lKsAIyr-bbwBhmXkKt4IHjHcQBvZ1_x1I0Rvoklw0mhEPuDqrM69woLpQ9ytpqr-X7_pMfz_NXeqKj6Cib1wYM-T3JxuKtQLzbw714-e5ZIGa8ksKZoSpm2VS18HyCUw23kOdg8uXf9aQxLhOie73xU6zW_COPStGGUviWI0qD7RTOqQx6y1TqfsO9x2KpLczxJ7r1VotP52wuRsKyPi1KTBTsylrr-nhU5q1gdXlYuB_JBGQXYvjX9W_>)
I/org.umd.logging( 4238): Api > 2072 java.net.URL.openConnection(java.net.URL@692713694<URL=https://events3.adcolony.com/t/5.0/install?pl=pKSFvL--MNWR4wGDWQ6zv6lgCN939bQjF48yTvfMYympn-k4WkTaN67w3B8Crkz6qJmowbby0b7p6nFdZKfu8WkORYjBXWihAB0MxXjcv_SPjUT-BjJrDxhdnbzZvPwvx4UBNP1xOTA2dpVHTE5lKsAIyr-bbwBhmXkKt4IHjHcQBvZ1_x1I0Rvoklw0mhEPuDqrM69woLpQ9ytpqr-X7_pMfz_NXeqKj6Cib1wYM-T3JxuKtQLzbw714-e5ZIGa8ksKZoSpm2VS18HyCUw23kOdg8uXf9aQxLhOie73xU6zW_COPStGGUviWI0qD7RTOqQx6y1TqfsO9x2KpLczxJ7r1VotP52wuRsKyPi1KTBTsylrr-nhU5q1gdXlYuB_JBGQXYvjX9W_>)
I/org.umd.logging( 4238): Api < 2072 java.net.URL.openConnection(com.android.okhttp.internal.http.HttpsURLConnectionImpl@939969215)
I/org.umd.logging( 4238): Api > 2072 java.net.URL.openConnection(java.net.URL@996455820<URL=https://events3.adcolony.com/t/5.0/install?pl=pKSFvL--MNWR4wGDWQ6zv6lgCN939bQjF48yTvfMYympn-k4WkTaN67w3B8Crkz6qJmowbby0b7p6nFdZKfu8WkORYjBXWihAB0MxXjcv_SPjUT-BjJrDxhdnbzZvPwvx4UBNP1xOTA2dpVHTE5lKsAIyr-bbwBhmXkKt4IHjHcQBvZ1_x1I0Rvoklw0mhEPuDqrM69woLpQ9ytpqr-X7_pMfz_NXeqKj6Cib1wYM-T3JxuKtQLzbw714-e5ZIGa8ksKZoSpm2VS18HyCUw23kOdg8uXf9aQxLhOie73xU6zW_COPStGGUviWI0qD7RTOqQx6y1TqfsO9x2KpLczxJ7r1VotP52wuRsKyPi1KTBTsylrr-nhU5q1gdXlYuB_JBGQXYvjX9W_>)
I/org.umd.logging( 4238): Api < 2073 java.net.URL.openConnection(com.android.okhttp.internal.http.HttpsURLConnectionImpl@796533973)
I/org.umd.logging( 4238): Api < 2072 java.net.URL.openConnection(com.android.okhttp.internal.http.HttpsURLConnectionImpl@1073267946)
I/Finsky  ( 3464): [2041] com.google.android.finsky.billing.iab.s.a(196): com.rovio.angrybirds: Account from first account - [H2HZkLhZAwneGgDylh5vNEKO7fg]
I/Finsky  ( 3464): [2009] com.google.android.finsky.billing.iab.s.a(196): com.rovio.angrybirds: Account from first account - [H2HZkLhZAwneGgDylh5vNEKO7fg]
E/chromium( 4238): [ERROR:interface_registry.cc(99)] Failed to locate a binder for interface: autofill::mojom::AutofillDriver
I/org.umd.logging( 4238): Method > 2070 com.jirbo.adcolony.p$1.run(com.jirbo.adcolony.p$1@46010681)
I/org.umd.logging( 4238): Api > 2070 android.net.ConnectivityManager.getActiveNetworkInfo(android.net.ConnectivityManager@103875590)
I/org.umd.logging( 4238): Api < 2070 android.net.ConnectivityManager.getActiveNetworkInfo(android.net.NetworkInfo@689325494)
I/org.umd.logging( 4238): Method < 2070 com.jirbo.adcolony.p$1.run()
I/Finsky  ( 3464): [2010] com.google.android.finsky.billing.iab.s.a(196): com.rovio.angrybirds: Account from first account - [H2HZkLhZAwneGgDylh5vNEKO7fg]
I/org.umd.logging( 4238): Method < 2072 com.jirbo.adcolony.ADCDownload.run()
I/org.umd.logging( 4238): Method < 2073 com.jirbo.adcolony.ADCDownload.run()
W/cr_BindingManager( 4238): Cannot call determinedVisibility() - never saw a connection for the pid: 4238
I/Finsky  ( 3464): [2041] com.google.android.finsky.billing.iab.s.a(196): com.rovio.angrybirds: Account from first account - [H2HZkLhZAwneGgDylh5vNEKO7fg]
E/chromium( 4238): [ERROR:interface_registry.cc(99)] Failed to locate a binder for interface: autofill::mojom::AutofillDriver
I/org.umd.logging( 4238): Method > 2023 com.rovio.rcs.ads.WebViewWrapper$13.run(com.rovio.rcs.ads.WebViewWrapper$13@488253988)
I/org.umd.logging( 4238): Method < 2023 com.rovio.rcs.ads.WebViewWrapper$13.run()
I/org.umd.logging( 4238): Method > 2023 com.rovio.rcs.ads.WebViewWrapper$13.run(com.rovio.rcs.ads.WebViewWrapper$13@416487821)
I/org.umd.logging( 4238): Method < 2023 com.rovio.rcs.ads.WebViewWrapper$13.run()
I/org.umd.logging( 4238): Method > 2023 com.rovio.rcs.ads.WebViewWrapper$13.run(com.rovio.rcs.ads.WebViewWrapper$13@867764034)
I/org.umd.logging( 4238): Method < 2023 com.rovio.rcs.ads.WebViewWrapper$13.run()
I/org.umd.logging( 4238): Method > 2023 com.rovio.rcs.ads.WebViewWrapper$13.run(com.rovio.rcs.ads.WebViewWrapper$13@84566867)
I/org.umd.logging( 4238): Method < 2023 com.rovio.rcs.ads.WebViewWrapper$13.run()
I/org.umd.logging( 4238): Method > 2070 com.jirbo.adcolony.p$1.run(com.jirbo.adcolony.p$1@46010681)
I/org.umd.logging( 4238): Api > 2070 android.net.ConnectivityManager.getActiveNetworkInfo(android.net.ConnectivityManager@103875590)
I/org.umd.logging( 4238): Api < 2070 android.net.ConnectivityManager.getActiveNetworkInfo(android.net.NetworkInfo@887211152)
I/org.umd.logging( 4238): Api > 2070 android.net.ConnectivityManager.getActiveNetworkInfo(android.net.ConnectivityManager@103875590)
I/org.umd.logging( 4238): Api < 2070 android.net.ConnectivityManager.getActiveNetworkInfo(android.net.NetworkInfo@627360137)
I/org.umd.logging( 4238): Api > 2070 android.net.ConnectivityManager.getActiveNetworkInfo(android.net.ConnectivityManager@103875590)
I/org.umd.logging( 4238): Api < 2070 android.net.ConnectivityManager.getActiveNetworkInfo(android.net.NetworkInfo@399791502)
I/org.umd.logging( 4238): Method < 2070 com.jirbo.adcolony.p$1.run()
I/org.umd.logging( 4238): Method > 2023 com.rovio.rcs.ads.AdsSdk$7.run(com.rovio.rcs.ads.AdsSdk$7@356948412)
W/EventProcessor( 4238): doListen: unnamed event, id = 169
I/org.umd.logging( 4238): Method < 2023 com.rovio.rcs.ads.AdsSdk$7.run()
I/org.umd.logging( 4238): Method > 2023 com.rovio.rcs.ads.AdsSdk$7.run(com.rovio.rcs.ads.AdsSdk$7@894364997)
W/EventProcessor( 4238): doListen: unnamed event, id = 170
I/org.umd.logging( 4238): Method < 2023 com.rovio.rcs.ads.AdsSdk$7.run()
I/org.umd.logging( 4238): Method > 2023 com.rovio.rcs.ads.AdsSdk$7.run(com.rovio.rcs.ads.AdsSdk$7@121912474)
W/EventProcessor( 4238): doListen: unnamed event, id = 171
I/org.umd.logging( 4238): Method < 2023 com.rovio.rcs.ads.AdsSdk$7.run()
I/org.umd.logging( 4238): Method > 2023 com.rovio.rcs.ads.AdsSdk$7.run(com.rovio.rcs.ads.AdsSdk$7@463530443)
W/EventProcessor( 4238): doListen: unnamed event, id = 172
I/org.umd.logging( 4238): Method < 2023 com.rovio.rcs.ads.AdsSdk$7.run()
W/art     ( 4238): Attempt to remove local handle scope entry from IRT, ignoring
I/org.umd.logging( 4238): Method < 2071 com.rovio.rcs.payment.google.GooglePlayPaymentProvider$GetSkuDetailsRequest.run()
E/Cataloger( 6490): syncFile:/storage/emulated/0/2016-12-13_04:59:58.190.jpg
D/GooglePlayPaymentProvider( 4238): runRequest(): running immediately
I/org.umd.logging( 4238): Api > 2023 java.lang.Thread.start(java.lang.Thread@683775400<thread=2074>)
I/org.umd.logging( 4238): Api < 2023 java.lang.Thread.start()
I/org.umd.logging( 4238): Method > 2070 com.jirbo.adcolony.p$1.run(com.jirbo.adcolony.p$1@46010681)
I/org.umd.logging( 4238): Method < 2070 com.jirbo.adcolony.p$1.run()
I/org.umd.logging( 4238): Method > 2074 com.rovio.rcs.payment.google.GooglePlayPaymentProvider$GetPurchasesRequest.run(com.rovio.rcs.payment.google.GooglePlayPaymentProvider$GetPurchasesRequest@60393574)
D/GooglePlayPaymentProvider( 4238): restorePurchases()
I/Finsky  ( 3464): [2009] com.google.android.finsky.billing.iab.s.a(196): com.rovio.angrybirds: Account from first account - [H2HZkLhZAwneGgDylh5vNEKO7fg]
I/org.umd.logging( 4238): Method < 2074 com.rovio.rcs.payment.google.GooglePlayPaymentProvider$GetPurchasesRequest.run()
W/ResourceType( 4238): No known package when getting name for resource number 0xffffffff
I/org.umd.logging( 4238): Method > 1 com.rovio.fusion.MySurfaceView.onTouchEvent(com.rovio.fusion.MySurfaceView@811294676<file=2016-12-13_04:59:58.190><x=0><y=0><width=1280><height=768><id=-1>, android.view.MotionEvent@210403325)
E/Cataloger( 6490): syncFile:/storage/emulated/0/2016-12-13_04:59:58.190.jpg
I/org.umd.logging( 4238): Method > 1 com.rovio.fusion.InputDelegator.onTouchEvent(com.rovio.fusion.InputDelegator@29542211, android.view.MotionEvent@210403325)
I/org.umd.logging( 4238): Method < 1 com.rovio.fusion.InputDelegator.onTouchEvent(true)
I/org.umd.logging( 4238): Method < 1 com.rovio.fusion.MySurfaceView.onTouchEvent(true)
E/Cataloger( 6490): syncFile:/storage/emulated/0/2016-12-13_04:59:58.384.jpg
W/ResourceType( 4238): No known package when getting name for resource number 0xffffffff
I/org.umd.logging( 4238): Method > 1 com.rovio.fusion.MySurfaceView.onTouchEvent(com.rovio.fusion.MySurfaceView@811294676<file=2016-12-13_04:59:58.384><x=0><y=0><width=1280><height=768><id=-1>, android.view.MotionEvent@210403325)
E/Cataloger( 6490): syncFile:/storage/emulated/0/2016-12-13_04:59:58.384.jpg
I/org.umd.logging( 4238): Method > 1 com.rovio.fusion.InputDelegator.onTouchEvent(com.rovio.fusion.InputDelegator@29542211, android.view.MotionEvent@210403325)
I/org.umd.logging( 4238): Method < 1 com.rovio.fusion.InputDelegator.onTouchEvent(true)
I/org.umd.logging( 4238): Method < 1 com.rovio.fusion.MySurfaceView.onTouchEvent(true)
I/org.umd.logging( 4238): Method > 2070 com.jirbo.adcolony.p$1.run(com.jirbo.adcolony.p$1@46010681)
I/org.umd.logging( 4238): Method < 2070 com.jirbo.adcolony.p$1.run()
E/Cataloger( 6490): syncFile:/storage/emulated/0/2016-12-13_04:59:58.545.jpg
I/DeviceStateChecker( 7766): screenOn: true, isCharging: true
W/ResourceType( 4238): No known package when getting name for resource number 0xffffffff
I/org.umd.logging( 4238): Method > 1 com.rovio.fusion.MySurfaceView.onTouchEvent(com.rovio.fusion.MySurfaceView@811294676<file=2016-12-13_04:59:58.545><x=0><y=0><width=1280><height=768><id=-1>, android.view.MotionEvent@210403325)
E/Cataloger( 6490): syncFile:/storage/emulated/0/2016-12-13_04:59:58.545.jpg
I/org.umd.logging( 4238): Method > 1 com.rovio.fusion.InputDelegator.onTouchEvent(com.rovio.fusion.InputDelegator@29542211, android.view.MotionEvent@210403325)
I/org.umd.logging( 4238): Method < 1 com.rovio.fusion.InputDelegator.onTouchEvent(true)
I/org.umd.logging( 4238): Method < 1 com.rovio.fusion.MySurfaceView.onTouchEvent(true)
I/Choreographer( 4238): Skipped 31 frames!  The application may be doing too much work on its main thread.
I/org.umd.logging( 4238): Method > 2070 com.jirbo.adcolony.p$1.run(com.jirbo.adcolony.p$1@46010681)
I/org.umd.logging( 4238): Method < 2070 com.jirbo.adcolony.p$1.run()
I/org.umd.logging( 4238): Method > 2070 com.jirbo.adcolony.p$1.run(com.jirbo.adcolony.p$1@46010681)
I/org.umd.logging( 4238): Method < 2070 com.jirbo.adcolony.p$1.run()
I/org.umd.logging( 4238): Method > 2070 com.jirbo.adcolony.p$1.run(com.jirbo.adcolony.p$1@46010681)
I/org.umd.logging( 4238): Method < 2070 com.jirbo.adcolony.p$1.run()
I/org.umd.logging( 4238): Method > 2070 com.jirbo.adcolony.p$1.run(com.jirbo.adcolony.p$1@46010681)
I/org.umd.logging( 4238): Method < 2070 com.jirbo.adcolony.p$1.run()
I/org.umd.logging( 4238): Method > 2070 com.jirbo.adcolony.p$1.run(com.jirbo.adcolony.p$1@46010681)
I/org.umd.logging( 4238): Method < 2070 com.jirbo.adcolony.p$1.run()
I/org.umd.logging( 4238): Method > 2070 com.jirbo.adcolony.p$1.run(com.jirbo.adcolony.p$1@46010681)
I/org.umd.logging( 4238): Method < 2070 com.jirbo.adcolony.p$1.run()
I/org.umd.logging( 4238): Method > 2070 com.jirbo.adcolony.p$1.run(com.jirbo.adcolony.p$1@46010681)
I/org.umd.logging( 4238): Method < 2070 com.jirbo.adcolony.p$1.run()
I/org.umd.logging( 4238): Api > 2069 android.net.ConnectivityManager.getActiveNetworkInfo(android.net.ConnectivityManager@103875590)
I/org.umd.logging( 4238): Method > 2070 com.jirbo.adcolony.p$1.run(com.jirbo.adcolony.p$1@46010681)
I/org.umd.logging( 4238): Method < 2070 com.jirbo.adcolony.p$1.run()
I/org.umd.logging( 4238): Api < 2069 android.net.ConnectivityManager.getActiveNetworkInfo(android.net.NetworkInfo@964129216)
I/org.umd.logging( 4238): Method > 2070 com.jirbo.adcolony.p$1.run(com.jirbo.adcolony.p$1@46010681)
I/org.umd.logging( 4238): Method < 2070 com.jirbo.adcolony.p$1.run()
I/DownloadManagerWrapper(  949): onReceive() : Charging = true
I/org.umd.logging( 4238): Method > 2070 com.jirbo.adcolony.p$1.run(com.jirbo.adcolony.p$1@46010681)
I/org.umd.logging( 4238): Method < 2070 com.jirbo.adcolony.p$1.run()
I/org.umd.logging( 4238): Method > 2070 com.jirbo.adcolony.p$1.run(com.jirbo.adcolony.p$1@46010681)
I/org.umd.logging( 4238): Method < 2070 com.jirbo.adcolony.p$1.run()
I/org.umd.logging( 4238): Method > 2070 com.jirbo.adcolony.p$1.run(com.jirbo.adcolony.p$1@46010681)
I/org.umd.logging( 4238): Method < 2070 com.jirbo.adcolony.p$1.run()
I/org.umd.logging( 4238): Method > 2070 com.jirbo.adcolony.p$1.run(com.jirbo.adcolony.p$1@46010681)
I/org.umd.logging( 4238): Method < 2070 com.jirbo.adcolony.p$1.run()
E/Cataloger( 6490): syncFile:/storage/emulated/0/2016-12-13_05:00:01.745.jpg
W/ResourceType( 4238): No known package when getting name for resource number 0xffffffff
I/org.umd.logging( 4238): Method > 1 com.rovio.fusion.MySurfaceView.onTouchEvent(com.rovio.fusion.MySurfaceView@811294676<file=2016-12-13_05:00:01.745><x=0><y=0><width=1280><height=768><id=-1>, android.view.MotionEvent@210403325)
I/org.umd.logging( 4238): Method > 1 com.rovio.fusion.InputDelegator.onTouchEvent(com.rovio.fusion.InputDelegator@29542211, android.view.MotionEvent@210403325)
I/org.umd.logging( 4238): Method < 1 com.rovio.fusion.InputDelegator.onTouchEvent(true)
I/org.umd.logging( 4238): Method < 1 com.rovio.fusion.MySurfaceView.onTouchEvent(true)
E/Cataloger( 6490): syncFile:/storage/emulated/0/2016-12-13_05:00:01.745.jpg
E/Cataloger( 6490): syncFile:/storage/emulated/0/2016-12-13_05:00:01.940.jpg
I/org.umd.logging( 4238): Method > 2070 com.jirbo.adcolony.p$1.run(com.jirbo.adcolony.p$1@46010681)
I/org.umd.logging( 4238): Method < 2070 com.jirbo.adcolony.p$1.run()
W/ResourceType( 4238): No known package when getting name for resource number 0xffffffff
I/org.umd.logging( 4238): Method > 1 com.rovio.fusion.MySurfaceView.onTouchEvent(com.rovio.fusion.MySurfaceView@811294676<file=2016-12-13_05:00:01.940><x=0><y=0><width=1280><height=768><id=-1>, android.view.MotionEvent@210403325)
I/org.umd.logging( 4238): Method > 1 com.rovio.fusion.InputDelegator.onTouchEvent(com.rovio.fusion.InputDelegator@29542211, android.view.MotionEvent@210403325)
E/Cataloger( 6490): syncFile:/storage/emulated/0/2016-12-13_05:00:01.940.jpg
I/org.umd.logging( 4238): Method < 1 com.rovio.fusion.InputDelegator.onTouchEvent(true)
I/org.umd.logging( 4238): Method < 1 com.rovio.fusion.MySurfaceView.onTouchEvent(true)
E/Cataloger( 6490): syncFile:/storage/emulated/0/2016-12-13_05:00:02.108.jpg
W/ResourceType( 4238): No known package when getting name for resource number 0xffffffff
I/org.umd.logging( 4238): Method > 1 com.rovio.fusion.MySurfaceView.onTouchEvent(com.rovio.fusion.MySurfaceView@811294676<file=2016-12-13_05:00:02.108><x=0><y=0><width=1280><height=768><id=-1>, android.view.MotionEvent@210403325)
E/Cataloger( 6490): syncFile:/storage/emulated/0/2016-12-13_05:00:02.108.jpg
I/org.umd.logging( 4238): Method > 1 com.rovio.fusion.InputDelegator.onTouchEvent(com.rovio.fusion.InputDelegator@29542211, android.view.MotionEvent@210403325)
I/org.umd.logging( 4238): Method < 1 com.rovio.fusion.InputDelegator.onTouchEvent(true)
I/org.umd.logging( 4238): Method < 1 com.rovio.fusion.MySurfaceView.onTouchEvent(true)
I/Choreographer( 4238): Skipped 32 frames!  The application may be doing too much work on its main thread.
I/org.umd.logging( 4238): Api > 2023 android.content.Intent.<init>(android.content.Intent@323086828, "android.intent.action.VIEW", android.net.Uri$StringUri@1073021002<URI=market://details?id=com.rovio.baba>)
I/org.umd.logging( 4238): Api < 2023 android.content.Intent.<init>(android.content.Intent@323086828)
I/ActivityManager(  594): START u0 {act=android.intent.action.VIEW dat=market://details?id=com.rovio.baba cmp=com.android.vending/com.google.android.finsky.activities.LaunchUrlHandlerActivity} from uid 10245 on display 0
V/WindowManager(  594): addAppToken: AppWindowToken{3ea2294d token=Token{3d00a0e4 ActivityRecord{1e2c6c77 u0 com.android.vending/com.google.android.finsky.activities.LaunchUrlHandlerActivity t23}}} to stack=1 task=23 at 1
I/org.umd.logging( 4238): Method > 1 com.rovio.fusion.App.onPause(com.rovio.fusion.App@410649080<activity=true>)
I/AdColony( 4238): [ADC] AdColony pause called.
I/org.umd.logging( 4238): Method > 2039 com.flurry.sdk.lw.run(com.flurry.sdk.kb$1@614718395)
I/org.umd.logging( 4238): Method < 2039 com.flurry.sdk.lw.run()
I/org.umd.logging( 4238): Method > 2070 com.jirbo.adcolony.p$1.run(com.jirbo.adcolony.p$1@46010681)
I/org.umd.logging( 4238): Method < 2070 com.jirbo.adcolony.p$1.run()
E/Cataloger( 6490): syncFile:/storage/emulated/0/2016-12-13_05:00:02.318.jpg
W/ResourceType( 4238): No known package when getting name for resource number 0xffffffff
I/org.umd.logging( 4238): Method > 1 com.rovio.fusion.MySurfaceView.onPause(com.rovio.fusion.MySurfaceView@811294676<file=2016-12-13_05:00:02.318><x=0><y=0><width=1280><height=768><id=-1>)
E/Cataloger( 6490): syncFile:/storage/emulated/0/2016-12-13_05:00:02.318.jpg
I/org.umd.logging( 4238): Method > 2023 com.rovio.fusion.MySurfaceView$1.run(com.rovio.fusion.MySurfaceView$1@798340145)
I/org.umd.logging( 4238): Method > 2023 com.rovio.fusion.MyRenderer.onPause(com.rovio.fusion.MyRenderer@939042112)
I/org.umd.logging( 4238): Method > 2023 com.rovio.fusion.SingleThreadWrapper.onPause(com.rovio.fusion.SingleThreadWrapper@784358846)
I/org.umd.logging( 4238): Method > 2070 com.jirbo.adcolony.p$1.run(com.jirbo.adcolony.p$1@46010681)
I/org.umd.logging( 4238): Method < 2070 com.jirbo.adcolony.p$1.run()
W/ActivityManager(  594): Activity pause timeout for ActivityRecord{1af747c7 u0 com.rovio.angrybirds/com.rovio.fusion.App t23}
I/org.umd.logging( 4238): Method > 2070 com.jirbo.adcolony.p$1.run(com.jirbo.adcolony.p$1@46010681)
I/org.umd.logging( 4238): Method < 2070 com.jirbo.adcolony.p$1.run()
D/OpenGLRenderer( 3464): Use EGL_SWAP_BEHAVIOR_PRESERVED: true
D/Atlas   ( 3464): Validating map...
V/WindowManager(  594): Adding window Window{3e59164e u0 com.android.vending/com.google.android.finsky.activities.LaunchUrlHandlerActivity} at 5 of 11 (after Window{2f7bb0b7 u0 com.rovio.angrybirds/com.rovio.fusion.App})
E/Finsky  ( 3464): [1] com.google.android.finsky.activities.LaunchUrlHandlerActivity.a(229): Launch URL without continue URL
I/ActivityManager(  594): START u0 {act=android.intent.action.VIEW dat=http://market.android.com/details?id=com.rovio.baba cmp=com.android.vending/com.google.android.finsky.activities.MainActivity (has extras)} from uid 10018 on display 0
I/org.umd.logging( 4986): Method > 1 com.cleanmaster.base.crash.util.debug.b.run(com.cleanmaster.base.crash.util.debug.b@453239735)
I/org.umd.logging( 4986): Method < 1 com.cleanmaster.base.crash.util.debug.b.run()
V/WindowManager(  594): addAppToken: AppWindowToken{c783505 token=Token{372d287c ActivityRecord{3f0e736f u0 com.android.vending/com.google.android.finsky.activities.MainActivity t24}}} to stack=1 task=24 at 0
V/WindowManager(  594): Adding window Window{37400b14 u0 Starting com.android.vending} at 6 of 12 (after Window{3e59164e u0 com.android.vending/com.google.android.finsky.activities.LaunchUrlHandlerActivity})
I/Adreno-EGL( 3464): <qeglDrvAPI_eglInitialize:379>: QUALCOMM Build: 01/15/15, ab0075f, Id3510ff6dc
I/OpenGLRenderer( 3464): Initialized EGL, version 1.4
I/org.umd.logging( 4238): Method < 2023 com.rovio.fusion.SingleThreadWrapper.onPause()
I/org.umd.logging( 4238): Method < 2023 com.rovio.fusion.MyRenderer.onPause()
I/org.umd.logging( 4238): Method < 2023 com.rovio.fusion.MySurfaceView$1.run()
I/org.umd.logging( 4238): Method < 1 com.rovio.fusion.MySurfaceView.onPause()
I/org.umd.logging( 4238): Method > 1 com.rovio.fusion.Globals.onPause()
I/org.umd.logging( 4238): Method > 1 com.rovio.fusion.Globals$CompatWrapper.onPause(com.rovio.fusion.Globals$CompatWrapper@500016444)
I/org.umd.logging( 4238): Method > 1 com.rovio.fusion.HockeyAppWrapper.onPause(com.rovio.fusion.HockeyAppWrapper@366753766)
I/org.umd.logging( 4238): Method < 1 com.rovio.fusion.HockeyAppWrapper.onPause()
I/org.umd.logging( 4238): Method < 1 com.rovio.fusion.Globals$CompatWrapper.onPause()
I/org.umd.logging( 4238): Method > 1 com.rovio.fusion.ActivityListener.onPause(com.rovio.fusion.MyInputHandler@177402906)
I/org.umd.logging( 4238): Method < 1 com.rovio.fusion.ActivityListener.onPause()
I/org.umd.logging( 4238): Method > 1 com.rovio.fusion.Globals$CompatWrapper.onPause(com.rovio.fusion.Globals$CompatWrapper@780850966)
I/org.umd.logging( 4238): Method > 1 com.rovio.fusion.VideoPlayerBridge.onPause(com.rovio.fusion.VideoPlayerBridge@941460100)
I/org.umd.logging( 4238): Method < 1 com.rovio.fusion.VideoPlayerBridge.onPause()
I/org.umd.logging( 4238): Method < 1 com.rovio.fusion.Globals$CompatWrapper.onPause()
I/org.umd.logging( 4238): Method > 1 com.rovio.fusion.Globals$CompatWrapper.onPause(com.rovio.fusion.Globals$CompatWrapper@182477421)
I/org.umd.logging( 4238): Method > 1 com.rovio.fusion.LocalNotificationsWrapper.onPause(com.rovio.fusion.LocalNotificationsWrapper@672401203)
I/org.umd.logging( 4238): Method < 1 com.rovio.fusion.LocalNotificationsWrapper.onPause()
I/org.umd.logging( 4238): Method < 1 com.rovio.fusion.Globals$CompatWrapper.onPause()
I/org.umd.logging( 4238): Method > 1 com.rovio.fusion.Globals$CompatWrapper.onPause(com.rovio.fusion.Globals$CompatWrapper@791333616)
I/org.umd.logging( 4238): Method > 1 com.rovio.rcs.apptrack.AppTrackSdk.onPause(com.rovio.rcs.apptrack.AppTrackSdk@912110318)
I/org.umd.logging( 4238): Method < 1 com.rovio.rcs.apptrack.AppTrackSdk.onPause()
I/org.umd.logging( 4238): Method < 1 com.rovio.fusion.Globals$CompatWrapper.onPause()
I/org.umd.logging( 4238): Method > 1 com.rovio.fusion.Globals$CompatWrapper.onPause(com.rovio.fusion.Globals$CompatWrapper@75359119)
I/org.umd.logging( 4238): Method > 1 com.rovio.rcs.socialnetwork.FacebookService.onPause(com.rovio.rcs.socialnetwork.FacebookService@81818149)
D/FACEBOOK( 4238): onPause
I/org.umd.logging( 4238): Method < 1 com.rovio.rcs.socialnetwork.FacebookService.onPause()
D/OpenGLRenderer( 3464): Enabling debug mode 0
I/org.umd.logging( 4238): Method < 1 com.rovio.fusion.Globals$CompatWrapper.onPause()
I/org.umd.logging( 4238): Method > 1 com.rovio.fusion.Globals$CompatWrapper.onPause(com.rovio.fusion.Globals$CompatWrapper@603328506)
I/org.umd.logging( 4238): Method > 1 com.rovio.fusion.RemoteNotificationsClientWrapper.onPause(com.rovio.fusion.RemoteNotificationsClientWrapper@697894920)
I/org.umd.logging( 4238): Method < 1 com.rovio.fusion.RemoteNotificationsClientWrapper.onPause()
I/org.umd.logging( 4238): Method < 1 com.rovio.fusion.Globals$CompatWrapper.onPause()
I/org.umd.logging( 4238): Method > 1 com.rovio.fusion.Globals$CompatWrapper.onPause(com.rovio.fusion.Globals$CompatWrapper@348851105)
I/org.umd.logging( 4238): Method > 1 com.rovio.rcs.apptrack.ComScoreSdk$1.onPause(com.rovio.rcs.apptrack.ComScoreSdk$1@503625095)
I/org.umd.logging( 4238): Method > 1 com.comscore.utils.task.TaskExecutor.execute(com.comscore.utils.task.TaskExecutor@654289792, com.comscore.analytics.ad@644595933, true)
I/org.umd.logging( 4238): Method > 1 com.comscore.utils.task.TaskExecutor.execute(com.comscore.utils.task.TaskExecutor@654289792, com.comscore.analytics.ad@644595933, 0, null)
I/org.umd.logging( 4238): Method > 1 com.comscore.utils.task.TaskExecutor.execute(com.comscore.utils.task.TaskExecutor@654289792, com.comscore.analytics.ad@644595933, 0, false, 0, null, null)
I/org.umd.logging( 4238): Method > 2043 com.comscore.utils.task.TaskThread.run(com.comscore.utils.task.TaskThread@62617778<thread=2043>)
I/org.umd.logging( 4238): Method > 2043 com.comscore.utils.task.a.run(com.comscore.utils.task.a@949134418)
I/org.umd.logging( 4238): Method > 2043 com.comscore.analytics.ad.run(com.comscore.analytics.ad@644595933)
I/org.umd.logging( 4238): Method > 2043 com.comscore.utils.task.TaskExecutor.execute(com.comscore.utils.task.TaskExecutor@654289792, com.comscore.analytics.af@770515747, 300, null)
I/org.umd.logging( 4238): Method > 2043 com.comscore.utils.task.TaskExecutor.execute(com.comscore.utils.task.TaskExecutor@654289792, com.comscore.analytics.af@770515747, 300, false, 0, null, null)
I/org.umd.logging( 4238): Method < 2043 com.comscore.utils.task.TaskExecutor.execute(true)
I/org.umd.logging( 4238): Method < 2043 com.comscore.utils.task.TaskExecutor.execute(true)
I/org.umd.logging( 4238): Method < 2043 com.comscore.analytics.ad.run()
I/org.umd.logging( 4238): Method < 2043 com.comscore.utils.task.a.run()
I/org.umd.logging( 4238): Method > 2043 com.comscore.utils.task.TaskThread.run(com.comscore.utils.task.TaskThread@62617778<thread=2043>)
I/org.umd.logging( 4238): Method < 1 com.comscore.utils.task.TaskExecutor.execute(true)
I/org.umd.logging( 4238): Method < 1 com.comscore.utils.task.TaskExecutor.execute(true)
I/org.umd.logging( 4238): Method < 1 com.comscore.utils.task.TaskExecutor.execute(true)
I/org.umd.logging( 4238): Method < 1 com.rovio.rcs.apptrack.ComScoreSdk$1.onPause()
I/org.umd.logging( 4238): Method < 1 com.rovio.fusion.Globals$CompatWrapper.onPause()
I/org.umd.logging( 4238): Method > 1 com.rovio.fusion.Globals$CompatWrapper.onPause(com.rovio.fusion.Globals$CompatWrapper@515821600)
I/org.umd.logging( 4238): Method > 1 com.rovio.rcs.ads.AdsSdk.onPause(com.rovio.rcs.ads.AdsSdk@764588958)
I/org.umd.logging( 4238): Method > 1 com.rovio.rcs.ads.AdColonySdk.onPause(com.rovio.rcs.ads.AdColonySdk@722521676)
I/org.umd.logging( 4238): Method < 1 com.rovio.rcs.ads.AdColonySdk.onPause()
I/org.umd.logging( 4238): Method < 1 com.rovio.rcs.ads.AdsSdk.onPause()
I/org.umd.logging( 4238): Method < 1 com.rovio.fusion.Globals$CompatWrapper.onPause()
I/org.umd.logging( 4238): Method > 1 com.rovio.fusion.Globals$CompatWrapper.onPause(com.rovio.fusion.Globals$CompatWrapper@264973973)
I/org.umd.logging( 4238): Method > 1 com.rovio.rcs.ads.AdsSdk.onPause(com.rovio.rcs.ads.AdsSdk@1039297450)
I/org.umd.logging( 4238): Method > 1 com.rovio.rcs.ads.AdColonySdk.onPause(com.rovio.rcs.ads.AdColonySdk@746705819)
I/org.umd.logging( 4238): Method < 1 com.rovio.rcs.ads.AdColonySdk.onPause()
I/org.umd.logging( 4238): Method < 1 com.rovio.rcs.ads.AdsSdk.onPause()
I/org.umd.logging( 4238): Method < 1 com.rovio.fusion.Globals$CompatWrapper.onPause()
I/org.umd.logging( 4238): Method > 1 com.rovio.fusion.Globals$CompatWrapper.onPause(com.rovio.fusion.Globals$CompatWrapper@111313720)
I/org.umd.logging( 4238): Method > 1 com.rovio.rcs.ads.AdsSdk.onPause(com.rovio.rcs.ads.AdsSdk@209526545)
I/org.umd.logging( 4238): Method > 1 com.rovio.rcs.ads.AdColonySdk.onPause(com.rovio.rcs.ads.AdColonySdk@149133430)
I/org.umd.logging( 4238): Method < 1 com.rovio.rcs.ads.AdColonySdk.onPause()
I/org.umd.logging( 4238): Method < 1 com.rovio.rcs.ads.AdsSdk.onPause()
I/org.umd.logging( 4238): Method < 1 com.rovio.fusion.Globals$CompatWrapper.onPause()
I/org.umd.logging( 4238): Method > 1 com.rovio.fusion.Globals$CompatWrapper.onPause(com.rovio.fusion.Globals$CompatWrapper@44043895)
I/org.umd.logging( 4238): Method > 1 com.rovio.rcs.ads.AdsSdk.onPause(com.rovio.rcs.ads.AdsSdk@160996068)
I/org.umd.logging( 4238): Method > 1 com.rovio.rcs.ads.AdColonySdk.onPause(com.rovio.rcs.ads.AdColonySdk@92511053)
I/org.umd.logging( 4238): Method < 1 com.rovio.rcs.ads.AdColonySdk.onPause()
I/org.umd.logging( 4238): Method < 1 com.rovio.rcs.ads.AdsSdk.onPause()
I/org.umd.logging( 4238): Method < 1 com.rovio.fusion.Globals$CompatWrapper.onPause()
I/org.umd.logging( 4238): Method > 1 com.rovio.fusion.Globals$CompatWrapper.onPause(com.rovio.fusion.Globals$CompatWrapper@485017090)
I/org.umd.logging( 4238): Method > 1 com.rovio.rcs.payment.google.GooglePlayPaymentProvider.onPause(com.rovio.rcs.payment.google.GooglePlayPaymentProvider@383445991)
D/GooglePlayPaymentProvider( 4238): onPause(): unbind
I/org.umd.logging( 4238): Method < 1 com.rovio.rcs.payment.google.GooglePlayPaymentProvider.onPause()
I/org.umd.logging( 4238): Method < 1 com.rovio.fusion.Globals$CompatWrapper.onPause()
I/org.umd.logging( 4238): Method < 1 com.rovio.fusion.Globals.onPause()
I/org.umd.logging( 4238): Method < 1 com.rovio.fusion.App.onPause()
I/Choreographer( 4238): Skipped 38 frames!  The application may be doing too much work on its main thread.
W/Finsky  ( 3464): [1] com.google.android.finsky.b.s.a(263): No LoggingContext in the bundle, which breaks event chain!. Creating a new logging context.
I/org.umd.logging( 4238): Method > 1 com.rovio.fusion.App$1.onSystemUiVisibilityChange(com.rovio.fusion.App$1@123917676, 0)
I/org.umd.logging( 4238): Method < 1 com.rovio.fusion.App$1.onSystemUiVisibilityChange()
I/org.umd.logging( 4238): Method > 2070 com.jirbo.adcolony.p$1.run(com.jirbo.adcolony.p$1@46010681)
I/org.umd.logging( 4238): Method < 2070 com.jirbo.adcolony.p$1.run()
I/org.umd.logging( 4238): Method > 2043 com.comscore.utils.task.TaskThread.run(com.comscore.utils.task.TaskThread@62617778<thread=2043>)
I/org.umd.logging( 4238): Method > 2043 com.comscore.utils.task.a.run(com.comscore.utils.task.a@129401168)
I/org.umd.logging( 4238): Method > 2043 com.comscore.analytics.af.run(com.comscore.analytics.af@770515747)
D/KeepAlive( 4238): stop
D/KeepAlive( 4238): cancel()
D/KeepAlive( 4238): processKeepAlive(true) timeSinceLastTransmission=1481666389028 currentTimeout=86400000
I/org.umd.logging( 4238): Api > 2043 java.lang.Thread.start(java.lang.Thread@939237193<thread=2075>)
I/org.umd.logging( 4238): Api < 2043 java.lang.Thread.start()
I/org.umd.logging( 4238): Method < 2043 com.comscore.analytics.af.run()
I/org.umd.logging( 4238): Method < 2043 com.comscore.utils.task.a.run()
I/org.umd.logging( 4238): Method > 2043 com.comscore.utils.task.TaskThread.run(com.comscore.utils.task.TaskThread@62617778<thread=2043>)
I/org.umd.logging( 4238): Method > 2075 com.comscore.utils.d.run(com.comscore.utils.d@503730862)
I/Finsky  ( 3464): [1] com.google.android.finsky.utils.di.a(1045): Starting LocationRefresher
V/WindowManager(  594): Adding window Window{1d04e362 u0 com.android.vending/com.google.android.finsky.activities.MainActivity} at 6 of 13 (before Window{37400b14 u0 Starting com.android.vending})
I/Finsky  ( 3464): [1] com.google.android.finsky.selfupdate.f.a(165): Skipping DFE self-update. Local Version [80721300] >= Server Version [-1]
I/org.umd.logging( 4238): Method > 2070 com.jirbo.adcolony.p$1.run(com.jirbo.adcolony.p$1@46010681)
I/org.umd.logging( 4238): Method < 2070 com.jirbo.adcolony.p$1.run()
I/Finsky  ( 3464): [1] com.google.android.finsky.utils.ji.a(101): TOS is accepted (pref)
I/Finsky  ( 3464): [1] com.google.android.finsky.receivers.UpdateWidgetsReceiver.onReceive(38): Updated 0 MarketWidgetProvider widgets (com.google.android.finsky.action.TOC_SET)
I/Finsky  ( 3464): [1] com.google.android.finsky.receivers.UpdateWidgetsReceiver.onReceive(38): Updated 0 RecommendedWidgetProvider widgets (com.google.android.finsky.action.TOC_SET)
I/Finsky  ( 3464): [1] com.google.android.finsky.receivers.UpdateWidgetsReceiver.onReceive(38): Updated 0 NowPlayingWidgetProvider widgets (com.google.android.finsky.action.TOC_SET)
I/ActivityManager(  594): Displayed com.android.vending/com.google.android.finsky.activities.MainActivity: +556ms (total +712ms)
I/org.umd.logging( 4238): Method < 2075 com.comscore.utils.d.run()
I/org.umd.logging( 4238): Api > 2069 android.net.ConnectivityManager.getActiveNetworkInfo(android.net.ConnectivityManager@103875590)
I/org.umd.logging( 4238): Method > 2070 com.jirbo.adcolony.p$1.run(com.jirbo.adcolony.p$1@46010681)
I/org.umd.logging( 4238): Method < 2070 com.jirbo.adcolony.p$1.run()
I/org.umd.logging( 4238): Api < 2069 android.net.ConnectivityManager.getActiveNetworkInfo(android.net.NetworkInfo@1008812110)
W/Settings( 3464): Setting install_non_market_apps has moved from android.provider.Settings.Global to android.provider.Settings.Secure, returning read-only value.
W/Settings( 3464): Setting download_manager_max_bytes_over_mobile has moved from android.provider.Settings.Secure to android.provider.Settings.Global.
W/Finsky  ( 3464): [1] com.google.android.finsky.b.s.a(263): No LoggingContext in the bundle, which breaks event chain!. Creating a new logging context.
I/Finsky  ( 3464): [1] com.google.android.finsky.utils.dl.a(70): Connection with LocationServices established
W/GCoreFlp( 1301): No location to return for getLastLocation()
I/Finsky  ( 3464): [1] com.google.android.finsky.utils.dl.a(97): Requesting Location Updates; Interval: 300000
I/Finsky  ( 3464): [1] com.google.android.finsky.widget.a.onReceive(137): Received ACTION_APPWIDGET_UPDATE, updating 0 widgets.
W/GCoreFlp( 1301): No location to return for getLastLocation()
I/PlayCommon( 3464): [2030] com.google.android.play.a.g.e(853): Preparing logs for uploading
I/Finsky  ( 3464): [1] com.google.android.finsky.widget.a.onReceive(137): Received ACTION_APPWIDGET_UPDATE, updating 0 widgets.
I/PlayCommon( 3464): [1] com.google.android.play.dfe.api.b.a(20553): Not delivering second response for request=[[ ] https://android.clients.google.com/fdfe/api/userProfile 0xe8d195d1 NORMAL 14]
I/Finsky  ( 3464): [1] com.google.android.finsky.widget.a.onReceive(137): Received ACTION_APPWIDGET_UPDATE, updating 0 widgets.
W/Herrevad( 1667): Invalid mccmnc 
W/Herrevad( 1667): Invalid mccmnc 
I/org.umd.logging( 4238): Method > 2070 com.jirbo.adcolony.p$1.run(com.jirbo.adcolony.p$1@46010681)
I/org.umd.logging( 4238): Method < 2070 com.jirbo.adcolony.p$1.run()
I/art     ( 1301): Explicit concurrent mark sweep GC freed 25293(1351KB) AllocSpace objects, 0(0B) LOS objects, 39% free, 17MB/28MB, paused 2.014ms total 79.414ms
I/PlayCommon( 3464): [2030] com.google.android.play.a.g.a(993): Connecting to server: https://play.googleapis.com/play/log?format=raw&proto_v2=true
W/ResourceType(  738): No package identifier when getting value for resource number 0x00000000
W/PackageManager(  738): Failure retrieving resources for com.rovio.angrybirds: Resource ID #0x0
I/org.umd.logging( 4238): Method > 2039 com.flurry.sdk.lw.run(com.flurry.sdk.kb$1@1003874053)
I/org.umd.logging( 4238): Method < 2039 com.flurry.sdk.lw.run()
I/org.umd.logging( 4238): Method > 2039 com.flurry.sdk.lw.run(com.flurry.sdk.kb$1@425005914)
W/FlurryAgent( 4238): Flurry session paused for context:com.rovio.fusion.App@187a01f8
I/org.umd.logging( 4238): Method < 2039 com.flurry.sdk.lw.run()
I/org.umd.logging( 4238): Method > 2039 com.flurry.sdk.lw.run(com.flurry.sdk.kb$1@408496744)
I/org.umd.logging( 4238): Method < 2039 com.flurry.sdk.lw.run()
I/org.umd.logging( 4238): Method > 2039 com.flurry.sdk.lw.run(com.flurry.sdk.kb$1@1028845185)
I/org.umd.logging( 4238): Method < 2039 com.flurry.sdk.lw.run()
I/org.umd.logging( 4238): Method > 2039 com.flurry.sdk.lw.run(com.flurry.sdk.kb$1@432081702)
I/org.umd.logging( 4238): Api > 2039 android.net.ConnectivityManager.getActiveNetworkInfo(android.net.ConnectivityManager@103875590)
I/org.umd.logging( 4238): Api < 2039 android.net.ConnectivityManager.getActiveNetworkInfo(android.net.NetworkInfo@234586983)
I/org.umd.logging( 4238): Method < 2039 com.flurry.sdk.lw.run()
I/org.umd.logging( 4238): Method > 2039 com.flurry.sdk.lw.run(com.flurry.sdk.ja$2@306115005)
I/org.umd.logging( 4238): Method < 2039 com.flurry.sdk.lw.run()
I/org.umd.logging( 4238): Method > 2039 com.flurry.sdk.lw.run(com.flurry.sdk.ja$3@548597507)
I/org.umd.logging( 4238): Method < 2039 com.flurry.sdk.lw.run()
I/org.umd.logging( 4238): Method > 2039 com.flurry.sdk.lw.run(com.flurry.sdk.ja$4@653126841)
I/org.umd.logging( 4238): Method < 2039 com.flurry.sdk.lw.run()
I/PlayCommon( 3464): [2030] com.google.android.play.a.g.a(1068): Successfully uploaded logs.
I/PlayCommon( 3464): [2030] com.google.android.play.a.g.e(853): Preparing logs for uploading
I/PlayCommon( 3464): [2030] com.google.android.play.a.g.e(855): No file ready to send
