I/org.umd.logging( 3303): Method > 2073 com.jirbo.adcolony.ADCDownload.run(com.jirbo.adcolony.ADCDownload@53342994)
I/org.umd.logging( 3303): Api > 2073 java.net.URL.openConnection(java.net.URL@747383523<URL=http://d3v1lb83psg9di.cloudfront.net/mraid/production/adc_mraid-phone-android.js>)
I/org.umd.logging( 3303): Method > 2074 com.jirbo.adcolony.ADCDownload.run(com.jirbo.adcolony.ADCDownload@995204320)
I/org.umd.logging( 3303): Api > 2074 java.net.URL.openConnection(java.net.URL@348928921<URL=http://d3v1lb83psg9di.cloudfront.net/output_static/ui/end-card-replay-normal-x2.png>)
I/org.umd.logging( 3303): Api < 2074 java.net.URL.openConnection(com.android.okhttp.internal.http.HttpURLConnectionImpl@541889087)
I/org.umd.logging( 3303): Api < 2073 java.net.URL.openConnection(com.android.okhttp.internal.http.HttpURLConnectionImpl@108277342)
I/org.umd.logging( 3303): Method > 2075 com.jirbo.adcolony.ADCDownload.run(com.jirbo.adcolony.ADCDownload@820225804)
I/org.umd.logging( 3303): Api > 2075 java.net.URL.openConnection(java.net.URL@756807765<URL=http://d3v1lb83psg9di.cloudfront.net/output_static/ui/end-card-replay-down-x2.png>)
I/org.umd.logging( 3303): Api < 2075 java.net.URL.openConnection(com.android.okhttp.internal.http.HttpURLConnectionImpl@558944874)
I/org.umd.logging( 3303): Method < 2074 com.jirbo.adcolony.ADCDownload.run()
D/audio_hw_primary(  190): select_devices: out_snd_device(2: speaker) in_snd_device(0: none)
D/ACDB-LOADER(  190): ACDB -> send_afe_cal
D/audio_hw_primary(  190): enable_snd_device: snd_device(2: speaker)
D/audio_hw_primary(  190): enable_audio_route: apply and update mixer path: low-latency-playback
I/org.umd.logging( 3303): Method < 2075 com.jirbo.adcolony.ADCDownload.run()
I/org.umd.logging( 3303): Method < 2073 com.jirbo.adcolony.ADCDownload.run()
W/io      ( 3303): Failed to open /data/data/com.rovio.angrybirds/files/DiskCache/CrossPromotion/ce02a66eac62408eafe23b4db139264a9d815b9e265043c98b325e478153ef41_512x256.png with errno 00000002 (No such file or directory)
E/Cataloger( 6490): syncFile:/storage/emulated/0/2016-12-13_04:56:46.982.jpg
I/org.umd.logging( 3303): Method > 2059 com.jirbo.adcolony.p$1.run(com.jirbo.adcolony.p$1@964129216)
I/org.umd.logging( 3303): Api > 2059 android.net.ConnectivityManager.getActiveNetworkInfo(android.net.ConnectivityManager@884783815)
I/org.umd.logging( 3303): Api < 2059 android.net.ConnectivityManager.getActiveNetworkInfo(android.net.NetworkInfo@465865271)
I/org.umd.logging( 3303): Api > 2059 android.net.ConnectivityManager.getActiveNetworkInfo(android.net.ConnectivityManager@884783815)
I/org.umd.logging( 3303): Api < 2059 android.net.ConnectivityManager.getActiveNetworkInfo(android.net.NetworkInfo@307612580)
I/org.umd.logging( 3303): Api > 2059 android.net.ConnectivityManager.getActiveNetworkInfo(android.net.ConnectivityManager@884783815)
I/org.umd.logging( 3303): Api < 2059 android.net.ConnectivityManager.getActiveNetworkInfo(android.net.NetworkInfo@392944909)
I/org.umd.logging( 3303): Api > 2059 java.lang.Thread.start(java.lang.Thread@458572994<thread=2076>)
I/org.umd.logging( 3303): Api < 2059 java.lang.Thread.start()
I/org.umd.logging( 3303): Api > 2059 android.net.ConnectivityManager.getActiveNetworkInfo(android.net.ConnectivityManager@884783815)
I/org.umd.logging( 3303): Api < 2059 android.net.ConnectivityManager.getActiveNetworkInfo(android.net.NetworkInfo@239964883)
I/org.umd.logging( 3303): Method > 2076 com.jirbo.adcolony.ADCDownload.run(com.jirbo.adcolony.ADCDownload@469106192)
I/org.umd.logging( 3303): Api > 2076 java.net.URL.openConnection(java.net.URL@730217737<URL=http://d3v1lb83psg9di.cloudfront.net/output_static/ui/end-card-close-normal-x2.png>)
I/org.umd.logging( 3303): Api > 2059 android.net.ConnectivityManager.getActiveNetworkInfo(android.net.ConnectivityManager@884783815)
I/org.umd.logging( 3303): Api < 2059 android.net.ConnectivityManager.getActiveNetworkInfo(android.net.NetworkInfo@750185230)
I/org.umd.logging( 3303): Api < 2076 java.net.URL.openConnection(com.android.okhttp.internal.http.HttpURLConnectionImpl@542411055)
I/org.umd.logging( 3303): Api > 2059 android.net.ConnectivityManager.getActiveNetworkInfo(android.net.ConnectivityManager@884783815)
I/org.umd.logging( 3303): Api < 2059 android.net.ConnectivityManager.getActiveNetworkInfo(android.net.NetworkInfo@254077756)
I/org.umd.logging( 3303): Api > 2059 java.lang.Thread.start(java.lang.Thread@516726981<thread=2077>)
I/org.umd.logging( 3303): Api < 2059 java.lang.Thread.start()
I/org.umd.logging( 3303): Api > 2059 android.net.ConnectivityManager.getActiveNetworkInfo(android.net.ConnectivityManager@884783815)
I/org.umd.logging( 3303): Api < 2059 android.net.ConnectivityManager.getActiveNetworkInfo(android.net.NetworkInfo@326806042)
I/org.umd.logging( 3303): Api > 2059 android.net.ConnectivityManager.getActiveNetworkInfo(android.net.ConnectivityManager@884783815)
I/org.umd.logging( 3303): Method > 2077 com.jirbo.adcolony.ADCDownload.run(com.jirbo.adcolony.ADCDownload@355109195)
I/org.umd.logging( 3303): Api > 2077 java.net.URL.openConnection(java.net.URL@871595816<URL=http://d3v1lb83psg9di.cloudfront.net/output_static/ui/end-card-close-down-x2.png>)
I/org.umd.logging( 3303): Api < 2077 java.net.URL.openConnection(com.android.okhttp.internal.http.HttpURLConnectionImpl@274433089)
I/org.umd.logging( 3303): Api < 2059 android.net.ConnectivityManager.getActiveNetworkInfo(android.net.NetworkInfo@612978150)
I/org.umd.logging( 3303): Api > 2059 android.net.ConnectivityManager.getActiveNetworkInfo(android.net.ConnectivityManager@884783815)
I/org.umd.logging( 3303): Api < 2059 android.net.ConnectivityManager.getActiveNetworkInfo(android.net.NetworkInfo@169242407)
I/org.umd.logging( 3303): Api > 2059 java.lang.Thread.start(java.lang.Thread@9790932<thread=2078>)
I/org.umd.logging( 3303): Api < 2059 java.lang.Thread.start()
I/org.umd.logging( 3303): Method < 2059 com.jirbo.adcolony.p$1.run()
I/org.umd.logging( 3303): Method > 2078 com.jirbo.adcolony.ADCDownload.run(com.jirbo.adcolony.ADCDownload@446374781)
I/org.umd.logging( 3303): Api > 2078 java.net.URL.openConnection(java.net.URL@143417970<URL=http://wpc.250f.edgecastcdn.net/80250F/s3videos/output/videos/standard_wide_45865.m4v>)
I/org.umd.logging( 3303): Api < 2078 java.net.URL.openConnection(com.android.okhttp.internal.http.HttpURLConnectionImpl@1072748227)
I/org.umd.logging( 3303): Method < 2076 com.jirbo.adcolony.ADCDownload.run()
W/io      ( 3303): Failed to open /data/data/com.rovio.angrybirds/files/DiskCache/CrossPromotion/96c370081d024308bb5ee45eac5c2f27616ae87fbda9473ab271504d5df57b3d_512x256.json with errno 00000002 (No such file or directory)
I/org.umd.logging( 3303): Method < 2077 com.jirbo.adcolony.ADCDownload.run()
I/org.umd.logging( 3303): Method > 1 com.rovio.rcs.AgeGenderQueryUI$8.onClick(com.rovio.rcs.AgeGenderQueryUI$8@397027320, android.widget.FrameLayout@530688822<file=2016-12-13_04:56:46.982><x=868><y=84><width=72><height=72><id=2131558582><imagename=rovio_agegender_close_button_frame>)
E/Cataloger( 6490): syncFile:/storage/emulated/0/2016-12-13_04:56:46.982.jpg
I/org.umd.logging( 3303): Method < 1 com.rovio.rcs.AgeGenderQueryUI$8.onClick()
I/org.umd.logging( 3303): Method > 2008 com.rovio.rcs.AgeGenderQuery$9.run(com.rovio.rcs.AgeGenderQuery$9@473660025)
I/org.umd.logging( 3303): Method < 2008 com.rovio.rcs.AgeGenderQuery$9.run()
W/io      ( 3303): Failed to open /data/data/com.rovio.angrybirds/files/DiskCache/CrossPromotion/96c370081d024308bb5ee45eac5c2f27616ae87fbda9473ab271504d5df57b3d_512x256.png with errno 00000002 (No such file or directory)
W/io      ( 3303): Failed to open /data/data/com.rovio.angrybirds/files/DiskCache/CrossPromotion/594e383a350a4730957db6091b952235cfb90635c31f439fbc11d81eb6d91294_512x256.json with errno 00000002 (No such file or directory)
I/org.umd.logging( 3303): Method > 2059 com.jirbo.adcolony.p$1.run(com.jirbo.adcolony.p$1@964129216)
I/org.umd.logging( 3303): Api > 2059 android.net.ConnectivityManager.getActiveNetworkInfo(android.net.ConnectivityManager@884783815)
I/org.umd.logging( 3303): Api < 2059 android.net.ConnectivityManager.getActiveNetworkInfo(android.net.NetworkInfo@389690302)
I/org.umd.logging( 3303): Api > 2059 android.net.ConnectivityManager.getActiveNetworkInfo(android.net.ConnectivityManager@884783815)
I/org.umd.logging( 3303): Api < 2059 android.net.ConnectivityManager.getActiveNetworkInfo(android.net.NetworkInfo@578821151)
I/org.umd.logging( 3303): Api > 2059 android.net.ConnectivityManager.getActiveNetworkInfo(android.net.ConnectivityManager@884783815)
I/org.umd.logging( 3303): Api < 2059 android.net.ConnectivityManager.getActiveNetworkInfo(android.net.NetworkInfo@404200300)
I/org.umd.logging( 3303): Api > 2059 java.lang.Thread.start(java.lang.Thread@351290677<thread=2079>)
I/org.umd.logging( 3303): Api < 2059 java.lang.Thread.start()
I/org.umd.logging( 3303): Api > 2059 android.net.ConnectivityManager.getActiveNetworkInfo(android.net.ConnectivityManager@884783815)
I/org.umd.logging( 3303): Api < 2059 android.net.ConnectivityManager.getActiveNetworkInfo(android.net.NetworkInfo@459394506)
I/org.umd.logging( 3303): Api > 2059 android.net.ConnectivityManager.getActiveNetworkInfo(android.net.ConnectivityManager@884783815)
I/org.umd.logging( 3303): Method > 2079 com.jirbo.adcolony.ADCDownload.run(com.jirbo.adcolony.ADCDownload@697588539)
I/org.umd.logging( 3303): Api > 2079 java.net.URL.openConnection(java.net.URL@848888408<URL=http://wpc.250f.edgecastcdn.net/80250F/s3videos/output/videos/standard_wide_54113.m4v>)
I/org.umd.logging( 3303): Api < 2059 android.net.ConnectivityManager.getActiveNetworkInfo(android.net.NetworkInfo@300744625)
I/org.umd.logging( 3303): Api < 2079 java.net.URL.openConnection(com.android.okhttp.internal.http.HttpURLConnectionImpl@196541590)
I/org.umd.logging( 3303): Api > 2059 android.net.ConnectivityManager.getActiveNetworkInfo(android.net.ConnectivityManager@884783815)
I/org.umd.logging( 3303): Api < 2059 android.net.ConnectivityManager.getActiveNetworkInfo(android.net.NetworkInfo@803434519)
I/org.umd.logging( 3303): Api > 2059 java.lang.Thread.start(java.lang.Thread@952626180<thread=2080>)
I/org.umd.logging( 3303): Api < 2059 java.lang.Thread.start()
I/org.umd.logging( 3303): Method < 2059 com.jirbo.adcolony.p$1.run()
I/org.umd.logging( 3303): Method > 2080 com.jirbo.adcolony.ADCDownload.run(com.jirbo.adcolony.ADCDownload@639690221)
I/org.umd.logging( 3303): Api > 2080 java.net.URL.openConnection(java.net.URL@73288738<URL=http://d3v1lb83psg9di.cloudfront.net/output_static/ui/skip-video-normal-x2.png>)
I/org.umd.logging( 3303): Api < 2080 java.net.URL.openConnection(com.android.okhttp.internal.http.HttpURLConnectionImpl@463795891)
I/Finsky  ( 3464): [2010] com.google.android.finsky.billing.iab.s.a(196): com.rovio.angrybirds: Account from first account - [H2HZkLhZAwneGgDylh5vNEKO7fg]
I/org.umd.logging( 3303): Method < 2080 com.jirbo.adcolony.ADCDownload.run()
W/io      ( 3303): Failed to open /data/data/com.rovio.angrybirds/files/DiskCache/CrossPromotion/594e383a350a4730957db6091b952235cfb90635c31f439fbc11d81eb6d91294_512x256.png with errno 00000002 (No such file or directory)
W/io      ( 3303): Failed to open /data/data/com.rovio.angrybirds/files/DiskCache/CrossPromotion/226d1cba6e264fe1b462af923c3c4f342f5ecc41709b415bb72a21c72c6631bf_512x256.json with errno 00000002 (No such file or directory)
I/org.umd.logging( 3303): Method > 2059 com.jirbo.adcolony.p$1.run(com.jirbo.adcolony.p$1@964129216)
I/org.umd.logging( 3303): Api > 2059 android.net.ConnectivityManager.getActiveNetworkInfo(android.net.ConnectivityManager@884783815)
I/org.umd.logging( 3303): Api < 2059 android.net.ConnectivityManager.getActiveNetworkInfo(android.net.NetworkInfo@165266544)
I/org.umd.logging( 3303): Api > 2059 android.net.ConnectivityManager.getActiveNetworkInfo(android.net.ConnectivityManager@884783815)
I/org.umd.logging( 3303): Api < 2059 android.net.ConnectivityManager.getActiveNetworkInfo(android.net.NetworkInfo@707982313)
I/org.umd.logging( 3303): Api > 2059 android.net.ConnectivityManager.getActiveNetworkInfo(android.net.ConnectivityManager@884783815)
I/org.umd.logging( 3303): Api < 2059 android.net.ConnectivityManager.getActiveNetworkInfo(android.net.NetworkInfo@221841518)
I/org.umd.logging( 3303): Api > 2059 java.lang.Thread.start(java.lang.Thread@888032015<thread=2081>)
I/org.umd.logging( 3303): Api < 2059 java.lang.Thread.start()
I/org.umd.logging( 3303): Method < 2059 com.jirbo.adcolony.p$1.run()
I/org.umd.logging( 3303): Method > 2081 com.jirbo.adcolony.ADCDownload.run(com.jirbo.adcolony.ADCDownload@15644572)
I/org.umd.logging( 3303): Api > 2081 java.net.URL.openConnection(java.net.URL@4056485<URL=http://d3v1lb83psg9di.cloudfront.net/output_static/ui/skip-video-down-x2.png>)
I/org.umd.logging( 3303): Api < 2081 java.net.URL.openConnection(com.android.okhttp.internal.http.HttpURLConnectionImpl@955334010)
W/io      ( 3303): Failed to open /data/data/com.rovio.angrybirds/files/DiskCache/CrossPromotion/226d1cba6e264fe1b462af923c3c4f342f5ecc41709b415bb72a21c72c6631bf_512x256.png with errno 00000002 (No such file or directory)
I/org.umd.logging( 3303): Method < 2081 com.jirbo.adcolony.ADCDownload.run()
I/Finsky  ( 3464): [2009] com.google.android.finsky.billing.iab.s.a(196): com.rovio.angrybirds: Account from first account - [H2HZkLhZAwneGgDylh5vNEKO7fg]
I/org.umd.logging( 3303): Method < 2078 com.jirbo.adcolony.ADCDownload.run()
I/org.umd.logging( 3303): Method > 2059 com.jirbo.adcolony.p$1.run(com.jirbo.adcolony.p$1@964129216)
I/org.umd.logging( 3303): Api > 2059 android.net.ConnectivityManager.getActiveNetworkInfo(android.net.ConnectivityManager@884783815)
I/org.umd.logging( 3303): Api < 2059 android.net.ConnectivityManager.getActiveNetworkInfo(android.net.NetworkInfo@97421611)
I/org.umd.logging( 3303): Api > 2059 android.net.ConnectivityManager.getActiveNetworkInfo(android.net.ConnectivityManager@884783815)
I/org.umd.logging( 3303): Api < 2059 android.net.ConnectivityManager.getActiveNetworkInfo(android.net.NetworkInfo@687714696)
I/org.umd.logging( 3303): Api > 2059 android.net.ConnectivityManager.getActiveNetworkInfo(android.net.ConnectivityManager@884783815)
I/org.umd.logging( 3303): Api < 2059 android.net.ConnectivityManager.getActiveNetworkInfo(android.net.NetworkInfo@390870817)
I/org.umd.logging( 3303): Api > 2059 java.lang.Thread.start(java.lang.Thread@684046150<thread=2082>)
I/org.umd.logging( 3303): Api < 2059 java.lang.Thread.start()
I/org.umd.logging( 3303): Api > 2059 android.net.ConnectivityManager.getActiveNetworkInfo(android.net.ConnectivityManager@884783815)
I/org.umd.logging( 3303): Api < 2059 android.net.ConnectivityManager.getActiveNetworkInfo(android.net.NetworkInfo@539659527)
I/org.umd.logging( 3303): Api > 2059 android.net.ConnectivityManager.getActiveNetworkInfo(android.net.ConnectivityManager@884783815)
I/org.umd.logging( 3303): Api < 2059 android.net.ConnectivityManager.getActiveNetworkInfo(android.net.NetworkInfo@58744372)
I/org.umd.logging( 3303): Api > 2059 android.net.ConnectivityManager.getActiveNetworkInfo(android.net.ConnectivityManager@884783815)
I/org.umd.logging( 3303): Api < 2059 android.net.ConnectivityManager.getActiveNetworkInfo(android.net.NetworkInfo@714351709)
I/org.umd.logging( 3303): Method < 2059 com.jirbo.adcolony.p$1.run()
I/org.umd.logging( 3303): Method > 2082 com.jirbo.adcolony.ADCDownload.run(com.jirbo.adcolony.ADCDownload@18219474)
I/org.umd.logging( 3303): Api > 2082 java.net.URL.openConnection(java.net.URL@626586275<URL=http://wpc.250f.edgecastcdn.net/80250F/s3videos/output/videos/standard_wide_60387.m4v>)
I/org.umd.logging( 3303): Api < 2082 java.net.URL.openConnection(com.android.okhttp.internal.http.HttpURLConnectionImpl@232728992)
I/org.umd.logging( 3303): Method > 2008 com.rovio.rcs.ads.AdsSdk$7.run(com.rovio.rcs.ads.AdsSdk$7@447637790)
W/EventProcessor( 3303): doListen: unnamed event, id = 169
I/org.umd.logging( 3303): Method < 2008 com.rovio.rcs.ads.AdsSdk$7.run()
I/org.umd.logging( 3303): Method > 2008 com.rovio.rcs.ads.AdsSdk$7.run(com.rovio.rcs.ads.AdsSdk$7@729683455)
W/EventProcessor( 3303): doListen: unnamed event, id = 170
I/org.umd.logging( 3303): Method < 2008 com.rovio.rcs.ads.AdsSdk$7.run()
I/org.umd.logging( 3303): Method > 2008 com.rovio.rcs.ads.AdsSdk$7.run(com.rovio.rcs.ads.AdsSdk$7@832389068)
W/EventProcessor( 3303): doListen: unnamed event, id = 171
I/org.umd.logging( 3303): Method < 2008 com.rovio.rcs.ads.AdsSdk$7.run()
I/org.umd.logging( 3303): Method > 2008 com.rovio.rcs.ads.AdsSdk$7.run(com.rovio.rcs.ads.AdsSdk$7@757891605)
W/EventProcessor( 3303): doListen: unnamed event, id = 172
I/org.umd.logging( 3303): Method < 2008 com.rovio.rcs.ads.AdsSdk$7.run()
W/io      ( 3303): Failed to open /data/data/com.rovio.angrybirds/files/DiskCache/CrossPromotion/226d5343384cafbaff379b897f2f50e3da95f8b1.dat with errno 00000002 (No such file or directory)
W/io      ( 3303): Failed to open /data/data/com.rovio.angrybirds/files/DiskCache/CrossPromotion/7957960deea37cd1d5ef3229433323d66fa3a2da.png with errno 00000002 (No such file or directory)
I/org.umd.logging( 3303): Method > 2059 com.jirbo.adcolony.p$1.run(com.jirbo.adcolony.p$1@964129216)
I/org.umd.logging( 3303): Method < 2059 com.jirbo.adcolony.p$1.run()
I/org.umd.logging( 3303): Method < 2079 com.jirbo.adcolony.ADCDownload.run()
I/Finsky  ( 3464): [2041] com.google.android.finsky.billing.iab.s.a(196): com.rovio.angrybirds: Account from first account - [H2HZkLhZAwneGgDylh5vNEKO7fg]
I/org.umd.logging( 3303): Api > 2057 android.net.ConnectivityManager.getActiveNetworkInfo(android.net.ConnectivityManager@884783815)
I/org.umd.logging( 3303): Method > 2059 com.jirbo.adcolony.p$1.run(com.jirbo.adcolony.p$1@964129216)
I/org.umd.logging( 3303): Api > 2059 android.net.ConnectivityManager.getActiveNetworkInfo(android.net.ConnectivityManager@884783815)
I/org.umd.logging( 3303): Api < 2057 android.net.ConnectivityManager.getActiveNetworkInfo(android.net.NetworkInfo@1020524842)
I/org.umd.logging( 3303): Api < 2059 android.net.ConnectivityManager.getActiveNetworkInfo(android.net.NetworkInfo@480776987)
I/org.umd.logging( 3303): Api > 2059 android.net.ConnectivityManager.getActiveNetworkInfo(android.net.ConnectivityManager@884783815)
I/org.umd.logging( 3303): Api < 2059 android.net.ConnectivityManager.getActiveNetworkInfo(android.net.NetworkInfo@189041848)
I/org.umd.logging( 3303): Api > 2059 android.net.ConnectivityManager.getActiveNetworkInfo(android.net.ConnectivityManager@884783815)
I/org.umd.logging( 3303): Api < 2059 android.net.ConnectivityManager.getActiveNetworkInfo(android.net.NetworkInfo@1029712529)
I/org.umd.logging( 3303): Method < 2059 com.jirbo.adcolony.p$1.run()
I/art     (  594): Explicit concurrent mark sweep GC freed 26470(2MB) AllocSpace objects, 6(1472KB) LOS objects, 33% free, 24MB/37MB, paused 2.594ms total 120.006ms
I/org.umd.logging( 3303): Method > 2059 com.jirbo.adcolony.p$1.run(com.jirbo.adcolony.p$1@964129216)
I/org.umd.logging( 3303): Method < 2059 com.jirbo.adcolony.p$1.run()
W/art     ( 3303): Attempt to remove local handle scope entry from IRT, ignoring
I/org.umd.logging( 3303): Method < 2058 com.rovio.rcs.payment.google.GooglePlayPaymentProvider$GetSkuDetailsRequest.run()
I/org.umd.logging( 3303): Method > 2059 com.jirbo.adcolony.p$1.run(com.jirbo.adcolony.p$1@964129216)
I/org.umd.logging( 3303): Method < 2059 com.jirbo.adcolony.p$1.run()
D/GooglePlayPaymentProvider( 3303): runRequest(): running immediately
I/org.umd.logging( 3303): Api > 2008 java.lang.Thread.start(java.lang.Thread@739278326<thread=2083>)
I/org.umd.logging( 3303): Api < 2008 java.lang.Thread.start()
I/org.umd.logging( 3303): Method > 2083 com.rovio.rcs.payment.google.GooglePlayPaymentProvider$GetPurchasesRequest.run(com.rovio.rcs.payment.google.GooglePlayPaymentProvider$GetPurchasesRequest@873577572)
D/GooglePlayPaymentProvider( 3303): restorePurchases()
I/Finsky  ( 3464): [2009] com.google.android.finsky.billing.iab.s.a(196): com.rovio.angrybirds: Account from first account - [H2HZkLhZAwneGgDylh5vNEKO7fg]
I/org.umd.logging( 3303): Method < 2083 com.rovio.rcs.payment.google.GooglePlayPaymentProvider$GetPurchasesRequest.run()
I/org.umd.logging( 3303): Method > 2059 com.jirbo.adcolony.p$1.run(com.jirbo.adcolony.p$1@964129216)
I/org.umd.logging( 3303): Method < 2059 com.jirbo.adcolony.p$1.run()
I/org.umd.logging( 3303): Method < 2082 com.jirbo.adcolony.ADCDownload.run()
I/org.umd.logging( 3303): Method > 2059 com.jirbo.adcolony.p$1.run(com.jirbo.adcolony.p$1@964129216)
I/org.umd.logging( 3303): Api > 2059 android.net.ConnectivityManager.getActiveNetworkInfo(android.net.ConnectivityManager@884783815)
I/org.umd.logging( 3303): Api < 2059 android.net.ConnectivityManager.getActiveNetworkInfo(android.net.NetworkInfo@743169741)
I/org.umd.logging( 3303): Api > 2059 android.net.ConnectivityManager.getActiveNetworkInfo(android.net.ConnectivityManager@884783815)
I/org.umd.logging( 3303): Api < 2059 android.net.ConnectivityManager.getActiveNetworkInfo(android.net.NetworkInfo@431915906)
I/org.umd.logging( 3303): Api > 2059 android.net.ConnectivityManager.getActiveNetworkInfo(android.net.ConnectivityManager@884783815)
I/org.umd.logging( 3303): Api < 2059 android.net.ConnectivityManager.getActiveNetworkInfo(android.net.NetworkInfo@985385619)
I/org.umd.logging( 3303): Method < 2059 com.jirbo.adcolony.p$1.run()
I/org.umd.logging( 3303): Method > 2059 com.jirbo.adcolony.p$1.run(com.jirbo.adcolony.p$1@964129216)
I/org.umd.logging( 3303): Method < 2059 com.jirbo.adcolony.p$1.run()
I/org.umd.logging( 3303): Method > 2059 com.jirbo.adcolony.p$1.run(com.jirbo.adcolony.p$1@964129216)
I/org.umd.logging( 3303): Method < 2059 com.jirbo.adcolony.p$1.run()
I/org.umd.logging( 3303): Method > 2059 com.jirbo.adcolony.p$1.run(com.jirbo.adcolony.p$1@964129216)
I/org.umd.logging( 3303): Method < 2059 com.jirbo.adcolony.p$1.run()
D/audio_hw_primary(  190): disable_audio_route: reset and update mixer path: low-latency-playback
D/audio_hw_primary(  190): disable_snd_device: snd_device(2: speaker)
I/org.umd.logging( 3303): Method > 2059 com.jirbo.adcolony.p$1.run(com.jirbo.adcolony.p$1@964129216)
I/org.umd.logging( 3303): Method < 2059 com.jirbo.adcolony.p$1.run()
E/Cataloger( 6490): syncFile:/storage/emulated/0/2016-12-13_04:56:50.476.jpg
W/ResourceType( 3303): No known package when getting name for resource number 0xffffffff
I/org.umd.logging( 3303): Method > 1 com.rovio.fusion.MySurfaceView.onTouchEvent(com.rovio.fusion.MySurfaceView@538088829<file=2016-12-13_04:56:50.476><x=0><y=0><width=1280><height=768><id=-1>, android.view.MotionEvent@313675942)
I/org.umd.logging( 3303): Method > 1 com.rovio.fusion.InputDelegator.onTouchEvent(com.rovio.fusion.InputDelegator@412026516, android.view.MotionEvent@313675942)
E/Cataloger( 6490): syncFile:/storage/emulated/0/2016-12-13_04:56:50.476.jpg
I/org.umd.logging( 3303): Method < 1 com.rovio.fusion.InputDelegator.onTouchEvent(true)
I/org.umd.logging( 3303): Method < 1 com.rovio.fusion.MySurfaceView.onTouchEvent(true)
I/org.umd.logging( 3303): Method > 2059 com.jirbo.adcolony.p$1.run(com.jirbo.adcolony.p$1@964129216)
I/org.umd.logging( 3303): Method < 2059 com.jirbo.adcolony.p$1.run()
E/Cataloger( 6490): syncFile:/storage/emulated/0/2016-12-13_04:56:50.667.jpg
W/ResourceType( 3303): No known package when getting name for resource number 0xffffffff
I/org.umd.logging( 3303): Method > 1 com.rovio.fusion.MySurfaceView.onTouchEvent(com.rovio.fusion.MySurfaceView@538088829<file=2016-12-13_04:56:50.667><x=0><y=0><width=1280><height=768><id=-1>, android.view.MotionEvent@313675942)
E/Cataloger( 6490): syncFile:/storage/emulated/0/2016-12-13_04:56:50.667.jpg
I/org.umd.logging( 3303): Method > 1 com.rovio.fusion.InputDelegator.onTouchEvent(com.rovio.fusion.InputDelegator@412026516, android.view.MotionEvent@313675942)
I/org.umd.logging( 3303): Method < 1 com.rovio.fusion.InputDelegator.onTouchEvent(true)
I/org.umd.logging( 3303): Method < 1 com.rovio.fusion.MySurfaceView.onTouchEvent(true)
E/Cataloger( 6490): syncFile:/storage/emulated/0/2016-12-13_04:56:50.833.jpg
I/org.umd.logging( 3303): Method > 2059 com.jirbo.adcolony.p$1.run(com.jirbo.adcolony.p$1@964129216)
I/org.umd.logging( 3303): Method < 2059 com.jirbo.adcolony.p$1.run()
I/DownloadManagerWrapper(  949): onReceive() : Charging = true
W/ResourceType( 3303): No known package when getting name for resource number 0xffffffff
I/org.umd.logging( 3303): Method > 1 com.rovio.fusion.MySurfaceView.onTouchEvent(com.rovio.fusion.MySurfaceView@538088829<file=2016-12-13_04:56:50.833><x=0><y=0><width=1280><height=768><id=-1>, android.view.MotionEvent@313675942)
I/org.umd.logging( 3303): Method > 1 com.rovio.fusion.InputDelegator.onTouchEvent(com.rovio.fusion.InputDelegator@412026516, android.view.MotionEvent@313675942)
I/org.umd.logging( 3303): Method < 1 com.rovio.fusion.InputDelegator.onTouchEvent(true)
I/org.umd.logging( 3303): Method < 1 com.rovio.fusion.MySurfaceView.onTouchEvent(true)
I/Choreographer( 3303): Skipped 32 frames!  The application may be doing too much work on its main thread.
E/Cataloger( 6490): syncFile:/storage/emulated/0/2016-12-13_04:56:50.833.jpg
I/org.umd.logging( 3303): Method > 2059 com.jirbo.adcolony.p$1.run(com.jirbo.adcolony.p$1@964129216)
I/org.umd.logging( 3303): Method < 2059 com.jirbo.adcolony.p$1.run()
I/org.umd.logging( 3303): Method > 2059 com.jirbo.adcolony.p$1.run(com.jirbo.adcolony.p$1@964129216)
I/org.umd.logging( 3303): Api > 2057 android.net.ConnectivityManager.getActiveNetworkInfo(android.net.ConnectivityManager@884783815)
I/org.umd.logging( 3303): Api < 2057 android.net.ConnectivityManager.getActiveNetworkInfo(android.net.NetworkInfo@861869373)
I/org.umd.logging( 3303): Method < 2059 com.jirbo.adcolony.p$1.run()
I/org.umd.logging( 3303): Method > 2059 com.jirbo.adcolony.p$1.run(com.jirbo.adcolony.p$1@964129216)
I/org.umd.logging( 3303): Method < 2059 com.jirbo.adcolony.p$1.run()
I/org.umd.logging( 3303): Method > 2059 com.jirbo.adcolony.p$1.run(com.jirbo.adcolony.p$1@964129216)
I/org.umd.logging( 3303): Method < 2059 com.jirbo.adcolony.p$1.run()
I/org.umd.logging( 4986): Method > 1 com.cleanmaster.base.crash.util.debug.b.run(com.cleanmaster.base.crash.util.debug.b@453239735)
I/org.umd.logging( 4986): Method < 1 com.cleanmaster.base.crash.util.debug.b.run()
I/org.umd.logging( 3303): Method > 2059 com.jirbo.adcolony.p$1.run(com.jirbo.adcolony.p$1@964129216)
I/org.umd.logging( 3303): Method < 2059 com.jirbo.adcolony.p$1.run()
E/Cataloger( 6490): syncFile:/storage/emulated/0/2016-12-13_04:56:52.136.jpg
W/ResourceType( 3303): No known package when getting name for resource number 0xffffffff
I/org.umd.logging( 3303): Method > 1 com.rovio.fusion.MySurfaceView.onTouchEvent(com.rovio.fusion.MySurfaceView@538088829<file=2016-12-13_04:56:52.136><x=0><y=0><width=1280><height=768><id=-1>, android.view.MotionEvent@313675942)
I/org.umd.logging( 3303): Method > 1 com.rovio.fusion.InputDelegator.onTouchEvent(com.rovio.fusion.InputDelegator@412026516, android.view.MotionEvent@313675942)
I/org.umd.logging( 3303): Method < 1 com.rovio.fusion.InputDelegator.onTouchEvent(true)
E/Cataloger( 6490): syncFile:/storage/emulated/0/2016-12-13_04:56:52.136.jpg
I/org.umd.logging( 3303): Method < 1 com.rovio.fusion.MySurfaceView.onTouchEvent(true)
E/Cataloger( 6490): syncFile:/storage/emulated/0/2016-12-13_04:56:52.330.jpg
I/org.umd.logging( 3303): Method > 2059 com.jirbo.adcolony.p$1.run(com.jirbo.adcolony.p$1@964129216)
I/org.umd.logging( 3303): Method < 2059 com.jirbo.adcolony.p$1.run()
W/ResourceType( 3303): No known package when getting name for resource number 0xffffffff
I/org.umd.logging( 3303): Method > 1 com.rovio.fusion.MySurfaceView.onTouchEvent(com.rovio.fusion.MySurfaceView@538088829<file=2016-12-13_04:56:52.330><x=0><y=0><width=1280><height=768><id=-1>, android.view.MotionEvent@313675942)
E/Cataloger( 6490): syncFile:/storage/emulated/0/2016-12-13_04:56:52.330.jpg
I/org.umd.logging( 3303): Method > 1 com.rovio.fusion.InputDelegator.onTouchEvent(com.rovio.fusion.InputDelegator@412026516, android.view.MotionEvent@313675942)
I/org.umd.logging( 3303): Method < 1 com.rovio.fusion.InputDelegator.onTouchEvent(true)
I/org.umd.logging( 3303): Method < 1 com.rovio.fusion.MySurfaceView.onTouchEvent(true)
E/Cataloger( 6490): syncFile:/storage/emulated/0/2016-12-13_04:56:52.532.jpg
W/ResourceType( 3303): No known package when getting name for resource number 0xffffffff
I/org.umd.logging( 3303): Method > 1 com.rovio.fusion.MySurfaceView.onTouchEvent(com.rovio.fusion.MySurfaceView@538088829<file=2016-12-13_04:56:52.532><x=0><y=0><width=1280><height=768><id=-1>, android.view.MotionEvent@313675942)
I/org.umd.logging( 3303): Method > 1 com.rovio.fusion.InputDelegator.onTouchEvent(com.rovio.fusion.InputDelegator@412026516, android.view.MotionEvent@313675942)
I/org.umd.logging( 3303): Method < 1 com.rovio.fusion.InputDelegator.onTouchEvent(true)
I/org.umd.logging( 3303): Method < 1 com.rovio.fusion.MySurfaceView.onTouchEvent(true)
I/Choreographer( 3303): Skipped 34 frames!  The application may be doing too much work on its main thread.
E/Cataloger( 6490): syncFile:/storage/emulated/0/2016-12-13_04:56:52.532.jpg
I/org.umd.logging( 3303): Method > 2008 com.rovio.rcs.ads.WebViewWrapper$13.run(com.rovio.rcs.ads.WebViewWrapper$13@35836210)
I/org.umd.logging( 3303): Method < 2008 com.rovio.rcs.ads.WebViewWrapper$13.run()
I/org.umd.logging( 3303): Method > 2059 com.jirbo.adcolony.p$1.run(com.jirbo.adcolony.p$1@964129216)
I/org.umd.logging( 3303): Method < 2059 com.jirbo.adcolony.p$1.run()
W/FlurryAgent( 3303): Event count started: goto episode 7
W/FlurryAgent( 3303): 'onEvent' method is deprecated.
I/org.umd.logging( 3303): Method > 2026 com.flurry.sdk.ja$7.run(com.flurry.sdk.ja$7@54296195)
I/org.umd.logging( 3303): Method < 2026 com.flurry.sdk.ja$7.run()
I/org.umd.logging( 3303): Method > 2059 com.jirbo.adcolony.p$1.run(com.jirbo.adcolony.p$1@964129216)
I/org.umd.logging( 3303): Method < 2059 com.jirbo.adcolony.p$1.run()
I/org.umd.logging( 3303): Method > 2059 com.jirbo.adcolony.p$1.run(com.jirbo.adcolony.p$1@964129216)
I/org.umd.logging( 3303): Method < 2059 com.jirbo.adcolony.p$1.run()
I/org.umd.logging( 3303): Method > 2059 com.jirbo.adcolony.p$1.run(com.jirbo.adcolony.p$1@964129216)
I/org.umd.logging( 3303): Method < 2059 com.jirbo.adcolony.p$1.run()
I/org.umd.logging( 3303): Method > 2059 com.jirbo.adcolony.p$1.run(com.jirbo.adcolony.p$1@964129216)
I/org.umd.logging( 3303): Method < 2059 com.jirbo.adcolony.p$1.run()
E/Cataloger( 6490): syncFile:/storage/emulated/0/2016-12-13_04:56:53.698.jpg
W/ResourceType( 3303): No known package when getting name for resource number 0xffffffff
I/org.umd.logging( 3303): Method > 1 com.rovio.fusion.MySurfaceView.onTouchEvent(com.rovio.fusion.MySurfaceView@538088829<file=2016-12-13_04:56:53.698><x=0><y=0><width=1280><height=768><id=-1>, android.view.MotionEvent@313675942)
E/Cataloger( 6490): syncFile:/storage/emulated/0/2016-12-13_04:56:53.698.jpg
I/org.umd.logging( 3303): Method > 1 com.rovio.fusion.InputDelegator.onTouchEvent(com.rovio.fusion.InputDelegator@412026516, android.view.MotionEvent@313675942)
I/org.umd.logging( 3303): Method < 1 com.rovio.fusion.InputDelegator.onTouchEvent(true)
I/org.umd.logging( 3303): Method < 1 com.rovio.fusion.MySurfaceView.onTouchEvent(true)
E/Cataloger( 6490): syncFile:/storage/emulated/0/2016-12-13_04:56:53.866.jpg
I/org.umd.logging( 3303): Method > 2059 com.jirbo.adcolony.p$1.run(com.jirbo.adcolony.p$1@964129216)
I/org.umd.logging( 3303): Method < 2059 com.jirbo.adcolony.p$1.run()
W/ResourceType( 3303): No known package when getting name for resource number 0xffffffff
I/org.umd.logging( 3303): Method > 1 com.rovio.fusion.MySurfaceView.onTouchEvent(com.rovio.fusion.MySurfaceView@538088829<file=2016-12-13_04:56:53.866><x=0><y=0><width=1280><height=768><id=-1>, android.view.MotionEvent@313675942)
E/Cataloger( 6490): syncFile:/storage/emulated/0/2016-12-13_04:56:53.866.jpg
I/org.umd.logging( 3303): Method > 1 com.rovio.fusion.InputDelegator.onTouchEvent(com.rovio.fusion.InputDelegator@412026516, android.view.MotionEvent@313675942)
I/org.umd.logging( 3303): Method < 1 com.rovio.fusion.InputDelegator.onTouchEvent(true)
I/org.umd.logging( 3303): Method < 1 com.rovio.fusion.MySurfaceView.onTouchEvent(true)
E/Cataloger( 6490): syncFile:/storage/emulated/0/2016-12-13_04:56:54.038.jpg
W/ResourceType( 3303): No known package when getting name for resource number 0xffffffff
I/org.umd.logging( 3303): Method > 1 com.rovio.fusion.MySurfaceView.onTouchEvent(com.rovio.fusion.MySurfaceView@538088829<file=2016-12-13_04:56:54.038><x=0><y=0><width=1280><height=768><id=-1>, android.view.MotionEvent@313675942)
E/Cataloger( 6490): syncFile:/storage/emulated/0/2016-12-13_04:56:54.038.jpg
I/org.umd.logging( 3303): Method > 1 com.rovio.fusion.InputDelegator.onTouchEvent(com.rovio.fusion.InputDelegator@412026516, android.view.MotionEvent@313675942)
I/org.umd.logging( 3303): Method < 1 com.rovio.fusion.InputDelegator.onTouchEvent(true)
I/org.umd.logging( 3303): Method < 1 com.rovio.fusion.MySurfaceView.onTouchEvent(true)
I/Choreographer( 3303): Skipped 30 frames!  The application may be doing too much work on its main thread.
I/org.umd.logging( 3303): Method > 2059 com.jirbo.adcolony.p$1.run(com.jirbo.adcolony.p$1@964129216)
I/org.umd.logging( 3303): Method < 2059 com.jirbo.adcolony.p$1.run()
I/org.umd.logging( 3303): Api > 2057 android.net.ConnectivityManager.getActiveNetworkInfo(android.net.ConnectivityManager@884783815)
I/org.umd.logging( 3303): Method > 2059 com.jirbo.adcolony.p$1.run(com.jirbo.adcolony.p$1@964129216)
I/org.umd.logging( 3303): Method < 2059 com.jirbo.adcolony.p$1.run()
I/org.umd.logging( 3303): Api < 2057 android.net.ConnectivityManager.getActiveNetworkInfo(android.net.NetworkInfo@731904000)
I/org.umd.logging( 3303): Method > 2059 com.jirbo.adcolony.p$1.run(com.jirbo.adcolony.p$1@964129216)
I/org.umd.logging( 3303): Method < 2059 com.jirbo.adcolony.p$1.run()
W/FlurryAgent( 3303): Event count started: LoginParams
W/FlurryAgent( 3303): 'onEvent' method is deprecated.
I/org.umd.logging( 3303): Method > 2026 com.flurry.sdk.ja$7.run(com.flurry.sdk.ja$7@548194361)
I/org.umd.logging( 3303): Method < 2026 com.flurry.sdk.ja$7.run()
I/org.umd.logging( 3303): Method > 2059 com.jirbo.adcolony.p$1.run(com.jirbo.adcolony.p$1@964129216)
I/org.umd.logging( 3303): Method < 2059 com.jirbo.adcolony.p$1.run()
I/org.umd.logging( 3303): Method > 2059 com.jirbo.adcolony.p$1.run(com.jirbo.adcolony.p$1@964129216)
I/org.umd.logging( 3303): Method < 2059 com.jirbo.adcolony.p$1.run()
I/org.umd.logging( 3303): Method > 2059 com.jirbo.adcolony.p$1.run(com.jirbo.adcolony.p$1@964129216)
I/org.umd.logging( 3303): Method < 2059 com.jirbo.adcolony.p$1.run()
I/org.umd.logging( 3303): Method > 2059 com.jirbo.adcolony.p$1.run(com.jirbo.adcolony.p$1@964129216)
I/org.umd.logging( 3303): Method < 2059 com.jirbo.adcolony.p$1.run()
I/org.umd.logging( 3303): Method > 2059 com.jirbo.adcolony.p$1.run(com.jirbo.adcolony.p$1@964129216)
I/org.umd.logging( 3303): Method < 2059 com.jirbo.adcolony.p$1.run()
I/org.umd.logging( 3303): Method > 2059 com.jirbo.adcolony.p$1.run(com.jirbo.adcolony.p$1@964129216)
I/org.umd.logging( 3303): Method < 2059 com.jirbo.adcolony.p$1.run()
W/FlurryAgent( 3303): Event count started: MightyLeagueEntered
I/org.umd.logging( 3303): Method > 2026 com.flurry.sdk.ja$7.run(com.flurry.sdk.ja$7@598265470)
I/org.umd.logging( 3303): Method < 2026 com.flurry.sdk.ja$7.run()
W/FlurryAgent( 3303): 'onEvent' method is deprecated.
I/org.umd.logging( 3303): Method > 2059 com.jirbo.adcolony.p$1.run(com.jirbo.adcolony.p$1@964129216)
I/org.umd.logging( 3303): Method < 2059 com.jirbo.adcolony.p$1.run()
E/Cataloger( 6490): syncFile:/storage/emulated/0/2016-12-13_04:56:56.335.jpg
W/ResourceType( 3303): No known package when getting name for resource number 0xffffffff
I/org.umd.logging( 3303): Method > 1 com.rovio.fusion.MySurfaceView.onTouchEvent(com.rovio.fusion.MySurfaceView@538088829<file=2016-12-13_04:56:56.335><x=0><y=0><width=1280><height=768><id=-1>, android.view.MotionEvent@313675942)
I/org.umd.logging( 3303): Method > 1 com.rovio.fusion.InputDelegator.onTouchEvent(com.rovio.fusion.InputDelegator@412026516, android.view.MotionEvent@313675942)
E/Cataloger( 6490): syncFile:/storage/emulated/0/2016-12-13_04:56:56.335.jpg
I/org.umd.logging( 3303): Method < 1 com.rovio.fusion.InputDelegator.onTouchEvent(true)
I/org.umd.logging( 3303): Method < 1 com.rovio.fusion.MySurfaceView.onTouchEvent(true)
E/Cataloger( 6490): syncFile:/storage/emulated/0/2016-12-13_04:56:56.537.jpg
W/ResourceType( 3303): No known package when getting name for resource number 0xffffffff
I/org.umd.logging( 3303): Method > 1 com.rovio.fusion.MySurfaceView.onTouchEvent(com.rovio.fusion.MySurfaceView@538088829<file=2016-12-13_04:56:56.537><x=0><y=0><width=1280><height=768><id=-1>, android.view.MotionEvent@313675942)
E/Cataloger( 6490): syncFile:/storage/emulated/0/2016-12-13_04:56:56.537.jpg
I/org.umd.logging( 3303): Method > 1 com.rovio.fusion.InputDelegator.onTouchEvent(com.rovio.fusion.InputDelegator@412026516, android.view.MotionEvent@313675942)
I/org.umd.logging( 3303): Method < 1 com.rovio.fusion.InputDelegator.onTouchEvent(true)
I/org.umd.logging( 3303): Method < 1 com.rovio.fusion.MySurfaceView.onTouchEvent(true)
I/org.umd.logging( 3303): Method > 2059 com.jirbo.adcolony.p$1.run(com.jirbo.adcolony.p$1@964129216)
I/org.umd.logging( 3303): Method < 2059 com.jirbo.adcolony.p$1.run()
E/Cataloger( 6490): syncFile:/storage/emulated/0/2016-12-13_04:56:56.702.jpg
W/ResourceType( 3303): No known package when getting name for resource number 0xffffffff
I/org.umd.logging( 3303): Method > 1 com.rovio.fusion.MySurfaceView.onTouchEvent(com.rovio.fusion.MySurfaceView@538088829<file=2016-12-13_04:56:56.702><x=0><y=0><width=1280><height=768><id=-1>, android.view.MotionEvent@313675942)
I/org.umd.logging( 3303): Method > 1 com.rovio.fusion.InputDelegator.onTouchEvent(com.rovio.fusion.InputDelegator@412026516, android.view.MotionEvent@313675942)
I/org.umd.logging( 3303): Method < 1 com.rovio.fusion.InputDelegator.onTouchEvent(true)
I/org.umd.logging( 3303): Method < 1 com.rovio.fusion.MySurfaceView.onTouchEvent(true)
I/Choreographer( 3303): Skipped 32 frames!  The application may be doing too much work on its main thread.
E/Cataloger( 6490): syncFile:/storage/emulated/0/2016-12-13_04:56:56.702.jpg
I/org.umd.logging( 3303): Method > 2059 com.jirbo.adcolony.p$1.run(com.jirbo.adcolony.p$1@964129216)
I/org.umd.logging( 3303): Method < 2059 com.jirbo.adcolony.p$1.run()
I/org.umd.logging( 3303): Method > 2059 com.jirbo.adcolony.p$1.run(com.jirbo.adcolony.p$1@964129216)
I/org.umd.logging( 3303): Method < 2059 com.jirbo.adcolony.p$1.run()
I/org.umd.logging( 3303): Api > 2057 android.net.ConnectivityManager.getActiveNetworkInfo(android.net.ConnectivityManager@884783815)
I/org.umd.logging( 3303): Method > 2059 com.jirbo.adcolony.p$1.run(com.jirbo.adcolony.p$1@964129216)
I/org.umd.logging( 3303): Method < 2059 com.jirbo.adcolony.p$1.run()
I/org.umd.logging( 3303): Api < 2057 android.net.ConnectivityManager.getActiveNetworkInfo(android.net.NetworkInfo@289308639)
I/org.umd.logging( 3303): Method > 2059 com.jirbo.adcolony.p$1.run(com.jirbo.adcolony.p$1@964129216)
I/org.umd.logging( 3303): Method < 2059 com.jirbo.adcolony.p$1.run()
I/org.umd.logging( 3303): Method > 2059 com.jirbo.adcolony.p$1.run(com.jirbo.adcolony.p$1@964129216)
I/org.umd.logging( 3303): Method < 2059 com.jirbo.adcolony.p$1.run()
I/org.umd.logging( 3303): Method > 2059 com.jirbo.adcolony.p$1.run(com.jirbo.adcolony.p$1@964129216)
I/org.umd.logging( 3303): Method < 2059 com.jirbo.adcolony.p$1.run()
I/org.umd.logging( 3303): Method > 2059 com.jirbo.adcolony.p$1.run(com.jirbo.adcolony.p$1@964129216)
I/org.umd.logging( 3303): Method < 2059 com.jirbo.adcolony.p$1.run()
I/DeviceStateChecker( 7766): screenOn: true, isCharging: true
I/org.umd.logging( 3303): Method > 2059 com.jirbo.adcolony.p$1.run(com.jirbo.adcolony.p$1@964129216)
I/org.umd.logging( 3303): Method < 2059 com.jirbo.adcolony.p$1.run()
I/org.umd.logging( 3303): Method > 2059 com.jirbo.adcolony.p$1.run(com.jirbo.adcolony.p$1@964129216)
I/org.umd.logging( 3303): Method < 2059 com.jirbo.adcolony.p$1.run()
E/Cataloger( 6490): syncFile:/storage/emulated/0/2016-12-13_04:56:58.903.jpg
W/ResourceType( 3303): No known package when getting name for resource number 0xffffffff
I/org.umd.logging( 3303): Method > 1 com.rovio.fusion.MySurfaceView.onTouchEvent(com.rovio.fusion.MySurfaceView@538088829<file=2016-12-13_04:56:58.903><x=0><y=0><width=1280><height=768><id=-1>, android.view.MotionEvent@313675942)
I/org.umd.logging( 3303): Method > 1 com.rovio.fusion.InputDelegator.onTouchEvent(com.rovio.fusion.InputDelegator@412026516, android.view.MotionEvent@313675942)
E/Cataloger( 6490): syncFile:/storage/emulated/0/2016-12-13_04:56:58.903.jpg
I/org.umd.logging( 3303): Method < 1 com.rovio.fusion.InputDelegator.onTouchEvent(true)
I/org.umd.logging( 3303): Method < 1 com.rovio.fusion.MySurfaceView.onTouchEvent(true)
E/Cataloger( 6490): syncFile:/storage/emulated/0/2016-12-13_04:56:59.088.jpg
I/org.umd.logging( 3303): Method > 2059 com.jirbo.adcolony.p$1.run(com.jirbo.adcolony.p$1@964129216)
I/org.umd.logging( 3303): Method < 2059 com.jirbo.adcolony.p$1.run()
W/ResourceType( 3303): No known package when getting name for resource number 0xffffffff
I/org.umd.logging( 3303): Method > 1 com.rovio.fusion.MySurfaceView.onTouchEvent(com.rovio.fusion.MySurfaceView@538088829<file=2016-12-13_04:56:59.088><x=0><y=0><width=1280><height=768><id=-1>, android.view.MotionEvent@313675942)
I/org.umd.logging( 3303): Method > 1 com.rovio.fusion.InputDelegator.onTouchEvent(com.rovio.fusion.InputDelegator@412026516, android.view.MotionEvent@313675942)
I/org.umd.logging( 3303): Method < 1 com.rovio.fusion.InputDelegator.onTouchEvent(true)
I/org.umd.logging( 3303): Method < 1 com.rovio.fusion.MySurfaceView.onTouchEvent(true)
E/Cataloger( 6490): syncFile:/storage/emulated/0/2016-12-13_04:56:59.088.jpg
E/Cataloger( 6490): syncFile:/storage/emulated/0/2016-12-13_04:56:59.265.jpg
W/ResourceType( 3303): No known package when getting name for resource number 0xffffffff
I/org.umd.logging( 3303): Method > 1 com.rovio.fusion.MySurfaceView.onTouchEvent(com.rovio.fusion.MySurfaceView@538088829<file=2016-12-13_04:56:59.265><x=0><y=0><width=1280><height=768><id=-1>, android.view.MotionEvent@313675942)
E/Cataloger( 6490): syncFile:/storage/emulated/0/2016-12-13_04:56:59.265.jpg
I/org.umd.logging( 3303): Method > 1 com.rovio.fusion.InputDelegator.onTouchEvent(com.rovio.fusion.InputDelegator@412026516, android.view.MotionEvent@313675942)
I/org.umd.logging( 3303): Method < 1 com.rovio.fusion.InputDelegator.onTouchEvent(true)
I/org.umd.logging( 3303): Method < 1 com.rovio.fusion.MySurfaceView.onTouchEvent(true)
I/Choreographer( 3303): Skipped 31 frames!  The application may be doing too much work on its main thread.
I/org.umd.logging( 3303): Method > 2059 com.jirbo.adcolony.p$1.run(com.jirbo.adcolony.p$1@964129216)
I/org.umd.logging( 3303): Method < 2059 com.jirbo.adcolony.p$1.run()
I/org.umd.logging( 3303): Method > 2059 com.jirbo.adcolony.p$1.run(com.jirbo.adcolony.p$1@964129216)
I/org.umd.logging( 3303): Method < 2059 com.jirbo.adcolony.p$1.run()
I/org.umd.logging( 3303): Method > 2059 com.jirbo.adcolony.p$1.run(com.jirbo.adcolony.p$1@964129216)
I/org.umd.logging( 3303): Method < 2059 com.jirbo.adcolony.p$1.run()
I/org.umd.logging( 3303): Method > 2059 com.jirbo.adcolony.p$1.run(com.jirbo.adcolony.p$1@964129216)
I/org.umd.logging( 3303): Method < 2059 com.jirbo.adcolony.p$1.run()
I/org.umd.logging( 3303): Api > 2057 android.net.ConnectivityManager.getActiveNetworkInfo(android.net.ConnectivityManager@884783815)
I/org.umd.logging( 3303): Method > 2059 com.jirbo.adcolony.p$1.run(com.jirbo.adcolony.p$1@964129216)
I/org.umd.logging( 3303): Method < 2059 com.jirbo.adcolony.p$1.run()
I/org.umd.logging( 3303): Api < 2057 android.net.ConnectivityManager.getActiveNetworkInfo(android.net.NetworkInfo@671913004)
I/org.umd.logging( 3303): Method > 2059 com.jirbo.adcolony.p$1.run(com.jirbo.adcolony.p$1@964129216)
I/org.umd.logging( 3303): Method < 2059 com.jirbo.adcolony.p$1.run()
E/Cataloger( 6490): syncFile:/storage/emulated/0/2016-12-13_04:57:00.705.jpg
W/ResourceType( 3303): No known package when getting name for resource number 0xffffffff
I/org.umd.logging( 3303): Method > 1 com.rovio.fusion.MySurfaceView.onTouchEvent(com.rovio.fusion.MySurfaceView@538088829<file=2016-12-13_04:57:00.705><x=0><y=0><width=1280><height=768><id=-1>, android.view.MotionEvent@313675942)
I/org.umd.logging( 3303): Method > 1 com.rovio.fusion.InputDelegator.onTouchEvent(com.rovio.fusion.InputDelegator@412026516, android.view.MotionEvent@313675942)
I/org.umd.logging( 3303): Method < 1 com.rovio.fusion.InputDelegator.onTouchEvent(true)
I/org.umd.logging( 3303): Method < 1 com.rovio.fusion.MySurfaceView.onTouchEvent(true)
E/Cataloger( 6490): syncFile:/storage/emulated/0/2016-12-13_04:57:00.705.jpg
E/Cataloger( 6490): syncFile:/storage/emulated/0/2016-12-13_04:57:00.884.jpg
I/org.umd.logging( 3303): Method > 2059 com.jirbo.adcolony.p$1.run(com.jirbo.adcolony.p$1@964129216)
I/org.umd.logging( 3303): Method < 2059 com.jirbo.adcolony.p$1.run()
I/DownloadManagerWrapper(  949): onReceive() : Charging = true
E/Cataloger( 6490): syncFile:/storage/emulated/0/2016-12-13_04:57:00.884.jpg
W/ResourceType( 3303): No known package when getting name for resource number 0xffffffff
I/org.umd.logging( 3303): Method > 1 com.rovio.fusion.MySurfaceView.onTouchEvent(com.rovio.fusion.MySurfaceView@538088829<file=2016-12-13_04:57:00.884><x=0><y=0><width=1280><height=768><id=-1>, android.view.MotionEvent@313675942)
I/org.umd.logging( 3303): Method > 1 com.rovio.fusion.InputDelegator.onTouchEvent(com.rovio.fusion.InputDelegator@412026516, android.view.MotionEvent@313675942)
I/org.umd.logging( 3303): Method < 1 com.rovio.fusion.InputDelegator.onTouchEvent(true)
I/org.umd.logging( 3303): Method < 1 com.rovio.fusion.MySurfaceView.onTouchEvent(true)
E/Cataloger( 6490): syncFile:/storage/emulated/0/2016-12-13_04:57:01.079.jpg
W/ResourceType( 3303): No known package when getting name for resource number 0xffffffff
I/org.umd.logging( 3303): Method > 1 com.rovio.fusion.MySurfaceView.onTouchEvent(com.rovio.fusion.MySurfaceView@538088829<file=2016-12-13_04:57:01.079><x=0><y=0><width=1280><height=768><id=-1>, android.view.MotionEvent@313675942)
I/org.umd.logging( 3303): Method > 2059 com.jirbo.adcolony.p$1.run(com.jirbo.adcolony.p$1@964129216)
E/Cataloger( 6490): syncFile:/storage/emulated/0/2016-12-13_04:57:01.079.jpg
I/org.umd.logging( 3303): Method < 2059 com.jirbo.adcolony.p$1.run()
I/org.umd.logging( 3303): Method > 1 com.rovio.fusion.InputDelegator.onTouchEvent(com.rovio.fusion.InputDelegator@412026516, android.view.MotionEvent@313675942)
I/org.umd.logging( 3303): Method < 1 com.rovio.fusion.InputDelegator.onTouchEvent(true)
I/org.umd.logging( 3303): Method < 1 com.rovio.fusion.MySurfaceView.onTouchEvent(true)
I/Choreographer( 3303): Skipped 31 frames!  The application may be doing too much work on its main thread.
I/org.umd.logging( 3303): Method > 2059 com.jirbo.adcolony.p$1.run(com.jirbo.adcolony.p$1@964129216)
I/org.umd.logging( 3303): Method < 2059 com.jirbo.adcolony.p$1.run()
I/org.umd.logging( 3303): Method > 2059 com.jirbo.adcolony.p$1.run(com.jirbo.adcolony.p$1@964129216)
I/org.umd.logging( 3303): Method < 2059 com.jirbo.adcolony.p$1.run()
I/org.umd.logging( 3303): Method > 2059 com.jirbo.adcolony.p$1.run(com.jirbo.adcolony.p$1@964129216)
I/org.umd.logging( 3303): Method < 2059 com.jirbo.adcolony.p$1.run()
E/Cataloger( 6490): syncFile:/storage/emulated/0/2016-12-13_04:57:01.962.jpg
W/ResourceType( 3303): No known package when getting name for resource number 0xffffffff
I/org.umd.logging( 3303): Method > 1 com.rovio.fusion.MySurfaceView.onTouchEvent(com.rovio.fusion.MySurfaceView@538088829<file=2016-12-13_04:57:01.962><x=0><y=0><width=1280><height=768><id=-1>, android.view.MotionEvent@313675942)
I/org.umd.logging( 3303): Method > 1 com.rovio.fusion.InputDelegator.onTouchEvent(com.rovio.fusion.InputDelegator@412026516, android.view.MotionEvent@313675942)
I/org.umd.logging( 3303): Method < 1 com.rovio.fusion.InputDelegator.onTouchEvent(true)
I/org.umd.logging( 3303): Method < 1 com.rovio.fusion.MySurfaceView.onTouchEvent(true)
I/org.umd.logging( 4986): Method > 1 com.cleanmaster.base.crash.util.debug.b.run(com.cleanmaster.base.crash.util.debug.b@453239735)
I/org.umd.logging( 4986): Method < 1 com.cleanmaster.base.crash.util.debug.b.run()
E/Cataloger( 6490): syncFile:/storage/emulated/0/2016-12-13_04:57:01.962.jpg
E/Cataloger( 6490): syncFile:/storage/emulated/0/2016-12-13_04:57:02.125.jpg
I/org.umd.logging( 3303): Method > 2059 com.jirbo.adcolony.p$1.run(com.jirbo.adcolony.p$1@964129216)
I/org.umd.logging( 3303): Method < 2059 com.jirbo.adcolony.p$1.run()
W/ResourceType( 3303): No known package when getting name for resource number 0xffffffff
I/org.umd.logging( 3303): Method > 1 com.rovio.fusion.MySurfaceView.onTouchEvent(com.rovio.fusion.MySurfaceView@538088829<file=2016-12-13_04:57:02.125><x=0><y=0><width=1280><height=768><id=-1>, android.view.MotionEvent@313675942)
E/Cataloger( 6490): syncFile:/storage/emulated/0/2016-12-13_04:57:02.125.jpg
I/org.umd.logging( 3303): Method > 1 com.rovio.fusion.InputDelegator.onTouchEvent(com.rovio.fusion.InputDelegator@412026516, android.view.MotionEvent@313675942)
I/org.umd.logging( 3303): Method < 1 com.rovio.fusion.InputDelegator.onTouchEvent(true)
I/org.umd.logging( 3303): Method < 1 com.rovio.fusion.MySurfaceView.onTouchEvent(true)
E/Cataloger( 6490): syncFile:/storage/emulated/0/2016-12-13_04:57:02.289.jpg
W/ResourceType( 3303): No known package when getting name for resource number 0xffffffff
