--------- beginning of main
I/DownloadManagerWrapper(  949): onReceive() : Charging = true
I/org.umd.logging( 4986): Method > 1 com.cleanmaster.base.crash.util.debug.b.run(com.cleanmaster.base.crash.util.debug.b@453239735)
I/org.umd.logging( 4986): Method < 1 com.cleanmaster.base.crash.util.debug.b.run()
E/WifiStateMachine(  594): WifiStateMachine CMD_START_SCAN source -2 txSuccessRate=8.50 rxSuccessRate=6.69 targetRoamBSSID=any RSSI=-37
--------- beginning of system
I/ActivityManager(  594): START u0 {act=android.intent.action.MAIN cat=[android.intent.category.LAUNCHER] flg=0x10200000 cmp=com.rovio.angrybirds/com.rovio.fusion.App (has extras)} from uid 10014 on display 0
V/WindowManager(  594): addAppToken: AppWindowToken{1e643d1d token=Token{1e1261f4 ActivityRecord{1af747c7 u0 com.rovio.angrybirds/com.rovio.fusion.App t23}}} to stack=1 task=23 at 0
V/WindowManager(  594): Adding window Window{c73fb8c u0 Starting com.rovio.angrybirds} at 3 of 9 (after Window{1c6549af u0 com.android.launcher/com.android.launcher2.Launcher})
D/audio_hw_primary(  190): select_devices: out_snd_device(2: speaker) in_snd_device(0: none)
D/ACDB-LOADER(  190): ACDB -> send_afe_cal
D/audio_hw_primary(  190): enable_snd_device: snd_device(2: speaker)
D/audio_hw_primary(  190): enable_audio_route: apply and update mixer path: low-latency-playback
I/ActivityManager(  594): Start proc 4238:com.rovio.angrybirds/u0a245 for activity com.rovio.angrybirds/com.rovio.fusion.App
V/ActivityManager(  594): Display changed displayId=0
I/ActivityManager(  594): Config changes=480 {1.0 310mcc?mnc en_US ?layoutDir sw384dp w598dp h359dp 320dpi nrml land finger -keyb/v/h -nav/h s.8}
I/InputReader(  594): Reconfiguring input devices.  changes=0x00000004
I/InputReader(  594): Device reconfigured: id=6, name='touch_dev', size 768x1280, orientation 1, mode 1, display id 0
I/org.umd.logging( 4238): Method > 1 com.rovio.fusion.App.onCreate(com.rovio.fusion.App@410649080<activity=true>, null)
W/linker  ( 4238): libAngryBirdsClassic.so: unused DT entry: type 0x6ffffffe arg 0x1509c
W/linker  ( 4238): libAngryBirdsClassic.so: unused DT entry: type 0x6fffffff arg 0x3
I/org.umd.logging( 4238): Method < 1 com.rovio.fusion.App.onCreate()
I/org.umd.logging( 4238): Method > 1 com.rovio.fusion.App.onStart(com.rovio.fusion.App@410649080<activity=true>)
I/org.umd.logging( 4238): Method > 1 com.rovio.fusion.Globals.onStart()
I/org.umd.logging( 4238): Method > 1 com.rovio.fusion.ActivityListener.onStart(com.rovio.fusion.Globals$CompatWrapper@500016444)
I/org.umd.logging( 4238): Method < 1 com.rovio.fusion.ActivityListener.onStart()
I/org.umd.logging( 4238): Method > 1 com.rovio.fusion.ActivityListener.onStart(com.rovio.fusion.MyInputHandler@177402906)
I/org.umd.logging( 4238): Method < 1 com.rovio.fusion.ActivityListener.onStart()
I/org.umd.logging( 4238): Method < 1 com.rovio.fusion.Globals.onStart()
I/org.umd.logging( 4238): Method < 1 com.rovio.fusion.App.onStart()
I/org.umd.logging( 4238): Method > 1 com.rovio.fusion.App.onResume(com.rovio.fusion.App@410649080<activity=true>)
I/org.umd.logging( 4238): Method > 1 com.rovio.fusion.Globals.onResume()
I/org.umd.logging( 4238): Method > 1 com.rovio.fusion.Globals$CompatWrapper.onResume(com.rovio.fusion.Globals$CompatWrapper@500016444)
I/org.umd.logging( 4238): Method > 1 com.rovio.fusion.HockeyAppWrapper.onResume(com.rovio.fusion.HockeyAppWrapper@366753766)
I/org.umd.logging( 4238): Method < 1 com.rovio.fusion.HockeyAppWrapper.onResume()
I/org.umd.logging( 4238): Method < 1 com.rovio.fusion.Globals$CompatWrapper.onResume()
I/org.umd.logging( 4238): Method > 1 com.rovio.fusion.ActivityListener.onResume(com.rovio.fusion.MyInputHandler@177402906)
I/org.umd.logging( 4238): Method < 1 com.rovio.fusion.ActivityListener.onResume()
I/org.umd.logging( 4238): Method < 1 com.rovio.fusion.Globals.onResume()
W/ResourceType( 4238): No known package when getting name for resource number 0xffffffff
I/org.umd.logging( 4238): Method > 1 com.rovio.fusion.MySurfaceView.onResume(com.rovio.fusion.MySurfaceView@811294676<file=><x=0><y=0><width=0><height=0><id=-1>)
I/org.umd.logging( 4238): Method > 2023 com.rovio.fusion.MySurfaceView$2.run(com.rovio.fusion.MySurfaceView$2@757329010)
I/org.umd.logging( 4238): Method < 1 com.rovio.fusion.MySurfaceView.onResume()
I/org.umd.logging( 4238): Method > 2023 com.rovio.fusion.MyRenderer.onResume(com.rovio.fusion.MyRenderer@939042112)
I/org.umd.logging( 4238): Method < 1 com.rovio.fusion.App.onResume()
I/org.umd.logging( 4238): Method > 2023 com.rovio.fusion.SingleThreadWrapper.onResume(com.rovio.fusion.SingleThreadWrapper@784358846)
I/org.umd.logging( 4238): Method < 2023 com.rovio.fusion.SingleThreadWrapper.onResume()
I/org.umd.logging( 4238): Method < 2023 com.rovio.fusion.MyRenderer.onResume()
I/org.umd.logging( 4238): Method < 2023 com.rovio.fusion.MySurfaceView$2.run()
D/OpenGLRenderer( 4238): Use EGL_SWAP_BEHAVIOR_PRESERVED: true
D/Atlas   ( 4238): Validating map...
V/WindowManager(  594): Adding window Window{2f7bb0b7 u0 com.rovio.angrybirds/com.rovio.fusion.App} at 3 of 10 (before Window{c73fb8c u0 Starting com.rovio.angrybirds})
I/Adreno-EGL( 4238): <qeglDrvAPI_eglInitialize:379>: QUALCOMM Build: 01/15/15, ab0075f, Id3510ff6dc
I/OpenGLRenderer( 4238): Initialized EGL, version 1.4
D/OpenGLRenderer( 4238): Enabling debug mode 0
V/WindowManager(  594): Adding window Window{37b3a78d u0 SurfaceView} at 3 of 11 (before Window{2f7bb0b7 u0 com.rovio.angrybirds/com.rovio.fusion.App})
V/WindowManager(  594): Layouts looping: On entry to LockedInner, mPendingLayoutChanges = 0x1
V/WindowManager(  594): Layouts looping: loop number 4, mPendingLayoutChanges = 0x0
V/WindowManager(  594): Layouts looping: after finishPostLayoutPolicyLw, mPendingLayoutChanges = 0x0
V/WindowManager(  594): Layouts looping: mLayoutNeeded, mPendingLayoutChanges = 0x1
V/WindowManager(  594): Layouts looping: On entry to LockedInner, mPendingLayoutChanges = 0x1
V/WindowManager(  594): Layouts looping: loop number 5, mPendingLayoutChanges = 0x0
V/WindowManager(  594): Layouts looping: after finishPostLayoutPolicyLw, mPendingLayoutChanges = 0x0
V/WindowManager(  594): Layouts looping: mLayoutNeeded, mPendingLayoutChanges = 0x1
E/WindowManager(  594): Performed 6 layouts in a row. Skipping
W/IInputConnectionWrapper( 1054): showStatusIcon on inactive InputConnection
I/org.umd.logging( 4238): Method > 1 com.rovio.fusion.App$1.onSystemUiVisibilityChange(com.rovio.fusion.App$1@123917676, 6)
I/ActivityManager(  594): Displayed com.rovio.angrybirds/com.rovio.fusion.App: +597ms (total +25s211ms)
I/org.umd.logging( 4238): Method < 1 com.rovio.fusion.App$1.onSystemUiVisibilityChange()
I/WindowManager(  594): Screen frozen for +574ms due to Window{c73fb8c u0 Starting com.rovio.angrybirds}
W/art     ( 4238): Native thread exiting without having called DetachCurrentThread (maybe it's going to use a pthread_key_create destructor?): Thread[17,tid=4279,Native,Thread*=0xb9239fa0,peer=0x12e370a0,"Thread-2026"]
W/GraphicsThread( 4267): type=1400 audit(0.0:32): avc: denied { read } for name="list_rates" dev="debugfs" ino=1382 scontext=u:r:untrusted_app:s0 tcontext=u:object_r:debugfs:s0 tclass=file
W/EventProcessor( 4238): doListen: unnamed event, id = 81
W/EventProcessor( 4238): doListen: unnamed event, id = 80
I/org.umd.logging( 4238): Api > 2023 android.net.ConnectivityManager.getActiveNetworkInfo(android.net.ConnectivityManager@710696251)
I/org.umd.logging( 4238): Api < 2023 android.net.ConnectivityManager.getActiveNetworkInfo(android.net.NetworkInfo@721446404)
W/EventProcessor( 4238): doListen: unnamed event, id = 92
W/Thread-2027( 4277): type=1400 audit(0.0:33): avc: denied { read } for name="list_rates" dev="debugfs" ino=1382 scontext=u:r:untrusted_app:s0 tcontext=u:object_r:debugfs:s0 tclass=file
W/EventProcessor( 4238): doListen: unnamed event, id = 81
W/EventProcessor( 4238): doListen: unnamed event, id = 80
W/EventProcessor( 4238): doListen: unnamed event, id = 91
W/EventProcessor( 4238): doListen: unnamed event, id = 94
W/EventProcessor( 4238): doListen: unnamed event, id = 85
W/EventProcessor( 4238): doListen: unnamed event, id = 80
I/org.umd.logging( 4238): Method > 2028 com.facebook.internal.Utility$1.run(com.facebook.internal.Utility$1@690698419)
I/org.umd.logging( 4238): Method > 2030 com.facebook.internal.NativeProtocol$1.run(com.facebook.internal.NativeProtocol$1@1048342940)
I/org.umd.logging( 4238): Method > 2028 com.facebook.GraphRequest.executeAndWait(com.facebook.GraphRequest@832244523)
I/org.umd.logging( 4238): Method > 2028 com.facebook.GraphRequest.executeAndWait(com.facebook.GraphRequest@832244523)
I/org.umd.logging( 4238): Method > 2028 com.facebook.GraphRequest.executeBatchAndWait([Lcom.facebook.GraphRequest;@409045281)
I/org.umd.logging( 4238): Method > 2028 com.facebook.GraphRequest.executeBatchAndWait(java.util.Arrays$ArrayList@969627700)
I/org.umd.logging( 4238): Method > 2028 com.facebook.GraphRequest.executeBatchAndWait(com.facebook.GraphRequestBatch@339381202)
I/org.umd.logging( 4238): Api > 2028 java.net.URL.openConnection(java.net.URL@920634272<URL=https://graph.facebook.com/v2.6/771488262881983?fields=supports_implicit_sdk_logging%2Cgdpv4_nux_content%2Cgdpv4_nux_enabled%2Cgdpv4_chrome_custom_tabs_enabled%2Candroid_dialog_configs%2Candroid_sdk_error_categories%2Capp_events_session_timeout&format=json&sdk=android>)
D/FACEBOOK( 4238): applicationId: 771488262881983
W/EventProcessor( 4238): doListen: unnamed event, id = 95
W/EventProcessor( 4238): doListen: unnamed event, id = 3
W/EventProcessor( 4238): doListen: unnamed event, id = 4
I/org.umd.logging( 4238): Api < 2028 java.net.URL.openConnection(com.android.okhttp.internal.http.HttpsURLConnectionImpl@319650252)
I/org.umd.logging( 4238): Method > 2028 com.facebook.GraphRequest.executeConnectionAndWait(com.android.okhttp.internal.http.HttpsURLConnectionImpl@319650252, com.facebook.GraphRequestBatch@339381202)
I/org.umd.logging( 4238): Method > 2035 com.facebook.appevents.AppEventsLogger$3.run(com.facebook.appevents.AppEventsLogger$3@375705805)
I/org.umd.logging( 4238): Method < 2035 com.facebook.appevents.AppEventsLogger$3.run()
I/org.umd.logging( 4238): Method > 2036 com.facebook.appevents.AppEventQueue$3.run(com.facebook.appevents.AppEventQueue$3@613092499)
I/org.umd.logging( 4238): Method < 2036 com.facebook.appevents.AppEventQueue$3.run()
I/org.umd.logging( 4238): Method > 2028 com.facebook.GraphRequest.runCallbacks(com.facebook.GraphRequestBatch@339381202, java.util.ArrayList@932856745)
I/org.umd.logging( 4238): Method < 2028 com.facebook.GraphRequest.runCallbacks()
I/org.umd.logging( 4238): Method < 2028 com.facebook.GraphRequest.executeBatchAndWait(java.util.ArrayList@932856745)
I/org.umd.logging( 4238): Method < 2028 com.facebook.GraphRequest.executeBatchAndWait(java.util.ArrayList@932856745)
I/org.umd.logging( 4238): Method < 2028 com.facebook.GraphRequest.executeBatchAndWait(java.util.ArrayList@932856745)
I/org.umd.logging( 4238): Method < 2028 com.facebook.GraphRequest.executeAndWait(com.facebook.GraphResponse@298287311)
I/org.umd.logging( 4238): Method < 2028 com.facebook.internal.Utility$1.run()
E/LocalNotifications( 4238): removeNotification() java exception: Expected type: Object, got: Null
E/LocalNotifications( 4238): removeNotification() java exception: Expected type: Object, got: Null
E/LocalNotifications( 4238): removeNotification() java exception: Expected type: Object, got: Null
E/LocalNotifications( 4238): removeNotification() java exception: Expected type: Object, got: Null
I/org.umd.logging( 4238): Api > 2023 android.os.HandlerThread.start(android.os.HandlerThread@685096673<thread=2039>)
I/org.umd.logging( 4238): Api < 2023 android.os.HandlerThread.start()
I/org.umd.logging( 4238): Api > 2023 android.net.ConnectivityManager.getActiveNetworkInfo(android.net.ConnectivityManager@103875590)
I/org.umd.logging( 4238): Api < 2023 android.net.ConnectivityManager.getActiveNetworkInfo(android.net.NetworkInfo@884783815)
I/org.umd.logging( 4238): Api > 2023 android.net.ConnectivityManager.getActiveNetworkInfo(android.net.ConnectivityManager@103875590)
I/org.umd.logging( 4238): Api < 2023 android.net.ConnectivityManager.getActiveNetworkInfo(android.net.NetworkInfo@841898228)
I/org.umd.logging( 4238): Method > 1 com.flurry.sdk.jk.onReceive(com.flurry.sdk.jk@1019828882, android.app.Application@1032742941, android.content.Intent@653278143<action=android.net.conn.CONNECTIVITY_CHANGE><data=null><package=null><component=null><type=null><filter_hashcode=-1172645946><networkInfo=None><networkType=None><inetCondition=None><extraInfo=None><umd_Intent_key=None>)
I/org.umd.logging( 4238): Api > 1 android.net.ConnectivityManager.getActiveNetworkInfo(android.net.ConnectivityManager@103875590)
I/org.umd.logging( 4238): Api < 1 android.net.ConnectivityManager.getActiveNetworkInfo(android.net.NetworkInfo@117549546)
I/org.umd.logging( 4238): Method > 2039 com.flurry.sdk.lw.run(com.flurry.sdk.je$2@232098680)
I/org.umd.logging( 4238): Method < 1 com.flurry.sdk.jk.onReceive()
I/org.umd.logging( 4238): Method < 2039 com.flurry.sdk.lw.run()
I/org.umd.logging( 4238): Method > 2039 com.flurry.sdk.lw.run(com.flurry.sdk.kr$2@76580421)
I/org.umd.logging( 4238): Method < 2039 com.flurry.sdk.lw.run()
I/org.umd.logging( 4238): Method > 2039 com.flurry.sdk.lw.run(com.flurry.sdk.kr$4@630368971)
I/org.umd.logging( 4238): Method < 2039 com.flurry.sdk.lw.run()
I/org.umd.logging( 4238): Method > 2039 com.flurry.sdk.lw.run(com.flurry.sdk.if$9@574112193)
I/org.umd.logging( 4238): Method < 2039 com.flurry.sdk.lw.run()
I/org.umd.logging( 4238): Method > 2039 com.flurry.sdk.lw.run(com.flurry.sdk.if$10@312420519)
I/org.umd.logging( 4238): Method < 2039 com.flurry.sdk.lw.run()
I/org.umd.logging( 4238): Method > 2039 com.flurry.sdk.lw.run(com.flurry.sdk.kq$3@1028012285)
W/FlurryAgent( 4238): Flurry session started for context:com.rovio.fusion.App@187a01f8
W/FlurryAgent( 4238): Flurry session resumed for context:com.rovio.fusion.App@187a01f8
W/FlurryAgent( 4238): 'init' method is deprecated.
W/FlurryAgent( 4238): 'setLocationCriteria' method is deprecated.
W/FlurryAgent( 4238): 'setCaptureUncaughtExceptions' method is deprecated.
I/org.umd.logging( 4238): Method < 2039 com.flurry.sdk.lw.run()
I/org.umd.logging( 4238): Method > 2039 com.flurry.sdk.lw.run(com.flurry.sdk.kb$1@1032475454)
I/org.umd.logging( 4238): Method < 2039 com.flurry.sdk.lw.run()
I/org.umd.logging( 4238): Method > 2039 com.flurry.sdk.lw.run(com.flurry.sdk.if$3@820479724)
W/FlurryAgent( 4238): Event count started: Customer String
W/FlurryAgent( 4238): 'onEvent' method is deprecated.
I/org.umd.logging( 4238): Method < 2039 com.flurry.sdk.lw.run()
I/org.umd.logging( 4238): Method > 2039 com.flurry.sdk.lw.run(com.flurry.sdk.kb$1@607685301)
I/org.umd.logging( 4238): Method < 2039 com.flurry.sdk.lw.run()
I/org.umd.logging( 4238): Method > 2039 com.flurry.sdk.lw.run(com.flurry.sdk.kb$1@592733514)
I/org.umd.logging( 4238): Method < 2039 com.flurry.sdk.lw.run()
I/org.umd.logging( 4238): Method > 2039 com.flurry.sdk.lw.run(com.flurry.sdk.kb$1@587717819)
I/org.umd.logging( 4238): Method < 2039 com.flurry.sdk.lw.run()
I/org.umd.logging( 4238): Method > 2039 com.flurry.sdk.lw.run(com.flurry.sdk.kb$1@54273496)
I/org.umd.logging( 4238): Method < 2039 com.flurry.sdk.lw.run()
I/org.umd.logging( 4238): Method > 2039 com.flurry.sdk.lw.run(com.flurry.sdk.kb$1@288628017)
I/org.umd.logging( 4238): Method < 2039 com.flurry.sdk.lw.run()
I/org.umd.logging( 4238): Method > 2039 com.flurry.sdk.lw.run(com.flurry.sdk.kb$1@956009494)
I/org.umd.logging( 4238): Method < 2039 com.flurry.sdk.lw.run()
I/org.umd.logging( 4238): Method > 2039 com.flurry.sdk.lw.run(com.flurry.sdk.je$1$1@389662596)
W/GraphicsThread( 4267): type=1400 audit(0.0:34): avc: denied { read } for name="list_rates" dev="debugfs" ino=1382 scontext=u:r:untrusted_app:s0 tcontext=u:object_r:debugfs:s0 tclass=file
I/org.umd.logging( 4238): Method < 2039 com.flurry.sdk.lw.run()
I/org.umd.logging( 4238): Method > 2039 com.flurry.sdk.lw.run(com.flurry.sdk.kb$1@639390626)
I/org.umd.logging( 4238): Method < 2039 com.flurry.sdk.lw.run()
I/org.umd.logging( 4238): Method > 2039 com.flurry.sdk.lw.run(com.flurry.sdk.kb$1@752298035)
I/org.umd.logging( 4238): Method < 2039 com.flurry.sdk.lw.run()
I/org.umd.logging( 4238): Method > 2039 com.flurry.sdk.lw.run(com.flurry.sdk.kb$1@810407920)
I/org.umd.logging( 4238): Method < 2039 com.flurry.sdk.lw.run()
I/org.umd.logging( 4238): Method > 2039 com.flurry.sdk.lw.run(com.flurry.sdk.jq$3@1032849390)
I/org.umd.logging( 4238): Method < 2039 com.flurry.sdk.lw.run()
I/org.umd.logging( 4238): Method > 2039 com.flurry.sdk.lw.run(com.flurry.sdk.ja$11@424706844)
I/org.umd.logging( 4238): Method < 2039 com.flurry.sdk.lw.run()
I/org.umd.logging( 4238): Method > 2039 com.flurry.sdk.lw.run(com.flurry.sdk.ja$12@343454970)
W/GraphicsThread( 4267): type=1400 audit(0.0:35): avc: denied { read } for name="list_rates" dev="debugfs" ino=1382 scontext=u:r:untrusted_app:s0 tcontext=u:object_r:debugfs:s0 tclass=file
W/GraphicsThread( 4267): type=1400 audit(0.0:36): avc: denied { read } for name="list_rates" dev="debugfs" ino=1382 scontext=u:r:untrusted_app:s0 tcontext=u:object_r:debugfs:s0 tclass=file
I/org.umd.logging( 4238): Method < 2039 com.flurry.sdk.lw.run()
I/org.umd.logging( 4238): Method > 2039 com.flurry.sdk.lw.run(com.flurry.sdk.ja$13@275821832)
I/org.umd.logging( 4238): Method < 2039 com.flurry.sdk.lw.run()
I/org.umd.logging( 4238): Method > 2039 com.flurry.sdk.lw.run(com.flurry.sdk.ja$14@1041049286)
I/org.umd.logging( 4238): Method < 2039 com.flurry.sdk.lw.run()
I/org.umd.logging( 4238): Method > 2039 com.flurry.sdk.lw.run(com.flurry.sdk.ja$15@98572724)
I/org.umd.logging( 4238): Method < 2039 com.flurry.sdk.lw.run()
I/org.umd.logging( 4238): Method > 2039 com.flurry.sdk.lw.run(com.flurry.sdk.ja$16@941943122)
I/org.umd.logging( 4238): Method < 2039 com.flurry.sdk.lw.run()
I/org.umd.logging( 4238): Method > 2039 com.flurry.sdk.lw.run(com.flurry.sdk.kb$1@775586851)
I/org.umd.logging( 4238): Method < 2039 com.flurry.sdk.lw.run()
I/org.umd.logging( 4238): Method > 2039 com.flurry.sdk.lw.run(com.flurry.sdk.kr$3@561993433)
I/org.umd.logging( 4238): Method < 2039 com.flurry.sdk.lw.run()
I/org.umd.logging( 4238): Method > 2039 com.flurry.sdk.lw.run(com.flurry.sdk.kr$4@344213662)
I/org.umd.logging( 4238): Method < 2039 com.flurry.sdk.lw.run()
I/org.umd.logging( 4238): Method > 2039 com.flurry.sdk.lw.run(com.flurry.sdk.kq$4@452613275)
I/org.umd.logging( 4238): Method < 2039 com.flurry.sdk.lw.run()
I/org.umd.logging( 4238): Method > 2041 com.flurry.sdk.lw.run(com.flurry.sdk.ke$1$1@998508561)
I/org.umd.logging( 4238): Method < 2041 com.flurry.sdk.lw.run()
I/org.umd.logging( 4238): Method > 2041 com.flurry.sdk.lw.run(com.flurry.sdk.kl@29944652)
I/org.umd.logging( 4238): Api > 2041 java.net.URL.openConnection(java.net.URL@647995255<URL=https://data.flurry.com/aap.do>)
I/org.umd.logging( 4238): Api < 2041 java.net.URL.openConnection(com.android.okhttp.internal.http.HttpsURLConnectionImpl@563566564)
I/art     (  594): Explicit concurrent mark sweep GC freed 12386(607KB) AllocSpace objects, 1(252KB) LOS objects, 33% free, 24MB/36MB, paused 1.709ms total 175.858ms
W/FlurryAgent( 4238): Event count started: Loading time - boot to splash
W/FlurryAgent( 4238): 'onEvent' method is deprecated.
I/org.umd.logging( 4238): Method > 2039 com.flurry.sdk.ja$7.run(com.flurry.sdk.ja$7@836151369)
I/org.umd.logging( 4238): Method < 2039 com.flurry.sdk.ja$7.run()
D/RemoteNotificationsClientWrapper( 4238): setEnabled()true
I/org.umd.logging( 4238): Method > 2023 com.rovio.fusion.RemoteNotificationsClientWrapper.start()
D/RemoteNotificationsClientWrapper( 4238): start()
D/RemoteNotificationsClientWrapper( 4238): Already registered: APA91bFIn3dnqYjsUtAvHVIjXZJIRn7YH9McNSfwBoRK_Wa0Zu5R6VV4FVaD1-wNtgxi5F5ZaGlBwTyx3g07VtTnUn7-2nRoTth5jpdNiCgEyMI5j2gRSSo_1aPELez13tw8EROJfIao
I/org.umd.logging( 4238): Method > 2023 com.rovio.fusion.Globals.runOnGLThread(com.rovio.fusion.RemoteNotificationsClientWrapper$1@911541871)
I/org.umd.logging( 4238): Method < 2023 com.rovio.fusion.Globals.runOnGLThread()
D/RemoteNotificationsClientWrapper( 4238): checkStoredRemoteNotificationPayload()
I/org.umd.logging( 4238): Method < 2023 com.rovio.fusion.RemoteNotificationsClientWrapper.start()
W/FlurryAgent( 4238): Analytics report sent.
E/LocalNotifications( 4238): removeNotification() java exception: Expected type: Object, got: Null
I/org.umd.logging( 4238): Method > 2039 com.flurry.sdk.lw.run(com.flurry.sdk.ix$2@853049349)
I/org.umd.logging( 4238): Method < 2039 com.flurry.sdk.lw.run()
I/org.umd.logging( 4238): Method > 2039 com.flurry.sdk.lw.run(com.flurry.sdk.kr$7@953522827)
I/org.umd.logging( 4238): Method < 2039 com.flurry.sdk.lw.run()
I/org.umd.logging( 4238): Method > 2039 com.flurry.sdk.lw.run(com.flurry.sdk.kr$4@445339496)
I/org.umd.logging( 4238): Method < 2039 com.flurry.sdk.lw.run()
I/org.umd.logging( 4238): Method < 2041 com.flurry.sdk.lw.run()
I/org.umd.logging( 4238): Method > 2041 com.flurry.sdk.lw.run(com.flurry.sdk.ke$1$2@694648870)
I/org.umd.logging( 4238): Method < 2041 com.flurry.sdk.lw.run()
D/audio_hw_primary(  190): disable_audio_route: reset and update mixer path: low-latency-playback
D/audio_hw_primary(  190): disable_snd_device: snd_device(2: speaker)
E/LocalNotifications( 4238): removeNotification() java exception: Expected type: Object, got: Null
E/LocalNotifications( 4238): removeNotification() java exception: Expected type: Object, got: Null
E/LocalNotifications( 4238): removeNotification() java exception: Expected type: Object, got: Null
W/io      ( 4238): Failed to open /data/data/com.rovio.angrybirds/files/assets_service/remote_configuration_server.zip with errno 00000002 (No such file or directory)
I/org.umd.logging( 4238): Method > 2023 com.rovio.fusion.RemoteNotificationsClientWrapper$1.run(com.rovio.fusion.RemoteNotificationsClientWrapper$1@911541871)
W/art     ( 4238): Attempt to remove local handle scope entry from IRT, ignoring
I/org.umd.logging( 4238): Method < 2023 com.rovio.fusion.RemoteNotificationsClientWrapper$1.run()
I/org.umd.logging( 4238): Method > 1 com.rovio.rcs.apptrack.AppTrackSdk$1.run(com.rovio.rcs.apptrack.AppTrackSdk$1@913474068)
I/org.umd.logging( 4238): Api > 1 java.lang.Thread.start(com.comscore.utils.task.TaskThread@62617778<thread=2043>)
I/org.umd.logging( 4238): Api < 1 java.lang.Thread.start()
I/org.umd.logging( 4238): Method > 1 com.comscore.utils.task.TaskExecutor.execute(com.comscore.utils.task.TaskExecutor@654289792, com.comscore.analytics.ag@652504574, true)
I/org.umd.logging( 4238): Method > 1 com.comscore.utils.task.TaskExecutor.execute(com.comscore.utils.task.TaskExecutor@654289792, com.comscore.analytics.ag@652504574, 0, null)
I/org.umd.logging( 4238): Method > 1 com.comscore.utils.task.TaskExecutor.execute(com.comscore.utils.task.TaskExecutor@654289792, com.comscore.analytics.ag@652504574, 0, false, 0, null, null)
I/org.umd.logging( 4238): Method < 1 com.comscore.utils.task.TaskExecutor.execute(true)
I/org.umd.logging( 4238): Method < 1 com.comscore.utils.task.TaskExecutor.execute(true)
I/org.umd.logging( 4238): Method < 1 com.comscore.utils.task.TaskExecutor.execute(true)
I/org.umd.logging( 4238): Method > 1 com.comscore.utils.task.TaskExecutor.execute(com.comscore.utils.task.TaskExecutor@654289792, com.comscore.analytics.e@141819820, true)
I/org.umd.logging( 4238): Method > 1 com.comscore.utils.task.TaskExecutor.execute(com.comscore.utils.task.TaskExecutor@654289792, com.comscore.analytics.e@141819820, 0, null)
I/org.umd.logging( 4238): Method > 1 com.comscore.utils.task.TaskExecutor.execute(com.comscore.utils.task.TaskExecutor@654289792, com.comscore.analytics.e@141819820, 0, false, 0, null, null)
I/org.umd.logging( 4238): Method < 1 com.comscore.utils.task.TaskExecutor.execute(true)
I/org.umd.logging( 4238): Method < 1 com.comscore.utils.task.TaskExecutor.execute(true)
I/org.umd.logging( 4238): Method < 1 com.comscore.utils.task.TaskExecutor.execute(true)
I/org.umd.logging( 4238): Method > 1 com.comscore.utils.task.TaskExecutor.execute(com.comscore.utils.task.TaskExecutor@654289792, com.comscore.analytics.h@907373578, true)
I/org.umd.logging( 4238): Method > 1 com.comscore.utils.task.TaskExecutor.execute(com.comscore.utils.task.TaskExecutor@654289792, com.comscore.analytics.h@907373578, 0, null)
I/org.umd.logging( 4238): Method > 1 com.comscore.utils.task.TaskExecutor.execute(com.comscore.utils.task.TaskExecutor@654289792, com.comscore.analytics.h@907373578, 0, false, 0, null, null)
I/org.umd.logging( 4238): Method < 1 com.comscore.utils.task.TaskExecutor.execute(true)
I/org.umd.logging( 4238): Method < 1 com.comscore.utils.task.TaskExecutor.execute(true)
I/org.umd.logging( 4238): Method < 1 com.comscore.utils.task.TaskExecutor.execute(true)
I/org.umd.logging( 4238): Method > 2043 com.comscore.utils.task.TaskThread.run(com.comscore.utils.task.TaskThread@62617778<thread=2043>)
I/org.umd.logging( 4238): Method > 2043 com.comscore.utils.task.a.run(com.comscore.utils.task.a@581320406)
I/org.umd.logging( 4238): Method > 2043 com.comscore.analytics.ag.run(com.comscore.analytics.ag@652504574)
I/org.umd.logging( 4238): Method > 1 com.comscore.utils.task.TaskExecutor.execute(com.comscore.utils.task.TaskExecutor@654289792, com.comscore.analytics.d@402090648, true)
I/org.umd.logging( 4238): Method > 1 com.comscore.utils.task.TaskExecutor.execute(com.comscore.utils.task.TaskExecutor@654289792, com.comscore.analytics.d@402090648, 0, null)
I/org.umd.logging( 4238): Method > 1 com.comscore.utils.task.TaskExecutor.execute(com.comscore.utils.task.TaskExecutor@654289792, com.comscore.analytics.d@402090648, 0, false, 0, null, null)
I/org.umd.logging( 4238): Method < 1 com.comscore.utils.task.TaskExecutor.execute(true)
I/org.umd.logging( 4238): Method < 1 com.comscore.utils.task.TaskExecutor.execute(true)
I/org.umd.logging( 4238): Method < 1 com.comscore.utils.task.TaskExecutor.execute(true)
I/org.umd.logging( 4238): Method > 1 com.comscore.utils.task.TaskExecutor.execute(com.comscore.utils.task.TaskExecutor@654289792, com.comscore.analytics.m@994351172, true)
I/org.umd.logging( 4238): Method > 1 com.comscore.utils.task.TaskExecutor.execute(com.comscore.utils.task.TaskExecutor@654289792, com.comscore.analytics.m@994351172, 0, null)
I/org.umd.logging( 4238): Method > 1 com.comscore.utils.task.TaskExecutor.execute(com.comscore.utils.task.TaskExecutor@654289792, com.comscore.analytics.m@994351172, 0, false, 0, null, null)
I/org.umd.logging( 4238): Method < 1 com.comscore.utils.task.TaskExecutor.execute(true)
I/org.umd.logging( 4238): Method < 1 com.comscore.utils.task.TaskExecutor.execute(true)
I/org.umd.logging( 4238): Method < 1 com.comscore.utils.task.TaskExecutor.execute(true)
I/org.umd.logging( 4238): Method > 1 com.comscore.utils.task.TaskExecutor.execute(com.comscore.utils.task.TaskExecutor@654289792, com.comscore.analytics.ac@161444450, true)
I/org.umd.logging( 4238): Method > 1 com.comscore.utils.task.TaskExecutor.execute(com.comscore.utils.task.TaskExecutor@654289792, com.comscore.analytics.ac@161444450, 0, null)
I/org.umd.logging( 4238): Method > 1 com.comscore.utils.task.TaskExecutor.execute(com.comscore.utils.task.TaskExecutor@654289792, com.comscore.analytics.ac@161444450, 0, false, 0, null, null)
I/org.umd.logging( 4238): Method < 1 com.comscore.utils.task.TaskExecutor.execute(true)
I/org.umd.logging( 4238): Method < 1 com.comscore.utils.task.TaskExecutor.execute(true)
I/org.umd.logging( 4238): Method < 1 com.comscore.utils.task.TaskExecutor.execute(true)
I/org.umd.logging( 4238): Method < 1 com.rovio.rcs.apptrack.AppTrackSdk$1.run()
I/org.umd.logging( 4238): Api > 2043 java.lang.Thread.start(java.lang.Thread@387249328<thread=2045>)
I/org.umd.logging( 4238): Api < 2043 java.lang.Thread.start()
I/org.umd.logging( 4238): Method < 2043 com.comscore.analytics.ag.run()
I/org.umd.logging( 4238): Method < 2043 com.comscore.utils.task.a.run()
I/org.umd.logging( 4238): Method > 2043 com.comscore.utils.task.TaskThread.run(com.comscore.utils.task.TaskThread@62617778<thread=2043>)
I/org.umd.logging( 4238): Method > 2043 com.comscore.utils.task.a.run(com.comscore.utils.task.a@376858703)
I/org.umd.logging( 4238): Method > 2043 com.comscore.analytics.e.run(com.comscore.analytics.e@141819820)
I/org.umd.logging( 4238): Method < 2043 com.comscore.analytics.e.run()
I/org.umd.logging( 4238): Method < 2043 com.comscore.utils.task.a.run()
I/org.umd.logging( 4238): Method > 2043 com.comscore.utils.task.TaskThread.run(com.comscore.utils.task.TaskThread@62617778<thread=2043>)
I/org.umd.logging( 4238): Method > 2043 com.comscore.utils.task.a.run(com.comscore.utils.task.a@541895644)
I/org.umd.logging( 4238): Method > 2043 com.comscore.analytics.h.run(com.comscore.analytics.h@907373578)
I/org.umd.logging( 4238): Method < 2043 com.comscore.analytics.h.run()
I/org.umd.logging( 4238): Method < 2043 com.comscore.utils.task.a.run()
I/org.umd.logging( 4238): Method > 2043 com.comscore.utils.task.TaskThread.run(com.comscore.utils.task.TaskThread@62617778<thread=2043>)
I/org.umd.logging( 4238): Method > 2043 com.comscore.utils.task.a.run(com.comscore.utils.task.a@623535333)
I/org.umd.logging( 4238): Method > 2043 com.comscore.analytics.d.run(com.comscore.analytics.d@402090648)
I/org.umd.logging( 4238): Method > 2045 com.comscore.utils.d.run(com.comscore.utils.d@503730862)
I/org.umd.logging( 4238): Method < 2043 com.comscore.analytics.d.run()
I/org.umd.logging( 4238): Method < 2043 com.comscore.utils.task.a.run()
I/org.umd.logging( 4238): Method > 2043 com.comscore.utils.task.TaskThread.run(com.comscore.utils.task.TaskThread@62617778<thread=2043>)
I/org.umd.logging( 4238): Method > 2043 com.comscore.utils.task.a.run(com.comscore.utils.task.a@736684986)
I/org.umd.logging( 4238): Method > 2043 com.comscore.analytics.m.run(com.comscore.analytics.m@994351172)
I/org.umd.logging( 4238): Method < 2043 com.comscore.analytics.m.run()
I/org.umd.logging( 4238): Method < 2043 com.comscore.utils.task.a.run()
I/org.umd.logging( 4238): Method > 2043 com.comscore.utils.task.TaskThread.run(com.comscore.utils.task.TaskThread@62617778<thread=2043>)
I/org.umd.logging( 4238): Method > 2043 com.comscore.utils.task.a.run(com.comscore.utils.task.a@903559787)
I/org.umd.logging( 4238): Method > 2043 com.comscore.analytics.ac.run(com.comscore.analytics.ac@161444450)
I/org.umd.logging( 4238): Method > 2043 com.comscore.analytics.af.run(com.comscore.analytics.af@430008929)
I/org.umd.logging( 4238): Method > 2043 com.comscore.applications.KeepAlive.start(com.comscore.applications.KeepAlive@74519111, 3000)
D/KeepAlive( 4238): cancel()
D/KeepAlive( 4238): start(3000)
I/org.umd.logging( 4238): Method > 2043 com.comscore.utils.task.TaskExecutor.execute(com.comscore.utils.task.TaskExecutor@654289792, com.comscore.applications.KeepAlive@74519111, 3000, true, 86400000, null, null)
I/org.umd.logging( 4238): Method < 2043 com.comscore.utils.task.TaskExecutor.execute(true)
I/org.umd.logging( 4238): Method < 2043 com.comscore.applications.KeepAlive.start()
I/org.umd.logging( 4238): Api > 1 android.net.ConnectivityManager.getNetworkInfo(android.net.ConnectivityManager@710696251, 1)
I/org.umd.logging( 4238): Api < 1 android.net.ConnectivityManager.getNetworkInfo(android.net.NetworkInfo@170478493)
I/org.umd.logging( 4238): Api > 1 android.net.ConnectivityManager.getNetworkInfo(android.net.ConnectivityManager@710696251, 1)
I/org.umd.logging( 4238): Api < 1 android.net.ConnectivityManager.getNetworkInfo(android.net.NetworkInfo@17643538)
I/org.umd.logging( 4238): Api > 1 android.net.wifi.WifiManager.getConnectionInfo(android.net.wifi.WifiManager@359066080)
I/org.umd.logging( 4238): Api < 1 android.net.wifi.WifiManager.getConnectionInfo(android.net.wifi.WifiInfo@250086207)
I/org.umd.logging( 4238): Method > 1 com.comscore.utils.task.TaskExecutor.execute(com.comscore.utils.task.TaskExecutor@654289792, com.comscore.utils.a@248992085, 30000, null)
I/org.umd.logging( 4238): Method > 1 com.comscore.utils.task.TaskExecutor.execute(com.comscore.utils.task.TaskExecutor@654289792, com.comscore.utils.a@248992085, 30000, false, 0, null, null)
I/org.umd.logging( 4238): Method < 1 com.comscore.utils.task.TaskExecutor.execute(true)
I/org.umd.logging( 4238): Method < 1 com.comscore.utils.task.TaskExecutor.execute(true)
I/org.umd.logging( 4238): Method > 2043 com.comscore.utils.task.TaskExecutor.execute(com.comscore.utils.task.TaskExecutor@654289792, com.comscore.measurement.a@316904539, false)
I/org.umd.logging( 4238): Method > 2043 com.comscore.measurement.a.run(com.comscore.measurement.a@316904539)
I/org.umd.logging( 4238): Api > 2043 android.net.ConnectivityManager.getNetworkInfo(android.net.ConnectivityManager@710696251, 1)
I/org.umd.logging( 4238): Api < 2043 android.net.ConnectivityManager.getNetworkInfo(android.net.NetworkInfo@997987576)
I/org.umd.logging( 4238): Api > 2043 android.net.ConnectivityManager.getNetworkInfo(android.net.ConnectivityManager@710696251, 1)
I/org.umd.logging( 4238): Api < 2043 android.net.ConnectivityManager.getNetworkInfo(android.net.NetworkInfo@302558673)
I/org.umd.logging( 4238): Api > 2043 android.net.ConnectivityManager.getNetworkInfo(android.net.ConnectivityManager@710696251, 1)
I/org.umd.logging( 4238): Api < 2043 android.net.ConnectivityManager.getNetworkInfo(android.net.NetworkInfo@323870774)
I/org.umd.logging( 4238): Api > 2043 java.net.URL.openConnection(java.net.URL@305994551<URL=http://b.scorecardresearch.com/p2?c1=19&c2=19014625&ns_ap_an=com.rovio.angrybirds&ns_ap_pn=android&ns_ap_pv=5.1.1&c12=6af32452e0c5a90b3ae74a3a2cd2e005-cs31&ns_ak=EzSQQcURJg%2BmW9DdQShbaFVlxICyR%2BpGuCABTjoqwLjHVWtwMwYHZJIop14EpunIT%2B0d05aDnSApAIpWuPx1fsqfA2%2BaGLsr8aNa9bz7S%2BoYDqfFmiRZadc0rJHavkrSUXtihV8Y7RPj%2BDe2aiIOaQluEVZMdLFWZdmnAEzqzp0%3D&name=start&ns_ap_ec=1&ns_ap_ev=start&ns_ap_device=mako&ns_ap_id=1481666388999&ns_ap_csf=1&ns_ap_bi=com.rovio.angrybirds&ns_ap_pfm=android&ns_ap_pfv=5.1.1&ns_ap_ver=7.0.0&ns_ap_sv=3.1508.28&ns_type=view&ns_radio=wifi&ns_nc=1&ns_ap_gs=1481666196671&ns_ap_jb=0&ns_ap_res=1196x768&ns_ap_install=1481666196671&ns_ap_lastrun=0&ns_ap_cs=2&ns_ap_runs=2&ns_ap_usage=192328&ns_ap_fg=1&ns_ap_ft=58630&ns_ap_dft=58630&ns_ap_bt=0&ns_ap_dbt=0&ns_ap_dit=133639&ns_ap_as=0&ns_ap_das=192268&ns_ap_it=133639&ns_ap_lang=en&ns_ap_ar=armv7l&ns_ts=1481666388999>)
I/org.umd.logging( 4238): Api < 2043 java.net.URL.openConnection(com.android.okhttp.internal.http.HttpURLConnectionImpl@941184525)
D/KeepAlive( 4238): cancel()
D/KeepAlive( 4238): reset:86400000
I/org.umd.logging( 4238): Method > 2043 com.comscore.applications.KeepAlive.start(com.comscore.applications.KeepAlive@74519111, 0)
D/KeepAlive( 4238): cancel()
D/KeepAlive( 4238): start(0)
I/org.umd.logging( 4238): Method > 2043 com.comscore.utils.task.TaskExecutor.execute(com.comscore.utils.task.TaskExecutor@654289792, com.comscore.applications.KeepAlive@74519111, 86399999, true, 86400000, null, null)
I/org.umd.logging( 4238): Method < 2043 com.comscore.utils.task.TaskExecutor.execute(true)
I/org.umd.logging( 4238): Method < 2043 com.comscore.applications.KeepAlive.start()
I/org.umd.logging( 4238): Method < 2043 com.comscore.measurement.a.run()
I/org.umd.logging( 4238): Method < 2043 com.comscore.utils.task.TaskExecutor.execute(true)
I/org.umd.logging( 4238): Method < 2043 com.comscore.analytics.af.run()
I/org.umd.logging( 4238): Method < 2043 com.comscore.analytics.ac.run()
I/org.umd.logging( 4238): Method < 2043 com.comscore.utils.task.a.run()
I/org.umd.logging( 4238): Method > 2043 com.comscore.utils.task.TaskThread.run(com.comscore.utils.task.TaskThread@62617778<thread=2043>)
I/org.umd.logging( 4238): Method < 2045 com.comscore.utils.d.run()
I/org.umd.logging( 4986): Method > 501 com.a.a.a.a.d.run(com.a.a.a.a.d@98572724)
I/org.umd.logging( 4986): Method > 501 com.a.a.a.d.o.run(com.a.a.a.d.o@941943122)
I/org.umd.logging( 4986): Api > 501 android.net.ConnectivityManager.getActiveNetworkInfo(android.net.ConnectivityManager@2088560)
I/org.umd.logging( 4986): Api < 501 android.net.ConnectivityManager.getActiveNetworkInfo(android.net.NetworkInfo@641654166)
I/org.umd.logging( 4986): Method < 501 com.a.a.a.d.o.run()
I/org.umd.logging( 4986): Method < 501 com.a.a.a.a.d.run()
I/DownloadManagerWrapper(  949): onReceive() : Charging = true
W/EventProcessor( 4238): doListen: unnamed event, id = 96
W/EventProcessor( 4238): doListen: unnamed event, id = 80
W/EventProcessor( 4238): doListen: unnamed event, id = 81
W/EventProcessor( 4238): doListen: unnamed event, id = 97
W/EventProcessor( 4238): doListen: unnamed event, id = 98
W/EventProcessor( 4238): doListen: unnamed event, id = 99
W/EventProcessor( 4238): doListen: unnamed event, id = 100
W/EventProcessor( 4238): doListen: unnamed event, id = 101
W/EventProcessor( 4238): doListen: unnamed event, id = 102
I/WebViewFactory( 4238): Loading com.google.android.webview version 54.0.2840.85 (code 284008500)
I/art     ( 4238): Rejecting re-init on previously-failed class java.lang.Class<com.android.webview.chromium.TokenBindingManagerAdapter>
I/art     ( 4238): Rejecting re-init on previously-failed class java.lang.Class<com.android.webview.chromium.TokenBindingManagerAdapter>
I/art     ( 4238): Rejecting re-init on previously-failed class java.lang.Class<com.android.webview.chromium.ServiceWorkerControllerAdapter>
I/art     ( 4238): Rejecting re-init on previously-failed class java.lang.Class<com.android.webview.chromium.ServiceWorkerControllerAdapter>
I/cr_LibraryLoader( 4238): Time to load native libraries: 2 ms (timestamps 3072-3074)
I/cr_LibraryLoader( 4238): Expected native library version number "54.0.2840.85", actual native library version number "54.0.2840.85"
I/cr_LibraryLoader( 4238): Expected native library version number "54.0.2840.85", actual native library version number "54.0.2840.85"
I/chromium( 4238): [INFO:library_loader_hooks.cc(151)] Chromium logging enabled: level = 0, default verbosity = 0
I/cr_BrowserStartup( 4238): Initializing chromium process, singleProcess=true
W/EventProcessor( 4238): doListen: unnamed event, id = 103
W/EventProcessor( 4238): doListen: unnamed event, id = 104
W/EventProcessor( 4238): doListen: unnamed event, id = 105
W/EventProcessor( 4238): doListen: unnamed event, id = 106
W/EventProcessor( 4238): doListen: unnamed event, id = 107
W/EventProcessor( 4238): doListen: unnamed event, id = 108
W/EventProcessor( 4238): doListen: unnamed event, id = 109
W/EventProcessor( 4238): doListen: unnamed event, id = 110
W/EventProcessor( 4238): doListen: unnamed event, id = 111
W/EventProcessor( 4238): doListen: unnamed event, id = 112
W/EventProcessor( 4238): doListen: unnamed event, id = 113
W/EventProcessor( 4238): doListen: unnamed event, id = 114
W/EventProcessor( 4238): doListen: unnamed event, id = 115
W/EventProcessor( 4238): doListen: unnamed event, id = 116
W/EventProcessor( 4238): doListen: unnamed event, id = 117
W/EventProcessor( 4238): doListen: unnamed event, id = 118
W/EventProcessor( 4238): doListen: unnamed event, id = 119
W/EventProcessor( 4238): doListen: unnamed event, id = 120
W/EventProcessor( 4238): doListen: unnamed event, id = 121
W/EventProcessor( 4238): doListen: unnamed event, id = 122
W/EventProcessor( 4238): doListen: unnamed event, id = 123
W/EventProcessor( 4238): doListen: unnamed event, id = 124
W/EventProcessor( 4238): doListen: unnamed event, id = 125
W/EventProcessor( 4238): doListen: unnamed event, id = 126
W/EventProcessor( 4238): doListen: unnamed event, id = 127
W/EventProcessor( 4238): doListen: unnamed event, id = 128
W/EventProcessor( 4238): doListen: unnamed event, id = 129
W/EventProcessor( 4238): doListen: unnamed event, id = 130
W/EventProcessor( 4238): doListen: unnamed event, id = 131
W/EventProcessor( 4238): doListen: unnamed event, id = 132
W/EventProcessor( 4238): doListen: unnamed event, id = 133
W/EventProcessor( 4238): doListen: unnamed event, id = 134
W/EventProcessor( 4238): doListen: unnamed event, id = 135
W/EventProcessor( 4238): doListen: unnamed event, id = 136
W/EventProcessor( 4238): doListen: unnamed event, id = 137
W/EventProcessor( 4238): doListen: unnamed event, id = 138
W/EventProcessor( 4238): doListen: unnamed event, id = 139
W/EventProcessor( 4238): doListen: unnamed event, id = 140
W/EventProcessor( 4238): doListen: unnamed event, id = 141
W/EventProcessor( 4238): doListen: unnamed event, id = 142
W/EventProcessor( 4238): doListen: unnamed event, id = 143
W/EventProcessor( 4238): doListen: unnamed event, id = 144
W/EventProcessor( 4238): doListen: unnamed event, id = 145
W/EventProcessor( 4238): doListen: unnamed event, id = 146
W/EventProcessor( 4238): doListen: unnamed event, id = 147
W/EventProcessor( 4238): doListen: unnamed event, id = 148
W/EventProcessor( 4238): doListen: unnamed event, id = 149
W/EventProcessor( 4238): doListen: unnamed event, id = 150
W/EventProcessor( 4238): doListen: unnamed event, id = 151
W/EventProcessor( 4238): doListen: unnamed event, id = 152
E/        ( 4238): AssetDownloader::requestAssetPack packFileName == ugc.zip
E/        ( 4238): AssetDownloader::hasDownloadHandler()
E/        ( 4238): AssetDownloader::hasDownloadHandler() returning false
E/        ( 4238): AssetDownloader::requestAssetPack packFileName == league_config.zip
E/        ( 4238): AssetDownloader::hasDownloadHandler()
E/        ( 4238): AssetDownloader::hasDownloadHandler() m_downloadHandlers.find(fileName) != m_downloadHandlers.end()
D/ConnectivityService(  594): listenForNetwork for NetworkRequest [ id=45, legacyType=-1, [ Capabilities: INTERNET&NOT_RESTRICTED&TRUSTED] ]
D/ConnectivityService(  594): handleRegisterNetworkRequest checking NetworkAgentInfo [WIFI () - 102]
D/ConnectivityService(  594): apparently satisfied.  currentScore=60
D/ConnectivityManager.CallbackHandler( 4238): CM callback handler got msg 524290
E/        ( 4238): AssetDownloader::requestAssetPack packFileName == force_update.zip
E/        ( 4238): AssetDownloader::hasDownloadHandler()
E/        ( 4238): AssetDownloader::hasDownloadHandler() m_downloadHandlers.find(fileName) != m_downloadHandlers.end()
I/org.umd.logging( 4986): Method > 1 com.cleanmaster.base.crash.util.debug.b.run(com.cleanmaster.base.crash.util.debug.b@453239735)
I/org.umd.logging( 4986): Method < 1 com.cleanmaster.base.crash.util.debug.b.run()
W/FlurryAgent( 4238): Event count started: Loading time - splash to menu
W/FlurryAgent( 4238): 'onEvent' method is deprecated.
I/org.umd.logging( 4238): Method > 2039 com.flurry.sdk.ja$7.run(com.flurry.sdk.ja$7@646986181)
I/org.umd.logging( 4238): Method < 2039 com.flurry.sdk.ja$7.run()
W/EventProcessor( 4238): doListen: unnamed event, id = 36
W/GraphicsThread( 4267): type=1400 audit(0.0:37): avc: denied { read } for name="list_rates" dev="debugfs" ino=1382 scontext=u:r:untrusted_app:s0 tcontext=u:object_r:debugfs:s0 tclass=file
W/GraphicsThread( 4369): type=1400 audit(0.0:38): avc: denied { read } for name="list_rates" dev="debugfs" ino=1382 scontext=u:r:untrusted_app:s0 tcontext=u:object_r:debugfs:s0 tclass=file
W/GraphicsThread( 4267): type=1400 audit(0.0:39): avc: denied { read } for name="list_rates" dev="debugfs" ino=1382 scontext=u:r:untrusted_app:s0 tcontext=u:object_r:debugfs:s0 tclass=file
W/EventProcessor( 4238): doListen: unnamed event, id = 155
W/EventProcessor( 4238): doListen: unnamed event, id = 157
W/EventProcessor( 4238): doListen: unnamed event, id = 158
I/org.umd.logging( 4238): Method > 1 com.rovio.rcs.ads.AdsSdk$1.run(com.rovio.rcs.ads.AdsSdk$1@7227979)
I/org.umd.logging( 4238): Method > 1 com.jirbo.adcolony.AdColony$a.onPreExecute(com.jirbo.adcolony.AdColony$a@859811137<atask=true>)
I/org.umd.logging( 4238): Method < 1 com.jirbo.adcolony.AdColony$a.onPreExecute()
I/AdColony( 4238): ==== Configuring AdColony 2.3.6 with app/zone ids: ====
I/AdColony( 4238): app734551e630ab4548ad
I/AdColony( 4238): vzf314efc2e393442884
I/AdColony( 4238): vzb9c027a353784470ac
I/AdColony( 4238): vz71b451063f5a4e0ea6
I/org.umd.logging( 4238): Method < 1 com.rovio.rcs.ads.AdsSdk$1.run()
W/EventProcessor( 4238): doListen: unnamed event, id = 159
I/org.umd.logging( 4238): Method > 1 com.rovio.rcs.ads.AdsSdk$1.run(com.rovio.rcs.ads.AdsSdk$1@976012006)
W/EventProcessor( 4238): doListen: unnamed event, id = 160
I/org.umd.logging( 4238): Method < 1 com.rovio.rcs.ads.AdsSdk$1.run()
I/org.umd.logging( 4238): Method > 1 com.rovio.rcs.ads.AdsSdk$1.run(com.rovio.rcs.ads.AdsSdk$1@1057120980)
I/org.umd.logging( 4238): Method < 1 com.rovio.rcs.ads.AdsSdk$1.run()
W/EventProcessor( 4238): doListen: unnamed event, id = 161
I/org.umd.logging( 4238): Method > 1 com.rovio.rcs.ads.AdsSdk$1.run(com.rovio.rcs.ads.AdsSdk$1@303619197)
I/org.umd.logging( 4238): Method < 1 com.rovio.rcs.ads.AdsSdk$1.run()
I/org.umd.logging( 4238): Method > 1 com.rovio.rcs.ads.WebViewWrapper$1.run(com.rovio.rcs.ads.WebViewWrapper$1@902543299)
I/org.umd.logging( 4238): Method < 1 com.rovio.rcs.ads.WebViewWrapper$1.run()
I/org.umd.logging( 4238): Method > 1 com.rovio.rcs.ads.WebViewWrapper$2.run(com.rovio.rcs.ads.WebViewWrapper$2@6013817)
I/org.umd.logging( 4238): Method < 1 com.rovio.rcs.ads.WebViewWrapper$2.run()
I/org.umd.logging( 4238): Method > 1 com.rovio.rcs.ads.WebViewWrapper$4.run(com.rovio.rcs.ads.WebViewWrapper$4@296226079)
I/org.umd.logging( 4238): Method < 1 com.rovio.rcs.ads.WebViewWrapper$4.run()
I/org.umd.logging( 4238): Method > 1 com.rovio.rcs.ads.WebViewWrapper$5.run(com.rovio.rcs.ads.WebViewWrapper$5@894180917)
I/org.umd.logging( 4238): Method < 1 com.rovio.rcs.ads.WebViewWrapper$5.run()
I/org.umd.logging( 4238): Method > 1 com.rovio.rcs.ads.WebViewWrapper$8.run(com.rovio.rcs.ads.WebViewWrapper$8@30039099)
I/art     ( 4238): Rejecting re-init on previously-failed class java.lang.Class<com.android.webview.chromium.WebViewContentsClientAdapter$WebResourceErrorImpl>
I/art     ( 4238): Rejecting re-init on previously-failed class java.lang.Class<com.android.webview.chromium.WebViewContentsClientAdapter$WebResourceErrorImpl>
W/art     ( 4238): Native thread exiting without having called DetachCurrentThread (maybe it's going to use a pthread_key_create destructor?): Thread[27,tid=4369,Native,Thread*=0xbad78758,peer=0x12ec10a0,"Thread-2057"]
D/ConnectivityService(  594): listenForNetwork for NetworkRequest [ id=46, legacyType=-1, [ Capabilities: INTERNET&NOT_RESTRICTED&TRUSTED] ]
D/ConnectivityService(  594): handleRegisterNetworkRequest checking NetworkAgentInfo [WIFI () - 102]
D/ConnectivityService(  594): apparently satisfied.  currentScore=60
D/ConnectivityManager.CallbackHandler( 4238): CM callback handler got msg 524290
I/art     ( 4238): Rejecting re-init on previously-failed class java.lang.Class<org.chromium.content.browser.FloatingWebActionModeCallback>
I/art     ( 4238): Rejecting re-init on previously-failed class java.lang.Class<org.chromium.content.browser.FloatingWebActionModeCallback>
W/FlurryAgent( 4238): Event count started: Main menu entered
W/FlurryAgent( 4238): 'onEvent' method is deprecated.
I/org.umd.logging( 4238): Method > 2039 com.flurry.sdk.ja$7.run(com.flurry.sdk.ja$7@682021232)
I/org.umd.logging( 4238): Method < 2039 com.flurry.sdk.ja$7.run()
E/Cataloger( 6490): syncFile:/storage/emulated/0/2016-12-13_04:59:55.869.jpg
W/ResourceType( 4238): No known package when getting name for resource number 0xffffffff
I/org.umd.logging( 4238): Api > 1 android.webkit.WebView.<init>(com.rovio.rcs.ads.AdsWebView@578426803<file=2016-12-13_04:59:55.869><x=0><y=0><width=0><height=0><id=-1>, com.rovio.fusion.App@410649080)
E/Cataloger( 6490): syncFile:/storage/emulated/0/2016-12-13_04:59:55.869.jpg
E/Cataloger( 6490): syncFile:/storage/emulated/0/2016-12-13_04:59:56.050.jpg
W/ResourceType( 4238): No known package when getting name for resource number 0xffffffff
I/org.umd.logging( 4238): Api < 1 android.webkit.WebView.<init>(com.rovio.rcs.ads.AdsWebView@578426803<file=2016-12-13_04:59:56.050><x=0><y=0><width=0><height=0><id=-1>)
E/Cataloger( 6490): syncFile:/storage/emulated/0/2016-12-13_04:59:56.050.jpg
I/cr_Ime  ( 4238): ImeThread is enabled.
W/cr_media( 4238): Requires BLUETOOTH permission
I/org.umd.logging( 4238): Method < 1 com.rovio.rcs.ads.WebViewWrapper$8.run()
I/org.umd.logging( 4238): Method > 1 com.rovio.rcs.ads.WebViewWrapper$1.run(com.rovio.rcs.ads.WebViewWrapper$1@164487802)
I/org.umd.logging( 4238): Method < 1 com.rovio.rcs.ads.WebViewWrapper$1.run()
I/org.umd.logging( 4238): Method > 1 com.rovio.rcs.ads.WebViewWrapper$2.run(com.rovio.rcs.ads.WebViewWrapper$2@201771563)
I/org.umd.logging( 4238): Method < 1 com.rovio.rcs.ads.WebViewWrapper$2.run()
I/org.umd.logging( 4238): Method > 1 com.rovio.rcs.ads.WebViewWrapper$4.run(com.rovio.rcs.ads.WebViewWrapper$4@952065672)
I/org.umd.logging( 4238): Method < 1 com.rovio.rcs.ads.WebViewWrapper$4.run()
I/org.umd.logging( 4238): Method > 1 com.rovio.rcs.ads.WebViewWrapper$5.run(com.rovio.rcs.ads.WebViewWrapper$5@494460961)
I/org.umd.logging( 4238): Method < 1 com.rovio.rcs.ads.WebViewWrapper$5.run()
I/org.umd.logging( 4238): Method > 1 com.rovio.rcs.ads.WebViewWrapper$8.run(com.rovio.rcs.ads.WebViewWrapper$8@457681990)
E/libEGL  ( 4238): validate_display:255 error 3008 (EGL_BAD_DISPLAY)
E/Cataloger( 6490): syncFile:/storage/emulated/0/2016-12-13_04:59:56.280.jpg
W/GraphicsThread( 4267): type=1400 audit(0.0:40): avc: denied { read } for name="list_rates" dev="debugfs" ino=1382 scontext=u:r:untrusted_app:s0 tcontext=u:object_r:debugfs:s0 tclass=file
I/org.umd.logging( 4238): Api > 2023 android.net.ConnectivityManager.getActiveNetworkInfo(android.net.ConnectivityManager@710696251)
I/org.umd.logging( 4238): Api < 2023 android.net.ConnectivityManager.getActiveNetworkInfo(android.net.NetworkInfo@306333394)
W/EventProcessor( 4238): doListen: unnamed event, id = 92
W/EventProcessor( 4238): doListen: unnamed event, id = 162
W/EventProcessor( 4238): doListen: unnamed event, id = 163
W/EventProcessor( 4238): doListen: unnamed event, id = 164
