I/org.umd.logging( 3303): Method > 1 com.rovio.fusion.MySurfaceView.onTouchEvent(com.rovio.fusion.MySurfaceView@538088829<file=2016-12-13_04:57:02.289><x=0><y=0><width=1280><height=768><id=-1>, android.view.MotionEvent@313675942)
E/Cataloger( 6490): syncFile:/storage/emulated/0/2016-12-13_04:57:02.289.jpg
I/org.umd.logging( 3303): Method > 1 com.rovio.fusion.InputDelegator.onTouchEvent(com.rovio.fusion.InputDelegator@412026516, android.view.MotionEvent@313675942)
I/org.umd.logging( 3303): Method < 1 com.rovio.fusion.InputDelegator.onTouchEvent(true)
I/org.umd.logging( 3303): Method < 1 com.rovio.fusion.MySurfaceView.onTouchEvent(true)
I/org.umd.logging( 3303): Method > 2059 com.jirbo.adcolony.p$1.run(com.jirbo.adcolony.p$1@964129216)
I/org.umd.logging( 3303): Method < 2059 com.jirbo.adcolony.p$1.run()
I/org.umd.logging( 3303): Method > 2059 com.jirbo.adcolony.p$1.run(com.jirbo.adcolony.p$1@964129216)
I/org.umd.logging( 3303): Method < 2059 com.jirbo.adcolony.p$1.run()
I/org.umd.logging( 3303): Method > 2059 com.jirbo.adcolony.p$1.run(com.jirbo.adcolony.p$1@964129216)
I/org.umd.logging( 3303): Method < 2059 com.jirbo.adcolony.p$1.run()
I/org.umd.logging( 3303): Method > 2059 com.jirbo.adcolony.p$1.run(com.jirbo.adcolony.p$1@964129216)
I/org.umd.logging( 3303): Method < 2059 com.jirbo.adcolony.p$1.run()
I/org.umd.logging( 3303): Api > 2057 android.net.ConnectivityManager.getActiveNetworkInfo(android.net.ConnectivityManager@884783815)
I/org.umd.logging( 3303): Method > 2059 com.jirbo.adcolony.p$1.run(com.jirbo.adcolony.p$1@964129216)
I/org.umd.logging( 3303): Method < 2059 com.jirbo.adcolony.p$1.run()
I/org.umd.logging( 3303): Api < 2057 android.net.ConnectivityManager.getActiveNetworkInfo(android.net.NetworkInfo@680046325)
W/FlurryAgent( 3303): Event count started: LeagueofLearningEntered
W/FlurryAgent( 3303): 'onEvent' method is deprecated.
I/org.umd.logging( 3303): Method > 2026 com.flurry.sdk.ja$7.run(com.flurry.sdk.ja$7@771708042)
I/org.umd.logging( 3303): Method < 2026 com.flurry.sdk.ja$7.run()
I/org.umd.logging( 3303): Method > 2059 com.jirbo.adcolony.p$1.run(com.jirbo.adcolony.p$1@964129216)
I/org.umd.logging( 3303): Method < 2059 com.jirbo.adcolony.p$1.run()
I/art     ( 3303): Background sticky concurrent mark sweep GC freed 5730(293KB) AllocSpace objects, 2(7MB) LOS objects, 2% free, 44MB/45MB, paused 8.301ms total 21.608ms
I/org.umd.logging( 3303): Method > 2059 com.jirbo.adcolony.p$1.run(com.jirbo.adcolony.p$1@964129216)
I/org.umd.logging( 3303): Method < 2059 com.jirbo.adcolony.p$1.run()
E/Cataloger( 6490): syncFile:/storage/emulated/0/2016-12-13_04:57:03.857.jpg
W/FlurryAgent( 3303): Event count started: Level started before completion
I/org.umd.logging( 3303): Method > 2026 com.flurry.sdk.ja$7.run(com.flurry.sdk.ja$7@238369531)
I/org.umd.logging( 3303): Method < 2026 com.flurry.sdk.ja$7.run()
W/FlurryAgent( 3303): 'onEvent' method is deprecated.
W/ResourceType( 3303): No known package when getting name for resource number 0xffffffff
I/org.umd.logging( 3303): Method > 1 com.rovio.fusion.MySurfaceView.onTouchEvent(com.rovio.fusion.MySurfaceView@538088829<file=2016-12-13_04:57:03.857><x=0><y=0><width=1280><height=768><id=-1>, android.view.MotionEvent@313675942)
I/org.umd.logging( 3303): Method > 1 com.rovio.fusion.InputDelegator.onTouchEvent(com.rovio.fusion.InputDelegator@412026516, android.view.MotionEvent@313675942)
E/Cataloger( 6490): syncFile:/storage/emulated/0/2016-12-13_04:57:03.857.jpg
I/org.umd.logging( 3303): Method < 1 com.rovio.fusion.InputDelegator.onTouchEvent(true)
I/org.umd.logging( 3303): Method < 1 com.rovio.fusion.MySurfaceView.onTouchEvent(true)
I/art     ( 3303): WaitForGcToComplete blocked for 20.723ms for cause HeapTrim
E/Cataloger( 6490): syncFile:/storage/emulated/0/2016-12-13_04:57:04.059.jpg
E/WifiStateMachine(  594): WifiStateMachine CMD_START_SCAN source -2 txSuccessRate=230.76 rxSuccessRate=473.72 targetRoamBSSID=any RSSI=-46
I/org.umd.logging( 3303): Method > 2059 com.jirbo.adcolony.p$1.run(com.jirbo.adcolony.p$1@964129216)
I/org.umd.logging( 3303): Method < 2059 com.jirbo.adcolony.p$1.run()
W/ResourceType( 3303): No known package when getting name for resource number 0xffffffff
I/org.umd.logging( 3303): Method > 1 com.rovio.fusion.MySurfaceView.onTouchEvent(com.rovio.fusion.MySurfaceView@538088829<file=2016-12-13_04:57:04.059><x=0><y=0><width=1280><height=768><id=-1>, android.view.MotionEvent@313675942)
I/org.umd.logging( 3303): Method > 1 com.rovio.fusion.InputDelegator.onTouchEvent(com.rovio.fusion.InputDelegator@412026516, android.view.MotionEvent@313675942)
E/Cataloger( 6490): syncFile:/storage/emulated/0/2016-12-13_04:57:04.059.jpg
I/org.umd.logging( 3303): Method < 1 com.rovio.fusion.InputDelegator.onTouchEvent(true)
I/org.umd.logging( 3303): Method < 1 com.rovio.fusion.MySurfaceView.onTouchEvent(true)
E/Cataloger( 6490): syncFile:/storage/emulated/0/2016-12-13_04:57:04.254.jpg
W/ResourceType( 3303): No known package when getting name for resource number 0xffffffff
I/org.umd.logging( 3303): Method > 1 com.rovio.fusion.MySurfaceView.onTouchEvent(com.rovio.fusion.MySurfaceView@538088829<file=2016-12-13_04:57:04.254><x=0><y=0><width=1280><height=768><id=-1>, android.view.MotionEvent@313675942)
I/org.umd.logging( 3303): Method > 1 com.rovio.fusion.InputDelegator.onTouchEvent(com.rovio.fusion.InputDelegator@412026516, android.view.MotionEvent@313675942)
E/Cataloger( 6490): syncFile:/storage/emulated/0/2016-12-13_04:57:04.254.jpg
I/org.umd.logging( 3303): Method < 1 com.rovio.fusion.InputDelegator.onTouchEvent(true)
I/org.umd.logging( 3303): Method < 1 com.rovio.fusion.MySurfaceView.onTouchEvent(true)
I/Choreographer( 3303): Skipped 34 frames!  The application may be doing too much work on its main thread.
I/org.umd.logging( 3303): Method > 2059 com.jirbo.adcolony.p$1.run(com.jirbo.adcolony.p$1@964129216)
I/org.umd.logging( 3303): Method < 2059 com.jirbo.adcolony.p$1.run()
I/org.umd.logging( 3303): Method > 2059 com.jirbo.adcolony.p$1.run(com.jirbo.adcolony.p$1@964129216)
I/org.umd.logging( 3303): Method < 2059 com.jirbo.adcolony.p$1.run()
I/org.umd.logging( 3303): Method > 2059 com.jirbo.adcolony.p$1.run(com.jirbo.adcolony.p$1@964129216)
I/org.umd.logging( 3303): Method < 2059 com.jirbo.adcolony.p$1.run()
E/Cataloger( 6490): syncFile:/storage/emulated/0/2016-12-13_04:57:05.074.jpg
W/ResourceType( 3303): No known package when getting name for resource number 0xffffffff
I/org.umd.logging( 3303): Method > 1 com.rovio.fusion.MySurfaceView.onTouchEvent(com.rovio.fusion.MySurfaceView@538088829<file=2016-12-13_04:57:05.074><x=0><y=0><width=1280><height=768><id=-1>, android.view.MotionEvent@313675942)
I/org.umd.logging( 3303): Method > 1 com.rovio.fusion.InputDelegator.onTouchEvent(com.rovio.fusion.InputDelegator@412026516, android.view.MotionEvent@313675942)
E/Cataloger( 6490): syncFile:/storage/emulated/0/2016-12-13_04:57:05.074.jpg
I/org.umd.logging( 3303): Method < 1 com.rovio.fusion.InputDelegator.onTouchEvent(true)
I/org.umd.logging( 3303): Method < 1 com.rovio.fusion.MySurfaceView.onTouchEvent(true)
I/org.umd.logging( 3303): Method > 2059 com.jirbo.adcolony.p$1.run(com.jirbo.adcolony.p$1@964129216)
I/org.umd.logging( 3303): Method < 2059 com.jirbo.adcolony.p$1.run()
E/Cataloger( 6490): syncFile:/storage/emulated/0/2016-12-13_04:57:05.235.jpg
W/ResourceType( 3303): No known package when getting name for resource number 0xffffffff
I/org.umd.logging( 3303): Method > 1 com.rovio.fusion.MySurfaceView.onTouchEvent(com.rovio.fusion.MySurfaceView@538088829<file=2016-12-13_04:57:05.235><x=0><y=0><width=1280><height=768><id=-1>, android.view.MotionEvent@313675942)
E/Cataloger( 6490): syncFile:/storage/emulated/0/2016-12-13_04:57:05.235.jpg
I/org.umd.logging( 3303): Method > 1 com.rovio.fusion.InputDelegator.onTouchEvent(com.rovio.fusion.InputDelegator@412026516, android.view.MotionEvent@313675942)
I/org.umd.logging( 3303): Method < 1 com.rovio.fusion.InputDelegator.onTouchEvent(true)
I/org.umd.logging( 3303): Method < 1 com.rovio.fusion.MySurfaceView.onTouchEvent(true)
E/Cataloger( 6490): syncFile:/storage/emulated/0/2016-12-13_04:57:05.410.jpg
I/org.umd.logging( 3303): Method > 2059 com.jirbo.adcolony.p$1.run(com.jirbo.adcolony.p$1@964129216)
I/org.umd.logging( 3303): Method < 2059 com.jirbo.adcolony.p$1.run()
W/ResourceType( 3303): No known package when getting name for resource number 0xffffffff
I/org.umd.logging( 3303): Method > 1 com.rovio.fusion.MySurfaceView.onTouchEvent(com.rovio.fusion.MySurfaceView@538088829<file=2016-12-13_04:57:05.410><x=0><y=0><width=1280><height=768><id=-1>, android.view.MotionEvent@313675942)
E/Cataloger( 6490): syncFile:/storage/emulated/0/2016-12-13_04:57:05.410.jpg
I/org.umd.logging( 3303): Method > 1 com.rovio.fusion.InputDelegator.onTouchEvent(com.rovio.fusion.InputDelegator@412026516, android.view.MotionEvent@313675942)
I/org.umd.logging( 3303): Method < 1 com.rovio.fusion.InputDelegator.onTouchEvent(true)
I/org.umd.logging( 3303): Method < 1 com.rovio.fusion.MySurfaceView.onTouchEvent(true)
I/org.umd.logging( 3303): Method > 2059 com.jirbo.adcolony.p$1.run(com.jirbo.adcolony.p$1@964129216)
I/org.umd.logging( 3303): Method < 2059 com.jirbo.adcolony.p$1.run()
I/org.umd.logging( 3303): Method > 2059 com.jirbo.adcolony.p$1.run(com.jirbo.adcolony.p$1@964129216)
I/org.umd.logging( 3303): Method < 2059 com.jirbo.adcolony.p$1.run()
I/org.umd.logging( 3303): Method > 2059 com.jirbo.adcolony.p$1.run(com.jirbo.adcolony.p$1@964129216)
I/org.umd.logging( 3303): Method < 2059 com.jirbo.adcolony.p$1.run()
I/org.umd.logging( 3303): Api > 2057 android.net.ConnectivityManager.getActiveNetworkInfo(android.net.ConnectivityManager@884783815)
I/org.umd.logging( 3303): Method > 2059 com.jirbo.adcolony.p$1.run(com.jirbo.adcolony.p$1@964129216)
I/org.umd.logging( 3303): Method < 2059 com.jirbo.adcolony.p$1.run()
I/org.umd.logging( 3303): Api < 2057 android.net.ConnectivityManager.getActiveNetworkInfo(android.net.NetworkInfo@499435288)
E/Cataloger( 6490): syncFile:/storage/emulated/0/2016-12-13_04:57:06.578.jpg
I/org.umd.logging( 3303): Method > 2031 com.comscore.utils.task.TaskThread.run(com.comscore.utils.task.TaskThread@652504574<thread=2031>)
I/org.umd.logging( 3303): Method > 2031 com.comscore.utils.task.a.run(com.comscore.utils.task.a@906118513)
I/org.umd.logging( 3303): Method > 2031 com.comscore.utils.a.run(com.comscore.utils.a@323870774)
I/org.umd.logging( 3303): Method > 2031 com.comscore.utils.task.TaskExecutor.execute(com.comscore.utils.task.TaskExecutor@141819820, com.comscore.analytics.v@739412951, false)
I/org.umd.logging( 3303): Method > 2031 com.comscore.analytics.v.run(com.comscore.analytics.v@739412951)
I/org.umd.logging( 3303): Api > 2031 android.net.ConnectivityManager.getNetworkInfo(android.net.ConnectivityManager@710696251, 1)
I/org.umd.logging( 3303): Api < 2031 android.net.ConnectivityManager.getNetworkInfo(android.net.NetworkInfo@701185220)
I/org.umd.logging( 3303): Method < 2031 com.comscore.analytics.v.run()
I/org.umd.logging( 3303): Method < 2031 com.comscore.utils.task.TaskExecutor.execute(true)
I/org.umd.logging( 3303): Method < 2031 com.comscore.utils.a.run()
I/org.umd.logging( 3303): Method < 2031 com.comscore.utils.task.a.run()
I/org.umd.logging( 3303): Method > 2031 com.comscore.utils.task.TaskThread.run(com.comscore.utils.task.TaskThread@652504574<thread=2031>)
I/org.umd.logging( 3303): Method > 2059 com.jirbo.adcolony.p$1.run(com.jirbo.adcolony.p$1@964129216)
I/org.umd.logging( 3303): Method < 2059 com.jirbo.adcolony.p$1.run()
W/ResourceType( 3303): No known package when getting name for resource number 0xffffffff
I/org.umd.logging( 3303): Method > 1 com.rovio.fusion.MySurfaceView.onTouchEvent(com.rovio.fusion.MySurfaceView@538088829<file=2016-12-13_04:57:06.578><x=0><y=0><width=1280><height=768><id=-1>, android.view.MotionEvent@313675942)
I/org.umd.logging( 3303): Method > 1 com.rovio.fusion.InputDelegator.onTouchEvent(com.rovio.fusion.InputDelegator@412026516, android.view.MotionEvent@313675942)
E/Cataloger( 6490): syncFile:/storage/emulated/0/2016-12-13_04:57:06.578.jpg
I/org.umd.logging( 3303): Method < 1 com.rovio.fusion.InputDelegator.onTouchEvent(true)
I/org.umd.logging( 3303): Method < 1 com.rovio.fusion.MySurfaceView.onTouchEvent(true)
E/Cataloger( 6490): syncFile:/storage/emulated/0/2016-12-13_04:57:06.771.jpg
W/ResourceType( 3303): No known package when getting name for resource number 0xffffffff
I/org.umd.logging( 3303): Method > 1 com.rovio.fusion.MySurfaceView.onTouchEvent(com.rovio.fusion.MySurfaceView@538088829<file=2016-12-13_04:57:06.771><x=0><y=0><width=1280><height=768><id=-1>, android.view.MotionEvent@313675942)
E/Cataloger( 6490): syncFile:/storage/emulated/0/2016-12-13_04:57:06.771.jpg
I/org.umd.logging( 3303): Method > 1 com.rovio.fusion.InputDelegator.onTouchEvent(com.rovio.fusion.InputDelegator@412026516, android.view.MotionEvent@313675942)
I/org.umd.logging( 3303): Method < 1 com.rovio.fusion.InputDelegator.onTouchEvent(true)
I/org.umd.logging( 3303): Method < 1 com.rovio.fusion.MySurfaceView.onTouchEvent(true)
I/org.umd.logging( 3303): Method > 2059 com.jirbo.adcolony.p$1.run(com.jirbo.adcolony.p$1@964129216)
I/org.umd.logging( 3303): Method < 2059 com.jirbo.adcolony.p$1.run()
E/Cataloger( 6490): syncFile:/storage/emulated/0/2016-12-13_04:57:06.955.jpg
W/ResourceType( 3303): No known package when getting name for resource number 0xffffffff
I/org.umd.logging( 3303): Method > 1 com.rovio.fusion.MySurfaceView.onTouchEvent(com.rovio.fusion.MySurfaceView@538088829<file=2016-12-13_04:57:06.955><x=0><y=0><width=1280><height=768><id=-1>, android.view.MotionEvent@313675942)
I/org.umd.logging( 3303): Method > 1 com.rovio.fusion.InputDelegator.onTouchEvent(com.rovio.fusion.InputDelegator@412026516, android.view.MotionEvent@313675942)
I/org.umd.logging( 3303): Method < 1 com.rovio.fusion.InputDelegator.onTouchEvent(true)
E/Cataloger( 6490): syncFile:/storage/emulated/0/2016-12-13_04:57:06.955.jpg
I/org.umd.logging( 3303): Method < 1 com.rovio.fusion.MySurfaceView.onTouchEvent(true)
I/Choreographer( 3303): Skipped 34 frames!  The application may be doing too much work on its main thread.
I/org.umd.logging( 3303): Method > 2059 com.jirbo.adcolony.p$1.run(com.jirbo.adcolony.p$1@964129216)
I/org.umd.logging( 3303): Method < 2059 com.jirbo.adcolony.p$1.run()
I/org.umd.logging( 3303): Method > 2059 com.jirbo.adcolony.p$1.run(com.jirbo.adcolony.p$1@964129216)
I/org.umd.logging( 3303): Method < 2059 com.jirbo.adcolony.p$1.run()
I/org.umd.logging( 3303): Method > 2059 com.jirbo.adcolony.p$1.run(com.jirbo.adcolony.p$1@964129216)
I/org.umd.logging( 3303): Method < 2059 com.jirbo.adcolony.p$1.run()
I/org.umd.logging( 3303): Method > 2059 com.jirbo.adcolony.p$1.run(com.jirbo.adcolony.p$1@964129216)
I/org.umd.logging( 3303): Method < 2059 com.jirbo.adcolony.p$1.run()
I/org.umd.logging( 3303): Method > 2059 com.jirbo.adcolony.p$1.run(com.jirbo.adcolony.p$1@964129216)
I/org.umd.logging( 3303): Method < 2059 com.jirbo.adcolony.p$1.run()
I/org.umd.logging( 3303): Method > 2059 com.jirbo.adcolony.p$1.run(com.jirbo.adcolony.p$1@964129216)
I/org.umd.logging( 3303): Method < 2059 com.jirbo.adcolony.p$1.run()
I/org.umd.logging( 3303): Method > 2059 com.jirbo.adcolony.p$1.run(com.jirbo.adcolony.p$1@964129216)
I/org.umd.logging( 3303): Method < 2059 com.jirbo.adcolony.p$1.run()
I/org.umd.logging( 3303): Method > 2059 com.jirbo.adcolony.p$1.run(com.jirbo.adcolony.p$1@964129216)
I/org.umd.logging( 3303): Method < 2059 com.jirbo.adcolony.p$1.run()
I/org.umd.logging( 3303): Method > 2059 com.jirbo.adcolony.p$1.run(com.jirbo.adcolony.p$1@964129216)
I/org.umd.logging( 3303): Method < 2059 com.jirbo.adcolony.p$1.run()
I/org.umd.logging( 3303): Api > 2057 android.net.ConnectivityManager.getActiveNetworkInfo(android.net.ConnectivityManager@884783815)
I/org.umd.logging( 3303): Method > 2059 com.jirbo.adcolony.p$1.run(com.jirbo.adcolony.p$1@964129216)
I/org.umd.logging( 3303): Api < 2057 android.net.ConnectivityManager.getActiveNetworkInfo(android.net.NetworkInfo@1000654765)
I/org.umd.logging( 3303): Method < 2059 com.jirbo.adcolony.p$1.run()
I/org.umd.logging( 3303): Method > 2059 com.jirbo.adcolony.p$1.run(com.jirbo.adcolony.p$1@964129216)
I/org.umd.logging( 3303): Method < 2059 com.jirbo.adcolony.p$1.run()
E/Cataloger( 6490): syncFile:/storage/emulated/0/2016-12-13_04:57:09.745.jpg
W/ResourceType( 3303): No known package when getting name for resource number 0xffffffff
I/org.umd.logging( 3303): Method > 1 com.rovio.fusion.MySurfaceView.onTouchEvent(com.rovio.fusion.MySurfaceView@538088829<file=2016-12-13_04:57:09.745><x=0><y=0><width=1280><height=768><id=-1>, android.view.MotionEvent@313675942)
I/org.umd.logging( 3303): Method > 1 com.rovio.fusion.InputDelegator.onTouchEvent(com.rovio.fusion.InputDelegator@412026516, android.view.MotionEvent@313675942)
E/Cataloger( 6490): syncFile:/storage/emulated/0/2016-12-13_04:57:09.745.jpg
I/org.umd.logging( 3303): Method < 1 com.rovio.fusion.InputDelegator.onTouchEvent(true)
I/org.umd.logging( 3303): Method < 1 com.rovio.fusion.MySurfaceView.onTouchEvent(true)
E/Cataloger( 6490): syncFile:/storage/emulated/0/2016-12-13_04:57:09.916.jpg
I/org.umd.logging( 3303): Method > 2059 com.jirbo.adcolony.p$1.run(com.jirbo.adcolony.p$1@964129216)
I/org.umd.logging( 3303): Method < 2059 com.jirbo.adcolony.p$1.run()
W/ResourceType( 3303): No known package when getting name for resource number 0xffffffff
I/org.umd.logging( 3303): Method > 1 com.rovio.fusion.MySurfaceView.onTouchEvent(com.rovio.fusion.MySurfaceView@538088829<file=2016-12-13_04:57:09.916><x=0><y=0><width=1280><height=768><id=-1>, android.view.MotionEvent@313675942)
I/org.umd.logging( 3303): Method > 1 com.rovio.fusion.InputDelegator.onTouchEvent(com.rovio.fusion.InputDelegator@412026516, android.view.MotionEvent@313675942)
E/Cataloger( 6490): syncFile:/storage/emulated/0/2016-12-13_04:57:09.916.jpg
I/org.umd.logging( 3303): Method < 1 com.rovio.fusion.InputDelegator.onTouchEvent(true)
I/org.umd.logging( 3303): Method < 1 com.rovio.fusion.MySurfaceView.onTouchEvent(true)
E/Cataloger( 6490): syncFile:/storage/emulated/0/2016-12-13_04:57:10.085.jpg
I/org.umd.logging( 3303): Method > 2059 com.jirbo.adcolony.p$1.run(com.jirbo.adcolony.p$1@964129216)
I/org.umd.logging( 3303): Method < 2059 com.jirbo.adcolony.p$1.run()
W/ResourceType( 3303): No known package when getting name for resource number 0xffffffff
I/org.umd.logging( 3303): Method > 1 com.rovio.fusion.MySurfaceView.onTouchEvent(com.rovio.fusion.MySurfaceView@538088829<file=2016-12-13_04:57:10.085><x=0><y=0><width=1280><height=768><id=-1>, android.view.MotionEvent@313675942)
I/org.umd.logging( 3303): Method > 1 com.rovio.fusion.InputDelegator.onTouchEvent(com.rovio.fusion.InputDelegator@412026516, android.view.MotionEvent@313675942)
E/Cataloger( 6490): syncFile:/storage/emulated/0/2016-12-13_04:57:10.085.jpg
I/org.umd.logging( 3303): Method < 1 com.rovio.fusion.InputDelegator.onTouchEvent(true)
I/org.umd.logging( 3303): Method < 1 com.rovio.fusion.MySurfaceView.onTouchEvent(true)
E/Cataloger( 6490): syncFile:/storage/emulated/0/2016-12-13_04:57:10.263.jpg
W/ResourceType( 3303): No known package when getting name for resource number 0xffffffff
I/org.umd.logging( 3303): Method > 1 com.rovio.fusion.MySurfaceView.onTouchEvent(com.rovio.fusion.MySurfaceView@538088829<file=2016-12-13_04:57:10.263><x=0><y=0><width=1280><height=768><id=-1>, android.view.MotionEvent@313675942)
I/org.umd.logging( 3303): Method > 1 com.rovio.fusion.InputDelegator.onTouchEvent(com.rovio.fusion.InputDelegator@412026516, android.view.MotionEvent@313675942)
I/org.umd.logging( 3303): Method < 1 com.rovio.fusion.InputDelegator.onTouchEvent(true)
E/Cataloger( 6490): syncFile:/storage/emulated/0/2016-12-13_04:57:10.263.jpg
I/org.umd.logging( 3303): Method < 1 com.rovio.fusion.MySurfaceView.onTouchEvent(true)
I/org.umd.logging( 3303): Method > 2059 com.jirbo.adcolony.p$1.run(com.jirbo.adcolony.p$1@964129216)
I/org.umd.logging( 3303): Method < 2059 com.jirbo.adcolony.p$1.run()
E/Cataloger( 6490): syncFile:/storage/emulated/0/2016-12-13_04:57:10.438.jpg
W/ResourceType( 3303): No known package when getting name for resource number 0xffffffff
I/org.umd.logging( 3303): Method > 1 com.rovio.fusion.MySurfaceView.onTouchEvent(com.rovio.fusion.MySurfaceView@538088829<file=2016-12-13_04:57:10.438><x=0><y=0><width=1280><height=768><id=-1>, android.view.MotionEvent@313675942)
E/Cataloger( 6490): syncFile:/storage/emulated/0/2016-12-13_04:57:10.438.jpg
I/org.umd.logging( 3303): Method > 1 com.rovio.fusion.InputDelegator.onTouchEvent(com.rovio.fusion.InputDelegator@412026516, android.view.MotionEvent@313675942)
I/org.umd.logging( 3303): Method < 1 com.rovio.fusion.InputDelegator.onTouchEvent(true)
I/org.umd.logging( 3303): Method < 1 com.rovio.fusion.MySurfaceView.onTouchEvent(true)
E/Cataloger( 6490): syncFile:/storage/emulated/0/2016-12-13_04:57:10.658.jpg
I/org.umd.logging( 3303): Method > 2059 com.jirbo.adcolony.p$1.run(com.jirbo.adcolony.p$1@964129216)
I/org.umd.logging( 3303): Method < 2059 com.jirbo.adcolony.p$1.run()
W/ResourceType( 3303): No known package when getting name for resource number 0xffffffff
I/org.umd.logging( 3303): Method > 1 com.rovio.fusion.MySurfaceView.onTouchEvent(com.rovio.fusion.MySurfaceView@538088829<file=2016-12-13_04:57:10.658><x=0><y=0><width=1280><height=768><id=-1>, android.view.MotionEvent@313675942)
I/org.umd.logging( 3303): Method > 1 com.rovio.fusion.InputDelegator.onTouchEvent(com.rovio.fusion.InputDelegator@412026516, android.view.MotionEvent@313675942)
E/Cataloger( 6490): syncFile:/storage/emulated/0/2016-12-13_04:57:10.658.jpg
I/org.umd.logging( 3303): Method < 1 com.rovio.fusion.InputDelegator.onTouchEvent(true)
I/org.umd.logging( 3303): Method < 1 com.rovio.fusion.MySurfaceView.onTouchEvent(true)
I/Choreographer( 3303): Skipped 65 frames!  The application may be doing too much work on its main thread.
I/org.umd.logging( 3303): Method > 1 com.rovio.rcs.ads.WebViewWrapper$1.run(com.rovio.rcs.ads.WebViewWrapper$1@919464674)
I/org.umd.logging( 3303): Method < 1 com.rovio.rcs.ads.WebViewWrapper$1.run()
I/org.umd.logging( 3303): Method > 1 com.rovio.rcs.ads.WebViewWrapper$2.run(com.rovio.rcs.ads.WebViewWrapper$2@537529971)
I/org.umd.logging( 3303): Method < 1 com.rovio.rcs.ads.WebViewWrapper$2.run()
I/org.umd.logging( 3303): Method > 1 com.rovio.rcs.ads.WebViewWrapper$4.run(com.rovio.rcs.ads.WebViewWrapper$4@346120496)
I/org.umd.logging( 3303): Method < 1 com.rovio.rcs.ads.WebViewWrapper$4.run()
I/org.umd.logging( 3303): Method > 1 com.rovio.rcs.ads.WebViewWrapper$5.run(com.rovio.rcs.ads.WebViewWrapper$5@259207593)
I/org.umd.logging( 3303): Method < 1 com.rovio.rcs.ads.WebViewWrapper$5.run()
I/org.umd.logging( 3303): Method > 1 com.rovio.rcs.ads.WebViewWrapper$8.run(com.rovio.rcs.ads.WebViewWrapper$8@1055118126)
E/Cataloger( 6490): syncFile:/storage/emulated/0/2016-12-13_04:57:10.869.jpg
I/org.umd.logging( 3303): Method > 2059 com.jirbo.adcolony.p$1.run(com.jirbo.adcolony.p$1@964129216)
I/org.umd.logging( 3303): Method < 2059 com.jirbo.adcolony.p$1.run()
I/DownloadManagerWrapper(  949): onReceive() : Charging = true
W/ResourceType( 3303): No known package when getting name for resource number 0xffffffff
I/org.umd.logging( 3303): Api > 1 android.webkit.WebView.<init>(com.rovio.rcs.ads.AdsWebView@178536293<file=2016-12-13_04:57:10.869><x=0><y=0><width=0><height=0><id=-1>, com.rovio.fusion.App@410649080)
E/Cataloger( 6490): syncFile:/storage/emulated/0/2016-12-13_04:57:10.869.jpg
E/Cataloger( 6490): syncFile:/storage/emulated/0/2016-12-13_04:57:11.080.jpg
I/org.umd.logging( 3303): Method > 2059 com.jirbo.adcolony.p$1.run(com.jirbo.adcolony.p$1@964129216)
I/org.umd.logging( 3303): Method < 2059 com.jirbo.adcolony.p$1.run()
W/ResourceType( 3303): No known package when getting name for resource number 0xffffffff
I/org.umd.logging( 3303): Api < 1 android.webkit.WebView.<init>(com.rovio.rcs.ads.AdsWebView@178536293<file=2016-12-13_04:57:11.080><x=0><y=0><width=0><height=0><id=-1>)
E/Cataloger( 6490): syncFile:/storage/emulated/0/2016-12-13_04:57:11.080.jpg
I/cr_Ime  ( 3303): ImeThread is enabled.
I/org.umd.logging( 3303): Method < 1 com.rovio.rcs.ads.WebViewWrapper$8.run()
W/cr_BindingManager( 3303): Cannot call determinedVisibility() - never saw a connection for the pid: 3303
E/chromium( 3303): [ERROR:interface_registry.cc(99)] Failed to locate a binder for interface: autofill::mojom::AutofillDriver
E/Cataloger( 6490): syncFile:/storage/emulated/0/2016-12-13_04:57:11.355.jpg
I/org.umd.logging( 3303): Method > 2059 com.jirbo.adcolony.p$1.run(com.jirbo.adcolony.p$1@964129216)
I/org.umd.logging( 3303): Method < 2059 com.jirbo.adcolony.p$1.run()
W/ResourceType( 3303): No known package when getting name for resource number 0xffffffff
I/org.umd.logging( 3303): Method > 1 com.rovio.fusion.MySurfaceView.onTouchEvent(com.rovio.fusion.MySurfaceView@538088829<file=2016-12-13_04:57:11.355><x=0><y=0><width=1280><height=768><id=-1>, android.view.MotionEvent@313675942)
I/org.umd.logging( 3303): Method > 1 com.rovio.fusion.InputDelegator.onTouchEvent(com.rovio.fusion.InputDelegator@412026516, android.view.MotionEvent@313675942)
E/Cataloger( 6490): syncFile:/storage/emulated/0/2016-12-13_04:57:11.355.jpg
I/org.umd.logging( 3303): Method < 1 com.rovio.fusion.InputDelegator.onTouchEvent(true)
I/org.umd.logging( 3303): Method < 1 com.rovio.fusion.MySurfaceView.onTouchEvent(true)
E/Cataloger( 6490): syncFile:/storage/emulated/0/2016-12-13_04:57:11.582.jpg
W/ResourceType( 3303): No known package when getting name for resource number 0xffffffff
I/org.umd.logging( 3303): Method > 1 com.rovio.fusion.MySurfaceView.onTouchEvent(com.rovio.fusion.MySurfaceView@538088829<file=2016-12-13_04:57:11.582><x=0><y=0><width=1280><height=768><id=-1>, android.view.MotionEvent@313675942)
I/org.umd.logging( 3303): Method > 1 com.rovio.fusion.InputDelegator.onTouchEvent(com.rovio.fusion.InputDelegator@412026516, android.view.MotionEvent@313675942)
I/org.umd.logging( 3303): Method < 1 com.rovio.fusion.InputDelegator.onTouchEvent(true)
I/org.umd.logging( 3303): Method < 1 com.rovio.fusion.MySurfaceView.onTouchEvent(true)
E/Cataloger( 6490): syncFile:/storage/emulated/0/2016-12-13_04:57:11.582.jpg
I/org.umd.logging( 3303): Method > 2059 com.jirbo.adcolony.p$1.run(com.jirbo.adcolony.p$1@964129216)
I/org.umd.logging( 3303): Method < 2059 com.jirbo.adcolony.p$1.run()
E/Cataloger( 6490): syncFile:/storage/emulated/0/2016-12-13_04:57:11.745.jpg
W/ResourceType( 3303): No known package when getting name for resource number 0xffffffff
I/org.umd.logging( 3303): Method > 1 com.rovio.fusion.MySurfaceView.onTouchEvent(com.rovio.fusion.MySurfaceView@538088829<file=2016-12-13_04:57:11.745><x=0><y=0><width=1280><height=768><id=-1>, android.view.MotionEvent@313675942)
I/org.umd.logging( 3303): Method > 1 com.rovio.fusion.InputDelegator.onTouchEvent(com.rovio.fusion.InputDelegator@412026516, android.view.MotionEvent@313675942)
I/org.umd.logging( 3303): Method < 1 com.rovio.fusion.InputDelegator.onTouchEvent(true)
I/org.umd.logging( 3303): Method < 1 com.rovio.fusion.MySurfaceView.onTouchEvent(true)
E/Cataloger( 6490): syncFile:/storage/emulated/0/2016-12-13_04:57:11.745.jpg
I/org.umd.logging( 3303): Method > 2059 com.jirbo.adcolony.p$1.run(com.jirbo.adcolony.p$1@964129216)
I/org.umd.logging( 3303): Method < 2059 com.jirbo.adcolony.p$1.run()
E/Cataloger( 6490): syncFile:/storage/emulated/0/2016-12-13_04:57:11.929.jpg
W/ResourceType( 3303): No known package when getting name for resource number 0xffffffff
I/org.umd.logging( 3303): Method > 1 com.rovio.fusion.MySurfaceView.onTouchEvent(com.rovio.fusion.MySurfaceView@538088829<file=2016-12-13_04:57:11.929><x=0><y=0><width=1280><height=768><id=-1>, android.view.MotionEvent@313675942)
I/org.umd.logging( 3303): Method > 1 com.rovio.fusion.InputDelegator.onTouchEvent(com.rovio.fusion.InputDelegator@412026516, android.view.MotionEvent@313675942)
E/Cataloger( 6490): syncFile:/storage/emulated/0/2016-12-13_04:57:11.929.jpg
I/org.umd.logging( 3303): Method < 1 com.rovio.fusion.InputDelegator.onTouchEvent(true)
I/org.umd.logging( 3303): Method < 1 com.rovio.fusion.MySurfaceView.onTouchEvent(true)
I/org.umd.logging( 4986): Method > 1 com.cleanmaster.base.crash.util.debug.b.run(com.cleanmaster.base.crash.util.debug.b@453239735)
I/org.umd.logging( 4986): Method < 1 com.cleanmaster.base.crash.util.debug.b.run()
E/Cataloger( 6490): syncFile:/storage/emulated/0/2016-12-13_04:57:12.108.jpg
I/org.umd.logging( 3303): Method > 2059 com.jirbo.adcolony.p$1.run(com.jirbo.adcolony.p$1@964129216)
I/org.umd.logging( 3303): Method < 2059 com.jirbo.adcolony.p$1.run()
W/ResourceType( 3303): No known package when getting name for resource number 0xffffffff
I/org.umd.logging( 3303): Method > 1 com.rovio.fusion.MySurfaceView.onTouchEvent(com.rovio.fusion.MySurfaceView@538088829<file=2016-12-13_04:57:12.108><x=0><y=0><width=1280><height=768><id=-1>, android.view.MotionEvent@313675942)
E/Cataloger( 6490): syncFile:/storage/emulated/0/2016-12-13_04:57:12.108.jpg
I/org.umd.logging( 3303): Method > 1 com.rovio.fusion.InputDelegator.onTouchEvent(com.rovio.fusion.InputDelegator@412026516, android.view.MotionEvent@313675942)
I/org.umd.logging( 3303): Method < 1 com.rovio.fusion.InputDelegator.onTouchEvent(true)
I/org.umd.logging( 3303): Method < 1 com.rovio.fusion.MySurfaceView.onTouchEvent(true)
E/Cataloger( 6490): syncFile:/storage/emulated/0/2016-12-13_04:57:12.309.jpg
W/ResourceType( 3303): No known package when getting name for resource number 0xffffffff
I/org.umd.logging( 3303): Method > 1 com.rovio.fusion.MySurfaceView.onTouchEvent(com.rovio.fusion.MySurfaceView@538088829<file=2016-12-13_04:57:12.309><x=0><y=0><width=1280><height=768><id=-1>, android.view.MotionEvent@313675942)
E/Cataloger( 6490): syncFile:/storage/emulated/0/2016-12-13_04:57:12.309.jpg
I/org.umd.logging( 3303): Method > 1 com.rovio.fusion.InputDelegator.onTouchEvent(com.rovio.fusion.InputDelegator@412026516, android.view.MotionEvent@313675942)
I/org.umd.logging( 3303): Method < 1 com.rovio.fusion.InputDelegator.onTouchEvent(true)
I/org.umd.logging( 3303): Method < 1 com.rovio.fusion.MySurfaceView.onTouchEvent(true)
I/org.umd.logging( 3303): Api > 2057 android.net.ConnectivityManager.getActiveNetworkInfo(android.net.ConnectivityManager@884783815)
I/org.umd.logging( 3303): Method > 2059 com.jirbo.adcolony.p$1.run(com.jirbo.adcolony.p$1@964129216)
I/org.umd.logging( 3303): Method < 2059 com.jirbo.adcolony.p$1.run()
I/org.umd.logging( 3303): Api < 2057 android.net.ConnectivityManager.getActiveNetworkInfo(android.net.NetworkInfo@658954475)
E/Cataloger( 6490): syncFile:/storage/emulated/0/2016-12-13_04:57:12.475.jpg
W/ResourceType( 3303): No known package when getting name for resource number 0xffffffff
I/org.umd.logging( 3303): Method > 1 com.rovio.fusion.MySurfaceView.onTouchEvent(com.rovio.fusion.MySurfaceView@538088829<file=2016-12-13_04:57:12.475><x=0><y=0><width=1280><height=768><id=-1>, android.view.MotionEvent@313675942)
E/Cataloger( 6490): syncFile:/storage/emulated/0/2016-12-13_04:57:12.475.jpg
I/org.umd.logging( 3303): Method > 1 com.rovio.fusion.InputDelegator.onTouchEvent(com.rovio.fusion.InputDelegator@412026516, android.view.MotionEvent@313675942)
I/org.umd.logging( 3303): Method < 1 com.rovio.fusion.InputDelegator.onTouchEvent(true)
I/org.umd.logging( 3303): Method < 1 com.rovio.fusion.MySurfaceView.onTouchEvent(true)
I/org.umd.logging( 3303): Method > 2059 com.jirbo.adcolony.p$1.run(com.jirbo.adcolony.p$1@964129216)
I/org.umd.logging( 3303): Method < 2059 com.jirbo.adcolony.p$1.run()
E/Cataloger( 6490): syncFile:/storage/emulated/0/2016-12-13_04:57:12.733.jpg
W/ResourceType( 3303): No known package when getting name for resource number 0xffffffff
I/org.umd.logging( 3303): Method > 1 com.rovio.fusion.MySurfaceView.onTouchEvent(com.rovio.fusion.MySurfaceView@538088829<file=2016-12-13_04:57:12.733><x=0><y=0><width=1280><height=768><id=-1>, android.view.MotionEvent@313675942)
E/Cataloger( 6490): syncFile:/storage/emulated/0/2016-12-13_04:57:12.733.jpg
I/org.umd.logging( 3303): Method > 1 com.rovio.fusion.InputDelegator.onTouchEvent(com.rovio.fusion.InputDelegator@412026516, android.view.MotionEvent@313675942)
I/org.umd.logging( 3303): Method < 1 com.rovio.fusion.InputDelegator.onTouchEvent(true)
I/org.umd.logging( 3303): Method < 1 com.rovio.fusion.MySurfaceView.onTouchEvent(true)
E/Cataloger( 6490): syncFile:/storage/emulated/0/2016-12-13_04:57:12.906.jpg
I/org.umd.logging( 3303): Method > 2059 com.jirbo.adcolony.p$1.run(com.jirbo.adcolony.p$1@964129216)
I/org.umd.logging( 3303): Method < 2059 com.jirbo.adcolony.p$1.run()
W/ResourceType( 3303): No known package when getting name for resource number 0xffffffff
I/org.umd.logging( 3303): Method > 1 com.rovio.fusion.MySurfaceView.onTouchEvent(com.rovio.fusion.MySurfaceView@538088829<file=2016-12-13_04:57:12.906><x=0><y=0><width=1280><height=768><id=-1>, android.view.MotionEvent@313675942)
E/Cataloger( 6490): syncFile:/storage/emulated/0/2016-12-13_04:57:12.906.jpg
I/org.umd.logging( 3303): Method > 1 com.rovio.fusion.InputDelegator.onTouchEvent(com.rovio.fusion.InputDelegator@412026516, android.view.MotionEvent@313675942)
I/org.umd.logging( 3303): Method < 1 com.rovio.fusion.InputDelegator.onTouchEvent(true)
I/org.umd.logging( 3303): Method < 1 com.rovio.fusion.MySurfaceView.onTouchEvent(true)
E/Cataloger( 6490): syncFile:/storage/emulated/0/2016-12-13_04:57:13.076.jpg
W/ResourceType( 3303): No known package when getting name for resource number 0xffffffff
I/org.umd.logging( 3303): Method > 1 com.rovio.fusion.MySurfaceView.onTouchEvent(com.rovio.fusion.MySurfaceView@538088829<file=2016-12-13_04:57:13.076><x=0><y=0><width=1280><height=768><id=-1>, android.view.MotionEvent@313675942)
E/Cataloger( 6490): syncFile:/storage/emulated/0/2016-12-13_04:57:13.076.jpg
I/org.umd.logging( 3303): Method > 1 com.rovio.fusion.InputDelegator.onTouchEvent(com.rovio.fusion.InputDelegator@412026516, android.view.MotionEvent@313675942)
I/org.umd.logging( 3303): Method < 1 com.rovio.fusion.InputDelegator.onTouchEvent(true)
I/org.umd.logging( 3303): Method > 2059 com.jirbo.adcolony.p$1.run(com.jirbo.adcolony.p$1@964129216)
I/org.umd.logging( 3303): Method < 2059 com.jirbo.adcolony.p$1.run()
I/org.umd.logging( 3303): Method < 1 com.rovio.fusion.MySurfaceView.onTouchEvent(true)
E/Cataloger( 6490): syncFile:/storage/emulated/0/2016-12-13_04:57:13.257.jpg
W/ResourceType( 3303): No known package when getting name for resource number 0xffffffff
I/org.umd.logging( 3303): Method > 1 com.rovio.fusion.MySurfaceView.onTouchEvent(com.rovio.fusion.MySurfaceView@538088829<file=2016-12-13_04:57:13.257><x=0><y=0><width=1280><height=768><id=-1>, android.view.MotionEvent@313675942)
I/org.umd.logging( 3303): Method > 1 com.rovio.fusion.InputDelegator.onTouchEvent(com.rovio.fusion.InputDelegator@412026516, android.view.MotionEvent@313675942)
I/org.umd.logging( 3303): Method < 1 com.rovio.fusion.InputDelegator.onTouchEvent(true)
I/org.umd.logging( 3303): Method < 1 com.rovio.fusion.MySurfaceView.onTouchEvent(true)
I/org.umd.logging( 3303): Method > 2059 com.jirbo.adcolony.p$1.run(com.jirbo.adcolony.p$1@964129216)
I/org.umd.logging( 3303): Method < 2059 com.jirbo.adcolony.p$1.run()
E/Cataloger( 6490): syncFile:/storage/emulated/0/2016-12-13_04:57:13.257.jpg
E/Cataloger( 6490): syncFile:/storage/emulated/0/2016-12-13_04:57:13.472.jpg
W/ResourceType( 3303): No known package when getting name for resource number 0xffffffff
I/org.umd.logging( 3303): Method > 1 com.rovio.fusion.MySurfaceView.onTouchEvent(com.rovio.fusion.MySurfaceView@538088829<file=2016-12-13_04:57:13.472><x=0><y=0><width=1280><height=768><id=-1>, android.view.MotionEvent@313675942)
I/org.umd.logging( 3303): Method > 1 com.rovio.fusion.InputDelegator.onTouchEvent(com.rovio.fusion.InputDelegator@412026516, android.view.MotionEvent@313675942)
I/org.umd.logging( 3303): Method < 1 com.rovio.fusion.InputDelegator.onTouchEvent(true)
I/org.umd.logging( 3303): Method < 1 com.rovio.fusion.MySurfaceView.onTouchEvent(true)
I/Choreographer( 3303): Skipped 137 frames!  The application may be doing too much work on its main thread.
E/Cataloger( 6490): syncFile:/storage/emulated/0/2016-12-13_04:57:13.472.jpg
I/org.umd.logging( 3303): Method > 2008 com.rovio.rcs.ads.WebViewWrapper$13.run(com.rovio.rcs.ads.WebViewWrapper$13@271944)
I/org.umd.logging( 3303): Method < 2008 com.rovio.rcs.ads.WebViewWrapper$13.run()
I/org.umd.logging( 3303): Method > 2059 com.jirbo.adcolony.p$1.run(com.jirbo.adcolony.p$1@964129216)
I/org.umd.logging( 3303): Method < 2059 com.jirbo.adcolony.p$1.run()
I/org.umd.logging( 3303): Method > 2059 com.jirbo.adcolony.p$1.run(com.jirbo.adcolony.p$1@964129216)
I/org.umd.logging( 3303): Method < 2059 com.jirbo.adcolony.p$1.run()
I/org.umd.logging( 3303): Method > 2059 com.jirbo.adcolony.p$1.run(com.jirbo.adcolony.p$1@964129216)
I/org.umd.logging( 3303): Method < 2059 com.jirbo.adcolony.p$1.run()
I/org.umd.logging( 3303): Method > 2059 com.jirbo.adcolony.p$1.run(com.jirbo.adcolony.p$1@964129216)
I/org.umd.logging( 3303): Method < 2059 com.jirbo.adcolony.p$1.run()
E/Cataloger( 6490): syncFile:/storage/emulated/0/2016-12-13_04:57:14.488.jpg
W/ResourceType( 3303): No known package when getting name for resource number 0xffffffff
I/org.umd.logging( 3303): Method > 1 com.rovio.fusion.MySurfaceView.onTouchEvent(com.rovio.fusion.MySurfaceView@538088829<file=2016-12-13_04:57:14.488><x=0><y=0><width=1280><height=768><id=-1>, android.view.MotionEvent@313675942)
E/Cataloger( 6490): syncFile:/storage/emulated/0/2016-12-13_04:57:14.488.jpg
I/org.umd.logging( 3303): Method > 1 com.rovio.fusion.InputDelegator.onTouchEvent(com.rovio.fusion.InputDelegator@412026516, android.view.MotionEvent@313675942)
I/org.umd.logging( 3303): Method < 1 com.rovio.fusion.InputDelegator.onTouchEvent(true)
I/org.umd.logging( 3303): Method < 1 com.rovio.fusion.MySurfaceView.onTouchEvent(true)
E/Cataloger( 6490): syncFile:/storage/emulated/0/2016-12-13_04:57:14.668.jpg
I/org.umd.logging( 3303): Method > 2059 com.jirbo.adcolony.p$1.run(com.jirbo.adcolony.p$1@964129216)
I/org.umd.logging( 3303): Method < 2059 com.jirbo.adcolony.p$1.run()
W/ResourceType( 3303): No known package when getting name for resource number 0xffffffff
I/org.umd.logging( 3303): Method > 1 com.rovio.fusion.MySurfaceView.onTouchEvent(com.rovio.fusion.MySurfaceView@538088829<file=2016-12-13_04:57:14.668><x=0><y=0><width=1280><height=768><id=-1>, android.view.MotionEvent@313675942)
I/org.umd.logging( 3303): Method > 1 com.rovio.fusion.InputDelegator.onTouchEvent(com.rovio.fusion.InputDelegator@412026516, android.view.MotionEvent@313675942)
E/Cataloger( 6490): syncFile:/storage/emulated/0/2016-12-13_04:57:14.668.jpg
I/org.umd.logging( 3303): Method < 1 com.rovio.fusion.InputDelegator.onTouchEvent(true)
I/org.umd.logging( 3303): Method < 1 com.rovio.fusion.MySurfaceView.onTouchEvent(true)
E/Cataloger( 6490): syncFile:/storage/emulated/0/2016-12-13_04:57:14.831.jpg
I/org.umd.logging( 3303): Method > 2059 com.jirbo.adcolony.p$1.run(com.jirbo.adcolony.p$1@964129216)
I/org.umd.logging( 3303): Method < 2059 com.jirbo.adcolony.p$1.run()
W/ResourceType( 3303): No known package when getting name for resource number 0xffffffff
I/org.umd.logging( 3303): Method > 1 com.rovio.fusion.MySurfaceView.onTouchEvent(com.rovio.fusion.MySurfaceView@538088829<file=2016-12-13_04:57:14.831><x=0><y=0><width=1280><height=768><id=-1>, android.view.MotionEvent@313675942)
E/Cataloger( 6490): syncFile:/storage/emulated/0/2016-12-13_04:57:14.831.jpg
I/org.umd.logging( 3303): Method > 1 com.rovio.fusion.InputDelegator.onTouchEvent(com.rovio.fusion.InputDelegator@412026516, android.view.MotionEvent@313675942)
I/org.umd.logging( 3303): Method < 1 com.rovio.fusion.InputDelegator.onTouchEvent(true)
I/org.umd.logging( 3303): Method < 1 com.rovio.fusion.MySurfaceView.onTouchEvent(true)
E/Cataloger( 6490): syncFile:/storage/emulated/0/2016-12-13_04:57:15.053.jpg
W/ResourceType( 3303): No known package when getting name for resource number 0xffffffff
I/org.umd.logging( 3303): Method > 1 com.rovio.fusion.MySurfaceView.onTouchEvent(com.rovio.fusion.MySurfaceView@538088829<file=2016-12-13_04:57:15.053><x=0><y=0><width=1280><height=768><id=-1>, android.view.MotionEvent@313675942)
E/Cataloger( 6490): syncFile:/storage/emulated/0/2016-12-13_04:57:15.053.jpg
I/org.umd.logging( 3303): Method > 1 com.rovio.fusion.InputDelegator.onTouchEvent(com.rovio.fusion.InputDelegator@412026516, android.view.MotionEvent@313675942)
I/org.umd.logging( 3303): Method < 1 com.rovio.fusion.InputDelegator.onTouchEvent(true)
I/org.umd.logging( 3303): Method < 1 com.rovio.fusion.MySurfaceView.onTouchEvent(true)
I/org.umd.logging( 3303): Method > 2059 com.jirbo.adcolony.p$1.run(com.jirbo.adcolony.p$1@964129216)
I/org.umd.logging( 3303): Method < 2059 com.jirbo.adcolony.p$1.run()
I/org.umd.logging( 3303): Api > 2057 android.net.ConnectivityManager.getActiveNetworkInfo(android.net.ConnectivityManager@884783815)
I/org.umd.logging( 3303): Method > 2059 com.jirbo.adcolony.p$1.run(com.jirbo.adcolony.p$1@964129216)
I/org.umd.logging( 3303): Method < 2059 com.jirbo.adcolony.p$1.run()
I/org.umd.logging( 3303): Api < 2057 android.net.ConnectivityManager.getActiveNetworkInfo(android.net.NetworkInfo@689859809)
I/org.umd.logging( 3303): Method > 2059 com.jirbo.adcolony.p$1.run(com.jirbo.adcolony.p$1@964129216)
I/org.umd.logging( 3303): Method < 2059 com.jirbo.adcolony.p$1.run()
I/org.umd.logging( 3303): Method > 2059 com.jirbo.adcolony.p$1.run(com.jirbo.adcolony.p$1@964129216)
I/org.umd.logging( 3303): Method < 2059 com.jirbo.adcolony.p$1.run()
I/org.umd.logging( 3303): Method > 2059 com.jirbo.adcolony.p$1.run(com.jirbo.adcolony.p$1@964129216)
I/org.umd.logging( 3303): Method < 2059 com.jirbo.adcolony.p$1.run()
I/org.umd.logging( 3303): Method > 2059 com.jirbo.adcolony.p$1.run(com.jirbo.adcolony.p$1@964129216)
I/org.umd.logging( 3303): Method < 2059 com.jirbo.adcolony.p$1.run()
I/org.umd.logging( 3303): Method > 2059 com.jirbo.adcolony.p$1.run(com.jirbo.adcolony.p$1@964129216)
I/org.umd.logging( 3303): Method < 2059 com.jirbo.adcolony.p$1.run()
I/org.umd.logging( 3303): Method > 2059 com.jirbo.adcolony.p$1.run(com.jirbo.adcolony.p$1@964129216)
I/org.umd.logging( 3303): Method < 2059 com.jirbo.adcolony.p$1.run()
I/org.umd.logging( 3303): Method > 2059 com.jirbo.adcolony.p$1.run(com.jirbo.adcolony.p$1@964129216)
I/org.umd.logging( 3303): Method < 2059 com.jirbo.adcolony.p$1.run()
I/org.umd.logging( 3303): Method > 2059 com.jirbo.adcolony.p$1.run(com.jirbo.adcolony.p$1@964129216)
I/org.umd.logging( 3303): Method < 2059 com.jirbo.adcolony.p$1.run()
I/org.umd.logging( 3303): Method > 2059 com.jirbo.adcolony.p$1.run(com.jirbo.adcolony.p$1@964129216)
I/org.umd.logging( 3303): Method < 2059 com.jirbo.adcolony.p$1.run()
I/org.umd.logging( 3303): Method > 2059 com.jirbo.adcolony.p$1.run(com.jirbo.adcolony.p$1@964129216)
I/org.umd.logging( 3303): Method < 2059 com.jirbo.adcolony.p$1.run()
I/org.umd.logging( 3303): Method > 2059 com.jirbo.adcolony.p$1.run(com.jirbo.adcolony.p$1@964129216)
I/org.umd.logging( 3303): Method < 2059 com.jirbo.adcolony.p$1.run()
I/org.umd.logging( 3303): Api > 2057 android.net.ConnectivityManager.getActiveNetworkInfo(android.net.ConnectivityManager@884783815)
I/org.umd.logging( 3303): Method > 2059 com.jirbo.adcolony.p$1.run(com.jirbo.adcolony.p$1@964129216)
I/org.umd.logging( 3303): Method < 2059 com.jirbo.adcolony.p$1.run()
I/org.umd.logging( 3303): Api < 2057 android.net.ConnectivityManager.getActiveNetworkInfo(android.net.NetworkInfo@505879046)
I/org.umd.logging( 3303): Method > 2059 com.jirbo.adcolony.p$1.run(com.jirbo.adcolony.p$1@964129216)
I/org.umd.logging( 3303): Method < 2059 com.jirbo.adcolony.p$1.run()
I/org.umd.logging( 3303): Method > 2059 com.jirbo.adcolony.p$1.run(com.jirbo.adcolony.p$1@964129216)
I/org.umd.logging( 3303): Method < 2059 com.jirbo.adcolony.p$1.run()
I/org.umd.logging( 3303): Method > 2059 com.jirbo.adcolony.p$1.run(com.jirbo.adcolony.p$1@964129216)
I/org.umd.logging( 3303): Method < 2059 com.jirbo.adcolony.p$1.run()
I/org.umd.logging( 3303): Method > 2059 com.jirbo.adcolony.p$1.run(com.jirbo.adcolony.p$1@964129216)
I/org.umd.logging( 3303): Method < 2059 com.jirbo.adcolony.p$1.run()
I/org.umd.logging( 3303): Method > 2059 com.jirbo.adcolony.p$1.run(com.jirbo.adcolony.p$1@964129216)
I/org.umd.logging( 3303): Method < 2059 com.jirbo.adcolony.p$1.run()
I/org.umd.logging( 3303): Method > 2059 com.jirbo.adcolony.p$1.run(com.jirbo.adcolony.p$1@964129216)
I/org.umd.logging( 3303): Method < 2059 com.jirbo.adcolony.p$1.run()
I/org.umd.logging( 3303): Method > 2059 com.jirbo.adcolony.p$1.run(com.jirbo.adcolony.p$1@964129216)
I/org.umd.logging( 3303): Method < 2059 com.jirbo.adcolony.p$1.run()
I/org.umd.logging( 3303): Method > 2059 com.jirbo.adcolony.p$1.run(com.jirbo.adcolony.p$1@964129216)
I/org.umd.logging( 3303): Method < 2059 com.jirbo.adcolony.p$1.run()
I/org.umd.logging( 3303): Method > 2059 com.jirbo.adcolony.p$1.run(com.jirbo.adcolony.p$1@964129216)
I/org.umd.logging( 3303): Method < 2059 com.jirbo.adcolony.p$1.run()
I/org.umd.logging( 3303): Method > 2059 com.jirbo.adcolony.p$1.run(com.jirbo.adcolony.p$1@964129216)
I/org.umd.logging( 3303): Method < 2059 com.jirbo.adcolony.p$1.run()
I/DownloadManagerWrapper(  949): onReceive() : Charging = true
I/org.umd.logging( 3303): Method > 2059 com.jirbo.adcolony.p$1.run(com.jirbo.adcolony.p$1@964129216)
I/org.umd.logging( 3303): Method < 2059 com.jirbo.adcolony.p$1.run()
I/org.umd.logging( 3303): Api > 2057 android.net.ConnectivityManager.getActiveNetworkInfo(android.net.ConnectivityManager@884783815)
I/org.umd.logging( 3303): Method > 2059 com.jirbo.adcolony.p$1.run(com.jirbo.adcolony.p$1@964129216)
I/org.umd.logging( 3303): Method < 2059 com.jirbo.adcolony.p$1.run()
I/org.umd.logging( 3303): Api < 2057 android.net.ConnectivityManager.getActiveNetworkInfo(android.net.NetworkInfo@657987783)
I/org.umd.logging( 3303): Method > 2059 com.jirbo.adcolony.p$1.run(com.jirbo.adcolony.p$1@964129216)
I/org.umd.logging( 3303): Method < 2059 com.jirbo.adcolony.p$1.run()
I/org.umd.logging( 3303): Method > 2059 com.jirbo.adcolony.p$1.run(com.jirbo.adcolony.p$1@964129216)
I/org.umd.logging( 3303): Method < 2059 com.jirbo.adcolony.p$1.run()
I/org.umd.logging( 4986): Method > 1 com.cleanmaster.base.crash.util.debug.b.run(com.cleanmaster.base.crash.util.debug.b@453239735)
I/org.umd.logging( 4986): Method < 1 com.cleanmaster.base.crash.util.debug.b.run()
I/org.umd.logging( 3303): Method > 2059 com.jirbo.adcolony.p$1.run(com.jirbo.adcolony.p$1@964129216)
I/org.umd.logging( 3303): Method < 2059 com.jirbo.adcolony.p$1.run()
I/org.umd.logging( 3303): Method > 2059 com.jirbo.adcolony.p$1.run(com.jirbo.adcolony.p$1@964129216)
I/org.umd.logging( 3303): Method < 2059 com.jirbo.adcolony.p$1.run()
I/org.umd.logging( 3303): Method > 2059 com.jirbo.adcolony.p$1.run(com.jirbo.adcolony.p$1@964129216)
I/org.umd.logging( 3303): Method < 2059 com.jirbo.adcolony.p$1.run()
I/org.umd.logging( 3303): Method > 2059 com.jirbo.adcolony.p$1.run(com.jirbo.adcolony.p$1@964129216)
I/org.umd.logging( 3303): Method < 2059 com.jirbo.adcolony.p$1.run()
I/org.umd.logging( 3303): Method > 2059 com.jirbo.adcolony.p$1.run(com.jirbo.adcolony.p$1@964129216)
I/org.umd.logging( 3303): Method < 2059 com.jirbo.adcolony.p$1.run()
I/org.umd.logging( 3303): Method > 2059 com.jirbo.adcolony.p$1.run(com.jirbo.adcolony.p$1@964129216)
I/org.umd.logging( 3303): Method < 2059 com.jirbo.adcolony.p$1.run()
I/org.umd.logging( 3303): Method > 2059 com.jirbo.adcolony.p$1.run(com.jirbo.adcolony.p$1@964129216)
I/org.umd.logging( 3303): Method < 2059 com.jirbo.adcolony.p$1.run()
I/org.umd.logging( 3303): Method > 2059 com.jirbo.adcolony.p$1.run(com.jirbo.adcolony.p$1@964129216)
I/org.umd.logging( 3303): Method < 2059 com.jirbo.adcolony.p$1.run()
E/WifiStateMachine(  594): WifiStateMachine CMD_START_SCAN source -2 txSuccessRate=4.00 rxSuccessRate=6.91 targetRoamBSSID=any RSSI=-39
I/org.umd.logging( 3303): Method > 2059 com.jirbo.adcolony.p$1.run(com.jirbo.adcolony.p$1@964129216)
I/org.umd.logging( 3303): Method < 2059 com.jirbo.adcolony.p$1.run()
I/org.umd.logging( 3303): Method > 2059 com.jirbo.adcolony.p$1.run(com.jirbo.adcolony.p$1@964129216)
I/org.umd.logging( 3303): Api > 2057 android.net.ConnectivityManager.getActiveNetworkInfo(android.net.ConnectivityManager@884783815)
I/org.umd.logging( 3303): Method < 2059 com.jirbo.adcolony.p$1.run()
I/org.umd.logging( 3303): Api < 2057 android.net.ConnectivityManager.getActiveNetworkInfo(android.net.NetworkInfo@995712756)
I/org.umd.logging( 3303): Method > 2059 com.jirbo.adcolony.p$1.run(com.jirbo.adcolony.p$1@964129216)
I/org.umd.logging( 3303): Method < 2059 com.jirbo.adcolony.p$1.run()
I/org.umd.logging( 3303): Method > 2059 com.jirbo.adcolony.p$1.run(com.jirbo.adcolony.p$1@964129216)
I/org.umd.logging( 3303): Method < 2059 com.jirbo.adcolony.p$1.run()
I/org.umd.logging( 3303): Method > 2059 com.jirbo.adcolony.p$1.run(com.jirbo.adcolony.p$1@964129216)
I/org.umd.logging( 3303): Method < 2059 com.jirbo.adcolony.p$1.run()
I/org.umd.logging( 3303): Method > 2059 com.jirbo.adcolony.p$1.run(com.jirbo.adcolony.p$1@964129216)
I/org.umd.logging( 3303): Method < 2059 com.jirbo.adcolony.p$1.run()
I/org.umd.logging( 3303): Method > 2059 com.jirbo.adcolony.p$1.run(com.jirbo.adcolony.p$1@964129216)
I/org.umd.logging( 3303): Method < 2059 com.jirbo.adcolony.p$1.run()
I/org.umd.logging( 3303): Method > 2059 com.jirbo.adcolony.p$1.run(com.jirbo.adcolony.p$1@964129216)
I/org.umd.logging( 3303): Method < 2059 com.jirbo.adcolony.p$1.run()
I/org.umd.logging( 3303): Method > 2059 com.jirbo.adcolony.p$1.run(com.jirbo.adcolony.p$1@964129216)
I/org.umd.logging( 3303): Method < 2059 com.jirbo.adcolony.p$1.run()
I/org.umd.logging( 3303): Method > 2059 com.jirbo.adcolony.p$1.run(com.jirbo.adcolony.p$1@964129216)
