I/art     ( 3303): Rejecting re-init on previously-failed class java.lang.Class<com.android.webview.chromium.ServiceWorkerControllerAdapter>
I/art     ( 3303): Rejecting re-init on previously-failed class java.lang.Class<com.android.webview.chromium.ServiceWorkerControllerAdapter>
I/cr_LibraryLoader( 3303): Time to load native libraries: 1 ms (timestamps 816-817)
I/cr_LibraryLoader( 3303): Expected native library version number "54.0.2840.85", actual native library version number "54.0.2840.85"
I/cr_LibraryLoader( 3303): Expected native library version number "54.0.2840.85", actual native library version number "54.0.2840.85"
I/chromium( 3303): [INFO:library_loader_hooks.cc(151)] Chromium logging enabled: level = 0, default verbosity = 0
I/cr_BrowserStartup( 3303): Initializing chromium process, singleProcess=true
D/ConnectivityService(  594): listenForNetwork for NetworkRequest [ id=42, legacyType=-1, [ Capabilities: INTERNET&NOT_RESTRICTED&TRUSTED] ]
D/ConnectivityService(  594): handleRegisterNetworkRequest checking NetworkAgentInfo [WIFI () - 102]
D/ConnectivityService(  594): apparently satisfied.  currentScore=60
D/ConnectivityManager.CallbackHandler( 3303): CM callback handler got msg 524290
I/DownloadManagerWrapper(  949): onReceive() : Charging = true
I/org.umd.logging( 4986): Method > 1 com.cleanmaster.base.crash.util.debug.b.run(com.cleanmaster.base.crash.util.debug.b@453239735)
I/org.umd.logging( 4986): Method < 1 com.cleanmaster.base.crash.util.debug.b.run()
W/FlurryAgent( 3303): Event count started: Loading time - splash to menu
W/FlurryAgent( 3303): 'onEvent' method is deprecated.
I/org.umd.logging( 3303): Method > 2026 com.flurry.sdk.ja$7.run(com.flurry.sdk.ja$7@177908776)
I/org.umd.logging( 3303): Method < 2026 com.flurry.sdk.ja$7.run()
W/io      ( 3303): Failed to open /data/data/com.rovio.angrybirds/files/DiskCache/CrossPromotion/catalog.json with errno 00000002 (No such file or directory)
I/org.umd.logging( 3303): Method > 1 com.rovio.rcs.AgeGenderQuery$1.run(com.rovio.rcs.AgeGenderQuery$1@976012006)
W/EventProcessor( 3303): doListen: unnamed event, id = 36
W/GraphicsThread( 3334): type=1400 audit(0.0:28): avc: denied { read } for name="list_rates" dev="debugfs" ino=1382 scontext=u:r:untrusted_app:s0 tcontext=u:object_r:debugfs:s0 tclass=file
W/GraphicsThread( 3334): type=1400 audit(0.0:29): avc: denied { read } for name="list_rates" dev="debugfs" ino=1382 scontext=u:r:untrusted_app:s0 tcontext=u:object_r:debugfs:s0 tclass=file
W/GraphicsThread( 3443): type=1400 audit(0.0:30): avc: denied { read } for name="list_rates" dev="debugfs" ino=1382 scontext=u:r:untrusted_app:s0 tcontext=u:object_r:debugfs:s0 tclass=file
W/EventProcessor( 3303): doListen: unnamed event, id = 155
W/EventProcessor( 3303): doListen: unnamed event, id = 157
W/EventProcessor( 3303): doListen: unnamed event, id = 158
W/EventProcessor( 3303): doListen: unnamed event, id = 159
W/EventProcessor( 3303): doListen: unnamed event, id = 160
W/EventProcessor( 3303): doListen: unnamed event, id = 161
I/art     ( 3303): Background partial concurrent mark sweep GC freed 7729(585KB) AllocSpace objects, 4(64KB) LOS objects, 39% free, 12MB/21MB, paused 15.840ms total 74.133ms
I/org.umd.logging( 3303): Method < 1 com.rovio.rcs.AgeGenderQuery$1.run()
I/org.umd.logging( 3303): Method > 1 com.rovio.rcs.AgeGenderQuery$3.run(com.rovio.rcs.AgeGenderQuery$3@306333394)
I/org.umd.logging( 3303): Method < 1 com.rovio.rcs.AgeGenderQuery$3.run()
I/org.umd.logging( 3303): Method > 1 com.rovio.rcs.AgeGenderQuery$4.run(com.rovio.rcs.AgeGenderQuery$4@612988576)
I/org.umd.logging( 3303): Method < 1 com.rovio.rcs.AgeGenderQuery$4.run()
I/org.umd.logging( 3303): Method > 1 com.rovio.rcs.AgeGenderQuery$6.run(com.rovio.rcs.AgeGenderQuery$6@316276254)
I/org.umd.logging( 3303): Method < 1 com.rovio.rcs.AgeGenderQuery$6.run()
I/org.umd.logging( 3303): Method > 1 com.rovio.rcs.AgeGenderQuery$7.run(com.rovio.rcs.AgeGenderQuery$7@1025465548)
I/org.umd.logging( 3303): Method < 1 com.rovio.rcs.AgeGenderQuery$7.run()
I/org.umd.logging( 3303): Method > 1 com.rovio.rcs.AgeGenderQuery$5.run(com.rovio.rcs.AgeGenderQuery$5@346283562)
I/org.umd.logging( 3303): Method < 1 com.rovio.rcs.AgeGenderQuery$5.run()
I/org.umd.logging( 3303): Method > 1 com.rovio.rcs.AgeGenderQuery$8.run(com.rovio.rcs.AgeGenderQuery$8@155941304)
I/org.umd.logging( 3303): Method < 1 com.rovio.rcs.AgeGenderQuery$8.run()
I/org.umd.logging( 3303): Method > 1 com.rovio.rcs.AgeGenderQuery$2.run(com.rovio.rcs.AgeGenderQuery$2@24752886)
I/org.umd.logging( 3303): Method < 1 com.rovio.rcs.AgeGenderQuery$2.run()
I/org.umd.logging( 3303): Method > 1 com.rovio.rcs.ads.AdsSdk$1.run(com.rovio.rcs.ads.AdsSdk$1@270170468)
I/org.umd.logging( 3303): Method > 1 com.jirbo.adcolony.AdColony$a.onPreExecute(com.jirbo.adcolony.AdColony$a@889587842<atask=true>)
I/org.umd.logging( 3303): Method < 1 com.jirbo.adcolony.AdColony$a.onPreExecute()
I/AdColony( 3303): ==== Configuring AdColony 2.3.6 with app/zone ids: ====
I/AdColony( 3303): app734551e630ab4548ad
I/AdColony( 3303): vzf314efc2e393442884
I/AdColony( 3303): vzb9c027a353784470ac
I/AdColony( 3303): vz71b451063f5a4e0ea6
I/org.umd.logging( 3303): Method < 1 com.rovio.rcs.ads.AdsSdk$1.run()
I/org.umd.logging( 3303): Method > 1 com.rovio.rcs.ads.AdsSdk$1.run(com.rovio.rcs.ads.AdsSdk$1@973185993)
I/org.umd.logging( 3303): Method < 1 com.rovio.rcs.ads.AdsSdk$1.run()
I/org.umd.logging( 3303): Method > 1 com.rovio.rcs.ads.AdsSdk$1.run(com.rovio.rcs.ads.AdsSdk$1@688925390)
I/org.umd.logging( 3303): Method < 1 com.rovio.rcs.ads.AdsSdk$1.run()
I/org.umd.logging( 3303): Method > 1 com.rovio.rcs.ads.AdsSdk$1.run(com.rovio.rcs.ads.AdsSdk$1@306261487)
I/org.umd.logging( 3303): Method < 1 com.rovio.rcs.ads.AdsSdk$1.run()
I/org.umd.logging( 3303): Method > 1 com.rovio.rcs.ads.WebViewWrapper$1.run(com.rovio.rcs.ads.WebViewWrapper$1@897037189)
I/org.umd.logging( 3303): Method < 1 com.rovio.rcs.ads.WebViewWrapper$1.run()
I/org.umd.logging( 3303): Method > 1 com.rovio.rcs.ads.WebViewWrapper$2.run(com.rovio.rcs.ads.WebViewWrapper$2@672971275)
I/org.umd.logging( 3303): Method < 1 com.rovio.rcs.ads.WebViewWrapper$2.run()
I/org.umd.logging( 3303): Method > 1 com.rovio.rcs.ads.WebViewWrapper$4.run(com.rovio.rcs.ads.WebViewWrapper$4@545587969)
I/org.umd.logging( 3303): Method < 1 com.rovio.rcs.ads.WebViewWrapper$4.run()
I/org.umd.logging( 3303): Method > 1 com.rovio.rcs.ads.WebViewWrapper$5.run(com.rovio.rcs.ads.WebViewWrapper$5@383445991)
I/org.umd.logging( 3303): Method < 1 com.rovio.rcs.ads.WebViewWrapper$5.run()
I/org.umd.logging( 3303): Method > 1 com.rovio.rcs.ads.WebViewWrapper$8.run(com.rovio.rcs.ads.WebViewWrapper$8@1002294845)
W/art     ( 3303): Native thread exiting without having called DetachCurrentThread (maybe it's going to use a pthread_key_create destructor?): Thread[38,tid=3443,Native,Thread*=0xb8fe3118,peer=0x12c00100,"Thread-2046"]
I/art     ( 3303): Rejecting re-init on previously-failed class java.lang.Class<com.android.webview.chromium.WebViewContentsClientAdapter$WebResourceErrorImpl>
I/art     ( 3303): Rejecting re-init on previously-failed class java.lang.Class<com.android.webview.chromium.WebViewContentsClientAdapter$WebResourceErrorImpl>
W/FlurryAgent( 3303): Event count started: Main menu entered
W/FlurryAgent( 3303): 'onEvent' method is deprecated.
I/org.umd.logging( 3303): Method > 2026 com.flurry.sdk.ja$7.run(com.flurry.sdk.ja$7@1063280515)
I/org.umd.logging( 3303): Method < 2026 com.flurry.sdk.ja$7.run()
D/ConnectivityService(  594): listenForNetwork for NetworkRequest [ id=43, legacyType=-1, [ Capabilities: INTERNET&NOT_RESTRICTED&TRUSTED] ]
D/ConnectivityService(  594): handleRegisterNetworkRequest checking NetworkAgentInfo [WIFI () - 102]
D/ConnectivityService(  594): apparently satisfied.  currentScore=60
D/ConnectivityManager.CallbackHandler( 3303): CM callback handler got msg 524290
I/art     ( 3303): Rejecting re-init on previously-failed class java.lang.Class<org.chromium.content.browser.FloatingWebActionModeCallback>
I/art     ( 3303): Rejecting re-init on previously-failed class java.lang.Class<org.chromium.content.browser.FloatingWebActionModeCallback>
E/Cataloger( 6490): syncFile:/storage/emulated/0/2016-12-13_04:56:43.546.jpg
W/ResourceType( 3303): No known package when getting name for resource number 0xffffffff
I/org.umd.logging( 3303): Api > 1 android.webkit.WebView.<init>(com.rovio.rcs.ads.AdsWebView@887457781<file=2016-12-13_04:56:43.546><x=0><y=0><width=0><height=0><id=-1>, com.rovio.fusion.App@410649080)
E/Cataloger( 6490): syncFile:/storage/emulated/0/2016-12-13_04:56:43.546.jpg
W/GraphicsThread( 3334): type=1400 audit(0.0:31): avc: denied { read } for name="list_rates" dev="debugfs" ino=1382 scontext=u:r:untrusted_app:s0 tcontext=u:object_r:debugfs:s0 tclass=file
I/org.umd.logging( 3303): Api > 2008 android.net.ConnectivityManager.getActiveNetworkInfo(android.net.ConnectivityManager@710696251)
I/org.umd.logging( 3303): Api < 2008 android.net.ConnectivityManager.getActiveNetworkInfo(android.net.NetworkInfo@296073610)
W/EventProcessor( 3303): doListen: unnamed event, id = 92
W/EventProcessor( 3303): doListen: unnamed event, id = 162
W/EventProcessor( 3303): doListen: unnamed event, id = 163
W/EventProcessor( 3303): doListen: unnamed event, id = 164
W/EventProcessor( 3303): doListen: unnamed event, id = 165
E/Cataloger( 6490): syncFile:/storage/emulated/0/2016-12-13_04:56:43.730.jpg
W/ResourceType( 3303): No known package when getting name for resource number 0xffffffff
I/org.umd.logging( 3303): Api < 1 android.webkit.WebView.<init>(com.rovio.rcs.ads.AdsWebView@887457781<file=2016-12-13_04:56:43.730><x=0><y=0><width=0><height=0><id=-1>)
E/Cataloger( 6490): syncFile:/storage/emulated/0/2016-12-13_04:56:43.730.jpg
I/org.umd.logging( 3303): Api > 2008 java.lang.Thread.start(java.lang.Thread@1069954072<thread=2049>)
I/org.umd.logging( 3303): Api < 2008 java.lang.Thread.start()
I/org.umd.logging( 3303): Method > 2049 com.rovio.rcs.payment.google.GooglePlayPaymentProvider$2.run(com.rovio.rcs.payment.google.GooglePlayPaymentProvider$2@514712662)
D/GooglePlayPaymentProvider( 3303): bindToService()
W/EventProcessor( 3303): doListen: unnamed event, id = 168
I/ActivityManager(  594): Start proc 3464:com.android.vending/u0a18 for service com.android.vending/com.google.android.finsky.billing.iab.InAppBillingService
I/org.umd.logging( 3303): Method < 2049 com.rovio.rcs.payment.google.GooglePlayPaymentProvider$2.run()
W/cr_media( 3303): Requires BLUETOOTH permission
W/io      ( 3303): Failed to open /data/data/com.rovio.angrybirds/files/DiskCache/CrossPromotion/catalog.json with errno 00000002 (No such file or directory)
E/Ads/Ad  ( 3303): track/image called with an empty id
W/io      ( 3303): Failed to open /data/data/com.rovio.angrybirds/files/DiskCache/CrossPromotion/ec7a331eb73c362cb8dc4bcc840dd15a4dbc3d41.json with errno 00000002 (No such file or directory)
I/cr_Ime  ( 3303): ImeThread is enabled.
I/org.umd.logging( 3303): Method < 1 com.rovio.rcs.ads.WebViewWrapper$8.run()
I/org.umd.logging( 3303): Method > 1 com.rovio.rcs.ads.WebViewWrapper$1.run(com.rovio.rcs.ads.WebViewWrapper$1@283687593)
I/org.umd.logging( 3303): Method < 1 com.rovio.rcs.ads.WebViewWrapper$1.run()
I/org.umd.logging( 3303): Method > 1 com.rovio.rcs.ads.WebViewWrapper$2.run(com.rovio.rcs.ads.WebViewWrapper$2@598550574)
I/org.umd.logging( 3303): Method < 1 com.rovio.rcs.ads.WebViewWrapper$2.run()
I/org.umd.logging( 3303): Method > 1 com.rovio.rcs.ads.WebViewWrapper$4.run(com.rovio.rcs.ads.WebViewWrapper$4@881610703)
I/org.umd.logging( 3303): Method < 1 com.rovio.rcs.ads.WebViewWrapper$4.run()
I/org.umd.logging( 3303): Method > 1 com.rovio.rcs.ads.WebViewWrapper$5.run(com.rovio.rcs.ads.WebViewWrapper$5@690568540)
I/org.umd.logging( 3303): Method < 1 com.rovio.rcs.ads.WebViewWrapper$5.run()
I/org.umd.logging( 3303): Method > 1 com.rovio.rcs.ads.WebViewWrapper$8.run(com.rovio.rcs.ads.WebViewWrapper$8@677992549)
W/io      ( 3303): Failed to open /data/data/com.rovio.angrybirds/files/DiskCache/CrossPromotion/82e58f5fd3d9e9e48e8e8fa734df859f5807cab1.png with errno 00000002 (No such file or directory)
E/Cataloger( 6490): syncFile:/storage/emulated/0/2016-12-13_04:56:44.070.jpg
E/WifiStateMachine(  594): WifiStateMachine CMD_START_SCAN source -2 txSuccessRate=275.22 rxSuccessRate=415.63 targetRoamBSSID=any RSSI=-44
W/ResourceType( 3303): No known package when getting name for resource number 0xffffffff
I/org.umd.logging( 3303): Api > 1 android.webkit.WebView.<init>(com.rovio.rcs.ads.AdsWebView@1069208392<file=2016-12-13_04:56:44.070><x=0><y=0><width=0><height=0><id=-1>, com.rovio.fusion.App@410649080)
W/io      ( 3303): Failed to open /data/data/com.rovio.angrybirds/files/DiskCache/CrossPromotion/4824042e64af44b588d94bf643e69b7302c32ee5ac7443a292586294a96492fa_512x256.json with errno 00000002 (No such file or directory)
E/Cataloger( 6490): syncFile:/storage/emulated/0/2016-12-13_04:56:44.070.jpg
I/Finsky  ( 3464): [1] com.google.android.finsky.services.DailyHygiene.a(276): No need to run daily hygiene.
W/Settings( 3464): Setting download_manager_max_bytes_over_mobile has moved from android.provider.Settings.Secure to android.provider.Settings.Global.
W/Settings( 3464): Setting download_manager_recommended_max_bytes_over_mobile has moved from android.provider.Settings.Secure to android.provider.Settings.Global.
E/Cataloger( 6490): syncFile:/storage/emulated/0/2016-12-13_04:56:44.270.jpg
W/io      ( 3303): Failed to open /data/data/com.rovio.angrybirds/files/DiskCache/CrossPromotion/4824042e64af44b588d94bf643e69b7302c32ee5ac7443a292586294a96492fa_512x256.png with errno 00000002 (No such file or directory)
I/Finsky  ( 3464): [1] com.google.android.finsky.utils.bq.a(179): Enabling bucket experiment: factor=2.000, zeroDelta=0ms, forceNetwork=false
I/Finsky  ( 3464): [1] com.google.android.finsky.n.j.run(206): Loaded library for account: [H2HZkLhZAwneGgDylh5vNEKO7fg]
I/Finsky  ( 3464): [1] com.google.android.finsky.n.j.run(212): Finished loading 1 libraries.
I/Finsky  ( 3464): [1] com.google.android.finsky.installer.ac.a(1289): Installer kick - no action, not running yet
W/ResourceType( 3303): No known package when getting name for resource number 0xffffffff
I/org.umd.logging( 3303): Api < 1 android.webkit.WebView.<init>(com.rovio.rcs.ads.AdsWebView@1069208392<file=2016-12-13_04:56:44.270><x=0><y=0><width=0><height=0><id=-1>)
E/Cataloger( 6490): syncFile:/storage/emulated/0/2016-12-13_04:56:44.270.jpg
I/cr_Ime  ( 3303): ImeThread is enabled.
I/org.umd.logging( 3303): Method < 1 com.rovio.rcs.ads.WebViewWrapper$8.run()
I/org.umd.logging( 3303): Method > 1 com.rovio.rcs.ads.WebViewWrapper$1.run(com.rovio.rcs.ads.WebViewWrapper$1@325872071)
I/org.umd.logging( 3303): Method < 1 com.rovio.rcs.ads.WebViewWrapper$1.run()
I/org.umd.logging( 3303): Method > 1 com.rovio.rcs.ads.WebViewWrapper$2.run(com.rovio.rcs.ads.WebViewWrapper$2@609082356)
I/org.umd.logging( 3303): Method < 1 com.rovio.rcs.ads.WebViewWrapper$2.run()
I/org.umd.logging( 3303): Method > 1 com.rovio.rcs.ads.WebViewWrapper$4.run(com.rovio.rcs.ads.WebViewWrapper$4@14888733)
I/org.umd.logging( 3303): Method < 1 com.rovio.rcs.ads.WebViewWrapper$4.run()
I/org.umd.logging( 3303): Method > 1 com.rovio.rcs.ads.WebViewWrapper$5.run(com.rovio.rcs.ads.WebViewWrapper$5@646190482)
I/org.umd.logging( 3303): Method < 1 com.rovio.rcs.ads.WebViewWrapper$5.run()
I/org.umd.logging( 3303): Method > 1 com.rovio.rcs.ads.WebViewWrapper$8.run(com.rovio.rcs.ads.WebViewWrapper$8@633068387)
W/io      ( 3303): Failed to open /data/data/com.rovio.angrybirds/files/DiskCache/CrossPromotion/e14a4b6a1e2e4cf1bd1871eaa68a461bccf9ca61ebfa431ca9f184f92da16174_512x256.json with errno 00000002 (No such file or directory)
I/Finsky  ( 3464): [1] com.google.android.finsky.c.l.a(253): result=false type=4
E/libEGL  ( 3303): validate_display:255 error 3008 (EGL_BAD_DISPLAY)
V/GoogleSignatureVerifier( 3464): com.google.android.gms signature not valid.  Found: 
V/GoogleSignatureVerifier( 3464): MIIEQzCCAyugAwIBAgIJAMLgh0ZkSjCNMA0GCSqGSIb3DQEBBAUAMHQxCzAJBgNVBAYTAlVTMRMw
V/GoogleSignatureVerifier( 3464): EQYDVQQIEwpDYWxpZm9ybmlhMRYwFAYDVQQHEw1Nb3VudGFpbiBWaWV3MRQwEgYDVQQKEwtHb29n
V/GoogleSignatureVerifier( 3464): bGUgSW5jLjEQMA4GA1UECxMHQW5kcm9pZDEQMA4GA1UEAxMHQW5kcm9pZDAeFw0wODA4MjEyMzEz
V/GoogleSignatureVerifier( 3464): MzRaFw0zNjAxMDcyMzEzMzRaMHQxCzAJBgNVBAYTAlVTMRMwEQYDVQQIEwpDYWxpZm9ybmlhMRYw
V/GoogleSignatureVerifier( 3464): FAYDVQQHEw1Nb3VudGFpbiBWaWV3MRQwEgYDVQQKEwtHb29nbGUgSW5jLjEQMA4GA1UECxMHQW5k
V/GoogleSignatureVerifier( 3464): cm9pZDEQMA4GA1UEAxMHQW5kcm9pZDCCASAwDQYJKoZIhvcNAQEBBQADggENADCCAQgCggEBAKtW
V/GoogleSignatureVerifier( 3464): LgDYO6IIrgqWbxJOKdoR8qtW0I9Y4sypEwPpt1TTcvZApxsdyxMJZ2JORland2qSGT2y5b+3JKke
V/GoogleSignatureVerifier( 3464): dxiLDmpHpDsz2WCbdxgxRczfey5YZnTJ4VZbH0xqWVW/8lGmPav5xVwnIiJS6HXk+BVKZF+JcWjA
V/GoogleSignatureVerifier( 3464): sb/GEuq/eFdpuzSqeYTcfi6idkyugwfYwXFU1+5fZKUaRKYCwkkFQVfcAs1fXA5V+++FGfvjJ/Cx
V/GoogleSignatureVerifier( 3464): URaSxaBvGdGDhfXE28LWuT9ozCl5xw4Yq5OGazvV24mZVSoOO0yZ31j7kYvtwYK6NeADwbSxDdJE
V/GoogleSignatureVerifier( 3464): qO4k//0zOHKrUiGYXtqw/A0LFFtqoZKFjnkCAQOjgdkwgdYwHQYDVR0OBBYEFMd9jMIhF1Ylmn/T
V/GoogleSignatureVerifier( 3464): gt9r45jk14alMIGmBgNVHSMEgZ4wgZuAFMd9jMIhF1Ylmn/Tgt9r45jk14aloXikdjB0MQswCQYD
V/GoogleSignatureVerifier( 3464): VQQGEwJVUzETMBEGA1UECBMKQ2FsaWZvcm5pYTEWMBQGA1UEBxMNTW91bnRhaW4gVmlldzEUMBIG
V/GoogleSignatureVerifier( 3464): A1UEChMLR29vZ2xlIEluYy4xEDAOBgNVBAsTB0FuZHJvaWQxEDAOBgNVBAMTB0FuZHJvaWSCCQDC
V/GoogleSignatureVerifier( 3464): 4IdGZEowjTAMBgNVHRMEBTADAQH/MA0GCSqGSIb3DQEBBAUAA4IBAQBt0lLO74UwLDYKqs6Tm8/y
V/GoogleSignatureVerifier( 3464): zKkEu116FmH4rkaymUIE0P9KaMftGlMexFlaYjzmB2OxZyl6euNXEsQH8gjwyxCUKRJNexBiGcCE
V/GoogleSignatureVerifier( 3464): yj6z+a1fuHHvkiaai+KL8W1EyNmgjmyy8AW7P+LLlkR+ho5zEHatRbM/YAnqGcFh5iZBqpknHf1S
V/GoogleSignatureVerifier( 3464): KMXFh4dd239FJ1jWYfbMDMy3NS5CTMQ2XFI1MvcyUTdZPErjQfTbQe3aDQsQcafEQPD+nqActifK
V/GoogleSignatureVerifier( 3464): Z0Np0IS9L9kR/wbNvyz6ENwPiTrjV2KRkEjH78ZMcUQXg0L3BYHJ3lc69Vs5Ddf9uUGGMYldX3Wf
V/GoogleSignatureVerifier( 3464): MBEmh/9iFBDAaTCK
V/GoogleSignatureVerifier( 3464): com.google.android.gms signature not valid.  Found: 
V/GoogleSignatureVerifier( 3464): MIIEQzCCAyugAwIBAgIJAMLgh0ZkSjCNMA0GCSqGSIb3DQEBBAUAMHQxCzAJBgNVBAYTAlVTMRMw
V/GoogleSignatureVerifier( 3464): EQYDVQQIEwpDYWxpZm9ybmlhMRYwFAYDVQQHEw1Nb3VudGFpbiBWaWV3MRQwEgYDVQQKEwtHb29n
V/GoogleSignatureVerifier( 3464): bGUgSW5jLjEQMA4GA1UECxMHQW5kcm9pZDEQMA4GA1UEAxMHQW5kcm9pZDAeFw0wODA4MjEyMzEz
V/GoogleSignatureVerifier( 3464): MzRaFw0zNjAxMDcyMzEzMzRaMHQxCzAJBgNVBAYTAlVTMRMwEQYDVQQIEwpDYWxpZm9ybmlhMRYw
V/GoogleSignatureVerifier( 3464): FAYDVQQHEw1Nb3VudGFpbiBWaWV3MRQwEgYDVQQKEwtHb29nbGUgSW5jLjEQMA4GA1UECxMHQW5k
V/GoogleSignatureVerifier( 3464): cm9pZDEQMA4GA1UEAxMHQW5kcm9pZDCCASAwDQYJKoZIhvcNAQEBBQADggENADCCAQgCggEBAKtW
V/GoogleSignatureVerifier( 3464): LgDYO6IIrgqWbxJOKdoR8qtW0I9Y4sypEwPpt1TTcvZApxsdyxMJZ2JORland2qSGT2y5b+3JKke
V/GoogleSignatureVerifier( 3464): dxiLDmpHpDsz2WCbdxgxRczfey5YZnTJ4VZbH0xqWVW/8lGmPav5xVwnIiJS6HXk+BVKZF+JcWjA
V/GoogleSignatureVerifier( 3464): sb/GEuq/eFdpuzSqeYTcfi6idkyugwfYwXFU1+5fZKUaRKYCwkkFQVfcAs1fXA5V+++FGfvjJ/Cx
V/GoogleSignatureVerifier( 3464): URaSxaBvGdGDhfXE28LWuT9ozCl5xw4Yq5OGazvV24mZVSoOO0yZ31j7kYvtwYK6NeADwbSxDdJE
V/GoogleSignatureVerifier( 3464): qO4k//0zOHKrUiGYXtqw/A0LFFtqoZKFjnkCAQOjgdkwgdYwHQYDVR0OBBYEFMd9jMIhF1Ylmn/T
V/GoogleSignatureVerifier( 3464): gt9r45jk14alMIGmBgNVHSMEgZ4wgZuAFMd9jMIhF1Ylmn/Tgt9r45jk14aloXikdjB0MQswCQYD
V/GoogleSignatureVerifier( 3464): VQQGEwJVUzETMBEGA1UECBMKQ2FsaWZvcm5pYTEWMBQGA1UEBxMNTW91bnRhaW4gVmlldzEUMBIG
V/GoogleSignatureVerifier( 3464): A1UEChMLR29vZ2xlIEluYy4xEDAOBgNVBAsTB0FuZHJvaWQxEDAOBgNVBAMTB0FuZHJvaWSCCQDC
V/GoogleSignatureVerifier( 3464): 4IdGZEowjTAMBgNVHRMEBTADAQH/MA0GCSqGSIb3DQEBBAUAA4IBAQBt0lLO74UwLDYKqs6Tm8/y
V/GoogleSignatureVerifier( 3464): zKkEu116FmH4rkaymUIE0P9KaMftGlMexFlaYjzmB2OxZyl6euNXEsQH8gjwyxCUKRJNexBiGcCE
V/GoogleSignatureVerifier( 3464): yj6z+a1fuHHvkiaai+KL8W1EyNmgjmyy8AW7P+LLlkR+ho5zEHatRbM/YAnqGcFh5iZBqpknHf1S
V/GoogleSignatureVerifier( 3464): KMXFh4dd239FJ1jWYfbMDMy3NS5CTMQ2XFI1MvcyUTdZPErjQfTbQe3aDQsQcafEQPD+nqActifK
V/GoogleSignatureVerifier( 3464): Z0Np0IS9L9kR/wbNvyz6ENwPiTrjV2KRkEjH78ZMcUQXg0L3BYHJ3lc69Vs5Ddf9uUGGMYldX3Wf
V/GoogleSignatureVerifier( 3464): MBEmh/9iFBDAaTCK
I/Finsky  ( 3464): [1] com.google.android.finsky.services.bh.a(1081): Restore complete with 0 success and 0 failed.
E/Cataloger( 6490): syncFile:/storage/emulated/0/2016-12-13_04:56:44.523.jpg
I/WearableService( 1301): Wear is not allowed to run on this device. Not starting Wear service.
I/VideoCapabilities( 3303): Unsupported profile 4 for video/mp4v-es
E/Finsky  ( 3464): [1] com.google.android.finsky.wear.bp.a(847): onConnectionFailed: ConnectionResult{statusCode=API_UNAVAILABLE, resolution=null, message=null}
I/Finsky  ( 3464): [1] com.google.android.finsky.wear.an.run(2402): Dropping command=send_installed_apps due to Gms not connected
W/io      ( 3303): Failed to open /data/data/com.rovio.angrybirds/files/DiskCache/CrossPromotion/e14a4b6a1e2e4cf1bd1871eaa68a461bccf9ca61ebfa431ca9f184f92da16174_512x256.png with errno 00000002 (No such file or directory)
W/ResourceType( 3303): No known package when getting name for resource number 0xffffffff
I/org.umd.logging( 3303): Api > 1 android.webkit.WebView.<init>(com.rovio.rcs.ads.AdsWebView@692713694<file=2016-12-13_04:56:44.523><x=0><y=0><width=0><height=0><id=-1>, com.rovio.fusion.App@410649080)
E/Cataloger( 6490): syncFile:/storage/emulated/0/2016-12-13_04:56:44.523.jpg
E/Cataloger( 6490): syncFile:/storage/emulated/0/2016-12-13_04:56:44.750.jpg
W/io      ( 3303): Failed to open /data/data/com.rovio.angrybirds/files/DiskCache/CrossPromotion/05d65fd9bf174756b5cd193e7f7a32e54a57f7c9687844a7a966112110d1d545_512x256.json with errno 00000002 (No such file or directory)
W/io      ( 3303): Failed to open /data/data/com.rovio.angrybirds/files/DiskCache/CrossPromotion/05d65fd9bf174756b5cd193e7f7a32e54a57f7c9687844a7a966112110d1d545_512x256.png with errno 00000002 (No such file or directory)
W/ResourceType( 3303): No known package when getting name for resource number 0xffffffff
I/org.umd.logging( 3303): Api < 1 android.webkit.WebView.<init>(com.rovio.rcs.ads.AdsWebView@692713694<file=2016-12-13_04:56:44.750><x=0><y=0><width=0><height=0><id=-1>)
E/Cataloger( 6490): syncFile:/storage/emulated/0/2016-12-13_04:56:44.750.jpg
I/cr_Ime  ( 3303): ImeThread is enabled.
I/org.umd.logging( 3303): Method < 1 com.rovio.rcs.ads.WebViewWrapper$8.run()
I/org.umd.logging( 3303): Method > 1 com.rovio.rcs.ads.WebViewWrapper$1.run(com.rovio.rcs.ads.WebViewWrapper$1@796533973)
I/org.umd.logging( 3303): Method < 1 com.rovio.rcs.ads.WebViewWrapper$1.run()
I/org.umd.logging( 3303): Method > 1 com.rovio.rcs.ads.WebViewWrapper$2.run(com.rovio.rcs.ads.WebViewWrapper$2@1073267946)
I/org.umd.logging( 3303): Method < 1 com.rovio.rcs.ads.WebViewWrapper$2.run()
I/org.umd.logging( 3303): Method > 1 com.rovio.rcs.ads.WebViewWrapper$4.run(com.rovio.rcs.ads.WebViewWrapper$4@1072124891)
I/org.umd.logging( 3303): Method < 1 com.rovio.rcs.ads.WebViewWrapper$4.run()
I/org.umd.logging( 3303): Method > 1 com.rovio.rcs.ads.WebViewWrapper$5.run(com.rovio.rcs.ads.WebViewWrapper$5@661495416)
I/org.umd.logging( 3303): Method < 1 com.rovio.rcs.ads.WebViewWrapper$5.run()
I/org.umd.logging( 3303): Method > 1 com.rovio.rcs.ads.WebViewWrapper$8.run(com.rovio.rcs.ads.WebViewWrapper$8@952449361)
E/Cataloger( 6490): syncFile:/storage/emulated/0/2016-12-13_04:56:44.951.jpg
W/io      ( 3303): Failed to open /data/data/com.rovio.angrybirds/files/rcs_analog.pb with errno 00000002 (No such file or directory)
W/Analytics::EventDispatcher( 3303): Could not read persisted events: Failed to open /data/data/com.rovio.angrybirds/files/rcs_analog.pb with errno 2 (No such file or directory)
W/ResourceType( 3303): No known package when getting name for resource number 0xffffffff
I/org.umd.logging( 3303): Api > 1 android.webkit.WebView.<init>(com.rovio.rcs.ads.AdsWebView@488253988<file=2016-12-13_04:56:44.951><x=0><y=0><width=0><height=0><id=-1>, com.rovio.fusion.App@410649080)
E/Cataloger( 6490): syncFile:/storage/emulated/0/2016-12-13_04:56:44.951.jpg
E/Cataloger( 6490): syncFile:/storage/emulated/0/2016-12-13_04:56:45.123.jpg
W/ResourceType( 3303): No known package when getting name for resource number 0xffffffff
I/org.umd.logging( 3303): Api < 1 android.webkit.WebView.<init>(com.rovio.rcs.ads.AdsWebView@488253988<file=2016-12-13_04:56:45.123><x=0><y=0><width=0><height=0><id=-1>)
E/Cataloger( 6490): syncFile:/storage/emulated/0/2016-12-13_04:56:45.123.jpg
I/cr_Ime  ( 3303): ImeThread is enabled.
I/org.umd.logging( 3303): Method < 1 com.rovio.rcs.ads.WebViewWrapper$8.run()
I/Choreographer( 3303): Skipped 123 frames!  The application may be doing too much work on its main thread.
W/art     ( 3303): Native thread exiting without having called DetachCurrentThread (maybe it's going to use a pthread_key_create destructor?): Thread[29,tid=3442,Native,Thread*=0xbab722c8,peer=0x12ec40a0,"Thread-2045"]
I/org.umd.logging( 3303): Api > 1 java.lang.Thread.start(java.lang.Thread@60393574<thread=2057>)
I/org.umd.logging( 3303): Api < 1 java.lang.Thread.start()
D/GooglePlayPaymentProvider( 3303): onServiceConnected()
I/Finsky  ( 3464): [2010] com.google.android.finsky.billing.iab.s.a(196): com.rovio.angrybirds: Account from first account - [H2HZkLhZAwneGgDylh5vNEKO7fg]
D/GooglePlayPaymentProvider( 3303): runRequest(): running immediately
I/org.umd.logging( 3303): Api > 1 java.lang.Thread.start(java.lang.Thread@886200231<thread=2058>)
I/org.umd.logging( 3303): Api < 1 java.lang.Thread.start()
I/org.umd.logging( 3303): Method > 2058 com.rovio.rcs.payment.google.GooglePlayPaymentProvider$GetSkuDetailsRequest.run(com.rovio.rcs.payment.google.GooglePlayPaymentProvider$GetSkuDetailsRequest@77972722)
I/Finsky  ( 3464): [2009] com.google.android.finsky.billing.iab.s.a(196): com.rovio.angrybirds: Account from first account - [H2HZkLhZAwneGgDylh5vNEKO7fg]
W/cr_BindingManager( 3303): Cannot call determinedVisibility() - never saw a connection for the pid: 3303
W/cr_BindingManager( 3303): Cannot call determinedVisibility() - never saw a connection for the pid: 3303
I/org.umd.logging( 3303): Method > 2059 com.jirbo.adcolony.p$1.run(com.jirbo.adcolony.p$1@964129216)
W/cr_BindingManager( 3303): Cannot call determinedVisibility() - never saw a connection for the pid: 3303
E/chromium( 3303): [ERROR:interface_registry.cc(99)] Failed to locate a binder for interface: autofill::mojom::AutofillDriver
E/chromium( 3303): [ERROR:interface_registry.cc(99)] Failed to locate a binder for interface: autofill::mojom::AutofillDriver
W/cr_BindingManager( 3303): Cannot call determinedVisibility() - never saw a connection for the pid: 3303
I/org.umd.logging( 3303): Method > 2008 com.rovio.rcs.ads.WebViewWrapper$13.run(com.rovio.rcs.ads.WebViewWrapper$13@1002913342)
I/org.umd.logging( 3303): Method < 2008 com.rovio.rcs.ads.WebViewWrapper$13.run()
I/org.umd.logging( 3303): Api > 2059 android.net.ConnectivityManager.getActiveNetworkInfo(android.net.ConnectivityManager@884783815)
I/org.umd.logging( 3303): Api < 2059 android.net.ConnectivityManager.getActiveNetworkInfo(android.net.NetworkInfo@180393119)
I/org.umd.logging( 3303): Api > 2059 java.lang.Thread.start(java.lang.Thread@323086828<thread=2060>)
I/org.umd.logging( 3303): Api < 2059 java.lang.Thread.start()
I/org.umd.logging( 3303): Api > 2059 android.net.ConnectivityManager.getActiveNetworkInfo(android.net.ConnectivityManager@884783815)
I/org.umd.logging( 3303): Api < 2059 android.net.ConnectivityManager.getActiveNetworkInfo(android.net.NetworkInfo@551465397)
I/org.umd.logging( 3303): Api > 2059 android.net.ConnectivityManager.getActiveNetworkInfo(android.net.ConnectivityManager@884783815)
I/org.umd.logging( 3303): Api < 2059 android.net.ConnectivityManager.getActiveNetworkInfo(android.net.NetworkInfo@1073021002)
I/org.umd.logging( 3303): Method < 2059 com.jirbo.adcolony.p$1.run()
I/org.umd.logging( 3303): Method > 2060 com.jirbo.adcolony.ADCDownload.run(com.jirbo.adcolony.ADCDownload@878295256)
I/org.umd.logging( 3303): Api > 2060 java.net.URL.openConnection(java.net.URL@798340145<URL=https://androidads23.adcolony.com/configure>)
I/org.umd.logging( 3303): Api < 2060 java.net.URL.openConnection(com.android.okhttp.internal.http.HttpsURLConnectionImpl@780850966)
I/org.umd.logging( 3303): Api > 2060 java.net.URL.openConnection(java.net.URL@262830231<URL=https://androidads23.adcolony.com/configure>)
I/org.umd.logging( 3303): Api < 2060 java.net.URL.openConnection(com.android.okhttp.internal.http.HttpsURLConnectionImpl@941460100)
W/io      ( 3303): Failed to open /data/data/com.rovio.angrybirds/files/DiskCache/CrossPromotion/92fd2e6aa59c4985a5fd4b7a696dd02f00af6c13dc6b466eac2e3074e895244a_512x256.json with errno 00000002 (No such file or directory)
I/art     ( 1301): Explicit concurrent mark sweep GC freed 43975(2MB) AllocSpace objects, 4(64KB) LOS objects, 40% free, 17MB/28MB, paused 1.342ms total 87.532ms
E/chromium( 3303): [ERROR:interface_registry.cc(99)] Failed to locate a binder for interface: autofill::mojom::AutofillDriver
I/org.umd.logging( 3303): Method > 2008 com.rovio.rcs.ads.WebViewWrapper$13.run(com.rovio.rcs.ads.WebViewWrapper$13@215305890)
I/org.umd.logging( 3303): Method < 2008 com.rovio.rcs.ads.WebViewWrapper$13.run()
W/io      ( 3303): Failed to open /data/data/com.rovio.angrybirds/files/DiskCache/CrossPromotion/92fd2e6aa59c4985a5fd4b7a696dd02f00af6c13dc6b466eac2e3074e895244a_512x256.png with errno 00000002 (No such file or directory)
E/chromium( 3303): [ERROR:interface_registry.cc(99)] Failed to locate a binder for interface: autofill::mojom::AutofillDriver
I/org.umd.logging( 3303): Method > 2008 com.rovio.rcs.ads.WebViewWrapper$13.run(com.rovio.rcs.ads.WebViewWrapper$13@791333616)
I/org.umd.logging( 3303): Method < 2008 com.rovio.rcs.ads.WebViewWrapper$13.run()
I/org.umd.logging( 3303): Method > 2059 com.jirbo.adcolony.p$1.run(com.jirbo.adcolony.p$1@964129216)
I/org.umd.logging( 3303): Method < 2059 com.jirbo.adcolony.p$1.run()
W/io      ( 3303): Failed to open /data/data/com.rovio.angrybirds/files/DiskCache/CrossPromotion/5af39cdc49e847ef8f5280468864eb3432b0579101d641388ee99c6dc255a75b_512x256.json with errno 00000002 (No such file or directory)
I/org.umd.logging( 3303): Method < 2060 com.jirbo.adcolony.ADCDownload.run()
I/org.umd.logging( 3303): Method > 2059 com.jirbo.adcolony.p$1.run(com.jirbo.adcolony.p$1@964129216)
I/AdColony( 3303): Received ad server response from:
I/AdColony( 3303): https://androidads23.adcolony.com/configure
W/io      ( 3303): Failed to open /data/data/com.rovio.angrybirds/files/DiskCache/CrossPromotion/5af39cdc49e847ef8f5280468864eb3432b0579101d641388ee99c6dc255a75b_512x256.png with errno 00000002 (No such file or directory)
I/AdColony( 3303): Finished parsing response for zone "vzf314efc2e393442884": 1 ad(s). Attempting to cache media assets.
I/AdColony( 3303): Finished parsing response for zone "vzb9c027a353784470ac": 1 ad(s). Attempting to cache media assets.
I/AdColony( 3303): Finished parsing response for zone "vz71b451063f5a4e0ea6": 1 ad(s). Attempting to cache media assets.
I/org.umd.logging( 3303): Api > 2059 android.net.ConnectivityManager.getActiveNetworkInfo(android.net.ConnectivityManager@884783815)
I/org.umd.logging( 3303): Api < 2059 android.net.ConnectivityManager.getActiveNetworkInfo(android.net.NetworkInfo@78493801)
I/org.umd.logging( 3303): Api > 2059 android.net.ConnectivityManager.getActiveNetworkInfo(android.net.ConnectivityManager@884783815)
I/org.umd.logging( 3303): Api < 2059 android.net.ConnectivityManager.getActiveNetworkInfo(android.net.NetworkInfo@912110318)
I/org.umd.logging( 3303): Api > 2059 android.net.ConnectivityManager.getActiveNetworkInfo(android.net.ConnectivityManager@884783815)
I/org.umd.logging( 3303): Api < 2059 android.net.ConnectivityManager.getActiveNetworkInfo(android.net.NetworkInfo@75359119)
I/org.umd.logging( 3303): Api > 2059 android.net.ConnectivityManager.getActiveNetworkInfo(android.net.ConnectivityManager@884783815)
I/org.umd.logging( 3303): Api < 2059 android.net.ConnectivityManager.getActiveNetworkInfo(android.net.NetworkInfo@344565276)
I/org.umd.logging( 3303): Api > 2059 android.net.ConnectivityManager.getActiveNetworkInfo(android.net.ConnectivityManager@884783815)
I/org.umd.logging( 3303): Api < 2059 android.net.ConnectivityManager.getActiveNetworkInfo(android.net.NetworkInfo@81818149)
I/org.umd.logging( 3303): Api > 2059 android.net.ConnectivityManager.getActiveNetworkInfo(android.net.ConnectivityManager@884783815)
I/org.umd.logging( 3303): Api < 2059 android.net.ConnectivityManager.getActiveNetworkInfo(android.net.NetworkInfo@603328506)
I/org.umd.logging( 3303): Api > 2059 android.net.ConnectivityManager.getActiveNetworkInfo(android.net.ConnectivityManager@884783815)
I/org.umd.logging( 3303): Api < 2059 android.net.ConnectivityManager.getActiveNetworkInfo(android.net.NetworkInfo@503261611)
I/org.umd.logging( 3303): Api > 2059 android.net.ConnectivityManager.getActiveNetworkInfo(android.net.ConnectivityManager@884783815)
I/org.umd.logging( 3303): Api < 2059 android.net.ConnectivityManager.getActiveNetworkInfo(android.net.NetworkInfo@697894920)
I/org.umd.logging( 3303): Api > 2059 android.net.ConnectivityManager.getActiveNetworkInfo(android.net.ConnectivityManager@884783815)
I/org.umd.logging( 3303): Api < 2059 android.net.ConnectivityManager.getActiveNetworkInfo(android.net.NetworkInfo@348851105)
I/org.umd.logging( 3303): Api > 2059 android.net.ConnectivityManager.getActiveNetworkInfo(android.net.ConnectivityManager@884783815)
I/org.umd.logging( 3303): Api < 2059 android.net.ConnectivityManager.getActiveNetworkInfo(android.net.NetworkInfo@394604998)
I/org.umd.logging( 3303): Api > 2059 android.net.ConnectivityManager.getActiveNetworkInfo(android.net.ConnectivityManager@884783815)
I/org.umd.logging( 3303): Api < 2059 android.net.ConnectivityManager.getActiveNetworkInfo(android.net.NetworkInfo@503625095)
I/org.umd.logging( 3303): Api > 2059 android.net.ConnectivityManager.getActiveNetworkInfo(android.net.ConnectivityManager@884783815)
I/org.umd.logging( 3303): Api < 2059 android.net.ConnectivityManager.getActiveNetworkInfo(android.net.NetworkInfo@616209588)
I/org.umd.logging( 3303): Api > 2059 android.net.ConnectivityManager.getActiveNetworkInfo(android.net.ConnectivityManager@884783815)
I/org.umd.logging( 3303): Api < 2059 android.net.ConnectivityManager.getActiveNetworkInfo(android.net.NetworkInfo@644595933)
I/org.umd.logging( 3303): Api > 2059 android.net.ConnectivityManager.getActiveNetworkInfo(android.net.ConnectivityManager@884783815)
I/org.umd.logging( 3303): Api < 2059 android.net.ConnectivityManager.getActiveNetworkInfo(android.net.NetworkInfo@949134418)
I/org.umd.logging( 3303): Api > 2059 android.net.ConnectivityManager.getActiveNetworkInfo(android.net.ConnectivityManager@884783815)
I/org.umd.logging( 3303): Api < 2059 android.net.ConnectivityManager.getActiveNetworkInfo(android.net.NetworkInfo@770515747)
I/org.umd.logging( 3303): Api > 2059 android.net.ConnectivityManager.getActiveNetworkInfo(android.net.ConnectivityManager@884783815)
I/org.umd.logging( 3303): Api < 2059 android.net.ConnectivityManager.getActiveNetworkInfo(android.net.NetworkInfo@515821600)
I/org.umd.logging( 3303): Api > 2059 android.net.ConnectivityManager.getActiveNetworkInfo(android.net.ConnectivityManager@884783815)
I/org.umd.logging( 3303): Api < 2059 android.net.ConnectivityManager.getActiveNetworkInfo(android.net.NetworkInfo@325619161)
I/org.umd.logging( 3303): Api > 2059 android.net.ConnectivityManager.getActiveNetworkInfo(android.net.ConnectivityManager@884783815)
I/org.umd.logging( 3303): Api < 2059 android.net.ConnectivityManager.getActiveNetworkInfo(android.net.NetworkInfo@764588958)
I/org.umd.logging( 3303): Api > 2059 android.net.ConnectivityManager.getActiveNetworkInfo(android.net.ConnectivityManager@884783815)
I/org.umd.logging( 3303): Api < 2059 android.net.ConnectivityManager.getActiveNetworkInfo(android.net.NetworkInfo@610586239)
I/org.umd.logging( 3303): Api > 2059 java.lang.Thread.start(java.lang.Thread@722521676<thread=2062>)
I/org.umd.logging( 3303): Api < 2059 java.lang.Thread.start()
I/org.umd.logging( 3303): Api > 2059 java.lang.Thread.start(java.lang.Thread@264973973<thread=2063>)
I/org.umd.logging( 3303): Api < 2059 java.lang.Thread.start()
I/org.umd.logging( 3303): Method > 2062 com.jirbo.adcolony.ADCDownload.run(com.jirbo.adcolony.ADCDownload@1039297450)
I/org.umd.logging( 3303): Api > 2059 java.lang.Thread.start(java.lang.Thread@746705819<thread=2064>)
I/org.umd.logging( 3303): Api > 2062 java.net.URL.openConnection(java.net.URL@111313720<URL=http://d3v1lb83psg9di.cloudfront.net/output_static/ui/tiny-glow.png>)
I/org.umd.logging( 3303): Api < 2062 java.net.URL.openConnection(com.android.okhttp.internal.http.HttpURLConnectionImpl@209526545)
I/org.umd.logging( 3303): Api < 2059 java.lang.Thread.start()
I/org.umd.logging( 3303): Method > 2063 com.jirbo.adcolony.ADCDownload.run(com.jirbo.adcolony.ADCDownload@149133430)
I/org.umd.logging( 3303): Api > 2063 java.net.URL.openConnection(java.net.URL@44043895<URL=http://d3v1lb83psg9di.cloudfront.net/output_static/ui/browser-bar-background.png>)
I/org.umd.logging( 3303): Api < 2063 java.net.URL.openConnection(com.android.okhttp.internal.http.HttpURLConnectionImpl@160996068)
I/org.umd.logging( 3303): Method > 2064 com.jirbo.adcolony.ADCDownload.run(com.jirbo.adcolony.ADCDownload@92511053)
I/org.umd.logging( 3303): Api > 2064 java.net.URL.openConnection(java.net.URL@485017090<URL=http://d3v1lb83psg9di.cloudfront.net/output_static/ui/bg-applelinen-tile.png>)
I/org.umd.logging( 3303): Api < 2064 java.net.URL.openConnection(com.android.okhttp.internal.http.HttpURLConnectionImpl@587012883)
I/org.umd.logging( 3303): Api > 2059 android.net.ConnectivityManager.getActiveNetworkInfo(android.net.ConnectivityManager@884783815)
I/org.umd.logging( 3303): Api < 2059 android.net.ConnectivityManager.getActiveNetworkInfo(android.net.NetworkInfo@129401168)
I/org.umd.logging( 3303): Api > 2059 java.lang.Thread.start(java.lang.Thread@939237193<thread=2065>)
I/org.umd.logging( 3303): Api < 2059 java.lang.Thread.start()
I/org.umd.logging( 3303): Api > 2059 java.lang.Thread.start(java.lang.Thread@1008812110<thread=2066>)
I/org.umd.logging( 3303): Api < 2059 java.lang.Thread.start()
I/org.umd.logging( 3303): Method < 2059 com.jirbo.adcolony.p$1.run()
I/org.umd.logging( 3303): Method > 2066 com.jirbo.adcolony.ADCDownload.run(com.jirbo.adcolony.ADCDownload@101995887)
I/org.umd.logging( 3303): Api > 2066 java.net.URL.openConnection(java.net.URL@193618556<URL=https://events3alt.adcolony.com/t/5.0/session_start?pl=pKSFvL--MNWR4wGDWQ6zv6lgCN939bQjF48yTvfMYympn-k4WkTaN67w3B8Crkz6qJmowbby0b7p6nFdZKfu8WkORYjBXWihAB0MxXjcv_SPjUT-BjJrDxhdnbzZvPwvx4UBNP1xOTA2dpVHTE5lKsAIyr-bbwBhmXkKt4IHjHcQBvZ1_x1I0Rvoklw0mhEPuDqrM69woLpQ9ytpqr-X7_pMfz_NXeqKj6Cib1wYM-T3JxuKtQLzbw714-e5ZIGa8ksKZoSpm2VS18HyCUw23kOdg8uXf9aQxLhOie73xU6zW_COPStGGUviWI0qD7RTOqQx6y1TqfsO9x2KpLczxJ7r1VotP52wuRsKyPi1KTBTsylrr-nhU5q1gdXlYuB_JBGQXYvjX9W_>)
I/org.umd.logging( 3303): Api < 2066 java.net.URL.openConnection(com.android.okhttp.internal.http.HttpsURLConnectionImpl@1003874053)
I/org.umd.logging( 3303): Api > 2066 java.net.URL.openConnection(java.net.URL@425005914<URL=https://events3alt.adcolony.com/t/5.0/session_start?pl=pKSFvL--MNWR4wGDWQ6zv6lgCN939bQjF48yTvfMYympn-k4WkTaN67w3B8Crkz6qJmowbby0b7p6nFdZKfu8WkORYjBXWihAB0MxXjcv_SPjUT-BjJrDxhdnbzZvPwvx4UBNP1xOTA2dpVHTE5lKsAIyr-bbwBhmXkKt4IHjHcQBvZ1_x1I0Rvoklw0mhEPuDqrM69woLpQ9ytpqr-X7_pMfz_NXeqKj6Cib1wYM-T3JxuKtQLzbw714-e5ZIGa8ksKZoSpm2VS18HyCUw23kOdg8uXf9aQxLhOie73xU6zW_COPStGGUviWI0qD7RTOqQx6y1TqfsO9x2KpLczxJ7r1VotP52wuRsKyPi1KTBTsylrr-nhU5q1gdXlYuB_JBGQXYvjX9W_>)
I/org.umd.logging( 3303): Method > 2065 com.jirbo.adcolony.ADCDownload.run(com.jirbo.adcolony.ADCDownload@408496744)
I/org.umd.logging( 3303): Api < 2066 java.net.URL.openConnection(com.android.okhttp.internal.http.HttpsURLConnectionImpl@112908683)
I/org.umd.logging( 3303): Api > 2065 java.net.URL.openConnection(java.net.URL@1028845185<URL=https://events3.adcolony.com/t/5.0/install?pl=pKSFvL--MNWR4wGDWQ6zv6lgCN939bQjF48yTvfMYympn-k4WkTaN67w3B8Crkz6qJmowbby0b7p6nFdZKfu8WkORYjBXWihAB0MxXjcv_SPjUT-BjJrDxhdnbzZvPwvx4UBNP1xOTA2dpVHTE5lKsAIyr-bbwBhmXkKt4IHjHcQBvZ1_x1I0Rvoklw0mhEPuDqrM69woLpQ9ytpqr-X7_pMfz_NXeqKj6Cib1wYM-T3JxuKtQLzbw714-e5ZIGa8ksKZoSpm2VS18HyCUw23kOdg8uXf9aQxLhOie73xU6zW_COPStGGUviWI0qD7RTOqQx6y1TqfsO9x2KpLczxJ7r1VotP52wuRsKyPi1KTBTsylrr-nhU5q1gdXlYuB_JBGQXYvjX9W_>)
I/org.umd.logging( 3303): Api < 2065 java.net.URL.openConnection(com.android.okhttp.internal.http.HttpsURLConnectionImpl@432081702)
I/org.umd.logging( 3303): Api > 2065 java.net.URL.openConnection(java.net.URL@234586983<URL=https://events3.adcolony.com/t/5.0/install?pl=pKSFvL--MNWR4wGDWQ6zv6lgCN939bQjF48yTvfMYympn-k4WkTaN67w3B8Crkz6qJmowbby0b7p6nFdZKfu8WkORYjBXWihAB0MxXjcv_SPjUT-BjJrDxhdnbzZvPwvx4UBNP1xOTA2dpVHTE5lKsAIyr-bbwBhmXkKt4IHjHcQBvZ1_x1I0Rvoklw0mhEPuDqrM69woLpQ9ytpqr-X7_pMfz_NXeqKj6Cib1wYM-T3JxuKtQLzbw714-e5ZIGa8ksKZoSpm2VS18HyCUw23kOdg8uXf9aQxLhOie73xU6zW_COPStGGUviWI0qD7RTOqQx6y1TqfsO9x2KpLczxJ7r1VotP52wuRsKyPi1KTBTsylrr-nhU5q1gdXlYuB_JBGQXYvjX9W_>)
I/org.umd.logging( 3303): Api < 2065 java.net.URL.openConnection(com.android.okhttp.internal.http.HttpsURLConnectionImpl@516588820)
I/org.umd.logging( 3303): Method > 2059 com.jirbo.adcolony.p$1.run(com.jirbo.adcolony.p$1@964129216)
I/org.umd.logging( 3303): Api > 2059 android.net.ConnectivityManager.getActiveNetworkInfo(android.net.ConnectivityManager@884783815)
I/org.umd.logging( 3303): Api < 2059 android.net.ConnectivityManager.getActiveNetworkInfo(android.net.NetworkInfo@306115005)
I/org.umd.logging( 3303): Method < 2059 com.jirbo.adcolony.p$1.run()
W/io      ( 3303): Failed to open /data/data/com.rovio.angrybirds/files/DiskCache/CrossPromotion/48188231f7984cbeabc674894a5a660722e36f4301b94ef6a00fe4a289144626_512x256.json with errno 00000002 (No such file or directory)
I/Finsky  ( 3464): [2010] com.google.android.finsky.billing.iab.s.a(196): com.rovio.angrybirds: Account from first account - [H2HZkLhZAwneGgDylh5vNEKO7fg]
I/org.umd.logging( 3303): Method < 2063 com.jirbo.adcolony.ADCDownload.run()
I/org.umd.logging( 3303): Method < 2062 com.jirbo.adcolony.ADCDownload.run()
I/org.umd.logging( 3303): Method < 2064 com.jirbo.adcolony.ADCDownload.run()
I/org.umd.logging( 3303): Method < 2065 com.jirbo.adcolony.ADCDownload.run()
W/io      ( 3303): Failed to open /data/data/com.rovio.angrybirds/files/DiskCache/CrossPromotion/48188231f7984cbeabc674894a5a660722e36f4301b94ef6a00fe4a289144626_512x256.png with errno 00000002 (No such file or directory)
I/org.umd.logging( 3303): Method < 2066 com.jirbo.adcolony.ADCDownload.run()
I/org.umd.logging( 3303): Method > 2059 com.jirbo.adcolony.p$1.run(com.jirbo.adcolony.p$1@964129216)
I/org.umd.logging( 3303): Api > 2059 java.lang.Thread.start(java.lang.Thread@273997440<thread=2067>)
I/org.umd.logging( 3303): Api < 2059 java.lang.Thread.start()
I/org.umd.logging( 3303): Api > 2059 java.lang.Thread.start(java.lang.Thread@653126841<thread=2068>)
I/org.umd.logging( 3303): Api < 2059 java.lang.Thread.start()
I/org.umd.logging( 3303): Api > 2059 java.lang.Thread.start(java.lang.Thread@562321662<thread=2069>)
I/org.umd.logging( 3303): Api < 2059 java.lang.Thread.start()
I/org.umd.logging( 3303): Method > 2068 com.jirbo.adcolony.ADCDownload.run(com.jirbo.adcolony.ADCDownload@720074847)
I/org.umd.logging( 3303): Api > 2068 java.net.URL.openConnection(java.net.URL@1030316716<URL=http://d3v1lb83psg9di.cloudfront.net/output_static/ui/browser-stop-x2.png>)
I/org.umd.logging( 3303): Api < 2068 java.net.URL.openConnection(com.android.okhttp.internal.http.HttpURLConnectionImpl@1056414581)
I/org.umd.logging( 3303): Method > 2067 com.jirbo.adcolony.ADCDownload.run(com.jirbo.adcolony.ADCDownload@843646730)
I/org.umd.logging( 3303): Api > 2067 java.net.URL.openConnection(java.net.URL@620313467<URL=http://d3v1lb83psg9di.cloudfront.net/output_static/ui/browser-logo-x2.png>)
I/org.umd.logging( 3303): Api < 2067 java.net.URL.openConnection(com.android.okhttp.internal.http.HttpURLConnectionImpl@710933912)
I/org.umd.logging( 3303): Method > 2069 com.jirbo.adcolony.ADCDownload.run(com.jirbo.adcolony.ADCDownload@95648241)
I/org.umd.logging( 3303): Api > 2069 java.net.URL.openConnection(java.net.URL@502827478<URL=http://d3v1lb83psg9di.cloudfront.net/output_static/ui/browser-back-x2.png>)
I/org.umd.logging( 3303): Api < 2069 java.net.URL.openConnection(com.android.okhttp.internal.http.HttpURLConnectionImpl@777393239)
I/org.umd.logging( 3303): Method < 2059 com.jirbo.adcolony.p$1.run()
I/org.umd.logging( 3303): Method < 2069 com.jirbo.adcolony.ADCDownload.run()
W/io      ( 3303): Failed to open /data/data/com.rovio.angrybirds/files/DiskCache/CrossPromotion/4235b2556018420ca3a920126478872bfdbacb4dda1d417b9c78c5a91c8e30e2_512x256.json with errno 00000002 (No such file or directory)
I/org.umd.logging( 3303): Method < 2068 com.jirbo.adcolony.ADCDownload.run()
I/org.umd.logging( 3303): Method < 2067 com.jirbo.adcolony.ADCDownload.run()
I/Finsky  ( 3464): [2041] com.google.android.finsky.billing.iab.s.a(196): com.rovio.angrybirds: Account from first account - [H2HZkLhZAwneGgDylh5vNEKO7fg]
W/io      ( 3303): Failed to open /data/data/com.rovio.angrybirds/files/DiskCache/CrossPromotion/4235b2556018420ca3a920126478872bfdbacb4dda1d417b9c78c5a91c8e30e2_512x256.png with errno 00000002 (No such file or directory)
I/org.umd.logging( 3303): Method > 2059 com.jirbo.adcolony.p$1.run(com.jirbo.adcolony.p$1@964129216)
I/org.umd.logging( 3303): Api > 2059 java.lang.Thread.start(java.lang.Thread@119757636<thread=2070>)
I/org.umd.logging( 3303): Api < 2059 java.lang.Thread.start()
I/org.umd.logging( 3303): Api > 2059 java.lang.Thread.start(java.lang.Thread@712295469<thread=2071>)
I/org.umd.logging( 3303): Api < 2059 java.lang.Thread.start()
I/org.umd.logging( 3303): Method > 2070 com.jirbo.adcolony.ADCDownload.run(com.jirbo.adcolony.ADCDownload@256601442)
I/org.umd.logging( 3303): Api > 2070 java.net.URL.openConnection(java.net.URL@977116915<URL=http://d3v1lb83psg9di.cloudfront.net/output_static/ui/browser-close-x2.png>)
I/org.umd.logging( 3303): Api > 2059 java.lang.Thread.start(java.lang.Thread@899475376<thread=2072>)
I/org.umd.logging( 3303): Api < 2059 java.lang.Thread.start()
I/org.umd.logging( 3303): Api < 2070 java.net.URL.openConnection(com.android.okhttp.internal.http.HttpURLConnectionImpl@75920937)
I/org.umd.logging( 3303): Method < 2059 com.jirbo.adcolony.p$1.run()
W/io      ( 3303): Failed to open /data/data/com.rovio.angrybirds/files/DiskCache/CrossPromotion/03dd8783a7ac48619a772b84b9ab585b7454e50cda8440b895876dca9dec8025_512x256.json with errno 00000002 (No such file or directory)
I/org.umd.logging( 3303): Method > 2071 com.jirbo.adcolony.ADCDownload.run(com.jirbo.adcolony.ADCDownload@838270382)
I/org.umd.logging( 3303): Api > 2071 java.net.URL.openConnection(java.net.URL@705247055<URL=http://d3v1lb83psg9di.cloudfront.net/output_static/ui/browser-forward-x2.png>)
I/org.umd.logging( 3303): Method > 2072 com.jirbo.adcolony.ADCDownload.run(com.jirbo.adcolony.ADCDownload@182505180)
I/org.umd.logging( 3303): Api > 2072 java.net.URL.openConnection(java.net.URL@988236773<URL=http://d3v1lb83psg9di.cloudfront.net/output_static/ui/browser-reload-x2.png>)
I/org.umd.logging( 3303): Api < 2072 java.net.URL.openConnection(com.android.okhttp.internal.http.HttpURLConnectionImpl@827062635)
I/org.umd.logging( 3303): Api < 2071 java.net.URL.openConnection(com.android.okhttp.internal.http.HttpURLConnectionImpl@632899258)
I/org.umd.logging( 3303): Method < 2070 com.jirbo.adcolony.ADCDownload.run()
I/org.umd.logging( 3303): Method < 2071 com.jirbo.adcolony.ADCDownload.run()
I/org.umd.logging( 3303): Method < 2072 com.jirbo.adcolony.ADCDownload.run()
W/io      ( 3303): Failed to open /data/data/com.rovio.angrybirds/files/DiskCache/CrossPromotion/03dd8783a7ac48619a772b84b9ab585b7454e50cda8440b895876dca9dec8025_512x256.png with errno 00000002 (No such file or directory)
W/io      ( 3303): Failed to open /data/data/com.rovio.angrybirds/files/DiskCache/CrossPromotion/ce02a66eac62408eafe23b4db139264a9d815b9e265043c98b325e478153ef41_512x256.json with errno 00000002 (No such file or directory)
I/org.umd.logging( 3303): Method > 2059 com.jirbo.adcolony.p$1.run(com.jirbo.adcolony.p$1@964129216)
I/org.umd.logging( 3303): Api > 2059 java.lang.Thread.start(java.lang.Thread@924449992<thread=2073>)
I/org.umd.logging( 3303): Api < 2059 java.lang.Thread.start()
I/org.umd.logging( 3303): Api > 2059 java.lang.Thread.start(java.lang.Thread@734380385<thread=2074>)
I/org.umd.logging( 3303): Api < 2059 java.lang.Thread.start()
I/org.umd.logging( 3303): Api > 2059 android.net.ConnectivityManager.getActiveNetworkInfo(android.net.ConnectivityManager@884783815)
I/org.umd.logging( 3303): Api < 2059 android.net.ConnectivityManager.getActiveNetworkInfo(android.net.NetworkInfo@371528838)
I/org.umd.logging( 3303): Api > 2059 android.net.ConnectivityManager.getActiveNetworkInfo(android.net.ConnectivityManager@884783815)
I/org.umd.logging( 3303): Api < 2059 android.net.ConnectivityManager.getActiveNetworkInfo(android.net.NetworkInfo@531546439)
I/org.umd.logging( 3303): Api > 2059 android.net.ConnectivityManager.getActiveNetworkInfo(android.net.ConnectivityManager@884783815)
I/org.umd.logging( 3303): Api < 2059 android.net.ConnectivityManager.getActiveNetworkInfo(android.net.NetworkInfo@3546484)
I/org.umd.logging( 3303): Api > 2059 java.lang.Thread.start(java.lang.Thread@263983773<thread=2075>)
I/org.umd.logging( 3303): Api < 2059 java.lang.Thread.start()
I/org.umd.logging( 3303): Method < 2059 com.jirbo.adcolony.p$1.run()
