--------- beginning of main
I/DownloadManagerWrapper(  949): onReceive() : Charging = true
I/org.umd.logging( 4986): Method > 1 com.cleanmaster.base.crash.util.debug.b.run(com.cleanmaster.base.crash.util.debug.b@453239735)
I/org.umd.logging( 4986): Method < 1 com.cleanmaster.base.crash.util.debug.b.run()
E/WifiStateMachine(  594): WifiStateMachine CMD_START_SCAN source -2 txSuccessRate=10.22 rxSuccessRate=0.22 targetRoamBSSID=any RSSI=-41
I/org.umd.logging( 4986): Method > 1 com.cleanmaster.base.crash.util.debug.b.run(com.cleanmaster.base.crash.util.debug.b@453239735)
I/org.umd.logging( 4986): Method < 1 com.cleanmaster.base.crash.util.debug.b.run()
I/org.umd.logging(26066): Method > 1 com.cnn.mobile.android.phone.service.FeedService.onCreate(com.cnn.mobile.android.phone.service.FeedService@440012636)
I/org.umd.logging(26066): Method < 1 com.cnn.mobile.android.phone.service.FeedService.onCreate()
I/org.umd.logging(26066): Method > 1 com.cnn.mobile.android.phone.service.FeedService.onStartCommand(com.cnn.mobile.android.phone.service.FeedService@440012636, android.content.Intent@857848634<action=null><data=null><package=null><component=com.cnn.mobile.android.phone/.service.FeedService><type=null><filter_hashcode=-1301101658><fetch_type=None><umd_Intent_key=None><android.intent.extra.ALARM_COUNT=None>, 0, 1)
I/org.umd.logging(26066): Method > 1 com.androidquery.callback.AbstractAjaxCallback.execute(com.cnn.mobile.android.phone.service.FeedService$1@356815851)
I/org.umd.logging(26066): Method < 1 com.androidquery.callback.AbstractAjaxCallback.execute()
I/org.umd.logging(26066): Method < 1 com.cnn.mobile.android.phone.service.FeedService.onStartCommand(2)
I/org.umd.logging(26066): Method > 1820 com.androidquery.callback.AbstractAjaxCallback.run(com.cnn.mobile.android.phone.service.FeedService$1@356815851)
I/org.umd.logging(26066): Method > 1820 com.androidquery.callback.AbstractAjaxCallback.execute(com.cnn.mobile.android.phone.service.FeedService$1@356815851, org.apache.http.client.methods.HttpGet@101107016, org.apache.http.impl.client.DefaultHttpClient@770631670, org.apache.http.protocol.BasicHttpContext@1051598817)
I/org.umd.logging(26066): Api > 1820 org.apache.http.impl.client.DefaultHttpClient.execute(org.apache.http.impl.client.DefaultHttpClient@770631670, org.apache.http.client.methods.HttpGet@101107016, org.apache.http.protocol.BasicHttpContext@1051598817)
I/org.umd.logging(26066): Method > 1 com.cnn.mobile.android.phone.service.FeedService.onStartCommand(com.cnn.mobile.android.phone.service.FeedService@440012636, android.content.Intent@115364102<action=null><data=null><package=null><component=com.cnn.mobile.android.phone/.service.FeedService><type=null><filter_hashcode=-1301101658><fetch_type=None><umd_Intent_key=None><android.intent.extra.ALARM_COUNT=None>, 0, 2)
I/org.umd.logging(26066): Method > 1 com.androidquery.callback.AbstractAjaxCallback.execute(com.cnn.mobile.android.phone.service.FeedService$2@920028103)
I/org.umd.logging(26066): Method > 1812 com.androidquery.callback.AbstractAjaxCallback.run(com.cnn.mobile.android.phone.service.FeedService$2@920028103)
I/org.umd.logging(26066): Method > 1812 com.androidquery.callback.AbstractAjaxCallback.execute(com.cnn.mobile.android.phone.service.FeedService$2@920028103, org.apache.http.client.methods.HttpGet@677834228, org.apache.http.impl.client.DefaultHttpClient@770631670, org.apache.http.protocol.BasicHttpContext@252434717)
I/org.umd.logging(26066): Api > 1812 org.apache.http.impl.client.DefaultHttpClient.execute(org.apache.http.impl.client.DefaultHttpClient@770631670, org.apache.http.client.methods.HttpGet@677834228, org.apache.http.protocol.BasicHttpContext@252434717)
I/org.umd.logging(26066): Method < 1 com.androidquery.callback.AbstractAjaxCallback.execute()
I/org.umd.logging(26066): Method < 1 com.cnn.mobile.android.phone.service.FeedService.onStartCommand(2)
I/org.umd.logging(26066): Method > 1 com.cnn.mobile.android.phone.service.FeedService.onDestroy(com.cnn.mobile.android.phone.service.FeedService@440012636)
I/org.umd.logging(26066): Method < 1 com.cnn.mobile.android.phone.service.FeedService.onDestroy()
I/org.umd.logging(26066): Api < 1820 org.apache.http.impl.client.DefaultHttpClient.execute(org.apache.http.message.BasicHttpResponse@228620178)
I/org.umd.logging(26066): Method < 1820 com.androidquery.callback.AbstractAjaxCallback.execute(org.apache.http.message.BasicHttpResponse@228620178)
I/org.umd.logging(26066): Api < 1812 org.apache.http.impl.client.DefaultHttpClient.execute(org.apache.http.message.BasicHttpResponse@1051563363)
I/org.umd.logging(26066): Method < 1812 com.androidquery.callback.AbstractAjaxCallback.execute(org.apache.http.message.BasicHttpResponse@1051563363)
I/org.umd.logging(26066): Method > 1 com.androidquery.callback.AbstractAjaxCallback.run(com.cnn.mobile.android.phone.service.FeedService$1@356815851)
I/org.umd.logging(26066): Method < 1 com.androidquery.callback.AbstractAjaxCallback.run()
I/org.umd.logging(26066): Method > 1821 com.androidquery.util.Common.run(com.androidquery.util.Common@16708960)
I/org.umd.logging(26066): Method < 1820 com.androidquery.callback.AbstractAjaxCallback.run()
I/org.umd.logging(26066): Method < 1821 com.androidquery.util.Common.run()
I/org.umd.logging(26066): Method > 1 com.androidquery.callback.AbstractAjaxCallback.run(com.cnn.mobile.android.phone.service.FeedService$2@920028103)
I/org.umd.logging(26066): Method < 1812 com.androidquery.callback.AbstractAjaxCallback.run()
I/org.umd.logging(26066): Method < 1 com.androidquery.callback.AbstractAjaxCallback.run()
I/org.umd.logging(26066): Method > 1821 com.androidquery.util.Common.run(com.androidquery.util.Common@59894297)
I/org.umd.logging(26066): Method < 1821 com.androidquery.util.Common.run()
I/org.umd.logging( 4986): Method > 1 com.cleanmaster.base.crash.util.debug.b.run(com.cleanmaster.base.crash.util.debug.b@453239735)
I/org.umd.logging( 4986): Method < 1 com.cleanmaster.base.crash.util.debug.b.run()
E/WifiStateMachine(  594): WifiStateMachine CMD_START_SCAN source -2 txSuccessRate=7.72 rxSuccessRate=0.95 targetRoamBSSID=any RSSI=-40
I/org.umd.logging( 4986): Method > 1 com.cleanmaster.base.crash.util.debug.b.run(com.cleanmaster.base.crash.util.debug.b@453239735)
I/org.umd.logging( 4986): Method < 1 com.cleanmaster.base.crash.util.debug.b.run()
I/org.umd.logging( 4986): Method > 1 com.cleanmaster.base.crash.util.debug.b.run(com.cleanmaster.base.crash.util.debug.b@453239735)
I/org.umd.logging( 4986): Method < 1 com.cleanmaster.base.crash.util.debug.b.run()
E/WifiStateMachine(  594): WifiStateMachine CMD_START_SCAN source -2 txSuccessRate=1.19 rxSuccessRate=0.01 targetRoamBSSID=any RSSI=-40
I/DownloadManagerWrapper(  949): onReceive() : Charging = true
I/org.umd.logging( 4986): Method > 1 com.cleanmaster.base.crash.util.debug.b.run(com.cleanmaster.base.crash.util.debug.b@453239735)
I/org.umd.logging( 4986): Method < 1 com.cleanmaster.base.crash.util.debug.b.run()
--------- beginning of system
I/ActivityManager(  594): START u0 {act=android.intent.action.MAIN cat=[android.intent.category.LAUNCHER] flg=0x10200000 cmp=com.rovio.angrybirds/com.rovio.fusion.App (has extras)} from uid 10014 on display 0
V/WindowManager(  594): addAppToken: AppWindowToken{9d78e77 token=Token{14491876 ActivityRecord{38089f11 u0 com.rovio.angrybirds/com.rovio.fusion.App t21}}} to stack=1 task=21 at 0
D/audio_hw_primary(  190): select_devices: out_snd_device(2: speaker) in_snd_device(0: none)
D/ACDB-LOADER(  190): ACDB -> send_afe_cal
D/audio_hw_primary(  190): enable_snd_device: snd_device(2: speaker)
D/audio_hw_primary(  190): enable_audio_route: apply and update mixer path: low-latency-playback
V/WindowManager(  594): Adding window Window{1eb6c04e u0 Starting com.rovio.angrybirds} at 3 of 9 (after Window{1c6549af u0 com.android.launcher/com.android.launcher2.Launcher})
I/ActivityManager(  594): Start proc 3303:com.rovio.angrybirds/u0a245 for activity com.rovio.angrybirds/com.rovio.fusion.App
V/ActivityManager(  594): Display changed displayId=0
I/ActivityManager(  594): Config changes=480 {1.0 310mcc?mnc en_US ?layoutDir sw384dp w598dp h359dp 320dpi nrml land finger -keyb/v/h -nav/h s.6}
I/InputReader(  594): Reconfiguring input devices.  changes=0x00000004
I/InputReader(  594): Device reconfigured: id=6, name='touch_dev', size 768x1280, orientation 1, mode 1, display id 0
I/org.umd.logging( 3303): Method > 1 com.rovio.fusion.App.onCreate(com.rovio.fusion.App@410649080<activity=true>, null)
W/linker  ( 3303): libAngryBirdsClassic.so: unused DT entry: type 0x6ffffffe arg 0x1509c
W/linker  ( 3303): libAngryBirdsClassic.so: unused DT entry: type 0x6fffffff arg 0x3
I/org.umd.logging( 3303): Method < 1 com.rovio.fusion.App.onCreate()
I/org.umd.logging( 3303): Method > 1 com.rovio.fusion.App.onStart(com.rovio.fusion.App@410649080<activity=true>)
I/org.umd.logging( 3303): Method > 1 com.rovio.fusion.Globals.onStart()
I/org.umd.logging( 3303): Method > 1 com.rovio.fusion.ActivityListener.onStart(com.rovio.fusion.Globals$CompatWrapper@500016444)
I/org.umd.logging( 3303): Method < 1 com.rovio.fusion.ActivityListener.onStart()
I/org.umd.logging( 3303): Method > 1 com.rovio.fusion.ActivityListener.onStart(com.rovio.fusion.MyInputHandler@177402906)
I/org.umd.logging( 3303): Method < 1 com.rovio.fusion.ActivityListener.onStart()
I/org.umd.logging( 3303): Method < 1 com.rovio.fusion.Globals.onStart()
I/org.umd.logging( 3303): Method < 1 com.rovio.fusion.App.onStart()
I/org.umd.logging( 3303): Method > 1 com.rovio.fusion.App.onResume(com.rovio.fusion.App@410649080<activity=true>)
I/org.umd.logging( 3303): Method > 1 com.rovio.fusion.Globals.onResume()
I/org.umd.logging( 3303): Method > 1 com.rovio.fusion.Globals$CompatWrapper.onResume(com.rovio.fusion.Globals$CompatWrapper@500016444)
I/org.umd.logging( 3303): Method > 1 com.rovio.fusion.HockeyAppWrapper.onResume(com.rovio.fusion.HockeyAppWrapper@162533671)
I/org.umd.logging( 3303): Method < 1 com.rovio.fusion.HockeyAppWrapper.onResume()
I/org.umd.logging( 3303): Method < 1 com.rovio.fusion.Globals$CompatWrapper.onResume()
I/org.umd.logging( 3303): Method > 1 com.rovio.fusion.ActivityListener.onResume(com.rovio.fusion.MyInputHandler@177402906)
I/org.umd.logging( 3303): Method < 1 com.rovio.fusion.ActivityListener.onResume()
I/org.umd.logging( 3303): Method < 1 com.rovio.fusion.Globals.onResume()
W/ResourceType( 3303): No known package when getting name for resource number 0xffffffff
I/org.umd.logging( 3303): Method > 1 com.rovio.fusion.MySurfaceView.onResume(com.rovio.fusion.MySurfaceView@538088829<file=><x=0><y=0><width=0><height=0><id=-1>)
I/org.umd.logging( 3303): Method < 1 com.rovio.fusion.MySurfaceView.onResume()
I/org.umd.logging( 3303): Method < 1 com.rovio.fusion.App.onResume()
D/OpenGLRenderer( 3303): Use EGL_SWAP_BEHAVIOR_PRESERVED: true
I/org.umd.logging( 3303): Method > 2008 com.rovio.fusion.MySurfaceView$2.run(com.rovio.fusion.MySurfaceView$2@1015191747)
I/org.umd.logging( 3303): Method > 2008 com.rovio.fusion.MyRenderer.onResume(com.rovio.fusion.MyRenderer@649596025)
I/org.umd.logging( 3303): Method > 2008 com.rovio.fusion.SingleThreadWrapper.onResume(com.rovio.fusion.SingleThreadWrapper@57409055)
I/org.umd.logging( 3303): Method < 2008 com.rovio.fusion.SingleThreadWrapper.onResume()
I/org.umd.logging( 3303): Method < 2008 com.rovio.fusion.MyRenderer.onResume()
I/org.umd.logging( 3303): Method < 2008 com.rovio.fusion.MySurfaceView$2.run()
D/Atlas   ( 3303): Validating map...
V/WindowManager(  594): Adding window Window{22be6e81 u0 com.rovio.angrybirds/com.rovio.fusion.App} at 3 of 10 (before Window{1eb6c04e u0 Starting com.rovio.angrybirds})
I/Adreno-EGL( 3303): <qeglDrvAPI_eglInitialize:379>: QUALCOMM Build: 01/15/15, ab0075f, Id3510ff6dc
I/OpenGLRenderer( 3303): Initialized EGL, version 1.4
D/OpenGLRenderer( 3303): Enabling debug mode 0
V/WindowManager(  594): Adding window Window{12130367 u0 SurfaceView} at 3 of 11 (before Window{22be6e81 u0 com.rovio.angrybirds/com.rovio.fusion.App})
I/org.umd.logging( 3303): Method > 1 com.rovio.fusion.App$1.onSystemUiVisibilityChange(com.rovio.fusion.App$1@1067710261, 6)
I/org.umd.logging( 3303): Method < 1 com.rovio.fusion.App$1.onSystemUiVisibilityChange()
V/WindowManager(  594): Layouts looping: On entry to LockedInner, mPendingLayoutChanges = 0x1
V/WindowManager(  594): Layouts looping: loop number 4, mPendingLayoutChanges = 0x0
V/WindowManager(  594): Layouts looping: after finishPostLayoutPolicyLw, mPendingLayoutChanges = 0x0
V/WindowManager(  594): Layouts looping: mLayoutNeeded, mPendingLayoutChanges = 0x1
V/WindowManager(  594): Layouts looping: On entry to LockedInner, mPendingLayoutChanges = 0x1
V/WindowManager(  594): Layouts looping: loop number 5, mPendingLayoutChanges = 0x0
V/WindowManager(  594): Layouts looping: after finishPostLayoutPolicyLw, mPendingLayoutChanges = 0x0
V/WindowManager(  594): Layouts looping: mLayoutNeeded, mPendingLayoutChanges = 0x1
E/WindowManager(  594): Performed 6 layouts in a row. Skipping
I/ActivityManager(  594): Displayed com.rovio.angrybirds/com.rovio.fusion.App: +634ms (total +10m22s105ms)
W/IInputConnectionWrapper( 1054): showStatusIcon on inactive InputConnection
I/WindowManager(  594): Screen frozen for +592ms due to Window{1eb6c04e u0 Starting com.rovio.angrybirds}
W/io      ( 3303): Failed to open /data/data/com.rovio.angrybirds/files/fusion.registry with errno 00000002 (No such file or directory)
E/        ( 3303): Registry load failed because the file seems to be corrupted: Failed to open /data/data/com.rovio.angrybirds/files/fusion.registry with errno 2 (No such file or directory)
W/io      ( 3303): Failed to open /data/data/com.rovio.angrybirds/files/highscores.lua with errno 00000002 (No such file or directory)
W/io      ( 3303): Failed to open /data/data/com.rovio.angrybirds/files/settings.lua with errno 00000002 (No such file or directory)
W/io      ( 3303): Failed to open /data/data/com.rovio.angrybirds/files/bi_data.lua with errno 00000002 (No such file or directory)
W/GraphicsThread( 3334): type=1400 audit(0.0:23): avc: denied { read } for name="list_rates" dev="debugfs" ino=1382 scontext=u:r:untrusted_app:s0 tcontext=u:object_r:debugfs:s0 tclass=file
W/EventProcessor( 3303): doListen: unnamed event, id = 81
W/EventProcessor( 3303): doListen: unnamed event, id = 80
I/org.umd.logging( 3303): Api > 2008 android.net.ConnectivityManager.getActiveNetworkInfo(android.net.ConnectivityManager@710696251)
I/org.umd.logging( 3303): Api < 2008 android.net.ConnectivityManager.getActiveNetworkInfo(android.net.NetworkInfo@721446404)
W/EventProcessor( 3303): doListen: unnamed event, id = 92
W/EventProcessor( 3303): doListen: unnamed event, id = 92
W/Thread-2013( 3344): type=1400 audit(0.0:24): avc: denied { read } for name="list_rates" dev="debugfs" ino=1382 scontext=u:r:untrusted_app:s0 tcontext=u:object_r:debugfs:s0 tclass=file
W/art     ( 3303): Native thread exiting without having called DetachCurrentThread (maybe it's going to use a pthread_key_create destructor?): Thread[18,tid=3346,Native,Thread*=0xb92e1b20,peer=0x12e420a0,"Thread-2012"]
W/EventProcessor( 3303): doListen: unnamed event, id = 81
W/EventProcessor( 3303): doListen: unnamed event, id = 80
W/EventProcessor( 3303): doListen: unnamed event, id = 91
W/EventProcessor( 3303): doListen: unnamed event, id = 94
W/EventProcessor( 3303): doListen: unnamed event, id = 85
W/EventProcessor( 3303): doListen: unnamed event, id = 80
I/org.umd.logging( 3303): Method > 2017 com.facebook.internal.NativeProtocol$1.run(com.facebook.internal.NativeProtocol$1@4331429)
I/org.umd.logging( 3303): Method > 2016 com.facebook.internal.Utility$1.run(com.facebook.internal.Utility$1@715983752)
D/FACEBOOK( 3303): applicationId: 771488262881983
W/EventProcessor( 3303): doListen: unnamed event, id = 95
W/EventProcessor( 3303): doListen: unnamed event, id = 3
W/EventProcessor( 3303): doListen: unnamed event, id = 4
I/org.umd.logging( 3303): Method > 2016 com.facebook.GraphRequest.executeAndWait(com.facebook.GraphRequest@155004679)
I/org.umd.logging( 3303): Method > 2016 com.facebook.GraphRequest.executeAndWait(com.facebook.GraphRequest@155004679)
I/org.umd.logging( 3303): Method > 2016 com.facebook.GraphRequest.executeBatchAndWait([Lcom.facebook.GraphRequest;@1017943645)
I/org.umd.logging( 3303): Method > 2016 com.facebook.GraphRequest.executeBatchAndWait(java.util.Arrays$ArrayList@703837347)
I/org.umd.logging( 3303): Method > 2016 com.facebook.GraphRequest.executeBatchAndWait(com.facebook.GraphRequestBatch@950090585)
I/org.umd.logging( 3303): Api > 2016 java.net.URL.openConnection(java.net.URL@201521151<URL=https://graph.facebook.com/v2.6/771488262881983?fields=supports_implicit_sdk_logging%2Cgdpv4_nux_content%2Cgdpv4_nux_enabled%2Cgdpv4_chrome_custom_tabs_enabled%2Candroid_dialog_configs%2Candroid_sdk_error_categories%2Capp_events_session_timeout&format=json&sdk=android>)
I/org.umd.logging( 3303): Method > 2022 com.facebook.appevents.AppEventsLogger$3.run(com.facebook.appevents.AppEventsLogger$3@717210410)
I/org.umd.logging( 3303): Method < 2022 com.facebook.appevents.AppEventsLogger$3.run()
I/org.umd.logging( 3303): Api < 2016 java.net.URL.openConnection(com.android.okhttp.internal.http.HttpsURLConnectionImpl@770631670)
I/org.umd.logging( 3303): Method > 2023 com.facebook.appevents.AppEventQueue$3.run(com.facebook.appevents.AppEventQueue$3@403650148)
I/org.umd.logging( 3303): Method > 2016 com.facebook.GraphRequest.executeConnectionAndWait(com.android.okhttp.internal.http.HttpsURLConnectionImpl@770631670, com.facebook.GraphRequestBatch@950090585)
I/org.umd.logging( 3303): Method < 2023 com.facebook.appevents.AppEventQueue$3.run()
E/LocalNotifications( 3303): removeNotification() java exception: Expected type: Object, got: Null
E/LocalNotifications( 3303): removeNotification() java exception: Expected type: Object, got: Null
E/LocalNotifications( 3303): removeNotification() java exception: Expected type: Object, got: Null
E/LocalNotifications( 3303): removeNotification() java exception: Expected type: Object, got: Null
I/org.umd.logging( 3303): Method > 2016 com.facebook.GraphRequest.runCallbacks(com.facebook.GraphRequestBatch@950090585, java.util.ArrayList@298287311)
I/org.umd.logging( 3303): Method < 2016 com.facebook.GraphRequest.runCallbacks()
I/org.umd.logging( 3303): Method < 2016 com.facebook.GraphRequest.executeBatchAndWait(java.util.ArrayList@298287311)
I/org.umd.logging( 3303): Method < 2016 com.facebook.GraphRequest.executeBatchAndWait(java.util.ArrayList@298287311)
I/org.umd.logging( 3303): Method < 2016 com.facebook.GraphRequest.executeBatchAndWait(java.util.ArrayList@298287311)
I/org.umd.logging( 3303): Method < 2016 com.facebook.GraphRequest.executeAndWait(com.facebook.GraphResponse@53113189)
I/org.umd.logging( 3303): Method < 2016 com.facebook.internal.Utility$1.run()
I/org.umd.logging( 3303): Api > 2008 android.os.HandlerThread.start(android.os.HandlerThread@103875590<thread=2026>)
I/org.umd.logging( 3303): Api < 2008 android.os.HandlerThread.start()
I/org.umd.logging( 3303): Api > 2008 android.net.ConnectivityManager.getActiveNetworkInfo(android.net.ConnectivityManager@884783815)
I/org.umd.logging( 3303): Api < 2008 android.net.ConnectivityManager.getActiveNetworkInfo(android.net.NetworkInfo@841898228)
I/org.umd.logging( 3303): Api > 2008 android.net.ConnectivityManager.getActiveNetworkInfo(android.net.ConnectivityManager@884783815)
I/org.umd.logging( 3303): Api < 2008 android.net.ConnectivityManager.getActiveNetworkInfo(android.net.NetworkInfo@1032742941)
I/org.umd.logging( 3303): Method > 2026 com.flurry.sdk.lw.run(com.flurry.sdk.je$2@232098680)
I/org.umd.logging( 3303): Method > 1 com.flurry.sdk.jk.onReceive(com.flurry.sdk.jk@440417379, android.app.Application@1019828882, android.content.Intent@993514124<action=android.net.conn.CONNECTIVITY_CHANGE><data=null><package=null><component=null><type=null><filter_hashcode=-1172645946><networkInfo=None><networkType=None><inetCondition=None><extraInfo=None><umd_Intent_key=None>)
I/org.umd.logging( 3303): Api > 1 android.net.ConnectivityManager.getActiveNetworkInfo(android.net.ConnectivityManager@884783815)
I/org.umd.logging( 3303): Api < 1 android.net.ConnectivityManager.getActiveNetworkInfo(android.net.NetworkInfo@188424785)
I/org.umd.logging( 3303): Method < 1 com.flurry.sdk.jk.onReceive()
I/org.umd.logging( 3303): Method < 2026 com.flurry.sdk.lw.run()
I/org.umd.logging( 3303): Method > 2026 com.flurry.sdk.lw.run(com.flurry.sdk.kr$2@146428304)
I/org.umd.logging( 3303): Method < 2026 com.flurry.sdk.lw.run()
I/org.umd.logging( 3303): Method > 2026 com.flurry.sdk.lw.run(com.flurry.sdk.kr$4@972395183)
I/org.umd.logging( 3303): Method < 2026 com.flurry.sdk.lw.run()
I/org.umd.logging( 3303): Method > 2026 com.flurry.sdk.lw.run(com.flurry.sdk.kb$1@76580421)
I/org.umd.logging( 3303): Method < 2026 com.flurry.sdk.lw.run()
I/org.umd.logging( 3303): Method > 2026 com.flurry.sdk.lw.run(com.flurry.sdk.if$9@630368971)
I/org.umd.logging( 3303): Method < 2026 com.flurry.sdk.lw.run()
I/org.umd.logging( 3303): Method > 2026 com.flurry.sdk.lw.run(com.flurry.sdk.if$10@72442196)
I/org.umd.logging( 3303): Method < 2026 com.flurry.sdk.lw.run()
I/org.umd.logging( 3303): Method > 2026 com.flurry.sdk.lw.run(com.flurry.sdk.kq$3@217156082)
W/FlurryAgent( 3303): Flurry session started for context:com.rovio.fusion.App@187a01f8
W/FlurryAgent( 3303): Flurry session resumed for context:com.rovio.fusion.App@187a01f8
W/FlurryAgent( 3303): 'init' method is deprecated.
W/FlurryAgent( 3303): 'setLocationCriteria' method is deprecated.
I/org.umd.logging( 3303): Method < 2026 com.flurry.sdk.lw.run()
W/FlurryAgent( 3303): 'setCaptureUncaughtExceptions' method is deprecated.
I/org.umd.logging( 3303): Method > 2026 com.flurry.sdk.lw.run(com.flurry.sdk.if$3@607685301)
I/org.umd.logging( 3303): Method < 2026 com.flurry.sdk.lw.run()
I/org.umd.logging( 3303): Method > 2026 com.flurry.sdk.lw.run(com.flurry.sdk.kb$1@592733514)
I/org.umd.logging( 3303): Method < 2026 com.flurry.sdk.lw.run()
I/org.umd.logging( 3303): Method > 2026 com.flurry.sdk.lw.run(com.flurry.sdk.kb$1@587717819)
I/org.umd.logging( 3303): Method < 2026 com.flurry.sdk.lw.run()
I/org.umd.logging( 3303): Method > 2026 com.flurry.sdk.lw.run(com.flurry.sdk.kb$1@54273496)
W/FlurryAgent( 3303): Event count started: Customer String
W/FlurryAgent( 3303): 'onEvent' method is deprecated.
I/org.umd.logging( 3303): Method < 2026 com.flurry.sdk.lw.run()
I/org.umd.logging( 3303): Method > 2026 com.flurry.sdk.lw.run(com.flurry.sdk.kb$1@288628017)
I/org.umd.logging( 3303): Method < 2026 com.flurry.sdk.lw.run()
I/org.umd.logging( 3303): Method > 2026 com.flurry.sdk.lw.run(com.flurry.sdk.kb$1@956009494)
I/org.umd.logging( 3303): Method < 2026 com.flurry.sdk.lw.run()
I/org.umd.logging( 3303): Method > 2026 com.flurry.sdk.lw.run(com.flurry.sdk.kb$1@382568855)
I/org.umd.logging( 3303): Method < 2026 com.flurry.sdk.lw.run()
I/org.umd.logging( 3303): Method > 2026 com.flurry.sdk.lw.run(com.flurry.sdk.je$1$1@310139757)
I/org.umd.logging( 3303): Method < 2026 com.flurry.sdk.lw.run()
I/org.umd.logging( 3303): Method > 2026 com.flurry.sdk.lw.run(com.flurry.sdk.kb$1@752298035)
I/org.umd.logging( 3303): Method < 2026 com.flurry.sdk.lw.run()
I/org.umd.logging( 3303): Method > 2026 com.flurry.sdk.lw.run(com.flurry.sdk.kb$1@810407920)
I/org.umd.logging( 3303): Method < 2026 com.flurry.sdk.lw.run()
I/org.umd.logging( 3303): Method > 2026 com.flurry.sdk.lw.run(com.flurry.sdk.kb$1@1016086889)
I/org.umd.logging( 3303): Method < 2026 com.flurry.sdk.lw.run()
I/org.umd.logging( 3303): Method > 2026 com.flurry.sdk.lw.run(com.flurry.sdk.jq$3@684856463)
I/org.umd.logging( 3303): Method < 2026 com.flurry.sdk.lw.run()
I/org.umd.logging( 3303): Method > 2026 com.flurry.sdk.ja$7.run(com.flurry.sdk.ja$7@316836645)
I/org.umd.logging( 3303): Method < 2026 com.flurry.sdk.ja$7.run()
I/org.umd.logging( 3303): Method > 2026 com.flurry.sdk.lw.run(com.flurry.sdk.ja$11@837118635)
I/org.umd.logging( 3303): Method < 2026 com.flurry.sdk.lw.run()
I/org.umd.logging( 3303): Method > 2026 com.flurry.sdk.lw.run(com.flurry.sdk.ja$12@592819361)
I/org.umd.logging( 3303): Method < 2026 com.flurry.sdk.lw.run()
I/org.umd.logging( 3303): Method > 2026 com.flurry.sdk.lw.run(com.flurry.sdk.ja$13@814614151)
I/org.umd.logging( 3303): Method < 2026 com.flurry.sdk.lw.run()
I/org.umd.logging( 3303): Method > 2026 com.flurry.sdk.lw.run(com.flurry.sdk.ja$14@494402013)
I/org.umd.logging( 3303): Method < 2026 com.flurry.sdk.lw.run()
I/org.umd.logging( 3303): Method > 2026 com.flurry.sdk.lw.run(com.flurry.sdk.ja$15@775586851)
I/org.umd.logging( 3303): Method < 2026 com.flurry.sdk.lw.run()
I/org.umd.logging( 3303): Method > 2026 com.flurry.sdk.lw.run(com.flurry.sdk.ja$16@561993433)
I/org.umd.logging( 3303): Method < 2026 com.flurry.sdk.lw.run()
I/org.umd.logging( 3303): Method > 2026 com.flurry.sdk.lw.run(com.flurry.sdk.kb$1@344213662)
I/org.umd.logging( 3303): Method < 2026 com.flurry.sdk.lw.run()
I/org.umd.logging( 3303): Method > 2026 com.flurry.sdk.lw.run(com.flurry.sdk.kr$3@29944652)
W/GraphicsThread( 3334): type=1400 audit(0.0:25): avc: denied { read } for name="list_rates" dev="debugfs" ino=1382 scontext=u:r:untrusted_app:s0 tcontext=u:object_r:debugfs:s0 tclass=file
W/GraphicsThread( 3334): type=1400 audit(0.0:26): avc: denied { read } for name="list_rates" dev="debugfs" ino=1382 scontext=u:r:untrusted_app:s0 tcontext=u:object_r:debugfs:s0 tclass=file
W/GraphicsThread( 3334): type=1400 audit(0.0:27): avc: denied { read } for name="list_rates" dev="debugfs" ino=1382 scontext=u:r:untrusted_app:s0 tcontext=u:object_r:debugfs:s0 tclass=file
I/org.umd.logging( 3303): Method < 2026 com.flurry.sdk.lw.run()
I/org.umd.logging( 3303): Method > 2026 com.flurry.sdk.lw.run(com.flurry.sdk.kr$4@50694037)
I/org.umd.logging( 3303): Method < 2026 com.flurry.sdk.lw.run()
I/org.umd.logging( 3303): Method > 2026 com.flurry.sdk.lw.run(com.flurry.sdk.kq$4@533908854)
I/org.umd.logging( 3303): Method < 2026 com.flurry.sdk.lw.run()
I/org.umd.logging( 3303): Method > 2028 com.flurry.sdk.lw.run(com.flurry.sdk.ke$1$1@563566564)
I/org.umd.logging( 3303): Method < 2028 com.flurry.sdk.lw.run()
I/org.umd.logging( 3303): Method > 2028 com.flurry.sdk.lw.run(com.flurry.sdk.kl@452613275)
I/org.umd.logging( 3303): Api > 2028 java.net.URL.openConnection(java.net.URL@202787586<URL=https://data.flurry.com/aap.do>)
I/org.umd.logging( 3303): Api < 2028 java.net.URL.openConnection(com.android.okhttp.internal.http.HttpsURLConnectionImpl@904182803)
I/DownloadManagerWrapper(  949): onReceive() : Charging = true
I/DownloadManagerWrapper(  949): onReceive() : Charging = true
I/DownloadManagerWrapper(  949): onReceive() : Charging = true
W/art     ( 3303): Native thread exiting without having called DetachCurrentThread (maybe it's going to use a pthread_key_create destructor?): Thread[20,tid=3349,Native,Thread*=0xb92e2d30,peer=0x12e560a0,"Thread-2014"]
W/art     ( 3303): Native thread exiting without having called DetachCurrentThread (maybe it's going to use a pthread_key_create destructor?): Thread[18,tid=3350,Native,Thread*=0xb92e3a98,peer=0x12e5e0a0,"Thread-2015"]
W/FlurryAgent( 3303): Analytics report sent.
I/org.umd.logging( 3303): Method > 2026 com.flurry.sdk.lw.run(com.flurry.sdk.ix$2@855883644)
I/org.umd.logging( 3303): Method < 2026 com.flurry.sdk.lw.run()
I/org.umd.logging( 3303): Method > 2026 com.flurry.sdk.lw.run(com.flurry.sdk.kr$7@638466138)
I/org.umd.logging( 3303): Method < 2028 com.flurry.sdk.lw.run()
I/org.umd.logging( 3303): Method > 2028 com.flurry.sdk.lw.run(com.flurry.sdk.ke$1$2@445339496)
I/org.umd.logging( 3303): Method < 2028 com.flurry.sdk.lw.run()
I/org.umd.logging( 3303): Method < 2026 com.flurry.sdk.lw.run()
I/org.umd.logging( 3303): Method > 2026 com.flurry.sdk.lw.run(com.flurry.sdk.kr$4@73799553)
I/org.umd.logging( 3303): Method < 2026 com.flurry.sdk.lw.run()
W/FlurryAgent( 3303): Event count started: Loading time - boot to splash
W/FlurryAgent( 3303): 'onEvent' method is deprecated.
I/org.umd.logging( 3303): Method > 2026 com.flurry.sdk.ja$7.run(com.flurry.sdk.ja$7@694648870)
I/org.umd.logging( 3303): Method < 2026 com.flurry.sdk.ja$7.run()
D/RemoteNotificationsClientWrapper( 3303): setEnabled()true
I/org.umd.logging( 3303): Method > 2008 com.rovio.fusion.RemoteNotificationsClientWrapper.start()
D/RemoteNotificationsClientWrapper( 3303): start()
D/RemoteNotificationsClientWrapper( 3303): register()
D/GCMRegistrar( 3303): resetting backoff for com.rovio.angrybirds
V/GCMRegistrar( 3303): Registering app com.rovio.angrybirds of senders 324550175651
D/RemoteNotificationsClientWrapper( 3303): checkStoredRemoteNotificationPayload()
I/org.umd.logging( 3303): Method < 2008 com.rovio.fusion.RemoteNotificationsClientWrapper.start()
W/GCM     ( 1301): Register request missing messenger
W/Conscrypt( 1301): Could not set socket write timeout: null
W/Conscrypt( 1301): Could not set socket write timeout: null
E/LocalNotifications( 3303): removeNotification() java exception: Expected type: Object, got: Null
E/LocalNotifications( 3303): removeNotification() java exception: Expected type: Object, got: Null
I/FusionGCMBroadcastReceiver( 3303): FusionGCMBroadcastReceiver()
V/GCMBroadcastReceiver( 3303): onReceive: com.google.android.c2dm.intent.REGISTRATION
V/GCMRegistrar( 3303): Setting the name of retry receiver class to com.rovio.fusion.FusionGCMBroadcastReceiver
I/FusionGCMBroadcastReceiver( 3303): getGCMIntentServiceClassName()
V/GCMBroadcastReceiver( 3303): GCM IntentService class: com.rovio.fusion.GCMIntentService
V/GCMBaseIntentService( 3303): Acquiring wakelock
E/LocalNotifications( 3303): removeNotification() java exception: Expected type: Object, got: Null
V/GCMBaseIntentService( 3303): Intent service name: GCMIntentService-324550175651-1
I/GCMIntentService( 3303): GCMIntentService
I/FusionGCMBroadcastReceiver( 3303): FusionGCMBroadcastReceiver()
V/GCMRegistrar( 3303): Registering receiver
D/GCMBaseIntentService( 3303): handleRegistration: registrationId = APA91bFIn3dnqYjsUtAvHVIjXZJIRn7YH9McNSfwBoRK_Wa0Zu5R6VV4FVaD1-wNtgxi5F5ZaGlBwTyx3g07VtTnUn7-2nRoTth5jpdNiCgEyMI5j2gRSSo_1aPELez13tw8EROJfIao, error = null, unregistered = null
D/GCMRegistrar( 3303): resetting backoff for com.rovio.angrybirds
V/GCMRegistrar( 3303): Saving regId on app version 22470003
E/LocalNotifications( 3303): removeNotification() java exception: Expected type: Object, got: Null
W/io      ( 3303): Failed to open /data/data/com.rovio.angrybirds/files/assets_service/remote_configuration_server.zip with errno 00000002 (No such file or directory)
I/org.umd.logging( 3303): Method > 1 com.rovio.rcs.apptrack.AppTrackSdk$1.run(com.rovio.rcs.apptrack.AppTrackSdk$1@62617778)
I/GCMIntentService( 3303): Received registration ID: APA91bFIn3dnqYjsUtAvHVIjXZJIRn7YH9McNSfwBoRK_Wa0Zu5R6VV4FVaD1-wNtgxi5F5ZaGlBwTyx3g07VtTnUn7-2nRoTth5jpdNiCgEyMI5j2gRSSo_1aPELez13tw8EROJfIao
I/org.umd.logging( 3303): Method > 2030 com.rovio.fusion.Globals.runOnGLThread(com.rovio.fusion.RemoteNotificationsClientWrapper$1@654289792)
I/org.umd.logging( 3303): Method < 2030 com.rovio.fusion.Globals.runOnGLThread()
V/GCMBaseIntentService( 3303): Releasing wakelock
I/org.umd.logging( 3303): Api > 1 java.lang.Thread.start(com.comscore.utils.task.TaskThread@652504574<thread=2031>)
I/org.umd.logging( 3303): Api < 1 java.lang.Thread.start()
I/org.umd.logging( 3303): Method > 1 com.comscore.utils.task.TaskExecutor.execute(com.comscore.utils.task.TaskExecutor@141819820, com.comscore.analytics.ag@907373578, true)
I/org.umd.logging( 3303): Method > 1 com.comscore.utils.task.TaskExecutor.execute(com.comscore.utils.task.TaskExecutor@141819820, com.comscore.analytics.ag@907373578, 0, null)
I/org.umd.logging( 3303): Method > 1 com.comscore.utils.task.TaskExecutor.execute(com.comscore.utils.task.TaskExecutor@141819820, com.comscore.analytics.ag@907373578, 0, false, 0, null, null)
I/org.umd.logging( 3303): Method < 1 com.comscore.utils.task.TaskExecutor.execute(true)
I/org.umd.logging( 3303): Method < 1 com.comscore.utils.task.TaskExecutor.execute(true)
I/org.umd.logging( 3303): Method < 1 com.comscore.utils.task.TaskExecutor.execute(true)
I/org.umd.logging( 3303): Method > 1 com.comscore.utils.task.TaskExecutor.execute(com.comscore.utils.task.TaskExecutor@141819820, com.comscore.analytics.e@402090648, true)
I/org.umd.logging( 3303): Method > 1 com.comscore.utils.task.TaskExecutor.execute(com.comscore.utils.task.TaskExecutor@141819820, com.comscore.analytics.e@402090648, 0, null)
I/org.umd.logging( 3303): Method > 2008 com.rovio.fusion.RemoteNotificationsClientWrapper$1.run(com.rovio.fusion.RemoteNotificationsClientWrapper$1@654289792)
W/art     ( 3303): Attempt to remove local handle scope entry from IRT, ignoring
I/org.umd.logging( 3303): Method > 1 com.comscore.utils.task.TaskExecutor.execute(com.comscore.utils.task.TaskExecutor@141819820, com.comscore.analytics.e@402090648, 0, false, 0, null, null)
I/org.umd.logging( 3303): Method < 2008 com.rovio.fusion.RemoteNotificationsClientWrapper$1.run()
I/org.umd.logging( 3303): Method < 1 com.comscore.utils.task.TaskExecutor.execute(true)
I/org.umd.logging( 3303): Method < 1 com.comscore.utils.task.TaskExecutor.execute(true)
I/org.umd.logging( 3303): Method < 1 com.comscore.utils.task.TaskExecutor.execute(true)
I/org.umd.logging( 3303): Method > 1 com.comscore.utils.task.TaskExecutor.execute(com.comscore.utils.task.TaskExecutor@141819820, com.comscore.analytics.h@581320406, true)
I/org.umd.logging( 3303): Method > 1 com.comscore.utils.task.TaskExecutor.execute(com.comscore.utils.task.TaskExecutor@141819820, com.comscore.analytics.h@581320406, 0, null)
I/org.umd.logging( 3303): Method > 1 com.comscore.utils.task.TaskExecutor.execute(com.comscore.utils.task.TaskExecutor@141819820, com.comscore.analytics.h@581320406, 0, false, 0, null, null)
I/org.umd.logging( 3303): Method < 1 com.comscore.utils.task.TaskExecutor.execute(true)
I/org.umd.logging( 3303): Method < 1 com.comscore.utils.task.TaskExecutor.execute(true)
I/org.umd.logging( 3303): Method < 1 com.comscore.utils.task.TaskExecutor.execute(true)
I/org.umd.logging( 3303): Method > 2031 com.comscore.utils.task.TaskThread.run(com.comscore.utils.task.TaskThread@652504574<thread=2031>)
I/org.umd.logging( 3303): Method > 2031 com.comscore.utils.task.a.run(com.comscore.utils.task.a@161444450)
I/org.umd.logging( 3303): Method > 2031 com.comscore.analytics.ag.run(com.comscore.analytics.ag@907373578)
I/org.umd.logging( 3303): Method > 1 com.comscore.utils.task.TaskExecutor.execute(com.comscore.utils.task.TaskExecutor@141819820, com.comscore.analytics.d@994351172, true)
I/org.umd.logging( 3303): Method > 1 com.comscore.utils.task.TaskExecutor.execute(com.comscore.utils.task.TaskExecutor@141819820, com.comscore.analytics.d@994351172, 0, null)
I/org.umd.logging( 3303): Method > 1 com.comscore.utils.task.TaskExecutor.execute(com.comscore.utils.task.TaskExecutor@141819820, com.comscore.analytics.d@994351172, 0, false, 0, null, null)
I/org.umd.logging( 3303): Method < 1 com.comscore.utils.task.TaskExecutor.execute(true)
I/org.umd.logging( 3303): Method < 1 com.comscore.utils.task.TaskExecutor.execute(true)
I/org.umd.logging( 3303): Method < 1 com.comscore.utils.task.TaskExecutor.execute(true)
I/org.umd.logging( 3303): Method > 1 com.comscore.utils.task.TaskExecutor.execute(com.comscore.utils.task.TaskExecutor@141819820, com.comscore.analytics.m@387249328, true)
I/org.umd.logging( 3303): Method > 1 com.comscore.utils.task.TaskExecutor.execute(com.comscore.utils.task.TaskExecutor@141819820, com.comscore.analytics.m@387249328, 0, null)
I/org.umd.logging( 3303): Method > 1 com.comscore.utils.task.TaskExecutor.execute(com.comscore.utils.task.TaskExecutor@141819820, com.comscore.analytics.m@387249328, 0, false, 0, null, null)
I/org.umd.logging( 3303): Method < 1 com.comscore.utils.task.TaskExecutor.execute(true)
I/org.umd.logging( 3303): Method < 1 com.comscore.utils.task.TaskExecutor.execute(true)
I/org.umd.logging( 3303): Method < 1 com.comscore.utils.task.TaskExecutor.execute(true)
I/org.umd.logging( 3303): Method > 1 com.comscore.utils.task.TaskExecutor.execute(com.comscore.utils.task.TaskExecutor@141819820, com.comscore.analytics.ac@503730862, true)
I/org.umd.logging( 3303): Method > 1 com.comscore.utils.task.TaskExecutor.execute(com.comscore.utils.task.TaskExecutor@141819820, com.comscore.analytics.ac@503730862, 0, null)
I/org.umd.logging( 3303): Api > 2031 java.lang.Thread.start(java.lang.Thread@541895644<thread=2033>)
I/org.umd.logging( 3303): Method > 1 com.comscore.utils.task.TaskExecutor.execute(com.comscore.utils.task.TaskExecutor@141819820, com.comscore.analytics.ac@503730862, 0, false, 0, null, null)
I/org.umd.logging( 3303): Api < 2031 java.lang.Thread.start()
I/org.umd.logging( 3303): Method < 1 com.comscore.utils.task.TaskExecutor.execute(true)
I/org.umd.logging( 3303): Method < 1 com.comscore.utils.task.TaskExecutor.execute(true)
I/org.umd.logging( 3303): Method < 1 com.comscore.utils.task.TaskExecutor.execute(true)
I/org.umd.logging( 3303): Method < 1 com.rovio.rcs.apptrack.AppTrackSdk$1.run()
I/org.umd.logging( 3303): Method < 2031 com.comscore.analytics.ag.run()
I/org.umd.logging( 3303): Method < 2031 com.comscore.utils.task.a.run()
I/org.umd.logging( 3303): Method > 2031 com.comscore.utils.task.TaskThread.run(com.comscore.utils.task.TaskThread@652504574<thread=2031>)
I/org.umd.logging( 3303): Method > 2031 com.comscore.utils.task.a.run(com.comscore.utils.task.a@623535333)
I/org.umd.logging( 3303): Method > 2031 com.comscore.analytics.e.run(com.comscore.analytics.e@402090648)
I/org.umd.logging( 3303): Method < 2031 com.comscore.analytics.e.run()
I/org.umd.logging( 3303): Method < 2031 com.comscore.utils.task.a.run()
I/org.umd.logging( 3303): Method > 2031 com.comscore.utils.task.TaskThread.run(com.comscore.utils.task.TaskThread@652504574<thread=2031>)
I/org.umd.logging( 3303): Method > 2031 com.comscore.utils.task.a.run(com.comscore.utils.task.a@903559787)
I/org.umd.logging( 3303): Method > 2031 com.comscore.analytics.h.run(com.comscore.analytics.h@581320406)
I/org.umd.logging( 3303): Method < 2031 com.comscore.analytics.h.run()
I/org.umd.logging( 3303): Method < 2031 com.comscore.utils.task.a.run()
I/org.umd.logging( 3303): Method > 2031 com.comscore.utils.task.TaskThread.run(com.comscore.utils.task.TaskThread@652504574<thread=2031>)
I/org.umd.logging( 3303): Method > 2031 com.comscore.utils.task.a.run(com.comscore.utils.task.a@333883848)
I/org.umd.logging( 3303): Method > 2031 com.comscore.analytics.d.run(com.comscore.analytics.d@994351172)
I/org.umd.logging( 3303): Method > 2033 com.comscore.utils.d.run(com.comscore.utils.d@2754950)
I/org.umd.logging( 3303): Method < 2031 com.comscore.analytics.d.run()
I/org.umd.logging( 3303): Method < 2031 com.comscore.utils.task.a.run()
I/org.umd.logging( 3303): Method > 2031 com.comscore.utils.task.TaskThread.run(com.comscore.utils.task.TaskThread@652504574<thread=2031>)
I/org.umd.logging( 3303): Method > 2031 com.comscore.utils.task.a.run(com.comscore.utils.task.a@74519111)
I/org.umd.logging( 3303): Method > 2031 com.comscore.analytics.m.run(com.comscore.analytics.m@387249328)
I/org.umd.logging( 3303): Method < 2031 com.comscore.analytics.m.run()
I/org.umd.logging( 3303): Method < 2031 com.comscore.utils.task.a.run()
I/org.umd.logging( 3303): Method > 2031 com.comscore.utils.task.TaskThread.run(com.comscore.utils.task.TaskThread@652504574<thread=2031>)
I/org.umd.logging( 3303): Method > 2031 com.comscore.utils.task.a.run(com.comscore.utils.task.a@27302516)
I/org.umd.logging( 3303): Method > 2031 com.comscore.analytics.ac.run(com.comscore.analytics.ac@503730862)
I/org.umd.logging( 3303): Method > 2031 com.comscore.analytics.af.run(com.comscore.analytics.af@17643538)
I/org.umd.logging( 3303): Method > 2031 com.comscore.applications.KeepAlive.start(com.comscore.applications.KeepAlive@359066080, 3000)
D/KeepAlive( 3303): cancel()
D/KeepAlive( 3303): start(3000)
I/org.umd.logging( 3303): Method > 2031 com.comscore.utils.task.TaskExecutor.execute(com.comscore.utils.task.TaskExecutor@141819820, com.comscore.applications.KeepAlive@359066080, 3000, true, 86400000, null, null)
I/org.umd.logging( 3303): Method < 2031 com.comscore.utils.task.TaskExecutor.execute(true)
I/org.umd.logging( 3303): Method < 2031 com.comscore.applications.KeepAlive.start()
I/org.umd.logging( 3303): Api > 1 android.net.ConnectivityManager.getNetworkInfo(android.net.ConnectivityManager@710696251, 1)
I/org.umd.logging( 3303): Api < 1 android.net.ConnectivityManager.getNetworkInfo(android.net.NetworkInfo@58901342)
I/org.umd.logging( 3303): Api > 1 android.net.ConnectivityManager.getNetworkInfo(android.net.ConnectivityManager@710696251, 1)
I/org.umd.logging( 3303): Api < 1 android.net.ConnectivityManager.getNetworkInfo(android.net.NetworkInfo@250086207)
I/org.umd.logging( 3303): Api > 1 android.net.wifi.WifiManager.getConnectionInfo(android.net.wifi.WifiManager@248992085)
I/org.umd.logging( 3303): Api < 1 android.net.wifi.WifiManager.getConnectionInfo(android.net.wifi.WifiInfo@997987576)
I/org.umd.logging( 3303): Method > 1 com.comscore.utils.task.TaskExecutor.execute(com.comscore.utils.task.TaskExecutor@141819820, com.comscore.utils.a@323870774, 30000, null)
I/org.umd.logging( 3303): Method > 1 com.comscore.utils.task.TaskExecutor.execute(com.comscore.utils.task.TaskExecutor@141819820, com.comscore.utils.a@323870774, 30000, false, 0, null, null)
I/org.umd.logging( 3303): Method < 1 com.comscore.utils.task.TaskExecutor.execute(true)
I/org.umd.logging( 3303): Method < 1 com.comscore.utils.task.TaskExecutor.execute(true)
I/org.umd.logging( 3303): Method > 2031 com.comscore.utils.task.TaskExecutor.execute(com.comscore.utils.task.TaskExecutor@141819820, com.comscore.measurement.a@635013284, false)
I/org.umd.logging( 3303): Method > 2031 com.comscore.measurement.a.run(com.comscore.measurement.a@635013284)
I/org.umd.logging( 3303): Api > 2031 android.net.ConnectivityManager.getNetworkInfo(android.net.ConnectivityManager@710696251, 1)
I/org.umd.logging( 3303): Api < 2031 android.net.ConnectivityManager.getNetworkInfo(android.net.NetworkInfo@941184525)
I/org.umd.logging( 3303): Api > 2031 android.net.ConnectivityManager.getNetworkInfo(android.net.ConnectivityManager@710696251, 1)
I/org.umd.logging( 3303): Api < 2031 android.net.ConnectivityManager.getNetworkInfo(android.net.NetworkInfo@907004354)
I/org.umd.logging( 3303): Api > 2031 android.net.ConnectivityManager.getNetworkInfo(android.net.ConnectivityManager@710696251, 1)
I/org.umd.logging( 3303): Api < 2031 android.net.ConnectivityManager.getNetworkInfo(android.net.NetworkInfo@574501843)
I/org.umd.logging( 3303): Api > 2031 java.net.URL.openConnection(java.net.URL@813206288<URL=http://b.scorecardresearch.com/p2?c1=19&c2=19014625&ns_ap_an=com.rovio.angrybirds&ns_ap_pn=android&ns_ap_pv=5.1.1&c12=6af32452e0c5a90b3ae74a3a2cd2e005-cs31&ns_ak=EzSQQcURJg%2BmW9DdQShbaFVlxICyR%2BpGuCABTjoqwLjHVWtwMwYHZJIop14EpunIT%2B0d05aDnSApAIpWuPx1fsqfA2%2BaGLsr8aNa9bz7S%2BoYDqfFmiRZadc0rJHavkrSUXtihV8Y7RPj%2BDe2aiIOaQluEVZMdLFWZdmnAEzqzp0%3D&name=start&ns_ap_ec=1&ns_ap_ev=start&ns_ap_device=mako&ns_ap_id=1481666196730&ns_ap_csf=1&ns_ap_bi=com.rovio.angrybirds&ns_ap_pfm=android&ns_ap_pfv=5.1.1&ns_ap_ver=7.0.0&ns_ap_sv=3.1508.28&ns_type=view&ns_radio=wifi&ns_nc=1&ns_ap_gs=1481666196671&ns_ap_jb=0&ns_ap_res=1196x768&ns_ap_install=1481666196671&ns_ap_lastrun=0&ns_ap_cs=1&ns_ap_runs=1&ns_ap_usage=59&ns_ap_fg=1&ns_ap_ft=19&ns_ap_dft=19&ns_ap_bt=0&ns_ap_dbt=0&ns_ap_dit=39&ns_ap_as=1&ns_ap_das=59&ns_ap_it=39&ns_ap_lang=en&ns_ap_ar=armv7l&ns_ts=1481666196730>)
I/org.umd.logging( 3303): Api < 2031 java.net.URL.openConnection(com.android.okhttp.internal.http.HttpURLConnectionImpl@420790286)
D/KeepAlive( 3303): cancel()
D/KeepAlive( 3303): reset:86400000
I/org.umd.logging( 3303): Method > 2031 com.comscore.applications.KeepAlive.start(com.comscore.applications.KeepAlive@359066080, 0)
D/KeepAlive( 3303): cancel()
D/KeepAlive( 3303): start(0)
I/org.umd.logging( 3303): Method > 2031 com.comscore.utils.task.TaskExecutor.execute(com.comscore.utils.task.TaskExecutor@141819820, com.comscore.applications.KeepAlive@359066080, 86399999, true, 86400000, null, null)
I/org.umd.logging( 3303): Method < 2031 com.comscore.utils.task.TaskExecutor.execute(true)
I/org.umd.logging( 3303): Method < 2031 com.comscore.applications.KeepAlive.start()
I/org.umd.logging( 3303): Method < 2031 com.comscore.measurement.a.run()
I/org.umd.logging( 3303): Method < 2031 com.comscore.utils.task.TaskExecutor.execute(true)
I/org.umd.logging( 3303): Method < 2031 com.comscore.analytics.af.run()
I/org.umd.logging( 3303): Method < 2031 com.comscore.analytics.ac.run()
I/org.umd.logging( 3303): Method < 2031 com.comscore.utils.task.a.run()
I/org.umd.logging( 3303): Method > 2031 com.comscore.utils.task.TaskThread.run(com.comscore.utils.task.TaskThread@652504574<thread=2031>)
I/org.umd.logging( 3303): Method < 2033 com.comscore.utils.d.run()
I/art     (  594): Explicit concurrent mark sweep GC freed 28790(1400KB) AllocSpace objects, 3(721KB) LOS objects, 33% free, 26MB/39MB, paused 2.014ms total 123.424ms
D/audio_hw_primary(  190): disable_audio_route: reset and update mixer path: low-latency-playback
D/audio_hw_primary(  190): disable_snd_device: snd_device(2: speaker)
W/EventProcessor( 3303): doListen: unnamed event, id = 96
W/EventProcessor( 3303): doListen: unnamed event, id = 80
W/EventProcessor( 3303): doListen: unnamed event, id = 81
W/EventProcessor( 3303): doListen: unnamed event, id = 97
W/EventProcessor( 3303): doListen: unnamed event, id = 98
W/EventProcessor( 3303): doListen: unnamed event, id = 99
W/EventProcessor( 3303): doListen: unnamed event, id = 100
W/EventProcessor( 3303): doListen: unnamed event, id = 101
W/EventProcessor( 3303): doListen: unnamed event, id = 102
W/EventProcessor( 3303): doListen: unnamed event, id = 103
W/EventProcessor( 3303): doListen: unnamed event, id = 104
W/EventProcessor( 3303): doListen: unnamed event, id = 105
W/EventProcessor( 3303): doListen: unnamed event, id = 106
W/EventProcessor( 3303): doListen: unnamed event, id = 107
W/EventProcessor( 3303): doListen: unnamed event, id = 108
W/EventProcessor( 3303): doListen: unnamed event, id = 109
W/EventProcessor( 3303): doListen: unnamed event, id = 110
W/EventProcessor( 3303): doListen: unnamed event, id = 111
W/EventProcessor( 3303): doListen: unnamed event, id = 112
W/EventProcessor( 3303): doListen: unnamed event, id = 113
W/EventProcessor( 3303): doListen: unnamed event, id = 114
W/EventProcessor( 3303): doListen: unnamed event, id = 115
W/EventProcessor( 3303): doListen: unnamed event, id = 116
W/EventProcessor( 3303): doListen: unnamed event, id = 117
W/EventProcessor( 3303): doListen: unnamed event, id = 118
W/EventProcessor( 3303): doListen: unnamed event, id = 119
W/EventProcessor( 3303): doListen: unnamed event, id = 120
W/EventProcessor( 3303): doListen: unnamed event, id = 121
W/EventProcessor( 3303): doListen: unnamed event, id = 122
W/EventProcessor( 3303): doListen: unnamed event, id = 123
W/EventProcessor( 3303): doListen: unnamed event, id = 124
W/EventProcessor( 3303): doListen: unnamed event, id = 125
W/EventProcessor( 3303): doListen: unnamed event, id = 126
W/EventProcessor( 3303): doListen: unnamed event, id = 127
W/EventProcessor( 3303): doListen: unnamed event, id = 128
W/EventProcessor( 3303): doListen: unnamed event, id = 129
W/EventProcessor( 3303): doListen: unnamed event, id = 130
W/EventProcessor( 3303): doListen: unnamed event, id = 131
W/EventProcessor( 3303): doListen: unnamed event, id = 132
W/EventProcessor( 3303): doListen: unnamed event, id = 133
W/EventProcessor( 3303): doListen: unnamed event, id = 134
W/EventProcessor( 3303): doListen: unnamed event, id = 135
W/EventProcessor( 3303): doListen: unnamed event, id = 136
W/EventProcessor( 3303): doListen: unnamed event, id = 137
W/EventProcessor( 3303): doListen: unnamed event, id = 138
W/EventProcessor( 3303): doListen: unnamed event, id = 139
W/EventProcessor( 3303): doListen: unnamed event, id = 140
W/EventProcessor( 3303): doListen: unnamed event, id = 141
W/EventProcessor( 3303): doListen: unnamed event, id = 142
W/EventProcessor( 3303): doListen: unnamed event, id = 143
W/EventProcessor( 3303): doListen: unnamed event, id = 144
W/EventProcessor( 3303): doListen: unnamed event, id = 145
W/EventProcessor( 3303): doListen: unnamed event, id = 146
W/EventProcessor( 3303): doListen: unnamed event, id = 147
W/EventProcessor( 3303): doListen: unnamed event, id = 148
W/EventProcessor( 3303): doListen: unnamed event, id = 149
W/EventProcessor( 3303): doListen: unnamed event, id = 150
W/EventProcessor( 3303): doListen: unnamed event, id = 151
W/EventProcessor( 3303): doListen: unnamed event, id = 152
E/        ( 3303): AssetDownloader::requestAssetPack packFileName == ugc.zip
E/        ( 3303): AssetDownloader::hasDownloadHandler()
E/        ( 3303): AssetDownloader::hasDownloadHandler() returning false
E/        ( 3303): AssetDownloader::requestAssetPack packFileName == league_config.zip
E/        ( 3303): AssetDownloader::hasDownloadHandler()
E/        ( 3303): AssetDownloader::hasDownloadHandler() m_downloadHandlers.find(fileName) != m_downloadHandlers.end()
I/WebViewFactory( 3303): Loading com.google.android.webview version 54.0.2840.85 (code 284008500)
E/        ( 3303): AssetDownloader::requestAssetPack packFileName == force_update.zip
E/        ( 3303): AssetDownloader::hasDownloadHandler()
E/        ( 3303): AssetDownloader::hasDownloadHandler() m_downloadHandlers.find(fileName) != m_downloadHandlers.end()
I/art     ( 3303): Rejecting re-init on previously-failed class java.lang.Class<com.android.webview.chromium.TokenBindingManagerAdapter>
I/art     ( 3303): Rejecting re-init on previously-failed class java.lang.Class<com.android.webview.chromium.TokenBindingManagerAdapter>
