I/org.umd.logging( 7697): Method < 2067 com.prime31.AdMobPluginBase.runSafelyOnUiThread()
I/ActivityManager(  594): START u0 {cmp=com.tractiongames.stickbmxfree/com.google.android.gms.ads.AdActivity (has extras)} from uid 10232 on display 0
V/WindowManager(  594): addAppToken: AppWindowToken{2422fec6 token=Token{f3beca1 ActivityRecord{2faccd08 u0 com.tractiongames.stickbmxfree/com.google.android.gms.ads.AdActivity t31}}} to stack=1 task=31 at 1
I/org.umd.logging( 7697): Method < 1 com.prime31.AdMobPlugin$7.run()
I/org.umd.logging( 7697): Method < 1 com.prime31.AdMobPluginBase$1.run()
I/org.umd.logging( 7697): Method > 1 com.prime31.AdMobPluginBase$1.run(com.prime31.AdMobPluginBase$1@993808699)
I/org.umd.logging( 7697): Method > 1 com.prime31.AdMobPlugin$5.run(com.prime31.AdMobPlugin$5@289605952)
D/DynamitePackage( 7697): Instantiating com.google.android.gms.ads.ChimeraAdManagerCreatorImpl
I/Ads     ( 7697): Starting ad request.
I/Ads     ( 7697): Use AdRequest.Builder.addTestDevice("1F480C9603A7924489313051413E5A68") to get test ads on this device.
I/Ads     ( 7697): Please set theme of AdActivity to @android:style/Theme.Translucent to enable transparent background interstitial ad.
I/org.umd.logging( 7697): Method < 1 com.prime31.AdMobPlugin$5.run()
I/org.umd.logging( 7697): Method < 1 com.prime31.AdMobPluginBase$1.run()
I/org.umd.logging( 7697): Method > 1 com.prime31.UnityPlayerNativeActivity.onPause(com.prime31.UnityPlayerNativeActivity@410649080<activity=true>)
I/org.umd.logging( 7697): Method > 1 com.unity3d.player.UnityPlayerNativeActivity.onPause(com.prime31.UnityPlayerNativeActivity@410649080<activity=true>)
W/ActivityManager(  594): getRunningAppProcesses: caller 10232 does not hold REAL_GET_TASKS; limiting output
W/Ads     ( 1667): App does not have the required permissions to get location
E/Cataloger( 6490): syncFile:/storage/emulated/0/2016-12-13_05:11:36.564.jpg
I/Ads     ( 1667): Received log message: <Google:HTML> You are using version 5.1 of the Google Play services Ads SDK. Please consider updating your SDK to the most recent SDK version to get the latest features and bug fixes. See http://goo.gl/r2TRzC for instructions on how to get the latest version of Google Play services.
W/ResourceType( 7697): No known package when getting name for resource number 0xffffffff
I/org.umd.logging( 7697): Method > 2067 com.unity3d.player.UnityPlayer.executeGLThreadJobs(com.unity3d.player.UnityPlayer@177402906<file=2016-12-13_05:11:36.564><x=0><y=0><width=1196><height=768><id=-1>)
I/org.umd.logging( 7697): Method < 2067 com.unity3d.player.UnityPlayer.executeGLThreadJobs()
E/Cataloger( 6490): syncFile:/storage/emulated/0/2016-12-13_05:11:36.564.jpg
E/Cataloger( 6490): syncFile:/storage/emulated/0/2016-12-13_05:11:36.781.jpg
W/ResourceType( 7697): No known package when getting name for resource number 0xffffffff
I/org.umd.logging( 7697): Method > 2067 com.unity3d.player.UnityPlayer.executeGLThreadJobs(com.unity3d.player.UnityPlayer@177402906<file=2016-12-13_05:11:36.781><x=0><y=0><width=1196><height=768><id=-1>)
I/org.umd.logging( 7697): Method < 2067 com.unity3d.player.UnityPlayer.executeGLThreadJobs()
E/Cataloger( 6490): syncFile:/storage/emulated/0/2016-12-13_05:11:36.781.jpg
W/ActivityManager(  594): Activity pause timeout for ActivityRecord{240e949 u0 com.tractiongames.stickbmxfree/com.prime31.UnityPlayerNativeActivity t31}
E/Cataloger( 6490): syncFile:/storage/emulated/0/2016-12-13_05:11:37.015.jpg
I/ActivityManager(  594): Config changes=480 {1.0 310mcc?mnc en_US ?layoutDir sw384dp w384dp h567dp 320dpi nrml port finger -keyb/v/h -nav/h s.19}
V/ActivityManager(  594): Display changed displayId=0
I/InputReader(  594): Reconfiguring input devices.  changes=0x00000004
I/InputReader(  594): Device reconfigured: id=6, name='touch_dev', size 768x1280, orientation 0, mode 1, display id 0
W/ResourceType( 7697): No known package when getting name for resource number 0xffffffff
I/org.umd.logging( 7697): Method > 2067 com.unity3d.player.UnityPlayer.executeGLThreadJobs(com.unity3d.player.UnityPlayer@177402906<file=2016-12-13_05:11:37.015><x=0><y=0><width=1196><height=768><id=-1>)
I/org.umd.logging( 7697): Method < 2067 com.unity3d.player.UnityPlayer.executeGLThreadJobs()
E/Cataloger( 6490): syncFile:/storage/emulated/0/2016-12-13_05:11:37.015.jpg
I/art     ( 8179): System.exit called, status: 0
I/AndroidRuntime( 8179): VM exiting with result code 0.
I/WindowManager(  594): Screen frozen for +211ms due to Window{1dccbe99 u0 NavigationBar}
E/Cataloger( 6490): syncFile:/storage/emulated/0/2016-12-13_05:11:37.288.jpg
W/ResourceType( 7697): No known package when getting name for resource number 0xffffffff
I/org.umd.logging( 7697): Method > 2067 com.unity3d.player.UnityPlayer.executeGLThreadJobs(com.unity3d.player.UnityPlayer@177402906<file=2016-12-13_05:11:37.288><x=0><y=0><width=1196><height=768><id=-1>)
I/org.umd.logging( 7697): Method < 2067 com.unity3d.player.UnityPlayer.executeGLThreadJobs()
E/Cataloger( 6490): syncFile:/storage/emulated/0/2016-12-13_05:11:37.288.jpg
I/org.umd.logging( 7697): Method > 1 com.unity3d.player.UnityPlayer$4.run(com.unity3d.player.UnityPlayer$4@585166728)
I/org.umd.logging( 7697): Method < 1 com.unity3d.player.UnityPlayer$4.run()
E/Cataloger( 6490): syncFile:/storage/emulated/0/2016-12-13_05:11:37.471.jpg
W/ResourceType( 7697): No known package when getting name for resource number 0xffffffff
I/org.umd.logging( 7697): Method > 2067 com.unity3d.player.UnityPlayer.executeGLThreadJobs(com.unity3d.player.UnityPlayer@177402906<file=2016-12-13_05:11:37.471><x=0><y=0><width=1196><height=768><id=-1>)
I/org.umd.logging( 7697): Method > 2067 com.unity3d.player.UnityPlayer$b.run(com.unity3d.player.UnityPlayer$6@770809121)
I/org.umd.logging( 7697): Method < 2067 com.unity3d.player.UnityPlayer$b.run()
E/Cataloger( 6490): syncFile:/storage/emulated/0/2016-12-13_05:11:37.471.jpg
E/Cataloger( 6490): syncFile:/storage/emulated/0/2016-12-13_05:11:37.637.jpg
W/ResourceType( 7697): No known package when getting name for resource number 0xffffffff
I/org.umd.logging( 7697): Method > 2067 com.unity3d.player.UnityPlayer.executeGLThreadJobs(com.unity3d.player.UnityPlayer@177402906<file=2016-12-13_05:11:37.637><x=0><y=0><width=1196><height=768><id=-1>)
I/org.umd.logging( 7697): Method > 2067 com.unity3d.player.UnityPlayer$14.run(com.unity3d.player.UnityPlayer$14@373695814)
E/Cataloger( 6490): syncFile:/storage/emulated/0/2016-12-13_05:11:37.637.jpg
I/org.umd.logging( 7697): Method < 2067 com.unity3d.player.UnityPlayer$14.run()
I/org.umd.logging( 7697): Method < 2261 org.fmod.FMODAudioDevice.run()
I/org.umd.logging( 7697): Api > 1 java.lang.Thread.start(org.fmod.FMODAudioDevice$a@895312647<thread=2272>)
I/org.umd.logging( 7697): Api < 1 java.lang.Thread.start()
I/org.umd.logging( 7697): Method < 1 com.unity3d.player.UnityPlayerNativeActivity.onPause()
I/org.umd.logging( 7697): Method > 1 com.upsight.unity.UpsightPlugin.onPause()
I/org.umd.logging( 7697): Method < 1 com.upsight.unity.UpsightPlugin.onPause()
I/org.umd.logging( 7697): Method > 1 com.prime31.ChartboostPlugin.onPause()
I/org.umd.logging( 7697): Method > 1 com.prime31.ChartboostPluginBase.runSafelyOnUiThread(com.prime31.ChartboostPlugin@1064172689, com.prime31.ChartboostPlugin$4@190413876)
I/org.umd.logging( 7697): Method > 1 com.prime31.ChartboostPluginBase.runSafelyOnUiThread(com.prime31.ChartboostPlugin@1064172689, com.prime31.ChartboostPlugin$4@190413876, null)
I/org.umd.logging( 7697): Method > 1 com.prime31.ChartboostPluginBase$1.run(com.prime31.ChartboostPluginBase$1@489286237)
I/org.umd.logging( 7697): Method > 1 com.prime31.ChartboostPlugin$4.run(com.prime31.ChartboostPlugin$4@190413876)
I/org.umd.logging( 7697): Method > 1 com.chartboost.sdk.Chartboost.onPause(com.prime31.UnityPlayerNativeActivity@410649080<activity=true>)
I/org.umd.logging( 7697): Method < 1 com.chartboost.sdk.Chartboost.onPause()
I/org.umd.logging( 7697): Method < 1 com.prime31.ChartboostPlugin$4.run()
I/org.umd.logging( 7697): Method < 1 com.prime31.ChartboostPluginBase$1.run()
I/org.umd.logging( 7697): Method < 1 com.prime31.ChartboostPluginBase.runSafelyOnUiThread()
I/org.umd.logging( 7697): Method < 1 com.prime31.ChartboostPluginBase.runSafelyOnUiThread()
I/org.umd.logging( 7697): Method < 1 com.prime31.ChartboostPlugin.onPause()
I/org.umd.logging( 7697): Method < 1 com.prime31.UnityPlayerNativeActivity.onPause()
I/org.umd.logging( 7697): Method > 1 com.unity3d.player.k$1.run(com.unity3d.player.k$1@811294676)
E/Cataloger( 6490): syncFile:/storage/emulated/0/2016-12-13_05:11:37.862.jpg
E/Cataloger( 6490): syncFile:/storage/emulated/0/2016-12-13_05:11:37.889.jpg
W/ResourceType( 7697): No known package when getting name for resource number 0xffffffff
I/org.umd.logging( 7697): Method > 2067 com.unity3d.player.UnityPlayer.executeGLThreadJobs(com.unity3d.player.UnityPlayer@177402906<file=2016-12-13_05:11:37.862><x=0><y=0><width=1196><height=768><id=-1>)
I/org.umd.logging( 7697): Method > 2067 com.unity3d.player.UnityPlayer$16.run(com.unity3d.player.UnityPlayer$16@288313298)
I/org.umd.logging( 7697): Method < 2067 com.unity3d.player.UnityPlayer$16.run()
E/Cataloger( 6490): syncFile:/storage/emulated/0/2016-12-13_05:11:37.862.jpg
W/ResourceType( 7697): No known package when getting name for resource number 0xffffffff
I/org.umd.logging( 7697): Method > 1 com.unity3d.player.UnityPlayer.onTouchEvent(com.unity3d.player.UnityPlayer@177402906<file=2016-12-13_05:11:37.889><x=0><y=0><width=1196><height=768><id=-1>, android.view.MotionEvent@165882019)
I/org.umd.logging( 7697): Method < 1 com.unity3d.player.UnityPlayer.onTouchEvent(false)
E/Cataloger( 6490): syncFile:/storage/emulated/0/2016-12-13_05:11:37.889.jpg
I/org.umd.logging( 7697): Method > 1 com.unity3d.player.UnityPlayerNativeActivity.onTouchEvent(com.prime31.UnityPlayerNativeActivity@410649080<activity=true>, android.view.MotionEvent@165882019)
I/org.umd.logging( 7697): Method < 1 com.unity3d.player.UnityPlayerNativeActivity.onTouchEvent(false)
I/org.umd.logging( 7697): Method > 1 com.unity3d.player.k$1.run(com.unity3d.player.k$1@811294676)
I/org.umd.logging( 7697): Method > 1 com.unity3d.player.UnityPlayerNativeActivity.onTouchEvent(com.prime31.UnityPlayerNativeActivity@410649080<activity=true>, android.view.MotionEvent@1026303904)
I/org.umd.logging( 7697): Method < 1 com.unity3d.player.UnityPlayerNativeActivity.onTouchEvent(false)
I/org.umd.logging( 7697): Method > 1 com.unity3d.player.k$1.run(com.unity3d.player.k$1@811294676)
E/Cataloger( 6490): syncFile:/storage/emulated/0/2016-12-13_05:11:38.041.jpg
E/Cataloger( 6490): syncFile:/storage/emulated/0/2016-12-13_05:11:38.109.jpg
W/ResourceType( 7697): No known package when getting name for resource number 0xffffffff
I/org.umd.logging( 7697): Method > 2067 com.unity3d.player.UnityPlayer.executeGLThreadJobs(com.unity3d.player.UnityPlayer@177402906<file=2016-12-13_05:11:38.041><x=0><y=0><width=1196><height=768><id=-1>)
I/org.umd.logging( 7697): Method < 2067 com.unity3d.player.UnityPlayer.executeGLThreadJobs()
E/Cataloger( 6490): syncFile:/storage/emulated/0/2016-12-13_05:11:38.041.jpg
W/ResourceType( 7697): No known package when getting name for resource number 0xffffffff
I/org.umd.logging( 7697): Method > 1 com.unity3d.player.UnityPlayer.onTouchEvent(com.unity3d.player.UnityPlayer@177402906<file=2016-12-13_05:11:38.109><x=0><y=0><width=1196><height=768><id=-1>, android.view.MotionEvent@94359385)
I/org.umd.logging( 7697): Method < 1 com.unity3d.player.UnityPlayer.onTouchEvent(false)
I/org.umd.logging( 7697): Method > 1 com.unity3d.player.UnityPlayerNativeActivity.onTouchEvent(com.prime31.UnityPlayerNativeActivity@410649080<activity=true>, android.view.MotionEvent@94359385)
E/Cataloger( 6490): syncFile:/storage/emulated/0/2016-12-13_05:11:38.109.jpg
I/org.umd.logging( 7697): Method < 1 com.unity3d.player.UnityPlayerNativeActivity.onTouchEvent(false)
I/org.umd.logging( 7697): Method > 1 com.unity3d.player.k$1.run(com.unity3d.player.k$1@811294676)
I/org.umd.logging( 7697): Method > 1 com.unity3d.player.UnityPlayerNativeActivity.onTouchEvent(com.prime31.UnityPlayerNativeActivity@410649080<activity=true>, android.view.MotionEvent@235837214)
I/org.umd.logging( 7697): Method < 1 com.unity3d.player.UnityPlayerNativeActivity.onTouchEvent(false)
I/org.umd.logging( 7697): Method > 1 com.unity3d.player.k$1.run(com.unity3d.player.k$1@811294676)
E/Cataloger( 6490): syncFile:/storage/emulated/0/2016-12-13_05:11:38.202.jpg
E/Cataloger( 6490): syncFile:/storage/emulated/0/2016-12-13_05:11:38.272.jpg
W/ResourceType( 7697): No known package when getting name for resource number 0xffffffff
I/org.umd.logging( 7697): Method > 2067 com.unity3d.player.UnityPlayer.executeGLThreadJobs(com.unity3d.player.UnityPlayer@177402906<file=2016-12-13_05:11:38.202><x=0><y=0><width=1196><height=768><id=-1>)
I/org.umd.logging( 7697): Method < 2067 com.unity3d.player.UnityPlayer.executeGLThreadJobs()
E/Cataloger( 6490): syncFile:/storage/emulated/0/2016-12-13_05:11:38.202.jpg
W/ResourceType( 7697): No known package when getting name for resource number 0xffffffff
I/org.umd.logging( 7697): Method > 1 com.unity3d.player.UnityPlayer.onTouchEvent(com.unity3d.player.UnityPlayer@177402906<file=2016-12-13_05:11:38.272><x=0><y=0><width=1196><height=768><id=-1>, android.view.MotionEvent@762686463)
I/org.umd.logging( 7697): Method < 1 com.unity3d.player.UnityPlayer.onTouchEvent(false)
E/Cataloger( 6490): syncFile:/storage/emulated/0/2016-12-13_05:11:38.272.jpg
I/org.umd.logging( 7697): Method > 1 com.unity3d.player.UnityPlayerNativeActivity.onTouchEvent(com.prime31.UnityPlayerNativeActivity@410649080<activity=true>, android.view.MotionEvent@762686463)
I/org.umd.logging( 7697): Method < 1 com.unity3d.player.UnityPlayerNativeActivity.onTouchEvent(false)
I/org.umd.logging( 7697): Method > 1 com.unity3d.player.k$1.run(com.unity3d.player.k$1@811294676)
I/org.umd.logging( 7697): Method > 1 com.unity3d.player.UnityPlayerNativeActivity.onTouchEvent(com.prime31.UnityPlayerNativeActivity@410649080<activity=true>, android.view.MotionEvent@1002184140)
I/org.umd.logging( 7697): Method < 1 com.unity3d.player.UnityPlayerNativeActivity.onTouchEvent(false)
I/org.umd.logging( 7697): Method > 1 com.unity3d.player.k$1.run(com.unity3d.player.k$1@811294676)
E/Cataloger( 6490): syncFile:/storage/emulated/0/2016-12-13_05:11:38.445.jpg
W/ResourceType( 7697): No known package when getting name for resource number 0xffffffff
I/org.umd.logging( 7697): Method > 1 com.unity3d.player.UnityPlayer.onTouchEvent(com.unity3d.player.UnityPlayer@177402906<file=2016-12-13_05:11:38.445><x=0><y=0><width=1196><height=768><id=-1>, android.view.MotionEvent@401934357)
I/org.umd.logging( 7697): Method < 1 com.unity3d.player.UnityPlayer.onTouchEvent(false)
I/org.umd.logging( 7697): Method > 1 com.unity3d.player.UnityPlayerNativeActivity.onTouchEvent(com.prime31.UnityPlayerNativeActivity@410649080<activity=true>, android.view.MotionEvent@401934357)
I/org.umd.logging( 7697): Method < 1 com.unity3d.player.UnityPlayerNativeActivity.onTouchEvent(false)
I/org.umd.logging( 7697): Method > 1 com.unity3d.player.k$1.run(com.unity3d.player.k$1@811294676)
I/org.umd.logging( 7697): Method > 1 com.unity3d.player.UnityPlayerNativeActivity.onTouchEvent(com.prime31.UnityPlayerNativeActivity@410649080<activity=true>, android.view.MotionEvent@822675242)
I/org.umd.logging( 7697): Method < 1 com.unity3d.player.UnityPlayerNativeActivity.onTouchEvent(false)
I/org.umd.logging( 7697): Method > 1 com.unity3d.player.k$1.run(com.unity3d.player.k$1@811294676)
E/Cataloger( 6490): syncFile:/storage/emulated/0/2016-12-13_05:11:38.445.jpg
E/Cataloger( 6490): syncFile:/storage/emulated/0/2016-12-13_05:11:38.669.jpg
W/ResourceType( 7697): No known package when getting name for resource number 0xffffffff
I/org.umd.logging( 7697): Method > 1 com.unity3d.player.UnityPlayer.onTouchEvent(com.unity3d.player.UnityPlayer@177402906<file=2016-12-13_05:11:38.669><x=0><y=0><width=1196><height=768><id=-1>, android.view.MotionEvent@360909083)
I/org.umd.logging( 7697): Method < 1 com.unity3d.player.UnityPlayer.onTouchEvent(false)
I/org.umd.logging( 7697): Method > 1 com.unity3d.player.UnityPlayerNativeActivity.onTouchEvent(com.prime31.UnityPlayerNativeActivity@410649080<activity=true>, android.view.MotionEvent@360909083)
I/org.umd.logging( 7697): Method < 1 com.unity3d.player.UnityPlayerNativeActivity.onTouchEvent(false)
E/Cataloger( 6490): syncFile:/storage/emulated/0/2016-12-13_05:11:38.669.jpg
I/org.umd.logging( 7697): Method > 1 com.unity3d.player.k$1.run(com.unity3d.player.k$1@811294676)
I/org.umd.logging( 7697): Method > 1 com.unity3d.player.UnityPlayerNativeActivity.onTouchEvent(com.prime31.UnityPlayerNativeActivity@410649080<activity=true>, android.view.MotionEvent@997411512)
I/org.umd.logging( 7697): Method < 1 com.unity3d.player.UnityPlayerNativeActivity.onTouchEvent(false)
I/org.umd.logging( 7697): Method > 1 com.unity3d.player.k$1.run(com.unity3d.player.k$1@811294676)
E/Cataloger( 6490): syncFile:/storage/emulated/0/2016-12-13_05:11:38.858.jpg
W/ResourceType( 7697): No known package when getting name for resource number 0xffffffff
I/org.umd.logging( 7697): Method > 1 com.unity3d.player.UnityPlayer.onTouchEvent(com.unity3d.player.UnityPlayer@177402906<file=2016-12-13_05:11:38.858><x=0><y=0><width=1196><height=768><id=-1>, android.view.MotionEvent@858460305)
E/Cataloger( 6490): syncFile:/storage/emulated/0/2016-12-13_05:11:38.858.jpg
I/org.umd.logging( 7697): Method < 1 com.unity3d.player.UnityPlayer.onTouchEvent(false)
I/org.umd.logging( 7697): Method > 1 com.unity3d.player.UnityPlayerNativeActivity.onTouchEvent(com.prime31.UnityPlayerNativeActivity@410649080<activity=true>, android.view.MotionEvent@858460305)
I/org.umd.logging( 7697): Method < 1 com.unity3d.player.UnityPlayerNativeActivity.onTouchEvent(false)
I/org.umd.logging( 7697): Method > 1 com.unity3d.player.k$1.run(com.unity3d.player.k$1@811294676)
I/org.umd.logging( 7697): Method > 1 com.unity3d.player.UnityPlayerNativeActivity.onTouchEvent(com.prime31.UnityPlayerNativeActivity@410649080<activity=true>, android.view.MotionEvent@159935478)
I/org.umd.logging( 7697): Method < 1 com.unity3d.player.UnityPlayerNativeActivity.onTouchEvent(false)
I/org.umd.logging( 7697): Method > 1 com.unity3d.player.k$1.run(com.unity3d.player.k$1@811294676)
E/Cataloger( 6490): syncFile:/storage/emulated/0/2016-12-13_05:11:39.037.jpg
W/ResourceType( 7697): No known package when getting name for resource number 0xffffffff
I/org.umd.logging( 7697): Method > 1 com.unity3d.player.UnityPlayer.onTouchEvent(com.unity3d.player.UnityPlayer@177402906<file=2016-12-13_05:11:39.037><x=0><y=0><width=1196><height=768><id=-1>, android.view.MotionEvent@373234679)
I/org.umd.logging( 7697): Method < 1 com.unity3d.player.UnityPlayer.onTouchEvent(false)
I/org.umd.logging( 7697): Method > 1 com.unity3d.player.UnityPlayerNativeActivity.onTouchEvent(com.prime31.UnityPlayerNativeActivity@410649080<activity=true>, android.view.MotionEvent@373234679)
I/org.umd.logging( 7697): Method < 1 com.unity3d.player.UnityPlayerNativeActivity.onTouchEvent(false)
I/org.umd.logging( 7697): Method > 1 com.unity3d.player.k$1.run(com.unity3d.player.k$1@811294676)
E/Cataloger( 6490): syncFile:/storage/emulated/0/2016-12-13_05:11:39.037.jpg
I/org.umd.logging( 7697): Method > 1 com.unity3d.player.UnityPlayerNativeActivity.onTouchEvent(com.prime31.UnityPlayerNativeActivity@410649080<activity=true>, android.view.MotionEvent@191781476)
I/org.umd.logging( 7697): Method < 1 com.unity3d.player.UnityPlayerNativeActivity.onTouchEvent(false)
I/org.umd.logging( 7697): Method > 1 com.unity3d.player.k$1.run(com.unity3d.player.k$1@811294676)
E/Cataloger( 6490): syncFile:/storage/emulated/0/2016-12-13_05:11:39.216.jpg
W/ResourceType( 7697): No known package when getting name for resource number 0xffffffff
I/org.umd.logging( 7697): Method > 1 com.unity3d.player.UnityPlayer.onTouchEvent(com.unity3d.player.UnityPlayer@177402906<file=2016-12-13_05:11:39.216><x=0><y=0><width=1196><height=768><id=-1>, android.view.MotionEvent@182396109)
I/org.umd.logging( 7697): Method < 1 com.unity3d.player.UnityPlayer.onTouchEvent(false)
I/org.umd.logging( 7697): Method > 1 com.unity3d.player.UnityPlayerNativeActivity.onTouchEvent(com.prime31.UnityPlayerNativeActivity@410649080<activity=true>, android.view.MotionEvent@182396109)
I/org.umd.logging( 7697): Method < 1 com.unity3d.player.UnityPlayerNativeActivity.onTouchEvent(false)
I/org.umd.logging( 7697): Method > 1 com.unity3d.player.k$1.run(com.unity3d.player.k$1@811294676)
I/org.umd.logging( 7697): Method > 1 com.unity3d.player.UnityPlayerNativeActivity.onTouchEvent(com.prime31.UnityPlayerNativeActivity@410649080<activity=true>, android.view.MotionEvent@566710658)
I/org.umd.logging( 7697): Method < 1 com.unity3d.player.UnityPlayerNativeActivity.onTouchEvent(false)
I/org.umd.logging( 7697): Method > 1 com.unity3d.player.k$1.run(com.unity3d.player.k$1@811294676)
I/org.umd.logging( 7697): Method < 1 com.unity3d.player.k$1.run()
W/ViewRootImpl( 7697): Cancelling event due to no window focus: KeyEvent { action=ACTION_UP, keyCode=KEYCODE_DPAD_CENTER, scanCode=0, metaState=0, flags=0x28, repeatCount=0, eventTime=105307217, downTime=105307217, deviceId=-1, source=0x101 }
W/ViewRootImpl( 7697): Cancelling event due to no window focus: KeyEvent { action=ACTION_UP, keyCode=KEYCODE_DPAD_CENTER, scanCode=0, metaState=0, flags=0x28, repeatCount=0, eventTime=105307217, downTime=105307217, deviceId=-1, source=0x101 }
I/org.umd.logging( 7697): Method > 1 com.unity3d.player.k$1.run(com.unity3d.player.k$1@811294676)
I/org.umd.logging( 7697): Method < 1 com.unity3d.player.k$1.run()
I/org.umd.logging( 7697): Method > 1 com.unity3d.player.k$1.run(com.unity3d.player.k$1@811294676)
I/org.umd.logging( 7697): Method < 1 com.unity3d.player.k$1.run()
I/org.umd.logging( 7697): Method > 1 com.unity3d.player.k$1.run(com.unity3d.player.k$1@811294676)
I/org.umd.logging( 7697): Method < 1 com.unity3d.player.k$1.run()
I/org.umd.logging( 7697): Method > 1 com.unity3d.player.k$1.run(com.unity3d.player.k$1@811294676)
I/org.umd.logging( 7697): Method < 1 com.unity3d.player.k$1.run()
I/org.umd.logging( 7697): Method > 1 com.unity3d.player.k$1.run(com.unity3d.player.k$1@811294676)
I/org.umd.logging( 7697): Method < 1 com.unity3d.player.k$1.run()
I/org.umd.logging( 7697): Method > 1 com.unity3d.player.k$1.run(com.unity3d.player.k$1@811294676)
I/org.umd.logging( 7697): Method < 1 com.unity3d.player.k$1.run()
I/org.umd.logging( 7697): Method > 1 com.unity3d.player.k$1.run(com.unity3d.player.k$1@811294676)
I/org.umd.logging( 7697): Method < 1 com.unity3d.player.k$1.run()
I/org.umd.logging( 7697): Method > 1 com.unity3d.player.k$1.run(com.unity3d.player.k$1@811294676)
I/org.umd.logging( 7697): Method < 1 com.unity3d.player.k$1.run()
I/org.umd.logging( 7697): Method > 1 com.unity3d.player.k$1.run(com.unity3d.player.k$1@811294676)
I/org.umd.logging( 7697): Method < 1 com.unity3d.player.k$1.run()
I/org.umd.logging( 7697): Method > 1 com.unity3d.player.k$1.run(com.unity3d.player.k$1@811294676)
I/org.umd.logging( 7697): Method < 1 com.unity3d.player.k$1.run()
I/org.umd.logging( 7697): Method > 1 com.unity3d.player.k$1.run(com.unity3d.player.k$1@811294676)
I/org.umd.logging( 7697): Method < 1 com.unity3d.player.k$1.run()
I/org.umd.logging( 7697): Method > 1 com.unity3d.player.k$1.run(com.unity3d.player.k$1@811294676)
I/org.umd.logging( 7697): Method < 1 com.unity3d.player.k$1.run()
I/org.umd.logging( 7697): Method > 1 com.unity3d.player.k$1.run(com.unity3d.player.k$1@811294676)
I/org.umd.logging( 7697): Method < 1 com.unity3d.player.k$1.run()
I/org.umd.logging( 7697): Method > 1 com.unity3d.player.k$1.run(com.unity3d.player.k$1@811294676)
I/org.umd.logging( 7697): Method < 1 com.unity3d.player.k$1.run()
I/org.umd.logging( 7697): Method > 1 com.unity3d.player.k$1.run(com.unity3d.player.k$1@811294676)
I/org.umd.logging( 7697): Method < 1 com.unity3d.player.k$1.run()
E/Cataloger( 6490): syncFile:/storage/emulated/0/2016-12-13_05:11:39.216.jpg
D/DynamitePackage( 7697): Instantiating com.google.android.gms.ads.ChimeraAdOverlayCreatorImpl
I/Ads     ( 7697): Ad opening.
D/Prime31 ( 7697): adView: presentingScreen
I/ActivityManager(  594): Config changes=480 {1.0 310mcc?mnc en_US ?layoutDir sw384dp w598dp h359dp 320dpi nrml land finger -keyb/v/h -nav/h s.20}
V/WindowManager(  594): Adding window Window{2cf48ed9 u0 com.tractiongames.stickbmxfree/com.google.android.gms.ads.AdActivity} at 5 of 11 (after Window{3365525f u0 com.tractiongames.stickbmxfree/com.prime31.UnityPlayerNativeActivity})
W/ViewRootImpl( 7697): Cancelling event due to no window focus: KeyEvent { action=ACTION_UP, keyCode=KEYCODE_DPAD_CENTER, scanCode=0, metaState=0, flags=0x28, repeatCount=0, eventTime=105307217, downTime=105307217, deviceId=-1, source=0x101 }
I/org.umd.logging( 7697): Method > 1 com.prime31.UnityPlayerNativeActivity.onKeyUp(com.prime31.UnityPlayerNativeActivity@410649080<activity=true>, 23, android.view.KeyEvent@182709817)
I/org.umd.logging( 7697): Method > 1 com.unity3d.player.UnityPlayerNativeActivity.onKeyUp(com.prime31.UnityPlayerNativeActivity@410649080<activity=true>, 23, android.view.KeyEvent@182709817)
I/org.umd.logging( 7697): Method < 1 com.unity3d.player.UnityPlayerNativeActivity.onKeyUp(true)
I/org.umd.logging( 7697): Method < 1 com.prime31.UnityPlayerNativeActivity.onKeyUp(true)
I/InputDispatcher(  594): Window 'Window{3365525f u0 com.tractiongames.stickbmxfree/com.prime31.UnityPlayerNativeActivity}' spent 2999.7ms processing the last input event: KeyEvent(deviceId=-1, source=0x00000101, action=1, flags=0x00000008, keyCode=23, scanCode=0, metaState=0x00000000, repeatCount=0), policyFlags=0x6b000000
I/art     (  594): Explicit concurrent mark sweep GC freed 65769(3MB) AllocSpace objects, 34(4MB) LOS objects, 33% free, 25MB/37MB, paused 1.892ms total 194.292ms
V/ActivityManager(  594): Display changed displayId=0
I/InputReader(  594): Reconfiguring input devices.  changes=0x00000004
I/InputReader(  594): Device reconfigured: id=6, name='touch_dev', size 768x1280, orientation 1, mode 1, display id 0
I/cr_Ime  ( 7697): ImeThread is enabled.
I/cr_Ime  ( 7697): ImeThread is enabled.
I/WindowManager(  594): Screen frozen for +156ms due to Window{1dccbe99 u0 NavigationBar}
W/Ads     ( 7697): Not enough space to show ad. Needs 598x32 dp, but only has 384x592 dp.
W/Ads     ( 7697): Not enough space to show ad. Needs 598x32 dp, but only has 384x592 dp.
W/cr_BindingManager( 7697): Cannot call determinedVisibility() - never saw a connection for the pid: 7697
I/org.umd.logging( 7697): Method > 1 com.unity3d.player.e$1.onSystemUiVisibilityChange(com.unity3d.player.e$1@296226079, 0)
I/org.umd.logging( 7697): Method < 1 com.unity3d.player.e$1.onSystemUiVisibilityChange()
I/ActivityManager(  594): Displayed com.tractiongames.stickbmxfree/com.google.android.gms.ads.AdActivity: +2s611ms
I/org.umd.logging( 7697): Method > 1 com.prime31.ChartboostPluginBase.runSafelyOnUiThread(com.prime31.ChartboostPlugin@1064172689, com.prime31.ChartboostPlugin$3@1060645745)
I/org.umd.logging( 7697): Method > 1 com.prime31.ChartboostPluginBase.runSafelyOnUiThread(com.prime31.ChartboostPlugin@1064172689, com.prime31.ChartboostPlugin$3@1060645745, null)
I/org.umd.logging( 7697): Method > 1 com.prime31.ChartboostPluginBase$1.run(com.prime31.ChartboostPluginBase$1@311237974)
I/org.umd.logging( 7697): Method > 1 com.prime31.ChartboostPlugin$3.run(com.prime31.ChartboostPlugin$3@1060645745)
I/org.umd.logging( 7697): Method < 2210 com.chartboost.sdk.impl.c.run()
I/org.umd.logging( 7697): Method < 1 com.prime31.ChartboostPlugin$3.run()
I/org.umd.logging( 7697): Method < 2214 com.chartboost.sdk.impl.g.run()
I/org.umd.logging( 7697): Method < 1 com.prime31.ChartboostPluginBase$1.run()
I/org.umd.logging( 7697): Method < 2211 com.chartboost.sdk.impl.g.run()
I/org.umd.logging( 7697): Method < 2213 com.chartboost.sdk.impl.g.run()
I/org.umd.logging( 7697): Method < 1 com.prime31.ChartboostPluginBase.runSafelyOnUiThread()
I/org.umd.logging( 7697): Method < 1 com.prime31.ChartboostPluginBase.runSafelyOnUiThread()
I/org.umd.logging( 7697): Method < 2212 com.chartboost.sdk.impl.g.run()
I/Prime31 ( 7697): stopping Flurry session
I/org.umd.logging( 7697): Api > 1 android.location.LocationManager.getBestProvider(android.location.LocationManager@879057643, android.location.Criteria@440459056, true)
I/org.umd.logging( 7697): Method > 2075 com.flurry.sdk.ff.run(com.flurry.android.impl.ads.FlurryAdModule$20@12572585)
I/org.umd.logging( 7697): Api < 1 android.location.LocationManager.getBestProvider(null)
I/org.umd.logging( 7697): Method < 2075 com.flurry.sdk.ff.run()
W/FlurryAgent( 7697): End session with context: com.prime31.UnityPlayerNativeActivity@187a01f8 count:0
I/org.umd.logging( 7697): Method > 2075 com.flurry.sdk.ff.run(com.flurry.android.impl.ads.FlurryAdModule$21@991592750)
I/org.umd.logging( 7697): Method < 2075 com.flurry.sdk.ff.run()
I/org.umd.logging( 7697): Method > 2075 com.flurry.sdk.ff.run(com.flurry.android.impl.ads.FlurryAdModule$22@356070607)
I/org.umd.logging( 7697): Method < 2075 com.flurry.sdk.ff.run()
I/org.umd.logging( 7697): Method > 2075 com.flurry.sdk.ff.run(com.flurry.android.impl.ads.FlurryAdModule$23@512540252)
I/org.umd.logging( 7697): Method < 2075 com.flurry.sdk.ff.run()
I/org.umd.logging( 7697): Method > 2075 com.flurry.sdk.ff.run(com.flurry.sdk.dj$9@991249765)
I/org.umd.logging( 7697): Method < 2075 com.flurry.sdk.ff.run()
I/org.umd.logging( 7697): Method > 2075 com.flurry.sdk.ff.run(com.flurry.sdk.dj$7@877756986)
W/Ads     ( 7697): Unknown video action: mimetype
I/org.umd.logging( 7697): Method < 2075 com.flurry.sdk.ff.run()
E/chromium( 7697): [ERROR:interface_registry.cc(99)] Failed to locate a binder for interface: autofill::mojom::AutofillDriver
W/cr_BindingManager( 7697): Cannot call determinedVisibility() - never saw a connection for the pid: 7697
W/Ads     ( 7697): Trying to set volume before player and renderers are initalized.
E/Cataloger( 6490): syncFile:/storage/emulated/0/Android/data/com.tractiongames.stickbmxfree/cache/.fcaches/fileStreamCacheDownloader/journal
E/Cataloger( 6490): need not sync path:/storage/emulated/0/Android/data/com.tractiongames.stickbmxfree/cache/.fcaches/fileStreamCacheDownloader/journal
I/MediaFocusControl(  594):  AudioFocus  requestAudioFocus() from android.media.AudioManager@31b13aa2com.google.android.gms.ads.internal.overlay.bd@2e556448 req=2flags=0x0
I/OMXClient( 7697): Using client-side OMX mux.
I/Ads     ( 7697): Scheduling ad refresh 60000 milliseconds from now.
I/Ads     ( 7697): Ad finished loading.
I/Prime31 ( 7697): ad loaded. current time: 40
D/Prime31 ( 7697): adView: onReceiveAd
E/OMX-VDEC-1080P(  190): Extension: OMX.google.android.index.storeMetaDataInBuffers not implemented
E/OMXNodeInstance(  190): getExtensionIndex(3a:qcom.decoder.avc, OMX.google.android.index.storeMetaDataInBuffers) ERROR: NotImplemented(0x80001006)
E/ACodec  ( 7697): [OMX.qcom.video.decoder.avc] storeMetaDataInBuffers failed w/ err -2147483648
E/OMX-VDEC-1080P(  190): 
E/OMX-VDEC-1080P(  190):  No color conversion required
E/OMX-VDEC-1080P(  190): 
E/OMX-VDEC-1080P(  190):  No color conversion required
E/OMX-VDEC-1080P(  190): 
E/OMX-VDEC-1080P(  190):  No color conversion required
E/OMX-VDEC-1080P(  190): 
E/OMX-VDEC-1080P(  190):  No color conversion required
E/OMX-VDEC-1080P(  190): 
E/OMX-VDEC-1080P(  190):  No color conversion required
E/OMX-VDEC-1080P(  190): 
E/OMX-VDEC-1080P(  190):  No color conversion required
E/OMX-VDEC-1080P(  190): 
E/OMX-VDEC-1080P(  190):  No color conversion required
E/OMX-VDEC-1080P(  190): 
E/OMX-VDEC-1080P(  190):  No color conversion required
E/OMX-VDEC-1080P(  190): 
E/OMX-VDEC-1080P(  190):  No color conversion required
E/OMX-VDEC-1080P(  190): GET_MV_BUFFER_SIZE returned: Size: 65536 and alignment: 8192
E/OMX-VDEC-1080P(  190): 
E/OMX-VDEC-1080P(  190):  No color conversion required
E/OMX-VDEC-1080P(  190): 
E/OMX-VDEC-1080P(  190):  No color conversion required
E/OMX-VDEC-1080P(  190): 
E/OMX-VDEC-1080P(  190):  No color conversion required
E/OMX-VDEC-1080P(  190): 
E/OMX-VDEC-1080P(  190):  No color conversion required
E/OMX-VDEC-1080P(  190): 
E/OMX-VDEC-1080P(  190):  No color conversion required
E/OMX-VDEC-1080P(  190): 
E/OMX-VDEC-1080P(  190):  No color conversion required
E/OMX-VDEC-1080P(  190): 
E/OMX-VDEC-1080P(  190):  No color conversion required
E/OMX-VDEC-1080P(  190): 
E/OMX-VDEC-1080P(  190):  No color conversion required
E/OMX-VDEC-1080P(  190): 
E/OMX-VDEC-1080P(  190):  No color conversion required
E/OMX-VDEC-1080P(  190): 
E/OMX-VDEC-1080P(  190):  No color conversion required
E/OMX-VDEC-1080P(  190): 
E/OMX-VDEC-1080P(  190):  No color conversion required
E/OMX-VDEC-1080P(  190): 
E/OMX-VDEC-1080P(  190):  No color conversion required
E/OMX-VDEC-1080P(  190): 
E/OMX-VDEC-1080P(  190):  No color conversion required
E/OMX-VDEC-1080P(  190): 
E/OMX-VDEC-1080P(  190):  No color conversion required
E/OMX-VDEC-1080P(  190): 
E/OMX-VDEC-1080P(  190):  No color conversion required
E/OMX-VDEC-1080P(  190): 
E/OMX-VDEC-1080P(  190):  No color conversion required
E/OMX-VDEC-1080P(  190): 
E/OMX-VDEC-1080P(  190):  No color conversion required
E/OMX-VDEC-1080P(  190): 
E/OMX-VDEC-1080P(  190):  No color conversion required
E/OMX-VDEC-1080P(  190): 
E/OMX-VDEC-1080P(  190):  No color conversion required
E/OMX-VDEC-1080P(  190): 
E/OMX-VDEC-1080P(  190):  No color conversion required
E/OMX-VDEC-1080P(  190): 
E/OMX-VDEC-1080P(  190):  No color conversion required
E/OMX-VDEC-1080P(  190): 
E/OMX-VDEC-1080P(  190):  No color conversion required
I/org.umd.logging( 7697): Method > 1 com.unity3d.player.e$2.run(com.unity3d.player.e$2@849507424)
I/org.umd.logging( 7697): Method < 1 com.unity3d.player.e$2.run()
E/OMX-VDEC-1080P(  190): 
E/OMX-VDEC-1080P(  190):  No color conversion required
E/OMX-VDEC-1080P(  190): 
E/OMX-VDEC-1080P(  190):  No color conversion required
E/OMX-VDEC-1080P(  190): 
E/OMX-VDEC-1080P(  190):  No color conversion required
E/OMX-VDEC-1080P(  190): 
E/OMX-VDEC-1080P(  190):  No color conversion required
E/OMX-VDEC-1080P(  190): 
E/OMX-VDEC-1080P(  190):  No color conversion required
E/OMX-VDEC-1080P(  190): GET_MV_BUFFER_SIZE returned: Size: 65536 and alignment: 8192
E/OMX-VDEC-1080P(  190): 
E/OMX-VDEC-1080P(  190):  No color conversion required
E/OMX-VDEC-1080P(  190): 
E/OMX-VDEC-1080P(  190):  No color conversion required
E/OMX-VDEC-1080P(  190): 
E/OMX-VDEC-1080P(  190):  No color conversion required
E/OMX-VDEC-1080P(  190): 
E/OMX-VDEC-1080P(  190):  No color conversion required
E/OMX-VDEC-1080P(  190): 
E/OMX-VDEC-1080P(  190):  No color conversion required
E/OMX-VDEC-1080P(  190): 
E/OMX-VDEC-1080P(  190):  No color conversion required
E/OMX-VDEC-1080P(  190): 
E/OMX-VDEC-1080P(  190):  No color conversion required
E/        (  190): 
E/        (  190):  not in avi mode
E/OMX-VDEC-1080P(  190): 
E/OMX-VDEC-1080P(  190):  No color conversion required
I/DownloadManagerWrapper(  949): onReceive() : Charging = true
E/chromium( 7697): [ERROR:interface_registry.cc(99)] Failed to locate a binder for interface: autofill::mojom::AutofillDriver
I/org.umd.logging( 7697): Method > 1 com.chartboost.sdk.Libraries.e$1.run(com.chartboost.sdk.Libraries.e$1@548194361)
I/org.umd.logging( 7697): Method < 1 com.chartboost.sdk.Libraries.e$1.run()
I/art     (  594): Explicit concurrent mark sweep GC freed 8237(437KB) AllocSpace objects, 1(16KB) LOS objects, 33% free, 24MB/37MB, paused 2.105ms total 121.226ms
I/Ads     ( 7697): Ad finished loading.
D/Prime31 ( 7697): interstitial: onReceiveAd
I/ExoPlayerImpl( 7697): Init 1.3.1
E/WifiStateMachine(  594): WifiStateMachine CMD_START_SCAN source -2 txSuccessRate=30.88 rxSuccessRate=31.91 targetRoamBSSID=any RSSI=-38
I/OMXClient( 7697): Using client-side OMX mux.
E/OMXMaster( 7697): A component of name 'OMX.qcom.audio.decoder.aac' already exists, ignoring this one.
I/SoftAAC2( 7697): Reconfiguring decoder: 0->44100 Hz, 0->2 channels
I/org.umd.logging( 4986): Method > 1 com.cleanmaster.base.crash.util.debug.b.run(com.cleanmaster.base.crash.util.debug.b@453239735)
I/org.umd.logging( 4986): Method < 1 com.cleanmaster.base.crash.util.debug.b.run()
I/org.umd.logging( 7697): Method > 2275 com.flurry.sdk.dm$a.run(com.flurry.sdk.dm$a@439283178)
W/FlurryAgent( 7697): Finalize session
I/org.umd.logging( 7697): Method < 2275 com.flurry.sdk.dm$a.run()
I/org.umd.logging( 7697): Method > 2075 com.flurry.sdk.ff.run(com.flurry.sdk.dj$8@776892280)
I/org.umd.logging( 7697): Method < 2075 com.flurry.sdk.ff.run()
I/org.umd.logging( 7697): Method > 2075 com.flurry.sdk.ff.run(com.flurry.android.impl.ads.FlurryAdModule$5@990248630)
I/org.umd.logging( 7697): Method < 2075 com.flurry.sdk.ff.run()
I/org.umd.logging( 7697): Method > 2075 com.flurry.sdk.ff.run(com.flurry.sdk.dj$6@1068960548)
I/org.umd.logging( 7697): Method < 2075 com.flurry.sdk.ff.run()
I/org.umd.logging( 7697): Method > 2075 com.flurry.sdk.ff.run(com.flurry.sdk.de$2@674031245)
I/org.umd.logging( 7697): Method < 2075 com.flurry.sdk.ff.run()
I/org.umd.logging( 7697): Method > 2075 com.flurry.sdk.ff.run(com.flurry.sdk.de$3@661344322)
I/org.umd.logging( 7697): Method < 2075 com.flurry.sdk.ff.run()
I/org.umd.logging( 7697): Method > 2566 com.flurry.sdk.ff.run(com.flurry.sdk.eg$1$1@786574990)
I/org.umd.logging( 7697): Method < 2566 com.flurry.sdk.ff.run()
I/org.umd.logging( 7697): Method > 2566 com.flurry.sdk.ff.run(com.flurry.sdk.el@451655056)
I/org.umd.logging( 7697): Api > 2566 java.net.URL.openConnection(java.net.URL@810632879<URL=https://data.flurry.com/aap.do>)
I/org.umd.logging( 7697): Api < 2566 java.net.URL.openConnection(com.android.okhttp.internal.http.HttpsURLConnectionImpl@813603516)
I/DownloadManagerWrapper(  949): onReceive() : Charging = true
W/FlurryAgent( 7697): FlurryDataSender: report 683526dd-4cae-4c64-ba0c-f6c00635c017 sent. HTTP response: 200
I/org.umd.logging( 7697): Method > 2075 com.flurry.sdk.ff.run(com.flurry.sdk.dd$2@64398746)
I/org.umd.logging( 7697): Method < 2075 com.flurry.sdk.ff.run()
I/org.umd.logging( 7697): Method < 2566 com.flurry.sdk.ff.run()
I/org.umd.logging( 7697): Method > 2075 com.flurry.sdk.ff.run(com.flurry.sdk.de$4@938843851)
I/org.umd.logging( 7697): Method > 2566 com.flurry.sdk.ff.run(com.flurry.sdk.eg$1$2@100181672)
I/org.umd.logging( 7697): Method < 2566 com.flurry.sdk.ff.run()
I/org.umd.logging( 7697): Method < 2075 com.flurry.sdk.ff.run()
I/org.umd.logging( 7697): Method > 2075 com.flurry.sdk.ff.run(com.flurry.sdk.de$3@462837185)
I/org.umd.logging( 7697): Method < 2075 com.flurry.sdk.ff.run()
D/ThermalDaemon(  196): Sensor 'tsens_tz_sensor1' - alarm cleared 1 at 57.0 degC
D/ThermalDaemon(  196): Sensor 'tsens_tz_sensor5' - alarm cleared 1 at 56.0 degC
D/ThermalDaemon(  196): Sensor 'tsens_tz_sensor10' - alarm cleared 1 at 55.0 degC
I/org.umd.logging( 4986): Method > 1 com.cleanmaster.base.crash.util.debug.b.run(com.cleanmaster.base.crash.util.debug.b@453239735)
I/org.umd.logging( 4986): Method < 1 com.cleanmaster.base.crash.util.debug.b.run()
I/MediaFocusControl(  594):  AudioFocus  abandonAudioFocus() from android.media.AudioManager@31b13aa2com.google.android.gms.ads.internal.overlay.bd@2e556448
I/AudioFlinger(  190): BUFFER TIMEOUT: remove(4097) from active list on thread 0xb5a97008
I/DeviceStateChecker( 7766): screenOn: true, isCharging: true
D/audio_hw_primary(  190): disable_audio_route: reset and update mixer path: low-latency-playback
D/audio_hw_primary(  190): disable_snd_device: snd_device(2: speaker)
D/ThermalDaemon(  196): Sensor 'tsens_tz_sensor4' - alarm cleared 1 at 57.0 degC
D/ThermalDaemon(  196): Sensor 'tsens_tz_sensor9' - alarm cleared 1 at 56.0 degC
I/DownloadManagerWrapper(  949): onReceive() : Charging = true
