I/org.umd.logging( 6120): Method > 2047 com.unity3d.player.UnityPlayer.executeGLThreadJobs(com.unity3d.player.UnityPlayer@755895115<file=><x=0><y=0><width=1196><height=768><id=-1>)
I/org.umd.logging( 6120): Method < 2047 com.unity3d.player.UnityPlayer.executeGLThreadJobs()
E/Cataloger( 6490): syncFile:/storage/emulated/0/2016-12-13_05:06:25.037.jpg
E/Cataloger( 6490): syncFile:/storage/emulated/0/2016-12-13_05:06:25.079.jpg
W/ResourceType( 6120): No known package when getting name for resource number 0xffffffff
I/org.umd.logging( 6120): Method > 1 com.unity3d.player.UnityPlayer.onTouchEvent(com.unity3d.player.UnityPlayer@755895115<file=2016-12-13_05:06:25.037><x=0><y=0><width=1196><height=768><id=-1>, android.view.MotionEvent@812293734)
I/org.umd.logging( 6120): Method < 1 com.unity3d.player.UnityPlayer.onTouchEvent(false)
E/Cataloger( 6490): syncFile:/storage/emulated/0/2016-12-13_05:06:25.037.jpg
I/org.umd.logging( 6120): Method > 1 com.unity3d.player.UnityPlayerNativeActivity.onTouchEvent(com.prime31.UnityPlayerNativeActivity@410649080<activity=true>, android.view.MotionEvent@812293734)
I/org.umd.logging( 6120): Method < 1 com.unity3d.player.UnityPlayerNativeActivity.onTouchEvent(false)
I/org.umd.logging( 6120): Method > 1 com.unity3d.player.k$1.run(com.unity3d.player.k$1@536121496)
I/org.umd.logging( 6120): Method > 1 com.unity3d.player.UnityPlayerNativeActivity.onTouchEvent(com.prime31.UnityPlayerNativeActivity@410649080<activity=true>, android.view.MotionEvent@42775975)
I/org.umd.logging( 6120): Method < 1 com.unity3d.player.UnityPlayerNativeActivity.onTouchEvent(false)
I/org.umd.logging( 6120): Method > 1 com.unity3d.player.k$1.run(com.unity3d.player.k$1@536121496)
I/org.umd.logging( 6120): Method > 1 com.unity3d.player.UnityPlayerNativeActivity.onTouchEvent(com.prime31.UnityPlayerNativeActivity@410649080<activity=true>, android.view.MotionEvent@460089940)
I/org.umd.logging( 6120): Method < 1 com.unity3d.player.UnityPlayerNativeActivity.onTouchEvent(false)
I/org.umd.logging( 6120): Method > 1 com.unity3d.player.k$1.run(com.unity3d.player.k$1@536121496)
W/ResourceType( 6120): No known package when getting name for resource number 0xffffffff
I/org.umd.logging( 6120): Method > 2047 com.unity3d.player.UnityPlayer.executeGLThreadJobs(com.unity3d.player.UnityPlayer@755895115<file=2016-12-13_05:06:25.079><x=0><y=0><width=1196><height=768><id=-1>)
I/org.umd.logging( 6120): Method < 2047 com.unity3d.player.UnityPlayer.executeGLThreadJobs()
E/Cataloger( 6490): syncFile:/storage/emulated/0/2016-12-13_05:06:25.079.jpg
E/Cataloger( 6490): syncFile:/storage/emulated/0/2016-12-13_05:06:25.241.jpg
E/Cataloger( 6490): syncFile:/storage/emulated/0/2016-12-13_05:06:25.319.jpg
W/ResourceType( 6120): No known package when getting name for resource number 0xffffffff
I/org.umd.logging( 6120): Method > 1 com.unity3d.player.UnityPlayer.onTouchEvent(com.unity3d.player.UnityPlayer@755895115<file=2016-12-13_05:06:25.241><x=0><y=0><width=1196><height=768><id=-1>, android.view.MotionEvent@109514237)
I/org.umd.logging( 6120): Method < 1 com.unity3d.player.UnityPlayer.onTouchEvent(false)
I/org.umd.logging( 6120): Method > 1 com.unity3d.player.UnityPlayerNativeActivity.onTouchEvent(com.prime31.UnityPlayerNativeActivity@410649080<activity=true>, android.view.MotionEvent@109514237)
I/org.umd.logging( 6120): Method < 1 com.unity3d.player.UnityPlayerNativeActivity.onTouchEvent(false)
E/Cataloger( 6490): syncFile:/storage/emulated/0/2016-12-13_05:06:25.241.jpg
I/org.umd.logging( 6120): Method > 1 com.unity3d.player.k$1.run(com.unity3d.player.k$1@536121496)
I/org.umd.logging( 6120): Method > 1 com.unity3d.player.UnityPlayerNativeActivity.onTouchEvent(com.prime31.UnityPlayerNativeActivity@410649080<activity=true>, android.view.MotionEvent@1014119154)
I/org.umd.logging( 6120): Method < 1 com.unity3d.player.UnityPlayerNativeActivity.onTouchEvent(false)
I/org.umd.logging( 6120): Method > 1 com.unity3d.player.k$1.run(com.unity3d.player.k$1@536121496)
I/org.umd.logging( 6120): Method > 1 com.unity3d.player.UnityPlayerNativeActivity.onTouchEvent(com.prime31.UnityPlayerNativeActivity@410649080<activity=true>, android.view.MotionEvent@331679043)
I/org.umd.logging( 6120): Method < 1 com.unity3d.player.UnityPlayerNativeActivity.onTouchEvent(false)
I/org.umd.logging( 6120): Method > 1 com.unity3d.player.k$1.run(com.unity3d.player.k$1@536121496)
I/org.umd.logging( 6120): Method > 1 com.unity3d.player.UnityPlayerNativeActivity.onTouchEvent(com.prime31.UnityPlayerNativeActivity@410649080<activity=true>, android.view.MotionEvent@122673088)
I/org.umd.logging( 6120): Method < 1 com.unity3d.player.UnityPlayerNativeActivity.onTouchEvent(false)
I/org.umd.logging( 6120): Method > 1 com.unity3d.player.k$1.run(com.unity3d.player.k$1@536121496)
I/org.umd.logging( 6120): Method < 1 com.unity3d.player.k$1.run()
I/org.umd.logging( 6120): Method > 1 com.unity3d.player.k$1.run(com.unity3d.player.k$1@536121496)
I/org.umd.logging( 6120): Method < 1 com.unity3d.player.k$1.run()
I/org.umd.logging( 6120): Method > 1 com.unity3d.player.k$1.run(com.unity3d.player.k$1@536121496)
I/org.umd.logging( 6120): Method < 1 com.unity3d.player.k$1.run()
I/org.umd.logging( 6120): Method > 1 com.unity3d.player.k$1.run(com.unity3d.player.k$1@536121496)
I/org.umd.logging( 6120): Method < 1 com.unity3d.player.k$1.run()
I/org.umd.logging( 6120): Method > 1 com.unity3d.player.k$1.run(com.unity3d.player.k$1@536121496)
I/org.umd.logging( 6120): Method < 1 com.unity3d.player.k$1.run()
I/org.umd.logging( 6120): Method > 1 com.unity3d.player.k$1.run(com.unity3d.player.k$1@536121496)
I/org.umd.logging( 6120): Method < 1 com.unity3d.player.k$1.run()
I/org.umd.logging( 6120): Method > 1 com.unity3d.player.k$1.run(com.unity3d.player.k$1@536121496)
I/org.umd.logging( 6120): Method < 1 com.unity3d.player.k$1.run()
I/org.umd.logging( 6120): Method > 1 com.unity3d.player.k$1.run(com.unity3d.player.k$1@536121496)
I/org.umd.logging( 6120): Method < 1 com.unity3d.player.k$1.run()
I/org.umd.logging( 6120): Method > 1 com.unity3d.player.k$1.run(com.unity3d.player.k$1@536121496)
I/org.umd.logging( 6120): Method < 1 com.unity3d.player.k$1.run()
W/ResourceType( 6120): No known package when getting name for resource number 0xffffffff
I/org.umd.logging( 6120): Method > 2047 com.unity3d.player.UnityPlayer.executeGLThreadJobs(com.unity3d.player.UnityPlayer@755895115<file=2016-12-13_05:06:25.319><x=0><y=0><width=1196><height=768><id=-1>)
I/org.umd.logging( 6120): Method < 2047 com.unity3d.player.UnityPlayer.executeGLThreadJobs()
E/Cataloger( 6490): syncFile:/storage/emulated/0/2016-12-13_05:06:25.319.jpg
I/org.umd.logging( 6120): Method > 1 com.unity3d.player.k$1.run(com.unity3d.player.k$1@536121496)
I/org.umd.logging( 6120): Method > 1 com.unity3d.player.UnityPlayerNativeActivity.onTouchEvent(com.prime31.UnityPlayerNativeActivity@410649080<activity=true>, android.view.MotionEvent@255560953)
I/org.umd.logging( 6120): Method < 1 com.unity3d.player.UnityPlayerNativeActivity.onTouchEvent(false)
I/org.umd.logging( 6120): Method > 1 com.unity3d.player.k$1.run(com.unity3d.player.k$1@536121496)
I/org.umd.logging( 6120): Method < 1 com.unity3d.player.k$1.run()
E/Cataloger( 6490): syncFile:/storage/emulated/0/2016-12-13_05:06:25.503.jpg
W/ResourceType( 6120): No known package when getting name for resource number 0xffffffff
I/org.umd.logging( 6120): Method > 2047 com.unity3d.player.UnityPlayer.executeGLThreadJobs(com.unity3d.player.UnityPlayer@755895115<file=2016-12-13_05:06:25.503><x=0><y=0><width=1196><height=768><id=-1>)
I/org.umd.logging( 6120): Method < 2047 com.unity3d.player.UnityPlayer.executeGLThreadJobs()
E/Cataloger( 6490): syncFile:/storage/emulated/0/2016-12-13_05:06:25.503.jpg
E/Cataloger( 6490): syncFile:/storage/emulated/0/2016-12-13_05:06:25.748.jpg
W/ResourceType( 6120): No known package when getting name for resource number 0xffffffff
I/org.umd.logging( 6120): Method > 2047 com.unity3d.player.UnityPlayer.executeGLThreadJobs(com.unity3d.player.UnityPlayer@755895115<file=2016-12-13_05:06:25.748><x=0><y=0><width=1196><height=768><id=-1>)
I/org.umd.logging( 6120): Method < 2047 com.unity3d.player.UnityPlayer.executeGLThreadJobs()
E/Cataloger( 6490): syncFile:/storage/emulated/0/2016-12-13_05:06:25.748.jpg
E/Cataloger( 6490): syncFile:/storage/emulated/0/2016-12-13_05:06:25.936.jpg
W/ResourceType( 6120): No known package when getting name for resource number 0xffffffff
I/org.umd.logging( 6120): Method > 2047 com.unity3d.player.UnityPlayer.executeGLThreadJobs(com.unity3d.player.UnityPlayer@755895115<file=2016-12-13_05:06:25.936><x=0><y=0><width=1196><height=768><id=-1>)
I/org.umd.logging( 6120): Method < 2047 com.unity3d.player.UnityPlayer.executeGLThreadJobs()
E/Cataloger( 6490): syncFile:/storage/emulated/0/2016-12-13_05:06:25.936.jpg
I/org.umd.logging( 6120): Method > 1 com.unity3d.player.k$1.run(com.unity3d.player.k$1@536121496)
I/org.umd.logging( 6120): Method > 1 com.unity3d.player.UnityPlayerNativeActivity.onTouchEvent(com.prime31.UnityPlayerNativeActivity@410649080<activity=true>, android.view.MotionEvent@585438270)
I/org.umd.logging( 6120): Method < 1 com.unity3d.player.UnityPlayerNativeActivity.onTouchEvent(false)
I/org.umd.logging( 6120): Method > 1 com.unity3d.player.k$1.run(com.unity3d.player.k$1@536121496)
I/org.umd.logging( 6120): Method < 1 com.unity3d.player.k$1.run()
E/Cataloger( 6490): syncFile:/storage/emulated/0/2016-12-13_05:06:26.114.jpg
W/ResourceType( 6120): No known package when getting name for resource number 0xffffffff
I/org.umd.logging( 6120): Method > 2047 com.unity3d.player.UnityPlayer.executeGLThreadJobs(com.unity3d.player.UnityPlayer@755895115<file=2016-12-13_05:06:26.114><x=0><y=0><width=1196><height=768><id=-1>)
I/org.umd.logging( 6120): Method < 2047 com.unity3d.player.UnityPlayer.executeGLThreadJobs()
E/Cataloger( 6490): syncFile:/storage/emulated/0/2016-12-13_05:06:26.114.jpg
E/Cataloger( 6490): syncFile:/storage/emulated/0/2016-12-13_05:06:26.293.jpg
W/ResourceType( 6120): No known package when getting name for resource number 0xffffffff
I/org.umd.logging( 6120): Method > 2047 com.unity3d.player.UnityPlayer.executeGLThreadJobs(com.unity3d.player.UnityPlayer@755895115<file=2016-12-13_05:06:26.293><x=0><y=0><width=1196><height=768><id=-1>)
I/org.umd.logging( 6120): Method < 2047 com.unity3d.player.UnityPlayer.executeGLThreadJobs()
E/Cataloger( 6490): syncFile:/storage/emulated/0/2016-12-13_05:06:26.293.jpg
E/Cataloger( 6490): syncFile:/storage/emulated/0/2016-12-13_05:06:26.482.jpg
W/ResourceType( 6120): No known package when getting name for resource number 0xffffffff
I/org.umd.logging( 6120): Method > 2047 com.unity3d.player.UnityPlayer.executeGLThreadJobs(com.unity3d.player.UnityPlayer@755895115<file=2016-12-13_05:06:26.482><x=0><y=0><width=1196><height=768><id=-1>)
I/org.umd.logging( 6120): Method < 2047 com.unity3d.player.UnityPlayer.executeGLThreadJobs()
E/Cataloger( 6490): syncFile:/storage/emulated/0/2016-12-13_05:06:26.482.jpg
I/org.umd.logging( 6120): Method > 1 com.unity3d.player.k$1.run(com.unity3d.player.k$1@536121496)
I/org.umd.logging( 6120): Method > 1 com.unity3d.player.UnityPlayerNativeActivity.onTouchEvent(com.prime31.UnityPlayerNativeActivity@410649080<activity=true>, android.view.MotionEvent@229159583)
I/org.umd.logging( 6120): Method < 1 com.unity3d.player.UnityPlayerNativeActivity.onTouchEvent(false)
I/org.umd.logging( 6120): Method > 1 com.unity3d.player.k$1.run(com.unity3d.player.k$1@536121496)
I/org.umd.logging( 6120): Method < 1 com.unity3d.player.k$1.run()
E/Cataloger( 6490): syncFile:/storage/emulated/0/2016-12-13_05:06:26.687.jpg
W/ResourceType( 6120): No known package when getting name for resource number 0xffffffff
I/org.umd.logging( 6120): Method > 2047 com.unity3d.player.UnityPlayer.executeGLThreadJobs(com.unity3d.player.UnityPlayer@755895115<file=2016-12-13_05:06:26.687><x=0><y=0><width=1196><height=768><id=-1>)
I/org.umd.logging( 6120): Method < 2047 com.unity3d.player.UnityPlayer.executeGLThreadJobs()
E/Cataloger( 6490): syncFile:/storage/emulated/0/2016-12-13_05:06:26.687.jpg
E/Cataloger( 6490): syncFile:/storage/emulated/0/2016-12-13_05:06:26.867.jpg
W/ResourceType( 6120): No known package when getting name for resource number 0xffffffff
I/org.umd.logging( 6120): Method > 2047 com.unity3d.player.UnityPlayer.executeGLThreadJobs(com.unity3d.player.UnityPlayer@755895115<file=2016-12-13_05:06:26.867><x=0><y=0><width=1196><height=768><id=-1>)
I/org.umd.logging( 6120): Method < 2047 com.unity3d.player.UnityPlayer.executeGLThreadJobs()
E/Cataloger( 6490): syncFile:/storage/emulated/0/2016-12-13_05:06:26.867.jpg
E/Cataloger( 6490): syncFile:/storage/emulated/0/2016-12-13_05:06:27.058.jpg
W/ResourceType( 6120): No known package when getting name for resource number 0xffffffff
I/org.umd.logging( 6120): Method > 2047 com.unity3d.player.UnityPlayer.executeGLThreadJobs(com.unity3d.player.UnityPlayer@755895115<file=2016-12-13_05:06:27.058><x=0><y=0><width=1196><height=768><id=-1>)
I/org.umd.logging( 6120): Method < 2047 com.unity3d.player.UnityPlayer.executeGLThreadJobs()
E/Cataloger( 6490): syncFile:/storage/emulated/0/2016-12-13_05:06:27.058.jpg
E/Cataloger( 6490): syncFile:/storage/emulated/0/2016-12-13_05:06:27.259.jpg
W/ResourceType( 6120): No known package when getting name for resource number 0xffffffff
I/org.umd.logging( 6120): Method > 2047 com.unity3d.player.UnityPlayer.executeGLThreadJobs(com.unity3d.player.UnityPlayer@755895115<file=2016-12-13_05:06:27.259><x=0><y=0><width=1196><height=768><id=-1>)
I/org.umd.logging( 6120): Method < 2047 com.unity3d.player.UnityPlayer.executeGLThreadJobs()
E/Cataloger( 6490): syncFile:/storage/emulated/0/2016-12-13_05:06:27.259.jpg
E/Cataloger( 6490): syncFile:/storage/emulated/0/2016-12-13_05:06:27.461.jpg
W/ResourceType( 6120): No known package when getting name for resource number 0xffffffff
I/org.umd.logging( 6120): Method > 2047 com.unity3d.player.UnityPlayer.executeGLThreadJobs(com.unity3d.player.UnityPlayer@755895115<file=2016-12-13_05:06:27.461><x=0><y=0><width=1196><height=768><id=-1>)
I/org.umd.logging( 6120): Method < 2047 com.unity3d.player.UnityPlayer.executeGLThreadJobs()
E/Cataloger( 6490): syncFile:/storage/emulated/0/2016-12-13_05:06:27.461.jpg
E/Cataloger( 6490): syncFile:/storage/emulated/0/2016-12-13_05:06:27.665.jpg
W/ResourceType( 6120): No known package when getting name for resource number 0xffffffff
I/org.umd.logging( 6120): Method > 2047 com.unity3d.player.UnityPlayer.executeGLThreadJobs(com.unity3d.player.UnityPlayer@755895115<file=2016-12-13_05:06:27.665><x=0><y=0><width=1196><height=768><id=-1>)
I/org.umd.logging( 6120): Method < 2047 com.unity3d.player.UnityPlayer.executeGLThreadJobs()
E/Cataloger( 6490): syncFile:/storage/emulated/0/2016-12-13_05:06:27.665.jpg
E/Cataloger( 6490): syncFile:/storage/emulated/0/2016-12-13_05:06:27.835.jpg
W/ResourceType( 6120): No known package when getting name for resource number 0xffffffff
I/org.umd.logging( 6120): Method > 2047 com.unity3d.player.UnityPlayer.executeGLThreadJobs(com.unity3d.player.UnityPlayer@755895115<file=2016-12-13_05:06:27.835><x=0><y=0><width=1196><height=768><id=-1>)
I/org.umd.logging( 6120): Method < 2047 com.unity3d.player.UnityPlayer.executeGLThreadJobs()
E/Cataloger( 6490): syncFile:/storage/emulated/0/2016-12-13_05:06:27.835.jpg
E/Cataloger( 6490): syncFile:/storage/emulated/0/2016-12-13_05:06:28.042.jpg
W/ResourceType( 6120): No known package when getting name for resource number 0xffffffff
I/org.umd.logging( 6120): Method > 2047 com.unity3d.player.UnityPlayer.executeGLThreadJobs(com.unity3d.player.UnityPlayer@755895115<file=2016-12-13_05:06:28.042><x=0><y=0><width=1196><height=768><id=-1>)
I/org.umd.logging( 6120): Method < 2047 com.unity3d.player.UnityPlayer.executeGLThreadJobs()
E/Cataloger( 6490): syncFile:/storage/emulated/0/2016-12-13_05:06:28.042.jpg
E/Cataloger( 6490): syncFile:/storage/emulated/0/2016-12-13_05:06:28.244.jpg
W/ResourceType( 6120): No known package when getting name for resource number 0xffffffff
I/org.umd.logging( 6120): Method > 2047 com.unity3d.player.UnityPlayer.executeGLThreadJobs(com.unity3d.player.UnityPlayer@755895115<file=2016-12-13_05:06:28.244><x=0><y=0><width=1196><height=768><id=-1>)
I/org.umd.logging( 6120): Method < 2047 com.unity3d.player.UnityPlayer.executeGLThreadJobs()
E/Cataloger( 6490): syncFile:/storage/emulated/0/2016-12-13_05:06:28.244.jpg
E/Cataloger( 6490): syncFile:/storage/emulated/0/2016-12-13_05:06:28.445.jpg
W/ResourceType( 6120): No known package when getting name for resource number 0xffffffff
I/org.umd.logging( 6120): Method > 2047 com.unity3d.player.UnityPlayer.executeGLThreadJobs(com.unity3d.player.UnityPlayer@755895115<file=2016-12-13_05:06:28.445><x=0><y=0><width=1196><height=768><id=-1>)
I/org.umd.logging( 6120): Method < 2047 com.unity3d.player.UnityPlayer.executeGLThreadJobs()
E/Cataloger( 6490): syncFile:/storage/emulated/0/2016-12-13_05:06:28.445.jpg
E/Cataloger( 6490): syncFile:/storage/emulated/0/2016-12-13_05:06:28.644.jpg
W/ResourceType( 6120): No known package when getting name for resource number 0xffffffff
I/org.umd.logging( 6120): Method > 2047 com.unity3d.player.UnityPlayer.executeGLThreadJobs(com.unity3d.player.UnityPlayer@755895115<file=2016-12-13_05:06:28.644><x=0><y=0><width=1196><height=768><id=-1>)
I/org.umd.logging( 6120): Method < 2047 com.unity3d.player.UnityPlayer.executeGLThreadJobs()
E/Cataloger( 6490): syncFile:/storage/emulated/0/2016-12-13_05:06:28.644.jpg
E/Cataloger( 6490): syncFile:/storage/emulated/0/2016-12-13_05:06:28.825.jpg
W/ResourceType( 6120): No known package when getting name for resource number 0xffffffff
I/org.umd.logging( 6120): Method > 2047 com.unity3d.player.UnityPlayer.executeGLThreadJobs(com.unity3d.player.UnityPlayer@755895115<file=2016-12-13_05:06:28.825><x=0><y=0><width=1196><height=768><id=-1>)
I/org.umd.logging( 6120): Method < 2047 com.unity3d.player.UnityPlayer.executeGLThreadJobs()
E/Cataloger( 6490): syncFile:/storage/emulated/0/2016-12-13_05:06:28.825.jpg
E/Cataloger( 6490): syncFile:/storage/emulated/0/2016-12-13_05:06:29.022.jpg
W/ResourceType( 6120): No known package when getting name for resource number 0xffffffff
I/org.umd.logging( 6120): Method > 2047 com.unity3d.player.UnityPlayer.executeGLThreadJobs(com.unity3d.player.UnityPlayer@755895115<file=2016-12-13_05:06:29.022><x=0><y=0><width=1196><height=768><id=-1>)
I/org.umd.logging( 6120): Method < 2047 com.unity3d.player.UnityPlayer.executeGLThreadJobs()
E/Cataloger( 6490): syncFile:/storage/emulated/0/2016-12-13_05:06:29.022.jpg
E/Cataloger( 6490): syncFile:/storage/emulated/0/2016-12-13_05:06:29.214.jpg
W/ResourceType( 6120): No known package when getting name for resource number 0xffffffff
I/org.umd.logging( 6120): Method > 2047 com.unity3d.player.UnityPlayer.executeGLThreadJobs(com.unity3d.player.UnityPlayer@755895115<file=2016-12-13_05:06:29.214><x=0><y=0><width=1196><height=768><id=-1>)
I/org.umd.logging( 6120): Method < 2047 com.unity3d.player.UnityPlayer.executeGLThreadJobs()
E/Cataloger( 6490): syncFile:/storage/emulated/0/2016-12-13_05:06:29.214.jpg
D/ThermalDaemon(  196): Sensor 'tsens_tz_sensor10' - alarm cleared 1 at 52.0 degC
E/Cataloger( 6490): syncFile:/storage/emulated/0/2016-12-13_05:06:29.412.jpg
W/ResourceType( 6120): No known package when getting name for resource number 0xffffffff
I/org.umd.logging( 6120): Method > 2047 com.unity3d.player.UnityPlayer.executeGLThreadJobs(com.unity3d.player.UnityPlayer@755895115<file=2016-12-13_05:06:29.412><x=0><y=0><width=1196><height=768><id=-1>)
I/org.umd.logging( 6120): Method < 2047 com.unity3d.player.UnityPlayer.executeGLThreadJobs()
E/Cataloger( 6490): syncFile:/storage/emulated/0/2016-12-13_05:06:29.412.jpg
E/Cataloger( 6490): syncFile:/storage/emulated/0/2016-12-13_05:06:29.616.jpg
W/ResourceType( 6120): No known package when getting name for resource number 0xffffffff
I/org.umd.logging( 6120): Method > 2047 com.unity3d.player.UnityPlayer.executeGLThreadJobs(com.unity3d.player.UnityPlayer@755895115<file=2016-12-13_05:06:29.616><x=0><y=0><width=1196><height=768><id=-1>)
I/org.umd.logging( 6120): Method < 2047 com.unity3d.player.UnityPlayer.executeGLThreadJobs()
E/Cataloger( 6490): syncFile:/storage/emulated/0/2016-12-13_05:06:29.616.jpg
E/Cataloger( 6490): syncFile:/storage/emulated/0/2016-12-13_05:06:29.817.jpg
W/ResourceType( 6120): No known package when getting name for resource number 0xffffffff
I/org.umd.logging( 6120): Method > 2047 com.unity3d.player.UnityPlayer.executeGLThreadJobs(com.unity3d.player.UnityPlayer@755895115<file=2016-12-13_05:06:29.817><x=0><y=0><width=1196><height=768><id=-1>)
I/org.umd.logging( 6120): Method < 2047 com.unity3d.player.UnityPlayer.executeGLThreadJobs()
E/Cataloger( 6490): syncFile:/storage/emulated/0/2016-12-13_05:06:29.817.jpg
E/Cataloger( 6490): syncFile:/storage/emulated/0/2016-12-13_05:06:30.108.jpg
W/ResourceType( 6120): No known package when getting name for resource number 0xffffffff
I/org.umd.logging( 6120): Method > 2047 com.unity3d.player.UnityPlayer.executeGLThreadJobs(com.unity3d.player.UnityPlayer@755895115<file=2016-12-13_05:06:30.108><x=0><y=0><width=1196><height=768><id=-1>)
I/org.umd.logging( 6120): Method < 2047 com.unity3d.player.UnityPlayer.executeGLThreadJobs()
E/Cataloger( 6490): syncFile:/storage/emulated/0/2016-12-13_05:06:30.108.jpg
E/Cataloger( 6490): syncFile:/storage/emulated/0/2016-12-13_05:06:30.354.jpg
W/ResourceType( 6120): No known package when getting name for resource number 0xffffffff
I/org.umd.logging( 6120): Method > 2047 com.unity3d.player.UnityPlayer.executeGLThreadJobs(com.unity3d.player.UnityPlayer@755895115<file=2016-12-13_05:06:30.354><x=0><y=0><width=1196><height=768><id=-1>)
I/org.umd.logging( 6120): Method < 2047 com.unity3d.player.UnityPlayer.executeGLThreadJobs()
E/Cataloger( 6490): syncFile:/storage/emulated/0/2016-12-13_05:06:30.354.jpg
E/Cataloger( 6490): syncFile:/storage/emulated/0/2016-12-13_05:06:30.549.jpg
W/ResourceType( 6120): No known package when getting name for resource number 0xffffffff
I/org.umd.logging( 6120): Method > 2047 com.unity3d.player.UnityPlayer.executeGLThreadJobs(com.unity3d.player.UnityPlayer@755895115<file=2016-12-13_05:06:30.549><x=0><y=0><width=1196><height=768><id=-1>)
I/org.umd.logging( 6120): Method < 2047 com.unity3d.player.UnityPlayer.executeGLThreadJobs()
E/Cataloger( 6490): syncFile:/storage/emulated/0/2016-12-13_05:06:30.549.jpg
E/Cataloger( 6490): syncFile:/storage/emulated/0/2016-12-13_05:06:30.720.jpg
W/ResourceType( 6120): No known package when getting name for resource number 0xffffffff
I/org.umd.logging( 6120): Method > 2047 com.unity3d.player.UnityPlayer.executeGLThreadJobs(com.unity3d.player.UnityPlayer@755895115<file=2016-12-13_05:06:30.720><x=0><y=0><width=1196><height=768><id=-1>)
I/org.umd.logging( 6120): Method < 2047 com.unity3d.player.UnityPlayer.executeGLThreadJobs()
E/Cataloger( 6490): syncFile:/storage/emulated/0/2016-12-13_05:06:30.720.jpg
I/DownloadManagerWrapper(  949): onReceive() : Charging = true
E/Cataloger( 6490): syncFile:/storage/emulated/0/2016-12-13_05:06:30.931.jpg
I/DownloadManagerWrapper(  949): onReceive() : Charging = true
W/ResourceType( 6120): No known package when getting name for resource number 0xffffffff
I/org.umd.logging( 6120): Method > 2047 com.unity3d.player.UnityPlayer.executeGLThreadJobs(com.unity3d.player.UnityPlayer@755895115<file=2016-12-13_05:06:30.931><x=0><y=0><width=1196><height=768><id=-1>)
I/org.umd.logging( 6120): Method < 2047 com.unity3d.player.UnityPlayer.executeGLThreadJobs()
E/Cataloger( 6490): syncFile:/storage/emulated/0/2016-12-13_05:06:30.931.jpg
E/Cataloger( 6490): syncFile:/storage/emulated/0/2016-12-13_05:06:31.224.jpg
W/ResourceType( 6120): No known package when getting name for resource number 0xffffffff
E/Cataloger( 6490): syncFile:/storage/emulated/0/2016-12-13_05:06:31.224.jpg
I/org.umd.logging( 6120): Method > 2047 com.unity3d.player.UnityPlayer.executeGLThreadJobs(com.unity3d.player.UnityPlayer@755895115<file=2016-12-13_05:06:31.224><x=0><y=0><width=1196><height=768><id=-1>)
I/org.umd.logging( 6120): Method < 2047 com.unity3d.player.UnityPlayer.executeGLThreadJobs()
E/Cataloger( 6490): syncFile:/storage/emulated/0/2016-12-13_05:06:31.461.jpg
W/ResourceType( 6120): No known package when getting name for resource number 0xffffffff
I/org.umd.logging( 6120): Method > 2047 com.unity3d.player.UnityPlayer.executeGLThreadJobs(com.unity3d.player.UnityPlayer@755895115<file=2016-12-13_05:06:31.461><x=0><y=0><width=1196><height=768><id=-1>)
I/org.umd.logging( 6120): Method < 2047 com.unity3d.player.UnityPlayer.executeGLThreadJobs()
E/Cataloger( 6490): syncFile:/storage/emulated/0/2016-12-13_05:06:31.461.jpg
E/Cataloger( 6490): syncFile:/storage/emulated/0/2016-12-13_05:06:31.646.jpg
W/ResourceType( 6120): No known package when getting name for resource number 0xffffffff
I/org.umd.logging( 6120): Method > 2047 com.unity3d.player.UnityPlayer.executeGLThreadJobs(com.unity3d.player.UnityPlayer@755895115<file=2016-12-13_05:06:31.646><x=0><y=0><width=1196><height=768><id=-1>)
I/org.umd.logging( 6120): Method < 2047 com.unity3d.player.UnityPlayer.executeGLThreadJobs()
E/Cataloger( 6490): syncFile:/storage/emulated/0/2016-12-13_05:06:31.646.jpg
E/Cataloger( 6490): syncFile:/storage/emulated/0/2016-12-13_05:06:31.887.jpg
W/ResourceType( 6120): No known package when getting name for resource number 0xffffffff
I/org.umd.logging( 6120): Method > 2047 com.unity3d.player.UnityPlayer.executeGLThreadJobs(com.unity3d.player.UnityPlayer@755895115<file=2016-12-13_05:06:31.887><x=0><y=0><width=1196><height=768><id=-1>)
I/org.umd.logging( 6120): Method < 2047 com.unity3d.player.UnityPlayer.executeGLThreadJobs()
E/Cataloger( 6490): syncFile:/storage/emulated/0/2016-12-13_05:06:31.887.jpg
E/Cataloger( 6490): syncFile:/storage/emulated/0/2016-12-13_05:06:32.180.jpg
W/ResourceType( 6120): No known package when getting name for resource number 0xffffffff
I/org.umd.logging( 6120): Method > 2047 com.unity3d.player.UnityPlayer.executeGLThreadJobs(com.unity3d.player.UnityPlayer@755895115<file=2016-12-13_05:06:32.180><x=0><y=0><width=1196><height=768><id=-1>)
I/org.umd.logging( 6120): Method < 2047 com.unity3d.player.UnityPlayer.executeGLThreadJobs()
E/Cataloger( 6490): syncFile:/storage/emulated/0/2016-12-13_05:06:32.180.jpg
E/Cataloger( 6490): syncFile:/storage/emulated/0/2016-12-13_05:06:32.402.jpg
W/ResourceType( 6120): No known package when getting name for resource number 0xffffffff
I/org.umd.logging( 6120): Method > 2047 com.unity3d.player.UnityPlayer.executeGLThreadJobs(com.unity3d.player.UnityPlayer@755895115<file=2016-12-13_05:06:32.402><x=0><y=0><width=1196><height=768><id=-1>)
I/org.umd.logging( 6120): Method < 2047 com.unity3d.player.UnityPlayer.executeGLThreadJobs()
E/Cataloger( 6490): syncFile:/storage/emulated/0/2016-12-13_05:06:32.402.jpg
E/Cataloger( 6490): syncFile:/storage/emulated/0/2016-12-13_05:06:32.595.jpg
W/ResourceType( 6120): No known package when getting name for resource number 0xffffffff
I/org.umd.logging( 6120): Method > 2047 com.unity3d.player.UnityPlayer.executeGLThreadJobs(com.unity3d.player.UnityPlayer@755895115<file=2016-12-13_05:06:32.595><x=0><y=0><width=1196><height=768><id=-1>)
I/org.umd.logging( 6120): Method < 2047 com.unity3d.player.UnityPlayer.executeGLThreadJobs()
E/Cataloger( 6490): syncFile:/storage/emulated/0/2016-12-13_05:06:32.595.jpg
E/Cataloger( 6490): syncFile:/storage/emulated/0/2016-12-13_05:06:32.862.jpg
W/ResourceType( 6120): No known package when getting name for resource number 0xffffffff
I/org.umd.logging( 6120): Method > 2047 com.unity3d.player.UnityPlayer.executeGLThreadJobs(com.unity3d.player.UnityPlayer@755895115<file=2016-12-13_05:06:32.862><x=0><y=0><width=1196><height=768><id=-1>)
I/org.umd.logging( 6120): Method < 2047 com.unity3d.player.UnityPlayer.executeGLThreadJobs()
E/Cataloger( 6490): syncFile:/storage/emulated/0/2016-12-13_05:06:32.862.jpg
E/Cataloger( 6490): syncFile:/storage/emulated/0/2016-12-13_05:06:33.118.jpg
W/ResourceType( 6120): No known package when getting name for resource number 0xffffffff
I/org.umd.logging( 6120): Method > 2047 com.unity3d.player.UnityPlayer.executeGLThreadJobs(com.unity3d.player.UnityPlayer@755895115<file=2016-12-13_05:06:33.118><x=0><y=0><width=1196><height=768><id=-1>)
I/org.umd.logging( 6120): Method < 2047 com.unity3d.player.UnityPlayer.executeGLThreadJobs()
E/Cataloger( 6490): syncFile:/storage/emulated/0/2016-12-13_05:06:33.118.jpg
E/Cataloger( 6490): syncFile:/storage/emulated/0/2016-12-13_05:06:33.420.jpg
W/ResourceType( 6120): No known package when getting name for resource number 0xffffffff
I/org.umd.logging( 6120): Method > 2047 com.unity3d.player.UnityPlayer.executeGLThreadJobs(com.unity3d.player.UnityPlayer@755895115<file=2016-12-13_05:06:33.420><x=0><y=0><width=1196><height=768><id=-1>)
I/org.umd.logging( 6120): Method < 2047 com.unity3d.player.UnityPlayer.executeGLThreadJobs()
E/Cataloger( 6490): syncFile:/storage/emulated/0/2016-12-13_05:06:33.420.jpg
E/Cataloger( 6490): syncFile:/storage/emulated/0/2016-12-13_05:06:33.619.jpg
W/ResourceType( 6120): No known package when getting name for resource number 0xffffffff
I/org.umd.logging( 6120): Method > 2047 com.unity3d.player.UnityPlayer.executeGLThreadJobs(com.unity3d.player.UnityPlayer@755895115<file=2016-12-13_05:06:33.619><x=0><y=0><width=1196><height=768><id=-1>)
I/org.umd.logging( 6120): Method < 2047 com.unity3d.player.UnityPlayer.executeGLThreadJobs()
E/Cataloger( 6490): syncFile:/storage/emulated/0/2016-12-13_05:06:33.619.jpg
E/Cataloger( 6490): syncFile:/storage/emulated/0/2016-12-13_05:06:33.848.jpg
W/ResourceType( 6120): No known package when getting name for resource number 0xffffffff
I/org.umd.logging( 6120): Method > 2047 com.unity3d.player.UnityPlayer.executeGLThreadJobs(com.unity3d.player.UnityPlayer@755895115<file=2016-12-13_05:06:33.848><x=0><y=0><width=1196><height=768><id=-1>)
I/org.umd.logging( 6120): Method < 2047 com.unity3d.player.UnityPlayer.executeGLThreadJobs()
E/Cataloger( 6490): syncFile:/storage/emulated/0/2016-12-13_05:06:33.848.jpg
E/Cataloger( 6490): syncFile:/storage/emulated/0/Android/data/com.tractiongames.stickbmxfree/files/PlayerPrefs.txt
E/Cataloger( 6490): syncFile:/storage/emulated/0/Android/data/com.tractiongames.stickbmxfree/files/PlayerPrefs.txt
E/Cataloger( 6490): syncFile:/storage/emulated/0/2016-12-13_05:06:34.045.jpg
W/ResourceType( 6120): No known package when getting name for resource number 0xffffffff
I/org.umd.logging( 6120): Method > 2047 com.unity3d.player.UnityPlayer.executeGLThreadJobs(com.unity3d.player.UnityPlayer@755895115<file=2016-12-13_05:06:34.045><x=0><y=0><width=1196><height=768><id=-1>)
I/org.umd.logging( 6120): Method < 2047 com.unity3d.player.UnityPlayer.executeGLThreadJobs()
E/Cataloger( 6490): syncFile:/storage/emulated/0/2016-12-13_05:06:34.045.jpg
E/Cataloger( 6490): syncFile:/storage/emulated/0/2016-12-13_05:06:34.287.jpg
I/org.umd.logging( 4986): Method > 1 com.cleanmaster.base.crash.util.debug.b.run(com.cleanmaster.base.crash.util.debug.b@453239735)
I/org.umd.logging( 4986): Method < 1 com.cleanmaster.base.crash.util.debug.b.run()
W/ResourceType( 6120): No known package when getting name for resource number 0xffffffff
I/org.umd.logging( 6120): Method > 2047 com.unity3d.player.UnityPlayer.executeGLThreadJobs(com.unity3d.player.UnityPlayer@755895115<file=2016-12-13_05:06:34.287><x=0><y=0><width=1196><height=768><id=-1>)
I/org.umd.logging( 6120): Method < 2047 com.unity3d.player.UnityPlayer.executeGLThreadJobs()
E/Cataloger( 6490): syncFile:/storage/emulated/0/2016-12-13_05:06:34.287.jpg
D/ThermalDaemon(  196): Sensor 'tsens_tz_sensor9' - alarm cleared 1 at 53.0 degC
E/Cataloger( 6490): syncFile:/storage/emulated/0/2016-12-13_05:06:34.460.jpg
W/ResourceType( 6120): No known package when getting name for resource number 0xffffffff
I/org.umd.logging( 6120): Method > 2047 com.unity3d.player.UnityPlayer.executeGLThreadJobs(com.unity3d.player.UnityPlayer@755895115<file=2016-12-13_05:06:34.460><x=0><y=0><width=1196><height=768><id=-1>)
I/org.umd.logging( 6120): Method < 2047 com.unity3d.player.UnityPlayer.executeGLThreadJobs()
E/Cataloger( 6490): syncFile:/storage/emulated/0/2016-12-13_05:06:34.460.jpg
E/Cataloger( 6490): syncFile:/storage/emulated/0/2016-12-13_05:06:34.701.jpg
W/ResourceType( 6120): No known package when getting name for resource number 0xffffffff
I/org.umd.logging( 6120): Method > 2047 com.unity3d.player.UnityPlayer.executeGLThreadJobs(com.unity3d.player.UnityPlayer@755895115<file=2016-12-13_05:06:34.701><x=0><y=0><width=1196><height=768><id=-1>)
I/org.umd.logging( 6120): Method < 2047 com.unity3d.player.UnityPlayer.executeGLThreadJobs()
E/Cataloger( 6490): syncFile:/storage/emulated/0/2016-12-13_05:06:34.701.jpg
E/Cataloger( 6490): syncFile:/storage/emulated/0/2016-12-13_05:06:34.881.jpg
W/ResourceType( 6120): No known package when getting name for resource number 0xffffffff
I/org.umd.logging( 6120): Method > 2047 com.unity3d.player.UnityPlayer.executeGLThreadJobs(com.unity3d.player.UnityPlayer@755895115<file=2016-12-13_05:06:34.881><x=0><y=0><width=1196><height=768><id=-1>)
I/org.umd.logging( 6120): Method < 2047 com.unity3d.player.UnityPlayer.executeGLThreadJobs()
E/Cataloger( 6490): syncFile:/storage/emulated/0/2016-12-13_05:06:34.881.jpg
E/Cataloger( 6490): syncFile:/storage/emulated/0/2016-12-13_05:06:35.169.jpg
W/ResourceType( 6120): No known package when getting name for resource number 0xffffffff
I/org.umd.logging( 6120): Method > 2047 com.unity3d.player.UnityPlayer.executeGLThreadJobs(com.unity3d.player.UnityPlayer@755895115<file=2016-12-13_05:06:35.169><x=0><y=0><width=1196><height=768><id=-1>)
I/org.umd.logging( 6120): Method < 2047 com.unity3d.player.UnityPlayer.executeGLThreadJobs()
E/Cataloger( 6490): syncFile:/storage/emulated/0/2016-12-13_05:06:35.169.jpg
E/Cataloger( 6490): syncFile:/storage/emulated/0/2016-12-13_05:06:35.351.jpg
W/ResourceType( 6120): No known package when getting name for resource number 0xffffffff
I/org.umd.logging( 6120): Method > 2047 com.unity3d.player.UnityPlayer.executeGLThreadJobs(com.unity3d.player.UnityPlayer@755895115<file=2016-12-13_05:06:35.351><x=0><y=0><width=1196><height=768><id=-1>)
I/org.umd.logging( 6120): Method < 2047 com.unity3d.player.UnityPlayer.executeGLThreadJobs()
E/Cataloger( 6490): syncFile:/storage/emulated/0/2016-12-13_05:06:35.351.jpg
E/Cataloger( 6490): syncFile:/storage/emulated/0/2016-12-13_05:06:35.611.jpg
W/ResourceType( 6120): No known package when getting name for resource number 0xffffffff
I/org.umd.logging( 6120): Method > 2047 com.unity3d.player.UnityPlayer.executeGLThreadJobs(com.unity3d.player.UnityPlayer@755895115<file=2016-12-13_05:06:35.611><x=0><y=0><width=1196><height=768><id=-1>)
I/org.umd.logging( 6120): Method < 2047 com.unity3d.player.UnityPlayer.executeGLThreadJobs()
E/Cataloger( 6490): syncFile:/storage/emulated/0/2016-12-13_05:06:35.611.jpg
E/Cataloger( 6490): syncFile:/storage/emulated/0/2016-12-13_05:06:35.820.jpg
W/ResourceType( 6120): No known package when getting name for resource number 0xffffffff
I/org.umd.logging( 6120): Method > 2047 com.unity3d.player.UnityPlayer.executeGLThreadJobs(com.unity3d.player.UnityPlayer@755895115<file=2016-12-13_05:06:35.820><x=0><y=0><width=1196><height=768><id=-1>)
I/org.umd.logging( 6120): Method < 2047 com.unity3d.player.UnityPlayer.executeGLThreadJobs()
E/Cataloger( 6490): syncFile:/storage/emulated/0/2016-12-13_05:06:35.820.jpg
E/Cataloger( 6490): syncFile:/storage/emulated/0/2016-12-13_05:06:36.025.jpg
W/ResourceType( 6120): No known package when getting name for resource number 0xffffffff
I/org.umd.logging( 6120): Method > 2047 com.unity3d.player.UnityPlayer.executeGLThreadJobs(com.unity3d.player.UnityPlayer@755895115<file=2016-12-13_05:06:36.025><x=0><y=0><width=1196><height=768><id=-1>)
I/org.umd.logging( 6120): Method < 2047 com.unity3d.player.UnityPlayer.executeGLThreadJobs()
E/Cataloger( 6490): syncFile:/storage/emulated/0/2016-12-13_05:06:36.025.jpg
E/Cataloger( 6490): syncFile:/storage/emulated/0/2016-12-13_05:06:36.243.jpg
W/ResourceType( 6120): No known package when getting name for resource number 0xffffffff
I/org.umd.logging( 6120): Method > 2047 com.unity3d.player.UnityPlayer.executeGLThreadJobs(com.unity3d.player.UnityPlayer@755895115<file=2016-12-13_05:06:36.243><x=0><y=0><width=1196><height=768><id=-1>)
I/org.umd.logging( 6120): Method < 2047 com.unity3d.player.UnityPlayer.executeGLThreadJobs()
E/Cataloger( 6490): syncFile:/storage/emulated/0/2016-12-13_05:06:36.243.jpg
E/Cataloger( 6490): syncFile:/storage/emulated/0/2016-12-13_05:06:36.447.jpg
W/ResourceType( 6120): No known package when getting name for resource number 0xffffffff
I/org.umd.logging( 6120): Method > 2047 com.unity3d.player.UnityPlayer.executeGLThreadJobs(com.unity3d.player.UnityPlayer@755895115<file=2016-12-13_05:06:36.447><x=0><y=0><width=1196><height=768><id=-1>)
I/org.umd.logging( 6120): Method < 2047 com.unity3d.player.UnityPlayer.executeGLThreadJobs()
E/Cataloger( 6490): syncFile:/storage/emulated/0/2016-12-13_05:06:36.447.jpg
E/Cataloger( 6490): syncFile:/storage/emulated/0/2016-12-13_05:06:36.659.jpg
W/ResourceType( 6120): No known package when getting name for resource number 0xffffffff
I/org.umd.logging( 6120): Method > 2047 com.unity3d.player.UnityPlayer.executeGLThreadJobs(com.unity3d.player.UnityPlayer@755895115<file=2016-12-13_05:06:36.659><x=0><y=0><width=1196><height=768><id=-1>)
I/org.umd.logging( 6120): Method < 2047 com.unity3d.player.UnityPlayer.executeGLThreadJobs()
E/Cataloger( 6490): syncFile:/storage/emulated/0/2016-12-13_05:06:36.659.jpg
E/Cataloger( 6490): syncFile:/storage/emulated/0/2016-12-13_05:06:36.964.jpg
W/ResourceType( 6120): No known package when getting name for resource number 0xffffffff
I/org.umd.logging( 6120): Method > 2047 com.unity3d.player.UnityPlayer.executeGLThreadJobs(com.unity3d.player.UnityPlayer@755895115<file=2016-12-13_05:06:36.964><x=0><y=0><width=1196><height=768><id=-1>)
I/org.umd.logging( 6120): Method < 2047 com.unity3d.player.UnityPlayer.executeGLThreadJobs()
E/Cataloger( 6490): syncFile:/storage/emulated/0/2016-12-13_05:06:36.964.jpg
E/Cataloger( 6490): syncFile:/storage/emulated/0/2016-12-13_05:06:37.135.jpg
W/ResourceType( 6120): No known package when getting name for resource number 0xffffffff
I/org.umd.logging( 6120): Method > 2047 com.unity3d.player.UnityPlayer.executeGLThreadJobs(com.unity3d.player.UnityPlayer@755895115<file=2016-12-13_05:06:37.135><x=0><y=0><width=1196><height=768><id=-1>)
I/org.umd.logging( 6120): Method < 2047 com.unity3d.player.UnityPlayer.executeGLThreadJobs()
E/Cataloger( 6490): syncFile:/storage/emulated/0/2016-12-13_05:06:37.135.jpg
E/Cataloger( 6490): syncFile:/storage/emulated/0/2016-12-13_05:06:37.318.jpg
W/ResourceType( 6120): No known package when getting name for resource number 0xffffffff
I/org.umd.logging( 6120): Method > 2047 com.unity3d.player.UnityPlayer.executeGLThreadJobs(com.unity3d.player.UnityPlayer@755895115<file=2016-12-13_05:06:37.318><x=0><y=0><width=1196><height=768><id=-1>)
I/org.umd.logging( 6120): Method < 2047 com.unity3d.player.UnityPlayer.executeGLThreadJobs()
E/Cataloger( 6490): syncFile:/storage/emulated/0/2016-12-13_05:06:37.318.jpg
E/Cataloger( 6490): syncFile:/storage/emulated/0/2016-12-13_05:06:37.513.jpg
W/ResourceType( 6120): No known package when getting name for resource number 0xffffffff
I/org.umd.logging( 6120): Method > 2047 com.unity3d.player.UnityPlayer.executeGLThreadJobs(com.unity3d.player.UnityPlayer@755895115<file=2016-12-13_05:06:37.513><x=0><y=0><width=1196><height=768><id=-1>)
I/org.umd.logging( 6120): Method < 2047 com.unity3d.player.UnityPlayer.executeGLThreadJobs()
E/Cataloger( 6490): syncFile:/storage/emulated/0/2016-12-13_05:06:37.513.jpg
E/Cataloger( 6490): syncFile:/storage/emulated/0/2016-12-13_05:06:37.743.jpg
W/ResourceType( 6120): No known package when getting name for resource number 0xffffffff
I/org.umd.logging( 6120): Method > 2047 com.unity3d.player.UnityPlayer.executeGLThreadJobs(com.unity3d.player.UnityPlayer@755895115<file=2016-12-13_05:06:37.743><x=0><y=0><width=1196><height=768><id=-1>)
I/org.umd.logging( 6120): Method < 2047 com.unity3d.player.UnityPlayer.executeGLThreadJobs()
E/Cataloger( 6490): syncFile:/storage/emulated/0/2016-12-13_05:06:37.743.jpg
E/Cataloger( 6490): syncFile:/storage/emulated/0/2016-12-13_05:06:37.933.jpg
W/ResourceType( 6120): No known package when getting name for resource number 0xffffffff
I/org.umd.logging( 6120): Method > 2047 com.unity3d.player.UnityPlayer.executeGLThreadJobs(com.unity3d.player.UnityPlayer@755895115<file=2016-12-13_05:06:37.933><x=0><y=0><width=1196><height=768><id=-1>)
I/org.umd.logging( 6120): Method < 2047 com.unity3d.player.UnityPlayer.executeGLThreadJobs()
E/Cataloger( 6490): syncFile:/storage/emulated/0/2016-12-13_05:06:37.933.jpg
E/Cataloger( 6490): syncFile:/storage/emulated/0/2016-12-13_05:06:38.137.jpg
W/ResourceType( 6120): No known package when getting name for resource number 0xffffffff
I/org.umd.logging( 6120): Method > 2047 com.unity3d.player.UnityPlayer.executeGLThreadJobs(com.unity3d.player.UnityPlayer@755895115<file=2016-12-13_05:06:38.137><x=0><y=0><width=1196><height=768><id=-1>)
I/org.umd.logging( 6120): Method < 2047 com.unity3d.player.UnityPlayer.executeGLThreadJobs()
E/Cataloger( 6490): syncFile:/storage/emulated/0/2016-12-13_05:06:38.137.jpg
E/Cataloger( 6490): syncFile:/storage/emulated/0/2016-12-13_05:06:38.350.jpg
W/ResourceType( 6120): No known package when getting name for resource number 0xffffffff
I/org.umd.logging( 6120): Method > 2047 com.unity3d.player.UnityPlayer.executeGLThreadJobs(com.unity3d.player.UnityPlayer@755895115<file=2016-12-13_05:06:38.350><x=0><y=0><width=1196><height=768><id=-1>)
I/org.umd.logging( 6120): Method < 2047 com.unity3d.player.UnityPlayer.executeGLThreadJobs()
E/Cataloger( 6490): syncFile:/storage/emulated/0/2016-12-13_05:06:38.350.jpg
E/Cataloger( 6490): syncFile:/storage/emulated/0/2016-12-13_05:06:38.552.jpg
W/ResourceType( 6120): No known package when getting name for resource number 0xffffffff
I/org.umd.logging( 6120): Method > 2047 com.unity3d.player.UnityPlayer.executeGLThreadJobs(com.unity3d.player.UnityPlayer@755895115<file=2016-12-13_05:06:38.552><x=0><y=0><width=1196><height=768><id=-1>)
I/org.umd.logging( 6120): Method < 2047 com.unity3d.player.UnityPlayer.executeGLThreadJobs()
E/Cataloger( 6490): syncFile:/storage/emulated/0/2016-12-13_05:06:38.552.jpg
E/Cataloger( 6490): syncFile:/storage/emulated/0/2016-12-13_05:06:38.784.jpg
W/ResourceType( 6120): No known package when getting name for resource number 0xffffffff
I/org.umd.logging( 6120): Method > 2047 com.unity3d.player.UnityPlayer.executeGLThreadJobs(com.unity3d.player.UnityPlayer@755895115<file=2016-12-13_05:06:38.784><x=0><y=0><width=1196><height=768><id=-1>)
I/org.umd.logging( 6120): Method < 2047 com.unity3d.player.UnityPlayer.executeGLThreadJobs()
E/Cataloger( 6490): syncFile:/storage/emulated/0/2016-12-13_05:06:38.784.jpg
E/Cataloger( 6490): syncFile:/storage/emulated/0/2016-12-13_05:06:38.987.jpg
W/ResourceType( 6120): No known package when getting name for resource number 0xffffffff
I/org.umd.logging( 6120): Method > 2047 com.unity3d.player.UnityPlayer.executeGLThreadJobs(com.unity3d.player.UnityPlayer@755895115<file=2016-12-13_05:06:38.987><x=0><y=0><width=1196><height=768><id=-1>)
I/org.umd.logging( 6120): Method < 2047 com.unity3d.player.UnityPlayer.executeGLThreadJobs()
E/Cataloger( 6490): syncFile:/storage/emulated/0/2016-12-13_05:06:38.987.jpg
E/Cataloger( 6490): syncFile:/storage/emulated/0/2016-12-13_05:06:39.173.jpg
W/ResourceType( 6120): No known package when getting name for resource number 0xffffffff
I/org.umd.logging( 6120): Method > 2047 com.unity3d.player.UnityPlayer.executeGLThreadJobs(com.unity3d.player.UnityPlayer@755895115<file=2016-12-13_05:06:39.173><x=0><y=0><width=1196><height=768><id=-1>)
I/org.umd.logging( 6120): Method < 2047 com.unity3d.player.UnityPlayer.executeGLThreadJobs()
E/Cataloger( 6490): syncFile:/storage/emulated/0/2016-12-13_05:06:39.173.jpg
D/ThermalDaemon(  196): Sensor 'tsens_tz_sensor7' - alarm cleared 1 at 56.0 degC
D/ThermalDaemon(  196): Sensor 'tsens_tz_sensor8' - alarm cleared 1 at 55.0 degC
D/ThermalDaemon(  196): Sensor 'tsens_tz_sensor9' - alarm raised 1 at 60.0 degC
E/Cataloger( 6490): syncFile:/storage/emulated/0/2016-12-13_05:06:39.406.jpg
W/ResourceType( 6120): No known package when getting name for resource number 0xffffffff
I/org.umd.logging( 6120): Method > 2047 com.unity3d.player.UnityPlayer.executeGLThreadJobs(com.unity3d.player.UnityPlayer@755895115<file=2016-12-13_05:06:39.406><x=0><y=0><width=1196><height=768><id=-1>)
I/org.umd.logging( 6120): Method < 2047 com.unity3d.player.UnityPlayer.executeGLThreadJobs()
E/Cataloger( 6490): syncFile:/storage/emulated/0/2016-12-13_05:06:39.406.jpg
E/Cataloger( 6490): syncFile:/storage/emulated/0/2016-12-13_05:06:39.637.jpg
W/ResourceType( 6120): No known package when getting name for resource number 0xffffffff
I/org.umd.logging( 6120): Method > 2047 com.unity3d.player.UnityPlayer.executeGLThreadJobs(com.unity3d.player.UnityPlayer@755895115<file=2016-12-13_05:06:39.637><x=0><y=0><width=1196><height=768><id=-1>)
I/org.umd.logging( 6120): Method < 2047 com.unity3d.player.UnityPlayer.executeGLThreadJobs()
E/Cataloger( 6490): syncFile:/storage/emulated/0/2016-12-13_05:06:39.637.jpg
E/Cataloger( 6490): syncFile:/storage/emulated/0/2016-12-13_05:06:39.819.jpg
W/ResourceType( 6120): No known package when getting name for resource number 0xffffffff
I/org.umd.logging( 6120): Method > 2047 com.unity3d.player.UnityPlayer.executeGLThreadJobs(com.unity3d.player.UnityPlayer@755895115<file=2016-12-13_05:06:39.819><x=0><y=0><width=1196><height=768><id=-1>)
E/Cataloger( 6490): syncFile:/storage/emulated/0/2016-12-13_05:06:39.819.jpg
I/org.umd.logging( 6120): Method < 2047 com.unity3d.player.UnityPlayer.executeGLThreadJobs()
E/Cataloger( 6490): syncFile:/storage/emulated/0/2016-12-13_05:06:39.988.jpg
W/ResourceType( 6120): No known package when getting name for resource number 0xffffffff
I/org.umd.logging( 6120): Method > 2047 com.unity3d.player.UnityPlayer.executeGLThreadJobs(com.unity3d.player.UnityPlayer@755895115<file=2016-12-13_05:06:39.988><x=0><y=0><width=1196><height=768><id=-1>)
E/Cataloger( 6490): syncFile:/storage/emulated/0/2016-12-13_05:06:39.988.jpg
I/org.umd.logging( 6120): Method < 2047 com.unity3d.player.UnityPlayer.executeGLThreadJobs()
E/Cataloger( 6490): syncFile:/storage/emulated/0/2016-12-13_05:06:40.169.jpg
W/ResourceType( 6120): No known package when getting name for resource number 0xffffffff
I/org.umd.logging( 6120): Method > 2047 com.unity3d.player.UnityPlayer.executeGLThreadJobs(com.unity3d.player.UnityPlayer@755895115<file=2016-12-13_05:06:40.169><x=0><y=0><width=1196><height=768><id=-1>)
I/org.umd.logging( 6120): Method < 2047 com.unity3d.player.UnityPlayer.executeGLThreadJobs()
E/Cataloger( 6490): syncFile:/storage/emulated/0/2016-12-13_05:06:40.169.jpg
E/Cataloger( 6490): syncFile:/storage/emulated/0/2016-12-13_05:06:40.384.jpg
W/ResourceType( 6120): No known package when getting name for resource number 0xffffffff
I/org.umd.logging( 6120): Method > 2047 com.unity3d.player.UnityPlayer.executeGLThreadJobs(com.unity3d.player.UnityPlayer@755895115<file=2016-12-13_05:06:40.384><x=0><y=0><width=1196><height=768><id=-1>)
I/org.umd.logging( 6120): Method < 2047 com.unity3d.player.UnityPlayer.executeGLThreadJobs()
E/Cataloger( 6490): syncFile:/storage/emulated/0/2016-12-13_05:06:40.384.jpg
E/Cataloger( 6490): syncFile:/storage/emulated/0/2016-12-13_05:06:40.572.jpg
W/ResourceType( 6120): No known package when getting name for resource number 0xffffffff
I/org.umd.logging( 6120): Method > 2047 com.unity3d.player.UnityPlayer.executeGLThreadJobs(com.unity3d.player.UnityPlayer@755895115<file=2016-12-13_05:06:40.572><x=0><y=0><width=1196><height=768><id=-1>)
I/org.umd.logging( 6120): Method < 2047 com.unity3d.player.UnityPlayer.executeGLThreadJobs()
E/Cataloger( 6490): syncFile:/storage/emulated/0/2016-12-13_05:06:40.572.jpg
E/Cataloger( 6490): syncFile:/storage/emulated/0/2016-12-13_05:06:40.776.jpg
W/ResourceType( 6120): No known package when getting name for resource number 0xffffffff
I/org.umd.logging( 6120): Method > 2047 com.unity3d.player.UnityPlayer.executeGLThreadJobs(com.unity3d.player.UnityPlayer@755895115<file=2016-12-13_05:06:40.776><x=0><y=0><width=1196><height=768><id=-1>)
I/org.umd.logging( 6120): Method < 2047 com.unity3d.player.UnityPlayer.executeGLThreadJobs()
E/Cataloger( 6490): syncFile:/storage/emulated/0/2016-12-13_05:06:40.776.jpg
I/DownloadManagerWrapper(  949): onReceive() : Charging = true
E/Cataloger( 6490): syncFile:/storage/emulated/0/2016-12-13_05:06:40.953.jpg
W/ResourceType( 6120): No known package when getting name for resource number 0xffffffff
I/org.umd.logging( 6120): Method > 2047 com.unity3d.player.UnityPlayer.executeGLThreadJobs(com.unity3d.player.UnityPlayer@755895115<file=2016-12-13_05:06:40.953><x=0><y=0><width=1196><height=768><id=-1>)
I/org.umd.logging( 6120): Method < 2047 com.unity3d.player.UnityPlayer.executeGLThreadJobs()
E/Cataloger( 6490): syncFile:/storage/emulated/0/2016-12-13_05:06:40.953.jpg
E/Cataloger( 6490): syncFile:/storage/emulated/0/2016-12-13_05:06:41.197.jpg
W/ResourceType( 6120): No known package when getting name for resource number 0xffffffff
I/org.umd.logging( 6120): Method > 2047 com.unity3d.player.UnityPlayer.executeGLThreadJobs(com.unity3d.player.UnityPlayer@755895115<file=2016-12-13_05:06:41.197><x=0><y=0><width=1196><height=768><id=-1>)
I/org.umd.logging( 6120): Method < 2047 com.unity3d.player.UnityPlayer.executeGLThreadJobs()
E/Cataloger( 6490): syncFile:/storage/emulated/0/2016-12-13_05:06:41.197.jpg
E/Cataloger( 6490): syncFile:/storage/emulated/0/2016-12-13_05:06:41.363.jpg
