I/org.umd.logging( 6120): Method > 1 com.unity3d.player.UnityPlayerNativeActivity.onTouchEvent(com.prime31.UnityPlayerNativeActivity@410649080<activity=true>, android.view.MotionEvent@1005332757)
I/org.umd.logging( 6120): Method < 1 com.unity3d.player.UnityPlayerNativeActivity.onTouchEvent(false)
I/org.umd.logging( 6120): Method > 1 com.unity3d.player.k$1.run(com.unity3d.player.k$1@536121496)
I/org.umd.logging( 6120): Method > 1 com.unity3d.player.UnityPlayerNativeActivity.onTouchEvent(com.prime31.UnityPlayerNativeActivity@410649080<activity=true>, android.view.MotionEvent@324015146)
I/org.umd.logging( 6120): Method < 1 com.unity3d.player.UnityPlayerNativeActivity.onTouchEvent(false)
I/org.umd.logging( 6120): Method > 1 com.unity3d.player.k$1.run(com.unity3d.player.k$1@536121496)
I/org.umd.logging( 6120): Method > 1 com.unity3d.player.UnityPlayerNativeActivity.onTouchEvent(com.prime31.UnityPlayerNativeActivity@410649080<activity=true>, android.view.MotionEvent@565809691)
I/org.umd.logging( 6120): Method < 1 com.unity3d.player.UnityPlayerNativeActivity.onTouchEvent(false)
I/org.umd.logging( 6120): Method > 1 com.unity3d.player.k$1.run(com.unity3d.player.k$1@536121496)
I/org.umd.logging( 6120): Method < 1 com.unity3d.player.k$1.run()
I/org.umd.logging( 6120): Method > 1 com.unity3d.player.k$1.run(com.unity3d.player.k$1@536121496)
I/org.umd.logging( 6120): Method < 1 com.unity3d.player.k$1.run()
I/org.umd.logging( 6120): Method > 1 com.unity3d.player.k$1.run(com.unity3d.player.k$1@536121496)
I/org.umd.logging( 6120): Method < 1 com.unity3d.player.k$1.run()
I/org.umd.logging( 6120): Method > 1 com.unity3d.player.k$1.run(com.unity3d.player.k$1@536121496)
I/org.umd.logging( 6120): Method < 1 com.unity3d.player.k$1.run()
I/org.umd.logging( 6120): Method > 1 com.unity3d.player.k$1.run(com.unity3d.player.k$1@536121496)
I/org.umd.logging( 6120): Method < 1 com.unity3d.player.k$1.run()
I/org.umd.logging( 6120): Method > 1 com.unity3d.player.k$1.run(com.unity3d.player.k$1@536121496)
I/org.umd.logging( 6120): Method < 1 com.unity3d.player.k$1.run()
I/org.umd.logging( 6120): Method > 1 com.unity3d.player.k$1.run(com.unity3d.player.k$1@536121496)
I/org.umd.logging( 6120): Method < 1 com.unity3d.player.k$1.run()
E/Cataloger( 6490): syncFile:/storage/emulated/0/2016-12-13_05:06:09.251.jpg
W/ResourceType( 6120): No known package when getting name for resource number 0xffffffff
I/org.umd.logging( 6120): Method > 2047 com.unity3d.player.UnityPlayer.executeGLThreadJobs(com.unity3d.player.UnityPlayer@755895115<file=2016-12-13_05:06:09.251><x=0><y=0><width=1196><height=768><id=-1>)
I/org.umd.logging( 6120): Method < 2047 com.unity3d.player.UnityPlayer.executeGLThreadJobs()
E/Cataloger( 6490): syncFile:/storage/emulated/0/2016-12-13_05:06:09.251.jpg
I/org.umd.logging( 6120): Method > 1 com.unity3d.player.k$1.run(com.unity3d.player.k$1@536121496)
I/org.umd.logging( 6120): Method > 1 com.unity3d.player.UnityPlayerNativeActivity.onTouchEvent(com.prime31.UnityPlayerNativeActivity@410649080<activity=true>, android.view.MotionEvent@40476600)
I/org.umd.logging( 6120): Method < 1 com.unity3d.player.UnityPlayerNativeActivity.onTouchEvent(false)
I/org.umd.logging( 6120): Method > 1 com.unity3d.player.k$1.run(com.unity3d.player.k$1@536121496)
I/org.umd.logging( 6120): Method > 1 com.unity3d.player.UnityPlayerNativeActivity.onTouchEvent(com.prime31.UnityPlayerNativeActivity@410649080<activity=true>, android.view.MotionEvent@905134481)
I/org.umd.logging( 6120): Method < 1 com.unity3d.player.UnityPlayerNativeActivity.onTouchEvent(false)
I/org.umd.logging( 6120): Method > 1 com.unity3d.player.k$1.run(com.unity3d.player.k$1@536121496)
I/org.umd.logging( 6120): Method > 1 com.unity3d.player.UnityPlayerNativeActivity.onTouchEvent(com.prime31.UnityPlayerNativeActivity@410649080<activity=true>, android.view.MotionEvent@498288886)
I/org.umd.logging( 6120): Method < 1 com.unity3d.player.UnityPlayerNativeActivity.onTouchEvent(false)
D/ThermalDaemon(  196): Sensor 'tsens_tz_sensor7' - alarm raised 1 at 60.0 degC
I/org.umd.logging( 6120): Method > 1 com.unity3d.player.k$1.run(com.unity3d.player.k$1@536121496)
I/org.umd.logging( 6120): Method > 1 com.unity3d.player.UnityPlayerNativeActivity.onTouchEvent(com.prime31.UnityPlayerNativeActivity@410649080<activity=true>, android.view.MotionEvent@701838583)
I/org.umd.logging( 6120): Method < 1 com.unity3d.player.UnityPlayerNativeActivity.onTouchEvent(false)
I/org.umd.logging( 6120): Method > 1 com.unity3d.player.k$1.run(com.unity3d.player.k$1@536121496)
I/org.umd.logging( 6120): Method > 1 com.unity3d.player.UnityPlayerNativeActivity.onTouchEvent(com.prime31.UnityPlayerNativeActivity@410649080<activity=true>, android.view.MotionEvent@871694180)
I/org.umd.logging( 6120): Method < 1 com.unity3d.player.UnityPlayerNativeActivity.onTouchEvent(false)
I/org.umd.logging( 6120): Method > 1 com.unity3d.player.k$1.run(com.unity3d.player.k$1@536121496)
I/org.umd.logging( 6120): Method > 1 com.unity3d.player.UnityPlayerNativeActivity.onTouchEvent(com.prime31.UnityPlayerNativeActivity@410649080<activity=true>, android.view.MotionEvent@813262285)
I/org.umd.logging( 6120): Method < 1 com.unity3d.player.UnityPlayerNativeActivity.onTouchEvent(false)
I/org.umd.logging( 6120): Method > 1 com.unity3d.player.k$1.run(com.unity3d.player.k$1@536121496)
I/org.umd.logging( 6120): Method < 1 com.unity3d.player.k$1.run()
I/org.umd.logging( 6120): Method > 1 com.unity3d.player.k$1.run(com.unity3d.player.k$1@536121496)
I/org.umd.logging( 6120): Method < 1 com.unity3d.player.k$1.run()
I/org.umd.logging( 6120): Method > 1 com.unity3d.player.k$1.run(com.unity3d.player.k$1@536121496)
I/org.umd.logging( 6120): Method < 1 com.unity3d.player.k$1.run()
I/org.umd.logging( 6120): Method > 1 com.unity3d.player.k$1.run(com.unity3d.player.k$1@536121496)
I/org.umd.logging( 6120): Method < 1 com.unity3d.player.k$1.run()
I/org.umd.logging( 6120): Method > 1 com.unity3d.player.k$1.run(com.unity3d.player.k$1@536121496)
I/org.umd.logging( 6120): Method < 1 com.unity3d.player.k$1.run()
I/org.umd.logging( 6120): Method > 1 com.unity3d.player.k$1.run(com.unity3d.player.k$1@536121496)
I/org.umd.logging( 6120): Method < 1 com.unity3d.player.k$1.run()
D/ThermalDaemon(  196): Sensor 'tsens_tz_sensor8' - alarm raised 1 at 62.0 degC
E/Cataloger( 6490): syncFile:/storage/emulated/0/2016-12-13_05:06:09.441.jpg
W/ResourceType( 6120): No known package when getting name for resource number 0xffffffff
I/org.umd.logging( 6120): Method > 2047 com.unity3d.player.UnityPlayer.executeGLThreadJobs(com.unity3d.player.UnityPlayer@755895115<file=2016-12-13_05:06:09.441><x=0><y=0><width=1196><height=768><id=-1>)
I/org.umd.logging( 6120): Method < 2047 com.unity3d.player.UnityPlayer.executeGLThreadJobs()
E/Cataloger( 6490): syncFile:/storage/emulated/0/2016-12-13_05:06:09.441.jpg
I/org.umd.logging( 6120): Method > 1 com.unity3d.player.k$1.run(com.unity3d.player.k$1@536121496)
E/Cataloger( 6490): syncFile:/storage/emulated/0/2016-12-13_05:06:09.633.jpg
E/Cataloger( 6490): syncFile:/storage/emulated/0/2016-12-13_05:06:09.627.jpg
W/ResourceType( 6120): No known package when getting name for resource number 0xffffffff
I/org.umd.logging( 6120): Method > 2047 com.unity3d.player.UnityPlayer.executeGLThreadJobs(com.unity3d.player.UnityPlayer@755895115<file=2016-12-13_05:06:09.633><x=0><y=0><width=1196><height=768><id=-1>)
I/org.umd.logging( 6120): Method < 2047 com.unity3d.player.UnityPlayer.executeGLThreadJobs()
E/Cataloger( 6490): syncFile:/storage/emulated/0/2016-12-13_05:06:09.633.jpg
W/ResourceType( 6120): No known package when getting name for resource number 0xffffffff
I/org.umd.logging( 6120): Method > 1 com.unity3d.player.UnityPlayer.onTouchEvent(com.unity3d.player.UnityPlayer@755895115<file=2016-12-13_05:06:09.627><x=0><y=0><width=1196><height=768><id=-1>, android.view.MotionEvent@709033602)
I/org.umd.logging( 6120): Method < 1 com.unity3d.player.UnityPlayer.onTouchEvent(false)
E/Cataloger( 6490): syncFile:/storage/emulated/0/2016-12-13_05:06:09.627.jpg
I/org.umd.logging( 6120): Method > 1 com.unity3d.player.UnityPlayerNativeActivity.onTouchEvent(com.prime31.UnityPlayerNativeActivity@410649080<activity=true>, android.view.MotionEvent@709033602)
I/org.umd.logging( 6120): Method < 1 com.unity3d.player.UnityPlayerNativeActivity.onTouchEvent(false)
I/org.umd.logging( 6120): Method > 1 com.unity3d.player.k$1.run(com.unity3d.player.k$1@536121496)
I/org.umd.logging( 6120): Method > 1 com.unity3d.player.UnityPlayerNativeActivity.onTouchEvent(com.prime31.UnityPlayerNativeActivity@410649080<activity=true>, android.view.MotionEvent@43919763)
I/org.umd.logging( 6120): Method < 1 com.unity3d.player.UnityPlayerNativeActivity.onTouchEvent(false)
I/org.umd.logging( 6120): Method > 1 com.unity3d.player.k$1.run(com.unity3d.player.k$1@536121496)
I/org.umd.logging( 6120): Method > 1 com.unity3d.player.UnityPlayerNativeActivity.onTouchEvent(com.prime31.UnityPlayerNativeActivity@410649080<activity=true>, android.view.MotionEvent@146058704)
I/org.umd.logging( 6120): Method < 1 com.unity3d.player.UnityPlayerNativeActivity.onTouchEvent(false)
I/org.umd.logging( 6120): Method > 1 com.unity3d.player.k$1.run(com.unity3d.player.k$1@536121496)
I/org.umd.logging( 6120): Method > 1 com.unity3d.player.UnityPlayerNativeActivity.onTouchEvent(com.prime31.UnityPlayerNativeActivity@410649080<activity=true>, android.view.MotionEvent@12816841)
I/org.umd.logging( 6120): Method < 1 com.unity3d.player.UnityPlayerNativeActivity.onTouchEvent(false)
I/org.umd.logging( 6120): Method > 1 com.unity3d.player.k$1.run(com.unity3d.player.k$1@536121496)
I/org.umd.logging( 6120): Method < 1 com.unity3d.player.k$1.run()
I/org.umd.logging( 6120): Method > 1 com.unity3d.player.k$1.run(com.unity3d.player.k$1@536121496)
I/org.umd.logging( 6120): Method < 1 com.unity3d.player.k$1.run()
I/org.umd.logging( 6120): Method > 1 com.unity3d.player.k$1.run(com.unity3d.player.k$1@536121496)
I/org.umd.logging( 6120): Method < 1 com.unity3d.player.k$1.run()
I/org.umd.logging( 6120): Method > 1 com.unity3d.player.k$1.run(com.unity3d.player.k$1@536121496)
I/org.umd.logging( 6120): Method < 1 com.unity3d.player.k$1.run()
E/Cataloger( 6490): syncFile:/storage/emulated/0/2016-12-13_05:06:09.806.jpg
W/ResourceType( 6120): No known package when getting name for resource number 0xffffffff
I/org.umd.logging( 6120): Method > 2047 com.unity3d.player.UnityPlayer.executeGLThreadJobs(com.unity3d.player.UnityPlayer@755895115<file=2016-12-13_05:06:09.806><x=0><y=0><width=1196><height=768><id=-1>)
I/org.umd.logging( 6120): Method < 2047 com.unity3d.player.UnityPlayer.executeGLThreadJobs()
E/Cataloger( 6490): syncFile:/storage/emulated/0/2016-12-13_05:06:09.806.jpg
E/Cataloger( 6490): syncFile:/storage/emulated/0/2016-12-13_05:06:09.997.jpg
W/ResourceType( 6120): No known package when getting name for resource number 0xffffffff
I/org.umd.logging( 6120): Method > 2047 com.unity3d.player.UnityPlayer.executeGLThreadJobs(com.unity3d.player.UnityPlayer@755895115<file=2016-12-13_05:06:09.997><x=0><y=0><width=1196><height=768><id=-1>)
I/org.umd.logging( 6120): Method < 2047 com.unity3d.player.UnityPlayer.executeGLThreadJobs()
E/Cataloger( 6490): syncFile:/storage/emulated/0/2016-12-13_05:06:09.997.jpg
E/Cataloger( 6490): syncFile:/storage/emulated/0/2016-12-13_05:06:10.254.jpg
W/ResourceType( 6120): No known package when getting name for resource number 0xffffffff
I/org.umd.logging( 6120): Method > 2047 com.unity3d.player.UnityPlayer.executeGLThreadJobs(com.unity3d.player.UnityPlayer@755895115<file=2016-12-13_05:06:10.254><x=0><y=0><width=1196><height=768><id=-1>)
I/org.umd.logging( 6120): Method < 2047 com.unity3d.player.UnityPlayer.executeGLThreadJobs()
E/Cataloger( 6490): syncFile:/storage/emulated/0/2016-12-13_05:06:10.254.jpg
E/Cataloger( 6490): syncFile:/storage/emulated/0/2016-12-13_05:06:10.477.jpg
W/ResourceType( 6120): No known package when getting name for resource number 0xffffffff
I/org.umd.logging( 6120): Method > 2047 com.unity3d.player.UnityPlayer.executeGLThreadJobs(com.unity3d.player.UnityPlayer@755895115<file=2016-12-13_05:06:10.477><x=0><y=0><width=1196><height=768><id=-1>)
I/org.umd.logging( 6120): Method < 2047 com.unity3d.player.UnityPlayer.executeGLThreadJobs()
E/Cataloger( 6490): syncFile:/storage/emulated/0/2016-12-13_05:06:10.477.jpg
E/Cataloger( 6490): syncFile:/storage/emulated/0/2016-12-13_05:06:10.677.jpg
W/ResourceType( 6120): No known package when getting name for resource number 0xffffffff
I/org.umd.logging( 6120): Method > 2047 com.unity3d.player.UnityPlayer.executeGLThreadJobs(com.unity3d.player.UnityPlayer@755895115<file=2016-12-13_05:06:10.677><x=0><y=0><width=1196><height=768><id=-1>)
I/org.umd.logging( 6120): Method < 2047 com.unity3d.player.UnityPlayer.executeGLThreadJobs()
E/Cataloger( 6490): syncFile:/storage/emulated/0/2016-12-13_05:06:10.677.jpg
E/Cataloger( 6490): syncFile:/storage/emulated/0/2016-12-13_05:06:10.855.jpg
I/DownloadManagerWrapper(  949): onReceive() : Charging = true
W/ResourceType( 6120): No known package when getting name for resource number 0xffffffff
I/org.umd.logging( 6120): Method > 2047 com.unity3d.player.UnityPlayer.executeGLThreadJobs(com.unity3d.player.UnityPlayer@755895115<file=2016-12-13_05:06:10.855><x=0><y=0><width=1196><height=768><id=-1>)
I/org.umd.logging( 6120): Method < 2047 com.unity3d.player.UnityPlayer.executeGLThreadJobs()
E/Cataloger( 6490): syncFile:/storage/emulated/0/2016-12-13_05:06:10.855.jpg
I/art     ( 6120): Background sticky concurrent mark sweep GC freed 918(77KB) AllocSpace objects, 2(7MB) LOS objects, 11% free, 42MB/47MB, paused 6.775ms total 21.394ms
E/Cataloger( 6490): syncFile:/storage/emulated/0/2016-12-13_05:06:11.047.jpg
W/ResourceType( 6120): No known package when getting name for resource number 0xffffffff
I/org.umd.logging( 6120): Method > 2047 com.unity3d.player.UnityPlayer.executeGLThreadJobs(com.unity3d.player.UnityPlayer@755895115<file=2016-12-13_05:06:11.047><x=0><y=0><width=1196><height=768><id=-1>)
I/org.umd.logging( 6120): Method < 2047 com.unity3d.player.UnityPlayer.executeGLThreadJobs()
E/Cataloger( 6490): syncFile:/storage/emulated/0/2016-12-13_05:06:11.047.jpg
E/Cataloger( 6490): syncFile:/storage/emulated/0/2016-12-13_05:06:11.238.jpg
W/ResourceType( 6120): No known package when getting name for resource number 0xffffffff
I/org.umd.logging( 6120): Method > 2047 com.unity3d.player.UnityPlayer.executeGLThreadJobs(com.unity3d.player.UnityPlayer@755895115<file=2016-12-13_05:06:11.238><x=0><y=0><width=1196><height=768><id=-1>)
I/org.umd.logging( 6120): Method < 2047 com.unity3d.player.UnityPlayer.executeGLThreadJobs()
E/Cataloger( 6490): syncFile:/storage/emulated/0/2016-12-13_05:06:11.238.jpg
E/Cataloger( 6490): syncFile:/storage/emulated/0/2016-12-13_05:06:11.435.jpg
W/ResourceType( 6120): No known package when getting name for resource number 0xffffffff
I/org.umd.logging( 6120): Method > 2047 com.unity3d.player.UnityPlayer.executeGLThreadJobs(com.unity3d.player.UnityPlayer@755895115<file=2016-12-13_05:06:11.435><x=0><y=0><width=1196><height=768><id=-1>)
I/org.umd.logging( 6120): Method < 2047 com.unity3d.player.UnityPlayer.executeGLThreadJobs()
E/Cataloger( 6490): syncFile:/storage/emulated/0/2016-12-13_05:06:11.435.jpg
E/Cataloger( 6490): syncFile:/storage/emulated/0/2016-12-13_05:06:11.607.jpg
W/ResourceType( 6120): No known package when getting name for resource number 0xffffffff
I/org.umd.logging( 6120): Method > 2047 com.unity3d.player.UnityPlayer.executeGLThreadJobs(com.unity3d.player.UnityPlayer@755895115<file=2016-12-13_05:06:11.607><x=0><y=0><width=1196><height=768><id=-1>)
I/org.umd.logging( 6120): Method < 2047 com.unity3d.player.UnityPlayer.executeGLThreadJobs()
E/Cataloger( 6490): syncFile:/storage/emulated/0/2016-12-13_05:06:11.607.jpg
E/Cataloger( 6490): syncFile:/storage/emulated/0/2016-12-13_05:06:11.781.jpg
W/ResourceType( 6120): No known package when getting name for resource number 0xffffffff
I/org.umd.logging( 6120): Method > 2047 com.unity3d.player.UnityPlayer.executeGLThreadJobs(com.unity3d.player.UnityPlayer@755895115<file=2016-12-13_05:06:11.781><x=0><y=0><width=1196><height=768><id=-1>)
I/org.umd.logging( 6120): Method < 2047 com.unity3d.player.UnityPlayer.executeGLThreadJobs()
E/Cataloger( 6490): syncFile:/storage/emulated/0/2016-12-13_05:06:11.781.jpg
E/Cataloger( 6490): syncFile:/storage/emulated/0/2016-12-13_05:06:12.004.jpg
W/ResourceType( 6120): No known package when getting name for resource number 0xffffffff
I/org.umd.logging( 6120): Method > 2047 com.unity3d.player.UnityPlayer.executeGLThreadJobs(com.unity3d.player.UnityPlayer@755895115<file=2016-12-13_05:06:12.004><x=0><y=0><width=1196><height=768><id=-1>)
I/org.umd.logging( 6120): Method < 2047 com.unity3d.player.UnityPlayer.executeGLThreadJobs()
E/Cataloger( 6490): syncFile:/storage/emulated/0/2016-12-13_05:06:12.004.jpg
E/Cataloger( 6490): syncFile:/storage/emulated/0/2016-12-13_05:06:12.192.jpg
W/ResourceType( 6120): No known package when getting name for resource number 0xffffffff
I/org.umd.logging( 6120): Method > 2047 com.unity3d.player.UnityPlayer.executeGLThreadJobs(com.unity3d.player.UnityPlayer@755895115<file=2016-12-13_05:06:12.192><x=0><y=0><width=1196><height=768><id=-1>)
I/org.umd.logging( 6120): Method < 2047 com.unity3d.player.UnityPlayer.executeGLThreadJobs()
E/Cataloger( 6490): syncFile:/storage/emulated/0/2016-12-13_05:06:12.192.jpg
E/Cataloger( 6490): syncFile:/storage/emulated/0/2016-12-13_05:06:12.381.jpg
W/ResourceType( 6120): No known package when getting name for resource number 0xffffffff
I/org.umd.logging( 6120): Method > 2047 com.unity3d.player.UnityPlayer.executeGLThreadJobs(com.unity3d.player.UnityPlayer@755895115<file=2016-12-13_05:06:12.381><x=0><y=0><width=1196><height=768><id=-1>)
I/org.umd.logging( 6120): Method < 2047 com.unity3d.player.UnityPlayer.executeGLThreadJobs()
E/Cataloger( 6490): syncFile:/storage/emulated/0/2016-12-13_05:06:12.381.jpg
E/Cataloger( 6490): syncFile:/storage/emulated/0/2016-12-13_05:06:12.572.jpg
W/ResourceType( 6120): No known package when getting name for resource number 0xffffffff
I/org.umd.logging( 6120): Method > 2047 com.unity3d.player.UnityPlayer.executeGLThreadJobs(com.unity3d.player.UnityPlayer@755895115<file=2016-12-13_05:06:12.572><x=0><y=0><width=1196><height=768><id=-1>)
I/org.umd.logging( 6120): Method < 2047 com.unity3d.player.UnityPlayer.executeGLThreadJobs()
E/Cataloger( 6490): syncFile:/storage/emulated/0/2016-12-13_05:06:12.572.jpg
E/Cataloger( 6490): syncFile:/storage/emulated/0/2016-12-13_05:06:12.757.jpg
W/ResourceType( 6120): No known package when getting name for resource number 0xffffffff
I/org.umd.logging( 6120): Method > 2047 com.unity3d.player.UnityPlayer.executeGLThreadJobs(com.unity3d.player.UnityPlayer@755895115<file=2016-12-13_05:06:12.757><x=0><y=0><width=1196><height=768><id=-1>)
I/org.umd.logging( 6120): Method < 2047 com.unity3d.player.UnityPlayer.executeGLThreadJobs()
E/Cataloger( 6490): syncFile:/storage/emulated/0/2016-12-13_05:06:12.757.jpg
E/Cataloger( 6490): syncFile:/storage/emulated/0/2016-12-13_05:06:12.976.jpg
W/ResourceType( 6120): No known package when getting name for resource number 0xffffffff
I/org.umd.logging( 6120): Method > 2047 com.unity3d.player.UnityPlayer.executeGLThreadJobs(com.unity3d.player.UnityPlayer@755895115<file=2016-12-13_05:06:12.976><x=0><y=0><width=1196><height=768><id=-1>)
I/org.umd.logging( 6120): Method < 2047 com.unity3d.player.UnityPlayer.executeGLThreadJobs()
E/Cataloger( 6490): syncFile:/storage/emulated/0/2016-12-13_05:06:12.976.jpg
E/Cataloger( 6490): syncFile:/storage/emulated/0/2016-12-13_05:06:13.205.jpg
W/ResourceType( 6120): No known package when getting name for resource number 0xffffffff
I/org.umd.logging( 6120): Method > 2047 com.unity3d.player.UnityPlayer.executeGLThreadJobs(com.unity3d.player.UnityPlayer@755895115<file=2016-12-13_05:06:13.205><x=0><y=0><width=1196><height=768><id=-1>)
I/org.umd.logging( 6120): Method < 2047 com.unity3d.player.UnityPlayer.executeGLThreadJobs()
E/Cataloger( 6490): syncFile:/storage/emulated/0/2016-12-13_05:06:13.205.jpg
E/Cataloger( 6490): syncFile:/storage/emulated/0/2016-12-13_05:06:13.384.jpg
W/ResourceType( 6120): No known package when getting name for resource number 0xffffffff
I/org.umd.logging( 6120): Method > 2047 com.unity3d.player.UnityPlayer.executeGLThreadJobs(com.unity3d.player.UnityPlayer@755895115<file=2016-12-13_05:06:13.384><x=0><y=0><width=1196><height=768><id=-1>)
I/org.umd.logging( 6120): Method < 2047 com.unity3d.player.UnityPlayer.executeGLThreadJobs()
E/Cataloger( 6490): syncFile:/storage/emulated/0/2016-12-13_05:06:13.384.jpg
E/Cataloger( 6490): syncFile:/storage/emulated/0/2016-12-13_05:06:13.562.jpg
W/ResourceType( 6120): No known package when getting name for resource number 0xffffffff
I/org.umd.logging( 6120): Method > 2047 com.unity3d.player.UnityPlayer.executeGLThreadJobs(com.unity3d.player.UnityPlayer@755895115<file=2016-12-13_05:06:13.562><x=0><y=0><width=1196><height=768><id=-1>)
I/org.umd.logging( 6120): Method < 2047 com.unity3d.player.UnityPlayer.executeGLThreadJobs()
E/Cataloger( 6490): syncFile:/storage/emulated/0/2016-12-13_05:06:13.562.jpg
E/Cataloger( 6490): syncFile:/storage/emulated/0/2016-12-13_05:06:13.806.jpg
W/ResourceType( 6120): No known package when getting name for resource number 0xffffffff
I/org.umd.logging( 6120): Method > 2047 com.unity3d.player.UnityPlayer.executeGLThreadJobs(com.unity3d.player.UnityPlayer@755895115<file=2016-12-13_05:06:13.806><x=0><y=0><width=1196><height=768><id=-1>)
I/org.umd.logging( 6120): Method < 2047 com.unity3d.player.UnityPlayer.executeGLThreadJobs()
E/Cataloger( 6490): syncFile:/storage/emulated/0/2016-12-13_05:06:13.806.jpg
I/org.umd.logging( 6120): Method > 1 com.unity3d.player.k$1.run(com.unity3d.player.k$1@536121496)
I/org.umd.logging( 6120): Method > 1 com.unity3d.player.UnityPlayerNativeActivity.onTouchEvent(com.prime31.UnityPlayerNativeActivity@410649080<activity=true>, android.view.MotionEvent@874938574)
I/org.umd.logging( 6120): Method < 1 com.unity3d.player.UnityPlayerNativeActivity.onTouchEvent(false)
I/org.umd.logging( 6120): Method > 1 com.unity3d.player.k$1.run(com.unity3d.player.k$1@536121496)
I/org.umd.logging( 6120): Method > 1 com.unity3d.player.UnityPlayerNativeActivity.onTouchEvent(com.prime31.UnityPlayerNativeActivity@410649080<activity=true>, android.view.MotionEvent@486001647)
I/org.umd.logging( 6120): Method < 1 com.unity3d.player.UnityPlayerNativeActivity.onTouchEvent(false)
I/org.umd.logging( 6120): Method > 1 com.unity3d.player.k$1.run(com.unity3d.player.k$1@536121496)
I/org.umd.logging( 6120): Method > 1 com.unity3d.player.UnityPlayerNativeActivity.onTouchEvent(com.prime31.UnityPlayerNativeActivity@410649080<activity=true>, android.view.MotionEvent@1065277180)
I/org.umd.logging( 6120): Method < 1 com.unity3d.player.UnityPlayerNativeActivity.onTouchEvent(false)
I/org.umd.logging( 6120): Method > 1 com.unity3d.player.k$1.run(com.unity3d.player.k$1@536121496)
I/org.umd.logging( 6120): Method < 1 com.unity3d.player.k$1.run()
I/org.umd.logging( 6120): Method > 1 com.unity3d.player.k$1.run(com.unity3d.player.k$1@536121496)
I/org.umd.logging( 6120): Method < 1 com.unity3d.player.k$1.run()
I/org.umd.logging( 6120): Method > 1 com.unity3d.player.k$1.run(com.unity3d.player.k$1@536121496)
I/org.umd.logging( 6120): Method < 1 com.unity3d.player.k$1.run()
E/Cataloger( 6490): syncFile:/storage/emulated/0/2016-12-13_05:06:14.104.jpg
W/ResourceType( 6120): No known package when getting name for resource number 0xffffffff
I/org.umd.logging( 6120): Method > 2047 com.unity3d.player.UnityPlayer.executeGLThreadJobs(com.unity3d.player.UnityPlayer@755895115<file=2016-12-13_05:06:14.104><x=0><y=0><width=1196><height=768><id=-1>)
I/org.umd.logging( 6120): Method < 2047 com.unity3d.player.UnityPlayer.executeGLThreadJobs()
E/Cataloger( 6490): syncFile:/storage/emulated/0/2016-12-13_05:06:14.104.jpg
I/org.umd.logging( 6120): Method > 1 com.unity3d.player.k$1.run(com.unity3d.player.k$1@536121496)
I/org.umd.logging( 6120): Method > 1 com.unity3d.player.UnityPlayerNativeActivity.onTouchEvent(com.prime31.UnityPlayerNativeActivity@410649080<activity=true>, android.view.MotionEvent@829063557)
I/org.umd.logging( 6120): Method < 1 com.unity3d.player.UnityPlayerNativeActivity.onTouchEvent(false)
I/org.umd.logging( 6120): Method > 1 com.unity3d.player.k$1.run(com.unity3d.player.k$1@536121496)
I/org.umd.logging( 6120): Method > 1 com.unity3d.player.UnityPlayerNativeActivity.onTouchEvent(com.prime31.UnityPlayerNativeActivity@410649080<activity=true>, android.view.MotionEvent@799923162)
I/org.umd.logging( 6120): Method < 1 com.unity3d.player.UnityPlayerNativeActivity.onTouchEvent(false)
I/org.umd.logging( 6120): Method > 1 com.unity3d.player.k$1.run(com.unity3d.player.k$1@536121496)
I/org.umd.logging( 6120): Method > 1 com.unity3d.player.UnityPlayerNativeActivity.onTouchEvent(com.prime31.UnityPlayerNativeActivity@410649080<activity=true>, android.view.MotionEvent@715077643)
I/org.umd.logging( 6120): Method < 1 com.unity3d.player.UnityPlayerNativeActivity.onTouchEvent(false)
I/org.umd.logging( 6120): Method > 1 com.unity3d.player.k$1.run(com.unity3d.player.k$1@536121496)
I/org.umd.logging( 6120): Method > 1 com.unity3d.player.UnityPlayerNativeActivity.onTouchEvent(com.prime31.UnityPlayerNativeActivity@410649080<activity=true>, android.view.MotionEvent@207644392)
I/org.umd.logging( 6120): Method < 1 com.unity3d.player.UnityPlayerNativeActivity.onTouchEvent(false)
I/org.umd.logging( 6120): Method > 1 com.unity3d.player.k$1.run(com.unity3d.player.k$1@536121496)
I/org.umd.logging( 6120): Method < 1 com.unity3d.player.k$1.run()
I/org.umd.logging( 6120): Method > 1 com.unity3d.player.k$1.run(com.unity3d.player.k$1@536121496)
I/org.umd.logging( 6120): Method < 1 com.unity3d.player.k$1.run()
I/org.umd.logging( 6120): Method > 1 com.unity3d.player.k$1.run(com.unity3d.player.k$1@536121496)
I/org.umd.logging( 6120): Method < 1 com.unity3d.player.k$1.run()
I/org.umd.logging( 6120): Method > 1 com.unity3d.player.k$1.run(com.unity3d.player.k$1@536121496)
I/org.umd.logging( 6120): Method < 1 com.unity3d.player.k$1.run()
I/org.umd.logging( 4986): Method > 1 com.cleanmaster.base.crash.util.debug.b.run(com.cleanmaster.base.crash.util.debug.b@453239735)
I/org.umd.logging( 4986): Method < 1 com.cleanmaster.base.crash.util.debug.b.run()
E/Cataloger( 6490): syncFile:/storage/emulated/0/2016-12-13_05:06:14.296.jpg
D/ThermalDaemon(  196): Sensor 'tsens_tz_sensor7' - alarm cleared 1 at 55.0 degC
W/ResourceType( 6120): No known package when getting name for resource number 0xffffffff
I/org.umd.logging( 6120): Method > 2047 com.unity3d.player.UnityPlayer.executeGLThreadJobs(com.unity3d.player.UnityPlayer@755895115<file=2016-12-13_05:06:14.296><x=0><y=0><width=1196><height=768><id=-1>)
I/org.umd.logging( 6120): Method < 2047 com.unity3d.player.UnityPlayer.executeGLThreadJobs()
E/Cataloger( 6490): syncFile:/storage/emulated/0/2016-12-13_05:06:14.296.jpg
I/org.umd.logging( 6120): Method > 1 com.unity3d.player.k$1.run(com.unity3d.player.k$1@536121496)
I/org.umd.logging( 6120): Method > 1 com.unity3d.player.UnityPlayerNativeActivity.onTouchEvent(com.prime31.UnityPlayerNativeActivity@410649080<activity=true>, android.view.MotionEvent@601272577)
I/org.umd.logging( 6120): Method < 1 com.unity3d.player.UnityPlayerNativeActivity.onTouchEvent(false)
I/org.umd.logging( 6120): Method > 1 com.unity3d.player.k$1.run(com.unity3d.player.k$1@536121496)
I/org.umd.logging( 6120): Method < 1 com.unity3d.player.k$1.run()
E/Cataloger( 6490): syncFile:/storage/emulated/0/2016-12-13_05:06:14.475.jpg
W/ResourceType( 6120): No known package when getting name for resource number 0xffffffff
I/org.umd.logging( 6120): Method > 2047 com.unity3d.player.UnityPlayer.executeGLThreadJobs(com.unity3d.player.UnityPlayer@755895115<file=2016-12-13_05:06:14.475><x=0><y=0><width=1196><height=768><id=-1>)
I/org.umd.logging( 6120): Method < 2047 com.unity3d.player.UnityPlayer.executeGLThreadJobs()
E/Cataloger( 6490): syncFile:/storage/emulated/0/2016-12-13_05:06:14.475.jpg
E/Cataloger( 6490): syncFile:/storage/emulated/0/2016-12-13_05:06:14.663.jpg
W/ResourceType( 6120): No known package when getting name for resource number 0xffffffff
I/org.umd.logging( 6120): Method > 2047 com.unity3d.player.UnityPlayer.executeGLThreadJobs(com.unity3d.player.UnityPlayer@755895115<file=2016-12-13_05:06:14.663><x=0><y=0><width=1196><height=768><id=-1>)
I/org.umd.logging( 6120): Method < 2047 com.unity3d.player.UnityPlayer.executeGLThreadJobs()
E/Cataloger( 6490): syncFile:/storage/emulated/0/2016-12-13_05:06:14.663.jpg
E/Cataloger( 6490): syncFile:/storage/emulated/0/2016-12-13_05:06:14.841.jpg
W/ResourceType( 6120): No known package when getting name for resource number 0xffffffff
I/org.umd.logging( 6120): Method > 2047 com.unity3d.player.UnityPlayer.executeGLThreadJobs(com.unity3d.player.UnityPlayer@755895115<file=2016-12-13_05:06:14.841><x=0><y=0><width=1196><height=768><id=-1>)
I/org.umd.logging( 6120): Method < 2047 com.unity3d.player.UnityPlayer.executeGLThreadJobs()
E/Cataloger( 6490): syncFile:/storage/emulated/0/2016-12-13_05:06:14.841.jpg
E/Cataloger( 6490): syncFile:/storage/emulated/0/2016-12-13_05:06:15.042.jpg
W/ResourceType( 6120): No known package when getting name for resource number 0xffffffff
I/org.umd.logging( 6120): Method > 2047 com.unity3d.player.UnityPlayer.executeGLThreadJobs(com.unity3d.player.UnityPlayer@755895115<file=2016-12-13_05:06:15.042><x=0><y=0><width=1196><height=768><id=-1>)
I/org.umd.logging( 6120): Method < 2047 com.unity3d.player.UnityPlayer.executeGLThreadJobs()
E/Cataloger( 6490): syncFile:/storage/emulated/0/2016-12-13_05:06:15.042.jpg
E/Cataloger( 6490): syncFile:/storage/emulated/0/2016-12-13_05:06:15.217.jpg
W/ResourceType( 6120): No known package when getting name for resource number 0xffffffff
I/org.umd.logging( 6120): Method > 2047 com.unity3d.player.UnityPlayer.executeGLThreadJobs(com.unity3d.player.UnityPlayer@755895115<file=2016-12-13_05:06:15.217><x=0><y=0><width=1196><height=768><id=-1>)
I/org.umd.logging( 6120): Method < 2047 com.unity3d.player.UnityPlayer.executeGLThreadJobs()
E/Cataloger( 6490): syncFile:/storage/emulated/0/2016-12-13_05:06:15.217.jpg
E/Cataloger( 6490): syncFile:/storage/emulated/0/2016-12-13_05:06:15.412.jpg
W/ResourceType( 6120): No known package when getting name for resource number 0xffffffff
I/org.umd.logging( 6120): Method > 2047 com.unity3d.player.UnityPlayer.executeGLThreadJobs(com.unity3d.player.UnityPlayer@755895115<file=2016-12-13_05:06:15.412><x=0><y=0><width=1196><height=768><id=-1>)
I/org.umd.logging( 6120): Method < 2047 com.unity3d.player.UnityPlayer.executeGLThreadJobs()
E/Cataloger( 6490): syncFile:/storage/emulated/0/2016-12-13_05:06:15.412.jpg
E/Cataloger( 6490): syncFile:/storage/emulated/0/2016-12-13_05:06:15.633.jpg
W/ResourceType( 6120): No known package when getting name for resource number 0xffffffff
I/org.umd.logging( 6120): Method > 2047 com.unity3d.player.UnityPlayer.executeGLThreadJobs(com.unity3d.player.UnityPlayer@755895115<file=2016-12-13_05:06:15.633><x=0><y=0><width=1196><height=768><id=-1>)
I/org.umd.logging( 6120): Method < 2047 com.unity3d.player.UnityPlayer.executeGLThreadJobs()
E/Cataloger( 6490): syncFile:/storage/emulated/0/2016-12-13_05:06:15.633.jpg
E/Cataloger( 6490): syncFile:/storage/emulated/0/2016-12-13_05:06:15.811.jpg
W/ResourceType( 6120): No known package when getting name for resource number 0xffffffff
I/org.umd.logging( 6120): Method > 2047 com.unity3d.player.UnityPlayer.executeGLThreadJobs(com.unity3d.player.UnityPlayer@755895115<file=2016-12-13_05:06:15.811><x=0><y=0><width=1196><height=768><id=-1>)
I/org.umd.logging( 6120): Method < 2047 com.unity3d.player.UnityPlayer.executeGLThreadJobs()
E/Cataloger( 6490): syncFile:/storage/emulated/0/2016-12-13_05:06:15.811.jpg
E/Cataloger( 6490): syncFile:/storage/emulated/0/2016-12-13_05:06:15.988.jpg
W/ResourceType( 6120): No known package when getting name for resource number 0xffffffff
I/org.umd.logging( 6120): Method > 2047 com.unity3d.player.UnityPlayer.executeGLThreadJobs(com.unity3d.player.UnityPlayer@755895115<file=2016-12-13_05:06:15.988><x=0><y=0><width=1196><height=768><id=-1>)
I/org.umd.logging( 6120): Method < 2047 com.unity3d.player.UnityPlayer.executeGLThreadJobs()
E/Cataloger( 6490): syncFile:/storage/emulated/0/2016-12-13_05:06:15.988.jpg
E/Cataloger( 6490): syncFile:/storage/emulated/0/2016-12-13_05:06:16.180.jpg
W/ResourceType( 6120): No known package when getting name for resource number 0xffffffff
I/org.umd.logging( 6120): Method > 2047 com.unity3d.player.UnityPlayer.executeGLThreadJobs(com.unity3d.player.UnityPlayer@755895115<file=2016-12-13_05:06:16.180><x=0><y=0><width=1196><height=768><id=-1>)
I/org.umd.logging( 6120): Method < 2047 com.unity3d.player.UnityPlayer.executeGLThreadJobs()
E/Cataloger( 6490): syncFile:/storage/emulated/0/2016-12-13_05:06:16.180.jpg
E/Cataloger( 6490): syncFile:/storage/emulated/0/2016-12-13_05:06:16.395.jpg
W/ResourceType( 6120): No known package when getting name for resource number 0xffffffff
I/org.umd.logging( 6120): Method > 2047 com.unity3d.player.UnityPlayer.executeGLThreadJobs(com.unity3d.player.UnityPlayer@755895115<file=2016-12-13_05:06:16.395><x=0><y=0><width=1196><height=768><id=-1>)
I/org.umd.logging( 6120): Method < 2047 com.unity3d.player.UnityPlayer.executeGLThreadJobs()
E/Cataloger( 6490): syncFile:/storage/emulated/0/2016-12-13_05:06:16.395.jpg
E/Cataloger( 6490): syncFile:/storage/emulated/0/2016-12-13_05:06:16.570.jpg
W/ResourceType( 6120): No known package when getting name for resource number 0xffffffff
I/org.umd.logging( 6120): Method > 2047 com.unity3d.player.UnityPlayer.executeGLThreadJobs(com.unity3d.player.UnityPlayer@755895115<file=2016-12-13_05:06:16.570><x=0><y=0><width=1196><height=768><id=-1>)
I/org.umd.logging( 6120): Method < 2047 com.unity3d.player.UnityPlayer.executeGLThreadJobs()
E/Cataloger( 6490): syncFile:/storage/emulated/0/2016-12-13_05:06:16.570.jpg
E/Cataloger( 6490): syncFile:/storage/emulated/0/2016-12-13_05:06:16.761.jpg
W/ResourceType( 6120): No known package when getting name for resource number 0xffffffff
I/org.umd.logging( 6120): Method > 2047 com.unity3d.player.UnityPlayer.executeGLThreadJobs(com.unity3d.player.UnityPlayer@755895115<file=2016-12-13_05:06:16.761><x=0><y=0><width=1196><height=768><id=-1>)
I/org.umd.logging( 6120): Method < 2047 com.unity3d.player.UnityPlayer.executeGLThreadJobs()
E/Cataloger( 6490): syncFile:/storage/emulated/0/2016-12-13_05:06:16.761.jpg
E/Cataloger( 6490): syncFile:/storage/emulated/0/2016-12-13_05:06:16.952.jpg
W/ResourceType( 6120): No known package when getting name for resource number 0xffffffff
I/org.umd.logging( 6120): Method > 2047 com.unity3d.player.UnityPlayer.executeGLThreadJobs(com.unity3d.player.UnityPlayer@755895115<file=2016-12-13_05:06:16.952><x=0><y=0><width=1196><height=768><id=-1>)
I/org.umd.logging( 6120): Method < 2047 com.unity3d.player.UnityPlayer.executeGLThreadJobs()
E/Cataloger( 6490): syncFile:/storage/emulated/0/2016-12-13_05:06:16.952.jpg
E/Cataloger( 6490): syncFile:/storage/emulated/0/2016-12-13_05:06:17.155.jpg
W/ResourceType( 6120): No known package when getting name for resource number 0xffffffff
I/org.umd.logging( 6120): Method > 2047 com.unity3d.player.UnityPlayer.executeGLThreadJobs(com.unity3d.player.UnityPlayer@755895115<file=2016-12-13_05:06:17.155><x=0><y=0><width=1196><height=768><id=-1>)
I/org.umd.logging( 6120): Method < 2047 com.unity3d.player.UnityPlayer.executeGLThreadJobs()
E/Cataloger( 6490): syncFile:/storage/emulated/0/2016-12-13_05:06:17.155.jpg
E/Cataloger( 6490): syncFile:/storage/emulated/0/2016-12-13_05:06:17.373.jpg
W/ResourceType( 6120): No known package when getting name for resource number 0xffffffff
I/org.umd.logging( 6120): Method > 2047 com.unity3d.player.UnityPlayer.executeGLThreadJobs(com.unity3d.player.UnityPlayer@755895115<file=2016-12-13_05:06:17.373><x=0><y=0><width=1196><height=768><id=-1>)
I/org.umd.logging( 6120): Method < 2047 com.unity3d.player.UnityPlayer.executeGLThreadJobs()
E/Cataloger( 6490): syncFile:/storage/emulated/0/2016-12-13_05:06:17.373.jpg
E/Cataloger( 6490): syncFile:/storage/emulated/0/2016-12-13_05:06:17.616.jpg
W/ResourceType( 6120): No known package when getting name for resource number 0xffffffff
I/org.umd.logging( 6120): Method > 2047 com.unity3d.player.UnityPlayer.executeGLThreadJobs(com.unity3d.player.UnityPlayer@755895115<file=2016-12-13_05:06:17.616><x=0><y=0><width=1196><height=768><id=-1>)
I/org.umd.logging( 6120): Method < 2047 com.unity3d.player.UnityPlayer.executeGLThreadJobs()
E/Cataloger( 6490): syncFile:/storage/emulated/0/2016-12-13_05:06:17.616.jpg
E/Cataloger( 6490): syncFile:/storage/emulated/0/2016-12-13_05:06:17.800.jpg
W/ResourceType( 6120): No known package when getting name for resource number 0xffffffff
I/org.umd.logging( 6120): Method > 2047 com.unity3d.player.UnityPlayer.executeGLThreadJobs(com.unity3d.player.UnityPlayer@755895115<file=2016-12-13_05:06:17.800><x=0><y=0><width=1196><height=768><id=-1>)
I/org.umd.logging( 6120): Method < 2047 com.unity3d.player.UnityPlayer.executeGLThreadJobs()
E/Cataloger( 6490): syncFile:/storage/emulated/0/2016-12-13_05:06:17.800.jpg
E/Cataloger( 6490): syncFile:/storage/emulated/0/2016-12-13_05:06:17.971.jpg
W/ResourceType( 6120): No known package when getting name for resource number 0xffffffff
I/org.umd.logging( 6120): Method > 2047 com.unity3d.player.UnityPlayer.executeGLThreadJobs(com.unity3d.player.UnityPlayer@755895115<file=2016-12-13_05:06:17.971><x=0><y=0><width=1196><height=768><id=-1>)
I/org.umd.logging( 6120): Method < 2047 com.unity3d.player.UnityPlayer.executeGLThreadJobs()
E/Cataloger( 6490): syncFile:/storage/emulated/0/2016-12-13_05:06:17.971.jpg
E/Cataloger( 6490): syncFile:/storage/emulated/0/2016-12-13_05:06:18.156.jpg
W/ResourceType( 6120): No known package when getting name for resource number 0xffffffff
I/org.umd.logging( 6120): Method > 2047 com.unity3d.player.UnityPlayer.executeGLThreadJobs(com.unity3d.player.UnityPlayer@755895115<file=2016-12-13_05:06:18.156><x=0><y=0><width=1196><height=768><id=-1>)
I/org.umd.logging( 6120): Method < 2047 com.unity3d.player.UnityPlayer.executeGLThreadJobs()
E/Cataloger( 6490): syncFile:/storage/emulated/0/2016-12-13_05:06:18.156.jpg
E/Cataloger( 6490): syncFile:/storage/emulated/0/2016-12-13_05:06:18.461.jpg
W/ResourceType( 6120): No known package when getting name for resource number 0xffffffff
I/org.umd.logging( 6120): Method > 2047 com.unity3d.player.UnityPlayer.executeGLThreadJobs(com.unity3d.player.UnityPlayer@755895115<file=2016-12-13_05:06:18.461><x=0><y=0><width=1196><height=768><id=-1>)
I/org.umd.logging( 6120): Method < 2047 com.unity3d.player.UnityPlayer.executeGLThreadJobs()
E/Cataloger( 6490): syncFile:/storage/emulated/0/2016-12-13_05:06:18.461.jpg
E/Cataloger( 6490): syncFile:/storage/emulated/0/2016-12-13_05:06:18.731.jpg
W/ResourceType( 6120): No known package when getting name for resource number 0xffffffff
I/org.umd.logging( 6120): Method > 2047 com.unity3d.player.UnityPlayer.executeGLThreadJobs(com.unity3d.player.UnityPlayer@755895115<file=2016-12-13_05:06:18.731><x=0><y=0><width=1196><height=768><id=-1>)
I/org.umd.logging( 6120): Method < 2047 com.unity3d.player.UnityPlayer.executeGLThreadJobs()
E/Cataloger( 6490): syncFile:/storage/emulated/0/2016-12-13_05:06:18.731.jpg
E/Cataloger( 6490): syncFile:/storage/emulated/0/2016-12-13_05:06:18.955.jpg
W/ResourceType( 6120): No known package when getting name for resource number 0xffffffff
I/org.umd.logging( 6120): Method > 2047 com.unity3d.player.UnityPlayer.executeGLThreadJobs(com.unity3d.player.UnityPlayer@755895115<file=2016-12-13_05:06:18.955><x=0><y=0><width=1196><height=768><id=-1>)
I/org.umd.logging( 6120): Method < 2047 com.unity3d.player.UnityPlayer.executeGLThreadJobs()
E/Cataloger( 6490): syncFile:/storage/emulated/0/2016-12-13_05:06:18.955.jpg
E/Cataloger( 6490): syncFile:/storage/emulated/0/2016-12-13_05:06:19.159.jpg
W/ResourceType( 6120): No known package when getting name for resource number 0xffffffff
I/org.umd.logging( 6120): Method > 2047 com.unity3d.player.UnityPlayer.executeGLThreadJobs(com.unity3d.player.UnityPlayer@755895115<file=2016-12-13_05:06:19.159><x=0><y=0><width=1196><height=768><id=-1>)
I/org.umd.logging( 6120): Method < 2047 com.unity3d.player.UnityPlayer.executeGLThreadJobs()
E/Cataloger( 6490): syncFile:/storage/emulated/0/2016-12-13_05:06:19.159.jpg
D/ThermalDaemon(  196): Sensor 'tsens_tz_sensor8' - alarm cleared 1 at 55.0 degC
D/ThermalDaemon(  196): Sensor 'tsens_tz_sensor9' - alarm raised 1 at 60.0 degC
E/Cataloger( 6490): syncFile:/storage/emulated/0/2016-12-13_05:06:19.414.jpg
W/ResourceType( 6120): No known package when getting name for resource number 0xffffffff
I/org.umd.logging( 6120): Method > 2047 com.unity3d.player.UnityPlayer.executeGLThreadJobs(com.unity3d.player.UnityPlayer@755895115<file=2016-12-13_05:06:19.414><x=0><y=0><width=1196><height=768><id=-1>)
I/org.umd.logging( 6120): Method < 2047 com.unity3d.player.UnityPlayer.executeGLThreadJobs()
E/Cataloger( 6490): syncFile:/storage/emulated/0/2016-12-13_05:06:19.414.jpg
E/Cataloger( 6490): syncFile:/storage/emulated/0/2016-12-13_05:06:19.594.jpg
W/ResourceType( 6120): No known package when getting name for resource number 0xffffffff
I/org.umd.logging( 6120): Method > 2047 com.unity3d.player.UnityPlayer.executeGLThreadJobs(com.unity3d.player.UnityPlayer@755895115<file=2016-12-13_05:06:19.594><x=0><y=0><width=1196><height=768><id=-1>)
I/org.umd.logging( 6120): Method < 2047 com.unity3d.player.UnityPlayer.executeGLThreadJobs()
E/Cataloger( 6490): syncFile:/storage/emulated/0/2016-12-13_05:06:19.594.jpg
I/org.umd.logging( 6120): Method > 1 com.unity3d.player.k$1.run(com.unity3d.player.k$1@536121496)
I/org.umd.logging( 6120): Method > 1 com.unity3d.player.UnityPlayerNativeActivity.onTouchEvent(com.prime31.UnityPlayerNativeActivity@410649080<activity=true>, android.view.MotionEvent@337501094)
I/org.umd.logging( 6120): Method < 1 com.unity3d.player.UnityPlayerNativeActivity.onTouchEvent(false)
I/org.umd.logging( 6120): Method > 1 com.unity3d.player.k$1.run(com.unity3d.player.k$1@536121496)
I/org.umd.logging( 6120): Method > 1 com.unity3d.player.UnityPlayerNativeActivity.onTouchEvent(com.prime31.UnityPlayerNativeActivity@410649080<activity=true>, android.view.MotionEvent@839338471)
I/org.umd.logging( 6120): Method < 1 com.unity3d.player.UnityPlayerNativeActivity.onTouchEvent(false)
I/org.umd.logging( 6120): Method > 1 com.unity3d.player.k$1.run(com.unity3d.player.k$1@536121496)
I/org.umd.logging( 6120): Method > 1 com.unity3d.player.UnityPlayerNativeActivity.onTouchEvent(com.prime31.UnityPlayerNativeActivity@410649080<activity=true>, android.view.MotionEvent@357108116)
I/org.umd.logging( 6120): Method < 1 com.unity3d.player.UnityPlayerNativeActivity.onTouchEvent(false)
I/org.umd.logging( 6120): Method > 1 com.unity3d.player.k$1.run(com.unity3d.player.k$1@536121496)
I/org.umd.logging( 6120): Method < 1 com.unity3d.player.k$1.run()
I/org.umd.logging( 6120): Method > 1 com.unity3d.player.k$1.run(com.unity3d.player.k$1@536121496)
I/org.umd.logging( 6120): Method < 1 com.unity3d.player.k$1.run()
I/org.umd.logging( 6120): Method > 1 com.unity3d.player.k$1.run(com.unity3d.player.k$1@536121496)
I/org.umd.logging( 6120): Method < 1 com.unity3d.player.k$1.run()
E/Cataloger( 6490): syncFile:/storage/emulated/0/2016-12-13_05:06:19.794.jpg
W/ResourceType( 6120): No known package when getting name for resource number 0xffffffff
I/org.umd.logging( 6120): Method > 2047 com.unity3d.player.UnityPlayer.executeGLThreadJobs(com.unity3d.player.UnityPlayer@755895115<file=2016-12-13_05:06:19.794><x=0><y=0><width=1196><height=768><id=-1>)
I/org.umd.logging( 6120): Method < 2047 com.unity3d.player.UnityPlayer.executeGLThreadJobs()
E/Cataloger( 6490): syncFile:/storage/emulated/0/2016-12-13_05:06:19.794.jpg
E/Cataloger( 6490): syncFile:/storage/emulated/0/2016-12-13_05:06:19.973.jpg
W/ResourceType( 6120): No known package when getting name for resource number 0xffffffff
I/org.umd.logging( 6120): Method > 2047 com.unity3d.player.UnityPlayer.executeGLThreadJobs(com.unity3d.player.UnityPlayer@755895115<file=2016-12-13_05:06:19.973><x=0><y=0><width=1196><height=768><id=-1>)
I/org.umd.logging( 6120): Method < 2047 com.unity3d.player.UnityPlayer.executeGLThreadJobs()
E/Cataloger( 6490): syncFile:/storage/emulated/0/2016-12-13_05:06:19.973.jpg
E/Cataloger( 6490): syncFile:/storage/emulated/0/2016-12-13_05:06:20.185.jpg
W/ResourceType( 6120): No known package when getting name for resource number 0xffffffff
I/org.umd.logging( 6120): Method > 2047 com.unity3d.player.UnityPlayer.executeGLThreadJobs(com.unity3d.player.UnityPlayer@755895115<file=2016-12-13_05:06:20.185><x=0><y=0><width=1196><height=768><id=-1>)
I/org.umd.logging( 6120): Method < 2047 com.unity3d.player.UnityPlayer.executeGLThreadJobs()
E/Cataloger( 6490): syncFile:/storage/emulated/0/2016-12-13_05:06:20.185.jpg
I/org.umd.logging( 6120): Method > 1 com.unity3d.player.k$1.run(com.unity3d.player.k$1@536121496)
I/org.umd.logging( 6120): Method > 1 com.unity3d.player.UnityPlayerNativeActivity.onTouchEvent(com.prime31.UnityPlayerNativeActivity@410649080<activity=true>, android.view.MotionEvent@226253885)
I/org.umd.logging( 6120): Method < 1 com.unity3d.player.UnityPlayerNativeActivity.onTouchEvent(false)
I/org.umd.logging( 6120): Method > 1 com.unity3d.player.k$1.run(com.unity3d.player.k$1@536121496)
I/org.umd.logging( 6120): Method < 1 com.unity3d.player.k$1.run()
E/Cataloger( 6490): syncFile:/storage/emulated/0/2016-12-13_05:06:20.387.jpg
W/ResourceType( 6120): No known package when getting name for resource number 0xffffffff
I/org.umd.logging( 6120): Method > 2047 com.unity3d.player.UnityPlayer.executeGLThreadJobs(com.unity3d.player.UnityPlayer@755895115<file=2016-12-13_05:06:20.387><x=0><y=0><width=1196><height=768><id=-1>)
I/org.umd.logging( 6120): Method < 2047 com.unity3d.player.UnityPlayer.executeGLThreadJobs()
E/Cataloger( 6490): syncFile:/storage/emulated/0/2016-12-13_05:06:20.387.jpg
E/Cataloger( 6490): syncFile:/storage/emulated/0/2016-12-13_05:06:20.580.jpg
W/ResourceType( 6120): No known package when getting name for resource number 0xffffffff
I/org.umd.logging( 6120): Method > 2047 com.unity3d.player.UnityPlayer.executeGLThreadJobs(com.unity3d.player.UnityPlayer@755895115<file=2016-12-13_05:06:20.580><x=0><y=0><width=1196><height=768><id=-1>)
I/org.umd.logging( 6120): Method < 2047 com.unity3d.player.UnityPlayer.executeGLThreadJobs()
E/Cataloger( 6490): syncFile:/storage/emulated/0/2016-12-13_05:06:20.580.jpg
E/Cataloger( 6490): syncFile:/storage/emulated/0/2016-12-13_05:06:20.796.jpg
W/ResourceType( 6120): No known package when getting name for resource number 0xffffffff
I/org.umd.logging( 6120): Method > 2047 com.unity3d.player.UnityPlayer.executeGLThreadJobs(com.unity3d.player.UnityPlayer@755895115<file=2016-12-13_05:06:20.796><x=0><y=0><width=1196><height=768><id=-1>)
I/org.umd.logging( 6120): Method < 2047 com.unity3d.player.UnityPlayer.executeGLThreadJobs()
E/Cataloger( 6490): syncFile:/storage/emulated/0/2016-12-13_05:06:20.796.jpg
I/org.umd.logging( 6120): Method > 1 com.unity3d.player.k$1.run(com.unity3d.player.k$1@536121496)
I/DownloadManagerWrapper(  949): onReceive() : Charging = true
I/art     ( 6120): Background partial concurrent mark sweep GC freed 616(38KB) AllocSpace objects, 6(21MB) LOS objects, 31% free, 35MB/51MB, paused 4.425ms total 107.431ms
E/Cataloger( 6490): syncFile:/storage/emulated/0/2016-12-13_05:06:20.997.jpg
E/Cataloger( 6490): syncFile:/storage/emulated/0/2016-12-13_05:06:21.034.jpg
W/ResourceType( 6120): No known package when getting name for resource number 0xffffffff
I/org.umd.logging( 6120): Method > 1 com.unity3d.player.UnityPlayer.onTouchEvent(com.unity3d.player.UnityPlayer@755895115<file=2016-12-13_05:06:20.997><x=0><y=0><width=1196><height=768><id=-1>, android.view.MotionEvent@909904946)
I/org.umd.logging( 6120): Method < 1 com.unity3d.player.UnityPlayer.onTouchEvent(false)
I/org.umd.logging( 6120): Method > 1 com.unity3d.player.UnityPlayerNativeActivity.onTouchEvent(com.prime31.UnityPlayerNativeActivity@410649080<activity=true>, android.view.MotionEvent@909904946)
E/Cataloger( 6490): syncFile:/storage/emulated/0/2016-12-13_05:06:20.997.jpg
I/org.umd.logging( 6120): Method < 1 com.unity3d.player.UnityPlayerNativeActivity.onTouchEvent(false)
I/org.umd.logging( 6120): Method > 1 com.unity3d.player.k$1.run(com.unity3d.player.k$1@536121496)
I/org.umd.logging( 6120): Method > 1 com.unity3d.player.UnityPlayerNativeActivity.onTouchEvent(com.prime31.UnityPlayerNativeActivity@410649080<activity=true>, android.view.MotionEvent@66362755)
I/org.umd.logging( 6120): Method < 1 com.unity3d.player.UnityPlayerNativeActivity.onTouchEvent(false)
I/org.umd.logging( 6120): Method > 1 com.unity3d.player.k$1.run(com.unity3d.player.k$1@536121496)
I/org.umd.logging( 6120): Method < 1 com.unity3d.player.k$1.run()
I/org.umd.logging( 6120): Method > 1 com.unity3d.player.k$1.run(com.unity3d.player.k$1@536121496)
I/org.umd.logging( 6120): Method < 1 com.unity3d.player.k$1.run()
W/ResourceType( 6120): No known package when getting name for resource number 0xffffffff
I/org.umd.logging( 6120): Method > 2047 com.unity3d.player.UnityPlayer.executeGLThreadJobs(com.unity3d.player.UnityPlayer@755895115<file=2016-12-13_05:06:21.034><x=0><y=0><width=1196><height=768><id=-1>)
I/org.umd.logging( 6120): Method < 2047 com.unity3d.player.UnityPlayer.executeGLThreadJobs()
E/Cataloger( 6490): syncFile:/storage/emulated/0/2016-12-13_05:06:21.034.jpg
I/org.umd.logging( 6120): Method > 1 com.unity3d.player.k$1.run(com.unity3d.player.k$1@536121496)
