I/org.umd.logging( 6120): Method < 1 com.unity3d.player.UnityPlayerNativeActivity.onTouchEvent(false)
I/org.umd.logging( 6120): Method > 1 com.unity3d.player.k$1.run(com.unity3d.player.k$1@536121496)
I/org.umd.logging( 6120): Method > 1 com.unity3d.player.UnityPlayerNativeActivity.onTouchEvent(com.prime31.UnityPlayerNativeActivity@410649080<activity=true>, android.view.MotionEvent@1001889908)
I/org.umd.logging( 6120): Method < 1 com.unity3d.player.UnityPlayerNativeActivity.onTouchEvent(false)
I/org.umd.logging( 6120): Method > 1 com.unity3d.player.k$1.run(com.unity3d.player.k$1@536121496)
I/org.umd.logging( 6120): Method < 1 com.unity3d.player.k$1.run()
I/org.umd.logging( 6120): Method > 1 com.unity3d.player.k$1.run(com.unity3d.player.k$1@536121496)
I/org.umd.logging( 6120): Method < 1 com.unity3d.player.k$1.run()
E/Cataloger( 6490): syncFile:/storage/emulated/0/2016-12-13_05:06:05.983.jpg
W/ResourceType( 6120): No known package when getting name for resource number 0xffffffff
I/org.umd.logging( 6120): Method > 2047 com.unity3d.player.UnityPlayer.executeGLThreadJobs(com.unity3d.player.UnityPlayer@755895115<file=2016-12-13_05:06:05.983><x=0><y=0><width=1196><height=768><id=-1>)
I/org.umd.logging( 6120): Method < 2047 com.unity3d.player.UnityPlayer.executeGLThreadJobs()
E/Cataloger( 6490): syncFile:/storage/emulated/0/2016-12-13_05:06:05.983.jpg
E/Cataloger( 6490): syncFile:/storage/emulated/0/2016-12-13_05:06:06.163.jpg
W/ResourceType( 6120): No known package when getting name for resource number 0xffffffff
I/org.umd.logging( 6120): Method > 2047 com.unity3d.player.UnityPlayer.executeGLThreadJobs(com.unity3d.player.UnityPlayer@755895115<file=2016-12-13_05:06:06.163><x=0><y=0><width=1196><height=768><id=-1>)
I/org.umd.logging( 6120): Method < 2047 com.unity3d.player.UnityPlayer.executeGLThreadJobs()
E/Cataloger( 6490): syncFile:/storage/emulated/0/2016-12-13_05:06:06.163.jpg
I/org.umd.logging( 6120): Method > 1 com.unity3d.player.k$1.run(com.unity3d.player.k$1@536121496)
W/ResourceType( 6120): No known package when getting name for resource number 0xffffffff
I/org.umd.logging( 6120): Method > 1 com.unity3d.player.UnityPlayer.onTouchEvent(com.unity3d.player.UnityPlayer@755895115<file=><x=0><y=0><width=1196><height=768><id=-1>, android.view.MotionEvent@974827026)
I/org.umd.logging( 6120): Method < 1 com.unity3d.player.UnityPlayer.onTouchEvent(false)
I/org.umd.logging( 6120): Method > 1 com.unity3d.player.UnityPlayerNativeActivity.onTouchEvent(com.prime31.UnityPlayerNativeActivity@410649080<activity=true>, android.view.MotionEvent@974827026)
I/org.umd.logging( 6120): Method < 1 com.unity3d.player.UnityPlayerNativeActivity.onTouchEvent(false)
I/org.umd.logging( 6120): Method > 1 com.unity3d.player.k$1.run(com.unity3d.player.k$1@536121496)
I/org.umd.logging( 6120): Method > 1 com.unity3d.player.UnityPlayerNativeActivity.onTouchEvent(com.prime31.UnityPlayerNativeActivity@410649080<activity=true>, android.view.MotionEvent@307349987)
I/org.umd.logging( 6120): Method < 1 com.unity3d.player.UnityPlayerNativeActivity.onTouchEvent(false)
I/org.umd.logging( 6120): Method > 1 com.unity3d.player.k$1.run(com.unity3d.player.k$1@536121496)
I/org.umd.logging( 6120): Method > 1 com.unity3d.player.UnityPlayerNativeActivity.onTouchEvent(com.prime31.UnityPlayerNativeActivity@410649080<activity=true>, android.view.MotionEvent@15224800)
I/org.umd.logging( 6120): Method < 1 com.unity3d.player.UnityPlayerNativeActivity.onTouchEvent(false)
I/org.umd.logging( 6120): Method > 1 com.unity3d.player.k$1.run(com.unity3d.player.k$1@536121496)
I/org.umd.logging( 6120): Method > 1 com.unity3d.player.UnityPlayerNativeActivity.onTouchEvent(com.prime31.UnityPlayerNativeActivity@410649080<activity=true>, android.view.MotionEvent@310407833)
I/org.umd.logging( 6120): Method < 1 com.unity3d.player.UnityPlayerNativeActivity.onTouchEvent(false)
I/org.umd.logging( 6120): Method > 1 com.unity3d.player.k$1.run(com.unity3d.player.k$1@536121496)
I/org.umd.logging( 6120): Method > 1 com.unity3d.player.UnityPlayerNativeActivity.onTouchEvent(com.prime31.UnityPlayerNativeActivity@410649080<activity=true>, android.view.MotionEvent@1056020830)
I/org.umd.logging( 6120): Method < 1 com.unity3d.player.UnityPlayerNativeActivity.onTouchEvent(false)
I/org.umd.logging( 6120): Method > 1 com.unity3d.player.k$1.run(com.unity3d.player.k$1@536121496)
I/org.umd.logging( 6120): Method > 1 com.unity3d.player.UnityPlayerNativeActivity.onTouchEvent(com.prime31.UnityPlayerNativeActivity@410649080<activity=true>, android.view.MotionEvent@642588991)
I/org.umd.logging( 6120): Method < 1 com.unity3d.player.UnityPlayerNativeActivity.onTouchEvent(false)
I/org.umd.logging( 6120): Method > 1 com.unity3d.player.k$1.run(com.unity3d.player.k$1@536121496)
I/org.umd.logging( 6120): Method > 1 com.unity3d.player.UnityPlayerNativeActivity.onTouchEvent(com.prime31.UnityPlayerNativeActivity@410649080<activity=true>, android.view.MotionEvent@78809612)
I/org.umd.logging( 6120): Method < 1 com.unity3d.player.UnityPlayerNativeActivity.onTouchEvent(false)
I/org.umd.logging( 6120): Method > 1 com.unity3d.player.k$1.run(com.unity3d.player.k$1@536121496)
I/org.umd.logging( 6120): Method > 1 com.unity3d.player.UnityPlayerNativeActivity.onTouchEvent(com.prime31.UnityPlayerNativeActivity@410649080<activity=true>, android.view.MotionEvent@928816981)
I/org.umd.logging( 6120): Method < 1 com.unity3d.player.UnityPlayerNativeActivity.onTouchEvent(false)
I/org.umd.logging( 6120): Method > 1 com.unity3d.player.k$1.run(com.unity3d.player.k$1@536121496)
I/org.umd.logging( 6120): Method < 1 com.unity3d.player.k$1.run()
I/org.umd.logging( 6120): Method > 1 com.unity3d.player.k$1.run(com.unity3d.player.k$1@536121496)
I/org.umd.logging( 6120): Method < 1 com.unity3d.player.k$1.run()
I/org.umd.logging( 6120): Method > 1 com.unity3d.player.k$1.run(com.unity3d.player.k$1@536121496)
I/org.umd.logging( 6120): Method < 1 com.unity3d.player.k$1.run()
I/org.umd.logging( 6120): Method > 1 com.unity3d.player.k$1.run(com.unity3d.player.k$1@536121496)
I/org.umd.logging( 6120): Method < 1 com.unity3d.player.k$1.run()
I/org.umd.logging( 6120): Method > 1 com.unity3d.player.k$1.run(com.unity3d.player.k$1@536121496)
I/org.umd.logging( 6120): Method < 1 com.unity3d.player.k$1.run()
I/org.umd.logging( 6120): Method > 1 com.unity3d.player.k$1.run(com.unity3d.player.k$1@536121496)
I/org.umd.logging( 6120): Method < 1 com.unity3d.player.k$1.run()
I/org.umd.logging( 6120): Method > 1 com.unity3d.player.k$1.run(com.unity3d.player.k$1@536121496)
I/org.umd.logging( 6120): Method < 1 com.unity3d.player.k$1.run()
I/org.umd.logging( 6120): Method > 1 com.unity3d.player.k$1.run(com.unity3d.player.k$1@536121496)
I/org.umd.logging( 6120): Method < 1 com.unity3d.player.k$1.run()
I/art     ( 6120): Background sticky concurrent mark sweep GC freed 800(58KB) AllocSpace objects, 1(3MB) LOS objects, 3% free, 45MB/47MB, paused 5.371ms total 42.514ms
E/Cataloger( 6490): syncFile:/storage/emulated/0/2016-12-13_05:06:06.356.jpg
W/ResourceType( 6120): No known package when getting name for resource number 0xffffffff
I/org.umd.logging( 6120): Method > 2047 com.unity3d.player.UnityPlayer.executeGLThreadJobs(com.unity3d.player.UnityPlayer@755895115<file=2016-12-13_05:06:06.356><x=0><y=0><width=1196><height=768><id=-1>)
I/org.umd.logging( 6120): Method < 2047 com.unity3d.player.UnityPlayer.executeGLThreadJobs()
E/Cataloger( 6490): syncFile:/storage/emulated/0/2016-12-13_05:06:06.356.jpg
I/org.umd.logging( 6120): Method > 1 com.unity3d.player.k$1.run(com.unity3d.player.k$1@536121496)
I/org.umd.logging( 6120): Method > 1 com.unity3d.player.UnityPlayerNativeActivity.onTouchEvent(com.prime31.UnityPlayerNativeActivity@410649080<activity=true>, android.view.MotionEvent@465169770)
I/org.umd.logging( 6120): Method < 1 com.unity3d.player.UnityPlayerNativeActivity.onTouchEvent(false)
I/org.umd.logging( 6120): Method > 1 com.unity3d.player.k$1.run(com.unity3d.player.k$1@536121496)
I/org.umd.logging( 6120): Method > 1 com.unity3d.player.UnityPlayerNativeActivity.onTouchEvent(com.prime31.UnityPlayerNativeActivity@410649080<activity=true>, android.view.MotionEvent@1048351323)
I/org.umd.logging( 6120): Method < 1 com.unity3d.player.UnityPlayerNativeActivity.onTouchEvent(false)
I/org.umd.logging( 6120): Method > 1 com.unity3d.player.k$1.run(com.unity3d.player.k$1@536121496)
I/org.umd.logging( 6120): Method > 1 com.unity3d.player.UnityPlayerNativeActivity.onTouchEvent(com.prime31.UnityPlayerNativeActivity@410649080<activity=true>, android.view.MotionEvent@486816504)
I/org.umd.logging( 6120): Method < 1 com.unity3d.player.UnityPlayerNativeActivity.onTouchEvent(false)
I/org.umd.logging( 6120): Method > 1 com.unity3d.player.k$1.run(com.unity3d.player.k$1@536121496)
I/org.umd.logging( 6120): Method > 1 com.unity3d.player.UnityPlayerNativeActivity.onTouchEvent(com.prime31.UnityPlayerNativeActivity@410649080<activity=true>, android.view.MotionEvent@949279697)
I/org.umd.logging( 6120): Method < 1 com.unity3d.player.UnityPlayerNativeActivity.onTouchEvent(false)
I/org.umd.logging( 6120): Method > 1 com.unity3d.player.k$1.run(com.unity3d.player.k$1@536121496)
I/org.umd.logging( 6120): Method > 1 com.unity3d.player.UnityPlayerNativeActivity.onTouchEvent(com.prime31.UnityPlayerNativeActivity@410649080<activity=true>, android.view.MotionEvent@117536310)
I/org.umd.logging( 6120): Method < 1 com.unity3d.player.UnityPlayerNativeActivity.onTouchEvent(false)
I/org.umd.logging( 6120): Method > 1 com.unity3d.player.k$1.run(com.unity3d.player.k$1@536121496)
I/org.umd.logging( 6120): Method > 1 com.unity3d.player.UnityPlayerNativeActivity.onTouchEvent(com.prime31.UnityPlayerNativeActivity@410649080<activity=true>, android.view.MotionEvent@292026679)
I/org.umd.logging( 6120): Method < 1 com.unity3d.player.UnityPlayerNativeActivity.onTouchEvent(false)
I/org.umd.logging( 6120): Method > 1 com.unity3d.player.k$1.run(com.unity3d.player.k$1@536121496)
I/org.umd.logging( 6120): Method > 1 com.unity3d.player.UnityPlayerNativeActivity.onTouchEvent(com.prime31.UnityPlayerNativeActivity@410649080<activity=true>, android.view.MotionEvent@247336612)
I/org.umd.logging( 6120): Method < 1 com.unity3d.player.UnityPlayerNativeActivity.onTouchEvent(false)
I/org.umd.logging( 6120): Method > 1 com.unity3d.player.k$1.run(com.unity3d.player.k$1@536121496)
I/org.umd.logging( 6120): Method > 1 com.unity3d.player.UnityPlayerNativeActivity.onTouchEvent(com.prime31.UnityPlayerNativeActivity@410649080<activity=true>, android.view.MotionEvent@641360909)
I/org.umd.logging( 6120): Method < 1 com.unity3d.player.UnityPlayerNativeActivity.onTouchEvent(false)
I/org.umd.logging( 6120): Method > 1 com.unity3d.player.k$1.run(com.unity3d.player.k$1@536121496)
I/org.umd.logging( 6120): Method < 1 com.unity3d.player.k$1.run()
I/org.umd.logging( 6120): Method > 1 com.unity3d.player.k$1.run(com.unity3d.player.k$1@536121496)
I/org.umd.logging( 6120): Method < 1 com.unity3d.player.k$1.run()
I/org.umd.logging( 6120): Method > 1 com.unity3d.player.k$1.run(com.unity3d.player.k$1@536121496)
I/org.umd.logging( 6120): Method < 1 com.unity3d.player.k$1.run()
I/org.umd.logging( 6120): Method > 1 com.unity3d.player.k$1.run(com.unity3d.player.k$1@536121496)
I/org.umd.logging( 6120): Method < 1 com.unity3d.player.k$1.run()
I/org.umd.logging( 6120): Method > 1 com.unity3d.player.k$1.run(com.unity3d.player.k$1@536121496)
I/org.umd.logging( 6120): Method < 1 com.unity3d.player.k$1.run()
I/org.umd.logging( 6120): Method > 1 com.unity3d.player.k$1.run(com.unity3d.player.k$1@536121496)
I/org.umd.logging( 6120): Method < 1 com.unity3d.player.k$1.run()
I/org.umd.logging( 6120): Method > 1 com.unity3d.player.k$1.run(com.unity3d.player.k$1@536121496)
I/org.umd.logging( 6120): Method < 1 com.unity3d.player.k$1.run()
I/org.umd.logging( 6120): Method > 1 com.unity3d.player.k$1.run(com.unity3d.player.k$1@536121496)
I/org.umd.logging( 6120): Method < 1 com.unity3d.player.k$1.run()
E/Cataloger( 6490): syncFile:/storage/emulated/0/2016-12-13_05:06:06.529.jpg
W/ResourceType( 6120): No known package when getting name for resource number 0xffffffff
I/org.umd.logging( 6120): Method > 2047 com.unity3d.player.UnityPlayer.executeGLThreadJobs(com.unity3d.player.UnityPlayer@755895115<file=2016-12-13_05:06:06.529><x=0><y=0><width=1196><height=768><id=-1>)
I/org.umd.logging( 6120): Method < 2047 com.unity3d.player.UnityPlayer.executeGLThreadJobs()
E/Cataloger( 6490): syncFile:/storage/emulated/0/2016-12-13_05:06:06.529.jpg
I/org.umd.logging( 6120): Method > 1 com.unity3d.player.k$1.run(com.unity3d.player.k$1@536121496)
I/org.umd.logging( 6120): Method > 1 com.unity3d.player.UnityPlayerNativeActivity.onTouchEvent(com.prime31.UnityPlayerNativeActivity@410649080<activity=true>, android.view.MotionEvent@6733762)
I/org.umd.logging( 6120): Method < 1 com.unity3d.player.UnityPlayerNativeActivity.onTouchEvent(false)
I/org.umd.logging( 6120): Method > 1 com.unity3d.player.k$1.run(com.unity3d.player.k$1@536121496)
I/org.umd.logging( 6120): Method > 1 com.unity3d.player.UnityPlayerNativeActivity.onTouchEvent(com.prime31.UnityPlayerNativeActivity@410649080<activity=true>, android.view.MotionEvent@205058515)
I/org.umd.logging( 6120): Method < 1 com.unity3d.player.UnityPlayerNativeActivity.onTouchEvent(false)
I/org.umd.logging( 6120): Method > 1 com.unity3d.player.k$1.run(com.unity3d.player.k$1@536121496)
I/org.umd.logging( 6120): Method > 1 com.unity3d.player.UnityPlayerNativeActivity.onTouchEvent(com.prime31.UnityPlayerNativeActivity@410649080<activity=true>, android.view.MotionEvent@706703632)
I/org.umd.logging( 6120): Method < 1 com.unity3d.player.UnityPlayerNativeActivity.onTouchEvent(false)
I/org.umd.logging( 6120): Method > 1 com.unity3d.player.k$1.run(com.unity3d.player.k$1@536121496)
I/org.umd.logging( 6120): Method > 1 com.unity3d.player.UnityPlayerNativeActivity.onTouchEvent(com.prime31.UnityPlayerNativeActivity@410649080<activity=true>, android.view.MotionEvent@104215561)
I/org.umd.logging( 6120): Method < 1 com.unity3d.player.UnityPlayerNativeActivity.onTouchEvent(false)
I/org.umd.logging( 6120): Method > 1 com.unity3d.player.k$1.run(com.unity3d.player.k$1@536121496)
I/org.umd.logging( 6120): Method > 1 com.unity3d.player.UnityPlayerNativeActivity.onTouchEvent(com.prime31.UnityPlayerNativeActivity@410649080<activity=true>, android.view.MotionEvent@820319758)
I/org.umd.logging( 6120): Method < 1 com.unity3d.player.UnityPlayerNativeActivity.onTouchEvent(false)
I/org.umd.logging( 6120): Method > 1 com.unity3d.player.k$1.run(com.unity3d.player.k$1@536121496)
I/org.umd.logging( 6120): Method > 1 com.unity3d.player.UnityPlayerNativeActivity.onTouchEvent(com.prime31.UnityPlayerNativeActivity@410649080<activity=true>, android.view.MotionEvent@991352879)
I/org.umd.logging( 6120): Method < 1 com.unity3d.player.UnityPlayerNativeActivity.onTouchEvent(false)
I/org.umd.logging( 6120): Method > 1 com.unity3d.player.k$1.run(com.unity3d.player.k$1@536121496)
I/org.umd.logging( 6120): Method > 1 com.unity3d.player.UnityPlayerNativeActivity.onTouchEvent(com.prime31.UnityPlayerNativeActivity@410649080<activity=true>, android.view.MotionEvent@32673340)
I/org.umd.logging( 6120): Method < 1 com.unity3d.player.UnityPlayerNativeActivity.onTouchEvent(false)
I/org.umd.logging( 6120): Method > 1 com.unity3d.player.k$1.run(com.unity3d.player.k$1@536121496)
I/org.umd.logging( 6120): Method > 1 com.unity3d.player.UnityPlayerNativeActivity.onTouchEvent(com.prime31.UnityPlayerNativeActivity@410649080<activity=true>, android.view.MotionEvent@973408197)
I/org.umd.logging( 6120): Method < 1 com.unity3d.player.UnityPlayerNativeActivity.onTouchEvent(false)
I/org.umd.logging( 6120): Method > 1 com.unity3d.player.k$1.run(com.unity3d.player.k$1@536121496)
I/org.umd.logging( 6120): Method > 1 com.unity3d.player.UnityPlayerNativeActivity.onTouchEvent(com.prime31.UnityPlayerNativeActivity@410649080<activity=true>, android.view.MotionEvent@65045786)
I/org.umd.logging( 6120): Method < 1 com.unity3d.player.UnityPlayerNativeActivity.onTouchEvent(false)
I/org.umd.logging( 6120): Method > 1 com.unity3d.player.k$1.run(com.unity3d.player.k$1@536121496)
I/org.umd.logging( 6120): Method > 1 com.unity3d.player.UnityPlayerNativeActivity.onTouchEvent(com.prime31.UnityPlayerNativeActivity@410649080<activity=true>, android.view.MotionEvent@457361483)
I/org.umd.logging( 6120): Method < 1 com.unity3d.player.UnityPlayerNativeActivity.onTouchEvent(false)
I/org.umd.logging( 6120): Method > 1 com.unity3d.player.k$1.run(com.unity3d.player.k$1@536121496)
I/org.umd.logging( 6120): Method > 1 com.unity3d.player.UnityPlayerNativeActivity.onTouchEvent(com.prime31.UnityPlayerNativeActivity@410649080<activity=true>, android.view.MotionEvent@695751208)
I/org.umd.logging( 6120): Method < 1 com.unity3d.player.UnityPlayerNativeActivity.onTouchEvent(false)
I/org.umd.logging( 6120): Method > 1 com.unity3d.player.k$1.run(com.unity3d.player.k$1@536121496)
I/org.umd.logging( 6120): Method < 1 com.unity3d.player.k$1.run()
I/org.umd.logging( 6120): Method > 1 com.unity3d.player.k$1.run(com.unity3d.player.k$1@536121496)
I/org.umd.logging( 6120): Method < 1 com.unity3d.player.k$1.run()
I/org.umd.logging( 6120): Method > 1 com.unity3d.player.k$1.run(com.unity3d.player.k$1@536121496)
I/org.umd.logging( 6120): Method < 1 com.unity3d.player.k$1.run()
I/org.umd.logging( 6120): Method > 1 com.unity3d.player.k$1.run(com.unity3d.player.k$1@536121496)
I/org.umd.logging( 6120): Method < 1 com.unity3d.player.k$1.run()
I/org.umd.logging( 6120): Method > 1 com.unity3d.player.k$1.run(com.unity3d.player.k$1@536121496)
I/org.umd.logging( 6120): Method < 1 com.unity3d.player.k$1.run()
I/org.umd.logging( 6120): Method > 1 com.unity3d.player.k$1.run(com.unity3d.player.k$1@536121496)
I/org.umd.logging( 6120): Method < 1 com.unity3d.player.k$1.run()
I/org.umd.logging( 6120): Method > 1 com.unity3d.player.k$1.run(com.unity3d.player.k$1@536121496)
I/org.umd.logging( 6120): Method < 1 com.unity3d.player.k$1.run()
I/org.umd.logging( 6120): Method > 1 com.unity3d.player.k$1.run(com.unity3d.player.k$1@536121496)
I/org.umd.logging( 6120): Method < 1 com.unity3d.player.k$1.run()
I/org.umd.logging( 6120): Method > 1 com.unity3d.player.k$1.run(com.unity3d.player.k$1@536121496)
I/org.umd.logging( 6120): Method < 1 com.unity3d.player.k$1.run()
I/org.umd.logging( 6120): Method > 1 com.unity3d.player.k$1.run(com.unity3d.player.k$1@536121496)
I/org.umd.logging( 6120): Method < 1 com.unity3d.player.k$1.run()
I/org.umd.logging( 6120): Method > 1 com.unity3d.player.k$1.run(com.unity3d.player.k$1@536121496)
I/org.umd.logging( 6120): Method < 1 com.unity3d.player.k$1.run()
E/Cataloger( 6490): syncFile:/storage/emulated/0/2016-12-13_05:06:06.706.jpg
W/ResourceType( 6120): No known package when getting name for resource number 0xffffffff
I/org.umd.logging( 6120): Method > 2047 com.unity3d.player.UnityPlayer.executeGLThreadJobs(com.unity3d.player.UnityPlayer@755895115<file=2016-12-13_05:06:06.706><x=0><y=0><width=1196><height=768><id=-1>)
I/org.umd.logging( 6120): Method < 2047 com.unity3d.player.UnityPlayer.executeGLThreadJobs()
E/Cataloger( 6490): syncFile:/storage/emulated/0/2016-12-13_05:06:06.706.jpg
I/org.umd.logging( 6120): Method > 1 com.unity3d.player.k$1.run(com.unity3d.player.k$1@536121496)
I/org.umd.logging( 6120): Method > 1 com.unity3d.player.UnityPlayerNativeActivity.onTouchEvent(com.prime31.UnityPlayerNativeActivity@410649080<activity=true>, android.view.MotionEvent@70474561)
I/org.umd.logging( 6120): Method < 1 com.unity3d.player.UnityPlayerNativeActivity.onTouchEvent(false)
I/org.umd.logging( 6120): Method > 1 com.unity3d.player.k$1.run(com.unity3d.player.k$1@536121496)
I/org.umd.logging( 6120): Method > 1 com.unity3d.player.UnityPlayerNativeActivity.onTouchEvent(com.prime31.UnityPlayerNativeActivity@410649080<activity=true>, android.view.MotionEvent@82958566)
I/org.umd.logging( 6120): Method < 1 com.unity3d.player.UnityPlayerNativeActivity.onTouchEvent(false)
I/org.umd.logging( 6120): Method > 1 com.unity3d.player.k$1.run(com.unity3d.player.k$1@536121496)
I/org.umd.logging( 6120): Method > 1 com.unity3d.player.UnityPlayerNativeActivity.onTouchEvent(com.prime31.UnityPlayerNativeActivity@410649080<activity=true>, android.view.MotionEvent@854826535)
I/org.umd.logging( 6120): Method < 1 com.unity3d.player.UnityPlayerNativeActivity.onTouchEvent(false)
I/org.umd.logging( 6120): Method > 1 com.unity3d.player.k$1.run(com.unity3d.player.k$1@536121496)
I/org.umd.logging( 6120): Method > 1 com.unity3d.player.UnityPlayerNativeActivity.onTouchEvent(com.prime31.UnityPlayerNativeActivity@410649080<activity=true>, android.view.MotionEvent@622094548)
I/org.umd.logging( 6120): Method < 1 com.unity3d.player.UnityPlayerNativeActivity.onTouchEvent(false)
I/org.umd.logging( 6120): Method > 1 com.unity3d.player.k$1.run(com.unity3d.player.k$1@536121496)
I/org.umd.logging( 6120): Method > 1 com.unity3d.player.UnityPlayerNativeActivity.onTouchEvent(com.prime31.UnityPlayerNativeActivity@410649080<activity=true>, android.view.MotionEvent@697920125)
I/org.umd.logging( 6120): Method < 1 com.unity3d.player.UnityPlayerNativeActivity.onTouchEvent(false)
I/org.umd.logging( 6120): Method > 1 com.unity3d.player.k$1.run(com.unity3d.player.k$1@536121496)
I/org.umd.logging( 6120): Method < 1 com.unity3d.player.k$1.run()
I/org.umd.logging( 6120): Method > 1 com.unity3d.player.k$1.run(com.unity3d.player.k$1@536121496)
I/org.umd.logging( 6120): Method < 1 com.unity3d.player.k$1.run()
I/org.umd.logging( 6120): Method > 1 com.unity3d.player.k$1.run(com.unity3d.player.k$1@536121496)
I/org.umd.logging( 6120): Method < 1 com.unity3d.player.k$1.run()
I/org.umd.logging( 6120): Method > 1 com.unity3d.player.k$1.run(com.unity3d.player.k$1@536121496)
I/org.umd.logging( 6120): Method < 1 com.unity3d.player.k$1.run()
I/org.umd.logging( 6120): Method > 1 com.unity3d.player.k$1.run(com.unity3d.player.k$1@536121496)
I/org.umd.logging( 6120): Method < 1 com.unity3d.player.k$1.run()
E/Cataloger( 6490): syncFile:/storage/emulated/0/2016-12-13_05:06:06.916.jpg
W/ResourceType( 6120): No known package when getting name for resource number 0xffffffff
I/org.umd.logging( 6120): Method > 2047 com.unity3d.player.UnityPlayer.executeGLThreadJobs(com.unity3d.player.UnityPlayer@755895115<file=2016-12-13_05:06:06.916><x=0><y=0><width=1196><height=768><id=-1>)
I/org.umd.logging( 6120): Method < 2047 com.unity3d.player.UnityPlayer.executeGLThreadJobs()
E/Cataloger( 6490): syncFile:/storage/emulated/0/2016-12-13_05:06:06.916.jpg
E/Cataloger( 6490): syncFile:/storage/emulated/0/2016-12-13_05:06:07.159.jpg
W/ResourceType( 6120): No known package when getting name for resource number 0xffffffff
I/org.umd.logging( 6120): Method > 2047 com.unity3d.player.UnityPlayer.executeGLThreadJobs(com.unity3d.player.UnityPlayer@755895115<file=2016-12-13_05:06:07.159><x=0><y=0><width=1196><height=768><id=-1>)
I/org.umd.logging( 6120): Method < 2047 com.unity3d.player.UnityPlayer.executeGLThreadJobs()
E/Cataloger( 6490): syncFile:/storage/emulated/0/2016-12-13_05:06:07.159.jpg
I/org.umd.logging( 6120): Method > 1 com.unity3d.player.k$1.run(com.unity3d.player.k$1@536121496)
I/org.umd.logging( 6120): Method > 1 com.unity3d.player.UnityPlayerNativeActivity.onTouchEvent(com.prime31.UnityPlayerNativeActivity@410649080<activity=true>, android.view.MotionEvent@242392434)
I/org.umd.logging( 6120): Method < 1 com.unity3d.player.UnityPlayerNativeActivity.onTouchEvent(false)
I/org.umd.logging( 6120): Method > 1 com.unity3d.player.k$1.run(com.unity3d.player.k$1@536121496)
I/org.umd.logging( 6120): Method > 1 com.unity3d.player.UnityPlayerNativeActivity.onTouchEvent(com.prime31.UnityPlayerNativeActivity@410649080<activity=true>, android.view.MotionEvent@183629251)
I/org.umd.logging( 6120): Method < 1 com.unity3d.player.UnityPlayerNativeActivity.onTouchEvent(false)
I/org.umd.logging( 6120): Method > 1 com.unity3d.player.k$1.run(com.unity3d.player.k$1@536121496)
I/org.umd.logging( 6120): Method < 1 com.unity3d.player.k$1.run()
I/org.umd.logging( 6120): Method > 1 com.unity3d.player.k$1.run(com.unity3d.player.k$1@536121496)
I/org.umd.logging( 6120): Method < 1 com.unity3d.player.k$1.run()
E/Cataloger( 6490): syncFile:/storage/emulated/0/2016-12-13_05:06:07.352.jpg
W/ResourceType( 6120): No known package when getting name for resource number 0xffffffff
I/org.umd.logging( 6120): Method > 2047 com.unity3d.player.UnityPlayer.executeGLThreadJobs(com.unity3d.player.UnityPlayer@755895115<file=2016-12-13_05:06:07.352><x=0><y=0><width=1196><height=768><id=-1>)
I/org.umd.logging( 6120): Method < 2047 com.unity3d.player.UnityPlayer.executeGLThreadJobs()
E/Cataloger( 6490): syncFile:/storage/emulated/0/2016-12-13_05:06:07.352.jpg
I/org.umd.logging( 6120): Method > 1 com.unity3d.player.k$1.run(com.unity3d.player.k$1@536121496)
I/org.umd.logging( 6120): Method > 1 com.unity3d.player.UnityPlayerNativeActivity.onTouchEvent(com.prime31.UnityPlayerNativeActivity@410649080<activity=true>, android.view.MotionEvent@968441408)
I/org.umd.logging( 6120): Method < 1 com.unity3d.player.UnityPlayerNativeActivity.onTouchEvent(false)
I/org.umd.logging( 6120): Method > 1 com.unity3d.player.k$1.run(com.unity3d.player.k$1@536121496)
I/org.umd.logging( 6120): Method > 1 com.unity3d.player.UnityPlayerNativeActivity.onTouchEvent(com.prime31.UnityPlayerNativeActivity@410649080<activity=true>, android.view.MotionEvent@710357369)
I/org.umd.logging( 6120): Method < 1 com.unity3d.player.UnityPlayerNativeActivity.onTouchEvent(false)
I/org.umd.logging( 6120): Method > 1 com.unity3d.player.k$1.run(com.unity3d.player.k$1@536121496)
I/org.umd.logging( 6120): Method > 1 com.unity3d.player.UnityPlayerNativeActivity.onTouchEvent(com.prime31.UnityPlayerNativeActivity@410649080<activity=true>, android.view.MotionEvent@348724926)
I/org.umd.logging( 6120): Method < 1 com.unity3d.player.UnityPlayerNativeActivity.onTouchEvent(false)
I/org.umd.logging( 6120): Method > 1 com.unity3d.player.k$1.run(com.unity3d.player.k$1@536121496)
I/org.umd.logging( 6120): Method < 1 com.unity3d.player.k$1.run()
I/org.umd.logging( 6120): Method > 1 com.unity3d.player.k$1.run(com.unity3d.player.k$1@536121496)
I/org.umd.logging( 6120): Method < 1 com.unity3d.player.k$1.run()
I/org.umd.logging( 6120): Method > 1 com.unity3d.player.k$1.run(com.unity3d.player.k$1@536121496)
I/org.umd.logging( 6120): Method < 1 com.unity3d.player.k$1.run()
E/Cataloger( 6490): syncFile:/storage/emulated/0/2016-12-13_05:06:07.587.jpg
W/ResourceType( 6120): No known package when getting name for resource number 0xffffffff
I/org.umd.logging( 6120): Method > 2047 com.unity3d.player.UnityPlayer.executeGLThreadJobs(com.unity3d.player.UnityPlayer@755895115<file=2016-12-13_05:06:07.587><x=0><y=0><width=1196><height=768><id=-1>)
I/org.umd.logging( 6120): Method < 2047 com.unity3d.player.UnityPlayer.executeGLThreadJobs()
E/Cataloger( 6490): syncFile:/storage/emulated/0/2016-12-13_05:06:07.587.jpg
I/org.umd.logging( 6120): Method > 1 com.unity3d.player.k$1.run(com.unity3d.player.k$1@536121496)
E/Cataloger( 6490): syncFile:/storage/emulated/0/2016-12-13_05:06:07.772.jpg
W/ResourceType( 6120): No known package when getting name for resource number 0xffffffff
I/org.umd.logging( 6120): Method > 1 com.unity3d.player.UnityPlayer.onTouchEvent(com.unity3d.player.UnityPlayer@755895115<file=2016-12-13_05:06:07.772><x=0><y=0><width=1196><height=768><id=-1>, android.view.MotionEvent@636758815)
I/org.umd.logging( 6120): Method < 1 com.unity3d.player.UnityPlayer.onTouchEvent(false)
I/org.umd.logging( 6120): Method > 1 com.unity3d.player.UnityPlayerNativeActivity.onTouchEvent(com.prime31.UnityPlayerNativeActivity@410649080<activity=true>, android.view.MotionEvent@636758815)
I/org.umd.logging( 6120): Method < 1 com.unity3d.player.UnityPlayerNativeActivity.onTouchEvent(false)
I/org.umd.logging( 6120): Method > 1 com.unity3d.player.k$1.run(com.unity3d.player.k$1@536121496)
I/org.umd.logging( 6120): Method < 1 com.unity3d.player.k$1.run()
E/Cataloger( 6490): syncFile:/storage/emulated/0/2016-12-13_05:06:07.772.jpg
E/Cataloger( 6490): syncFile:/storage/emulated/0/2016-12-13_05:06:07.900.jpg
W/ResourceType( 6120): No known package when getting name for resource number 0xffffffff
I/org.umd.logging( 6120): Method > 2047 com.unity3d.player.UnityPlayer.executeGLThreadJobs(com.unity3d.player.UnityPlayer@755895115<file=2016-12-13_05:06:07.900><x=0><y=0><width=1196><height=768><id=-1>)
I/org.umd.logging( 6120): Method < 2047 com.unity3d.player.UnityPlayer.executeGLThreadJobs()
E/Cataloger( 6490): syncFile:/storage/emulated/0/2016-12-13_05:06:07.900.jpg
I/org.umd.logging( 6120): Method > 1 com.unity3d.player.k$1.run(com.unity3d.player.k$1@536121496)
I/org.umd.logging( 6120): Method > 1 com.unity3d.player.UnityPlayerNativeActivity.onTouchEvent(com.prime31.UnityPlayerNativeActivity@410649080<activity=true>, android.view.MotionEvent@118750828)
I/org.umd.logging( 6120): Method < 1 com.unity3d.player.UnityPlayerNativeActivity.onTouchEvent(false)
I/org.umd.logging( 6120): Method > 1 com.unity3d.player.k$1.run(com.unity3d.player.k$1@536121496)
I/org.umd.logging( 6120): Method > 1 com.unity3d.player.UnityPlayerNativeActivity.onTouchEvent(com.prime31.UnityPlayerNativeActivity@410649080<activity=true>, android.view.MotionEvent@244345909)
I/org.umd.logging( 6120): Method < 1 com.unity3d.player.UnityPlayerNativeActivity.onTouchEvent(false)
I/org.umd.logging( 6120): Method > 1 com.unity3d.player.k$1.run(com.unity3d.player.k$1@536121496)
I/org.umd.logging( 6120): Method > 1 com.unity3d.player.UnityPlayerNativeActivity.onTouchEvent(com.prime31.UnityPlayerNativeActivity@410649080<activity=true>, android.view.MotionEvent@443836618)
I/org.umd.logging( 6120): Method < 1 com.unity3d.player.UnityPlayerNativeActivity.onTouchEvent(false)
I/org.umd.logging( 6120): Method > 1 com.unity3d.player.k$1.run(com.unity3d.player.k$1@536121496)
I/org.umd.logging( 6120): Method > 1 com.unity3d.player.UnityPlayerNativeActivity.onTouchEvent(com.prime31.UnityPlayerNativeActivity@410649080<activity=true>, android.view.MotionEvent@297425467)
I/org.umd.logging( 6120): Method < 1 com.unity3d.player.UnityPlayerNativeActivity.onTouchEvent(false)
I/org.umd.logging( 6120): Method > 1 com.unity3d.player.k$1.run(com.unity3d.player.k$1@536121496)
I/org.umd.logging( 6120): Method > 1 com.unity3d.player.UnityPlayerNativeActivity.onTouchEvent(com.prime31.UnityPlayerNativeActivity@410649080<activity=true>, android.view.MotionEvent@410555736)
I/org.umd.logging( 6120): Method < 1 com.unity3d.player.UnityPlayerNativeActivity.onTouchEvent(false)
I/org.umd.logging( 6120): Method > 1 com.unity3d.player.k$1.run(com.unity3d.player.k$1@536121496)
I/org.umd.logging( 6120): Method > 1 com.unity3d.player.UnityPlayerNativeActivity.onTouchEvent(com.prime31.UnityPlayerNativeActivity@410649080<activity=true>, android.view.MotionEvent@48797361)
I/org.umd.logging( 6120): Method < 1 com.unity3d.player.UnityPlayerNativeActivity.onTouchEvent(false)
I/org.umd.logging( 6120): Method > 1 com.unity3d.player.k$1.run(com.unity3d.player.k$1@536121496)
I/org.umd.logging( 6120): Method < 1 com.unity3d.player.k$1.run()
I/org.umd.logging( 6120): Method > 1 com.unity3d.player.k$1.run(com.unity3d.player.k$1@536121496)
I/org.umd.logging( 6120): Method < 1 com.unity3d.player.k$1.run()
I/org.umd.logging( 6120): Method > 1 com.unity3d.player.k$1.run(com.unity3d.player.k$1@536121496)
I/org.umd.logging( 6120): Method < 1 com.unity3d.player.k$1.run()
I/org.umd.logging( 6120): Method > 1 com.unity3d.player.k$1.run(com.unity3d.player.k$1@536121496)
I/org.umd.logging( 6120): Method < 1 com.unity3d.player.k$1.run()
I/org.umd.logging( 6120): Method > 1 com.unity3d.player.k$1.run(com.unity3d.player.k$1@536121496)
I/org.umd.logging( 6120): Method < 1 com.unity3d.player.k$1.run()
I/org.umd.logging( 6120): Method > 1 com.unity3d.player.k$1.run(com.unity3d.player.k$1@536121496)
I/org.umd.logging( 6120): Method < 1 com.unity3d.player.k$1.run()
E/Cataloger( 6490): syncFile:/storage/emulated/0/2016-12-13_05:06:08.081.jpg
W/ResourceType( 6120): No known package when getting name for resource number 0xffffffff
I/org.umd.logging( 6120): Method > 2047 com.unity3d.player.UnityPlayer.executeGLThreadJobs(com.unity3d.player.UnityPlayer@755895115<file=2016-12-13_05:06:08.081><x=0><y=0><width=1196><height=768><id=-1>)
I/org.umd.logging( 6120): Method < 2047 com.unity3d.player.UnityPlayer.executeGLThreadJobs()
E/Cataloger( 6490): syncFile:/storage/emulated/0/2016-12-13_05:06:08.081.jpg
E/Cataloger( 6490): syncFile:/storage/emulated/0/2016-12-13_05:06:08.270.jpg
W/ResourceType( 6120): No known package when getting name for resource number 0xffffffff
I/org.umd.logging( 6120): Method > 2047 com.unity3d.player.UnityPlayer.executeGLThreadJobs(com.unity3d.player.UnityPlayer@755895115<file=2016-12-13_05:06:08.270><x=0><y=0><width=1196><height=768><id=-1>)
I/org.umd.logging( 6120): Method < 2047 com.unity3d.player.UnityPlayer.executeGLThreadJobs()
E/Cataloger( 6490): syncFile:/storage/emulated/0/2016-12-13_05:06:08.270.jpg
I/org.umd.logging( 6120): Method > 1 com.unity3d.player.k$1.run(com.unity3d.player.k$1@536121496)
I/org.umd.logging( 6120): Method > 1 com.unity3d.player.UnityPlayerNativeActivity.onTouchEvent(com.prime31.UnityPlayerNativeActivity@410649080<activity=true>, android.view.MotionEvent@416827286)
I/org.umd.logging( 6120): Method < 1 com.unity3d.player.UnityPlayerNativeActivity.onTouchEvent(false)
I/org.umd.logging( 6120): Method > 1 com.unity3d.player.k$1.run(com.unity3d.player.k$1@536121496)
I/org.umd.logging( 6120): Method < 1 com.unity3d.player.k$1.run()
I/org.umd.logging( 6120): Method > 1 com.unity3d.player.k$1.run(com.unity3d.player.k$1@536121496)
I/org.umd.logging( 6120): Method > 1 com.unity3d.player.UnityPlayerNativeActivity.onTouchEvent(com.prime31.UnityPlayerNativeActivity@410649080<activity=true>, android.view.MotionEvent@770334487)
I/org.umd.logging( 6120): Method < 1 com.unity3d.player.UnityPlayerNativeActivity.onTouchEvent(false)
I/org.umd.logging( 6120): Method > 1 com.unity3d.player.k$1.run(com.unity3d.player.k$1@536121496)
I/org.umd.logging( 6120): Method < 1 com.unity3d.player.k$1.run()
I/org.umd.logging( 6120): Method > 1 com.unity3d.player.k$1.run(com.unity3d.player.k$1@536121496)
I/org.umd.logging( 6120): Method > 1 com.unity3d.player.UnityPlayerNativeActivity.onTouchEvent(com.prime31.UnityPlayerNativeActivity@410649080<activity=true>, android.view.MotionEvent@411938564)
I/org.umd.logging( 6120): Method < 1 com.unity3d.player.UnityPlayerNativeActivity.onTouchEvent(false)
I/org.umd.logging( 6120): Method > 1 com.unity3d.player.k$1.run(com.unity3d.player.k$1@536121496)
I/org.umd.logging( 6120): Method < 1 com.unity3d.player.k$1.run()
E/Cataloger( 6490): syncFile:/storage/emulated/0/2016-12-13_05:06:08.505.jpg
W/ResourceType( 6120): No known package when getting name for resource number 0xffffffff
I/org.umd.logging( 6120): Method > 2047 com.unity3d.player.UnityPlayer.executeGLThreadJobs(com.unity3d.player.UnityPlayer@755895115<file=2016-12-13_05:06:08.505><x=0><y=0><width=1196><height=768><id=-1>)
I/org.umd.logging( 6120): Method < 2047 com.unity3d.player.UnityPlayer.executeGLThreadJobs()
E/Cataloger( 6490): syncFile:/storage/emulated/0/2016-12-13_05:06:08.505.jpg
I/org.umd.logging( 6120): Method > 1 com.unity3d.player.k$1.run(com.unity3d.player.k$1@536121496)
I/org.umd.logging( 6120): Method > 1 com.unity3d.player.UnityPlayerNativeActivity.onTouchEvent(com.prime31.UnityPlayerNativeActivity@410649080<activity=true>, android.view.MotionEvent@12512493)
I/org.umd.logging( 6120): Method < 1 com.unity3d.player.UnityPlayerNativeActivity.onTouchEvent(false)
I/org.umd.logging( 6120): Method > 1 com.unity3d.player.k$1.run(com.unity3d.player.k$1@536121496)
I/org.umd.logging( 6120): Method > 1 com.unity3d.player.UnityPlayerNativeActivity.onTouchEvent(com.prime31.UnityPlayerNativeActivity@410649080<activity=true>, android.view.MotionEvent@701056802)
I/org.umd.logging( 6120): Method < 1 com.unity3d.player.UnityPlayerNativeActivity.onTouchEvent(false)
I/org.umd.logging( 6120): Method > 1 com.unity3d.player.k$1.run(com.unity3d.player.k$1@536121496)
I/org.umd.logging( 6120): Method > 1 com.unity3d.player.UnityPlayerNativeActivity.onTouchEvent(com.prime31.UnityPlayerNativeActivity@410649080<activity=true>, android.view.MotionEvent@78370227)
I/org.umd.logging( 6120): Method < 1 com.unity3d.player.UnityPlayerNativeActivity.onTouchEvent(false)
I/org.umd.logging( 6120): Method > 1 com.unity3d.player.k$1.run(com.unity3d.player.k$1@536121496)
I/org.umd.logging( 6120): Method > 1 com.unity3d.player.UnityPlayerNativeActivity.onTouchEvent(com.prime31.UnityPlayerNativeActivity@410649080<activity=true>, android.view.MotionEvent@330872688)
I/org.umd.logging( 6120): Method < 1 com.unity3d.player.UnityPlayerNativeActivity.onTouchEvent(false)
I/org.umd.logging( 6120): Method > 1 com.unity3d.player.k$1.run(com.unity3d.player.k$1@536121496)
I/org.umd.logging( 6120): Method > 1 com.unity3d.player.UnityPlayerNativeActivity.onTouchEvent(com.prime31.UnityPlayerNativeActivity@410649080<activity=true>, android.view.MotionEvent@1042967273)
I/org.umd.logging( 6120): Method < 1 com.unity3d.player.UnityPlayerNativeActivity.onTouchEvent(false)
I/org.umd.logging( 6120): Method > 1 com.unity3d.player.k$1.run(com.unity3d.player.k$1@536121496)
I/org.umd.logging( 6120): Method > 1 com.unity3d.player.UnityPlayerNativeActivity.onTouchEvent(com.prime31.UnityPlayerNativeActivity@410649080<activity=true>, android.view.MotionEvent@1037611886)
I/org.umd.logging( 6120): Method < 1 com.unity3d.player.UnityPlayerNativeActivity.onTouchEvent(false)
I/org.umd.logging( 6120): Method > 1 com.unity3d.player.k$1.run(com.unity3d.player.k$1@536121496)
I/org.umd.logging( 6120): Method > 1 com.unity3d.player.UnityPlayerNativeActivity.onTouchEvent(com.prime31.UnityPlayerNativeActivity@410649080<activity=true>, android.view.MotionEvent@285481487)
I/org.umd.logging( 6120): Method < 1 com.unity3d.player.UnityPlayerNativeActivity.onTouchEvent(false)
I/org.umd.logging( 6120): Method > 1 com.unity3d.player.k$1.run(com.unity3d.player.k$1@536121496)
I/org.umd.logging( 6120): Method < 1 com.unity3d.player.k$1.run()
I/org.umd.logging( 6120): Method > 1 com.unity3d.player.k$1.run(com.unity3d.player.k$1@536121496)
I/org.umd.logging( 6120): Method < 1 com.unity3d.player.k$1.run()
I/org.umd.logging( 6120): Method > 1 com.unity3d.player.k$1.run(com.unity3d.player.k$1@536121496)
I/org.umd.logging( 6120): Method < 1 com.unity3d.player.k$1.run()
I/org.umd.logging( 6120): Method > 1 com.unity3d.player.k$1.run(com.unity3d.player.k$1@536121496)
I/org.umd.logging( 6120): Method < 1 com.unity3d.player.k$1.run()
I/org.umd.logging( 6120): Method > 1 com.unity3d.player.k$1.run(com.unity3d.player.k$1@536121496)
I/org.umd.logging( 6120): Method < 1 com.unity3d.player.k$1.run()
I/org.umd.logging( 6120): Method > 1 com.unity3d.player.k$1.run(com.unity3d.player.k$1@536121496)
I/org.umd.logging( 6120): Method < 1 com.unity3d.player.k$1.run()
I/org.umd.logging( 6120): Method > 1 com.unity3d.player.k$1.run(com.unity3d.player.k$1@536121496)
I/org.umd.logging( 6120): Method < 1 com.unity3d.player.k$1.run()
I/art     ( 6120): Background sticky concurrent mark sweep GC freed 6421(334KB) AllocSpace objects, 2(7MB) LOS objects, 11% free, 42MB/47MB, paused 7.294ms total 22.188ms
E/Cataloger( 6490): syncFile:/storage/emulated/0/2016-12-13_05:06:08.702.jpg
W/ResourceType( 6120): No known package when getting name for resource number 0xffffffff
I/org.umd.logging( 6120): Method > 2047 com.unity3d.player.UnityPlayer.executeGLThreadJobs(com.unity3d.player.UnityPlayer@755895115<file=2016-12-13_05:06:08.702><x=0><y=0><width=1196><height=768><id=-1>)
I/org.umd.logging( 6120): Method < 2047 com.unity3d.player.UnityPlayer.executeGLThreadJobs()
E/Cataloger( 6490): syncFile:/storage/emulated/0/2016-12-13_05:06:08.702.jpg
I/org.umd.logging( 6120): Method > 1 com.unity3d.player.k$1.run(com.unity3d.player.k$1@536121496)
I/org.umd.logging( 6120): Method > 1 com.unity3d.player.UnityPlayerNativeActivity.onTouchEvent(com.prime31.UnityPlayerNativeActivity@410649080<activity=true>, android.view.MotionEvent@894032540)
I/org.umd.logging( 6120): Method < 1 com.unity3d.player.UnityPlayerNativeActivity.onTouchEvent(false)
I/org.umd.logging( 6120): Method > 1 com.unity3d.player.k$1.run(com.unity3d.player.k$1@536121496)
I/org.umd.logging( 6120): Method > 1 com.unity3d.player.UnityPlayerNativeActivity.onTouchEvent(com.prime31.UnityPlayerNativeActivity@410649080<activity=true>, android.view.MotionEvent@565562533)
I/org.umd.logging( 6120): Method < 1 com.unity3d.player.UnityPlayerNativeActivity.onTouchEvent(false)
I/org.umd.logging( 6120): Method > 1 com.unity3d.player.k$1.run(com.unity3d.player.k$1@536121496)
I/org.umd.logging( 6120): Method > 1 com.unity3d.player.UnityPlayerNativeActivity.onTouchEvent(com.prime31.UnityPlayerNativeActivity@410649080<activity=true>, android.view.MotionEvent@727750778)
I/org.umd.logging( 6120): Method < 1 com.unity3d.player.UnityPlayerNativeActivity.onTouchEvent(false)
I/org.umd.logging( 6120): Method > 1 com.unity3d.player.k$1.run(com.unity3d.player.k$1@536121496)
I/org.umd.logging( 6120): Method > 1 com.unity3d.player.UnityPlayerNativeActivity.onTouchEvent(com.prime31.UnityPlayerNativeActivity@410649080<activity=true>, android.view.MotionEvent@250759211)
I/org.umd.logging( 6120): Method < 1 com.unity3d.player.UnityPlayerNativeActivity.onTouchEvent(false)
I/org.umd.logging( 6120): Method > 1 com.unity3d.player.k$1.run(com.unity3d.player.k$1@536121496)
I/org.umd.logging( 6120): Method > 1 com.unity3d.player.UnityPlayerNativeActivity.onTouchEvent(com.prime31.UnityPlayerNativeActivity@410649080<activity=true>, android.view.MotionEvent@728237192)
I/org.umd.logging( 6120): Method < 1 com.unity3d.player.UnityPlayerNativeActivity.onTouchEvent(false)
I/org.umd.logging( 6120): Method > 1 com.unity3d.player.k$1.run(com.unity3d.player.k$1@536121496)
I/org.umd.logging( 6120): Method > 1 com.unity3d.player.UnityPlayerNativeActivity.onTouchEvent(com.prime31.UnityPlayerNativeActivity@410649080<activity=true>, android.view.MotionEvent@903581217)
I/org.umd.logging( 6120): Method < 1 com.unity3d.player.UnityPlayerNativeActivity.onTouchEvent(false)
I/org.umd.logging( 6120): Method > 1 com.unity3d.player.k$1.run(com.unity3d.player.k$1@536121496)
I/org.umd.logging( 6120): Method > 1 com.unity3d.player.UnityPlayerNativeActivity.onTouchEvent(com.prime31.UnityPlayerNativeActivity@410649080<activity=true>, android.view.MotionEvent@575652422)
I/org.umd.logging( 6120): Method < 1 com.unity3d.player.UnityPlayerNativeActivity.onTouchEvent(false)
I/org.umd.logging( 6120): Method > 1 com.unity3d.player.k$1.run(com.unity3d.player.k$1@536121496)
I/org.umd.logging( 6120): Method > 1 com.unity3d.player.UnityPlayerNativeActivity.onTouchEvent(com.prime31.UnityPlayerNativeActivity@410649080<activity=true>, android.view.MotionEvent@827014151)
I/org.umd.logging( 6120): Method < 1 com.unity3d.player.UnityPlayerNativeActivity.onTouchEvent(false)
I/org.umd.logging( 6120): Method > 1 com.unity3d.player.k$1.run(com.unity3d.player.k$1@536121496)
I/org.umd.logging( 6120): Method > 1 com.unity3d.player.UnityPlayerNativeActivity.onTouchEvent(com.prime31.UnityPlayerNativeActivity@410649080<activity=true>, android.view.MotionEvent@498917684)
I/org.umd.logging( 6120): Method < 1 com.unity3d.player.UnityPlayerNativeActivity.onTouchEvent(false)
I/org.umd.logging( 6120): Method > 1 com.unity3d.player.k$1.run(com.unity3d.player.k$1@536121496)
I/org.umd.logging( 6120): Method < 1 com.unity3d.player.k$1.run()
I/org.umd.logging( 6120): Method > 1 com.unity3d.player.k$1.run(com.unity3d.player.k$1@536121496)
I/org.umd.logging( 6120): Method < 1 com.unity3d.player.k$1.run()
I/org.umd.logging( 6120): Method > 1 com.unity3d.player.k$1.run(com.unity3d.player.k$1@536121496)
I/org.umd.logging( 6120): Method < 1 com.unity3d.player.k$1.run()
I/org.umd.logging( 6120): Method > 1 com.unity3d.player.k$1.run(com.unity3d.player.k$1@536121496)
I/org.umd.logging( 6120): Method < 1 com.unity3d.player.k$1.run()
I/org.umd.logging( 6120): Method > 1 com.unity3d.player.k$1.run(com.unity3d.player.k$1@536121496)
I/org.umd.logging( 6120): Method < 1 com.unity3d.player.k$1.run()
I/org.umd.logging( 6120): Method > 1 com.unity3d.player.k$1.run(com.unity3d.player.k$1@536121496)
I/org.umd.logging( 6120): Method < 1 com.unity3d.player.k$1.run()
I/org.umd.logging( 6120): Method > 1 com.unity3d.player.k$1.run(com.unity3d.player.k$1@536121496)
I/org.umd.logging( 6120): Method < 1 com.unity3d.player.k$1.run()
I/org.umd.logging( 6120): Method > 1 com.unity3d.player.k$1.run(com.unity3d.player.k$1@536121496)
I/org.umd.logging( 6120): Method < 1 com.unity3d.player.k$1.run()
I/org.umd.logging( 6120): Method > 1 com.unity3d.player.k$1.run(com.unity3d.player.k$1@536121496)
I/org.umd.logging( 6120): Method < 1 com.unity3d.player.k$1.run()
E/Cataloger( 6490): syncFile:/storage/emulated/0/2016-12-13_05:06:08.896.jpg
W/ResourceType( 6120): No known package when getting name for resource number 0xffffffff
I/org.umd.logging( 6120): Method > 2047 com.unity3d.player.UnityPlayer.executeGLThreadJobs(com.unity3d.player.UnityPlayer@755895115<file=2016-12-13_05:06:08.896><x=0><y=0><width=1196><height=768><id=-1>)
I/org.umd.logging( 6120): Method < 2047 com.unity3d.player.UnityPlayer.executeGLThreadJobs()
E/Cataloger( 6490): syncFile:/storage/emulated/0/2016-12-13_05:06:08.896.jpg
I/org.umd.logging( 6120): Method > 1 com.unity3d.player.k$1.run(com.unity3d.player.k$1@536121496)
I/org.umd.logging( 6120): Method > 1 com.unity3d.player.UnityPlayerNativeActivity.onTouchEvent(com.prime31.UnityPlayerNativeActivity@410649080<activity=true>, android.view.MotionEvent@406973277)
I/org.umd.logging( 6120): Method < 1 com.unity3d.player.UnityPlayerNativeActivity.onTouchEvent(false)
I/org.umd.logging( 6120): Method > 1 com.unity3d.player.k$1.run(com.unity3d.player.k$1@536121496)
I/org.umd.logging( 6120): Method > 1 com.unity3d.player.UnityPlayerNativeActivity.onTouchEvent(com.prime31.UnityPlayerNativeActivity@410649080<activity=true>, android.view.MotionEvent@280345810)
I/org.umd.logging( 6120): Method < 1 com.unity3d.player.UnityPlayerNativeActivity.onTouchEvent(false)
I/org.umd.logging( 6120): Method > 1 com.unity3d.player.k$1.run(com.unity3d.player.k$1@536121496)
I/org.umd.logging( 6120): Method > 1 com.unity3d.player.UnityPlayerNativeActivity.onTouchEvent(com.prime31.UnityPlayerNativeActivity@410649080<activity=true>, android.view.MotionEvent@425038243)
I/org.umd.logging( 6120): Method < 1 com.unity3d.player.UnityPlayerNativeActivity.onTouchEvent(false)
I/org.umd.logging( 6120): Method > 1 com.unity3d.player.k$1.run(com.unity3d.player.k$1@536121496)
I/org.umd.logging( 6120): Method > 1 com.unity3d.player.UnityPlayerNativeActivity.onTouchEvent(com.prime31.UnityPlayerNativeActivity@410649080<activity=true>, android.view.MotionEvent@585161888)
I/org.umd.logging( 6120): Method < 1 com.unity3d.player.UnityPlayerNativeActivity.onTouchEvent(false)
I/org.umd.logging( 6120): Method > 1 com.unity3d.player.k$1.run(com.unity3d.player.k$1@536121496)
I/org.umd.logging( 6120): Method < 1 com.unity3d.player.k$1.run()
I/org.umd.logging( 6120): Method > 1 com.unity3d.player.k$1.run(com.unity3d.player.k$1@536121496)
I/org.umd.logging( 6120): Method < 1 com.unity3d.player.k$1.run()
I/org.umd.logging( 6120): Method > 1 com.unity3d.player.k$1.run(com.unity3d.player.k$1@536121496)
I/org.umd.logging( 6120): Method < 1 com.unity3d.player.k$1.run()
I/org.umd.logging( 6120): Method > 1 com.unity3d.player.k$1.run(com.unity3d.player.k$1@536121496)
I/org.umd.logging( 6120): Method < 1 com.unity3d.player.k$1.run()
E/Cataloger( 6490): syncFile:/storage/emulated/0/2016-12-13_05:06:09.076.jpg
W/ResourceType( 6120): No known package when getting name for resource number 0xffffffff
I/org.umd.logging( 6120): Method > 2047 com.unity3d.player.UnityPlayer.executeGLThreadJobs(com.unity3d.player.UnityPlayer@755895115<file=2016-12-13_05:06:09.076><x=0><y=0><width=1196><height=768><id=-1>)
I/org.umd.logging( 6120): Method < 2047 com.unity3d.player.UnityPlayer.executeGLThreadJobs()
E/Cataloger( 6490): syncFile:/storage/emulated/0/2016-12-13_05:06:09.076.jpg
I/org.umd.logging( 6120): Method > 1 com.unity3d.player.k$1.run(com.unity3d.player.k$1@536121496)
I/org.umd.logging( 6120): Method > 1 com.unity3d.player.UnityPlayerNativeActivity.onTouchEvent(com.prime31.UnityPlayerNativeActivity@410649080<activity=true>, android.view.MotionEvent@548855897)
I/org.umd.logging( 6120): Method < 1 com.unity3d.player.UnityPlayerNativeActivity.onTouchEvent(false)
I/org.umd.logging( 6120): Method > 1 com.unity3d.player.k$1.run(com.unity3d.player.k$1@536121496)
I/org.umd.logging( 6120): Method > 1 com.unity3d.player.UnityPlayerNativeActivity.onTouchEvent(com.prime31.UnityPlayerNativeActivity@410649080<activity=true>, android.view.MotionEvent@68080670)
I/org.umd.logging( 6120): Method < 1 com.unity3d.player.UnityPlayerNativeActivity.onTouchEvent(false)
I/org.umd.logging( 6120): Method > 1 com.unity3d.player.k$1.run(com.unity3d.player.k$1@536121496)
I/org.umd.logging( 6120): Method > 1 com.unity3d.player.UnityPlayerNativeActivity.onTouchEvent(com.prime31.UnityPlayerNativeActivity@410649080<activity=true>, android.view.MotionEvent@740664575)
I/org.umd.logging( 6120): Method < 1 com.unity3d.player.UnityPlayerNativeActivity.onTouchEvent(false)
I/org.umd.logging( 6120): Method > 1 com.unity3d.player.k$1.run(com.unity3d.player.k$1@536121496)
I/org.umd.logging( 6120): Method > 1 com.unity3d.player.UnityPlayerNativeActivity.onTouchEvent(com.prime31.UnityPlayerNativeActivity@410649080<activity=true>, android.view.MotionEvent@545727180)
I/org.umd.logging( 6120): Method < 1 com.unity3d.player.UnityPlayerNativeActivity.onTouchEvent(false)
I/org.umd.logging( 6120): Method > 1 com.unity3d.player.k$1.run(com.unity3d.player.k$1@536121496)
