I/InputDispatcher(  594): Window 'Window{3365525f u0 com.tractiongames.stickbmxfree/com.prime31.UnityPlayerNativeActivity}' spent 6402.2ms processing the last input event: MotionEvent(deviceId=0, source=0x00001002, action=1, flags=0x00000000, metaState=0x00000000, buttonState=0x00000000, edgeFlags=0x00000000, xPrecision=1.0, yPrecision=1.0, displayId=0, pointers=[0: (370.2, 263.5)]), policyFlags=0x6b000000
I/InputDispatcher(  594): Window 'Window{3365525f u0 com.tractiongames.stickbmxfree/com.prime31.UnityPlayerNativeActivity}' spent 6400.1ms processing the last input event: MotionEvent(deviceId=0, source=0x00001002, action=0, flags=0x00000000, metaState=0x00000000, buttonState=0x00000000, edgeFlags=0x00000000, xPrecision=1.0, yPrecision=1.0, displayId=0, pointers=[0: (1025.0, 191.0)]), policyFlags=0x6b000000
I/InputDispatcher(  594): Window 'Window{3365525f u0 com.tractiongames.stickbmxfree/com.prime31.UnityPlayerNativeActivity}' spent 6398.5ms processing the last input event: MotionEvent(deviceId=0, source=0x00001002, action=1, flags=0x00000000, metaState=0x00000000, buttonState=0x00000000, edgeFlags=0x00000000, xPrecision=1.0, yPrecision=1.0, displayId=0, pointers=[0: (1017.1, 193.0)]), policyFlags=0x6b000000
I/InputDispatcher(  594): Window 'Window{3365525f u0 com.tractiongames.stickbmxfree/com.prime31.UnityPlayerNativeActivity}' spent 6396.4ms processing the last input event: MotionEvent(deviceId=0, source=0x00001002, action=0, flags=0x00000000, metaState=0x00000000, buttonState=0x00000000, edgeFlags=0x00000000, xPrecision=1.0, yPrecision=1.0, displayId=0, pointers=[0: (276.0, 48.0)]), policyFlags=0x6b000000
I/InputDispatcher(  594): Window 'Window{3365525f u0 com.tractiongames.stickbmxfree/com.prime31.UnityPlayerNativeActivity}' spent 6394.7ms processing the last input event: MotionEvent(deviceId=0, source=0x00001002, action=1, flags=0x00000000, metaState=0x00000000, buttonState=0x00000000, edgeFlags=0x00000000, xPrecision=1.0, yPrecision=1.0, displayId=0, pointers=[0: (275.3, 43.4)]), policyFlags=0x6b000000
I/InputDispatcher(  594): Window 'Window{3365525f u0 com.tractiongames.stickbmxfree/com.prime31.UnityPlayerNativeActivity}' spent 6392.4ms processing the last input event: MotionEvent(deviceId=0, source=0x00001002, action=0, flags=0x00000000, metaState=0x00000000, buttonState=0x00000000, edgeFlags=0x00000000, xPrecision=1.0, yPrecision=1.0, displayId=0, pointers=[0: (216.0, 402.0)]), policyFlags=0x6b000000
I/InputDispatcher(  594): Window 'Window{3365525f u0 com.tractiongames.stickbmxfree/com.prime31.UnityPlayerNativeActivity}' spent 6390.7ms processing the last input event: MotionEvent(deviceId=0, source=0x00001002, action=1, flags=0x00000000, metaState=0x00000000, buttonState=0x00000000, edgeFlags=0x00000000, xPrecision=1.0, yPrecision=1.0, displayId=0, pointers=[0: (211.5, 389.0)]), policyFlags=0x6b000000
I/InputDispatcher(  594): Window 'Window{3365525f u0 com.tractiongames.stickbmxfree/com.prime31.UnityPlayerNativeActivity}' spent 6389.0ms processing the last input event: MotionEvent(deviceId=0, source=0x00001002, action=0, flags=0x00000000, metaState=0x00000000, buttonState=0x00000000, edgeFlags=0x00000000, xPrecision=1.0, yPrecision=1.0, displayId=0, pointers=[0: (430.0, 6.0)]), policyFlags=0x6b000000
I/InputDispatcher(  594): Window 'Window{3365525f u0 com.tractiongames.stickbmxfree/com.prime31.UnityPlayerNativeActivity}' spent 6387.8ms processing the last input event: MotionEvent(deviceId=0, source=0x00001002, action=1, flags=0x00000000, metaState=0x00000000, buttonState=0x00000000, edgeFlags=0x00000000, xPrecision=1.0, yPrecision=1.0, displayId=0, pointers=[0: (426.9, 0.0)]), policyFlags=0x6b000000
I/InputDispatcher(  594): Window 'Window{3365525f u0 com.tractiongames.stickbmxfree/com.prime31.UnityPlayerNativeActivity}' spent 6386.4ms processing the last input event: MotionEvent(deviceId=0, source=0x00001002, action=0, flags=0x00000000, metaState=0x00000000, buttonState=0x00000000, edgeFlags=0x00000000, xPrecision=1.0, yPrecision=1.0, displayId=0, pointers=[0: (523.0, 610.0)]), policyFlags=0x6b000000
I/InputDispatcher(  594): Window 'Window{3365525f u0 com.tractiongames.stickbmxfree/com.prime31.UnityPlayerNativeActivity}' spent 6385.2ms processing the last input event: MotionEvent(deviceId=0, source=0x00001002, action=1, flags=0x00000000, metaState=0x00000000, buttonState=0x00000000, edgeFlags=0x00000000, xPrecision=1.0, yPrecision=1.0, displayId=0, pointers=[0: (523.7, 614.6)]), policyFlags=0x6b000000
I/InputDispatcher(  594): Window 'Window{3365525f u0 com.tractiongames.stickbmxfree/com.prime31.UnityPlayerNativeActivity}' spent 6383.7ms processing the last input event: MotionEvent(deviceId=0, source=0x00001002, action=0, flags=0x00000000, metaState=0x00000000, buttonState=0x00000000, edgeFlags=0x00000000, xPrecision=1.0, yPrecision=1.0, displayId=0, pointers=[0: (173.0, 534.0)]), policyFlags=0x6b000000
I/InputDispatcher(  594): Window 'Window{3365525f u0 com.tractiongames.stickbmxfree/com.prime31.UnityPlayerNativeActivity}' spent 6382.6ms processing the last input event: MotionEvent(deviceId=0, source=0x00001002, action=1, flags=0x00000000, metaState=0x00000000, buttonState=0x00000000, edgeFlags=0x00000000, xPrecision=1.0, yPrecision=1.0, displayId=0, pointers=[0: (191.5, 527.2)]), policyFlags=0x6b000000
I/InputDispatcher(  594): Window 'Window{3365525f u0 com.tractiongames.stickbmxfree/com.prime31.UnityPlayerNativeActivity}' spent 6381.0ms processing the last input event: MotionEvent(deviceId=0, source=0x00001002, action=0, flags=0x00000000, metaState=0x00000000, buttonState=0x00000000, edgeFlags=0x00000000, xPrecision=1.0, yPrecision=1.0, displayId=0, pointers=[0: (534.0, 42.0)]), policyFlags=0x6b000000
I/InputDispatcher(  594): Window 'Window{3365525f u0 com.tractiongames.stickbmxfree/com.prime31.UnityPlayerNativeActivity}' spent 6379.9ms processing the last input event: MotionEvent(deviceId=0, source=0x00001002, action=1, flags=0x00000000, metaState=0x00000000, buttonState=0x00000000, edgeFlags=0x00000000, xPrecision=1.0, yPrecision=1.0, displayId=0, pointers=[0: (530.5, 36.2)]), policyFlags=0x6b000000
I/InputDispatcher(  594): Window 'Window{3365525f u0 com.tractiongames.stickbmxfree/com.prime31.UnityPlayerNativeActivity}' spent 6378.3ms processing the last input event: MotionEvent(deviceId=0, source=0x00001002, action=0, flags=0x00000000, metaState=0x00000000, buttonState=0x00000000, edgeFlags=0x00000000, xPrecision=1.0, yPrecision=1.0, displayId=0, pointers=[0: (640.0, 496.0)]), policyFlags=0x6b000000
I/InputDispatcher(  594): Window 'Window{3365525f u0 com.tractiongames.stickbmxfree/com.prime31.UnityPlayerNativeActivity}' spent 6377.2ms processing the last input event: MotionEvent(deviceId=0, source=0x00001002, action=1, flags=0x00000000, metaState=0x00000000, buttonState=0x00000000, edgeFlags=0x00000000, xPrecision=1.0, yPrecision=1.0, displayId=0, pointers=[0: (649.1, 515.3)]), policyFlags=0x6b000000
I/InputDispatcher(  594): Window 'Window{3365525f u0 com.tractiongames.stickbmxfree/com.prime31.UnityPlayerNativeActivity}' spent 6375.4ms processing the last input event: MotionEvent(deviceId=0, source=0x00001002, action=0, flags=0x00000000, metaState=0x00000000, buttonState=0x00000000, edgeFlags=0x00000000, xPrecision=1.0, yPrecision=1.0, displayId=0, pointers=[0: (1108.0, 514.0)]), policyFlags=0x6b000000
I/InputDispatcher(  594): Window 'Window{3365525f u0 com.tractiongames.stickbmxfree/com.prime31.UnityPlayerNativeActivity}' spent 6374.2ms processing the last input event: MotionEvent(deviceId=0, source=0x00001002, action=1, flags=0x00000000, metaState=0x00000000, buttonState=0x00000000, edgeFlags=0x00000000, xPrecision=1.0, yPrecision=1.0, displayId=0, pointers=[0: (1094.8, 509.5)]), policyFlags=0x6b000000
I/InputDispatcher(  594): Window 'Window{3365525f u0 com.tractiongames.stickbmxfree/com.prime31.UnityPlayerNativeActivity}' spent 6364.6ms processing the last input event: MotionEvent(deviceId=0, source=0x00001002, action=0, flags=0x00000000, metaState=0x00000000, buttonState=0x00000000, edgeFlags=0x00000000, xPrecision=1.0, yPrecision=1.0, displayId=0, pointers=[0: (1069.0, 252.0)]), policyFlags=0x6b000000
I/InputDispatcher(  594): Window 'Window{3365525f u0 com.tractiongames.stickbmxfree/com.prime31.UnityPlayerNativeActivity}' spent 6364.1ms processing the last input event: MotionEvent(deviceId=0, source=0x00001002, action=1, flags=0x00000000, metaState=0x00000000, buttonState=0x00000000, edgeFlags=0x00000000, xPrecision=1.0, yPrecision=1.0, displayId=0, pointers=[0: (1046.1, 256.5)]), policyFlags=0x6b000000
I/InputDispatcher(  594): Window 'Window{3365525f u0 com.tractiongames.stickbmxfree/com.prime31.UnityPlayerNativeActivity}' spent 6363.1ms processing the last input event: MotionEvent(deviceId=0, source=0x00001002, action=0, flags=0x00000000, metaState=0x00000000, buttonState=0x00000000, edgeFlags=0x00000000, xPrecision=1.0, yPrecision=1.0, displayId=0, pointers=[0: (311.0, 44.0)]), policyFlags=0x6b000000
I/InputDispatcher(  594): Window 'Window{3365525f u0 com.tractiongames.stickbmxfree/com.prime31.UnityPlayerNativeActivity}' spent 6362.5ms processing the last input event: MotionEvent(deviceId=0, source=0x00001002, action=1, flags=0x00000000, metaState=0x00000000, buttonState=0x00000000, edgeFlags=0x00000000, xPrecision=1.0, yPrecision=1.0, displayId=0, pointers=[0: (312.9, 43.1)]), policyFlags=0x6b000000
I/InputDispatcher(  594): Window 'Window{3365525f u0 com.tractiongames.stickbmxfree/com.prime31.UnityPlayerNativeActivity}' spent 6361.2ms processing the last input event: MotionEvent(deviceId=0, source=0x00001002, action=0, flags=0x00000000, metaState=0x00000000, buttonState=0x00000000, edgeFlags=0x00000000, xPrecision=1.0, yPrecision=1.0, displayId=0, pointers=[0: (200.0, 433.0)]), policyFlags=0x6b000000
I/InputDispatcher(  594): Window 'Window{3365525f u0 com.tractiongames.stickbmxfree/com.prime31.UnityPlayerNativeActivity}' spent 6360.4ms processing the last input event: MotionEvent(deviceId=0, source=0x00001002, action=1, flags=0x00000000, metaState=0x00000000, buttonState=0x00000000, edgeFlags=0x00000000, xPrecision=1.0, yPrecision=1.0, displayId=0, pointers=[0: (205.7, 439.5)]), policyFlags=0x6b000000
I/InputDispatcher(  594): Window 'Window{3365525f u0 com.tractiongames.stickbmxfree/com.prime31.UnityPlayerNativeActivity}' spent 6359.2ms processing the last input event: MotionEvent(deviceId=0, source=0x00001002, action=0, flags=0x00000000, metaState=0x00000000, buttonState=0x00000000, edgeFlags=0x00000000, xPrecision=1.0, yPrecision=1.0, displayId=0, pointers=[0: (811.0, 180.0)]), policyFlags=0x6b000000
I/InputDispatcher(  594): Window 'Window{3365525f u0 com.tractiongames.stickbmxfree/com.prime31.UnityPlayerNativeActivity}' spent 6358.3ms processing the last input event: MotionEvent(deviceId=0, source=0x00001002, action=1, flags=0x00000000, metaState=0x00000000, buttonState=0x00000000, edgeFlags=0x00000000, xPrecision=1.0, yPrecision=1.0, displayId=0, pointers=[0: (822.0, 177.2)]), policyFlags=0x6b000000
I/InputDispatcher(  594): Window 'Window{3365525f u0 com.tractiongames.stickbmxfree/com.prime31.UnityPlayerNativeActivity}' spent 6357.1ms processing the last input event: MotionEvent(deviceId=0, source=0x00001002, action=0, flags=0x00000000, metaState=0x00000000, buttonState=0x00000000, edgeFlags=0x00000000, xPrecision=1.0, yPrecision=1.0, displayId=0, pointers=[0: (908.0, 74.0)]), policyFlags=0x6b000000
I/InputDispatcher(  594): Window 'Window{3365525f u0 com.tractiongames.stickbmxfree/com.prime31.UnityPlayerNativeActivity}' spent 6355.9ms processing the last input event: MotionEvent(deviceId=0, source=0x00001002, action=1, flags=0x00000000, metaState=0x00000000, buttonState=0x00000000, edgeFlags=0x00000000, xPrecision=1.0, yPrecision=1.0, displayId=0, pointers=[0: (911.0, 62.1)]), policyFlags=0x6b000000
I/InputDispatcher(  594): Window 'Window{3365525f u0 com.tractiongames.stickbmxfree/com.prime31.UnityPlayerNativeActivity}' spent 6354.6ms processing the last input event: MotionEvent(deviceId=0, source=0x00001002, action=0, flags=0x00000000, metaState=0x00000000, buttonState=0x00000000, edgeFlags=0x00000000, xPrecision=1.0, yPrecision=1.0, displayId=0, pointers=[0: (594.0, 395.0)]), policyFlags=0x6b000000
I/InputDispatcher(  594): Window 'Window{3365525f u0 com.tractiongames.stickbmxfree/com.prime31.UnityPlayerNativeActivity}' spent 6353.7ms processing the last input event: MotionEvent(deviceId=0, source=0x00001002, action=1, flags=0x00000000, metaState=0x00000000, buttonState=0x00000000, edgeFlags=0x00000000, xPrecision=1.0, yPrecision=1.0, displayId=0, pointers=[0: (592.3, 406.3)]), policyFlags=0x6b000000
I/InputDispatcher(  594): Window 'Window{3365525f u0 com.tractiongames.stickbmxfree/com.prime31.UnityPlayerNativeActivity}' spent 6352.6ms processing the last input event: MotionEvent(deviceId=0, source=0x00001002, action=0, flags=0x00000000, metaState=0x00000000, buttonState=0x00000000, edgeFlags=0x00000000, xPrecision=1.0, yPrecision=1.0, displayId=0, pointers=[0: (636.0, 363.0)]), policyFlags=0x6b000000
I/InputDispatcher(  594): Window 'Window{3365525f u0 com.tractiongames.stickbmxfree/com.prime31.UnityPlayerNativeActivity}' spent 6354.9ms processing the last input event: MotionEvent(deviceId=0, source=0x00001002, action=1, flags=0x00000000, metaState=0x00000000, buttonState=0x00000000, edgeFlags=0x00000000, xPrecision=1.0, yPrecision=1.0, displayId=0, pointers=[0: (655.8, 362.3)]), policyFlags=0x6b000000
I/InputDispatcher(  594): Window 'Window{3365525f u0 com.tractiongames.stickbmxfree/com.prime31.UnityPlayerNativeActivity}' spent 6353.7ms processing the last input event: MotionEvent(deviceId=0, source=0x00001002, action=0, flags=0x00000000, metaState=0x00000000, buttonState=0x00000000, edgeFlags=0x00000000, xPrecision=1.0, yPrecision=1.0, displayId=0, pointers=[0: (1018.0, 311.0)]), policyFlags=0x6b000000
I/InputDispatcher(  594): Window 'Window{3365525f u0 com.tractiongames.stickbmxfree/com.prime31.UnityPlayerNativeActivity}' spent 6352.8ms processing the last input event: MotionEvent(deviceId=0, source=0x00001002, action=1, flags=0x00000000, metaState=0x00000000, buttonState=0x00000000, edgeFlags=0x00000000, xPrecision=1.0, yPrecision=1.0, displayId=0, pointers=[0: (1012.9, 305.2)]), policyFlags=0x6b000000
I/InputDispatcher(  594): Window 'Window{3365525f u0 com.tractiongames.stickbmxfree/com.prime31.UnityPlayerNativeActivity}' spent 6351.6ms processing the last input event: MotionEvent(deviceId=0, source=0x00001002, action=0, flags=0x00000000, metaState=0x00000000, buttonState=0x00000000, edgeFlags=0x00000000, xPrecision=1.0, yPrecision=1.0, displayId=0, pointers=[0: (919.0, 267.0)]), policyFlags=0x6b000000
I/InputDispatcher(  594): Window 'Window{3365525f u0 com.tractiongames.stickbmxfree/com.prime31.UnityPlayerNativeActivity}' spent 6350.8ms processing the last input event: MotionEvent(deviceId=0, source=0x00001002, action=1, flags=0x00000000, metaState=0x00000000, buttonState=0x00000000, edgeFlags=0x00000000, xPrecision=1.0, yPrecision=1.0, displayId=0, pointers=[0: (918.4, 266.8)]), policyFlags=0x6b000000
I/org.umd.logging( 7697): Method > 1 com.unity3d.player.k$1.run(com.unity3d.player.k$1@811294676)
I/org.umd.logging( 7697): Method < 1 com.unity3d.player.k$1.run()
I/org.umd.logging( 7697): Method > 1 com.unity3d.player.k$1.run(com.unity3d.player.k$1@811294676)
I/org.umd.logging( 7697): Method < 1 com.unity3d.player.k$1.run()
I/org.umd.logging( 7697): Method > 1 com.unity3d.player.k$1.run(com.unity3d.player.k$1@811294676)
I/org.umd.logging( 7697): Method < 1 com.unity3d.player.k$1.run()
I/org.umd.logging( 7697): Method > 1 com.unity3d.player.k$1.run(com.unity3d.player.k$1@811294676)
I/org.umd.logging( 7697): Method < 1 com.unity3d.player.k$1.run()
I/org.umd.logging( 7697): Method > 1 com.unity3d.player.k$1.run(com.unity3d.player.k$1@811294676)
I/org.umd.logging( 7697): Method < 1 com.unity3d.player.k$1.run()
I/org.umd.logging( 7697): Method > 1 com.unity3d.player.k$1.run(com.unity3d.player.k$1@811294676)
I/org.umd.logging( 7697): Method < 1 com.unity3d.player.k$1.run()
I/org.umd.logging( 7697): Method > 1 com.unity3d.player.k$1.run(com.unity3d.player.k$1@811294676)
I/org.umd.logging( 7697): Method < 1 com.unity3d.player.k$1.run()
I/org.umd.logging( 7697): Method > 1 com.unity3d.player.k$1.run(com.unity3d.player.k$1@811294676)
I/org.umd.logging( 7697): Method < 1 com.unity3d.player.k$1.run()
I/org.umd.logging( 7697): Method > 1 com.unity3d.player.k$1.run(com.unity3d.player.k$1@811294676)
I/org.umd.logging( 7697): Method < 1 com.unity3d.player.k$1.run()
I/org.umd.logging( 7697): Method > 1 com.unity3d.player.k$1.run(com.unity3d.player.k$1@811294676)
I/org.umd.logging( 7697): Method < 1 com.unity3d.player.k$1.run()
I/org.umd.logging( 7697): Method > 1 com.unity3d.player.k$1.run(com.unity3d.player.k$1@811294676)
I/org.umd.logging( 7697): Method < 1 com.unity3d.player.k$1.run()
I/org.umd.logging( 7697): Method > 1 com.unity3d.player.k$1.run(com.unity3d.player.k$1@811294676)
I/org.umd.logging( 7697): Method < 1 com.unity3d.player.k$1.run()
I/org.umd.logging( 7697): Method > 1 com.unity3d.player.k$1.run(com.unity3d.player.k$1@811294676)
I/org.umd.logging( 7697): Method < 1 com.unity3d.player.k$1.run()
I/org.umd.logging( 7697): Method > 1 com.unity3d.player.k$1.run(com.unity3d.player.k$1@811294676)
I/org.umd.logging( 7697): Method < 1 com.unity3d.player.k$1.run()
I/org.umd.logging( 7697): Method > 1 com.unity3d.player.k$1.run(com.unity3d.player.k$1@811294676)
I/org.umd.logging( 7697): Method < 1 com.unity3d.player.k$1.run()
I/org.umd.logging( 7697): Method > 1 com.unity3d.player.k$1.run(com.unity3d.player.k$1@811294676)
I/org.umd.logging( 7697): Method < 1 com.unity3d.player.k$1.run()
I/org.umd.logging( 7697): Method > 1 com.unity3d.player.k$1.run(com.unity3d.player.k$1@811294676)
I/org.umd.logging( 7697): Method < 1 com.unity3d.player.k$1.run()
I/org.umd.logging( 7697): Method > 1 com.unity3d.player.k$1.run(com.unity3d.player.k$1@811294676)
I/org.umd.logging( 7697): Method < 1 com.unity3d.player.k$1.run()
I/org.umd.logging( 7697): Method > 1 com.unity3d.player.k$1.run(com.unity3d.player.k$1@811294676)
I/org.umd.logging( 7697): Method < 1 com.unity3d.player.k$1.run()
I/org.umd.logging( 7697): Method > 1 com.unity3d.player.k$1.run(com.unity3d.player.k$1@811294676)
I/org.umd.logging( 7697): Method < 1 com.unity3d.player.k$1.run()
I/org.umd.logging( 7697): Method > 1 com.unity3d.player.k$1.run(com.unity3d.player.k$1@811294676)
I/org.umd.logging( 7697): Method < 1 com.unity3d.player.k$1.run()
I/org.umd.logging( 7697): Method > 1 com.unity3d.player.k$1.run(com.unity3d.player.k$1@811294676)
I/org.umd.logging( 7697): Method < 1 com.unity3d.player.k$1.run()
I/org.umd.logging( 7697): Method > 1 com.unity3d.player.k$1.run(com.unity3d.player.k$1@811294676)
I/org.umd.logging( 7697): Method < 1 com.unity3d.player.k$1.run()
I/org.umd.logging( 7697): Method > 1 com.unity3d.player.k$1.run(com.unity3d.player.k$1@811294676)
I/org.umd.logging( 7697): Method < 1 com.unity3d.player.k$1.run()
I/org.umd.logging( 7697): Method > 1 com.unity3d.player.k$1.run(com.unity3d.player.k$1@811294676)
I/org.umd.logging( 7697): Method < 1 com.unity3d.player.k$1.run()
I/org.umd.logging( 7697): Method > 1 com.unity3d.player.k$1.run(com.unity3d.player.k$1@811294676)
I/org.umd.logging( 7697): Method < 1 com.unity3d.player.k$1.run()
I/org.umd.logging( 7697): Method > 1 com.unity3d.player.k$1.run(com.unity3d.player.k$1@811294676)
I/org.umd.logging( 7697): Method < 1 com.unity3d.player.k$1.run()
I/org.umd.logging( 7697): Method > 1 com.unity3d.player.k$1.run(com.unity3d.player.k$1@811294676)
I/org.umd.logging( 7697): Method < 1 com.unity3d.player.k$1.run()
I/org.umd.logging( 7697): Method > 1 com.unity3d.player.k$1.run(com.unity3d.player.k$1@811294676)
I/org.umd.logging( 7697): Method < 1 com.unity3d.player.k$1.run()
I/org.umd.logging( 7697): Method > 1 com.unity3d.player.k$1.run(com.unity3d.player.k$1@811294676)
I/org.umd.logging( 7697): Method < 1 com.unity3d.player.k$1.run()
I/org.umd.logging( 7697): Method > 1 com.unity3d.player.k$1.run(com.unity3d.player.k$1@811294676)
I/org.umd.logging( 7697): Method < 1 com.unity3d.player.k$1.run()
I/org.umd.logging( 7697): Method > 1 com.unity3d.player.k$1.run(com.unity3d.player.k$1@811294676)
I/org.umd.logging( 7697): Method < 1 com.unity3d.player.k$1.run()
I/org.umd.logging( 7697): Method > 1 com.unity3d.player.k$1.run(com.unity3d.player.k$1@811294676)
I/org.umd.logging( 7697): Method < 1 com.unity3d.player.k$1.run()
I/org.umd.logging( 7697): Method > 1 com.unity3d.player.k$1.run(com.unity3d.player.k$1@811294676)
I/org.umd.logging( 7697): Method < 1 com.unity3d.player.k$1.run()
I/org.umd.logging( 7697): Method > 1 com.unity3d.player.k$1.run(com.unity3d.player.k$1@811294676)
I/org.umd.logging( 7697): Method < 1 com.unity3d.player.k$1.run()
I/org.umd.logging( 7697): Method > 1 com.unity3d.player.k$1.run(com.unity3d.player.k$1@811294676)
I/org.umd.logging( 7697): Method < 1 com.unity3d.player.k$1.run()
I/org.umd.logging( 7697): Method > 1 com.unity3d.player.k$1.run(com.unity3d.player.k$1@811294676)
I/org.umd.logging( 7697): Method < 1 com.unity3d.player.k$1.run()
I/org.umd.logging( 7697): Method > 1 com.unity3d.player.k$1.run(com.unity3d.player.k$1@811294676)
I/org.umd.logging( 7697): Method < 1 com.unity3d.player.k$1.run()
I/org.umd.logging( 7697): Method > 1 com.unity3d.player.k$1.run(com.unity3d.player.k$1@811294676)
I/org.umd.logging( 7697): Method < 1 com.unity3d.player.k$1.run()
I/org.umd.logging( 7697): Method > 1 com.unity3d.player.k$1.run(com.unity3d.player.k$1@811294676)
I/org.umd.logging( 7697): Method < 1 com.unity3d.player.k$1.run()
I/org.umd.logging( 7697): Method > 1 com.unity3d.player.k$1.run(com.unity3d.player.k$1@811294676)
I/org.umd.logging( 7697): Method < 1 com.unity3d.player.k$1.run()
I/org.umd.logging( 7697): Method > 1 com.unity3d.player.k$1.run(com.unity3d.player.k$1@811294676)
I/org.umd.logging( 7697): Method < 1 com.unity3d.player.k$1.run()
I/org.umd.logging( 7697): Method > 1 com.unity3d.player.k$1.run(com.unity3d.player.k$1@811294676)
I/org.umd.logging( 7697): Method < 1 com.unity3d.player.k$1.run()
I/org.umd.logging( 7697): Method > 1 com.unity3d.player.k$1.run(com.unity3d.player.k$1@811294676)
I/org.umd.logging( 7697): Method < 1 com.unity3d.player.k$1.run()
I/org.umd.logging( 7697): Method > 1 com.unity3d.player.k$1.run(com.unity3d.player.k$1@811294676)
I/org.umd.logging( 7697): Method < 1 com.unity3d.player.k$1.run()
I/org.umd.logging( 7697): Method > 1 com.unity3d.player.k$1.run(com.unity3d.player.k$1@811294676)
I/org.umd.logging( 7697): Method < 1 com.unity3d.player.k$1.run()
I/org.umd.logging( 7697): Method > 1 com.unity3d.player.k$1.run(com.unity3d.player.k$1@811294676)
I/org.umd.logging( 7697): Method < 1 com.unity3d.player.k$1.run()
I/org.umd.logging( 7697): Method > 1 com.unity3d.player.k$1.run(com.unity3d.player.k$1@811294676)
E/Cataloger( 6490): syncFile:/storage/emulated/0/2016-12-13_05:11:22.225.jpg
I/org.umd.logging( 7697): Method < 1 com.unity3d.player.k$1.run()
I/org.umd.logging( 7697): Method > 1 com.unity3d.player.k$1.run(com.unity3d.player.k$1@811294676)
I/org.umd.logging( 7697): Method < 1 com.unity3d.player.k$1.run()
I/org.umd.logging( 7697): Method > 1 com.unity3d.player.k$1.run(com.unity3d.player.k$1@811294676)
I/org.umd.logging( 7697): Method < 1 com.unity3d.player.k$1.run()
I/org.umd.logging( 7697): Method > 1 com.unity3d.player.k$1.run(com.unity3d.player.k$1@811294676)
I/org.umd.logging( 7697): Method < 1 com.unity3d.player.k$1.run()
I/org.umd.logging( 7697): Method > 1 com.unity3d.player.k$1.run(com.unity3d.player.k$1@811294676)
I/org.umd.logging( 7697): Method < 1 com.unity3d.player.k$1.run()
I/org.umd.logging( 7697): Method > 1 com.unity3d.player.k$1.run(com.unity3d.player.k$1@811294676)
I/org.umd.logging( 7697): Method < 1 com.unity3d.player.k$1.run()
I/org.umd.logging( 7697): Method > 1 com.unity3d.player.k$1.run(com.unity3d.player.k$1@811294676)
I/org.umd.logging( 7697): Method < 1 com.unity3d.player.k$1.run()
I/org.umd.logging( 7697): Method > 1 com.unity3d.player.k$1.run(com.unity3d.player.k$1@811294676)
I/org.umd.logging( 7697): Method < 1 com.unity3d.player.k$1.run()
I/org.umd.logging( 7697): Method > 1 com.unity3d.player.k$1.run(com.unity3d.player.k$1@811294676)
I/org.umd.logging( 7697): Method < 1 com.unity3d.player.k$1.run()
I/org.umd.logging( 7697): Method > 1 com.unity3d.player.k$1.run(com.unity3d.player.k$1@811294676)
I/org.umd.logging( 7697): Method < 1 com.unity3d.player.k$1.run()
I/org.umd.logging( 7697): Method > 1 com.unity3d.player.k$1.run(com.unity3d.player.k$1@811294676)
I/org.umd.logging( 7697): Method < 1 com.unity3d.player.k$1.run()
I/org.umd.logging( 7697): Method > 1 com.unity3d.player.k$1.run(com.unity3d.player.k$1@811294676)
I/org.umd.logging( 7697): Method < 1 com.unity3d.player.k$1.run()
I/org.umd.logging( 7697): Method > 1 com.unity3d.player.k$1.run(com.unity3d.player.k$1@811294676)
I/org.umd.logging( 7697): Method < 1 com.unity3d.player.k$1.run()
I/org.umd.logging( 7697): Method > 1 com.unity3d.player.k$1.run(com.unity3d.player.k$1@811294676)
I/org.umd.logging( 7697): Method < 1 com.unity3d.player.k$1.run()
I/org.umd.logging( 7697): Method > 1 com.unity3d.player.k$1.run(com.unity3d.player.k$1@811294676)
I/org.umd.logging( 7697): Method < 1 com.unity3d.player.k$1.run()
I/org.umd.logging( 7697): Method > 1 com.unity3d.player.k$1.run(com.unity3d.player.k$1@811294676)
I/org.umd.logging( 7697): Method < 1 com.unity3d.player.k$1.run()
I/org.umd.logging( 7697): Method > 1 com.unity3d.player.k$1.run(com.unity3d.player.k$1@811294676)
I/org.umd.logging( 7697): Method < 1 com.unity3d.player.k$1.run()
I/org.umd.logging( 7697): Method > 1 com.unity3d.player.k$1.run(com.unity3d.player.k$1@811294676)
I/org.umd.logging( 7697): Method < 1 com.unity3d.player.k$1.run()
I/org.umd.logging( 7697): Method > 1 com.unity3d.player.k$1.run(com.unity3d.player.k$1@811294676)
I/org.umd.logging( 7697): Method < 1 com.unity3d.player.k$1.run()
I/org.umd.logging( 7697): Method > 1 com.unity3d.player.k$1.run(com.unity3d.player.k$1@811294676)
I/org.umd.logging( 7697): Method < 1 com.unity3d.player.k$1.run()
W/ResourceType( 7697): No known package when getting name for resource number 0xffffffff
I/org.umd.logging( 7697): Method > 2067 com.unity3d.player.UnityPlayer.executeGLThreadJobs(com.unity3d.player.UnityPlayer@177402906<file=2016-12-13_05:11:22.225><x=0><y=0><width=1196><height=768><id=-1>)
I/org.umd.logging( 7697): Method < 2067 com.unity3d.player.UnityPlayer.executeGLThreadJobs()
E/Cataloger( 6490): syncFile:/storage/emulated/0/2016-12-13_05:11:22.225.jpg
I/InputDispatcher(  594): Window 'Window{3365525f u0 com.tractiongames.stickbmxfree/com.prime31.UnityPlayerNativeActivity}' spent 6587.4ms processing the last input event: KeyEvent(deviceId=-1, source=0x00000101, action=1, flags=0x00000008, keyCode=23, scanCode=0, metaState=0x00000000, repeatCount=0), policyFlags=0x6b000000
E/Cataloger( 6490): syncFile:/storage/emulated/0/2016-12-13_05:11:22.415.jpg
W/ResourceType( 7697): No known package when getting name for resource number 0xffffffff
I/org.umd.logging( 7697): Method > 2067 com.unity3d.player.UnityPlayer.executeGLThreadJobs(com.unity3d.player.UnityPlayer@177402906<file=2016-12-13_05:11:22.415><x=0><y=0><width=1196><height=768><id=-1>)
I/org.umd.logging( 7697): Method < 2067 com.unity3d.player.UnityPlayer.executeGLThreadJobs()
E/Cataloger( 6490): syncFile:/storage/emulated/0/2016-12-13_05:11:22.415.jpg
I/org.umd.logging( 7697): Method > 1 com.unity3d.player.k$1.run(com.unity3d.player.k$1@811294676)
E/Cataloger( 6490): syncFile:/storage/emulated/0/2016-12-13_05:11:22.634.jpg
E/Cataloger( 6490): syncFile:/storage/emulated/0/2016-12-13_05:11:22.622.jpg
W/ResourceType( 7697): No known package when getting name for resource number 0xffffffff
I/org.umd.logging( 7697): Method > 2067 com.unity3d.player.UnityPlayer.executeGLThreadJobs(com.unity3d.player.UnityPlayer@177402906<file=2016-12-13_05:11:22.634><x=0><y=0><width=1196><height=768><id=-1>)
E/Cataloger( 6490): syncFile:/storage/emulated/0/2016-12-13_05:11:22.634.jpg
I/org.umd.logging( 7697): Method < 2067 com.unity3d.player.UnityPlayer.executeGLThreadJobs()
W/ResourceType( 7697): No known package when getting name for resource number 0xffffffff
I/org.umd.logging( 7697): Method > 1 com.unity3d.player.UnityPlayer.onTouchEvent(com.unity3d.player.UnityPlayer@177402906<file=2016-12-13_05:11:22.622><x=0><y=0><width=1196><height=768><id=-1>, android.view.MotionEvent@138203734)
I/org.umd.logging( 7697): Method < 1 com.unity3d.player.UnityPlayer.onTouchEvent(false)
E/Cataloger( 6490): syncFile:/storage/emulated/0/2016-12-13_05:11:22.622.jpg
I/org.umd.logging( 7697): Method > 1 com.unity3d.player.UnityPlayerNativeActivity.onTouchEvent(com.prime31.UnityPlayerNativeActivity@410649080<activity=true>, android.view.MotionEvent@138203734)
I/org.umd.logging( 7697): Method < 1 com.unity3d.player.UnityPlayerNativeActivity.onTouchEvent(false)
I/org.umd.logging( 7697): Method > 1 com.unity3d.player.k$1.run(com.unity3d.player.k$1@811294676)
I/org.umd.logging( 7697): Method > 1 com.unity3d.player.UnityPlayerNativeActivity.onTouchEvent(com.prime31.UnityPlayerNativeActivity@410649080<activity=true>, android.view.MotionEvent@243266263)
I/org.umd.logging( 7697): Method < 1 com.unity3d.player.UnityPlayerNativeActivity.onTouchEvent(false)
I/org.umd.logging( 7697): Method > 1 com.unity3d.player.k$1.run(com.unity3d.player.k$1@811294676)
E/Cataloger( 6490): syncFile:/storage/emulated/0/2016-12-13_05:11:22.883.jpg
E/Cataloger( 6490): syncFile:/storage/emulated/0/2016-12-13_05:11:22.905.jpg
W/ResourceType( 7697): No known package when getting name for resource number 0xffffffff
I/org.umd.logging( 7697): Method > 2067 com.unity3d.player.UnityPlayer.executeGLThreadJobs(com.unity3d.player.UnityPlayer@177402906<file=2016-12-13_05:11:22.883><x=0><y=0><width=1196><height=768><id=-1>)
I/org.umd.logging( 7697): Method < 2067 com.unity3d.player.UnityPlayer.executeGLThreadJobs()
E/Cataloger( 6490): syncFile:/storage/emulated/0/2016-12-13_05:11:22.883.jpg
W/ResourceType( 7697): No known package when getting name for resource number 0xffffffff
I/org.umd.logging( 7697): Method > 1 com.unity3d.player.UnityPlayer.onTouchEvent(com.unity3d.player.UnityPlayer@177402906<file=2016-12-13_05:11:22.905><x=0><y=0><width=1196><height=768><id=-1>, android.view.MotionEvent@297932740)
I/org.umd.logging( 7697): Method < 1 com.unity3d.player.UnityPlayer.onTouchEvent(false)
E/Cataloger( 6490): syncFile:/storage/emulated/0/2016-12-13_05:11:22.905.jpg
I/org.umd.logging( 7697): Method > 1 com.unity3d.player.UnityPlayerNativeActivity.onTouchEvent(com.prime31.UnityPlayerNativeActivity@410649080<activity=true>, android.view.MotionEvent@297932740)
I/org.umd.logging( 7697): Method < 1 com.unity3d.player.UnityPlayerNativeActivity.onTouchEvent(false)
I/org.umd.logging( 7697): Method > 1 com.unity3d.player.k$1.run(com.unity3d.player.k$1@811294676)
I/org.umd.logging( 7697): Method > 1 com.unity3d.player.UnityPlayerNativeActivity.onTouchEvent(com.prime31.UnityPlayerNativeActivity@410649080<activity=true>, android.view.MotionEvent@410650285)
I/org.umd.logging( 7697): Method < 1 com.unity3d.player.UnityPlayerNativeActivity.onTouchEvent(false)
I/org.umd.logging( 7697): Method > 1 com.unity3d.player.k$1.run(com.unity3d.player.k$1@811294676)
E/Cataloger( 6490): syncFile:/storage/emulated/0/2016-12-13_05:11:23.101.jpg
E/Cataloger( 6490): syncFile:/storage/emulated/0/2016-12-13_05:11:23.122.jpg
W/ResourceType( 7697): No known package when getting name for resource number 0xffffffff
I/org.umd.logging( 7697): Method > 2067 com.unity3d.player.UnityPlayer.executeGLThreadJobs(com.unity3d.player.UnityPlayer@177402906<file=2016-12-13_05:11:23.101><x=0><y=0><width=1196><height=768><id=-1>)
I/org.umd.logging( 7697): Method < 2067 com.unity3d.player.UnityPlayer.executeGLThreadJobs()
E/Cataloger( 6490): syncFile:/storage/emulated/0/2016-12-13_05:11:23.101.jpg
W/ResourceType( 7697): No known package when getting name for resource number 0xffffffff
I/org.umd.logging( 7697): Method > 1 com.unity3d.player.UnityPlayer.onTouchEvent(com.unity3d.player.UnityPlayer@177402906<file=2016-12-13_05:11:23.122><x=0><y=0><width=1196><height=768><id=-1>, android.view.MotionEvent@818658786)
I/org.umd.logging( 7697): Method < 1 com.unity3d.player.UnityPlayer.onTouchEvent(false)
I/org.umd.logging( 7697): Method > 1 com.unity3d.player.UnityPlayerNativeActivity.onTouchEvent(com.prime31.UnityPlayerNativeActivity@410649080<activity=true>, android.view.MotionEvent@818658786)
E/Cataloger( 6490): syncFile:/storage/emulated/0/2016-12-13_05:11:23.122.jpg
I/org.umd.logging( 7697): Method < 1 com.unity3d.player.UnityPlayerNativeActivity.onTouchEvent(false)
I/org.umd.logging( 7697): Method > 1 com.unity3d.player.k$1.run(com.unity3d.player.k$1@811294676)
I/org.umd.logging( 7697): Method > 1 com.unity3d.player.UnityPlayerNativeActivity.onTouchEvent(com.prime31.UnityPlayerNativeActivity@410649080<activity=true>, android.view.MotionEvent@426173811)
I/org.umd.logging( 7697): Method < 1 com.unity3d.player.UnityPlayerNativeActivity.onTouchEvent(false)
I/org.umd.logging( 7697): Method > 1 com.unity3d.player.k$1.run(com.unity3d.player.k$1@811294676)
I/org.umd.logging( 7697): Method > 1 com.unity3d.player.UnityPlayerNativeActivity.onTouchEvent(com.prime31.UnityPlayerNativeActivity@410649080<activity=true>, android.view.MotionEvent@346745904)
I/org.umd.logging( 7697): Method < 1 com.unity3d.player.UnityPlayerNativeActivity.onTouchEvent(false)
I/org.umd.logging( 7697): Method > 1 com.unity3d.player.k$1.run(com.unity3d.player.k$1@811294676)
E/Cataloger( 6490): syncFile:/storage/emulated/0/2016-12-13_05:11:23.294.jpg
E/Cataloger( 6490): syncFile:/storage/emulated/0/2016-12-13_05:11:23.327.jpg
W/ResourceType( 7697): No known package when getting name for resource number 0xffffffff
I/org.umd.logging( 7697): Method > 2067 com.unity3d.player.UnityPlayer.executeGLThreadJobs(com.unity3d.player.UnityPlayer@177402906<file=2016-12-13_05:11:23.294><x=0><y=0><width=1196><height=768><id=-1>)
I/org.umd.logging( 7697): Method < 2067 com.unity3d.player.UnityPlayer.executeGLThreadJobs()
E/Cataloger( 6490): syncFile:/storage/emulated/0/2016-12-13_05:11:23.294.jpg
W/ResourceType( 7697): No known package when getting name for resource number 0xffffffff
I/org.umd.logging( 7697): Method > 1 com.unity3d.player.UnityPlayer.onTouchEvent(com.unity3d.player.UnityPlayer@177402906<file=2016-12-13_05:11:23.327><x=0><y=0><width=1196><height=768><id=-1>, android.view.MotionEvent@1037918377)
I/org.umd.logging( 7697): Method < 1 com.unity3d.player.UnityPlayer.onTouchEvent(false)
I/org.umd.logging( 7697): Method > 1 com.unity3d.player.UnityPlayerNativeActivity.onTouchEvent(com.prime31.UnityPlayerNativeActivity@410649080<activity=true>, android.view.MotionEvent@1037918377)
E/Cataloger( 6490): syncFile:/storage/emulated/0/2016-12-13_05:11:23.327.jpg
I/org.umd.logging( 7697): Method < 1 com.unity3d.player.UnityPlayerNativeActivity.onTouchEvent(false)
I/org.umd.logging( 7697): Method > 1 com.unity3d.player.k$1.run(com.unity3d.player.k$1@811294676)
I/org.umd.logging( 7697): Method > 1 com.unity3d.player.UnityPlayerNativeActivity.onTouchEvent(com.prime31.UnityPlayerNativeActivity@410649080<activity=true>, android.view.MotionEvent@913036846)
I/org.umd.logging( 7697): Method < 1 com.unity3d.player.UnityPlayerNativeActivity.onTouchEvent(false)
I/org.umd.logging( 7697): Method > 1 com.unity3d.player.k$1.run(com.unity3d.player.k$1@811294676)
E/Cataloger( 6490): syncFile:/storage/emulated/0/2016-12-13_05:11:23.483.jpg
E/Cataloger( 6490): syncFile:/storage/emulated/0/2016-12-13_05:11:23.522.jpg
W/ResourceType( 7697): No known package when getting name for resource number 0xffffffff
I/org.umd.logging( 7697): Method > 2067 com.unity3d.player.UnityPlayer.executeGLThreadJobs(com.unity3d.player.UnityPlayer@177402906<file=2016-12-13_05:11:23.483><x=0><y=0><width=1196><height=768><id=-1>)
I/org.umd.logging( 7697): Method < 2067 com.unity3d.player.UnityPlayer.executeGLThreadJobs()
E/Cataloger( 6490): syncFile:/storage/emulated/0/2016-12-13_05:11:23.483.jpg
W/ResourceType( 7697): No known package when getting name for resource number 0xffffffff
I/org.umd.logging( 7697): Method > 1 com.unity3d.player.UnityPlayer.onTouchEvent(com.unity3d.player.UnityPlayer@177402906<file=2016-12-13_05:11:23.522><x=0><y=0><width=1196><height=768><id=-1>, android.view.MotionEvent@482371023)
I/org.umd.logging( 7697): Method < 1 com.unity3d.player.UnityPlayer.onTouchEvent(false)
I/org.umd.logging( 7697): Method > 1 com.unity3d.player.UnityPlayerNativeActivity.onTouchEvent(com.prime31.UnityPlayerNativeActivity@410649080<activity=true>, android.view.MotionEvent@482371023)
E/Cataloger( 6490): syncFile:/storage/emulated/0/2016-12-13_05:11:23.522.jpg
I/org.umd.logging( 7697): Method < 1 com.unity3d.player.UnityPlayerNativeActivity.onTouchEvent(false)
I/org.umd.logging( 7697): Method > 1 com.unity3d.player.k$1.run(com.unity3d.player.k$1@811294676)
I/org.umd.logging( 7697): Method > 1 com.unity3d.player.UnityPlayerNativeActivity.onTouchEvent(com.prime31.UnityPlayerNativeActivity@410649080<activity=true>, android.view.MotionEvent@923165487)
I/org.umd.logging( 7697): Method < 1 com.unity3d.player.UnityPlayerNativeActivity.onTouchEvent(false)
I/org.umd.logging( 7697): Method > 1 com.unity3d.player.k$1.run(com.unity3d.player.k$1@811294676)
E/Cataloger( 6490): syncFile:/storage/emulated/0/2016-12-13_05:11:23.672.jpg
E/Cataloger( 6490): syncFile:/storage/emulated/0/2016-12-13_05:11:23.720.jpg
W/ResourceType( 7697): No known package when getting name for resource number 0xffffffff
I/org.umd.logging( 7697): Method > 2067 com.unity3d.player.UnityPlayer.executeGLThreadJobs(com.unity3d.player.UnityPlayer@177402906<file=2016-12-13_05:11:23.672><x=0><y=0><width=1196><height=768><id=-1>)
I/org.umd.logging( 7697): Method < 2067 com.unity3d.player.UnityPlayer.executeGLThreadJobs()
E/Cataloger( 6490): syncFile:/storage/emulated/0/2016-12-13_05:11:23.672.jpg
W/ResourceType( 7697): No known package when getting name for resource number 0xffffffff
I/org.umd.logging( 7697): Method > 1 com.unity3d.player.UnityPlayer.onTouchEvent(com.unity3d.player.UnityPlayer@177402906<file=2016-12-13_05:11:23.720><x=0><y=0><width=1196><height=768><id=-1>, android.view.MotionEvent@705338204)
E/Cataloger( 6490): syncFile:/storage/emulated/0/2016-12-13_05:11:23.720.jpg
I/org.umd.logging( 7697): Method < 1 com.unity3d.player.UnityPlayer.onTouchEvent(false)
I/org.umd.logging( 7697): Method > 1 com.unity3d.player.UnityPlayerNativeActivity.onTouchEvent(com.prime31.UnityPlayerNativeActivity@410649080<activity=true>, android.view.MotionEvent@705338204)
I/org.umd.logging( 7697): Method < 1 com.unity3d.player.UnityPlayerNativeActivity.onTouchEvent(false)
I/org.umd.logging( 7697): Method > 1 com.unity3d.player.k$1.run(com.unity3d.player.k$1@811294676)
I/org.umd.logging( 7697): Method > 1 com.unity3d.player.UnityPlayerNativeActivity.onTouchEvent(com.prime31.UnityPlayerNativeActivity@410649080<activity=true>, android.view.MotionEvent@654466661)
I/org.umd.logging( 7697): Method < 1 com.unity3d.player.UnityPlayerNativeActivity.onTouchEvent(false)
I/org.umd.logging( 7697): Method > 1 com.unity3d.player.k$1.run(com.unity3d.player.k$1@811294676)
E/Cataloger( 6490): syncFile:/storage/emulated/0/2016-12-13_05:11:23.848.jpg
E/Cataloger( 6490): syncFile:/storage/emulated/0/2016-12-13_05:11:23.919.jpg
W/ResourceType( 7697): No known package when getting name for resource number 0xffffffff
I/org.umd.logging( 7697): Method > 2067 com.unity3d.player.UnityPlayer.executeGLThreadJobs(com.unity3d.player.UnityPlayer@177402906<file=2016-12-13_05:11:23.848><x=0><y=0><width=1196><height=768><id=-1>)
I/org.umd.logging( 7697): Method < 2067 com.unity3d.player.UnityPlayer.executeGLThreadJobs()
E/Cataloger( 6490): syncFile:/storage/emulated/0/2016-12-13_05:11:23.848.jpg
W/ResourceType( 7697): No known package when getting name for resource number 0xffffffff
I/org.umd.logging( 7697): Method > 1 com.unity3d.player.UnityPlayer.onTouchEvent(com.unity3d.player.UnityPlayer@177402906<file=2016-12-13_05:11:23.919><x=0><y=0><width=1196><height=768><id=-1>, android.view.MotionEvent@1004742458)
I/org.umd.logging( 7697): Method < 1 com.unity3d.player.UnityPlayer.onTouchEvent(false)
E/Cataloger( 6490): syncFile:/storage/emulated/0/2016-12-13_05:11:23.919.jpg
I/org.umd.logging( 7697): Method > 1 com.unity3d.player.UnityPlayerNativeActivity.onTouchEvent(com.prime31.UnityPlayerNativeActivity@410649080<activity=true>, android.view.MotionEvent@1004742458)
I/org.umd.logging( 7697): Method < 1 com.unity3d.player.UnityPlayerNativeActivity.onTouchEvent(false)
I/org.umd.logging( 7697): Method > 1 com.unity3d.player.k$1.run(com.unity3d.player.k$1@811294676)
I/org.umd.logging( 7697): Method > 1 com.unity3d.player.UnityPlayerNativeActivity.onTouchEvent(com.prime31.UnityPlayerNativeActivity@410649080<activity=true>, android.view.MotionEvent@109547499)
I/org.umd.logging( 7697): Method < 1 com.unity3d.player.UnityPlayerNativeActivity.onTouchEvent(false)
I/org.umd.logging( 7697): Method > 1 com.unity3d.player.k$1.run(com.unity3d.player.k$1@811294676)
E/Cataloger( 6490): syncFile:/storage/emulated/0/2016-12-13_05:11:24.074.jpg
E/Cataloger( 6490): syncFile:/storage/emulated/0/2016-12-13_05:11:24.127.jpg
W/ResourceType( 7697): No known package when getting name for resource number 0xffffffff
I/org.umd.logging( 7697): Method > 2067 com.unity3d.player.UnityPlayer.executeGLThreadJobs(com.unity3d.player.UnityPlayer@177402906<file=2016-12-13_05:11:24.074><x=0><y=0><width=1196><height=768><id=-1>)
I/org.umd.logging( 7697): Method < 2067 com.unity3d.player.UnityPlayer.executeGLThreadJobs()
E/Cataloger( 6490): syncFile:/storage/emulated/0/2016-12-13_05:11:24.074.jpg
W/ResourceType( 7697): No known package when getting name for resource number 0xffffffff
I/org.umd.logging( 7697): Method > 1 com.unity3d.player.UnityPlayer.onTouchEvent(com.unity3d.player.UnityPlayer@177402906<file=2016-12-13_05:11:24.127><x=0><y=0><width=1196><height=768><id=-1>, android.view.MotionEvent@273944904)
I/org.umd.logging( 7697): Method < 1 com.unity3d.player.UnityPlayer.onTouchEvent(false)
E/Cataloger( 6490): syncFile:/storage/emulated/0/2016-12-13_05:11:24.127.jpg
I/org.umd.logging( 7697): Method > 1 com.unity3d.player.UnityPlayerNativeActivity.onTouchEvent(com.prime31.UnityPlayerNativeActivity@410649080<activity=true>, android.view.MotionEvent@273944904)
I/org.umd.logging( 7697): Method < 1 com.unity3d.player.UnityPlayerNativeActivity.onTouchEvent(false)
I/org.umd.logging( 7697): Method > 1 com.unity3d.player.k$1.run(com.unity3d.player.k$1@811294676)
I/org.umd.logging( 7697): Method > 1 com.unity3d.player.UnityPlayerNativeActivity.onTouchEvent(com.prime31.UnityPlayerNativeActivity@410649080<activity=true>, android.view.MotionEvent@918518753)
I/org.umd.logging( 7697): Method < 1 com.unity3d.player.UnityPlayerNativeActivity.onTouchEvent(false)
I/org.umd.logging( 7697): Method > 1 com.unity3d.player.k$1.run(com.unity3d.player.k$1@811294676)
E/Cataloger( 6490): syncFile:/storage/emulated/0/2016-12-13_05:11:24.278.jpg
E/WifiStateMachine(  594): WifiStateMachine CMD_START_SCAN source -2 txSuccessRate=0.06 rxSuccessRate=0.14 targetRoamBSSID=any RSSI=-38
E/Cataloger( 6490): syncFile:/storage/emulated/0/2016-12-13_05:11:24.313.jpg
W/ResourceType( 7697): No known package when getting name for resource number 0xffffffff
I/org.umd.logging( 7697): Method > 2067 com.unity3d.player.UnityPlayer.executeGLThreadJobs(com.unity3d.player.UnityPlayer@177402906<file=2016-12-13_05:11:24.278><x=0><y=0><width=1196><height=768><id=-1>)
I/org.umd.logging( 7697): Method < 2067 com.unity3d.player.UnityPlayer.executeGLThreadJobs()
E/Cataloger( 6490): syncFile:/storage/emulated/0/2016-12-13_05:11:24.278.jpg
W/ResourceType( 7697): No known package when getting name for resource number 0xffffffff
I/org.umd.logging( 7697): Method > 1 com.unity3d.player.UnityPlayer.onTouchEvent(com.unity3d.player.UnityPlayer@177402906<file=2016-12-13_05:11:24.313><x=0><y=0><width=1196><height=768><id=-1>, android.view.MotionEvent@407665926)
I/org.umd.logging( 7697): Method < 1 com.unity3d.player.UnityPlayer.onTouchEvent(false)
I/org.umd.logging( 7697): Method > 1 com.unity3d.player.UnityPlayerNativeActivity.onTouchEvent(com.prime31.UnityPlayerNativeActivity@410649080<activity=true>, android.view.MotionEvent@407665926)
E/Cataloger( 6490): syncFile:/storage/emulated/0/2016-12-13_05:11:24.313.jpg
I/org.umd.logging( 7697): Method < 1 com.unity3d.player.UnityPlayerNativeActivity.onTouchEvent(false)
I/org.umd.logging( 7697): Method > 1 com.unity3d.player.k$1.run(com.unity3d.player.k$1@811294676)
I/org.umd.logging( 7697): Method > 1 com.unity3d.player.UnityPlayerNativeActivity.onTouchEvent(com.prime31.UnityPlayerNativeActivity@410649080<activity=true>, android.view.MotionEvent@525156295)
I/org.umd.logging( 7697): Method < 1 com.unity3d.player.UnityPlayerNativeActivity.onTouchEvent(false)
I/org.umd.logging( 7697): Method > 1 com.unity3d.player.k$1.run(com.unity3d.player.k$1@811294676)
I/org.umd.logging( 7697): Method < 1 com.unity3d.player.k$1.run()
I/org.umd.logging( 7697): Method > 1 com.unity3d.player.k$1.run(com.unity3d.player.k$1@811294676)
I/org.umd.logging( 7697): Method < 1 com.unity3d.player.k$1.run()
I/org.umd.logging( 7697): Method > 1 com.unity3d.player.k$1.run(com.unity3d.player.k$1@811294676)
I/org.umd.logging( 7697): Method < 1 com.unity3d.player.k$1.run()
I/org.umd.logging( 7697): Method > 1 com.unity3d.player.k$1.run(com.unity3d.player.k$1@811294676)
I/org.umd.logging( 7697): Method < 1 com.unity3d.player.k$1.run()
I/org.umd.logging( 7697): Method > 1 com.unity3d.player.k$1.run(com.unity3d.player.k$1@811294676)
I/org.umd.logging( 7697): Method < 1 com.unity3d.player.k$1.run()
I/org.umd.logging( 7697): Method > 1 com.unity3d.player.k$1.run(com.unity3d.player.k$1@811294676)
I/org.umd.logging( 7697): Method < 1 com.unity3d.player.k$1.run()
I/org.umd.logging( 7697): Method > 1 com.unity3d.player.k$1.run(com.unity3d.player.k$1@811294676)
I/org.umd.logging( 7697): Method < 1 com.unity3d.player.k$1.run()
I/org.umd.logging( 7697): Method > 1 com.unity3d.player.k$1.run(com.unity3d.player.k$1@811294676)
I/org.umd.logging( 7697): Method < 1 com.unity3d.player.k$1.run()
I/org.umd.logging( 7697): Method > 1 com.unity3d.player.k$1.run(com.unity3d.player.k$1@811294676)
I/org.umd.logging( 7697): Method < 1 com.unity3d.player.k$1.run()
I/org.umd.logging( 7697): Method > 1 com.unity3d.player.k$1.run(com.unity3d.player.k$1@811294676)
I/org.umd.logging( 7697): Method < 1 com.unity3d.player.k$1.run()
I/org.umd.logging( 7697): Method > 1 com.unity3d.player.k$1.run(com.unity3d.player.k$1@811294676)
I/org.umd.logging( 7697): Method < 1 com.unity3d.player.k$1.run()
I/org.umd.logging( 7697): Method > 1 com.unity3d.player.k$1.run(com.unity3d.player.k$1@811294676)
I/org.umd.logging( 7697): Method < 1 com.unity3d.player.k$1.run()
I/org.umd.logging( 7697): Method > 1 com.unity3d.player.k$1.run(com.unity3d.player.k$1@811294676)
I/org.umd.logging( 7697): Method < 1 com.unity3d.player.k$1.run()
I/org.umd.logging( 7697): Method > 1 com.unity3d.player.k$1.run(com.unity3d.player.k$1@811294676)
I/org.umd.logging( 7697): Method < 1 com.unity3d.player.k$1.run()
I/org.umd.logging( 7697): Method > 1 com.unity3d.player.k$1.run(com.unity3d.player.k$1@811294676)
I/org.umd.logging( 7697): Method < 1 com.unity3d.player.k$1.run()
I/org.umd.logging( 7697): Method > 1 com.unity3d.player.k$1.run(com.unity3d.player.k$1@811294676)
I/org.umd.logging( 7697): Method < 1 com.unity3d.player.k$1.run()
I/org.umd.logging( 7697): Method > 1 com.unity3d.player.k$1.run(com.unity3d.player.k$1@811294676)
I/org.umd.logging( 7697): Method < 1 com.unity3d.player.k$1.run()
I/org.umd.logging( 7697): Method > 1 com.unity3d.player.k$1.run(com.unity3d.player.k$1@811294676)
I/org.umd.logging( 7697): Method < 1 com.unity3d.player.k$1.run()
I/org.umd.logging( 7697): Method > 1 com.unity3d.player.k$1.run(com.unity3d.player.k$1@811294676)
I/org.umd.logging( 7697): Method < 1 com.unity3d.player.k$1.run()
E/Cataloger( 6490): syncFile:/storage/emulated/0/2016-12-13_05:11:24.475.jpg
W/ResourceType( 7697): No known package when getting name for resource number 0xffffffff
I/org.umd.logging( 7697): Method > 2067 com.unity3d.player.UnityPlayer.executeGLThreadJobs(com.unity3d.player.UnityPlayer@177402906<file=2016-12-13_05:11:24.475><x=0><y=0><width=1196><height=768><id=-1>)
I/org.umd.logging( 7697): Method < 2067 com.unity3d.player.UnityPlayer.executeGLThreadJobs()
E/Cataloger( 6490): syncFile:/storage/emulated/0/2016-12-13_05:11:24.475.jpg
I/InputDispatcher(  594): Window 'Window{3365525f u0 com.tractiongames.stickbmxfree/com.prime31.UnityPlayerNativeActivity}' spent 2250.9ms processing the last input event: KeyEvent(deviceId=-1, source=0x00000101, action=1, flags=0x00000008, keyCode=22, scanCode=0, metaState=0x00000000, repeatCount=0), policyFlags=0x6b000000
E/Cataloger( 6490): syncFile:/storage/emulated/0/2016-12-13_05:11:24.667.jpg
W/ResourceType( 7697): No known package when getting name for resource number 0xffffffff
I/org.umd.logging( 7697): Method > 2067 com.unity3d.player.UnityPlayer.executeGLThreadJobs(com.unity3d.player.UnityPlayer@177402906<file=2016-12-13_05:11:24.667><x=0><y=0><width=1196><height=768><id=-1>)
I/org.umd.logging( 7697): Method < 2067 com.unity3d.player.UnityPlayer.executeGLThreadJobs()
E/Cataloger( 6490): syncFile:/storage/emulated/0/2016-12-13_05:11:24.667.jpg
E/Cataloger( 6490): syncFile:/storage/emulated/0/2016-12-13_05:11:24.850.jpg
W/ResourceType( 7697): No known package when getting name for resource number 0xffffffff
