W/ResourceType( 6120): No known package when getting name for resource number 0xffffffff
I/org.umd.logging( 6120): Method > 2047 com.unity3d.player.UnityPlayer.executeGLThreadJobs(com.unity3d.player.UnityPlayer@755895115<file=2016-12-13_05:06:41.363><x=0><y=0><width=1196><height=768><id=-1>)
I/org.umd.logging( 6120): Method < 2047 com.unity3d.player.UnityPlayer.executeGLThreadJobs()
E/Cataloger( 6490): syncFile:/storage/emulated/0/2016-12-13_05:06:41.363.jpg
E/Cataloger( 6490): syncFile:/storage/emulated/0/2016-12-13_05:06:41.596.jpg
W/ResourceType( 6120): No known package when getting name for resource number 0xffffffff
I/org.umd.logging( 6120): Method > 2047 com.unity3d.player.UnityPlayer.executeGLThreadJobs(com.unity3d.player.UnityPlayer@755895115<file=2016-12-13_05:06:41.596><x=0><y=0><width=1196><height=768><id=-1>)
I/org.umd.logging( 6120): Method < 2047 com.unity3d.player.UnityPlayer.executeGLThreadJobs()
E/Cataloger( 6490): syncFile:/storage/emulated/0/2016-12-13_05:06:41.596.jpg
E/Cataloger( 6490): syncFile:/storage/emulated/0/2016-12-13_05:06:41.794.jpg
W/ResourceType( 6120): No known package when getting name for resource number 0xffffffff
I/org.umd.logging( 6120): Method > 2047 com.unity3d.player.UnityPlayer.executeGLThreadJobs(com.unity3d.player.UnityPlayer@755895115<file=2016-12-13_05:06:41.794><x=0><y=0><width=1196><height=768><id=-1>)
I/org.umd.logging( 6120): Method < 2047 com.unity3d.player.UnityPlayer.executeGLThreadJobs()
E/Cataloger( 6490): syncFile:/storage/emulated/0/2016-12-13_05:06:41.794.jpg
E/Cataloger( 6490): syncFile:/storage/emulated/0/2016-12-13_05:06:42.002.jpg
W/ResourceType( 6120): No known package when getting name for resource number 0xffffffff
I/org.umd.logging( 6120): Method > 2047 com.unity3d.player.UnityPlayer.executeGLThreadJobs(com.unity3d.player.UnityPlayer@755895115<file=2016-12-13_05:06:42.002><x=0><y=0><width=1196><height=768><id=-1>)
I/org.umd.logging( 6120): Method < 2047 com.unity3d.player.UnityPlayer.executeGLThreadJobs()
E/Cataloger( 6490): syncFile:/storage/emulated/0/2016-12-13_05:06:42.002.jpg
E/Cataloger( 6490): syncFile:/storage/emulated/0/2016-12-13_05:06:42.254.jpg
W/ResourceType( 6120): No known package when getting name for resource number 0xffffffff
I/org.umd.logging( 6120): Method > 2047 com.unity3d.player.UnityPlayer.executeGLThreadJobs(com.unity3d.player.UnityPlayer@755895115<file=2016-12-13_05:06:42.254><x=0><y=0><width=1196><height=768><id=-1>)
I/org.umd.logging( 6120): Method < 2047 com.unity3d.player.UnityPlayer.executeGLThreadJobs()
E/Cataloger( 6490): syncFile:/storage/emulated/0/2016-12-13_05:06:42.254.jpg
E/Cataloger( 6490): syncFile:/storage/emulated/0/2016-12-13_05:06:42.435.jpg
W/ResourceType( 6120): No known package when getting name for resource number 0xffffffff
I/org.umd.logging( 6120): Method > 2047 com.unity3d.player.UnityPlayer.executeGLThreadJobs(com.unity3d.player.UnityPlayer@755895115<file=2016-12-13_05:06:42.435><x=0><y=0><width=1196><height=768><id=-1>)
I/org.umd.logging( 6120): Method < 2047 com.unity3d.player.UnityPlayer.executeGLThreadJobs()
E/Cataloger( 6490): syncFile:/storage/emulated/0/2016-12-13_05:06:42.435.jpg
E/Cataloger( 6490): syncFile:/storage/emulated/0/2016-12-13_05:06:42.623.jpg
W/ResourceType( 6120): No known package when getting name for resource number 0xffffffff
I/org.umd.logging( 6120): Method > 2047 com.unity3d.player.UnityPlayer.executeGLThreadJobs(com.unity3d.player.UnityPlayer@755895115<file=2016-12-13_05:06:42.623><x=0><y=0><width=1196><height=768><id=-1>)
I/org.umd.logging( 6120): Method < 2047 com.unity3d.player.UnityPlayer.executeGLThreadJobs()
E/Cataloger( 6490): syncFile:/storage/emulated/0/2016-12-13_05:06:42.623.jpg
E/Cataloger( 6490): syncFile:/storage/emulated/0/2016-12-13_05:06:42.812.jpg
W/ResourceType( 6120): No known package when getting name for resource number 0xffffffff
I/org.umd.logging( 6120): Method > 2047 com.unity3d.player.UnityPlayer.executeGLThreadJobs(com.unity3d.player.UnityPlayer@755895115<file=2016-12-13_05:06:42.812><x=0><y=0><width=1196><height=768><id=-1>)
I/org.umd.logging( 6120): Method < 2047 com.unity3d.player.UnityPlayer.executeGLThreadJobs()
E/Cataloger( 6490): syncFile:/storage/emulated/0/2016-12-13_05:06:42.812.jpg
E/Cataloger( 6490): syncFile:/storage/emulated/0/2016-12-13_05:06:43.054.jpg
W/ResourceType( 6120): No known package when getting name for resource number 0xffffffff
I/org.umd.logging( 6120): Method > 2047 com.unity3d.player.UnityPlayer.executeGLThreadJobs(com.unity3d.player.UnityPlayer@755895115<file=2016-12-13_05:06:43.054><x=0><y=0><width=1196><height=768><id=-1>)
I/org.umd.logging( 6120): Method < 2047 com.unity3d.player.UnityPlayer.executeGLThreadJobs()
E/Cataloger( 6490): syncFile:/storage/emulated/0/2016-12-13_05:06:43.054.jpg
E/Cataloger( 6490): syncFile:/storage/emulated/0/2016-12-13_05:06:43.243.jpg
W/ResourceType( 6120): No known package when getting name for resource number 0xffffffff
I/org.umd.logging( 6120): Method > 2047 com.unity3d.player.UnityPlayer.executeGLThreadJobs(com.unity3d.player.UnityPlayer@755895115<file=2016-12-13_05:06:43.243><x=0><y=0><width=1196><height=768><id=-1>)
I/org.umd.logging( 6120): Method < 2047 com.unity3d.player.UnityPlayer.executeGLThreadJobs()
E/Cataloger( 6490): syncFile:/storage/emulated/0/2016-12-13_05:06:43.243.jpg
E/Cataloger( 6490): syncFile:/storage/emulated/0/2016-12-13_05:06:43.503.jpg
W/ResourceType( 6120): No known package when getting name for resource number 0xffffffff
I/org.umd.logging( 6120): Method > 2047 com.unity3d.player.UnityPlayer.executeGLThreadJobs(com.unity3d.player.UnityPlayer@755895115<file=2016-12-13_05:06:43.503><x=0><y=0><width=1196><height=768><id=-1>)
I/org.umd.logging( 6120): Method < 2047 com.unity3d.player.UnityPlayer.executeGLThreadJobs()
E/Cataloger( 6490): syncFile:/storage/emulated/0/2016-12-13_05:06:43.503.jpg
E/Cataloger( 6490): syncFile:/storage/emulated/0/2016-12-13_05:06:43.741.jpg
W/ResourceType( 6120): No known package when getting name for resource number 0xffffffff
I/org.umd.logging( 6120): Method > 2047 com.unity3d.player.UnityPlayer.executeGLThreadJobs(com.unity3d.player.UnityPlayer@755895115<file=2016-12-13_05:06:43.741><x=0><y=0><width=1196><height=768><id=-1>)
I/org.umd.logging( 6120): Method < 2047 com.unity3d.player.UnityPlayer.executeGLThreadJobs()
E/Cataloger( 6490): syncFile:/storage/emulated/0/2016-12-13_05:06:43.741.jpg
E/Cataloger( 6490): syncFile:/storage/emulated/0/2016-12-13_05:06:44.023.jpg
W/ResourceType( 6120): No known package when getting name for resource number 0xffffffff
I/org.umd.logging( 6120): Method > 2047 com.unity3d.player.UnityPlayer.executeGLThreadJobs(com.unity3d.player.UnityPlayer@755895115<file=2016-12-13_05:06:44.023><x=0><y=0><width=1196><height=768><id=-1>)
I/org.umd.logging( 6120): Method < 2047 com.unity3d.player.UnityPlayer.executeGLThreadJobs()
E/Cataloger( 6490): syncFile:/storage/emulated/0/2016-12-13_05:06:44.023.jpg
E/WifiStateMachine(  594): WifiStateMachine CMD_START_SCAN source -2 txSuccessRate=1.08 rxSuccessRate=0.08 targetRoamBSSID=any RSSI=-40
E/Cataloger( 6490): syncFile:/storage/emulated/0/2016-12-13_05:06:44.285.jpg
I/org.umd.logging( 4986): Method > 1 com.cleanmaster.base.crash.util.debug.b.run(com.cleanmaster.base.crash.util.debug.b@453239735)
I/org.umd.logging( 4986): Method < 1 com.cleanmaster.base.crash.util.debug.b.run()
D/ThermalDaemon(  196): Sensor 'tsens_tz_sensor8' - alarm raised 1 at 61.0 degC
D/ThermalDaemon(  196): Sensor 'tsens_tz_sensor9' - alarm cleared 1 at 56.0 degC
W/ResourceType( 6120): No known package when getting name for resource number 0xffffffff
I/org.umd.logging( 6120): Method > 2047 com.unity3d.player.UnityPlayer.executeGLThreadJobs(com.unity3d.player.UnityPlayer@755895115<file=2016-12-13_05:06:44.285><x=0><y=0><width=1196><height=768><id=-1>)
I/org.umd.logging( 6120): Method < 2047 com.unity3d.player.UnityPlayer.executeGLThreadJobs()
E/Cataloger( 6490): syncFile:/storage/emulated/0/2016-12-13_05:06:44.285.jpg
E/Cataloger( 6490): syncFile:/storage/emulated/0/2016-12-13_05:06:44.535.jpg
W/ResourceType( 6120): No known package when getting name for resource number 0xffffffff
I/org.umd.logging( 6120): Method > 2047 com.unity3d.player.UnityPlayer.executeGLThreadJobs(com.unity3d.player.UnityPlayer@755895115<file=2016-12-13_05:06:44.535><x=0><y=0><width=1196><height=768><id=-1>)
I/org.umd.logging( 6120): Method < 2047 com.unity3d.player.UnityPlayer.executeGLThreadJobs()
E/Cataloger( 6490): syncFile:/storage/emulated/0/2016-12-13_05:06:44.535.jpg
I/org.umd.logging(26066): Method > 1 com.cnn.mobile.android.phone.service.FeedService.onCreate(com.cnn.mobile.android.phone.service.FeedService@102289287)
W/AlarmManager(  594): Suspiciously short interval 30000 millis; expanding to 60 seconds
I/org.umd.logging(26066): Method < 1 com.cnn.mobile.android.phone.service.FeedService.onCreate()
I/org.umd.logging(26066): Method > 1 com.cnn.mobile.android.phone.service.FeedService.onStartCommand(com.cnn.mobile.android.phone.service.FeedService@102289287, android.content.Intent@575564509<action=null><data=null><package=null><component=com.cnn.mobile.android.phone/.service.FeedService><type=null><filter_hashcode=-1301101658><fetch_type=None><umd_Intent_key=None><android.intent.extra.ALARM_COUNT=None>, 0, 1)
I/ConfigHelper(26066): DYNAMIC CONFIG FILE in play (http://www.cnn.com/partners/android/config/3.04/config-phone.json)
I/org.umd.logging(26066): Method > 1 com.androidquery.callback.AbstractAjaxCallback.execute(com.cnn.mobile.android.phone.service.ConfigHelper$1@65078866)
I/org.umd.logging(26066): Method < 1 com.androidquery.callback.AbstractAjaxCallback.execute()
I/org.umd.logging(26066): Method < 1 com.cnn.mobile.android.phone.service.FeedService.onStartCommand(2)
I/org.umd.logging(26066): Method > 1 com.cnn.mobile.android.phone.service.FeedService.onStartCommand(com.cnn.mobile.android.phone.service.FeedService@102289287, android.content.Intent@740875555<action=null><data=null><package=null><component=com.cnn.mobile.android.phone/.service.FeedService><type=null><filter_hashcode=-1301101658><fetch_type=None><umd_Intent_key=None><android.intent.extra.ALARM_COUNT=None>, 0, 2)
D/WeatherHelper(26066): weather fetch zip null
I/org.umd.logging(26066): Method < 1 com.cnn.mobile.android.phone.service.FeedService.onStartCommand(2)
I/org.umd.logging(26066): Method > 1820 com.androidquery.callback.AbstractAjaxCallback.run(com.cnn.mobile.android.phone.service.ConfigHelper$1@65078866)
I/org.umd.logging(26066): Method > 1820 com.androidquery.callback.AbstractAjaxCallback.execute(com.cnn.mobile.android.phone.service.ConfigHelper$1@65078866, org.apache.http.client.methods.HttpGet@752419360, org.apache.http.impl.client.DefaultHttpClient@770631670, org.apache.http.protocol.BasicHttpContext@1003214809)
I/org.umd.logging(26066): Api > 1820 org.apache.http.impl.client.DefaultHttpClient.execute(org.apache.http.impl.client.DefaultHttpClient@770631670, org.apache.http.client.methods.HttpGet@752419360, org.apache.http.protocol.BasicHttpContext@1003214809)
E/Cataloger( 6490): syncFile:/storage/emulated/0/2016-12-13_05:06:44.815.jpg
I/org.umd.logging(26066): Method > 1 com.cnn.mobile.android.phone.service.FeedService.onDestroy(com.cnn.mobile.android.phone.service.FeedService@102289287)
I/org.umd.logging(26066): Method < 1 com.cnn.mobile.android.phone.service.FeedService.onDestroy()
I/org.umd.logging(26066): Api < 1820 org.apache.http.impl.client.DefaultHttpClient.execute(org.apache.http.message.BasicHttpResponse@476394910)
I/org.umd.logging(26066): Method < 1820 com.androidquery.callback.AbstractAjaxCallback.execute(org.apache.http.message.BasicHttpResponse@476394910)
I/org.umd.logging(26066): Method < 1820 com.androidquery.callback.AbstractAjaxCallback.run()
I/org.umd.logging(26066): Method > 1 com.androidquery.callback.AbstractAjaxCallback.run(com.cnn.mobile.android.phone.service.ConfigHelper$1@65078866)
W/ResourceType( 6120): No known package when getting name for resource number 0xffffffff
I/org.umd.logging( 6120): Method > 2047 com.unity3d.player.UnityPlayer.executeGLThreadJobs(com.unity3d.player.UnityPlayer@755895115<file=2016-12-13_05:06:44.815><x=0><y=0><width=1196><height=768><id=-1>)
I/org.umd.logging( 6120): Method < 2047 com.unity3d.player.UnityPlayer.executeGLThreadJobs()
E/Cataloger( 6490): syncFile:/storage/emulated/0/2016-12-13_05:06:44.815.jpg
I/org.umd.logging(26066): Method > 1 com.androidquery.callback.AbstractAjaxCallback.execute(com.cnn.mobile.android.phone.service.ConfigHelper$2@60958847)
I/org.umd.logging(26066): Method > 1812 com.androidquery.callback.AbstractAjaxCallback.run(com.cnn.mobile.android.phone.service.ConfigHelper$2@60958847)
I/org.umd.logging(26066): Method > 1812 com.androidquery.callback.AbstractAjaxCallback.execute(com.cnn.mobile.android.phone.service.ConfigHelper$2@60958847, org.apache.http.client.methods.HttpGet@94117964, org.apache.http.impl.client.DefaultHttpClient@770631670, org.apache.http.protocol.BasicHttpContext@1008277653)
I/org.umd.logging(26066): Api > 1812 org.apache.http.impl.client.DefaultHttpClient.execute(org.apache.http.impl.client.DefaultHttpClient@770631670, org.apache.http.client.methods.HttpGet@94117964, org.apache.http.protocol.BasicHttpContext@1008277653)
I/org.umd.logging(26066): Method < 1 com.androidquery.callback.AbstractAjaxCallback.execute()
I/org.umd.logging(26066): Method > 1821 com.androidquery.util.Common.run(com.androidquery.util.Common@188403099)
I/org.umd.logging(26066): Method < 1821 com.androidquery.util.Common.run()
I/org.umd.logging(26066): Method < 1 com.androidquery.callback.AbstractAjaxCallback.run()
I/org.umd.logging(26066): Api < 1812 org.apache.http.impl.client.DefaultHttpClient.execute(org.apache.http.message.BasicHttpResponse@328267064)
I/org.umd.logging(26066): Method < 1812 com.androidquery.callback.AbstractAjaxCallback.execute(org.apache.http.message.BasicHttpResponse@328267064)
I/org.umd.logging(26066): Method < 1812 com.androidquery.callback.AbstractAjaxCallback.run()
I/org.umd.logging(26066): Method > 1 com.androidquery.callback.AbstractAjaxCallback.run(com.cnn.mobile.android.phone.service.ConfigHelper$2@60958847)
I/org.umd.logging(26066): Method < 1 com.androidquery.callback.AbstractAjaxCallback.run()
I/org.umd.logging(26066): Method > 1821 com.androidquery.util.Common.run(com.androidquery.util.Common@549431569)
I/org.umd.logging(26066): Method < 1821 com.androidquery.util.Common.run()
E/Cataloger( 6490): syncFile:/storage/emulated/0/2016-12-13_05:06:45.032.jpg
W/ModelDownloadController( 7766): Cannot find any speech config location.
W/ModelDownloadController( 7766): Cannot find any speech config location.
W/ResourceType( 6120): No known package when getting name for resource number 0xffffffff
I/org.umd.logging( 6120): Method > 2047 com.unity3d.player.UnityPlayer.executeGLThreadJobs(com.unity3d.player.UnityPlayer@755895115<file=2016-12-13_05:06:45.032><x=0><y=0><width=1196><height=768><id=-1>)
I/org.umd.logging( 6120): Method < 2047 com.unity3d.player.UnityPlayer.executeGLThreadJobs()
E/Cataloger( 6490): syncFile:/storage/emulated/0/2016-12-13_05:06:45.032.jpg
I/Icing   ( 1667): Usage reports 0 indexed 0 rejected 0 imm upload true
I/Icing   ( 1667): Usage reports 0 indexed 0 rejected 0 imm upload true
W/IcingInternalCorpora( 1667): getNumBytesRead when not calculated.
E/Cataloger( 6490): syncFile:/storage/emulated/0/2016-12-13_05:06:45.300.jpg
W/ResourceType( 6120): No known package when getting name for resource number 0xffffffff
I/org.umd.logging( 6120): Method > 2047 com.unity3d.player.UnityPlayer.executeGLThreadJobs(com.unity3d.player.UnityPlayer@755895115<file=2016-12-13_05:06:45.300><x=0><y=0><width=1196><height=768><id=-1>)
I/org.umd.logging( 6120): Method < 2047 com.unity3d.player.UnityPlayer.executeGLThreadJobs()
E/Cataloger( 6490): syncFile:/storage/emulated/0/2016-12-13_05:06:45.300.jpg
E/Cataloger( 6490): syncFile:/storage/emulated/0/2016-12-13_05:06:45.498.jpg
W/ResourceType( 6120): No known package when getting name for resource number 0xffffffff
I/org.umd.logging( 6120): Method > 2047 com.unity3d.player.UnityPlayer.executeGLThreadJobs(com.unity3d.player.UnityPlayer@755895115<file=2016-12-13_05:06:45.498><x=0><y=0><width=1196><height=768><id=-1>)
I/org.umd.logging( 6120): Method < 2047 com.unity3d.player.UnityPlayer.executeGLThreadJobs()
E/Cataloger( 6490): syncFile:/storage/emulated/0/2016-12-13_05:06:45.498.jpg
E/Cataloger( 6490): syncFile:/storage/emulated/0/2016-12-13_05:06:45.814.jpg
W/ResourceType( 6120): No known package when getting name for resource number 0xffffffff
I/org.umd.logging( 6120): Method > 2047 com.unity3d.player.UnityPlayer.executeGLThreadJobs(com.unity3d.player.UnityPlayer@755895115<file=2016-12-13_05:06:45.814><x=0><y=0><width=1196><height=768><id=-1>)
I/org.umd.logging( 6120): Method < 2047 com.unity3d.player.UnityPlayer.executeGLThreadJobs()
E/Cataloger( 6490): syncFile:/storage/emulated/0/2016-12-13_05:06:45.814.jpg
E/Cataloger( 6490): syncFile:/storage/emulated/0/2016-12-13_05:06:46.074.jpg
W/ResourceType( 6120): No known package when getting name for resource number 0xffffffff
I/org.umd.logging( 6120): Method > 2047 com.unity3d.player.UnityPlayer.executeGLThreadJobs(com.unity3d.player.UnityPlayer@755895115<file=2016-12-13_05:06:46.074><x=0><y=0><width=1196><height=768><id=-1>)
I/org.umd.logging( 6120): Method < 2047 com.unity3d.player.UnityPlayer.executeGLThreadJobs()
E/Cataloger( 6490): syncFile:/storage/emulated/0/2016-12-13_05:06:46.074.jpg
E/Cataloger( 6490): syncFile:/storage/emulated/0/2016-12-13_05:06:46.301.jpg
W/ResourceType( 6120): No known package when getting name for resource number 0xffffffff
I/org.umd.logging( 6120): Method > 2047 com.unity3d.player.UnityPlayer.executeGLThreadJobs(com.unity3d.player.UnityPlayer@755895115<file=2016-12-13_05:06:46.301><x=0><y=0><width=1196><height=768><id=-1>)
I/org.umd.logging( 6120): Method < 2047 com.unity3d.player.UnityPlayer.executeGLThreadJobs()
E/Cataloger( 6490): syncFile:/storage/emulated/0/2016-12-13_05:06:46.301.jpg
E/Cataloger( 6490): syncFile:/storage/emulated/0/2016-12-13_05:06:46.475.jpg
W/ResourceType( 6120): No known package when getting name for resource number 0xffffffff
I/org.umd.logging( 6120): Method > 2047 com.unity3d.player.UnityPlayer.executeGLThreadJobs(com.unity3d.player.UnityPlayer@755895115<file=2016-12-13_05:06:46.475><x=0><y=0><width=1196><height=768><id=-1>)
I/org.umd.logging( 6120): Method < 2047 com.unity3d.player.UnityPlayer.executeGLThreadJobs()
E/Cataloger( 6490): syncFile:/storage/emulated/0/2016-12-13_05:06:46.475.jpg
E/Cataloger( 6490): syncFile:/storage/emulated/0/2016-12-13_05:06:46.658.jpg
W/ResourceType( 6120): No known package when getting name for resource number 0xffffffff
I/org.umd.logging( 6120): Method > 2047 com.unity3d.player.UnityPlayer.executeGLThreadJobs(com.unity3d.player.UnityPlayer@755895115<file=2016-12-13_05:06:46.658><x=0><y=0><width=1196><height=768><id=-1>)
I/org.umd.logging( 6120): Method < 2047 com.unity3d.player.UnityPlayer.executeGLThreadJobs()
E/Cataloger( 6490): syncFile:/storage/emulated/0/2016-12-13_05:06:46.658.jpg
E/Cataloger( 6490): syncFile:/storage/emulated/0/2016-12-13_05:06:46.866.jpg
W/ResourceType( 6120): No known package when getting name for resource number 0xffffffff
I/org.umd.logging( 6120): Method > 2047 com.unity3d.player.UnityPlayer.executeGLThreadJobs(com.unity3d.player.UnityPlayer@755895115<file=2016-12-13_05:06:46.866><x=0><y=0><width=1196><height=768><id=-1>)
I/org.umd.logging( 6120): Method < 2047 com.unity3d.player.UnityPlayer.executeGLThreadJobs()
E/Cataloger( 6490): syncFile:/storage/emulated/0/2016-12-13_05:06:46.866.jpg
E/Cataloger( 6490): syncFile:/storage/emulated/0/2016-12-13_05:06:47.041.jpg
W/ResourceType( 6120): No known package when getting name for resource number 0xffffffff
I/org.umd.logging( 6120): Method > 2047 com.unity3d.player.UnityPlayer.executeGLThreadJobs(com.unity3d.player.UnityPlayer@755895115<file=2016-12-13_05:06:47.041><x=0><y=0><width=1196><height=768><id=-1>)
I/org.umd.logging( 6120): Method < 2047 com.unity3d.player.UnityPlayer.executeGLThreadJobs()
E/Cataloger( 6490): syncFile:/storage/emulated/0/2016-12-13_05:06:47.041.jpg
I/art     ( 6120): Background partial concurrent mark sweep GC freed 435(31KB) AllocSpace objects, 6(21MB) LOS objects, 36% free, 28MB/44MB, paused 11.506ms total 90.004ms
E/Cataloger( 6490): syncFile:/storage/emulated/0/2016-12-13_05:06:47.222.jpg
W/ResourceType( 6120): No known package when getting name for resource number 0xffffffff
I/org.umd.logging( 6120): Method > 2047 com.unity3d.player.UnityPlayer.executeGLThreadJobs(com.unity3d.player.UnityPlayer@755895115<file=2016-12-13_05:06:47.222><x=0><y=0><width=1196><height=768><id=-1>)
I/org.umd.logging( 6120): Method < 2047 com.unity3d.player.UnityPlayer.executeGLThreadJobs()
E/Cataloger( 6490): syncFile:/storage/emulated/0/2016-12-13_05:06:47.222.jpg
E/Cataloger( 6490): syncFile:/storage/emulated/0/2016-12-13_05:06:47.460.jpg
W/ResourceType( 6120): No known package when getting name for resource number 0xffffffff
I/org.umd.logging( 6120): Method > 2047 com.unity3d.player.UnityPlayer.executeGLThreadJobs(com.unity3d.player.UnityPlayer@755895115<file=2016-12-13_05:06:47.460><x=0><y=0><width=1196><height=768><id=-1>)
I/org.umd.logging( 6120): Method < 2047 com.unity3d.player.UnityPlayer.executeGLThreadJobs()
E/Cataloger( 6490): syncFile:/storage/emulated/0/2016-12-13_05:06:47.460.jpg
E/Cataloger( 6490): syncFile:/storage/emulated/0/2016-12-13_05:06:47.678.jpg
W/ResourceType( 6120): No known package when getting name for resource number 0xffffffff
I/org.umd.logging( 6120): Method > 2047 com.unity3d.player.UnityPlayer.executeGLThreadJobs(com.unity3d.player.UnityPlayer@755895115<file=2016-12-13_05:06:47.678><x=0><y=0><width=1196><height=768><id=-1>)
I/org.umd.logging( 6120): Method < 2047 com.unity3d.player.UnityPlayer.executeGLThreadJobs()
E/Cataloger( 6490): syncFile:/storage/emulated/0/2016-12-13_05:06:47.678.jpg
E/Cataloger( 6490): syncFile:/storage/emulated/0/2016-12-13_05:06:47.861.jpg
W/ResourceType( 6120): No known package when getting name for resource number 0xffffffff
I/org.umd.logging( 6120): Method > 2047 com.unity3d.player.UnityPlayer.executeGLThreadJobs(com.unity3d.player.UnityPlayer@755895115<file=2016-12-13_05:06:47.861><x=0><y=0><width=1196><height=768><id=-1>)
I/org.umd.logging( 6120): Method < 2047 com.unity3d.player.UnityPlayer.executeGLThreadJobs()
E/Cataloger( 6490): syncFile:/storage/emulated/0/2016-12-13_05:06:47.861.jpg
E/Cataloger( 6490): syncFile:/storage/emulated/0/2016-12-13_05:06:48.174.jpg
W/ResourceType( 6120): No known package when getting name for resource number 0xffffffff
I/org.umd.logging( 6120): Method > 2047 com.unity3d.player.UnityPlayer.executeGLThreadJobs(com.unity3d.player.UnityPlayer@755895115<file=2016-12-13_05:06:48.174><x=0><y=0><width=1196><height=768><id=-1>)
I/org.umd.logging( 6120): Method < 2047 com.unity3d.player.UnityPlayer.executeGLThreadJobs()
E/Cataloger( 6490): syncFile:/storage/emulated/0/2016-12-13_05:06:48.174.jpg
E/Cataloger( 6490): syncFile:/storage/emulated/0/2016-12-13_05:06:48.367.jpg
W/ResourceType( 6120): No known package when getting name for resource number 0xffffffff
I/org.umd.logging( 6120): Method > 2047 com.unity3d.player.UnityPlayer.executeGLThreadJobs(com.unity3d.player.UnityPlayer@755895115<file=2016-12-13_05:06:48.367><x=0><y=0><width=1196><height=768><id=-1>)
I/org.umd.logging( 6120): Method < 2047 com.unity3d.player.UnityPlayer.executeGLThreadJobs()
E/Cataloger( 6490): syncFile:/storage/emulated/0/2016-12-13_05:06:48.367.jpg
E/Cataloger( 6490): syncFile:/storage/emulated/0/2016-12-13_05:06:48.608.jpg
W/ResourceType( 6120): No known package when getting name for resource number 0xffffffff
I/org.umd.logging( 6120): Method > 2047 com.unity3d.player.UnityPlayer.executeGLThreadJobs(com.unity3d.player.UnityPlayer@755895115<file=2016-12-13_05:06:48.608><x=0><y=0><width=1196><height=768><id=-1>)
I/org.umd.logging( 6120): Method < 2047 com.unity3d.player.UnityPlayer.executeGLThreadJobs()
E/Cataloger( 6490): syncFile:/storage/emulated/0/2016-12-13_05:06:48.608.jpg
E/Cataloger( 6490): syncFile:/storage/emulated/0/2016-12-13_05:06:48.812.jpg
W/ResourceType( 6120): No known package when getting name for resource number 0xffffffff
I/org.umd.logging( 6120): Method > 2047 com.unity3d.player.UnityPlayer.executeGLThreadJobs(com.unity3d.player.UnityPlayer@755895115<file=2016-12-13_05:06:48.812><x=0><y=0><width=1196><height=768><id=-1>)
I/org.umd.logging( 6120): Method < 2047 com.unity3d.player.UnityPlayer.executeGLThreadJobs()
E/Cataloger( 6490): syncFile:/storage/emulated/0/2016-12-13_05:06:48.812.jpg
E/Cataloger( 6490): syncFile:/storage/emulated/0/2016-12-13_05:06:48.995.jpg
W/ResourceType( 6120): No known package when getting name for resource number 0xffffffff
I/org.umd.logging( 6120): Method > 2047 com.unity3d.player.UnityPlayer.executeGLThreadJobs(com.unity3d.player.UnityPlayer@755895115<file=2016-12-13_05:06:48.995><x=0><y=0><width=1196><height=768><id=-1>)
I/org.umd.logging( 6120): Method < 2047 com.unity3d.player.UnityPlayer.executeGLThreadJobs()
E/Cataloger( 6490): syncFile:/storage/emulated/0/2016-12-13_05:06:48.995.jpg
E/Cataloger( 6490): syncFile:/storage/emulated/0/2016-12-13_05:06:49.204.jpg
W/ResourceType( 6120): No known package when getting name for resource number 0xffffffff
I/org.umd.logging( 6120): Method > 2047 com.unity3d.player.UnityPlayer.executeGLThreadJobs(com.unity3d.player.UnityPlayer@755895115<file=2016-12-13_05:06:49.204><x=0><y=0><width=1196><height=768><id=-1>)
I/org.umd.logging( 6120): Method < 2047 com.unity3d.player.UnityPlayer.executeGLThreadJobs()
E/Cataloger( 6490): syncFile:/storage/emulated/0/2016-12-13_05:06:49.204.jpg
D/ThermalDaemon(  196): Sensor 'tsens_tz_sensor7' - alarm raised 1 at 60.0 degC
