I/org.umd.logging( 7697): Method > 2067 com.unity3d.player.UnityPlayer.executeGLThreadJobs(com.unity3d.player.UnityPlayer@177402906<file=2016-12-13_05:11:24.850><x=0><y=0><width=1196><height=768><id=-1>)
I/org.umd.logging( 7697): Method < 2067 com.unity3d.player.UnityPlayer.executeGLThreadJobs()
E/Cataloger( 6490): syncFile:/storage/emulated/0/2016-12-13_05:11:24.850.jpg
I/org.umd.logging( 7697): Method > 1 com.prime31.UnityPlayerNativeActivity.onKeyDown(com.prime31.UnityPlayerNativeActivity@410649080<activity=true>, 25, android.view.KeyEvent@943520244)
I/org.umd.logging( 7697): Method > 1 com.unity3d.player.UnityPlayerNativeActivity.onKeyDown(com.prime31.UnityPlayerNativeActivity@410649080<activity=true>, 25, android.view.KeyEvent@943520244)
I/org.umd.logging( 7697): Method < 1 com.unity3d.player.UnityPlayerNativeActivity.onKeyDown(false)
I/org.umd.logging( 7697): Method < 1 com.prime31.UnityPlayerNativeActivity.onKeyDown(false)
I/ActivityManager(  594): START u0 {act=android.intent.action.MAIN cat=[android.intent.category.LAUNCHER] flg=0x10200000 cmp=com.tractiongames.stickbmxfree/com.prime31.UnityPlayerNativeActivity} from uid 0 on display 0
I/org.umd.logging( 7697): Method > 1 com.prime31.UnityPlayerNativeActivity.onPause(com.prime31.UnityPlayerNativeActivity@410649080<activity=true>)
I/org.umd.logging( 7697): Method > 1 com.unity3d.player.UnityPlayerNativeActivity.onPause(com.prime31.UnityPlayerNativeActivity@410649080<activity=true>)
E/Cataloger( 6490): syncFile:/storage/emulated/0/2016-12-13_05:11:25.070.jpg
W/ResourceType( 7697): No known package when getting name for resource number 0xffffffff
I/org.umd.logging( 7697): Method > 2067 com.unity3d.player.UnityPlayer.executeGLThreadJobs(com.unity3d.player.UnityPlayer@177402906<file=2016-12-13_05:11:25.070><x=0><y=0><width=1196><height=768><id=-1>)
I/org.umd.logging( 7697): Method < 2067 com.unity3d.player.UnityPlayer.executeGLThreadJobs()
E/Cataloger( 6490): syncFile:/storage/emulated/0/2016-12-13_05:11:25.070.jpg
E/Cataloger( 6490): syncFile:/storage/emulated/0/2016-12-13_05:11:25.362.jpg
W/ResourceType( 7697): No known package when getting name for resource number 0xffffffff
I/org.umd.logging( 7697): Method > 2067 com.unity3d.player.UnityPlayer.executeGLThreadJobs(com.unity3d.player.UnityPlayer@177402906<file=2016-12-13_05:11:25.362><x=0><y=0><width=1196><height=768><id=-1>)
I/org.umd.logging( 7697): Method < 2067 com.unity3d.player.UnityPlayer.executeGLThreadJobs()
E/Cataloger( 6490): syncFile:/storage/emulated/0/2016-12-13_05:11:25.362.jpg
I/org.umd.logging( 4986): Method > 1 com.cleanmaster.base.crash.util.debug.b.run(com.cleanmaster.base.crash.util.debug.b@453239735)
I/org.umd.logging( 4986): Method < 1 com.cleanmaster.base.crash.util.debug.b.run()
E/Cataloger( 6490): syncFile:/storage/emulated/0/2016-12-13_05:11:25.644.jpg
W/ResourceType( 7697): No known package when getting name for resource number 0xffffffff
I/org.umd.logging( 7697): Method > 2067 com.unity3d.player.UnityPlayer.executeGLThreadJobs(com.unity3d.player.UnityPlayer@177402906<file=2016-12-13_05:11:25.644><x=0><y=0><width=1196><height=768><id=-1>)
I/org.umd.logging( 7697): Method < 2067 com.unity3d.player.UnityPlayer.executeGLThreadJobs()
E/Cataloger( 6490): syncFile:/storage/emulated/0/2016-12-13_05:11:25.644.jpg
I/org.umd.logging( 7697): Method > 1 com.unity3d.player.UnityPlayer$4.run(com.unity3d.player.UnityPlayer$4@215414045)
I/org.umd.logging( 7697): Method < 1 com.unity3d.player.UnityPlayer$4.run()
E/Cataloger( 6490): syncFile:/storage/emulated/0/2016-12-13_05:11:25.819.jpg
W/ResourceType( 7697): No known package when getting name for resource number 0xffffffff
I/org.umd.logging( 7697): Method > 2067 com.unity3d.player.UnityPlayer.executeGLThreadJobs(com.unity3d.player.UnityPlayer@177402906<file=2016-12-13_05:11:25.819><x=0><y=0><width=1196><height=768><id=-1>)
I/org.umd.logging( 7697): Method > 2067 com.unity3d.player.UnityPlayer$b.run(com.unity3d.player.UnityPlayer$6@665019282)
I/org.umd.logging( 7697): Method < 2067 com.unity3d.player.UnityPlayer$b.run()
E/Cataloger( 6490): syncFile:/storage/emulated/0/2016-12-13_05:11:25.819.jpg
E/Cataloger( 6490): syncFile:/storage/emulated/0/2016-12-13_05:11:26.051.jpg
W/ResourceType( 7697): No known package when getting name for resource number 0xffffffff
I/org.umd.logging( 7697): Method > 2067 com.unity3d.player.UnityPlayer.executeGLThreadJobs(com.unity3d.player.UnityPlayer@177402906<file=2016-12-13_05:11:26.051><x=0><y=0><width=1196><height=768><id=-1>)
I/org.umd.logging( 7697): Method > 2067 com.unity3d.player.UnityPlayer$14.run(com.unity3d.player.UnityPlayer$14@1037308259)
E/Cataloger( 6490): syncFile:/storage/emulated/0/2016-12-13_05:11:26.051.jpg
I/org.umd.logging( 7697): Method < 2067 com.unity3d.player.UnityPlayer$14.run()
I/org.umd.logging( 7697): Method < 2228 org.fmod.FMODAudioDevice.run()
I/org.umd.logging( 7697): Api > 1 java.lang.Thread.start(org.fmod.FMODAudioDevice$a@103399776<thread=2260>)
I/org.umd.logging( 7697): Api < 1 java.lang.Thread.start()
I/org.umd.logging( 7697): Method < 1 com.unity3d.player.UnityPlayerNativeActivity.onPause()
I/org.umd.logging( 7697): Method > 1 com.upsight.unity.UpsightPlugin.onPause()
I/org.umd.logging( 7697): Method < 1 com.upsight.unity.UpsightPlugin.onPause()
I/org.umd.logging( 7697): Method > 1 com.prime31.ChartboostPlugin.onPause()
I/org.umd.logging( 7697): Method > 1 com.prime31.ChartboostPluginBase.runSafelyOnUiThread(com.prime31.ChartboostPlugin@1064172689, com.prime31.ChartboostPlugin$4@150128153)
I/org.umd.logging( 7697): Method > 1 com.prime31.ChartboostPluginBase.runSafelyOnUiThread(com.prime31.ChartboostPlugin@1064172689, com.prime31.ChartboostPlugin$4@150128153, null)
I/org.umd.logging( 7697): Method > 1 com.prime31.ChartboostPluginBase$1.run(com.prime31.ChartboostPluginBase$1@403711710)
I/org.umd.logging( 7697): Method > 1 com.prime31.ChartboostPlugin$4.run(com.prime31.ChartboostPlugin$4@150128153)
I/org.umd.logging( 7697): Method > 1 com.chartboost.sdk.Chartboost.onPause(com.prime31.UnityPlayerNativeActivity@410649080<activity=true>)
I/org.umd.logging( 7697): Method < 1 com.chartboost.sdk.Chartboost.onPause()
I/org.umd.logging( 7697): Method < 1 com.prime31.ChartboostPlugin$4.run()
I/org.umd.logging( 7697): Method < 1 com.prime31.ChartboostPluginBase$1.run()
I/org.umd.logging( 7697): Method < 1 com.prime31.ChartboostPluginBase.runSafelyOnUiThread()
I/org.umd.logging( 7697): Method < 1 com.prime31.ChartboostPluginBase.runSafelyOnUiThread()
I/org.umd.logging( 7697): Method < 1 com.prime31.ChartboostPlugin.onPause()
I/org.umd.logging( 7697): Method < 1 com.prime31.UnityPlayerNativeActivity.onPause()
I/org.umd.logging( 7697): Method > 1 com.prime31.UnityPlayerNativeActivity.onResume(com.prime31.UnityPlayerNativeActivity@410649080<activity=true>)
I/org.umd.logging( 7697): Method > 1 com.unity3d.player.UnityPlayerNativeActivity.onResume(com.prime31.UnityPlayerNativeActivity@410649080<activity=true>)
E/Cataloger( 6490): syncFile:/storage/emulated/0/2016-12-13_05:11:26.248.jpg
W/ResourceType( 7697): No known package when getting name for resource number 0xffffffff
I/org.umd.logging( 7697): Method > 2067 com.unity3d.player.UnityPlayer.executeGLThreadJobs(com.unity3d.player.UnityPlayer@177402906<file=2016-12-13_05:11:26.248><x=0><y=0><width=1196><height=768><id=-1>)
I/org.umd.logging( 7697): Method < 2067 com.unity3d.player.UnityPlayer.executeGLThreadJobs()
E/Cataloger( 6490): syncFile:/storage/emulated/0/2016-12-13_05:11:26.248.jpg
I/org.umd.logging( 7697): Api > 1 java.lang.Thread.start(java.lang.Thread@409755839<thread=2261>)
I/org.umd.logging( 7697): Api < 1 java.lang.Thread.start()
I/org.umd.logging( 7697): Method < 1 com.unity3d.player.UnityPlayerNativeActivity.onResume()
I/org.umd.logging( 7697): Method > 1 com.prime31.ChartboostPlugin.onResume()
I/org.umd.logging( 7697): Method > 1 com.prime31.ChartboostPluginBase.runSafelyOnUiThread(com.prime31.ChartboostPlugin@1064172689, com.prime31.ChartboostPlugin$5@1046057868)
I/org.umd.logging( 7697): Method > 1 com.prime31.ChartboostPluginBase.runSafelyOnUiThread(com.prime31.ChartboostPlugin@1064172689, com.prime31.ChartboostPlugin$5@1046057868, null)
I/org.umd.logging( 7697): Method > 1 com.prime31.ChartboostPluginBase$1.run(com.prime31.ChartboostPluginBase$1@23112405)
I/org.umd.logging( 7697): Method > 1 com.prime31.ChartboostPlugin$5.run(com.prime31.ChartboostPlugin$5@1046057868)
I/org.umd.logging( 7697): Method > 1 com.chartboost.sdk.Chartboost.onResume(com.prime31.UnityPlayerNativeActivity@410649080<activity=true>)
I/org.umd.logging( 7697): Method < 1 com.chartboost.sdk.Chartboost.onResume()
I/org.umd.logging( 7697): Method < 1 com.prime31.ChartboostPlugin$5.run()
I/org.umd.logging( 7697): Method < 1 com.prime31.ChartboostPluginBase$1.run()
I/org.umd.logging( 7697): Method < 1 com.prime31.ChartboostPluginBase.runSafelyOnUiThread()
I/org.umd.logging( 7697): Method < 1 com.prime31.ChartboostPluginBase.runSafelyOnUiThread()
I/org.umd.logging( 7697): Method < 1 com.prime31.ChartboostPlugin.onResume()
I/org.umd.logging( 7697): Method < 1 com.prime31.UnityPlayerNativeActivity.onResume()
I/org.umd.logging( 7697): Method > 1 com.unity3d.player.k$1.run(com.unity3d.player.k$1@811294676)
I/org.umd.logging( 7697): Method > 2261 org.fmod.FMODAudioDevice.run(org.fmod.FMODAudioDevice@366753766)
W/ResourceType( 7697): No known package when getting name for resource number 0xffffffff
I/org.umd.logging( 7697): Method > 1 com.unity3d.player.UnityPlayer.onTouchEvent(com.unity3d.player.UnityPlayer@177402906<file=><x=0><y=0><width=1196><height=768><id=-1>, android.view.MotionEvent@269502939)
I/org.umd.logging( 7697): Method < 1 com.unity3d.player.UnityPlayer.onTouchEvent(false)
I/org.umd.logging( 7697): Method > 1 com.unity3d.player.UnityPlayerNativeActivity.onTouchEvent(com.prime31.UnityPlayerNativeActivity@410649080<activity=true>, android.view.MotionEvent@269502939)
I/org.umd.logging( 7697): Method < 1 com.unity3d.player.UnityPlayerNativeActivity.onTouchEvent(false)
I/org.umd.logging( 7697): Method > 1 com.unity3d.player.k$1.run(com.unity3d.player.k$1@811294676)
I/org.umd.logging( 7697): Method > 1 com.unity3d.player.UnityPlayerNativeActivity.onTouchEvent(com.prime31.UnityPlayerNativeActivity@410649080<activity=true>, android.view.MotionEvent@131226744)
I/org.umd.logging( 7697): Method < 1 com.unity3d.player.UnityPlayerNativeActivity.onTouchEvent(false)
I/org.umd.logging( 7697): Method > 1 com.unity3d.player.k$1.run(com.unity3d.player.k$1@811294676)
I/art     ( 7697): Background partial concurrent mark sweep GC freed 4231(211KB) AllocSpace objects, 6(21MB) LOS objects, 25% free, 47MB/63MB, paused 7.813ms total 90.370ms
E/Cataloger( 6490): syncFile:/storage/emulated/0/2016-12-13_05:11:26.857.jpg
E/Cataloger( 6490): syncFile:/storage/emulated/0/2016-12-13_05:11:26.922.jpg
W/ResourceType( 7697): No known package when getting name for resource number 0xffffffff
I/org.umd.logging( 7697): Method > 2067 com.unity3d.player.UnityPlayer.executeGLThreadJobs(com.unity3d.player.UnityPlayer@177402906<file=2016-12-13_05:11:26.857><x=0><y=0><width=1196><height=768><id=-1>)
I/org.umd.logging( 7697): Method > 2067 com.unity3d.player.UnityPlayer$15.run(com.unity3d.player.UnityPlayer$15@697179985)
I/org.umd.logging( 7697): Method < 2067 com.unity3d.player.UnityPlayer$15.run()
E/Cataloger( 6490): syncFile:/storage/emulated/0/2016-12-13_05:11:26.857.jpg
W/ResourceType( 7697): No known package when getting name for resource number 0xffffffff
I/org.umd.logging( 7697): Method > 1 com.unity3d.player.UnityPlayer.onTouchEvent(com.unity3d.player.UnityPlayer@177402906<file=2016-12-13_05:11:26.922><x=0><y=0><width=1196><height=768><id=-1>, android.view.MotionEvent@146027446)
I/org.umd.logging( 7697): Method < 1 com.unity3d.player.UnityPlayer.onTouchEvent(false)
I/org.umd.logging( 7697): Method > 1 com.unity3d.player.UnityPlayerNativeActivity.onTouchEvent(com.prime31.UnityPlayerNativeActivity@410649080<activity=true>, android.view.MotionEvent@146027446)
I/org.umd.logging( 7697): Method < 1 com.unity3d.player.UnityPlayerNativeActivity.onTouchEvent(false)
I/org.umd.logging( 7697): Method > 1 com.unity3d.player.k$1.run(com.unity3d.player.k$1@811294676)
I/org.umd.logging( 7697): Method > 1 com.unity3d.player.UnityPlayerNativeActivity.onTouchEvent(com.prime31.UnityPlayerNativeActivity@410649080<activity=true>, android.view.MotionEvent@289384631)
I/org.umd.logging( 7697): Method < 1 com.unity3d.player.UnityPlayerNativeActivity.onTouchEvent(false)
I/org.umd.logging( 7697): Method > 1 com.unity3d.player.k$1.run(com.unity3d.player.k$1@811294676)
E/Cataloger( 6490): syncFile:/storage/emulated/0/2016-12-13_05:11:26.922.jpg
E/Cataloger( 6490): syncFile:/storage/emulated/0/2016-12-13_05:11:27.092.jpg
E/Cataloger( 6490): syncFile:/storage/emulated/0/2016-12-13_05:11:27.138.jpg
W/ResourceType( 7697): No known package when getting name for resource number 0xffffffff
I/org.umd.logging( 7697): Method > 2067 com.unity3d.player.UnityPlayer.executeGLThreadJobs(com.unity3d.player.UnityPlayer@177402906<file=2016-12-13_05:11:27.092><x=0><y=0><width=1196><height=768><id=-1>)
I/org.umd.logging( 7697): Method < 2067 com.unity3d.player.UnityPlayer.executeGLThreadJobs()
E/Cataloger( 6490): syncFile:/storage/emulated/0/2016-12-13_05:11:27.092.jpg
I/org.umd.logging( 7697): Api > 2067 java.lang.Thread.start(java.lang.Thread@839698468<thread=2263>)
I/org.umd.logging( 7697): Api < 2067 java.lang.Thread.start()
I/org.umd.logging( 7697): Method > 2263 com.playhaven.android.req.PlayHavenRequest$1.run(com.playhaven.android.req.PlayHavenRequest$1@608460685)
I/org.umd.logging( 7697): Api > 2263 android.net.ConnectivityManager.getNetworkInfo(android.net.ConnectivityManager@935915004, 1)
I/org.umd.logging( 7697): Api < 2263 android.net.ConnectivityManager.getNetworkInfo(android.net.NetworkInfo@977786178)
W/ResourceType( 7697): No known package when getting name for resource number 0xffffffff
I/org.umd.logging( 7697): Method > 1 com.unity3d.player.UnityPlayer.onTouchEvent(com.unity3d.player.UnityPlayer@177402906<file=2016-12-13_05:11:27.138><x=0><y=0><width=1196><height=768><id=-1>, android.view.MotionEvent@694174352)
I/org.umd.logging( 7697): Method < 1 com.unity3d.player.UnityPlayer.onTouchEvent(false)
I/org.umd.logging( 7697): Method > 1 com.unity3d.player.UnityPlayerNativeActivity.onTouchEvent(com.prime31.UnityPlayerNativeActivity@410649080<activity=true>, android.view.MotionEvent@694174352)
E/Cataloger( 6490): syncFile:/storage/emulated/0/2016-12-13_05:11:27.138.jpg
I/org.umd.logging( 7697): Method < 1 com.unity3d.player.UnityPlayerNativeActivity.onTouchEvent(false)
I/org.umd.logging( 7697): Method > 1 com.unity3d.player.k$1.run(com.unity3d.player.k$1@811294676)
I/org.umd.logging( 7697): Method > 1 com.unity3d.player.UnityPlayerNativeActivity.onTouchEvent(com.prime31.UnityPlayerNativeActivity@410649080<activity=true>, android.view.MotionEvent@1034184585)
I/org.umd.logging( 7697): Method < 1 com.unity3d.player.UnityPlayerNativeActivity.onTouchEvent(false)
I/org.umd.logging( 7697): Method > 1 com.unity3d.player.k$1.run(com.unity3d.player.k$1@811294676)
W/ResourceType( 7697): No known package when getting name for resource number 0xffffffff
I/org.umd.logging( 7697): Method > 1 com.unity3d.player.UnityPlayer.onTouchEvent(com.unity3d.player.UnityPlayer@177402906<file=><x=0><y=0><width=1196><height=768><id=-1>, android.view.MotionEvent@423950255)
I/org.umd.logging( 7697): Method < 1 com.unity3d.player.UnityPlayer.onTouchEvent(false)
I/org.umd.logging( 7697): Method > 1 com.unity3d.player.UnityPlayerNativeActivity.onTouchEvent(com.prime31.UnityPlayerNativeActivity@410649080<activity=true>, android.view.MotionEvent@423950255)
I/org.umd.logging( 7697): Method < 1 com.unity3d.player.UnityPlayerNativeActivity.onTouchEvent(false)
I/org.umd.logging( 7697): Method > 1 com.unity3d.player.k$1.run(com.unity3d.player.k$1@811294676)
I/org.umd.logging( 7697): Method > 1 com.unity3d.player.UnityPlayerNativeActivity.onTouchEvent(com.prime31.UnityPlayerNativeActivity@410649080<activity=true>, android.view.MotionEvent@103741372)
I/org.umd.logging( 7697): Method < 1 com.unity3d.player.UnityPlayerNativeActivity.onTouchEvent(false)
I/org.umd.logging( 7697): Method > 1 com.unity3d.player.k$1.run(com.unity3d.player.k$1@811294676)
E/Cataloger( 6490): syncFile:/storage/emulated/0/2016-12-13_05:11:27.297.jpg
E/Cataloger( 6490): syncFile:/storage/emulated/0/2016-12-13_05:11:27.336.jpg
W/ResourceType( 7697): No known package when getting name for resource number 0xffffffff
I/org.umd.logging( 7697): Method > 2067 com.unity3d.player.UnityPlayer.executeGLThreadJobs(com.unity3d.player.UnityPlayer@177402906<file=2016-12-13_05:11:27.297><x=0><y=0><width=1196><height=768><id=-1>)
I/org.umd.logging( 7697): Method < 2067 com.unity3d.player.UnityPlayer.executeGLThreadJobs()
E/Cataloger( 6490): syncFile:/storage/emulated/0/2016-12-13_05:11:27.297.jpg
W/ResourceType( 7697): No known package when getting name for resource number 0xffffffff
I/org.umd.logging( 7697): Method > 1 com.unity3d.player.UnityPlayer.onTouchEvent(com.unity3d.player.UnityPlayer@177402906<file=2016-12-13_05:11:27.336><x=0><y=0><width=1196><height=768><id=-1>, android.view.MotionEvent@149091141)
I/org.umd.logging( 7697): Method < 1 com.unity3d.player.UnityPlayer.onTouchEvent(false)
I/org.umd.logging( 7697): Method > 1 com.unity3d.player.UnityPlayerNativeActivity.onTouchEvent(com.prime31.UnityPlayerNativeActivity@410649080<activity=true>, android.view.MotionEvent@149091141)
I/org.umd.logging( 7697): Method < 1 com.unity3d.player.UnityPlayerNativeActivity.onTouchEvent(false)
E/Cataloger( 6490): syncFile:/storage/emulated/0/2016-12-13_05:11:27.336.jpg
I/org.umd.logging( 7697): Method > 1 com.unity3d.player.k$1.run(com.unity3d.player.k$1@811294676)
I/org.umd.logging( 7697): Method > 1 com.unity3d.player.UnityPlayerNativeActivity.onTouchEvent(com.prime31.UnityPlayerNativeActivity@410649080<activity=true>, android.view.MotionEvent@455002778)
I/org.umd.logging( 7697): Method < 1 com.unity3d.player.UnityPlayerNativeActivity.onTouchEvent(false)
I/org.umd.logging( 7697): Method > 1 com.unity3d.player.k$1.run(com.unity3d.player.k$1@811294676)
E/Cataloger( 6490): syncFile:/storage/emulated/0/2016-12-13_05:11:27.481.jpg
E/Cataloger( 6490): syncFile:/storage/emulated/0/2016-12-13_05:11:27.532.jpg
W/ResourceType( 7697): No known package when getting name for resource number 0xffffffff
I/org.umd.logging( 7697): Method > 2067 com.unity3d.player.UnityPlayer.executeGLThreadJobs(com.unity3d.player.UnityPlayer@177402906<file=2016-12-13_05:11:27.481><x=0><y=0><width=1196><height=768><id=-1>)
I/org.umd.logging( 7697): Method < 2067 com.unity3d.player.UnityPlayer.executeGLThreadJobs()
E/Cataloger( 6490): syncFile:/storage/emulated/0/2016-12-13_05:11:27.481.jpg
W/ResourceType( 7697): No known package when getting name for resource number 0xffffffff
I/org.umd.logging( 7697): Method > 1 com.unity3d.player.UnityPlayer.onTouchEvent(com.unity3d.player.UnityPlayer@177402906<file=2016-12-13_05:11:27.532><x=0><y=0><width=1196><height=768><id=-1>, android.view.MotionEvent@989028299)
I/org.umd.logging( 7697): Method < 1 com.unity3d.player.UnityPlayer.onTouchEvent(false)
I/org.umd.logging( 7697): Method > 1 com.unity3d.player.UnityPlayerNativeActivity.onTouchEvent(com.prime31.UnityPlayerNativeActivity@410649080<activity=true>, android.view.MotionEvent@989028299)
E/Cataloger( 6490): syncFile:/storage/emulated/0/2016-12-13_05:11:27.532.jpg
I/org.umd.logging( 7697): Method < 1 com.unity3d.player.UnityPlayerNativeActivity.onTouchEvent(false)
I/org.umd.logging( 7697): Method > 1 com.unity3d.player.k$1.run(com.unity3d.player.k$1@811294676)
I/org.umd.logging( 7697): Method > 1 com.unity3d.player.UnityPlayerNativeActivity.onTouchEvent(com.prime31.UnityPlayerNativeActivity@410649080<activity=true>, android.view.MotionEvent@584176552)
I/org.umd.logging( 7697): Method < 1 com.unity3d.player.UnityPlayerNativeActivity.onTouchEvent(false)
I/org.umd.logging( 7697): Method > 1 com.unity3d.player.k$1.run(com.unity3d.player.k$1@811294676)
E/Cataloger( 6490): syncFile:/storage/emulated/0/2016-12-13_05:11:27.664.jpg
E/Cataloger( 6490): syncFile:/storage/emulated/0/2016-12-13_05:11:27.717.jpg
W/ResourceType( 7697): No known package when getting name for resource number 0xffffffff
I/org.umd.logging( 7697): Method > 2067 com.unity3d.player.UnityPlayer.executeGLThreadJobs(com.unity3d.player.UnityPlayer@177402906<file=2016-12-13_05:11:27.664><x=0><y=0><width=1196><height=768><id=-1>)
I/org.umd.logging( 7697): Method < 2067 com.unity3d.player.UnityPlayer.executeGLThreadJobs()
E/Cataloger( 6490): syncFile:/storage/emulated/0/2016-12-13_05:11:27.664.jpg
W/ResourceType( 7697): No known package when getting name for resource number 0xffffffff
I/org.umd.logging( 7697): Method > 1 com.unity3d.player.UnityPlayer.onTouchEvent(com.unity3d.player.UnityPlayer@177402906<file=2016-12-13_05:11:27.717><x=0><y=0><width=1196><height=768><id=-1>, android.view.MotionEvent@499416769)
I/org.umd.logging( 7697): Method < 1 com.unity3d.player.UnityPlayer.onTouchEvent(false)
I/org.umd.logging( 7697): Method > 1 com.unity3d.player.UnityPlayerNativeActivity.onTouchEvent(com.prime31.UnityPlayerNativeActivity@410649080<activity=true>, android.view.MotionEvent@499416769)
E/Cataloger( 6490): syncFile:/storage/emulated/0/2016-12-13_05:11:27.717.jpg
I/org.umd.logging( 7697): Method < 1 com.unity3d.player.UnityPlayerNativeActivity.onTouchEvent(false)
I/org.umd.logging( 7697): Method > 1 com.unity3d.player.k$1.run(com.unity3d.player.k$1@811294676)
I/org.umd.logging( 7697): Method > 1 com.unity3d.player.UnityPlayerNativeActivity.onTouchEvent(com.prime31.UnityPlayerNativeActivity@410649080<activity=true>, android.view.MotionEvent@361690726)
I/org.umd.logging( 7697): Method < 1 com.unity3d.player.UnityPlayerNativeActivity.onTouchEvent(false)
I/org.umd.logging( 7697): Method > 1 com.unity3d.player.k$1.run(com.unity3d.player.k$1@811294676)
E/Cataloger( 6490): syncFile:/storage/emulated/0/2016-12-13_05:11:27.839.jpg
E/Cataloger( 6490): syncFile:/storage/emulated/0/2016-12-13_05:11:27.892.jpg
W/ResourceType( 7697): No known package when getting name for resource number 0xffffffff
I/org.umd.logging( 7697): Method > 2067 com.unity3d.player.UnityPlayer.executeGLThreadJobs(com.unity3d.player.UnityPlayer@177402906<file=2016-12-13_05:11:27.839><x=0><y=0><width=1196><height=768><id=-1>)
I/org.umd.logging( 7697): Method < 2067 com.unity3d.player.UnityPlayer.executeGLThreadJobs()
E/Cataloger( 6490): syncFile:/storage/emulated/0/2016-12-13_05:11:27.839.jpg
E/Cataloger( 6490): syncFile:/storage/emulated/0/2016-12-13_05:11:28.044.jpg
W/ResourceType( 7697): No known package when getting name for resource number 0xffffffff
I/org.umd.logging( 7697): Method > 1 com.unity3d.player.UnityPlayer.onTouchEvent(com.unity3d.player.UnityPlayer@177402906<file=2016-12-13_05:11:27.892><x=0><y=0><width=1196><height=768><id=-1>, android.view.MotionEvent@903228839)
I/org.umd.logging( 7697): Method < 1 com.unity3d.player.UnityPlayer.onTouchEvent(false)
I/org.umd.logging( 7697): Method > 1 com.unity3d.player.UnityPlayerNativeActivity.onTouchEvent(com.prime31.UnityPlayerNativeActivity@410649080<activity=true>, android.view.MotionEvent@903228839)
E/Cataloger( 6490): syncFile:/storage/emulated/0/2016-12-13_05:11:27.892.jpg
I/org.umd.logging( 7697): Method < 1 com.unity3d.player.UnityPlayerNativeActivity.onTouchEvent(false)
I/org.umd.logging( 7697): Method > 1 com.unity3d.player.k$1.run(com.unity3d.player.k$1@811294676)
I/org.umd.logging( 7697): Method > 1 com.unity3d.player.UnityPlayerNativeActivity.onTouchEvent(com.prime31.UnityPlayerNativeActivity@410649080<activity=true>, android.view.MotionEvent@608469588)
I/org.umd.logging( 7697): Method < 1 com.unity3d.player.UnityPlayerNativeActivity.onTouchEvent(false)
I/org.umd.logging( 7697): Method > 1 com.unity3d.player.k$1.run(com.unity3d.player.k$1@811294676)
I/org.umd.logging( 7697): Method < 1 com.unity3d.player.k$1.run()
E/Cataloger( 6490): syncFile:/storage/emulated/0/2016-12-13_05:11:28.126.jpg
W/ResourceType( 7697): No known package when getting name for resource number 0xffffffff
I/org.umd.logging( 7697): Method > 2067 com.unity3d.player.UnityPlayer.executeGLThreadJobs(com.unity3d.player.UnityPlayer@177402906<file=2016-12-13_05:11:28.044><x=0><y=0><width=1196><height=768><id=-1>)
I/org.umd.logging( 7697): Method < 2067 com.unity3d.player.UnityPlayer.executeGLThreadJobs()
E/Cataloger( 6490): syncFile:/storage/emulated/0/2016-12-13_05:11:28.044.jpg
W/ResourceType( 7697): No known package when getting name for resource number 0xffffffff
I/org.umd.logging( 7697): Method > 1 com.unity3d.player.UnityPlayer.onTouchEvent(com.unity3d.player.UnityPlayer@177402906<file=2016-12-13_05:11:28.126><x=0><y=0><width=1196><height=768><id=-1>, android.view.MotionEvent@836322813)
I/org.umd.logging( 7697): Method < 1 com.unity3d.player.UnityPlayer.onTouchEvent(false)
E/Cataloger( 6490): syncFile:/storage/emulated/0/2016-12-13_05:11:28.126.jpg
I/org.umd.logging( 7697): Method > 1 com.unity3d.player.UnityPlayerNativeActivity.onTouchEvent(com.prime31.UnityPlayerNativeActivity@410649080<activity=true>, android.view.MotionEvent@836322813)
I/org.umd.logging( 7697): Method < 1 com.unity3d.player.UnityPlayerNativeActivity.onTouchEvent(false)
I/InputDispatcher(  594): Window 'Window{3365525f u0 com.tractiongames.stickbmxfree/com.prime31.UnityPlayerNativeActivity}' spent 3203.9ms processing the last input event: MotionEvent(deviceId=0, source=0x00001002, action=0, flags=0x00000000, metaState=0x00000000, buttonState=0x00000000, edgeFlags=0x00000000, xPrecision=1.0, yPrecision=1.0, displayId=0, pointers=[0: (1131.0, 441.0)]), policyFlags=0x6b000000
I/org.umd.logging( 7697): Method > 1 com.unity3d.player.UnityPlayerNativeActivity.onTouchEvent(com.prime31.UnityPlayerNativeActivity@410649080<activity=true>, android.view.MotionEvent@193204978)
I/org.umd.logging( 7697): Method < 1 com.unity3d.player.UnityPlayerNativeActivity.onTouchEvent(false)
I/InputDispatcher(  594): Window 'Window{3365525f u0 com.tractiongames.stickbmxfree/com.prime31.UnityPlayerNativeActivity}' spent 3196.4ms processing the last input event: MotionEvent(deviceId=0, source=0x00001002, action=1, flags=0x00000000, metaState=0x00000000, buttonState=0x00000000, edgeFlags=0x00000000, xPrecision=1.0, yPrecision=1.0, displayId=0, pointers=[0: (1129.3, 442.0)]), policyFlags=0x6b000000
E/Cataloger( 6490): syncFile:/storage/emulated/0/2016-12-13_05:11:28.234.jpg
E/Cataloger( 6490): syncFile:/storage/emulated/0/2016-12-13_05:11:28.289.jpg
W/ResourceType( 7697): No known package when getting name for resource number 0xffffffff
I/org.umd.logging( 7697): Method > 2067 com.unity3d.player.UnityPlayer.executeGLThreadJobs(com.unity3d.player.UnityPlayer@177402906<file=2016-12-13_05:11:28.234><x=0><y=0><width=1196><height=768><id=-1>)
I/org.umd.logging( 7697): Method < 2067 com.unity3d.player.UnityPlayer.executeGLThreadJobs()
E/Cataloger( 6490): syncFile:/storage/emulated/0/2016-12-13_05:11:28.234.jpg
W/ResourceType( 7697): No known package when getting name for resource number 0xffffffff
I/org.umd.logging( 7697): Method > 1 com.unity3d.player.UnityPlayer.onTouchEvent(com.unity3d.player.UnityPlayer@177402906<file=2016-12-13_05:11:28.289><x=0><y=0><width=1196><height=768><id=-1>, android.view.MotionEvent@1043201347)
I/org.umd.logging( 7697): Method < 1 com.unity3d.player.UnityPlayer.onTouchEvent(false)
E/Cataloger( 6490): syncFile:/storage/emulated/0/2016-12-13_05:11:28.289.jpg
I/org.umd.logging( 7697): Method > 1 com.unity3d.player.UnityPlayerNativeActivity.onTouchEvent(com.prime31.UnityPlayerNativeActivity@410649080<activity=true>, android.view.MotionEvent@1043201347)
I/org.umd.logging( 7697): Method < 1 com.unity3d.player.UnityPlayerNativeActivity.onTouchEvent(false)
I/InputDispatcher(  594): Window 'Window{3365525f u0 com.tractiongames.stickbmxfree/com.prime31.UnityPlayerNativeActivity}' spent 3366.2ms processing the last input event: MotionEvent(deviceId=0, source=0x00001002, action=0, flags=0x00000000, metaState=0x00000000, buttonState=0x00000000, edgeFlags=0x00000000, xPrecision=1.0, yPrecision=1.0, displayId=0, pointers=[0: (1147.0, 26.0)]), policyFlags=0x6b000000
I/org.umd.logging( 7697): Method > 1 com.unity3d.player.UnityPlayerNativeActivity.onTouchEvent(com.prime31.UnityPlayerNativeActivity@410649080<activity=true>, android.view.MotionEvent@563179456)
I/org.umd.logging( 7697): Method < 1 com.unity3d.player.UnityPlayerNativeActivity.onTouchEvent(false)
I/org.umd.logging( 7697): Method > 1 com.unity3d.player.k$1.run(com.unity3d.player.k$1@811294676)
I/InputDispatcher(  594): Window 'Window{3365525f u0 com.tractiongames.stickbmxfree/com.prime31.UnityPlayerNativeActivity}' spent 3366.4ms processing the last input event: MotionEvent(deviceId=0, source=0x00001002, action=1, flags=0x00000000, metaState=0x00000000, buttonState=0x00000000, edgeFlags=0x00000000, xPrecision=1.0, yPrecision=1.0, displayId=0, pointers=[0: (1147.2, 30.7)]), policyFlags=0x6b000000
I/org.umd.logging( 7697): Method < 1 com.unity3d.player.k$1.run()
I/org.umd.logging( 7697): Method > 1 com.unity3d.player.k$1.run(com.unity3d.player.k$1@811294676)
I/org.umd.logging( 7697): Method < 1 com.unity3d.player.k$1.run()
I/org.umd.logging( 7697): Method > 1 com.unity3d.player.k$1.run(com.unity3d.player.k$1@811294676)
I/org.umd.logging( 7697): Method < 1 com.unity3d.player.k$1.run()
I/org.umd.logging( 7697): Method > 1 com.unity3d.player.k$1.run(com.unity3d.player.k$1@811294676)
I/org.umd.logging( 7697): Method < 1 com.unity3d.player.k$1.run()
I/org.umd.logging( 7697): Method > 1 com.unity3d.player.k$1.run(com.unity3d.player.k$1@811294676)
I/org.umd.logging( 7697): Method < 1 com.unity3d.player.k$1.run()
I/org.umd.logging( 7697): Method > 1 com.unity3d.player.k$1.run(com.unity3d.player.k$1@811294676)
I/org.umd.logging( 7697): Method < 1 com.unity3d.player.k$1.run()
I/org.umd.logging( 7697): Method > 1 com.unity3d.player.k$1.run(com.unity3d.player.k$1@811294676)
I/org.umd.logging( 7697): Method < 1 com.unity3d.player.k$1.run()
I/org.umd.logging( 7697): Method > 1 com.unity3d.player.k$1.run(com.unity3d.player.k$1@811294676)
I/org.umd.logging( 7697): Method < 1 com.unity3d.player.k$1.run()
I/org.umd.logging( 7697): Method > 1 com.unity3d.player.k$1.run(com.unity3d.player.k$1@811294676)
I/org.umd.logging( 7697): Method < 1 com.unity3d.player.k$1.run()
I/org.umd.logging( 7697): Method > 1 com.unity3d.player.k$1.run(com.unity3d.player.k$1@811294676)
I/org.umd.logging( 7697): Method < 1 com.unity3d.player.k$1.run()
I/org.umd.logging( 7697): Method > 1 com.unity3d.player.k$1.run(com.unity3d.player.k$1@811294676)
I/org.umd.logging( 7697): Method < 1 com.unity3d.player.k$1.run()
I/Choreographer( 7697): Skipped 96 frames!  The application may be doing too much work on its main thread.
I/org.umd.logging( 7697): Method > 1 com.unity3d.player.k$1.run(com.unity3d.player.k$1@811294676)
I/org.umd.logging( 7697): Method < 1 com.unity3d.player.k$1.run()
I/org.umd.logging( 7697): Method > 1 com.unity3d.player.k$1.run(com.unity3d.player.k$1@811294676)
I/org.umd.logging( 7697): Method < 1 com.unity3d.player.k$1.run()
I/org.umd.logging( 7697): Method > 1 com.unity3d.player.k$1.run(com.unity3d.player.k$1@811294676)
I/org.umd.logging( 7697): Method < 1 com.unity3d.player.k$1.run()
I/org.umd.logging( 7697): Method > 1 com.unity3d.player.k$1.run(com.unity3d.player.k$1@811294676)
I/org.umd.logging( 7697): Method < 1 com.unity3d.player.k$1.run()
I/org.umd.logging( 7697): Method > 1 com.unity3d.player.e$2.run(com.unity3d.player.e$2@158942457)
I/org.umd.logging( 7697): Method < 1 com.unity3d.player.e$2.run()
I/org.umd.logging( 7697): Method > 1 com.unity3d.player.e$1.onSystemUiVisibilityChange(com.unity3d.player.e$1@296226079, 0)
I/org.umd.logging( 7697): Method < 1 com.unity3d.player.e$1.onSystemUiVisibilityChange()
I/org.umd.logging( 7697): Method > 1 com.unity3d.player.e$1.onSystemUiVisibilityChange(com.unity3d.player.e$1@296226079, 1)
I/org.umd.logging( 7697): Method < 1 com.unity3d.player.e$1.onSystemUiVisibilityChange()
I/org.umd.logging( 7697): Method > 2263 org.springframework.web.client.RestTemplate.execute(org.springframework.web.client.RestTemplate@222063678, "https://marketing-ssl.upsight-api.com/v3/publisher/open/", org.springframework.http.HttpMethod@494460961, org.springframework.web.client.RestTemplate$HttpEntityRequestCallback@27863711, org.springframework.web.client.RestTemplate$ResponseEntityResponseExtractor@368953324, [Ljava.lang.Object;@1015035829)
I/org.umd.logging( 7697): Api > 2263 java.net.URL.openConnection(java.net.URL@512691786<URL=https://marketing-ssl.upsight-api.com/v3/publisher/open/>)
I/org.umd.logging( 7697): Api < 2263 java.net.URL.openConnection(com.android.okhttp.internal.http.HttpsURLConnectionImpl@813683131)
I/org.umd.logging( 7697): Method > 2263 org.springframework.http.client.AbstractClientHttpRequest.execute(org.springframework.http.client.SimpleBufferingClientHttpRequest@167081688)
I/org.umd.logging( 7697): Method > 2263 org.springframework.http.client.AbstractBufferingClientHttpRequest.executeInternal(org.springframework.http.client.SimpleBufferingClientHttpRequest@167081688, org.springframework.http.HttpHeaders@180984369)
I/org.umd.logging( 7697): Method > 2263 org.springframework.http.client.SimpleBufferingClientHttpRequest.executeInternal(org.springframework.http.client.SimpleBufferingClientHttpRequest@167081688, org.springframework.http.HttpHeaders@180984369, [B@934790422)
I/org.umd.logging( 7697): Api > 2263 java.net.HttpURLConnection.connect(com.android.okhttp.internal.http.HttpsURLConnectionImpl@813683131)
E/Cataloger( 6490): syncFile:/storage/emulated/0/2016-12-13_05:11:28.417.jpg
I/org.umd.logging( 7697): Api < 2263 java.net.HttpURLConnection.connect()
I/org.umd.logging( 7697): Method < 2263 org.springframework.http.client.SimpleBufferingClientHttpRequest.executeInternal(org.springframework.http.client.SimpleClientHttpResponse@1011863191)
I/org.umd.logging( 7697): Method < 2263 org.springframework.http.client.AbstractBufferingClientHttpRequest.executeInternal(org.springframework.http.client.SimpleClientHttpResponse@1011863191)
I/org.umd.logging( 7697): Method < 2263 org.springframework.http.client.AbstractClientHttpRequest.execute(org.springframework.http.client.SimpleClientHttpResponse@1011863191)
W/ResourceType( 7697): No known package when getting name for resource number 0xffffffff
I/org.umd.logging( 7697): Method > 2067 com.unity3d.player.UnityPlayer.executeGLThreadJobs(com.unity3d.player.UnityPlayer@177402906<file=2016-12-13_05:11:28.417><x=0><y=0><width=1196><height=768><id=-1>)
I/org.umd.logging( 7697): Method < 2067 com.unity3d.player.UnityPlayer.executeGLThreadJobs()
E/Cataloger( 6490): syncFile:/storage/emulated/0/2016-12-13_05:11:28.417.jpg
I/org.umd.logging( 7697): Method > 1 com.prime31.UnityPlayerNativeActivity.onKeyUp(com.prime31.UnityPlayerNativeActivity@410649080<activity=true>, 25, android.view.KeyEvent@515319940)
I/org.umd.logging( 7697): Method > 1 com.unity3d.player.UnityPlayerNativeActivity.onKeyUp(com.prime31.UnityPlayerNativeActivity@410649080<activity=true>, 25, android.view.KeyEvent@515319940)
I/org.umd.logging( 7697): Method < 1 com.unity3d.player.UnityPlayerNativeActivity.onKeyUp(false)
I/org.umd.logging( 7697): Method < 1 com.prime31.UnityPlayerNativeActivity.onKeyUp(false)
I/InputDispatcher(  594): Window 'Window{3365525f u0 com.tractiongames.stickbmxfree/com.prime31.UnityPlayerNativeActivity}' spent 3612.1ms processing the last input event: KeyEvent(deviceId=-1, source=0x00000101, action=1, flags=0x00000008, keyCode=25, scanCode=0, metaState=0x00000000, repeatCount=0), policyFlags=0x6b000000
E/Cataloger( 6490): syncFile:/storage/emulated/0/2016-12-13_05:11:28.664.jpg
I/org.umd.logging( 7697): Method < 2263 org.springframework.web.client.RestTemplate.execute(org.springframework.http.ResponseEntity@1013753965)
W/ResourceType( 7697): No known package when getting name for resource number 0xffffffff
I/org.umd.logging( 7697): Method > 2067 com.unity3d.player.UnityPlayer.executeGLThreadJobs(com.unity3d.player.UnityPlayer@177402906<file=2016-12-13_05:11:28.664><x=0><y=0><width=1196><height=768><id=-1>)
I/org.umd.logging( 7697): Method < 2067 com.unity3d.player.UnityPlayer.executeGLThreadJobs()
I/org.umd.logging( 7697): Method > 2264 com.playhaven.android.cache.CacheCleaner.run(com.playhaven.android.cache.CacheCleaner@683195699)
I/org.umd.logging( 7697): Method < 2264 com.playhaven.android.cache.CacheCleaner.run()
E/Cataloger( 6490): syncFile:/storage/emulated/0/2016-12-13_05:11:28.664.jpg
I/org.umd.logging( 7697): Method < 2263 com.playhaven.android.req.PlayHavenRequest$1.run()
E/Cataloger( 6490): syncFile:/storage/emulated/0/2016-12-13_05:11:28.894.jpg
W/ResourceType( 7697): No known package when getting name for resource number 0xffffffff
I/org.umd.logging( 7697): Method > 2067 com.unity3d.player.UnityPlayer.executeGLThreadJobs(com.unity3d.player.UnityPlayer@177402906<file=2016-12-13_05:11:28.894><x=0><y=0><width=1196><height=768><id=-1>)
I/org.umd.logging( 7697): Method < 2067 com.unity3d.player.UnityPlayer.executeGLThreadJobs()
E/Cataloger( 6490): syncFile:/storage/emulated/0/2016-12-13_05:11:28.894.jpg
E/Cataloger( 6490): syncFile:/storage/emulated/0/2016-12-13_05:11:29.138.jpg
W/ResourceType( 7697): No known package when getting name for resource number 0xffffffff
I/org.umd.logging( 7697): Method > 2067 com.unity3d.player.UnityPlayer.executeGLThreadJobs(com.unity3d.player.UnityPlayer@177402906<file=2016-12-13_05:11:29.138><x=0><y=0><width=1196><height=768><id=-1>)
I/org.umd.logging( 7697): Method < 2067 com.unity3d.player.UnityPlayer.executeGLThreadJobs()
E/Cataloger( 6490): syncFile:/storage/emulated/0/2016-12-13_05:11:29.138.jpg
I/org.umd.logging( 7697): Method > 1 com.unity3d.player.k$1.run(com.unity3d.player.k$1@811294676)
E/Cataloger( 6490): syncFile:/storage/emulated/0/2016-12-13_05:11:29.352.jpg
E/Cataloger( 6490): syncFile:/storage/emulated/0/2016-12-13_05:11:29.366.jpg
W/ResourceType( 7697): No known package when getting name for resource number 0xffffffff
I/org.umd.logging( 7697): Method > 1 com.unity3d.player.UnityPlayer.onTouchEvent(com.unity3d.player.UnityPlayer@177402906<file=2016-12-13_05:11:29.352><x=0><y=0><width=1196><height=768><id=-1>, android.view.MotionEvent@683690224)
I/org.umd.logging( 7697): Method < 1 com.unity3d.player.UnityPlayer.onTouchEvent(false)
E/Cataloger( 6490): syncFile:/storage/emulated/0/2016-12-13_05:11:29.352.jpg
I/org.umd.logging( 7697): Method > 1 com.unity3d.player.UnityPlayerNativeActivity.onTouchEvent(com.prime31.UnityPlayerNativeActivity@410649080<activity=true>, android.view.MotionEvent@683690224)
I/org.umd.logging( 7697): Method < 1 com.unity3d.player.UnityPlayerNativeActivity.onTouchEvent(false)
I/org.umd.logging( 7697): Method > 1 com.unity3d.player.k$1.run(com.unity3d.player.k$1@811294676)
I/org.umd.logging( 7697): Method > 1 com.unity3d.player.UnityPlayerNativeActivity.onTouchEvent(com.prime31.UnityPlayerNativeActivity@410649080<activity=true>, android.view.MotionEvent@163077737)
I/org.umd.logging( 7697): Method < 1 com.unity3d.player.UnityPlayerNativeActivity.onTouchEvent(false)
I/org.umd.logging( 7697): Method > 1 com.unity3d.player.k$1.run(com.unity3d.player.k$1@811294676)
W/ResourceType( 7697): No known package when getting name for resource number 0xffffffff
I/org.umd.logging( 7697): Method > 2067 com.unity3d.player.UnityPlayer.executeGLThreadJobs(com.unity3d.player.UnityPlayer@177402906<file=2016-12-13_05:11:29.366><x=0><y=0><width=1196><height=768><id=-1>)
I/org.umd.logging( 7697): Method < 2067 com.unity3d.player.UnityPlayer.executeGLThreadJobs()
E/Cataloger( 6490): syncFile:/storage/emulated/0/2016-12-13_05:11:29.366.jpg
E/Cataloger( 6490): syncFile:/storage/emulated/0/2016-12-13_05:11:29.538.jpg
W/ResourceType( 7697): No known package when getting name for resource number 0xffffffff
I/org.umd.logging( 7697): Method > 1 com.unity3d.player.UnityPlayer.onTouchEvent(com.unity3d.player.UnityPlayer@177402906<file=2016-12-13_05:11:29.538><x=0><y=0><width=1196><height=768><id=-1>, android.view.MotionEvent@563179456)
I/org.umd.logging( 7697): Method < 1 com.unity3d.player.UnityPlayer.onTouchEvent(false)
I/org.umd.logging( 7697): Method > 1 com.unity3d.player.UnityPlayerNativeActivity.onTouchEvent(com.prime31.UnityPlayerNativeActivity@410649080<activity=true>, android.view.MotionEvent@563179456)
E/Cataloger( 6490): syncFile:/storage/emulated/0/2016-12-13_05:11:29.538.jpg
I/org.umd.logging( 7697): Method < 1 com.unity3d.player.UnityPlayerNativeActivity.onTouchEvent(false)
I/org.umd.logging( 7697): Method > 1 com.unity3d.player.k$1.run(com.unity3d.player.k$1@811294676)
I/org.umd.logging( 7697): Method > 1 com.unity3d.player.UnityPlayerNativeActivity.onTouchEvent(com.prime31.UnityPlayerNativeActivity@410649080<activity=true>, android.view.MotionEvent@193204978)
I/org.umd.logging( 7697): Method < 1 com.unity3d.player.UnityPlayerNativeActivity.onTouchEvent(false)
I/org.umd.logging( 7697): Method > 1 com.unity3d.player.k$1.run(com.unity3d.player.k$1@811294676)
E/Cataloger( 6490): syncFile:/storage/emulated/0/2016-12-13_05:11:29.627.jpg
E/Cataloger( 6490): syncFile:/storage/emulated/0/2016-12-13_05:11:29.718.jpg
W/ResourceType( 7697): No known package when getting name for resource number 0xffffffff
I/org.umd.logging( 7697): Method > 2067 com.unity3d.player.UnityPlayer.executeGLThreadJobs(com.unity3d.player.UnityPlayer@177402906<file=2016-12-13_05:11:29.627><x=0><y=0><width=1196><height=768><id=-1>)
I/org.umd.logging( 7697): Method < 2067 com.unity3d.player.UnityPlayer.executeGLThreadJobs()
E/Cataloger( 6490): syncFile:/storage/emulated/0/2016-12-13_05:11:29.627.jpg
W/ResourceType( 7697): No known package when getting name for resource number 0xffffffff
I/org.umd.logging( 7697): Method > 1 com.unity3d.player.UnityPlayer.onTouchEvent(com.unity3d.player.UnityPlayer@177402906<file=2016-12-13_05:11:29.718><x=0><y=0><width=1196><height=768><id=-1>, android.view.MotionEvent@1043201347)
I/org.umd.logging( 7697): Method < 1 com.unity3d.player.UnityPlayer.onTouchEvent(false)
I/org.umd.logging( 7697): Method > 1 com.unity3d.player.UnityPlayerNativeActivity.onTouchEvent(com.prime31.UnityPlayerNativeActivity@410649080<activity=true>, android.view.MotionEvent@1043201347)
I/org.umd.logging( 7697): Method < 1 com.unity3d.player.UnityPlayerNativeActivity.onTouchEvent(false)
I/org.umd.logging( 7697): Method > 1 com.unity3d.player.k$1.run(com.unity3d.player.k$1@811294676)
I/org.umd.logging( 7697): Method > 1 com.unity3d.player.UnityPlayerNativeActivity.onTouchEvent(com.prime31.UnityPlayerNativeActivity@410649080<activity=true>, android.view.MotionEvent@1048207598)
I/org.umd.logging( 7697): Method < 1 com.unity3d.player.UnityPlayerNativeActivity.onTouchEvent(false)
I/org.umd.logging( 7697): Method > 1 com.unity3d.player.k$1.run(com.unity3d.player.k$1@811294676)
E/Cataloger( 6490): syncFile:/storage/emulated/0/2016-12-13_05:11:29.718.jpg
E/Cataloger( 6490): syncFile:/storage/emulated/0/2016-12-13_05:11:29.843.jpg
E/Cataloger( 6490): syncFile:/storage/emulated/0/2016-12-13_05:11:29.929.jpg
W/ResourceType( 7697): No known package when getting name for resource number 0xffffffff
I/org.umd.logging( 7697): Method > 2067 com.unity3d.player.UnityPlayer.executeGLThreadJobs(com.unity3d.player.UnityPlayer@177402906<file=2016-12-13_05:11:29.843><x=0><y=0><width=1196><height=768><id=-1>)
I/org.umd.logging( 7697): Method < 2067 com.unity3d.player.UnityPlayer.executeGLThreadJobs()
E/Cataloger( 6490): syncFile:/storage/emulated/0/2016-12-13_05:11:29.843.jpg
E/Cataloger( 6490): syncFile:/storage/emulated/0/2016-12-13_05:11:30.035.jpg
W/ResourceType( 7697): No known package when getting name for resource number 0xffffffff
I/org.umd.logging( 7697): Method > 1 com.unity3d.player.UnityPlayer.onTouchEvent(com.unity3d.player.UnityPlayer@177402906<file=2016-12-13_05:11:29.929><x=0><y=0><width=1196><height=768><id=-1>, android.view.MotionEvent@163051919)
I/org.umd.logging( 7697): Method < 1 com.unity3d.player.UnityPlayer.onTouchEvent(false)
I/org.umd.logging( 7697): Method > 1 com.unity3d.player.UnityPlayerNativeActivity.onTouchEvent(com.prime31.UnityPlayerNativeActivity@410649080<activity=true>, android.view.MotionEvent@163051919)
E/Cataloger( 6490): syncFile:/storage/emulated/0/2016-12-13_05:11:29.929.jpg
I/org.umd.logging( 7697): Method < 1 com.unity3d.player.UnityPlayerNativeActivity.onTouchEvent(false)
I/org.umd.logging( 7697): Method > 1 com.unity3d.player.k$1.run(com.unity3d.player.k$1@811294676)
I/org.umd.logging( 7697): Method > 1 com.unity3d.player.UnityPlayerNativeActivity.onTouchEvent(com.prime31.UnityPlayerNativeActivity@410649080<activity=true>, android.view.MotionEvent@83428380)
I/org.umd.logging( 7697): Method < 1 com.unity3d.player.UnityPlayerNativeActivity.onTouchEvent(false)
I/org.umd.logging( 7697): Method > 1 com.unity3d.player.k$1.run(com.unity3d.player.k$1@811294676)
W/ResourceType( 7697): No known package when getting name for resource number 0xffffffff
I/org.umd.logging( 7697): Method > 2067 com.unity3d.player.UnityPlayer.executeGLThreadJobs(com.unity3d.player.UnityPlayer@177402906<file=2016-12-13_05:11:30.035><x=0><y=0><width=1196><height=768><id=-1>)
I/org.umd.logging( 7697): Method < 2067 com.unity3d.player.UnityPlayer.executeGLThreadJobs()
E/Cataloger( 6490): syncFile:/storage/emulated/0/2016-12-13_05:11:30.119.jpg
E/Cataloger( 6490): syncFile:/storage/emulated/0/2016-12-13_05:11:30.035.jpg
E/Cataloger( 6490): syncFile:/storage/emulated/0/2016-12-13_05:11:30.209.jpg
W/ResourceType( 7697): No known package when getting name for resource number 0xffffffff
I/org.umd.logging( 7697): Method > 1 com.unity3d.player.UnityPlayer.onTouchEvent(com.unity3d.player.UnityPlayer@177402906<file=2016-12-13_05:11:30.119><x=0><y=0><width=1196><height=768><id=-1>, android.view.MotionEvent@116357157)
I/org.umd.logging( 7697): Method < 1 com.unity3d.player.UnityPlayer.onTouchEvent(false)
E/Cataloger( 6490): syncFile:/storage/emulated/0/2016-12-13_05:11:30.119.jpg
I/org.umd.logging( 7697): Method > 1 com.unity3d.player.UnityPlayerNativeActivity.onTouchEvent(com.prime31.UnityPlayerNativeActivity@410649080<activity=true>, android.view.MotionEvent@116357157)
I/org.umd.logging( 7697): Method < 1 com.unity3d.player.UnityPlayerNativeActivity.onTouchEvent(false)
I/org.umd.logging( 7697): Method > 1 com.unity3d.player.k$1.run(com.unity3d.player.k$1@811294676)
I/org.umd.logging( 7697): Method > 1 com.unity3d.player.UnityPlayerNativeActivity.onTouchEvent(com.prime31.UnityPlayerNativeActivity@410649080<activity=true>, android.view.MotionEvent@1009753594)
I/org.umd.logging( 7697): Method < 1 com.unity3d.player.UnityPlayerNativeActivity.onTouchEvent(false)
I/org.umd.logging( 7697): Method > 1 com.unity3d.player.k$1.run(com.unity3d.player.k$1@811294676)
W/ResourceType( 7697): No known package when getting name for resource number 0xffffffff
I/org.umd.logging( 7697): Method > 2067 com.unity3d.player.UnityPlayer.executeGLThreadJobs(com.unity3d.player.UnityPlayer@177402906<file=2016-12-13_05:11:30.209><x=0><y=0><width=1196><height=768><id=-1>)
I/org.umd.logging( 7697): Method < 2067 com.unity3d.player.UnityPlayer.executeGLThreadJobs()
E/Cataloger( 6490): syncFile:/storage/emulated/0/2016-12-13_05:11:30.209.jpg
E/Cataloger( 6490): syncFile:/storage/emulated/0/2016-12-13_05:11:30.301.jpg
W/ResourceType( 7697): No known package when getting name for resource number 0xffffffff
I/org.umd.logging( 7697): Method > 1 com.unity3d.player.UnityPlayer.onTouchEvent(com.unity3d.player.UnityPlayer@177402906<file=2016-12-13_05:11:30.301><x=0><y=0><width=1196><height=768><id=-1>, android.view.MotionEvent@197435307)
I/org.umd.logging( 7697): Method < 1 com.unity3d.player.UnityPlayer.onTouchEvent(false)
E/Cataloger( 6490): syncFile:/storage/emulated/0/2016-12-13_05:11:30.301.jpg
I/org.umd.logging( 7697): Method > 1 com.unity3d.player.UnityPlayerNativeActivity.onTouchEvent(com.prime31.UnityPlayerNativeActivity@410649080<activity=true>, android.view.MotionEvent@197435307)
I/org.umd.logging( 7697): Method < 1 com.unity3d.player.UnityPlayerNativeActivity.onTouchEvent(false)
I/org.umd.logging( 7697): Method > 1 com.unity3d.player.k$1.run(com.unity3d.player.k$1@811294676)
I/org.umd.logging( 7697): Method > 1 com.unity3d.player.UnityPlayerNativeActivity.onTouchEvent(com.prime31.UnityPlayerNativeActivity@410649080<activity=true>, android.view.MotionEvent@346048008)
I/org.umd.logging( 7697): Method < 1 com.unity3d.player.UnityPlayerNativeActivity.onTouchEvent(false)
I/org.umd.logging( 7697): Method > 1 com.unity3d.player.k$1.run(com.unity3d.player.k$1@811294676)
E/Cataloger( 6490): syncFile:/storage/emulated/0/2016-12-13_05:11:30.395.jpg
E/Cataloger( 6490): syncFile:/storage/emulated/0/2016-12-13_05:11:30.468.jpg
W/ResourceType( 7697): No known package when getting name for resource number 0xffffffff
I/org.umd.logging( 7697): Method > 2067 com.unity3d.player.UnityPlayer.executeGLThreadJobs(com.unity3d.player.UnityPlayer@177402906<file=2016-12-13_05:11:30.395><x=0><y=0><width=1196><height=768><id=-1>)
I/org.umd.logging( 7697): Method < 2067 com.unity3d.player.UnityPlayer.executeGLThreadJobs()
E/Cataloger( 6490): syncFile:/storage/emulated/0/2016-12-13_05:11:30.395.jpg
W/ResourceType( 7697): No known package when getting name for resource number 0xffffffff
I/org.umd.logging( 7697): Method > 1 com.unity3d.player.UnityPlayer.onTouchEvent(com.unity3d.player.UnityPlayer@177402906<file=2016-12-13_05:11:30.468><x=0><y=0><width=1196><height=768><id=-1>, android.view.MotionEvent@264532385)
I/org.umd.logging( 7697): Method < 1 com.unity3d.player.UnityPlayer.onTouchEvent(false)
I/org.umd.logging( 7697): Method > 1 com.unity3d.player.UnityPlayerNativeActivity.onTouchEvent(com.prime31.UnityPlayerNativeActivity@410649080<activity=true>, android.view.MotionEvent@264532385)
