E/Cataloger( 6490): syncFile:/storage/emulated/0/2016-12-13_05:11:34.397.jpg
W/ResourceType( 7697): No known package when getting name for resource number 0xffffffff
I/org.umd.logging( 7697): Method > 2067 com.unity3d.player.UnityPlayer.executeGLThreadJobs(com.unity3d.player.UnityPlayer@177402906<file=2016-12-13_05:11:34.343><x=0><y=0><width=1196><height=768><id=-1>)
I/org.umd.logging( 7697): Method < 2067 com.unity3d.player.UnityPlayer.executeGLThreadJobs()
E/Cataloger( 6490): syncFile:/storage/emulated/0/2016-12-13_05:11:34.343.jpg
W/ResourceType( 7697): No known package when getting name for resource number 0xffffffff
I/org.umd.logging( 7697): Method > 1 com.unity3d.player.UnityPlayer.onTouchEvent(com.unity3d.player.UnityPlayer@177402906<file=2016-12-13_05:11:34.397><x=0><y=0><width=1196><height=768><id=-1>, android.view.MotionEvent@563928192)
I/org.umd.logging( 7697): Method < 1 com.unity3d.player.UnityPlayer.onTouchEvent(false)
I/org.umd.logging( 7697): Method > 1 com.unity3d.player.UnityPlayerNativeActivity.onTouchEvent(com.prime31.UnityPlayerNativeActivity@410649080<activity=true>, android.view.MotionEvent@563928192)
I/org.umd.logging( 7697): Method < 1 com.unity3d.player.UnityPlayerNativeActivity.onTouchEvent(false)
E/Cataloger( 6490): syncFile:/storage/emulated/0/2016-12-13_05:11:34.397.jpg
I/org.umd.logging( 7697): Method > 1 com.unity3d.player.k$1.run(com.unity3d.player.k$1@811294676)
I/org.umd.logging( 7697): Method > 1 com.unity3d.player.UnityPlayerNativeActivity.onTouchEvent(com.prime31.UnityPlayerNativeActivity@410649080<activity=true>, android.view.MotionEvent@637080249)
I/org.umd.logging( 7697): Method < 1 com.unity3d.player.UnityPlayerNativeActivity.onTouchEvent(false)
I/org.umd.logging( 7697): Method > 1 com.unity3d.player.k$1.run(com.unity3d.player.k$1@811294676)
E/Cataloger( 6490): syncFile:/storage/emulated/0/2016-12-13_05:11:34.529.jpg
E/Cataloger( 6490): syncFile:/storage/emulated/0/2016-12-13_05:11:34.578.jpg
W/ResourceType( 7697): No known package when getting name for resource number 0xffffffff
I/org.umd.logging( 7697): Method > 2067 com.unity3d.player.UnityPlayer.executeGLThreadJobs(com.unity3d.player.UnityPlayer@177402906<file=2016-12-13_05:11:34.529><x=0><y=0><width=1196><height=768><id=-1>)
I/org.umd.logging( 7697): Method < 2067 com.unity3d.player.UnityPlayer.executeGLThreadJobs()
E/Cataloger( 6490): syncFile:/storage/emulated/0/2016-12-13_05:11:34.529.jpg
W/ResourceType( 7697): No known package when getting name for resource number 0xffffffff
I/org.umd.logging( 7697): Method > 1 com.unity3d.player.UnityPlayer.onTouchEvent(com.unity3d.player.UnityPlayer@177402906<file=2016-12-13_05:11:34.578><x=0><y=0><width=1196><height=768><id=-1>, android.view.MotionEvent@47679230)
I/org.umd.logging( 7697): Method < 1 com.unity3d.player.UnityPlayer.onTouchEvent(false)
I/org.umd.logging( 7697): Method > 1 com.unity3d.player.UnityPlayerNativeActivity.onTouchEvent(com.prime31.UnityPlayerNativeActivity@410649080<activity=true>, android.view.MotionEvent@47679230)
I/org.umd.logging( 7697): Method < 1 com.unity3d.player.UnityPlayerNativeActivity.onTouchEvent(false)
E/Cataloger( 6490): syncFile:/storage/emulated/0/2016-12-13_05:11:34.578.jpg
I/org.umd.logging( 7697): Method > 1 com.unity3d.player.k$1.run(com.unity3d.player.k$1@811294676)
I/org.umd.logging( 7697): Method > 1 com.unity3d.player.UnityPlayerNativeActivity.onTouchEvent(com.prime31.UnityPlayerNativeActivity@410649080<activity=true>, android.view.MotionEvent@123342431)
I/org.umd.logging( 7697): Method < 1 com.unity3d.player.UnityPlayerNativeActivity.onTouchEvent(false)
I/org.umd.logging( 7697): Method > 1 com.unity3d.player.k$1.run(com.unity3d.player.k$1@811294676)
E/Cataloger( 6490): syncFile:/storage/emulated/0/2016-12-13_05:11:34.711.jpg
E/Cataloger( 6490): syncFile:/storage/emulated/0/2016-12-13_05:11:34.759.jpg
W/ResourceType( 7697): No known package when getting name for resource number 0xffffffff
I/org.umd.logging( 7697): Method > 2067 com.unity3d.player.UnityPlayer.executeGLThreadJobs(com.unity3d.player.UnityPlayer@177402906<file=2016-12-13_05:11:34.711><x=0><y=0><width=1196><height=768><id=-1>)
I/org.umd.logging( 7697): Method < 2067 com.unity3d.player.UnityPlayer.executeGLThreadJobs()
E/Cataloger( 6490): syncFile:/storage/emulated/0/2016-12-13_05:11:34.711.jpg
W/ResourceType( 7697): No known package when getting name for resource number 0xffffffff
I/org.umd.logging( 7697): Method > 1 com.unity3d.player.UnityPlayer.onTouchEvent(com.unity3d.player.UnityPlayer@177402906<file=2016-12-13_05:11:34.759><x=0><y=0><width=1196><height=768><id=-1>, android.view.MotionEvent@238239916)
I/org.umd.logging( 7697): Method < 1 com.unity3d.player.UnityPlayer.onTouchEvent(false)
I/org.umd.logging( 7697): Method > 1 com.unity3d.player.UnityPlayerNativeActivity.onTouchEvent(com.prime31.UnityPlayerNativeActivity@410649080<activity=true>, android.view.MotionEvent@238239916)
E/Cataloger( 6490): syncFile:/storage/emulated/0/2016-12-13_05:11:34.759.jpg
I/org.umd.logging( 7697): Method < 1 com.unity3d.player.UnityPlayerNativeActivity.onTouchEvent(false)
I/org.umd.logging( 7697): Method > 1 com.unity3d.player.k$1.run(com.unity3d.player.k$1@811294676)
I/org.umd.logging( 7697): Method > 1 com.unity3d.player.UnityPlayerNativeActivity.onTouchEvent(com.prime31.UnityPlayerNativeActivity@410649080<activity=true>, android.view.MotionEvent@445587829)
I/org.umd.logging( 7697): Method < 1 com.unity3d.player.UnityPlayerNativeActivity.onTouchEvent(false)
I/org.umd.logging( 7697): Method > 1 com.unity3d.player.k$1.run(com.unity3d.player.k$1@811294676)
E/Cataloger( 6490): syncFile:/storage/emulated/0/2016-12-13_05:11:34.891.jpg
E/Cataloger( 6490): syncFile:/storage/emulated/0/2016-12-13_05:11:34.957.jpg
W/ResourceType( 7697): No known package when getting name for resource number 0xffffffff
I/org.umd.logging( 7697): Method > 2067 com.unity3d.player.UnityPlayer.executeGLThreadJobs(com.unity3d.player.UnityPlayer@177402906<file=2016-12-13_05:11:34.891><x=0><y=0><width=1196><height=768><id=-1>)
I/org.umd.logging( 7697): Method < 2067 com.unity3d.player.UnityPlayer.executeGLThreadJobs()
E/Cataloger( 6490): syncFile:/storage/emulated/0/2016-12-13_05:11:34.891.jpg
W/ResourceType( 7697): No known package when getting name for resource number 0xffffffff
I/org.umd.logging( 7697): Method > 1 com.unity3d.player.UnityPlayer.onTouchEvent(com.unity3d.player.UnityPlayer@177402906<file=2016-12-13_05:11:34.957><x=0><y=0><width=1196><height=768><id=-1>, android.view.MotionEvent@10556682)
E/Cataloger( 6490): syncFile:/storage/emulated/0/2016-12-13_05:11:34.957.jpg
I/org.umd.logging( 7697): Method < 1 com.unity3d.player.UnityPlayer.onTouchEvent(false)
I/org.umd.logging( 7697): Method > 1 com.unity3d.player.UnityPlayerNativeActivity.onTouchEvent(com.prime31.UnityPlayerNativeActivity@410649080<activity=true>, android.view.MotionEvent@10556682)
I/org.umd.logging( 7697): Method < 1 com.unity3d.player.UnityPlayerNativeActivity.onTouchEvent(false)
I/org.umd.logging( 7697): Method > 1 com.unity3d.player.k$1.run(com.unity3d.player.k$1@811294676)
I/org.umd.logging( 7697): Method > 1 com.unity3d.player.UnityPlayerNativeActivity.onTouchEvent(com.prime31.UnityPlayerNativeActivity@410649080<activity=true>, android.view.MotionEvent@683356539)
I/org.umd.logging( 7697): Method < 1 com.unity3d.player.UnityPlayerNativeActivity.onTouchEvent(false)
I/org.umd.logging( 7697): Method > 1 com.unity3d.player.k$1.run(com.unity3d.player.k$1@811294676)
E/Cataloger( 6490): syncFile:/storage/emulated/0/2016-12-13_05:11:35.078.jpg
E/Cataloger( 6490): syncFile:/storage/emulated/0/2016-12-13_05:11:35.119.jpg
W/ResourceType( 7697): No known package when getting name for resource number 0xffffffff
I/org.umd.logging( 7697): Method > 2067 com.unity3d.player.UnityPlayer.executeGLThreadJobs(com.unity3d.player.UnityPlayer@177402906<file=2016-12-13_05:11:35.078><x=0><y=0><width=1196><height=768><id=-1>)
I/org.umd.logging( 7697): Method < 2067 com.unity3d.player.UnityPlayer.executeGLThreadJobs()
E/Cataloger( 6490): syncFile:/storage/emulated/0/2016-12-13_05:11:35.078.jpg
W/ResourceType( 7697): No known package when getting name for resource number 0xffffffff
I/org.umd.logging( 7697): Method > 1 com.unity3d.player.UnityPlayer.onTouchEvent(com.unity3d.player.UnityPlayer@177402906<file=2016-12-13_05:11:35.119><x=0><y=0><width=1196><height=768><id=-1>, android.view.MotionEvent@552188824)
I/org.umd.logging( 7697): Method < 1 com.unity3d.player.UnityPlayer.onTouchEvent(false)
E/Cataloger( 6490): syncFile:/storage/emulated/0/2016-12-13_05:11:35.119.jpg
I/org.umd.logging( 7697): Method > 1 com.unity3d.player.UnityPlayerNativeActivity.onTouchEvent(com.prime31.UnityPlayerNativeActivity@410649080<activity=true>, android.view.MotionEvent@552188824)
I/org.umd.logging( 7697): Method < 1 com.unity3d.player.UnityPlayerNativeActivity.onTouchEvent(false)
I/org.umd.logging( 7697): Method > 1 com.unity3d.player.k$1.run(com.unity3d.player.k$1@811294676)
I/org.umd.logging( 7697): Method > 1 com.unity3d.player.UnityPlayerNativeActivity.onTouchEvent(com.prime31.UnityPlayerNativeActivity@410649080<activity=true>, android.view.MotionEvent@708665329)
I/org.umd.logging( 7697): Method < 1 com.unity3d.player.UnityPlayerNativeActivity.onTouchEvent(false)
I/org.umd.logging( 7697): Method > 1 com.unity3d.player.k$1.run(com.unity3d.player.k$1@811294676)
E/Cataloger( 6490): syncFile:/storage/emulated/0/2016-12-13_05:11:35.271.jpg
E/Cataloger( 6490): syncFile:/storage/emulated/0/2016-12-13_05:11:35.343.jpg
W/ResourceType( 7697): No known package when getting name for resource number 0xffffffff
I/org.umd.logging( 7697): Method > 2067 com.unity3d.player.UnityPlayer.executeGLThreadJobs(com.unity3d.player.UnityPlayer@177402906<file=2016-12-13_05:11:35.271><x=0><y=0><width=1196><height=768><id=-1>)
I/org.umd.logging( 7697): Method < 2067 com.unity3d.player.UnityPlayer.executeGLThreadJobs()
E/Cataloger( 6490): syncFile:/storage/emulated/0/2016-12-13_05:11:35.271.jpg
W/ResourceType( 7697): No known package when getting name for resource number 0xffffffff
I/org.umd.logging( 7697): Method > 1 com.unity3d.player.UnityPlayer.onTouchEvent(com.unity3d.player.UnityPlayer@177402906<file=2016-12-13_05:11:35.343><x=0><y=0><width=1196><height=768><id=-1>, android.view.MotionEvent@348354518)
I/org.umd.logging( 7697): Method < 1 com.unity3d.player.UnityPlayer.onTouchEvent(false)
I/org.umd.logging( 7697): Method > 1 com.unity3d.player.UnityPlayerNativeActivity.onTouchEvent(com.prime31.UnityPlayerNativeActivity@410649080<activity=true>, android.view.MotionEvent@348354518)
E/Cataloger( 6490): syncFile:/storage/emulated/0/2016-12-13_05:11:35.343.jpg
I/org.umd.logging( 7697): Method < 1 com.unity3d.player.UnityPlayerNativeActivity.onTouchEvent(false)
I/org.umd.logging( 7697): Method > 1 com.unity3d.player.k$1.run(com.unity3d.player.k$1@811294676)
I/org.umd.logging( 7697): Method > 1 com.unity3d.player.UnityPlayerNativeActivity.onTouchEvent(com.prime31.UnityPlayerNativeActivity@410649080<activity=true>, android.view.MotionEvent@725707351)
I/org.umd.logging( 7697): Method < 1 com.unity3d.player.UnityPlayerNativeActivity.onTouchEvent(false)
I/org.umd.logging( 7697): Method > 1 com.unity3d.player.k$1.run(com.unity3d.player.k$1@811294676)
E/Cataloger( 6490): syncFile:/storage/emulated/0/2016-12-13_05:11:35.457.jpg
E/Cataloger( 6490): syncFile:/storage/emulated/0/2016-12-13_05:11:35.537.jpg
W/ResourceType( 7697): No known package when getting name for resource number 0xffffffff
I/org.umd.logging( 7697): Method > 2067 com.unity3d.player.UnityPlayer.executeGLThreadJobs(com.unity3d.player.UnityPlayer@177402906<file=2016-12-13_05:11:35.457><x=0><y=0><width=1196><height=768><id=-1>)
I/org.umd.logging( 7697): Method < 2067 com.unity3d.player.UnityPlayer.executeGLThreadJobs()
E/Cataloger( 6490): syncFile:/storage/emulated/0/2016-12-13_05:11:35.457.jpg
I/org.umd.logging( 4986): Method > 1 com.cleanmaster.base.crash.util.debug.b.run(com.cleanmaster.base.crash.util.debug.b@453239735)
I/org.umd.logging( 4986): Method < 1 com.cleanmaster.base.crash.util.debug.b.run()
W/ResourceType( 7697): No known package when getting name for resource number 0xffffffff
I/org.umd.logging( 7697): Method > 1 com.unity3d.player.UnityPlayer.onTouchEvent(com.unity3d.player.UnityPlayer@177402906<file=2016-12-13_05:11:35.537><x=0><y=0><width=1196><height=768><id=-1>, android.view.MotionEvent@797636932)
I/org.umd.logging( 7697): Method < 1 com.unity3d.player.UnityPlayer.onTouchEvent(false)
I/org.umd.logging( 7697): Method > 1 com.unity3d.player.UnityPlayerNativeActivity.onTouchEvent(com.prime31.UnityPlayerNativeActivity@410649080<activity=true>, android.view.MotionEvent@797636932)
E/Cataloger( 6490): syncFile:/storage/emulated/0/2016-12-13_05:11:35.537.jpg
I/org.umd.logging( 7697): Method < 1 com.unity3d.player.UnityPlayerNativeActivity.onTouchEvent(false)
I/org.umd.logging( 7697): Method > 1 com.unity3d.player.k$1.run(com.unity3d.player.k$1@811294676)
I/org.umd.logging( 7697): Method > 1 com.unity3d.player.UnityPlayerNativeActivity.onTouchEvent(com.prime31.UnityPlayerNativeActivity@410649080<activity=true>, android.view.MotionEvent@615975469)
I/org.umd.logging( 7697): Method < 1 com.unity3d.player.UnityPlayerNativeActivity.onTouchEvent(false)
I/org.umd.logging( 7697): Method > 1 com.unity3d.player.k$1.run(com.unity3d.player.k$1@811294676)
E/Cataloger( 6490): syncFile:/storage/emulated/0/2016-12-13_05:11:35.640.jpg
E/Cataloger( 6490): syncFile:/storage/emulated/0/2016-12-13_05:11:35.701.jpg
W/ResourceType( 7697): No known package when getting name for resource number 0xffffffff
I/org.umd.logging( 7697): Method > 2067 com.unity3d.player.UnityPlayer.executeGLThreadJobs(com.unity3d.player.UnityPlayer@177402906<file=2016-12-13_05:11:35.640><x=0><y=0><width=1196><height=768><id=-1>)
I/org.umd.logging( 7697): Method < 2067 com.unity3d.player.UnityPlayer.executeGLThreadJobs()
E/Cataloger( 6490): syncFile:/storage/emulated/0/2016-12-13_05:11:35.640.jpg
W/ResourceType( 7697): No known package when getting name for resource number 0xffffffff
I/org.umd.logging( 7697): Method > 1 com.unity3d.player.UnityPlayer.onTouchEvent(com.unity3d.player.UnityPlayer@177402906<file=2016-12-13_05:11:35.701><x=0><y=0><width=1196><height=768><id=-1>, android.view.MotionEvent@852966242)
I/org.umd.logging( 7697): Method < 1 com.unity3d.player.UnityPlayer.onTouchEvent(false)
E/Cataloger( 6490): syncFile:/storage/emulated/0/2016-12-13_05:11:35.701.jpg
I/org.umd.logging( 7697): Method > 1 com.unity3d.player.UnityPlayerNativeActivity.onTouchEvent(com.prime31.UnityPlayerNativeActivity@410649080<activity=true>, android.view.MotionEvent@852966242)
I/org.umd.logging( 7697): Method < 1 com.unity3d.player.UnityPlayerNativeActivity.onTouchEvent(false)
I/org.umd.logging( 7697): Method > 1 com.unity3d.player.k$1.run(com.unity3d.player.k$1@811294676)
I/org.umd.logging( 7697): Method > 1 com.unity3d.player.UnityPlayerNativeActivity.onTouchEvent(com.prime31.UnityPlayerNativeActivity@410649080<activity=true>, android.view.MotionEvent@159929587)
I/org.umd.logging( 7697): Method < 1 com.unity3d.player.UnityPlayerNativeActivity.onTouchEvent(false)
I/org.umd.logging( 7697): Method > 1 com.unity3d.player.k$1.run(com.unity3d.player.k$1@811294676)
E/Cataloger( 6490): syncFile:/storage/emulated/0/2016-12-13_05:11:35.826.jpg
E/Cataloger( 6490): syncFile:/storage/emulated/0/2016-12-13_05:11:35.867.jpg
W/ResourceType( 7697): No known package when getting name for resource number 0xffffffff
I/org.umd.logging( 7697): Method > 2067 com.unity3d.player.UnityPlayer.executeGLThreadJobs(com.unity3d.player.UnityPlayer@177402906<file=2016-12-13_05:11:35.826><x=0><y=0><width=1196><height=768><id=-1>)
I/org.umd.logging( 7697): Method < 2067 com.unity3d.player.UnityPlayer.executeGLThreadJobs()
E/Cataloger( 6490): syncFile:/storage/emulated/0/2016-12-13_05:11:35.826.jpg
W/ResourceType( 7697): No known package when getting name for resource number 0xffffffff
I/org.umd.logging( 7697): Method > 1 com.unity3d.player.UnityPlayer.onTouchEvent(com.unity3d.player.UnityPlayer@177402906<file=2016-12-13_05:11:35.867><x=0><y=0><width=1196><height=768><id=-1>, android.view.MotionEvent@1071670704)
I/org.umd.logging( 7697): Method < 1 com.unity3d.player.UnityPlayer.onTouchEvent(false)
E/Cataloger( 6490): syncFile:/storage/emulated/0/2016-12-13_05:11:35.867.jpg
I/org.umd.logging( 7697): Method > 1 com.unity3d.player.UnityPlayerNativeActivity.onTouchEvent(com.prime31.UnityPlayerNativeActivity@410649080<activity=true>, android.view.MotionEvent@1071670704)
I/org.umd.logging( 7697): Method < 1 com.unity3d.player.UnityPlayerNativeActivity.onTouchEvent(false)
I/org.umd.logging( 7697): Method > 1 com.unity3d.player.k$1.run(com.unity3d.player.k$1@811294676)
I/org.umd.logging( 7697): Method > 1 com.unity3d.player.UnityPlayerNativeActivity.onTouchEvent(com.prime31.UnityPlayerNativeActivity@410649080<activity=true>, android.view.MotionEvent@665263145)
I/org.umd.logging( 7697): Method < 1 com.unity3d.player.UnityPlayerNativeActivity.onTouchEvent(false)
I/org.umd.logging( 7697): Method > 1 com.unity3d.player.k$1.run(com.unity3d.player.k$1@811294676)
I/org.umd.logging( 7697): Method < 1 com.unity3d.player.k$1.run()
I/InputDispatcher(  594): Window 'Window{3365525f u0 com.tractiongames.stickbmxfree/com.prime31.UnityPlayerNativeActivity}' spent 4058.6ms processing the last input event: MotionEvent(deviceId=0, source=0x00001002, action=0, flags=0x00000000, metaState=0x00000000, buttonState=0x00000000, edgeFlags=0x00000000, xPrecision=1.0, yPrecision=1.0, displayId=0, pointers=[0: (1074.0, 161.0)]), policyFlags=0x6b000000
I/InputDispatcher(  594): Window 'Window{3365525f u0 com.tractiongames.stickbmxfree/com.prime31.UnityPlayerNativeActivity}' spent 4057.0ms processing the last input event: MotionEvent(deviceId=0, source=0x00001002, action=1, flags=0x00000000, metaState=0x00000000, buttonState=0x00000000, edgeFlags=0x00000000, xPrecision=1.0, yPrecision=1.0, displayId=0, pointers=[0: (1084.2, 168.4)]), policyFlags=0x6b000000
I/InputDispatcher(  594): Window 'Window{3365525f u0 com.tractiongames.stickbmxfree/com.prime31.UnityPlayerNativeActivity}' spent 4055.2ms processing the last input event: MotionEvent(deviceId=0, source=0x00001002, action=0, flags=0x00000000, metaState=0x00000000, buttonState=0x00000000, edgeFlags=0x00000000, xPrecision=1.0, yPrecision=1.0, displayId=0, pointers=[0: (34.0, 83.0)]), policyFlags=0x6b000000
I/InputDispatcher(  594): Window 'Window{3365525f u0 com.tractiongames.stickbmxfree/com.prime31.UnityPlayerNativeActivity}' spent 4054.0ms processing the last input event: MotionEvent(deviceId=0, source=0x00001002, action=1, flags=0x00000000, metaState=0x00000000, buttonState=0x00000000, edgeFlags=0x00000000, xPrecision=1.0, yPrecision=1.0, displayId=0, pointers=[0: (32.9, 89.6)]), policyFlags=0x6b000000
I/InputDispatcher(  594): Window 'Window{3365525f u0 com.tractiongames.stickbmxfree/com.prime31.UnityPlayerNativeActivity}' spent 4052.3ms processing the last input event: MotionEvent(deviceId=0, source=0x00001002, action=0, flags=0x00000000, metaState=0x00000000, buttonState=0x00000000, edgeFlags=0x00000000, xPrecision=1.0, yPrecision=1.0, displayId=0, pointers=[0: (539.0, 252.0)]), policyFlags=0x6b000000
I/InputDispatcher(  594): Window 'Window{3365525f u0 com.tractiongames.stickbmxfree/com.prime31.UnityPlayerNativeActivity}' spent 4051.0ms processing the last input event: MotionEvent(deviceId=0, source=0x00001002, action=1, flags=0x00000000, metaState=0x00000000, buttonState=0x00000000, edgeFlags=0x00000000, xPrecision=1.0, yPrecision=1.0, displayId=0, pointers=[0: (542.6, 251.9)]), policyFlags=0x6b000000
I/InputDispatcher(  594): Window 'Window{3365525f u0 com.tractiongames.stickbmxfree/com.prime31.UnityPlayerNativeActivity}' spent 4049.3ms processing the last input event: MotionEvent(deviceId=0, source=0x00001002, action=0, flags=0x00000000, metaState=0x00000000, buttonState=0x00000000, edgeFlags=0x00000000, xPrecision=1.0, yPrecision=1.0, displayId=0, pointers=[0: (824.0, 66.0)]), policyFlags=0x6b000000
I/InputDispatcher(  594): Window 'Window{3365525f u0 com.tractiongames.stickbmxfree/com.prime31.UnityPlayerNativeActivity}' spent 4047.5ms processing the last input event: MotionEvent(deviceId=0, source=0x00001002, action=1, flags=0x00000000, metaState=0x00000000, buttonState=0x00000000, edgeFlags=0x00000000, xPrecision=1.0, yPrecision=1.0, displayId=0, pointers=[0: (820.7, 58.6)]), policyFlags=0x6b000000
I/InputDispatcher(  594): Window 'Window{3365525f u0 com.tractiongames.stickbmxfree/com.prime31.UnityPlayerNativeActivity}' spent 4045.9ms processing the last input event: MotionEvent(deviceId=0, source=0x00001002, action=0, flags=0x00000000, metaState=0x00000000, buttonState=0x00000000, edgeFlags=0x00000000, xPrecision=1.0, yPrecision=1.0, displayId=0, pointers=[0: (343.0, 202.0)]), policyFlags=0x6b000000
I/InputDispatcher(  594): Window 'Window{3365525f u0 com.tractiongames.stickbmxfree/com.prime31.UnityPlayerNativeActivity}' spent 4044.7ms processing the last input event: MotionEvent(deviceId=0, source=0x00001002, action=1, flags=0x00000000, metaState=0x00000000, buttonState=0x00000000, edgeFlags=0x00000000, xPrecision=1.0, yPrecision=1.0, displayId=0, pointers=[0: (359.4, 202.3)]), policyFlags=0x6b000000
I/InputDispatcher(  594): Window 'Window{3365525f u0 com.tractiongames.stickbmxfree/com.prime31.UnityPlayerNativeActivity}' spent 4042.9ms processing the last input event: MotionEvent(deviceId=0, source=0x00001002, action=0, flags=0x00000000, metaState=0x00000000, buttonState=0x00000000, edgeFlags=0x00000000, xPrecision=1.0, yPrecision=1.0, displayId=0, pointers=[0: (338.0, 254.0)]), policyFlags=0x6b000000
I/InputDispatcher(  594): Window 'Window{3365525f u0 com.tractiongames.stickbmxfree/com.prime31.UnityPlayerNativeActivity}' spent 4041.6ms processing the last input event: MotionEvent(deviceId=0, source=0x00001002, action=1, flags=0x00000000, metaState=0x00000000, buttonState=0x00000000, edgeFlags=0x00000000, xPrecision=1.0, yPrecision=1.0, displayId=0, pointers=[0: (331.5, 255.3)]), policyFlags=0x6b000000
I/InputDispatcher(  594): Window 'Window{3365525f u0 com.tractiongames.stickbmxfree/com.prime31.UnityPlayerNativeActivity}' spent 4038.9ms processing the last input event: MotionEvent(deviceId=0, source=0x00001002, action=0, flags=0x00000000, metaState=0x00000000, buttonState=0x00000000, edgeFlags=0x00000000, xPrecision=1.0, yPrecision=1.0, displayId=0, pointers=[0: (1155.0, 530.0)]), policyFlags=0x6b000000
I/InputDispatcher(  594): Window 'Window{3365525f u0 com.tractiongames.stickbmxfree/com.prime31.UnityPlayerNativeActivity}' spent 4036.9ms processing the last input event: MotionEvent(deviceId=0, source=0x00001002, action=1, flags=0x00000000, metaState=0x00000000, buttonState=0x00000000, edgeFlags=0x00000000, xPrecision=1.0, yPrecision=1.0, displayId=0, pointers=[0: (1153.2, 533.6)]), policyFlags=0x6b000000
I/InputDispatcher(  594): Window 'Window{3365525f u0 com.tractiongames.stickbmxfree/com.prime31.UnityPlayerNativeActivity}' spent 4034.4ms processing the last input event: MotionEvent(deviceId=0, source=0x00001002, action=0, flags=0x00000000, metaState=0x00000000, buttonState=0x00000000, edgeFlags=0x00000000, xPrecision=1.0, yPrecision=1.0, displayId=0, pointers=[0: (1057.0, 454.0)]), policyFlags=0x6b000000
I/org.umd.logging( 7697): Method > 1 com.unity3d.player.k$1.run(com.unity3d.player.k$1@811294676)
I/InputDispatcher(  594): Window 'Window{3365525f u0 com.tractiongames.stickbmxfree/com.prime31.UnityPlayerNativeActivity}' spent 4030.6ms processing the last input event: MotionEvent(deviceId=0, source=0x00001002, action=1, flags=0x00000000, metaState=0x00000000, buttonState=0x00000000, edgeFlags=0x00000000, xPrecision=1.0, yPrecision=1.0, displayId=0, pointers=[0: (1051.8, 464.4)]), policyFlags=0x6b000000
I/InputDispatcher(  594): Window 'Window{3365525f u0 com.tractiongames.stickbmxfree/com.prime31.UnityPlayerNativeActivity}' spent 4027.6ms processing the last input event: MotionEvent(deviceId=0, source=0x00001002, action=0, flags=0x00000000, metaState=0x00000000, buttonState=0x00000000, edgeFlags=0x00000000, xPrecision=1.0, yPrecision=1.0, displayId=0, pointers=[0: (350.0, 92.0)]), policyFlags=0x6b000000
I/org.umd.logging( 7697): Method < 1 com.unity3d.player.k$1.run()
I/InputDispatcher(  594): Window 'Window{3365525f u0 com.tractiongames.stickbmxfree/com.prime31.UnityPlayerNativeActivity}' spent 4025.7ms processing the last input event: MotionEvent(deviceId=0, source=0x00001002, action=1, flags=0x00000000, metaState=0x00000000, buttonState=0x00000000, edgeFlags=0x00000000, xPrecision=1.0, yPrecision=1.0, displayId=0, pointers=[0: (350.6, 91.5)]), policyFlags=0x6b000000
I/InputDispatcher(  594): Window 'Window{3365525f u0 com.tractiongames.stickbmxfree/com.prime31.UnityPlayerNativeActivity}' spent 4023.0ms processing the last input event: MotionEvent(deviceId=0, source=0x00001002, action=0, flags=0x00000000, metaState=0x00000000, buttonState=0x00000000, edgeFlags=0x00000000, xPrecision=1.0, yPrecision=1.0, displayId=0, pointers=[0: (859.0, 368.0)]), policyFlags=0x6b000000
I/org.umd.logging( 7697): Method > 1 com.unity3d.player.k$1.run(com.unity3d.player.k$1@811294676)
I/InputDispatcher(  594): Window 'Window{3365525f u0 com.tractiongames.stickbmxfree/com.prime31.UnityPlayerNativeActivity}' spent 4021.7ms processing the last input event: MotionEvent(deviceId=0, source=0x00001002, action=1, flags=0x00000000, metaState=0x00000000, buttonState=0x00000000, edgeFlags=0x00000000, xPrecision=1.0, yPrecision=1.0, displayId=0, pointers=[0: (859.8, 362.8)]), policyFlags=0x6b000000
I/InputDispatcher(  594): Window 'Window{3365525f u0 com.tractiongames.stickbmxfree/com.prime31.UnityPlayerNativeActivity}' spent 4019.8ms processing the last input event: MotionEvent(deviceId=0, source=0x00001002, action=0, flags=0x00000000, metaState=0x00000000, buttonState=0x00000000, edgeFlags=0x00000000, xPrecision=1.0, yPrecision=1.0, displayId=0, pointers=[0: (940.0, 349.0)]), policyFlags=0x6b000000
I/org.umd.logging( 7697): Method < 1 com.unity3d.player.k$1.run()
I/InputDispatcher(  594): Window 'Window{3365525f u0 com.tractiongames.stickbmxfree/com.prime31.UnityPlayerNativeActivity}' spent 4018.3ms processing the last input event: MotionEvent(deviceId=0, source=0x00001002, action=1, flags=0x00000000, metaState=0x00000000, buttonState=0x00000000, edgeFlags=0x00000000, xPrecision=1.0, yPrecision=1.0, displayId=0, pointers=[0: (944.2, 359.5)]), policyFlags=0x6b000000
I/InputDispatcher(  594): Window 'Window{3365525f u0 com.tractiongames.stickbmxfree/com.prime31.UnityPlayerNativeActivity}' spent 4016.5ms processing the last input event: MotionEvent(deviceId=0, source=0x00001002, action=0, flags=0x00000000, metaState=0x00000000, buttonState=0x00000000, edgeFlags=0x00000000, xPrecision=1.0, yPrecision=1.0, displayId=0, pointers=[0: (1192.0, 522.0)]), policyFlags=0x6b000000
I/InputDispatcher(  594): Window 'Window{3365525f u0 com.tractiongames.stickbmxfree/com.prime31.UnityPlayerNativeActivity}' spent 4015.4ms processing the last input event: MotionEvent(deviceId=0, source=0x00001002, action=1, flags=0x00000000, metaState=0x00000000, buttonState=0x00000000, edgeFlags=0x00000000, xPrecision=1.0, yPrecision=1.0, displayId=0, pointers=[0: (1191.4, 513.9)]), policyFlags=0x6b000000
I/org.umd.logging( 7697): Method > 1 com.unity3d.player.k$1.run(com.unity3d.player.k$1@811294676)
I/InputDispatcher(  594): Window 'Window{3365525f u0 com.tractiongames.stickbmxfree/com.prime31.UnityPlayerNativeActivity}' spent 4013.7ms processing the last input event: MotionEvent(deviceId=0, source=0x00001002, action=0, flags=0x00000000, metaState=0x00000000, buttonState=0x00000000, edgeFlags=0x00000000, xPrecision=1.0, yPrecision=1.0, displayId=0, pointers=[0: (1139.0, 457.0)]), policyFlags=0x6b000000
I/InputDispatcher(  594): Window 'Window{3365525f u0 com.tractiongames.stickbmxfree/com.prime31.UnityPlayerNativeActivity}' spent 4012.4ms processing the last input event: MotionEvent(deviceId=0, source=0x00001002, action=1, flags=0x00000000, metaState=0x00000000, buttonState=0x00000000, edgeFlags=0x00000000, xPrecision=1.0, yPrecision=1.0, displayId=0, pointers=[0: (1156.6, 468.2)]), policyFlags=0x6b000000
I/org.umd.logging( 7697): Method < 1 com.unity3d.player.k$1.run()
I/InputDispatcher(  594): Window 'Window{3365525f u0 com.tractiongames.stickbmxfree/com.prime31.UnityPlayerNativeActivity}' spent 4010.7ms processing the last input event: MotionEvent(deviceId=0, source=0x00001002, action=0, flags=0x00000000, metaState=0x00000000, buttonState=0x00000000, edgeFlags=0x00000000, xPrecision=1.0, yPrecision=1.0, displayId=0, pointers=[0: (1140.0, 200.0)]), policyFlags=0x6b000000
I/InputDispatcher(  594): Window 'Window{3365525f u0 com.tractiongames.stickbmxfree/com.prime31.UnityPlayerNativeActivity}' spent 4009.1ms processing the last input event: MotionEvent(deviceId=0, source=0x00001002, action=1, flags=0x00000000, metaState=0x00000000, buttonState=0x00000000, edgeFlags=0x00000000, xPrecision=1.0, yPrecision=1.0, displayId=0, pointers=[0: (1138.9, 181.8)]), policyFlags=0x6b000000
I/org.umd.logging( 7697): Method > 1 com.unity3d.player.k$1.run(com.unity3d.player.k$1@811294676)
I/InputDispatcher(  594): Window 'Window{3365525f u0 com.tractiongames.stickbmxfree/com.prime31.UnityPlayerNativeActivity}' spent 4006.7ms processing the last input event: MotionEvent(deviceId=0, source=0x00001002, action=0, flags=0x00000000, metaState=0x00000000, buttonState=0x00000000, edgeFlags=0x00000000, xPrecision=1.0, yPrecision=1.0, displayId=0, pointers=[0: (1147.0, 738.0)]), policyFlags=0x6b000000
I/InputDispatcher(  594): Window 'Window{3365525f u0 com.tractiongames.stickbmxfree/com.prime31.UnityPlayerNativeActivity}' spent 4005.4ms processing the last input event: MotionEvent(deviceId=0, source=0x00001002, action=1, flags=0x00000000, metaState=0x00000000, buttonState=0x00000000, edgeFlags=0x00000000, xPrecision=1.0, yPrecision=1.0, displayId=0, pointers=[0: (1145.9, 749.7)]), policyFlags=0x6b000000
I/org.umd.logging( 7697): Method < 1 com.unity3d.player.k$1.run()
I/InputDispatcher(  594): Window 'Window{3365525f u0 com.tractiongames.stickbmxfree/com.prime31.UnityPlayerNativeActivity}' spent 4003.5ms processing the last input event: MotionEvent(deviceId=0, source=0x00001002, action=0, flags=0x00000000, metaState=0x00000000, buttonState=0x00000000, edgeFlags=0x00000000, xPrecision=1.0, yPrecision=1.0, displayId=0, pointers=[0: (480.0, 304.0)]), policyFlags=0x6b000000
I/InputDispatcher(  594): Window 'Window{3365525f u0 com.tractiongames.stickbmxfree/com.prime31.UnityPlayerNativeActivity}' spent 4002.4ms processing the last input event: MotionEvent(deviceId=0, source=0x00001002, action=1, flags=0x00000000, metaState=0x00000000, buttonState=0x00000000, edgeFlags=0x00000000, xPrecision=1.0, yPrecision=1.0, displayId=0, pointers=[0: (479.2, 306.0)]), policyFlags=0x6b000000
I/org.umd.logging( 7697): Method > 1 com.unity3d.player.k$1.run(com.unity3d.player.k$1@811294676)
I/org.umd.logging( 7697): Method < 1 com.unity3d.player.k$1.run()
I/InputDispatcher(  594): Window 'Window{3365525f u0 com.tractiongames.stickbmxfree/com.prime31.UnityPlayerNativeActivity}' spent 4003.7ms processing the last input event: MotionEvent(deviceId=0, source=0x00001002, action=0, flags=0x00000000, metaState=0x00000000, buttonState=0x00000000, edgeFlags=0x00000000, xPrecision=1.0, yPrecision=1.0, displayId=0, pointers=[0: (641.0, 274.0)]), policyFlags=0x6b000000
I/InputDispatcher(  594): Window 'Window{3365525f u0 com.tractiongames.stickbmxfree/com.prime31.UnityPlayerNativeActivity}' spent 4002.7ms processing the last input event: MotionEvent(deviceId=0, source=0x00001002, action=1, flags=0x00000000, metaState=0x00000000, buttonState=0x00000000, edgeFlags=0x00000000, xPrecision=1.0, yPrecision=1.0, displayId=0, pointers=[0: (641.1, 275.9)]), policyFlags=0x6b000000
I/InputDispatcher(  594): Window 'Window{3365525f u0 com.tractiongames.stickbmxfree/com.prime31.UnityPlayerNativeActivity}' spent 4001.1ms processing the last input event: MotionEvent(deviceId=0, source=0x00001002, action=0, flags=0x00000000, metaState=0x00000000, buttonState=0x00000000, edgeFlags=0x00000000, xPrecision=1.0, yPrecision=1.0, displayId=0, pointers=[0: (757.0, 206.0)]), policyFlags=0x6b000000
I/org.umd.logging( 7697): Method > 1 com.unity3d.player.k$1.run(com.unity3d.player.k$1@811294676)
I/InputDispatcher(  594): Window 'Window{3365525f u0 com.tractiongames.stickbmxfree/com.prime31.UnityPlayerNativeActivity}' spent 4000.2ms processing the last input event: MotionEvent(deviceId=0, source=0x00001002, action=1, flags=0x00000000, metaState=0x00000000, buttonState=0x00000000, edgeFlags=0x00000000, xPrecision=1.0, yPrecision=1.0, displayId=0, pointers=[0: (776.5, 201.0)]), policyFlags=0x6b000000
I/org.umd.logging( 7697): Method < 1 com.unity3d.player.k$1.run()
I/InputDispatcher(  594): Window 'Window{3365525f u0 com.tractiongames.stickbmxfree/com.prime31.UnityPlayerNativeActivity}' spent 3998.7ms processing the last input event: MotionEvent(deviceId=0, source=0x00001002, action=0, flags=0x00000000, metaState=0x00000000, buttonState=0x00000000, edgeFlags=0x00000000, xPrecision=1.0, yPrecision=1.0, displayId=0, pointers=[0: (561.0, 337.0)]), policyFlags=0x6b000000
I/InputDispatcher(  594): Window 'Window{3365525f u0 com.tractiongames.stickbmxfree/com.prime31.UnityPlayerNativeActivity}' spent 3997.8ms processing the last input event: MotionEvent(deviceId=0, source=0x00001002, action=1, flags=0x00000000, metaState=0x00000000, buttonState=0x00000000, edgeFlags=0x00000000, xPrecision=1.0, yPrecision=1.0, displayId=0, pointers=[0: (558.8, 328.6)]), policyFlags=0x6b000000
I/InputDispatcher(  594): Window 'Window{3365525f u0 com.tractiongames.stickbmxfree/com.prime31.UnityPlayerNativeActivity}' spent 3996.2ms processing the last input event: MotionEvent(deviceId=0, source=0x00001002, action=0, flags=0x00000000, metaState=0x00000000, buttonState=0x00000000, edgeFlags=0x00000000, xPrecision=1.0, yPrecision=1.0, displayId=0, pointers=[0: (704.0, 413.0)]), policyFlags=0x6b000000
I/org.umd.logging( 7697): Method > 1 com.unity3d.player.k$1.run(com.unity3d.player.k$1@811294676)
I/InputDispatcher(  594): Window 'Window{3365525f u0 com.tractiongames.stickbmxfree/com.prime31.UnityPlayerNativeActivity}' spent 3995.3ms processing the last input event: MotionEvent(deviceId=0, source=0x00001002, action=1, flags=0x00000000, metaState=0x00000000, buttonState=0x00000000, edgeFlags=0x00000000, xPrecision=1.0, yPrecision=1.0, displayId=0, pointers=[0: (698.8, 414.0)]), policyFlags=0x6b000000
I/InputDispatcher(  594): Window 'Window{3365525f u0 com.tractiongames.stickbmxfree/com.prime31.UnityPlayerNativeActivity}' spent 3993.8ms processing the last input event: MotionEvent(deviceId=0, source=0x00001002, action=0, flags=0x00000000, metaState=0x00000000, buttonState=0x00000000, edgeFlags=0x00000000, xPrecision=1.0, yPrecision=1.0, displayId=0, pointers=[0: (417.0, 493.0)]), policyFlags=0x6b000000
I/org.umd.logging( 7697): Method < 1 com.unity3d.player.k$1.run()
I/InputDispatcher(  594): Window 'Window{3365525f u0 com.tractiongames.stickbmxfree/com.prime31.UnityPlayerNativeActivity}' spent 3992.9ms processing the last input event: MotionEvent(deviceId=0, source=0x00001002, action=1, flags=0x00000000, metaState=0x00000000, buttonState=0x00000000, edgeFlags=0x00000000, xPrecision=1.0, yPrecision=1.0, displayId=0, pointers=[0: (416.5, 504.1)]), policyFlags=0x6b000000
I/org.umd.logging( 7697): Method > 1 com.unity3d.player.k$1.run(com.unity3d.player.k$1@811294676)
I/org.umd.logging( 7697): Method < 1 com.unity3d.player.k$1.run()
I/org.umd.logging( 7697): Method > 1 com.unity3d.player.k$1.run(com.unity3d.player.k$1@811294676)
I/org.umd.logging( 7697): Method < 1 com.unity3d.player.k$1.run()
I/org.umd.logging( 7697): Method > 1 com.unity3d.player.k$1.run(com.unity3d.player.k$1@811294676)
I/org.umd.logging( 7697): Method < 1 com.unity3d.player.k$1.run()
I/org.umd.logging( 7697): Method > 1 com.unity3d.player.k$1.run(com.unity3d.player.k$1@811294676)
I/org.umd.logging( 7697): Method < 1 com.unity3d.player.k$1.run()
I/org.umd.logging( 7697): Method > 1 com.unity3d.player.k$1.run(com.unity3d.player.k$1@811294676)
I/org.umd.logging( 7697): Method < 1 com.unity3d.player.k$1.run()
I/org.umd.logging( 7697): Method > 1 com.unity3d.player.k$1.run(com.unity3d.player.k$1@811294676)
I/org.umd.logging( 7697): Method < 1 com.unity3d.player.k$1.run()
I/org.umd.logging( 7697): Method > 1 com.unity3d.player.k$1.run(com.unity3d.player.k$1@811294676)
I/org.umd.logging( 7697): Method < 1 com.unity3d.player.k$1.run()
I/org.umd.logging( 7697): Method > 1 com.unity3d.player.k$1.run(com.unity3d.player.k$1@811294676)
I/org.umd.logging( 7697): Method < 1 com.unity3d.player.k$1.run()
I/org.umd.logging( 7697): Method > 1 com.unity3d.player.k$1.run(com.unity3d.player.k$1@811294676)
I/org.umd.logging( 7697): Method < 1 com.unity3d.player.k$1.run()
I/org.umd.logging( 7697): Method > 1 com.unity3d.player.k$1.run(com.unity3d.player.k$1@811294676)
I/org.umd.logging( 7697): Method < 1 com.unity3d.player.k$1.run()
I/org.umd.logging( 7697): Method > 1 com.unity3d.player.k$1.run(com.unity3d.player.k$1@811294676)
I/org.umd.logging( 7697): Method < 1 com.unity3d.player.k$1.run()
I/org.umd.logging( 7697): Method > 1 com.unity3d.player.k$1.run(com.unity3d.player.k$1@811294676)
I/org.umd.logging( 7697): Method < 1 com.unity3d.player.k$1.run()
I/org.umd.logging( 7697): Method > 1 com.unity3d.player.k$1.run(com.unity3d.player.k$1@811294676)
I/org.umd.logging( 7697): Method < 1 com.unity3d.player.k$1.run()
I/org.umd.logging( 7697): Method > 1 com.unity3d.player.k$1.run(com.unity3d.player.k$1@811294676)
I/org.umd.logging( 7697): Method < 1 com.unity3d.player.k$1.run()
I/org.umd.logging( 7697): Method > 1 com.unity3d.player.k$1.run(com.unity3d.player.k$1@811294676)
I/org.umd.logging( 7697): Method < 1 com.unity3d.player.k$1.run()
I/org.umd.logging( 7697): Method > 1 com.unity3d.player.k$1.run(com.unity3d.player.k$1@811294676)
I/org.umd.logging( 7697): Method < 1 com.unity3d.player.k$1.run()
I/org.umd.logging( 7697): Method > 1 com.unity3d.player.k$1.run(com.unity3d.player.k$1@811294676)
I/org.umd.logging( 7697): Method < 1 com.unity3d.player.k$1.run()
I/org.umd.logging( 7697): Method > 1 com.unity3d.player.k$1.run(com.unity3d.player.k$1@811294676)
I/org.umd.logging( 7697): Method < 1 com.unity3d.player.k$1.run()
I/org.umd.logging( 7697): Method > 1 com.unity3d.player.k$1.run(com.unity3d.player.k$1@811294676)
I/org.umd.logging( 7697): Method < 1 com.unity3d.player.k$1.run()
E/Cataloger( 6490): syncFile:/storage/emulated/0/2016-12-13_05:11:36.014.jpg
I/org.umd.logging( 7697): Method > 1 com.unity3d.player.k$1.run(com.unity3d.player.k$1@811294676)
I/org.umd.logging( 7697): Method < 1 com.unity3d.player.k$1.run()
I/org.umd.logging( 7697): Method > 1 com.unity3d.player.k$1.run(com.unity3d.player.k$1@811294676)
I/org.umd.logging( 7697): Method < 1 com.unity3d.player.k$1.run()
I/org.umd.logging( 7697): Method > 1 com.unity3d.player.k$1.run(com.unity3d.player.k$1@811294676)
I/org.umd.logging( 7697): Method < 1 com.unity3d.player.k$1.run()
I/org.umd.logging( 7697): Method > 1 com.unity3d.player.k$1.run(com.unity3d.player.k$1@811294676)
I/org.umd.logging( 7697): Method < 1 com.unity3d.player.k$1.run()
I/org.umd.logging( 7697): Method > 1 com.unity3d.player.k$1.run(com.unity3d.player.k$1@811294676)
I/org.umd.logging( 7697): Method < 1 com.unity3d.player.k$1.run()
I/org.umd.logging( 7697): Method > 1 com.unity3d.player.k$1.run(com.unity3d.player.k$1@811294676)
I/org.umd.logging( 7697): Method < 1 com.unity3d.player.k$1.run()
I/org.umd.logging( 7697): Method > 1 com.unity3d.player.k$1.run(com.unity3d.player.k$1@811294676)
I/org.umd.logging( 7697): Method < 1 com.unity3d.player.k$1.run()
I/org.umd.logging( 7697): Method > 1 com.unity3d.player.k$1.run(com.unity3d.player.k$1@811294676)
I/org.umd.logging( 7697): Method < 1 com.unity3d.player.k$1.run()
I/org.umd.logging( 7697): Method > 1 com.unity3d.player.k$1.run(com.unity3d.player.k$1@811294676)
I/org.umd.logging( 7697): Method < 1 com.unity3d.player.k$1.run()
I/org.umd.logging( 7697): Method > 1 com.unity3d.player.k$1.run(com.unity3d.player.k$1@811294676)
I/org.umd.logging( 7697): Method < 1 com.unity3d.player.k$1.run()
I/org.umd.logging( 7697): Method > 1 com.unity3d.player.k$1.run(com.unity3d.player.k$1@811294676)
I/org.umd.logging( 7697): Method < 1 com.unity3d.player.k$1.run()
I/org.umd.logging( 7697): Method > 1 com.unity3d.player.k$1.run(com.unity3d.player.k$1@811294676)
I/org.umd.logging( 7697): Method < 1 com.unity3d.player.k$1.run()
I/org.umd.logging( 7697): Method > 1 com.unity3d.player.k$1.run(com.unity3d.player.k$1@811294676)
I/org.umd.logging( 7697): Method < 1 com.unity3d.player.k$1.run()
I/org.umd.logging( 7697): Method > 1 com.unity3d.player.k$1.run(com.unity3d.player.k$1@811294676)
I/org.umd.logging( 7697): Method < 1 com.unity3d.player.k$1.run()
I/org.umd.logging( 7697): Method > 1 com.unity3d.player.k$1.run(com.unity3d.player.k$1@811294676)
I/org.umd.logging( 7697): Method < 1 com.unity3d.player.k$1.run()
I/org.umd.logging( 7697): Method > 1 com.upsight.unity.AbstractUpsightPlugin$2.run(com.upsight.unity.AbstractUpsightPlugin$2@1030859694)
I/org.umd.logging( 7697): Method > 1 com.upsight.unity.UpsightPlugin$2.run(com.upsight.unity.UpsightPlugin$2@782742677)
I/PlayHaven( 7697): placement [ingamepopupmenu] dimensions: {}
I/org.umd.logging( 7697): Api > 1 java.lang.Thread.start(java.lang.Thread@685649116<thread=2266>)
I/org.umd.logging( 7697): Api < 1 java.lang.Thread.start()
I/org.umd.logging( 7697): Method > 2265 com.playhaven.android.cache.CacheCleaner.run(com.playhaven.android.cache.CacheCleaner@644633061)
I/org.umd.logging( 7697): Method < 1 com.upsight.unity.UpsightPlugin$2.run()
I/org.umd.logging( 7697): Method < 2265 com.playhaven.android.cache.CacheCleaner.run()
I/org.umd.logging( 7697): Method < 1 com.upsight.unity.AbstractUpsightPlugin$2.run()
I/org.umd.logging( 7697): Method > 2266 com.playhaven.android.req.PlayHavenRequest$1.run(com.playhaven.android.req.PlayHavenRequest$1@422630586)
I/org.umd.logging( 7697): Method > 1 com.prime31.AdMobPluginBase$1.run(com.prime31.AdMobPluginBase$1@477589355)
I/org.umd.logging( 7697): Method > 1 com.prime31.AdMobPlugin$1.run(com.prime31.AdMobPlugin$1@917207466)
I/org.umd.logging( 7697): Api > 2266 android.net.ConnectivityManager.getNetworkInfo(android.net.ConnectivityManager@935915004, 1)
I/org.umd.logging( 7697): Api < 2266 android.net.ConnectivityManager.getNetworkInfo(android.net.NetworkInfo@445594312)
I/org.umd.logging( 7697): Method > 1 com.prime31.AdMobPluginBase.runSafelyOnUiThread(com.prime31.AdMobPlugin@703837347, com.prime31.AdMobPlugin$4@831858529)
I/org.umd.logging( 7697): Method > 1 com.prime31.AdMobPluginBase$1.run(com.prime31.AdMobPluginBase$1@612860550)
I/org.umd.logging( 7697): Method > 1 com.prime31.AdMobPlugin$4.run(com.prime31.AdMobPlugin$4@831858529)
D/DynamitePackage( 7697): Instantiating com.google.android.gms.ads.ChimeraAdManagerCreatorImpl
I/Ads     ( 7697): Starting ad request.
I/Ads     ( 7697): Use AdRequest.Builder.addTestDevice("1F480C9603A7924489313051413E5A68") to get test ads on this device.
I/Ads     ( 7697): Please set theme of AdActivity to @android:style/Theme.Translucent to enable transparent background interstitial ad.
I/org.umd.logging( 7697): Method < 1 com.prime31.AdMobPlugin$4.run()
I/org.umd.logging( 7697): Method < 1 com.prime31.AdMobPluginBase$1.run()
I/org.umd.logging( 7697): Method < 1 com.prime31.AdMobPluginBase.runSafelyOnUiThread()
I/org.umd.logging( 7697): Method < 1 com.prime31.AdMobPlugin$1.run()
I/org.umd.logging( 7697): Method < 1 com.prime31.AdMobPluginBase$1.run()
W/ActivityManager(  594): getRunningAppProcesses: caller 10232 does not hold REAL_GET_TASKS; limiting output
I/org.umd.logging( 7697): Method > 2266 org.springframework.web.client.RestTemplate.execute(org.springframework.web.client.RestTemplate@13099114, "https://marketing-ssl.upsight-api.com/v3/publisher/content/", org.springframework.http.HttpMethod@494460961, org.springframework.web.client.RestTemplate$HttpEntityRequestCallback@930548059, org.springframework.web.client.RestTemplate$ResponseEntityResponseExtractor@971695608, [Ljava.lang.Object;@283486929)
I/org.umd.logging( 7697): Api > 2266 java.net.URL.openConnection(java.net.URL@444307766<URL=https://marketing-ssl.upsight-api.com/v3/publisher/content/>)
I/org.umd.logging( 7697): Api < 2266 java.net.URL.openConnection(com.android.okhttp.internal.http.HttpsURLConnectionImpl@621994039)
I/org.umd.logging( 7697): Method > 2266 org.springframework.http.client.AbstractClientHttpRequest.execute(org.springframework.http.client.SimpleBufferingClientHttpRequest@719612324)
I/org.umd.logging( 7697): Method > 2266 org.springframework.http.client.AbstractBufferingClientHttpRequest.executeInternal(org.springframework.http.client.SimpleBufferingClientHttpRequest@719612324, org.springframework.http.HttpHeaders@877208333)
I/org.umd.logging( 7697): Method > 2266 org.springframework.http.client.SimpleBufferingClientHttpRequest.executeInternal(org.springframework.http.client.SimpleBufferingClientHttpRequest@719612324, org.springframework.http.HttpHeaders@877208333, [B@887100098)
I/org.umd.logging( 7697): Api > 2266 java.net.HttpURLConnection.connect(com.android.okhttp.internal.http.HttpsURLConnectionImpl@621994039)
W/ResourceType( 7697): No known package when getting name for resource number 0xffffffff
I/org.umd.logging( 7697): Method > 2067 com.unity3d.player.UnityPlayer.executeGLThreadJobs(com.unity3d.player.UnityPlayer@177402906<file=2016-12-13_05:11:36.014><x=0><y=0><width=1196><height=768><id=-1>)
I/org.umd.logging( 7697): Method < 2067 com.unity3d.player.UnityPlayer.executeGLThreadJobs()
E/Cataloger( 6490): syncFile:/storage/emulated/0/2016-12-13_05:11:36.014.jpg
I/org.umd.logging( 7697): Api < 2266 java.net.HttpURLConnection.connect()
I/org.umd.logging( 7697): Method < 2266 org.springframework.http.client.SimpleBufferingClientHttpRequest.executeInternal(org.springframework.http.client.SimpleClientHttpResponse@414890982)
I/org.umd.logging( 7697): Method < 2266 org.springframework.http.client.AbstractBufferingClientHttpRequest.executeInternal(org.springframework.http.client.SimpleClientHttpResponse@414890982)
I/org.umd.logging( 7697): Method < 2266 org.springframework.http.client.AbstractClientHttpRequest.execute(org.springframework.http.client.SimpleClientHttpResponse@414890982)
W/Ads     ( 1667): App does not have the required permissions to get location
I/InputDispatcher(  594): Window 'Window{3365525f u0 com.tractiongames.stickbmxfree/com.prime31.UnityPlayerNativeActivity}' spent 4173.5ms processing the last input event: KeyEvent(deviceId=-1, source=0x00000101, action=1, flags=0x00000008, keyCode=23, scanCode=0, metaState=0x00000000, repeatCount=0), policyFlags=0x6b000000
W/Herrevad( 1667): Invalid mccmnc 
W/Herrevad( 1667): Invalid mccmnc 
E/Cataloger( 6490): syncFile:/storage/emulated/0/2016-12-13_05:11:36.199.jpg
W/ResourceType( 7697): No known package when getting name for resource number 0xffffffff
I/org.umd.logging( 7697): Method > 2067 com.unity3d.player.UnityPlayer.executeGLThreadJobs(com.unity3d.player.UnityPlayer@177402906<file=2016-12-13_05:11:36.199><x=0><y=0><width=1196><height=768><id=-1>)
I/org.umd.logging( 7697): Method < 2067 com.unity3d.player.UnityPlayer.executeGLThreadJobs()
E/Cataloger( 6490): syncFile:/storage/emulated/0/2016-12-13_05:11:36.199.jpg
I/org.umd.logging( 7697): Method < 2266 org.springframework.web.client.RestTemplate.execute(org.springframework.http.ResponseEntity@648430887)
I/org.umd.logging( 7697): Method < 2266 com.playhaven.android.req.PlayHavenRequest$1.run()
E/Cataloger( 6490): syncFile:/storage/emulated/0/2016-12-13_05:11:36.375.jpg
W/ResourceType( 7697): No known package when getting name for resource number 0xffffffff
I/org.umd.logging( 7697): Method > 2067 com.unity3d.player.UnityPlayer.executeGLThreadJobs(com.unity3d.player.UnityPlayer@177402906<file=2016-12-13_05:11:36.375><x=0><y=0><width=1196><height=768><id=-1>)
I/org.umd.logging( 7697): Method < 2067 com.unity3d.player.UnityPlayer.executeGLThreadJobs()
E/Cataloger( 6490): syncFile:/storage/emulated/0/2016-12-13_05:11:36.375.jpg
I/Unity   ( 7697): QUANGN-c1
I/Unity   ( 7697):  
I/Unity   ( 7697): (Filename: ./artifacts/AndroidManagedGenerated/UnityEngineDebug.cpp Line: 49)
I/Unity   ( 7697): 
I/org.umd.logging( 7697): Method > 2067 com.prime31.AdMobPluginBase.runSafelyOnUiThread(com.prime31.AdMobPlugin@703837347, com.prime31.AdMobPlugin$6@17269716)
I/org.umd.logging( 7697): Method > 1 com.prime31.AdMobPluginBase$1.run(com.prime31.AdMobPluginBase$1@72739197)
I/org.umd.logging( 7697): Method < 2067 com.prime31.AdMobPluginBase.runSafelyOnUiThread()
I/Unity   ( 7697): QUANGN-c2
I/Unity   ( 7697):  
I/Unity   ( 7697): (Filename: ./artifacts/AndroidManagedGenerated/UnityEngineDebug.cpp Line: 49)
I/Unity   ( 7697): 
I/Unity   ( 7697): QUANGN-c3
I/Unity   ( 7697):  
I/Unity   ( 7697): (Filename: ./artifacts/AndroidManagedGenerated/UnityEngineDebug.cpp Line: 49)
I/Unity   ( 7697): 
I/org.umd.logging( 7697): Method < 1 com.prime31.AdMobPluginBase$1.run()
I/org.umd.logging( 7697): Method > 2067 com.prime31.AdMobPluginBase.runSafelyOnUiThread(com.prime31.AdMobPlugin@703837347, com.prime31.AdMobPlugin$7@426160242)
I/org.umd.logging( 7697): Method < 2067 com.prime31.AdMobPluginBase.runSafelyOnUiThread()
I/org.umd.logging( 7697): Method > 1 com.prime31.AdMobPluginBase$1.run(com.prime31.AdMobPluginBase$1@78122179)
I/org.umd.logging( 7697): Method > 2067 com.prime31.AdMobPluginBase.runSafelyOnUiThread(com.prime31.AdMobPlugin@703837347, com.prime31.AdMobPlugin$5@289605952)
I/org.umd.logging( 7697): Method > 1 com.prime31.AdMobPlugin$7.run(com.prime31.AdMobPlugin$7@426160242)
