D/audio_hw_primary(  190): out_set_parameters: enter: usecase(0: deep-buffer-playback) kvpairs: routing=2
W/ResourceType(14092): No known package when getting name for resource number 0xffffffff
I/org.umd.logging(14092): Method > 1 org.cocos2dx.lib.Cocos2dxGLSurfaceView.onTouchEvent(org.cocos2dx.lib.Cocos2dxGLSurfaceView@839259446<file=><x=0><y=0><width=768><height=1184><id=-1>, android.view.MotionEvent@894180917)
I/org.umd.logging(14092): Method < 1 org.cocos2dx.lib.Cocos2dxGLSurfaceView.onTouchEvent(true)
I/org.umd.logging(14092): Method > 2136 org.cocos2dx.lib.Cocos2dxGLSurfaceView$6.run(org.cocos2dx.lib.Cocos2dxGLSurfaceView$6@107897940)
I/org.umd.logging(14092): Method < 2136 org.cocos2dx.lib.Cocos2dxGLSurfaceView$6.run()
W/ResourceType(14092): No known package when getting name for resource number 0xffffffff
I/org.umd.logging(14092): Method > 1 org.cocos2dx.lib.Cocos2dxGLSurfaceView.onTouchEvent(org.cocos2dx.lib.Cocos2dxGLSurfaceView@839259446<file=><x=0><y=0><width=768><height=1184><id=-1>, android.view.MotionEvent@894180917)
I/org.umd.logging(14092): Method < 1 org.cocos2dx.lib.Cocos2dxGLSurfaceView.onTouchEvent(true)
I/org.umd.logging(14092): Method > 2136 org.cocos2dx.lib.Cocos2dxGLSurfaceView$7.run(org.cocos2dx.lib.Cocos2dxGLSurfaceView$7@210403325)
I/org.umd.logging(14092): Method < 2136 org.cocos2dx.lib.Cocos2dxGLSurfaceView$7.run()
W/ResourceType(14092): No known package when getting name for resource number 0xffffffff
I/org.umd.logging(14092): Method > 1 org.cocos2dx.lib.Cocos2dxGLSurfaceView.onTouchEvent(org.cocos2dx.lib.Cocos2dxGLSurfaceView@839259446<file=><x=0><y=0><width=768><height=1184><id=-1>, android.view.MotionEvent@894180917)
I/org.umd.logging(14092): Method < 1 org.cocos2dx.lib.Cocos2dxGLSurfaceView.onTouchEvent(true)
I/org.umd.logging(14092): Method > 2136 org.cocos2dx.lib.Cocos2dxGLSurfaceView$9.run(org.cocos2dx.lib.Cocos2dxGLSurfaceView$9@77972722)
I/org.umd.logging(14092): Method < 2136 org.cocos2dx.lib.Cocos2dxGLSurfaceView$9.run()
W/AudioTrack(14092): AUDIO_OUTPUT_FLAG_FAST denied by client
W/AudioTrack(14092): AUDIO_OUTPUT_FLAG_FAST denied by client
D/audio_hw_primary(  190): out_set_parameters: enter: usecase(0: deep-buffer-playback) kvpairs: routing=2
W/AudioTrack(14092): AUDIO_OUTPUT_FLAG_FAST denied by client
W/ResourceType(14092): No known package when getting name for resource number 0xffffffff
I/org.umd.logging(14092): Method > 1 org.cocos2dx.lib.Cocos2dxGLSurfaceView.onTouchEvent(org.cocos2dx.lib.Cocos2dxGLSurfaceView@839259446<file=><x=0><y=0><width=768><height=1184><id=-1>, android.view.MotionEvent@894180917)
I/org.umd.logging(14092): Method < 1 org.cocos2dx.lib.Cocos2dxGLSurfaceView.onTouchEvent(true)
I/org.umd.logging(14092): Method > 2136 org.cocos2dx.lib.Cocos2dxGLSurfaceView$6.run(org.cocos2dx.lib.Cocos2dxGLSurfaceView$6@29542211)
I/org.umd.logging(14092): Method < 2136 org.cocos2dx.lib.Cocos2dxGLSurfaceView$6.run()
W/ResourceType(14092): No known package when getting name for resource number 0xffffffff
I/org.umd.logging(14092): Method > 1 org.cocos2dx.lib.Cocos2dxGLSurfaceView.onTouchEvent(org.cocos2dx.lib.Cocos2dxGLSurfaceView@839259446<file=><x=0><y=0><width=768><height=1184><id=-1>, android.view.MotionEvent@894180917)
I/org.umd.logging(14092): Method < 1 org.cocos2dx.lib.Cocos2dxGLSurfaceView.onTouchEvent(true)
I/org.umd.logging(14092): Method > 2136 org.cocos2dx.lib.Cocos2dxGLSurfaceView$7.run(org.cocos2dx.lib.Cocos2dxGLSurfaceView$7@964129216)
I/org.umd.logging(14092): Method < 2136 org.cocos2dx.lib.Cocos2dxGLSurfaceView$7.run()
W/ResourceType(14092): No known package when getting name for resource number 0xffffffff
I/org.umd.logging(14092): Method > 1 org.cocos2dx.lib.Cocos2dxGLSurfaceView.onTouchEvent(org.cocos2dx.lib.Cocos2dxGLSurfaceView@839259446<file=><x=0><y=0><width=768><height=1184><id=-1>, android.view.MotionEvent@894180917)
I/org.umd.logging(14092): Method < 1 org.cocos2dx.lib.Cocos2dxGLSurfaceView.onTouchEvent(true)
I/org.umd.logging(14092): Method > 2136 org.cocos2dx.lib.Cocos2dxGLSurfaceView$9.run(org.cocos2dx.lib.Cocos2dxGLSurfaceView$9@386146041)
I/org.umd.logging(14092): Method < 2136 org.cocos2dx.lib.Cocos2dxGLSurfaceView$9.run()
D/audio_hw_primary(  190): out_set_parameters: enter: usecase(0: deep-buffer-playback) kvpairs: routing=2
W/AudioTrack(14092): AUDIO_OUTPUT_FLAG_FAST denied by client
D/audio_hw_primary(  190): out_set_parameters: enter: usecase(0: deep-buffer-playback) kvpairs: routing=2
I/org.umd.logging( 4986): Method > 1 com.cleanmaster.base.crash.util.debug.b.run(com.cleanmaster.base.crash.util.debug.b@453239735)
I/org.umd.logging( 4986): Method < 1 com.cleanmaster.base.crash.util.debug.b.run()
W/ResourceType(14092): No known package when getting name for resource number 0xffffffff
I/org.umd.logging(14092): Method > 1 org.cocos2dx.lib.Cocos2dxGLSurfaceView.onTouchEvent(org.cocos2dx.lib.Cocos2dxGLSurfaceView@839259446<file=><x=0><y=0><width=768><height=1184><id=-1>, android.view.MotionEvent@894180917)
I/org.umd.logging(14092): Method < 1 org.cocos2dx.lib.Cocos2dxGLSurfaceView.onTouchEvent(true)
I/org.umd.logging(14092): Method > 2136 org.cocos2dx.lib.Cocos2dxGLSurfaceView$6.run(org.cocos2dx.lib.Cocos2dxGLSurfaceView$6@1002913342)
I/org.umd.logging(14092): Method < 2136 org.cocos2dx.lib.Cocos2dxGLSurfaceView$6.run()
W/ResourceType(14092): No known package when getting name for resource number 0xffffffff
I/org.umd.logging(14092): Method > 1 org.cocos2dx.lib.Cocos2dxGLSurfaceView.onTouchEvent(org.cocos2dx.lib.Cocos2dxGLSurfaceView@839259446<file=><x=0><y=0><width=768><height=1184><id=-1>, android.view.MotionEvent@894180917)
I/org.umd.logging(14092): Method < 1 org.cocos2dx.lib.Cocos2dxGLSurfaceView.onTouchEvent(true)
I/org.umd.logging(14092): Method > 2136 org.cocos2dx.lib.Cocos2dxGLSurfaceView$7.run(org.cocos2dx.lib.Cocos2dxGLSurfaceView$7@180393119)
I/org.umd.logging(14092): Method < 2136 org.cocos2dx.lib.Cocos2dxGLSurfaceView$7.run()
W/ResourceType(14092): No known package when getting name for resource number 0xffffffff
I/org.umd.logging(14092): Method > 1 org.cocos2dx.lib.Cocos2dxGLSurfaceView.onTouchEvent(org.cocos2dx.lib.Cocos2dxGLSurfaceView@839259446<file=><x=0><y=0><width=768><height=1184><id=-1>, android.view.MotionEvent@894180917)
I/org.umd.logging(14092): Method < 1 org.cocos2dx.lib.Cocos2dxGLSurfaceView.onTouchEvent(true)
I/org.umd.logging(14092): Method > 2136 org.cocos2dx.lib.Cocos2dxGLSurfaceView$9.run(org.cocos2dx.lib.Cocos2dxGLSurfaceView$9@323086828)
I/org.umd.logging(14092): Method < 2136 org.cocos2dx.lib.Cocos2dxGLSurfaceView$9.run()
W/AudioTrack(14092): AUDIO_OUTPUT_FLAG_FAST denied by client
D/audio_hw_primary(  190): out_set_parameters: enter: usecase(0: deep-buffer-playback) kvpairs: routing=2
W/AudioTrack(14092): AUDIO_OUTPUT_FLAG_FAST denied by client
W/AudioTrack(14092): AUDIO_OUTPUT_FLAG_FAST denied by client
W/AudioTrack(14092): AUDIO_OUTPUT_FLAG_FAST denied by client
W/AudioTrack(14092): AUDIO_OUTPUT_FLAG_FAST denied by client
W/AudioTrack(14092): AUDIO_OUTPUT_FLAG_FAST denied by client
I/DownloadManagerWrapper(  949): onReceive() : Charging = true
D/audio_hw_primary(  190): out_set_parameters: enter: usecase(0: deep-buffer-playback) kvpairs: routing=2
W/ResourceType(14092): No known package when getting name for resource number 0xffffffff
I/org.umd.logging(14092): Method > 1 org.cocos2dx.lib.Cocos2dxGLSurfaceView.onTouchEvent(org.cocos2dx.lib.Cocos2dxGLSurfaceView@839259446<file=><x=0><y=0><width=768><height=1184><id=-1>, android.view.MotionEvent@894180917)
I/org.umd.logging(14092): Method < 1 org.cocos2dx.lib.Cocos2dxGLSurfaceView.onTouchEvent(true)
I/org.umd.logging(14092): Method > 2136 org.cocos2dx.lib.Cocos2dxGLSurfaceView$6.run(org.cocos2dx.lib.Cocos2dxGLSurfaceView$6@551465397)
I/org.umd.logging(14092): Method < 2136 org.cocos2dx.lib.Cocos2dxGLSurfaceView$6.run()
W/ResourceType(14092): No known package when getting name for resource number 0xffffffff
I/org.umd.logging(14092): Method > 1 org.cocos2dx.lib.Cocos2dxGLSurfaceView.onTouchEvent(org.cocos2dx.lib.Cocos2dxGLSurfaceView@839259446<file=><x=0><y=0><width=768><height=1184><id=-1>, android.view.MotionEvent@894180917)
I/org.umd.logging(14092): Method < 1 org.cocos2dx.lib.Cocos2dxGLSurfaceView.onTouchEvent(true)
I/org.umd.logging(14092): Method > 2136 org.cocos2dx.lib.Cocos2dxGLSurfaceView$7.run(org.cocos2dx.lib.Cocos2dxGLSurfaceView$7@1073021002)
I/org.umd.logging(14092): Method < 2136 org.cocos2dx.lib.Cocos2dxGLSurfaceView$7.run()
W/ResourceType(14092): No known package when getting name for resource number 0xffffffff
I/org.umd.logging(14092): Method > 1 org.cocos2dx.lib.Cocos2dxGLSurfaceView.onTouchEvent(org.cocos2dx.lib.Cocos2dxGLSurfaceView@839259446<file=><x=0><y=0><width=768><height=1184><id=-1>, android.view.MotionEvent@894180917)
I/org.umd.logging(14092): Method < 1 org.cocos2dx.lib.Cocos2dxGLSurfaceView.onTouchEvent(true)
I/org.umd.logging(14092): Method > 2136 org.cocos2dx.lib.Cocos2dxGLSurfaceView$9.run(org.cocos2dx.lib.Cocos2dxGLSurfaceView$9@614718395)
I/org.umd.logging(14092): Method < 2136 org.cocos2dx.lib.Cocos2dxGLSurfaceView$9.run()
W/AudioTrack(14092): AUDIO_OUTPUT_FLAG_FAST denied by client
W/AudioTrack(14092): AUDIO_OUTPUT_FLAG_FAST denied by client
D/audio_hw_primary(  190): out_set_parameters: enter: usecase(0: deep-buffer-playback) kvpairs: routing=2
E/WifiStateMachine(  594): WifiStateMachine CMD_START_SCAN source -2 txSuccessRate=15.67 rxSuccessRate=30.43 targetRoamBSSID=any RSSI=-46
W/ResourceType(14092): No known package when getting name for resource number 0xffffffff
I/org.umd.logging(14092): Method > 1 org.cocos2dx.lib.Cocos2dxGLSurfaceView.onTouchEvent(org.cocos2dx.lib.Cocos2dxGLSurfaceView@839259446<file=><x=0><y=0><width=768><height=1184><id=-1>, android.view.MotionEvent@894180917)
I/org.umd.logging(14092): Method < 1 org.cocos2dx.lib.Cocos2dxGLSurfaceView.onTouchEvent(true)
I/org.umd.logging(14092): Method > 2136 org.cocos2dx.lib.Cocos2dxGLSurfaceView$6.run(org.cocos2dx.lib.Cocos2dxGLSurfaceView$6@878295256)
I/org.umd.logging(14092): Method < 2136 org.cocos2dx.lib.Cocos2dxGLSurfaceView$6.run()
W/ResourceType(14092): No known package when getting name for resource number 0xffffffff
I/org.umd.logging(14092): Method > 1 org.cocos2dx.lib.Cocos2dxGLSurfaceView.onTouchEvent(org.cocos2dx.lib.Cocos2dxGLSurfaceView@839259446<file=><x=0><y=0><width=768><height=1184><id=-1>, android.view.MotionEvent@894180917)
I/org.umd.logging(14092): Method < 1 org.cocos2dx.lib.Cocos2dxGLSurfaceView.onTouchEvent(true)
I/org.umd.logging(14092): Method > 2136 org.cocos2dx.lib.Cocos2dxGLSurfaceView$7.run(org.cocos2dx.lib.Cocos2dxGLSurfaceView$7@798340145)
I/org.umd.logging(14092): Method < 2136 org.cocos2dx.lib.Cocos2dxGLSurfaceView$7.run()
W/ResourceType(14092): No known package when getting name for resource number 0xffffffff
I/org.umd.logging(14092): Method > 1 org.cocos2dx.lib.Cocos2dxGLSurfaceView.onTouchEvent(org.cocos2dx.lib.Cocos2dxGLSurfaceView@839259446<file=><x=0><y=0><width=768><height=1184><id=-1>, android.view.MotionEvent@894180917)
I/org.umd.logging(14092): Method < 1 org.cocos2dx.lib.Cocos2dxGLSurfaceView.onTouchEvent(true)
I/org.umd.logging(14092): Method > 2136 org.cocos2dx.lib.Cocos2dxGLSurfaceView$9.run(org.cocos2dx.lib.Cocos2dxGLSurfaceView$9@780850966)
I/org.umd.logging(14092): Method < 2136 org.cocos2dx.lib.Cocos2dxGLSurfaceView$9.run()
W/AudioTrack(14092): AUDIO_OUTPUT_FLAG_FAST denied by client
W/AudioTrack(14092): AUDIO_OUTPUT_FLAG_FAST denied by client
D/audio_hw_primary(  190): out_set_parameters: enter: usecase(0: deep-buffer-playback) kvpairs: routing=2
W/AudioTrack(14092): AUDIO_OUTPUT_FLAG_FAST denied by client
D/NuPlayerDriver(  190): start(0xb7a31528)
I/GenericSource(  190): start
D/audio_hw_primary(  190): out_set_parameters: enter: usecase(0: deep-buffer-playback) kvpairs: routing=2
D/NuPlayerDriver(  190): reset(0xb7a31528)
D/NuPlayerDriver(  190): notifyResetComplete(0xb7a31528)
W/ResourceType(14092): No known package when getting name for resource number 0xffffffff
I/org.umd.logging(14092): Method > 1 org.cocos2dx.lib.Cocos2dxGLSurfaceView.onTouchEvent(org.cocos2dx.lib.Cocos2dxGLSurfaceView@839259446<file=><x=0><y=0><width=768><height=1184><id=-1>, android.view.MotionEvent@894180917)
I/org.umd.logging(14092): Method < 1 org.cocos2dx.lib.Cocos2dxGLSurfaceView.onTouchEvent(true)
I/org.umd.logging(14092): Method > 2136 org.cocos2dx.lib.Cocos2dxGLSurfaceView$6.run(org.cocos2dx.lib.Cocos2dxGLSurfaceView$6@262830231)
I/org.umd.logging(14092): Method < 2136 org.cocos2dx.lib.Cocos2dxGLSurfaceView$6.run()
W/ResourceType(14092): No known package when getting name for resource number 0xffffffff
I/org.umd.logging(14092): Method > 1 org.cocos2dx.lib.Cocos2dxGLSurfaceView.onTouchEvent(org.cocos2dx.lib.Cocos2dxGLSurfaceView@839259446<file=><x=0><y=0><width=768><height=1184><id=-1>, android.view.MotionEvent@894180917)
I/org.umd.logging(14092): Method < 1 org.cocos2dx.lib.Cocos2dxGLSurfaceView.onTouchEvent(true)
I/org.umd.logging(14092): Method > 2136 org.cocos2dx.lib.Cocos2dxGLSurfaceView$7.run(org.cocos2dx.lib.Cocos2dxGLSurfaceView$7@941460100)
I/org.umd.logging(14092): Method < 2136 org.cocos2dx.lib.Cocos2dxGLSurfaceView$7.run()
W/ResourceType(14092): No known package when getting name for resource number 0xffffffff
I/org.umd.logging(14092): Method > 1 org.cocos2dx.lib.Cocos2dxGLSurfaceView.onTouchEvent(org.cocos2dx.lib.Cocos2dxGLSurfaceView@839259446<file=><x=0><y=0><width=768><height=1184><id=-1>, android.view.MotionEvent@894180917)
I/org.umd.logging(14092): Method < 1 org.cocos2dx.lib.Cocos2dxGLSurfaceView.onTouchEvent(true)
I/org.umd.logging(14092): Method > 2136 org.cocos2dx.lib.Cocos2dxGLSurfaceView$9.run(org.cocos2dx.lib.Cocos2dxGLSurfaceView$9@182477421)
I/org.umd.logging(14092): Method < 2136 org.cocos2dx.lib.Cocos2dxGLSurfaceView$9.run()
W/AudioTrack(14092): AUDIO_OUTPUT_FLAG_FAST denied by client
W/AudioTrack(14092): AUDIO_OUTPUT_FLAG_FAST denied by client
W/AudioTrack(14092): AUDIO_OUTPUT_FLAG_FAST denied by client
D/audio_hw_primary(  190): out_set_parameters: enter: usecase(0: deep-buffer-playback) kvpairs: routing=2
W/ResourceType(14092): No known package when getting name for resource number 0xffffffff
I/org.umd.logging(14092): Method > 1 org.cocos2dx.lib.Cocos2dxGLSurfaceView.onTouchEvent(org.cocos2dx.lib.Cocos2dxGLSurfaceView@839259446<file=><x=0><y=0><width=768><height=1184><id=-1>, android.view.MotionEvent@894180917)
I/org.umd.logging(14092): Method < 1 org.cocos2dx.lib.Cocos2dxGLSurfaceView.onTouchEvent(true)
I/org.umd.logging(14092): Method > 2136 org.cocos2dx.lib.Cocos2dxGLSurfaceView$6.run(org.cocos2dx.lib.Cocos2dxGLSurfaceView$6@215305890)
I/org.umd.logging(14092): Method < 2136 org.cocos2dx.lib.Cocos2dxGLSurfaceView$6.run()
W/ResourceType(14092): No known package when getting name for resource number 0xffffffff
I/org.umd.logging(14092): Method > 1 org.cocos2dx.lib.Cocos2dxGLSurfaceView.onTouchEvent(org.cocos2dx.lib.Cocos2dxGLSurfaceView@839259446<file=><x=0><y=0><width=768><height=1184><id=-1>, android.view.MotionEvent@894180917)
I/org.umd.logging(14092): Method < 1 org.cocos2dx.lib.Cocos2dxGLSurfaceView.onTouchEvent(true)
I/org.umd.logging(14092): Method > 2136 org.cocos2dx.lib.Cocos2dxGLSurfaceView$9.run(org.cocos2dx.lib.Cocos2dxGLSurfaceView$9@672401203)
I/org.umd.logging(14092): Method < 2136 org.cocos2dx.lib.Cocos2dxGLSurfaceView$9.run()
W/AudioTrack(14092): AUDIO_OUTPUT_FLAG_FAST denied by client
W/AudioTrack(14092): AUDIO_OUTPUT_FLAG_FAST denied by client
D/audio_hw_primary(  190): out_set_parameters: enter: usecase(0: deep-buffer-playback) kvpairs: routing=2
W/ResourceType(14092): No known package when getting name for resource number 0xffffffff
I/org.umd.logging(14092): Method > 1 org.cocos2dx.lib.Cocos2dxGLSurfaceView.onTouchEvent(org.cocos2dx.lib.Cocos2dxGLSurfaceView@839259446<file=><x=0><y=0><width=768><height=1184><id=-1>, android.view.MotionEvent@894180917)
I/org.umd.logging(14092): Method < 1 org.cocos2dx.lib.Cocos2dxGLSurfaceView.onTouchEvent(true)
I/org.umd.logging(14092): Method > 2136 org.cocos2dx.lib.Cocos2dxGLSurfaceView$6.run(org.cocos2dx.lib.Cocos2dxGLSurfaceView$6@791333616)
I/org.umd.logging(14092): Method < 2136 org.cocos2dx.lib.Cocos2dxGLSurfaceView$6.run()
W/ResourceType(14092): No known package when getting name for resource number 0xffffffff
I/org.umd.logging(14092): Method > 1 org.cocos2dx.lib.Cocos2dxGLSurfaceView.onTouchEvent(org.cocos2dx.lib.Cocos2dxGLSurfaceView@839259446<file=><x=0><y=0><width=768><height=1184><id=-1>, android.view.MotionEvent@894180917)
I/org.umd.logging(14092): Method < 1 org.cocos2dx.lib.Cocos2dxGLSurfaceView.onTouchEvent(true)
I/org.umd.logging(14092): Method > 2136 org.cocos2dx.lib.Cocos2dxGLSurfaceView$7.run(org.cocos2dx.lib.Cocos2dxGLSurfaceView$7@78493801)
I/org.umd.logging(14092): Method < 2136 org.cocos2dx.lib.Cocos2dxGLSurfaceView$7.run()
I/org.umd.logging( 4986): Method > 1 com.cleanmaster.base.crash.util.debug.b.run(com.cleanmaster.base.crash.util.debug.b@453239735)
I/org.umd.logging( 4986): Method < 1 com.cleanmaster.base.crash.util.debug.b.run()
W/ResourceType(14092): No known package when getting name for resource number 0xffffffff
I/org.umd.logging(14092): Method > 1 org.cocos2dx.lib.Cocos2dxGLSurfaceView.onTouchEvent(org.cocos2dx.lib.Cocos2dxGLSurfaceView@839259446<file=><x=0><y=0><width=768><height=1184><id=-1>, android.view.MotionEvent@894180917)
I/org.umd.logging(14092): Method < 1 org.cocos2dx.lib.Cocos2dxGLSurfaceView.onTouchEvent(true)
I/org.umd.logging(14092): Method > 2136 org.cocos2dx.lib.Cocos2dxGLSurfaceView$9.run(org.cocos2dx.lib.Cocos2dxGLSurfaceView$9@912110318)
I/org.umd.logging(14092): Method < 2136 org.cocos2dx.lib.Cocos2dxGLSurfaceView$9.run()
W/AudioTrack(14092): AUDIO_OUTPUT_FLAG_FAST denied by client
W/AudioTrack(14092): AUDIO_OUTPUT_FLAG_FAST denied by client
D/audio_hw_primary(  190): out_set_parameters: enter: usecase(0: deep-buffer-playback) kvpairs: routing=2
I/DownloadManagerWrapper(  949): onReceive() : Charging = true
W/ResourceType(14092): No known package when getting name for resource number 0xffffffff
I/org.umd.logging(14092): Method > 1 org.cocos2dx.lib.Cocos2dxGLSurfaceView.onTouchEvent(org.cocos2dx.lib.Cocos2dxGLSurfaceView@839259446<file=><x=0><y=0><width=768><height=1184><id=-1>, android.view.MotionEvent@894180917)
I/org.umd.logging(14092): Method < 1 org.cocos2dx.lib.Cocos2dxGLSurfaceView.onTouchEvent(true)
I/org.umd.logging(14092): Method > 2136 org.cocos2dx.lib.Cocos2dxGLSurfaceView$6.run(org.cocos2dx.lib.Cocos2dxGLSurfaceView$6@75359119)
I/org.umd.logging(14092): Method < 2136 org.cocos2dx.lib.Cocos2dxGLSurfaceView$6.run()
W/ResourceType(14092): No known package when getting name for resource number 0xffffffff
I/org.umd.logging(14092): Method > 1 org.cocos2dx.lib.Cocos2dxGLSurfaceView.onTouchEvent(org.cocos2dx.lib.Cocos2dxGLSurfaceView@839259446<file=><x=0><y=0><width=768><height=1184><id=-1>, android.view.MotionEvent@894180917)
I/org.umd.logging(14092): Method < 1 org.cocos2dx.lib.Cocos2dxGLSurfaceView.onTouchEvent(true)
I/org.umd.logging(14092): Method > 2136 org.cocos2dx.lib.Cocos2dxGLSurfaceView$9.run(org.cocos2dx.lib.Cocos2dxGLSurfaceView$9@344565276)
I/org.umd.logging(14092): Method < 2136 org.cocos2dx.lib.Cocos2dxGLSurfaceView$9.run()
W/AudioTrack(14092): AUDIO_OUTPUT_FLAG_FAST denied by client
D/audio_hw_primary(  190): out_set_parameters: enter: usecase(0: deep-buffer-playback) kvpairs: routing=2
W/AudioTrack(14092): AUDIO_OUTPUT_FLAG_FAST denied by client
W/AudioTrack(14092): AUDIO_OUTPUT_FLAG_FAST denied by client
W/AudioTrack(14092): AUDIO_OUTPUT_FLAG_FAST denied by client
D/audio_hw_primary(  190): out_set_parameters: enter: usecase(0: deep-buffer-playback) kvpairs: routing=2
W/ResourceType(14092): No known package when getting name for resource number 0xffffffff
I/org.umd.logging(14092): Method > 1 org.cocos2dx.lib.Cocos2dxGLSurfaceView.onTouchEvent(org.cocos2dx.lib.Cocos2dxGLSurfaceView@839259446<file=><x=0><y=0><width=768><height=1184><id=-1>, android.view.MotionEvent@894180917)
I/org.umd.logging(14092): Method < 1 org.cocos2dx.lib.Cocos2dxGLSurfaceView.onTouchEvent(true)
I/org.umd.logging(14092): Method > 2136 org.cocos2dx.lib.Cocos2dxGLSurfaceView$6.run(org.cocos2dx.lib.Cocos2dxGLSurfaceView$6@81818149)
I/org.umd.logging(14092): Method < 2136 org.cocos2dx.lib.Cocos2dxGLSurfaceView$6.run()
W/ResourceType(14092): No known package when getting name for resource number 0xffffffff
I/org.umd.logging(14092): Method > 1 org.cocos2dx.lib.Cocos2dxGLSurfaceView.onTouchEvent(org.cocos2dx.lib.Cocos2dxGLSurfaceView@839259446<file=><x=0><y=0><width=768><height=1184><id=-1>, android.view.MotionEvent@894180917)
I/org.umd.logging(14092): Method < 1 org.cocos2dx.lib.Cocos2dxGLSurfaceView.onTouchEvent(true)
I/org.umd.logging(14092): Method > 2136 org.cocos2dx.lib.Cocos2dxGLSurfaceView$7.run(org.cocos2dx.lib.Cocos2dxGLSurfaceView$7@603328506)
I/org.umd.logging(14092): Method < 2136 org.cocos2dx.lib.Cocos2dxGLSurfaceView$7.run()
W/ResourceType(14092): No known package when getting name for resource number 0xffffffff
I/org.umd.logging(14092): Method > 1 org.cocos2dx.lib.Cocos2dxGLSurfaceView.onTouchEvent(org.cocos2dx.lib.Cocos2dxGLSurfaceView@839259446<file=><x=0><y=0><width=768><height=1184><id=-1>, android.view.MotionEvent@894180917)
I/org.umd.logging(14092): Method < 1 org.cocos2dx.lib.Cocos2dxGLSurfaceView.onTouchEvent(true)
I/org.umd.logging(14092): Method > 2136 org.cocos2dx.lib.Cocos2dxGLSurfaceView$9.run(org.cocos2dx.lib.Cocos2dxGLSurfaceView$9@503261611)
I/org.umd.logging(14092): Method < 2136 org.cocos2dx.lib.Cocos2dxGLSurfaceView$9.run()
W/AudioTrack(14092): AUDIO_OUTPUT_FLAG_FAST denied by client
D/audio_hw_primary(  190): out_set_parameters: enter: usecase(0: deep-buffer-playback) kvpairs: routing=2
W/ResourceType(14092): No known package when getting name for resource number 0xffffffff
I/org.umd.logging(14092): Method > 1 org.cocos2dx.lib.Cocos2dxGLSurfaceView.onTouchEvent(org.cocos2dx.lib.Cocos2dxGLSurfaceView@839259446<file=><x=0><y=0><width=768><height=1184><id=-1>, android.view.MotionEvent@894180917)
I/org.umd.logging(14092): Method < 1 org.cocos2dx.lib.Cocos2dxGLSurfaceView.onTouchEvent(true)
I/org.umd.logging(14092): Method > 2136 org.cocos2dx.lib.Cocos2dxGLSurfaceView$6.run(org.cocos2dx.lib.Cocos2dxGLSurfaceView$6@697894920)
I/org.umd.logging(14092): Method < 2136 org.cocos2dx.lib.Cocos2dxGLSurfaceView$6.run()
W/ResourceType(14092): No known package when getting name for resource number 0xffffffff
I/org.umd.logging(14092): Method > 1 org.cocos2dx.lib.Cocos2dxGLSurfaceView.onTouchEvent(org.cocos2dx.lib.Cocos2dxGLSurfaceView@839259446<file=><x=0><y=0><width=768><height=1184><id=-1>, android.view.MotionEvent@894180917)
I/org.umd.logging(14092): Method < 1 org.cocos2dx.lib.Cocos2dxGLSurfaceView.onTouchEvent(true)
I/org.umd.logging(14092): Method > 2136 org.cocos2dx.lib.Cocos2dxGLSurfaceView$7.run(org.cocos2dx.lib.Cocos2dxGLSurfaceView$7@348851105)
I/org.umd.logging(14092): Method < 2136 org.cocos2dx.lib.Cocos2dxGLSurfaceView$7.run()
W/ResourceType(14092): No known package when getting name for resource number 0xffffffff
I/org.umd.logging(14092): Method > 1 org.cocos2dx.lib.Cocos2dxGLSurfaceView.onTouchEvent(org.cocos2dx.lib.Cocos2dxGLSurfaceView@839259446<file=><x=0><y=0><width=768><height=1184><id=-1>, android.view.MotionEvent@894180917)
I/org.umd.logging(14092): Method > 2136 org.cocos2dx.lib.Cocos2dxGLSurfaceView$9.run(org.cocos2dx.lib.Cocos2dxGLSurfaceView$9@394604998)
I/org.umd.logging(14092): Method < 1 org.cocos2dx.lib.Cocos2dxGLSurfaceView.onTouchEvent(true)
I/org.umd.logging(14092): Method < 2136 org.cocos2dx.lib.Cocos2dxGLSurfaceView$9.run()
W/AudioTrack(14092): AUDIO_OUTPUT_FLAG_FAST denied by client
W/AudioTrack(14092): AUDIO_OUTPUT_FLAG_FAST denied by client
W/ResourceType(  738): No package identifier when getting value for resource number 0x00000000
W/PackageManager(  738): Failure retrieving resources for com.xbubble.bubbleisland2: Resource ID #0x0
I/ActivityManager(  594): START u0 {act=com.android.systemui.recents.SHOW_RECENTS flg=0x10804000 cmp=com.android.systemui/.recents.RecentsActivity} from uid 10022 on display 0
I/org.umd.logging(14092): Method > 1 com.xbubble.bubbleisland2.MainActivity.onPause(com.xbubble.bubbleisland2.MainActivity@410649080<activity=true>)
I/org.umd.logging(14092): Method > 1 org.cocos2dx.lib.Cocos2dxActivity.onPause(com.xbubble.bubbleisland2.MainActivity@410649080<activity=true>)
I/org.umd.logging(14092): Method > 1 org.cocos2dx.lib.Cocos2dxHelper.onPause()
I/org.umd.logging(14092): Method < 1 org.cocos2dx.lib.Cocos2dxHelper.onPause()
W/ResourceType(14092): No known package when getting name for resource number 0xffffffff
I/org.umd.logging(14092): Method > 1 org.cocos2dx.lib.Cocos2dxGLSurfaceView.onPause(org.cocos2dx.lib.Cocos2dxGLSurfaceView@839259446<file=><x=0><y=0><width=768><height=1184><id=-1>)
I/org.umd.logging(14092): Method < 1 org.cocos2dx.lib.Cocos2dxGLSurfaceView.onPause()
I/org.umd.logging(14092): Method < 1 org.cocos2dx.lib.Cocos2dxActivity.onPause()
I/org.umd.logging(14092): Method < 1 com.xbubble.bubbleisland2.MainActivity.onPause()
I/org.umd.logging(14092): Api > 1 android.location.LocationManager.getBestProvider(android.location.LocationManager@879057643, android.location.Criteria@503625095, true)
I/org.umd.logging(14092): Method > 2136 org.cocos2dx.lib.Cocos2dxGLSurfaceView$4.run(org.cocos2dx.lib.Cocos2dxGLSurfaceView$4@616209588)
I/org.umd.logging(14092): Api < 1 android.location.LocationManager.getBestProvider(null)
W/FlurryAgent(14092): End session with context: com.xbubble.bubbleisland2.MainActivity@187a01f8 count:0
I/org.umd.logging(14092): Method > 2174 com.flurry.sdk.ff.run(com.flurry.sdk.dj$9@644595933)
D/luajc   (14092): CCLuaJavaBridge::callJavaStaticMethod(lua_State *L)
W/art     (14092): Call to JNI FindClass with dots in name: "com.xbubble.bubbleisland2.MainActivity"
D/luajc   (14092): CCLuaJavaBridge::callJavaStaticMethod("com.xbubble.bubbleisland2.MainActivity", "renameFile", args, "(Ljava/lang/String;Ljava/lang/String;)Z") SUCCESS
I/org.umd.logging(14092): Method < 2174 com.flurry.sdk.ff.run()
I/org.umd.logging(14092): Api > 2136 android.media.MediaPlayer.pause(android.media.MediaPlayer@399791502)
I/org.umd.logging(14092): Method > 2174 com.flurry.sdk.ff.run(com.flurry.sdk.dj$7@949134418)
I/org.umd.logging(14092): Api < 2136 android.media.MediaPlayer.pause()
I/org.umd.logging(14092): Method < 2174 com.flurry.sdk.ff.run()
I/org.umd.logging(14092): Method < 2136 org.cocos2dx.lib.Cocos2dxGLSurfaceView$4.run()
W/InputMethodManagerService(  594): Starting input on non-focused client com.android.internal.view.IInputMethodClient$Stub$Proxy@3bedc31e (uid=10224 pid=14092)
D/audio_hw_primary(  190): out_set_parameters: enter: usecase(0: deep-buffer-playback) kvpairs: routing=2
I/ActivityManager(  594): Killing 14092:com.xbubble.bubbleisland2/u0a224 (adj 9): remove task
D/ConnectivityService(  594): ConnectivityService NetworkRequestInfo binderDied(NetworkRequest [ id=72, legacyType=-1, [ Capabilities: INTERNET&NOT_RESTRICTED&TRUSTED] ], android.os.BinderProxy@3ce367ff)
I/WindowState(  594): WIN DEATH: Window{3001ad12 u0 com.xbubble.bubbleisland2/com.xbubble.bubbleisland2.MainActivity}
D/NuPlayerDriver(  190): reset(0xb7a43ed8)
D/ConnectivityService(  594): ConnectivityService NetworkRequestInfo binderDied(NetworkRequest [ id=73, legacyType=-1, [ Capabilities: INTERNET&NOT_RESTRICTED&TRUSTED] ], android.os.BinderProxy@24bd29cc)
D/ConnectivityService(  594): releasing NetworkRequest NetworkRequest [ id=72, legacyType=-1, [ Capabilities: INTERNET&NOT_RESTRICTED&TRUSTED] ]
E/ConnectivityService(  594): RemoteException caught trying to send a callback msg for NetworkRequest [ id=72, legacyType=-1, [ Capabilities: INTERNET&NOT_RESTRICTED&TRUSTED] ]
D/ConnectivityService(  594): releasing NetworkRequest NetworkRequest [ id=73, legacyType=-1, [ Capabilities: INTERNET&NOT_RESTRICTED&TRUSTED] ]
E/ConnectivityService(  594): RemoteException caught trying to send a callback msg for NetworkRequest [ id=73, legacyType=-1, [ Capabilities: INTERNET&NOT_RESTRICTED&TRUSTED] ]
W/WindowManager(  594): Force-removing child win Window{29a1cc6a u0 SurfaceView} from container Window{3001ad12 u0 com.xbubble.bubbleisland2/com.xbubble.bubbleisland2.MainActivity}
D/NuPlayerDriver(  190): notifyResetComplete(0xb7a43ed8)
W/AudioFlinger(  190): session id 401 not found for pid 14092
W/WindowManager(  594): Failed looking up window
W/WindowManager(  594): java.lang.IllegalArgumentException: Requested window android.os.BinderProxy@348c9a55 does not exist
W/WindowManager(  594): 	at com.android.server.wm.WindowManagerService.windowForClientLocked(WindowManagerService.java:8539)
W/WindowManager(  594): 	at com.android.server.wm.WindowManagerService.windowForClientLocked(WindowManagerService.java:8530)
W/WindowManager(  594): 	at com.android.server.wm.WindowState$DeathRecipient.binderDied(WindowState.java:1142)
W/WindowManager(  594): 	at android.os.BinderProxy.sendDeathNotice(Binder.java:551)
I/WindowState(  594): WIN DEATH: null
I/ActivityManager(  594): START u0 {act=android.intent.action.MAIN cat=[android.intent.category.HOME] flg=0x10200000 cmp=com.android.launcher/com.android.launcher2.Launcher} from uid 10022 on display 0
W/OpenGLRenderer( 1054): Incorrectly called buildLayer on View: ShortcutAndWidgetContainer, destroying layer...
W/OpenGLRenderer( 1054): Incorrectly called buildLayer on View: ShortcutAndWidgetContainer, destroying layer...
D/TaskPersister(  594): removeObsoleteFile: deleting file=43_task.xml
D/TaskPersister(  594): removeObsoleteFile: deleting file=43_task_thumbnail.png
D/audio_hw_primary(  190): disable_audio_route: reset and update mixer path: low-latency-playback
D/audio_hw_primary(  190): disable_audio_route: reset and update mixer path: deep-buffer-playback
D/audio_hw_primary(  190): disable_snd_device: snd_device(2: speaker)
I/org.umd.logging( 4986): Method > 1 com.cleanmaster.base.crash.util.debug.b.run(com.cleanmaster.base.crash.util.debug.b@453239735)
I/org.umd.logging( 4986): Method < 1 com.cleanmaster.base.crash.util.debug.b.run()
I/DownloadManagerWrapper(  949): onReceive() : Charging = true
I/DownloadManagerWrapper(  949): onReceive() : Charging = true
I/DownloadManagerWrapper(  949): onReceive() : Charging = true
E/WifiStateMachine(  594): WifiStateMachine CMD_START_SCAN source -2 txSuccessRate=2.74 rxSuccessRate=1.73 targetRoamBSSID=any RSSI=-46
I/org.umd.logging( 4986): Method > 1 com.cleanmaster.base.crash.util.debug.b.run(com.cleanmaster.base.crash.util.debug.b@453239735)
I/org.umd.logging( 4986): Method < 1 com.cleanmaster.base.crash.util.debug.b.run()
I/DownloadManagerWrapper(  949): onReceive() : Charging = true
