I/org.umd.logging(26066): Method > 1 com.cnn.mobile.android.phone.ui.BroadsheetFragment$BroadsheetSectionFragment$6$1.run(com.cnn.mobile.android.phone.ui.BroadsheetFragment$BroadsheetSectionFragment$6$1@521915477)
I/org.umd.logging(26066): Method < 1 com.cnn.mobile.android.phone.ui.BroadsheetFragment$BroadsheetSectionFragment$6$1.run()
I/org.umd.logging(26066): Method < 1 com.cnn.mobile.android.phone.ui.BroadsheetFragment$BroadsheetSectionFragment$6.onReceive()
I/org.umd.logging(26066): Method > 1 com.androidquery.callback.AbstractAjaxCallback.run(com.androidquery.callback.BitmapAjaxCallback@998014788)
I/org.umd.logging(26066): Method < 1 com.androidquery.callback.AbstractAjaxCallback.run()
I/org.umd.logging(26066): Method > 1 com.androidquery.callback.AbstractAjaxCallback.run(com.androidquery.callback.BitmapAjaxCallback@316585746)
I/org.umd.logging(26066): Method < 1 com.androidquery.callback.AbstractAjaxCallback.run()
I/org.umd.logging(26066): Method > 1 com.androidquery.callback.AbstractAjaxCallback.run(com.androidquery.callback.BitmapAjaxCallback@677734045)
I/org.umd.logging(26066): Method < 1 com.androidquery.callback.AbstractAjaxCallback.run()
I/org.umd.logging(26066): Method < 2057 com.androidquery.callback.AbstractAjaxCallback.run()
I/org.umd.logging(26066): Method > 1 com.androidquery.callback.AbstractAjaxCallback.run(com.androidquery.callback.BitmapAjaxCallback@851133056)
I/org.umd.logging(26066): Method < 1 com.androidquery.callback.AbstractAjaxCallback.run()
I/org.umd.logging(26066): Method > 1 com.androidquery.callback.AbstractAjaxCallback.execute(com.androidquery.callback.BitmapAjaxCallback@366351978)
I/org.umd.logging(26066): Method > 2059 com.androidquery.callback.AbstractAjaxCallback.run(com.androidquery.callback.BitmapAjaxCallback@366351978)
I/org.umd.logging(26066): Method < 1 com.androidquery.callback.AbstractAjaxCallback.execute()
I/org.umd.logging(26066): Api > 1 android.view.ViewPropertyAnimator.start(android.view.ViewPropertyAnimator@116918107)
I/org.umd.logging(26066): Method > 2059 com.androidquery.callback.AbstractAjaxCallback.execute(com.androidquery.callback.BitmapAjaxCallback@366351978, org.apache.http.client.methods.HttpGet@356191224, org.apache.http.impl.client.DefaultHttpClient@770631670, org.apache.http.protocol.BasicHttpContext@288829238)
I/org.umd.logging(26066): Api < 1 android.view.ViewPropertyAnimator.start()
I/org.umd.logging(26066): Api > 2059 org.apache.http.impl.client.DefaultHttpClient.execute(org.apache.http.impl.client.DefaultHttpClient@770631670, org.apache.http.client.methods.HttpGet@356191224, org.apache.http.protocol.BasicHttpContext@288829238)
I/org.umd.logging(26066): Api < 2059 org.apache.http.impl.client.DefaultHttpClient.execute(org.apache.http.message.BasicHttpResponse@514178615)
I/org.umd.logging(26066): Method < 2059 com.androidquery.callback.AbstractAjaxCallback.execute(org.apache.http.message.BasicHttpResponse@514178615)
D/AdsHelper(26066): JAM $$$ requestSingleAd (300x250) /SSID:cnn.com_mobile_apps_main_androidphone_politics /adUnit=300x250_spon /adPosition=[0] /viewPagerPageNumber=[6]
D/AdContext(26066): [0x65d2]removeAllListeners for tv.freewheel.ad.AdContext@2712310d
D/AdContext(26066): [0x65d2]new tv.freewheel.ad.AdContext
D/AdContext(26066): [0x65d2]addEventListener(type=requestComplete, listener=com.cnn.mobile.android.phone.ads.AdsHelper$1@2abf08c2)
D/AdContext(26066): [0x65d2]removeEventListener(type=requestComplete, listener=com.cnn.mobile.android.phone.ads.AdsHelper$1@2abf08c2)
D/AdContext(26066): [0x65d2]addKeyValue _fw_did_google_advertising_id 229d4aea-d76e-47c3-ad88-1eafdf3529f0
D/AdContext(26066): [0x65d2]addKeyValue cnn_android_app 2.5.1
D/AdContext(26066): [0x65d2]addKeyValue cnn_android_os 5.1.1
I/org.umd.logging(26066): Method < 2059 com.androidquery.callback.AbstractAjaxCallback.run()
D/AdContext(26066): [0x65d2]addKeyValue cnn_android_device Phone
I/org.umd.logging(26066): Api > 1 android.content.Intent.<init>(android.content.Intent@806225619, "android.intent.action.VIEW", android.net.Uri$StringUri@373252624<URI=fwdbg://>)
I/org.umd.logging(26066): Api < 1 android.content.Intent.<init>(android.content.Intent@806225619)
D/AdContext(26066): [0x65d2]UserAgent:Mozilla/5.0 (Android 5.1.1; en-us; Nexus 4 Build/LMY48T) FreeWheelAdManager/5.15.0-r10520-1406220322;com.cnn.mobile.android.phone/251
D/AdContext(26066): [0x65d2]setProfile turner_android_fw512 null null null
D/AdContext(26066): [0x65d2]setSiteSection cnn.com_mobile_apps_main_androidphone_politics 0 0 0 0
D/AdContext(26066): [0x65d2]setCapability skipsAdSelection 1
D/AdContext(26066): [0x65d2]setCapability requiresVideoCallbackUrl 1
D/XMLHandler(26066): Create xml document
D/AdContext(26066): [0x65d2]request is: <?xml version='1.0' encoding='UTF-8' standalone='yes' ?><adRequest networkId="48804" profile="turner_android_fw512" version="1"><capabilities><expectMultipleCreativeRenditions /><requiresRendererManifest /><supportNullCreative /><supportsAdUnitInMultipleSlots /><supportsFallbackAds /><supportsSlotCallback /><supportsSlotTemplate /></capabilities><visitor caller="android-5.15.0-r10520-1406220322" /><keyValues><keyValue key="_fw_did_google_advertising_id" value="229d4aea-d76e-47c3-ad88-1eafdf3529f0" /><keyValue key="_fw_dpr" value="2" /><keyValue key="cnn_android_app" value="2.5.1" /><keyValue key="cnn_android_device" value="Phone" /><keyValue key="cnn_android_os" value="5.1.1" /></keyValues><siteSection customId="cnn.com_mobile_apps_main_androidphone_politics"><videoPlayer><videoAsset autoPlay="true"><adSlots compatibleDimensions="768,1184" defaultSlotProfile="turner_android_fw512" /></videoAsset><adSlots /></videoPlayer><adSlots><nonTemporalAdSlot acceptCompanion="true" adUnit="300x250_spon" customId="nontemporal-slot-1-1" height="250" width="300" /></adSlots></siteSection></adRequest>
D/AdContext(26066): [0x65d2]submitRequest: http://bea4.v.fwmrm.net/ad/p/1?
D/URLLoader(26066): [0x65d2]removeAllListeners for tv.freewheel.utils.URLLoader@313dd109
D/URLLoader(26066): [0x65d2]addEventListener(type=URLLoader.Load.Complete, listener=tv.freewheel.ad.AdContext$1@2f8ef0e)
D/URLLoader(26066): [0x65d2]removeEventListener(type=URLLoader.Load.Complete, listener=tv.freewheel.ad.AdContext$1@2f8ef0e)
D/URLLoader(26066): [0x65d2]addEventListener(type=URLLoader.Load.Error, listener=tv.freewheel.ad.AdContext$2@fa83d2f)
D/URLLoader(26066): [0x65d2]removeEventListener(type=URLLoader.Load.Error, listener=tv.freewheel.ad.AdContext$2@fa83d2f)
I/org.umd.logging(26066): Api > 1 java.lang.Thread.start(tv.freewheel.utils.URLLoader$1@782274364<thread=2060>)
I/org.umd.logging(26066): Api < 1 java.lang.Thread.start()
I/org.umd.logging(26066): Api > 1 android.view.ViewPropertyAnimator.start(android.view.ViewPropertyAnimator@174683333)
I/org.umd.logging(26066): Api < 1 android.view.ViewPropertyAnimator.start()
I/org.umd.logging(26066): Method > 2060 tv.freewheel.utils.URLLoader$1.run(tv.freewheel.utils.URLLoader$1@782274364<thread=2060>)
I/org.umd.logging(26066): Api > 2060 org.apache.http.impl.client.DefaultHttpClient.<init>(tv.freewheel.utils.http.SimpleHttpClient$2@965042984, org.apache.http.impl.conn.tsccm.ThreadSafeClientConnManager@988911681, org.apache.http.params.BasicHttpParams@948425190)
I/org.umd.logging(26066): Api < 2060 org.apache.http.impl.client.DefaultHttpClient.<init>(tv.freewheel.utils.http.SimpleHttpClient$2@965042984)
D/URLLoader(26066): sending cookie: _sid="a133_6355847240624233757"; NSC_ozdbewjq4.gxnsn.ofu*80=ffffffff09091f8845525d5f4f58455e445a4a423208; _ue="127719"; __gads=ID=7b90ebe59dfb8aa1:T=1479836096:S=ALNI_MYpPZvUqpJPLJP4LbTlz8lrskn5Xg; _uid="a133_6355847240624233753"; _wr="g233924"; _pr="1481667529..11237935%7E11256385%7E%2C"; _auv="g233924%7E5.1481667531.0%2C22446.1481667531.0%2C%5E"; _ha=""; _drh="nontemporal-slot-1-1%3A11237935%2C11256385%2C11237936%2C11256386%2C%7C"; _stid="48804.0.0%2C"; _sc="sg233924.1481667513.1481667534.28800.0.0%2C"
I/org.umd.logging(26066): Method > 2060 tv.freewheel.utils.http.SimpleHttpClient.execute(tv.freewheel.utils.http.SimpleHttpClient@833397543, org.apache.http.client.methods.HttpPost@392268244, org.apache.http.protocol.BasicHttpContext@444495741)
I/org.umd.logging(26066): Method > 1 com.androidquery.callback.AbstractAjaxCallback.run(com.androidquery.callback.BitmapAjaxCallback@366351978)
I/org.umd.logging(26066): Method < 1 com.androidquery.callback.AbstractAjaxCallback.run()
I/org.umd.logging(26066): Method < 2060 tv.freewheel.utils.http.SimpleHttpClient.execute(org.apache.http.message.BasicHttpResponse@481708739)
V/AndroidCookieStore(26066): got cookie: _ha="";domain=.fwmrm.net;path=/;, for url: http://bea4.v.fwmrm.net/ad/p/1?
V/AndroidCookieStore(26066): got cookie: _drh="nontemporal-slot-1-1%3A11237935%2C11256385%2C11237936%2C11256386%2C%7C";domain=.fwmrm.net;path=/;, for url: http://bea4.v.fwmrm.net/ad/p/1?
V/AndroidCookieStore(26066): got cookie: _stid="48804.0.0%2C";expires=Wed, 13 Dec 2017 22:18:56 GMT;domain=.fwmrm.net;path=/;, for url: http://bea4.v.fwmrm.net/ad/p/1?
V/AndroidCookieStore(26066): got cookie: _sc="sg233924.1481667513.1481667536.28800.0.0%2C";expires=Thu, 12 Jan 2017 22:18:56 GMT;domain=.fwmrm.net;path=/;, for url: http://bea4.v.fwmrm.net/ad/p/1?
V/AndroidCookieStore(26066): got cookie: _pr="1481667536..11237935%7E11256385%7E%2C";expires=Thu, 12 Jan 2017 22:18:56 GMT;domain=.fwmrm.net;path=/;, for url: http://bea4.v.fwmrm.net/ad/p/1?
D/URLLoader(26066): [0x2a9d]dispatchEvent(event=URLLoader.Load.Complete)
I/org.umd.logging(26066): Method > 2060 tv.freewheel.ad.AdContext$1.run(tv.freewheel.ad.AdContext$1@49868558, tv.freewheel.utils.events.Event@419434105)
D/AdContext(26066): [0x2a9d]got response: 
D/AdContext(26066): [0x2a9d]<adResponse networkId='48804' version='1'><rendererManifest version='1'>&lt;?xml version=&quot;1.0&quot; encoding=&quot;UTF-8&quot;?&gt;
D/AdContext(26066): &lt;adRenderers version=&apos;1&apos;&gt;&lt;adRenderer adUnit=&apos;still-image,fixed-size-interactive,app-interstitial,&apos; contentType=&apos;external/admob-view,external/admob-interstitial,external/admob,&apos; creativeApi=&apos;None,&apos; name=&apos;g_android_admob_since_5.5&apos; slotType=&apos;preroll,midroll,postroll,display,pause_midroll,&apos; url=&apos;class://tv.freewheel.renderers.admob.AdMobRenderer&apos;/&gt;&lt;adRenderer adUnit=&apos;video,still-image,fixed-size-interactive,linear-animation,slate,app-interstitial,&apos; contentType=&apos;external/vast-2,&apos; creativeApi=&apos;None,&apos; name=&apos;g_android_vast_since_5.5&apos; slotType=&apos;preroll,midroll,postroll,overlay,display,pause_midroll,&apos; url=&apos;class://tv.freewheel.renderers.vast.VastTranslator&apos;/&gt;&lt;adRenderer adUnit=&apos;video,slate,&apos; contentType=&apos;video/mp4-h264,video/mp4,video/m4v,video/mp4-mpeg4,video/mp4-mpeg4_simple,video/m4v-h264_less_eq_level_3_baseline-640-480-less_eq_1500_kbps-aaclc,video/mp4-h264_less_eq_level_3_baseline-640-480-less_eq_1500_kbps-aaclc,video/mov-h264_less_eq_level_3_baseline-640-480-less_eq_1500_kbps-aaclc,video/m4v-h264_less_level_1.3_baseline-320-240-less_eq_768_kbps-aaclc,video/mp4-h264_less_level_1.3_baseline-320-240-less_eq_768_kbps-aaclc,video/mov-h264_less_level_1.3_baseline-320-240-less_eq_768_kbps-aaclc,video/m4v-mpeg4-640-480-less_eq_2500_kbps-aaclc,video/mp4-mpeg4-640-480-less_eq_2500_kbps-aaclc,video/mov-mpeg4-640-480-less_eq_2500_kbps-aaclc,video/mp4-h264_less_eq_level_3.1_main-heaac,video/mp4-h264_less_eq_level_3.1_high-heaac,video/mp4-h264_less_eq_level_4.1_main-heaac,video/mp4-h264_less_eq_level_4.1_high-heaac,video/3gpp,video/webm,video/mp4-h264_less_eq_level_3_baseline-less_eq_768_kbps-aaclc,video/mp4-h264_less_eq_level_4.1_main-less_eq_768_kbps-aaclc,video/mp4-h264-baseline,&apos; creativeApi=&apos;None,&apos; name=&apos;g_android_video_since_5.5&apos; slotType=&apos;preroll,midroll,postroll,&apos; url=&apos;class://tv.freewheel.renderers.temporal.VideoRenderer&apos;/&gt;&lt;adRenderer adUnit=&apos;video,still-image,fixed-size-interactive,linear-animation,slate,app-interstitial,&apos; contentType=&apos;text/html_doc_ref,text/html_doc_lit_mobile,&apos; creativeApi=&apos;MRAID-1.0,None,MRAID-2.0,&apos; name=&apos;g_android_html_w_mraid2_since_5.8&apos; slotType=&apos;preroll,midroll,postroll,overlay,display,pause_midroll,&apos; url=&apos;class://tv.freewheel.renderers.html.HTMLRenderer&apos;&gt;&lt;parameter name=&apos;renderer.html.isBackgroundTransparent&apos; value=&apos;true&apos;/&gt;&lt;/adRenderer&gt;&lt;/adRenderers&gt;</rendererManifest><parameters><parameter category='profile' name='fwImpressionMap'><![CDATA[i:defaultImpression:29 ]]></parameter><parameter category='profile' name='replaceMissingCompanion'><![CDATA[blank]]></parameter></parameters><visitor/><ads><ad adId='11256385' adUnit='22446'><creatives><creative adUnit='fixed-size-interactive' baseUnit='fixed-size-interactive' creativeId='1755971' duration='15'><creativeRenditions><creativeRendition adReplicaId='0' creativeApi='None' creativeRenditionId='4047438' height='250' preference='0' width='300'><asset bytes='1053' contentType='text/html_doc_lit_mobile' id='3993484' mimeType='text/html' name='external url/tag for Default asset package of  - 1'><content><![CDATA[<html>
D/AdContext(26066): <head>
D/AdContext(26066): 	<meta name = "viewport" content = "initial-scale = 1.0,target-densitydpi = device-dpi" />
D/AdContext(26066): 	<title>Advertisement</title>
D/AdContext(26066): 	 
D/AdContext(26066): 	<script type="text/javascript">window._fw_page_url = "";</script>
D/AdContext(26066): </head>
D/AdContext(26066): <body style="margin:0px;background-color:transparent;"><span data-width="300" data-height="250" style="display:block; vertical-align:top; margin:0px 0px 0px 0px;"><div id="nexage_adreturn_banner" >
D/AdContext(26066): <script src="http://sjc.ads.nexage.com/js/admax/admax_api.js"></script>
D/AdContext(26066): <script>
D/AdContext(26066): var suid = getSuid();
D/AdContext(26066): var
D/AdContext(26066): [0x2a9d] loc = "";
D/AdContext(26066): if (loc == ",") loc = "";
D/AdContext(26066): var admax_vars = {
D/AdContext(26066):     "dcn": "8a80944a01484840e18d41e4b3c2000c"
D/AdContext(26066):     ,"pos": "banner_300x250"
D/AdContext(26066):     ,"req(loc)": loc
D/AdContext(26066):     ,"d(id24)": "229d4aea-d76e-47c3-ad88-1eafdf3529f0"
D/AdContext(26066):  };
D/AdContext(26066): if (suid) admax_vars["u(id)"]=suid;
D/AdContext(26066): admaxAd(admax_vars);
D/AdContext(26066): </script>
D/AdContext(26066): <script>
D/AdContext(26066):     function setTarget() {
D/AdContext(26066):         var clickThru = document.getElementById('nexage_adreturn_banner').getElementsByTagName('a');
D/AdContext(26066):         clickThru[0].setAttribute('target', '_blank'); 
D/AdContext(26066):     }
D/AdContext(26066):     setTarget();
D/AdContext(26066): </script> 
D/AdContext(26066): </div></span>
D/AdContext(26066): 
D/AdContext(26066): </body>
D/AdContext(26066): </html>
D/AdContext(26066): ]]></content></asset></creativeRendition></creativeRenditions><parameters><parameter name='moat'><![CDATA[48804;;;11256384;1755971;;g158857;g233924;232214;15;48804]]></parameter><parameter name='moat_callback'><![CDATA[http://bea4.v.fwmrm.net/ad/l/1?s=a133&n=48804%3B48804%3B379619%3B381963&t=1481667536294340009&f=&r=48804&adid=11256385&reid=4047438&arid=0&absid=&trigid=&et=i&cn=concreteEvent]]></parameter></parameters></creative></creatives></ad><ad adId='11237935' adUnit='22446'><creatives><creative adUnit='fixed-size-interactive' baseUnit='fixed-size-interactive' creativeId='1754669' duration='15'><creativeRenditions><creativeRendition adReplicaId='0' creativeApi='None' creativeRenditionId='4043454' height='250' preference='0' width='300'><asset bytes='1053' contentType='text/html_doc_lit_mobile' id='3989550' mimeType='text/html' name='external url/tag for Default asset package of  - 1'><content><![CDATA[<html>
D/AdContext(26066): <head>
D/AdContext(26066): 	<meta name = "viewport" content = "initial-scale = 1.0,target-densitydpi = device-dpi" />
D/AdContext(26066): 	<title>Advertisement</title>
D/AdContext(26066): 	 
D/AdContext(26066): 	<script type="text/javascript">window._fw_page_url = "";</script>
D/AdContext(26066): </head>
D/AdContext(26066): <body style="margin:0px;background-color:transparent;"><span data-width="300" data-height="250" style="display:block; vertical-align:top; margin:0px 0px 0px 0px;"><div id="nexage_adreturn_banner" >
D/AdContext(26066): <script src="http://sjc.ads.nexage.com/js/admax/admax_api.js"></script>
D/AdContext(26066): <script>
D/AdContext(26066): var suid = getSuid();
D/AdContext(26066): var loc = "";
D/AdContext(26066): if (loc == ",") loc = "";
D/AdContext(26066): var admax_vars = {
D/AdContext(26066):     "dcn": "8a80944a01484840e18d41e4b3c2000c"
D/AdContext(26066):     ,"pos": "banner_300x250"
D/AdContext(26066):     ,"req(loc)": loc
D/AdContext(26066):     ,"d(id24)": "229d4aea-d76e-47c3-ad88-1eafdf3529f0"
D/AdContext(26066):  };
D/AdContext(26066): if (suid) admax_vars["u(id)"]=suid;
D/AdContext(26066): admaxAd(admax_vars);
D/AdContext(26066): </script>
D/AdContext(26066): <script>
D/AdContext(26066):     function setTarget() {
D/AdContext(26066):         var clickThru = document.getElementById('nexage_adreturn_banner').getElementsByTagName('a');
D/AdContext(26066):         clickThru[0].setAttribute('target', '_blank'); 
D/AdContext(26066):     }
D/AdContext(26066):     setTarget();
D/AdContext(26066): </script> 
D/AdContext(26066): </div></span>
D/AdContext(26066): 
D/AdContext(26066): </body>
D/AdContext(26066): </html>
D/AdContext(26066): ]]></content></asset></creativeRendition></creativeRenditions><parameters><parameter name='moat'><![CDATA[48804;;;11237678;1754669;;g158857;g233924;232214;15;48804]]></parameter><parameter name='moat_callback'><![CDATA[http://bea4.v.fwmrm.net/ad/l/1?s=a133&n=48804%3B48804%3B379619%3B381963&t=1481667536294340009&f=&r=48804&adid=11237935&reid=4043454&arid=0&absid=&trigid=&et=i&cn=concreteEvent]]></parameter></parameters></creative></creatives></ad></ads><siteSection customId='cnn.com_mobile_apps_main_androidphone_politics'><videoPlayer><videoAsset><adSlots/></videoAsset></videoPlayer><adSlots><adSlot customId='nontemporal-slot-1-1' height='250' width='300'><selectedAds><adReference adId='11256385' creativeId='1755971' creativeRenditionId='4047438' replicaId='0'><eventCallbacks><eventCallback type='GENERIC' url='http://bea4.v.fwmrm.net/ad/l/1?s=a133&amp;n=48804%3B48804%3B379619%3B381963&amp;t=1481667536294340009&amp;f=&amp;r=48804&amp;adid=11256385&amp;reid=4047438&amp;arid=0'/><eventCallback name='defaultImpression' type='IMPRESSION' url='http://bea4.v.fwmrm.net/ad/l/1?s=a133&amp;n=48804%3B48804%3B379619%3B381963&amp;t=1481667536294340009&amp;f=&amp;r=48804&amp;adid=11256385&amp;reid=4047438&amp;arid=0&amp;auid=&amp;cn=defaultImpression&amp;et=i&amp;_cc=11256385,4047438,20628.,20628.21659.,1481667536,1&amp;tpos=&amp;init=1&amp;pcreids=29&amp;cr='/><eventCallback name='defaultClick' type='CLICK' url='http://bea4.v.fwmrm.net/ad/l/1?s=a133&amp;n=48804%3B48804%3B379619%3B3
D/AdContext(26066): [0x2a9d]81963&amp;t=1481667536294340009&amp;f=&amp;r=48804&amp;adid=11256385&amp;reid=4047438&amp;arid=0&amp;auid=&amp;cn=defaultClick&amp;et=c&amp;_cc=&amp;tpos=&amp;cr='/></eventCallbacks><fallbackAds><adReference adId='11237935' creativeId='1754669' creativeRenditionId='4043454' replicaId='0'><eventCallbacks><eventCallback type='GENERIC' url='http://bea4.v.fwmrm.net/ad/l/1?s=a133&amp;n=48804%3B48804%3B379619%3B381963&amp;t=1481667536294340009&amp;f=&amp;r=48804&amp;adid=11237935&amp;reid=4043454&amp;arid=0'/><eventCallback name='defaultImpression' type='IMPRESSION' url='http://bea4.v.fwmrm.net/ad/l/1?s=a133&amp;n=48804%3B48804%3B379619%3B381963&amp;t=1481667536294340009&amp;f=&amp;r=48804&amp;adid=11237935&amp;reid=4043454&amp;arid=0&amp;auid=&amp;cn=defaultImpression&amp;et=i&amp;_cc=11237935,4043454,20628.,20628.21659.,1481667536,1&amp;tpos=&amp;init=1&amp;pcreids=29&amp;cr='/><eventCallback name='defaultClick' type='CLICK' url='http://bea4.v.fwmrm.net/ad/l/1?s=a133&amp;n=48804%3B48804%3B379619%3B381963&amp;t=1481667536294340009&amp;f=&amp;r=48804&amp;adid=11237935&amp;reid=4043454&amp;arid=0&amp;auid=&amp;cn=defaultClick&amp;et=c&amp;_cc=&amp;tpos=&amp;cr='/></eventCallbacks></adReference></fallbackAds></adReference></selectedAds></adSlot></adSlots></siteSection><eventCallbacks><eventCallback type='GENERIC' url='http://bea4.v.fwmrm.net/ad/l/1?s=a133&amp;n=48804%3B48804%3B379619%3B381963&amp;t=1481667536294340009'/></eventCallbacks></adResponse>
V/AdResponse(26066): [0x2a9d]parseXMLString: name: rendererManifest
V/AdResponse(26066): [0x2a9d]parseAdRenderers: <?xml version="1.0" encoding="UTF-8"?>
V/AdResponse(26066): <adRenderers version='1'><adRenderer adUnit='still-image,fixed-size-interactive,app-interstitial,' contentType='external/admob-view,external/admob-interstitial,external/admob,' creativeApi='None,' name='g_android_admob_since_5.5' slotType='preroll,midroll,postroll,display,pause_midroll,' url='class://tv.freewheel.renderers.admob.AdMobRenderer'/><adRenderer adUnit='video,still-image,fixed-size-interactive,linear-animation,slate,app-interstitial,' contentType='external/vast-2,' creativeApi='None,' name='g_android_vast_since_5.5' slotType='preroll,midroll,postroll,overlay,display,pause_midroll,' url='class://tv.freewheel.renderers.vast.VastTranslator'/><adRenderer adUnit='video,slate,' contentType='video/mp4-h264,video/mp4,video/m4v,video/mp4-mpeg4,video/mp4-mpeg4_simple,video/m4v-h264_less_eq_level_3_baseline-640-480-less_eq_1500_kbps-aaclc,video/mp4-h264_less_eq_level_3_baseline-640-480-less_eq_1500_kbps-aaclc,video/mov-h264_less_eq_level_3_baseline-640-480-less_eq_1500_kbps-aaclc,video/m4v-h264_less_level_1.3_baseline-320-240-less_eq_768_kbps-aaclc,video/mp4-h264_less_level_1.3_baseline-320-240-less_eq_768_kbps-aaclc,video/mov-h264_less_level_1.3_baseline-320-240-less_eq_768_kbps-aaclc,video/m4v-mpeg4-640-480-less_eq_2500_kbps-aaclc,video/mp4-mpeg4-640-480-less_eq_2500_kbps-aaclc,video/mov-mpeg4-640-480-less_eq_2500_kbps-aaclc,video/mp4-h264_less_eq_level_3.1_main-heaac,video/mp4-h264_less_eq_level_3.1_high-heaac,video/mp4-h264_less_eq_level_4.1_main-heaac,video/mp4-h264_less_eq_level_4.1_high-heaac,video/3gpp,video/webm,video/mp4-h264_less_eq_level_3_baseline-less_eq_768_kbps-aaclc,video/mp4-h264_less_eq_level_4.1_main-less_eq_768_kbps-aaclc,video/mp4-h264-baseline,' creativeApi='None,' name='g_android_video_since_5.5' slotType='preroll,midroll,postroll,' url='class://tv.freewheel.renderers.temporal.VideoRenderer'/><adRenderer adUnit='video,still-image,fixed-size-interactive,linear-animation,slate,app-interstitial,' contentType='text/html_doc_ref,text/html_doc_lit_mobile,' creativeApi='MRAID-1.0,None,MRAID-2.0,' name='g_android_html_w_mraid2_since_5.8' slotType='preroll,midroll,postroll,overlay,display,pause_midroll,' url='class://tv.freewheel.renderers.html.HTMLRenderer'><parameter name='renderer.html.isBackgroundTransparent' value='true'/></adRenderer></adRenderers>
V/AdResponse(26066): [0x2a9d]parseAdRendererNode, name: adRenderer
V/AdResponse(26066): [0x2a9d]parseAdRendererNode, name: adRenderer
V/AdResponse(26066): [0x2a9d]parseAdRendererNode, name: adRenderer
V/AdResponse(26066): [0x2a9d]parseAdRendererNode, name: adRenderer
V/AdRenderer(26066): [0x2a9d]parse(), name: parameter
V/AdResponse(26066): [0x2a9d]parseXMLString: name: parameters
D/ParametersHolder(26066): profile parameter name:fwImpressionMap value:i:defaultImpression:29 
D/ParametersHolder(26066): profile parameter name:replaceMissingCompanion value:blank
V/AdResponse(26066): [0x2a9d]parseXMLString: name: visitor
V/AdResponse(26066): [0x2a9d]parseXMLString: name: ads
V/AdResponse(26066): [0x2a9d]parseAds, name: ad
V/Ad      (26066): [0x2a9d]parse(), name: creatives
V/Ad      (26066): [0x2a9d]parse(), name: creative
V/Creative(26066): [0x2a9d]parse(), creative: 1755971, parsed duration: 15.0
V/Creative(26066): [0x2a9d]parse(), name: creativeRenditions
V/Creative(26066): [0x2a9d]parse(), name: creativeRendition
V/CreativeRendition(26066): [0x2a9d]parse(), name: asset
V/CreativeRenditionAsset(26066): [0x2a9d]parse(), name: content
V/Creative(26066): [0x2a9d]parse(), name: parameters
D/ParametersHolder(26066): profile parameter name:moat value:48804;;;11256384;1755971;;g158857;g233924;232214;15;48804
D/ParametersHolder(26066): profile parameter name:moat_callback value:http://bea4.v.fwmrm.net/ad/l/1?s=a133&n=48804%3B48804%3B379619%3B381963&t=1481667536294340009&f=&r=48804&adid=11256385&reid=4047438&arid=0&absid=&trigid=&et=i&cn=concreteEvent
V/AdResponse(26066): [0x2a9d]parseAds, name: ad
V/Ad      (26066): [0x2a9d]parse(), name: creatives
V/Ad      (26066): [0x2a9d]parse(), name: creative
V/Creative(26066): [0x2a9d]parse(), creative: 1754669, parsed duration: 15.0
V/Creative(26066): [0x2a9d]parse(), name: creativeRenditions
V/Creative(26066): [0x2a9d]parse(), name: creativeRendition
V/CreativeRendition(26066): [0x2a9d]parse(), name: asset
V/CreativeRenditionAsset(26066): [0x2a9d]parse(), name: content
V/Creative(26066): [0x2a9d]parse(), name: parameters
D/ParametersHolder(26066): profile parameter name:moat value:48804;;;11237678;1754669;;g158857;g233924;232214;15;48804
D/ParametersHolder(26066): profile parameter name:moat_callback value:http://bea4.v.fwmrm.net/ad/l/1?s=a133&n=48804%3B48804%3B379619%3B381963&t=1481667536294340009&f=&r=48804&adid=11237935&reid=4043454&arid=0&absid=&trigid=&et=i&cn=concreteEvent
V/AdResponse(26066): [0x2a9d]parseXMLString: name: siteSection
V/AdResponse(26066): [0x2a9d]parseSiteSection, name: adSlots
V/AdResponse(26066): [0x2a9d]parseAdSlots, name: adSlot
V/NonTemporalSlot(26066): [0x2a9d]parse(), name: adReference
V/AdInstance(26066): [0x2a9d]parse(), name: eventCallbacks
D/AdInstance(26066): [0x2a9d]createEventHandler(,ERROR,true)
D/ErrorCallbackHandler(26066): getExpandedPingbackUrl():http://bea4.v.fwmrm.net/ad/l/1?s=a133&n=48804%3B48804%3B379619%3B381963&t=1481667536294340009&f=&r=48804&adid=11256385&reid=4047438&arid=0
D/AdInstance(26066): [0x2a9d]createEventHandler(defaultImpression,IMPRESSION,false)
D/AdImpressionCallbackHandler(26066): getExpandedPingbackUrl():http://bea4.v.fwmrm.net/ad/l/1?s=a133&n=48804%3B48804%3B379619%3B381963&t=1481667536294340009&f=&r=48804&adid=11256385&reid=4047438&arid=0&auid=&cn=defaultImpression&et=i&_cc=11256385,4047438,20628.,20628.21659.,1481667536,1&tpos=&init=1&pcreids=29&cr=
D/AdInstance(26066): [0x2a9d]createEventHandler(defaultClick,CLICK,false)
D/ClickCallbackHandler(26066): getExpandedPingbackUrl():http://bea4.v.fwmrm.net/ad/l/1?s=a133&n=48804%3B48804%3B379619%3B381963&t=1481667536294340009&f=&r=48804&adid=11256385&reid=4047438&arid=0&auid=&cn=defaultClick&et=c&_cc=&tpos=&cr=
V/AdInstance(26066): [0x2a9d]parse(), name: fallbackAds
V/AdInstance(26066): [0x2a9d]parse(), name: adReference
V/AdInstance(26066): [0x2a9d]parse(), name: eventCallbacks
D/AdInstance(26066): [0x2a9d]createEventHandler(,ERROR,true)
D/ErrorCallbackHandler(26066): getExpandedPingbackUrl():http://bea4.v.fwmrm.net/ad/l/1?s=a133&n=48804%3B48804%3B379619%3B381963&t=1481667536294340009&f=&r=48804&adid=11237935&reid=4043454&arid=0
D/AdInstance(26066): [0x2a9d]createEventHandler(defaultImpression,IMPRESSION,false)
D/AdImpressionCallbackHandler(26066): getExpandedPingbackUrl():http://bea4.v.fwmrm.net/ad/l/1?s=a133&n=48804%3B48804%3B379619%3B381963&t=1481667536294340009&f=&r=48804&adid=11237935&reid=4043454&arid=0&auid=&cn=defaultImpression&et=i&_cc=11237935,4043454,20628.,20628.21659.,1481667536,1&tpos=&init=1&pcreids=29&cr=
D/AdInstance(26066): [0x2a9d]createEventHandler(defaultClick,CLICK,false)
D/ClickCallbackHandler(26066): getExpandedPingbackUrl():http://bea4.v.fwmrm.net/ad/l/1?s=a133&n=48804%3B48804%3B379619%3B381963&t=1481667536294340009&f=&r=48804&adid=11237935&reid=4043454&arid=0&auid=&cn=defaultClick&et=c&_cc=&tpos=&cr=
D/AdChain (26066): [AdChain []] append [AdInst adId:11256385 replicaId:0 AdInitState]
D/AdInstance(26066): [0x2a9d][AdInst adId:11256385 replicaId:0 AdInitState] build add chain [AdChain [[AdInst adId:11256385 replicaId:0 AdInitState]]]
D/AdChain (26066): [AdChain [[AdInst adId:11256385 replicaId:0 AdInitState]]] append [AdInst adId:11237935 replicaId:0 AdInitState]
V/AdResponse(26066): [0x2a9d]parseSiteSection, name: videoPlayer
V/AdResponse(26066): [0x2a9d]parseVideoPlayer, name: videoAsset
V/VideoAsset(26066): [0x2a9d]parse(), name: adSlots
V/AdResponse(26066): [0x2a9d]parseXMLString: name: eventCallbacks
D/AdContext(26066): [0x2a9d]loadExtension: MedialetsExtension
D/MedialetsExtension(26066): init
W/AdContext(26066): [0x2a9d]Need re-dispatchEvent extensionLoaded on main UI thread.
D/AdContext(26066): [0x2a9d]loadExtension: PauseAdExtension
D/PauseAdExtension(26066): init
I/org.umd.logging(26066): Method > 1 tv.freewheel.ad.AdContext$5.run(tv.freewheel.ad.AdContext$5@335886270)
D/AdContext(26066): [0x2a9d]addEventListener(type=requestComplete, listener=tv.freewheel.extension.pausead.PauseAdExtension$1@3828d01f)
D/AdContext(26066): [0x65d2]dispatchEvent(event=extensionLoaded)
D/AdContext(26066): [0x2a9d]removeEventListener(type=requestComplete, listener=tv.freewheel.extension.pausead.PauseAdExtension$1@3828d01f)
W/AdContext(26066): [0x2a9d]Need re-dispatchEvent extensionLoaded on main UI thread.
I/org.umd.logging(26066): Method < 1 tv.freewheel.ad.AdContext$5.run()
D/AdContext(26066): [0x2a9d]loadExtension: BlueKaiDataExtension
D/BlueKaiDataExtension(26066): init
D/AdContext(26066): [0x2a9d]addEventListener(type=requestComplete, listener=tv.freewheel.extension.blueKai.BlueKaiDataExtension$1@2fc43f6c)
I/org.umd.logging(26066): Method > 1 tv.freewheel.ad.AdContext$5.run(tv.freewheel.ad.AdContext$5@459938101)
D/AdContext(26066): [0x65d2]dispatchEvent(event=extensionLoaded)
D/AdContext(26066): [0x2a9d]removeEventListener(type=requestComplete, listener=tv.freewheel.extension.blueKai.BlueKaiDataExtension$1@2fc43f6c)
W/AdContext(26066): [0x2a9d]Need re-dispatchEvent extensionLoaded on main UI thread.
I/org.umd.logging(26066): Method < 1 tv.freewheel.ad.AdContext$5.run()
W/AdContext(26066): [0x2a9d]Need re-dispatchEvent requestComplete on main UI thread.
I/org.umd.logging(26066): Method > 1 tv.freewheel.ad.AdContext$5.run(tv.freewheel.ad.AdContext$5@869863882)
D/AdContext(26066): [0x65d2]dispatchEvent(event=extensionLoaded)
I/org.umd.logging(26066): Method < 1 tv.freewheel.ad.AdContext$5.run()
I/org.umd.logging(26066): Method > 1 tv.freewheel.ad.AdContext$5.run(tv.freewheel.ad.AdContext$5@51662651)
D/AdContext(26066): [0x65d2]dispatchEvent(event=requestComplete)
I/org.umd.logging(26066): Method > 1 com.cnn.mobile.android.phone.ads.AdsHelper$1.run(com.cnn.mobile.android.phone.ads.AdsHelper$1@717162690, tv.freewheel.utils.events.Event@40625752)
I/org.umd.logging(26066): Method > 1 com.cnn.mobile.android.phone.ads.AdsHelper$1$1.run(com.cnn.mobile.android.phone.ads.AdsHelper$1$1@674239409)
D/AdsHelper(26066): $$$ requestAd onAdRequestComplete() single ad. Ads returned = (1) page=6 position=0
D/AdsHelper(26066): $$$ requestAd onAdRequestComplete() single ad. Ads temporal = (0) event={message=request succeeded, success=true} position=0
I/org.umd.logging(26066): Method < 2060 tv.freewheel.ad.AdContext$1.run()
V/URLLoader(26066): httpclient[833397543] for URL: http://bea4.v.fwmrm.net/ad/p/1? is reclaimed
D/SlotInitState(26066): play
I/org.umd.logging(26066): Method > 1 tv.freewheel.ad.slot.Slot.onStartPlay(tv.freewheel.ad.slot.NonTemporalSlot@777945238)
I/NonTemporalSlot(26066): [0x65d2]onStartPlay
D/AdContext(26066): [0x65d2]dispatchEvent(event=slotStarted)
I/NonTemporalSlot(26066): [0x65d2]playAd
D/NonTemporalSlot(26066): [0x65d2][Slot:nontemporal-slot-1-1, timePositionClass: 5, state: SlotPlayingState] findNextAdToWork() from:null
D/NonTemporalSlot(26066): [0x65d2][Slot:nontemporal-slot-1-1, timePositionClass: 5, state: SlotPlayingState] findNextPlayableAd() from:null
D/NonTemporalSlot(26066): [0x65d2][Slot:nontemporal-slot-1-1, timePositionClass: 5, state: SlotPlayingState] findNextPlayableAd() look from chain index 0 chain size:1
D/AdInstance(26066): [0x65d2][AdInst adId:11256385 replicaId:0 AdInitState] isPlayable returning true
D/AdChain (26066): [AdChain [[AdInst adId:11256385 replicaId:0 AdInitState], [AdInst adId:11237935 replicaId:0 AdInitState]]] findNextPlayableAd returning [AdInst adId:11256385 replicaId:0 AdInitState]
I/org.umd.logging(26066): Method < 2060 tv.freewheel.utils.URLLoader$1.run()
D/NonTemporalSlot(26066): [0x65d2][Slot:nontemporal-slot-1-1, timePositionClass: 5, state: SlotPlayingState] findNextPlayableAd() returning [AdInst adId:11256385 replicaId:0 AdInitState]
D/AdInstance(26066): [0x65d2][AdInst adId:11256385 replicaId:0 AdInitState] play()
D/AdInitState(26066): load
D/AdInstance(26066): [0x65d2]loadRenderer()
D/AdInstance(26066): [0x65d2][AdInst adId:11256385 replicaId:0 AdLoadingState] findRenderer(adUnit:fixed-size-interactive,soAdUnit:22446,contentType:text/html_doc_lit_mobile,slotType:5,creativeAPI:None,wrapperType:
D/AdInstance(26066): [0x65d2]startPlay: 
D/AdRenderer(26066): getRenderer for url class://tv.freewheel.renderers.html.HTMLRenderer
I/HTMLRenderer(26066): Android SDK Version: 22, API Version: 22
D/RendererInitState(26066): load
I/org.umd.logging(26066): Method > 1 tv.freewheel.renderers.html.HTMLRenderer$2.run(tv.freewheel.renderers.html.HTMLRenderer$2@326018071)
I/HTMLRenderer(26066): load
D/HTMLRenderer(26066): Display size: 768x1184 px, app size: 768x1038
D/HTMLRenderer(26066): creativeApi: None, isMRAIDAd:false
D/AdInstance(26066): [0x65d2]getParameter:renderer.html.placementType:null
D/AdInstance(26066): [0x65d2]getParameter:renderer.html.primaryAnchor:null
D/AdInstance(26066): [0x65d2]getParameter:renderer.html.marginWidth:null
D/AdInstance(26066): [0x65d2]getParameter:renderer.html.marginHeight:null
D/AdInstance(26066): [0x65d2]getParameter:renderer.html.bootstrap:null
D/AdInstance(26066): [0x65d2]getParameter:renderer.html.shouldEndAfterDuration:null
D/AdInstance(26066): [0x65d2]getParameter:renderer.html.isBackgroundTransparent:true
D/Parameters(26066): {"logger":"tv.freewheel.utils.Logger@3ce51004","marginHeight":0,"marginWidth":0,"primaryAnchor":"bc","shouldBackgroundTransparent":true}
D/HTMLRenderer(26066): isInterstitial:false
D/MRAIDBackgroundView(26066): MRAIDBackgroundView
D/audio_hw_primary(  190): disable_audio_route: reset and update mixer path: low-latency-playback
D/audio_hw_primary(  190): disable_snd_device: snd_device(2: speaker)
E/Cataloger( 6490): syncFile:/storage/emulated/0/2016-12-13_05:19:06.911.jpg
W/ResourceType(26066): No known package when getting name for resource number 0xffffffff
I/org.umd.logging(26066): Api > 1 android.webkit.WebView.<init>(tv.freewheel.renderers.html.MRAIDWebView@1051683507<file=2016-12-13_05:19:06.911><x=0><y=0><width=0><height=0><id=-1>, com.cnn.mobile.android.phone.ui.MainActivity@923165487)
E/Cataloger( 6490): syncFile:/storage/emulated/0/2016-12-13_05:19:06.911.jpg
E/Cataloger( 6490): syncFile:/storage/emulated/0/2016-12-13_05:19:07.140.jpg
W/ResourceType(26066): No known package when getting name for resource number 0xffffffff
I/org.umd.logging(26066): Api < 1 android.webkit.WebView.<init>(tv.freewheel.renderers.html.MRAIDWebView@1051683507<file=2016-12-13_05:19:07.140><x=0><y=0><width=0><height=0><id=-1>)
E/Cataloger( 6490): syncFile:/storage/emulated/0/2016-12-13_05:19:07.140.jpg
D/MRAIDBackgroundView(26066): MRAIDBackgroundView
D/MRAIDWebView(26066): enabling transparent: null
I/org.umd.logging( 4986): Method > 1 com.cleanmaster.base.crash.util.debug.b.run(com.cleanmaster.base.crash.util.debug.b@453239735)
I/org.umd.logging( 4986): Method < 1 com.cleanmaster.base.crash.util.debug.b.run()
E/Cataloger( 6490): syncFile:/storage/emulated/0/2016-12-13_05:19:07.412.jpg
W/ResourceType(26066): No known package when getting name for resource number 0xffffffff
I/org.umd.logging(26066): Api > 1 android.webkit.WebView.<init>(tv.freewheel.renderers.html.MRAIDWebView@617417838<file=2016-12-13_05:19:07.412><x=0><y=0><width=0><height=0><id=-1>, com.cnn.mobile.android.phone.ui.MainActivity@923165487)
E/Cataloger( 6490): syncFile:/storage/emulated/0/2016-12-13_05:19:07.412.jpg
E/Cataloger( 6490): syncFile:/storage/emulated/0/2016-12-13_05:19:07.624.jpg
W/ResourceType(26066): No known package when getting name for resource number 0xffffffff
I/org.umd.logging(26066): Api < 1 android.webkit.WebView.<init>(tv.freewheel.renderers.html.MRAIDWebView@617417838<file=2016-12-13_05:19:07.624><x=0><y=0><width=0><height=0><id=-1>)
E/Cataloger( 6490): syncFile:/storage/emulated/0/2016-12-13_05:19:07.624.jpg
D/MRAIDBackgroundView(26066): MRAIDBackgroundView
D/MRAIDWebView(26066): enabling transparent: null
D/MRAIDPresentationInLine(26066): calculateAdSize, slot width: 300, rendition width:300
D/MRAIDPresentationInLine(26066): ad width = 600 height = 500
D/HTMLRenderer(26066): shouldPauseResumeMainVideoOnActivityStateChange:true, shouldPauseResumeMainVideoWhenExpand:false
I/MRAIDPresentationInLine(26066): loadCreativeWithScript(null, <html>
I/MRAIDPresentationInLine(26066): <head>
I/MRAIDPresentationInLine(26066): 	<meta name = "viewport" content = "initial-scale = 1.0" />
I/MRAIDPresentationInLine(26066): 	<title>Advertisement</title>
I/MRAIDPresentationInLine(26066): 	 
I/MRAIDPresentationInLine(26066): 	<script type="text/javascript">window._fw_page_url = "";</script>
I/MRAIDPresentationInLine(26066): </head>
I/MRAIDPresentationInLine(26066): <body style="margin:0px;background-color:transparent;"><span data-width="300" data-height="250" style="display:block; vertical-align:top; margin:0px 0px 0px 0px;"><div id="nexage_adreturn_banner" >
I/MRAIDPresentationInLine(26066): <script src="http://sjc.ads.nexage.com/js/admax/admax_api.js"></script>
I/MRAIDPresentationInLine(26066): <script>
I/MRAIDPresentationInLine(26066): var suid = getSuid();
I/MRAIDPresentationInLine(26066): var loc = "";
I/MRAIDPresentationInLine(26066): if (loc == ",") loc = "";
I/MRAIDPresentationInLine(26066): var admax_vars = {
I/MRAIDPresentationInLine(26066):     "dcn": "8a80944a01484840e18d41e4b3c2000c"
I/MRAIDPresentationInLine(26066):     ,"pos": "banner_300x250"
I/MRAIDPresentationInLine(26066):     ,"req(loc)": loc
I/MRAIDPresentationInLine(26066):     ,"d(id24)": "229d4aea-d76e-47c3-ad88-1eafdf3529f0"
I/MRAIDPresentationInLine(26066):  };
I/MRAIDPresentationInLine(26066): if (suid) admax_vars["u(id)"]=suid;
I/MRAIDPresentationInLine(26066): admaxAd(admax_vars);
I/MRAIDPresentationInLine(26066): </script>
I/MRAIDPresentationInLine(26066): <script>
I/MRAIDPresentationInLine(26066):     function setTarget() {
I/MRAIDPresentationInLine(26066):         var clickThru = document.getElementById('nexage_adreturn_banner').getElementsByTagName('a');
I/MRAIDPresentationInLine(26066):         clickThru[0].setAttribute('target', '_blank'); 
I/MRAIDPresentationInLine(26066):     }
I/MRAIDPresentationInLine(26066):     setTarget();
I/MRAIDPresentationInLine(26066): </script> 
I/MRAIDPresentationInLine(26066): </div></span>
I/MRAIDPresentationInLine(26066): 
I/MRAIDPresentationInLine(26066): </body>
I/MRAIDPresentationInLine(26066): </html>
I/MRAIDPresentationInLine(26066): ,null)
D/MRAIDWebView(26066): load creative url: null or content: <html>
D/MRAIDWebView(26066): <head>
D/MRAIDWebView(26066): 	<meta name = "viewport" content = "initial-scale = 1.0" />
D/MRAIDWebView(26066): 	<title>Advertisement</title>
D/MRAIDWebView(26066): 	 
D/MRAIDWebView(26066): 	<script type="text/javascript">window._fw_page_url = "";</script>
D/MRAIDWebView(26066): </head>
D/MRAIDWebView(26066): <body style="margin:0px;background-color:transparent;"><span data-width="300" data-height="250" style="display:block; vertical-align:top; margin:0px 0px 0px 0px;"><div id="nexage_adreturn_banner" >
D/MRAIDWebView(26066): <script src="http://sjc.ads.nexage.com/js/admax/admax_api.js"></script>
D/MRAIDWebView(26066): <script>
D/MRAIDWebView(26066): var suid = getSuid();
D/MRAIDWebView(26066): var loc = "";
D/MRAIDWebView(26066): if (loc == ",") loc = "";
D/MRAIDWebView(26066): var admax_vars = {
D/MRAIDWebView(26066):     "dcn": "8a80944a01484840e18d41e4b3c2000c"
D/MRAIDWebView(26066):     ,"pos": "banner_300x250"
D/MRAIDWebView(26066):     ,"req(loc)": loc
D/MRAIDWebView(26066):     ,"d(id24)": "229d4aea-d76e-47c3-ad88-1eafdf3529f0"
D/MRAIDWebView(26066):  };
D/MRAIDWebView(26066): if (suid) admax_vars["u(id)"]=suid;
D/MRAIDWebView(26066): admaxAd(admax_vars);
D/MRAIDWebView(26066): </script>
D/MRAIDWebView(26066): <script>
D/MRAIDWebView(26066):     function setTarget() {
D/MRAIDWebView(26066):         var clickThru = document.getElementById('nexage_adreturn_banner').getElementsByTagName('a');
D/MRAIDWebView(26066):         clickThru[0].setAttribute('target', '_blank'); 
D/MRAIDWebView(26066):     }
D/MRAIDWebView(26066):     setTarget();
D/MRAIDWebView(26066): </script> 
D/MRAIDWebView(26066): </div></span>
D/MRAIDWebView(26066): 
D/MRAIDWebView(26066): </body>
D/MRAIDWebView(26066): </html>
D/MRAIDWebView(26066):  with script:null
D/MRAIDWebView(26066): Inject script into html: <html>
D/MRAIDWebView(26066): <head>
D/MRAIDWebView(26066): 	<meta name = "viewport" content = "initial-scale = 1.0" />
D/MRAIDWebView(26066): 	<title>Advertisement</title>
D/MRAIDWebView(26066): 	 
D/MRAIDWebView(26066): 	<script type="text/javascript">window._fw_page_url = "";</script>
D/MRAIDWebView(26066): </head>
D/MRAIDWebView(26066): <body style="margin:0px;background-color:transparent;"><span data-width="300" data-height="250" style="display:block; vertical-align:top; margin:0px 0px 0px 0px;"><div id="nexage_adreturn_banner" >
D/MRAIDWebView(26066): <script src="http://sjc.ads.nexage.com/js/admax/admax_api.js"></script>
D/MRAIDWebView(26066): <script>
D/MRAIDWebView(26066): var suid = getSuid();
D/MRAIDWebView(26066): var loc = "";
D/MRAIDWebView(26066): if (loc == ",") loc = "";
D/MRAIDWebView(26066): var admax_vars = {
D/MRAIDWebView(26066):     "dcn": "8a80944a01484840e18d41e4b3c2000c"
D/MRAIDWebView(26066):     ,"pos": "banner_300x250"
D/MRAIDWebView(26066):     ,"req(loc)": loc
D/MRAIDWebView(26066):     ,"d(id24)": "229d4aea-d76e-47c3-ad88-1eafdf3529f0"
D/MRAIDWebView(26066):  };
D/MRAIDWebView(26066): if (suid) admax_vars["u(id)"]=suid;
D/MRAIDWebView(26066): admaxAd(admax_vars);
D/MRAIDWebView(26066): </script>
D/MRAIDWebView(26066): <script>
D/MRAIDWebView(26066):     function setTarget() {
D/MRAIDWebView(26066):         var clickThru = document.getElementById('nexage_adreturn_banner').getElementsByTagName('a');
D/MRAIDWebView(26066):         clickThru[0].setAttribute('target', '_blank'); 
D/MRAIDWebView(26066):     }
D/MRAIDWebView(26066):     setTarget();
D/MRAIDWebView(26066): </script> 
D/MRAIDWebView(26066): </div></span>
D/MRAIDWebView(26066): 
D/MRAIDWebView(26066): </body>
D/MRAIDWebView(26066): </html>
D/MRAIDWebView(26066): loadDataWithBaseURL
I/cr_Ime  (26066): ImeThread is enabled.
D/AdInstance(26066): [0x65d2]dispatchEvent(eventName=loaded)
D/AdInstance(26066): [0x65d2]process ad event:loaded
D/AdInstance(26066): [0x65d2]onRendererLoaded
D/AdLoadingState(26066): notifyAdLoaded
D/AdInstance(26066): [0x65d2][AdInst adId:11256385 replicaId:0 AdLoadedState] commitAdInstances()
D/AdInstance(26066): [0x65d2][AdInst adId:11256385 replicaId:0 AdLoadedState]commitAdInstances() nothing to commit, translatedAds is empty.
D/AdLoadedState(26066): play
I/org.umd.logging(26066): Method > 1 tv.freewheel.ad.AdInstance.onStartPlay(tv.freewheel.ad.AdInstance@808189711)
D/AdInstance(26066): [0x65d2]onStartPlay()
I/org.umd.logging(26066): Method > 1 tv.freewheel.ad.state.RendererLoadedState.start(tv.freewheel.ad.state.RendererLoadedState@367459697, tv.freewheel.ad.AdInstance@808189711)
D/RendererLoadedState(26066): start
I/org.umd.logging(26066): Api > 1 java.lang.Object.start(tv.freewheel.renderers.html.HTMLRenderer@1057774492)
I/org.umd.logging(26066): Method > 1 tv.freewheel.renderers.html.HTMLRenderer.start(tv.freewheel.renderers.html.HTMLRenderer@1057774492)
I/HTMLRenderer(26066): @1057774492-inline|display|start
I/org.umd.logging(26066): Method < 1 tv.freewheel.renderers.html.HTMLRenderer.start()
I/org.umd.logging(26066): Api < 1 java.lang.Object.start()
I/org.umd.logging(26066): Method < 1 tv.freewheel.ad.state.RendererLoadedState.start()
I/org.umd.logging(26066): Method < 1 tv.freewheel.ad.AdInstance.onStartPlay()
I/org.umd.logging(26066): Method < 1 tv.freewheel.renderers.html.HTMLRenderer$2.run()
I/org.umd.logging(26066): Method < 1 tv.freewheel.ad.slot.Slot.onStartPlay()
D/AdsHelper(26066): $$$ playing ad [Slot:nontemporal-slot-1-1, timePositionClass: 5, state: SlotPlayingState]
D/AdsHelper(26066): $$$ playing ad: 6 Position: 0 view true currsection= 6
I/org.umd.logging(26066): Method < 1 com.cnn.mobile.android.phone.ads.AdsHelper$1$1.run()
I/org.umd.logging(26066): Method < 1 com.cnn.mobile.android.phone.ads.AdsHelper$1.run()
I/org.umd.logging(26066): Method > 1 tv.freewheel.extension.pausead.PauseAdExtension$1.run(tv.freewheel.extension.pausead.PauseAdExtension$1@942198815, tv.freewheel.utils.events.Event@40625752)
D/PauseAdExtension(26066): requestCompleteListener()
D/PauseAdExtension(26066): toBePlayedPauseSlotCustomId:null
D/AdContext(26066): [0x65d2]addEventListener(type=userActionNotified, listener=tv.freewheel.extension.pausead.PauseAdExtension$2@12d4b9a5)
D/AdContext(26066): [0x65d2]removeEventListener(type=userActionNotified, listener=tv.freewheel.extension.pausead.PauseAdExtension$2@12d4b9a5)
D/AdContext(26066): [0x65d2]addEventListener(type=slotStarted, listener=tv.freewheel.extension.pausead.PauseAdExtension$3@fc1817a)
D/AdContext(26066): [0x65d2]removeEventListener(type=slotStarted, listener=tv.freewheel.extension.pausead.PauseAdExtension$3@fc1817a)
D/AdContext(26066): [0x65d2]addEventListener(type=slotEnded, listener=tv.freewheel.extension.pausead.PauseAdExtension$4@9337d2b)
D/AdContext(26066): [0x65d2]removeEventListener(type=slotEnded, listener=tv.freewheel.extension.pausead.PauseAdExtension$4@9337d2b)
D/AdContext(26066): [0x65d2]addEventListener(type=defaultImpression, listener=tv.freewheel.extension.pausead.PauseAdExtension$5@15519588)
D/AdContext(26066): [0x65d2]removeEventListener(type=defaultImpression, listener=tv.freewheel.extension.pausead.PauseAdExtension$5@15519588)
D/AdContext(26066): [0x65d2]addEventListener(type=_e_unknown, listener=tv.freewheel.extension.pausead.PauseAdExtension$6@1e7c4b21)
D/AdContext(26066): [0x65d2]removeEventListener(type=_e_unknown, listener=tv.freewheel.extension.pausead.PauseAdExtension$6@1e7c4b21)
I/org.umd.logging(26066): Method < 1 tv.freewheel.extension.pausead.PauseAdExtension$1.run()
I/org.umd.logging(26066): Method > 1 tv.freewheel.extension.blueKai.BlueKaiDataExtension$1.run(tv.freewheel.extension.blueKai.BlueKaiDataExtension$1@801390444, tv.freewheel.utils.events.Event@40625752)
D/BlueKaiDataExtension(26066): requestCompleteListener()
I/org.umd.logging(26066): Method < 1 tv.freewheel.extension.blueKai.BlueKaiDataExtension$1.run()
I/org.umd.logging(26066): Method < 1 tv.freewheel.ad.AdContext$5.run()
I/Choreographer(26066): Skipped 58 frames!  The application may be doing too much work on its main thread.
D/MRAIDWebView(26066): onPageStarted, url=http://m1.fwmrm.net/ad/mraid/start/
I/org.umd.logging(26066): Method > 1 tv.freewheel.renderers.html.HTMLRenderer$3.run(tv.freewheel.renderers.html.HTMLRenderer$3@703096483)
D/MRAIDPresentationInLine(26066): show
D/MRAIDWebView(26066): onAttachedToWindow
D/MRAIDWebView(26066): using HardWare Acceleration
I/MRAIDWebView(26066): Android API level 22, hardware acceleration true
D/AdInstance(26066): [0x65d2]dispatchEvent(eventName=started)
D/AdInstance(26066): [0x65d2]process ad event:started
D/AdInstance(26066): [0x65d2][AdInst adId:11256385 replicaId:0 AdPlayingState] onRendererStarted()
D/AdInstance(26066): [0x65d2][AdInst adId:11256385 replicaId:0 AdPlayingState] commitAdInstances()
D/AdInstance(26066): [0x65d2][AdInst adId:11256385 replicaId:0 AdPlayingState]commitAdInstances() nothing to commit, translatedAds is empty.
D/CallbackManager(26066): sendDefaultImpression(false)
D/AdImpressionCallbackHandler(26066): sendTrackingCallback()
D/URLLoader(26066): [0x65d2]removeAllListeners for tv.freewheel.utils.URLLoader@b123d59
I/org.umd.logging(26066): Api > 1 java.lang.Thread.start(tv.freewheel.utils.URLLoader$1@290155806<thread=2063>)
I/org.umd.logging(26066): Api < 1 java.lang.Thread.start()
D/AdContext(26066): [0x65d2]dispatchEvent(event=defaultImpression)
I/org.umd.logging(26066): Method > 1 tv.freewheel.extension.pausead.PauseAdExtension$5.run(tv.freewheel.extension.pausead.PauseAdExtension$5@357668232, tv.freewheel.utils.events.Event@462473727)
D/PauseAdExtension(26066): adImpressionListener
I/org.umd.logging(26066): Method < 1 tv.freewheel.extension.pausead.PauseAdExtension$5.run()
D/AdInstance(26066): [0x65d2][AdInst adId:11256385 replicaId:0 AdPlayingState] playCompanionAds()
I/org.umd.logging(26066): Method < 1 tv.freewheel.renderers.html.HTMLRenderer$3.run()
W/cr_BindingManager(26066): Cannot call determinedVisibility() - never saw a connection for the pid: 26066
W/WebKit  (26066): A Parser-blocking, cross-origin script, http://wdc5.nexage.com/admax/adServe.do?cTag=ad302000&dcn=8a80944a01484840e18d41e4b3c2000c&pos=banner_300x250&req(loc)=&d(id24)=229d4aea-d76e-47c3-ad88-1eafdf3529f0&u(id)=4c1ce27631b84b418b8a5c13e8912a0e&ua=Mozilla/5.0%20%28Linux%3B%20Android%205.1.1%3B%20Nexus%204%20Build/LMY48T%3B%20wv%29%20AppleWebKit/537.36%20%28KHTML%2C%20like%20Gecko%29%20Version/4.0%20Chrome/54.0.2840.85%20Mobile%20Safari/537.36&of=js&sd=3, is invoked via document.write. This may be blocked by the browser if the device has poor network connectivity.
I/org.umd.logging(26066): Method > 2063 tv.freewheel.utils.URLLoader$1.run(tv.freewheel.utils.URLLoader$1@290155806<thread=2063>)
