I/org.umd.logging(26066): Method > 1 fr.castorflex.android.verticalviewpager.VerticalViewPager.onTouchEvent(fr.castorflex.android.verticalviewpager.VerticalViewPager@712577407<file=2016-12-13_05:19:19.573><x=0><y=194><width=768><height=990><id=2131231070><imagename=verticalviewpager>, android.view.MotionEvent@160717017)
E/Cataloger( 6490): syncFile:/storage/emulated/0/2016-12-13_05:19:19.573.jpg
I/org.umd.logging(26066): Method < 1 fr.castorflex.android.verticalviewpager.VerticalViewPager.onTouchEvent(true)
I/org.umd.logging(26066): Method < 1 flipboard.eap.gui.FlipmagArticleView.onTouchEvent(true)
E/Cataloger( 6490): syncFile:/storage/emulated/0/2016-12-13_05:19:19.769.jpg
W/ResourceType(26066): No known package when getting name for resource number 0xffffffff
I/org.umd.logging(26066): Method > 1 flipboard.eap.gui.FlipmagArticleView.onTouchEvent(flipboard.eap.gui.FlipmagArticleView@976434723<file=2016-12-13_05:19:19.769><x=0><y=194><width=768><height=990><id=-1>, android.view.MotionEvent@160717017)
E/Cataloger( 6490): syncFile:/storage/emulated/0/2016-12-13_05:19:19.769.jpg
E/Cataloger( 6490): syncFile:/storage/emulated/0/2016-12-13_05:19:20.011.jpg
I/org.umd.logging(26066): Method > 1 fr.castorflex.android.verticalviewpager.VerticalViewPager.onTouchEvent(fr.castorflex.android.verticalviewpager.VerticalViewPager@712577407<file=2016-12-13_05:19:20.011><x=0><y=194><width=768><height=990><id=2131231070><imagename=verticalviewpager>, android.view.MotionEvent@160717017)
E/Cataloger( 6490): syncFile:/storage/emulated/0/2016-12-13_05:19:20.011.jpg
I/org.umd.logging(26066): Method < 1 fr.castorflex.android.verticalviewpager.VerticalViewPager.onTouchEvent(true)
I/org.umd.logging(26066): Method < 1 flipboard.eap.gui.FlipmagArticleView.onTouchEvent(true)
E/Cataloger( 6490): syncFile:/storage/emulated/0/2016-12-13_05:19:20.233.jpg
W/ResourceType(26066): No known package when getting name for resource number 0xffffffff
I/org.umd.logging(26066): Method > 1 flipboard.eap.gui.FlipmagArticleView.onTouchEvent(flipboard.eap.gui.FlipmagArticleView@976434723<file=2016-12-13_05:19:20.233><x=0><y=194><width=768><height=990><id=-1>, android.view.MotionEvent@160717017)
E/Cataloger( 6490): syncFile:/storage/emulated/0/2016-12-13_05:19:20.233.jpg
E/Cataloger( 6490): syncFile:/storage/emulated/0/2016-12-13_05:19:20.434.jpg
I/org.umd.logging(26066): Method > 1 fr.castorflex.android.verticalviewpager.VerticalViewPager.onTouchEvent(fr.castorflex.android.verticalviewpager.VerticalViewPager@712577407<file=2016-12-13_05:19:20.434><x=0><y=194><width=768><height=990><id=2131231070><imagename=verticalviewpager>, android.view.MotionEvent@160717017)
E/ViewPager(26066): Ignore this touch event because pointerIndex is invalid. Could have been a crasher!
I/org.umd.logging(26066): Method < 1 fr.castorflex.android.verticalviewpager.VerticalViewPager.onTouchEvent(true)
I/org.umd.logging(26066): Method < 1 flipboard.eap.gui.FlipmagArticleView.onTouchEvent(true)
E/Cataloger( 6490): syncFile:/storage/emulated/0/2016-12-13_05:19:20.434.jpg
E/Cataloger( 6490): syncFile:/storage/emulated/0/2016-12-13_05:19:20.646.jpg
W/ResourceType(26066): No known package when getting name for resource number 0xffffffff
I/org.umd.logging(26066): Method > 1 flipboard.eap.gui.FlipmagArticleView.onInterceptTouchEvent(flipboard.eap.gui.FlipmagArticleView@976434723<file=2016-12-13_05:19:20.646><x=0><y=194><width=768><height=990><id=-1>, android.view.MotionEvent@160717017)
E/Cataloger( 6490): syncFile:/storage/emulated/0/2016-12-13_05:19:20.646.jpg
I/org.umd.logging(26066): Method < 1 flipboard.eap.gui.FlipmagArticleView.onInterceptTouchEvent(true)
E/Cataloger( 6490): syncFile:/storage/emulated/0/2016-12-13_05:19:20.873.jpg
I/DownloadManagerWrapper(  949): onReceive() : Charging = true
W/ResourceType(26066): No known package when getting name for resource number 0xffffffff
I/org.umd.logging(26066): Method > 1 flipboard.eap.gui.FlipmagArticleView.onTouchEvent(flipboard.eap.gui.FlipmagArticleView@976434723<file=2016-12-13_05:19:20.873><x=0><y=194><width=768><height=990><id=-1>, android.view.MotionEvent@160717017)
E/Cataloger( 6490): syncFile:/storage/emulated/0/2016-12-13_05:19:20.873.jpg
E/Cataloger( 6490): syncFile:/storage/emulated/0/2016-12-13_05:19:21.084.jpg
I/org.umd.logging(26066): Method > 1 fr.castorflex.android.verticalviewpager.VerticalViewPager.onTouchEvent(fr.castorflex.android.verticalviewpager.VerticalViewPager@712577407<file=2016-12-13_05:19:21.084><x=0><y=194><width=768><height=990><id=2131231070><imagename=verticalviewpager>, android.view.MotionEvent@160717017)
E/Cataloger( 6490): syncFile:/storage/emulated/0/2016-12-13_05:19:21.084.jpg
I/org.umd.logging(26066): Method < 1 fr.castorflex.android.verticalviewpager.VerticalViewPager.onTouchEvent(true)
I/org.umd.logging(26066): Method < 1 flipboard.eap.gui.FlipmagArticleView.onTouchEvent(true)
I/InputDispatcher(  594): Window 'Window{419c290 u0 com.cnn.mobile.android.phone/com.cnn.mobile.android.phone.ui.ArticleFragmentActivity}' spent 2119.3ms processing the last input event: MotionEvent(deviceId=6, source=0x00001002, action=0, flags=0x00000000, metaState=0x00000000, buttonState=0x00000000, edgeFlags=0x00000000, xPrecision=2.0, yPrecision=2.0, displayId=0, pointers=[0: (499.0, 1022.0)]), policyFlags=0x62000000
I/System.out(26066): Drawing 1 to android.graphics.Canvas@3323e667 for flipboard.eap.gui.FlipmagWebProxyView{1126ac14 V.ED.... ......ID 0,0-768,990}
E/Cataloger( 6490): syncFile:/storage/emulated/0/2016-12-13_05:19:21.275.jpg
W/ResourceType(26066): No known package when getting name for resource number 0xffffffff
I/org.umd.logging(26066): Method > 1 flipboard.eap.gui.FlipmagArticleView.onTouchEvent(flipboard.eap.gui.FlipmagArticleView@976434723<file=2016-12-13_05:19:21.275><x=0><y=194><width=768><height=990><id=-1>, android.view.MotionEvent@160717017)
E/Cataloger( 6490): syncFile:/storage/emulated/0/2016-12-13_05:19:21.275.jpg
E/Cataloger( 6490): syncFile:/storage/emulated/0/2016-12-13_05:19:21.501.jpg
I/org.umd.logging(26066): Method > 1 fr.castorflex.android.verticalviewpager.VerticalViewPager.onTouchEvent(fr.castorflex.android.verticalviewpager.VerticalViewPager@712577407<file=2016-12-13_05:19:21.501><x=0><y=194><width=768><height=990><id=2131231070><imagename=verticalviewpager>, android.view.MotionEvent@160717017)
I/org.umd.logging(26066): Method < 1 fr.castorflex.android.verticalviewpager.VerticalViewPager.onTouchEvent(true)
E/Cataloger( 6490): syncFile:/storage/emulated/0/2016-12-13_05:19:21.501.jpg
I/org.umd.logging(26066): Method < 1 flipboard.eap.gui.FlipmagArticleView.onTouchEvent(true)
I/InputDispatcher(  594): Window 'Window{419c290 u0 com.cnn.mobile.android.phone/com.cnn.mobile.android.phone.ui.ArticleFragmentActivity}' spent 2627.5ms processing the last input event: MotionEvent(deviceId=6, source=0x00001002, action=2, flags=0x00000000, metaState=0x00000000, buttonState=0x00000000, edgeFlags=0x00000000, xPrecision=2.0, yPrecision=2.0, displayId=0, pointers=[0: (493.5, 1015.5)]), policyFlags=0x62000000
I/InputDispatcher(  594): Window 'Window{419c290 u0 com.cnn.mobile.android.phone/com.cnn.mobile.android.phone.ui.ArticleFragmentActivity}' spent 2627.3ms processing the last input event: MotionEvent(deviceId=6, source=0x00001002, action=2, flags=0x00000000, metaState=0x00000000, buttonState=0x00000000, edgeFlags=0x00000000, xPrecision=2.0, yPrecision=2.0, displayId=0, pointers=[0: (492.5, 1014.5)]), policyFlags=0x62000000
I/InputDispatcher(  594): Window 'Window{419c290 u0 com.cnn.mobile.android.phone/com.cnn.mobile.android.phone.ui.ArticleFragmentActivity}' spent 2627.2ms processing the last input event: MotionEvent(deviceId=6, source=0x00001002, action=2, flags=0x00000000, metaState=0x00000000, buttonState=0x00000000, edgeFlags=0x00000000, xPrecision=2.0, yPrecision=2.0, displayId=0, pointers=[0: (488.0, 1009.0)]), policyFlags=0x62000000
I/InputDispatcher(  594): Window 'Window{419c290 u0 com.cnn.mobile.android.phone/com.cnn.mobile.android.phone.ui.ArticleFragmentActivity}' spent 2627.0ms processing the last input event: MotionEvent(deviceId=6, source=0x00001002, action=2, flags=0x00000000, metaState=0x00000000, buttonState=0x00000000, edgeFlags=0x00000000, xPrecision=2.0, yPrecision=2.0, displayId=0, pointers=[0: (479.0, 994.0)]), policyFlags=0x62000000
I/InputDispatcher(  594): Window 'Window{419c290 u0 com.cnn.mobile.android.phone/com.cnn.mobile.android.phone.ui.ArticleFragmentActivity}' spent 2626.9ms processing the last input event: MotionEvent(deviceId=6, source=0x00001002, action=2, flags=0x00000000, metaState=0x00000000, buttonState=0x00000000, edgeFlags=0x00000000, xPrecision=2.0, yPrecision=2.0, displayId=0, pointers=[0: (468.0, 971.0)]), policyFlags=0x62000000
I/InputDispatcher(  594): Window 'Window{419c290 u0 com.cnn.mobile.android.phone/com.cnn.mobile.android.phone.ui.ArticleFragmentActivity}' spent 2626.7ms processing the last input event: MotionEvent(deviceId=6, source=0x00001002, action=2, flags=0x00000000, metaState=0x00000000, buttonState=0x00000000, edgeFlags=0x00000000, xPrecision=2.0, yPrecision=2.0, displayId=0, pointers=[0: (458.0, 942.5)]), policyFlags=0x62000000
I/InputDispatcher(  594): Window 'Window{419c290 u0 com.cnn.mobile.android.phone/com.cnn.mobile.android.phone.ui.ArticleFragmentActivity}' spent 2626.6ms processing the last input event: MotionEvent(deviceId=6, source=0x00001002, action=2, flags=0x00000000, metaState=0x00000000, buttonState=0x00000000, edgeFlags=0x00000000, xPrecision=2.0, yPrecision=2.0, displayId=0, pointers=[0: (450.0, 910.5)]), policyFlags=0x62000000
I/InputDispatcher(  594): Window 'Window{419c290 u0 com.cnn.mobile.android.phone/com.cnn.mobile.android.phone.ui.ArticleFragmentActivity}' spent 2626.3ms processing the last input event: MotionEvent(deviceId=6, source=0x00001002, action=2, flags=0x00000000, metaState=0x00000000, buttonState=0x00000000, edgeFlags=0x00000000, xPrecision=2.0, yPrecision=2.0, displayId=0, pointers=[0: (444.5, 874.0)]), policyFlags=0x62000000
I/InputDispatcher(  594): Window 'Window{419c290 u0 com.cnn.mobile.android.phone/com.cnn.mobile.android.phone.ui.ArticleFragmentActivity}' spent 2626.2ms processing the last input event: MotionEvent(deviceId=6, source=0x00001002, action=2, flags=0x00000000, metaState=0x00000000, buttonState=0x00000000, edgeFlags=0x00000000, xPrecision=2.0, yPrecision=2.0, displayId=0, pointers=[0: (441.5, 838.5)]), policyFlags=0x62000000
I/InputDispatcher(  594): Window 'Window{419c290 u0 com.cnn.mobile.android.phone/com.cnn.mobile.android.phone.ui.ArticleFragmentActivity}' spent 2626.0ms processing the last input event: MotionEvent(deviceId=6, source=0x00001002, action=2, flags=0x00000000, metaState=0x00000000, buttonState=0x00000000, edgeFlags=0x00000000, xPrecision=2.0, yPrecision=2.0, displayId=0, pointers=[0: (439.0, 805.0)]), policyFlags=0x62000000
I/InputDispatcher(  594): Window 'Window{419c290 u0 com.cnn.mobile.android.phone/com.cnn.mobile.android.phone.ui.ArticleFragmentActivity}' spent 2625.9ms processing the last input event: MotionEvent(deviceId=6, source=0x00001002, action=2, flags=0x00000000, metaState=0x00000000, buttonState=0x00000000, edgeFlags=0x00000000, xPrecision=2.0, yPrecision=2.0, displayId=0, pointers=[0: (437.5, 773.5)]), policyFlags=0x62000000
I/InputDispatcher(  594): Window 'Window{419c290 u0 com.cnn.mobile.android.phone/com.cnn.mobile.android.phone.ui.ArticleFragmentActivity}' spent 2625.8ms processing the last input event: MotionEvent(deviceId=6, source=0x00001002, action=2, flags=0x00000000, metaState=0x00000000, buttonState=0x00000000, edgeFlags=0x00000000, xPrecision=2.0, yPrecision=2.0, displayId=0, pointers=[0: (436.5, 744.0)]), policyFlags=0x62000000
I/InputDispatcher(  594): Window 'Window{419c290 u0 com.cnn.mobile.android.phone/com.cnn.mobile.android.phone.ui.ArticleFragmentActivity}' spent 2625.6ms processing the last input event: MotionEvent(deviceId=6, source=0x00001002, action=2, flags=0x00000000, metaState=0x00000000, buttonState=0x00000000, edgeFlags=0x00000000, xPrecision=2.0, yPrecision=2.0, displayId=0, pointers=[0: (435.5, 716.5)]), policyFlags=0x62000000
I/InputDispatcher(  594): Window 'Window{419c290 u0 com.cnn.mobile.android.phone/com.cnn.mobile.android.phone.ui.ArticleFragmentActivity}' spent 2625.5ms processing the last input event: MotionEvent(deviceId=6, source=0x00001002, action=2, flags=0x00000000, metaState=0x00000000, buttonState=0x00000000, edgeFlags=0x00000000, xPrecision=2.0, yPrecision=2.0, displayId=0, pointers=[0: (434.5, 691.0)]), policyFlags=0x62000000
I/InputDispatcher(  594): Window 'Window{419c290 u0 com.cnn.mobile.android.phone/com.cnn.mobile.android.phone.ui.ArticleFragmentActivity}' spent 2625.3ms processing the last input event: MotionEvent(deviceId=6, source=0x00001002, action=2, flags=0x00000000, metaState=0x00000000, buttonState=0x00000000, edgeFlags=0x00000000, xPrecision=2.0, yPrecision=2.0, displayId=0, pointers=[0: (433.5, 667.0)]), policyFlags=0x62000000
I/InputDispatcher(  594): Window 'Window{419c290 u0 com.cnn.mobile.android.phone/com.cnn.mobile.android.phone.ui.ArticleFragmentActivity}' spent 2625.1ms processing the last input event: MotionEvent(deviceId=6, source=0x00001002, action=2, flags=0x00000000, metaState=0x00000000, buttonState=0x00000000, edgeFlags=0x00000000, xPrecision=2.0, yPrecision=2.0, displayId=0, pointers=[0: (432.0, 643.0)]), policyFlags=0x62000000
I/InputDispatcher(  594): Window 'Window{419c290 u0 com.cnn.mobile.android.phone/com.cnn.mobile.android.phone.ui.ArticleFragmentActivity}' spent 2624.9ms processing the last input event: MotionEvent(deviceId=6, source=0x00001002, action=2, flags=0x00000000, metaState=0x00000000, buttonState=0x00000000, edgeFlags=0x00000000, xPrecision=2.0, yPrecision=2.0, displayId=0, pointers=[0: (431.0, 620.5)]), policyFlags=0x62000000
I/InputDispatcher(  594): Window 'Window{419c290 u0 com.cnn.mobile.android.phone/com.cnn.mobile.android.phone.ui.ArticleFragmentActivity}' spent 2624.8ms processing the last input event: MotionEvent(deviceId=6, source=0x00001002, action=2, flags=0x00000000, metaState=0x00000000, buttonState=0x00000000, edgeFlags=0x00000000, xPrecision=2.0, yPrecision=2.0, displayId=0, pointers=[0: (429.5, 597.5)]), policyFlags=0x62000000
I/InputDispatcher(  594): Window 'Window{419c290 u0 com.cnn.mobile.android.phone/com.cnn.mobile.android.phone.ui.ArticleFragmentActivity}' spent 2623.7ms processing the last input event: MotionEvent(deviceId=6, source=0x00001002, action=2, flags=0x00000000, metaState=0x00000000, buttonState=0x00000000, edgeFlags=0x00000000, xPrecision=2.0, yPrecision=2.0, displayId=0, pointers=[0: (429.0, 575.5)]), policyFlags=0x62000000
I/InputDispatcher(  594): Window 'Window{419c290 u0 com.cnn.mobile.android.phone/com.cnn.mobile.android.phone.ui.ArticleFragmentActivity}' spent 2623.6ms processing the last input event: MotionEvent(deviceId=6, source=0x00001002, action=2, flags=0x00000000, metaState=0x00000000, buttonState=0x00000000, edgeFlags=0x00000000, xPrecision=2.0, yPrecision=2.0, displayId=0, pointers=[0: (428.5, 554.0)]), policyFlags=0x62000000
I/InputDispatcher(  594): Window 'Window{419c290 u0 com.cnn.mobile.android.phone/com.cnn.mobile.android.phone.ui.ArticleFragmentActivity}' spent 2623.4ms processing the last input event: MotionEvent(deviceId=6, source=0x00001002, action=2, flags=0x00000000, metaState=0x00000000, buttonState=0x00000000, edgeFlags=0x00000000, xPrecision=2.0, yPrecision=2.0, displayId=0, pointers=[0: (429.0, 534.0)]), policyFlags=0x62000000
I/InputDispatcher(  594): Window 'Window{419c290 u0 com.cnn.mobile.android.phone/com.cnn.mobile.android.phone.ui.ArticleFragmentActivity}' spent 2623.2ms processing the last input event: MotionEvent(deviceId=6, source=0x00001002, action=2, flags=0x00000000, metaState=0x00000000, buttonState=0x00000000, edgeFlags=0x00000000, xPrecision=2.0, yPrecision=2.0, displayId=0, pointers=[0: (430.0, 514.5)]), policyFlags=0x62000000
I/InputDispatcher(  594): Window 'Window{419c290 u0 com.cnn.mobile.android.phone/com.cnn.mobile.android.phone.ui.ArticleFragmentActivity}' spent 2623.1ms processing the last input event: MotionEvent(deviceId=6, source=0x00001002, action=2, flags=0x00000000, metaState=0x00000000, buttonState=0x00000000, edgeFlags=0x00000000, xPrecision=2.0, yPrecision=2.0, displayId=0, pointers=[0: (432.0, 497.0)]), policyFlags=0x62000000
I/InputDispatcher(  594): Window 'Window{419c290 u0 com.cnn.mobile.android.phone/com.cnn.mobile.android.phone.ui.ArticleFragmentActivity}' spent 2622.9ms processing the last input event: MotionEvent(deviceId=6, source=0x00001002, action=2, flags=0x00000000, metaState=0x00000000, buttonState=0x00000000, edgeFlags=0x00000000, xPrecision=2.0, yPrecision=2.0, displayId=0, pointers=[0: (434.5, 479.0)]), policyFlags=0x62000000
I/InputDispatcher(  594): Window 'Window{419c290 u0 com.cnn.mobile.android.phone/com.cnn.mobile.android.phone.ui.ArticleFragmentActivity}' spent 2622.8ms processing the last input event: MotionEvent(deviceId=6, source=0x00001002, action=2, flags=0x00000000, metaState=0x00000000, buttonState=0x00000000, edgeFlags=0x00000000, xPrecision=2.0, yPrecision=2.0, displayId=0, pointers=[0: (438.0, 462.0)]), policyFlags=0x62000000
I/InputDispatcher(  594): Window 'Window{419c290 u0 com.cnn.mobile.android.phone/com.cnn.mobile.android.phone.ui.ArticleFragmentActivity}' spent 2622.6ms processing the last input event: MotionEvent(deviceId=6, source=0x00001002, action=2, flags=0x00000000, metaState=0x00000000, buttonState=0x00000000, edgeFlags=0x00000000, xPrecision=2.0, yPrecision=2.0, displayId=0, pointers=[0: (442.5, 446.5)]), policyFlags=0x62000000
I/InputDispatcher(  594): Window 'Window{419c290 u0 com.cnn.mobile.android.phone/com.cnn.mobile.android.phone.ui.ArticleFragmentActivity}' spent 2622.5ms processing the last input event: MotionEvent(deviceId=6, source=0x00001002, action=2, flags=0x00000000, metaState=0x00000000, buttonState=0x00000000, edgeFlags=0x00000000, xPrecision=2.0, yPrecision=2.0, displayId=0, pointers=[0: (447.0, 431.5)]), policyFlags=0x62000000
I/InputDispatcher(  594): Window 'Window{419c290 u0 com.cnn.mobile.android.phone/com.cnn.mobile.android.phone.ui.ArticleFragmentActivity}' spent 2622.3ms processing the last input event: MotionEvent(deviceId=6, source=0x00001002, action=2, flags=0x00000000, metaState=0x00000000, buttonState=0x00000000, edgeFlags=0x00000000, xPrecision=2.0, yPrecision=2.0, displayId=0, pointers=[0: (452.0, 418.5)]), policyFlags=0x62000000
I/InputDispatcher(  594): Window 'Window{419c290 u0 com.cnn.mobile.android.phone/com.cnn.mobile.android.phone.ui.ArticleFragmentActivity}' spent 2622.2ms processing the last input event: MotionEvent(deviceId=6, source=0x00001002, action=2, flags=0x00000000, metaState=0x00000000, buttonState=0x00000000, edgeFlags=0x00000000, xPrecision=2.0, yPrecision=2.0, displayId=0, pointers=[0: (457.0, 406.5)]), policyFlags=0x62000000
I/InputDispatcher(  594): Window 'Window{419c290 u0 com.cnn.mobile.android.phone/com.cnn.mobile.android.phone.ui.ArticleFragmentActivity}' spent 2622.0ms processing the last input event: MotionEvent(deviceId=6, source=0x00001002, action=2, flags=0x00000000, metaState=0x00000000, buttonState=0x00000000, edgeFlags=0x00000000, xPrecision=2.0, yPrecision=2.0, displayId=0, pointers=[0: (461.5, 397.0)]), policyFlags=0x62000000
I/InputDispatcher(  594): Window 'Window{419c290 u0 com.cnn.mobile.android.phone/com.cnn.mobile.android.phone.ui.ArticleFragmentActivity}' spent 2621.9ms processing the last input event: MotionEvent(deviceId=6, source=0x00001002, action=2, flags=0x00000000, metaState=0x00000000, buttonState=0x00000000, edgeFlags=0x00000000, xPrecision=2.0, yPrecision=2.0, displayId=0, pointers=[0: (465.5, 389.0)]), policyFlags=0x62000000
I/InputDispatcher(  594): Window 'Window{419c290 u0 com.cnn.mobile.android.phone/com.cnn.mobile.android.phone.ui.ArticleFragmentActivity}' spent 2621.7ms processing the last input event: MotionEvent(deviceId=6, source=0x00001002, action=2, flags=0x00000000, metaState=0x00000000, buttonState=0x00000000, edgeFlags=0x00000000, xPrecision=2.0, yPrecision=2.0, displayId=0, pointers=[0: (469.0, 383.5)]), policyFlags=0x62000000
I/InputDispatcher(  594): Window 'Window{419c290 u0 com.cnn.mobile.android.phone/com.cnn.mobile.android.phone.ui.ArticleFragmentActivity}' spent 2621.5ms processing the last input event: MotionEvent(deviceId=6, source=0x00001002, action=2, flags=0x00000000, metaState=0x00000000, buttonState=0x00000000, edgeFlags=0x00000000, xPrecision=2.0, yPrecision=2.0, displayId=0, pointers=[0: (472.0, 379.5)]), policyFlags=0x62000000
I/InputDispatcher(  594): Window 'Window{419c290 u0 com.cnn.mobile.android.phone/com.cnn.mobile.android.phone.ui.ArticleFragmentActivity}' spent 2621.4ms processing the last input event: MotionEvent(deviceId=6, source=0x00001002, action=2, flags=0x00000000, metaState=0x00000000, buttonState=0x00000000, edgeFlags=0x00000000, xPrecision=2.0, yPrecision=2.0, displayId=0, pointers=[0: (475.5, 375.5)]), policyFlags=0x62000000
E/Cataloger( 6490): syncFile:/storage/emulated/0/2016-12-13_05:19:21.782.jpg
W/ResourceType(26066): No known package when getting name for resource number 0xffffffff
I/org.umd.logging(26066): Method > 1 flipboard.eap.gui.FlipmagArticleView.onTouchEvent(flipboard.eap.gui.FlipmagArticleView@976434723<file=2016-12-13_05:19:21.782><x=0><y=194><width=768><height=990><id=-1>, android.view.MotionEvent@160717017)
E/Cataloger( 6490): syncFile:/storage/emulated/0/2016-12-13_05:19:21.782.jpg
E/Cataloger( 6490): syncFile:/storage/emulated/0/2016-12-13_05:19:21.988.jpg
I/org.umd.logging(26066): Method > 1 fr.castorflex.android.verticalviewpager.VerticalViewPager.onTouchEvent(fr.castorflex.android.verticalviewpager.VerticalViewPager@712577407<file=2016-12-13_05:19:21.988><x=0><y=194><width=768><height=990><id=2131231070><imagename=verticalviewpager>, android.view.MotionEvent@160717017)
E/ViewPager(26066): Ignore this touch event because pointerIndex is invalid. Could have been a crasher!
E/Cataloger( 6490): syncFile:/storage/emulated/0/2016-12-13_05:19:21.988.jpg
I/org.umd.logging(26066): Method < 1 fr.castorflex.android.verticalviewpager.VerticalViewPager.onTouchEvent(true)
I/org.umd.logging(26066): Method < 1 flipboard.eap.gui.FlipmagArticleView.onTouchEvent(true)
I/InputDispatcher(  594): Window 'Window{419c290 u0 com.cnn.mobile.android.phone/com.cnn.mobile.android.phone.ui.ArticleFragmentActivity}' spent 3036.1ms processing the last input event: MotionEvent(deviceId=6, source=0x00001002, action=1, flags=0x00000000, metaState=0x00000000, buttonState=0x00000000, edgeFlags=0x00000000, xPrecision=2.0, yPrecision=2.0, displayId=0, pointers=[0: (475.5, 375.5)]), policyFlags=0x62000000
E/Cataloger( 6490): syncFile:/storage/emulated/0/2016-12-13_05:19:22.202.jpg
W/ResourceType(26066): No known package when getting name for resource number 0xffffffff
I/org.umd.logging(26066): Method > 1 flipboard.eap.gui.FlipmagWebView$2.onLongClick(flipboard.eap.gui.FlipmagWebView$2@144290167, flipboard.eap.gui.FlipmagWebView@290959098<file=2016-12-13_05:19:22.202><x=0><y=194><width=768><height=990><id=-1>)
I/org.umd.logging(26066): Method < 1 flipboard.eap.gui.FlipmagWebView$2.onLongClick(true)
E/Cataloger( 6490): syncFile:/storage/emulated/0/2016-12-13_05:19:22.202.jpg
I/Choreographer(26066): Skipped 239 frames!  The application may be doing too much work on its main thread.
I/org.umd.logging(26066): Method > 1 fr.castorflex.android.verticalviewpager.VerticalViewPager$3.run(fr.castorflex.android.verticalviewpager.VerticalViewPager$3@753185458)
I/org.umd.logging(26066): Method < 1 fr.castorflex.android.verticalviewpager.VerticalViewPager$3.run()
I/System.out(26066): Drawing 2 to android.graphics.Canvas@337e8203 for flipboard.eap.gui.FlipmagWebProxyView{9cc7580 V.ED.... ......ID 0,0-768,990}
D/MRAIDWebView(26066): onLoadResource, url:http://perpro31-ue1b.ml314.com/imsync.ashx?pi=5978151302263253766&data=eyJwaCI6MjUwLCJ3aCI6MjUwLCJ0YnMiOjAsImR0IjoxNCwicGlkIjoiMTQ4MTY2NzU0NTI0M185cHR2dmR3eDIiLCJzZCI6MjUwfQ%3D%3D
D/flipboard_fdl(26066): [DEBUG:1] hide page transition viewpager
D/flipboard_fdl(26066): [DEBUG:1] Report page move - pagesWithSnapshotUpdated[2] is 1
D/ArticleFlipboardFragment(26066): flip notify PAGE_MOVE
D/ArticleFlipboardFragment(26066): Page moved. 2 hasImage=true
D/flipboard_fdl(26066): [DEBUG:1] Report page move - page 2, hasImage true
D/MRAIDWebView(26066): onLoadResource, url:https://ad.doubleclick.net/activity;src=2590334;pid=141782969;aid=314575597;ko=0;cid=72295742;rid=72175542;rv=1;met=1;&timestamp=1481667564142;eid1=2;ecn1=0;etm1=9;
W/ResourceType(  738): No package identifier when getting value for resource number 0x00000000
W/PackageManager(  738): Failure retrieving resources for com.cnn.mobile.android.phone: Resource ID #0x0
D/audio_hw_primary(  190): select_devices: out_snd_device(2: speaker) in_snd_device(0: none)
D/ACDB-LOADER(  190): ACDB -> send_afe_cal
D/audio_hw_primary(  190): enable_snd_device: snd_device(2: speaker)
D/audio_hw_primary(  190): enable_audio_route: apply and update mixer path: low-latency-playback
I/ActivityManager(  594): START u0 {act=com.android.systemui.recents.SHOW_RECENTS flg=0x10804000 cmp=com.android.systemui/.recents.RecentsActivity} from uid 10022 on display 0
I/org.umd.logging(26066): Method > 1 com.cnn.mobile.android.phone.ui.ArticleFragmentActivity.onPause(com.cnn.mobile.android.phone.ui.ArticleFragmentActivity@806247424<activity=true>)
I/org.umd.logging(26066): Method > 1 com.cnn.mobile.android.phone.ui.BaseFragmentActivity.onPause(com.cnn.mobile.android.phone.ui.ArticleFragmentActivity@806247424<activity=true>)
I/org.umd.logging(26066): Method > 1 com.cnn.mobile.android.phone.ui.ArticleFlipboardFragment.onPause(com.cnn.mobile.android.phone.ui.ArticleFlipboardFragment@670154711<fragment=true>)
I/org.umd.logging(26066): Method < 1 com.cnn.mobile.android.phone.ui.ArticleFlipboardFragment.onPause()
I/org.umd.logging(26066): Method > 1 com.cnn.mobile.android.phone.ui.ArticleFlipboardFragment.onPause(com.cnn.mobile.android.phone.ui.ArticleFlipboardFragment@776103902<fragment=true>)
I/org.umd.logging(26066): Method < 1 com.cnn.mobile.android.phone.ui.ArticleFlipboardFragment.onPause()
I/org.umd.logging(26066): Method > 1 com.cnn.mobile.android.phone.ui.ArticleFlipboardFragment.onPause(com.cnn.mobile.android.phone.ui.ArticleFlipboardFragment@412902481<fragment=true>)
I/org.umd.logging(26066): Method < 1 com.cnn.mobile.android.phone.ui.ArticleFlipboardFragment.onPause()
I/org.umd.logging(26066): Method > 1 com.cnn.mobile.android.phone.ui.ArticleFlipboardFragment.onPause(com.cnn.mobile.android.phone.ui.ArticleFlipboardFragment@913437837<fragment=true>)
I/org.umd.logging(26066): Method < 1 com.cnn.mobile.android.phone.ui.ArticleFlipboardFragment.onPause()
I/org.umd.logging(26066): Method > 1 com.cnn.mobile.android.phone.ui.ArticleFlipboardFragment.onPause(com.cnn.mobile.android.phone.ui.ArticleFlipboardFragment@227953801<fragment=true>)
I/org.umd.logging(26066): Method < 1 com.cnn.mobile.android.phone.ui.ArticleFlipboardFragment.onPause()
I/org.umd.logging(26066): Method > 1 com.cnn.mobile.android.phone.ui.ArticleFlipboardFragment.onPause(com.cnn.mobile.android.phone.ui.ArticleFlipboardFragment@915286085<fragment=true>)
I/org.umd.logging(26066): Method < 1 com.cnn.mobile.android.phone.ui.ArticleFlipboardFragment.onPause()
I/org.umd.logging(26066): Method > 1 com.cnn.mobile.android.phone.ui.ArticleFlipboardFragment.onPause(com.cnn.mobile.android.phone.ui.ArticleFlipboardFragment@325977025<fragment=true>)
I/org.umd.logging(26066): Method < 1 com.cnn.mobile.android.phone.ui.ArticleFlipboardFragment.onPause()
I/org.umd.logging(26066): Method > 1 com.comscore.utils.task.TaskExecutor.execute(com.comscore.utils.task.TaskExecutor@409045281, com.comscore.analytics.aa@417019833, true)
I/org.umd.logging(26066): Method > 1 com.comscore.utils.task.CustomThreadPoolExecutor.execute(com.comscore.utils.task.CustomThreadPoolExecutor@1017943645, com.comscore.analytics.aa@417019833)
I/org.umd.logging(26066): Method > 1810 com.comscore.analytics.aa.run(com.comscore.analytics.aa@417019833)
I/org.umd.logging(26066): Method < 1 com.comscore.utils.task.CustomThreadPoolExecutor.execute()
I/org.umd.logging(26066): Method < 1 com.comscore.utils.task.TaskExecutor.execute(true)
I/org.umd.logging(26066): Method < 1810 com.comscore.analytics.aa.run()
I/org.umd.logging(26066): Method < 1 com.cnn.mobile.android.phone.ui.BaseFragmentActivity.onPause()
I/org.umd.logging(26066): Method < 1 com.cnn.mobile.android.phone.ui.ArticleFragmentActivity.onPause()
W/InputMethodManagerService(  594): Starting input on non-focused client com.android.internal.view.IInputMethodClient$Stub$Proxy@188a841c (uid=10225 pid=26066)
I/org.umd.logging( 4986): Method > 1 com.cleanmaster.base.crash.util.debug.b.run(com.cleanmaster.base.crash.util.debug.b@453239735)
I/org.umd.logging( 4986): Method < 1 com.cleanmaster.base.crash.util.debug.b.run()
D/KeepAlive(26066): stop
D/KeepAlive(26066): cancel()
D/KeepAlive(26066): processKeepAlive(true) timeSinceLastTransmission=31256 currentTimeout=86400000
I/org.umd.logging(26066): Api > 2069 java.lang.Thread.start(java.lang.Thread@444800510<thread=2070>)
I/org.umd.logging(26066): Api < 2069 java.lang.Thread.start()
I/org.umd.logging(26066): Method > 2070 com.comscore.utils.f.run(com.comscore.utils.f@203001218)
I/org.umd.logging(26066): Method > 1 com.cnn.mobile.android.phone.ui.MainActivity.onDestroy(com.cnn.mobile.android.phone.ui.MainActivity@923165487<activity=true>)
I/org.umd.logging(26066): Method > 1 com.cnn.mobile.android.phone.ui.BaseFragmentActivity.onDestroy(com.cnn.mobile.android.phone.ui.MainActivity@923165487<activity=true>)
I/ActivityManager(  594): Killing 26066:com.cnn.mobile.android.phone/u0a225 (adj 9): remove task
I/WindowState(  594): WIN DEATH: Window{89e2529 u0 com.cnn.mobile.android.phone/com.cnn.mobile.android.phone.ui.MainActivity}
D/ConnectivityService(  594): ConnectivityService NetworkRequestInfo binderDied(NetworkRequest [ id=61, legacyType=-1, [ Capabilities: INTERNET&NOT_RESTRICTED&TRUSTED] ], android.os.BinderProxy@30e2f825)
D/ConnectivityService(  594): ConnectivityService NetworkRequestInfo binderDied(NetworkRequest [ id=60, legacyType=-1, [ Capabilities: INTERNET&NOT_RESTRICTED&TRUSTED] ], android.os.BinderProxy@9dd1dfa)
D/ConnectivityService(  594): releasing NetworkRequest NetworkRequest [ id=61, legacyType=-1, [ Capabilities: INTERNET&NOT_RESTRICTED&TRUSTED] ]
E/ConnectivityService(  594): RemoteException caught trying to send a callback msg for NetworkRequest [ id=61, legacyType=-1, [ Capabilities: INTERNET&NOT_RESTRICTED&TRUSTED] ]
D/ConnectivityService(  594): releasing NetworkRequest NetworkRequest [ id=60, legacyType=-1, [ Capabilities: INTERNET&NOT_RESTRICTED&TRUSTED] ]
E/ConnectivityService(  594): RemoteException caught trying to send a callback msg for NetworkRequest [ id=60, legacyType=-1, [ Capabilities: INTERNET&NOT_RESTRICTED&TRUSTED] ]
I/WindowState(  594): WIN DEATH: Window{419c290 u0 com.cnn.mobile.android.phone/com.cnn.mobile.android.phone.ui.ArticleFragmentActivity}
I/ActivityManager(  594): START u0 {act=android.intent.action.MAIN cat=[android.intent.category.HOME] flg=0x10200000 cmp=com.android.launcher/com.android.launcher2.Launcher} from uid 10022 on display 0
D/TaskPersister(  594): removeObsoleteFile: deleting file=36_task.xml
D/TaskPersister(  594): removeObsoleteFile: deleting file=36_task_thumbnail.png
W/OpenGLRenderer( 1054): Incorrectly called buildLayer on View: ShortcutAndWidgetContainer, destroying layer...
W/OpenGLRenderer( 1054): Incorrectly called buildLayer on View: ShortcutAndWidgetContainer, destroying layer...
D/audio_hw_primary(  190): disable_audio_route: reset and update mixer path: low-latency-playback
D/audio_hw_primary(  190): disable_snd_device: snd_device(2: speaker)
I/DownloadManagerWrapper(  949): onReceive() : Charging = true
I/DownloadManagerWrapper(  949): onReceive() : Charging = true
E/WifiStateMachine(  594): WifiStateMachine CMD_START_SCAN source -2 txSuccessRate=52.84 rxSuccessRate=34.29 targetRoamBSSID=any RSSI=-45
I/DownloadManagerWrapper(  949): onReceive() : Charging = true
I/DownloadManagerWrapper(  949): onReceive() : Charging = true
I/DownloadManagerWrapper(  949): onReceive() : Charging = true
I/EventLogChimeraService( 1667): Aggregate from 1481665763865 (log), 1481665763865 (data)
