E/Cataloger( 6490): syncFile:/storage/emulated/0/2016-12-13_05:24:48.774.jpg
W/ResourceType(12204): No known package when getting name for resource number 0xffffffff
I/org.umd.logging(12204): Method > 1 flipboard.eap.gui.FlipmagWebView.onTouchEvent(flipboard.eap.gui.FlipmagWebView@610620059<file=2016-12-13_05:24:48.774><x=0><y=194><width=768><height=990><id=-1>, android.view.MotionEvent@35836210)
E/Cataloger( 6490): syncFile:/storage/emulated/0/2016-12-13_05:24:48.774.jpg
I/org.umd.logging(12204): Method < 1 flipboard.eap.gui.FlipmagWebView.onTouchEvent(true)
I/org.umd.logging(12204): Method < 1 flipboard.eap.gui.FlipmagArticleView.onTouchEvent(true)
I/InputDispatcher(  594): Window 'Window{27a8ca1d u0 com.cnn.mobile.android.phone/com.cnn.mobile.android.phone.ui.ArticleFragmentActivity}' spent 14721.8ms processing the last input event: MotionEvent(deviceId=0, source=0x00001002, action=0, flags=0x00000000, metaState=0x00000000, buttonState=0x00000000, edgeFlags=0x00000000, xPrecision=1.0, yPrecision=1.0, displayId=0, pointers=[0: (615.0, 980.0)]), policyFlags=0x6b000000
E/Cataloger( 6490): syncFile:/storage/emulated/0/2016-12-13_05:24:48.963.jpg
W/ResourceType(12204): No known package when getting name for resource number 0xffffffff
I/org.umd.logging(12204): Method > 1 flipboard.eap.gui.FlipmagArticleView.onTouchEvent(flipboard.eap.gui.FlipmagArticleView@871570053<file=2016-12-13_05:24:48.963><x=0><y=194><width=768><height=990><id=-1>, android.view.MotionEvent@35836210)
E/Cataloger( 6490): syncFile:/storage/emulated/0/2016-12-13_05:24:48.963.jpg
I/InputDispatcher(  594): Application is not responding: Window{27a8ca1d u0 com.cnn.mobile.android.phone/com.cnn.mobile.android.phone.ui.ArticleFragmentActivity}.  It has been 5002.5ms since event, 5001.1ms since wait started.  Reason: Waiting to send non-key event because the touched window has not finished processing certain input events that were delivered to it over 500.0ms ago.  Wait queue length: 13.  Wait queue head age: 15054.6ms.
I/WindowManager(  594): Input event dispatching timed out sending to com.cnn.mobile.android.phone/com.cnn.mobile.android.phone.ui.ArticleFragmentActivity.  Reason: Waiting to send non-key event because the touched window has not finished processing certain input events that were delivered to it over 500.0ms ago.  Wait queue length: 13.  Wait queue head age: 15054.6ms.
W/InputManager(  594): Input event injection from pid 12186 timed out.
I/ActivityManager(  594): Skipping duplicate ANR: ProcessRecord{151d379e 12204:com.cnn.mobile.android.phone/u0a225} Input dispatching timed out (Waiting to send non-key event because the touched window has not finished processing certain input events that were delivered to it over 500.0ms ago.  Wait queue length: 13.  Wait queue head age: 15054.6ms.)
E/Cataloger( 6490): syncFile:/storage/emulated/0/2016-12-13_05:24:49.182.jpg
I/org.umd.logging(12204): Method > 1 fr.castorflex.android.verticalviewpager.VerticalViewPager.onTouchEvent(fr.castorflex.android.verticalviewpager.VerticalViewPager@368255565<file=2016-12-13_05:24:49.182><x=0><y=194><width=768><height=990><id=2131231070><imagename=verticalviewpager>, android.view.MotionEvent@35836210)
E/Cataloger( 6490): syncFile:/storage/emulated/0/2016-12-13_05:24:49.182.jpg
I/org.umd.logging(12204): Method < 1 fr.castorflex.android.verticalviewpager.VerticalViewPager.onTouchEvent(false)
D/ThermalDaemon(  196): Sensor 'tsens_tz_sensor9' - alarm cleared 1 at 52.0 degC
E/Cataloger( 6490): syncFile:/storage/emulated/0/2016-12-13_05:24:49.394.jpg
W/ResourceType(12204): No known package when getting name for resource number 0xffffffff
I/org.umd.logging(12204): Method > 1 flipboard.eap.gui.FlipmagWebView.onTouchEvent(flipboard.eap.gui.FlipmagWebView@610620059<file=2016-12-13_05:24:49.394><x=0><y=194><width=768><height=990><id=-1>, android.view.MotionEvent@35836210)
I/org.umd.logging(12204): Method < 1 flipboard.eap.gui.FlipmagWebView.onTouchEvent(true)
I/org.umd.logging(12204): Method < 1 flipboard.eap.gui.FlipmagArticleView.onTouchEvent(true)
E/Cataloger( 6490): syncFile:/storage/emulated/0/2016-12-13_05:24:49.394.jpg
I/InputDispatcher(  594): Window 'Window{27a8ca1d u0 com.cnn.mobile.android.phone/com.cnn.mobile.android.phone.ui.ArticleFragmentActivity}' spent 15424.5ms processing the last input event: MotionEvent(deviceId=0, source=0x00001002, action=1, flags=0x00000000, metaState=0x00000000, buttonState=0x00000000, edgeFlags=0x00000000, xPrecision=1.0, yPrecision=1.0, displayId=0, pointers=[0: (613.5, 981.4)]), policyFlags=0x6b000000
E/Cataloger( 6490): syncFile:/storage/emulated/0/2016-12-13_05:24:49.667.jpg
W/ResourceType(12204): No known package when getting name for resource number 0xffffffff
I/org.umd.logging(12204): Method > 1 flipboard.eap.gui.FlipmagArticleView.onInterceptTouchEvent(flipboard.eap.gui.FlipmagArticleView@871570053<file=2016-12-13_05:24:49.667><x=0><y=194><width=768><height=990><id=-1>, android.view.MotionEvent@35836210)
E/Cataloger( 6490): syncFile:/storage/emulated/0/2016-12-13_05:24:49.667.jpg
I/org.umd.logging(12204): Method < 1 flipboard.eap.gui.FlipmagArticleView.onInterceptTouchEvent(true)
E/Cataloger( 6490): syncFile:/storage/emulated/0/2016-12-13_05:24:49.886.jpg
W/ResourceType(12204): No known package when getting name for resource number 0xffffffff
I/org.umd.logging(12204): Method > 1 flipboard.eap.gui.FlipmagArticleView.onTouchEvent(flipboard.eap.gui.FlipmagArticleView@871570053<file=2016-12-13_05:24:49.886><x=0><y=194><width=768><height=990><id=-1>, android.view.MotionEvent@35836210)
E/Cataloger( 6490): syncFile:/storage/emulated/0/2016-12-13_05:24:49.886.jpg
E/Cataloger( 6490): syncFile:/storage/emulated/0/2016-12-13_05:24:50.058.jpg
I/org.umd.logging(12204): Method > 1 fr.castorflex.android.verticalviewpager.VerticalViewPager.onTouchEvent(fr.castorflex.android.verticalviewpager.VerticalViewPager@368255565<file=2016-12-13_05:24:50.058><x=0><y=194><width=768><height=990><id=2131231070><imagename=verticalviewpager>, android.view.MotionEvent@35836210)
E/Cataloger( 6490): syncFile:/storage/emulated/0/2016-12-13_05:24:50.058.jpg
I/org.umd.logging(12204): Method < 1 fr.castorflex.android.verticalviewpager.VerticalViewPager.onTouchEvent(false)
E/Cataloger( 6490): syncFile:/storage/emulated/0/2016-12-13_05:24:50.325.jpg
I/org.umd.logging( 4986): Method > 501 com.a.a.a.a.d.run(com.a.a.a.a.d@98572724)
W/ResourceType(12204): No known package when getting name for resource number 0xffffffff
I/org.umd.logging(12204): Method > 1 flipboard.eap.gui.FlipmagWebView.onTouchEvent(flipboard.eap.gui.FlipmagWebView@610620059<file=2016-12-13_05:24:50.325><x=0><y=194><width=768><height=990><id=-1>, android.view.MotionEvent@35836210)
E/Cataloger( 6490): syncFile:/storage/emulated/0/2016-12-13_05:24:50.325.jpg
I/org.umd.logging(12204): Method < 1 flipboard.eap.gui.FlipmagWebView.onTouchEvent(true)
I/org.umd.logging(12204): Method < 1 flipboard.eap.gui.FlipmagArticleView.onTouchEvent(true)
I/InputDispatcher(  594): Window 'Window{27a8ca1d u0 com.cnn.mobile.android.phone/com.cnn.mobile.android.phone.ui.ArticleFragmentActivity}' spent 16267.2ms processing the last input event: MotionEvent(deviceId=0, source=0x00001002, action=0, flags=0x00000000, metaState=0x00000000, buttonState=0x00000000, edgeFlags=0x00000000, xPrecision=1.0, yPrecision=1.0, displayId=0, pointers=[0: (308.0, 1002.0)]), policyFlags=0x6b000000
I/org.umd.logging( 4986): Method > 501 com.a.a.a.d.o.run(com.a.a.a.d.o@941943122)
I/org.umd.logging( 4986): Api > 501 android.net.ConnectivityManager.getActiveNetworkInfo(android.net.ConnectivityManager@2088560)
I/org.umd.logging( 4986): Api < 501 android.net.ConnectivityManager.getActiveNetworkInfo(android.net.NetworkInfo@395942565)
I/org.umd.logging( 4986): Method < 501 com.a.a.a.d.o.run()
I/org.umd.logging( 4986): Method < 501 com.a.a.a.a.d.run()
E/Cataloger( 6490): syncFile:/storage/emulated/0/2016-12-13_05:24:50.511.jpg
W/ResourceType(12204): No known package when getting name for resource number 0xffffffff
I/org.umd.logging(12204): Method > 1 flipboard.eap.gui.FlipmagArticleView.onTouchEvent(flipboard.eap.gui.FlipmagArticleView@871570053<file=2016-12-13_05:24:50.511><x=0><y=194><width=768><height=990><id=-1>, android.view.MotionEvent@35836210)
E/Cataloger( 6490): syncFile:/storage/emulated/0/2016-12-13_05:24:50.511.jpg
E/Cataloger( 6490): syncFile:/storage/emulated/0/2016-12-13_05:24:50.687.jpg
I/org.umd.logging(12204): Method > 1 fr.castorflex.android.verticalviewpager.VerticalViewPager.onTouchEvent(fr.castorflex.android.verticalviewpager.VerticalViewPager@368255565<file=2016-12-13_05:24:50.687><x=0><y=194><width=768><height=990><id=2131231070><imagename=verticalviewpager>, android.view.MotionEvent@35836210)
I/org.umd.logging(12204): Method < 1 fr.castorflex.android.verticalviewpager.VerticalViewPager.onTouchEvent(false)
E/Cataloger( 6490): syncFile:/storage/emulated/0/2016-12-13_05:24:50.687.jpg
E/Cataloger( 6490): syncFile:/storage/emulated/0/2016-12-13_05:24:50.857.jpg
I/DownloadManagerWrapper(  949): onReceive() : Charging = true
W/ResourceType(12204): No known package when getting name for resource number 0xffffffff
I/org.umd.logging(12204): Method > 1 flipboard.eap.gui.FlipmagWebView.onTouchEvent(flipboard.eap.gui.FlipmagWebView@610620059<file=2016-12-13_05:24:50.857><x=0><y=194><width=768><height=990><id=-1>, android.view.MotionEvent@35836210)
E/Cataloger( 6490): syncFile:/storage/emulated/0/2016-12-13_05:24:50.857.jpg
I/org.umd.logging(12204): Method < 1 flipboard.eap.gui.FlipmagWebView.onTouchEvent(true)
I/org.umd.logging(12204): Method < 1 flipboard.eap.gui.FlipmagArticleView.onTouchEvent(true)
I/InputDispatcher(  594): Window 'Window{27a8ca1d u0 com.cnn.mobile.android.phone/com.cnn.mobile.android.phone.ui.ArticleFragmentActivity}' spent 16849.3ms processing the last input event: MotionEvent(deviceId=0, source=0x00001002, action=1, flags=0x00000000, metaState=0x00000000, buttonState=0x00000000, edgeFlags=0x00000000, xPrecision=1.0, yPrecision=1.0, displayId=0, pointers=[0: (316.1, 999.3)]), policyFlags=0x6b000000
E/Cataloger( 6490): syncFile:/storage/emulated/0/2016-12-13_05:24:51.095.jpg
W/ResourceType(12204): No known package when getting name for resource number 0xffffffff
I/org.umd.logging(12204): Method > 1 flipboard.eap.gui.FlipmagArticleView.onInterceptTouchEvent(flipboard.eap.gui.FlipmagArticleView@871570053<file=2016-12-13_05:24:51.095><x=0><y=194><width=768><height=990><id=-1>, android.view.MotionEvent@35836210)
E/Cataloger( 6490): syncFile:/storage/emulated/0/2016-12-13_05:24:51.095.jpg
I/org.umd.logging(12204): Method < 1 flipboard.eap.gui.FlipmagArticleView.onInterceptTouchEvent(true)
E/Cataloger( 6490): syncFile:/storage/emulated/0/2016-12-13_05:24:51.272.jpg
W/ResourceType(12204): No known package when getting name for resource number 0xffffffff
I/org.umd.logging(12204): Method > 1 flipboard.eap.gui.FlipmagArticleView.onTouchEvent(flipboard.eap.gui.FlipmagArticleView@871570053<file=2016-12-13_05:24:51.272><x=0><y=194><width=768><height=990><id=-1>, android.view.MotionEvent@35836210)
E/Cataloger( 6490): syncFile:/storage/emulated/0/2016-12-13_05:24:51.272.jpg
E/Cataloger( 6490): syncFile:/storage/emulated/0/2016-12-13_05:24:51.435.jpg
I/org.umd.logging(12204): Method > 1 fr.castorflex.android.verticalviewpager.VerticalViewPager.onTouchEvent(fr.castorflex.android.verticalviewpager.VerticalViewPager@368255565<file=2016-12-13_05:24:51.435><x=0><y=194><width=768><height=990><id=2131231070><imagename=verticalviewpager>, android.view.MotionEvent@35836210)
I/org.umd.logging(12204): Method < 1 fr.castorflex.android.verticalviewpager.VerticalViewPager.onTouchEvent(false)
E/Cataloger( 6490): syncFile:/storage/emulated/0/2016-12-13_05:24:51.435.jpg
E/Cataloger( 6490): syncFile:/storage/emulated/0/2016-12-13_05:24:51.620.jpg
W/ResourceType(12204): No known package when getting name for resource number 0xffffffff
I/org.umd.logging(12204): Method > 1 flipboard.eap.gui.FlipmagWebView.onTouchEvent(flipboard.eap.gui.FlipmagWebView@610620059<file=2016-12-13_05:24:51.620><x=0><y=194><width=768><height=990><id=-1>, android.view.MotionEvent@35836210)
I/org.umd.logging(12204): Method < 1 flipboard.eap.gui.FlipmagWebView.onTouchEvent(true)
I/org.umd.logging(12204): Method < 1 flipboard.eap.gui.FlipmagArticleView.onTouchEvent(true)
I/InputDispatcher(  594): Window 'Window{27a8ca1d u0 com.cnn.mobile.android.phone/com.cnn.mobile.android.phone.ui.ArticleFragmentActivity}' spent 17591.6ms processing the last input event: MotionEvent(deviceId=0, source=0x00001002, action=0, flags=0x00000000, metaState=0x00000000, buttonState=0x00000000, edgeFlags=0x00000000, xPrecision=1.0, yPrecision=1.0, displayId=0, pointers=[0: (124.0, 316.0)]), policyFlags=0x6b000000
E/Cataloger( 6490): syncFile:/storage/emulated/0/2016-12-13_05:24:51.620.jpg
E/Cataloger( 6490): syncFile:/storage/emulated/0/2016-12-13_05:24:51.839.jpg
W/ResourceType(12204): No known package when getting name for resource number 0xffffffff
I/org.umd.logging(12204): Method > 1 flipboard.eap.gui.FlipmagArticleView.onTouchEvent(flipboard.eap.gui.FlipmagArticleView@871570053<file=2016-12-13_05:24:51.839><x=0><y=194><width=768><height=990><id=-1>, android.view.MotionEvent@35836210)
E/Cataloger( 6490): syncFile:/storage/emulated/0/2016-12-13_05:24:51.839.jpg
E/Cataloger( 6490): syncFile:/storage/emulated/0/2016-12-13_05:24:52.075.jpg
I/org.umd.logging(12204): Method > 1 fr.castorflex.android.verticalviewpager.VerticalViewPager.onTouchEvent(fr.castorflex.android.verticalviewpager.VerticalViewPager@368255565<file=2016-12-13_05:24:52.075><x=0><y=194><width=768><height=990><id=2131231070><imagename=verticalviewpager>, android.view.MotionEvent@35836210)
E/Cataloger( 6490): syncFile:/storage/emulated/0/2016-12-13_05:24:52.075.jpg
I/org.umd.logging(12204): Method < 1 fr.castorflex.android.verticalviewpager.VerticalViewPager.onTouchEvent(false)
E/Cataloger( 6490): syncFile:/storage/emulated/0/2016-12-13_05:24:52.251.jpg
W/ResourceType(12204): No known package when getting name for resource number 0xffffffff
I/org.umd.logging(12204): Method > 1 flipboard.eap.gui.FlipmagWebView.onTouchEvent(flipboard.eap.gui.FlipmagWebView@610620059<file=2016-12-13_05:24:52.251><x=0><y=194><width=768><height=990><id=-1>, android.view.MotionEvent@35836210)
E/Cataloger( 6490): syncFile:/storage/emulated/0/2016-12-13_05:24:52.251.jpg
I/org.umd.logging(12204): Method < 1 flipboard.eap.gui.FlipmagWebView.onTouchEvent(true)
I/org.umd.logging(12204): Method < 1 flipboard.eap.gui.FlipmagArticleView.onTouchEvent(true)
I/InputDispatcher(  594): Window 'Window{27a8ca1d u0 com.cnn.mobile.android.phone/com.cnn.mobile.android.phone.ui.ArticleFragmentActivity}' spent 18167.6ms processing the last input event: MotionEvent(deviceId=0, source=0x00001002, action=1, flags=0x00000000, metaState=0x00000000, buttonState=0x00000000, edgeFlags=0x00000000, xPrecision=1.0, yPrecision=1.0, displayId=0, pointers=[0: (131.4, 312.6)]), policyFlags=0x6b000000
E/Cataloger( 6490): syncFile:/storage/emulated/0/2016-12-13_05:24:52.416.jpg
W/ResourceType(12204): No known package when getting name for resource number 0xffffffff
I/org.umd.logging(12204): Method > 1 flipboard.eap.gui.FlipmagArticleView.onInterceptTouchEvent(flipboard.eap.gui.FlipmagArticleView@871570053<file=2016-12-13_05:24:52.416><x=0><y=194><width=768><height=990><id=-1>, android.view.MotionEvent@35836210)
E/Cataloger( 6490): syncFile:/storage/emulated/0/2016-12-13_05:24:52.416.jpg
I/org.umd.logging(12204): Method < 1 flipboard.eap.gui.FlipmagArticleView.onInterceptTouchEvent(true)
E/WifiStateMachine(  594): WifiStateMachine CMD_START_SCAN source -2 txSuccessRate=4.65 rxSuccessRate=5.02 targetRoamBSSID=any RSSI=-42
E/Cataloger( 6490): syncFile:/storage/emulated/0/2016-12-13_05:24:52.583.jpg
W/ResourceType(12204): No known package when getting name for resource number 0xffffffff
I/org.umd.logging(12204): Method > 1 flipboard.eap.gui.FlipmagArticleView.onTouchEvent(flipboard.eap.gui.FlipmagArticleView@871570053<file=2016-12-13_05:24:52.583><x=0><y=194><width=768><height=990><id=-1>, android.view.MotionEvent@35836210)
E/Cataloger( 6490): syncFile:/storage/emulated/0/2016-12-13_05:24:52.583.jpg
E/Cataloger( 6490): syncFile:/storage/emulated/0/2016-12-13_05:24:52.787.jpg
I/org.umd.logging(12204): Method > 1 fr.castorflex.android.verticalviewpager.VerticalViewPager.onTouchEvent(fr.castorflex.android.verticalviewpager.VerticalViewPager@368255565<file=2016-12-13_05:24:52.787><x=0><y=194><width=768><height=990><id=2131231070><imagename=verticalviewpager>, android.view.MotionEvent@35836210)
I/org.umd.logging(12204): Method < 1 fr.castorflex.android.verticalviewpager.VerticalViewPager.onTouchEvent(false)
E/Cataloger( 6490): syncFile:/storage/emulated/0/2016-12-13_05:24:52.787.jpg
E/Cataloger( 6490): syncFile:/storage/emulated/0/2016-12-13_05:24:52.994.jpg
W/ResourceType(12204): No known package when getting name for resource number 0xffffffff
I/org.umd.logging(12204): Method > 1 flipboard.eap.gui.FlipmagWebView.onTouchEvent(flipboard.eap.gui.FlipmagWebView@610620059<file=2016-12-13_05:24:52.994><x=0><y=194><width=768><height=990><id=-1>, android.view.MotionEvent@35836210)
E/Cataloger( 6490): syncFile:/storage/emulated/0/2016-12-13_05:24:52.994.jpg
I/org.umd.logging(12204): Method < 1 flipboard.eap.gui.FlipmagWebView.onTouchEvent(true)
I/org.umd.logging(12204): Method < 1 flipboard.eap.gui.FlipmagArticleView.onTouchEvent(true)
I/InputDispatcher(  594): Window 'Window{27a8ca1d u0 com.cnn.mobile.android.phone/com.cnn.mobile.android.phone.ui.ArticleFragmentActivity}' spent 18936.3ms processing the last input event: MotionEvent(deviceId=0, source=0x00001002, action=0, flags=0x00000000, metaState=0x00000000, buttonState=0x00000000, edgeFlags=0x00000000, xPrecision=1.0, yPrecision=1.0, displayId=0, pointers=[0: (326.0, 508.0)]), policyFlags=0x6b000000
E/Cataloger( 6490): syncFile:/storage/emulated/0/2016-12-13_05:24:53.189.jpg
W/ResourceType(12204): No known package when getting name for resource number 0xffffffff
I/org.umd.logging(12204): Method > 1 flipboard.eap.gui.FlipmagArticleView.onTouchEvent(flipboard.eap.gui.FlipmagArticleView@871570053<file=2016-12-13_05:24:53.189><x=0><y=194><width=768><height=990><id=-1>, android.view.MotionEvent@35836210)
E/Cataloger( 6490): syncFile:/storage/emulated/0/2016-12-13_05:24:53.189.jpg
E/Cataloger( 6490): syncFile:/storage/emulated/0/2016-12-13_05:24:53.361.jpg
I/org.umd.logging(12204): Method > 1 fr.castorflex.android.verticalviewpager.VerticalViewPager.onTouchEvent(fr.castorflex.android.verticalviewpager.VerticalViewPager@368255565<file=2016-12-13_05:24:53.361><x=0><y=194><width=768><height=990><id=2131231070><imagename=verticalviewpager>, android.view.MotionEvent@35836210)
E/Cataloger( 6490): syncFile:/storage/emulated/0/2016-12-13_05:24:53.361.jpg
I/org.umd.logging(12204): Method < 1 fr.castorflex.android.verticalviewpager.VerticalViewPager.onTouchEvent(false)
I/art     (12204): Background sticky concurrent mark sweep GC freed 2379(147KB) AllocSpace objects, 2(6MB) LOS objects, 9% free, 53MB/59MB, paused 9.766ms total 33.602ms
E/Cataloger( 6490): syncFile:/storage/emulated/0/2016-12-13_05:24:53.558.jpg
W/ResourceType(12204): No known package when getting name for resource number 0xffffffff
I/org.umd.logging(12204): Method > 1 flipboard.eap.gui.FlipmagWebView.onTouchEvent(flipboard.eap.gui.FlipmagWebView@610620059<file=2016-12-13_05:24:53.558><x=0><y=194><width=768><height=990><id=-1>, android.view.MotionEvent@35836210)
E/Cataloger( 6490): syncFile:/storage/emulated/0/2016-12-13_05:24:53.558.jpg
I/org.umd.logging(12204): Method < 1 flipboard.eap.gui.FlipmagWebView.onTouchEvent(true)
I/org.umd.logging(12204): Method < 1 flipboard.eap.gui.FlipmagArticleView.onTouchEvent(true)
I/InputDispatcher(  594): Window 'Window{27a8ca1d u0 com.cnn.mobile.android.phone/com.cnn.mobile.android.phone.ui.ArticleFragmentActivity}' spent 19485.5ms processing the last input event: MotionEvent(deviceId=0, source=0x00001002, action=1, flags=0x00000000, metaState=0x00000000, buttonState=0x00000000, edgeFlags=0x00000000, xPrecision=1.0, yPrecision=1.0, displayId=0, pointers=[0: (320.2, 513.8)]), policyFlags=0x6b000000
E/Cataloger( 6490): syncFile:/storage/emulated/0/2016-12-13_05:24:53.740.jpg
W/ResourceType(12204): No known package when getting name for resource number 0xffffffff
I/org.umd.logging(12204): Method > 1 flipboard.eap.gui.FlipmagArticleView.onInterceptTouchEvent(flipboard.eap.gui.FlipmagArticleView@871570053<file=2016-12-13_05:24:53.740><x=0><y=194><width=768><height=990><id=-1>, android.view.MotionEvent@35836210)
E/Cataloger( 6490): syncFile:/storage/emulated/0/2016-12-13_05:24:53.740.jpg
I/org.umd.logging(12204): Method < 1 flipboard.eap.gui.FlipmagArticleView.onInterceptTouchEvent(true)
E/Cataloger( 6490): syncFile:/storage/emulated/0/2016-12-13_05:24:53.925.jpg
W/ResourceType(12204): No known package when getting name for resource number 0xffffffff
I/org.umd.logging(12204): Method > 1 flipboard.eap.gui.FlipmagArticleView.onTouchEvent(flipboard.eap.gui.FlipmagArticleView@871570053<file=2016-12-13_05:24:53.925><x=0><y=194><width=768><height=990><id=-1>, android.view.MotionEvent@35836210)
E/Cataloger( 6490): syncFile:/storage/emulated/0/2016-12-13_05:24:53.925.jpg
E/Cataloger( 6490): syncFile:/storage/emulated/0/2016-12-13_05:24:54.120.jpg
I/org.umd.logging(12204): Method > 1 fr.castorflex.android.verticalviewpager.VerticalViewPager.onTouchEvent(fr.castorflex.android.verticalviewpager.VerticalViewPager@368255565<file=2016-12-13_05:24:54.120><x=0><y=194><width=768><height=990><id=2131231070><imagename=verticalviewpager>, android.view.MotionEvent@35836210)
E/Cataloger( 6490): syncFile:/storage/emulated/0/2016-12-13_05:24:54.120.jpg
I/org.umd.logging(12204): Method < 1 fr.castorflex.android.verticalviewpager.VerticalViewPager.onTouchEvent(false)
E/Cataloger( 6490): syncFile:/storage/emulated/0/2016-12-13_05:24:54.287.jpg
W/ResourceType(12204): No known package when getting name for resource number 0xffffffff
I/org.umd.logging(12204): Method > 1 flipboard.eap.gui.FlipmagWebView.onTouchEvent(flipboard.eap.gui.FlipmagWebView@610620059<file=2016-12-13_05:24:54.287><x=0><y=194><width=768><height=990><id=-1>, android.view.MotionEvent@35836210)
I/org.umd.logging(12204): Method < 1 flipboard.eap.gui.FlipmagWebView.onTouchEvent(true)
I/org.umd.logging(12204): Method < 1 flipboard.eap.gui.FlipmagArticleView.onTouchEvent(true)
E/Cataloger( 6490): syncFile:/storage/emulated/0/2016-12-13_05:24:54.287.jpg
I/InputDispatcher(  594): Window 'Window{27a8ca1d u0 com.cnn.mobile.android.phone/com.cnn.mobile.android.phone.ui.ArticleFragmentActivity}' spent 20218.2ms processing the last input event: MotionEvent(deviceId=0, source=0x00001002, action=0, flags=0x00000000, metaState=0x00000000, buttonState=0x00000000, edgeFlags=0x00000000, xPrecision=1.0, yPrecision=1.0, displayId=0, pointers=[0: (75.0, 856.0)]), policyFlags=0x6b000000
D/ThermalDaemon(  196): Sensor 'tsens_tz_sensor7' - alarm raised 1 at 61.0 degC
E/Cataloger( 6490): syncFile:/storage/emulated/0/2016-12-13_05:24:54.473.jpg
W/ActivityManager(  594): Activity stop timeout for ActivityRecord{746987 u0 com.cnn.mobile.android.phone/.ui.MainActivity t40}
W/ResourceType(12204): No known package when getting name for resource number 0xffffffff
I/org.umd.logging(12204): Method > 1 flipboard.eap.gui.FlipmagArticleView.onTouchEvent(flipboard.eap.gui.FlipmagArticleView@871570053<file=2016-12-13_05:24:54.473><x=0><y=194><width=768><height=990><id=-1>, android.view.MotionEvent@35836210)
E/Cataloger( 6490): syncFile:/storage/emulated/0/2016-12-13_05:24:54.473.jpg
E/Cataloger( 6490): syncFile:/storage/emulated/0/2016-12-13_05:24:54.656.jpg
I/org.umd.logging(12204): Method > 1 fr.castorflex.android.verticalviewpager.VerticalViewPager.onTouchEvent(fr.castorflex.android.verticalviewpager.VerticalViewPager@368255565<file=2016-12-13_05:24:54.656><x=0><y=194><width=768><height=990><id=2131231070><imagename=verticalviewpager>, android.view.MotionEvent@35836210)
I/org.umd.logging(12204): Method < 1 fr.castorflex.android.verticalviewpager.VerticalViewPager.onTouchEvent(false)
E/Cataloger( 6490): syncFile:/storage/emulated/0/2016-12-13_05:24:54.656.jpg
E/Cataloger( 6490): syncFile:/storage/emulated/0/2016-12-13_05:24:54.842.jpg
W/ResourceType(12204): No known package when getting name for resource number 0xffffffff
I/org.umd.logging(12204): Method > 1 flipboard.eap.gui.FlipmagWebView.onTouchEvent(flipboard.eap.gui.FlipmagWebView@610620059<file=2016-12-13_05:24:54.842><x=0><y=194><width=768><height=990><id=-1>, android.view.MotionEvent@35836210)
E/Cataloger( 6490): syncFile:/storage/emulated/0/2016-12-13_05:24:54.842.jpg
I/org.umd.logging(12204): Method < 1 flipboard.eap.gui.FlipmagWebView.onTouchEvent(true)
I/org.umd.logging(12204): Method < 1 flipboard.eap.gui.FlipmagArticleView.onTouchEvent(true)
I/InputDispatcher(  594): Window 'Window{27a8ca1d u0 com.cnn.mobile.android.phone/com.cnn.mobile.android.phone.ui.ArticleFragmentActivity}' spent 20780.9ms processing the last input event: MotionEvent(deviceId=0, source=0x00001002, action=1, flags=0x00000000, metaState=0x00000000, buttonState=0x00000000, edgeFlags=0x00000000, xPrecision=1.0, yPrecision=1.0, displayId=0, pointers=[0: (66.8, 855.9)]), policyFlags=0x6b000000
E/Cataloger( 6490): syncFile:/storage/emulated/0/2016-12-13_05:24:55.038.jpg
W/ResourceType(12204): No known package when getting name for resource number 0xffffffff
I/org.umd.logging(12204): Method > 1 flipboard.eap.gui.FlipmagArticleView.onInterceptTouchEvent(flipboard.eap.gui.FlipmagArticleView@871570053<file=2016-12-13_05:24:55.038><x=0><y=194><width=768><height=990><id=-1>, android.view.MotionEvent@35836210)
I/org.umd.logging(12204): Method < 1 flipboard.eap.gui.FlipmagArticleView.onInterceptTouchEvent(true)
E/Cataloger( 6490): syncFile:/storage/emulated/0/2016-12-13_05:24:55.038.jpg
E/Cataloger( 6490): syncFile:/storage/emulated/0/2016-12-13_05:24:55.216.jpg
W/ResourceType(12204): No known package when getting name for resource number 0xffffffff
I/org.umd.logging(12204): Method > 1 flipboard.eap.gui.FlipmagArticleView.onTouchEvent(flipboard.eap.gui.FlipmagArticleView@871570053<file=2016-12-13_05:24:55.216><x=0><y=194><width=768><height=990><id=-1>, android.view.MotionEvent@35836210)
E/Cataloger( 6490): syncFile:/storage/emulated/0/2016-12-13_05:24:55.216.jpg
E/Cataloger( 6490): syncFile:/storage/emulated/0/2016-12-13_05:24:55.395.jpg
I/org.umd.logging(12204): Method > 1 fr.castorflex.android.verticalviewpager.VerticalViewPager.onTouchEvent(fr.castorflex.android.verticalviewpager.VerticalViewPager@368255565<file=2016-12-13_05:24:55.395><x=0><y=194><width=768><height=990><id=2131231070><imagename=verticalviewpager>, android.view.MotionEvent@35836210)
E/Cataloger( 6490): syncFile:/storage/emulated/0/2016-12-13_05:24:55.395.jpg
I/org.umd.logging(12204): Method < 1 fr.castorflex.android.verticalviewpager.VerticalViewPager.onTouchEvent(false)
E/Cataloger( 6490): syncFile:/storage/emulated/0/2016-12-13_05:24:55.647.jpg
W/ResourceType(12204): No known package when getting name for resource number 0xffffffff
I/org.umd.logging(12204): Method > 1 flipboard.eap.gui.FlipmagWebView.onTouchEvent(flipboard.eap.gui.FlipmagWebView@610620059<file=2016-12-13_05:24:55.647><x=0><y=194><width=768><height=990><id=-1>, android.view.MotionEvent@35836210)
E/Cataloger( 6490): syncFile:/storage/emulated/0/2016-12-13_05:24:55.647.jpg
I/org.umd.logging(12204): Method < 1 flipboard.eap.gui.FlipmagWebView.onTouchEvent(true)
I/org.umd.logging(12204): Method < 1 flipboard.eap.gui.FlipmagArticleView.onTouchEvent(true)
I/InputDispatcher(  594): Window 'Window{27a8ca1d u0 com.cnn.mobile.android.phone/com.cnn.mobile.android.phone.ui.ArticleFragmentActivity}' spent 21599.4ms processing the last input event: MotionEvent(deviceId=0, source=0x00001002, action=0, flags=0x00000000, metaState=0x00000000, buttonState=0x00000000, edgeFlags=0x00000000, xPrecision=1.0, yPrecision=1.0, displayId=0, pointers=[0: (443.0, 1174.0)]), policyFlags=0x6b000000
E/Cataloger( 6490): syncFile:/storage/emulated/0/2016-12-13_05:24:55.859.jpg
W/ResourceType(12204): No known package when getting name for resource number 0xffffffff
I/org.umd.logging(12204): Method > 1 flipboard.eap.gui.FlipmagArticleView.onTouchEvent(flipboard.eap.gui.FlipmagArticleView@871570053<file=2016-12-13_05:24:55.859><x=0><y=194><width=768><height=990><id=-1>, android.view.MotionEvent@35836210)
E/Cataloger( 6490): syncFile:/storage/emulated/0/2016-12-13_05:24:55.859.jpg
E/Cataloger( 6490): syncFile:/storage/emulated/0/2016-12-13_05:24:56.034.jpg
I/org.umd.logging(12204): Method > 1 fr.castorflex.android.verticalviewpager.VerticalViewPager.onTouchEvent(fr.castorflex.android.verticalviewpager.VerticalViewPager@368255565<file=2016-12-13_05:24:56.034><x=0><y=194><width=768><height=990><id=2131231070><imagename=verticalviewpager>, android.view.MotionEvent@35836210)
E/Cataloger( 6490): syncFile:/storage/emulated/0/2016-12-13_05:24:56.034.jpg
I/org.umd.logging(12204): Method < 1 fr.castorflex.android.verticalviewpager.VerticalViewPager.onTouchEvent(false)
E/Cataloger( 6490): syncFile:/storage/emulated/0/2016-12-13_05:24:56.236.jpg
W/ResourceType(12204): No known package when getting name for resource number 0xffffffff
I/org.umd.logging(12204): Method > 1 flipboard.eap.gui.FlipmagWebView.onTouchEvent(flipboard.eap.gui.FlipmagWebView@610620059<file=2016-12-13_05:24:56.236><x=0><y=194><width=768><height=990><id=-1>, android.view.MotionEvent@35836210)
I/org.umd.logging(12204): Method < 1 flipboard.eap.gui.FlipmagWebView.onTouchEvent(true)
E/Cataloger( 6490): syncFile:/storage/emulated/0/2016-12-13_05:24:56.236.jpg
I/org.umd.logging(12204): Method < 1 flipboard.eap.gui.FlipmagArticleView.onTouchEvent(true)
I/InputDispatcher(  594): Window 'Window{27a8ca1d u0 com.cnn.mobile.android.phone/com.cnn.mobile.android.phone.ui.ArticleFragmentActivity}' spent 22180.3ms processing the last input event: MotionEvent(deviceId=0, source=0x00001002, action=1, flags=0x00000000, metaState=0x00000000, buttonState=0x00000000, edgeFlags=0x00000000, xPrecision=1.0, yPrecision=1.0, displayId=0, pointers=[0: (447.1, 1180.4)]), policyFlags=0x6b000000
E/Cataloger( 6490): syncFile:/storage/emulated/0/2016-12-13_05:24:56.441.jpg
W/ResourceType(12204): No known package when getting name for resource number 0xffffffff
I/org.umd.logging(12204): Method > 1 flipboard.eap.gui.FlipmagArticleView.onInterceptTouchEvent(flipboard.eap.gui.FlipmagArticleView@871570053<file=2016-12-13_05:24:56.441><x=0><y=194><width=768><height=990><id=-1>, android.view.MotionEvent@35836210)
I/org.umd.logging(12204): Method < 1 flipboard.eap.gui.FlipmagArticleView.onInterceptTouchEvent(true)
E/Cataloger( 6490): syncFile:/storage/emulated/0/2016-12-13_05:24:56.441.jpg
E/Cataloger( 6490): syncFile:/storage/emulated/0/2016-12-13_05:24:56.657.jpg
W/ResourceType(12204): No known package when getting name for resource number 0xffffffff
I/org.umd.logging(12204): Method > 1 flipboard.eap.gui.FlipmagArticleView.onTouchEvent(flipboard.eap.gui.FlipmagArticleView@871570053<file=2016-12-13_05:24:56.657><x=0><y=194><width=768><height=990><id=-1>, android.view.MotionEvent@35836210)
E/Cataloger( 6490): syncFile:/storage/emulated/0/2016-12-13_05:24:56.657.jpg
E/Cataloger( 6490): syncFile:/storage/emulated/0/2016-12-13_05:24:56.833.jpg
I/org.umd.logging(12204): Method > 1 fr.castorflex.android.verticalviewpager.VerticalViewPager.onTouchEvent(fr.castorflex.android.verticalviewpager.VerticalViewPager@368255565<file=2016-12-13_05:24:56.833><x=0><y=194><width=768><height=990><id=2131231070><imagename=verticalviewpager>, android.view.MotionEvent@35836210)
I/org.umd.logging(12204): Method < 1 fr.castorflex.android.verticalviewpager.VerticalViewPager.onTouchEvent(false)
E/Cataloger( 6490): syncFile:/storage/emulated/0/2016-12-13_05:24:56.833.jpg
E/Cataloger( 6490): syncFile:/storage/emulated/0/2016-12-13_05:24:57.035.jpg
W/ResourceType(12204): No known package when getting name for resource number 0xffffffff
I/org.umd.logging(12204): Method > 1 flipboard.eap.gui.FlipmagWebView.onTouchEvent(flipboard.eap.gui.FlipmagWebView@610620059<file=2016-12-13_05:24:57.035><x=0><y=194><width=768><height=990><id=-1>, android.view.MotionEvent@35836210)
I/org.umd.logging(12204): Method < 1 flipboard.eap.gui.FlipmagWebView.onTouchEvent(true)
I/org.umd.logging(12204): Method < 1 flipboard.eap.gui.FlipmagArticleView.onTouchEvent(true)
E/Cataloger( 6490): syncFile:/storage/emulated/0/2016-12-13_05:24:57.035.jpg
I/InputDispatcher(  594): Window 'Window{27a8ca1d u0 com.cnn.mobile.android.phone/com.cnn.mobile.android.phone.ui.ArticleFragmentActivity}' spent 23013.9ms processing the last input event: MotionEvent(deviceId=0, source=0x00001002, action=0, flags=0x00000000, metaState=0x00000000, buttonState=0x00000000, edgeFlags=0x00000000, xPrecision=1.0, yPrecision=1.0, displayId=0, pointers=[0: (115.0, 1071.0)]), policyFlags=0x6b000000
I/art     (12186): System.exit called, status: 420
I/AndroidRuntime(12186): VM exiting with result code 420.
E/Cataloger( 6490): syncFile:/storage/emulated/0/2016-12-13_05:24:57.277.jpg
W/ResourceType(12204): No known package when getting name for resource number 0xffffffff
I/org.umd.logging(12204): Method > 1 flipboard.eap.gui.FlipmagArticleView.onTouchEvent(flipboard.eap.gui.FlipmagArticleView@871570053<file=2016-12-13_05:24:57.277><x=0><y=194><width=768><height=990><id=-1>, android.view.MotionEvent@35836210)
E/Cataloger( 6490): syncFile:/storage/emulated/0/2016-12-13_05:24:57.277.jpg
I/art     (12204): Background sticky concurrent mark sweep GC freed 2378(146KB) AllocSpace objects, 2(6MB) LOS objects, 3% free, 56MB/59MB, paused 5.310ms total 36.807ms
E/Cataloger( 6490): syncFile:/storage/emulated/0/2016-12-13_05:24:57.457.jpg
I/org.umd.logging(12204): Method > 1 fr.castorflex.android.verticalviewpager.VerticalViewPager.onTouchEvent(fr.castorflex.android.verticalviewpager.VerticalViewPager@368255565<file=2016-12-13_05:24:57.457><x=0><y=194><width=768><height=990><id=2131231070><imagename=verticalviewpager>, android.view.MotionEvent@35836210)
I/org.umd.logging(12204): Method < 1 fr.castorflex.android.verticalviewpager.VerticalViewPager.onTouchEvent(false)
E/Cataloger( 6490): syncFile:/storage/emulated/0/2016-12-13_05:24:57.457.jpg
E/Cataloger( 6490): syncFile:/storage/emulated/0/2016-12-13_05:24:57.716.jpg
I/org.umd.logging( 7509): Method > 2091 com.weather.facade.WeatherDataManager.onReceiveWeatherData(com.weather.facade.WeatherDataManager@623535333, com.weather.dal2.dsx.RecordSets@463795891)
I/org.umd.logging( 7509): Api > 2100 android.net.ConnectivityManager.getActiveNetworkInfo(android.net.ConnectivityManager@259489001)
I/org.umd.logging( 7509): Api < 2100 android.net.ConnectivityManager.getActiveNetworkInfo(android.net.NetworkInfo@165266544)
I/org.umd.logging( 7509): Api > 2100 java.lang.Object.create(com.weather.util.net.OkConnectionFactory@420790286, java.net.URL@707982313<URL=http://dsx.weather.com/(wxd/v2/MORecord;wxd/v2/SKRecord;wxd/v2/PastFlu;wxd/v2/DIRecord;wxd/v2/DFRecord;wxd/v2/DHRecord;wxd/v2/BERecord;wxd/v2/Pollen;wxd/v2/airportDelays;wxd/v2/TIRecord;wxd/v2/WMRecord)/(en_US/USMA0046:1:US)?groupedByResource&api=c58dba3f-01b0-45a6-bd9b-3a113dec4508>)
I/org.umd.logging( 7509): Api > 2100 java.net.HttpURLConnection.<init>(com.squareup.okhttp.internal.huc.HttpURLConnectionImpl@221841518, java.net.URL@707982313<URL=http://dsx.weather.com/(wxd/v2/MORecord;wxd/v2/SKRecord;wxd/v2/PastFlu;wxd/v2/DIRecord;wxd/v2/DFRecord;wxd/v2/DHRecord;wxd/v2/BERecord;wxd/v2/Pollen;wxd/v2/airportDelays;wxd/v2/TIRecord;wxd/v2/WMRecord)/(en_US/USMA0046:1:US)?groupedByResource&api=c58dba3f-01b0-45a6-bd9b-3a113dec4508>)
I/org.umd.logging( 7509): Api < 2100 java.net.HttpURLConnection.<init>(com.squareup.okhttp.internal.huc.HttpURLConnectionImpl@221841518)
I/org.umd.logging( 7509): Api < 2100 java.lang.Object.create(com.squareup.okhttp.internal.huc.HttpURLConnectionImpl@221841518)
I/org.umd.logging( 7509): Method > 2100 com.squareup.okhttp.internal.huc.HttpURLConnectionImpl.execute(com.squareup.okhttp.internal.huc.HttpURLConnectionImpl@221841518, true)
I/org.umd.logging( 7509): Api > 2100 java.net.Socket.<init>(java.net.Socket@15644572, java.net.Proxy@306333394)
I/org.umd.logging( 7509): Api < 2100 java.net.Socket.<init>(java.net.Socket@15644572)
W/ResourceType(12204): No known package when getting name for resource number 0xffffffff
I/org.umd.logging(12204): Method > 1 flipboard.eap.gui.FlipmagWebView.onTouchEvent(flipboard.eap.gui.FlipmagWebView@610620059<file=2016-12-13_05:24:57.716><x=0><y=194><width=768><height=990><id=-1>, android.view.MotionEvent@35836210)
I/org.umd.logging(12204): Method < 1 flipboard.eap.gui.FlipmagWebView.onTouchEvent(true)
I/org.umd.logging(12204): Method < 1 flipboard.eap.gui.FlipmagArticleView.onTouchEvent(true)
I/InputDispatcher(  594): Window 'Window{27a8ca1d u0 com.cnn.mobile.android.phone/com.cnn.mobile.android.phone.ui.ArticleFragmentActivity}' spent 23665.7ms processing the last input event: MotionEvent(deviceId=0, source=0x00001002, action=1, flags=0x00000000, metaState=0x00000000, buttonState=0x00000000, edgeFlags=0x00000000, xPrecision=1.0, yPrecision=1.0, displayId=0, pointers=[0: (119.7, 1080.9)]), policyFlags=0x6b000000
I/Choreographer(12204): Skipped 1425 frames!  The application may be doing too much work on its main thread.
E/Cataloger( 6490): syncFile:/storage/emulated/0/2016-12-13_05:24:57.716.jpg
I/org.umd.logging( 7509): Method < 2091 com.weather.facade.WeatherDataManager.onReceiveWeatherData()
I/org.umd.logging( 7509): Method > 2091 com.weather.dal2.system.TwcBus$1.run(com.weather.dal2.system.TwcBus$1@323870774)
I/org.umd.logging( 7509): Method > 2091 com.weather.dal2.system.TwcBus$1.run(com.weather.dal2.system.TwcBus$1@323870774)
I/org.umd.logging( 7509): Method > 2091 com.weather.dal2.system.TwcBus$1.run(com.weather.dal2.system.TwcBus$1@323870774)
E/chromium(12204): [ERROR:interface_registry.cc(99)] Failed to locate a binder for interface: autofill::mojom::AutofillDriver
D/KeepAlive(12204): onReceive()
D/KeepAlive(12204): processKeepAlive(false) timeSinceLastTransmission=28613 currentTimeout=3000
D/KeepAlive(12204): Sending Keep-alive
I/org.umd.logging(12204): Method > 1 com.comscore.utils.task.TaskExecutor.execute(com.comscore.utils.task.TaskExecutor@1045888974, com.comscore.analytics.y@544821192, true)
I/org.umd.logging(12204): Method > 1 com.comscore.utils.task.CustomThreadPoolExecutor.execute(com.comscore.utils.task.CustomThreadPoolExecutor@635914970, com.comscore.analytics.y@544821192)
I/org.umd.logging(12204): Method > 2129 com.comscore.analytics.y.run(com.comscore.analytics.y@544821192)
I/org.umd.logging(12204): Method < 1 com.comscore.utils.task.CustomThreadPoolExecutor.execute()
I/org.umd.logging(12204): Api > 2129 java.lang.Thread.start(java.lang.Thread@111548513<thread=2198>)
I/org.umd.logging(12204): Method < 1 com.comscore.utils.task.TaskExecutor.execute(true)
I/org.umd.logging(12204): Api < 2129 java.lang.Thread.start()
I/org.umd.logging(12204): Method > 2129 com.comscore.utils.task.TaskExecutor.execute(com.comscore.utils.task.TaskExecutor@1045888974, com.comscore.measurement.a@741089158, false)
I/org.umd.logging(12204): Method > 2198 com.comscore.utils.f.run(com.comscore.utils.f@40433790)
I/org.umd.logging(12204): Method > 2129 com.comscore.measurement.a.run(com.comscore.measurement.a@741089158)
I/org.umd.logging(12204): Api > 2129 android.net.ConnectivityManager.getNetworkInfo(android.net.ConnectivityManager@209610424, 1)
I/org.umd.logging(12204): Api < 2129 android.net.ConnectivityManager.getNetworkInfo(android.net.NetworkInfo@671641671)
I/org.umd.logging(12204): Api > 2129 android.net.ConnectivityManager.getNetworkInfo(android.net.ConnectivityManager@209610424, 1)
I/org.umd.logging(12204): Api < 2129 android.net.ConnectivityManager.getNetworkInfo(android.net.NetworkInfo@1001889908)
I/org.umd.logging(12204): Api > 2129 android.net.ConnectivityManager.getNetworkInfo(android.net.ConnectivityManager@209610424, 1)
I/org.umd.logging(12204): Api < 2129 android.net.ConnectivityManager.getNetworkInfo(android.net.NetworkInfo@768268701)
I/org.umd.logging(12204): Api > 2129 java.net.URL.openConnection(java.net.URL@974827026<URL=http://b.scorecardresearch.com/p2?c1=19&c2=6035748&ns_ap_an=CNN&ns_ap_pn=android&c12=80bb6a22944c33ba42bc814874a2bccb-cs31&name=foreground&ns_ak=pc%2FcRW3%2B6sC4ZnCdQcY46n8Il8KjHo7Jtwa6RhyLyvJbg0dk39md6avxHEOiqnk110H%2FFoPakeLO6w%2BrHUv4S7MJGcWFc6nJc878bc%2FUsQLl4X0WVnNJK10qyBs%2FEVjXXyMTgNGGMtkVwUSs6T%2Fzq3dKqL0s7Zz84uX8xcu3eD0%3D&ns_ap_ec=2&ns_ap_ev=keep-alive&ns_ap_device=mako&ns_ap_id=1481667869317&ns_ap_bi=com.cnn.mobile.android.phone&ns_ap_pfm=android&ns_ap_pfv=5.1.1&ns_ap_ver=2.5.1&ns_ap_sv=2.1403.17&ns_type=hidden&ns_radio=wifi&ns_nc=1&ns_ap_res=768x1184&ns_ap_cs=8&ns_ap_usage=374681&ns_ap_fg=0&ns_ap_ft=28637&ns_ap_dft=28637&ns_ap_bt=0&ns_ap_dbt=0&ns_ap_dit=0&ns_ap_as=0&ns_ap_das=28637&ns_ap_it=0&ns_ap_oc=0&ns_ap_lang=en&ns_ts=1481667897955>)
I/org.umd.logging(12204): Api < 2129 java.net.URL.openConnection(com.android.okhttp.internal.http.HttpURLConnectionImpl@307349987)
I/ActivityManager(  594): Activity reported stop, but no longer stopping: ActivityRecord{746987 u0 com.cnn.mobile.android.phone/.ui.MainActivity t40}
D/KeepAlive(12204): cancel()
D/KeepAlive(12204): reset:86400000
I/org.umd.logging(12204): Method > 2129 com.comscore.applications.KeepAliveAlarmReceiver.start(com.comscore.applications.KeepAliveAlarmReceiver@1004470420, 0)
D/KeepAlive(12204): cancel()
D/KeepAlive(12204): start(0)
I/org.umd.logging(12204): Method < 2129 com.comscore.applications.KeepAliveAlarmReceiver.start()
I/org.umd.logging(12204): Method < 2129 com.comscore.measurement.a.run()
I/org.umd.logging(12204): Method < 2129 com.comscore.utils.task.TaskExecutor.execute(true)
I/org.umd.logging(12204): Method < 2129 com.comscore.analytics.y.run()
W/cr_BindingManager(12204): Cannot call determinedVisibility() - never saw a connection for the pid: 12204
I/org.umd.logging( 7509): Method < 2100 com.squareup.okhttp.internal.huc.HttpURLConnectionImpl.execute(true)
I/org.umd.logging( 7509): Method > 2100 com.weather.util.net.HttpRequest$8.run(com.weather.util.net.HttpRequest$8@955334010)
I/org.umd.logging( 7509): Method < 2100 com.weather.util.net.HttpRequest$8.run(com.weather.util.net.HttpRequest@97421611)
I/org.umd.logging( 7509): Method > 2091 com.weather.facade.WeatherDataManager.onReceiveWeatherData(com.weather.facade.WeatherDataManager@623535333, com.weather.dal2.dsx.RecordSets@687714696)
I/org.umd.logging(12204): Method < 2198 com.comscore.utils.f.run()
I/org.umd.logging( 7509): Method < 2091 com.weather.facade.WeatherDataManager.onReceiveWeatherData()
I/org.umd.logging( 7509): Method > 2091 com.weather.dal2.system.TwcBus$1.run(com.weather.dal2.system.TwcBus$1@323870774)
I/org.umd.logging( 7509): Method > 2091 com.weather.dal2.system.TwcBus$1.run(com.weather.dal2.system.TwcBus$1@323870774)
I/org.umd.logging( 7509): Method > 2091 com.weather.dal2.system.TwcBus$1.run(com.weather.dal2.system.TwcBus$1@323870774)
I/org.umd.logging( 7509): Method > 2091 com.weather.dal2.system.TwcBus$1.run(com.weather.dal2.system.TwcBus$1@323870774)
I/org.umd.logging( 4986): Method > 1 com.cleanmaster.base.crash.util.debug.b.run(com.cleanmaster.base.crash.util.debug.b@453239735)
I/org.umd.logging( 4986): Method < 1 com.cleanmaster.base.crash.util.debug.b.run()
D/ThermalDaemon(  196): Sensor 'tsens_tz_sensor8' - alarm cleared 1 at 57.0 degC
D/ThermalDaemon(  196): Sensor 'tsens_tz_sensor10' - alarm raised 1 at 61.0 degC
I/org.umd.logging(12204): Method > 2160 com.comscore.utils.c.run(com.comscore.utils.c@310407833)
I/org.umd.logging(12204): Method > 2160 com.comscore.utils.task.TaskExecutor.execute(com.comscore.utils.task.TaskExecutor@1045888974, com.comscore.analytics.u@642588991, false)
I/org.umd.logging(12204): Method > 2160 com.comscore.analytics.u.run(com.comscore.analytics.u@642588991)
I/org.umd.logging(12204): Api > 2160 android.net.ConnectivityManager.getNetworkInfo(android.net.ConnectivityManager@209610424, 1)
I/org.umd.logging(12204): Api < 2160 android.net.ConnectivityManager.getNetworkInfo(android.net.NetworkInfo@78809612)
I/org.umd.logging(12204): Method < 2160 com.comscore.analytics.u.run()
I/org.umd.logging(12204): Method < 2160 com.comscore.utils.task.TaskExecutor.execute(true)
I/org.umd.logging(12204): Method < 2160 com.comscore.utils.c.run()
D/flipboard_fdl(12204): [DEBUG:1] flbridge contentheight 6435
D/flipboard_fdl(12204): [DEBUG:1] flbridge contentWidth 384
I/DownloadManagerWrapper(  949): onReceive() : Charging = true
D/flipboard_fdl(12204): [DEBUG:1] flbridge contentheight 12375
D/flipboard_fdl(12204): [DEBUG:1] flbridge contentWidth 384
D/flipboard_fdl(12204): [DEBUG:1] FlipmagWebView onPageFinished http://cdn.flipboard.com/flipmag?url=http%3A%2F%2Fcdn.flipboard.com%2Fcnn.com%2Fgig_3Dcnn-phone_3Ainlineaml_3Dtrue%2Fb5f951a456b23f65195543c6c25398cdc6736e2c%2F1e840a7459c881ca625c42ea535bb57061e6430c%2Farticle.html&tml=templates%2Fiphone%2Fcnn-fb280f.html&partner=cnn&fallbackTml=templates%2Fiphone%2Fgeneric-4eb835.html&client=eap-cnn&formFactor=phone
D/flipboard_fdl(12204): [DEBUG:1] flbridge contentheight 12375
D/flipboard_fdl(12204): [DEBUG:1] flbridge contentWidth 384
D/flipboard_fdl(12204): [DEBUG:1] flbridge contentheight 12375
D/flipboard_fdl(12204): [DEBUG:1] flbridge contentWidth 384
D/flipboard_fdl(12204): [DEBUG:1] FlipmagWebView Flipmag first page loaded. Received FlipmagBridge  pagination-first-page-did-finish
I/org.umd.logging(12204): Method > 1 flipboard.eap.gui.FlipmagArticleView$3.run(flipboard.eap.gui.FlipmagArticleView$3@486816504)
I/org.umd.logging(12204): Method < 1 flipboard.eap.gui.FlipmagArticleView$3.run()
D/flipboard_fdl(12204): [DEBUG:1] flbridge contentheight 12375
D/flipboard_fdl(12204): [DEBUG:1] flbridge contentWidth 384
D/flipboard_fdl(12204): [DEBUG:1] flbridge contentheight 12375
D/flipboard_fdl(12204): [DEBUG:1] flbridge contentWidth 384
D/flipboard_fdl(12204): [DEBUG:1] flbridge contentheight 12375
D/flipboard_fdl(12204): [DEBUG:1] flbridge contentWidth 384
I/org.umd.logging(12204): Method > 1 flipboard.eap.gui.FlipmagArticleView$3$1.run(flipboard.eap.gui.FlipmagArticleView$3$1@247336612)
I/org.umd.logging(12204): Method < 1 flipboard.eap.gui.FlipmagArticleView$3$1.run()
D/flipboard_fdl(12204): [DEBUG:1] flbridge contentheight 12375
D/flipboard_fdl(12204): [DEBUG:1] flbridge contentWidth 384
D/flipboard_fdl(12204): [DEBUG:1] flbridge contentheight 12375
D/flipboard_fdl(12204): [DEBUG:1] flbridge contentWidth 384
D/flipboard_fdl(12204): [DEBUG:1] flbridge contentheight 12375
D/flipboard_fdl(12204): [DEBUG:1] flbridge contentWidth 384
D/flipboard_fdl(12204): [DEBUG:1] flbridge contentheight 12375
D/flipboard_fdl(12204): [DEBUG:1] flbridge contentWidth 384
D/flipboard_fdl(12204): [DEBUG:1] flbridge contentheight 12375
D/flipboard_fdl(12204): [DEBUG:1] flbridge contentWidth 384
D/flipboard_fdl(12204): [DEBUG:1] flbridge contentheight 12375
D/flipboard_fdl(12204): [DEBUG:1] flbridge contentWidth 384
D/flipboard_fdl(12204): [DEBUG:1] flbridge contentheight 12375
D/flipboard_fdl(12204): [DEBUG:1] flbridge contentWidth 384
D/flipboard_fdl(12204): [DEBUG:1] flbridge contentheight 12375
D/flipboard_fdl(12204): [DEBUG:1] flbridge contentWidth 384
D/flipboard_fdl(12204): [DEBUG:1] flbridge contentheight 12375
D/flipboard_fdl(12204): [DEBUG:1] flbridge contentWidth 384
D/flipboard_fdl(12204): [DEBUG:1] flbridge contentheight 12375
D/flipboard_fdl(12204): [DEBUG:1] flbridge contentWidth 384
D/flipboard_fdl(12204): [DEBUG:1] flbridge contentheight 12375
D/flipboard_fdl(12204): [DEBUG:1] flbridge contentWidth 384
D/flipboard_fdl(12204): [DEBUG:1] flbridge contentheight 12375
D/flipboard_fdl(12204): [DEBUG:1] flbridge contentWidth 384
D/flipboard_fdl(12204): [DEBUG:1] flbridge contentheight 12375
D/flipboard_fdl(12204): [DEBUG:1] flbridge contentWidth 384
D/flipboard_fdl(12204): [DEBUG:1] flbridge contentheight 12375
D/flipboard_fdl(12204): [DEBUG:1] flbridge contentWidth 384
D/flipboard_fdl(12204): [DEBUG:1] flbridge contentheight 12375
D/flipboard_fdl(12204): [DEBUG:1] flbridge contentWidth 384
D/flipboard_fdl(12204): [DEBUG:1] flbridge contentheight 12375
D/flipboard_fdl(12204): [DEBUG:1] flbridge contentWidth 384
D/flipboard_fdl(12204): [DEBUG:1] flbridge contentheight 12375
D/flipboard_fdl(12204): [DEBUG:1] flbridge contentWidth 384
D/flipboard_fdl(12204): [DEBUG:1] flbridge contentheight 12375
D/flipboard_fdl(12204): [DEBUG:1] flbridge contentWidth 384
D/flipboard_fdl(12204): [DEBUG:1] flbridge contentheight 12375
D/flipboard_fdl(12204): [DEBUG:1] flbridge contentWidth 384
D/flipboard_fdl(12204): [DEBUG:1] flbridge contentheight 12375
D/flipboard_fdl(12204): [DEBUG:1] flbridge contentWidth 384
D/flipboard_fdl(12204): [DEBUG:1] flbridge contentheight 12375
D/flipboard_fdl(12204): [DEBUG:1] flbridge contentWidth 384
D/flipboard_fdl(12204): [DEBUG:1] flbridge contentheight 12375
D/flipboard_fdl(12204): [DEBUG:1] flbridge contentWidth 384
D/flipboard_fdl(12204): [DEBUG:1] FlipmagWebView Flipmag loading done: http://www.cnn.com//2016/12/12/middleeast/aleppo-syria-government-gains/index.html
D/flipboard_fdl(12204): [DEBUG:1] [measure latency] Version  URL: http://www.cnn.com//2016/12/12/middleeast/aleppo-syria-government-gains/index.html
D/flipboard_fdl(12204):  [measure latency] content/extract time: 1070 ms 
D/flipboard_fdl(12204):  [measure latency] flipmag load time: 29333 ms  (flipmag first page: 28326 ms, rest of pages: 1007 ms)
D/ArticleFlipboardFragment(12204): flip notify PAGE_LOAD_DONE
D/ArticleFlipboardFragment(12204): Page loaded successfully. Russia: Syria establishes control over eastern Aleppo
I/org.umd.logging(12204): Api > 1 java.lang.Thread.start(com.adobe.adms.measurement.ADMS_Worker$WorkerThread@205058515<thread=2200>)
