I/org.umd.logging( 7509): Method > 1 com.weather.dal2.lbs.LbsServiceController.onReceive(com.weather.dal2.lbs.LbsServiceController@848888408, android.app.ReceiverRestrictedContext@542411055, android.content.Intent@300744625<action=android.location.PROVIDERS_CHANGED><data=null><package=null><component=com.weather.Weather/com.weather.dal2.lbs.LbsServiceController><type=null><filter_hashcode=-696859725><umd_Intent_key=None>)
I/org.umd.logging( 7509): Api > 1 android.location.LocationManager.getProviders(android.location.LocationManager@274433089, true)
I/org.umd.logging( 7509): Api < 1 android.location.LocationManager.getProviders(java.util.ArrayList@196541590)
I/org.umd.logging( 7509): Method < 1 com.weather.dal2.lbs.LbsServiceController.onReceive()
I/org.umd.logging( 7509): Api > 1 android.location.LocationManager.isProviderEnabled(android.location.LocationManager@274433089, "gps")
I/org.umd.logging( 7509): Api < 1 android.location.LocationManager.isProviderEnabled(true)
I/org.umd.logging( 7509): Api > 1 android.location.LocationManager.isProviderEnabled(android.location.LocationManager@274433089, "network")
I/org.umd.logging( 7509): Api < 1 android.location.LocationManager.isProviderEnabled(false)
W/GCoreFlp( 1301): No location to return for getLastLocation()
I/GCoreUlr( 1301): WorldUpdater received intent Intent { act=com.google.android.location.reporting.ACTION_UPDATE_WORLD cmp=com.google.android.gms/com.google.android.location.reporting.service.DispatchingService (has extras) } with receiverAction android.location.PROVIDERS_CHANGED
I/GCoreUlr( 1301): WorldUpdater:android.location.PROVIDERS_CHANGED: Ensuring that reporting is stopped because of reasons: {account#-6#=[InactiveReason{mVersionCode=0, mIdentifier=6, mName='ReportingNotEnabled'}, InactiveReason{mVersionCode=0, mIdentifier=14, mName='HistoryNotEnabled'}]}
I/org.umd.logging(12204): Method > 1 com.cnn.mobile.android.phone.ui.BroadsheetFragment$BroadsheetSectionFragment$cardOnItemClickListener.onItemClick(com.cnn.mobile.android.phone.ui.BroadsheetFragment$BroadsheetSectionFragment$cardOnItemClickListener@458572994, android.widget.GridView@730217737<file=2016-12-13_05:24:32.023><x=0><y=146><width=768><height=1038><id=2131230993><imagename=gridview>, android.widget.FrameLayout@750185230<id=2131230957><imagename=broadsheet_card_frame>, 0, 0, null)
I/GCoreUlr( 1301): Unbound from all location providers
I/GCoreUlr( 1301): Place inference reporting - stop
E/Cataloger( 6490): syncFile:/storage/emulated/0/2016-12-13_05:24:32.023.jpg
I/ActivityManager(  594): START u0 {cmp=com.cnn.mobile.android.phone/.ui.ArticleFragmentActivity (has extras)} from uid 10225 on display 0
V/WindowManager(  594): addAppToken: AppWindowToken{1d611e06 token=Token{ae00e1 ActivityRecord{c858a48 u0 com.cnn.mobile.android.phone/.ui.ArticleFragmentActivity t40}}} to stack=1 task=40 at 1
I/GCoreUlr( 1301): DispatchingService.onDestroy()
I/org.umd.logging(12204): Method < 1 com.cnn.mobile.android.phone.ui.BroadsheetFragment$BroadsheetSectionFragment$cardOnItemClickListener.onItemClick()
W/ViewRootImpl(12204): Dropping event due to no window focus: KeyEvent { action=ACTION_DOWN, keyCode=KEYCODE_DPAD_UP, scanCode=0, metaState=0, flags=0x8, repeatCount=0, eventTime=106083059, downTime=106083059, deviceId=-1, source=0x101 }
W/ViewRootImpl(12204): Cancelling event due to no window focus: KeyEvent { action=ACTION_UP, keyCode=KEYCODE_DPAD_UP, scanCode=0, metaState=0, flags=0x28, repeatCount=0, eventTime=106083342, downTime=106083059, deviceId=-1, source=0x101 }
W/ViewRootImpl(12204): Cancelling event due to no window focus: KeyEvent { action=ACTION_UP, keyCode=KEYCODE_DPAD_UP, scanCode=0, metaState=0, flags=0x28, repeatCount=0, eventTime=106083342, downTime=106083059, deviceId=-1, source=0x101 }
W/ViewRootImpl(12204): Cancelling event due to no window focus: KeyEvent { action=ACTION_UP, keyCode=KEYCODE_DPAD_UP, scanCode=0, metaState=0, flags=0x28, repeatCount=0, eventTime=106083342, downTime=106083059, deviceId=-1, source=0x101 }
I/GCoreUlr( 1301): Stopping handler for UlrDispSvcFast
W/ViewRootImpl(12204): Cancelling event due to no window focus: KeyEvent { action=ACTION_UP, keyCode=KEYCODE_DPAD_UP, scanCode=0, metaState=0, flags=0x28, repeatCount=0, eventTime=106083342, downTime=106083059, deviceId=-1, source=0x101 }
W/ViewRootImpl(12204): Cancelling event due to no window focus: KeyEvent { action=ACTION_UP, keyCode=KEYCODE_DPAD_UP, scanCode=0, metaState=0, flags=0x28, repeatCount=0, eventTime=106083342, downTime=106083059, deviceId=-1, source=0x101 }
W/ViewRootImpl(12204): Cancelling event due to no window focus: KeyEvent { action=ACTION_UP, keyCode=KEYCODE_DPAD_UP, scanCode=0, metaState=0, flags=0x28, repeatCount=0, eventTime=106083342, downTime=106083059, deviceId=-1, source=0x101 }
W/ViewRootImpl(12204): Cancelling event due to no window focus: KeyEvent { action=ACTION_UP, keyCode=KEYCODE_DPAD_UP, scanCode=0, metaState=0, flags=0x28, repeatCount=0, eventTime=106083342, downTime=106083059, deviceId=-1, source=0x101 }
W/ViewRootImpl(12204): Cancelling event due to no window focus: KeyEvent { action=ACTION_UP, keyCode=KEYCODE_DPAD_UP, scanCode=0, metaState=0, flags=0x28, repeatCount=0, eventTime=106083342, downTime=106083059, deviceId=-1, source=0x101 }
W/ViewRootImpl(12204): Cancelling event due to no window focus: KeyEvent { action=ACTION_UP, keyCode=KEYCODE_DPAD_UP, scanCode=0, metaState=0, flags=0x28, repeatCount=0, eventTime=106083342, downTime=106083059, deviceId=-1, source=0x101 }
W/InputMethodManagerService(  594): Window already focused, ignoring focus gain of: com.android.internal.view.IInputMethodClient$Stub$Proxy@1823ccc7 attribute=null, token = android.os.BinderProxy@33b896f
I/org.umd.logging(12204): Method > 1 com.cnn.mobile.android.phone.ui.MainActivity.onPause(com.cnn.mobile.android.phone.ui.MainActivity@870422870<activity=true>)
I/org.umd.logging(12204): Method > 1 com.cnn.mobile.android.phone.ui.BaseFragmentActivity.onPause(com.cnn.mobile.android.phone.ui.MainActivity@870422870<activity=true>)
I/org.umd.logging(12204): Method > 1 com.cnn.mobile.android.phone.ui.BroadsheetFragment.onPause(com.cnn.mobile.android.phone.ui.BroadsheetFragment@675838646<fragment=true>)
I/GCoreUlr( 1301): Unbound from all location providers
I/GCoreUlr( 1301): Place inference reporting - stop
I/GCoreUlr( 1301): DispatchingService ignoring Intent { act=android.net.wifi.WIFI_STATE_CHANGED flg=0x4000010 (has extras) } because ULR inactive
I/org.umd.logging(12204): Method < 1 com.cnn.mobile.android.phone.ui.BroadsheetFragment.onPause()
I/org.umd.logging(12204): Method > 1 com.cnn.mobile.android.phone.ui.BroadsheetFragment$BroadsheetSectionFragment.onPause(com.cnn.mobile.android.phone.ui.BroadsheetFragment$BroadsheetSectionFragment@813206288<fragment=true>)
I/org.umd.logging(12204): Method < 1 com.cnn.mobile.android.phone.ui.BroadsheetFragment$BroadsheetSectionFragment.onPause()
I/org.umd.logging(12204): Method > 1 com.cnn.mobile.android.phone.ui.BroadsheetFragment$BroadsheetSectionFragment.onPause(com.cnn.mobile.android.phone.ui.BroadsheetFragment$BroadsheetSectionFragment@578426803<fragment=true>)
I/org.umd.logging(12204): Method < 1 com.cnn.mobile.android.phone.ui.BroadsheetFragment$BroadsheetSectionFragment.onPause()
I/org.umd.logging(12204): Method > 1 com.comscore.utils.task.TaskExecutor.execute(com.comscore.utils.task.TaskExecutor@1045888974, com.comscore.analytics.aa@254077756, true)
I/org.umd.logging(12204): Method > 1 com.comscore.utils.task.CustomThreadPoolExecutor.execute(com.comscore.utils.task.CustomThreadPoolExecutor@635914970, com.comscore.analytics.aa@254077756)
I/org.umd.logging(12204): Method > 2129 com.comscore.analytics.aa.run(com.comscore.analytics.aa@254077756)
I/org.umd.logging(12204): Method < 1 com.comscore.utils.task.CustomThreadPoolExecutor.execute()
I/org.umd.logging(12204): Method < 1 com.comscore.utils.task.TaskExecutor.execute(true)
I/org.umd.logging(12204): Method < 1 com.cnn.mobile.android.phone.ui.BaseFragmentActivity.onPause()
I/org.umd.logging(12204): Method < 2129 com.comscore.analytics.aa.run()
I/org.umd.logging(12204): Method < 1 com.cnn.mobile.android.phone.ui.MainActivity.onPause()
I/org.umd.logging(12204): Method > 1 com.cnn.mobile.android.phone.ui.ArticleFragmentActivity.onCreate(com.cnn.mobile.android.phone.ui.ArticleFragmentActivity@326806042<activity=true>, null)
I/org.umd.logging(12204): Method > 1 com.cnn.mobile.android.phone.ui.BaseFragmentActivity.onCreate(com.cnn.mobile.android.phone.ui.ArticleFragmentActivity@326806042<activity=true>, null)
I/org.umd.logging(12204): Method < 1 com.cnn.mobile.android.phone.ui.BaseFragmentActivity.onCreate()
D/ArticleFragmentActivity(12204): setArticles size 50
I/org.umd.logging(12204): Method < 1 com.cnn.mobile.android.phone.ui.ArticleFragmentActivity.onCreate()
I/org.umd.logging(12204): Method > 1 com.cnn.mobile.android.phone.ui.ArticleFragmentActivity.onStart(com.cnn.mobile.android.phone.ui.ArticleFragmentActivity@326806042<activity=true>)
I/org.umd.logging(12204): Method > 1 com.cnn.mobile.android.phone.ui.BaseFragmentActivity.onStart(com.cnn.mobile.android.phone.ui.ArticleFragmentActivity@326806042<activity=true>)
I/org.umd.logging(12204): Method < 1 com.cnn.mobile.android.phone.ui.BaseFragmentActivity.onStart()
I/org.umd.logging(12204): Method < 1 com.cnn.mobile.android.phone.ui.ArticleFragmentActivity.onStart()
I/org.umd.logging(12204): Method > 1 com.cnn.mobile.android.phone.ui.ArticleFragmentActivity.onResume(com.cnn.mobile.android.phone.ui.ArticleFragmentActivity@326806042<activity=true>)
I/org.umd.logging(12204): Method > 1 com.cnn.mobile.android.phone.ui.BaseFragmentActivity.onResume(com.cnn.mobile.android.phone.ui.ArticleFragmentActivity@326806042<activity=true>)
I/org.umd.logging(12204): Method > 1 com.cnn.mobile.android.phone.analytics.AnalyticsHelper.start(com.cnn.mobile.android.phone.analytics.AnalyticsHelper@761531984)
I/org.umd.logging(12204): Method < 1 com.cnn.mobile.android.phone.analytics.AnalyticsHelper.start()
I/org.umd.logging(12204): Method > 1 com.comscore.utils.task.TaskExecutor.execute(com.comscore.utils.task.TaskExecutor@1045888974, com.comscore.analytics.w@952961856, true)
I/org.umd.logging(12204): Method > 1 com.comscore.utils.task.CustomThreadPoolExecutor.execute(com.comscore.utils.task.CustomThreadPoolExecutor@635914970, com.comscore.analytics.w@952961856)
I/org.umd.logging(12204): Method > 2129 com.comscore.analytics.w.run(com.comscore.analytics.w@952961856)
I/org.umd.logging(12204): Method < 1 com.comscore.utils.task.CustomThreadPoolExecutor.execute()
I/org.umd.logging(12204): Method < 1 com.comscore.utils.task.TaskExecutor.execute(true)
I/org.umd.logging(12204): Method < 2129 com.comscore.analytics.w.run()
I/org.umd.logging(12204): Method < 1 com.cnn.mobile.android.phone.ui.BaseFragmentActivity.onResume()
I/org.umd.logging(12204): Method < 1 com.cnn.mobile.android.phone.ui.ArticleFragmentActivity.onResume()
V/WindowManager(  594): Adding window Window{27a8ca1d u0 com.cnn.mobile.android.phone/com.cnn.mobile.android.phone.ui.ArticleFragmentActivity} at 4 of 10 (after Window{3f13867c u0 com.cnn.mobile.android.phone/com.cnn.mobile.android.phone.ui.MainActivity})
I/org.umd.logging(12204): Method > 1 com.cnn.mobile.android.phone.ui.ArticleFlipboardFragment.onCreateView(com.cnn.mobile.android.phone.ui.ArticleFlipboardFragment@389690302<fragment=true>, com.android.internal.policy.impl.PhoneLayoutInflater@578821151, android.support.v4.view.ViewPager@404200300<id=2131230925><imagename=articlepager>, null)
D/ArticleFlipboardFragment(12204): Flipboard opening http://www.cnn.com//2016/12/12/middleeast/aleppo-syria-government-gains/index.html category=Home lastUpdatedTimeInSecs=1481660826
I/org.umd.logging(12204): Method > 1 com.android.volley.RequestQueue.start(com.android.volley.RequestQueue@639690221)
I/org.umd.logging(12204): Api > 1 java.lang.Thread.start(com.android.volley.CacheDispatcher@463795891<thread=2189>)
I/org.umd.logging(12204): Api < 1 java.lang.Thread.start()
I/org.umd.logging(12204): Api > 1 java.lang.Thread.start(com.android.volley.NetworkDispatcher@707982313<thread=2190>)
I/org.umd.logging(12204): Api < 1 java.lang.Thread.start()
I/org.umd.logging(12204): Method > 2189 com.android.volley.CacheDispatcher.run(com.android.volley.CacheDispatcher@463795891<thread=2189>)
I/org.umd.logging(12204): Api > 1 java.lang.Thread.start(com.android.volley.NetworkDispatcher@221841518<thread=2191>)
I/org.umd.logging(12204): Method > 2190 com.android.volley.NetworkDispatcher.run(com.android.volley.NetworkDispatcher@707982313<thread=2190>)
I/org.umd.logging(12204): Method > 2191 com.android.volley.NetworkDispatcher.run(com.android.volley.NetworkDispatcher@221841518<thread=2191>)
I/org.umd.logging(12204): Api < 1 java.lang.Thread.start()
I/org.umd.logging(12204): Api > 1 java.lang.Thread.start(com.android.volley.NetworkDispatcher@888032015<thread=2192>)
I/org.umd.logging(12204): Api < 1 java.lang.Thread.start()
I/org.umd.logging(12204): Api > 1 java.lang.Thread.start(com.android.volley.NetworkDispatcher@15644572<thread=2193>)
I/org.umd.logging(12204): Api < 1 java.lang.Thread.start()
I/org.umd.logging(12204): Method > 2192 com.android.volley.NetworkDispatcher.run(com.android.volley.NetworkDispatcher@888032015<thread=2192>)
I/org.umd.logging(12204): Method > 2193 com.android.volley.NetworkDispatcher.run(com.android.volley.NetworkDispatcher@15644572<thread=2193>)
I/org.umd.logging(12204): Method < 1 com.android.volley.RequestQueue.start()
D/flipboard_fdl(12204): [DEBUG:1] account token is ready
W/ResourceType(12204): No known package when getting name for resource number 0xffffffff
I/org.umd.logging(12204): Method < 1 com.cnn.mobile.android.phone.ui.ArticleFlipboardFragment.onCreateView(android.widget.LinearLayout@955334010<file=><x=0><y=0><width=0><height=0><id=-1>)
D/flipboard_fdl(12204): [DEBUG:1] Fdl request content/extract https://api.flipboard.com/content/extract?access_token=6yr7URK-rJ2NOAQvoijuPkK3kAs4l5cfqNs_bAfnxJRUG-4RuN4Zee4cFa1Py7yeE_RGPFlsMa5RUn2wjDzshNUht5GmFjiz8-ns8pPEpq2NsXPzTQ2pb6GU3Ca3W0ANIfFUBwXcsjjcD7opGgiuy1QhI6Y63WXdHuu5TQIDuWV_rPI1-6LRKIbLlyHWMf2rYg&client=eap-cnn&deviceType=aphone&screensize=4.4233003&url=http%3A%2F%2Fwww.cnn.com%2F%2F2016%2F12%2F12%2Fmiddleeast%2Faleppo-syria-government-gains%2Findex.html&articleDate=1481660826&cacheOnly=true
D/ArticleFlipboardFragment(12204): flip notify PAGE_LOAD_START
D/flipboard_fdl(12204): [DEBUG:1] POST usage data {"event_action":"enter","event_category":"item","prod_type":"embedded","event_data":{"app_id":"cnn","nav_from":"eap_app","url":"http:\/\/www.cnn.com\/\/2016\/12\/12\/middleeast\/aleppo-syria-government-gains\/index.html"},"properties":{"unique_id":"4c9e04cf6a4bf19f49c40e051febd6b8b1b02381","time":1481667872527,"time_offset":-300,"app_version":"","locale":"en_US","appmode":"aphone","device_model":"LGE","device_version":"Nexus 4","network":"unknown","os":"android","os_version":"5.1.1\/22"}}
I/org.umd.logging(12204): Method > 1 com.cnn.mobile.android.phone.ui.ArticleFlipboardFragment.onResume(com.cnn.mobile.android.phone.ui.ArticleFlipboardFragment@389690302<fragment=true>)
I/org.umd.logging(12204): Method < 1 com.cnn.mobile.android.phone.ui.ArticleFlipboardFragment.onResume()
I/org.umd.logging(12204): Method > 1 com.cnn.mobile.android.phone.ui.ArticleFlipboardFragment.onCreateView(com.cnn.mobile.android.phone.ui.ArticleFlipboardFragment@18219474<fragment=true>, com.android.internal.policy.impl.PhoneLayoutInflater@578821151, android.support.v4.view.ViewPager@404200300<id=2131230925><imagename=articlepager>, null)
W/ResourceType(12204): No known package when getting name for resource number 0xffffffff
I/org.umd.logging(12204): Method < 1 com.cnn.mobile.android.phone.ui.ArticleFlipboardFragment.onCreateView(android.widget.LinearLayout@832389068<file=><x=0><y=0><width=0><height=0><id=-1>)
I/org.umd.logging(12204): Method > 1 com.cnn.mobile.android.phone.ui.ArticleFlipboardFragment.onCreateView(com.cnn.mobile.android.phone.ui.ArticleFlipboardFragment@757891605<fragment=true>, com.android.internal.policy.impl.PhoneLayoutInflater@578821151, android.support.v4.view.ViewPager@404200300<id=2131230925><imagename=articlepager>, null)
I/mako-bluetooth(12481): /system/etc/init.mako.bt.sh: Bluetooth QSoC firmware download succeeded,  10:68:3F:E1:B4:9F smd 
W/ResourceType(12204): No known package when getting name for resource number 0xffffffff
I/org.umd.logging(12204): Method < 1 com.cnn.mobile.android.phone.ui.ArticleFlipboardFragment.onCreateView(android.widget.LinearLayout@189041848<file=><x=0><y=0><width=0><height=0><id=-1>)
I/org.umd.logging(12204): Method > 1 com.cnn.mobile.android.phone.ui.ArticleFlipboardFragment.onCreateView(com.cnn.mobile.android.phone.ui.ArticleFlipboardFragment@1029712529<fragment=true>, com.android.internal.policy.impl.PhoneLayoutInflater@578821151, android.support.v4.view.ViewPager@404200300<id=2131230925><imagename=articlepager>, null)
W/ResourceType(12204): No known package when getting name for resource number 0xffffffff
I/org.umd.logging(12204): Method < 1 com.cnn.mobile.android.phone.ui.ArticleFlipboardFragment.onCreateView(android.widget.LinearLayout@873577572<file=><x=0><y=0><width=0><height=0><id=-1>)
I/mako-bluetooth(12490): /system/etc/init.mako.bt.sh: start bluetooth smd transport 
I/org.umd.logging(12204): Method > 1 com.cnn.mobile.android.phone.ui.ArticleFlipboardFragment.onResume(com.cnn.mobile.android.phone.ui.ArticleFlipboardFragment@18219474<fragment=true>)
I/org.umd.logging(12204): Method < 1 com.cnn.mobile.android.phone.ui.ArticleFlipboardFragment.onResume()
I/org.umd.logging(12204): Method > 1 com.cnn.mobile.android.phone.ui.ArticleFlipboardFragment.onResume(com.cnn.mobile.android.phone.ui.ArticleFlipboardFragment@757891605<fragment=true>)
I/org.umd.logging(12204): Method < 1 com.cnn.mobile.android.phone.ui.ArticleFlipboardFragment.onResume()
I/org.umd.logging(12204): Method > 1 com.cnn.mobile.android.phone.ui.ArticleFlipboardFragment.onResume(com.cnn.mobile.android.phone.ui.ArticleFlipboardFragment@1029712529<fragment=true>)
I/org.umd.logging(12204): Method < 1 com.cnn.mobile.android.phone.ui.ArticleFlipboardFragment.onResume()
I/org.umd.logging(12204): Api > 2190 java.net.URL.openConnection(java.net.URL@979385040<URL=https://api.flipboard.com/content/extract?access_token=6yr7URK-rJ2NOAQvoijuPkK3kAs4l5cfqNs_bAfnxJRUG-4RuN4Zee4cFa1Py7yeE_RGPFlsMa5RUn2wjDzshNUht5GmFjiz8-ns8pPEpq2NsXPzTQ2pb6GU3Ca3W0ANIfFUBwXcsjjcD7opGgiuy1QhI6Y63WXdHuu5TQIDuWV_rPI1-6LRKIbLlyHWMf2rYg&client=eap-cnn&deviceType=aphone&screensize=4.4233003&url=http%3A%2F%2Fwww.cnn.com%2F%2F2016%2F12%2F12%2Fmiddleeast%2Faleppo-syria-government-gains%2Findex.html&articleDate=1481660826&cacheOnly=true>)
I/org.umd.logging(12204): Api < 2190 java.net.URL.openConnection(com.android.okhttp.internal.http.HttpsURLConnectionImpl@969185993)
I/bt_hwcfg(12362): bluetooth satus is on
D/bt_userial_mct(12362): userial_open(port:0)
I/bt_userial_vendor(12362): Done intiailizing UART
I/bt_userial_vendor(12362): Done intiailizing UART
I/bt_userial_mct(12362): CMD=52, EVT=52, ACL_Out=53, ACL_In=53
I/bt_vendor(12362): Bluetooth Firmware and smd is initialized
I/bt-btu  (12362): btu_task received preload complete event
D/bt_userial_mct(12362): Entering userial_read_thread()
I/org.umd.logging(12204): Api > 2191 java.net.URL.openConnection(java.net.URL@5592526<URL=https://ue.flipboard.com/usage>)
I/org.umd.logging(12204): Api < 2191 java.net.URL.openConnection(com.android.okhttp.internal.http.HttpsURLConnectionImpl@265190639)
E/WifiStateMachine(  594): WifiStateMachine CMD_START_SCAN source -2 txSuccessRate=146.51 rxSuccessRate=160.51 targetRoamBSSID=any RSSI=-39
I/        (12362): BTE_InitTraceLevels -- TRC_HCI
I/        (12362): BTE_InitTraceLevels -- TRC_L2CAP
I/        (12362): BTE_InitTraceLevels -- TRC_RFCOMM
I/        (12362): BTE_InitTraceLevels -- TRC_AVDT
I/        (12362): BTE_InitTraceLevels -- TRC_AVRC
I/        (12362): BTE_InitTraceLevels -- TRC_A2D
I/        (12362): BTE_InitTraceLevels -- TRC_BNEP
I/        (12362): BTE_InitTraceLevels -- TRC_BTM
I/        (12362): BTE_InitTraceLevels -- TRC_GAP
I/        (12362): BTE_InitTraceLevels -- TRC_PAN
I/        (12362): BTE_InitTraceLevels -- TRC_SDP
I/        (12362): BTE_InitTraceLevels -- TRC_GATT
I/        (12362): BTE_InitTraceLevels -- TRC_SMP
I/        (12362): BTE_InitTraceLevels -- TRC_BTAPP
I/        (12362): BTE_InitTraceLevels -- TRC_BTIF
W/ViewRootImpl(12204): Cancelling event due to no window focus: KeyEvent { action=ACTION_UP, keyCode=KEYCODE_DPAD_UP, scanCode=0, metaState=0, flags=0x28, repeatCount=0, eventTime=106083078, downTime=106083078, deviceId=-1, source=0x101 }
W/ViewRootImpl(12204): Cancelling event due to no window focus: KeyEvent { action=ACTION_UP, keyCode=KEYCODE_DPAD_UP, scanCode=0, metaState=0, flags=0x28, repeatCount=0, eventTime=106083078, downTime=106083078, deviceId=-1, source=0x101 }
W/ViewRootImpl(12204): Cancelling event due to no window focus: KeyEvent { action=ACTION_UP, keyCode=KEYCODE_DPAD_UP, scanCode=0, metaState=0, flags=0x28, repeatCount=0, eventTime=106083078, downTime=106083078, deviceId=-1, source=0x101 }
W/ViewRootImpl(12204): Cancelling event due to no window focus: KeyEvent { action=ACTION_UP, keyCode=KEYCODE_DPAD_UP, scanCode=0, metaState=0, flags=0x28, repeatCount=0, eventTime=106083078, downTime=106083078, deviceId=-1, source=0x101 }
W/ViewRootImpl(12204): Cancelling event due to no window focus: KeyEvent { action=ACTION_UP, keyCode=KEYCODE_DPAD_UP, scanCode=0, metaState=0, flags=0x28, repeatCount=0, eventTime=106083078, downTime=106083078, deviceId=-1, source=0x101 }
W/ViewRootImpl(12204): Cancelling event due to no window focus: KeyEvent { action=ACTION_UP, keyCode=KEYCODE_DPAD_UP, scanCode=0, metaState=0, flags=0x28, repeatCount=0, eventTime=106083078, downTime=106083078, deviceId=-1, source=0x101 }
W/ViewRootImpl(12204): Cancelling event due to no window focus: KeyEvent { action=ACTION_UP, keyCode=KEYCODE_DPAD_UP, scanCode=0, metaState=0, flags=0x28, repeatCount=0, eventTime=106083078, downTime=106083078, deviceId=-1, source=0x101 }
W/ViewRootImpl(12204): Cancelling event due to no window focus: KeyEvent { action=ACTION_UP, keyCode=KEYCODE_DPAD_UP, scanCode=0, metaState=0, flags=0x28, repeatCount=0, eventTime=106083078, downTime=106083078, deviceId=-1, source=0x101 }
W/ViewRootImpl(12204): Cancelling event due to no window focus: KeyEvent { action=ACTION_UP, keyCode=KEYCODE_DPAD_UP, scanCode=0, metaState=0, flags=0x28, repeatCount=0, eventTime=106083078, downTime=106083078, deviceId=-1, source=0x101 }
E/bt-btm  (12362): BTM_SecRegister:p_cb_info->p_le_callback == 0xaf797c3d 
E/bt-btm  (12362): BTM_SecRegister: btm_cb.api.p_le_callback = 0xaf797c3d 
E/bt-btif (12362): Calling BTA_HhEnable
E/bt-btif (12362): btif_config_get(L190): assert failed: section && *section && key && *key && name && *name && bytes && type
E/bt-btif (12362): btif_config_get(L190): assert failed: section && *section && key && *key && name && *name && bytes && type
E/bt-btif (12362): btif_storage_get_adapter_property service_mask:0x2140040
D/BluetoothAdapterProperties(12362): Address is:10:68:3F:E1:B4:9F
D/BluetoothAdapterProperties(12362): Name is: Nexus 4
D/BluetoothAdapterProperties(12362): Scan Mode:20
D/BluetoothAdapterProperties(12362): Discoverable Timeout:120
D/BluetoothManagerService(  594): Bluetooth Adapter name changed to Nexus 4
D/BluetoothManagerService(  594): Stored Bluetooth name: Nexus 4
D/bte_conf(12362): Device ID record 1 : primary
D/bte_conf(12362):   vendorId            = 000f
D/bte_conf(12362):   vendorIdSource      = 0001
D/bte_conf(12362):   product             = 1200
D/bte_conf(12362):   version             = 1436
D/bte_conf(12362):   clientExecutableURL = 
D/bte_conf(12362):   serviceDescription  = 
D/bte_conf(12362):   documentationURL    = 
D/bte_conf(12362): bte_load_did_conf no section named DID2.
E/bt-btif (12362): btif_config_get(L190): assert failed: section && *section && key && *key && name && *name && bytes && type
E/bt-btif (12362): btif_config_get(L190): assert failed: section && *section && key && *key && name && *name && bytes && type
E/bt-btif (12362): btif_config_get(L190): assert failed: section && *section && key && *key && name && *name && bytes && type
D/BluetoothPanServiceJni(12362): control_state_callback(L61): state:0, local_role:3, ifname:bt-pan
D/BluetoothAdapterState(12362): CURRENT_STATE=PENDING, MESSAGE = ENABLE_READY, isTurningOn=true, isTurningOff=false
D/BluetoothAdapterProperties(12362): ScanMode =  20
D/BluetoothAdapterProperties(12362): State =  11
D/BluetoothAdapterProperties(12362): Setting state to 12
I/BluetoothAdapterState(12362): Bluetooth adapter state changed: 11-> 12
I/BluetoothAdapterState(12362): Entering On State
D/BluetoothAdapterProperties(12362): Scan Mode:21
D/BluetoothAdapterProperties(12362): Discoverable Timeout:120
W/bt-btm  (12362): Stopping oneshot timer
E/bt_mct  (12362): hci lib postload completed
W/bt-btm  (12362): Stopping oneshot timer
W/bt-btm  (12362): Stopping oneshot timer
W/bt-btm  (12362): Stopping oneshot timer
W/bt-btm  (12362): Stopping oneshot timer
W/bt-btm  (12362): Stopping oneshot timer
W/bt-btm  (12362): Stopping oneshot timer
E/Cataloger( 6490): syncFile:/storage/emulated/0/2016-12-13_05:24:32.676.jpg
D/BluetoothManagerService(  594): Sending off request.
D/BluetoothAdapterState(12362): CURRENT_STATE=ON, MESSAGE = USER_TURN_OFF
D/BluetoothAdapterProperties(12362): Setting state to 13
I/BluetoothAdapterState(12362): Bluetooth adapter state changed: 12-> 13
D/BluetoothAdapterProperties(12362): onBluetoothDisable()
I/BluetoothAdapterState(12362): Entering PendingCommandState State: isTurningOn()=false, isTurningOff()=true
D/BluetoothManagerService(  594): Message: 60
D/BluetoothManagerService(  594): MESSAGE_BLUETOOTH_STATE_CHANGE: prevState = 10, newState=11
D/BluetoothAdapterProperties(12362): Scan Mode:20
D/BluetoothAdapterState(12362): CURRENT_STATE=PENDING, MESSAGE = BEGIN_DISABLE, isTurningOn=false, isTurningOff=true
D/BluetoothManagerService(  594): Bluetooth State Change Intent: 10 -> 11
W/bt-btif (12362): bta_dm_disable BTA_DISABLE_DELAY set to 1000 ms
W/bt-l2cap(12362): L2CAP - PSM: 0x0019 not found for deregistration
W/bt-l2cap(12362): L2CAP - PSM: 0x0017 not found for deregistration
D/btif_config_util(12362): btif_config_save_file(L188): in file name:/data/misc/bluedroid/bt_config.new
D/BluetoothManagerService(  594): Message: 20
D/BluetoothMapService(12362): onReceive
D/BluetoothManagerService(  594): Added callback: android.bluetooth.IBluetoothManagerCallback$Stub$Proxy@1ef11124:true
D/BluetoothManagerService(  594): Message: 30
D/BluetoothManagerService(  594): Message: 30
D/BluetoothManagerService(  594): Message: 30
D/BluetoothManagerService(  594): Message: 30
D/BluetoothManagerService(  594): Message: 60
D/BluetoothManagerService(  594): MESSAGE_BLUETOOTH_STATE_CHANGE: prevState = 11, newState=12
D/BluetoothManagerService(  594): Broadcasting onBluetoothStateChange(true) to 17 receivers.
D/BluetoothInputDevice(12130): onBluetoothStateChange: up=true
D/BluetoothA2dp(  594): onBluetoothStateChange: up=true
D/BluetoothPbap(12130): onBluetoothStateChange: up=true
D/BluetoothPan(  738): onBluetoothStateChange(on) call bindService
D/BluetoothHeadset(  594): onBluetoothStateChange: up=true
D/BluetoothManagerService(  594): Trying to bind to profile: 1, while Bluetooth was disabled
D/BluetoothHeadset(  738): onBluetoothStateChange: up=true
D/BluetoothManagerService(  594): Trying to bind to profile: 1, while Bluetooth was disabled
D/BluetoothAvrcpController(  738): onBluetoothStateChange: up=true
E/BluetoothAvrcpController(  738): Could not bind to Bluetooth AVRCP Controller Service with Intent { act=android.bluetooth.IBluetoothAvrcpController }
D/BluetoothMap(  738): onBluetoothStateChange: up=true
D/BluetoothPan(12130): onBluetoothStateChange(on) call bindService
D/BluetoothMap(12130): onBluetoothStateChange: up=true
D/BluetoothHeadset(  594): onBluetoothStateChange: up=true
D/BluetoothManagerService(  594): Trying to bind to profile: 1, while Bluetooth was disabled
D/BluetoothInputDevice(  738): onBluetoothStateChange: up=true
D/BluetoothA2dpSink(  738): onBluetoothStateChange: up=true
E/BluetoothA2dpSink(  738): Could not bind to Bluetooth A2DP Service with Intent { act=android.bluetooth.IBluetoothA2dpSink }
D/BluetoothA2dp(  738): onBluetoothStateChange: up=true
D/BluetoothHeadset(  594): onBluetoothStateChange: up=true
D/BluetoothManagerService(  594): Trying to bind to profile: 1, while Bluetooth was disabled
D/BluetoothHeadsetClient(  738): onBluetoothStateChange: up=true
E/BluetoothHeadsetClient(  738): Could not bind to Bluetooth Headset Client Service with Intent { act=android.bluetooth.IBluetoothHeadsetClient }
D/BluetoothHeadset( 1030): onBluetoothStateChange: up=true
D/BluetoothManagerService(  594): Trying to bind to profile: 1, while Bluetooth was disabled
D/BluetoothManagerService(  594): Bluetooth State Change Intent: 11 -> 12
D/BluetoothManagerService(  594): Message: 60
D/BluetoothManagerService(  594): MESSAGE_BLUETOOTH_STATE_CHANGE: prevState = 12, newState=13
D/BluetoothManagerService(  594): Bluetooth State Change Intent: 12 -> 13
D/BluetoothMapService(12362): onReceive
D/BluetoothMapService(12362): STATE_ON
D/BluetoothManagerService(  594): BluetoothServiceConnection: com.android.bluetooth.gatt.GattService
D/BluetoothManagerService(  594): Message: 40
D/BluetoothManagerService(  594): MESSAGE_BLUETOOTH_SERVICE_CONNECTED: 2
D/BluetoothMapService(12362): onReceive
D/BluetoothMapService(12362): STATE_TURNING_OFF
D/BluetoothMapService(12362): MAP Service closeService in
D/BluetoothMapMasInstance(12362): MAP Service shutdown
I/org.umd.logging(12204): Method > 2191 com.android.volley.ExecutorDelivery$1.execute(com.android.volley.ExecutorDelivery$1@313675942, com.android.volley.ExecutorDelivery$ResponseDeliveryRunnable@412026516)
I/org.umd.logging(12204): Method < 2191 com.android.volley.ExecutorDelivery$1.execute()
W/ResourceType(12204): No known package when getting name for resource number 0xffffffff
I/org.umd.logging(12204): Method > 1 flipboard.eap.gui.FlipmagArticleView.onInterceptTouchEvent(flipboard.eap.gui.FlipmagArticleView@871570053<file=2016-12-13_05:24:32.676><x=0><y=194><width=768><height=990><id=-1>, android.view.MotionEvent@35836210)
I/org.umd.logging(12204): Method < 1 flipboard.eap.gui.FlipmagArticleView.onInterceptTouchEvent(true)
E/Cataloger( 6490): syncFile:/storage/emulated/0/2016-12-13_05:24:32.676.jpg
W/ContextImpl(12130): Calling a method in the system process without a qualified user: android.app.ContextImpl.startService:1692 android.content.ContextWrapper.startService:516 android.content.ContextWrapper.startService:516 com.android.settings.bluetooth.DockEventReceiver.beginStartingService:134 com.android.settings.bluetooth.DockEventReceiver.onReceive:115 
D/DockEventReceiver(12130): finishStartingService: stopping service
D/BluetoothPbap(12130): Proxy object connected
D/PbapServerProfile(12130): Bluetooth service connected
I/org.umd.logging(12204): Method > 2190 com.android.volley.ExecutorDelivery$1.execute(com.android.volley.ExecutorDelivery$1@313675942, com.android.volley.ExecutorDelivery$ResponseDeliveryRunnable@54296195)
I/org.umd.logging(12204): Method < 2190 com.android.volley.ExecutorDelivery$1.execute()
E/Cataloger( 6490): syncFile:/storage/emulated/0/2016-12-13_05:24:32.886.jpg
W/ContextImpl(12130): Calling a method in the system process without a qualified user: android.app.ContextImpl.startService:1692 android.content.ContextWrapper.startService:516 android.content.ContextWrapper.startService:516 com.android.settings.bluetooth.DockEventReceiver.beginStartingService:134 com.android.settings.bluetooth.DockEventReceiver.onReceive:115 
D/DockEventReceiver(12130): finishStartingService: stopping service
D/BluetoothPbap(12130): Proxy object disconnected
D/PbapServerProfile(12130): Bluetooth service disconnected
W/ResourceType(12204): No known package when getting name for resource number 0xffffffff
I/org.umd.logging(12204): Method > 1 flipboard.eap.gui.FlipmagArticleView.onTouchEvent(flipboard.eap.gui.FlipmagArticleView@871570053<file=2016-12-13_05:24:32.886><x=0><y=194><width=768><height=990><id=-1>, android.view.MotionEvent@35836210)
E/Cataloger( 6490): syncFile:/storage/emulated/0/2016-12-13_05:24:32.886.jpg
I/org.umd.logging(12204): Method < 1 flipboard.eap.gui.FlipmagArticleView.onTouchEvent(false)
E/Cataloger( 6490): syncFile:/storage/emulated/0/2016-12-13_05:24:33.062.jpg
W/ResourceType(12204): No known package when getting name for resource number 0xffffffff
I/org.umd.logging(12204): Method > 1 flipboard.eap.gui.FlipmagArticleView.onInterceptTouchEvent(flipboard.eap.gui.FlipmagArticleView@871570053<file=2016-12-13_05:24:33.062><x=0><y=194><width=768><height=990><id=-1>, android.view.MotionEvent@35836210)
E/Cataloger( 6490): syncFile:/storage/emulated/0/2016-12-13_05:24:33.062.jpg
I/org.umd.logging(12204): Method < 1 flipboard.eap.gui.FlipmagArticleView.onInterceptTouchEvent(true)
E/Cataloger( 6490): syncFile:/storage/emulated/0/2016-12-13_05:24:33.248.jpg
W/ResourceType(12204): No known package when getting name for resource number 0xffffffff
I/org.umd.logging(12204): Method > 1 flipboard.eap.gui.FlipmagArticleView.onTouchEvent(flipboard.eap.gui.FlipmagArticleView@871570053<file=2016-12-13_05:24:33.248><x=0><y=194><width=768><height=990><id=-1>, android.view.MotionEvent@35836210)
I/org.umd.logging(12204): Method < 1 flipboard.eap.gui.FlipmagArticleView.onTouchEvent(false)
E/Cataloger( 6490): syncFile:/storage/emulated/0/2016-12-13_05:24:33.248.jpg
I/org.umd.logging(12204): Method > 1 com.cnn.mobile.android.phone.ui.ArticleFragmentActivity.onCreateOptionsMenu(com.cnn.mobile.android.phone.ui.ArticleFragmentActivity@326806042<activity=true>, android.support.v7.internal.view.menu.MenuWrapperICS@548194361)
I/org.umd.logging(12204): Method > 1 com.cnn.mobile.android.phone.ui.BaseFragmentActivity.onCreateOptionsMenu(com.cnn.mobile.android.phone.ui.ArticleFragmentActivity@326806042<activity=true>, android.support.v7.internal.view.menu.MenuWrapperICS@548194361)
I/org.umd.logging(12204): Method < 1 com.cnn.mobile.android.phone.ui.BaseFragmentActivity.onCreateOptionsMenu(true)
I/org.umd.logging(12204): Method < 1 com.cnn.mobile.android.phone.ui.ArticleFragmentActivity.onCreateOptionsMenu(true)
I/org.umd.logging(12204): Method > 1 com.cnn.mobile.android.phone.ui.BaseFragmentActivity$1.run(com.cnn.mobile.android.phone.ui.BaseFragmentActivity$1@784227711)
I/org.umd.logging(12204): Method < 1 com.cnn.mobile.android.phone.ui.BaseFragmentActivity$1.run()
I/Choreographer(12204): Skipped 59 frames!  The application may be doing too much work on its main thread.
W/ViewRootImpl(12204): Dropping event due to no window focus: MotionEvent { action=ACTION_MOVE, id[0]=0, x[0]=-4.0, y[0]=-2.0, toolType[0]=TOOL_TYPE_UNKNOWN, buttonState=0, metaState=0, flags=0x0, edgeFlags=0x0, pointerCount=1, historySize=9, eventTime=106083672, downTime=-1, deviceId=0, source=0x10004 }
W/ViewRootImpl(12204): Dropping event due to no window focus: KeyEvent { action=ACTION_DOWN, keyCode=KEYCODE_DPAD_LEFT, scanCode=0, metaState=0, flags=0x8, repeatCount=0, eventTime=106083686, downTime=106083686, deviceId=-1, source=0x101 }
W/ViewRootImpl(12204): Cancelling event due to no window focus: KeyEvent { action=ACTION_UP, keyCode=KEYCODE_DPAD_LEFT, scanCode=0, metaState=0, flags=0x28, repeatCount=0, eventTime=106084565, downTime=106084565, deviceId=-1, source=0x101 }
W/ViewRootImpl(12204): Cancelling event due to no window focus: KeyEvent { action=ACTION_UP, keyCode=KEYCODE_DPAD_LEFT, scanCode=0, metaState=0, flags=0x28, repeatCount=0, eventTime=106084565, downTime=106084565, deviceId=-1, source=0x101 }
W/ViewRootImpl(12204): Cancelling event due to no window focus: KeyEvent { action=ACTION_UP, keyCode=KEYCODE_DPAD_LEFT, scanCode=0, metaState=0, flags=0x28, repeatCount=0, eventTime=106084565, downTime=106084565, deviceId=-1, source=0x101 }
W/ViewRootImpl(12204): Cancelling event due to no window focus: KeyEvent { action=ACTION_UP, keyCode=KEYCODE_DPAD_LEFT, scanCode=0, metaState=0, flags=0x28, repeatCount=0, eventTime=106084565, downTime=106084565, deviceId=-1, source=0x101 }
W/ViewRootImpl(12204): Cancelling event due to no window focus: KeyEvent { action=ACTION_UP, keyCode=KEYCODE_DPAD_LEFT, scanCode=0, metaState=0, flags=0x28, repeatCount=0, eventTime=106084565, downTime=106084565, deviceId=-1, source=0x101 }
W/ViewRootImpl(12204): Cancelling event due to no window focus: KeyEvent { action=ACTION_UP, keyCode=KEYCODE_DPAD_LEFT, scanCode=0, metaState=0, flags=0x28, repeatCount=0, eventTime=106084565, downTime=106084565, deviceId=-1, source=0x101 }
W/ViewRootImpl(12204): Cancelling event due to no window focus: KeyEvent { action=ACTION_UP, keyCode=KEYCODE_DPAD_LEFT, scanCode=0, metaState=0, flags=0x28, repeatCount=0, eventTime=106084565, downTime=106084565, deviceId=-1, source=0x101 }
W/ViewRootImpl(12204): Cancelling event due to no window focus: KeyEvent { action=ACTION_UP, keyCode=KEYCODE_DPAD_LEFT, scanCode=0, metaState=0, flags=0x28, repeatCount=0, eventTime=106084565, downTime=106084565, deviceId=-1, source=0x101 }
W/ViewRootImpl(12204): Cancelling event due to no window focus: KeyEvent { action=ACTION_UP, keyCode=KEYCODE_DPAD_LEFT, scanCode=0, metaState=0, flags=0x28, repeatCount=0, eventTime=106084565, downTime=106084565, deviceId=-1, source=0x101 }
I/org.umd.logging(12204): Method > 1 com.android.volley.ExecutorDelivery$ResponseDeliveryRunnable.run(com.android.volley.ExecutorDelivery$ResponseDeliveryRunnable@412026516)
I/org.umd.logging(12204): Method < 1 com.android.volley.ExecutorDelivery$ResponseDeliveryRunnable.run()
I/org.umd.logging(12204): Method > 1 com.android.volley.ExecutorDelivery$ResponseDeliveryRunnable.run(com.android.volley.ExecutorDelivery$ResponseDeliveryRunnable@54296195)
D/flipboard_fdl(12204): [DEBUG:1] successfully get flipage url: http://cdn.flipboard.com/cnn.com/gig_3Dcnn-phone_3Ainlineaml_3Dtrue/b5f951a456b23f65195543c6c25398cdc6736e2c/1e840a7459c881ca625c42ea535bb57061e6430c/article.html
I/ActivityManager(  594): Displayed com.cnn.mobile.android.phone/.ui.ArticleFragmentActivity: +1s215ms
E/Cataloger( 6490): syncFile:/storage/emulated/0/2016-12-13_05:24:33.594.jpg
W/ResourceType(12204): No known package when getting name for resource number 0xffffffff
I/org.umd.logging(12204): Api > 1 android.webkit.WebView.<init>(flipboard.eap.gui.FlipmagWebView@610620059<file=2016-12-13_05:24:33.594><x=0><y=0><width=0><height=0><id=-1>, com.cnn.mobile.android.phone.ui.ArticleFragmentActivity@326806042, null)
W/bt-btif (12362): ag scb idx 1 not allocated
E/bt-btif (12362): BTA AG is already disabled, ignoring ...
W/bt-l2cap(12362): L2CAP - PSM: 0x0019 not found for deregistration
W/bt-l2cap(12362): L2CAP - PSM: 0x0017 not found for deregistration
W/bt-l2cap(12362): L2CAP - PSM: 0x0019 not found for deregistration
W/bt-l2cap(12362): L2CAP - PSM: 0x0017 not found for deregistration
W/bt-l2cap(12362): L2CAP - PSM: 0x0019 not found for deregistration
W/bt-l2cap(12362): L2CAP - PSM: 0x0017 not found for deregistration
I/bt_userial_mct(12362): exiting userial_read_thread
D/bt_userial_mct(12362): Leaving userial_evt_read_thread()
E/Cataloger( 6490): syncFile:/storage/emulated/0/2016-12-13_05:24:33.594.jpg
D/bt_userial_mct(12362): userial_close_reader Joined userial reader thread: 0
I/bt_hwcfg(12362): hw_epilog_process
D/bt_userial_mct(12362): userial_close
I/bt_hwcfg(12362): Starting hciattach daemon
I/bt_hwcfg(12362): try to set false
I/bt_vendor(12362): cleanup
I/GKI_LINUX(12362): gki_task task_id=0 [BTU] terminating
I/GKI_LINUX(12362): GKI_exit_task 0 done
I/GKI_LINUX(12362): GKI_shutdown(): task [BTU] terminated
D/BluetoothAdapterState(12362): CURRENT_STATE=PENDING, MESSAGE = DISABLED, isTurningOn=false, isTurningOff=true
D/HeadsetService(12362): Received stop request...Stopping profile...
D/HeadsetStateMachine(12362): Exit Disconnected: -1
D/A2dpService(12362): Received stop request...Stopping profile...
D/A2dpStateMachine(12362): Exit Disconnected: -1
D/BluetoothA2dp(  594): Proxy object disconnected
D/BluetoothA2dp(  738): Proxy object disconnected
D/HidService(12362): Received stop request...Stopping profile...
D/BluetoothAdapterState(12362): Stopping profile services that were post enabled
D/BluetoothInputDevice(  738): Proxy object disconnected
D/HeadsetStateMachine(12362): Unbinding service...
W/BluetoothHeadsetServiceJni(12362): Cleaning up Bluetooth Handsfree Interface...
W/BluetoothHeadsetServiceJni(12362): Cleaning up Bluetooth Handsfree callback object
D/HealthService(12362): Received stop request...Stopping profile...
I/GKI_LINUX(12362): gki_task task_id=2 [A2DP-MEDIA] terminating
I/GKI_LINUX(12362): GKI_exit_task 2 done
I/GKI_LINUX(12362): GKI_shutdown(): task [A2DP-MEDIA] terminated
D/PanService(12362): Received stop request...Stopping profile...
D/BtGatt.DebugUtils(12362): handleDebugAction() action=null
D/BtGatt.GattService(12362): Received stop request...Stopping profile...
D/BtGatt.GattService(12362): stop()
D/BtGatt.AdvertiseManager(12362): advertise clients cleared
D/BluetoothPan(  738): BluetoothPAN Proxy object disconnected
D/BluetoothMapService(12362): Received stop request...Stopping profile...
D/BluetoothMapService(12362): stop()
D/BluetoothMapEmailAppObserver(12362): deinitObservers()
D/BluetoothMapEmailAppObserver(12362): removeReceiver()
D/BluetoothMap(  738): Proxy object disconnected
W/BluetoothHidServiceJni(12362): Cleaning up Bluetooth HID Interface...
W/bt-btif (12362): cleanup: HH disabling or disabled already, status = 0
W/BluetoothHidServiceJni(12362): Cleaning up Bluetooth GID callback object
W/BluetoothHealthServiceJni(12362): Cleaning up Bluetooth Health Interface...
W/BluetoothHealthServiceJni(12362): Cleaning up Bluetooth Health object
W/BluetoothPanServiceJni(12362): Cleaning up Bluetooth PAN Interface...
W/BluetoothPanServiceJni(12362): Cleaning up Bluetooth PAN callback object
D/BluetoothMapService(12362): MAP Service closeService in
D/BluetoothAdapterState(12362): CURRENT_STATE=PENDING, MESSAGE = STOPPED, isTurningOn=false, isTurningOff=true
D/BluetoothAdapterProperties(12362): Setting state to 10
I/BluetoothAdapterState(12362): Bluetooth adapter state changed: 13-> 10
D/BluetoothManagerService(  594): Message: 60
D/BluetoothManagerService(  594): MESSAGE_BLUETOOTH_STATE_CHANGE: prevState = 13, newState=10
D/BluetoothManagerService(  594): Broadcasting onBluetoothStateChange(false) to 17 receivers.
I/BluetoothAdapterState(12362): Entering OffState
D/BluetoothMapService(12362): cleanup()
D/BluetoothMapService(12362): MAP Service closeService in
D/BluetoothInputDevice(12130): onBluetoothStateChange: up=false
D/BluetoothA2dp(  594): onBluetoothStateChange: up=false
D/BluetoothPbap(12130): onBluetoothStateChange: up=false
D/BluetoothHeadset(  594): onBluetoothStateChange: up=false
D/BluetoothHeadset(  738): onBluetoothStateChange: up=false
D/BluetoothAvrcpController(  738): onBluetoothStateChange: up=false
D/BluetoothPan(12130): BluetoothPAN Proxy object disconnected
D/PanProfile(12130): Bluetooth service disconnected
D/BluetoothMap(12130): Proxy object disconnected
D/MapProfile(12130): Bluetooth service disconnected
E/BluetoothAvrcpController(  738): 
E/BluetoothAvrcpController(  738): java.lang.IllegalArgumentException: Service not registered: android.bluetooth.BluetoothAvrcpController$2@17457b57
E/BluetoothAvrcpController(  738): 	at android.app.LoadedApk.forgetServiceDispatcher(LoadedApk.java:1029)
E/BluetoothAvrcpController(  738): 	at android.app.ContextImpl.unbindService(ContextImpl.java:1808)
E/BluetoothAvrcpController(  738): 	at android.content.ContextWrapper.unbindService(ContextWrapper.java:551)
E/BluetoothAvrcpController(  738): 	at android.bluetooth.BluetoothAvrcpController$1.onBluetoothStateChange(BluetoothAvrcpController.java:80)
E/BluetoothAvrcpController(  738): 	at android.bluetooth.IBluetoothStateChangeCallback$Stub.onTransact(IBluetoothStateChangeCallback.java:55)
E/BluetoothAvrcpController(  738): 	at android.os.Binder.execTransact(Binder.java:446)
D/BluetoothMap(  738): onBluetoothStateChange: up=false
D/BluetoothMap(12130): onBluetoothStateChange: up=false
D/BluetoothHeadset(  594): onBluetoothStateChange: up=false
D/BluetoothInputDevice(  738): onBluetoothStateChange: up=false
D/BluetoothA2dpSink(  738): onBluetoothStateChange: up=false
E/BluetoothA2dpSink(  738): 
E/BluetoothA2dpSink(  738): java.lang.IllegalArgumentException: Service not registered: android.bluetooth.BluetoothA2dpSink$2@10743644
E/BluetoothA2dpSink(  738): 	at android.app.LoadedApk.forgetServiceDispatcher(LoadedApk.java:1029)
E/BluetoothA2dpSink(  738): 	at android.app.ContextImpl.unbindService(ContextImpl.java:1808)
E/BluetoothA2dpSink(  738): 	at android.content.ContextWrapper.unbindService(ContextWrapper.java:551)
E/BluetoothA2dpSink(  738): 	at android.bluetooth.BluetoothA2dpSink$1.onBluetoothStateChange(BluetoothA2dpSink.java:139)
E/BluetoothA2dpSink(  738): 	at android.bluetooth.IBluetoothStateChangeCallback$Stub.onTransact(IBluetoothStateChangeCallback.java:55)
E/BluetoothA2dpSink(  738): 	at android.os.Binder.execTransact(Binder.java:446)
D/BluetoothA2dp(  738): onBluetoothStateChange: up=false
D/BluetoothHeadset(  594): onBluetoothStateChange: up=false
D/BluetoothHeadsetClient(  738): onBluetoothStateChange: up=false
E/BluetoothHeadsetClient(  738): 
E/BluetoothHeadsetClient(  738): java.lang.IllegalArgumentException: Service not registered: android.bluetooth.BluetoothHeadsetClient$2@269c032d
E/BluetoothHeadsetClient(  738): 	at android.app.LoadedApk.forgetServiceDispatcher(LoadedApk.java:1029)
E/BluetoothHeadsetClient(  738): 	at android.app.ContextImpl.unbindService(ContextImpl.java:1808)
E/BluetoothHeadsetClient(  738): 	at android.content.ContextWrapper.unbindService(ContextWrapper.java:551)
E/BluetoothHeadsetClient(  738): 	at android.bluetooth.BluetoothHeadsetClient$1.onBluetoothStateChange(BluetoothHeadsetClient.java:382)
E/BluetoothHeadsetClient(  738): 	at android.bluetooth.IBluetoothStateChangeCallback$Stub.onTransact(IBluetoothStateChangeCallback.java:55)
E/BluetoothHeadsetClient(  738): 	at android.os.Binder.execTransact(Binder.java:446)
D/BluetoothHeadset( 1030): onBluetoothStateChange: up=false
D/BluetoothManagerService(  594): Calling onBluetoothServiceDown callbacks
D/BluetoothManagerService(  594): Broadcasting onBluetoothServiceDown() to 10 receivers.
D/BluetoothManagerService(  594): unbindAndFinish(): android.bluetooth.IBluetooth$Stub$Proxy@1f62cb5 mBinding = false
D/BluetoothManagerService(  594): Sending unbind request.
D/BluetoothManagerService(  594): Bluetooth State Change Intent: 13 -> 10
D/BluetoothAdapter(  738): 30039099: getState() :  mService = null. Returning STATE_OFF
D/BluetoothAdapter(  738): 30039099: getState() :  mService = null. Returning STATE_OFF
D/BluetoothAdapter(  738): 30039099: getState() :  mService = null. Returning STATE_OFF
W/ContextImpl(12130): Calling a method in the system process without a qualified user: android.app.ContextImpl.startService:1692 android.content.ContextWrapper.startService:516 android.content.ContextWrapper.startService:516 com.android.settings.bluetooth.DockEventReceiver.beginStartingService:134 com.android.settings.bluetooth.DockEventReceiver.onReceive:115 
D/DockEventReceiver(12130): finishStartingService: stopping service
E/BluetoothAdapterService(613015820)(12362): Repeated wake lock release; aborting release: bluedroid_timer
E/GKI_LINUX(12362): alarm_service_reschedule unable to release wake lock with no timers: 1
I/GKI_LINUX(12362): gki_task task_id=1 [BTIF] terminating
I/GKI_LINUX(12362): GKI_exit_task 1 done
I/GKI_LINUX(12362): GKI_shutdown(): task [BTIF] terminated
I/BluetoothServiceJni(12362): cleanupNative: return from cleanup
I/art     (12362): System.exit called, status: 0
I/AndroidRuntime(12362): VM exiting with result code 0, cleanup skipped.
E/Cataloger( 6490): syncFile:/storage/emulated/0/2016-12-13_05:24:33.809.jpg
D/BluetoothAdapter( 1301): 527199616: getState() :  mService = null. Returning STATE_OFF
D/BluetoothAdapter( 1301): 527199616: getState() :  mService = null. Returning STATE_OFF
W/ResourceType(12204): No known package when getting name for resource number 0xffffffff
I/org.umd.logging(12204): Api < 1 android.webkit.WebView.<init>(flipboard.eap.gui.FlipmagWebView@610620059<file=2016-12-13_05:24:33.809><x=0><y=0><width=0><height=0><id=-1>)
E/Cataloger( 6490): syncFile:/storage/emulated/0/2016-12-13_05:24:33.809.jpg
I/org.umd.logging(12204): Method < 1 com.android.volley.ExecutorDelivery$ResponseDeliveryRunnable.run()
D/flipboard_fdl(12204): [DEBUG:1] display x 768 , y 1280
D/flipboard_fdl(12204): [DEBUG:1] statusbar height 50
D/flipboard_fdl(12204): [DEBUG:1] view x 768 , y 990
D/flipboard_fdl(12204): [DEBUG:1] web x 768, y 990
D/flipboard_fdl(12204): [DEBUG:1] systemBarHeight 240
D/flipboard_fdl(12204): [DEBUG:1] socialBarHeight 0
D/flipboard_fdl(12204): [DEBUG:1] current width 768.0 - height 990.0
D/flipboard_fdl(12204): [DEBUG:1] after rotation width 1280.0 - height 478.0
D/flipboard_fdl(12204): [DEBUG:1] pageSizes window.flipboardPageSizes = { portrait: { width: 384.0, height: 495.0 }, landscape: { width: 640.0, height: 239.0 } };
D/flipboard_fdl(12204): [DEBUG:1] injecting javascript ... ...
I/ActivityManager(  594): Process com.android.bluetooth (pid 12362) has died
I/cr_Ime  (12204): ImeThread is enabled.
W/cr_media(12204): Requires BLUETOOTH permission
