--------- beginning of system
I/ActivityManager(  594): Killing 2923:com.fortafygames.colorswitch/u0a244 (adj 13): empty for 1818s
I/ActivityManager(  594): Killing 1903:com.noshufou.android.su/u0a111 (adj 13): empty for 1818s
I/ActivityManager(  594): Killing 1800:eu.chainfire.supersu/u0a86 (adj 13): empty for 1818s
I/ActivityManager(  594): Killing 1735:com.google.android.apps.docs/u0a44 (adj 13): empty for 1818s
I/ActivityManager(  594): Killing 1716:com.android.musicfx/u0a17 (adj 15): empty for 1818s
I/ActivityManager(  594): Killing 2876:com.google.android.partnersetup/u0a13 (adj 15): empty for 1818s
W/BroadcastQueue(  594): Skipping deliver [background] BroadcastRecord{2cc8c89f u-1 android.net.conn.CONNECTIVITY_CHANGE} to ReceiverList{8980dec 12186 (unknown name)/0/u-1 remote:263c32f9}: process crashing
I/ActivityManager(  594): START u0 {act=android.intent.action.MAIN cat=[android.intent.category.LAUNCHER] flg=0x10200000 cmp=com.cnn.mobile.android.phone/.ui.SplashActivity} from uid 0 on display 0
V/WindowManager(  594): addAppToken: AppWindowToken{30fb4fbb token=Token{39f1c44a ActivityRecord{2d8405b5 u0 com.cnn.mobile.android.phone/.ui.SplashActivity t40}}} to stack=1 task=40 at 0
I/ActivityManager(  594): Start proc 12204:com.cnn.mobile.android.phone/u0a225 for activity com.cnn.mobile.android.phone/.ui.SplashActivity
I/ActivityManager(  594): START u0 {cmp=com.cnn.mobile.android.phone/.ui.MainActivity} from uid 10225 on display 0
V/WindowManager(  594): addAppToken: AppWindowToken{208494dd token=Token{f2240b4 ActivityRecord{746987 u0 com.cnn.mobile.android.phone/.ui.MainActivity t40}}} to stack=1 task=40 at 1
V/WindowManager(  594): Based on layer: Adding window Window{3f13867c u0 com.cnn.mobile.android.phone/com.cnn.mobile.android.phone.ui.MainActivity} at 3 of 9
D/ConnectivityService(  594): listenForNetwork for NetworkRequest [ id=66, legacyType=-1, [ Capabilities: INTERNET&NOT_RESTRICTED&TRUSTED] ]
D/ConnectivityService(  594): handleRegisterNetworkRequest checking NetworkAgentInfo [WIFI () - 102]
D/ConnectivityService(  594): apparently satisfied.  currentScore=60
D/ConnectivityService(  594): listenForNetwork for NetworkRequest [ id=67, legacyType=-1, [ Capabilities: INTERNET&NOT_RESTRICTED&TRUSTED] ]
D/ConnectivityService(  594): handleRegisterNetworkRequest checking NetworkAgentInfo [WIFI () - 102]
D/ConnectivityService(  594): apparently satisfied.  currentScore=60
I/ActivityManager(  594): START u0 {act=android.intent.action.MAIN cat=[android.intent.category.LAUNCHER] flg=0x10200000 cmp=com.cnn.mobile.android.phone/.ui.SplashActivity} from uid 0 on display 0
W/ViewRootImpl(12204): Cancelling event due to no window focus: KeyEvent { action=ACTION_UP, keyCode=KEYCODE_DPAD_UP, scanCode=0, metaState=0, flags=0x28, repeatCount=0, eventTime=106081042, downTime=106081018, deviceId=-1, source=0x101 }
W/ViewRootImpl(12204): Cancelling event due to no window focus: KeyEvent { action=ACTION_UP, keyCode=KEYCODE_DPAD_UP, scanCode=0, metaState=0, flags=0x28, repeatCount=0, eventTime=106081042, downTime=106081018, deviceId=-1, source=0x101 }
W/ViewRootImpl(12204): Cancelling event due to no window focus: KeyEvent { action=ACTION_UP, keyCode=KEYCODE_DPAD_UP, scanCode=0, metaState=0, flags=0x28, repeatCount=0, eventTime=106081042, downTime=106081018, deviceId=-1, source=0x101 }
W/ViewRootImpl(12204): Cancelling event due to no window focus: KeyEvent { action=ACTION_UP, keyCode=KEYCODE_DPAD_UP, scanCode=0, metaState=0, flags=0x28, repeatCount=0, eventTime=106081042, downTime=106081018, deviceId=-1, source=0x101 }
W/ViewRootImpl(12204): Cancelling event due to no window focus: KeyEvent { action=ACTION_UP, keyCode=KEYCODE_DPAD_UP, scanCode=0, metaState=0, flags=0x28, repeatCount=0, eventTime=106081042, downTime=106081018, deviceId=-1, source=0x101 }
W/ViewRootImpl(12204): Cancelling event due to no window focus: KeyEvent { action=ACTION_UP, keyCode=KEYCODE_DPAD_UP, scanCode=0, metaState=0, flags=0x28, repeatCount=0, eventTime=106081042, downTime=106081018, deviceId=-1, source=0x101 }
W/ViewRootImpl(12204): Cancelling event due to no window focus: KeyEvent { action=ACTION_UP, keyCode=KEYCODE_DPAD_UP, scanCode=0, metaState=0, flags=0x28, repeatCount=0, eventTime=106081042, downTime=106081018, deviceId=-1, source=0x101 }
W/ViewRootImpl(12204): Cancelling event due to no window focus: KeyEvent { action=ACTION_UP, keyCode=KEYCODE_DPAD_UP, scanCode=0, metaState=0, flags=0x28, repeatCount=0, eventTime=106081042, downTime=106081018, deviceId=-1, source=0x101 }
W/ViewRootImpl(12204): Cancelling event due to no window focus: KeyEvent { action=ACTION_UP, keyCode=KEYCODE_DPAD_UP, scanCode=0, metaState=0, flags=0x28, repeatCount=0, eventTime=106081042, downTime=106081018, deviceId=-1, source=0x101 }
W/ViewRootImpl(  738): Cancelling event due to no window focus: KeyEvent { action=ACTION_UP, keyCode=KEYCODE_DPAD_UP, scanCode=0, metaState=0, flags=0x28, repeatCount=0, eventTime=106081020, downTime=106081020, deviceId=-1, source=0x101 }
W/ViewRootImpl(  738): Cancelling event due to no window focus: KeyEvent { action=ACTION_UP, keyCode=KEYCODE_DPAD_UP, scanCode=0, metaState=0, flags=0x28, repeatCount=0, eventTime=106081020, downTime=106081020, deviceId=-1, source=0x101 }
W/ViewRootImpl(  738): Cancelling event due to no window focus: KeyEvent { action=ACTION_UP, keyCode=KEYCODE_DPAD_UP, scanCode=0, metaState=0, flags=0x28, repeatCount=0, eventTime=106081020, downTime=106081020, deviceId=-1, source=0x101 }
W/ViewRootImpl(  738): Cancelling event due to no window focus: KeyEvent { action=ACTION_UP, keyCode=KEYCODE_DPAD_UP, scanCode=0, metaState=0, flags=0x28, repeatCount=0, eventTime=106081020, downTime=106081020, deviceId=-1, source=0x101 }
W/ViewRootImpl(  738): Cancelling event due to no window focus: KeyEvent { action=ACTION_UP, keyCode=KEYCODE_DPAD_UP, scanCode=0, metaState=0, flags=0x28, repeatCount=0, eventTime=106081020, downTime=106081020, deviceId=-1, source=0x101 }
W/ViewRootImpl(  738): Cancelling event due to no window focus: KeyEvent { action=ACTION_UP, keyCode=KEYCODE_DPAD_UP, scanCode=0, metaState=0, flags=0x28, repeatCount=0, eventTime=106081020, downTime=106081020, deviceId=-1, source=0x101 }
W/ViewRootImpl(  738): Cancelling event due to no window focus: KeyEvent { action=ACTION_UP, keyCode=KEYCODE_DPAD_UP, scanCode=0, metaState=0, flags=0x28, repeatCount=0, eventTime=106081020, downTime=106081020, deviceId=-1, source=0x101 }
W/ViewRootImpl(  738): Cancelling event due to no window focus: KeyEvent { action=ACTION_UP, keyCode=KEYCODE_DPAD_UP, scanCode=0, metaState=0, flags=0x28, repeatCount=0, eventTime=106081020, downTime=106081020, deviceId=-1, source=0x101 }
W/ViewRootImpl(  738): Cancelling event due to no window focus: KeyEvent { action=ACTION_UP, keyCode=KEYCODE_DPAD_UP, scanCode=0, metaState=0, flags=0x28, repeatCount=0, eventTime=106081020, downTime=106081020, deviceId=-1, source=0x101 }
W/ViewRootImpl(  738): Dropping event due to no window focus: KeyEvent { action=ACTION_DOWN, keyCode=KEYCODE_DPAD_UP, scanCode=0, metaState=0, flags=0x8, repeatCount=0, eventTime=106081080, downTime=106081080, deviceId=-1, source=0x101 }
W/InputMethodManagerService(  594): Window already focused, ignoring focus gain of: com.android.internal.view.IInputMethodClient$Stub$Proxy@a392f3 attribute=null, token = android.os.BinderProxy@33b896f
W/ViewRootImpl(  738): Cancelling event due to no window focus: KeyEvent { action=ACTION_UP, keyCode=KEYCODE_DPAD_UP, scanCode=0, metaState=0, flags=0x28, repeatCount=0, eventTime=106081087, downTime=106081087, deviceId=-1, source=0x101 }
W/ViewRootImpl(  738): Cancelling event due to no window focus: KeyEvent { action=ACTION_UP, keyCode=KEYCODE_DPAD_UP, scanCode=0, metaState=0, flags=0x28, repeatCount=0, eventTime=106081087, downTime=106081087, deviceId=-1, source=0x101 }
W/ViewRootImpl(  738): Cancelling event due to no window focus: KeyEvent { action=ACTION_UP, keyCode=KEYCODE_DPAD_UP, scanCode=0, metaState=0, flags=0x28, repeatCount=0, eventTime=106081087, downTime=106081087, deviceId=-1, source=0x101 }
W/ViewRootImpl(  738): Cancelling event due to no window focus: KeyEvent { action=ACTION_UP, keyCode=KEYCODE_DPAD_UP, scanCode=0, metaState=0, flags=0x28, repeatCount=0, eventTime=106081087, downTime=106081087, deviceId=-1, source=0x101 }
W/ViewRootImpl(  738): Cancelling event due to no window focus: KeyEvent { action=ACTION_UP, keyCode=KEYCODE_DPAD_UP, scanCode=0, metaState=0, flags=0x28, repeatCount=0, eventTime=106081087, downTime=106081087, deviceId=-1, source=0x101 }
W/ViewRootImpl(  738): Cancelling event due to no window focus: KeyEvent { action=ACTION_UP, keyCode=KEYCODE_DPAD_UP, scanCode=0, metaState=0, flags=0x28, repeatCount=0, eventTime=106081087, downTime=106081087, deviceId=-1, source=0x101 }
W/ViewRootImpl(  738): Cancelling event due to no window focus: KeyEvent { action=ACTION_UP, keyCode=KEYCODE_DPAD_UP, scanCode=0, metaState=0, flags=0x28, repeatCount=0, eventTime=106081087, downTime=106081087, deviceId=-1, source=0x101 }
W/ViewRootImpl(  738): Cancelling event due to no window focus: KeyEvent { action=ACTION_UP, keyCode=KEYCODE_DPAD_UP, scanCode=0, metaState=0, flags=0x28, repeatCount=0, eventTime=106081087, downTime=106081087, deviceId=-1, source=0x101 }
W/ViewRootImpl(  738): Cancelling event due to no window focus: KeyEvent { action=ACTION_UP, keyCode=KEYCODE_DPAD_UP, scanCode=0, metaState=0, flags=0x28, repeatCount=0, eventTime=106081087, downTime=106081087, deviceId=-1, source=0x101 }
I/ActivityManager(  594): START u0 {act=android.intent.action.MAIN cat=[android.intent.category.LAUNCHER] flg=0x10000000 cmp=com.android.chrome/com.google.android.apps.chrome.Main sel=act=android.intent.action.MAIN cat=[android.intent.category.APP_BROWSER]}} from uid 1000 on display 0
I/ActivityManager(  594): START u0 {act=com.estrongs.analysis.sensitive flg=0x24000000 cmp=com.estrongs.android.pop/.view.FileExplorerActivity (has extras)} from uid 10098 on display 0
I/ActivityManager(  594): START u0 {dat=pinterest:///news_hub/4872965553054041827/?utm_campaign=PIN_ON_ANOTHER_BOARD&utm_medium=2902&utm_source=67 flg=0x24000000 cmp=com.pinterest/.activity.webhook.WebhookActivity (has extras)} from uid 10212 on display 0
I/ActivityManager(  594): START u0 {act=android.intent.action.MAIN cat=[android.intent.category.LAUNCHER] flg=0x10008000 cmp=com.android.settings/.UsbSettings} from uid 1000 on display 0
I/ActivityManager(  594): START u0 {act=android.intent.action.MAIN cat=[android.intent.category.LAUNCHER] flg=0x10008000 cmp=com.android.settings/.DevelopmentSettings} from uid 1000 on display 0
I/ActivityManager(  594): START u0 {act=com.estrongs.analysis.sensitive flg=0x24000000 cmp=com.estrongs.android.pop/.view.FileExplorerActivity (has extras)} from uid 10098 on display 0
I/ActivityManager(  594): START u0 {dat=pinterest:///news_hub/4872965553054041827/?utm_campaign=PIN_ON_ANOTHER_BOARD&utm_medium=2902&utm_source=67 flg=0x24000000 cmp=com.pinterest/.activity.webhook.WebhookActivity (has extras)} from uid 10212 on display 0
I/ActivityManager(  594): START u0 {act=com.estrongs.analysis.sensitive flg=0x24000000 cmp=com.estrongs.android.pop/.view.FileExplorerActivity (has extras)} from uid 10098 on display 0
I/ActivityManager(  594): START u0 {act=com.estrongs.analysis.sensitive flg=0x24000000 cmp=com.estrongs.android.pop/.view.FileExplorerActivity (has extras)} from uid 10098 on display 0
I/ActivityManager(  594): START u0 {dat=pinterest:///news_hub/4872965553054041827/?utm_campaign=PIN_ON_ANOTHER_BOARD&utm_medium=2902&utm_source=67 flg=0x24000000 cmp=com.pinterest/.activity.webhook.WebhookActivity (has extras)} from uid 10212 on display 0
I/ActivityManager(  594): START u0 {dat=pinterest:///news_hub/4872965553054041827/?utm_campaign=PIN_ON_ANOTHER_BOARD&utm_medium=2902&utm_source=67 flg=0x24000000 cmp=com.pinterest/.activity.webhook.WebhookActivity (has extras)} from uid 10212 on display 0
I/ActivityManager(  594): START u0 {dat=pinterest:///news_hub/4873039157760376993/?utm_campaign=PIN_TWINS&utm_medium=2902&utm_source=67 flg=0x24000000 cmp=com.pinterest/.activity.webhook.WebhookActivity (has extras)} from uid 10212 on display 0
I/ActivityManager(  594): START u0 {dat=pinterest:///news_hub/4873039157760376993/?utm_campaign=PIN_TWINS&utm_medium=2902&utm_source=67 flg=0x24000000 cmp=com.pinterest/.activity.webhook.WebhookActivity (has extras)} from uid 10212 on display 0
I/ActivityManager(  594): START u0 {act=android.intent.action.MAIN cat=[android.intent.category.LAUNCHER] flg=0x1000c000 cmp=com.nytimes.android/.MainActivity} from uid 10124 on display 0
I/ActivityManager(  594): START u0 {act=android.intent.action.VIEW cmp=com.nytimes.android/.SingleArticleActivity (has extras)} from uid 10124 on display 0
I/ActivityManager(  594): START u0 {act=android.intent.action.MAIN cat=[android.intent.category.LAUNCHER] flg=0x10008000 cmp=com.android.settings/.DevelopmentSettings} from uid 1000 on display 0
I/ActivityManager(  594): START u0 {act=android.intent.action.MAIN cat=[android.intent.category.LAUNCHER] flg=0x1000c000 cmp=com.nytimes.android/.MainActivity} from uid 10124 on display 0
I/ActivityManager(  594): START u0 {act=android.intent.action.VIEW cmp=com.nytimes.android/.SingleArticleActivity (has extras)} from uid 10124 on display 0
I/ActivityManager(  594): START u0 {act=com.google.android.finsky.VIEW_MY_DOWNLOADS flg=0x10000000 cmp=com.android.vending/com.google.android.finsky.activities.MainActivity (has extras)} from uid 10018 on display 0
I/ActivityManager(  594): START u0 {dat=pinterest:///news_hub/4872965553054041827/?utm_campaign=PIN_ON_ANOTHER_BOARD&utm_medium=2902&utm_source=67 flg=0x24000000 cmp=com.pinterest/.activity.webhook.WebhookActivity (has extras)} from uid 10212 on display 0
--------- beginning of main
D/Requestor(12204): Added MVPD: Clear Choice Communications with SP: sp.auth.adobe.com/adobe-services/1.0
D/Requestor(12204): Added MVPD: Clear Creek Communications with SP: sp.auth.adobe.com/adobe-services/1.0
D/Requestor(12204): Added MVPD: Clear Creek Communications with SP: sp.auth.adobe.com/adobe-services/1.0
D/Requestor(12204): Added MVPD: Click! Cable TV with SP: sp.auth.adobe.com/adobe-services/1.0
D/Requestor(12204): Added MVPD: Co-Mo Connect with SP: sp.auth.adobe.com/adobe-services/1.0
D/Requestor(12204): Added MVPD: Coast Communications with SP: sp.auth.adobe.com/adobe-services/1.0
D/Requestor(12204): Added MVPD: Coaxial Cable TV with SP: sp.auth.adobe.com/adobe-services/1.0
V/Authentication(12204): http://z.cdn.turner.com/xslo/cvp/config/cnn/tve/mvpdconfig.xml download success!|providers.size=504
D/DarkPhase(12204): mvpdHelperUrl: 
D/Requestor(12204): Added MVPD: Cobalt TV (Mid-State Community TV) with SP: sp.auth.adobe.com/adobe-services/1.0
D/Requestor(12204): Added MVPD: Columbia Power and Water Systems with SP: sp.auth.adobe.com/adobe-services/1.0
D/Requestor(12204): Added MVPD: ComSouth Telesys with SP: sp.auth.adobe.com/adobe-services/1.0
D/Requestor(12204): Added MVPD: Comcast XFINITY with SP: sp.auth.adobe.com/adobe-services/1.0
I/art     (12204): Background sticky concurrent mark sweep GC freed 84371(5MB) AllocSpace objects, 44(1756KB) LOS objects, 10% free, 41MB/46MB, paused 2.319ms total 106.302ms
D/Requestor(12204): Added MVPD: Communications 1 Cablevision, Inc. with SP: sp.auth.adobe.com/adobe-services/1.0
D/Requestor(12204): Added MVPD: Community Cable and Broadband with SP: sp.auth.adobe.com/adobe-services/1.0
D/Requestor(12204): Added MVPD: Community Communications Company with SP: sp.auth.adobe.com/adobe-services/1.0
I/org.umd.logging(12204): Method < 2143 com.turner.android.utils.NetworkClient$AsyncHttpRequest.run()
D/Requestor(12204): Added MVPD: Complete Communication Services with SP: sp.auth.adobe.com/adobe-services/1.0
D/Requestor(12204): Added MVPD: Comporium with SP: sp.auth.adobe.com/adobe-services/1.0
I/org.umd.logging(12204): Method > 2177 com.turner.android.utils.NetworkClient$AsyncHttpRequest.run(com.turner.android.utils.NetworkClient$AsyncHttpRequest@44043895)
D/DarkPhase(12204): failure
D/Authentication(12204): onParseDarkPhaseComplete enter
D/AuthHelper(12204): setMvpdConfigStatus() 1
D/Requestor(12204): Added MVPD: Consolidated with SP: sp.auth.adobe.com/adobe-services/1.0
I/org.umd.logging(12204): Method < 2177 com.turner.android.utils.NetworkClient$AsyncHttpRequest.run()
D/Requestor(12204): Added MVPD: Consolidated Communications with SP: sp.auth.adobe.com/adobe-services/1.0
D/Requestor(12204): Added MVPD: Conway Corporation with SP: sp.auth.adobe.com/adobe-services/1.0
D/Requestor(12204): Added MVPD: Coon Valley Telecommunications Inc with SP: sp.auth.adobe.com/adobe-services/1.0
D/Requestor(12204): Added MVPD: Cooperative Telephone Company with SP: sp.auth.adobe.com/adobe-services/1.0
D/Requestor(12204): Added MVPD: Cox with SP: sp.auth.adobe.com/adobe-services/1.0
D/Requestor(12204): Added MVPD: Craw-Kan Telephone with SP: sp.auth.adobe.com/adobe-services/1.0
D/Requestor(12204): Added MVPD: Crestview Cable Communications with SP: sp.auth.adobe.com/adobe-services/1.0
D/Requestor(12204): Added MVPD: Cross TV with SP: sp.auth.adobe.com/adobe-services/1.0
D/Requestor(12204): Added MVPD: Crosslake Communications with SP: sp.auth.adobe.com/adobe-services/1.0
D/Requestor(12204): Added MVPD: Cunningham Telephone and Cable with SP: sp.auth.adobe.com/adobe-services/1.0
D/Requestor(12204): Added MVPD: D and P Communications with SP: sp.auth.adobe.com/adobe-services/1.0
D/Requestor(12204): Added MVPD: DIRECTV with SP: sp.auth.adobe.com/adobe-services/1.0
D/Requestor(12204): Added MVPD: DISH with SP: sp.auth.adobe.com/adobe-services/1.0
D/Requestor(12204): Added MVPD: DRN with SP: sp.auth.adobe.com/adobe-services/1.0
D/Requestor(12204): Added MVPD: DTC with SP: sp.auth.adobe.com/adobe-services/1.0
D/Requestor(12204): Added MVPD: DTC Cable (Delhi) with SP: sp.auth.adobe.com/adobe-services/1.0
D/Requestor(12204): Added MVPD: Dakota Central Telecommunications with SP: sp.auth.adobe.com/adobe-services/1.0
D/Requestor(12204): Added MVPD: Darien Communications with SP: sp.auth.adobe.com/adobe-services/1.0
D/Requestor(12204): Added MVPD: Delcambre Telephone LLC with SP: sp.auth.adobe.com/adobe-services/1.0
D/Requestor(12204): Added MVPD: Delta Telephone Company with SP: sp.auth.adobe.com/adobe-services/1.0
D/Requestor(12204): Added MVPD: DiamondNet with SP: sp.auth.adobe.com/adobe-services/1.0
D/Requestor(12204): Added MVPD: Direct Communications with SP: sp.auth.adobe.com/adobe-services/1.0
D/Requestor(12204): Added MVPD: DirectLink with SP: sp.auth.adobe.com/adobe-services/1.0
D/Requestor(12204): Added MVPD: Doylestown Cable TV with SP: sp.auth.adobe.com/adobe-services/1.0
D/Requestor(12204): Added MVPD: Dumont Telephone Company with SP: sp.auth.adobe.com/adobe-services/1.0
D/Requestor(12204): Added MVPD: Dunkerton Telephone Cooperative with SP: sp.auth.adobe.com/adobe-services/1.0
D/Requestor(12204): Added MVPD: Duo County Telecom with SP: sp.auth.adobe.com/adobe-services/1.0
D/Requestor(12204): Added MVPD: EATEL Video, LLC with SP: sp.auth.adobe.com/adobe-services/1.0
D/Requestor(12204): Added MVPD: ECTA with SP: sp.auth.adobe.com/adobe-services/1.0
D/Requestor(12204): Added MVPD: EPB Fiber Optics with SP: sp.auth.adobe.com/adobe-services/1.0
D/Requestor(12204): Added MVPD: EPB Smartnet with SP: sp.auth.adobe.com/adobe-services/1.0
D/Requestor(12204): Added MVPD: EPlus Broadband with SP: sp.auth.adobe.com/adobe-services/1.0
D/Requestor(12204): Added MVPD: ETC with SP: sp.auth.adobe.com/adobe-services/1.0
D/Requestor(12204): Added MVPD: Eagle Communications with SP: sp.auth.adobe.com/adobe-services/1.0
D/Requestor(12204): Added MVPD: East Arkansas Cable TV with SP: sp.auth.adobe.com/adobe-services/1.0
D/Requestor(12204): Added MVPD: Easton Utilities with SP: sp.auth.adobe.com/adobe-services/1.0
D/Requestor(12204): Added MVPD: Emery Telcom Video LLC with SP: sp.auth.adobe.com/adobe-services/1.0
D/Requestor(12204): Added MVPD: Empire Access with SP: sp.auth.adobe.com/adobe-services/1.0
D/Requestor(12204): Added MVPD: Endeavor Communications with SP: sp.auth.adobe.com/adobe-services/1.0
D/Requestor(12204): Added MVPD: Enhanced Telecommunications Corporation with SP: sp.auth.adobe.com/adobe-services/1.0
D/Requestor(12204): Added MVPD: Etex Communications with SP: sp.auth.adobe.com/adobe-services/1.0
D/Requestor(12204): Added MVPD: FJ Communications with SP: sp.auth.adobe.com/adobe-services/1.0
D/Requestor(12204): Added MVPD: FMT - Jesup with SP: sp.auth.adobe.com/adobe-services/1.0
D/Requestor(12204): Added MVPD: FTC with SP: sp.auth.adobe.com/adobe-services/1.0
D/Requestor(12204): Added MVPD: FTCtv with SP: sp.auth.adobe.com/adobe-services/1.0
D/Requestor(12204): Added MVPD: Falcon Broadband with SP: sp.auth.adobe.com/adobe-services/1.0
D/Requestor(12204): Added MVPD: FamilyView CableVision with SP: sp.auth.adobe.com/adobe-services/1.0
D/Requestor(12204): Added MVPD: FandB Communications with SP: sp.auth.adobe.com/adobe-services/1.0
D/Requestor(12204): Added MVPD: Farmers Mutual Telephone Company with SP: sp.auth.adobe.com/adobe-services/1.0
D/Requestor(12204): Added MVPD: Fayetteville Public Utilities with SP: sp.auth.adobe.com/adobe-services/1.0
D/Requestor(12204): Added MVPD: Fidelity Communications with SP: sp.auth.adobe.com/adobe-services/1.0
D/Requestor(12204): Added MVPD: Flint River Communications with SP: sp.auth.adobe.com/adobe-services/1.0
D/Requestor(12204): Added MVPD: Foothills Communications with SP: sp.auth.adobe.com/adobe-services/1.0
D/Requestor(12204): Added MVPD: Forsyth CableNet with SP: sp.auth.adobe.com/adobe-services/1.0
D/Requestor(12204): Added MVPD: Frankfort Plant Board with SP: sp.auth.adobe.com/adobe-services/1.0
D/Requestor(12204): Added MVPD: Franklin Telephone Company with SP: sp.auth.adobe.com/adobe-services/1.0
I/org.umd.logging(12204): Method > 1 com.cnn.mobile.android.phone.ui.BroadsheetFragment$BroadsheetSectionFragment$12.run(com.cnn.mobile.android.phone.ui.BroadsheetFragment$BroadsheetSectionFragment$12@485017090)
D/BroadsheetFragment(12204): addTVScheduleCard()
E/BroadsheetFragment(12204): addTVScheduleCard() something was null
E/BroadsheetFragment(12204): addLiveEventCard() something was null
D/Requestor(12204): Added MVPD: Frontier Communications with SP: sp.auth.adobe.com/adobe-services/1.0
D/Requestor(12204): Added MVPD: Full Channel, Inc. with SP: sp.auth.adobe.com/adobe-services/1.0
D/BroadsheetFragment(12204): createBroadsheetFragmentAdapter() gridviewPosition = 0 - position NOT USED -
D/Requestor(12204): Added MVPD: GBT Communications, Inc. with SP: sp.auth.adobe.com/adobe-services/1.0
D/Requestor(12204): Added MVPD: GCI with SP: sp.auth.adobe.com/adobe-services/1.0
D/Requestor(12204): Added MVPD: GLW Broadband Inc. with SP: sp.auth.adobe.com/adobe-services/1.0
D/Requestor(12204): Added MVPD: GTI TV with SP: sp.auth.adobe.com/adobe-services/1.0
D/Requestor(12204): Added MVPD: GVTC with SP: sp.auth.adobe.com/adobe-services/1.0
D/Requestor(12204): Added MVPD: Garden Valley with SP: sp.auth.adobe.com/adobe-services/1.0
D/Requestor(12204): Added MVPD: Gardonville Cooperative Telephone Association with SP: sp.auth.adobe.com/adobe-services/1.0
D/Requestor(12204): Added MVPD: Genuine Telecom with SP: sp.auth.adobe.com/adobe-services/1.0
I/org.umd.logging(12204): Method < 1 com.cnn.mobile.android.phone.ui.BroadsheetFragment$BroadsheetSectionFragment$12.run()
D/Requestor(12204): Added MVPD: Giant Communications with SP: sp.auth.adobe.com/adobe-services/1.0
I/org.umd.logging(12204): Method < 1 com.androidquery.callback.AbstractAjaxCallback.run()
I/org.umd.logging(12204): Method > 2172 com.androidquery.util.Common.run(com.androidquery.util.Common@193618556)
W/ViewRootImpl(12204): Dropping event due to no window focus: KeyEvent { action=ACTION_DOWN, keyCode=KEYCODE_DPAD_UP, scanCode=0, metaState=0, flags=0x8, repeatCount=0, eventTime=106081555, downTime=106081555, deviceId=-1, source=0x101 }
W/InputMethodManagerService(  594): Window already focused, ignoring focus gain of: com.android.internal.view.IInputMethodClient$Stub$Proxy@115d3e37 attribute=null, token = android.os.BinderProxy@33b896f
D/Requestor(12204): Added MVPD: Glasgow EPB with SP: sp.auth.adobe.com/adobe-services/1.0
I/org.umd.logging(12204): Method < 2172 com.androidquery.util.Common.run()
D/Requestor(12204): Added MVPD: Glenwood Telecommunications with SP: sp.auth.adobe.com/adobe-services/1.0
D/Requestor(12204): Added MVPD: Golden West Cablevision with SP: sp.auth.adobe.com/adobe-services/1.0
D/Requestor(12204): Added MVPD: Google Fiber with SP: sp.auth.adobe.com/adobe-services/1.0
D/Requestor(12204): Added MVPD: Google Fiber Direct with SP: sp.auth.adobe.com/adobe-services/1.0
D/Requestor(12204): Added MVPD: Grande Communications with SP: sp.auth.adobe.com/adobe-services/1.0
D/Requestor(12204): Added MVPD: Grantsburg Telcom with SP: sp.auth.adobe.com/adobe-services/1.0
D/Requestor(12204): Added MVPD: Great Plains Communications with SP: sp.auth.adobe.com/adobe-services/1.0
D/Requestor(12204): Added MVPD: GreatWave Communications with SP: sp.auth.adobe.com/adobe-services/1.0
D/Requestor(12204): Added MVPD: Greenlight Cable with SP: sp.auth.adobe.com/adobe-services/1.0
D/Requestor(12204): Added MVPD: Gridley Cable Inc with SP: sp.auth.adobe.com/adobe-services/1.0
I/org.umd.logging(12204): Method > 1 com.androidquery.callback.AbstractAjaxCallback.execute(com.androidquery.callback.BitmapAjaxCallback@1003874053)
D/Requestor(12204): Added MVPD: HBC with SP: sp.auth.adobe.com/adobe-services/1.0
I/org.umd.logging(12204): Method < 1 com.androidquery.callback.AbstractAjaxCallback.execute()
I/org.umd.logging(12204): Api > 1 android.view.ViewPropertyAnimator.start(android.view.ViewPropertyAnimator@112908683)
D/Requestor(12204): Added MVPD: HTC Communications Co. - IL with SP: sp.auth.adobe.com/adobe-services/1.0
I/org.umd.logging(12204): Api < 1 android.view.ViewPropertyAnimator.start()
D/Requestor(12204): Added MVPD: HTC Communications, Inc. - IA with SP: sp.auth.adobe.com/adobe-services/1.0
D/Requestor(12204): Added MVPD: HTC Digital Cable with SP: sp.auth.adobe.com/adobe-services/1.0
D/Requestor(12204): Added MVPD: Haefele TV Inc. with SP: sp.auth.adobe.com/adobe-services/1.0
D/Requestor(12204): Added MVPD: Halstad Telephone Company with SP: sp.auth.adobe.com/adobe-services/1.0
D/Requestor(12204): Added MVPD: HandB Cable Services with SP: sp.auth.adobe.com/adobe-services/1.0
D/Requestor(12204): Added MVPD: Hargray with SP: sp.auth.adobe.com/adobe-services/1.0
D/Requestor(12204): Added MVPD: Harlan Municipal Utilities with SP: sp.auth.adobe.com/adobe-services/1.0
D/Requestor(12204): Added MVPD: Hart Communications with SP: sp.auth.adobe.com/adobe-services/1.0
D/Requestor(12204): Added MVPD: Hartelco TV with SP: sp.auth.adobe.com/adobe-services/1.0
D/Requestor(12204): Added MVPD: Hawaiian Telcom with SP: sp.auth.adobe.com/adobe-services/1.0
I/org.umd.logging(12204): Method > 2178 com.androidquery.callback.AbstractAjaxCallback.run(com.androidquery.callback.BitmapAjaxCallback@1003874053)
D/Requestor(12204): Added MVPD: Heart of Iowa Communications Cooperative with SP: sp.auth.adobe.com/adobe-services/1.0
D/Requestor(12204): Added MVPD: Hickory Telephone Company with SP: sp.auth.adobe.com/adobe-services/1.0
D/Requestor(12204): Added MVPD: Highland Communication Services with SP: sp.auth.adobe.com/adobe-services/1.0
D/Requestor(12204): Added MVPD: Highland Media with SP: sp.auth.adobe.com/adobe-services/1.0
D/Requestor(12204): Added MVPD: Hilliary Communications with SP: sp.auth.adobe.com/adobe-services/1.0
D/Requestor(12204): Added MVPD: Hinton CATV Co. with SP: sp.auth.adobe.com/adobe-services/1.0
D/Requestor(12204): Added MVPD: Home Telecom with SP: sp.auth.adobe.com/adobe-services/1.0
D/Requestor(12204): Added MVPD: Home Town Communications with SP: sp.auth.adobe.com/adobe-services/1.0
D/Requestor(12204): Added MVPD: HomeTel Entertainment, Inc. with SP: sp.auth.adobe.com/adobe-services/1.0
D/Requestor(12204): Added MVPD: Hood Canal Communications with SP: sp.auth.adobe.com/adobe-services/1.0
D/Requestor(12204): Added MVPD: Hope - Prescott Cable TV with SP: sp.auth.adobe.com/adobe-services/1.0
D/Requestor(12204): Added MVPD: Horizon Cable TV, Inc. with SP: sp.auth.adobe.com/adobe-services/1.0
D/Requestor(12204): Added MVPD: Horizon Chillicothe Telephone with SP: sp.auth.adobe.com/adobe-services/1.0
D/Requestor(12204): Added MVPD: Hotwire Communications with SP: sp.auth.adobe.com/adobe-services/1.0
D/Requestor(12204): Added MVPD: Huxley Communications with SP: sp.auth.adobe.com/adobe-services/1.0
D/Requestor(12204): Added MVPD: ImOn Communications with SP: sp.auth.adobe.com/adobe-services/1.0
D/Requestor(12204): Added MVPD: Independence Telecommunications with SP: sp.auth.adobe.com/adobe-services/1.0
D/Requestor(12204): Added MVPD: Industry I-Net with SP: sp.auth.adobe.com/adobe-services/1.0
D/Requestor(12204): Added MVPD: Inland Networks with SP: sp.auth.adobe.com/adobe-services/1.0
D/Requestor(12204): Added MVPD: Innovative Cable TV St Croix with SP: sp.auth.adobe.com/adobe-services/1.0
D/Requestor(12204): Added MVPD: Innovative Cable TV St Thomas-St John with SP: sp.auth.adobe.com/adobe-services/1.0
D/Requestor(12204): Added MVPD: Inside Connect Cable with SP: sp.auth.adobe.com/adobe-services/1.0
D/Requestor(12204): Added MVPD: Integra Telecom with SP: sp.auth.adobe.com/adobe-services/1.0
D/Requestor(12204): Added MVPD: Inter Mountain Cable with SP: sp.auth.adobe.com/adobe-services/1.0
D/Requestor(12204): Added MVPD: Interstate Telecommunications Coop with SP: sp.auth.adobe.com/adobe-services/1.0
D/Requestor(12204): Added MVPD: Irvine Cable with SP: sp.auth.adobe.com/adobe-services/1.0
D/Requestor(12204): Added MVPD: K2 Communications with SP: sp.auth.adobe.com/adobe-services/1.0
D/Requestor(12204): Added MVPD: KMTelecom with SP: sp.auth.adobe.com/adobe-services/1.0
D/Requestor(12204): Added MVPD: KPU Telecommunications with SP: sp.auth.adobe.com/adobe-services/1.0
D/Requestor(12204): Added MVPD: Kalida Telephone Company, Inc. with SP: sp.auth.adobe.com/adobe-services/1.0
D/Requestor(12204): Added MVPD: Kalona Cooperative Telephone Company with SP: sp.auth.adobe.com/adobe-services/1.0
D/Requestor(12204): Added MVPD: Kuhn Communications, Inc. with SP: sp.auth.adobe.com/adobe-services/1.0
D/Requestor(12204): Added MVPD: LISCO with SP: sp.auth.adobe.com/adobe-services/1.0
D/Requestor(12204): Added MVPD: LPC Connect with SP: sp.auth.adobe.com/adobe-services/1.0
I/org.umd.logging(12204): Method > 1 com.androidquery.callback.AbstractAjaxCallback.execute(com.androidquery.callback.BitmapAjaxCallback@432081702)
D/Requestor(12204): Added MVPD: LUS Fiber with SP: sp.auth.adobe.com/adobe-services/1.0
D/Requestor(12204): Added MVPD: Lakeland Communications with SP: sp.auth.adobe.com/adobe-services/1.0
I/org.umd.logging(12204): Method < 1 com.androidquery.callback.AbstractAjaxCallback.execute()
I/org.umd.logging(12204): Api > 1 android.view.ViewPropertyAnimator.start(android.view.ViewPropertyAnimator@516588820)
I/org.umd.logging(12204): Api < 1 android.view.ViewPropertyAnimator.start()
D/Requestor(12204): Added MVPD: Langco with SP: sp.auth.adobe.com/adobe-services/1.0
D/Requestor(12204): Added MVPD: Laurel Highland Total Communications, Inc. with SP: sp.auth.adobe.com/adobe-services/1.0
D/Requestor(12204): Added MVPD: Lavalle Telephone Cooperative, Inc. with SP: sp.auth.adobe.com/adobe-services/1.0
I/org.umd.logging(12204): Method < 2178 com.androidquery.callback.AbstractAjaxCallback.run()
D/Requestor(12204): Added MVPD: Lehigh Valley Cooperative Telephone with SP: sp.auth.adobe.com/adobe-services/1.0
D/Requestor(12204): Added MVPD: Liberty Cablevision of PR with SP: sp.auth.adobe.com/adobe-services/1.0
I/org.umd.logging(12204): Method > 2179 com.androidquery.callback.AbstractAjaxCallback.run(com.androidquery.callback.BitmapAjaxCallback@432081702)
D/Requestor(12204): Added MVPD: Limestone Cable/Bracken Cable with SP: sp.auth.adobe.com/adobe-services/1.0
D/Requestor(12204): Added MVPD: Litestream with SP: sp.auth.adobe.com/adobe-services/1.0
D/Requestor(12204): Added MVPD: LivCom with SP: sp.auth.adobe.com/adobe-services/1.0
D/Requestor(12204): Added MVPD: LocalTel Communications with SP: sp.auth.adobe.com/adobe-services/1.0
D/Requestor(12204): Added MVPD: Long Lines with SP: sp.auth.adobe.com/adobe-services/1.0
D/Requestor(12204): Added MVPD: Longview - Kilgore Cable TV with SP: sp.auth.adobe.com/adobe-services/1.0
D/Requestor(12204): Added MVPD: Lonsdale Video Ventures, LLC with SP: sp.auth.adobe.com/adobe-services/1.0
D/Requestor(12204): Added MVPD: Lost Nation-Elwood Telephone Co. with SP: sp.auth.adobe.com/adobe-services/1.0
D/Requestor(12204): Added MVPD: Lumos Networks with SP: sp.auth.adobe.com/adobe-services/1.0
D/Requestor(12204): Added MVPD: MCTV with SP: sp.auth.adobe.com/adobe-services/1.0
D/Requestor(12204): Added MVPD: MHTC with SP: sp.auth.adobe.com/adobe-services/1.0
I/org.umd.logging(12204): Method < 2179 com.androidquery.callback.AbstractAjaxCallback.run()
D/Requestor(12204): Added MVPD: MI-Connection with SP: sp.auth.adobe.com/adobe-services/1.0
D/Requestor(12204): Added MVPD: MINET with SP: sp.auth.adobe.com/adobe-services/1.0
D/Requestor(12204): Added MVPD: MLGC with SP: sp.auth.adobe.com/adobe-services/1.0
I/org.umd.logging(12204): Method > 1 com.androidquery.callback.AbstractAjaxCallback.execute(com.androidquery.callback.BitmapAjaxCallback@664974258)
D/Requestor(12204): Added MVPD: MTA Communications, LLC with SP: sp.auth.adobe.com/adobe-services/1.0
D/Requestor(12204): Added MVPD: MTC Cable with SP: sp.auth.adobe.com/adobe-services/1.0
I/org.umd.logging(12204): Method < 1 com.androidquery.callback.AbstractAjaxCallback.execute()
I/org.umd.logging(12204): Api > 1 android.view.ViewPropertyAnimator.start(android.view.ViewPropertyAnimator@273997440)
D/Requestor(12204): Added MVPD: MTC Technologies with SP: sp.auth.adobe.com/adobe-services/1.0
I/org.umd.logging(12204): Api < 1 android.view.ViewPropertyAnimator.start()
D/Requestor(12204): Added MVPD: MTCC with SP: sp.auth.adobe.com/adobe-services/1.0
D/Requestor(12204): Added MVPD: MTCO Communications with SP: sp.auth.adobe.com/adobe-services/1.0
D/Requestor(12204): Added MVPD: MUS FiberNET with SP: sp.auth.adobe.com/adobe-services/1.0
D/Requestor(12204): Added MVPD: Madison Communications with SP: sp.auth.adobe.com/adobe-services/1.0
D/Requestor(12204): Added MVPD: Madison County Cable Inc. with SP: sp.auth.adobe.com/adobe-services/1.0
I/DownloadManagerWrapper(  949): onReceive() : Charging = true
D/Requestor(12204): Added MVPD: Mahaska Communication Group with SP: sp.auth.adobe.com/adobe-services/1.0
D/Requestor(12204): Added MVPD: Marne and Elk Horn Telephone Company with SP: sp.auth.adobe.com/adobe-services/1.0
D/Requestor(12204): Added MVPD: MaxxSouth Broadband with SP: sp.auth.adobe.com/adobe-services/1.0
D/Requestor(12204): Added MVPD: McClure Telephone Co. with SP: sp.auth.adobe.com/adobe-services/1.0
D/Requestor(12204): Added MVPD: Mediacom with SP: sp.auth.adobe.com/adobe-services/1.0
D/Requestor(12204): Added MVPD: Merrimac Communications Ltd. with SP: sp.auth.adobe.com/adobe-services/1.0
D/Requestor(12204): Added MVPD: MetroCast with SP: sp.auth.adobe.com/adobe-services/1.0
D/Requestor(12204): Added MVPD: Metronet with SP: sp.auth.adobe.com/adobe-services/1.0
D/Requestor(12204): Added MVPD: Mid-Hudson Cable with SP: sp.auth.adobe.com/adobe-services/1.0
D/Requestor(12204): Added MVPD: Mid-Rivers Communications with SP: sp.auth.adobe.com/adobe-services/1.0
D/Requestor(12204): Added MVPD: Midco with SP: sp.auth.adobe.com/adobe-services/1.0
I/org.umd.logging(12204): Method > 2180 com.androidquery.callback.AbstractAjaxCallback.run(com.androidquery.callback.BitmapAjaxCallback@664974258)
I/org.umd.logging(12204): Method > 1 com.androidquery.callback.AbstractAjaxCallback.execute(com.androidquery.callback.BitmapAjaxCallback@562321662)
I/org.umd.logging(12204): Method < 1 com.androidquery.callback.AbstractAjaxCallback.execute()
I/org.umd.logging(12204): Api > 1 android.view.ViewPropertyAnimator.start(android.view.ViewPropertyAnimator@1030316716)
I/org.umd.logging(12204): Api < 1 android.view.ViewPropertyAnimator.start()
D/BluetoothManagerService(  594): checkIfCallerIsForegroundUser: valid=true callingUser=0 parentUser=-10000 foregroundUser=0
D/BluetoothManagerService(  594): enable():  mBluetooth =null mBinding = false
D/Requestor(12204): Added MVPD: Midstate Communications with SP: sp.auth.adobe.com/adobe-services/1.0
D/Requestor(12204): Added MVPD: Milford Communications with SP: sp.auth.adobe.com/adobe-services/1.0
D/Requestor(12204): Added MVPD: Minford TV with SP: sp.auth.adobe.com/adobe-services/1.0
D/Requestor(12204): Added MVPD: Mitchell Telecom with SP: sp.auth.adobe.com/adobe-services/1.0
D/Requestor(12204): Added MVPD: Mitchell Telecom with SP: sp.auth.adobe.com/adobe-services/1.0
D/Requestor(12204): Added MVPD: Mon-Cre TVE with SP: sp.auth.adobe.com/adobe-services/1.0
D/Requestor(12204): Added MVPD: Morris Broadband with SP: sp.auth.adobe.com/adobe-services/1.0
D/Requestor(12204): Added MVPD: Mountain Telephone with SP: sp.auth.adobe.com/adobe-services/1.0
D/Requestor(12204): Added MVPD: Mountain Village Cable with SP: sp.auth.adobe.com/adobe-services/1.0
D/Requestor(12204): Added MVPD: Mulberry Telecommunications with SP: sp.auth.adobe.com/adobe-services/1.0
I/org.umd.logging(12204): Method > 2181 com.androidquery.callback.AbstractAjaxCallback.run(com.androidquery.callback.BitmapAjaxCallback@562321662)
D/Requestor(12204): Added MVPD: Murray Electric System with SP: sp.auth.adobe.com/adobe-services/1.0
I/org.umd.logging(12204): Method > 2181 com.androidquery.callback.AbstractAjaxCallback.execute(com.androidquery.callback.BitmapAjaxCallback@562321662, org.apache.http.client.methods.HttpGet@843646730, org.apache.http.impl.client.DefaultHttpClient@206913575, org.apache.http.protocol.BasicHttpContext@620313467)
I/org.umd.logging(12204): Api > 2181 org.apache.http.impl.client.DefaultHttpClient.execute(org.apache.http.impl.client.DefaultHttpClient@206913575, org.apache.http.client.methods.HttpGet@843646730, org.apache.http.protocol.BasicHttpContext@620313467)
D/BluetoothManagerService(  594): Message: 1
D/BluetoothManagerService(  594): MESSAGE_ENABLE: mBluetooth = null
D/Requestor(12204): Added MVPD: Muscatine Power and Water with SP: sp.auth.adobe.com/adobe-services/1.0
D/Requestor(12204): Added MVPD: NCC with SP: sp.auth.adobe.com/adobe-services/1.0
I/org.umd.logging(12204): Method > 1 com.androidquery.callback.AbstractAjaxCallback.run(com.androidquery.callback.BitmapAjaxCallback@81818149)
I/org.umd.logging(12204): Method < 1 com.androidquery.callback.AbstractAjaxCallback.run()
I/org.umd.logging(12204): Method > 1 com.androidquery.callback.AbstractAjaxCallback.run(com.androidquery.callback.BitmapAjaxCallback@644595933)
I/org.umd.logging(12204): Method < 1 com.androidquery.callback.AbstractAjaxCallback.run()
D/Requestor(12204): Added MVPD: NDTC with SP: sp.auth.adobe.com/adobe-services/1.0
D/Requestor(12204): Added MVPD: NICP with SP: sp.auth.adobe.com/adobe-services/1.0
D/Requestor(12204): Added MVPD: NKTelco with SP: sp.auth.adobe.com/adobe-services/1.0
I/org.umd.logging(12204): Method > 1 com.androidquery.callback.AbstractAjaxCallback.run(com.androidquery.callback.BitmapAjaxCallback@325619161)
I/org.umd.logging(12204): Method < 1 com.androidquery.callback.AbstractAjaxCallback.run()
I/org.umd.logging(12204): Method > 1 com.androidquery.callback.AbstractAjaxCallback.run(com.androidquery.callback.BitmapAjaxCallback@264973973)
I/org.umd.logging(12204): Method < 1 com.androidquery.callback.AbstractAjaxCallback.run()
D/Requestor(12204): Added MVPD: NNTV with SP: sp.auth.adobe.com/adobe-services/1.0
D/Requestor(12204): Added MVPD: NTS Communications with SP: sp.auth.adobe.com/adobe-services/1.0
D/Requestor(12204): Added MVPD: NU-Telecom with SP: sp.auth.adobe.com/adobe-services/1.0
D/Requestor(12204): Added MVPD: NVC with SP: sp.auth.adobe.com/adobe-services/1.0
D/Requestor(12204): Added MVPD: Nebraska Central Telecom, Inc. with SP: sp.auth.adobe.com/adobe-services/1.0
D/Requestor(12204): Added MVPD: Nelsonville TV Cable with SP: sp.auth.adobe.com/adobe-services/1.0
D/Requestor(12204): Added MVPD: Nemont with SP: sp.auth.adobe.com/adobe-services/1.0
D/Requestor(12204): Added MVPD: New Hope Telephone Cooperative with SP: sp.auth.adobe.com/adobe-services/1.0
D/Requestor(12204): Added MVPD: NewWave Communications with SP: sp.auth.adobe.com/adobe-services/1.0
I/org.umd.logging(12204): Method < 2180 com.androidquery.callback.AbstractAjaxCallback.run()
D/Requestor(12204): Added MVPD: Nex-Tech with SP: sp.auth.adobe.com/adobe-services/1.0
D/Requestor(12204): Added MVPD: NineStar Connect with SP: sp.auth.adobe.com/adobe-services/1.0
D/Requestor(12204): Added MVPD: Nortex Communications with SP: sp.auth.adobe.com/adobe-services/1.0
D/Requestor(12204): Added MVPD: North Central Telephone Cooperative with SP: sp.auth.adobe.com/adobe-services/1.0
D/Requestor(12204): Added MVPD: North State with SP: sp.auth.adobe.com/adobe-services/1.0
I/org.umd.logging(12204): Method > 1 com.androidquery.callback.AbstractAjaxCallback.run(com.androidquery.callback.BitmapAjaxCallback@1003874053)
I/org.umd.logging(12204): Method < 1 com.androidquery.callback.AbstractAjaxCallback.run()
I/org.umd.logging(12204): Method > 1 com.androidquery.callback.AbstractAjaxCallback.run(com.androidquery.callback.BitmapAjaxCallback@432081702)
I/org.umd.logging(12204): Method < 1 com.androidquery.callback.AbstractAjaxCallback.run()
D/Requestor(12204): Added MVPD: Northland Communications with SP: sp.auth.adobe.com/adobe-services/1.0
I/ActivityManager(  594): Start proc 12362:com.android.bluetooth/1002 for service com.android.bluetooth/.btservice.AdapterService
D/BluetoothManagerService(  594): checkIfCallerIsForegroundUser: valid=true callingUser=0 parentUser=-10000 foregroundUser=0
D/BluetoothManagerService(  594): disable(): mBluetooth = null mBinding = true
I/DownloadManagerWrapper(  949): onReceive() : Charging = true
D/Requestor(12204): Added MVPD: Northwest Communications with SP: sp.auth.adobe.com/adobe-services/1.0
D/Requestor(12204): Added MVPD: Norvado with SP: sp.auth.adobe.com/adobe-services/1.0
D/Requestor(12204): Added MVPD: Norwood Light Broadband with SP: sp.auth.adobe.com/adobe-services/1.0
I/org.umd.logging(12204): Api < 2181 org.apache.http.impl.client.DefaultHttpClient.execute(org.apache.http.message.BasicHttpResponse@777393239)
D/Requestor(12204): Added MVPD: Nsight Telservices with SP: sp.auth.adobe.com/adobe-services/1.0
I/org.umd.logging(12204): Method < 2181 com.androidquery.callback.AbstractAjaxCallback.execute(org.apache.http.message.BasicHttpResponse@777393239)
D/Requestor(12204): Added MVPD: Ntec with SP: sp.auth.adobe.com/adobe-services/1.0
D/Requestor(12204): Added MVPD: NuLink with SP: sp.auth.adobe.com/adobe-services/1.0
D/Requestor(12204): Added MVPD: OPTURA with SP: sp.auth.adobe.com/adobe-services/1.0
D/Requestor(12204): Added MVPD: OTEC Communication Company with SP: sp.auth.adobe.com/adobe-services/1.0
D/Requestor(12204): Added MVPD: OmniTel Communications with SP: sp.auth.adobe.com/adobe-services/1.0
D/Requestor(12204): Added MVPD: OneSource Communications with SP: sp.auth.adobe.com/adobe-services/1.0
D/Requestor(12204): Added MVPD: Opelika Power Services with SP: sp.auth.adobe.com/adobe-services/1.0
D/Requestor(12204): Added MVPD: OptiLink with SP: sp.auth.adobe.com/adobe-services/1.0
D/Requestor(12204): Added MVPD: Optic Communications with SP: sp.auth.adobe.com/adobe-services/1.0
D/Requestor(12204): Added MVPD: Optimum with SP: sp.auth.adobe.com/adobe-services/1.0
D/Requestor(12204): Added MVPD: Orbitel with SP: sp.auth.adobe.com/adobe-services/1.0
D/Requestor(12204): Added MVPD: PAC12 Enterprises with SP: sp.auth.adobe.com/adobe-services/1.0
I/org.umd.logging(12204): Method > 1 com.androidquery.callback.AbstractAjaxCallback.run(com.androidquery.callback.BitmapAjaxCallback@664974258)
D/Requestor(12204): Added MVPD: PES Energize with SP: sp.auth.adobe.com/adobe-services/1.0
I/org.umd.logging(12204): Method < 1 com.androidquery.callback.AbstractAjaxCallback.run()
D/Requestor(12204): Added MVPD: PLWC with SP: sp.auth.adobe.com/adobe-services/1.0
D/Requestor(12204): Added MVPD: PMT with SP: sp.auth.adobe.com/adobe-services/1.0
D/Requestor(12204): Added MVPD: PSC with SP: sp.auth.adobe.com/adobe-services/1.0
D/Requestor(12204): Added MVPD: PTCI with SP: sp.auth.adobe.com/adobe-services/1.0
D/Requestor(12204): Added MVPD: Packerland Broadband with SP: sp.auth.adobe.com/adobe-services/1.0
D/Requestor(12204): Added MVPD: Palmetto with SP: sp.auth.adobe.com/adobe-services/1.0
D/Requestor(12204): Added MVPD: Panora Telco/Guthrie Center Communications with SP: sp.auth.adobe.com/adobe-services/1.0
D/Requestor(12204): Added MVPD: Park Region Telephone and Otter Tail Telcom with SP: sp.auth.adobe.com/adobe-services/1.0
D/Requestor(12204): Added MVPD: Partner Communications Cooperative with SP: sp.auth.adobe.com/adobe-services/1.0
D/Requestor(12204): Added MVPD: Pathway with SP: sp.auth.adobe.com/adobe-services/1.0
D/Requestor(12204): Added MVPD: Paul Bunyan Communications with SP: sp.auth.adobe.com/adobe-services/1.0
D/BluetoothManagerService(  594): Message: 2
D/Requestor(12204): Added MVPD: Pembroke Telephone Company with SP: sp.auth.adobe.com/adobe-services/1.0
D/Requestor(12204): Added MVPD: Peoples Rural Telephone Cooperative with SP: sp.auth.adobe.com/adobe-services/1.0
D/Requestor(12204): Added MVPD: Philippi Communications System with SP: sp.auth.adobe.com/adobe-services/1.0
D/Requestor(12204): Added MVPD: Phonoscope Cable with SP: sp.auth.adobe.com/adobe-services/1.0
D/Requestor(12204): Added MVPD: Pine Belt Communications, Inc. with SP: sp.auth.adobe.com/adobe-services/1.0
D/Requestor(12204): Added MVPD: Pine Bluff Cable TV with SP: sp.auth.adobe.com/adobe-services/1.0
D/Requestor(12204): Added MVPD: Pineland Telephone Cooperative with SP: sp.auth.adobe.com/adobe-services/1.0
D/Requestor(12204): Added MVPD: Pinpoint Communications with SP: sp.auth.adobe.com/adobe-services/1.0
D/PhoneStatusBar(  738): disable: < expand icons* alerts system_info* back home recent clock search >
D/Requestor(12204): Added MVPD: Pioneer Broadband with SP: sp.auth.adobe.com/adobe-services/1.0
D/Requestor(12204): Added MVPD: Pioneer Communications with SP: sp.auth.adobe.com/adobe-services/1.0
D/Requestor(12204): Added MVPD: Pioneer DTV with SP: sp.auth.adobe.com/adobe-services/1.0
D/Requestor(12204): Added MVPD: Plant TiftNet, Inc. with SP: sp.auth.adobe.com/adobe-services/1.0
D/Requestor(12204): Added MVPD: Plateau with SP: sp.auth.adobe.com/adobe-services/1.0
I/org.umd.logging(12204): Method < 2181 com.androidquery.callback.AbstractAjaxCallback.run()
D/Requestor(12204): Added MVPD: PlayStation Vue with SP: sp.auth.adobe.com/adobe-services/1.0
D/Requestor(12204): Added MVPD: Polar Cablevision with SP: sp.auth.adobe.com/adobe-services/1.0
I/org.umd.logging(12204): Method > 1 com.androidquery.callback.AbstractAjaxCallback.run(com.androidquery.callback.BitmapAjaxCallback@562321662)
D/Requestor(12204): Added MVPD: Pottawatomie Telephone Co. with SP: sp.auth.adobe.com/adobe-services/1.0
I/org.umd.logging(12204): Method < 1 com.androidquery.callback.AbstractAjaxCallback.run()
D/Requestor(12204): Added MVPD: Premier Communications with SP: sp.auth.adobe.com/adobe-services/1.0
D/Requestor(12204): Added MVPD: QCOL with SP: sp.auth.adobe.com/adobe-services/1.0
D/Requestor(12204): Added MVPD: Quality Cablevision with SP: sp.auth.adobe.com/adobe-services/1.0
D/Requestor(12204): Added MVPD: RC Technologies with SP: sp.auth.adobe.com/adobe-services/1.0
D/Requestor(12204): Added MVPD: RCN with SP: sp.auth.adobe.com/adobe-services/1.0
D/Requestor(12204): Added MVPD: RS Fiber with SP: sp.auth.adobe.com/adobe-services/1.0
D/Requestor(12204): Added MVPD: RTC Communication Corp with SP: sp.auth.adobe.com/adobe-services/1.0
D/Requestor(12204): Added MVPD: RTC Digital Television with SP: sp.auth.adobe.com/adobe-services/1.0
D/Requestor(12204): Added MVPD: RTC-Reservation Telephone Coop. with SP: sp.auth.adobe.com/adobe-services/1.0
D/Requestor(12204): Added MVPD: RTEC Communications with SP: sp.auth.adobe.com/adobe-services/1.0
D/Requestor(12204): Added MVPD: Radcliffe Telephone Company with SP: sp.auth.adobe.com/adobe-services/1.0
D/Requestor(12204): Added MVPD: Rainbow Communications with SP: sp.auth.adobe.com/adobe-services/1.0
W/BackupManagerService(  594): dataChanged but no participant pkg='com.android.providers.settings' uid=10022
W/ResourcesManager(12362): Asset path '/system/framework/javax.obex.jar' does not exist or contains no resources.
D/Requestor(12204): Added MVPD: Rainier Connect with SP: sp.auth.adobe.com/adobe-services/1.0
D/Requestor(12204): Added MVPD: Ralls Technologies with SP: sp.auth.adobe.com/adobe-services/1.0
D/Requestor(12204): Added MVPD: Randolph Communications with SP: sp.auth.adobe.com/adobe-services/1.0
D/Requestor(12204): Added MVPD: Red River Communications with SP: sp.auth.adobe.com/adobe-services/1.0
D/Requestor(12204): Added MVPD: Reedsburg Utility Commission with SP: sp.auth.adobe.com/adobe-services/1.0
D/Requestor(12204): Added MVPD: Reliance Connects- Oregon with SP: sp.auth.adobe.com/adobe-services/1.0
D/Requestor(12204): Added MVPD: Reserve Telecommunications with SP: sp.auth.adobe.com/adobe-services/1.0
D/Requestor(12204): Added MVPD: Resort TV Cable with SP: sp.auth.adobe.com/adobe-services/1.0
D/Requestor(12204): Added MVPD: Richland Grant Telephone Cooperative, Inc. with SP: sp.auth.adobe.com/adobe-services/1.0
D/Requestor(12204): Added MVPD: River Valley Telecommunications Coop with SP: sp.auth.adobe.com/adobe-services/1.0
D/Requestor(12204): Added MVPD: Rock Port Cablevision with SP: sp.auth.adobe.com/adobe-services/1.0
