I/org.umd.logging(12204): Method > 1 flipboard.eap.gui.FlipmagWebView.onTouchEvent(flipboard.eap.gui.FlipmagWebView@610620059<file=2016-12-13_05:24:37.345><x=0><y=194><width=768><height=990><id=-1>, android.view.MotionEvent@35836210)
I/org.umd.logging(12204): Method < 1 flipboard.eap.gui.FlipmagWebView.onTouchEvent(true)
E/Cataloger( 6490): syncFile:/storage/emulated/0/2016-12-13_05:24:37.345.jpg
I/org.umd.logging(12204): Method < 1 flipboard.eap.gui.FlipmagArticleView.onTouchEvent(true)
I/InputDispatcher(  594): Window 'Window{27a8ca1d u0 com.cnn.mobile.android.phone/com.cnn.mobile.android.phone.ui.ArticleFragmentActivity}' spent 3357.5ms processing the last input event: MotionEvent(deviceId=0, source=0x00001002, action=0, flags=0x00000000, metaState=0x00000000, buttonState=0x00000000, edgeFlags=0x00000000, xPrecision=1.0, yPrecision=1.0, displayId=0, pointers=[0: (31.0, 841.0)]), policyFlags=0x6b000000
E/Cataloger( 6490): syncFile:/storage/emulated/0/2016-12-13_05:24:37.529.jpg
W/ResourceType(12204): No known package when getting name for resource number 0xffffffff
I/org.umd.logging(12204): Method > 1 flipboard.eap.gui.FlipmagArticleView.onTouchEvent(flipboard.eap.gui.FlipmagArticleView@871570053<file=2016-12-13_05:24:37.529><x=0><y=194><width=768><height=990><id=-1>, android.view.MotionEvent@35836210)
E/Cataloger( 6490): syncFile:/storage/emulated/0/2016-12-13_05:24:37.529.jpg
E/Cataloger( 6490): syncFile:/storage/emulated/0/2016-12-13_05:24:37.694.jpg
I/org.umd.logging(12204): Method > 1 fr.castorflex.android.verticalviewpager.VerticalViewPager.onTouchEvent(fr.castorflex.android.verticalviewpager.VerticalViewPager@368255565<file=2016-12-13_05:24:37.694><x=0><y=194><width=768><height=990><id=2131231070><imagename=verticalviewpager>, android.view.MotionEvent@35836210)
I/org.umd.logging(12204): Method < 1 fr.castorflex.android.verticalviewpager.VerticalViewPager.onTouchEvent(false)
E/Cataloger( 6490): syncFile:/storage/emulated/0/2016-12-13_05:24:37.694.jpg
E/Cataloger( 6490): syncFile:/storage/emulated/0/2016-12-13_05:24:37.857.jpg
W/ResourceType(12204): No known package when getting name for resource number 0xffffffff
I/org.umd.logging(12204): Method > 1 flipboard.eap.gui.FlipmagWebView.onTouchEvent(flipboard.eap.gui.FlipmagWebView@610620059<file=2016-12-13_05:24:37.857><x=0><y=194><width=768><height=990><id=-1>, android.view.MotionEvent@35836210)
E/Cataloger( 6490): syncFile:/storage/emulated/0/2016-12-13_05:24:37.857.jpg
I/org.umd.logging(12204): Method < 1 flipboard.eap.gui.FlipmagWebView.onTouchEvent(true)
I/org.umd.logging(12204): Method < 1 flipboard.eap.gui.FlipmagArticleView.onTouchEvent(true)
I/InputDispatcher(  594): Window 'Window{27a8ca1d u0 com.cnn.mobile.android.phone/com.cnn.mobile.android.phone.ui.ArticleFragmentActivity}' spent 3855.0ms processing the last input event: MotionEvent(deviceId=0, source=0x00001002, action=1, flags=0x00000000, metaState=0x00000000, buttonState=0x00000000, edgeFlags=0x00000000, xPrecision=1.0, yPrecision=1.0, displayId=0, pointers=[0: (40.8, 831.2)]), policyFlags=0x6b000000
E/Cataloger( 6490): syncFile:/storage/emulated/0/2016-12-13_05:24:38.031.jpg
W/ResourceType(12204): No known package when getting name for resource number 0xffffffff
I/org.umd.logging(12204): Method > 1 flipboard.eap.gui.FlipmagArticleView.onInterceptTouchEvent(flipboard.eap.gui.FlipmagArticleView@871570053<file=2016-12-13_05:24:38.031><x=0><y=194><width=768><height=990><id=-1>, android.view.MotionEvent@35836210)
E/Cataloger( 6490): syncFile:/storage/emulated/0/2016-12-13_05:24:38.031.jpg
I/org.umd.logging(12204): Method < 1 flipboard.eap.gui.FlipmagArticleView.onInterceptTouchEvent(true)
E/Cataloger( 6490): syncFile:/storage/emulated/0/2016-12-13_05:24:38.222.jpg
W/ResourceType(12204): No known package when getting name for resource number 0xffffffff
I/org.umd.logging(12204): Method > 1 flipboard.eap.gui.FlipmagArticleView.onTouchEvent(flipboard.eap.gui.FlipmagArticleView@871570053<file=2016-12-13_05:24:38.222><x=0><y=194><width=768><height=990><id=-1>, android.view.MotionEvent@35836210)
E/Cataloger( 6490): syncFile:/storage/emulated/0/2016-12-13_05:24:38.222.jpg
E/Cataloger( 6490): syncFile:/storage/emulated/0/2016-12-13_05:24:38.432.jpg
I/org.umd.logging(12204): Method > 1 fr.castorflex.android.verticalviewpager.VerticalViewPager.onTouchEvent(fr.castorflex.android.verticalviewpager.VerticalViewPager@368255565<file=2016-12-13_05:24:38.432><x=0><y=194><width=768><height=990><id=2131231070><imagename=verticalviewpager>, android.view.MotionEvent@35836210)
I/org.umd.logging(12204): Method < 1 fr.castorflex.android.verticalviewpager.VerticalViewPager.onTouchEvent(false)
E/Cataloger( 6490): syncFile:/storage/emulated/0/2016-12-13_05:24:38.432.jpg
I/org.umd.logging( 4986): Method > 1 com.cleanmaster.base.crash.util.debug.b.run(com.cleanmaster.base.crash.util.debug.b@453239735)
I/org.umd.logging( 4986): Method < 1 com.cleanmaster.base.crash.util.debug.b.run()
E/Cataloger( 6490): syncFile:/storage/emulated/0/2016-12-13_05:24:38.639.jpg
W/ResourceType(12204): No known package when getting name for resource number 0xffffffff
I/org.umd.logging(12204): Method > 1 flipboard.eap.gui.FlipmagWebView.onTouchEvent(flipboard.eap.gui.FlipmagWebView@610620059<file=2016-12-13_05:24:38.639><x=0><y=194><width=768><height=990><id=-1>, android.view.MotionEvent@35836210)
I/org.umd.logging(12204): Method < 1 flipboard.eap.gui.FlipmagWebView.onTouchEvent(true)
I/org.umd.logging(12204): Method < 1 flipboard.eap.gui.FlipmagArticleView.onTouchEvent(true)
I/InputDispatcher(  594): Window 'Window{27a8ca1d u0 com.cnn.mobile.android.phone/com.cnn.mobile.android.phone.ui.ArticleFragmentActivity}' spent 4681.9ms processing the last input event: MotionEvent(deviceId=0, source=0x00001002, action=0, flags=0x00000000, metaState=0x00000000, buttonState=0x00000000, edgeFlags=0x00000000, xPrecision=1.0, yPrecision=1.0, displayId=0, pointers=[0: (684.0, 408.0)]), policyFlags=0x6b000000
E/Cataloger( 6490): syncFile:/storage/emulated/0/2016-12-13_05:24:38.639.jpg
E/Cataloger( 6490): syncFile:/storage/emulated/0/2016-12-13_05:24:38.862.jpg
W/ResourceType(12204): No known package when getting name for resource number 0xffffffff
I/org.umd.logging(12204): Method > 1 flipboard.eap.gui.FlipmagArticleView.onTouchEvent(flipboard.eap.gui.FlipmagArticleView@871570053<file=2016-12-13_05:24:38.862><x=0><y=194><width=768><height=990><id=-1>, android.view.MotionEvent@35836210)
E/Cataloger( 6490): syncFile:/storage/emulated/0/2016-12-13_05:24:38.862.jpg
E/Cataloger( 6490): syncFile:/storage/emulated/0/2016-12-13_05:24:39.134.jpg
I/InputDispatcher(  594): Application is not responding: AppWindowToken{1d611e06 token=Token{ae00e1 ActivityRecord{c858a48 u0 com.cnn.mobile.android.phone/.ui.ArticleFragmentActivity t40}}} - Window{27a8ca1d u0 com.cnn.mobile.android.phone/com.cnn.mobile.android.phone.ui.ArticleFragmentActivity}.  It has been 5002.3ms since event, 5001.3ms since wait started.  Reason: Waiting to send key event because the focused window has not finished processing all of the input events that were previously delivered to it.  Outbound queue length: 0.  Wait queue length: 27.
I/WindowManager(  594): Input event dispatching timed out sending to com.cnn.mobile.android.phone/com.cnn.mobile.android.phone.ui.ArticleFragmentActivity.  Reason: Waiting to send key event because the focused window has not finished processing all of the input events that were previously delivered to it.  Outbound queue length: 0.  Wait queue length: 27.
W/InputManager(  594): Input event injection from pid 12186 timed out.
I/Process (  594): Sending signal. PID: 12204 SIG: 3
I/art     (12204): Thread[5,tid=12213,WaitingInMainSignalCatcherLoop,Thread*=0xb907fdc8,peer=0x12c000a0,"Signal Catcher"]: reacting to signal 3
I/Process (  594): Sending signal. PID: 594 SIG: 3
I/art     (  594): Thread[5,tid=603,WaitingInMainSignalCatcherLoop,Thread*=0xb9076940,peer=0x12c020a0,"Signal Catcher"]: reacting to signal 3
I/art     (12204): Wrote stack traces to '/data/anr/traces.txt'
I/org.umd.logging(12204): Method > 1 fr.castorflex.android.verticalviewpager.VerticalViewPager.onTouchEvent(fr.castorflex.android.verticalviewpager.VerticalViewPager@368255565<file=2016-12-13_05:24:39.134><x=0><y=194><width=768><height=990><id=2131231070><imagename=verticalviewpager>, android.view.MotionEvent@35836210)
E/Cataloger( 6490): syncFile:/storage/emulated/0/2016-12-13_05:24:39.134.jpg
I/org.umd.logging(12204): Method < 1 fr.castorflex.android.verticalviewpager.VerticalViewPager.onTouchEvent(false)
E/Cataloger( 6490): syncFile:/storage/emulated/0/2016-12-13_05:24:39.962.jpg
W/ResourceType(12204): No known package when getting name for resource number 0xffffffff
I/org.umd.logging(12204): Method > 1 flipboard.eap.gui.FlipmagWebView.onTouchEvent(flipboard.eap.gui.FlipmagWebView@610620059<file=2016-12-13_05:24:39.962><x=0><y=194><width=768><height=990><id=-1>, android.view.MotionEvent@35836210)
I/org.umd.logging(12204): Method < 1 flipboard.eap.gui.FlipmagWebView.onTouchEvent(true)
I/org.umd.logging(12204): Method < 1 flipboard.eap.gui.FlipmagArticleView.onTouchEvent(true)
I/InputDispatcher(  594): Window 'Window{27a8ca1d u0 com.cnn.mobile.android.phone/com.cnn.mobile.android.phone.ui.ArticleFragmentActivity}' spent 5955.5ms processing the last input event: MotionEvent(deviceId=0, source=0x00001002, action=1, flags=0x00000000, metaState=0x00000000, buttonState=0x00000000, edgeFlags=0x00000000, xPrecision=1.0, yPrecision=1.0, displayId=0, pointers=[0: (671.5, 409.5)]), policyFlags=0x6b000000
E/Cataloger( 6490): syncFile:/storage/emulated/0/2016-12-13_05:24:39.962.jpg
E/Cataloger( 6490): syncFile:/storage/emulated/0/2016-12-13_05:24:40.145.jpg
W/ResourceType(12204): No known package when getting name for resource number 0xffffffff
I/org.umd.logging(12204): Method > 1 flipboard.eap.gui.FlipmagArticleView.onInterceptTouchEvent(flipboard.eap.gui.FlipmagArticleView@871570053<file=2016-12-13_05:24:40.145><x=0><y=194><width=768><height=990><id=-1>, android.view.MotionEvent@35836210)
E/Cataloger( 6490): syncFile:/storage/emulated/0/2016-12-13_05:24:40.145.jpg
I/org.umd.logging(12204): Method < 1 flipboard.eap.gui.FlipmagArticleView.onInterceptTouchEvent(true)
E/Cataloger( 6490): syncFile:/storage/emulated/0/2016-12-13_05:24:40.321.jpg
W/ResourceType(12204): No known package when getting name for resource number 0xffffffff
I/org.umd.logging(12204): Method > 1 flipboard.eap.gui.FlipmagArticleView.onTouchEvent(flipboard.eap.gui.FlipmagArticleView@871570053<file=2016-12-13_05:24:40.321><x=0><y=194><width=768><height=990><id=-1>, android.view.MotionEvent@35836210)
E/Cataloger( 6490): syncFile:/storage/emulated/0/2016-12-13_05:24:40.321.jpg
E/Cataloger( 6490): syncFile:/storage/emulated/0/2016-12-13_05:24:40.498.jpg
I/org.umd.logging(12204): Method > 1 fr.castorflex.android.verticalviewpager.VerticalViewPager.onTouchEvent(fr.castorflex.android.verticalviewpager.VerticalViewPager@368255565<file=2016-12-13_05:24:40.498><x=0><y=194><width=768><height=990><id=2131231070><imagename=verticalviewpager>, android.view.MotionEvent@35836210)
I/org.umd.logging(12204): Method < 1 fr.castorflex.android.verticalviewpager.VerticalViewPager.onTouchEvent(false)
E/Cataloger( 6490): syncFile:/storage/emulated/0/2016-12-13_05:24:40.498.jpg
E/Cataloger( 6490): syncFile:/storage/emulated/0/2016-12-13_05:24:40.693.jpg
W/ResourceType(12204): No known package when getting name for resource number 0xffffffff
I/org.umd.logging(12204): Method > 1 flipboard.eap.gui.FlipmagWebView.onTouchEvent(flipboard.eap.gui.FlipmagWebView@610620059<file=2016-12-13_05:24:40.693><x=0><y=194><width=768><height=990><id=-1>, android.view.MotionEvent@35836210)
E/Cataloger( 6490): syncFile:/storage/emulated/0/2016-12-13_05:24:40.693.jpg
I/org.umd.logging(12204): Method < 1 flipboard.eap.gui.FlipmagWebView.onTouchEvent(true)
I/org.umd.logging(12204): Method < 1 flipboard.eap.gui.FlipmagArticleView.onTouchEvent(true)
I/InputDispatcher(  594): Window 'Window{27a8ca1d u0 com.cnn.mobile.android.phone/com.cnn.mobile.android.phone.ui.ArticleFragmentActivity}' spent 6717.3ms processing the last input event: MotionEvent(deviceId=0, source=0x00001002, action=0, flags=0x00000000, metaState=0x00000000, buttonState=0x00000000, edgeFlags=0x00000000, xPrecision=1.0, yPrecision=1.0, displayId=0, pointers=[0: (654.0, 1009.0)]), policyFlags=0x6b000000
E/Cataloger( 6490): syncFile:/storage/emulated/0/2016-12-13_05:24:40.910.jpg
W/ResourceType(12204): No known package when getting name for resource number 0xffffffff
I/org.umd.logging(12204): Method > 1 flipboard.eap.gui.FlipmagArticleView.onTouchEvent(flipboard.eap.gui.FlipmagArticleView@871570053<file=2016-12-13_05:24:40.910><x=0><y=194><width=768><height=990><id=-1>, android.view.MotionEvent@35836210)
E/Cataloger( 6490): syncFile:/storage/emulated/0/2016-12-13_05:24:40.910.jpg
E/Cataloger( 6490): syncFile:/storage/emulated/0/2016-12-13_05:24:41.099.jpg
I/org.umd.logging(12204): Method > 1 fr.castorflex.android.verticalviewpager.VerticalViewPager.onTouchEvent(fr.castorflex.android.verticalviewpager.VerticalViewPager@368255565<file=2016-12-13_05:24:41.099><x=0><y=194><width=768><height=990><id=2131231070><imagename=verticalviewpager>, android.view.MotionEvent@35836210)
I/org.umd.logging(12204): Method < 1 fr.castorflex.android.verticalviewpager.VerticalViewPager.onTouchEvent(false)
E/Cataloger( 6490): syncFile:/storage/emulated/0/2016-12-13_05:24:41.099.jpg
I/Process (  594): Sending signal. PID: 1030 SIG: 3
I/art     ( 1030): Thread[5,tid=1044,WaitingInMainSignalCatcherLoop,Thread*=0xb8ed9278,peer=0x12c000a0,"Signal Catcher"]: reacting to signal 3
I/Process (  594): Sending signal. PID: 1003 SIG: 3
I/art     ( 1003): Thread[5,tid=1016,WaitingInMainSignalCatcherLoop,Thread*=0xb8ed9278,peer=0x12c000a0,"Signal Catcher"]: reacting to signal 3
I/art     (  594): Wrote stack traces to '/data/anr/traces.txt'
I/Process (  594): Sending signal. PID: 738 SIG: 3
I/art     (  738): Thread[5,tid=748,WaitingInMainSignalCatcherLoop,Thread*=0xb8ed9278,peer=0x12c000a0,"Signal Catcher"]: reacting to signal 3
E/Cataloger( 6490): syncFile:/storage/emulated/0/2016-12-13_05:24:41.308.jpg
I/art     ( 1003): Wrote stack traces to '/data/anr/traces.txt'
W/ResourceType(12204): No known package when getting name for resource number 0xffffffff
I/org.umd.logging(12204): Method > 1 flipboard.eap.gui.FlipmagWebView.onTouchEvent(flipboard.eap.gui.FlipmagWebView@610620059<file=2016-12-13_05:24:41.308><x=0><y=194><width=768><height=990><id=-1>, android.view.MotionEvent@35836210)
E/Cataloger( 6490): syncFile:/storage/emulated/0/2016-12-13_05:24:41.308.jpg
I/org.umd.logging(12204): Method < 1 flipboard.eap.gui.FlipmagWebView.onTouchEvent(true)
I/org.umd.logging(12204): Method < 1 flipboard.eap.gui.FlipmagArticleView.onTouchEvent(true)
I/InputDispatcher(  594): Window 'Window{27a8ca1d u0 com.cnn.mobile.android.phone/com.cnn.mobile.android.phone.ui.ArticleFragmentActivity}' spent 7323.8ms processing the last input event: MotionEvent(deviceId=0, source=0x00001002, action=1, flags=0x00000000, metaState=0x00000000, buttonState=0x00000000, edgeFlags=0x00000000, xPrecision=1.0, yPrecision=1.0, displayId=0, pointers=[0: (651.8, 1009.1)]), policyFlags=0x6b000000
E/Cataloger( 6490): syncFile:/storage/emulated/0/2016-12-13_05:24:41.520.jpg
W/ResourceType(12204): No known package when getting name for resource number 0xffffffff
I/org.umd.logging(12204): Method > 1 flipboard.eap.gui.FlipmagArticleView.onInterceptTouchEvent(flipboard.eap.gui.FlipmagArticleView@871570053<file=2016-12-13_05:24:41.520><x=0><y=194><width=768><height=990><id=-1>, android.view.MotionEvent@35836210)
I/org.umd.logging(12204): Method < 1 flipboard.eap.gui.FlipmagArticleView.onInterceptTouchEvent(true)
E/Cataloger( 6490): syncFile:/storage/emulated/0/2016-12-13_05:24:41.520.jpg
I/art     ( 1030): Wrote stack traces to '/data/anr/traces.txt'
I/art     (  738): Wrote stack traces to '/data/anr/traces.txt'
E/Cataloger( 6490): syncFile:/storage/emulated/0/2016-12-13_05:24:41.695.jpg
W/ResourceType(12204): No known package when getting name for resource number 0xffffffff
I/org.umd.logging(12204): Method > 1 flipboard.eap.gui.FlipmagArticleView.onTouchEvent(flipboard.eap.gui.FlipmagArticleView@871570053<file=2016-12-13_05:24:41.695><x=0><y=194><width=768><height=990><id=-1>, android.view.MotionEvent@35836210)
E/Cataloger( 6490): syncFile:/storage/emulated/0/2016-12-13_05:24:41.695.jpg
E/Cataloger( 6490): syncFile:/storage/emulated/0/2016-12-13_05:24:41.869.jpg
I/org.umd.logging(12204): Method > 1 fr.castorflex.android.verticalviewpager.VerticalViewPager.onTouchEvent(fr.castorflex.android.verticalviewpager.VerticalViewPager@368255565<file=2016-12-13_05:24:41.869><x=0><y=194><width=768><height=990><id=2131231070><imagename=verticalviewpager>, android.view.MotionEvent@35836210)
I/org.umd.logging(12204): Method < 1 fr.castorflex.android.verticalviewpager.VerticalViewPager.onTouchEvent(false)
E/Cataloger( 6490): syncFile:/storage/emulated/0/2016-12-13_05:24:41.869.jpg
E/Cataloger( 6490): syncFile:/storage/emulated/0/2016-12-13_05:24:42.053.jpg
W/ResourceType(12204): No known package when getting name for resource number 0xffffffff
I/org.umd.logging(12204): Method > 1 flipboard.eap.gui.FlipmagWebView.onTouchEvent(flipboard.eap.gui.FlipmagWebView@610620059<file=2016-12-13_05:24:42.053><x=0><y=194><width=768><height=990><id=-1>, android.view.MotionEvent@35836210)
E/Cataloger( 6490): syncFile:/storage/emulated/0/2016-12-13_05:24:42.053.jpg
I/org.umd.logging(12204): Method < 1 flipboard.eap.gui.FlipmagWebView.onTouchEvent(true)
I/org.umd.logging(12204): Method < 1 flipboard.eap.gui.FlipmagArticleView.onTouchEvent(true)
I/InputDispatcher(  594): Window 'Window{27a8ca1d u0 com.cnn.mobile.android.phone/com.cnn.mobile.android.phone.ui.ArticleFragmentActivity}' spent 8046.1ms processing the last input event: MotionEvent(deviceId=0, source=0x00001002, action=0, flags=0x00000000, metaState=0x00000000, buttonState=0x00000000, edgeFlags=0x00000000, xPrecision=1.0, yPrecision=1.0, displayId=0, pointers=[0: (52.0, 691.0)]), policyFlags=0x6b000000
E/Cataloger( 6490): syncFile:/storage/emulated/0/2016-12-13_05:24:42.264.jpg
W/ResourceType(12204): No known package when getting name for resource number 0xffffffff
I/org.umd.logging(12204): Method > 1 flipboard.eap.gui.FlipmagArticleView.onTouchEvent(flipboard.eap.gui.FlipmagArticleView@871570053<file=2016-12-13_05:24:42.264><x=0><y=194><width=768><height=990><id=-1>, android.view.MotionEvent@35836210)
E/Cataloger( 6490): syncFile:/storage/emulated/0/2016-12-13_05:24:42.264.jpg
E/Cataloger( 6490): syncFile:/storage/emulated/0/2016-12-13_05:24:42.515.jpg
I/org.umd.logging(12204): Method > 1 fr.castorflex.android.verticalviewpager.VerticalViewPager.onTouchEvent(fr.castorflex.android.verticalviewpager.VerticalViewPager@368255565<file=2016-12-13_05:24:42.515><x=0><y=194><width=768><height=990><id=2131231070><imagename=verticalviewpager>, android.view.MotionEvent@35836210)
I/org.umd.logging(12204): Method < 1 fr.castorflex.android.verticalviewpager.VerticalViewPager.onTouchEvent(false)
E/Cataloger( 6490): syncFile:/storage/emulated/0/2016-12-13_05:24:42.515.jpg
E/Cataloger( 6490): syncFile:/storage/emulated/0/2016-12-13_05:24:42.694.jpg
W/ResourceType(12204): No known package when getting name for resource number 0xffffffff
I/org.umd.logging(12204): Method > 1 flipboard.eap.gui.FlipmagWebView.onTouchEvent(flipboard.eap.gui.FlipmagWebView@610620059<file=2016-12-13_05:24:42.694><x=0><y=194><width=768><height=990><id=-1>, android.view.MotionEvent@35836210)
I/org.umd.logging(12204): Method < 1 flipboard.eap.gui.FlipmagWebView.onTouchEvent(true)
I/org.umd.logging(12204): Method < 1 flipboard.eap.gui.FlipmagArticleView.onTouchEvent(true)
I/InputDispatcher(  594): Window 'Window{27a8ca1d u0 com.cnn.mobile.android.phone/com.cnn.mobile.android.phone.ui.ArticleFragmentActivity}' spent 8668.7ms processing the last input event: MotionEvent(deviceId=0, source=0x00001002, action=1, flags=0x00000000, metaState=0x00000000, buttonState=0x00000000, edgeFlags=0x00000000, xPrecision=1.0, yPrecision=1.0, displayId=0, pointers=[0: (62.0, 686.3)]), policyFlags=0x6b000000
E/Cataloger( 6490): syncFile:/storage/emulated/0/2016-12-13_05:24:42.694.jpg
E/Cataloger( 6490): syncFile:/storage/emulated/0/2016-12-13_05:24:42.888.jpg
W/ResourceType(12204): No known package when getting name for resource number 0xffffffff
I/org.umd.logging(12204): Method > 1 flipboard.eap.gui.FlipmagArticleView.onInterceptTouchEvent(flipboard.eap.gui.FlipmagArticleView@871570053<file=2016-12-13_05:24:42.888><x=0><y=194><width=768><height=990><id=-1>, android.view.MotionEvent@35836210)
E/Cataloger( 6490): syncFile:/storage/emulated/0/2016-12-13_05:24:42.888.jpg
I/org.umd.logging(12204): Method < 1 flipboard.eap.gui.FlipmagArticleView.onInterceptTouchEvent(true)
E/Cataloger( 6490): syncFile:/storage/emulated/0/2016-12-13_05:24:43.081.jpg
W/ActivityManager(  616): type=1400 audit(0.0:55): avc: denied { read } for name="task" dev="proc" ino=8365 scontext=u:r:system_server:s0 tcontext=u:r:logd:s0 tclass=dir
W/ResourceType(12204): No known package when getting name for resource number 0xffffffff
I/org.umd.logging(12204): Method > 1 flipboard.eap.gui.FlipmagArticleView.onTouchEvent(flipboard.eap.gui.FlipmagArticleView@871570053<file=2016-12-13_05:24:43.081><x=0><y=194><width=768><height=990><id=-1>, android.view.MotionEvent@35836210)
E/Cataloger( 6490): syncFile:/storage/emulated/0/2016-12-13_05:24:43.081.jpg
E/Cataloger( 6490): syncFile:/storage/emulated/0/2016-12-13_05:24:43.277.jpg
I/org.umd.logging(12204): Method > 1 fr.castorflex.android.verticalviewpager.VerticalViewPager.onTouchEvent(fr.castorflex.android.verticalviewpager.VerticalViewPager@368255565<file=2016-12-13_05:24:43.277><x=0><y=194><width=768><height=990><id=2131231070><imagename=verticalviewpager>, android.view.MotionEvent@35836210)
I/org.umd.logging(12204): Method < 1 fr.castorflex.android.verticalviewpager.VerticalViewPager.onTouchEvent(false)
E/Cataloger( 6490): syncFile:/storage/emulated/0/2016-12-13_05:24:43.277.jpg
E/Cataloger( 6490): syncFile:/storage/emulated/0/2016-12-13_05:24:43.457.jpg
I/art     (  594): Explicit concurrent mark sweep GC freed 58824(2MB) AllocSpace objects, 16(987KB) LOS objects, 33% free, 25MB/38MB, paused 1.739ms total 115.885ms
W/ResourceType(12204): No known package when getting name for resource number 0xffffffff
I/org.umd.logging(12204): Method > 1 flipboard.eap.gui.FlipmagWebView.onTouchEvent(flipboard.eap.gui.FlipmagWebView@610620059<file=2016-12-13_05:24:43.457><x=0><y=194><width=768><height=990><id=-1>, android.view.MotionEvent@35836210)
E/Cataloger( 6490): syncFile:/storage/emulated/0/2016-12-13_05:24:43.457.jpg
I/org.umd.logging(12204): Method < 1 flipboard.eap.gui.FlipmagWebView.onTouchEvent(true)
I/org.umd.logging(12204): Method < 1 flipboard.eap.gui.FlipmagArticleView.onTouchEvent(true)
I/InputDispatcher(  594): Window 'Window{27a8ca1d u0 com.cnn.mobile.android.phone/com.cnn.mobile.android.phone.ui.ArticleFragmentActivity}' spent 9419.5ms processing the last input event: MotionEvent(deviceId=0, source=0x00001002, action=0, flags=0x00000000, metaState=0x00000000, buttonState=0x00000000, edgeFlags=0x00000000, xPrecision=1.0, yPrecision=1.0, displayId=0, pointers=[0: (411.0, 1173.0)]), policyFlags=0x6b000000
E/Cataloger( 6490): syncFile:/storage/emulated/0/2016-12-13_05:24:43.640.jpg
W/ResourceType(12204): No known package when getting name for resource number 0xffffffff
I/org.umd.logging(12204): Method > 1 flipboard.eap.gui.FlipmagArticleView.onTouchEvent(flipboard.eap.gui.FlipmagArticleView@871570053<file=2016-12-13_05:24:43.640><x=0><y=194><width=768><height=990><id=-1>, android.view.MotionEvent@35836210)
E/Cataloger( 6490): syncFile:/storage/emulated/0/2016-12-13_05:24:43.640.jpg
E/Cataloger( 6490): syncFile:/storage/emulated/0/2016-12-13_05:24:43.811.jpg
I/org.umd.logging(12204): Method > 1 fr.castorflex.android.verticalviewpager.VerticalViewPager.onTouchEvent(fr.castorflex.android.verticalviewpager.VerticalViewPager@368255565<file=2016-12-13_05:24:43.811><x=0><y=194><width=768><height=990><id=2131231070><imagename=verticalviewpager>, android.view.MotionEvent@35836210)
I/org.umd.logging(12204): Method < 1 fr.castorflex.android.verticalviewpager.VerticalViewPager.onTouchEvent(false)
E/Cataloger( 6490): syncFile:/storage/emulated/0/2016-12-13_05:24:43.811.jpg
I/Process (  594): Sending signal. PID: 6490 SIG: 3
I/art     ( 6490): Thread[5,tid=6499,WaitingInMainSignalCatcherLoop,Thread*=0xb9076f20,peer=0x32c070a0,"Signal Catcher"]: reacting to signal 3
W/ResourceType(12204): No known package when getting name for resource number 0xffffffff
I/org.umd.logging(12204): Method > 1 flipboard.eap.gui.FlipmagWebView.onTouchEvent(flipboard.eap.gui.FlipmagWebView@610620059<file=2016-12-13_05:24:44.043><x=0><y=194><width=768><height=990><id=-1>, android.view.MotionEvent@35836210)
I/org.umd.logging(12204): Method < 1 flipboard.eap.gui.FlipmagWebView.onTouchEvent(true)
I/org.umd.logging(12204): Method < 1 flipboard.eap.gui.FlipmagArticleView.onTouchEvent(true)
I/InputDispatcher(  594): Window 'Window{27a8ca1d u0 com.cnn.mobile.android.phone/com.cnn.mobile.android.phone.ui.ArticleFragmentActivity}' spent 10023.7ms processing the last input event: MotionEvent(deviceId=0, source=0x00001002, action=1, flags=0x00000000, metaState=0x00000000, buttonState=0x00000000, edgeFlags=0x00000000, xPrecision=1.0, yPrecision=1.0, displayId=0, pointers=[0: (424.1, 1161.2)]), policyFlags=0x6b000000
I/InputDispatcher(  594): Application is not responding: AppWindowToken{1d611e06 token=Token{ae00e1 ActivityRecord{c858a48 u0 com.cnn.mobile.android.phone/.ui.ArticleFragmentActivity t40}}} - Window{27a8ca1d u0 com.cnn.mobile.android.phone/com.cnn.mobile.android.phone.ui.ArticleFragmentActivity}.  It has been 5001.5ms since event, 5000.2ms since wait started.  Reason: Waiting to send key event because the focused window has not finished processing all of the input events that were previously delivered to it.  Outbound queue length: 0.  Wait queue length: 20.
I/WindowManager(  594): Input event dispatching timed out sending to com.cnn.mobile.android.phone/com.cnn.mobile.android.phone.ui.ArticleFragmentActivity.  Reason: Waiting to send key event because the focused window has not finished processing all of the input events that were previously delivered to it.  Outbound queue length: 0.  Wait queue length: 20.
W/InputManager(  594): Input event injection from pid 12186 timed out.
I/Process (  594): Sending signal. PID: 7766 SIG: 3
I/art     ( 7766): Thread[5,tid=7774,WaitingInMainSignalCatcherLoop,Thread*=0xb8ed9278,peer=0x12c070a0,"Signal Catcher"]: reacting to signal 3
W/ResourceType(12204): No known package when getting name for resource number 0xffffffff
I/org.umd.logging(12204): Method > 1 flipboard.eap.gui.FlipmagArticleView.onInterceptTouchEvent(flipboard.eap.gui.FlipmagArticleView@871570053<file=2016-12-13_05:24:44.245><x=0><y=194><width=768><height=990><id=-1>, android.view.MotionEvent@35836210)
I/org.umd.logging(12204): Method < 1 flipboard.eap.gui.FlipmagArticleView.onInterceptTouchEvent(true)
D/ThermalDaemon(  196): Sensor 'tsens_tz_sensor8' - alarm raised 1 at 61.0 degC
D/ThermalDaemon(  196): Sensor 'tsens_tz_sensor9' - alarm raised 1 at 60.0 degC
E/ActivityManager(  594): ANR in com.cnn.mobile.android.phone (com.cnn.mobile.android.phone/.ui.ArticleFragmentActivity)
E/ActivityManager(  594): PID: 12204
E/ActivityManager(  594): Reason: Input dispatching timed out (Waiting to send key event because the focused window has not finished processing all of the input events that were previously delivered to it.  Outbound queue length: 0.  Wait queue length: 27.)
E/ActivityManager(  594): Load: 3.05 / 2.5 / 2.18
E/ActivityManager(  594): CPU usage from 400ms to -5279ms ago:
E/ActivityManager(  594):   82% 6490/com.estrongs.android.pop: 79% user + 3.7% kernel / faults: 1880 minor
E/ActivityManager(  594):   69% 12204/com.cnn.mobile.android.phone: 56% user + 13% kernel / faults: 49429 minor 3 major
E/ActivityManager(  594):   42% 594/system_server: 24% user + 17% kernel / faults: 5280 minor
E/ActivityManager(  594):   32% 201/sdcard: 13% user + 18% kernel / faults: 1 minor
E/ActivityManager(  594):   0% 187/debuggerd: 0% user + 0% kernel / faults: 2482 minor
E/ActivityManager(  594):   7.2% 738/com.android.systemui: 3.7% user + 3.5% kernel / faults: 1573 minor
E/ActivityManager(  594):   3.1% 1030/com.android.phone: 1.8% user + 1.2% kernel / faults: 1896 minor
E/ActivityManager(  594):   5.4% 7766/com.google.android.googlequicksearchbox:search: 4% user + 1.4% kernel / faults: 954 minor
E/ActivityManager(  594):   3.1% 1667/com.google.android.gms: 2.2% user + 0.8% kernel / faults: 3064 minor
E/ActivityManager(  594):   0.1% 1003/com.android.nfc: 0% user + 0% kernel / faults: 985 minor
E/ActivityManager(  594):   1.5% 143/ueventd: 0.7% user + 0.8% kernel
E/ActivityManager(  594):   1.5% 197/mpdecision: 0.1% user + 1.4% kernel
E/ActivityManager(  594):   0.7% 7622/.esfm: 0.5% user + 0.1% kernel / faults: 16 minor
E/ActivityManager(  594):   0.5% 190/mediaserver: 0.1% user + 0.3% kernel
E/ActivityManager(  594):   0.3% 129/mmcqd/0: 0% user + 0.3% kernel
E/ActivityManager(  594):   0.3% 174/surfaceflinger: 0% user + 0.3% kernel / faults: 1 minor
E/ActivityManager(  594):   0.3% 200/sensors.qcom: 0.1% user + 0.1% kernel
E/ActivityManager(  594):   0.3% 12563/com.android.bluetooth: 0.1% user + 0.1% kernel / faults: 530 minor
E/ActivityManager(  594):   0.1% 6/migration/0: 0% user + 0.1% kernel
E/ActivityManager(  594):   0% 149/flush-179:0: 0% user + 0% kernel
E/ActivityManager(  594):   0.1% 169/logd: 0.1% user + 0% kernel
E/ActivityManager(  594):   0% 186/netd: 0% user + 0% kernel
E/ActivityManager(  594):   0.1% 2346/kworker/0:2: 0% user + 0.1% kernel
E/ActivityManager(  594):   0.1% 4191/adbd: 0% user + 0.1% kernel / faults: 3 minor
E/ActivityManager(  594):   0% 7433/kworker/0:1: 0% user + 0% kernel
E/ActivityManager(  594):   0.1% 10190/kworker/u:16: 0% user + 0.1% kernel
E/ActivityManager(  594):   0% 12188/migration/1: 0% user + 0% kernel
E/ActivityManager(  594):   0% 12191/kworker/1:1: 0% user + 0% kernel
E/ActivityManager(  594):  +0% 12634/migration/2: 0% user + 0% kernel
E/ActivityManager(  594):  +0% 12635/kworker/2:0: 0% user + 0% kernel
E/ActivityManager(  594):  +0% 12636/ksoftirqd/2: 0% user + 0% kernel
E/ActivityManager(  594):  +0% 12640/kworker/2:1: 0% user + 0% kernel
E/ActivityManager(  594):  +0% 12644/migration/3: 0% user + 0% kernel
E/ActivityManager(  594):  +0% 12645/kworker/3:0: 0% user + 0% kernel
E/ActivityManager(  594):  +0% 12646/ksoftirqd/3: 0% user + 0% kernel
E/ActivityManager(  594):  +0% 12647/kworker/3:1: 0% user + 0% kernel
E/ActivityManager(  594): 0% TOTAL: 0% user + 0% kernel + 0% softirq
E/ActivityManager(  594): CPU usage from 4296ms to 4836ms later with 99% awake:
E/ActivityManager(  594):   100% 6490/com.estrongs.android.pop: 100% user + 0% kernel / faults: 13 minor
E/ActivityManager(  594):     98% 12416/FlusherThread: 98% user + 0% kernel
E/ActivityManager(  594):     1.8% 12415/CatalogerThread: 0% user + 1.8% kernel
E/ActivityManager(  594):   64% 12204/com.cnn.mobile.android.phone: 51% user + 12% kernel / faults: 5582 minor
E/ActivityManager(  594):     53% 12204/e.android.phone: 40% user + 12% kernel
E/ActivityManager(  594):     11% 12218/GCDaemon: 9.2% user + 1.8% kernel
E/ActivityManager(  594):   40% 201/sdcard: 16% user + 24% kernel
E/ActivityManager(  594):     29% 262/sdcard: 9.2% user + 20% kernel
E/ActivityManager(  594):     11% 263/sdcard: 7.4% user + 3.7% kernel
E/ActivityManager(  594):   9.2% 594/system_server: 5.5% user + 3.7% kernel / faults: 2 minor
E/ActivityManager(  594):     5.5% 616/ActivityManager: 1.8% user + 3.7% kernel
E/ActivityManager(  594):     1.8% 614/SensorService: 1.8% user + 0% kernel
E/ActivityManager(  594):   2.7% 7766/com.google.android.googlequicksearchbox:search: 1.3% user + 1.3% kernel
E/ActivityManager(  594):     2.7% 7868/Non-User-Facing: 1.3% user + 1.3% kernel
E/ActivityManager(  594):     1.3% 7888/User-Facing Sha: 1.3% user + 0% kernel
E/ActivityManager(  594):   1% 6/migration/0: 0% user + 1% kernel
E/ActivityManager(  594):   1.1% 129/mmcqd/0: 0% user + 1.1% kernel
E/ActivityManager(  594):   1.1% 149/flush-179:0: 0% user + 1.1% kernel
E/ActivityManager(  594):   1.1% 197/mpdecision: 0% user + 1.1% kernel
E/ActivityManager(  594):     1.1% 227/mpdecision: 0% user + 1.1% kernel
E/ActivityManager(  594): 0% TOTAL: 0% user + 0% kernel + 0% iowait
I/DownloadManagerWrapper(  949): onReceive() : Charging = true
W/ActivityManager(  594): Launch timeout has expired, giving up wake lock!
I/ActivityManager(  594): Skipping duplicate ANR: ProcessRecord{151d379e 12204:com.cnn.mobile.android.phone/u0a225} Input dispatching timed out (Waiting to send key event because the focused window has not finished processing all of the input events that were previously delivered to it.  Outbound queue length: 0.  Wait queue length: 20.)
W/ResourceType(12204): No known package when getting name for resource number 0xffffffff
I/org.umd.logging(12204): Method > 1 flipboard.eap.gui.FlipmagArticleView.onTouchEvent(flipboard.eap.gui.FlipmagArticleView@871570053<file=2016-12-13_05:24:44.417><x=0><y=194><width=768><height=990><id=-1>, android.view.MotionEvent@35836210)
I/org.umd.logging(12204): Method > 1 fr.castorflex.android.verticalviewpager.VerticalViewPager.onTouchEvent(fr.castorflex.android.verticalviewpager.VerticalViewPager@368255565<file=2016-12-13_05:24:44.629><x=0><y=194><width=768><height=990><id=2131231070><imagename=verticalviewpager>, android.view.MotionEvent@35836210)
I/org.umd.logging(12204): Method < 1 fr.castorflex.android.verticalviewpager.VerticalViewPager.onTouchEvent(false)
I/art     ( 1301): Explicit concurrent mark sweep GC freed 35332(2MB) AllocSpace objects, 7(112KB) LOS objects, 39% free, 17MB/28MB, paused 1.342ms total 78.406ms
I/art     ( 7766): Wrote stack traces to '/data/anr/traces.txt'
E/Cataloger( 6490): syncFile:/storage/emulated/0/2016-12-13_05:24:44.043.jpg
E/Cataloger( 6490): syncFile:/storage/emulated/0/2016-12-13_05:24:44.043.jpg
E/Cataloger( 6490): syncFile:/storage/emulated/0/2016-12-13_05:24:44.245.jpg
E/Cataloger( 6490): syncFile:/storage/emulated/0/2016-12-13_05:24:44.245.jpg
E/Cataloger( 6490): syncFile:/storage/emulated/0/2016-12-13_05:24:44.417.jpg
E/Cataloger( 6490): syncFile:/storage/emulated/0/2016-12-13_05:24:44.417.jpg
E/Cataloger( 6490): syncFile:/storage/emulated/0/2016-12-13_05:24:44.629.jpg
E/Cataloger( 6490): syncFile:/storage/emulated/0/2016-12-13_05:24:44.629.jpg
E/Cataloger( 6490): syncFile:/storage/emulated/0/2016-12-13_05:24:44.799.jpg
I/art     ( 6490): Wrote stack traces to '/data/anr/traces.txt'
W/ResourceType(12204): No known package when getting name for resource number 0xffffffff
I/org.umd.logging(12204): Method > 1 flipboard.eap.gui.FlipmagWebView.onTouchEvent(flipboard.eap.gui.FlipmagWebView@610620059<file=2016-12-13_05:24:44.799><x=0><y=194><width=768><height=990><id=-1>, android.view.MotionEvent@35836210)
E/Cataloger( 6490): syncFile:/storage/emulated/0/2016-12-13_05:24:44.799.jpg
I/org.umd.logging(12204): Method < 1 flipboard.eap.gui.FlipmagWebView.onTouchEvent(true)
I/org.umd.logging(12204): Method < 1 flipboard.eap.gui.FlipmagArticleView.onTouchEvent(true)
I/InputDispatcher(  594): Window 'Window{27a8ca1d u0 com.cnn.mobile.android.phone/com.cnn.mobile.android.phone.ui.ArticleFragmentActivity}' spent 10800.4ms processing the last input event: MotionEvent(deviceId=0, source=0x00001002, action=0, flags=0x00000000, metaState=0x00000000, buttonState=0x00000000, edgeFlags=0x00000000, xPrecision=1.0, yPrecision=1.0, displayId=0, pointers=[0: (361.0, 731.0)]), policyFlags=0x6b000000
E/Cataloger( 6490): syncFile:/storage/emulated/0/2016-12-13_05:24:45.024.jpg
W/ResourceType(12204): No known package when getting name for resource number 0xffffffff
I/org.umd.logging(12204): Method > 1 flipboard.eap.gui.FlipmagArticleView.onTouchEvent(flipboard.eap.gui.FlipmagArticleView@871570053<file=2016-12-13_05:24:45.024><x=0><y=194><width=768><height=990><id=-1>, android.view.MotionEvent@35836210)
E/Cataloger( 6490): syncFile:/storage/emulated/0/2016-12-13_05:24:45.024.jpg
E/Cataloger( 6490): syncFile:/storage/emulated/0/2016-12-13_05:24:45.231.jpg
I/org.umd.logging(12204): Method > 1 fr.castorflex.android.verticalviewpager.VerticalViewPager.onTouchEvent(fr.castorflex.android.verticalviewpager.VerticalViewPager@368255565<file=2016-12-13_05:24:45.231><x=0><y=194><width=768><height=990><id=2131231070><imagename=verticalviewpager>, android.view.MotionEvent@35836210)
E/Cataloger( 6490): syncFile:/storage/emulated/0/2016-12-13_05:24:45.231.jpg
I/org.umd.logging(12204): Method < 1 fr.castorflex.android.verticalviewpager.VerticalViewPager.onTouchEvent(false)
E/Cataloger( 6490): syncFile:/storage/emulated/0/2016-12-13_05:24:45.409.jpg
W/ResourceType(12204): No known package when getting name for resource number 0xffffffff
I/org.umd.logging(12204): Method > 1 flipboard.eap.gui.FlipmagWebView.onTouchEvent(flipboard.eap.gui.FlipmagWebView@610620059<file=2016-12-13_05:24:45.409><x=0><y=194><width=768><height=990><id=-1>, android.view.MotionEvent@35836210)
E/Cataloger( 6490): syncFile:/storage/emulated/0/2016-12-13_05:24:45.409.jpg
I/org.umd.logging(12204): Method < 1 flipboard.eap.gui.FlipmagWebView.onTouchEvent(true)
I/org.umd.logging(12204): Method < 1 flipboard.eap.gui.FlipmagArticleView.onTouchEvent(true)
I/InputDispatcher(  594): Window 'Window{27a8ca1d u0 com.cnn.mobile.android.phone/com.cnn.mobile.android.phone.ui.ArticleFragmentActivity}' spent 11349.8ms processing the last input event: MotionEvent(deviceId=0, source=0x00001002, action=1, flags=0x00000000, metaState=0x00000000, buttonState=0x00000000, edgeFlags=0x00000000, xPrecision=1.0, yPrecision=1.0, displayId=0, pointers=[0: (362.0, 720.7)]), policyFlags=0x6b000000
E/Cataloger( 6490): syncFile:/storage/emulated/0/2016-12-13_05:24:45.576.jpg
W/ResourceType(12204): No known package when getting name for resource number 0xffffffff
I/org.umd.logging(12204): Method > 1 flipboard.eap.gui.FlipmagArticleView.onInterceptTouchEvent(flipboard.eap.gui.FlipmagArticleView@871570053<file=2016-12-13_05:24:45.576><x=0><y=194><width=768><height=990><id=-1>, android.view.MotionEvent@35836210)
I/org.umd.logging(12204): Method < 1 flipboard.eap.gui.FlipmagArticleView.onInterceptTouchEvent(true)
E/Cataloger( 6490): syncFile:/storage/emulated/0/2016-12-13_05:24:45.576.jpg
E/Cataloger( 6490): syncFile:/storage/emulated/0/2016-12-13_05:24:45.764.jpg
W/ResourceType(12204): No known package when getting name for resource number 0xffffffff
I/org.umd.logging(12204): Method > 1 flipboard.eap.gui.FlipmagArticleView.onTouchEvent(flipboard.eap.gui.FlipmagArticleView@871570053<file=2016-12-13_05:24:45.764><x=0><y=194><width=768><height=990><id=-1>, android.view.MotionEvent@35836210)
E/Cataloger( 6490): syncFile:/storage/emulated/0/2016-12-13_05:24:45.764.jpg
E/Cataloger( 6490): syncFile:/storage/emulated/0/2016-12-13_05:24:45.930.jpg
I/org.umd.logging(12204): Method > 1 fr.castorflex.android.verticalviewpager.VerticalViewPager.onTouchEvent(fr.castorflex.android.verticalviewpager.VerticalViewPager@368255565<file=2016-12-13_05:24:45.930><x=0><y=194><width=768><height=990><id=2131231070><imagename=verticalviewpager>, android.view.MotionEvent@35836210)
I/org.umd.logging(12204): Method < 1 fr.castorflex.android.verticalviewpager.VerticalViewPager.onTouchEvent(false)
E/Cataloger( 6490): syncFile:/storage/emulated/0/2016-12-13_05:24:45.930.jpg
E/Cataloger( 6490): syncFile:/storage/emulated/0/2016-12-13_05:24:46.119.jpg
W/ResourceType(12204): No known package when getting name for resource number 0xffffffff
I/org.umd.logging(12204): Method > 1 flipboard.eap.gui.FlipmagWebView.onTouchEvent(flipboard.eap.gui.FlipmagWebView@610620059<file=2016-12-13_05:24:46.119><x=0><y=194><width=768><height=990><id=-1>, android.view.MotionEvent@35836210)
I/org.umd.logging(12204): Method < 1 flipboard.eap.gui.FlipmagWebView.onTouchEvent(true)
E/Cataloger( 6490): syncFile:/storage/emulated/0/2016-12-13_05:24:46.119.jpg
I/org.umd.logging(12204): Method < 1 flipboard.eap.gui.FlipmagArticleView.onTouchEvent(true)
I/InputDispatcher(  594): Window 'Window{27a8ca1d u0 com.cnn.mobile.android.phone/com.cnn.mobile.android.phone.ui.ArticleFragmentActivity}' spent 12080.6ms processing the last input event: MotionEvent(deviceId=0, source=0x00001002, action=0, flags=0x00000000, metaState=0x00000000, buttonState=0x00000000, edgeFlags=0x00000000, xPrecision=1.0, yPrecision=1.0, displayId=0, pointers=[0: (138.0, 733.0)]), policyFlags=0x6b000000
E/Cataloger( 6490): syncFile:/storage/emulated/0/2016-12-13_05:24:46.309.jpg
W/ResourceType(12204): No known package when getting name for resource number 0xffffffff
I/org.umd.logging(12204): Method > 1 flipboard.eap.gui.FlipmagArticleView.onTouchEvent(flipboard.eap.gui.FlipmagArticleView@871570053<file=2016-12-13_05:24:46.309><x=0><y=194><width=768><height=990><id=-1>, android.view.MotionEvent@35836210)
E/Cataloger( 6490): syncFile:/storage/emulated/0/2016-12-13_05:24:46.309.jpg
E/Cataloger( 6490): syncFile:/storage/emulated/0/2016-12-13_05:24:46.480.jpg
I/org.umd.logging(12204): Method > 1 fr.castorflex.android.verticalviewpager.VerticalViewPager.onTouchEvent(fr.castorflex.android.verticalviewpager.VerticalViewPager@368255565<file=2016-12-13_05:24:46.480><x=0><y=194><width=768><height=990><id=2131231070><imagename=verticalviewpager>, android.view.MotionEvent@35836210)
I/org.umd.logging(12204): Method < 1 fr.castorflex.android.verticalviewpager.VerticalViewPager.onTouchEvent(false)
E/Cataloger( 6490): syncFile:/storage/emulated/0/2016-12-13_05:24:46.480.jpg
E/Cataloger( 6490): syncFile:/storage/emulated/0/2016-12-13_05:24:46.658.jpg
W/ResourceType(12204): No known package when getting name for resource number 0xffffffff
I/org.umd.logging(12204): Method > 1 flipboard.eap.gui.FlipmagWebView.onTouchEvent(flipboard.eap.gui.FlipmagWebView@610620059<file=2016-12-13_05:24:46.658><x=0><y=194><width=768><height=990><id=-1>, android.view.MotionEvent@35836210)
E/Cataloger( 6490): syncFile:/storage/emulated/0/2016-12-13_05:24:46.658.jpg
I/org.umd.logging(12204): Method < 1 flipboard.eap.gui.FlipmagWebView.onTouchEvent(true)
I/org.umd.logging(12204): Method < 1 flipboard.eap.gui.FlipmagArticleView.onTouchEvent(true)
I/InputDispatcher(  594): Window 'Window{27a8ca1d u0 com.cnn.mobile.android.phone/com.cnn.mobile.android.phone.ui.ArticleFragmentActivity}' spent 12604.4ms processing the last input event: MotionEvent(deviceId=0, source=0x00001002, action=1, flags=0x00000000, metaState=0x00000000, buttonState=0x00000000, edgeFlags=0x00000000, xPrecision=1.0, yPrecision=1.0, displayId=0, pointers=[0: (127.4, 735.2)]), policyFlags=0x6b000000
E/Cataloger( 6490): syncFile:/storage/emulated/0/2016-12-13_05:24:46.839.jpg
I/ActivityManager(  594): Waited long enough for: ServiceRecord{1e056e01 u0 com.android.vending/com.google.android.finsky.services.LocationUpdaterService}
W/ResourceType(12204): No known package when getting name for resource number 0xffffffff
I/org.umd.logging(12204): Method > 1 flipboard.eap.gui.FlipmagArticleView.onInterceptTouchEvent(flipboard.eap.gui.FlipmagArticleView@871570053<file=2016-12-13_05:24:46.839><x=0><y=194><width=768><height=990><id=-1>, android.view.MotionEvent@35836210)
E/Cataloger( 6490): syncFile:/storage/emulated/0/2016-12-13_05:24:46.839.jpg
I/org.umd.logging(12204): Method < 1 flipboard.eap.gui.FlipmagArticleView.onInterceptTouchEvent(true)
E/Cataloger( 6490): syncFile:/storage/emulated/0/2016-12-13_05:24:47.007.jpg
W/ResourceType(12204): No known package when getting name for resource number 0xffffffff
I/org.umd.logging(12204): Method > 1 flipboard.eap.gui.FlipmagArticleView.onTouchEvent(flipboard.eap.gui.FlipmagArticleView@871570053<file=2016-12-13_05:24:47.007><x=0><y=194><width=768><height=990><id=-1>, android.view.MotionEvent@35836210)
E/Cataloger( 6490): syncFile:/storage/emulated/0/2016-12-13_05:24:47.007.jpg
E/Cataloger( 6490): syncFile:/storage/emulated/0/2016-12-13_05:24:47.193.jpg
I/org.umd.logging(12204): Method > 1 fr.castorflex.android.verticalviewpager.VerticalViewPager.onTouchEvent(fr.castorflex.android.verticalviewpager.VerticalViewPager@368255565<file=2016-12-13_05:24:47.193><x=0><y=194><width=768><height=990><id=2131231070><imagename=verticalviewpager>, android.view.MotionEvent@35836210)
I/org.umd.logging(12204): Method < 1 fr.castorflex.android.verticalviewpager.VerticalViewPager.onTouchEvent(false)
E/Cataloger( 6490): syncFile:/storage/emulated/0/2016-12-13_05:24:47.193.jpg
E/Cataloger( 6490): syncFile:/storage/emulated/0/2016-12-13_05:24:47.372.jpg
W/ResourceType(12204): No known package when getting name for resource number 0xffffffff
I/org.umd.logging(12204): Method > 1 flipboard.eap.gui.FlipmagWebView.onTouchEvent(flipboard.eap.gui.FlipmagWebView@610620059<file=2016-12-13_05:24:47.372><x=0><y=194><width=768><height=990><id=-1>, android.view.MotionEvent@35836210)
E/Cataloger( 6490): syncFile:/storage/emulated/0/2016-12-13_05:24:47.372.jpg
I/org.umd.logging(12204): Method < 1 flipboard.eap.gui.FlipmagWebView.onTouchEvent(true)
I/org.umd.logging(12204): Method < 1 flipboard.eap.gui.FlipmagArticleView.onTouchEvent(true)
I/InputDispatcher(  594): Window 'Window{27a8ca1d u0 com.cnn.mobile.android.phone/com.cnn.mobile.android.phone.ui.ArticleFragmentActivity}' spent 13341.5ms processing the last input event: MotionEvent(deviceId=0, source=0x00001002, action=0, flags=0x00000000, metaState=0x00000000, buttonState=0x00000000, edgeFlags=0x00000000, xPrecision=1.0, yPrecision=1.0, displayId=0, pointers=[0: (328.0, 1012.0)]), policyFlags=0x6b000000
E/Cataloger( 6490): syncFile:/storage/emulated/0/2016-12-13_05:24:47.578.jpg
W/ResourceType(12204): No known package when getting name for resource number 0xffffffff
I/org.umd.logging(12204): Method > 1 flipboard.eap.gui.FlipmagArticleView.onTouchEvent(flipboard.eap.gui.FlipmagArticleView@871570053<file=2016-12-13_05:24:47.578><x=0><y=194><width=768><height=990><id=-1>, android.view.MotionEvent@35836210)
E/Cataloger( 6490): syncFile:/storage/emulated/0/2016-12-13_05:24:47.578.jpg
E/Cataloger( 6490): syncFile:/storage/emulated/0/2016-12-13_05:24:47.799.jpg
I/org.umd.logging(12204): Method > 1 fr.castorflex.android.verticalviewpager.VerticalViewPager.onTouchEvent(fr.castorflex.android.verticalviewpager.VerticalViewPager@368255565<file=2016-12-13_05:24:47.799><x=0><y=194><width=768><height=990><id=2131231070><imagename=verticalviewpager>, android.view.MotionEvent@35836210)
I/org.umd.logging(12204): Method < 1 fr.castorflex.android.verticalviewpager.VerticalViewPager.onTouchEvent(false)
E/Cataloger( 6490): syncFile:/storage/emulated/0/2016-12-13_05:24:47.799.jpg
E/Cataloger( 6490): syncFile:/storage/emulated/0/2016-12-13_05:24:48.067.jpg
W/ResourceType(12204): No known package when getting name for resource number 0xffffffff
I/org.umd.logging(12204): Method > 1 flipboard.eap.gui.FlipmagWebView.onTouchEvent(flipboard.eap.gui.FlipmagWebView@610620059<file=2016-12-13_05:24:48.067><x=0><y=194><width=768><height=990><id=-1>, android.view.MotionEvent@35836210)
E/Cataloger( 6490): syncFile:/storage/emulated/0/2016-12-13_05:24:48.067.jpg
I/org.umd.logging(12204): Method < 1 flipboard.eap.gui.FlipmagWebView.onTouchEvent(true)
I/org.umd.logging(12204): Method < 1 flipboard.eap.gui.FlipmagArticleView.onTouchEvent(true)
I/InputDispatcher(  594): Window 'Window{27a8ca1d u0 com.cnn.mobile.android.phone/com.cnn.mobile.android.phone.ui.ArticleFragmentActivity}' spent 14005.5ms processing the last input event: MotionEvent(deviceId=0, source=0x00001002, action=1, flags=0x00000000, metaState=0x00000000, buttonState=0x00000000, edgeFlags=0x00000000, xPrecision=1.0, yPrecision=1.0, displayId=0, pointers=[0: (330.4, 1021.5)]), policyFlags=0x6b000000
E/Cataloger( 6490): syncFile:/storage/emulated/0/2016-12-13_05:24:48.244.jpg
W/ResourceType(12204): No known package when getting name for resource number 0xffffffff
I/org.umd.logging(12204): Method > 1 flipboard.eap.gui.FlipmagArticleView.onInterceptTouchEvent(flipboard.eap.gui.FlipmagArticleView@871570053<file=2016-12-13_05:24:48.244><x=0><y=194><width=768><height=990><id=-1>, android.view.MotionEvent@35836210)
E/Cataloger( 6490): syncFile:/storage/emulated/0/2016-12-13_05:24:48.244.jpg
I/org.umd.logging(12204): Method < 1 flipboard.eap.gui.FlipmagArticleView.onInterceptTouchEvent(true)
E/Cataloger( 6490): syncFile:/storage/emulated/0/2016-12-13_05:24:48.434.jpg
W/ResourceType(12204): No known package when getting name for resource number 0xffffffff
I/org.umd.logging(12204): Method > 1 flipboard.eap.gui.FlipmagArticleView.onTouchEvent(flipboard.eap.gui.FlipmagArticleView@871570053<file=2016-12-13_05:24:48.434><x=0><y=194><width=768><height=990><id=-1>, android.view.MotionEvent@35836210)
E/Cataloger( 6490): syncFile:/storage/emulated/0/2016-12-13_05:24:48.434.jpg
E/Cataloger( 6490): syncFile:/storage/emulated/0/2016-12-13_05:24:48.607.jpg
I/org.umd.logging(12204): Method > 1 fr.castorflex.android.verticalviewpager.VerticalViewPager.onTouchEvent(fr.castorflex.android.verticalviewpager.VerticalViewPager@368255565<file=2016-12-13_05:24:48.607><x=0><y=194><width=768><height=990><id=2131231070><imagename=verticalviewpager>, android.view.MotionEvent@35836210)
E/Cataloger( 6490): syncFile:/storage/emulated/0/2016-12-13_05:24:48.607.jpg
I/org.umd.logging(12204): Method < 1 fr.castorflex.android.verticalviewpager.VerticalViewPager.onTouchEvent(false)
I/org.umd.logging( 4986): Method > 1 com.cleanmaster.base.crash.util.debug.b.run(com.cleanmaster.base.crash.util.debug.b@453239735)
I/org.umd.logging( 4986): Method < 1 com.cleanmaster.base.crash.util.debug.b.run()
