I/org.umd.logging(14036): Method > 1326 com.heyzap.sdk.mediation.adapter.UnityadsAdapter$1$1.run(com.heyzap.sdk.mediation.adapter.UnityadsAdapter$1$1@544074221)
I/org.umd.logging(14036): Method > 1326 com.heyzap.mediation.adapter.FetchStateManager.start(com.heyzap.mediation.adapter.FetchStateManager@643891234, com.heyzap.internal.Constants$AdUnit@564370099)
I/org.umd.logging(14036): Method < 1326 com.heyzap.mediation.adapter.FetchStateManager.start()
E/Cataloger( 5092): :/storage/emulated/0/Android/data/com.fortafygames.colorswitch
E/Cataloger( 5092): /storage/emulated/0/Android/data/com.fortafygames.colorswitch
I/org.umd.logging(14036): Method > 1326 com.heyzap.internal.RetryManager.start(com.heyzap.internal.RetryManager@87922800)
I/org.umd.logging(14036): Method < 1326 com.heyzap.internal.RetryManager.start()
I/org.umd.logging(14036): Method > 1319 com.heyzap.sdk.mediation.adapter.UnityadsAdapter$1$1$2.run(com.heyzap.sdk.mediation.adapter.UnityadsAdapter$1$1$2@515046510)
I/org.umd.logging(14036): Method < 1319 com.heyzap.sdk.mediation.adapter.UnityadsAdapter$1$1$2.run()
I/org.umd.logging(14036): Method > 1316 com.heyzap.sdk.mediation.adapter.UnityadsAdapter$1$1$2.run(com.heyzap.sdk.mediation.adapter.UnityadsAdapter$1$1$2@515046510)
I/org.umd.logging(14036): Method < 1316 com.heyzap.sdk.mediation.adapter.UnityadsAdapter$1$1$2.run()
I/org.umd.logging(14036): Method < 1326 com.heyzap.sdk.mediation.adapter.UnityadsAdapter$1$1.run()
I/org.umd.logging(14036): Method > 1437 com.unity3d.ads.android.b.run(com.unity3d.ads.android.b@817613724)
I/UnityAds(14036): com.unity3d.ads.android.UnityAds.a() (line:-1) :: Unity Ads not ready to show ads: webapp not initialized
I/org.umd.logging(14036): Method < 1324 com.heyzap.mediation.abstr.AdUnitNetworkAdapter.start(com.heyzap.common.concurrency.SettableFuture@928456502)
I/org.umd.logging(14036): Api < 1324 java.lang.Object.start(com.heyzap.common.concurrency.SettableFuture@928456502)
I/org.umd.logging(14036): Method < 1324 com.heyzap.mediation.ConcurrentLoaderStrategy$2.run()
I/org.umd.logging(14036): Method < 1324 com.heyzap.common.concurrency.WrappedRunnable.run()
E/Cataloger( 5092): syncFile:/storage/emulated/0/Android/data/com.fortafygames.colorswitch/cache
E/Cataloger( 5092): :/storage/emulated/0/Android/data/com.fortafygames.colorswitch/cache
E/Cataloger( 5092): /storage/emulated/0/Android/data/com.fortafygames.colorswitch/cache
I/org.umd.logging(14036): Api > 1437 android.net.ConnectivityManager.getActiveNetworkInfo(android.net.ConnectivityManager@994638928)
I/org.umd.logging(14036): Api < 1437 android.net.ConnectivityManager.getActiveNetworkInfo(android.net.NetworkInfo@437678458)
I/org.umd.logging(14036): Method < 1435 com.applovin.impl.sdk.cp.run()
I/org.umd.logging(14036): Method > 1438 com.applovin.impl.sdk.cu.run(com.applovin.impl.sdk.cu@1019869985)
I/org.umd.logging(14036): Method > 1438 com.applovin.impl.sdk.ci.run(com.applovin.impl.sdk.ci@816312583)
I/org.umd.logging(14036): Api > 1437 android.net.ConnectivityManager.getActiveNetworkInfo(android.net.ConnectivityManager@994638928)
I/org.umd.logging(14036): Api < 1437 android.net.ConnectivityManager.getActiveNetworkInfo(android.net.NetworkInfo@606742621)
I/org.umd.logging(14036): Api > 1437 android.net.ConnectivityManager.getActiveNetworkInfo(android.net.ConnectivityManager@994638928)
I/org.umd.logging(14036): Api < 1437 android.net.ConnectivityManager.getActiveNetworkInfo(android.net.NetworkInfo@321762770)
I/org.umd.logging(14036): Api > 1437 android.net.ConnectivityManager.getActiveNetworkInfo(android.net.ConnectivityManager@994638928)
I/org.umd.logging(14036): Api < 1437 android.net.ConnectivityManager.getActiveNetworkInfo(android.net.NetworkInfo@172529315)
I/org.umd.logging(14036): Api > 1437 android.net.ConnectivityManager.getActiveNetworkInfo(android.net.ConnectivityManager@994638928)
I/org.umd.logging(14036): Api < 1437 android.net.ConnectivityManager.getActiveNetworkInfo(android.net.NetworkInfo@601882016)
I/UnityAds(14036): com.unity3d.ads.android.webapp.UnityAdsWebData.initCampaigns() (line:-1) :: Requesting Unity Ads ad plan from https://impact.applifier.com/mobile/campaigns?platform=android&trackingEnabled=1&advertisingTrackingId=7301a265623e38c1cf6f1c2529f1e785&rawAdvertisingTrackingId=229d4aea-d76e-47c3-ad88-1eafdf3529f0&gameId=1016552&sdkVersion=1405&softwareVersion=22&hardwareVersion=LGE+Nexus+4&deviceType=268435538&connectionType=wifi&screenSize=268435538&screenDensity=320&encrypted=true
I/org.umd.logging(14036): Method > 1437 com.unity3d.ads.android.UnityAdsUtils.runOnUiThread(com.unity3d.ads.android.webapp.k@143482142)
I/org.umd.logging(14036): Method > 1437 com.unity3d.ads.android.UnityAdsUtils.runOnUiThread(com.unity3d.ads.android.webapp.k@143482142, 0, null)
I/org.umd.logging(14036): Method < 1437 com.unity3d.ads.android.UnityAdsUtils.runOnUiThread()
I/org.umd.logging(14036): Method < 1437 com.unity3d.ads.android.UnityAdsUtils.runOnUiThread()
I/org.umd.logging(14036): Method > 1 com.unity3d.ads.android.webapp.k.run(com.unity3d.ads.android.webapp.k@143482142)
I/org.umd.logging(14036): Method > 1 com.unity3d.ads.android.webapp.j.onPreExecute(com.unity3d.ads.android.webapp.j@148329420<atask=true>)
I/org.umd.logging(14036): Method < 1 com.unity3d.ads.android.webapp.j.onPreExecute()
I/org.umd.logging(14036): Method < 1437 com.unity3d.ads.android.b.run()
I/org.umd.logging(14036): Method < 1 com.unity3d.ads.android.webapp.k.run()
I/org.umd.logging(14036): Api > 1439 java.net.URL.openConnection(java.net.URL@464399658<URL=https://impact.applifier.com/mobile/campaigns?platform=android&trackingEnabled=1&advertisingTrackingId=7301a265623e38c1cf6f1c2529f1e785&rawAdvertisingTrackingId=229d4aea-d76e-47c3-ad88-1eafdf3529f0&gameId=1016552&sdkVersion=1405&softwareVersion=22&hardwareVersion=LGE+Nexus+4&deviceType=268435538&connectionType=wifi&screenSize=268435538&screenDensity=320&encrypted=true>)
I/org.umd.logging(14036): Api < 1439 java.net.URL.openConnection(com.android.okhttp.internal.http.HttpsURLConnectionImpl@862467867)
I/org.umd.logging(14036): Method < 1438 com.applovin.impl.sdk.ci.run()
I/org.umd.logging(14036): Method > 1440 com.applovin.impl.sdk.cu.run(com.applovin.impl.sdk.cu@407448055)
I/org.umd.logging(14036): Method > 1440 com.applovin.impl.sdk.ck.run(com.applovin.impl.sdk.ck@157999821)
I/org.umd.logging(14036): Method > 1440 com.applovin.impl.sdk.cx.run(com.applovin.impl.sdk.cl@484208275)
I/org.umd.logging(14036): Api > 1440 java.net.URL.openConnection(java.net.URL@205393616<URL=http://rt.applovin.com/pix?event=landing&ts=1481057492960&platform=Android&model=Nexus%204&package_name=com.fortafygames.colorswitch&sdk_key=-xhIN5ZAFG8S6b7FNKO4CpV6R15lVFhUANnXTLhibr9iQGypaLto8NuaO-JvD_NNM9wqVcW5RgpsxlfW5WJEvC&idfa=229d4aea-d76e-47c3-ad88-1eafdf3529f0&dnt=false&ia=1481057451000&api_did=&brand=LGE&model=Nexus%204&revision=mako&sdk_version=6.1.4&os=5.1.1&postback_ts=1481057492982>)
I/org.umd.logging(14036): Api < 1440 java.net.URL.openConnection(com.android.okhttp.internal.http.HttpURLConnectionImpl@600825545)
I/org.umd.logging(14036): Method < 1438 com.applovin.impl.sdk.cu.run()
I/org.umd.logging(14036): Api > 1440 android.net.ConnectivityManager.getActiveNetworkInfo(android.net.ConnectivityManager@1050392154)
I/org.umd.logging(14036): Api < 1440 android.net.ConnectivityManager.getActiveNetworkInfo(android.net.NetworkInfo@769214926)
I/org.umd.logging(14036): Method < 1440 com.applovin.impl.sdk.cx.run()
I/org.umd.logging(14036): Method < 1440 com.applovin.impl.sdk.ck.run()
I/org.umd.logging(14036): Method < 1440 com.applovin.impl.sdk.cu.run()
I/SignInActivity(12023): Transition from 6 to 6
I/org.umd.logging(14036): Method > 1317 com.heyzap.common.concurrency.FutureUtils$3.run(com.heyzap.common.concurrency.FutureUtils$3@742667482)
I/org.umd.logging(14036): Method < 1317 com.heyzap.common.concurrency.FutureUtils$3.run()
W/GamesServiceBroker( 1608): Client connected with SDK 8487000, Services 10084236, and Games 39080036
I/org.umd.logging(14036): Api > 1325 android.os.HandlerThread.start(android.os.HandlerThread@465640715<thread=1442>)
I/org.umd.logging(14036): Api < 1325 android.os.HandlerThread.start()
I/org.umd.logging(14036): Method > 1444 com.vungle.publisher.async.ScheduledPriorityExecutor$a$a.run(com.vungle.publisher.async.ScheduledPriorityExecutor$a$a@68272766)
I/org.umd.logging(14036): Method > 1444 com.vungle.publisher.db.DatabaseHelper$1.run(com.vungle.publisher.db.DatabaseHelper$1@1038133292)
I/org.umd.logging(14036): Method > 1445 com.vungle.publisher.async.ScheduledPriorityExecutor$a$a.run(com.vungle.publisher.async.ScheduledPriorityExecutor$a$a@166540021)
I/org.umd.logging(14036): Method > 1445 com.vungle.publisher.env.AdvertisingDeviceIdStrategy$1.run(com.vungle.publisher.env.AdvertisingDeviceIdStrategy$1@1071079163)
I/org.umd.logging(14036): Method > 1325 com.heyzap.internal.RetryManager.start(com.heyzap.internal.RetryManager@947156060)
I/org.umd.logging(14036): Method < 1325 com.heyzap.internal.RetryManager.start()
I/org.umd.logging(14036): Method > 1321 com.heyzap.sdk.mediation.adapter.VungleAdapter$2.run(com.heyzap.sdk.mediation.adapter.VungleAdapter$2@601303098)
I/org.umd.logging(14036): Method > 1321 com.heyzap.mediation.adapter.FetchStateManager.start(com.heyzap.mediation.adapter.FetchStateManager@666500331, com.heyzap.internal.Constants$AdUnit@564370099)
I/org.umd.logging(14036): Method < 1321 com.heyzap.mediation.adapter.FetchStateManager.start()
I/org.umd.logging(14036): Method < 1325 com.heyzap.mediation.abstr.AdUnitNetworkAdapter.start(com.heyzap.common.concurrency.SettableFuture@503478856)
I/org.umd.logging(14036): Method > 1321 com.heyzap.internal.RetryManager.start(com.heyzap.internal.RetryManager@603992289)
I/org.umd.logging(14036): Method < 1321 com.heyzap.internal.RetryManager.start()
I/org.umd.logging(14036): Method < 1321 com.heyzap.sdk.mediation.adapter.VungleAdapter$2.run()
I/SignInActivity(12023): Transition from 6 to 7
I/org.umd.logging(14036): Api < 1325 java.lang.Object.start(com.heyzap.common.concurrency.SettableFuture@503478856)
I/org.umd.logging(14036): Method < 1325 com.heyzap.mediation.ConcurrentLoaderStrategy$2.run()
I/org.umd.logging(14036): Method < 1325 com.heyzap.common.concurrency.WrappedRunnable.run()
I/org.umd.logging(14036): Method < 1445 com.vungle.publisher.env.AdvertisingDeviceIdStrategy$1.run()
I/org.umd.logging(14036): Method < 1445 com.vungle.publisher.async.ScheduledPriorityExecutor$a$a.run()
I/SignInActivity(12023): Transition from 7 to 8
W/GamesServiceBroker( 1608): Client connected with SDK 8487000, Services 10084236, and Games 39080036
W/GamesServiceBroker( 1608): Client connected with SDK 8487000, Services 10084236, and Games 39080036
I/org.umd.logging(14036): Method > 1444 com.vungle.publisher.db.DatabaseHelper.onCreate(com.vungle.publisher.db.DatabaseHelper@471616096, android.database.sqlite.SQLiteDatabase@636353053)
I/org.umd.logging(14036): Method < 1444 com.vungle.publisher.db.DatabaseHelper.onCreate()
I/org.umd.logging(14036): Method < 1444 com.vungle.publisher.db.DatabaseHelper$1.run()
I/org.umd.logging(14036): Method < 1444 com.vungle.publisher.async.ScheduledPriorityExecutor$a$a.run()
I/org.umd.logging(14036): Method > 1435 com.applovin.impl.sdk.cu.run(com.applovin.impl.sdk.cu@1022696217)
I/org.umd.logging(14036): Method > 1435 com.applovin.impl.sdk.cm.run(com.applovin.impl.sdk.cm@511917503)
I/org.umd.logging(14036): Method > 1435 com.applovin.impl.sdk.cx.run(com.applovin.impl.sdk.cn@464736213)
I/org.umd.logging(14036): Api > 1435 android.net.ConnectivityManager.getActiveNetworkInfo(android.net.ConnectivityManager@1050392154)
I/org.umd.logging(14036): Api < 1435 android.net.ConnectivityManager.getActiveNetworkInfo(android.net.NetworkInfo@23729130)
I/org.umd.logging(14036): Api > 1435 java.net.URL.openConnection(java.net.URL@644679032<URL=http://a.applovin.com/2.0/ad?accept=custom_size,launch_app,video&api_did=&size=INTER&carrier=&preloading=true&idfa=229d4aea-d76e-47c3-ad88-1eafdf3529f0&dy=1184&format=json&require=REGULAR&sdk_key=-xhIN5ZAFG8S6b7FNKO4CpV6R15lVFhUANnXTLhibr9iQGypaLto8NuaO-JvD_NNM9wqVcW5RgpsxlfW5WJEvC&v1=true&si=0&dnt=false&dx=768&locale=en_US&revision=mako&ia=1481057451000&li=0&os=5.1.1&network=wifi&platform=android&brand=LGE&sdk_version=6.1.4&v2=true&vz=0652dbc39a23edfd&model=Nexus+4>)
I/org.umd.logging(14036): Api < 1435 java.net.URL.openConnection(com.android.okhttp.internal.http.HttpURLConnectionImpl@115741777)
E/Volley  ( 1608): [211] BasicNetwork.performRequest: Unexpected response code 403 for https://www.googleapis.com/games/v1/players/me?language=en_US
E/SignInIntentService( 1608): Access Not Configured. Google Play Game Services API has not been used in project 608941808256 before or it is disabled. Enable it by visiting https://console.developers.google.com/apis/api/games/overview?project=608941808256 then retry. If you enabled this API recently, wait a few minutes for the action to propagate to our systems and retry.
E/SignInIntentService( 1608): com.google.android.gms.games.server.error.GamesException
E/SignInIntentService( 1608): 	at com.google.android.gms.games.server.GamesServer.getResponseBlocking(GamesServer.java:174)
E/SignInIntentService( 1608): 	at com.google.android.gms.games.server.api.PlayersApi.getBlocking(PlayersApi.java:86)
E/SignInIntentService( 1608): 	at com.google.android.gms.games.broker.PlayerAgent.getPlayerFromNetwork(PlayerAgent.java:1693)
E/SignInIntentService( 1608): 	at com.google.android.gms.games.broker.PlayerAgent.fetchPlayer(PlayerAgent.java:644)
E/SignInIntentService( 1608): 	at com.google.android.gms.games.broker.DataBroker.loadSelf(DataBroker.java:1185)
E/SignInIntentService( 1608): 	at com.google.android.gms.games.service.PlayGamesSignInIntentService$LoadSelfOperation.executeInternal(PlayGamesSignInIntentService.java:294)
E/SignInIntentService( 1608): 	at com.google.android.gms.games.service.PlayGamesSignInIntentService$BaseOperation.execute(PlayGamesSignInIntentService.java:56)
E/SignInIntentService( 1608): 	at com.google.android.gms.games.service.PlayGamesSignInIntentService$OperationAdapter.execute(PlayGamesSignInIntentService.java:520)
E/SignInIntentService( 1608): 	at com.google.android.gms.chimera.BaseAsyncOperationService$OperationTask.run(BaseAsyncOperationService.java:177)
E/SignInIntentService( 1608): 	at java.util.concurrent.ThreadPoolExecutor.runWorker(ThreadPoolExecutor.java:1112)
E/SignInIntentService( 1608): 	at java.util.concurrent.ThreadPoolExecutor$Worker.run(ThreadPoolExecutor.java:587)
E/SignInIntentService( 1608): 	at com.google.android.gms.common.util.concurrent.PriorityRunnable.run(PriorityRunnable.java:17)
E/SignInIntentService( 1608): 	at java.lang.Thread.run(Thread.java:818)
E/LoadSelfFragment(12023): Unable to sign in - application does not have a registered client ID
I/SignInActivity(12023): Transition from 8 to 11
W/SignInActivity(12023): onSignInFailed()...
W/SignInActivity(12023): Sign in failed during 8
W/SignInActivity(12023): ==> Returning non-OK result: 10004
W/GamesServiceBroker( 1608): Client connected with SDK 8487000, Services 10084236, and Games 39080036
I/org.umd.logging(14036): Method > 1321 com.heyzap.common.concurrency.FutureUtils$3.run(com.heyzap.common.concurrency.FutureUtils$3@298681526)
I/org.umd.logging(14036): Method < 1321 com.heyzap.common.concurrency.FutureUtils$3.run()
D/MigalActivity(14036): onActivityResult(9001,10004,null
W/GameHelper(14036): disconnect() called when client was already disconnected.
W/GameHelper(14036): ****
W/GameHelper(14036): ****
W/GameHelper(14036): **** APP NOT CORRECTLY CONFIGURED TO USE GOOGLE PLAY GAME SERVICES
W/GameHelper(14036): **** This is usually caused by one of these reasons:
W/GameHelper(14036): **** (1) Your package name and certificate fingerprint do not match
W/GameHelper(14036): ****     the client ID you registered in Developer Console.
W/GameHelper(14036): **** (2) Your App ID was incorrectly entered.
W/GameHelper(14036): **** (3) Your game settings have not been published and you are 
W/GameHelper(14036): ****     trying to log in with an account that is not listed as
W/GameHelper(14036): ****     a test account.
W/GameHelper(14036): ****
W/GameHelper(14036): **** To help you debug, here is the information about this app
W/GameHelper(14036): **** Package name         : com.fortafygames.colorswitch
W/GameHelper(14036): **** Cert SHA1 fingerprint: 27:19:6E:38:6B:87:5E:76:AD:F7:00:E7:EA:84:E4:C6:EE:E3:3D:FA
W/GameHelper(14036): **** App ID from          : 650690447229
W/GameHelper(14036): ****
W/GameHelper(14036): **** Check that the above information matches your setup in 
W/GameHelper(14036): **** Developer Console. Also, check that you're logging in with the
W/GameHelper(14036): **** right account (it should be listed in the Testers section if
W/GameHelper(14036): **** your project is not yet published).
W/GameHelper(14036): ****
W/GameHelper(14036): **** For more information, refer to the troubleshooting guide:
W/GameHelper(14036): ****   http://developers.google.com/games/services/android/troubleshooting
I/org.umd.logging(14036): Method > 1316 com.heyzap.common.concurrency.FutureUtils$3.run(com.heyzap.common.concurrency.FutureUtils$3@229975479)
I/org.umd.logging(14036): Method < 1316 com.heyzap.common.concurrency.FutureUtils$3.run()
I/org.umd.logging(14036): Method > 1316 com.heyzap.common.concurrency.FutureUtils$3.run(com.heyzap.common.concurrency.FutureUtils$3@707330340)
I/org.umd.logging(14036): Method < 1316 com.heyzap.common.concurrency.FutureUtils$3.run()
I/org.umd.logging(14036): Method > 1326 com.heyzap.common.concurrency.FutureUtils$3.run(com.heyzap.common.concurrency.FutureUtils$3@933667981)
I/org.umd.logging(14036): Method < 1326 com.heyzap.common.concurrency.FutureUtils$3.run()
I/ActivityManager(  591): Killing 13114:com.android.keychain/1000 (adj 15): empty #17
V/WindowManager(  591): not Base app: Adding window Window{3675d3b4 u0 com.fortafygames.colorswitch/com.migal.android.MigalActivity} at 5 of 15
E/MigalActivity(14036): Sign in failed
I/org.umd.logging(14036): Method > 1 com.migal.android.MigalActivity.onResume(com.migal.android.MigalActivity@569115337<activity=true>)
D/MigalActivity(14036): onResume
I/MIGAL   (14036): native_gl_resize 640 1066
I/MIGAL   (14036): Redo init...
I/MIGAL   (14036): w: 640, h: 1066
I/MIGAL   (14036): 640 640
I/MIGAL   (14036): 1066 1066
I/org.umd.logging(14036): Method > 1307 com.migal.android.MigalActivity$8$1$1.run(com.migal.android.MigalActivity$8$1$1@625808559)
I/MIGAL   (14036): Copy 1481057485 to buffer (size 4095)
I/MIGAL   (14036): onHttpInit(error: 0)
I/org.umd.logging(14036): Method < 1307 com.migal.android.MigalActivity$8$1$1.run()
I/org.umd.logging(14036): Method > 1 com.migal.android.MigalAudioManager.onResume(com.migal.android.MigalAudioManager@866283485)
I/org.umd.logging(14036): Method < 1 com.migal.android.MigalAudioManager.onResume()
I/org.umd.logging(14036): Method < 1 com.migal.android.MigalActivity.onResume()
I/MIGAL   (14036): Play file christmas.mp3
I/MigalAudioManager(14036): Resolve path for christmas.mp3
I/org.umd.logging(14036): Api > 1307 android.media.MediaPlayer.create(com.migal.android.MigalActivity@569115337<activity=true>, android.net.Uri$StringUri@992431002<URI=android.resource://com.fortafygames.colorswitch/raw/christmas>)
E/MediaPlayer(14036): Should have subtitle controller already set
I/org.umd.logging(14036): Api < 1307 android.media.MediaPlayer.create(android.media.MediaPlayer@1065595841)
I/org.umd.logging(14036): Api > 1307 android.media.MediaPlayer.start(android.media.MediaPlayer@1065595841)
D/NuPlayerDriver(  188): start(0xb7b79ea8)
I/GenericSource(  188): start
I/org.umd.logging(14036): Api < 1307 android.media.MediaPlayer.start()
I/org.umd.logging(14036): Api > 1435 android.net.ConnectivityManager.getActiveNetworkInfo(android.net.ConnectivityManager@1050392154)
I/org.umd.logging(14036): Api < 1435 android.net.ConnectivityManager.getActiveNetworkInfo(android.net.NetworkInfo@874415974)
D/audio_hw_primary(  188): select_devices: out_snd_device(2: speaker) in_snd_device(0: none)
D/audio_hw_primary(  188): enable_audio_route: apply and update mixer path: deep-buffer-playback
I/org.umd.logging(14036): Method > 1 com.migal.android.MigalAudioManager.onFocusChanged(com.migal.android.MigalAudioManager@866283485, true)
I/org.umd.logging(14036): Api > 1 android.media.MediaPlayer.pause(android.media.MediaPlayer@1065595841)
I/org.umd.logging(14036): Api < 1 android.media.MediaPlayer.pause()
I/org.umd.logging(14036): Api > 1 android.media.MediaPlayer.stop(android.media.MediaPlayer@1065595841)
D/NuPlayerDriver(  188): stop(0xb7b79ea8)
I/org.umd.logging(14036): Api < 1 android.media.MediaPlayer.stop()
I/org.umd.logging(14036): Api > 1 android.media.MediaPlayer.release(android.media.MediaPlayer@1065595841)
D/NuPlayerDriver(  188): reset(0xb7b79ea8)
D/NuPlayerDriver(  188): notifyResetComplete(0xb7b79ea8)
I/org.umd.logging(14036): Api < 1 android.media.MediaPlayer.release()
I/MigalAudioManager(14036): Resolve path for christmas.mp3
I/org.umd.logging(14036): Api > 1 android.media.MediaPlayer.create(com.migal.android.MigalActivity@569115337<activity=true>, android.net.Uri$StringUri@488958631<URI=android.resource://com.fortafygames.colorswitch/raw/christmas>)
E/MediaPlayer(14036): Should have subtitle controller already set
I/org.umd.logging(14036): Api < 1 android.media.MediaPlayer.create(android.media.MediaPlayer@207682388)
I/org.umd.logging(14036): Api > 1 android.media.MediaPlayer.start(android.media.MediaPlayer@207682388)
D/NuPlayerDriver(  188): start(0xb7c613c8)
I/GenericSource(  188): start
I/org.umd.logging(14036): Api < 1 android.media.MediaPlayer.start()
I/org.umd.logging(14036): Method < 1 com.migal.android.MigalAudioManager.onFocusChanged()
W/MediaPlayer(14036): mediaplayer went away with unhandled events
W/MediaPlayer(14036): mediaplayer went away with unhandled events
W/MediaPlayer(14036): mediaplayer went away with unhandled events
W/MediaPlayer(14036): mediaplayer went away with unhandled events
E/MediaPlayer(14036): Should have subtitle controller already set
I/org.umd.logging(14036): Method < 1435 com.applovin.impl.sdk.cx.run()
I/org.umd.logging(14036): Method < 1435 com.applovin.impl.sdk.cm.run()
I/org.umd.logging(14036): Api > 1435 android.net.ConnectivityManager.getActiveNetworkInfo(android.net.ConnectivityManager@1050392154)
I/org.umd.logging(14036): Api < 1435 android.net.ConnectivityManager.getActiveNetworkInfo(android.net.NetworkInfo@148294397)
I/org.umd.logging(14036): Method < 1435 com.applovin.impl.sdk.cu.run()
I/org.umd.logging(14036): Method > 1435 com.applovin.impl.sdk.cu.run(com.applovin.impl.sdk.cu@838579186)
I/org.umd.logging(14036): Method > 1435 com.applovin.impl.sdk.cm.run(com.applovin.impl.sdk.cm@405506627)
I/org.umd.logging(14036): Method > 1 com.migal.android.MigalAudioManager.onFocusChanged(com.migal.android.MigalAudioManager@866283485, false)
I/org.umd.logging(14036): Api > 1 android.media.MediaPlayer.pause(android.media.MediaPlayer@207682388)
I/org.umd.logging(14036): Method > 1435 com.applovin.impl.sdk.cx.run(com.applovin.impl.sdk.cn@24934592)
I/org.umd.logging(14036): Api < 1 android.media.MediaPlayer.pause()
I/org.umd.logging(14036): Api > 1435 android.net.ConnectivityManager.getActiveNetworkInfo(android.net.ConnectivityManager@1050392154)
I/org.umd.logging(14036): Api > 1 android.media.MediaPlayer.stop(android.media.MediaPlayer@207682388)
D/NuPlayerDriver(  188): stop(0xb7c613c8)
I/org.umd.logging(14036): Api < 1 android.media.MediaPlayer.stop()
I/org.umd.logging(14036): Api > 1 android.media.MediaPlayer.release(android.media.MediaPlayer@207682388)
I/org.umd.logging(14036): Api < 1435 android.net.ConnectivityManager.getActiveNetworkInfo(android.net.NetworkInfo@860494329)
D/NuPlayerDriver(  188): reset(0xb7c613c8)
D/NuPlayerDriver(  188): notifyResetComplete(0xb7c613c8)
I/org.umd.logging(14036): Api < 1 android.media.MediaPlayer.release()
I/org.umd.logging(14036): Method < 1 com.migal.android.MigalAudioManager.onFocusChanged()
W/MediaPlayer(14036): mediaplayer went away with unhandled events
W/MediaPlayer(14036): mediaplayer went away with unhandled events
I/org.umd.logging(14036): Api > 1435 java.net.URL.openConnection(java.net.URL@309495711<URL=http://a.applovin.com/2.0/ad?accept=custom_size,launch_app,video&api_did=&size=INTER&carrier=&preloading=true&idfa=229d4aea-d76e-47c3-ad88-1eafdf3529f0&dy=1184&format=json&require=VIDEOA&etf=655&sdk_key=-xhIN5ZAFG8S6b7FNKO4CpV6R15lVFhUANnXTLhibr9iQGypaLto8NuaO-JvD_NNM9wqVcW5RgpsxlfW5WJEvC&v1=true&si=0&dnt=false&dx=768&locale=en_US&revision=mako&ia=1481057451000&li=0&os=5.1.1&network=wifi&platform=android&brand=LGE&sdk_version=6.1.4&ntf=wifi&v2=true&vz=0652dbc39a23edfd&model=Nexus+4>)
I/org.umd.logging(14036): Api < 1435 java.net.URL.openConnection(com.android.okhttp.internal.http.HttpURLConnectionImpl@68182252)
I/org.umd.logging(14036): Method > 1316 com.heyzap.sdk.mediation.adapter.VungleAdapter$2$1.run(com.heyzap.sdk.mediation.adapter.VungleAdapter$2$1@104451914)
I/org.umd.logging(14036): Method < 1316 com.heyzap.sdk.mediation.adapter.VungleAdapter$2$1.run()
D/ThermalDaemon(  194): Sensor 'tsens_tz_sensor10' - alarm raised 1 at 63.0 degC
I/org.umd.logging(14036): Api > 1435 android.net.ConnectivityManager.getActiveNetworkInfo(android.net.ConnectivityManager@1050392154)
I/org.umd.logging(14036): Api < 1435 android.net.ConnectivityManager.getActiveNetworkInfo(android.net.NetworkInfo@553778875)
I/UnityAds(14036): com.unity3d.ads.android.webapp.UnityAdsWebData.a() (line:-1) :: Unity Ads initialized with 3 campaigns and 2 zones
I/org.umd.logging(14036): Method > 1 com.unity3d.ads.android.cache.b.onPreExecute(com.unity3d.ads.android.cache.b@960499505<atask=true>)
I/org.umd.logging(14036): Method < 1 com.unity3d.ads.android.cache.b.onPreExecute()
E/Cataloger( 5092): syncFile:/storage/emulated/0/Android/data/com.fortafygames.colorswitch/cache/UnityAdsVideoCache/.nomedia
E/Cataloger( 5092): need not sync path:/storage/emulated/0/Android/data/com.fortafygames.colorswitch/cache/UnityAdsVideoCache/.nomedia
E/Cataloger( 5092): syncFile:/storage/emulated/0/Android/data/com.fortafygames.colorswitch/cache/UnityAdsVideoCache/5744346da4bd7f360141d32a-m31-1000.mp4
I/org.umd.logging(14036): Api > 1341 java.net.URL.openConnection(java.net.URL@1057291682<URL=http://cdn-highwinds.unityads.unity3d.com/impact/videos/115378/cdfc24f627ba6cf2/rolling-sky-gameplay/m31-1000.mp4>)
I/org.umd.logging(14036): Api < 1341 java.net.URL.openConnection(com.android.okhttp.internal.http.HttpURLConnectionImpl@666077747)
I/org.umd.logging(14036): Api > 1341 java.net.URLConnection.connect(com.android.okhttp.internal.http.HttpURLConnectionImpl@666077747)
I/org.umd.logging(14036): Method < 1435 com.applovin.impl.sdk.cx.run()
I/org.umd.logging(14036): Method < 1435 com.applovin.impl.sdk.cm.run()
I/org.umd.logging(14036): Api > 1435 android.net.ConnectivityManager.getActiveNetworkInfo(android.net.ConnectivityManager@1050392154)
I/org.umd.logging(14036): Api < 1435 android.net.ConnectivityManager.getActiveNetworkInfo(android.net.NetworkInfo@838832624)
I/org.umd.logging(14036): Api < 1341 java.net.URLConnection.connect()
I/org.umd.logging(14036): Api > 1341 java.net.URLConnection.getInputStream(com.android.okhttp.internal.http.HttpURLConnectionImpl@666077747)
D/audio_hw_primary(  188): out_set_parameters: enter: usecase(1: low-latency-playback) kvpairs: routing=2
I/org.umd.logging(14036): Method < 1435 com.applovin.impl.sdk.cu.run()
I/org.umd.logging(14036): Method > 1435 com.applovin.impl.sdk.cu.run(com.applovin.impl.sdk.cu@937980777)
I/org.umd.logging(14036): Method > 1435 com.applovin.impl.sdk.cm.run(com.applovin.impl.sdk.cm@223957486)
E/Cataloger( 5092): syncFile:/storage/emulated/0/2016-12-06_03:51:34.610.jpg
I/org.umd.logging(14036): Method > 1435 com.applovin.impl.sdk.cx.run(com.applovin.impl.sdk.cn@840078991)
I/org.umd.logging(14036): Api > 1435 android.net.ConnectivityManager.getActiveNetworkInfo(android.net.ConnectivityManager@1050392154)
I/org.umd.logging(14036): Api < 1435 android.net.ConnectivityManager.getActiveNetworkInfo(android.net.NetworkInfo@1029954844)
I/org.umd.logging(14036): Api < 1341 java.net.URLConnection.getInputStream(com.android.okio.RealBufferedSource$1@727691016)
W/ResourceType(14036): No known package when getting name for resource number 0xffffffff
I/org.umd.logging(14036): Api > 1 android.webkit.WebView.<init>(com.unity3d.ads.android.webapp.UnityAdsWebView@341142893<file=2016-12-06_03:51:34.610><x=0><y=0><width=0><height=0><id=-1>, com.migal.android.MigalActivity@569115337)
E/Cataloger( 5092): syncFile:/storage/emulated/0/2016-12-06_03:51:34.610.jpg
E/Cataloger( 5092): syncFile:/storage/emulated/0/2016-12-06_03:51:34.793.jpg
W/ResourceType(14036): No known package when getting name for resource number 0xffffffff
I/org.umd.logging(14036): Api < 1 android.webkit.WebView.<init>(com.unity3d.ads.android.webapp.UnityAdsWebView@341142893<file=2016-12-06_03:51:34.793><x=0><y=0><width=0><height=0><id=-1>)
E/Cataloger( 5092): syncFile:/storage/emulated/0/2016-12-06_03:51:34.793.jpg
I/cr_Ime  (14036): ImeThread is enabled.
I/org.umd.logging(14036): Api > 1435 java.net.URL.openConnection(java.net.URL@7712966<URL=http://a.applovin.com/2.0/ad?accept=custom_size,launch_app,video&api_did=&size=INTER&carrier=&preloading=true&idfa=229d4aea-d76e-47c3-ad88-1eafdf3529f0&dy=1184&format=json&require=VIDEOA&etf=533&sdk_key=-xhIN5ZAFG8S6b7FNKO4CpV6R15lVFhUANnXTLhibr9iQGypaLto8NuaO-JvD_NNM9wqVcW5RgpsxlfW5WJEvC&v1=true&si=0&dnt=false&dx=768&locale=en_US&revision=mako&ia=1481057451000&li=0&os=5.1.1&network=wifi&platform=android&brand=LGE&sdk_version=6.1.4&ntf=wifi&v2=true&vz=0652dbc39a23edfd&model=Nexus+4>)
I/org.umd.logging(14036): Api < 1435 java.net.URL.openConnection(com.android.okhttp.internal.http.HttpURLConnectionImpl@219990151)
I/org.umd.logging(14036): Api > 1435 android.net.ConnectivityManager.getActiveNetworkInfo(android.net.ConnectivityManager@1050392154)
I/org.umd.logging(14036): Api < 1435 android.net.ConnectivityManager.getActiveNetworkInfo(android.net.NetworkInfo@969192372)
I/org.umd.logging(14036): Method < 1435 com.applovin.impl.sdk.cx.run()
I/org.umd.logging(14036): Method < 1435 com.applovin.impl.sdk.cm.run()
I/org.umd.logging(14036): Api > 1435 android.net.ConnectivityManager.getActiveNetworkInfo(android.net.ConnectivityManager@1050392154)
I/org.umd.logging(14036): Api < 1435 android.net.ConnectivityManager.getActiveNetworkInfo(android.net.NetworkInfo@951684061)
I/org.umd.logging(14036): Method > 1 com.migal.android.MigalAudioManager.onFocusChanged(com.migal.android.MigalAudioManager@866283485, true)
I/MigalAudioManager(14036): Resolve path for christmas.mp3
I/org.umd.logging(14036): Api > 1 android.media.MediaPlayer.create(com.migal.android.MigalActivity@569115337<activity=true>, android.net.Uri$StringUri@838034979<URI=android.resource://com.fortafygames.colorswitch/raw/christmas>)
E/MediaPlayer(14036): Should have subtitle controller already set
I/org.umd.logging(14036): Api < 1 android.media.MediaPlayer.create(android.media.MediaPlayer@265508640)
I/org.umd.logging(14036): Api > 1 android.media.MediaPlayer.start(android.media.MediaPlayer@265508640)
D/NuPlayerDriver(  188): start(0xb7c38270)
I/GenericSource(  188): start
I/org.umd.logging(14036): Api < 1 android.media.MediaPlayer.start()
I/org.umd.logging(14036): Method < 1 com.migal.android.MigalAudioManager.onFocusChanged()
W/InputMethodManagerService(  591): Window already focused, ignoring focus gain of: com.android.internal.view.IInputMethodClient$Stub$Proxy@2d7df776 attribute=null, token = android.os.BinderProxy@59e4b33
E/MediaPlayer(14036): Should have subtitle controller already set
I/org.umd.logging(14036): Method < 1435 com.applovin.impl.sdk.cu.run()
I/org.umd.logging(14036): Method > 1435 com.applovin.impl.sdk.cu.run(com.applovin.impl.sdk.cu@608700633)
I/org.umd.logging(14036): Method > 1435 com.applovin.impl.sdk.cm.run(com.applovin.impl.sdk.co@369901951)
W/cr_BindingManager(14036): Cannot call determinedVisibility() - never saw a connection for the pid: 14036
I/org.umd.logging(14036): Method > 1435 com.applovin.impl.sdk.cx.run(com.applovin.impl.sdk.cn@107398476)
I/org.umd.logging(14036): Api > 1435 android.net.ConnectivityManager.getActiveNetworkInfo(android.net.ConnectivityManager@1050392154)
I/org.umd.logging(14036): Api < 1435 android.net.ConnectivityManager.getActiveNetworkInfo(android.net.NetworkInfo@782719381)
I/org.umd.logging(14036): Method > 1317 com.heyzap.sdk.mediation.adapter.VungleAdapter$2$1.run(com.heyzap.sdk.mediation.adapter.VungleAdapter$2$1@104451914)
I/org.umd.logging(14036): Api > 1435 java.net.URL.openConnection(java.net.URL@1018001051<URL=http://a.applovin.com/nad?accept=custom_size,launch_app,video&api_did=&size=NATIVE&carrier=&preloading=true&idfa=229d4aea-d76e-47c3-ad88-1eafdf3529f0&slot_count=1&dy=1184&format=json&sdk_key=-xhIN5ZAFG8S6b7FNKO4CpV6R15lVFhUANnXTLhibr9iQGypaLto8NuaO-JvD_NNM9wqVcW5RgpsxlfW5WJEvC&v1=true&si=0&dnt=false&dx=768&locale=en_US&revision=mako&ia=1481057451000&li=0&os=5.1.1&network=wifi&platform=android&brand=LGE&sdk_version=6.1.4&v2=true&vz=0652dbc39a23edfd&model=Nexus+4>)
I/org.umd.logging(14036): Api < 1435 java.net.URL.openConnection(com.android.okhttp.internal.http.HttpURLConnectionImpl@115403320)
I/org.umd.logging(14036): Method < 1317 com.heyzap.sdk.mediation.adapter.VungleAdapter$2$1.run()
I/org.umd.logging(14036): Method > 1445 com.vungle.publisher.async.ScheduledPriorityExecutor$a$a.run(com.vungle.publisher.async.ScheduledPriorityExecutor$a$a@342948369)
I/org.umd.logging(14036): Method > 1445 com.vungle.publisher.InitializationEventListener$1.run(com.vungle.publisher.InitializationEventListener$1@224584055)
I/org.umd.logging(14036): Method > 1444 com.vungle.publisher.async.ScheduledPriorityExecutor$a$a.run(com.vungle.publisher.async.ScheduledPriorityExecutor$a$a@462606853)
I/org.umd.logging(14036): Method > 1444 com.vungle.publisher.env.AdvertisingDeviceIdStrategy$1.run(com.vungle.publisher.env.AdvertisingDeviceIdStrategy$1@777986650)
I/org.umd.logging(14036): Api > 1435 android.net.ConnectivityManager.getActiveNetworkInfo(android.net.ConnectivityManager@1050392154)
I/org.umd.logging(14036): Api < 1435 android.net.ConnectivityManager.getActiveNetworkInfo(android.net.NetworkInfo@326338945)
I/org.umd.logging(14036): Method < 1435 com.applovin.impl.sdk.cx.run()
I/org.umd.logging(14036): Method < 1435 com.applovin.impl.sdk.cm.run()
I/org.umd.logging(14036): Api > 1435 android.net.ConnectivityManager.getActiveNetworkInfo(android.net.ConnectivityManager@1050392154)
I/org.umd.logging(14036): Api < 1435 android.net.ConnectivityManager.getActiveNetworkInfo(android.net.NetworkInfo@345577063)
I/org.umd.logging(14036): Method < 1445 com.vungle.publisher.InitializationEventListener$1.run()
I/org.umd.logging(14036): Method < 1445 com.vungle.publisher.async.ScheduledPriorityExecutor$a$a.run()
I/org.umd.logging(14036): Method < 1444 com.vungle.publisher.env.AdvertisingDeviceIdStrategy$1.run()
I/org.umd.logging(14036): Method < 1444 com.vungle.publisher.async.ScheduledPriorityExecutor$a$a.run()
I/org.umd.logging(14036): Method > 1444 com.vungle.publisher.async.ScheduledPriorityExecutor$a$a.run(com.vungle.publisher.async.ScheduledPriorityExecutor$a$a@424557757)
I/org.umd.logging(14036): Method > 1444 com.vungle.publisher.protocol.ProtocolHttpGateway$3.run(com.vungle.publisher.protocol.ProtocolHttpGateway$3@790016515)
I/org.umd.logging(14036): Method > 1445 com.vungle.publisher.async.ScheduledPriorityExecutor$a$a.run(com.vungle.publisher.async.ScheduledPriorityExecutor$a$a@674817408)
I/org.umd.logging(14036): Method > 1445 com.vungle.publisher.protocol.ProtocolHttpGateway$7.run(com.vungle.publisher.protocol.ProtocolHttpGateway$7@829740554)
I/org.umd.logging(14036): Api > 1445 java.net.URL.openConnection(java.net.URL@1035099771<URL=http://api.vungle.com/api/v4/new?app_id=com.fortafygames.colorswitch&ifa=229d4aea-d76e-47c3-ad88-1eafdf3529f0>)
I/org.umd.logging(14036): Api < 1445 java.net.URL.openConnection(com.android.okhttp.internal.http.HttpURLConnectionImpl@735962264)
I/art     (14036): Rejecting re-init on previously-failed class java.lang.Class<com.vungle.publisher.location.GoogleLocationClientDetailedLocationProvider>
I/org.umd.logging(14036): Api > 1444 android.net.ConnectivityManager.getActiveNetworkInfo(android.net.ConnectivityManager@1050392154)
I/org.umd.logging(14036): Api < 1444 android.net.ConnectivityManager.getActiveNetworkInfo(android.net.NetworkInfo@630343894)
I/org.umd.logging(14036): Api > 1444 java.net.URL.openConnection(java.net.URL@1023305559<URL=http://api.vungle.com/api/v4/requestAd>)
I/org.umd.logging(14036): Api < 1444 java.net.URL.openConnection(com.android.okhttp.internal.http.HttpURLConnectionImpl@1618500)
I/org.umd.logging(14036): Method < 1435 com.applovin.impl.sdk.cu.run()
I/org.umd.logging(14036): Method > 1435 com.applovin.impl.sdk.cu.run(com.applovin.impl.sdk.cu@896323373)
I/org.umd.logging(14036): Method > 1435 com.applovin.impl.sdk.cd.run(com.applovin.impl.sdk.cd@647504371)
I/org.umd.logging(14036): Method > 1435 com.applovin.impl.sdk.cx.run(com.applovin.impl.sdk.ce@1026137262)
I/org.umd.logging(14036): Api > 1435 java.net.URL.openConnection(java.net.URL@352905807<URL=http://d.applovin.com/device?api_key=-xhIN5ZAFG8S6b7FNKO4CpV6R15lVFhUANnXTLhibr9iQGypaLto8NuaO-JvD_NNM9wqVcW5RgpsxlfW5WJEvC>)
I/org.umd.logging(14036): Api < 1435 java.net.URL.openConnection(com.android.okhttp.internal.http.HttpURLConnectionImpl@877266396)
I/org.umd.logging(14036): Method < 1445 com.vungle.publisher.protocol.ProtocolHttpGateway$7.run()
I/org.umd.logging(14036): Method < 1445 com.vungle.publisher.async.ScheduledPriorityExecutor$a$a.run()
I/org.umd.logging(14036): Method > 1445 com.vungle.publisher.async.ScheduledPriorityExecutor$a$a.run(com.vungle.publisher.async.ScheduledPriorityExecutor$a$a@896906981)
I/org.umd.logging(14036): Method > 1445 com.vungle.publisher.protocol.ProtocolHttpGateway$2.run(com.vungle.publisher.protocol.ProtocolHttpGateway$2@403954795)
I/org.umd.logging(14036): Api > 1445 java.net.URL.openConnection(java.net.URL@861905864<URL=http://api.vungle.com/api/v4/config>)
I/org.umd.logging(14036): Api < 1445 java.net.URL.openConnection(com.android.okhttp.internal.http.HttpURLConnectionImpl@944757857)
I/org.umd.logging(14036): Api > 1435 android.net.ConnectivityManager.getActiveNetworkInfo(android.net.ConnectivityManager@1050392154)
I/org.umd.logging(14036): Api < 1435 android.net.ConnectivityManager.getActiveNetworkInfo(android.net.NetworkInfo@590123910)
I/org.umd.logging(14036): Method < 1435 com.applovin.impl.sdk.cx.run()
I/org.umd.logging(14036): Method < 1435 com.applovin.impl.sdk.cd.run()
E/chromium(14036): [ERROR:interface_registry.cc(99)] Failed to locate a binder for interface: autofill::mojom::AutofillDriver
I/org.umd.logging(14036): Method < 1435 com.applovin.impl.sdk.cu.run()
I/org.umd.logging(14036): Method > 1435 com.applovin.impl.sdk.cu.run(com.applovin.impl.sdk.cu@951006324)
I/org.umd.logging(14036): Method > 1435 com.applovin.impl.sdk.cv.run(com.applovin.impl.sdk.cv@313418258)
I/org.umd.logging(14036): Method > 1 com.unity3d.ads.android.UnityAdsUtils.runOnUiThread(com.unity3d.ads.android.webapp.m@398795744)
I/org.umd.logging(14036): Method > 1 com.unity3d.ads.android.UnityAdsUtils.runOnUiThread(com.unity3d.ads.android.webapp.m@398795744, 0, null)
I/org.umd.logging(14036): Method < 1 com.unity3d.ads.android.UnityAdsUtils.runOnUiThread()
I/org.umd.logging(14036): Method < 1 com.unity3d.ads.android.UnityAdsUtils.runOnUiThread()
I/org.umd.logging(14036): Method > 1 com.unity3d.ads.android.webapp.m.run(com.unity3d.ads.android.webapp.m@398795744)
I/org.umd.logging(14036): Method < 1 com.unity3d.ads.android.webapp.m.run()
I/org.umd.logging(14036): Method < 1445 com.vungle.publisher.protocol.ProtocolHttpGateway$2.run()
I/org.umd.logging(14036): Method < 1445 com.vungle.publisher.async.ScheduledPriorityExecutor$a$a.run()
I/org.umd.logging(14036): Method > 1445 com.vungle.publisher.async.ScheduledPriorityExecutor$a$a.run(com.vungle.publisher.async.ScheduledPriorityExecutor$a$a@253671065)
I/org.umd.logging(14036): Method > 1445 com.vungle.publisher.protocol.ProtocolHttpGateway$6.run(com.vungle.publisher.protocol.ProtocolHttpGateway$6@2032959)
I/org.umd.logging(14036): Api > 1445 java.net.URL.openConnection(java.net.URL@243834380<URL=http://api.vungle.com/api/v4/sessionStart>)
I/org.umd.logging(14036): Api < 1445 java.net.URL.openConnection(com.android.okhttp.internal.http.HttpURLConnectionImpl@429597525)
I/org.umd.logging(14036): Api > 1435 java.net.URL.openConnection(java.net.URL@344990058<URL=http://pdn.applovin.com/closeOptOut.png>)
I/org.umd.logging(14036): Api < 1435 java.net.URL.openConnection(com.android.okhttp.internal.http.HttpURLConnectionImpl@763934299)
E/Cataloger( 5092): syncFile:/storage/emulated/0/Android/data/com.fortafygames.colorswitch/files
E/Cataloger( 5092): :/storage/emulated/0/Android/data/com.fortafygames.colorswitch/files
E/Cataloger( 5092): /storage/emulated/0/Android/data/com.fortafygames.colorswitch/files
I/org.umd.logging(14036): Method < 1445 com.vungle.publisher.protocol.ProtocolHttpGateway$6.run()
I/org.umd.logging(14036): Method < 1445 com.vungle.publisher.async.ScheduledPriorityExecutor$a$a.run()
E/Cataloger( 5092): syncFile:/storage/emulated/0/Android/data/com.fortafygames.colorswitch/cache/UnityAdsVideoCache/5744346da4bd7f360141d32a-m31-1000.mp4
I/org.umd.logging(14036): Api > 1435 java.net.URL.openConnection(java.net.URL@252861751<URL=http://img.applovin.com/1381250003_28x28.png>)
I/org.umd.logging(14036): Api < 1435 java.net.URL.openConnection(com.android.okhttp.internal.http.HttpURLConnectionImpl@314745508)
E/Cataloger( 5092): syncFile:/storage/emulated/0/Android/data/com.fortafygames.colorswitch/files/al/closeOptOut.png
E/Cataloger( 5092): syncFile:/storage/emulated/0/Android/data/com.fortafygames.colorswitch/files/al/closeOptOut.png
E/Cataloger( 5092): syncFile:/storage/emulated/0/Android/data/com.fortafygames.colorswitch/files/al/1381250003_28x28.png
E/Cataloger( 5092): syncFile:/storage/emulated/0/Android/data/com.fortafygames.colorswitch/files/al/1381250003_28x28.png
I/org.umd.logging(14036): Api > 1435 java.net.URL.openConnection(java.net.URL@960849933<URL=http://assets.applovin.com/jquery-2.1.1.min.js>)
I/org.umd.logging(14036): Api < 1435 java.net.URL.openConnection(com.android.okhttp.internal.http.HttpURLConnectionImpl@256865218)
E/Cataloger( 5092): syncFile:/storage/emulated/0/2016-12-06_03:51:35.756.jpg
E/Cataloger( 5092): syncFile:/storage/emulated/0/Android/data/com.fortafygames.colorswitch/files/al/jquery-2.1.1.min.js
I/org.umd.logging(14036): Api > 1435 java.net.URL.openConnection(java.net.URL@69572051<URL=http://assets.applovin.com/playable/c2_pathfind_02.min.js>)
I/org.umd.logging(14036): Api < 1435 java.net.URL.openConnection(com.android.okhttp.internal.http.HttpURLConnectionImpl@735659280)
E/Cataloger( 5092): syncFile:/storage/emulated/0/Android/data/com.fortafygames.colorswitch/files/al/jquery-2.1.1.min.js
I/org.umd.logging(14036): Api > 1435 java.net.URL.openConnection(java.net.URL@418215945<URL=http://assets.applovin.com/playable/playable_fallback.png>)
I/org.umd.logging(14036): Api < 1435 java.net.URL.openConnection(com.android.okhttp.internal.http.HttpURLConnectionImpl@396691982)
E/Cataloger( 5092): syncFile:/storage/emulated/0/Android/data/com.fortafygames.colorswitch/files/al/playable_c2_pathfind_02.min.js
E/Cataloger( 5092): syncFile:/storage/emulated/0/Android/data/com.fortafygames.colorswitch/files/al/playable_c2_pathfind_02.min.js
I/org.umd.logging(14036): Api > 1435 java.net.URL.openConnection(java.net.URL@791264303<URL=http://assets.applovin.com/playable/playable_close.png>)
I/org.umd.logging(14036): Api < 1435 java.net.URL.openConnection(com.android.okhttp.internal.http.HttpURLConnectionImpl@125149756)
E/Cataloger( 5092): syncFile:/storage/emulated/0/Android/data/com.fortafygames.colorswitch/files/al/playable_playable_fallback.png
E/Cataloger( 5092): syncFile:/storage/emulated/0/Android/data/com.fortafygames.colorswitch/files/al/playable_playable_fallback.png
E/Cataloger( 5092): syncFile:/storage/emulated/0/Android/data/com.fortafygames.colorswitch/files/al/playable_playable_close.png
I/org.umd.logging(14036): Api > 1435 java.net.URL.openConnection(java.net.URL@988580805<URL=http://assets.applovin.com/playable/TB_LD_V2_l_03.js>)
E/Cataloger( 5092): syncFile:/storage/emulated/0/Android/data/com.fortafygames.colorswitch/files/al/playable_playable_close.png
I/org.umd.logging(14036): Api < 1435 java.net.URL.openConnection(com.android.okhttp.internal.http.HttpURLConnectionImpl@145471770)
I/org.umd.logging(14036): Method > 1 com.migal.android.MigalView.onTouchEvent(com.migal.android.MigalView@151448118<file=2016-12-06_03:51:35.756><x=0><y=0><width=768><height=1280><id=2131558495><imagename=migal_view>, android.view.MotionEvent@102278696)
I/org.umd.logging(14036): Method < 1 com.migal.android.MigalView.onTouchEvent(true)
E/Cataloger( 5092): syncFile:/storage/emulated/0/2016-12-06_03:51:35.756.jpg
I/org.umd.logging(14036): Method > 1307 com.migal.android.MigalView$1.run(com.migal.android.MigalView$1@490491110)
I/org.umd.logging(14036): Method < 1307 com.migal.android.MigalView$1.run()
E/Cataloger( 5092): syncFile:/storage/emulated/0/2016-12-06_03:51:35.947.jpg
I/org.umd.logging(14036): Method > 1418 com.unity3d.ads.android.UnityAdsUtils.runOnUiThread(com.unity3d.ads.android.webapp.m@838795815)
I/org.umd.logging(14036): Method > 1418 com.unity3d.ads.android.UnityAdsUtils.runOnUiThread(com.unity3d.ads.android.webapp.m@838795815, 0, null)
I/org.umd.logging(14036): Method < 1418 com.unity3d.ads.android.UnityAdsUtils.runOnUiThread()
I/org.umd.logging(14036): Method < 1418 com.unity3d.ads.android.UnityAdsUtils.runOnUiThread()
I/org.umd.logging(14036): Method > 1418 com.unity3d.ads.android.UnityAdsUtils.runOnUiThread(com.unity3d.ads.android.e@661483133)
I/org.umd.logging(14036): Method > 1418 com.unity3d.ads.android.UnityAdsUtils.runOnUiThread(com.unity3d.ads.android.e@661483133, 0, null)
I/org.umd.logging(14036): Method < 1418 com.unity3d.ads.android.UnityAdsUtils.runOnUiThread()
I/org.umd.logging(14036): Method < 1418 com.unity3d.ads.android.UnityAdsUtils.runOnUiThread()
I/org.umd.logging(14036): Method > 1 com.migal.android.MigalView.onTouchEvent(com.migal.android.MigalView@151448118<file=2016-12-06_03:51:35.947><x=0><y=0><width=768><height=1280><id=2131558495><imagename=migal_view>, android.view.MotionEvent@102278696)
I/org.umd.logging(14036): Method < 1 com.migal.android.MigalView.onTouchEvent(true)
E/Cataloger( 5092): syncFile:/storage/emulated/0/2016-12-06_03:51:35.947.jpg
I/org.umd.logging(14036): Method > 1307 com.migal.android.MigalView$1.run(com.migal.android.MigalView$1@317739378)
I/org.umd.logging(14036): Method < 1307 com.migal.android.MigalView$1.run()
E/Cataloger( 5092): syncFile:/storage/emulated/0/2016-12-06_03:51:36.123.jpg
I/org.umd.logging(14036): Method > 1 com.migal.android.MigalView.onTouchEvent(com.migal.android.MigalView@151448118<file=2016-12-06_03:51:36.123><x=0><y=0><width=768><height=1280><id=2131558495><imagename=migal_view>, android.view.MotionEvent@102278696)
E/Cataloger( 5092): syncFile:/storage/emulated/0/2016-12-06_03:51:36.123.jpg
I/org.umd.logging(14036): Method < 1 com.migal.android.MigalView.onTouchEvent(true)
I/Choreographer(14036): Skipped 31 frames!  The application may be doing too much work on its main thread.
I/org.umd.logging(14036): Method > 1307 com.migal.android.MigalView$1.run(com.migal.android.MigalView$1@961518019)
I/org.umd.logging(14036): Method < 1307 com.migal.android.MigalView$1.run()
I/chromium(14036): [INFO:CONSOLE(5186)] "Resize handler called", source: http://cdn-highwinds.unityads.unity3d.com/impact/webview/production/impact/index.html?version=355d07711ebe2b50428210d9faa943e8ed31b253 (5186)
I/org.umd.logging(14036): Method > 1 com.unity3d.ads.android.webapp.m.run(com.unity3d.ads.android.webapp.m@838795815)
I/org.umd.logging(14036): Method < 1 com.unity3d.ads.android.webapp.m.run()
I/org.umd.logging(14036): Method > 1 com.unity3d.ads.android.e.run(com.unity3d.ads.android.e@661483133)
I/org.umd.logging(14036): Method > 1 com.heyzap.common.concurrency.ExecutionList$RunnableExecutorPair.execute(com.heyzap.common.concurrency.ExecutionList$RunnableExecutorPair@395317824)
I/org.umd.logging(14036): Method > 1 com.heyzap.common.concurrency.ExecutorPool$WrappedScheduledThreadPoolExecutor.execute(com.heyzap.common.concurrency.ExecutorPool$WrappedScheduledThreadPoolExecutor@785424995, com.heyzap.mediation.handler.StatusListenerMultiplexer$5$1@191329657)
I/org.umd.logging(14036): Method < 1 com.heyzap.common.concurrency.ExecutorPool$WrappedScheduledThreadPoolExecutor.execute()
I/org.umd.logging(14036): Method > 1325 com.heyzap.common.concurrency.WrappedRunnable.run(com.heyzap.common.concurrency.WrappedRunnable@896406206)
I/org.umd.logging(14036): Method < 1 com.heyzap.common.concurrency.ExecutionList$RunnableExecutorPair.execute()
I/org.umd.logging(14036): Method > 1325 com.heyzap.common.concurrency.FutureUtils$FutureRunnable.run(com.heyzap.mediation.handler.StatusListenerMultiplexer$5$1@191329657)
I/org.umd.logging(14036): Method > 1 com.heyzap.common.concurrency.ExecutionList$RunnableExecutorPair.execute(com.heyzap.common.concurrency.ExecutionList$RunnableExecutorPair@109580063)
I/org.umd.logging(14036): Method > 1325 com.heyzap.mediation.handler.StatusListenerMultiplexer$5$1.run(com.heyzap.mediation.handler.StatusListenerMultiplexer$5$1@191329657, com.heyzap.common.lifecycle.FetchResult@226759276, null)
I/org.umd.logging(14036): Method < 1325 com.heyzap.mediation.handler.StatusListenerMultiplexer$5$1.run()
