I/org.umd.logging(14036): Method > 1 com.heyzap.common.concurrency.ExecutorPool$WrappedScheduledThreadPoolExecutor.execute(com.heyzap.common.concurrency.ExecutorPool$WrappedScheduledThreadPoolExecutor@785424995, com.heyzap.mediation.handler.StatusListenerMultiplexer$5$1@710996021)
I/org.umd.logging(14036): Method < 1325 com.heyzap.common.concurrency.FutureUtils$FutureRunnable.run()
I/org.umd.logging(14036): Method < 1325 com.heyzap.common.concurrency.WrappedRunnable.run()
I/org.umd.logging(14036): Method < 1 com.heyzap.common.concurrency.ExecutorPool$WrappedScheduledThreadPoolExecutor.execute()
I/org.umd.logging(14036): Method > 1321 com.heyzap.common.concurrency.WrappedRunnable.run(com.heyzap.common.concurrency.WrappedRunnable@309632202)
I/org.umd.logging(14036): Method > 1321 com.heyzap.common.concurrency.FutureUtils$FutureRunnable.run(com.heyzap.mediation.handler.StatusListenerMultiplexer$5$1@710996021)
I/org.umd.logging(14036): Method < 1 com.heyzap.common.concurrency.ExecutionList$RunnableExecutorPair.execute()
I/org.umd.logging(14036): Method > 1321 com.heyzap.mediation.handler.StatusListenerMultiplexer$5$1.run(com.heyzap.mediation.handler.StatusListenerMultiplexer$5$1@710996021, com.heyzap.common.lifecycle.FetchResult@226759276, null)
I/org.umd.logging(14036): Method > 1 com.heyzap.common.concurrency.ExecutionList$RunnableExecutorPair.execute(com.heyzap.common.concurrency.ExecutionList$RunnableExecutorPair@833125947)
I/org.umd.logging(14036): Method < 1321 com.heyzap.mediation.handler.StatusListenerMultiplexer$5$1.run()
I/org.umd.logging(14036): Method < 1321 com.heyzap.common.concurrency.FutureUtils$FutureRunnable.run()
I/org.umd.logging(14036): Method < 1321 com.heyzap.common.concurrency.WrappedRunnable.run()
I/org.umd.logging(14036): Method > 1 com.heyzap.common.concurrency.ExecutorPool$WrappedScheduledThreadPoolExecutor.execute(com.heyzap.common.concurrency.ExecutorPool$WrappedScheduledThreadPoolExecutor@785424995, com.heyzap.common.concurrency.FutureUtils$4@399894872)
I/org.umd.logging(14036): Method < 1 com.heyzap.common.concurrency.ExecutorPool$WrappedScheduledThreadPoolExecutor.execute()
I/org.umd.logging(14036): Method > 1324 com.heyzap.common.concurrency.WrappedRunnable.run(com.heyzap.common.concurrency.WrappedRunnable@624777905)
I/org.umd.logging(14036): Method < 1 com.heyzap.common.concurrency.ExecutionList$RunnableExecutorPair.execute()
I/org.umd.logging(14036): Method > 1324 com.heyzap.common.concurrency.FutureUtils$FutureRunnable.run(com.heyzap.common.concurrency.FutureUtils$4@399894872)
I/org.umd.logging(14036): Method > 1324 com.heyzap.common.concurrency.FutureUtils$4.run(com.heyzap.common.concurrency.FutureUtils$4@399894872, com.heyzap.common.lifecycle.FetchResult@226759276, null)
I/org.umd.logging(14036): Method > 1 com.heyzap.common.concurrency.ExecutionList$RunnableExecutorPair.execute(com.heyzap.common.concurrency.ExecutionList$RunnableExecutorPair@581417878)
I/org.umd.logging(14036): Method > 1324 com.heyzap.common.concurrency.ExecutionList$RunnableExecutorPair.execute(com.heyzap.common.concurrency.ExecutionList$RunnableExecutorPair@144098071)
I/org.umd.logging(14036): Method > 1324 com.heyzap.common.concurrency.ExecutorPool$WrappedScheduledThreadPoolExecutor.execute(com.heyzap.common.concurrency.ExecutorPool$WrappedScheduledThreadPoolExecutor@785424995, com.heyzap.mediation.ConcurrentLoaderStrategy$2@309084932)
I/org.umd.logging(14036): Method > 1320 com.heyzap.common.concurrency.WrappedRunnable.run(com.heyzap.common.concurrency.WrappedRunnable@666532275)
I/org.umd.logging(14036): Method < 1324 com.heyzap.common.concurrency.ExecutorPool$WrappedScheduledThreadPoolExecutor.execute()
I/org.umd.logging(14036): Method > 1320 com.heyzap.mediation.ConcurrentLoaderStrategy$2.run(com.heyzap.mediation.ConcurrentLoaderStrategy$2@309084932)
I/org.umd.logging(14036): Method < 1320 com.heyzap.mediation.ConcurrentLoaderStrategy$2.run()
I/org.umd.logging(14036): Method < 1324 com.heyzap.common.concurrency.ExecutionList$RunnableExecutorPair.execute()
I/org.umd.logging(14036): Method < 1324 com.heyzap.common.concurrency.FutureUtils$4.run()
I/org.umd.logging(14036): Method < 1320 com.heyzap.common.concurrency.WrappedRunnable.run()
I/org.umd.logging(14036): Method > 1 com.heyzap.common.concurrency.ExecutorPool$WrappedScheduledThreadPoolExecutor.execute(com.heyzap.common.concurrency.ExecutorPool$WrappedScheduledThreadPoolExecutor@785424995, com.heyzap.sdk.mediation.adapter.UnityadsAdapter$1$1$1@857471778)
I/org.umd.logging(14036): Method < 1324 com.heyzap.common.concurrency.FutureUtils$FutureRunnable.run()
I/org.umd.logging(14036): Method < 1324 com.heyzap.common.concurrency.WrappedRunnable.run()
I/org.umd.logging(14036): Method < 1 com.heyzap.common.concurrency.ExecutorPool$WrappedScheduledThreadPoolExecutor.execute()
I/org.umd.logging(14036): Method > 1322 com.heyzap.common.concurrency.WrappedRunnable.run(com.heyzap.common.concurrency.WrappedRunnable@250383216)
I/org.umd.logging(14036): Method > 1322 com.heyzap.sdk.mediation.adapter.UnityadsAdapter$1$1$1.run(com.heyzap.sdk.mediation.adapter.UnityadsAdapter$1$1$1@857471778)
I/org.umd.logging(14036): Method < 1 com.heyzap.common.concurrency.ExecutionList$RunnableExecutorPair.execute()
I/org.umd.logging(14036): Method < 1322 com.heyzap.sdk.mediation.adapter.UnityadsAdapter$1$1$1.run()
I/org.umd.logging(14036): Method < 1322 com.heyzap.common.concurrency.WrappedRunnable.run()
I/org.umd.logging(14036): Method > 1 com.heyzap.common.concurrency.ExecutionList$RunnableExecutorPair.execute(com.heyzap.common.concurrency.ExecutionList$RunnableExecutorPair@903065321)
I/org.umd.logging(14036): Method > 1 com.heyzap.common.concurrency.ExecutorPool$WrappedScheduledThreadPoolExecutor.execute(com.heyzap.common.concurrency.ExecutorPool$WrappedScheduledThreadPoolExecutor@785424995, com.heyzap.common.concurrency.FutureUtils$4@463644526)
I/org.umd.logging(14036): Method < 1 com.heyzap.common.concurrency.ExecutorPool$WrappedScheduledThreadPoolExecutor.execute()
I/org.umd.logging(14036): Method > 1319 com.heyzap.common.concurrency.WrappedRunnable.run(com.heyzap.common.concurrency.WrappedRunnable@5832207)
I/org.umd.logging(14036): Method < 1 com.heyzap.common.concurrency.ExecutionList$RunnableExecutorPair.execute()
I/org.umd.logging(14036): Method > 1319 com.heyzap.common.concurrency.FutureUtils$FutureRunnable.run(com.heyzap.common.concurrency.FutureUtils$4@463644526)
I/org.umd.logging(14036): Method > 1319 com.heyzap.common.concurrency.FutureUtils$4.run(com.heyzap.common.concurrency.FutureUtils$4@463644526, com.heyzap.common.lifecycle.FetchResult@226759276, null)
I/org.umd.logging(14036): Method > 1319 com.heyzap.common.concurrency.ExecutionList$RunnableExecutorPair.execute(com.heyzap.common.concurrency.ExecutionList$RunnableExecutorPair@300347036)
I/org.umd.logging(14036): Method < 1 com.unity3d.ads.android.e.run()
I/org.umd.logging(14036): Method > 1319 com.heyzap.common.concurrency.ExecutorPool$WrappedScheduledThreadPoolExecutor.execute(com.heyzap.common.concurrency.ExecutorPool$WrappedScheduledThreadPoolExecutor@785424995, com.heyzap.mediation.ConcurrentLoaderStrategy$2@615469221)
I/chromium(14036): [INFO:CONSOLE(4674)] "true", source: http://cdn-highwinds.unityads.unity3d.com/impact/webview/production/impact/index.html?version=355d07711ebe2b50428210d9faa943e8ed31b253 (4674)
I/org.umd.logging(14036): Method > 1325 com.heyzap.common.concurrency.WrappedRunnable.run(com.heyzap.common.concurrency.WrappedRunnable@232115322)
I/org.umd.logging(14036): Method < 1319 com.heyzap.common.concurrency.ExecutorPool$WrappedScheduledThreadPoolExecutor.execute()
I/org.umd.logging(14036): Method > 1325 com.heyzap.mediation.ConcurrentLoaderStrategy$2.run(com.heyzap.mediation.ConcurrentLoaderStrategy$2@615469221)
I/org.umd.logging(14036): Method < 1319 com.heyzap.common.concurrency.ExecutionList$RunnableExecutorPair.execute()
I/chromium(14036): [INFO:CONSOLE(5169)] "Hiding all views", source: http://cdn-highwinds.unityads.unity3d.com/impact/webview/production/impact/index.html?version=355d07711ebe2b50428210d9faa943e8ed31b253 (5169)
I/org.umd.logging(14036): Method < 1319 com.heyzap.common.concurrency.FutureUtils$4.run()
I/org.umd.logging(14036): Method < 1325 com.heyzap.mediation.ConcurrentLoaderStrategy$2.run()
I/org.umd.logging(14036): Method < 1319 com.heyzap.common.concurrency.FutureUtils$FutureRunnable.run()
I/org.umd.logging(14036): Method < 1319 com.heyzap.common.concurrency.WrappedRunnable.run()
I/org.umd.logging(14036): Method < 1325 com.heyzap.common.concurrency.WrappedRunnable.run()
W/AudioTrack(14036): AUDIO_OUTPUT_FLAG_FAST denied by client
I/MIGAL   (14036): File_Load(1634, 0x0), size 88
I/MIGAL   (14036): => 0xb8dd7178
I/MIGAL   (14036): Load file 1634: SCENE_UPDATE
I/MIGAL   (14036): File_Load(1547, 0x0), size 96
I/MIGAL   (14036): => 0xb91d0658
I/MIGAL   (14036): Load file 1547: SPR_UPDATE_RAY
I/MIGAL   (14036): File_Load(1612, 0x0), size 176
I/MIGAL   (14036): => 0xb9252c28
I/MIGAL   (14036): Load file 1612: SCENE_IAP
I/MIGAL   (14036): File_Load(1135, 0x0), size 96
I/MIGAL   (14036): => 0xb8d3cf40
I/MIGAL   (14036): Load file 1135: SPR_IAP_LITTLEBUTTON
I/MigalActivity(14036): trackScreen Tuto null 0
I/MigalActivity(14036): builder: com.google.android.gms.analytics.HitBuilders$ScreenViewBuilder@28b16c2b
I/MIGAL   (14036): File_Load(1540, 0x0), size 96
I/MIGAL   (14036): => 0xb9184a00
I/MIGAL   (14036): Load file 1540: SPR_TUTO_PLAY_BUTTON_EN
I/MIGAL   (14036): File_Load(1539, 0x0), size 96
I/MIGAL   (14036): => 0xb9260368
I/MIGAL   (14036): Load file 1539: SPR_TUTO_SPIKESTOP
I/MIGAL   (14036): File_Load(1541, 0x0), size 96
I/MIGAL   (14036): => 0xb923cf80
I/MIGAL   (14036): Load file 1541: SPR_TUTO_TITLE
I/MIGAL   (14036): File_Load(1544, 0x0), size 96
I/MIGAL   (14036): => 0xb92388a8
I/MIGAL   (14036): Load file 1544: SPR_TUTO_TEXT
I/MIGAL   (14036): File_Load(1543, 0x0), size 96
I/MIGAL   (14036): => 0xb921ffe8
I/MIGAL   (14036): Load file 1543: SPR_TUTO_HALO
I/MIGAL   (14036): File_Load(808, 0x0), size 96
I/MIGAL   (14036): => 0xb91d5f58
I/MIGAL   (14036): Load file 808: SPR_GAME_GLOWBALL
I/MIGAL   (14036): File_Load(865, 0x0), size 96
I/MIGAL   (14036): => 0xb919de58
I/MIGAL   (14036): Load file 865: SPR_GAME_STAR
I/MIGAL   (14036): File_Load(1207, 0x0), size 96
I/MIGAL   (14036): => 0xb91e1e08
I/MIGAL   (14036): Load file 1207: SPR_OBSTACLES1_CIRCLE_CIRCLE
I/MIGAL   (14036): File_Load(1542, 0x0), size 96
I/MIGAL   (14036): => 0xb9238948
I/MIGAL   (14036): Load file 1542: SPR_TUTO_COLOR_SWITCH
I/MIGAL   (14036): Loading texture TEX_TUTO (97499 bytes)
I/MIGAL   (14036): Loading file
I/MIGAL   (14036): File_Load(39, 0x0), size 97499
I/MIGAL   (14036): => 0xa31c8008
I/MIGAL   (14036): File_Load(39, 0xa31c8008)
I/MIGAL   (14036): Load file 039: TEX_TUTO
I/MIGAL   (14036): Loading file 039, 97499B, from offset 3307744
I/MIGAL   (14036): Decompressing file...
I/MIGAL   (14036): LZ77_Decompress
W/AudioTrack(14036): AUDIO_OUTPUT_FLAG_FAST denied by client
I/MIGAL   (14036):  => OK !
I/MIGAL   (14036): Loading Texture 39 - TEX_TUTO : 1024x512, type 0, filter on...
I/MIGAL   (14036): Loaded Texture 39 - TEX_TUTO => 36864kB
I/MIGAL   (14036): Tex_Load OK!
I/MIGAL   (14036): File_Load(1538, 0x0), size 96
I/MIGAL   (14036): => 0xb917cf40
I/MIGAL   (14036): Load file 1538: SPR_TUTO_FINGER + 1
I/MIGAL   (14036): File_Load(1537, 0x0), size 96
I/MIGAL   (14036): => 0xb91e39a0
I/MIGAL   (14036): Load file 1537: SPR_TUTO_FINGER
I/org.umd.logging(14036): Method < 1444 com.vungle.publisher.protocol.ProtocolHttpGateway$3.run()
I/org.umd.logging(14036): Method < 1444 com.vungle.publisher.async.ScheduledPriorityExecutor$a$a.run()
I/org.umd.logging(14036): Method > 1445 com.vungle.publisher.async.ScheduledPriorityExecutor$a$a.run(com.vungle.publisher.async.ScheduledPriorityExecutor$a$a@644379956)
I/org.umd.logging(14036): Method > 1444 com.vungle.publisher.async.ScheduledPriorityExecutor$a$a.run(com.vungle.publisher.async.ScheduledPriorityExecutor$a$a@121185369)
I/org.umd.logging(14036): Method > 1444 com.vungle.publisher.ad.prepare.PrepareViewableRunnable.run(com.vungle.publisher.ad.prepare.PrepareViewableRunnable@477858047)
I/org.umd.logging(14036): Method < 1444 com.vungle.publisher.ad.prepare.PrepareViewableRunnable.run()
I/org.umd.logging(14036): Method < 1444 com.vungle.publisher.async.ScheduledPriorityExecutor$a$a.run()
I/org.umd.logging(14036): Method > 1444 com.vungle.publisher.async.ScheduledPriorityExecutor$a$a.run(com.vungle.publisher.async.ScheduledPriorityExecutor$a$a@949040844)
I/org.umd.logging(14036): Method > 1444 com.vungle.publisher.ad.prepare.PrepareViewableRunnable.run(com.vungle.publisher.ad.prepare.PrepareViewableRunnable@38710549)
I/org.umd.logging(14036): Method < 1445 com.vungle.publisher.async.ScheduledPriorityExecutor$a$a.run()
I/org.umd.logging(14036): Method > 1445 com.vungle.publisher.async.ScheduledPriorityExecutor$a$a.run(com.vungle.publisher.async.ScheduledPriorityExecutor$a$a@662325290)
I/org.umd.logging(14036): Method > 1445 com.vungle.publisher.net.http.DownloadHttpGateway$1.run(com.vungle.publisher.net.http.DownloadHttpGateway$1@318829496)
I/org.umd.logging(14036): Method < 1444 com.vungle.publisher.ad.prepare.PrepareViewableRunnable.run()
I/org.umd.logging(14036): Method < 1444 com.vungle.publisher.async.ScheduledPriorityExecutor$a$a.run()
I/org.umd.logging(14036): Method > 1444 com.vungle.publisher.async.ScheduledPriorityExecutor$a$a.run(com.vungle.publisher.async.ScheduledPriorityExecutor$a$a@435815825)
I/org.umd.logging(14036): Method > 1444 com.vungle.publisher.net.http.DownloadHttpGateway$1.run(com.vungle.publisher.net.http.DownloadHttpGateway$1@474791158)
I/org.umd.logging(14036): Api > 1445 java.net.URL.openConnection(java.net.URL@176396535<URL=https://cdn-lb.vungle.com/zen/Vungle_30s_PandaPop_EN_160928_portrait_%20instructional-540x960-Q2.mp4>)
I/org.umd.logging(14036): Api < 1445 java.net.URL.openConnection(com.android.okhttp.internal.http.HttpsURLConnectionImpl@414028644)
I/org.umd.logging(14036): Api > 1444 java.net.URL.openConnection(java.net.URL@136866253<URL=https://cdn-lb.vungle.com/bundles/583ad405f077ebba010000af-CUSTOM-1.zip>)
I/org.umd.logging(14036): Api < 1444 java.net.URL.openConnection(com.android.okhttp.internal.http.HttpsURLConnectionImpl@721400450)
W/AudioTrack(14036): AUDIO_OUTPUT_FLAG_FAST denied by client
E/Cataloger( 5092): syncFile:/storage/emulated/0/Android/data/com.fortafygames.colorswitch/files/al/playable_TB_LD_V2_l_03.js
E/Cataloger( 5092): syncFile:/storage/emulated/0/Android/data/com.fortafygames.colorswitch/files/al/playable_TB_LD_V2_l_03.js
I/org.umd.logging(14036): Api > 1435 java.net.URL.openConnection(java.net.URL@662046085<URL=http://assets.applovin.com/playable/TB_LD_V2_p_03.js>)
I/org.umd.logging(14036): Api < 1435 java.net.URL.openConnection(com.android.okhttp.internal.http.HttpURLConnectionImpl@214765530)
E/Cataloger( 5092): syncFile:/storage/emulated/0/Android/data/com.fortafygames.colorswitch/files/.vungle
E/Cataloger( 5092): :/storage/emulated/0/Android/data/com.fortafygames.colorswitch/files/.vungle
E/Cataloger( 5092): /storage/emulated/0/Android/data/com.fortafygames.colorswitch/files/.vungle
E/Cataloger( 5092): syncFile:/storage/emulated/0/Android/data/com.fortafygames.colorswitch/files/.vungle/57d8ac961ed35abd4100001e_583ad4056c1bbcd212000094_datasci--primary--success
E/Cataloger( 5092): :/storage/emulated/0/Android/data/com.fortafygames.colorswitch/files/.vungle/57d8ac961ed35abd4100001e_583ad4056c1bbcd212000094_datasci--primary--success
E/Cataloger( 5092): /storage/emulated/0/Android/data/com.fortafygames.colorswitch/files/.vungle/57d8ac961ed35abd4100001e_583ad4056c1bbcd212000094_datasci--primary--success
E/Cataloger( 5092): syncFile:/storage/emulated/0/Android/data/com.fortafygames.colorswitch/files/.vungle/57d8ac961ed35abd4100001e_583ad4056c1bbcd212000094_datasci--primary--success/postRoll.zip
E/Cataloger( 5092): syncFile:/storage/emulated/0/Android/data/com.fortafygames.colorswitch/files/.vungle/57d8ac961ed35abd4100001e_583ad4056c1bbcd212000094_datasci--primary--success/localVideo.mp4
W/AudioTrack(14036): AUDIO_OUTPUT_FLAG_FAST denied by client
I/org.umd.logging(14036): Method < 1444 com.vungle.publisher.net.http.DownloadHttpGateway$1.run()
I/org.umd.logging(14036): Method < 1444 com.vungle.publisher.async.ScheduledPriorityExecutor$a$a.run()
I/org.umd.logging(14036): Method > 1444 com.vungle.publisher.async.ScheduledPriorityExecutor$a$a.run(com.vungle.publisher.async.ScheduledPriorityExecutor$a$a@488025575)
I/org.umd.logging(14036): Method > 1444 com.vungle.publisher.ad.prepare.PrepareViewableRunnable.run(com.vungle.publisher.ad.prepare.PrepareViewableRunnable@860790164)
E/Cataloger( 5092): syncFile:/storage/emulated/0/Android/data/com.fortafygames.colorswitch/files/.vungle/57d8ac961ed35abd4100001e_583ad4056c1bbcd212000094_datasci--primary--success/postRoll.zip
E/Cataloger( 5092): syncFile:/storage/emulated/0/2016-12-06_03:51:37.728.jpg
E/Cataloger( 5092): syncFile:/storage/emulated/0/Android/data/com.fortafygames.colorswitch/files/.vungle/57d8ac961ed35abd4100001e_583ad4056c1bbcd212000094_datasci--primary--success/postRoll
E/Cataloger( 5092): :/storage/emulated/0/Android/data/com.fortafygames.colorswitch/files/.vungle/57d8ac961ed35abd4100001e_583ad4056c1bbcd212000094_datasci--primary--success/postRoll
E/Cataloger( 5092): /storage/emulated/0/Android/data/com.fortafygames.colorswitch/files/.vungle/57d8ac961ed35abd4100001e_583ad4056c1bbcd212000094_datasci--primary--success/postRoll
E/Cataloger( 5092): syncFile:/storage/emulated/0/Android/data/com.fortafygames.colorswitch/files/.vungle/57d8ac961ed35abd4100001e_583ad4056c1bbcd212000094_datasci--primary--success/postRoll/Blue-Full.png
E/Cataloger( 5092): syncFile:/storage/emulated/0/Android/data/com.fortafygames.colorswitch/files/.vungle/57d8ac961ed35abd4100001e_583ad4056c1bbcd212000094_datasci--primary--success/postRoll/Blue-Full.png
E/Cataloger( 5092): syncFile:/storage/emulated/0/Android/data/com.fortafygames.colorswitch/files/.vungle/57d8ac961ed35abd4100001e_583ad4056c1bbcd212000094_datasci--primary--success/postRoll/Mama_Love_000.png
E/Cataloger( 5092): syncFile:/storage/emulated/0/Android/data/com.fortafygames.colorswitch/files/.vungle/57d8ac961ed35abd4100001e_583ad4056c1bbcd212000094_datasci--primary--success/postRoll/Mama_Love_000.png
E/Cataloger( 5092): syncFile:/storage/emulated/0/Android/data/com.fortafygames.colorswitch/files/.vungle/57d8ac961ed35abd4100001e_583ad4056c1bbcd212000094_datasci--primary--success/postRoll/Mama_Love_000_legs.png
E/Cataloger( 5092): syncFile:/storage/emulated/0/Android/data/com.fortafygames.colorswitch/files/.vungle/57d8ac961ed35abd4100001e_583ad4056c1bbcd212000094_datasci--primary--success/postRoll/Mama_Love_000_legs.png
E/Cataloger( 5092): syncFile:/storage/emulated/0/Android/data/com.fortafygames.colorswitch/files/.vungle/57d8ac961ed35abd4100001e_583ad4056c1bbcd212000094_datasci--primary--success/postRoll/Mama_Love_001.png
E/Cataloger( 5092): syncFile:/storage/emulated/0/Android/data/com.fortafygames.colorswitch/files/.vungle/57d8ac961ed35abd4100001e_583ad4056c1bbcd212000094_datasci--primary--success/postRoll/Mama_Love_001.png
E/Cataloger( 5092): syncFile:/storage/emulated/0/Android/data/com.fortafygames.colorswitch/files/.vungle/57d8ac961ed35abd4100001e_583ad4056c1bbcd212000094_datasci--primary--success/postRoll/Mama_Love_002.png
E/Cataloger( 5092): syncFile:/storage/emulated/0/Android/data/com.fortafygames.colorswitch/files/.vungle/57d8ac961ed35abd4100001e_583ad4056c1bbcd212000094_datasci--primary--success/postRoll/Mama_Love_002.png
E/Cataloger( 5092): syncFile:/storage/emulated/0/Android/data/com.fortafygames.colorswitch/files/.vungle/57d8ac961ed35abd4100001e_583ad4056c1bbcd212000094_datasci--primary--success/postRoll/TimelineMax.min.js
E/Cataloger( 5092): syncFile:/storage/emulated/0/Android/data/com.fortafygames.colorswitch/files/.vungle/57d8ac961ed35abd4100001e_583ad4056c1bbcd212000094_datasci--primary--success/postRoll/TimelineMax.min.js
E/Cataloger( 5092): syncFile:/storage/emulated/0/Android/data/com.fortafygames.colorswitch/files/.vungle/57d8ac961ed35abd4100001e_583ad4056c1bbcd212000094_datasci--primary--success/postRoll/TweenMax.min.js
I/org.umd.logging(14036): Method > 1 com.migal.android.MigalView.onTouchEvent(com.migal.android.MigalView@151448118<file=2016-12-06_03:51:37.728><x=0><y=0><width=768><height=1280><id=2131558495><imagename=migal_view>, android.view.MotionEvent@102278696)
I/org.umd.logging(14036): Method < 1 com.migal.android.MigalView.onTouchEvent(true)
I/org.umd.logging(14036): Method > 1307 com.migal.android.MigalView$1.run(com.migal.android.MigalView$1@16015421)
I/org.umd.logging(14036): Method < 1307 com.migal.android.MigalView$1.run()
E/Cataloger( 5092): syncFile:/storage/emulated/0/2016-12-06_03:51:37.728.jpg
E/Cataloger( 5092): syncFile:/storage/emulated/0/Android/data/com.fortafygames.colorswitch/files/.vungle/57d8ac961ed35abd4100001e_583ad4056c1bbcd212000094_datasci--primary--success/postRoll/TweenMax.min.js
E/Cataloger( 5092): syncFile:/storage/emulated/0/Android/data/com.fortafygames.colorswitch/files/.vungle/57d8ac961ed35abd4100001e_583ad4056c1bbcd212000094_datasci--primary--success/postRoll/app.png
E/Cataloger( 5092): syncFile:/storage/emulated/0/2016-12-06_03:51:38.087.jpg
E/Cataloger( 5092): syncFile:/storage/emulated/0/Android/data/com.fortafygames.colorswitch/files/.vungle/57d8ac961ed35abd4100001e_583ad4056c1bbcd212000094_datasci--primary--success/postRoll/app.png
E/Cataloger( 5092): syncFile:/storage/emulated/0/Android/data/com.fortafygames.colorswitch/files/.vungle/57d8ac961ed35abd4100001e_583ad4056c1bbcd212000094_datasci--primary--success/postRoll/baboon.png
E/Cataloger( 5092): syncFile:/storage/emulated/0/Android/data/com.fortafygames.colorswitch/files/.vungle/57d8ac961ed35abd4100001e_583ad4056c1bbcd212000094_datasci--primary--success/postRoll/baboon.png
E/Cataloger( 5092): syncFile:/storage/emulated/0/Android/data/com.fortafygames.colorswitch/files/.vungle/57d8ac961ed35abd4100001e_583ad4056c1bbcd212000094_datasci--primary--success/postRoll/bg.jpg
I/org.umd.logging(14036): Method > 1321 com.heyzap.mediation.abstr.FetchBackedNetworkAdapter$2.run(com.heyzap.mediation.abstr.FetchBackedNetworkAdapter$2@390184939)
I/org.umd.logging(14036): Method < 1321 com.heyzap.mediation.abstr.FetchBackedNetworkAdapter$2.run()
I/org.umd.logging(14036): Method > 1321 com.heyzap.mediation.adapter.FetchRequestConsumer$ConsumeCallback.run(com.heyzap.mediation.adapter.FetchRequestConsumer$ConsumeCallback@160284722)
I/org.umd.logging(14036): Method > 1321 com.heyzap.mediation.abstr.FetchBackedNetworkAdapter$2$1.run(com.heyzap.mediation.abstr.FetchBackedNetworkAdapter$2$1@446054787)
I/org.umd.logging(14036): Method > 1321 com.heyzap.common.concurrency.ExecutionList$RunnableExecutorPair.execute(com.heyzap.common.concurrency.ExecutionList$RunnableExecutorPair@138542848)
I/org.umd.logging(14036): Method > 1321 com.heyzap.common.concurrency.HandlerExecutorService.execute(com.heyzap.common.concurrency.HandlerExecutorService@966431495, com.heyzap.sdk.mediation.adapter.InMobiAdapter$1@432784185)
I/org.umd.logging(14036): Method < 1321 com.heyzap.common.concurrency.HandlerExecutorService.execute()
I/org.umd.logging(14036): Method < 1321 com.heyzap.common.concurrency.ExecutionList$RunnableExecutorPair.execute()
I/org.umd.logging(14036): Method < 1321 com.heyzap.mediation.abstr.FetchBackedNetworkAdapter$2$1.run()
I/org.umd.logging(14036): Method < 1321 com.heyzap.mediation.adapter.FetchRequestConsumer$ConsumeCallback.run()
I/org.umd.logging(14036): Method > 1 com.migal.android.MigalView.onTouchEvent(com.migal.android.MigalView@151448118<file=2016-12-06_03:51:38.087><x=0><y=0><width=768><height=1280><id=2131558495><imagename=migal_view>, android.view.MotionEvent@102278696)
I/org.umd.logging(14036): Method < 1 com.migal.android.MigalView.onTouchEvent(true)
E/Cataloger( 5092): syncFile:/storage/emulated/0/2016-12-06_03:51:38.087.jpg
I/org.umd.logging(14036): Method > 1307 com.migal.android.MigalView$1.run(com.migal.android.MigalView$1@139701630)
I/org.umd.logging(14036): Method < 1307 com.migal.android.MigalView$1.run()
E/Cataloger( 5092): syncFile:/storage/emulated/0/Android/data/com.fortafygames.colorswitch/files/.vungle/57d8ac961ed35abd4100001e_583ad4056c1bbcd212000094_datasci--primary--success/postRoll/bg.jpg
E/Cataloger( 5092): syncFile:/storage/emulated/0/Android/data/com.fortafygames.colorswitch/files/.vungle/57d8ac961ed35abd4100001e_583ad4056c1bbcd212000094_datasci--primary--success/postRoll/blue.png
E/Cataloger( 5092): syncFile:/storage/emulated/0/Android/data/com.fortafygames.colorswitch/files/.vungle/57d8ac961ed35abd4100001e_583ad4056c1bbcd212000094_datasci--primary--success/postRoll/blue.png
E/Cataloger( 5092): syncFile:/storage/emulated/0/Android/data/com.fortafygames.colorswitch/files/.vungle/57d8ac961ed35abd4100001e_583ad4056c1bbcd212000094_datasci--primary--success/postRoll/bubbles.gif
E/Cataloger( 5092): syncFile:/storage/emulated/0/Android/data/com.fortafygames.colorswitch/files/.vungle/57d8ac961ed35abd4100001e_583ad4056c1bbcd212000094_datasci--primary--success/postRoll/bubbles.gif
E/Cataloger( 5092): syncFile:/storage/emulated/0/Android/data/com.fortafygames.colorswitch/files/.vungle/57d8ac961ed35abd4100001e_583ad4056c1bbcd212000094_datasci--primary--success/postRoll/bubbles.png
E/Cataloger( 5092): syncFile:/storage/emulated/0/2016-12-06_03:51:38.301.jpg
E/Cataloger( 5092): syncFile:/storage/emulated/0/Android/data/com.fortafygames.colorswitch/files/.vungle/57d8ac961ed35abd4100001e_583ad4056c1bbcd212000094_datasci--primary--success/postRoll/bubbles.png
E/Cataloger( 5092): syncFile:/storage/emulated/0/Android/data/com.fortafygames.colorswitch/files/.vungle/57d8ac961ed35abd4100001e_583ad4056c1bbcd212000094_datasci--primary--success/postRoll/coin-back.png
I/org.umd.logging(14036): Method > 1 com.migal.android.MigalView.onTouchEvent(com.migal.android.MigalView@151448118<file=2016-12-06_03:51:38.301><x=0><y=0><width=768><height=1280><id=2131558495><imagename=migal_view>, android.view.MotionEvent@102278696)
I/org.umd.logging(14036): Method < 1 com.migal.android.MigalView.onTouchEvent(true)
I/org.umd.logging(14036): Method > 1307 com.migal.android.MigalView$1.run(com.migal.android.MigalView$1@938570463)
I/org.umd.logging(14036): Method < 1307 com.migal.android.MigalView$1.run()
E/Cataloger( 5092): syncFile:/storage/emulated/0/2016-12-06_03:51:38.301.jpg
E/Cataloger( 5092): syncFile:/storage/emulated/0/Android/data/com.fortafygames.colorswitch/files/.vungle/57d8ac961ed35abd4100001e_583ad4056c1bbcd212000094_datasci--primary--success/postRoll/coin-back.png
E/Cataloger( 5092): syncFile:/storage/emulated/0/Android/data/com.fortafygames.colorswitch/files/.vungle/57d8ac961ed35abd4100001e_583ad4056c1bbcd212000094_datasci--primary--success/postRoll/coin-mid.png
I/org.umd.logging(14036): Method < 1445 com.vungle.publisher.net.http.DownloadHttpGateway$1.run()
I/org.umd.logging(14036): Method < 1445 com.vungle.publisher.async.ScheduledPriorityExecutor$a$a.run()
I/org.umd.logging(14036): Method > 1445 com.vungle.publisher.async.ScheduledPriorityExecutor$a$a.run(com.vungle.publisher.async.ScheduledPriorityExecutor$a$a@440929068)
I/org.umd.logging(14036): Method > 1445 com.vungle.publisher.ad.prepare.PrepareViewableRunnable.run(com.vungle.publisher.ad.prepare.PrepareViewableRunnable@874273269)
E/Cataloger( 5092): syncFile:/storage/emulated/0/Android/data/com.fortafygames.colorswitch/files/.vungle/57d8ac961ed35abd4100001e_583ad4056c1bbcd212000094_datasci--primary--success/localVideo.mp4
I/org.umd.logging(14036): Method < 1445 com.vungle.publisher.ad.prepare.PrepareViewableRunnable.run()
I/org.umd.logging(14036): Method < 1445 com.vungle.publisher.async.ScheduledPriorityExecutor$a$a.run()
I/org.umd.logging(14036): Method > 1445 com.vungle.publisher.async.ScheduledPriorityExecutor$a$a.run(com.vungle.publisher.async.ScheduledPriorityExecutor$a$a@469312394)
E/Cataloger( 5092): syncFile:/storage/emulated/0/2016-12-06_03:51:38.498.jpg
E/Cataloger( 5092): syncFile:/storage/emulated/0/Android/data/com.fortafygames.colorswitch/files/al/playable_TB_LD_V2_p_03.js
I/org.umd.logging(14036): Method < 1445 com.vungle.publisher.async.ScheduledPriorityExecutor$a$a.run()
E/Cataloger( 5092): syncFile:/storage/emulated/0/Android/data/com.fortafygames.colorswitch/files/.vungle/57d8ac961ed35abd4100001e_583ad4056c1bbcd212000094_datasci--primary--success/postRoll/coin-mid.png
E/Cataloger( 5092): syncFile:/storage/emulated/0/Android/data/com.fortafygames.colorswitch/files/.vungle/57d8ac961ed35abd4100001e_583ad4056c1bbcd212000094_datasci--primary--success/postRoll/coin-top.png
I/org.umd.logging(14036): Api > 1435 java.net.URL.openConnection(java.net.URL@413425147<URL=http://assets.applovin.com/playable/playable_loader.gif>)
I/org.umd.logging(14036): Api < 1435 java.net.URL.openConnection(com.android.okhttp.internal.http.HttpURLConnectionImpl@1036037656)
E/Cataloger( 5092): syncFile:/storage/emulated/0/Android/data/com.fortafygames.colorswitch/files/al/playable_TB_LD_V2_p_03.js
E/Cataloger( 5092): syncFile:/storage/emulated/0/Android/data/com.fortafygames.colorswitch/files/al/playable_playable_loader.gif
I/org.umd.logging(14036): Api > 1435 java.net.URL.openConnection(java.net.URL@734916182<URL=http://vid.applovin.com/1475650244_320x570_opt_v1.mp4>)
I/org.umd.logging(14036): Api < 1435 java.net.URL.openConnection(com.android.okhttp.internal.http.HttpURLConnectionImpl@298901207)
E/Cataloger( 5092): syncFile:/storage/emulated/0/Android/data/com.fortafygames.colorswitch/files/al/playable_playable_loader.gif
I/org.umd.logging(14036): Method > 1 com.migal.android.MigalView.onTouchEvent(com.migal.android.MigalView@151448118<file=2016-12-06_03:51:38.498><x=0><y=0><width=768><height=1280><id=2131558495><imagename=migal_view>, android.view.MotionEvent@102278696)
I/org.umd.logging(14036): Method < 1 com.migal.android.MigalView.onTouchEvent(true)
E/Cataloger( 5092): syncFile:/storage/emulated/0/2016-12-06_03:51:38.498.jpg
I/org.umd.logging(14036): Method > 1307 com.migal.android.MigalView$1.run(com.migal.android.MigalView$1@723424196)
I/org.umd.logging(14036): Method < 1307 com.migal.android.MigalView$1.run()
E/Cataloger( 5092): syncFile:/storage/emulated/0/Android/data/com.fortafygames.colorswitch/files/.vungle/57d8ac961ed35abd4100001e_583ad4056c1bbcd212000094_datasci--primary--success/postRoll/coin-top.png
E/Cataloger( 5092): syncFile:/storage/emulated/0/Android/data/com.fortafygames.colorswitch/files/.vungle/57d8ac961ed35abd4100001e_583ad4056c1bbcd212000094_datasci--primary--success/postRoll/cta.png
E/Cataloger( 5092): syncFile:/storage/emulated/0/Android/data/com.fortafygames.colorswitch/files/.vungle/57d8ac961ed35abd4100001e_583ad4056c1bbcd212000094_datasci--primary--success/postRoll/cta.png
E/Cataloger( 5092): syncFile:/storage/emulated/0/Android/data/com.fortafygames.colorswitch/files/.vungle/57d8ac961ed35abd4100001e_583ad4056c1bbcd212000094_datasci--primary--success/postRoll/finger.png
E/Cataloger( 5092): syncFile:/storage/emulated/0/Android/data/com.fortafygames.colorswitch/files/.vungle/57d8ac961ed35abd4100001e_583ad4056c1bbcd212000094_datasci--primary--success/postRoll/finger.png
E/Cataloger( 5092): syncFile:/storage/emulated/0/Android/data/com.fortafygames.colorswitch/files/.vungle/57d8ac961ed35abd4100001e_583ad4056c1bbcd212000094_datasci--primary--success/postRoll/index.html
E/Cataloger( 5092): syncFile:/storage/emulated/0/Android/data/com.fortafygames.colorswitch/files/.vungle/57d8ac961ed35abd4100001e_583ad4056c1bbcd212000094_datasci--primary--success/postRoll/index.html
I/art     (14036): Background partial concurrent mark sweep GC freed 3422(270KB) AllocSpace objects, 11(21MB) LOS objects, 33% free, 31MB/47MB, paused 5.981ms total 94.094ms
E/Cataloger( 5092): syncFile:/storage/emulated/0/Android/data/com.fortafygames.colorswitch/files/.vungle/57d8ac961ed35abd4100001e_583ad4056c1bbcd212000094_datasci--primary--success/postRoll/logo.png
E/Cataloger( 5092): syncFile:/storage/emulated/0/2016-12-06_03:51:38.683.jpg
E/Cataloger( 5092): syncFile:/storage/emulated/0/Android/data/com.fortafygames.colorswitch/files/.vungle/57d8ac961ed35abd4100001e_583ad4056c1bbcd212000094_datasci--primary--success/postRoll/logo.png
E/Cataloger( 5092): syncFile:/storage/emulated/0/Android/data/com.fortafygames.colorswitch/files/.vungle/57d8ac961ed35abd4100001e_583ad4056c1bbcd212000094_datasci--primary--success/postRoll/style.css
E/Cataloger( 5092): need not sync path:/storage/emulated/0/Android/data/com.fortafygames.colorswitch/files/.vungle/57d8ac961ed35abd4100001e_583ad4056c1bbcd212000094_datasci--primary--success/postRoll/style.css
I/MIGAL   (14036): File_Load(1633, 0x0), size 96
I/MIGAL   (14036): => 0xb9178690
I/MIGAL   (14036): Load file 1633: SCENE_TUTO
I/MIGAL   (14036): TotalTexSize: 34816kB
I/MigalActivity(14036): trackScreen GameEndless Classic 0
I/MigalActivity(14036): builder: com.google.android.gms.analytics.HitBuilders$ScreenViewBuilder@3aa2d2ad
I/MIGAL   (14036): File_Load(1290, 0x0), size 96
I/MIGAL   (14036): => 0xb88ff810
I/MIGAL   (14036): Load file 1290: SPR_OBSTACLES6_SQUARE_SQUARE
I/MIGAL   (14036): File_Load(807, 0x0), size 96
I/MIGAL   (14036): => 0xb91f80f8
I/MIGAL   (14036): Load file 807: SPR_GAME_PAUSE
I/MIGAL   (14036): File_Load(810, 0x0), size 96
I/MIGAL   (14036): => 0xb88d8678
I/MIGAL   (14036): Load file 810: SPR_GAME_SCORE
I/MIGAL   (14036): File_Load(1358, 0x0), size 96
I/MIGAL   (14036): => 0xb8b6cf58
I/MIGAL   (14036): Load file 1358: SPR_POPUP_SECONDLIFE_POPUP
I/MIGAL   (14036): File_Load(1366, 0x0), size 96
I/MIGAL   (14036): => 0xb91895f8
I/MIGAL   (14036): Load file 1366: SPR_POPUP_SECONDLIFE_QUIT
I/MIGAL   (14036): File_Load(1365, 0x0), size 96
I/MIGAL   (14036): => 0xb91c6278
I/MIGAL   (14036): Load file 1365: SPR_POPUP_SECONDLIFE_NUMBER + 5
I/MIGAL   (14036): File_Load(827, 0x0), size 96
I/MIGAL   (14036): => 0xb8df1518
I/MIGAL   (14036): Load file 827: SPR_GAME_TITLE_TITLE
I/MIGAL   (14036): File_Load(806, 0x0), size 96
I/MIGAL   (14036): => 0xb902ce28
I/MIGAL   (14036): Load file 806: SPR_GAME_COLOR_SWITCH
I/MIGAL   (14036): File_Load(1209, 0x0), size 96
I/MIGAL   (14036): => 0xb8c2c2c8
I/MIGAL   (14036): Load file 1209: SPR_OBSTACLES1_MEDIUMCIRCLE_CIRCLE
I/MIGAL   (14036): File_Load(809, 0x0), size 96
I/MIGAL   (14036): => 0xb839e378
I/MIGAL   (14036): Load file 809: SPR_GAME_FINGER
I/MIGAL   (14036): Loading texture TEX_POPUP (56799 bytes)
I/MIGAL   (14036): Loading file
I/MIGAL   (14036): File_Load(31, 0x0), size 56799
I/MIGAL   (14036): => 0xb9278e08
I/MIGAL   (14036): File_Load(31, 0xb9278e08)
I/MIGAL   (14036): Load file 031: TEX_POPUP
I/MIGAL   (14036): Loading file 031, 56799B, from offset 2937808
I/MIGAL   (14036): Decompressing file...
I/MIGAL   (14036): LZ77_Decompress
I/MIGAL   (14036):  => OK !
I/MIGAL   (14036): Loading Texture 31 - TEX_POPUP : 512x1024, type 0, filter on...
I/MIGAL   (14036): Loaded Texture 31 - TEX_POPUP => 36864kB
I/MIGAL   (14036): Tex_Load OK!
I/org.umd.logging(14036): Api > 1307 android.media.MediaPlayer.pause(android.media.MediaPlayer@265508640)
I/org.umd.logging(14036): Api < 1307 android.media.MediaPlayer.pause()
I/org.umd.logging(14036): Api > 1307 android.media.MediaPlayer.stop(android.media.MediaPlayer@265508640)
D/NuPlayerDriver(  188): stop(0xb7c38270)
I/org.umd.logging(14036): Api < 1307 android.media.MediaPlayer.stop()
I/org.umd.logging(14036): Api > 1307 android.media.MediaPlayer.release(android.media.MediaPlayer@265508640)
D/NuPlayerDriver(  188): reset(0xb7c38270)
E/Cataloger( 5092): syncFile:/storage/emulated/0/Android/data/com.fortafygames.colorswitch/files/.vungle/57d8ac961ed35abd4100001e_583ad4056c1bbcd212000094_datasci--primary--success/postRoll/style.css
E/Cataloger( 5092): need not sync path:/storage/emulated/0/Android/data/com.fortafygames.colorswitch/files/.vungle/57d8ac961ed35abd4100001e_583ad4056c1bbcd212000094_datasci--primary--success/postRoll/style.css
E/Cataloger( 5092): syncFile:/storage/emulated/0/Android/data/com.fortafygames.colorswitch/files/.vungle/57d8ac961ed35abd4100001e_583ad4056c1bbcd212000094_datasci--primary--success/postRoll/vungle-fonticon.eot
E/Cataloger( 5092): need not sync path:/storage/emulated/0/Android/data/com.fortafygames.colorswitch/files/.vungle/57d8ac961ed35abd4100001e_583ad4056c1bbcd212000094_datasci--primary--success/postRoll/vungle-fonticon.eot
E/Cataloger( 5092): syncFile:/storage/emulated/0/Android/data/com.fortafygames.colorswitch/files/.vungle/57d8ac961ed35abd4100001e_583ad4056c1bbcd212000094_datasci--primary--success/postRoll/vungle-fonticon.eot
D/NuPlayerDriver(  188): notifyResetComplete(0xb7c38270)
I/org.umd.logging(14036): Method > 1 com.migal.android.MigalView.onTouchEvent(com.migal.android.MigalView@151448118<file=2016-12-06_03:51:38.683><x=0><y=0><width=768><height=1280><id=2131558495><imagename=migal_view>, android.view.MotionEvent@102278696)
I/org.umd.logging(14036): Api < 1307 android.media.MediaPlayer.release()
I/MIGAL   (14036): Play file music.mp3
I/MigalAudioManager(14036): Resolve path for music.mp3
I/org.umd.logging(14036): Method < 1 com.migal.android.MigalView.onTouchEvent(true)
I/org.umd.logging(14036): Api > 1307 android.media.MediaPlayer.create(com.migal.android.MigalActivity@569115337<activity=true>, android.net.Uri$StringUri@844274146<URI=android.resource://com.fortafygames.colorswitch/raw/music>)
I/org.umd.logging(14036): Method > 1326 com.heyzap.sdk.mediation.adapter.UnityadsAdapter$1$1$2.run(com.heyzap.sdk.mediation.adapter.UnityadsAdapter$1$1$2@515046510)
I/org.umd.logging(14036): Api > 1326 android.net.ConnectivityManager.getActiveNetworkInfo(android.net.ConnectivityManager@994638928)
I/org.umd.logging(14036): Api < 1326 android.net.ConnectivityManager.getActiveNetworkInfo(android.net.NetworkInfo@1054511475)
I/UnityAds(14036): com.unity3d.ads.android.UnityAds.a() (line:-1) :: Unity Ads is ready to show ads
I/org.umd.logging(14036): Api > 1326 android.net.ConnectivityManager.getActiveNetworkInfo(android.net.ConnectivityManager@994638928)
I/org.umd.logging(14036): Api < 1326 android.net.ConnectivityManager.getActiveNetworkInfo(android.net.NetworkInfo@223553584)
I/org.umd.logging(14036): Method < 1326 com.heyzap.sdk.mediation.adapter.UnityadsAdapter$1$1$2.run()
E/Cataloger( 5092): need not sync path:/storage/emulated/0/Android/data/com.fortafygames.colorswitch/files/.vungle/57d8ac961ed35abd4100001e_583ad4056c1bbcd212000094_datasci--primary--success/postRoll/vungle-fonticon.eot
E/Cataloger( 5092): syncFile:/storage/emulated/0/Android/data/com.fortafygames.colorswitch/files/.vungle/57d8ac961ed35abd4100001e_583ad4056c1bbcd212000094_datasci--primary--success/postRoll/vungle-fonticon.svg
E/Cataloger( 5092): need not sync path:/storage/emulated/0/Android/data/com.fortafygames.colorswitch/files/.vungle/57d8ac961ed35abd4100001e_583ad4056c1bbcd212000094_datasci--primary--success/postRoll/vungle-fonticon.svg
E/Cataloger( 5092): syncFile:/storage/emulated/0/Android/data/com.fortafygames.colorswitch/files/.vungle/57d8ac961ed35abd4100001e_583ad4056c1bbcd212000094_datasci--primary--success/postRoll/vungle-fonticon.svg
E/Cataloger( 5092): need not sync path:/storage/emulated/0/Android/data/com.fortafygames.colorswitch/files/.vungle/57d8ac961ed35abd4100001e_583ad4056c1bbcd212000094_datasci--primary--success/postRoll/vungle-fonticon.svg
E/Cataloger( 5092): syncFile:/storage/emulated/0/Android/data/com.fortafygames.colorswitch/files/.vungle/57d8ac961ed35abd4100001e_583ad4056c1bbcd212000094_datasci--primary--success/postRoll/vungle-fonticon.ttf
E/Cataloger( 5092): need not sync path:/storage/emulated/0/Android/data/com.fortafygames.colorswitch/files/.vungle/57d8ac961ed35abd4100001e_583ad4056c1bbcd212000094_datasci--primary--success/postRoll/vungle-fonticon.ttf
E/Cataloger( 5092): syncFile:/storage/emulated/0/Android/data/com.fortafygames.colorswitch/files/.vungle/57d8ac961ed35abd4100001e_583ad4056c1bbcd212000094_datasci--primary--success/postRoll/vungle-fonticon.ttf
E/Cataloger( 5092): need not sync path:/storage/emulated/0/Android/data/com.fortafygames.colorswitch/files/.vungle/57d8ac961ed35abd4100001e_583ad4056c1bbcd212000094_datasci--primary--success/postRoll/vungle-fonticon.ttf
E/Cataloger( 5092): syncFile:/storage/emulated/0/Android/data/com.fortafygames.colorswitch/files/.vungle/57d8ac961ed35abd4100001e_583ad4056c1bbcd212000094_datasci--primary--success/postRoll/vungle-fonticon.woff
E/Cataloger( 5092): need not sync path:/storage/emulated/0/Android/data/com.fortafygames.colorswitch/files/.vungle/57d8ac961ed35abd4100001e_583ad4056c1bbcd212000094_datasci--primary--success/postRoll/vungle-fonticon.woff
E/Cataloger( 5092): syncFile:/storage/emulated/0/Android/data/com.fortafygames.colorswitch/files/.vungle/57d8ac961ed35abd4100001e_583ad4056c1bbcd212000094_datasci--primary--success/postRoll/vungle-fonticon.woff
E/Cataloger( 5092): need not sync path:/storage/emulated/0/Android/data/com.fortafygames.colorswitch/files/.vungle/57d8ac961ed35abd4100001e_583ad4056c1bbcd212000094_datasci--primary--success/postRoll/vungle-fonticon.woff
E/Cataloger( 5092): syncFile:/storage/emulated/0/Android/data/com.fortafygames.colorswitch/files/.vungle/57d8ac961ed35abd4100001e_583ad4056c1bbcd212000094_datasci--primary--success/postRoll/vungle.css
E/Cataloger( 5092): need not sync path:/storage/emulated/0/Android/data/com.fortafygames.colorswitch/files/.vungle/57d8ac961ed35abd4100001e_583ad4056c1bbcd212000094_datasci--primary--success/postRoll/vungle.css
E/Cataloger( 5092): syncFile:/storage/emulated/0/Android/data/com.fortafygames.colorswitch/files/.vungle/57d8ac961ed35abd4100001e_583ad4056c1bbcd212000094_datasci--primary--success/postRoll/vungle.css
E/Cataloger( 5092): need not sync path:/storage/emulated/0/Android/data/com.fortafygames.colorswitch/files/.vungle/57d8ac961ed35abd4100001e_583ad4056c1bbcd212000094_datasci--primary--success/postRoll/vungle.css
E/Cataloger( 5092): syncFile:/storage/emulated/0/Android/data/com.fortafygames.colorswitch/files/.vungle/57d8ac961ed35abd4100001e_583ad4056c1bbcd212000094_datasci--primary--success/postRoll/vungle.js
E/Cataloger( 5092): syncFile:/storage/emulated/0/Android/data/com.fortafygames.colorswitch/files/.vungle/57d8ac961ed35abd4100001e_583ad4056c1bbcd212000094_datasci--primary--success/postRoll/vungle.js
E/Cataloger( 5092): syncFile:/storage/emulated/0/2016-12-06_03:51:38.683.jpg
E/MediaPlayer(14036): Should have subtitle controller already set
I/org.umd.logging(14036): Api < 1307 android.media.MediaPlayer.create(android.media.MediaPlayer@528773678)
I/org.umd.logging(14036): Api > 1307 android.media.MediaPlayer.start(android.media.MediaPlayer@528773678)
D/NuPlayerDriver(  188): start(0xb7c24b68)
I/GenericSource(  188): start
I/org.umd.logging(14036): Api < 1307 android.media.MediaPlayer.start()
I/org.umd.logging(14036): Method > 1307 com.migal.android.MigalView$1.run(com.migal.android.MigalView$1@63099343)
I/org.umd.logging(14036): Method < 1307 com.migal.android.MigalView$1.run()
E/Cataloger( 5092): syncFile:/storage/emulated/0/2016-12-06_03:51:38.869.jpg
E/Cataloger( 5092): syncFile:/storage/emulated/0/2016-12-06_03:51:38.869.jpg
I/org.umd.logging(14036): Method > 1 com.migal.android.MigalView.onTouchEvent(com.migal.android.MigalView@151448118<file=2016-12-06_03:51:38.869><x=0><y=0><width=768><height=1280><id=2131558495><imagename=migal_view>, android.view.MotionEvent@102278696)
I/org.umd.logging(14036): Method < 1 com.migal.android.MigalView.onTouchEvent(true)
I/org.umd.logging(14036): Method > 1307 com.migal.android.MigalView$1.run(com.migal.android.MigalView$1@184194908)
I/org.umd.logging(14036): Method < 1307 com.migal.android.MigalView$1.run()
E/DataBuffer(14405): Internal data leak within a DataBuffer object detected!  Be sure to explicitly call release() on all DataBuffer extending objects when you are done with them. (internal object: com.google.android.gms.common.data.DataHolder@f40a5f3)
E/Cataloger( 5092): syncFile:/storage/emulated/0/2016-12-06_03:51:39.062.jpg
E/Cataloger( 5092): syncFile:/storage/emulated/0/Android/data/com.fortafygames.colorswitch/files/al/1475650244_320x570_opt_v1.mp4
E/Cataloger( 5092): syncFile:/storage/emulated/0/Android/data/com.fortafygames.colorswitch/files/al/1475650244_320x570_opt_v1.mp4
I/org.umd.logging(14036): Api > 1435 java.net.URL.openConnection(java.net.URL@871934565<URL=http://assets.applovin.com/sound_off.png>)
I/org.umd.logging(14036): Api < 1435 java.net.URL.openConnection(com.android.okhttp.internal.http.HttpURLConnectionImpl@334070586)
E/Cataloger( 5092): syncFile:/storage/emulated/0/Android/data/com.fortafygames.colorswitch/files/al/sound_off.png
E/Cataloger( 5092): syncFile:/storage/emulated/0/Android/data/com.fortafygames.colorswitch/files/al/sound_off.png
I/org.umd.logging(14036): Api > 1435 java.net.URL.openConnection(java.net.URL@423934955<URL=http://assets.applovin.com/sound_on.png>)
I/org.umd.logging(14036): Api < 1435 java.net.URL.openConnection(com.android.okhttp.internal.http.HttpURLConnectionImpl@910675272)
E/Cataloger( 5092): syncFile:/storage/emulated/0/Android/data/com.fortafygames.colorswitch/files/al/sound_on.png
E/Cataloger( 5092): syncFile:/storage/emulated/0/Android/data/com.fortafygames.colorswitch/files/al/sound_on.png
I/org.umd.logging(14036): Method < 1435 com.applovin.impl.sdk.cv.run()
I/org.umd.logging(14036): Api > 1435 android.net.ConnectivityManager.getActiveNetworkInfo(android.net.ConnectivityManager@1050392154)
I/org.umd.logging(14036): Api < 1435 android.net.ConnectivityManager.getActiveNetworkInfo(android.net.NetworkInfo@181307361)
I/org.umd.logging(14036): Method < 1435 com.applovin.impl.sdk.cu.run()
I/org.umd.logging(14036): Method > 1435 com.applovin.impl.sdk.cu.run(com.applovin.impl.sdk.cu@6068486)
I/org.umd.logging(14036): Method > 1435 com.applovin.impl.sdk.cv.run(com.applovin.impl.sdk.cv@1051798471)
I/org.umd.logging(14036): Method > 1 com.migal.android.MigalView.onTouchEvent(com.migal.android.MigalView@151448118<file=2016-12-06_03:51:39.062><x=0><y=0><width=768><height=1280><id=2131558495><imagename=migal_view>, android.view.MotionEvent@102278696)
I/org.umd.logging(14036): Method < 1 com.migal.android.MigalView.onTouchEvent(true)
E/Cataloger( 5092): syncFile:/storage/emulated/0/2016-12-06_03:51:39.062.jpg
I/org.umd.logging(14036): Api > 1435 java.net.URL.openConnection(java.net.URL@263222772<URL=http://assets.applovin.com/spinner4.gif>)
I/org.umd.logging(14036): Api < 1435 java.net.URL.openConnection(com.android.okhttp.internal.http.HttpURLConnectionImpl@550158621)
I/org.umd.logging(14036): Method > 1307 com.migal.android.MigalView$1.run(com.migal.android.MigalView$1@916012946)
I/org.umd.logging(14036): Method < 1307 com.migal.android.MigalView$1.run()
E/Cataloger( 5092): syncFile:/storage/emulated/0/Android/data/com.fortafygames.colorswitch/files/al/spinner4.gif
I/org.umd.logging(14036): Api > 1435 java.net.URL.openConnection(java.net.URL@764067171<URL=http://vid.applovin.com/1477689804_1024x768.mp4>)
E/Cataloger( 5092): syncFile:/storage/emulated/0/Android/data/com.fortafygames.colorswitch/files/al/spinner4.gif
I/org.umd.logging(14036): Api < 1435 java.net.URL.openConnection(com.android.okhttp.internal.http.HttpURLConnectionImpl@123272544)
E/Cataloger( 5092): syncFile:/storage/emulated/0/Android/data/com.fortafygames.colorswitch/files/al/1477689804_1024x768.mp4
E/Cataloger( 5092): syncFile:/storage/emulated/0/Android/data/com.fortafygames.colorswitch/files/al/1477689804_1024x768.mp4
I/org.umd.logging(14036): Method < 1435 com.applovin.impl.sdk.cv.run()
I/org.umd.logging(14036): Api > 1435 android.net.ConnectivityManager.getActiveNetworkInfo(android.net.ConnectivityManager@1050392154)
I/org.umd.logging(14036): Api < 1435 android.net.ConnectivityManager.getActiveNetworkInfo(android.net.NetworkInfo@374821401)
E/Cataloger( 5092): syncFile:/storage/emulated/0/2016-12-06_03:51:39.269.jpg
I/org.umd.logging(14036): Method < 1435 com.applovin.impl.sdk.cu.run()
I/org.umd.logging(14036): Method > 1435 com.applovin.impl.sdk.cu.run(com.applovin.impl.sdk.cu@914866910)
I/org.umd.logging(14036): Method > 1435 com.applovin.impl.sdk.cv.run(com.applovin.impl.sdk.cv@719441087)
I/org.umd.logging(14036): Api > 1435 java.net.URL.openConnection(java.net.URL@692096908<URL=http://img.applovin.com/jquery-1.9.1.min.js>)
I/org.umd.logging(14036): Api < 1435 java.net.URL.openConnection(com.android.okhttp.internal.http.HttpURLConnectionImpl@243398357)
D/ThermalDaemon(  194): Sensor 'tsens_tz_sensor4' - alarm raised 1 at 61.0 degC
D/ThermalDaemon(  194): Sensor 'tsens_tz_sensor1' - alarm raised 1 at 62.0 degC
D/ThermalDaemon(  194): Sensor 'tsens_tz_sensor5' - alarm raised 1 at 63.0 degC
E/Cataloger( 5092): syncFile:/storage/emulated/0/Android/data/com.fortafygames.colorswitch/files/al/jquery-1.9.1.min.js
E/Cataloger( 5092): syncFile:/storage/emulated/0/Android/data/com.fortafygames.colorswitch/files/al/jquery-1.9.1.min.js
I/org.umd.logging(14036): Api > 1435 java.net.URL.openConnection(java.net.URL@71905002<URL=http://img.applovin.com/jquery.knob.js>)
I/org.umd.logging(14036): Api < 1435 java.net.URL.openConnection(com.android.okhttp.internal.http.HttpURLConnectionImpl@309360091)
I/org.umd.logging(14036): Method < 1444 com.vungle.publisher.ad.prepare.PrepareViewableRunnable.run()
I/org.umd.logging(14036): Method < 1444 com.vungle.publisher.async.ScheduledPriorityExecutor$a$a.run()
I/org.umd.logging(14036): Method > 1444 com.vungle.publisher.async.ScheduledPriorityExecutor$a$a.run(com.vungle.publisher.async.ScheduledPriorityExecutor$a$a@539826296)
I/org.umd.logging(14036): Method > 1 com.migal.android.MigalView.onTouchEvent(com.migal.android.MigalView@151448118<file=2016-12-06_03:51:39.269><x=0><y=0><width=768><height=1280><id=2131558495><imagename=migal_view>, android.view.MotionEvent@102278696)
I/org.umd.logging(14036): Method < 1 com.migal.android.MigalView.onTouchEvent(true)
