E/Cataloger( 5092): syncFile:/storage/emulated/0/2016-12-06_03:51:39.269.jpg
I/org.umd.logging(14036): Method > 1307 com.migal.android.MigalView$1.run(com.migal.android.MigalView$1@318984118)
I/org.umd.logging(14036): Method < 1307 com.migal.android.MigalView$1.run()
E/Cataloger( 5092): syncFile:/storage/emulated/0/Android/data/com.fortafygames.colorswitch/files/al/jquery.knob.js
I/org.umd.logging(14036): Api > 1435 java.net.URL.openConnection(java.net.URL@930518199<URL=http://img.applovin.com/1380229154.js>)
E/Cataloger( 5092): syncFile:/storage/emulated/0/Android/data/com.fortafygames.colorswitch/files/al/jquery.knob.js
I/org.umd.logging(14036): Api < 1435 java.net.URL.openConnection(com.android.okhttp.internal.http.HttpURLConnectionImpl@995574820)
E/Cataloger( 5092): syncFile:/storage/emulated/0/Android/data/com.fortafygames.colorswitch/files/al/1380229154.js
E/Cataloger( 5092): syncFile:/storage/emulated/0/Android/data/com.fortafygames.colorswitch/files/al/1380229154.js
I/org.umd.logging(14036): Api > 1435 java.net.URL.openConnection(java.net.URL@851651469<URL=http://img.applovin.com/1475586088_1024x768.gif>)
I/org.umd.logging(14036): Api < 1435 java.net.URL.openConnection(com.android.okhttp.internal.http.HttpURLConnectionImpl@275558722)
E/Cataloger( 5092): syncFile:/storage/emulated/0/2016-12-06_03:51:39.452.jpg
I/org.umd.logging(14036): Method > 1 com.migal.android.MigalView.onTouchEvent(com.migal.android.MigalView@151448118<file=2016-12-06_03:51:39.452><x=0><y=0><width=768><height=1280><id=2131558495><imagename=migal_view>, android.view.MotionEvent@102278696)
I/org.umd.logging(14036): Method < 1 com.migal.android.MigalView.onTouchEvent(true)
E/Cataloger( 5092): syncFile:/storage/emulated/0/2016-12-06_03:51:39.452.jpg
I/org.umd.logging(14036): Method > 1307 com.migal.android.MigalView$1.run(com.migal.android.MigalView$1@591655817)
I/org.umd.logging(14036): Method < 1307 com.migal.android.MigalView$1.run()
I/org.umd.logging(14036): Method < 1444 com.vungle.publisher.async.ScheduledPriorityExecutor$a$a.run()
I/org.umd.logging(14036): Method > 1476 com.vungle.publisher.async.ScheduledPriorityExecutor$a$a.run(com.vungle.publisher.async.ScheduledPriorityExecutor$a$a@650965948)
I/org.umd.logging(14036): Method > 1476 com.vungle.publisher.event.ClientEventListenerAdapter$1.run(com.vungle.publisher.event.ClientEventListenerAdapter$1@1032005274)
I/org.umd.logging(14036): Method > 1476 com.heyzap.common.concurrency.ExecutionList$RunnableExecutorPair.execute(com.heyzap.common.concurrency.ExecutionList$RunnableExecutorPair@464948171)
I/org.umd.logging(14036): Method > 1476 com.heyzap.common.concurrency.ExecutorPool$WrappedScheduledThreadPoolExecutor.execute(com.heyzap.common.concurrency.ExecutorPool$WrappedScheduledThreadPoolExecutor@785424995, com.heyzap.mediation.handler.StatusListenerMultiplexer$5$1@357797800)
I/org.umd.logging(14036): Method < 1476 com.heyzap.common.concurrency.ExecutorPool$WrappedScheduledThreadPoolExecutor.execute()
I/org.umd.logging(14036): Method > 1319 com.heyzap.common.concurrency.WrappedRunnable.run(com.heyzap.common.concurrency.WrappedRunnable@239700673)
I/org.umd.logging(14036): Method > 1319 com.heyzap.common.concurrency.FutureUtils$FutureRunnable.run(com.heyzap.mediation.handler.StatusListenerMultiplexer$5$1@357797800)
I/org.umd.logging(14036): Method > 1319 com.heyzap.mediation.handler.StatusListenerMultiplexer$5$1.run(com.heyzap.mediation.handler.StatusListenerMultiplexer$5$1@357797800, com.heyzap.common.lifecycle.FetchResult@266146406, null)
I/org.umd.logging(14036): Method < 1476 com.heyzap.common.concurrency.ExecutionList$RunnableExecutorPair.execute()
I/org.umd.logging(14036): Method < 1319 com.heyzap.mediation.handler.StatusListenerMultiplexer$5$1.run()
I/org.umd.logging(14036): Method < 1319 com.heyzap.common.concurrency.FutureUtils$FutureRunnable.run()
I/org.umd.logging(14036): Method < 1319 com.heyzap.common.concurrency.WrappedRunnable.run()
I/org.umd.logging(14036): Method > 1476 com.heyzap.common.concurrency.ExecutionList$RunnableExecutorPair.execute(com.heyzap.common.concurrency.ExecutionList$RunnableExecutorPair@1033902503)
I/org.umd.logging(14036): Method > 1476 com.heyzap.common.concurrency.ExecutorPool$WrappedScheduledThreadPoolExecutor.execute(com.heyzap.common.concurrency.ExecutorPool$WrappedScheduledThreadPoolExecutor@785424995, com.heyzap.mediation.handler.StatusListenerMultiplexer$5$1@52821588)
I/org.umd.logging(14036): Method < 1476 com.heyzap.common.concurrency.ExecutorPool$WrappedScheduledThreadPoolExecutor.execute()
I/org.umd.logging(14036): Method < 1476 com.heyzap.common.concurrency.ExecutionList$RunnableExecutorPair.execute()
I/org.umd.logging(14036): Method > 1476 com.heyzap.common.concurrency.ExecutionList$RunnableExecutorPair.execute(com.heyzap.common.concurrency.ExecutionList$RunnableExecutorPair@866324989)
I/org.umd.logging(14036): Method > 1476 com.heyzap.common.concurrency.ExecutorPool$WrappedScheduledThreadPoolExecutor.execute(com.heyzap.common.concurrency.ExecutorPool$WrappedScheduledThreadPoolExecutor@785424995, com.heyzap.sdk.mediation.adapter.VungleAdapter$2$2@856599488)
I/org.umd.logging(14036): Method > 1317 com.heyzap.common.concurrency.WrappedRunnable.run(com.heyzap.common.concurrency.WrappedRunnable@202625273)
I/org.umd.logging(14036): Method > 1317 com.heyzap.sdk.mediation.adapter.VungleAdapter$2$2.run(com.heyzap.sdk.mediation.adapter.VungleAdapter$2$2@856599488)
I/org.umd.logging(14036): Method < 1317 com.heyzap.sdk.mediation.adapter.VungleAdapter$2$2.run()
I/org.umd.logging(14036): Method < 1317 com.heyzap.common.concurrency.WrappedRunnable.run()
I/org.umd.logging(14036): Method > 1316 com.heyzap.common.concurrency.WrappedRunnable.run(com.heyzap.common.concurrency.WrappedRunnable@129108030)
I/org.umd.logging(14036): Method > 1316 com.heyzap.common.concurrency.FutureUtils$FutureRunnable.run(com.heyzap.mediation.handler.StatusListenerMultiplexer$5$1@52821588)
I/org.umd.logging(14036): Method > 1316 com.heyzap.mediation.handler.StatusListenerMultiplexer$5$1.run(com.heyzap.mediation.handler.StatusListenerMultiplexer$5$1@52821588, com.heyzap.common.lifecycle.FetchResult@266146406, null)
I/org.umd.logging(14036): Method < 1316 com.heyzap.mediation.handler.StatusListenerMultiplexer$5$1.run()
I/org.umd.logging(14036): Method < 1316 com.heyzap.common.concurrency.FutureUtils$FutureRunnable.run()
I/org.umd.logging(14036): Method < 1316 com.heyzap.common.concurrency.WrappedRunnable.run()
I/org.umd.logging(14036): Method < 1476 com.heyzap.common.concurrency.ExecutorPool$WrappedScheduledThreadPoolExecutor.execute()
I/org.umd.logging(14036): Method < 1476 com.heyzap.common.concurrency.ExecutionList$RunnableExecutorPair.execute()
I/org.umd.logging(14036): Method > 1476 com.heyzap.common.concurrency.ExecutionList$RunnableExecutorPair.execute(com.heyzap.common.concurrency.ExecutionList$RunnableExecutorPair@591697567)
I/org.umd.logging(14036): Method > 1476 com.heyzap.common.concurrency.ExecutorPool$WrappedScheduledThreadPoolExecutor.execute(com.heyzap.common.concurrency.ExecutorPool$WrappedScheduledThreadPoolExecutor@785424995, com.heyzap.common.concurrency.FutureUtils$4@135447532)
I/org.umd.logging(14036): Method < 1476 com.heyzap.common.concurrency.ExecutorPool$WrappedScheduledThreadPoolExecutor.execute()
I/org.umd.logging(14036): Method > 1324 com.heyzap.common.concurrency.WrappedRunnable.run(com.heyzap.common.concurrency.WrappedRunnable@473400245)
I/org.umd.logging(14036): Method < 1476 com.heyzap.common.concurrency.ExecutionList$RunnableExecutorPair.execute()
I/org.umd.logging(14036): Method > 1324 com.heyzap.common.concurrency.FutureUtils$FutureRunnable.run(com.heyzap.common.concurrency.FutureUtils$4@135447532)
I/org.umd.logging(14036): Method < 1476 com.vungle.publisher.event.ClientEventListenerAdapter$1.run()
I/org.umd.logging(14036): Method < 1476 com.vungle.publisher.async.ScheduledPriorityExecutor$a$a.run()
I/org.umd.logging(14036): Method > 1324 com.heyzap.common.concurrency.FutureUtils$4.run(com.heyzap.common.concurrency.FutureUtils$4@135447532, com.heyzap.common.lifecycle.FetchResult@266146406, null)
I/org.umd.logging(14036): Method > 1324 com.heyzap.common.concurrency.ExecutionList$RunnableExecutorPair.execute(com.heyzap.common.concurrency.ExecutionList$RunnableExecutorPair@12741194)
I/org.umd.logging(14036): Method > 1324 com.heyzap.common.concurrency.ExecutorPool$WrappedScheduledThreadPoolExecutor.execute(com.heyzap.common.concurrency.ExecutorPool$WrappedScheduledThreadPoolExecutor@785424995, com.heyzap.mediation.ConcurrentLoaderStrategy$2@241565115)
I/org.umd.logging(14036): Method < 1324 com.heyzap.common.concurrency.ExecutorPool$WrappedScheduledThreadPoolExecutor.execute()
I/org.umd.logging(14036): Method > 1322 com.heyzap.common.concurrency.WrappedRunnable.run(com.heyzap.common.concurrency.WrappedRunnable@777925336)
I/org.umd.logging(14036): Method < 1324 com.heyzap.common.concurrency.ExecutionList$RunnableExecutorPair.execute()
I/org.umd.logging(14036): Method > 1322 com.heyzap.mediation.ConcurrentLoaderStrategy$2.run(com.heyzap.mediation.ConcurrentLoaderStrategy$2@241565115)
I/org.umd.logging(14036): Method < 1324 com.heyzap.common.concurrency.FutureUtils$4.run()
I/org.umd.logging(14036): Method < 1324 com.heyzap.common.concurrency.FutureUtils$FutureRunnable.run()
I/org.umd.logging(14036): Api > 1322 java.lang.Object.start(com.heyzap.sdk.mediation.adapter.FacebookAdapter@480880177, com.heyzap.common.lifecycle.FetchOptions@532996374)
I/org.umd.logging(14036): Method < 1324 com.heyzap.common.concurrency.WrappedRunnable.run()
I/org.umd.logging(14036): Method > 1322 com.heyzap.mediation.abstr.FetchBackedNetworkAdapter.start(com.heyzap.sdk.mediation.adapter.FacebookAdapter@480880177, com.heyzap.common.lifecycle.FetchOptions@532996374)
I/org.umd.logging(14036): Method > 1322 com.heyzap.internal.RetryManager.start(com.heyzap.internal.RetryManager@812432023)
I/org.umd.logging(14036): Method > 1326 com.heyzap.mediation.abstr.FetchBackedNetworkAdapter$2.run(com.heyzap.mediation.abstr.FetchBackedNetworkAdapter$2@653239428)
I/org.umd.logging(14036): Method < 1326 com.heyzap.mediation.abstr.FetchBackedNetworkAdapter$2.run()
I/org.umd.logging(14036): Method > 1326 com.heyzap.mediation.adapter.FetchRequestConsumer$ConsumeCallback.run(com.heyzap.mediation.adapter.FetchRequestConsumer$ConsumeCallback@440497261)
I/org.umd.logging(14036): Method > 1326 com.heyzap.mediation.abstr.FetchBackedNetworkAdapter$2$1.run(com.heyzap.mediation.abstr.FetchBackedNetworkAdapter$2$1@413530274)
I/org.umd.logging(14036): Method > 1326 com.heyzap.common.concurrency.ExecutionList$RunnableExecutorPair.execute(com.heyzap.common.concurrency.ExecutionList$RunnableExecutorPair@1069050163)
I/org.umd.logging(14036): Method < 1322 com.heyzap.internal.RetryManager.start()
I/org.umd.logging(14036): Method > 1326 com.heyzap.common.concurrency.ExecutorPool$WrappedScheduledThreadPoolExecutor.execute(com.heyzap.common.concurrency.ExecutorPool$WrappedScheduledThreadPoolExecutor@785424995, com.heyzap.mediation.abstr.FetchBackedNetworkAdapter$2$1$1@570721520)
I/org.umd.logging(14036): Method < 1322 com.heyzap.mediation.abstr.FetchBackedNetworkAdapter.start(com.heyzap.common.concurrency.SettableFuture@504228457)
I/org.umd.logging(14036): Method < 1326 com.heyzap.common.concurrency.ExecutorPool$WrappedScheduledThreadPoolExecutor.execute()
I/org.umd.logging(14036): Api < 1322 java.lang.Object.start(com.heyzap.common.concurrency.SettableFuture@504228457)
I/org.umd.logging(14036): Method < 1326 com.heyzap.common.concurrency.ExecutionList$RunnableExecutorPair.execute()
I/org.umd.logging(14036): Method < 1322 com.heyzap.mediation.ConcurrentLoaderStrategy$2.run()
I/org.umd.logging(14036): Method < 1322 com.heyzap.common.concurrency.WrappedRunnable.run()
I/org.umd.logging(14036): Method < 1326 com.heyzap.mediation.abstr.FetchBackedNetworkAdapter$2$1.run()
I/org.umd.logging(14036): Method > 1322 com.heyzap.common.concurrency.WrappedRunnable.run(com.heyzap.common.concurrency.WrappedRunnable@1066335470)
I/org.umd.logging(14036): Method < 1326 com.heyzap.mediation.adapter.FetchRequestConsumer$ConsumeCallback.run()
I/org.umd.logging(14036): Method > 1322 com.heyzap.mediation.abstr.FetchBackedNetworkAdapter$2$1$1.run(com.heyzap.mediation.abstr.FetchBackedNetworkAdapter$2$1$1@570721520)
I/org.umd.logging(14036): Method > 1322 com.heyzap.common.concurrency.ExecutionList$RunnableExecutorPair.execute(com.heyzap.common.concurrency.ExecutionList$RunnableExecutorPair@788948367)
I/org.umd.logging(14036): Method > 1322 com.heyzap.common.concurrency.ExecutorPool$WrappedScheduledThreadPoolExecutor.execute(com.heyzap.common.concurrency.ExecutorPool$WrappedScheduledThreadPoolExecutor@785424995, com.heyzap.common.concurrency.FutureUtils$4@340066332)
I/org.umd.logging(14036): Method > 1321 com.heyzap.common.concurrency.WrappedRunnable.run(com.heyzap.common.concurrency.WrappedRunnable@420594725)
I/org.umd.logging(14036): Method > 1321 com.heyzap.common.concurrency.FutureUtils$FutureRunnable.run(com.heyzap.common.concurrency.FutureUtils$4@340066332)
I/org.umd.logging(14036): Method > 1321 com.heyzap.common.concurrency.FutureUtils$4.run(com.heyzap.common.concurrency.FutureUtils$4@340066332, true, null)
I/org.umd.logging(14036): Method > 1321 com.heyzap.common.concurrency.ExecutionList$RunnableExecutorPair.execute(com.heyzap.common.concurrency.ExecutionList$RunnableExecutorPair@804387322)
I/org.umd.logging(14036): Method > 1321 com.heyzap.common.concurrency.ExecutorPool$WrappedScheduledThreadPoolExecutor.execute(com.heyzap.common.concurrency.ExecutorPool$WrappedScheduledThreadPoolExecutor@785424995, com.heyzap.mediation.ConcurrentLoaderStrategy$2@898485163)
I/org.umd.logging(14036): Method < 1321 com.heyzap.common.concurrency.ExecutorPool$WrappedScheduledThreadPoolExecutor.execute()
I/org.umd.logging(14036): Method > 1324 com.heyzap.common.concurrency.WrappedRunnable.run(com.heyzap.common.concurrency.WrappedRunnable@850395656)
I/org.umd.logging(14036): Method > 1324 com.heyzap.mediation.ConcurrentLoaderStrategy$2.run(com.heyzap.mediation.ConcurrentLoaderStrategy$2@898485163)
I/org.umd.logging(14036): Method < 1321 com.heyzap.common.concurrency.ExecutionList$RunnableExecutorPair.execute()
I/org.umd.logging(14036): Api > 1324 java.lang.Object.start(com.heyzap.sdk.mediation.adapter.ApplovinAdapter@48496086, com.heyzap.common.lifecycle.FetchOptions@264207777)
I/org.umd.logging(14036): Method > 1324 com.heyzap.mediation.abstr.AdUnitNetworkAdapter.start(com.heyzap.sdk.mediation.adapter.ApplovinAdapter@48496086, com.heyzap.common.lifecycle.FetchOptions@264207777)
I/org.umd.logging(14036): Method > 1324 com.heyzap.mediation.adapter.AdUnitStateManager.start(com.heyzap.mediation.adapter.AdUnitStateManager@158998882, java.util.MiniEnumSet@408271814)
I/org.umd.logging(14036): Method < 1321 com.heyzap.common.concurrency.FutureUtils$4.run()
I/org.umd.logging(14036): Method < 1321 com.heyzap.common.concurrency.FutureUtils$FutureRunnable.run()
I/org.umd.logging(14036): Method < 1324 com.heyzap.mediation.adapter.AdUnitStateManager.start(java.util.HashSet@1021015943)
I/org.umd.logging(14036): Method < 1321 com.heyzap.common.concurrency.WrappedRunnable.run()
I/org.umd.logging(14036): Method > 1324 com.heyzap.common.concurrency.ExecutionList$RunnableExecutorPair.execute(com.heyzap.common.concurrency.ExecutionList$RunnableExecutorPair@21444276)
I/org.umd.logging(14036): Method > 1324 com.heyzap.common.concurrency.ExecutorPool$WrappedScheduledThreadPoolExecutor.execute(com.heyzap.common.concurrency.ExecutorPool$WrappedScheduledThreadPoolExecutor@785424995, com.heyzap.sdk.mediation.adapter.ApplovinAdapter$1@20271837)
I/org.umd.logging(14036): Method < 1324 com.heyzap.common.concurrency.ExecutorPool$WrappedScheduledThreadPoolExecutor.execute()
I/org.umd.logging(14036): Method > 1319 com.heyzap.common.concurrency.WrappedRunnable.run(com.heyzap.common.concurrency.WrappedRunnable@920768082)
I/org.umd.logging(14036): Method < 1324 com.heyzap.common.concurrency.ExecutionList$RunnableExecutorPair.execute()
I/org.umd.logging(14036): Method > 1319 com.heyzap.sdk.mediation.adapter.ApplovinAdapter$1.run(com.heyzap.sdk.mediation.adapter.ApplovinAdapter$1@20271837)
I/org.umd.logging(14036): Method < 1319 com.heyzap.sdk.mediation.adapter.ApplovinAdapter$1.run()
I/org.umd.logging(14036): Method < 1319 com.heyzap.common.concurrency.WrappedRunnable.run()
I/org.umd.logging(14036): Method > 1319 com.heyzap.mediation.adapter.FetchRequestConsumer$ConsumeCallback.run(com.heyzap.mediation.adapter.FetchRequestConsumer$ConsumeCallback@544934432)
I/org.umd.logging(14036): Method < 1324 com.heyzap.mediation.abstr.AdUnitNetworkAdapter.start(com.heyzap.common.concurrency.SettableFuture@275645731)
I/org.umd.logging(14036): Method > 1319 com.heyzap.sdk.mediation.adapter.ApplovinAdapter$2.run(com.heyzap.sdk.mediation.adapter.ApplovinAdapter$2@104415193)
I/org.umd.logging(14036): Api < 1324 java.lang.Object.start(com.heyzap.common.concurrency.SettableFuture@275645731)
I/org.umd.logging(14036): Method < 1324 com.heyzap.mediation.ConcurrentLoaderStrategy$2.run()
I/org.umd.logging(14036): Method > 1319 com.heyzap.internal.RetryManager.start(com.heyzap.internal.RetryManager@313163166)
I/org.umd.logging(14036): Method < 1324 com.heyzap.common.concurrency.WrappedRunnable.run()
I/org.umd.logging(14036): Method < 1319 com.heyzap.internal.RetryManager.start()
I/org.umd.logging(14036): Method < 1319 com.heyzap.sdk.mediation.adapter.ApplovinAdapter$2.run()
I/org.umd.logging(14036): Method > 1324 com.heyzap.sdk.mediation.adapter.ApplovinAdapter$2$1.run(com.heyzap.sdk.mediation.adapter.ApplovinAdapter$2$1@722587775)
I/org.umd.logging(14036): Method < 1319 com.heyzap.mediation.adapter.FetchRequestConsumer$ConsumeCallback.run()
I/org.umd.logging(14036): Method > 1324 com.heyzap.mediation.adapter.FetchStateManager.start(com.heyzap.mediation.adapter.FetchStateManager@702490493, com.heyzap.internal.Constants$AdUnit@89565260)
I/org.umd.logging(14036): Method < 1324 com.heyzap.mediation.adapter.FetchStateManager.start()
I/org.umd.logging(14036): Method < 1322 com.heyzap.common.concurrency.ExecutorPool$WrappedScheduledThreadPoolExecutor.execute()
I/org.umd.logging(14036): Method < 1322 com.heyzap.common.concurrency.ExecutionList$RunnableExecutorPair.execute()
I/org.umd.logging(14036): Method < 1322 com.heyzap.mediation.abstr.FetchBackedNetworkAdapter$2$1$1.run()
I/org.umd.logging(14036): Method < 1322 com.heyzap.common.concurrency.WrappedRunnable.run()
I/org.umd.logging(14036): Method > 1324 com.heyzap.common.concurrency.ExecutionList$RunnableExecutorPair.execute(com.heyzap.common.concurrency.ExecutionList$RunnableExecutorPair@1035785642)
I/org.umd.logging(14036): Method > 1324 com.heyzap.common.concurrency.ExecutorPool$WrappedScheduledThreadPoolExecutor.execute(com.heyzap.common.concurrency.ExecutorPool$WrappedScheduledThreadPoolExecutor@785424995, com.heyzap.common.concurrency.FutureUtils$5@1039988123)
I/org.umd.logging(14036): Method > 1325 com.heyzap.common.concurrency.WrappedRunnable.run(com.heyzap.common.concurrency.WrappedRunnable@141294904)
I/org.umd.logging(14036): Method < 1324 com.heyzap.common.concurrency.ExecutorPool$WrappedScheduledThreadPoolExecutor.execute()
I/org.umd.logging(14036): Method > 1325 com.heyzap.common.concurrency.FutureUtils$5.run(com.heyzap.common.concurrency.FutureUtils$5@1039988123)
I/org.umd.logging(14036): Method > 1325 com.heyzap.common.concurrency.ExecutionList$RunnableExecutorPair.execute(com.heyzap.common.concurrency.ExecutionList$RunnableExecutorPair@242356497)
I/org.umd.logging(14036): Method > 1325 com.heyzap.common.concurrency.ExecutorPool$WrappedScheduledThreadPoolExecutor.execute(com.heyzap.common.concurrency.ExecutorPool$WrappedScheduledThreadPoolExecutor@785424995, com.heyzap.mediation.handler.StatusListenerMultiplexer$5$1@736797302)
I/org.umd.logging(14036): Method > 1320 com.heyzap.common.concurrency.WrappedRunnable.run(com.heyzap.common.concurrency.WrappedRunnable@229331063)
I/org.umd.logging(14036): Method < 1325 com.heyzap.common.concurrency.ExecutorPool$WrappedScheduledThreadPoolExecutor.execute()
I/org.umd.logging(14036): Method > 1320 com.heyzap.common.concurrency.FutureUtils$FutureRunnable.run(com.heyzap.mediation.handler.StatusListenerMultiplexer$5$1@736797302)
I/org.umd.logging(14036): Method < 1325 com.heyzap.common.concurrency.ExecutionList$RunnableExecutorPair.execute()
I/org.umd.logging(14036): Method > 1325 com.heyzap.common.concurrency.ExecutionList$RunnableExecutorPair.execute(com.heyzap.common.concurrency.ExecutionList$RunnableExecutorPair@931116260)
I/org.umd.logging(14036): Method > 1320 com.heyzap.mediation.handler.StatusListenerMultiplexer$5$1.run(com.heyzap.mediation.handler.StatusListenerMultiplexer$5$1@736797302, com.heyzap.sdk.mediation.adapter.ApplovinAdapter$ApplovinFetchResult@8027411, null)
I/org.umd.logging(14036): Method < 1320 com.heyzap.mediation.handler.StatusListenerMultiplexer$5$1.run()
I/org.umd.logging(14036): Method > 1325 com.heyzap.common.concurrency.ExecutorPool$WrappedScheduledThreadPoolExecutor.execute(com.heyzap.common.concurrency.ExecutorPool$WrappedScheduledThreadPoolExecutor@785424995, com.heyzap.common.concurrency.FutureUtils$2@22860105)
I/org.umd.logging(14036): Method < 1320 com.heyzap.common.concurrency.FutureUtils$FutureRunnable.run()
I/org.umd.logging(14036): Method < 1325 com.heyzap.common.concurrency.ExecutorPool$WrappedScheduledThreadPoolExecutor.execute()
I/org.umd.logging(14036): Method < 1320 com.heyzap.common.concurrency.WrappedRunnable.run()
I/org.umd.logging(14036): Method > 1320 com.heyzap.common.concurrency.WrappedRunnable.run(com.heyzap.common.concurrency.WrappedRunnable@62884430)
I/org.umd.logging(14036): Method < 1325 com.heyzap.common.concurrency.ExecutionList$RunnableExecutorPair.execute()
I/org.umd.logging(14036): Method < 1325 com.heyzap.common.concurrency.FutureUtils$5.run()
I/org.umd.logging(14036): Method > 1320 com.heyzap.common.concurrency.FutureUtils$2.run(com.heyzap.common.concurrency.FutureUtils$2@22860105)
I/org.umd.logging(14036): Method < 1325 com.heyzap.common.concurrency.WrappedRunnable.run()
I/org.umd.logging(14036): Method > 1320 com.heyzap.common.concurrency.ExecutionList$RunnableExecutorPair.execute(com.heyzap.common.concurrency.ExecutionList$RunnableExecutorPair@990238575)
I/org.umd.logging(14036): Method > 1320 com.heyzap.common.concurrency.ExecutorPool$WrappedScheduledThreadPoolExecutor.execute(com.heyzap.common.concurrency.ExecutorPool$WrappedScheduledThreadPoolExecutor@785424995, com.heyzap.sdk.mediation.adapter.ApplovinAdapter$1$1@1058552069)
I/org.umd.logging(14036): Method < 1320 com.heyzap.common.concurrency.ExecutorPool$WrappedScheduledThreadPoolExecutor.execute()
I/org.umd.logging(14036): Method < 1320 com.heyzap.common.concurrency.ExecutionList$RunnableExecutorPair.execute()
I/org.umd.logging(14036): Method < 1320 com.heyzap.common.concurrency.FutureUtils$2.run()
I/org.umd.logging(14036): Method < 1320 com.heyzap.common.concurrency.WrappedRunnable.run()
I/org.umd.logging(14036): Method > 1320 com.heyzap.common.concurrency.WrappedRunnable.run(com.heyzap.common.concurrency.WrappedRunnable@495844698)
I/org.umd.logging(14036): Method > 1320 com.heyzap.sdk.mediation.adapter.ApplovinAdapter$1$1.run(com.heyzap.sdk.mediation.adapter.ApplovinAdapter$1$1@1058552069)
I/org.umd.logging(14036): Method > 1320 com.heyzap.common.concurrency.ExecutionList$RunnableExecutorPair.execute(com.heyzap.common.concurrency.ExecutionList$RunnableExecutorPair@641891211)
I/org.umd.logging(14036): Method < 1324 com.heyzap.common.concurrency.ExecutionList$RunnableExecutorPair.execute()
I/org.umd.logging(14036): Method > 1320 com.heyzap.common.concurrency.ExecutorPool$WrappedScheduledThreadPoolExecutor.execute(com.heyzap.common.concurrency.ExecutorPool$WrappedScheduledThreadPoolExecutor@785424995, com.heyzap.common.concurrency.FutureUtils$4@611656808)
I/org.umd.logging(14036): Method > 1324 com.heyzap.common.concurrency.ExecutionList$RunnableExecutorPair.execute(com.heyzap.common.concurrency.ExecutionList$RunnableExecutorPair@124280961)
I/org.umd.logging(14036): Method > 1322 com.heyzap.common.concurrency.WrappedRunnable.run(com.heyzap.common.concurrency.WrappedRunnable@429823270)
I/org.umd.logging(14036): Method < 1320 com.heyzap.common.concurrency.ExecutorPool$WrappedScheduledThreadPoolExecutor.execute()
I/org.umd.logging(14036): Method > 1324 com.heyzap.common.concurrency.ExecutorPool$WrappedScheduledThreadPoolExecutor.execute(com.heyzap.common.concurrency.ExecutorPool$WrappedScheduledThreadPoolExecutor@785424995, com.heyzap.sdk.mediation.adapter.ApplovinAdapter$2$1$1@699146004)
I/org.umd.logging(14036): Method < 1320 com.heyzap.common.concurrency.ExecutionList$RunnableExecutorPair.execute()
I/org.umd.logging(14036): Method < 1324 com.heyzap.common.concurrency.ExecutorPool$WrappedScheduledThreadPoolExecutor.execute()
I/org.umd.logging(14036): Method > 1321 com.heyzap.common.concurrency.WrappedRunnable.run(com.heyzap.common.concurrency.WrappedRunnable@221873085)
I/org.umd.logging(14036): Method < 1320 com.heyzap.sdk.mediation.adapter.ApplovinAdapter$1$1.run()
I/org.umd.logging(14036): Method > 1321 com.heyzap.sdk.mediation.adapter.ApplovinAdapter$2$1$1.run(com.heyzap.sdk.mediation.adapter.ApplovinAdapter$2$1$1@699146004)
I/org.umd.logging(14036): Method < 1320 com.heyzap.common.concurrency.WrappedRunnable.run()
I/org.umd.logging(14036): Method < 1321 com.heyzap.sdk.mediation.adapter.ApplovinAdapter$2$1$1.run()
I/org.umd.logging(14036): Method < 1321 com.heyzap.common.concurrency.WrappedRunnable.run()
I/org.umd.logging(14036): Method > 1322 com.heyzap.common.concurrency.FutureUtils$FutureRunnable.run(com.heyzap.common.concurrency.FutureUtils$4@611656808)
I/org.umd.logging(14036): Method > 1322 com.heyzap.common.concurrency.FutureUtils$4.run(com.heyzap.common.concurrency.FutureUtils$4@611656808, com.heyzap.common.lifecycle.FetchResult@147774898, null)
I/org.umd.logging(14036): Method < 1324 com.heyzap.common.concurrency.ExecutionList$RunnableExecutorPair.execute()
I/org.umd.logging(14036): Method < 1324 com.heyzap.sdk.mediation.adapter.ApplovinAdapter$2$1.run()
I/org.umd.logging(14036): Method > 1322 com.heyzap.common.concurrency.ExecutionList$RunnableExecutorPair.execute(com.heyzap.common.concurrency.ExecutionList$RunnableExecutorPair@827117827)
I/org.umd.logging(14036): Method > 1322 com.heyzap.common.concurrency.ExecutorPool$WrappedScheduledThreadPoolExecutor.execute(com.heyzap.common.concurrency.ExecutorPool$WrappedScheduledThreadPoolExecutor@785424995, com.heyzap.mediation.ConcurrentLoaderStrategy$2@280369280)
I/org.umd.logging(14036): Method > 1319 com.heyzap.common.concurrency.WrappedRunnable.run(com.heyzap.common.concurrency.WrappedRunnable@201301689)
I/org.umd.logging(14036): Method > 1319 com.heyzap.mediation.ConcurrentLoaderStrategy$2.run(com.heyzap.mediation.ConcurrentLoaderStrategy$2@280369280)
I/org.umd.logging(14036): Api > 1319 java.lang.Object.start(com.heyzap.sdk.mediation.adapter.FacebookAdapter@480880177, com.heyzap.common.lifecycle.FetchOptions@977871614)
E/Cataloger( 5092): syncFile:/storage/emulated/0/2016-12-06_03:51:39.617.jpg
I/org.umd.logging(14036): Method > 1319 com.heyzap.mediation.abstr.FetchBackedNetworkAdapter.start(com.heyzap.sdk.mediation.adapter.FacebookAdapter@480880177, com.heyzap.common.lifecycle.FetchOptions@977871614)
I/org.umd.logging(14036): Method > 1319 com.heyzap.internal.RetryManager.start(com.heyzap.internal.RetryManager@675379807)
I/org.umd.logging(14036): Method > 1326 com.heyzap.mediation.abstr.FetchBackedNetworkAdapter$2.run(com.heyzap.mediation.abstr.FetchBackedNetworkAdapter$2@463748268)
I/org.umd.logging(14036): Method < 1322 com.heyzap.common.concurrency.ExecutorPool$WrappedScheduledThreadPoolExecutor.execute()
I/org.umd.logging(14036): Method < 1326 com.heyzap.mediation.abstr.FetchBackedNetworkAdapter$2.run()
I/org.umd.logging(14036): Method < 1322 com.heyzap.common.concurrency.ExecutionList$RunnableExecutorPair.execute()
I/org.umd.logging(14036): Method > 1326 com.heyzap.mediation.adapter.FetchRequestConsumer$ConsumeCallback.run(com.heyzap.mediation.adapter.FetchRequestConsumer$ConsumeCallback@678587765)
I/org.umd.logging(14036): Method < 1322 com.heyzap.common.concurrency.FutureUtils$4.run()
I/org.umd.logging(14036): Method < 1322 com.heyzap.common.concurrency.FutureUtils$FutureRunnable.run()
I/org.umd.logging(14036): Method > 1326 com.heyzap.mediation.abstr.FetchBackedNetworkAdapter$2$1.run(com.heyzap.mediation.abstr.FetchBackedNetworkAdapter$2$1@865104138)
I/org.umd.logging(14036): Method < 1326 com.heyzap.mediation.abstr.FetchBackedNetworkAdapter$2$1.run()
I/org.umd.logging(14036): Method < 1319 com.heyzap.internal.RetryManager.start()
I/org.umd.logging(14036): Method < 1326 com.heyzap.mediation.adapter.FetchRequestConsumer$ConsumeCallback.run()
I/org.umd.logging(14036): Method < 1319 com.heyzap.mediation.abstr.FetchBackedNetworkAdapter.start(com.heyzap.common.concurrency.SettableFuture@783113595)
I/org.umd.logging(14036): Api < 1319 java.lang.Object.start(com.heyzap.common.concurrency.SettableFuture@783113595)
I/org.umd.logging(14036): Method < 1319 com.heyzap.mediation.ConcurrentLoaderStrategy$2.run()
I/org.umd.logging(14036): Method < 1319 com.heyzap.common.concurrency.WrappedRunnable.run()
I/org.umd.logging(14036): Method < 1322 com.heyzap.common.concurrency.WrappedRunnable.run()
E/Cataloger( 5092): syncFile:/storage/emulated/0/Android/data/com.fortafygames.colorswitch/files/al/1475586088_1024x768.gif
E/Cataloger( 5092): syncFile:/storage/emulated/0/Android/data/com.fortafygames.colorswitch/files/al/1475586088_1024x768.gif
I/org.umd.logging(14036): Api > 1435 java.net.URL.openConnection(java.net.URL@980318104<URL=http://vid.applovin.com/1475585335_570x320_opt_v1.mp4>)
I/org.umd.logging(14036): Api < 1435 java.net.URL.openConnection(com.android.okhttp.internal.http.HttpURLConnectionImpl@554265585)
I/org.umd.logging(14036): Method > 1 com.migal.android.MigalView.onTouchEvent(com.migal.android.MigalView@151448118<file=2016-12-06_03:51:39.617><x=0><y=0><width=768><height=1280><id=2131558495><imagename=migal_view>, android.view.MotionEvent@102278696)
E/Cataloger( 5092): syncFile:/storage/emulated/0/2016-12-06_03:51:39.617.jpg
I/org.umd.logging(14036): Method < 1 com.migal.android.MigalView.onTouchEvent(true)
I/org.umd.logging(14036): Method > 1307 com.migal.android.MigalView$1.run(com.migal.android.MigalView$1@491557846)
I/org.umd.logging(14036): Method < 1307 com.migal.android.MigalView$1.run()
I/art     (14036): Background partial concurrent mark sweep GC freed 25474(1385KB) AllocSpace objects, 25(18MB) LOS objects, 33% free, 31MB/47MB, paused 2.624ms total 106.394ms
E/Cataloger( 5092): syncFile:/storage/emulated/0/2016-12-06_03:51:39.801.jpg
I/org.umd.logging(14036): Method > 1 com.migal.android.MigalView.onTouchEvent(com.migal.android.MigalView@151448118<file=2016-12-06_03:51:39.801><x=0><y=0><width=768><height=1280><id=2131558495><imagename=migal_view>, android.view.MotionEvent@102278696)
I/org.umd.logging(14036): Method < 1 com.migal.android.MigalView.onTouchEvent(true)
E/Cataloger( 5092): syncFile:/storage/emulated/0/2016-12-06_03:51:39.801.jpg
I/org.umd.logging(14036): Method > 1307 com.migal.android.MigalView$1.run(com.migal.android.MigalView$1@1009407575)
I/org.umd.logging(14036): Method < 1307 com.migal.android.MigalView$1.run()
E/Cataloger( 5092): syncFile:/storage/emulated/0/2016-12-06_03:51:39.997.jpg
E/Cataloger( 5092): syncFile:/storage/emulated/0/Android/data/com.fortafygames.colorswitch/files/al/1475585335_570x320_opt_v1.mp4
E/Cataloger( 5092): syncFile:/storage/emulated/0/Android/data/com.fortafygames.colorswitch/files/al/1475585335_570x320_opt_v1.mp4
I/org.umd.logging(14036): Method < 1435 com.applovin.impl.sdk.cv.run()
I/org.umd.logging(14036): Api > 1435 android.net.ConnectivityManager.getActiveNetworkInfo(android.net.ConnectivityManager@1050392154)
I/org.umd.logging(14036): Api < 1435 android.net.ConnectivityManager.getActiveNetworkInfo(android.net.NetworkInfo@580875588)
I/org.umd.logging(14036): Method < 1435 com.applovin.impl.sdk.cu.run()
I/org.umd.logging(14036): Method > 1435 com.applovin.impl.sdk.cu.run(com.applovin.impl.sdk.cu@171431469)
I/org.umd.logging(14036): Method > 1435 com.applovin.impl.sdk.cm.run(com.applovin.impl.sdk.cm@819337058)
I/org.umd.logging(14036): Method > 1 com.migal.android.MigalView.onTouchEvent(com.migal.android.MigalView@151448118<file=2016-12-06_03:51:39.997><x=0><y=0><width=768><height=1280><id=2131558495><imagename=migal_view>, android.view.MotionEvent@102278696)
I/org.umd.logging(14036): Method < 1 com.migal.android.MigalView.onTouchEvent(true)
E/Cataloger( 5092): syncFile:/storage/emulated/0/2016-12-06_03:51:39.997.jpg
I/org.umd.logging(14036): Method > 1307 com.migal.android.MigalView$1.run(com.migal.android.MigalView$1@1041498355)
I/org.umd.logging(14036): Method < 1307 com.migal.android.MigalView$1.run()
I/org.umd.logging(14036): Method > 1435 com.applovin.impl.sdk.cx.run(com.applovin.impl.sdk.cn@901816752)
I/org.umd.logging(14036): Api > 1435 android.net.ConnectivityManager.getActiveNetworkInfo(android.net.ConnectivityManager@1050392154)
E/Cataloger( 5092): syncFile:/storage/emulated/0/2016-12-06_03:51:40.181.jpg
I/org.umd.logging(14036): Api < 1435 android.net.ConnectivityManager.getActiveNetworkInfo(android.net.NetworkInfo@308848681)
I/DownloadManagerWrapper(  985): onReceive() : Charging = true
E/Cataloger( 5092): syncFile:/storage/emulated/0/2016-12-06_03:51:40.181.jpg
I/org.umd.logging(14036): Method > 1 com.migal.android.MigalView.onTouchEvent(com.migal.android.MigalView@151448118<file=2016-12-06_03:51:40.181><x=0><y=0><width=768><height=1280><id=2131558495><imagename=migal_view>, android.view.MotionEvent@102278696)
I/org.umd.logging(14036): Method < 1 com.migal.android.MigalView.onTouchEvent(true)
I/org.umd.logging(14036): Method > 1307 com.migal.android.MigalView$1.run(com.migal.android.MigalView$1@300136783)
I/org.umd.logging(14036): Method < 1307 com.migal.android.MigalView$1.run()
E/Cataloger( 5092): syncFile:/storage/emulated/0/2016-12-06_03:51:40.461.jpg
I/org.umd.logging(14036): Method > 1 com.migal.android.MigalView.onTouchEvent(com.migal.android.MigalView@151448118<file=2016-12-06_03:51:40.461><x=0><y=0><width=768><height=1280><id=2131558495><imagename=migal_view>, android.view.MotionEvent@102278696)
E/Cataloger( 5092): syncFile:/storage/emulated/0/2016-12-06_03:51:40.461.jpg
I/org.umd.logging(14036): Method < 1 com.migal.android.MigalView.onTouchEvent(true)
I/org.umd.logging(14036): Method > 1307 com.migal.android.MigalView$1.run(com.migal.android.MigalView$1@579217628)
I/org.umd.logging(14036): Method < 1307 com.migal.android.MigalView$1.run()
E/Cataloger( 5092): syncFile:/storage/emulated/0/2016-12-06_03:51:40.628.jpg
I/org.umd.logging(14036): Method > 1 com.migal.android.MigalView.onTouchEvent(com.migal.android.MigalView@151448118<file=2016-12-06_03:51:40.628><x=0><y=0><width=768><height=1280><id=2131558495><imagename=migal_view>, android.view.MotionEvent@102278696)
I/org.umd.logging(14036): Method < 1 com.migal.android.MigalView.onTouchEvent(true)
E/Cataloger( 5092): syncFile:/storage/emulated/0/2016-12-06_03:51:40.628.jpg
I/org.umd.logging(14036): Method > 1307 com.migal.android.MigalView$1.run(com.migal.android.MigalView$1@163225061)
I/org.umd.logging(14036): Method < 1307 com.migal.android.MigalView$1.run()
E/Cataloger( 5092): syncFile:/storage/emulated/0/2016-12-06_03:51:40.773.jpg
I/org.umd.logging(14036): Method > 1 com.migal.android.MigalView.onTouchEvent(com.migal.android.MigalView@151448118<file=2016-12-06_03:51:40.773><x=0><y=0><width=768><height=1280><id=2131558495><imagename=migal_view>, android.view.MotionEvent@102278696)
I/org.umd.logging(14036): Method < 1 com.migal.android.MigalView.onTouchEvent(true)
I/Choreographer(14036): Skipped 193 frames!  The application may be doing too much work on its main thread.
I/org.umd.logging(14036): Method > 1307 com.migal.android.MigalView$1.run(com.migal.android.MigalView$1@78590138)
I/org.umd.logging(14036): Method < 1307 com.migal.android.MigalView$1.run()
E/Cataloger( 5092): syncFile:/storage/emulated/0/2016-12-06_03:51:40.773.jpg
E/Cataloger( 5092): syncFile:/storage/emulated/0/2016-12-06_03:51:40.968.jpg
I/org.umd.logging(14036): Method > 1 com.migal.android.MigalView.onTouchEvent(com.migal.android.MigalView@151448118<file=2016-12-06_03:51:40.968><x=0><y=0><width=768><height=1280><id=2131558495><imagename=migal_view>, android.view.MotionEvent@102278696)
I/org.umd.logging(14036): Method < 1 com.migal.android.MigalView.onTouchEvent(true)
E/Cataloger( 5092): syncFile:/storage/emulated/0/2016-12-06_03:51:40.968.jpg
I/org.umd.logging(14036): Method > 1307 com.migal.android.MigalView$1.run(com.migal.android.MigalView$1@156015467)
I/org.umd.logging(14036): Method < 1307 com.migal.android.MigalView$1.run()
I/org.umd.logging(14036): Method > 1325 com.heyzap.sdk.mediation.adapter.VungleAdapter$2$1.run(com.heyzap.sdk.mediation.adapter.VungleAdapter$2$1@104451914)
E/Cataloger( 5092): syncFile:/storage/emulated/0/2016-12-06_03:51:41.205.jpg
I/org.umd.logging(14036): Method < 1325 com.heyzap.sdk.mediation.adapter.VungleAdapter$2$1.run()
I/org.umd.logging(14036): Method > 1 com.migal.android.MigalView.onTouchEvent(com.migal.android.MigalView@151448118<file=2016-12-06_03:51:41.205><x=0><y=0><width=768><height=1280><id=2131558495><imagename=migal_view>, android.view.MotionEvent@102278696)
I/org.umd.logging(14036): Method < 1 com.migal.android.MigalView.onTouchEvent(true)
E/Cataloger( 5092): syncFile:/storage/emulated/0/2016-12-06_03:51:41.205.jpg
I/org.umd.logging(14036): Method > 1307 com.migal.android.MigalView$1.run(com.migal.android.MigalView$1@750450376)
I/org.umd.logging(14036): Method < 1307 com.migal.android.MigalView$1.run()
E/Cataloger( 5092): syncFile:/storage/emulated/0/2016-12-06_03:51:41.382.jpg
I/org.umd.logging(14036): Method > 1 com.migal.android.MigalView.onTouchEvent(com.migal.android.MigalView@151448118<file=2016-12-06_03:51:41.382><x=0><y=0><width=768><height=1280><id=2131558495><imagename=migal_view>, android.view.MotionEvent@102278696)
E/Cataloger( 5092): syncFile:/storage/emulated/0/2016-12-06_03:51:41.382.jpg
I/org.umd.logging(14036): Method < 1 com.migal.android.MigalView.onTouchEvent(true)
I/org.umd.logging(14036): Method > 1307 com.migal.android.MigalView$1.run(com.migal.android.MigalView$1@696005473)
I/org.umd.logging(14036): Method < 1307 com.migal.android.MigalView$1.run()
E/Cataloger( 5092): syncFile:/storage/emulated/0/2016-12-06_03:51:41.555.jpg
I/org.umd.logging(14036): Method > 1 com.migal.android.MigalView.onTouchEvent(com.migal.android.MigalView@151448118<file=2016-12-06_03:51:41.555><x=0><y=0><width=768><height=1280><id=2131558495><imagename=migal_view>, android.view.MotionEvent@102278696)
E/Cataloger( 5092): syncFile:/storage/emulated/0/2016-12-06_03:51:41.555.jpg
I/org.umd.logging(14036): Method < 1 com.migal.android.MigalView.onTouchEvent(true)
I/org.umd.logging(14036): Method > 1307 com.migal.android.MigalView$1.run(com.migal.android.MigalView$1@529505926)
I/org.umd.logging(14036): Method < 1307 com.migal.android.MigalView$1.run()
E/Cataloger( 5092): syncFile:/storage/emulated/0/2016-12-06_03:51:41.725.jpg
I/org.umd.logging(14036): Method > 1 com.migal.android.MigalView.onTouchEvent(com.migal.android.MigalView@151448118<file=2016-12-06_03:51:41.725><x=0><y=0><width=768><height=1280><id=2131558495><imagename=migal_view>, android.view.MotionEvent@102278696)
E/Cataloger( 5092): syncFile:/storage/emulated/0/2016-12-06_03:51:41.725.jpg
I/org.umd.logging(14036): Method < 1 com.migal.android.MigalView.onTouchEvent(true)
I/org.umd.logging(14036): Method > 1307 com.migal.android.MigalView$1.run(com.migal.android.MigalView$1@337085255)
I/org.umd.logging(14036): Method < 1307 com.migal.android.MigalView$1.run()
E/Cataloger( 5092): syncFile:/storage/emulated/0/2016-12-06_03:51:41.890.jpg
I/org.umd.logging(14036): Method > 1 com.migal.android.MigalView.onTouchEvent(com.migal.android.MigalView@151448118<file=2016-12-06_03:51:41.890><x=0><y=0><width=768><height=1280><id=2131558495><imagename=migal_view>, android.view.MotionEvent@102278696)
I/org.umd.logging(14036): Method < 1 com.migal.android.MigalView.onTouchEvent(true)
I/org.umd.logging(14036): Method > 1307 com.migal.android.MigalView$1.run(com.migal.android.MigalView$1@132953972)
I/org.umd.logging(14036): Method < 1307 com.migal.android.MigalView$1.run()
E/Cataloger( 5092): syncFile:/storage/emulated/0/2016-12-06_03:51:41.890.jpg
E/Cataloger( 5092): syncFile:/storage/emulated/0/2016-12-06_03:51:42.079.jpg
I/org.umd.logging(14036): Method > 1 com.migal.android.MigalView.onTouchEvent(com.migal.android.MigalView@151448118<file=2016-12-06_03:51:42.079><x=0><y=0><width=768><height=1280><id=2131558495><imagename=migal_view>, android.view.MotionEvent@102278696)
I/org.umd.logging(14036): Method < 1 com.migal.android.MigalView.onTouchEvent(true)
I/org.umd.logging(14036): Method > 1307 com.migal.android.MigalView$1.run(com.migal.android.MigalView$1@392668317)
I/org.umd.logging(14036): Method < 1307 com.migal.android.MigalView$1.run()
E/Cataloger( 5092): syncFile:/storage/emulated/0/2016-12-06_03:51:42.079.jpg
E/Cataloger( 5092): syncFile:/storage/emulated/0/2016-12-06_03:51:42.263.jpg
I/org.umd.logging(14036): Method > 1 com.migal.android.MigalView.onTouchEvent(com.migal.android.MigalView@151448118<file=2016-12-06_03:51:42.263><x=0><y=0><width=768><height=1280><id=2131558495><imagename=migal_view>, android.view.MotionEvent@102278696)
E/Cataloger( 5092): syncFile:/storage/emulated/0/2016-12-06_03:51:42.263.jpg
I/org.umd.logging(14036): Method < 1 com.migal.android.MigalView.onTouchEvent(true)
I/org.umd.logging(14036): Method > 1307 com.migal.android.MigalView$1.run(com.migal.android.MigalView$1@968301842)
I/org.umd.logging(14036): Method < 1307 com.migal.android.MigalView$1.run()
E/Cataloger( 5092): syncFile:/storage/emulated/0/2016-12-06_03:51:42.415.jpg
I/org.umd.logging(11423): Method > 1 com.cleanmaster.base.crash.util.debug.b.run(com.cleanmaster.base.crash.util.debug.b@614779553)
I/org.umd.logging(11423): Method < 1 com.cleanmaster.base.crash.util.debug.b.run()
I/org.umd.logging(14036): Method > 1 com.migal.android.MigalView.onTouchEvent(com.migal.android.MigalView@151448118<file=2016-12-06_03:51:42.415><x=0><y=0><width=768><height=1280><id=2131558495><imagename=migal_view>, android.view.MotionEvent@102278696)
I/org.umd.logging(14036): Method < 1 com.migal.android.MigalView.onTouchEvent(true)
E/Cataloger( 5092): syncFile:/storage/emulated/0/2016-12-06_03:51:42.415.jpg
I/org.umd.logging(14036): Method > 1307 com.migal.android.MigalView$1.run(com.migal.android.MigalView$1@733940963)
I/org.umd.logging(14036): Method < 1307 com.migal.android.MigalView$1.run()
E/Cataloger( 5092): syncFile:/storage/emulated/0/2016-12-06_03:51:42.604.jpg
I/org.umd.logging(14036): Method > 1 com.migal.android.MigalView.onTouchEvent(com.migal.android.MigalView@151448118<file=2016-12-06_03:51:42.604><x=0><y=0><width=768><height=1280><id=2131558495><imagename=migal_view>, android.view.MotionEvent@102278696)
I/org.umd.logging(14036): Method < 1 com.migal.android.MigalView.onTouchEvent(true)
E/Cataloger( 5092): syncFile:/storage/emulated/0/2016-12-06_03:51:42.604.jpg
I/org.umd.logging(14036): Method > 1307 com.migal.android.MigalView$1.run(com.migal.android.MigalView$1@819451616)
I/org.umd.logging(14036): Method < 1307 com.migal.android.MigalView$1.run()
I/org.umd.logging(14036): Method > 1326 com.heyzap.common.concurrency.FutureUtils$3.run(com.heyzap.common.concurrency.FutureUtils$3@547286425)
I/org.umd.logging(14036): Method < 1326 com.heyzap.common.concurrency.FutureUtils$3.run()
I/org.umd.logging(14036): Method > 1326 com.heyzap.common.concurrency.FutureUtils$3.run(com.heyzap.common.concurrency.FutureUtils$3@761657438)
I/org.umd.logging(14036): Method < 1326 com.heyzap.common.concurrency.FutureUtils$3.run()
E/Cataloger( 5092): syncFile:/storage/emulated/0/2016-12-06_03:51:42.768.jpg
I/org.umd.logging(14036): Method > 1326 com.heyzap.common.concurrency.FutureUtils$3.run(com.heyzap.common.concurrency.FutureUtils$3@483103807)
I/org.umd.logging(14036): Method > 1326 com.heyzap.common.concurrency.ExecutionList$RunnableExecutorPair.execute(com.heyzap.common.concurrency.ExecutionList$RunnableExecutorPair@831750412)
I/org.umd.logging(14036): Method > 1326 com.heyzap.common.concurrency.ExecutorPool$WrappedScheduledThreadPoolExecutor.execute(com.heyzap.common.concurrency.ExecutorPool$WrappedScheduledThreadPoolExecutor@785424995, com.heyzap.mediation.ConcurrentLoaderStrategy$2@677890645)
I/org.umd.logging(14036): Method < 1326 com.heyzap.common.concurrency.ExecutorPool$WrappedScheduledThreadPoolExecutor.execute()
I/org.umd.logging(14036): Method < 1326 com.heyzap.common.concurrency.ExecutionList$RunnableExecutorPair.execute()
I/org.umd.logging(14036): Method < 1326 com.heyzap.common.concurrency.FutureUtils$3.run()
I/org.umd.logging(14036): Method > 1326 com.heyzap.common.concurrency.WrappedRunnable.run(com.heyzap.common.concurrency.WrappedRunnable@647314538)
I/org.umd.logging(14036): Method > 1326 com.heyzap.mediation.ConcurrentLoaderStrategy$2.run(com.heyzap.mediation.ConcurrentLoaderStrategy$2@677890645)
I/org.umd.logging(14036): Api > 1326 java.lang.Object.start(com.heyzap.sdk.mediation.adapter.AdmobAdapter@1066072521, com.heyzap.common.lifecycle.FetchOptions@166671707)
I/org.umd.logging(14036): Method > 1326 com.heyzap.mediation.abstr.FetchBackedNetworkAdapter.start(com.heyzap.sdk.mediation.adapter.AdmobAdapter@1066072521, com.heyzap.common.lifecycle.FetchOptions@166671707)
I/org.umd.logging(14036): Method > 1326 com.heyzap.internal.RetryManager.start(com.heyzap.internal.RetryManager@1014866424)
I/org.umd.logging(14036): Method < 1326 com.heyzap.internal.RetryManager.start()
I/org.umd.logging(14036): Method < 1326 com.heyzap.mediation.abstr.FetchBackedNetworkAdapter.start(com.heyzap.common.concurrency.SettableFuture@111654609)
I/org.umd.logging(14036): Api < 1326 java.lang.Object.start(com.heyzap.common.concurrency.SettableFuture@111654609)
I/org.umd.logging(14036): Method < 1326 com.heyzap.mediation.ConcurrentLoaderStrategy$2.run()
I/org.umd.logging(14036): Method < 1326 com.heyzap.common.concurrency.WrappedRunnable.run()
I/org.umd.logging(14036): Method > 1324 com.heyzap.mediation.abstr.FetchBackedNetworkAdapter$2.run(com.heyzap.mediation.abstr.FetchBackedNetworkAdapter$2@633517366)
I/org.umd.logging(14036): Method < 1324 com.heyzap.mediation.abstr.FetchBackedNetworkAdapter$2.run()
I/org.umd.logging(14036): Method > 1326 com.heyzap.mediation.adapter.FetchRequestConsumer$ConsumeCallback.run(com.heyzap.mediation.adapter.FetchRequestConsumer$ConsumeCallback@81906743)
I/org.umd.logging(14036): Method > 1326 com.heyzap.mediation.abstr.FetchBackedNetworkAdapter$2$1.run(com.heyzap.mediation.abstr.FetchBackedNetworkAdapter$2$1@166127012)
I/org.umd.logging(14036): Method < 1326 com.heyzap.mediation.abstr.FetchBackedNetworkAdapter$2$1.run()
I/org.umd.logging(14036): Method < 1326 com.heyzap.mediation.adapter.FetchRequestConsumer$ConsumeCallback.run()
I/org.umd.logging(14036): Method > 1321 com.heyzap.common.concurrency.FutureUtils$3.run(com.heyzap.common.concurrency.FutureUtils$3@304082701)
I/org.umd.logging(14036): Method < 1321 com.heyzap.common.concurrency.FutureUtils$3.run()
I/org.umd.logging(14036): Method > 1 com.migal.android.MigalView.onTouchEvent(com.migal.android.MigalView@151448118<file=2016-12-06_03:51:42.768><x=0><y=0><width=768><height=1280><id=2131558495><imagename=migal_view>, android.view.MotionEvent@102278696)
I/org.umd.logging(14036): Method < 1 com.migal.android.MigalView.onTouchEvent(true)
E/Cataloger( 5092): syncFile:/storage/emulated/0/2016-12-06_03:51:42.768.jpg
I/org.umd.logging(14036): Method > 1307 com.migal.android.MigalView$1.run(com.migal.android.MigalView$1@595390146)
I/org.umd.logging(14036): Method < 1307 com.migal.android.MigalView$1.run()
E/Cataloger( 5092): syncFile:/storage/emulated/0/2016-12-06_03:51:42.923.jpg
I/org.umd.logging(14036): Method > 1 com.migal.android.MigalView.onTouchEvent(com.migal.android.MigalView@151448118<file=2016-12-06_03:51:42.923><x=0><y=0><width=768><height=1280><id=2131558495><imagename=migal_view>, android.view.MotionEvent@102278696)
I/org.umd.logging(14036): Method < 1 com.migal.android.MigalView.onTouchEvent(true)
I/InputDispatcher(  591): Window 'Window{3bc1bef0 u0 com.fortafygames.colorswitch/com.migal.android.MigalActivity}' spent 2156.8ms processing the last input event: MotionEvent(deviceId=6, source=0x00001002, action=1, flags=0x00000000, metaState=0x00000000, buttonState=0x00000000, edgeFlags=0x00000000, xPrecision=2.0, yPrecision=2.0, displayId=0, pointers=[0: (403.5, 880.0)]), policyFlags=0x62000000
E/Cataloger( 5092): syncFile:/storage/emulated/0/2016-12-06_03:51:42.923.jpg
I/org.umd.logging(14036): Method > 1307 com.migal.android.MigalView$1.run(com.migal.android.MigalView$1@419230931)
I/org.umd.logging(14036): Method < 1307 com.migal.android.MigalView$1.run()
E/Cataloger( 5092): syncFile:/storage/emulated/0/2016-12-06_03:51:43.122.jpg
I/org.umd.logging(14036): Method > 1319 com.heyzap.common.concurrency.FutureUtils$3.run(com.heyzap.common.concurrency.FutureUtils$3@612284432)
I/org.umd.logging(14036): Method < 1319 com.heyzap.common.concurrency.FutureUtils$3.run()
I/org.umd.logging(14036): Method > 1 com.migal.android.MigalView.onTouchEvent(com.migal.android.MigalView@151448118<file=2016-12-06_03:51:43.122><x=0><y=0><width=768><height=1280><id=2131558495><imagename=migal_view>, android.view.MotionEvent@102278696)
I/org.umd.logging(14036): Method < 1 com.migal.android.MigalView.onTouchEvent(true)
