--------- beginning of system
I/ActivityManager(  591): START u0 {act=android.intent.action.MAIN cat=[android.intent.category.LAUNCHER] flg=0x10200000 cmp=com.fortafygames.colorswitch/com.migal.android.SplashActivity (has extras)} from uid 10014 on display 0
V/WindowManager(  591): addAppToken: AppWindowToken{190fd9b6 token=Token{35189d51 ActivityRecord{5201278 u0 com.fortafygames.colorswitch/com.migal.android.SplashActivity t107}}} to stack=1 task=107 at 0
V/WindowManager(  591): Adding window Window{3922a753 u0 Starting com.fortafygames.colorswitch} at 3 of 9 (after Window{23fbe5b3 u0 com.android.launcher/com.android.launcher2.Launcher})
I/ActivityManager(  591): Start proc 14036:com.fortafygames.colorswitch/u0a244 for activity com.fortafygames.colorswitch/com.migal.android.SplashActivity
V/WindowManager(  591): Adding window Window{29fdadcb u0 com.fortafygames.colorswitch/com.migal.android.SplashActivity} at 3 of 10 (before Window{3922a753 u0 Starting com.fortafygames.colorswitch})
I/ActivityManager(  591): START u0 {cmp=com.fortafygames.colorswitch/com.migal.android.MigalActivity} from uid 10244 on display 0
V/WindowManager(  591): addAppToken: AppWindowToken{1e740b43 token=Token{340198f2 ActivityRecord{3b6123fd u0 com.fortafygames.colorswitch/com.migal.android.MigalActivity t107}}} to stack=1 task=107 at 1
W/AppOps  (  591): Bad call: specified package com.google.android.gms under uid 10244 but it is really 10008
W/AppOps  (  591): Bad call: specified package com.google.android.gms under uid 10244 but it is really 10008
W/AppOps  (  591): Bad call: specified package com.google.android.gms under uid 10244 but it is really 10008
W/AppOps  (  591): Bad call: specified package com.google.android.gms under uid 10244 but it is really 10008
V/WindowManager(  591): Adding window Window{3bc1bef0 u0 com.fortafygames.colorswitch/com.migal.android.MigalActivity} at 4 of 10 (after Window{29fdadcb u0 com.fortafygames.colorswitch/com.migal.android.SplashActivity})
V/WindowManager(  591): Adding window Window{b4771d9 u0 SurfaceView} at 4 of 11 (before Window{3bc1bef0 u0 com.fortafygames.colorswitch/com.migal.android.MigalActivity})
W/AppOps  (  591): Bad call: specified package com.google.android.gms under uid 10244 but it is really 10008
I/ActivityManager(  591): START u0 {act=com.google.android.gms.games.SIGN_IN flg=0x4000000 pkg=com.google.android.play.games cmp=com.google.android.play.games/com.google.android.gms.games.ui.signin.SignInActivity (has extras)} from uid 10008 on display 0
V/WindowManager(  591): addAppToken: AppWindowToken{2d77550 token=Token{af95f13 ActivityRecord{19db9a02 u0 com.google.android.play.games/com.google.android.gms.games.ui.signin.SignInActivity t107}}} to stack=1 task=107 at 2
W/ActivityManager(  591): Activity pause timeout for ActivityRecord{3b6123fd u0 com.fortafygames.colorswitch/com.migal.android.MigalActivity t107}
V/WindowManager(  591): Adding window Window{344b5281 u0 com.google.android.play.games/com.google.android.gms.games.ui.signin.SignInActivity} at 6 of 12 (after Window{3bc1bef0 u0 com.fortafygames.colorswitch/com.migal.android.MigalActivity})
V/WindowManager(  591): not Base app: Adding window Window{32483303 u0 com.google.android.play.games/com.google.android.gms.games.ui.signin.SignInActivity} at 7 of 13
D/ConnectivityService(  591): listenForNetwork for NetworkRequest [ id=70, legacyType=-1, [ Capabilities: INTERNET&NOT_RESTRICTED&TRUSTED] ]
D/ConnectivityService(  591): handleRegisterNetworkRequest checking NetworkAgentInfo [WIFI () - 100]
D/ConnectivityService(  591): apparently satisfied.  currentScore=60
W/ResourcesManager(14036): Asset path '/system/framework/com.android.media.remotedisplay.jar' does not exist or contains no resources.
W/ResourcesManager(14036): Asset path '/system/framework/com.android.location.provider.jar' does not exist or contains no resources.
D/ConnectivityService(  591): listenForNetwork for NetworkRequest [ id=71, legacyType=-1, [ Capabilities: INTERNET&NOT_RESTRICTED&TRUSTED] ]
D/ConnectivityService(  591): handleRegisterNetworkRequest checking NetworkAgentInfo [WIFI () - 100]
D/ConnectivityService(  591): apparently satisfied.  currentScore=60
W/ActivityManager(  591): getRunningAppProcesses: caller 10244 does not hold REAL_GET_TASKS; limiting output
I/ActivityManager(  591): START u0 {cat=[categoryhack:8cb9d126-c907-4ae3-bb0a-5c20ddbd4036] cmp=com.google.android.gms/.signin.activity.SignInActivity (has extras)} from uid 10008 on display 0
V/WindowManager(  591): addAppToken: AppWindowToken{5d03e01 token=Token{2d4407e8 ActivityRecord{3238bd0b u0 com.google.android.gms/.signin.activity.SignInActivity t107}}} to stack=1 task=107 at 2
I/ActivityManager(  591): Start proc 14405:com.google.android.gms.ui/u0a8 for activity com.google.android.gms/.signin.activity.SignInActivity
W/ResourcesManager(14405): Asset path '/system/framework/com.android.media.remotedisplay.jar' does not exist or contains no resources.
W/ResourcesManager(14405): Asset path '/system/framework/com.android.location.provider.jar' does not exist or contains no resources.
I/ActivityManager(  591): START u0 {act=com.google.android.gms.ui.UNPACKING_REDIRECT dat=intent://com.google.android.gms.auth.uiflows.common/967c2d1b-5402-4c88-87b3-fb41130fd124 pkg=com.google.android.gms cmp=com.google.android.gms/.auth.uiflows.common.UnpackingRedirectActivity (has extras)} from uid 10008 on display 0
V/WindowManager(  591): addAppToken: AppWindowToken{1c7d3b18 token=Token{3376fefb ActivityRecord{23dda88a u0 com.google.android.gms/.auth.uiflows.common.UnpackingRedirectActivity t107}}} to stack=1 task=107 at 3
V/WindowManager(  591): Adding window Window{2386bad u0 com.google.android.gms/com.google.android.gms.signin.activity.SignInActivity} at 6 of 12 (after Window{344b5281 u0 com.google.android.play.games/com.google.android.gms.games.ui.signin.SignInActivity})
I/ActivityManager(  591): START u0 {cat=[categoryhack:1553131080029889724] flg=0x2000000 cmp=com.google.android.gms/.auth.uiflows.common.FilteringRedirectActivity (has extras)} from uid 10008 on display 0
V/WindowManager(  591): addAppToken: AppWindowToken{3b745530 token=Token{2b405273 ActivityRecord{17a2bee2 u0 com.google.android.gms/.auth.uiflows.common.FilteringRedirectActivity t107}}} to stack=1 task=107 at 4
I/ActivityManager(  591): START u0 {cat=[categoryhack:c051adc5-8e14-4c23-914c-37a2c91c79ed] cmp=com.google.android.gms/.auth.uiflows.controller.ControllerLauncherActivity (has extras)} from uid 10008 on display 0
V/WindowManager(  591): addAppToken: AppWindowToken{2479483a token=Token{13886365 ActivityRecord{1e81945c u0 com.google.android.gms/.auth.uiflows.controller.ControllerLauncherActivity t107}}} to stack=1 task=107 at 5
--------- beginning of main
I/org.umd.logging(14036): Method > 1317 com.heyzap.common.lifecycle.EventStream$2.run(com.heyzap.common.lifecycle.EventStream$2@836619719)
I/org.umd.logging(14036): Method < 1323 com.heyzap.mediation.handler.StatusListenerMultiplexer$1.run()
I/org.umd.logging(14036): Method < 1320 com.heyzap.common.concurrency.ExecutorPool$WrappedScheduledThreadPoolExecutor.execute()
I/org.umd.logging(14036): Method < 1320 com.heyzap.common.concurrency.ExecutionList$RunnableExecutorPair.execute()
I/org.umd.logging(14036): Method < 1320 com.heyzap.mediation.abstr.FetchBackedNetworkAdapter$2$1.run()
I/org.umd.logging(14036): Method > 1317 com.heyzap.common.concurrency.ExecutorPool$WrappedScheduledThreadPoolExecutor.execute(com.heyzap.common.concurrency.ExecutorPool$WrappedScheduledThreadPoolExecutor@785424995, com.heyzap.common.net.APIClient$3@61061558)
I/org.umd.logging(14036): Method < 1325 com.heyzap.common.concurrency.ExecutionList$RunnableExecutorPair.execute()
I/org.umd.logging(14036): Method < 1317 com.heyzap.common.concurrency.ExecutorPool$WrappedScheduledThreadPoolExecutor.execute()
I/org.umd.logging(14036): Method > 1326 com.heyzap.common.concurrency.WrappedRunnable.run(com.heyzap.common.concurrency.WrappedRunnable@135247543)
I/org.umd.logging(14036): Method > 1316 com.heyzap.common.concurrency.WrappedRunnable.run(com.heyzap.common.concurrency.WrappedRunnable@15121956)
I/org.umd.logging(14036): Method < 1323 com.heyzap.common.concurrency.WrappedRunnable.run()
I/org.umd.logging(14036): Method > 1326 com.heyzap.mediation.abstr.FetchBackedNetworkAdapter$2$1$1.run(com.heyzap.mediation.abstr.FetchBackedNetworkAdapter$2$1$1@537918801)
I/org.umd.logging(14036): Method > 1316 com.heyzap.common.net.APIClient$3.run(com.heyzap.common.net.APIClient$3@61061558)
I/org.umd.logging(14036): Method < 1317 com.heyzap.common.lifecycle.EventStream$2.run()
I/org.umd.logging(14036): Method < 1326 com.heyzap.mediation.abstr.FetchBackedNetworkAdapter$2$1$1.run()
I/org.umd.logging(14036): Api > 1316 android.net.ConnectivityManager.getActiveNetworkInfo(android.net.ConnectivityManager@1050392154)
I/org.umd.logging(14036): Method < 1320 com.heyzap.mediation.adapter.FetchRequestConsumer$ConsumeCallback.run()
I/org.umd.logging(14036): Method < 1317 com.heyzap.common.concurrency.WrappedRunnable.run()
I/org.umd.logging(14036): Method < 1326 com.heyzap.common.concurrency.WrappedRunnable.run()
I/org.umd.logging(14036): Api < 1316 android.net.ConnectivityManager.getActiveNetworkInfo(android.net.NetworkInfo@604380557)
I/org.umd.logging(14036): Method < 1316 com.heyzap.common.net.APIClient$3.run()
I/org.umd.logging(14036): Method < 1316 com.heyzap.common.concurrency.WrappedRunnable.run()
I/org.umd.logging(14036): Method > 1316 com.heyzap.http.AsyncHttpRequest.run(com.heyzap.http.AsyncHttpRequest@464108354)
I/org.umd.logging(14036): Method > 1316 com.heyzap.http.AsyncHttpResponseHandler.onStart(com.heyzap.mediation.handler.MediationEventReporter$8@182687888)
I/org.umd.logging(14036): Method < 1316 com.heyzap.http.AsyncHttpResponseHandler.onStart()
I/org.umd.logging(14036): Api > 1324 java.lang.Thread.start(java.lang.Thread@538724750<thread=1422>)
I/org.umd.logging(14036): Api < 1324 java.lang.Thread.start()
I/org.umd.logging(14036): Method < 1324 com.heyzap.http.AsyncHttpRequest.run()
I/org.umd.logging(14036): Method > 1325 com.heyzap.common.concurrency.ExecutorPool$WrappedScheduledThreadPoolExecutor.execute(com.heyzap.common.concurrency.ExecutorPool$WrappedScheduledThreadPoolExecutor@785424995, com.heyzap.common.lifecycle.EventStream$2@1011402159)
I/org.umd.logging(14036): Method < 1325 com.heyzap.common.concurrency.ExecutorPool$WrappedScheduledThreadPoolExecutor.execute()
V/WindowManager(  591): Adding window Window{27c19a48 u0 com.google.android.gms/com.google.android.gms.auth.uiflows.common.FilteringRedirectActivity} at 7 of 13 (after Window{2386bad u0 com.google.android.gms/com.google.android.gms.signin.activity.SignInActivity})
I/org.umd.logging(14036): Method > 1325 com.heyzap.mediation.FetchRequestStore.runUpdateCallbacks(com.heyzap.mediation.FetchRequestStore@512028500)
I/org.umd.logging(14036): Method < 1325 com.heyzap.mediation.FetchRequestStore.runUpdateCallbacks()
I/org.umd.logging(14036): Method > 1325 com.heyzap.common.concurrency.ExecutionList$RunnableExecutorPair.execute(com.heyzap.common.concurrency.ExecutionList$RunnableExecutorPair@730967484)
I/org.umd.logging(14036): Method > 1325 com.heyzap.common.concurrency.ExecutorPool$WrappedScheduledThreadPoolExecutor.execute(com.heyzap.common.concurrency.ExecutorPool$WrappedScheduledThreadPoolExecutor@785424995, com.heyzap.mediation.handler.StatusListenerMultiplexer$5@190738757)
I/org.umd.logging(14036): Method > 1320 com.heyzap.common.concurrency.WrappedRunnable.run(com.heyzap.common.concurrency.WrappedRunnable@1041723546)
I/org.umd.logging(14036): Method > 1320 com.heyzap.common.lifecycle.EventStream$2.run(com.heyzap.common.lifecycle.EventStream$2@1011402159)
I/org.umd.logging(14036): Method > 1320 com.heyzap.common.concurrency.ExecutorPool$WrappedScheduledThreadPoolExecutor.execute(com.heyzap.common.concurrency.ExecutorPool$WrappedScheduledThreadPoolExecutor@785424995, com.heyzap.common.lifecycle.EventStream$1@447343016)
I/org.umd.logging(14036): Method > 1326 com.heyzap.common.concurrency.WrappedRunnable.run(com.heyzap.common.concurrency.WrappedRunnable@1064950977)
I/org.umd.logging(14036): Method > 1321 com.heyzap.common.concurrency.WrappedRunnable.run(com.heyzap.common.concurrency.WrappedRunnable@644611174)
I/org.umd.logging(14036): Method > 1317 com.heyzap.mediation.ConcurrentLoaderStrategy$1.run(com.heyzap.mediation.ConcurrentLoaderStrategy$1@478577661)
I/org.umd.logging(14036): Method > 1321 com.heyzap.common.lifecycle.EventStream$1.run(com.heyzap.common.lifecycle.EventStream$1@447343016)
I/org.umd.logging(14036): Method < 1317 com.heyzap.mediation.ConcurrentLoaderStrategy$1.run()
I/org.umd.logging(14036): Method < 1320 com.heyzap.common.concurrency.ExecutorPool$WrappedScheduledThreadPoolExecutor.execute()
I/org.umd.logging(14036): Method < 1321 com.heyzap.common.lifecycle.EventStream$1.run()
I/org.umd.logging(14036): Method < 1321 com.heyzap.common.concurrency.WrappedRunnable.run()
I/org.umd.logging(14036): Method < 1320 com.heyzap.common.lifecycle.EventStream$2.run()
I/org.umd.logging(14036): Method < 1320 com.heyzap.common.concurrency.WrappedRunnable.run()
I/org.umd.logging(14036): Method > 1326 com.heyzap.common.concurrency.FutureUtils$FutureRunnable.run(com.heyzap.mediation.handler.StatusListenerMultiplexer$5@190738757)
I/org.umd.logging(14036): Method > 1326 com.heyzap.mediation.handler.StatusListenerMultiplexer$5.run(com.heyzap.mediation.handler.StatusListenerMultiplexer$5@190738757, com.heyzap.mediation.config.MediationConfig@689494199, null)
I/org.umd.logging(14036): Method < 1325 com.heyzap.common.concurrency.ExecutorPool$WrappedScheduledThreadPoolExecutor.execute()
I/org.umd.logging(14036): Method < 1325 com.heyzap.common.concurrency.ExecutionList$RunnableExecutorPair.execute()
I/org.umd.logging(14036): Method > 1325 com.heyzap.common.concurrency.ExecutionList$RunnableExecutorPair.execute(com.heyzap.common.concurrency.ExecutionList$RunnableExecutorPair@847801155)
I/org.umd.logging(14036): Api > 1322 java.lang.Thread.start(java.lang.Thread@875264242<thread=1423>)
I/org.umd.logging(14036): Method > 1 com.heyzap.sdk.ads.BannerAdView$1$1.run(com.heyzap.sdk.ads.BannerAdView$1$1@79454969)
I/org.umd.logging(14036): Method > 1325 com.heyzap.common.concurrency.ExecutorPool$WrappedScheduledThreadPoolExecutor.execute(com.heyzap.common.concurrency.ExecutorPool$WrappedScheduledThreadPoolExecutor@785424995, com.heyzap.mediation.config.MediationConfigLoader$2@742160543)
I/org.umd.logging(14036): Method < 1325 com.heyzap.common.concurrency.ExecutorPool$WrappedScheduledThreadPoolExecutor.execute()
I/org.umd.logging(14036): Method < 1325 com.heyzap.common.concurrency.ExecutionList$RunnableExecutorPair.execute()
I/org.umd.logging(14036): Method > 1324 com.heyzap.common.concurrency.WrappedRunnable.run(com.heyzap.common.concurrency.WrappedRunnable@735524277)
I/org.umd.logging(14036): Method > 1324 com.heyzap.mediation.config.MediationConfigLoader$2.run(com.heyzap.mediation.config.MediationConfigLoader$2@742160543)
I/org.umd.logging(14036): Method > 1326 com.heyzap.common.concurrency.ExecutionList$RunnableExecutorPair.execute(com.heyzap.common.concurrency.ExecutionList$RunnableExecutorPair@1006449738)
I/org.umd.logging(14036): Method < 1324 com.heyzap.mediation.config.MediationConfigLoader$2.run()
I/org.umd.logging(14036): Method < 1324 com.heyzap.common.concurrency.WrappedRunnable.run()
I/org.umd.logging(14036): Api < 1322 java.lang.Thread.start()
I/org.umd.logging(14036): Method > 1326 com.heyzap.common.concurrency.ExecutorPool$WrappedScheduledThreadPoolExecutor.execute(com.heyzap.common.concurrency.ExecutorPool$WrappedScheduledThreadPoolExecutor@785424995, com.heyzap.mediation.handler.StatusListenerMultiplexer$5$1@737804219)
I/org.umd.logging(14036): Method < 1322 com.heyzap.http.AsyncHttpRequest.run()
I/org.umd.logging(14036): Method > 1322 com.heyzap.common.concurrency.WrappedRunnable.run(com.heyzap.common.concurrency.WrappedRunnable@721358040)
I/org.umd.logging(14036): Method > 1322 com.heyzap.common.concurrency.FutureUtils$FutureRunnable.run(com.heyzap.mediation.handler.StatusListenerMultiplexer$5$1@737804219)
I/org.umd.logging(14036): Method > 1422 com.heyzap.http.JsonHttpResponseHandler$1.run(com.heyzap.http.JsonHttpResponseHandler$1@194148401)
I/org.umd.logging(14036): Method > 1322 com.heyzap.mediation.handler.StatusListenerMultiplexer$5$1.run(com.heyzap.mediation.handler.StatusListenerMultiplexer$5$1@737804219, com.heyzap.common.lifecycle.FetchResult@887245590, null)
I/org.umd.logging(14036): Method > 1322 com.heyzap.common.concurrency.ExecutionList$RunnableExecutorPair.execute(com.heyzap.common.concurrency.ExecutionList$RunnableExecutorPair@540990615)
I/org.umd.logging(14036): Method < 1326 com.heyzap.common.concurrency.ExecutorPool$WrappedScheduledThreadPoolExecutor.execute()
I/org.umd.logging(14036): Method > 1422 com.heyzap.http.JsonHttpResponseHandler$1$1.run(com.heyzap.http.JsonHttpResponseHandler$1$1@365174404)
I/org.umd.logging(14036): Method > 1322 com.heyzap.common.concurrency.ExecutorPool$WrappedScheduledThreadPoolExecutor.execute(com.heyzap.common.concurrency.ExecutorPool$WrappedScheduledThreadPoolExecutor@785424995, com.heyzap.mediation.handler.StatusListenerMultiplexer$6@602236525)
I/org.umd.logging(14036): Method < 1422 com.heyzap.http.JsonHttpResponseHandler$1$1.run()
I/org.umd.logging(14036): Method < 1322 com.heyzap.common.concurrency.ExecutorPool$WrappedScheduledThreadPoolExecutor.execute()
I/org.umd.logging(14036): Method < 1422 com.heyzap.http.JsonHttpResponseHandler$1.run()
I/org.umd.logging(14036): Method < 1322 com.heyzap.common.concurrency.ExecutionList$RunnableExecutorPair.execute()
I/org.umd.logging(14036): Method > 1323 com.heyzap.common.concurrency.WrappedRunnable.run(com.heyzap.common.concurrency.WrappedRunnable@321913506)
I/org.umd.logging(14036): Method > 1323 com.heyzap.mediation.handler.StatusListenerMultiplexer$6.run(com.heyzap.mediation.handler.StatusListenerMultiplexer$6@602236525)
I/org.umd.logging(14036): Method < 1323 com.heyzap.mediation.handler.StatusListenerMultiplexer$6.run()
I/org.umd.logging(14036): Method < 1323 com.heyzap.common.concurrency.WrappedRunnable.run()
I/org.umd.logging(14036): Method < 1322 com.heyzap.mediation.handler.StatusListenerMultiplexer$5$1.run()
I/org.umd.logging(14036): Method < 1322 com.heyzap.common.concurrency.FutureUtils$FutureRunnable.run()
I/org.umd.logging(14036): Method < 1322 com.heyzap.common.concurrency.WrappedRunnable.run()
I/org.umd.logging(14036): Method < 1326 com.heyzap.common.concurrency.ExecutionList$RunnableExecutorPair.execute()
I/org.umd.logging(14036): Method > 1326 com.heyzap.common.concurrency.ExecutionList$RunnableExecutorPair.execute(com.heyzap.common.concurrency.ExecutionList$RunnableExecutorPair@44474096)
I/org.umd.logging(14036): Method > 1423 com.heyzap.http.JsonHttpResponseHandler$1.run(com.heyzap.http.JsonHttpResponseHandler$1@50265193)
I/org.umd.logging(14036): Method > 1326 com.heyzap.common.concurrency.ExecutorPool$WrappedScheduledThreadPoolExecutor.execute(com.heyzap.common.concurrency.ExecutorPool$WrappedScheduledThreadPoolExecutor@785424995, com.heyzap.mediation.handler.StatusListenerMultiplexer$5$1@430941934)
I/org.umd.logging(14036): Method < 1326 com.heyzap.common.concurrency.ExecutorPool$WrappedScheduledThreadPoolExecutor.execute()
I/org.umd.logging(14036): Method > 1 com.heyzap.sdk.ads.BannerAdView$3.run(com.heyzap.sdk.ads.BannerAdView$3@285341221)
I/org.umd.logging(14036): Method < 1 com.heyzap.sdk.ads.BannerAdView$3.run()
I/org.umd.logging(14036): Method < 1 com.heyzap.sdk.ads.BannerAdView$1$1.run()
I/org.umd.logging(14036): Method > 1324 com.heyzap.common.concurrency.WrappedRunnable.run(com.heyzap.common.concurrency.WrappedRunnable@1052428175)
I/org.umd.logging(14036): Method > 1324 com.heyzap.common.concurrency.FutureUtils$FutureRunnable.run(com.heyzap.mediation.handler.StatusListenerMultiplexer$5$1@430941934)
I/org.umd.logging(14036): Method < 1326 com.heyzap.common.concurrency.ExecutionList$RunnableExecutorPair.execute()
I/org.umd.logging(14036): Method > 1324 com.heyzap.mediation.handler.StatusListenerMultiplexer$5$1.run(com.heyzap.mediation.handler.StatusListenerMultiplexer$5$1@430941934, com.heyzap.common.lifecycle.FetchResult@477316090, null)
I/org.umd.logging(14036): Method < 1324 com.heyzap.mediation.handler.StatusListenerMultiplexer$5$1.run()
I/org.umd.logging(14036): Method > 1326 com.heyzap.common.concurrency.ExecutionList$RunnableExecutorPair.execute(com.heyzap.common.concurrency.ExecutionList$RunnableExecutorPair@153505195)
I/org.umd.logging(14036): Method < 1324 com.heyzap.common.concurrency.FutureUtils$FutureRunnable.run()
I/org.umd.logging(14036): Method < 1324 com.heyzap.common.concurrency.WrappedRunnable.run()
I/org.umd.logging(14036): Method > 1423 com.heyzap.http.JsonHttpResponseHandler$1$1.run(com.heyzap.http.JsonHttpResponseHandler$1$1@461426593)
I/org.umd.logging(14036): Method < 1423 com.heyzap.http.JsonHttpResponseHandler$1$1.run()
I/org.umd.logging(14036): Method < 1423 com.heyzap.http.JsonHttpResponseHandler$1.run()
I/org.umd.logging(14036): Method > 1326 com.heyzap.common.concurrency.ExecutorPool$WrappedScheduledThreadPoolExecutor.execute(com.heyzap.common.concurrency.ExecutorPool$WrappedScheduledThreadPoolExecutor@785424995, com.heyzap.mediation.handler.StatusListenerMultiplexer$5$1@238771208)
I/org.umd.logging(14036): Method > 1320 com.heyzap.common.concurrency.WrappedRunnable.run(com.heyzap.common.concurrency.WrappedRunnable@321794228)
I/org.umd.logging(14036): Method < 1326 com.heyzap.common.concurrency.ExecutorPool$WrappedScheduledThreadPoolExecutor.execute()
I/org.umd.logging(14036): Method > 1320 com.heyzap.common.concurrency.FutureUtils$FutureRunnable.run(com.heyzap.mediation.handler.StatusListenerMultiplexer$5$1@238771208)
I/org.umd.logging(14036): Method < 1326 com.heyzap.common.concurrency.ExecutionList$RunnableExecutorPair.execute()
I/org.umd.logging(14036): Method > 1320 com.heyzap.mediation.handler.StatusListenerMultiplexer$5$1.run(com.heyzap.mediation.handler.StatusListenerMultiplexer$5$1@238771208, com.heyzap.common.lifecycle.FetchResult@481936605, null)
I/org.umd.logging(14036): Method < 1326 com.heyzap.mediation.handler.StatusListenerMultiplexer$5.run()
I/org.umd.logging(14036): Method < 1326 com.heyzap.common.concurrency.FutureUtils$FutureRunnable.run()
I/org.umd.logging(14036): Method < 1320 com.heyzap.mediation.handler.StatusListenerMultiplexer$5$1.run()
I/org.umd.logging(14036): Method < 1326 com.heyzap.common.concurrency.WrappedRunnable.run()
I/org.umd.logging(14036): Method < 1320 com.heyzap.common.concurrency.FutureUtils$FutureRunnable.run()
I/org.umd.logging(14036): Method < 1320 com.heyzap.common.concurrency.WrappedRunnable.run()
D/ChimeraActivityProxy(14405): Loading activity implementation for ComponentInfo{com.google.android.gms/com.google.android.gms.auth.uiflows.controller.ControllerLauncherActivity}
D/ChimeraActivityProxy(14405): Proxying container activity ComponentInfo{com.google.android.gms/com.google.android.gms.auth.uiflows.controller.ControllerLauncherActivity} to Chimera activity impl .auth.uiflows.controller.ControllerLauncherChimeraActivity
I/org.umd.logging(14036): Method < 1325 com.heyzap.mediation.MediationManager$2$1.run()
I/org.umd.logging(14036): Method < 1325 com.heyzap.common.concurrency.FutureUtils$FutureRunnable.run()
I/org.umd.logging(14036): Method < 1325 com.heyzap.common.concurrency.WrappedRunnable.run()
I/org.umd.logging(14036): Api > 1319 java.lang.Thread.start(java.lang.Thread@961917589<thread=1424>)
I/org.umd.logging(14036): Api < 1319 java.lang.Thread.start()
I/org.umd.logging(14036): Method < 1319 com.heyzap.http.AsyncHttpRequest.run()
I/org.umd.logging(14036): Method > 1424 com.heyzap.http.JsonHttpResponseHandler$1.run(com.heyzap.http.JsonHttpResponseHandler$1@975478698)
I/org.umd.logging(14036): Method > 1424 com.heyzap.http.JsonHttpResponseHandler$1$1.run(com.heyzap.http.JsonHttpResponseHandler$1$1@297400219)
I/org.umd.logging(14036): Method < 1424 com.heyzap.http.JsonHttpResponseHandler$1$1.run()
I/org.umd.logging(14036): Method < 1424 com.heyzap.http.JsonHttpResponseHandler$1.run()
I/org.umd.logging(14036): Api > 1316 java.lang.Thread.start(java.lang.Thread@1051556354<thread=1425>)
I/org.umd.logging(14036): Api < 1316 java.lang.Thread.start()
I/org.umd.logging(14036): Method < 1316 com.heyzap.http.AsyncHttpRequest.run()
I/ActivityManager(  591): START u0 {flg=0x2000000 cmp=com.google.android.gms/.auth.uiflows.gettoken.GetTokenActivity (has extras)} from uid 10008 on display 0
V/WindowManager(  591): addAppToken: AppWindowToken{55b1cc7 token=Token{aa3ae06 ActivityRecord{620d0e1 u0 com.google.android.gms/.auth.uiflows.gettoken.GetTokenActivity t107}}} to stack=1 task=107 at 6
I/org.umd.logging(14036): Method > 1425 com.heyzap.http.JsonHttpResponseHandler$1.run(com.heyzap.http.JsonHttpResponseHandler$1@714456851)
I/org.umd.logging(14036): Method > 1425 com.heyzap.http.JsonHttpResponseHandler$1$1.run(com.heyzap.http.JsonHttpResponseHandler$1$1@497833296)
I/org.umd.logging(14036): Method < 1425 com.heyzap.http.JsonHttpResponseHandler$1$1.run()
I/org.umd.logging(14036): Method < 1425 com.heyzap.http.JsonHttpResponseHandler$1.run()
D/ChimeraActivityProxy(14405): Loading activity implementation for ComponentInfo{com.google.android.gms/com.google.android.gms.auth.uiflows.gettoken.GetTokenActivity}
D/ChimeraActivityProxy(14405): Proxying container activity ComponentInfo{com.google.android.gms/com.google.android.gms.auth.uiflows.gettoken.GetTokenActivity} to Chimera activity impl .auth.uiflows.gettoken.GetTokenChimeraActivity
V/WindowManager(  591): Adding window Window{3a9f6a60 u0 com.google.android.gms/com.google.android.gms.auth.uiflows.gettoken.GetTokenActivity} at 8 of 14 (after Window{27c19a48 u0 com.google.android.gms/com.google.android.gms.auth.uiflows.common.FilteringRedirectActivity})
I/ActivityManager(  591): Displayed com.google.android.gms/.auth.uiflows.gettoken.GetTokenActivity: +83ms (total +978ms)
I/ActivityManager(  591): START u0 {flg=0x2000000 cmp=com.google.android.gms/.auth.uiflows.consent.GrantCredentialsWithAclActivity (has extras)} from uid 10008 on display 0
V/WindowManager(  591): addAppToken: AppWindowToken{3ed433ea token=Token{21f1efd5 ActivityRecord{f00cc8c u0 com.google.android.gms/.auth.uiflows.consent.GrantCredentialsWithAclActivity t107}}} to stack=1 task=107 at 5
D/ChimeraActivityProxy(14405): Loading activity implementation for ComponentInfo{com.google.android.gms/com.google.android.gms.auth.uiflows.consent.GrantCredentialsWithAclActivity}
D/ChimeraActivityProxy(14405): Proxying container activity ComponentInfo{com.google.android.gms/com.google.android.gms.auth.uiflows.consent.GrantCredentialsWithAclActivity} to Chimera activity impl .auth.uiflows.consent.GrantCredentialsWithAclChimeraActivity
V/WindowManager(  591): Adding window Window{2e342578 u0 com.google.android.gms/com.google.android.gms.auth.uiflows.consent.GrantCredentialsWithAclActivity} at 9 of 15 (after Window{3a9f6a60 u0 com.google.android.gms/com.google.android.gms.auth.uiflows.gettoken.GetTokenActivity})
E/qcom_sensors_hal(  591): hal_process_report_ind: Bad item quality: 11 
I/DownloadManagerWrapper(  985): onReceive() : Charging = true
I/ActivityManager(  591): Displayed com.google.android.gms/.auth.uiflows.consent.GrantCredentialsWithAclActivity: +574ms
I/org.umd.logging(14036): Method > 1 com.inmobi.rendering.a$31.run(com.inmobi.rendering.a$31@125645902)
I/org.umd.logging(14036): Method < 1 com.inmobi.rendering.a$31.run()
D/audio_hw_primary(  188): select_devices: out_snd_device(2: speaker) in_snd_device(0: none)
D/ACDB-LOADER(  188): ACDB -> send_afe_cal
D/audio_hw_primary(  188): enable_snd_device: snd_device(2: speaker)
D/audio_hw_primary(  188): enable_audio_route: apply and update mixer path: low-latency-playback
I/OMXClient(14036): Using client-side OMX mux.
I/ActivityManager(  591): START u0 {flg=0x2000000 cmp=com.google.android.gms/.auth.uiflows.gettoken.GetTokenActivity (has extras)} from uid 10008 on display 0
V/WindowManager(  591): addAppToken: AppWindowToken{3f9670bc token=Token{2c2ab4af ActivityRecord{21a4948e u0 com.google.android.gms/.auth.uiflows.gettoken.GetTokenActivity t107}}} to stack=1 task=107 at 5
E/OMX-VDEC-1080P(  188): Extension: OMX.google.android.index.storeMetaDataInBuffers not implemented
E/OMXNodeInstance(  188): getExtensionIndex(61:qcom.decoder.avc, OMX.google.android.index.storeMetaDataInBuffers) ERROR: NotImplemented(0x80001006)
E/ACodec  (14036): [OMX.qcom.video.decoder.avc] storeMetaDataInBuffers failed w/ err -2147483648
E/OMX-VDEC-1080P(  188): Enabling Adaptive playback for 640 x 360
E/OMX-VDEC-1080P(  188): 
E/OMX-VDEC-1080P(  188):  No color conversion required
E/OMX-VDEC-1080P(  188): 
E/OMX-VDEC-1080P(  188):  No color conversion required
E/OMX-VDEC-1080P(  188): 
E/OMX-VDEC-1080P(  188):  No color conversion required
E/OMX-VDEC-1080P(  188): 
E/OMX-VDEC-1080P(  188):  No color conversion required
E/OMX-VDEC-1080P(  188): 
E/OMX-VDEC-1080P(  188):  No color conversion required
E/OMX-VDEC-1080P(  188): 
E/OMX-VDEC-1080P(  188):  No color conversion required
E/OMX-VDEC-1080P(  188): 
E/OMX-VDEC-1080P(  188):  No color conversion required
E/OMX-VDEC-1080P(  188): 
E/OMX-VDEC-1080P(  188):  No color conversion required
E/OMX-VDEC-1080P(  188): 
E/OMX-VDEC-1080P(  188):  No color conversion required
E/OMX-VDEC-1080P(  188): 
E/OMX-VDEC-1080P(  188):  No color conversion required
E/OMX-VDEC-1080P(  188): GET_MV_BUFFER_SIZE returned: Size: 65536 and alignment: 8192
E/OMX-VDEC-1080P(  188): 
E/OMX-VDEC-1080P(  188):  No color conversion required
E/OMX-VDEC-1080P(  188): 
E/OMX-VDEC-1080P(  188):  No color conversion required
E/OMX-VDEC-1080P(  188): 
E/OMX-VDEC-1080P(  188):  No color conversion required
E/OMX-VDEC-1080P(  188): 
E/OMX-VDEC-1080P(  188):  No color conversion required
D/ChimeraActivityProxy(14405): Loading activity implementation for ComponentInfo{com.google.android.gms/com.google.android.gms.auth.uiflows.gettoken.GetTokenActivity}
E/OMX-VDEC-1080P(  188): 
E/OMX-VDEC-1080P(  188):  No color conversion required
D/ChimeraActivityProxy(14405): Proxying container activity ComponentInfo{com.google.android.gms/com.google.android.gms.auth.uiflows.gettoken.GetTokenActivity} to Chimera activity impl .auth.uiflows.gettoken.GetTokenChimeraActivity
E/OMX-VDEC-1080P(  188): 
E/OMX-VDEC-1080P(  188):  No color conversion required
E/OMX-VDEC-1080P(  188): 
E/OMX-VDEC-1080P(  188):  No color conversion required
E/OMX-VDEC-1080P(  188): 
E/OMX-VDEC-1080P(  188):  No color conversion required
V/WindowManager(  591): Adding window Window{37596b9a u0 com.google.android.gms/com.google.android.gms.auth.uiflows.gettoken.GetTokenActivity} at 9 of 15 (after Window{2e342578 u0 com.google.android.gms/com.google.android.gms.auth.uiflows.consent.GrantCredentialsWithAclActivity})
E/OMX-VDEC-1080P(  188): 
E/OMX-VDEC-1080P(  188):  No color conversion required
E/OMX-VDEC-1080P(  188): 
E/OMX-VDEC-1080P(  188):  No color conversion required
E/OMX-VDEC-1080P(  188): 
E/OMX-VDEC-1080P(  188):  No color conversion required
E/OMX-VDEC-1080P(  188): 
E/OMX-VDEC-1080P(  188):  No color conversion required
E/OMX-VDEC-1080P(  188): 
E/OMX-VDEC-1080P(  188):  No color conversion required
E/OMX-VDEC-1080P(  188): 
E/OMX-VDEC-1080P(  188):  No color conversion required
E/OMX-VDEC-1080P(  188): 
E/OMX-VDEC-1080P(  188):  No color conversion required
E/OMX-VDEC-1080P(  188): 
E/OMX-VDEC-1080P(  188):  No color conversion required
E/OMX-VDEC-1080P(  188): 
E/OMX-VDEC-1080P(  188):  No color conversion required
I/org.umd.logging(11423): Method > 1 com.cleanmaster.base.crash.util.debug.b.run(com.cleanmaster.base.crash.util.debug.b@614779553)
I/org.umd.logging(11423): Method < 1 com.cleanmaster.base.crash.util.debug.b.run()
E/OMX-VDEC-1080P(  188): 
E/OMX-VDEC-1080P(  188):  No color conversion required
E/OMX-VDEC-1080P(  188): 
E/OMX-VDEC-1080P(  188):  No color conversion required
E/OMX-VDEC-1080P(  188): 
E/OMX-VDEC-1080P(  188):  No color conversion required
E/OMX-VDEC-1080P(  188): 
E/OMX-VDEC-1080P(  188):  No color conversion required
E/OMX-VDEC-1080P(  188): 
E/OMX-VDEC-1080P(  188):  No color conversion required
I/ActivityManager(  591): Displayed com.google.android.gms/.auth.uiflows.gettoken.GetTokenActivity: +119ms
E/OMX-VDEC-1080P(  188): 
E/OMX-VDEC-1080P(  188):  No color conversion required
W/SurfaceFlinger(  172): couldn't log to binary event log: overflow.
I/MediaFocusControl(  591):  AudioFocus  requestAudioFocus() from android.media.AudioManager@c43fd8borg.chromium.content.browser.MediaSessionDelegate@14b57e68 req=1flags=0x0
I/MediaFocusControl(  591):  AudioFocus  requestAudioFocus() from android.media.AudioManager@c43fd8borg.chromium.content.browser.MediaSessionDelegate@14b57e68 req=1flags=0x0
I/org.umd.logging(14036): Method > 1 com.heyzap.common.concurrency.ExecutionList$RunnableExecutorPair.execute(com.heyzap.common.concurrency.ExecutionList$RunnableExecutorPair@237469478)
I/org.umd.logging(14036): Method > 1 com.heyzap.common.concurrency.ExecutorPool$WrappedScheduledThreadPoolExecutor.execute(com.heyzap.common.concurrency.ExecutorPool$WrappedScheduledThreadPoolExecutor@785424995, com.heyzap.mediation.abstr.FetchBackedNetworkAdapter$2$1$1@217245543)
I/org.umd.logging(14036): Method < 1 com.heyzap.common.concurrency.ExecutorPool$WrappedScheduledThreadPoolExecutor.execute()
I/org.umd.logging(14036): Method < 1 com.heyzap.common.concurrency.ExecutionList$RunnableExecutorPair.execute()
I/org.umd.logging(14036): Method > 1 com.inmobi.rendering.RenderView$3.run(com.inmobi.rendering.RenderView$3@647502100)
I/org.umd.logging(14036): Method < 1 com.inmobi.rendering.RenderView$3.run()
I/org.umd.logging(14036): Method > 1317 com.heyzap.common.concurrency.WrappedRunnable.run(com.heyzap.common.concurrency.WrappedRunnable@1071576509)
I/org.umd.logging(14036): Method > 1317 com.heyzap.mediation.abstr.FetchBackedNetworkAdapter$2$1$1.run(com.heyzap.mediation.abstr.FetchBackedNetworkAdapter$2$1$1@217245543)
I/org.umd.logging(14036): Method > 1317 com.heyzap.common.concurrency.ExecutionList$RunnableExecutorPair.execute(com.heyzap.common.concurrency.ExecutionList$RunnableExecutorPair@771516338)
I/org.umd.logging(14036): Method > 1317 com.heyzap.common.concurrency.ExecutorPool$WrappedScheduledThreadPoolExecutor.execute(com.heyzap.common.concurrency.ExecutorPool$WrappedScheduledThreadPoolExecutor@785424995, com.heyzap.common.concurrency.FutureUtils$4@566006531)
I/org.umd.logging(14036): Method > 1321 com.heyzap.common.concurrency.WrappedRunnable.run(com.heyzap.common.concurrency.WrappedRunnable@157790848)
I/org.umd.logging(14036): Method < 1317 com.heyzap.common.concurrency.ExecutorPool$WrappedScheduledThreadPoolExecutor.execute()
I/org.umd.logging(14036): Method < 1317 com.heyzap.common.concurrency.ExecutionList$RunnableExecutorPair.execute()
I/org.umd.logging(14036): Method > 1321 com.heyzap.common.concurrency.FutureUtils$FutureRunnable.run(com.heyzap.common.concurrency.FutureUtils$4@566006531)
I/org.umd.logging(14036): Method > 1317 com.heyzap.common.concurrency.ExecutionList$RunnableExecutorPair.execute(com.heyzap.common.concurrency.ExecutionList$RunnableExecutorPair@680145081)
I/org.umd.logging(14036): Method > 1321 com.heyzap.common.concurrency.FutureUtils$4.run(com.heyzap.common.concurrency.FutureUtils$4@566006531, true, null)
I/org.umd.logging(14036): Method > 1317 com.heyzap.common.concurrency.ExecutorPool$WrappedScheduledThreadPoolExecutor.execute(com.heyzap.common.concurrency.ExecutorPool$WrappedScheduledThreadPoolExecutor@785424995, com.heyzap.common.concurrency.FutureUtils$4@96816382)
I/org.umd.logging(14036): Method > 1323 com.heyzap.common.concurrency.WrappedRunnable.run(com.heyzap.common.concurrency.WrappedRunnable@485186655)
I/org.umd.logging(14036): Method < 1317 com.heyzap.common.concurrency.ExecutorPool$WrappedScheduledThreadPoolExecutor.execute()
I/org.umd.logging(14036): Method > 1321 com.heyzap.common.concurrency.ExecutionList$RunnableExecutorPair.execute(com.heyzap.common.concurrency.ExecutionList$RunnableExecutorPair@383088300)
I/org.umd.logging(14036): Method > 1323 com.heyzap.common.concurrency.FutureUtils$FutureRunnable.run(com.heyzap.common.concurrency.FutureUtils$4@96816382)
I/org.umd.logging(14036): Method > 1323 com.heyzap.common.concurrency.FutureUtils$4.run(com.heyzap.common.concurrency.FutureUtils$4@96816382, true, null)
I/org.umd.logging(14036): Method > 1321 com.heyzap.common.concurrency.ExecutorPool$WrappedScheduledThreadPoolExecutor.execute(com.heyzap.common.concurrency.ExecutorPool$WrappedScheduledThreadPoolExecutor@785424995, com.heyzap.mediation.ConcurrentLoaderStrategy$2@940842869)
I/org.umd.logging(14036): Method > 1323 com.heyzap.common.concurrency.ExecutionList$RunnableExecutorPair.execute(com.heyzap.common.concurrency.ExecutionList$RunnableExecutorPair@195377930)
I/org.umd.logging(14036): Method < 1321 com.heyzap.common.concurrency.ExecutorPool$WrappedScheduledThreadPoolExecutor.execute()
I/org.umd.logging(14036): Method < 1317 com.heyzap.common.concurrency.ExecutionList$RunnableExecutorPair.execute()
I/org.umd.logging(14036): Method > 1323 com.heyzap.common.concurrency.ExecutorPool$WrappedScheduledThreadPoolExecutor.execute(com.heyzap.common.concurrency.ExecutorPool$WrappedScheduledThreadPoolExecutor@785424995, com.heyzap.mediation.ConcurrentLoaderStrategy$2@18046843)
I/org.umd.logging(14036): Method < 1321 com.heyzap.common.concurrency.ExecutionList$RunnableExecutorPair.execute()
I/org.umd.logging(14036): Method < 1317 com.heyzap.mediation.abstr.FetchBackedNetworkAdapter$2$1$1.run()
I/org.umd.logging(14036): Method < 1317 com.heyzap.common.concurrency.WrappedRunnable.run()
I/org.umd.logging(14036): Method > 1320 com.heyzap.common.concurrency.WrappedRunnable.run(com.heyzap.common.concurrency.WrappedRunnable@813257112)
I/org.umd.logging(14036): Method > 1325 com.heyzap.common.concurrency.WrappedRunnable.run(com.heyzap.common.concurrency.WrappedRunnable@236207601)
I/org.umd.logging(14036): Method < 1321 com.heyzap.common.concurrency.FutureUtils$4.run()
I/org.umd.logging(14036): Method < 1321 com.heyzap.common.concurrency.FutureUtils$FutureRunnable.run()
I/org.umd.logging(14036): Method > 1325 com.heyzap.mediation.ConcurrentLoaderStrategy$2.run(com.heyzap.mediation.ConcurrentLoaderStrategy$2@18046843)
I/org.umd.logging(14036): Api > 1325 java.lang.Object.start(com.heyzap.sdk.mediation.adapter.ApplovinAdapter@48496086, com.heyzap.common.lifecycle.FetchOptions@468613207)
I/org.umd.logging(14036): Method < 1323 com.heyzap.common.concurrency.ExecutorPool$WrappedScheduledThreadPoolExecutor.execute()
I/org.umd.logging(14036): Method > 1325 com.heyzap.mediation.abstr.AdUnitNetworkAdapter.start(com.heyzap.sdk.mediation.adapter.ApplovinAdapter@48496086, com.heyzap.common.lifecycle.FetchOptions@468613207)
I/org.umd.logging(14036): Method > 1320 com.heyzap.mediation.ConcurrentLoaderStrategy$2.run(com.heyzap.mediation.ConcurrentLoaderStrategy$2@940842869)
I/org.umd.logging(14036): Method < 1323 com.heyzap.common.concurrency.ExecutionList$RunnableExecutorPair.execute()
I/org.umd.logging(14036): Api > 1320 java.lang.Object.start(com.heyzap.sdk.mediation.adapter.ApplovinAdapter@48496086, com.heyzap.common.lifecycle.FetchOptions@931000132)
I/org.umd.logging(14036): Method < 1323 com.heyzap.common.concurrency.FutureUtils$4.run()
I/org.umd.logging(14036): Method > 1320 com.heyzap.mediation.abstr.AdUnitNetworkAdapter.start(com.heyzap.sdk.mediation.adapter.ApplovinAdapter@48496086, com.heyzap.common.lifecycle.FetchOptions@931000132)
I/org.umd.logging(14036): Method < 1323 com.heyzap.common.concurrency.FutureUtils$FutureRunnable.run()
I/org.umd.logging(14036): Method < 1323 com.heyzap.common.concurrency.WrappedRunnable.run()
I/org.umd.logging(14036): Method > 1320 com.heyzap.mediation.adapter.AdUnitStateManager.start(com.heyzap.mediation.adapter.AdUnitStateManager@158998882, java.util.MiniEnumSet@398178857)
I/org.umd.logging(14036): Method < 1320 com.heyzap.mediation.adapter.AdUnitStateManager.start(java.util.HashSet@499784527)
I/org.umd.logging(14036): Method < 1321 com.heyzap.common.concurrency.WrappedRunnable.run()
I/org.umd.logging(14036): Method > 1325 com.heyzap.mediation.adapter.AdUnitStateManager.start(com.heyzap.mediation.adapter.AdUnitStateManager@158998882, java.util.MiniEnumSet@830071516)
I/org.umd.logging(14036): Method < 1325 com.heyzap.mediation.adapter.AdUnitStateManager.start(java.util.HashSet@103600101)
I/org.umd.logging(14036): Method < 1325 com.heyzap.mediation.abstr.AdUnitNetworkAdapter.start(com.heyzap.common.concurrency.SettableFuture@948599482)
I/org.umd.logging(14036): Api < 1325 java.lang.Object.start(com.heyzap.common.concurrency.SettableFuture@948599482)
I/org.umd.logging(14036): Method > 1325 com.heyzap.common.concurrency.ExecutionList$RunnableExecutorPair.execute(com.heyzap.common.concurrency.ExecutionList$RunnableExecutorPair@708255083)
I/org.umd.logging(14036): Method > 1325 com.heyzap.common.concurrency.ExecutorPool$WrappedScheduledThreadPoolExecutor.execute(com.heyzap.common.concurrency.ExecutorPool$WrappedScheduledThreadPoolExecutor@785424995, com.heyzap.common.concurrency.FutureUtils$4@808472776)
I/org.umd.logging(14036): Method > 1316 com.heyzap.common.concurrency.WrappedRunnable.run(com.heyzap.common.concurrency.WrappedRunnable@1071613281)
I/org.umd.logging(14036): Method > 1316 com.heyzap.common.concurrency.FutureUtils$FutureRunnable.run(com.heyzap.common.concurrency.FutureUtils$4@808472776)
I/org.umd.logging(14036): Method > 1316 com.heyzap.common.concurrency.FutureUtils$4.run(com.heyzap.common.concurrency.FutureUtils$4@808472776, com.heyzap.common.lifecycle.FetchResult@383092870, null)
I/org.umd.logging(14036): Method < 1325 com.heyzap.common.concurrency.ExecutorPool$WrappedScheduledThreadPoolExecutor.execute()
I/org.umd.logging(14036): Method < 1325 com.heyzap.common.concurrency.ExecutionList$RunnableExecutorPair.execute()
I/org.umd.logging(14036): Method > 1325 com.heyzap.common.concurrency.ExecutionList$RunnableExecutorPair.execute(com.heyzap.common.concurrency.ExecutionList$RunnableExecutorPair@640165191)
I/org.umd.logging(14036): Method < 1316 com.heyzap.common.concurrency.FutureUtils$4.run()
I/org.umd.logging(14036): Method < 1316 com.heyzap.common.concurrency.FutureUtils$FutureRunnable.run()
I/org.umd.logging(14036): Method > 1325 com.heyzap.common.concurrency.ExecutorPool$WrappedScheduledThreadPoolExecutor.execute(com.heyzap.common.concurrency.ExecutorPool$WrappedScheduledThreadPoolExecutor@785424995, com.heyzap.mediation.ConcurrentLoaderStrategy$2@375239028)
I/org.umd.logging(14036): Method < 1316 com.heyzap.common.concurrency.WrappedRunnable.run()
I/org.umd.logging(14036): Method > 1324 com.heyzap.common.concurrency.WrappedRunnable.run(com.heyzap.common.concurrency.WrappedRunnable@95295133)
I/org.umd.logging(14036): Method < 1325 com.heyzap.common.concurrency.ExecutorPool$WrappedScheduledThreadPoolExecutor.execute()
I/org.umd.logging(14036): Method > 1324 com.heyzap.mediation.ConcurrentLoaderStrategy$2.run(com.heyzap.mediation.ConcurrentLoaderStrategy$2@375239028)
I/org.umd.logging(14036): Method < 1325 com.heyzap.common.concurrency.ExecutionList$RunnableExecutorPair.execute()
I/org.umd.logging(14036): Api > 1324 java.lang.Object.start(com.heyzap.sdk.mediation.adapter.UnityadsAdapter@275883794, com.heyzap.common.lifecycle.FetchOptions@725077731)
I/org.umd.logging(14036): Api > 1325 java.lang.Object.start(com.heyzap.sdk.mediation.adapter.UnityadsAdapter@275883794, com.heyzap.common.lifecycle.FetchOptions@241070304)
I/org.umd.logging(14036): Method > 1324 com.heyzap.mediation.abstr.AdUnitNetworkAdapter.start(com.heyzap.sdk.mediation.adapter.UnityadsAdapter@275883794, com.heyzap.common.lifecycle.FetchOptions@725077731)
I/org.umd.logging(14036): Method > 1325 com.heyzap.mediation.abstr.AdUnitNetworkAdapter.start(com.heyzap.sdk.mediation.adapter.UnityadsAdapter@275883794, com.heyzap.common.lifecycle.FetchOptions@241070304)
I/org.umd.logging(14036): Method > 1324 com.heyzap.mediation.adapter.AdUnitStateManager.start(com.heyzap.mediation.adapter.AdUnitStateManager@299532185, java.util.HashSet@910107230)
I/org.umd.logging(14036): Method < 1324 com.heyzap.mediation.adapter.AdUnitStateManager.start(java.util.HashSet@135165503)
I/UnityAds(14036): com.unity3d.ads.android.UnityAds.init() (line:-1) :: Initializing Unity Ads version 1405 with gameId 1016552
I/org.umd.logging(14036): Method > 1325 com.heyzap.mediation.adapter.AdUnitStateManager.start(com.heyzap.mediation.adapter.AdUnitStateManager@299532185, java.util.HashSet@1023245304)
I/org.umd.logging(14036): Method < 1325 com.heyzap.mediation.adapter.AdUnitStateManager.start(java.util.HashSet@226724049)
I/org.umd.logging(14036): Method < 1325 com.heyzap.mediation.abstr.AdUnitNetworkAdapter.start(com.heyzap.common.concurrency.SettableFuture@928456502)
I/org.umd.logging(14036): Api < 1325 java.lang.Object.start(com.heyzap.common.concurrency.SettableFuture@928456502)
I/org.umd.logging(14036): Api > 1325 java.lang.Object.start(com.heyzap.sdk.mediation.adapter.VungleAdapter@895413815, com.heyzap.common.lifecycle.FetchOptions@462053284)
I/org.umd.logging(14036): Method > 1325 com.heyzap.mediation.abstr.AdUnitNetworkAdapter.start(com.heyzap.sdk.mediation.adapter.VungleAdapter@895413815, com.heyzap.common.lifecycle.FetchOptions@462053284)
I/art     (14036): Rejecting re-init on previously-failed class java.lang.Class<com.vungle.publisher.location.GoogleLocationClientDetailedLocationProvider>
I/art     (14036): Rejecting re-init on previously-failed class java.lang.Class<com.vungle.publisher.location.GoogleLocationClientDetailedLocationProvider>
I/org.umd.logging(14036): Method > 1320 com.heyzap.common.concurrency.ExecutionList$RunnableExecutorPair.execute(com.heyzap.common.concurrency.ExecutionList$RunnableExecutorPair@824850131)
I/org.umd.logging(14036): Method > 1320 com.heyzap.common.concurrency.ExecutorPool$WrappedScheduledThreadPoolExecutor.execute(com.heyzap.common.concurrency.ExecutorPool$WrappedScheduledThreadPoolExecutor@785424995, com.heyzap.sdk.mediation.adapter.ApplovinAdapter$1@791076622)
I/org.umd.logging(14036): Method > 1319 com.heyzap.common.concurrency.WrappedRunnable.run(com.heyzap.common.concurrency.WrappedRunnable@1045916975)
I/org.umd.logging(14036): Method < 1320 com.heyzap.common.concurrency.ExecutorPool$WrappedScheduledThreadPoolExecutor.execute()
I/org.umd.logging(14036): Method > 1319 com.heyzap.sdk.mediation.adapter.ApplovinAdapter$1.run(com.heyzap.sdk.mediation.adapter.ApplovinAdapter$1@791076622)
I/org.umd.logging(14036): Method < 1320 com.heyzap.common.concurrency.ExecutionList$RunnableExecutorPair.execute()
I/org.umd.logging(14036): Method > 1323 com.heyzap.mediation.adapter.FetchRequestConsumer$ConsumeCallback.run(com.heyzap.mediation.adapter.FetchRequestConsumer$ConsumeCallback@265813820)
I/org.umd.logging(14036): Method < 1320 com.heyzap.mediation.abstr.AdUnitNetworkAdapter.start(com.heyzap.common.concurrency.SettableFuture@858006725)
I/org.umd.logging(14036): Method < 1319 com.heyzap.sdk.mediation.adapter.ApplovinAdapter$1.run()
I/org.umd.logging(14036): Api < 1320 java.lang.Object.start(com.heyzap.common.concurrency.SettableFuture@858006725)
I/org.umd.logging(14036): Method > 1323 com.heyzap.sdk.mediation.adapter.ApplovinAdapter$2.run(com.heyzap.sdk.mediation.adapter.ApplovinAdapter$2@444050763)
I/org.umd.logging(14036): Method < 1319 com.heyzap.common.concurrency.WrappedRunnable.run()
I/org.umd.logging(14036): Method < 1320 com.heyzap.mediation.ConcurrentLoaderStrategy$2.run()
I/org.umd.logging(14036): Method < 1320 com.heyzap.common.concurrency.WrappedRunnable.run()
I/org.umd.logging(14036): Method > 1323 com.heyzap.internal.RetryManager.start(com.heyzap.internal.RetryManager@247714600)
I/org.umd.logging(14036): Method < 1323 com.heyzap.internal.RetryManager.start()
I/org.umd.logging(14036): Method < 1323 com.heyzap.sdk.mediation.adapter.ApplovinAdapter$2.run()
I/org.umd.logging(14036): Method < 1323 com.heyzap.mediation.adapter.FetchRequestConsumer$ConsumeCallback.run()
I/org.umd.logging(14036): Method > 1323 com.heyzap.sdk.mediation.adapter.ApplovinAdapter$2$1.run(com.heyzap.sdk.mediation.adapter.ApplovinAdapter$2$1@17945383)
I/org.umd.logging(14036): Method > 1323 com.heyzap.mediation.adapter.FetchStateManager.start(com.heyzap.mediation.adapter.FetchStateManager@702490493, com.heyzap.internal.Constants$AdUnit@431625842)
I/org.umd.logging(14036): Method < 1323 com.heyzap.mediation.adapter.FetchStateManager.start()
I/org.umd.logging(14036): Method > 1435 com.applovin.impl.sdk.cp.run(com.applovin.impl.sdk.cp@901496441)
I/TaskInitializeSdk(14036): SDK has been updated since last run. Continuing...
I/org.umd.logging(14036): Method < 1323 com.heyzap.sdk.mediation.adapter.ApplovinAdapter$2$1.run()
I/org.umd.logging(14036): Api > 1324 java.lang.Thread.start(java.lang.Thread@95924076<thread=1437>)
I/org.umd.logging(14036): Api < 1324 java.lang.Thread.start()
E/Cataloger( 5092): syncFile:/storage/emulated/0/Android/data/com.fortafygames.colorswitch
I/org.umd.logging(14036): Method > 1326 com.heyzap.mediation.adapter.FetchRequestConsumer$ConsumeCallback.run(com.heyzap.mediation.adapter.FetchRequestConsumer$ConsumeCallback@101843402)
I/org.umd.logging(14036): Method > 1326 com.heyzap.sdk.mediation.adapter.UnityadsAdapter$1.run(com.heyzap.sdk.mediation.adapter.UnityadsAdapter$1@179422129)
I/org.umd.logging(14036): Method > 1326 com.heyzap.internal.RetryManager.start(com.heyzap.internal.RetryManager@53899414)
I/org.umd.logging(14036): Method < 1326 com.heyzap.internal.RetryManager.start()
I/org.umd.logging(14036): Method < 1326 com.heyzap.sdk.mediation.adapter.UnityadsAdapter$1.run()
I/org.umd.logging(14036): Method < 1326 com.heyzap.mediation.adapter.FetchRequestConsumer$ConsumeCallback.run()
