I/org.umd.logging(17489): Method > 3273 com.turner.android.player.CvpPlayer$1.run(com.turner.android.player.CvpPlayer$1@1039111352<thread=3273>)
D/CvpPlayer(17489): captionFileName=/storage/emulated/0/.cvpdb
I/org.umd.logging(17489): Method < 3273 com.turner.android.player.CvpPlayer$1.run()
I/org.umd.logging(17489): Api > 1 org.apache.http.impl.client.DefaultHttpClient.<init>(org.apache.http.impl.client.DefaultHttpClient@455672453, org.apache.http.impl.conn.tsccm.ThreadSafeClientConnManager@869112808, org.apache.http.params.BasicHttpParams@1003133094)
I/org.umd.logging(17489): Api < 1 org.apache.http.impl.client.DefaultHttpClient.<init>(org.apache.http.impl.client.DefaultHttpClient@455672453)
V/Aspen   (17489): initialize from cvp
D/Aspen   (17489): Creating cookieManager instance
I/org.umd.logging(17489): Method > 3275 com.turner.android.utils.NetworkClient$AsyncHttpRequest.run(com.turner.android.utils.NetworkClient$AsyncHttpRequest@1047133501)
W/ContentTaskController( 1323): Invalid newTask was provided to startTracking.
I/org.umd.logging(17489): Api > 1 org.apache.http.impl.client.DefaultHttpClient.<init>(org.apache.http.impl.client.DefaultHttpClient@709207683, org.apache.http.impl.conn.tsccm.ThreadSafeClientConnManager@79036416, org.apache.http.params.BasicHttpParams@897462329)
I/org.umd.logging(17489): Api < 1 org.apache.http.impl.client.DefaultHttpClient.<init>(org.apache.http.impl.client.DefaultHttpClient@709207683)
V/CvpPlayer(17489): CvpPlayer.screenSize=normal
I/org.umd.logging(17489): Method > 3268 com.crittercism.app.CritterUserDataRequest$1.run(com.crittercism.app.CritterUserDataRequest$1@813374508)
I/org.umd.logging(17489): Method > 3268 crittercism.android.cq.run(crittercism.android.cu@824515722)
I/org.umd.logging(17489): Method < 3268 crittercism.android.cq.run()
I/org.umd.logging(17489): Method < 3268 com.crittercism.app.CritterUserDataRequest$1.run()
I/org.umd.logging(17489): Method < 3268 crittercism.android.cq.run()
I/org.umd.logging(17489): Method < 3268 crittercism.android.cq.run()
E/SQLiteLog(16056): (283) recovered 1 frames from WAL file /data/data/com.google.android.apps.photos/databases/gphotos0.db-wal
E/ExecutionCriteria( 1323): Package unavailable for task: endpoint='com.google.android.talk/com.google.android.apps.hangouts.concurrent.impl.GcmTriggeredNotifier'
E/ExecutionCriteria( 1323): tag=':charging_wakeup', state=PENDING, u=0, jid=-1
E/ExecutionCriteria( 1323): Next execution: [early=337s, expires=338s]
E/ExecutionCriteria( 1323): Package unavailable for task: endpoint='com.google.android.talk/com.google.android.apps.hangouts.concurrent.impl.GcmTriggeredNotifier'
E/ExecutionCriteria( 1323): tag='network_connectivity_wakeup:persisted', state=PENDING, u=0, jid=-1
E/ExecutionCriteria( 1323): Next execution: [early=156611s, expires=156612s]
I/WebViewFactory(17489): Loading com.google.android.webview version 54.0.2840.85 (code 284008500)
I/art     (17489): Rejecting re-init on previously-failed class java.lang.Class<com.android.webview.chromium.TokenBindingManagerAdapter>
I/art     (17489): Rejecting re-init on previously-failed class java.lang.Class<com.android.webview.chromium.TokenBindingManagerAdapter>
I/art     (17489): Rejecting re-init on previously-failed class java.lang.Class<com.android.webview.chromium.ServiceWorkerControllerAdapter>
I/art     (17489): Rejecting re-init on previously-failed class java.lang.Class<com.android.webview.chromium.ServiceWorkerControllerAdapter>
I/cr_LibraryLoader(17489): Time to load native libraries: 2 ms (timestamps 9845-9847)
I/cr_LibraryLoader(17489): Expected native library version number "54.0.2840.85", actual native library version number "54.0.2840.85"
E/ExecutionCriteria( 1323): Package unavailable for task: endpoint='com.google.android.talk/com.google.android.apps.hangouts.concurrent.impl.GcmTriggeredNotifier'
E/ExecutionCriteria( 1323): tag=':charging_wakeup', state=PENDING, u=0, jid=-1
E/ExecutionCriteria( 1323): Next execution: [early=337s, expires=338s]
E/ExecutionCriteria( 1323): Package unavailable for task: endpoint='com.google.android.talk/com.google.android.apps.hangouts.concurrent.impl.GcmTriggeredNotifier'
E/ExecutionCriteria( 1323): tag='network_connectivity_wakeup:persisted', state=PENDING, u=0, jid=-1
E/ExecutionCriteria( 1323): Next execution: [early=156611s, expires=156612s]
I/AdManager(17489): Version:5.15.0-r10520-1406220322
V/CvpPlayer(17489): setAdManager|adManager=tv.freewheel.ad.AdManager@1698ad71
I/org.umd.logging(17489): Method > 1 com.comscore.utils.task.TaskExecutor.execute(com.comscore.utils.task.TaskExecutor@340997079, com.comscore.analytics.ad@859418541, true)
I/org.umd.logging(17489): Method > 1 com.comscore.utils.task.CustomThreadPoolExecutor.execute(com.comscore.utils.task.CustomThreadPoolExecutor@263009907, com.comscore.analytics.ad@859418541)
I/org.umd.logging(17489): Method < 1 com.comscore.utils.task.CustomThreadPoolExecutor.execute()
I/org.umd.logging(17489): Method < 1 com.comscore.utils.task.TaskExecutor.execute(true)
I/org.umd.logging(17489): Method > 3280 com.comscore.analytics.ad.run(com.comscore.analytics.ad@859418541)
I/org.umd.logging(17489): Method > 1 com.comscore.utils.task.TaskExecutor.execute(com.comscore.utils.task.TaskExecutor@340997079, com.comscore.analytics.g@111090478, true)
I/org.umd.logging(17489): Method > 1 com.comscore.utils.task.CustomThreadPoolExecutor.execute(com.comscore.utils.task.CustomThreadPoolExecutor@263009907, com.comscore.analytics.g@111090478)
I/org.umd.logging(17489): Method < 1 com.comscore.utils.task.CustomThreadPoolExecutor.execute()
I/org.umd.logging(17489): Method < 1 com.comscore.utils.task.TaskExecutor.execute(true)
I/org.umd.logging(17489): Method > 1 com.comscore.utils.task.TaskExecutor.execute(com.comscore.utils.task.TaskExecutor@340997079, com.comscore.analytics.c@278128732, true)
I/org.umd.logging(17489): Method > 1 com.comscore.utils.task.CustomThreadPoolExecutor.execute(com.comscore.utils.task.CustomThreadPoolExecutor@263009907, com.comscore.analytics.c@278128732)
I/org.umd.logging(17489): Method < 1 com.comscore.utils.task.CustomThreadPoolExecutor.execute()
I/org.umd.logging(17489): Method < 1 com.comscore.utils.task.TaskExecutor.execute(true)
I/CNNApp  (17489): comScore version 2.1403.17
I/ConfigHelper(17489): DYNAMIC CONFIG FILE in play (http://www.cnn.com/partners/android/config/3.04/config-phone.json)
I/org.umd.logging(17489): Api > 3280 java.lang.Thread.start(java.lang.Thread@858194155<thread=3282>)
I/org.umd.logging(17489): Api < 3280 java.lang.Thread.start()
I/org.umd.logging(17489): Method > 1 com.androidquery.callback.AbstractAjaxCallback.execute(com.cnn.mobile.android.phone.service.ConfigHelper$1@807326945)
I/org.umd.logging(17489): Method < 1 com.androidquery.callback.AbstractAjaxCallback.execute()
I/org.umd.logging(17489): Method < 3280 com.comscore.analytics.ad.run()
I/org.umd.logging(17489): Method > 3280 com.comscore.analytics.g.run(com.comscore.analytics.g@111090478)
I/org.umd.logging(17489): Method < 3280 com.comscore.analytics.g.run()
I/org.umd.logging(17489): Method > 3280 com.comscore.analytics.c.run(com.comscore.analytics.c@278128732)
I/org.umd.logging(17489): Method > 3282 com.comscore.utils.f.run(com.comscore.utils.f@50521844)
I/org.umd.logging(17489): Method > 3283 com.androidquery.callback.AbstractAjaxCallback.run(com.cnn.mobile.android.phone.service.ConfigHelper$1@807326945)
I/org.umd.logging(17489): Api > 3283 org.apache.http.impl.client.DefaultHttpClient.<init>(org.apache.http.impl.client.DefaultHttpClient@493066386, org.apache.http.impl.conn.tsccm.ThreadSafeClientConnManager@785424995, org.apache.http.params.BasicHttpParams@1004633696)
I/org.umd.logging(17489): Api < 3283 org.apache.http.impl.client.DefaultHttpClient.<init>(org.apache.http.impl.client.DefaultHttpClient@493066386)
I/org.umd.logging(17489): Method < 3280 com.comscore.analytics.c.run()
I/org.umd.logging(17489): Method > 3283 com.androidquery.callback.AbstractAjaxCallback.execute(com.cnn.mobile.android.phone.service.ConfigHelper$1@807326945, org.apache.http.client.methods.HttpGet@186712511, org.apache.http.impl.client.DefaultHttpClient@493066386, org.apache.http.protocol.BasicHttpContext@407942101)
I/org.umd.logging(17489): Api > 3283 org.apache.http.impl.client.DefaultHttpClient.execute(org.apache.http.impl.client.DefaultHttpClient@493066386, org.apache.http.client.methods.HttpGet@186712511, org.apache.http.protocol.BasicHttpContext@407942101)
I/org.umd.logging(17489): Method < 3283 com.androidquery.callback.AbstractAjaxCallback.run()
I/CNNApp  (17489): deviceName=device=mako model=nexus 4 product=occam brand=google type=user manu=lgemarketPlace=null
I/org.umd.logging(17489): Method < 1 com.cnn.mobile.android.phone.CNNApp.onCreate()
I/org.umd.logging(17489): Method > 1 com.cnn.mobile.android.phone.service.FeedService.onCreate(com.cnn.mobile.android.phone.service.FeedService@723827064)
I/org.umd.logging(17489): Method < 1 com.cnn.mobile.android.phone.service.FeedService.onCreate()
I/org.umd.logging(17489): Method > 1 com.cnn.mobile.android.phone.service.FeedService.onStartCommand(com.cnn.mobile.android.phone.service.FeedService@723827064, android.content.Intent@346551588<action=null><data=null><package=null><component=com.cnn.mobile.android.phone/.service.FeedService><type=null><filter_hashcode=-1301101658><fetch_type=None><umd_Intent_key=None><android.intent.extra.ALARM_COUNT=None>, 0, 1)
I/ConfigHelper(17489): DYNAMIC CONFIG FILE in play (http://www.cnn.com/partners/android/config/3.04/config-phone.json)
I/org.umd.logging(17489): Method > 1 com.androidquery.callback.AbstractAjaxCallback.execute(com.cnn.mobile.android.phone.service.ConfigHelper$1@906791053)
I/org.umd.logging(17489): Method < 1 com.androidquery.callback.AbstractAjaxCallback.execute()
I/org.umd.logging(17489): Method < 1 com.cnn.mobile.android.phone.service.FeedService.onStartCommand(2)
I/org.umd.logging(17489): Method > 1 com.cnn.mobile.android.phone.service.FeedService.onStartCommand(com.cnn.mobile.android.phone.service.FeedService@723827064, android.content.Intent@207546963<action=null><data=null><package=null><component=com.cnn.mobile.android.phone/.service.FeedService><type=null><filter_hashcode=-1301101658><fetch_type=None><umd_Intent_key=None><android.intent.extra.ALARM_COUNT=None>, 0, 2)
I/org.umd.logging(17489): Method > 3286 com.androidquery.callback.AbstractAjaxCallback.run(com.cnn.mobile.android.phone.service.ConfigHelper$1@906791053)
I/org.umd.logging(17489): Method > 3286 com.androidquery.callback.AbstractAjaxCallback.execute(com.cnn.mobile.android.phone.service.ConfigHelper$1@906791053, org.apache.http.client.methods.HttpGet@1057046416, org.apache.http.impl.client.DefaultHttpClient@493066386, org.apache.http.protocol.BasicHttpContext@776347785)
I/org.umd.logging(17489): Api > 3286 org.apache.http.impl.client.DefaultHttpClient.execute(org.apache.http.impl.client.DefaultHttpClient@493066386, org.apache.http.client.methods.HttpGet@1057046416, org.apache.http.protocol.BasicHttpContext@776347785)
I/org.umd.logging(17489): Method < 3286 com.androidquery.callback.AbstractAjaxCallback.run()
D/WeatherHelper(17489): weather fetch zip null
I/org.umd.logging(17489): Method < 1 com.cnn.mobile.android.phone.service.FeedService.onStartCommand(2)
I/org.umd.logging(17489): Method > 1 com.androidquery.callback.AbstractAjaxCallback.run(com.cnn.mobile.android.phone.service.ConfigHelper$1@807326945)
E/ConfigHelper(17489): aquery JSON fetch config was null
I/org.umd.logging(17489): Method > 1 com.androidquery.callback.AbstractAjaxCallback.execute(com.cnn.mobile.android.phone.service.ConfigHelper$2@23250108)
I/org.umd.logging(17489): Method < 1 com.androidquery.callback.AbstractAjaxCallback.execute()
I/org.umd.logging(17489): Method > 3288 com.androidquery.callback.AbstractAjaxCallback.run(com.cnn.mobile.android.phone.service.ConfigHelper$2@23250108)
I/org.umd.logging(17489): Method < 1 com.androidquery.callback.AbstractAjaxCallback.run()
I/org.umd.logging(17489): Method > 1 com.androidquery.callback.AbstractAjaxCallback.run(com.cnn.mobile.android.phone.service.ConfigHelper$1@906791053)
E/ConfigHelper(17489): aquery JSON fetch config was null
I/org.umd.logging(17489): Method > 3288 com.androidquery.callback.AbstractAjaxCallback.execute(com.cnn.mobile.android.phone.service.ConfigHelper$2@23250108, org.apache.http.client.methods.HttpGet@112189338, org.apache.http.impl.client.DefaultHttpClient@493066386, org.apache.http.protocol.BasicHttpContext@975130827)
I/org.umd.logging(17489): Api > 3288 org.apache.http.impl.client.DefaultHttpClient.execute(org.apache.http.impl.client.DefaultHttpClient@493066386, org.apache.http.client.methods.HttpGet@112189338, org.apache.http.protocol.BasicHttpContext@975130827)
I/org.umd.logging(17489): Method < 3288 com.androidquery.callback.AbstractAjaxCallback.run()
I/org.umd.logging(17489): Method > 1 com.androidquery.callback.AbstractAjaxCallback.execute(com.cnn.mobile.android.phone.service.ConfigHelper$2@935614401)
I/org.umd.logging(17489): Method < 1 com.androidquery.callback.AbstractAjaxCallback.execute()
I/org.umd.logging(17489): Method > 3289 com.androidquery.callback.AbstractAjaxCallback.run(com.cnn.mobile.android.phone.service.ConfigHelper$2@935614401)
I/org.umd.logging(17489): Method > 3289 com.androidquery.callback.AbstractAjaxCallback.execute(com.cnn.mobile.android.phone.service.ConfigHelper$2@935614401, org.apache.http.client.methods.HttpGet@441462439, org.apache.http.impl.client.DefaultHttpClient@493066386, org.apache.http.protocol.BasicHttpContext@512028500)
I/org.umd.logging(17489): Api > 3289 org.apache.http.impl.client.DefaultHttpClient.execute(org.apache.http.impl.client.DefaultHttpClient@493066386, org.apache.http.client.methods.HttpGet@441462439, org.apache.http.protocol.BasicHttpContext@512028500)
I/org.umd.logging(17489): Method < 3289 com.androidquery.callback.AbstractAjaxCallback.run()
I/org.umd.logging(17489): Method < 1 com.androidquery.callback.AbstractAjaxCallback.run()
I/org.umd.logging(17489): Method > 1 com.cnn.mobile.android.phone.service.FeedService.onDestroy(com.cnn.mobile.android.phone.service.FeedService@723827064)
I/org.umd.logging(17489): Method < 1 com.cnn.mobile.android.phone.service.FeedService.onDestroy()
I/org.umd.logging(17489): Method > 1 com.androidquery.callback.AbstractAjaxCallback.run(com.cnn.mobile.android.phone.service.ConfigHelper$2@23250108)
I/org.umd.logging(17489): Method < 1 com.androidquery.callback.AbstractAjaxCallback.run()
I/org.umd.logging(17489): Method > 1 com.androidquery.callback.AbstractAjaxCallback.run(com.cnn.mobile.android.phone.service.ConfigHelper$2@935614401)
I/org.umd.logging(17489): Method < 1 com.androidquery.callback.AbstractAjaxCallback.run()
I/org.umd.logging(17489): Method > 1 com.cnn.mobile.android.phone.service.FeedService.onCreate(com.cnn.mobile.android.phone.service.FeedService@729991154)
I/org.umd.logging(17489): Method < 1 com.cnn.mobile.android.phone.service.FeedService.onCreate()
I/org.umd.logging(17489): Method > 1 com.cnn.mobile.android.phone.service.FeedService.onStartCommand(com.cnn.mobile.android.phone.service.FeedService@729991154, android.content.Intent@65776832<action=null><data=null><package=null><component=com.cnn.mobile.android.phone/.service.FeedService><type=null><filter_hashcode=-1301101658><fetch_type=None><umd_Intent_key=None><android.intent.extra.ALARM_COUNT=None>, 0, 1)
I/ConfigHelper(17489): DYNAMIC CONFIG FILE in play (http://www.cnn.com/partners/android/config/3.04/config-phone.json)
I/org.umd.logging(17489): Method > 1 com.androidquery.callback.AbstractAjaxCallback.execute(com.cnn.mobile.android.phone.service.ConfigHelper$1@377175545)
I/org.umd.logging(17489): Method < 1 com.androidquery.callback.AbstractAjaxCallback.execute()
I/org.umd.logging(17489): Method > 3283 com.androidquery.callback.AbstractAjaxCallback.run(com.cnn.mobile.android.phone.service.ConfigHelper$1@377175545)
I/org.umd.logging(17489): Method < 1 com.cnn.mobile.android.phone.service.FeedService.onStartCommand(2)
I/org.umd.logging(17489): Method > 1 com.cnn.mobile.android.phone.service.FeedService.onStartCommand(com.cnn.mobile.android.phone.service.FeedService@729991154, android.content.Intent@116486462<action=null><data=null><package=null><component=com.cnn.mobile.android.phone/.service.FeedService><type=null><filter_hashcode=-1301101658><fetch_type=None><umd_Intent_key=None><android.intent.extra.ALARM_COUNT=None>, 0, 2)
D/WeatherHelper(17489): weather fetch zip null
I/org.umd.logging(17489): Method > 3283 com.androidquery.callback.AbstractAjaxCallback.execute(com.cnn.mobile.android.phone.service.ConfigHelper$1@377175545, org.apache.http.client.methods.HttpGet@423775135, org.apache.http.impl.client.DefaultHttpClient@493066386, org.apache.http.protocol.BasicHttpContext@272553196)
I/org.umd.logging(17489): Method < 1 com.cnn.mobile.android.phone.service.FeedService.onStartCommand(2)
I/org.umd.logging(17489): Api > 3283 org.apache.http.impl.client.DefaultHttpClient.execute(org.apache.http.impl.client.DefaultHttpClient@493066386, org.apache.http.client.methods.HttpGet@423775135, org.apache.http.protocol.BasicHttpContext@272553196)
I/org.umd.logging(17489): Method < 3283 com.androidquery.callback.AbstractAjaxCallback.run()
I/org.umd.logging(17489): Method > 1 com.androidquery.callback.AbstractAjaxCallback.run(com.cnn.mobile.android.phone.service.ConfigHelper$1@377175545)
E/ConfigHelper(17489): aquery JSON fetch config was null
I/org.umd.logging(17489): Method > 1 com.androidquery.callback.AbstractAjaxCallback.execute(com.cnn.mobile.android.phone.service.ConfigHelper$2@521102154)
I/org.umd.logging(17489): Method < 1 com.androidquery.callback.AbstractAjaxCallback.execute()
I/org.umd.logging(17489): Method < 1 com.androidquery.callback.AbstractAjaxCallback.run()
I/org.umd.logging(17489): Method > 1 com.cnn.mobile.android.phone.service.FeedService.onStartCommand(com.cnn.mobile.android.phone.service.FeedService@729991154, android.content.Intent@1057620667<action=null><data=null><package=null><component=com.cnn.mobile.android.phone/.service.FeedService><type=null><filter_hashcode=-1301101658><fetch_type=None><umd_Intent_key=None><android.intent.extra.ALARM_COUNT=None>, 0, 3)
I/org.umd.logging(17489): Method > 3286 com.androidquery.callback.AbstractAjaxCallback.run(com.cnn.mobile.android.phone.service.ConfigHelper$2@521102154)
I/org.umd.logging(17489): Method > 3286 com.androidquery.callback.AbstractAjaxCallback.execute(com.cnn.mobile.android.phone.service.ConfigHelper$2@521102154, org.apache.http.client.methods.HttpGet@1002066904, org.apache.http.impl.client.DefaultHttpClient@493066386, org.apache.http.protocol.BasicHttpContext@619819825)
I/org.umd.logging(17489): Api > 3286 org.apache.http.impl.client.DefaultHttpClient.execute(org.apache.http.impl.client.DefaultHttpClient@493066386, org.apache.http.client.methods.HttpGet@1002066904, org.apache.http.protocol.BasicHttpContext@619819825)
I/org.umd.logging(17489): Method < 3286 com.androidquery.callback.AbstractAjaxCallback.run()
I/org.umd.logging(17489): Method > 1 com.androidquery.callback.AbstractAjaxCallback.execute(com.cnn.mobile.android.phone.service.FeedService$1@74241412)
I/org.umd.logging(17489): Method < 1 com.androidquery.callback.AbstractAjaxCallback.execute()
I/org.umd.logging(17489): Method < 1 com.cnn.mobile.android.phone.service.FeedService.onStartCommand(2)
I/org.umd.logging(17489): Method > 1 com.androidquery.callback.AbstractAjaxCallback.run(com.cnn.mobile.android.phone.service.ConfigHelper$2@521102154)
I/org.umd.logging(17489): Method < 1 com.androidquery.callback.AbstractAjaxCallback.run()
I/org.umd.logging(17489): Method > 1 com.cnn.mobile.android.phone.service.FeedService.onDestroy(com.cnn.mobile.android.phone.service.FeedService@729991154)
I/org.umd.logging(17489): Method < 1 com.cnn.mobile.android.phone.service.FeedService.onDestroy()
I/org.umd.logging(17489): Method > 3288 com.androidquery.callback.AbstractAjaxCallback.run(com.cnn.mobile.android.phone.service.FeedService$1@74241412)
I/org.umd.logging(17489): Method < 3282 com.comscore.utils.f.run()
I/org.umd.logging(17489): Method < 3288 com.androidquery.callback.AbstractAjaxCallback.run()
I/org.umd.logging(17489): Method > 1 com.androidquery.callback.AbstractAjaxCallback.run(com.cnn.mobile.android.phone.service.FeedService$1@74241412)
I/org.umd.logging(17489): Method < 1 com.androidquery.callback.AbstractAjaxCallback.run()
I/art     ( 1323): Explicit concurrent mark sweep GC freed 44079(2MB) AllocSpace objects, 10(160KB) LOS objects, 40% free, 17MB/28MB, paused 1.342ms total 149.885ms
V/Aspen   (17489): http://z.cdn.turner.com/xslo/cvp/config/aspen/masterAspen.xml download failed
V/Aspen   (17489): AspenConfigCallback|onError
I/org.umd.logging(17489): Method < 3275 com.turner.android.utils.NetworkClient$AsyncHttpRequest.run()
I/ActivityManager(  591): Killing 23301:gbis.gbandroid/u0a113 (adj 15): empty #17
D/ConnectivityService(  591): ConnectivityService NetworkRequestInfo binderDied(NetworkRequest [ id=87, legacyType=-1, [ Capabilities: INTERNET&NOT_RESTRICTED&TRUSTED] ], android.os.BinderProxy@af0262d)
D/ConnectivityService(  591): releasing NetworkRequest NetworkRequest [ id=87, legacyType=-1, [ Capabilities: INTERNET&NOT_RESTRICTED&TRUSTED] ]
E/ConnectivityService(  591): RemoteException caught trying to send a callback msg for NetworkRequest [ id=87, legacyType=-1, [ Capabilities: INTERNET&NOT_RESTRICTED&TRUSTED] ]
I/Choreographer(17123): Skipped 77 frames!  The application may be doing too much work on its main thread.
W/AppIndexApi( 1323): Received an invalid action.
W/Icing   ( 1323): Ignoring usage report, got bad usage info: Uri too long (max 256)
W/AppIndexApi( 1323): Received an invalid action.
W/Icing   ( 1323): Ignoring usage report, got bad usage info: Uri too long (max 256)
W/AppIndexApi( 1323): Received an invalid action.
W/Icing   ( 1323): Ignoring usage report, got bad usage info: Uri too long (max 256)
I/DownloadManagerWrapper(  985): onReceive() : Charging = true
W/AppIndexApi( 1323): Received an invalid action.
W/Icing   ( 1323): Ignoring usage report, got bad usage info: Uri too long (max 256)
I/Icing   ( 1608): Usage reports 0 indexed 0 rejected 0 imm upload false
I/art     (17123): Background sticky concurrent mark sweep GC freed 56737(3MB) AllocSpace objects, 19(574KB) LOS objects, 21% free, 15MB/19MB, paused 1.587ms total 108.438ms
I/Icing   ( 1608): Usage reports 0 indexed 0 rejected 0 imm upload false
I/Icing   ( 1608): Usage reports 0 indexed 0 rejected 0 imm upload false
I/Icing   ( 1608): Usage reports 0 indexed 0 rejected 0 imm upload false
I/dex2oat (16578): dex2oat took 49.289s (threads: 4) arena alloc=1829KB java alloc=19MB native alloc=34MB free=334KB
W/PackageManager(  591): Code path for pkg : com.google.android.talk changing from /data/app/com.google.android.talk-2 to /data/app/com.google.android.talk-1
I/ActivityManager(  591): Force stopping com.google.android.talk appid=10029 user=-1: update pkg
W/PackageManager(  591): Resource path for pkg : com.google.android.talk changing from /data/app/com.google.android.talk-2 to /data/app/com.google.android.talk-1
W/PackageSettings(  591): Skipping PackageSetting{86a53fb game2048.b2048game.twozerofoureight2048.game/10128} due to missing metadata
W/PackageSettings(  591): Skipping PackageSetting{86a53fb game2048.b2048game.twozerofoureight2048.game/10128} due to missing metadata
I/ActivityManager(  591): Killing 17290:com.google.android.partnersetup/u0a13 (adj 15): empty #17
I/ActivityManager(  591): Force stopping com.google.android.talk appid=10029 user=0: pkg removed
D/JobSchedulerService(  591): Receieved: android.intent.action.PACKAGE_REMOVED
D/BackupManagerService(  591): Received broadcast Intent { act=android.intent.action.PACKAGE_REMOVED dat=package:com.google.android.talk flg=0x4000010 (has extras) }
I/org.umd.logging(11423): Method > 1230 com.a.a.a.c.u.onReceive(com.a.a.a.c.u@1056918082, com.turbochilli.rollingsky.GameApp@357642656, android.content.Intent@474902896<action=android.intent.action.PACKAGE_REMOVED><data=package:com.google.android.talk><package=null><component=null><type=null><filter_hashcode=935128321><android.intent.extra.REMOVED_FOR_ALL_USERS=None><android.intent.extra.UID=None><umd_Intent_key=None><android.intent.extra.DATA_REMOVED=None><android.intent.extra.REPLACING=None><android.intent.extra.user_handle=None>)
I/InputReader(  591): Reconfiguring input devices.  changes=0x00000010
I/org.umd.logging(11423): Method < 1230 com.a.a.a.c.u.onReceive()
I/org.umd.logging(11423): Method > 1230 com.a.a.a.c.v.run(com.a.a.a.c.v@546741481)
I/org.umd.logging(11423): Method < 1230 com.a.a.a.c.v.run()
W/ActivityManager(  591): Permission Denial: Accessing service ComponentInfo{com.google.android.music/com.google.android.music.dial.DialMediaRouteProviderService} from pid=29969, uid=10125 that is not exported from uid 10063
I/InputReader(  591): Reconfiguring input devices.  changes=0x00000010
W/ActivityManager(  591): Skipping broadcast of Intent { act=android.intent.action.PACKAGE_ADDED dat=package:com.google.android.talk flg=0x4000010 (has extras) }: user 10 is stopped
I/org.umd.logging(11423): Method > 1230 com.a.a.a.c.u.onReceive(com.a.a.a.c.u@1056918082, com.turbochilli.rollingsky.GameApp@357642656, android.content.Intent@153484654<action=android.intent.action.PACKAGE_ADDED><data=package:com.google.android.talk><package=null><component=null><type=null><filter_hashcode=1954327073><android.intent.extra.UID=None><umd_Intent_key=None><android.intent.extra.REPLACING=None><android.intent.extra.user_handle=None>)
I/org.umd.logging(11423): Method < 1230 com.a.a.a.c.u.onReceive()
I/org.umd.logging(11423): Method > 1230 com.a.a.a.c.v.run(com.a.a.a.c.v@695770127)
I/org.umd.logging(11423): Method < 1230 com.a.a.a.c.v.run()
W/ActivityManager(  591): Permission Denial: Accessing service ComponentInfo{com.google.android.music/com.google.android.music.dial.DialMediaRouteProviderService} from pid=29969, uid=10125 that is not exported from uid 10063
I/InputReader(  591): Reconfiguring input devices.  changes=0x00000010
I/ActivityManager(  591): Start proc 17597:com.android.musicfx/u0a17 for broadcast com.android.musicfx/.Compatibility$Receiver
W/ActivityManager(  591): Permission Denial: Accessing service ComponentInfo{com.google.android.music/com.google.android.music.dial.DialMediaRouteProviderService} from pid=29969, uid=10125 that is not exported from uid 10063
W/ActivityManager(  591): Skipping broadcast of Intent { act=android.intent.action.PACKAGE_REPLACED dat=package:com.google.android.talk flg=0x4000010 (has extras) }: user 10 is stopped
W/ActivityManager(  591): Skipping broadcast of Intent { act=android.intent.action.MY_PACKAGE_REPLACED flg=0x4000010 pkg=com.google.android.talk (has extras) }: user 10 is stopped
W/Settings(  591): Setting install_non_market_apps has moved from android.provider.Settings.Global to android.provider.Settings.Secure, returning read-only value.
I/ActivityManager(  591): Start proc 17616:com.android.keychain/1000 for broadcast com.android.keychain/.KeyChainBroadcastReceiver
I/ActivityManager(  591): Killing 1261:com.google.process.gapps/u0a8 (adj 15): empty #17
I/art     (  591): Explicit concurrent mark sweep GC freed 35352(2MB) AllocSpace objects, 12(277KB) LOS objects, 33% free, 26MB/39MB, paused 4.822ms total 223.744ms
W/InputMethodInfo(  591): Duplicated subtype definition found: , voice
W/ContextImpl(17616): Calling a method in the system process without a qualified user: android.app.ContextImpl.startService:1692 android.content.ContextWrapper.startService:516 android.content.ContextWrapper.startService:516 com.android.keychain.KeyChainBroadcastReceiver.onReceive:12 android.app.ActivityThread.handleReceiver:2609 
I/Finsky  (13388): [1] com.google.android.finsky.installer.au.a(2394): Successful install of com.google.android.talk
I/ActivityManager(  591): Start proc 17637:eu.chainfire.supersu/u0a86 for broadcast eu.chainfire.supersu/.InstallReceiver
I/ActivityManager(  591): Killing 17402:com.android.providers.partnerbookmarks/u0a68 (adj 15): empty #17
I/Finsky  (13388): [1] com.google.android.finsky.installer.bm.b(138): User=UserHandle{0} released=com.google.android.talk
I/Finsky  (13388): [1] com.google.android.finsky.installer.bm.a(114): User=UserHandle{0} requested=com.google.android.apps.maps granted=true
I/Finsky  (13388): [1] com.google.android.finsky.installer.ac.a(50184): Installer kick - starting com.google.android.apps.maps
I/Finsky  (13388): [3099] com.google.android.finsky.installer.az.doInBackground(11129): File-by-File compatibility check result: true
E/NetworkScheduler.SR( 1323): Invalid parameter app
E/NetworkScheduler.SR( 1323): Invalid package name : Perhaps you didn't include a PendingIntent in the extras?
E/Drive.UninstallOperation( 1608): Package still installed com.google.android.talk
I/ActivityManager(  591): Start proc 17666:com.google.android.apps.docs/u0a44 for broadcast com.google.android.apps.docs/.receivers.AppPackageAddRemoveReceiver
W/ActivityManager(  591): getRunningAppProcesses: caller 10044 does not hold REAL_GET_TASKS; limiting output
W/ActivityManager(  591): getRunningAppProcesses: caller 10044 does not hold REAL_GET_TASKS; limiting output
W/ResourcesManager(  591): Asset path '/system/framework/com.google.widevine.software.drm.jar' does not exist or contains no resources.
D/BackupManagerService(  591): Received broadcast Intent { act=android.intent.action.PACKAGE_ADDED dat=package:com.google.android.talk flg=0x4000010 (has extras) }
D/BackupManagerService(  591): Now staging backup of com.google.android.talk
V/NotificationService(  591): pkg=com.android.vending canInterrupt=false intercept=true
