W/Ads     (15853): JS: Blink deferred a task in order to make scrolling smoother. Your timer and network tasks should take less than 50ms to run to avoid this. Please see https://developers.google.com/web/tools/chrome-devtools/profile/evaluate-performance/rail and https://crbug.com/574343#c40 for more information. (https://googleads.g.doubleclick.net/mads/gma?_activity_context=true&android_num_video_cache_tasks=0&caps=inlineVideo_interactiveVideo_mraid1_mraid2_sdkVideo_th_autoplay_mediation_av_transparentBackground_sdkAdmobApiForAds_di_aso_sfv_dinm_dim_nav_dinmo_gcache&eid=318475406%2C318476426%2C318476954%2C46621136&format=interstitial_mb&heap_free=3638252&heap_max=201326592&heap_total=26642304&js=afma-sdk-a-v10084236.9877000.2&msid=com.halfbrick.fruitninjafree&preqs=0&request_pkg=com.halfbrick.mortar.Provider_AdMobBackend%241&scroll_index=-1&seq_num=1&target_api=23#_activity_context=true&android_num_video_cache_tasks=0&caps=inlineVideo_interactiveVideo_mraid1_mraid2_sdkVideo_th_autoplay_mediation_av_transparentBackground_sdkAdmobApiForAds_di_aso_sfv_dinm_dim_nav_dinmo_gcache&eid=318475406%252C318476426%252C318476954%252C46621136&format=interstitial_mb&heap_free=3638252&heap_max=201326592&heap_total=26642304&js=afma-sdk-a-v10084236.9877000.2&msid=com.halfbrick.fruitninjafree&preqs=0&request_pkg=com.halfbrick.mortar.Provider_AdMobBackend%25241&scroll_index=-1&seq_num=1&target_api=23:0)
I/chromium(15853): [INFO:CONSOLE(0)] "Blink deferred a task in order to make scrolling smoother. Your timer and network tasks should take less than 50ms to run to avoid this. Please see https://developers.google.com/web/tools/chrome-devtools/profile/evaluate-performance/rail and https://crbug.com/574343#c40 for more information.", source: https://googleads.g.doubleclick.net/mads/gma?_activity_context=true&android_num_video_cache_tasks=0&caps=inlineVideo_interactiveVideo_mraid1_mraid2_sdkVideo_th_autoplay_mediation_av_transparentBackground_sdkAdmobApiForAds_di_aso_sfv_dinm_dim_nav_dinmo_gcache&eid=318475406%2C318476426%2C318476954%2C46621136&format=interstitial_mb&heap_free=3638252&heap_max=201326592&heap_total=26642304&js=afma-sdk-a-v10084236.9877000.2&msid=com.halfbrick.fruitninjafree&preqs=0&request_pkg=com.halfbrick.mortar.Provider_AdMobBackend%241&scroll_index=-1&seq_num=1&target_api=23#_activity_context=true&android_num_video_cache_tasks=0&caps=inlineVideo_interactiveVideo_mraid1_mraid2_sdkVideo_th_autoplay_mediation_av_transparentBackground_sdkAdmobApiForAds_di_aso_sfv_dinm_dim_nav_dinmo_gcache&eid=318475406%252C318476426%252C318476954%252C46621136&format=interstitial_mb&heap_free=3638252&heap_max=201326592&heap_total=26642304&js=afma-sdk-a-v10084236.9877000.2&msid=com.halfbrick.fruitninjafree&preqs=0&request_pkg=com.halfbrick.mortar.Provider_AdMobBackend%25241&scroll_index=-1&seq_num=1&target_api=23 (0)
I/cr_InstantAppsHandler(17123): Not handling with Instant Apps
I/ActivityManager(  591): START u0 {act=android.intent.action.VIEW dat=https://adclick.g.doubleclick.net/aclk?sa=L&ai=Cmn4-zn1JWJyUA9bYpgO1h46YAouh7rVH4u6emYQE38aivcABEAEg0-mJIGDJhu2IhKTsD8gBCagDAaoE1QFP0Cx-lKXxKF9irI3jMuWxaXem-rFYJtTFmVH4wgcdi0EFPI-hSxEyp48jFt1KvniClei0uXJgSUNvZopnLwWydRtlsoxedSvMlqC5mhHLx3QiCjrs-MrxUMcS412XlrQhRMKMbsYPA-7q3xciNw7l7mX1C0YXJIHbWeEyWOnlnNuUOtDdBphfXqESsVhRf_Pc5EcmwRFJUc3dyepjci2hpz1BrNwQMHWOvR9gk2Us9O9ZVmtjunRdBE4T8kEdE6F82RtOXAXfPIxrgS1P3ZQrieEvxrSQBgGgBj3ABgzYBgKAB9XHoWCYBwGoB6a-G9gHANIIBQiAARAB&num=1&cid=CAASEuRoG5S3sqgREpVcBHvXfBSchQ&sig=AOD64_1OcvO60qwPPD7WSflU2KjA2toejw&client=ca-app-pub-4526847101233557&ctype=38&ms=CoACOH4cpHPdqNs_2P4QQZnwTt2L5fti1QcK_VW0ni-iPZxZyQa6HmC-E6JCguWUHbhL7qytrC7RLT5gAq3vqlDG4VbnfqTTM_FXvvjI38ZVlYXNLsUpdGZ44MQ6wZsEixkyTGYkLonmoNjGYnb0mrxb_A_XsPHbWO0qsY9XfH-tDETJhtBazrj0DBi6B6dDm-55vVCRuVanGUEpmtuMb5pR1vBT6unobOcWnamcDNVxa8t6VGiZS_AR0DbSZtzu605v5cUc9-Z8Quvb7GxFafa-MkyavXSYDxMmBjhjKbKNOaXEBOGwkMfP6bF0teHo9X4tQ9bJbaZCDoPj1j7_PIZqaAqAAicgz3L3IaI3awOsYWNe_MCIBXhjGZ1hR2Z8aGqcknKskhggCsiLA4oKO1b9d94QOB4qhDA06_UpPrp_sxaMVfmbOVrpbOvRJAGs9FhQA3-eJzpIuoFP54ZLsKf5qQoUjCSrUmsUGEfRyY93JUEO4iaF78hBIRJnDZLYUQAncmGRrqJjWr4XC4vk8wIQ0pIuojaixK2Sp2yWaUEH0XTih4GGNMs7oXfYRh6pwdGQdb6Rqpjnye6wnSV9XlHOUpNBjU6LuXaUdly5IWeo6LK0G6z4fX_-b1uv_LbBULVb3mYtwDquMJDu7n3tvegJqOcRPBQ1mnyH8clLIEgYqVfbbcYSEFH8wcvWyNNDRCzYMVWtta0&adurl=https://ads.bridgetrack.com/visitflorida/_redir.htm?BTData=G3h.B.gAB6f.Cx.zm.c6C6.opL.L0wP.F2.lhM.1.Bo.pL.E flg=0x14002000 cmp=com.android.chrome/org.chromium.chrome.browser.ChromeTabbedActivity (has extras)} from uid 10032 on display 0
V/WindowManager(  591): addAppToken: AppWindowToken{747958 token=Token{16674e3b ActivityRecord{aacacca u0 com.android.chrome/org.chromium.chrome.browser.ChromeTabbedActivity t140}}} to stack=1 task=140 at 0
V/WindowManager(  591): Adding window Window{3050fee9 u0 Starting com.android.chrome} at 6 of 12 (after Window{3e792d9d u0 com.halfbrick.fruitninjafree/com.google.android.gms.ads.AdActivity})
W/GeneralUtilities.ClassFromName(15853): Class not found! java.lang.ClassNotFoundException: com.halfbrick.mortar.Provider_FlurryBackend
I/art     (17123): Background sticky concurrent mark sweep GC freed 7529(609KB) AllocSpace objects, 3(149KB) LOS objects, 5% free, 11MB/11MB, paused 6.104ms total 72.394ms
I/ActivityManager(  591): Start proc 17177:com.twitter.android/u0a221 for broadcast com.twitter.android/.client.AppBroadcastReceiver
I/ActivityManager(  591): Killing 15829:com.noshufou.android.su/u0a111 (adj 15): empty #17
I/cr_LibraryLoader(17123): Using linker: org.chromium.base.library_loader.LegacyLinker
I/cr_LibraryLoader(17123): Loading chrome from within /data/app/com.android.chrome-1/base.apk
W/cr_tabmodel(17123): Starting to fetch tab list.
D/OpenGLRenderer(17123): Use EGL_SWAP_BEHAVIOR_PRESERVED: true
W/cr_tabmodel(17123): Finished fetching tab list.
D/Atlas   (17123): Validating map...
V/WindowManager(  591): Adding window Window{14dcd81e u0 com.android.chrome/org.chromium.chrome.browser.ChromeTabbedActivity} at 6 of 13 (before Window{3050fee9 u0 Starting com.android.chrome})
I/Adreno-EGL(17123): <qeglDrvAPI_eglInitialize:379>: QUALCOMM Build: 01/15/15, ab0075f, Id3510ff6dc
I/OpenGLRenderer(17123): Initialized EGL, version 1.4
I/org.umd.logging(17177): Method > 1 com.twitter.android.provider.SuggestionsProvider.onCreate(com.twitter.android.provider.SuggestionsProvider@572129094)
I/org.umd.logging(17177): Method < 1 com.twitter.android.provider.SuggestionsProvider.onCreate(true)
I/org.umd.logging(17177): Method > 1 com.twitter.library.provider.GlobalDatabaseProvider.onCreate(com.twitter.library.provider.GlobalDatabaseProvider@724061)
D/OpenGLRenderer(17123): Enabling debug mode 0
I/org.umd.logging(17177): Method < 1 com.twitter.library.provider.GlobalDatabaseProvider.onCreate(true)
I/org.umd.logging(17177): Method > 1 com.twitter.library.provider.TwitterProvider.onCreate(com.twitter.library.provider.TwitterProvider@357642656)
I/org.umd.logging(17177): Method < 1 com.twitter.library.provider.TwitterProvider.onCreate(true)
I/org.umd.logging(17177): Method > 1 com.twitter.android.TwitterApplication.onCreate(com.twitter.android.TwitterApplication@352173567)
V/WindowManager(  591): Adding window Window{3b6ec6cc u0 SurfaceView} at 6 of 14 (before Window{14dcd81e u0 com.android.chrome/org.chromium.chrome.browser.ChromeTabbedActivity})
I/org.umd.logging(17177): Method > 1 com.twitter.library.client.App.onCreate(com.twitter.android.TwitterApplication@352173567)
I/org.umd.logging(17177): Method > 1 com.twitter.internal.android.TwApplication.onCreate(com.twitter.android.TwitterApplication@352173567)
I/org.umd.logging(17177): Api > 1 org.apache.http.impl.client.DefaultHttpClient.<init>(org.apache.http.impl.client.DefaultHttpClient@460701994)
I/org.umd.logging(17177): Api < 1 org.apache.http.impl.client.DefaultHttpClient.<init>(org.apache.http.impl.client.DefaultHttpClient@460701994)
I/org.umd.logging(17177): Method < 1 com.twitter.internal.android.TwApplication.onCreate()
W/ActivityManager(  591): getRunningAppProcesses: caller 10221 does not hold REAL_GET_TASKS; limiting output
I/org.umd.logging(17177): Method < 1 com.twitter.library.client.App.onCreate()
I/ActivityManager(  591): Displayed com.android.chrome/org.chromium.chrome.browser.ChromeTabbedActivity: +790ms (total +1s541ms)
I/Crashlytics(17177): Initializing Crashlytics 1.1.13.10
I/cr_LibraryLoader(17123): Time to load native libraries: 375 ms (timestamps 4765-5140)
I/cr_LibraryLoader(17123): Expected native library version number "54.0.2840.85", actual native library version number "54.0.2840.85"
I/chromium(17123): [INFO:library_loader_hooks.cc(151)] Chromium logging enabled: level = 0, default verbosity = 0
W/cr_ChildProcLauncher(17123): Create a new ChildConnectionAllocator with package name = com.android.chrome, inSandbox = true
I/ActivityManager(  591): Start proc 17202:com.android.chrome:sandboxed_process0/u0i1 for service com.android.chrome/org.chromium.content.app.SandboxedProcessService0
I/cr_BrowserStartup(17123): Initializing chromium process, singleProcess=false
I/org.umd.logging(17177): Method > 3233 com.crashlytics.android.internal.bc.run(com.crashlytics.android.internal.bm@567364482)
I/org.umd.logging(17177): Api > 1 java.lang.Thread.start(java.lang.Thread@644104912<thread=3234>)
I/org.umd.logging(17177): Api < 1 java.lang.Thread.start()
I/org.umd.logging(17177): Method > 3234 com.crashlytics.android.internal.bc.run(com.crashlytics.android.ba@181181902)
W/dboxed_process0(17202): type=1400 audit(0.0:107): avc: denied { search } for name="tmp" dev="mmcblk0p23" ino=130306 scontext=u:r:isolated_app:s0 tcontext=u:object_r:shell_data_file:s0 tclass=dir
I/org.umd.logging(17177): Api > 1 java.lang.Thread.start(java.lang.Thread@286440444<thread=3235>)
I/org.umd.logging(17177): Api < 1 java.lang.Thread.start()
I/org.umd.logging(17177): Method > 3235 com.crashlytics.android.internal.bc.run(com.crashlytics.android.internal.d@119064794)
I/cr_ChildProcessService(17202): Creating new ChildProcessService pid=17202
W/ResourceType(  729): No package identifier when getting value for resource number 0x00000000
W/PackageManager(  729): Failure retrieving resources for com.halfbrick.fruitninjafree: Resource ID #0x0
I/org.umd.logging(17177): Method > 3233 com.crashlytics.android.j.run(com.crashlytics.android.j@1003133094)
I/org.umd.logging(17177): Method > 3233 com.crashlytics.android.g.run(com.crashlytics.android.g@517246612)
I/org.umd.logging(17177): Method < 3233 com.crashlytics.android.g.run()
I/org.umd.logging(17177): Method < 3233 com.crashlytics.android.j.run()
I/org.umd.logging(17177): Api > 3234 java.lang.Object.a(com.crashlytics.android.internal.ab@859418541, java.net.URL@263009907<URL=https://settings.crashlytics.com/spi/v2/platforms/android/apps/com.twitter.android/settings?icon_hash=32980f90aee3e19141dd783bb95a7e80b5598c50&display_version=5.32.0&source=1&instance=c01e34e286d2362a8b7a577fdc5018800927b3a2&build_version=3030745>)
I/org.umd.logging(17177): Api > 3234 java.net.URL.openConnection(java.net.URL@263009907<URL=https://settings.crashlytics.com/spi/v2/platforms/android/apps/com.twitter.android/settings?icon_hash=32980f90aee3e19141dd783bb95a7e80b5598c50&display_version=5.32.0&source=1&instance=c01e34e286d2362a8b7a577fdc5018800927b3a2&build_version=3030745>)
I/org.umd.logging(17177): Api < 3234 java.net.URL.openConnection(com.android.okhttp.internal.http.HttpsURLConnectionImpl@111090478)
I/org.umd.logging(17177): Api < 3234 java.lang.Object.a(com.android.okhttp.internal.http.HttpsURLConnectionImpl@111090478)
E/Crashlytics(17177): Failed to retrieve settings from https://settings.crashlytics.com/spi/v2/platforms/android/apps/com.twitter.android/settings
I/org.umd.logging(17177): Api > 3235 java.lang.Object.a(com.crashlytics.android.internal.ab@859418541, java.net.URL@478526522<URL=https://settings.crashlytics.com/spi/v2/platforms/android/apps/com.twitter.android/settings?icon_hash=32980f90aee3e19141dd783bb95a7e80b5598c50&display_version=5.32.0&source=1&instance=c01e34e286d2362a8b7a577fdc5018800927b3a2&build_version=3030745>)
I/org.umd.logging(17177): Api > 3235 java.net.URL.openConnection(java.net.URL@478526522<URL=https://settings.crashlytics.com/spi/v2/platforms/android/apps/com.twitter.android/settings?icon_hash=32980f90aee3e19141dd783bb95a7e80b5598c50&display_version=5.32.0&source=1&instance=c01e34e286d2362a8b7a577fdc5018800927b3a2&build_version=3030745>)
I/org.umd.logging(17177): Api < 3235 java.net.URL.openConnection(com.android.okhttp.internal.http.HttpsURLConnectionImpl@858194155)
I/org.umd.logging(17177): Api < 3235 java.lang.Object.a(com.android.okhttp.internal.http.HttpsURLConnectionImpl@858194155)
I/org.umd.logging(17177): Api > 3234 java.lang.Thread.start(java.lang.Thread@178597448<thread=3243>)
I/org.umd.logging(17177): Api < 3234 java.lang.Thread.start()
I/org.umd.logging(17177): Method < 3234 com.crashlytics.android.internal.bc.run()
I/org.umd.logging(17177): Method > 3243 com.crashlytics.android.internal.bc.run(com.crashlytics.android.ah@688087558)
E/Crashlytics(17177): Failed to retrieve settings from https://settings.crashlytics.com/spi/v2/platforms/android/apps/com.twitter.android/settings
I/org.umd.logging(17177): Method < 3235 com.crashlytics.android.internal.bc.run()
I/org.umd.logging(17177): Method > 3244 com.crashlytics.android.internal.bc.run(com.crashlytics.android.internal.bm@50521844)
I/org.umd.logging(17177): Method > 3244 com.crashlytics.android.internal.q.run(com.crashlytics.android.internal.q@493066386)
I/org.umd.logging(17177): Method < 3244 com.crashlytics.android.internal.q.run()
I/org.umd.logging(17177): Method > 3244 com.crashlytics.android.internal.x.run(com.crashlytics.android.internal.x@1004633696)
I/org.umd.logging(17177): Method < 3244 com.crashlytics.android.internal.x.run()
I/org.umd.logging(17177): Method > 3244 com.crashlytics.android.internal.r.run(com.crashlytics.android.internal.r@35564510)
I/org.umd.logging(17177): Method < 3244 com.crashlytics.android.internal.r.run()
I/ActivityManager(  591): Start proc 17251:com.android.chrome:privileged_process0/u0a32 for service com.android.chrome/org.chromium.content.app.PrivilegedProcessService0
D/ConnectivityService(  591): listenForNetwork for NetworkRequest [ id=121, legacyType=-1, [ Capabilities: INTERNET&NOT_RESTRICTED&TRUSTED] ]
I/cr_ChildProcessService(17251): Creating new ChildProcessService pid=17251
I/cr_LibraryLoader(17251): Using linker: org.chromium.base.library_loader.LegacyLinker
W/InstanceID/Rpc(17123): Found 10008
I/cr_LibraryLoader(17251): Loading chrome from within /data/app/com.android.chrome-1/base.apk
D/ConnectivityService(  591): listenForNetwork for NetworkRequest [ id=122, legacyType=-1, [ Capabilities: INTERNET&NOT_RESTRICTED&TRUSTED] ]
W/cr_KnoxSettingsProvider(17123): Permission to read device policy denied.
I/cr_LibraryLoader(17251): Time to load native libraries: 149 ms (timestamps 5841-5990)
I/cr_LibraryLoader(17251): Expected native library version number "54.0.2840.85", actual native library version number "54.0.2840.85"
I/chromium(17251): [INFO:library_loader_hooks.cc(151)] Chromium logging enabled: level = 0, default verbosity = 0
E/libEGL  (17251): validate_display:255 error 3008 (EGL_BAD_DISPLAY)
I/Adreno-EGL(17251): <qeglDrvAPI_eglInitialize:379>: QUALCOMM Build: 01/15/15, ab0075f, Id3510ff6dc
W/art     (17123): Attempt to remove local handle scope entry from IRT, ignoring
W/Herrevad( 1608): Invalid mccmnc 
W/Herrevad( 1608): Invalid mccmnc 
I/VideoCapabilities(17251): Unsupported profile 4 for video/mp4v-es
I/art     (17123): Rejecting re-init on previously-failed class java.lang.Class<org.chromium.content.browser.FloatingWebActionModeCallback>
I/art     (17123): Rejecting re-init on previously-failed class java.lang.Class<org.chromium.content.browser.FloatingWebActionModeCallback>
I/ActivityManager(  591): Start proc 17290:com.google.android.partnersetup/u0a13 for content provider com.google.android.partnersetup/.RlzAppProvider
I/art     (  197): Explicit concurrent mark sweep GC freed 704(30KB) AllocSpace objects, 0(0B) LOS objects, 39% free, 7MB/11MB, paused 305us total 16.969ms
I/art     (  197): Explicit concurrent mark sweep GC freed 7(240B) AllocSpace objects, 0(0B) LOS objects, 40% free, 7MB/11MB, paused 305us total 23.531ms
I/cr_LibraryLoader(17202): Using linker: org.chromium.base.library_loader.LegacyLinker
W/cr_media(17123): Requires BLUETOOTH permission
I/art     (  197): Explicit concurrent mark sweep GC freed 5(160B) AllocSpace objects, 0(0B) LOS objects, 40% free, 7MB/11MB, paused 305us total 22.279ms
I/cr_LibraryLoader(17202): Loading chrome from within /data/app/com.android.chrome-1/base.apk
I/org.umd.logging(17177): Api > 1 android.content.Context.startService(com.twitter.android.TwitterApplication@352173567, android.content.Intent@512028500<action=LOG><data=null><package=null><component=com.twitter.android/com.twitter.library.scribe.ScribeService><type=null><filter_hashcode=499275821><log=None><umd_Intent_key=None>)
I/org.umd.logging(17177): Api < 1 android.content.Context.startService()
I/org.umd.logging(17177): Api > 1 android.telephony.TelephonyManager.listen(android.telephony.TelephonyManager@919014979, com.twitter.library.telephony.c@377175545, 256)
I/org.umd.logging(17177): Api < 1 android.telephony.TelephonyManager.listen()
I/org.umd.logging(17177): Method > 1 com.twitter.library.network.g.onPreExecute(com.twitter.library.network.g@423775135<atask=true>)
I/org.umd.logging(17177): Method < 1 com.twitter.library.network.g.onPreExecute()
I/org.umd.logging(17177): Method > 1 com.twitter.library.network.g.onPreExecute(com.twitter.library.network.g@707313845<atask=true>)
I/org.umd.logging(17177): Method < 1 com.twitter.library.network.g.onPreExecute()
I/org.umd.logging(17177): Api > 1 android.accounts.AccountManager.getAccountsByType(android.accounts.AccountManager@619819825, "com.twitter.android.auth.login")
I/org.umd.logging(17177): Api < 1 android.accounts.AccountManager.getAccountsByType([Landroid.accounts.Account;@74241412)
W/dex2oat (16578): Compilation of nyr nyr.b(odc) took 113.535ms
W/dex2oat (16578): Compilation of void nyu.a(odd) took 114.695ms
W/dex2oat (16578): Compilation of nyv nyv.b(odc) took 127.514ms
I/cr_LibraryLoader(17202): Time to load native libraries: 124 ms (timestamps 6422-6546)
I/cr_LibraryLoader(17202): Expected native library version number "54.0.2840.85", actual native library version number "54.0.2840.85"
I/chromium(17202): [INFO:library_loader_hooks.cc(151)] Chromium logging enabled: level = 0, default verbosity = 0
I/org.umd.logging(17177): Api > 1 android.content.ContentResolver.notifyChange(android.app.ContextImpl$ApplicationContentResolver@368748014, android.net.Uri$StringUri@139215141<URI=content://com.twitter.android.provider.GlobalDatabaseProvider/user_values>, null)
I/org.umd.logging(17177): Api < 1 android.content.ContentResolver.notifyChange()
I/org.umd.logging(17177): Method < 1 com.twitter.android.TwitterApplication.onCreate()
I/org.umd.logging(17177): Api > 1 android.net.Uri.withAppendedPath(android.net.Uri$StringUri@200225530<URI=content://com.twitter.android.provider.TwitterProvider/>, "app_installed_polling")
I/org.umd.logging(17177): Api < 1 android.net.Uri.withAppendedPath(android.net.Uri$HierarchicalUri@332817160<URI=content://com.twitter.android.provider.TwitterProvider/app_installed_polling>)
I/org.umd.logging(17177): Method < 3243 com.crashlytics.android.internal.bc.run()
I/org.umd.logging(17177): Method > 1 com.twitter.android.client.AppBroadcastReceiver.onReceive(com.twitter.android.client.AppBroadcastReceiver@695043270, android.app.ReceiverRestrictedContext@866283485, android.content.Intent@472721234<action=android.net.conn.CONNECTIVITY_CHANGE><data=null><package=null><component=com.twitter.android/.client.AppBroadcastReceiver><type=null><filter_hashcode=1699515768><networkInfo=None><networkType=None><otherNetwork=None><inetCondition=None><extraInfo=None><umd_Intent_key=None>)
I/org.umd.logging(17177): Method < 1 com.twitter.android.client.AppBroadcastReceiver.onReceive()
I/org.umd.logging(17177): Method > 1 com.twitter.library.scribe.ScribeService.onCreate(com.twitter.library.scribe.ScribeService@940443007)
I/org.umd.logging(17177): Method < 1 com.twitter.library.scribe.ScribeService.onCreate()
I/ActivityManager(  591): Start proc 17333:com.sololearn.cplusplus/u0a235 for broadcast com.sololearn.cplusplus/com.sololearn.core.web.NetworkStateReceiver
I/cr_Ime  (17123): ImeThread is enabled.
I/org.umd.logging(11423): Method > 1 com.cleanmaster.base.crash.util.debug.b.run(com.cleanmaster.base.crash.util.debug.b@614779553)
I/org.umd.logging(11423): Method < 1 com.cleanmaster.base.crash.util.debug.b.run()
I/ActivityManager(  591): Killing 23798:com.creativemobile.dragracingbe/u0a230 (adj 15): empty #17
W/dex2oat (16578): Compilation of nza nza.b(odc) took 380.833ms
W/dex2oat (16578): Compilation of void nyv.a(odd) took 263.512ms
I/org.umd.logging(17177): Method > 1 com.twitter.library.scribe.ScribeService.onDestroy(com.twitter.library.scribe.ScribeService@940443007)
I/org.umd.logging(17177): Method < 1 com.twitter.library.scribe.ScribeService.onDestroy()
I/ActivityManager(  591): Killing 15905:com.fortafygames.colorswitch/u0a244 (adj 15): empty #17
W/dex2oat (16578): Compilation of int nza.b() took 145.460ms
W/dex2oat (16578): Compilation of int nyv.b() took 214.924ms
W/ActivityManager(  591): getRunningAppProcesses: caller 10235 does not hold REAL_GET_TASKS; limiting output
I/GMPM    (17333): App measurement is starting up, version: 8487
I/GMPM    (17333): To enable debug logging run: adb shell setprop log.tag.GMPM VERBOSE
E/GMPM    (17333): GoogleService failed to initialize, status: 10, Missing an expected resource: 'R.string.google_app_id' for initializing Google services.  Possible causes are missing google-services.json or com.google.gms.google-services gradle plugin.
E/GMPM    (17333): Scheduler not set. Not logging error/warn.
I/art     (  591): Explicit concurrent mark sweep GC freed 18951(911KB) AllocSpace objects, 2(32KB) LOS objects, 33% free, 26MB/40MB, paused 2.014ms total 125.011ms
I/org.umd.logging(17333): Method > 1 com.sololearn.app.App.onCreate(com.sololearn.app.App@179182243)
E/GMPM    (17333): Uploading is not possible. App measurement disabled
I/org.umd.logging(17333): Method > 1 com.android.volley.RequestQueue.start(com.android.volley.RequestQueue@289648926)
I/org.umd.logging(17333): Api > 1 java.lang.Thread.start(com.android.volley.CacheDispatcher@841467852<thread=3255>)
I/org.umd.logging(17333): Api < 1 java.lang.Thread.start()
I/org.umd.logging(17333): Api > 1 java.lang.Thread.start(com.android.volley.NetworkDispatcher@460701994<thread=3256>)
I/org.umd.logging(17333): Method > 3255 com.android.volley.CacheDispatcher.run(com.android.volley.CacheDispatcher@841467852<thread=3255>)
I/org.umd.logging(17333): Api < 1 java.lang.Thread.start()
I/org.umd.logging(17333): Api > 1 java.lang.Thread.start(com.android.volley.NetworkDispatcher@578435867<thread=3257>)
I/org.umd.logging(17333): Api < 1 java.lang.Thread.start()
I/org.umd.logging(17333): Api > 1 java.lang.Thread.start(com.android.volley.NetworkDispatcher@1039111352<thread=3258>)
I/org.umd.logging(17333): Api < 1 java.lang.Thread.start()
I/org.umd.logging(17333): Api > 1 java.lang.Thread.start(com.android.volley.NetworkDispatcher@480416401<thread=3259>)
I/org.umd.logging(17333): Api < 1 java.lang.Thread.start()
I/org.umd.logging(17333): Method < 1 com.android.volley.RequestQueue.start()
I/org.umd.logging(17333): Method > 3256 com.android.volley.NetworkDispatcher.run(com.android.volley.NetworkDispatcher@460701994<thread=3256>)
I/org.umd.logging(17333): Method > 3258 com.android.volley.NetworkDispatcher.run(com.android.volley.NetworkDispatcher@1039111352<thread=3258>)
I/org.umd.logging(17333): Method > 3259 com.android.volley.NetworkDispatcher.run(com.android.volley.NetworkDispatcher@480416401<thread=3259>)
I/org.umd.logging(17333): Method > 3257 com.android.volley.NetworkDispatcher.run(com.android.volley.NetworkDispatcher@578435867<thread=3257>)
W/chromium(17123): [WARNING:server_connection_manager.cc(272)] ServerConnectionManager forcing SYNC_AUTH_ERROR
W/chromium(17123): [WARNING:syncer_proto_util.cc(341)] Error posting from syncer: Response Code (bogus on error): -1 Content-Length (bogus on error): -1 Server Status: SYNC_AUTH_ERROR
W/AppIndexApi( 1323): Received an invalid action.
W/IcingInternalCorpora( 1608): getNumBytesRead when not calculated.
W/Icing   ( 1323): Ignoring usage report, got bad usage info: Uri too long (max 256)
W/dex2oat (16578): Compilation of void ogm.a(odd) took 140.088ms
I/org.umd.logging(17333): Api > 1 java.lang.Thread.start(crittercism.android.dp@210248943<thread=3260>)
I/org.umd.logging(17333): Api < 1 java.lang.Thread.start()
I/org.umd.logging(17333): Method > 3260 crittercism.android.da.run(crittercism.android.cw@455672453)
I/org.umd.logging(17333): Method > 3260 crittercism.android.da.run(crittercism.android.dj$a@89923851)
W/chromium(17123): [WARNING:syncer_proto_util.cc(341)] Error posting from syncer: Response Code (bogus on error): -1 Content-Length (bogus on error): -1 Server Status: CONNECTION_UNAVAILABLE
E/chromium(17123): [ERROR:get_updates_processor.cc(244)] PostClientToServerMessage() failed during GetUpdates
I/cr_BindingManager(17123): Moderate binding enabled: maxSize=20
I/org.umd.logging(17333): Method < 3260 crittercism.android.da.run()
I/org.umd.logging(17333): Method < 3260 crittercism.android.da.run()
I/Crittercism(17333): Initializing Crittercism 5.5.0 for App ID 5641ee4e8d4d8c0a00d081a5
W/ActivityManager(  591): getRunningAppProcesses: caller 10235 does not hold REAL_GET_TASKS; limiting output
I/cr_MinidmpUploadService(17123): Attempting to upload accumulated crash dumps.
W/dex2oat (16578): Compilation of ohp ohp.b(odc) took 236.105ms
I/ActivityManager(  591): Start proc 17402:com.android.providers.partnerbookmarks/u0a68 for content provider com.android.providers.partnerbookmarks/.PartnerBookmarksProvider
W/ActivityManager(  591): Unable to start service Intent { act=com.google.android.gms.playlog.service.START pkg=com.google.android.gms } U=0: not found
W/ActivityManager(  591): Unbind failed: could not find connection for android.os.BinderProxy@a8df116
E/GmsClient(17123): unable to connect to service: com.google.android.gms.playlog.service.START on com.google.android.gms
I/PlayLogTrackerInternal(17123): onLoggerFailedConnection
I/org.umd.logging(17333): Api > 1 java.lang.Thread.start(java.lang.Thread@830226945<thread=3263>)
I/org.umd.logging(17333): Api < 1 java.lang.Thread.start()
I/org.umd.logging(17333): Method > 3263 crittercism.android.ap$a.run(crittercism.android.ap$a@640271079)
I/org.umd.logging(17333): Api > 3263 java.lang.Thread.start(crittercism.android.dp@517246612<thread=3264>)
I/org.umd.logging(17333): Api < 3263 java.lang.Thread.start()
I/org.umd.logging(17333): Method > 3264 crittercism.android.da.run(crittercism.android.cw@1047133501)
I/Icing   ( 1608): Usage reports 0 indexed 0 rejected 0 imm upload false
I/ActivityManager(  591): Killing 8462:com.android.musicfx/u0a17 (adj 15): empty #17
E/PartnerBookmarksReader(17123): ATTENTION: not using partner bookmarks as none were provided
I/org.umd.logging(17333): Api > 3263 java.net.Socket.<init>(java.net.Socket@709207683)
I/org.umd.logging(17333): Api < 3263 java.net.Socket.<init>(java.net.Socket@709207683)
I/org.umd.logging(17333): Method < 3263 crittercism.android.ap$a.run()
W/dex2oat (16578): Compilation of ojp ojp.b(odc) took 107.004ms
I/org.umd.logging(17333): Api > 1 android.net.ConnectivityManager.getActiveNetworkInfo(android.net.ConnectivityManager@897462329)
I/org.umd.logging(17333): Api < 1 android.net.ConnectivityManager.getActiveNetworkInfo(null)
I/org.umd.logging(17333): Api > 1 android.net.ConnectivityManager.getActiveNetworkInfo(android.net.ConnectivityManager@897462329)
I/org.umd.logging(17333): Api < 1 android.net.ConnectivityManager.getActiveNetworkInfo(null)
E/Cataloger( 8854): syncFile:/storage/emulated/0/Android/data/com.android.chrome/cache/offline-pages
W/dex2oat (16578): Compilation of ojo ojo.b(odc) took 125.682ms
I/org.umd.logging(17333): Api > 1 java.lang.Thread.start(crittercism.android.dp@598878175<thread=3266>)
I/org.umd.logging(17333): Api < 1 java.lang.Thread.start()
I/org.umd.logging(17333): Method < 1 com.sololearn.app.App.onCreate()
I/org.umd.logging(17333): Method > 3265 crittercism.android.da.run(crittercism.android.cw@813374508)
I/org.umd.logging(17333): Method > 3265 crittercism.android.da.run(crittercism.android.aw$3@824515722)
E/Cataloger( 8854): :/storage/emulated/0/Android/data/com.android.chrome/cache/offline-pages
E/Cataloger( 8854): /storage/emulated/0/Android/data/com.android.chrome/cache/offline-pages
E/Cataloger( 8854): syncFile:/storage/emulated/0/Android/data/com.android.chrome/cache/offline-pages
I/org.umd.logging(17333): Method > 3266 crittercism.android.da.run(crittercism.android.cw@111090478)
I/org.umd.logging(17333): Method > 3266 crittercism.android.da.run(crittercism.android.cy@278128732)
W/dex2oat (16578): Compilation of ojm ojm.b(odc) took 203.204ms
I/org.umd.logging(17333): Method > 1 com.sololearn.core.web.NetworkStateReceiver.onReceive(com.sololearn.core.web.NetworkStateReceiver@848547608, android.app.ReceiverRestrictedContext@340997079, android.content.Intent@803517154<action=android.net.conn.CONNECTIVITY_CHANGE><data=null><package=null><component=com.sololearn.cplusplus/com.sololearn.core.web.NetworkStateReceiver><type=null><filter_hashcode=-1542214996><networkInfo=None><networkType=None><otherNetwork=None><inetCondition=None><extraInfo=None><umd_Intent_key=None>)
I/org.umd.logging(17333): Api > 1 android.net.ConnectivityManager.getActiveNetworkInfo(android.net.ConnectivityManager@897462329)
I/org.umd.logging(17333): Api < 1 android.net.ConnectivityManager.getActiveNetworkInfo(null)
I/org.umd.logging(17333): Method < 1 com.sololearn.core.web.NetworkStateReceiver.onReceive()
I/org.umd.logging(17333): Api > 3266 java.lang.Thread.start(crittercism.android.dp@854468453<thread=3271>)
I/org.umd.logging(17333): Api < 3266 java.lang.Thread.start()
I/org.umd.logging(17333): Method > 3271 crittercism.android.da.run(crittercism.android.cw@478526522)
I/org.umd.logging(17333): Method > 3271 crittercism.android.da.run(crittercism.android.ay@178597448)
I/org.umd.logging(17333): Method < 3265 crittercism.android.da.run()
I/org.umd.logging(17333): Method > 3265 crittercism.android.da.run(crittercism.android.aw$6@688087558)
I/org.umd.logging(17333): Method < 3265 crittercism.android.da.run()
I/Icing   ( 1608): Usage reports 0 indexed 0 rejected 0 imm upload false
I/org.umd.logging(17333): Api > 3266 java.lang.Thread.start(java.lang.Thread@35564510<thread=3272>)
I/org.umd.logging(17333): Api < 3266 java.lang.Thread.start()
I/org.umd.logging(16803): Method > 1 com.sessionm.api.ConnectionReceiver.onReceive(com.sessionm.api.ConnectionReceiver@757548093, android.app.ReceiverRestrictedContext@495473717, android.content.Intent@884003890<action=android.net.conn.CONNECTIVITY_CHANGE><data=null><package=null><component=com.weather.Weather/com.sessionm.api.ConnectionReceiver><type=null><filter_hashcode=-1853155490><networkInfo=None><networkType=None><otherNetwork=None><inetCondition=None><extraInfo=None><umd_Intent_key=None>)
I/org.umd.logging(17333): Method > 3272 crittercism.android.da.run(crittercism.android.cz@609230988)
I/org.umd.logging(16803): Method < 1 com.sessionm.api.ConnectionReceiver.onReceive()
E/cr_Icing(17123): Failed to clear legacy corpus. Status Code: 8 Message: No CorpusConfig for history of com.android.chrome
I/org.umd.logging(16803): Method > 1 com.weather.dal2.system.UniversalBroadcastReceiver.onReceive(com.weather.dal2.system.UniversalBroadcastReceiver@547210627, android.app.ReceiverRestrictedContext@495473717, android.content.Intent@1001206528<action=android.net.conn.CONNECTIVITY_CHANGE><data=null><package=null><component=com.weather.Weather/com.weather.dal2.system.UniversalBroadcastReceiver><type=null><filter_hashcode=-1538265645><networkInfo=None><networkType=None><otherNetwork=None><inetCondition=None><extraInfo=None><umd_Intent_key=None>)
I/org.umd.logging(16803): Method > 3226 com.weather.dal2.system.TwcBus$1.run(com.weather.dal2.system.TwcBus$1@404509309)
I/org.umd.logging(16803): Method > 1 com.weather.Weather.ups.backend.location.ConnectivityReceiver.onReceive(com.weather.Weather.ups.backend.location.ConnectivityReceiver@724729644, android.app.ReceiverRestrictedContext@495473717, android.content.Intent@256359925<action=android.net.conn.CONNECTIVITY_CHANGE><data=null><package=null><component=com.weather.Weather/.ups.backend.location.ConnectivityReceiver><type=null><filter_hashcode=19924321><networkInfo=None><networkType=None><otherNetwork=None><inetCondition=None><extraInfo=None><umd_Intent_key=None>)
I/org.umd.logging(16803): Method < 1 com.weather.Weather.ups.backend.location.ConnectivityReceiver.onReceive()
I/ActivityManager(  591): Killing 15694:eu.chainfire.supersu/u0a86 (adj 15): empty #17
I/org.umd.logging(17333): Method > 3272 crittercism.android.da.run(crittercism.android.db@484812778)
I/org.umd.logging(17333): Api > 3272 java.net.URL.openConnection(java.net.URL@723827064<URL=https://appload.ingest.crittercism.com/v0/appload>)
I/org.umd.logging(17333): Api < 3272 java.net.URL.openConnection(com.android.okhttp.internal.http.HttpsURLConnectionImpl@801597879)
I/org.umd.logging(17333): Method < 3272 crittercism.android.da.run()
I/org.umd.logging(17333): Method < 3272 crittercism.android.da.run()
I/org.umd.logging(17333): Method < 3266 crittercism.android.da.run()
I/org.umd.logging(17333): Method < 3266 crittercism.android.da.run()
W/AppIndexApi( 1323): Received an invalid action.
W/Icing   ( 1323): Ignoring usage report, got bad usage info: Uri too long (max 256)
I/org.umd.logging(11423): Method > 1 com.cmplay.kinfoc.report.service.NetWorkChangeReceiver.onReceive(com.cmplay.kinfoc.report.service.NetWorkChangeReceiver@962316548, android.app.ReceiverRestrictedContext@1071613281, android.content.Intent@543948525<action=android.net.conn.CONNECTIVITY_CHANGE><data=null><package=null><component=com.turbochilli.rollingsky/com.cmplay.kinfoc.report.service.NetWorkChangeReceiver><type=null><filter_hashcode=491720341><networkInfo=None><networkType=None><otherNetwork=None><inetCondition=None><extraInfo=None><umd_Intent_key=None>)
I/org.umd.logging(11423): Api > 1 android.net.ConnectivityManager.getActiveNetworkInfo(android.net.ConnectivityManager@517246612)
I/org.umd.logging(11423): Api < 1 android.net.ConnectivityManager.getActiveNetworkInfo(null)
I/org.umd.logging(11423): Method < 1 com.cmplay.kinfoc.report.service.NetWorkChangeReceiver.onReceive()
D/ConnectivityManager(17000): getMobileDataEnabled()+ subId=-1
D/PhoneInterfaceManager( 1080): [PhoneIntfMgr] getDataEnabled: subId=-1 phoneId=-1
E/PhoneInterfaceManager( 1080): [PhoneIntfMgr] getDataEnabled: no phone subId=-1 retVal=false
D/ConnectivityManager(17000): getMobileDataEnabled()- subId=-1 retVal=false
W/AppIndexApi( 1323): Received an invalid action.
W/Icing   ( 1323): Ignoring usage report, got bad usage info: Uri too long (max 256)
W/AppIndexApi( 1323): Received an invalid action.
W/Icing   ( 1323): Ignoring usage report, got bad usage info: Uri too long (max 256)
I/org.umd.logging(17177): Method > 1 com.twitter.android.client.AppBroadcastReceiver.onReceive(com.twitter.android.client.AppBroadcastReceiver@923237019, android.app.ReceiverRestrictedContext@866283485, android.content.Intent@611098168<action=android.net.conn.CONNECTIVITY_CHANGE><data=null><package=null><component=com.twitter.android/.client.AppBroadcastReceiver><type=null><filter_hashcode=1699515768><networkInfo=None><networkType=None><inetCondition=None><extraInfo=None><umd_Intent_key=None>)
I/org.umd.logging(17177): Method < 1 com.twitter.android.client.AppBroadcastReceiver.onReceive()
I/org.umd.logging(17333): Method > 1 com.sololearn.core.web.NetworkStateReceiver.onReceive(com.sololearn.core.web.NetworkStateReceiver@906791053, android.app.ReceiverRestrictedContext@340997079, android.content.Intent@1056918082<action=android.net.conn.CONNECTIVITY_CHANGE><data=null><package=null><component=com.sololearn.cplusplus/com.sololearn.core.web.NetworkStateReceiver><type=null><filter_hashcode=-1542214996><networkInfo=None><networkType=None><inetCondition=None><extraInfo=None><umd_Intent_key=None>)
I/org.umd.logging(17333): Api > 1 android.net.ConnectivityManager.getActiveNetworkInfo(android.net.ConnectivityManager@897462329)
I/org.umd.logging(17333): Api < 1 android.net.ConnectivityManager.getActiveNetworkInfo(null)
I/org.umd.logging(17333): Method < 1 com.sololearn.core.web.NetworkStateReceiver.onReceive()
I/org.umd.logging(16803): Method > 1 com.sessionm.api.ConnectionReceiver.onReceive(com.sessionm.api.ConnectionReceiver@160943953, android.app.ReceiverRestrictedContext@495473717, android.content.Intent@7611318<action=android.net.conn.CONNECTIVITY_CHANGE><data=null><package=null><component=com.weather.Weather/com.sessionm.api.ConnectionReceiver><type=null><filter_hashcode=-1853155490><networkInfo=None><networkType=None><inetCondition=None><extraInfo=None><umd_Intent_key=None>)
I/org.umd.logging(16803): Method < 1 com.sessionm.api.ConnectionReceiver.onReceive()
I/org.umd.logging(16803): Method > 1 com.weather.dal2.system.UniversalBroadcastReceiver.onReceive(com.weather.dal2.system.UniversalBroadcastReceiver@689494199, android.app.ReceiverRestrictedContext@495473717, android.content.Intent@640038948<action=android.net.conn.CONNECTIVITY_CHANGE><data=null><package=null><component=com.weather.Weather/com.weather.dal2.system.UniversalBroadcastReceiver><type=null><filter_hashcode=-1538265645><networkInfo=None><networkType=None><inetCondition=None><extraInfo=None><umd_Intent_key=None>)
I/org.umd.logging(16803): Method > 3226 com.weather.dal2.system.TwcBus$1.run(com.weather.dal2.system.TwcBus$1@404509309)
I/org.umd.logging(16803): Method > 1 com.weather.Weather.ups.backend.location.ConnectivityReceiver.onReceive(com.weather.Weather.ups.backend.location.ConnectivityReceiver@450382163, android.app.ReceiverRestrictedContext@495473717, android.content.Intent@497070736<action=android.net.conn.CONNECTIVITY_CHANGE><data=null><package=null><component=com.weather.Weather/.ups.backend.location.ConnectivityReceiver><type=null><filter_hashcode=19924321><networkInfo=None><networkType=None><inetCondition=None><extraInfo=None><umd_Intent_key=None>)
I/org.umd.logging(16803): Method < 1 com.weather.Weather.ups.backend.location.ConnectivityReceiver.onReceive()
I/org.umd.logging(11423): Method > 1 com.cmplay.kinfoc.report.service.NetWorkChangeReceiver.onReceive(com.cmplay.kinfoc.report.service.NetWorkChangeReceiver@234221858, android.app.ReceiverRestrictedContext@1071613281, android.content.Intent@58472371<action=android.net.conn.CONNECTIVITY_CHANGE><data=null><package=null><component=com.turbochilli.rollingsky/com.cmplay.kinfoc.report.service.NetWorkChangeReceiver><type=null><filter_hashcode=491720341><networkInfo=None><networkType=None><inetCondition=None><extraInfo=None><umd_Intent_key=None>)
I/org.umd.logging(11423): Api > 1 android.net.ConnectivityManager.getActiveNetworkInfo(android.net.ConnectivityManager@517246612)
I/org.umd.logging(11423): Api < 1 android.net.ConnectivityManager.getActiveNetworkInfo(null)
I/org.umd.logging(11423): Method < 1 com.cmplay.kinfoc.report.service.NetWorkChangeReceiver.onReceive()
I/Icing   ( 1608): Usage reports 0 indexed 0 rejected 0 imm upload false
I/Icing   ( 1608): Usage reports 0 indexed 0 rejected 0 imm upload false
I/Icing   ( 1608): Usage reports 0 indexed 0 rejected 0 imm upload false
W/ContextImpl(16734): Calling a method in the system process without a qualified user: android.app.ContextImpl.startService:1692 android.content.ContextWrapper.startService:516 android.content.ContextWrapper.startService:516 com.android.settings.bluetooth.DockEventReceiver.beginStartingService:134 com.android.settings.bluetooth.DockEventReceiver.onReceive:115 
D/BluetoothManagerService(  591): Message: 20
D/BluetoothManagerService(  591): Added callback: android.bluetooth.IBluetoothManagerCallback$Stub$Proxy@32c358f:true
I/ActivityManager(  591): Start proc 17444:com.android.bluetooth/1002 for broadcast com.android.bluetooth/.pbap.BluetoothPbapReceiver
D/BluetoothAdapter(16734): 202442106: getState() :  mService = null. Returning STATE_OFF
D/BluetoothManagerService(  591): Message: 30
D/BluetoothManagerService(  591): Message: 30
D/LocalBluetoothProfileManager(16734): Adding local MAP profile
D/BluetoothMap(16734): Create BluetoothMap proxy object
D/BluetoothManagerService(  591): Message: 30
W/ResourcesManager(17444): Asset path '/system/framework/javax.obex.jar' does not exist or contains no resources.
D/BluetoothManagerService(  591): Message: 30
I/art     ( 1608): Explicit concurrent mark sweep GC freed 38570(2MB) AllocSpace objects, 9(367KB) LOS objects, 39% free, 23MB/39MB, paused 2.929ms total 217.182ms
W/AppIndexApi( 1323): Received an invalid action.
W/Icing   ( 1323): Ignoring usage report, got bad usage info: Uri too long (max 256)
I/Icing   ( 1608): Usage reports 0 indexed 0 rejected 0 imm upload false
D/LocalBluetoothProfileManager(16734): LocalBluetoothProfileManager construction complete
W/dex2oat (16578): Compilation of java.lang.Object org.chromium.net.AndroidKeyStore.getOpenSSLEngineForPrivateKey(java.security.PrivateKey) took 162.978ms
D/AdapterServiceConfig(17444): Adding HeadsetService
D/AdapterServiceConfig(17444): Adding A2dpService
D/AdapterServiceConfig(17444): Adding HidService
D/AdapterServiceConfig(17444): Adding HealthService
D/AdapterServiceConfig(17444): Adding PanService
D/AdapterServiceConfig(17444): Adding GattService
D/AdapterServiceConfig(17444): Adding BluetoothMapService
D/DockEventReceiver(16734): finishStartingService: stopping service
D/BluetoothAdapter(16734): 202442106: getState() :  mService = null. Returning STATE_OFF
D/BluetoothAdapter(16734): 202442106: getState() :  mService = null. Returning STATE_OFF
D/BluetoothManagerService(  591): Message: 20
D/BluetoothManagerService(  591): Added callback: android.bluetooth.IBluetoothManagerCallback$Stub$Proxy@305ce5aa:true
D/BluetoothAdapter(17444): 881220585: getState() :  mService = null. Returning STATE_OFF
D/BluetoothPbap(16734): Proxy object connected
D/PbapServerProfile(16734): Bluetooth service connected
I/org.umd.logging(16803): Method > 3226 com.weather.facade.WeatherDataManager.onReceiveWeatherData(com.weather.facade.WeatherDataManager@461687103, com.weather.dal2.dsx.RecordSets@684010164)
I/org.umd.logging(16803): Api > 3231 android.net.ConnectivityManager.getActiveNetworkInfo(android.net.ConnectivityManager@846705829)
I/org.umd.logging(16803): Api < 3231 android.net.ConnectivityManager.getActiveNetworkInfo(null)
W/CachingDsxDataFetcher(16803): Posting WeatherDataError: BOSTON: wasStaleDataPosted: true, fromManualRefresh: false
W/CachingDsxDataFetcher(16803): Posting WeatherDataError: BOSTON: wasStaleDataPosted: true, fromManualRefresh: false
W/ContextImpl(16734): Calling a method in the system process without a qualified user: android.app.ContextImpl.startService:1692 android.content.ContextWrapper.startService:516 android.content.ContextWrapper.startService:516 com.android.settings.bluetooth.DockEventReceiver.beginStartingService:134 com.android.settings.bluetooth.DockEventReceiver.onReceive:115 
W/dex2oat (16578): Compilation of java.lang.String org.webrtc.CameraEnumerationAndroid.getDeviceName(int) took 107.736ms
W/dex2oat (16578): Compilation of java.util.List org.webrtc.CameraEnumerator.getSupportedFormats(int) took 102.395ms
D/DockEventReceiver(16734): finishStartingService: stopping service
D/BluetoothPbap(16734): Proxy object disconnected
D/PbapServerProfile(16734): Bluetooth service disconnected
I/ActivityManager(  591): Killing 16949:com.android.cellbroadcastreceiver/u0a3 (adj 15): empty #17
I/org.umd.logging(16803): Method < 3226 com.weather.facade.WeatherDataManager.onReceiveWeatherData()
I/org.umd.logging(16803): Method > 3226 com.weather.dal2.system.TwcBus$1.run(com.weather.dal2.system.TwcBus$1@404509309)
I/org.umd.logging(16803): Method > 3226 com.weather.dal2.system.TwcBus$1.run(com.weather.dal2.system.TwcBus$1@404509309)
I/org.umd.logging(16803): Method > 3226 com.weather.dal2.system.TwcBus$1.run(com.weather.dal2.system.TwcBus$1@404509309)
I/org.umd.logging(16803): Method > 3226 com.weather.dal2.system.TwcBus$1.run(com.weather.dal2.system.TwcBus$1@404509309)
I/org.umd.logging(16803): Method > 3226 com.weather.dal2.system.TwcBus$1.run(com.weather.dal2.system.TwcBus$1@404509309)
I/org.umd.logging(16803): Method > 3226 com.weather.dal2.system.TwcBus$1.run(com.weather.dal2.system.TwcBus$1@404509309)
I/org.umd.logging(16803): Method > 3226 com.weather.dal2.system.TwcBus$1.run(com.weather.dal2.system.TwcBus$1@404509309)
I/org.umd.logging(16803): Method > 3226 com.weather.dal2.system.TwcBus$1.run(com.weather.dal2.system.TwcBus$1@404509309)
I/ActivityManager(  591): Start proc 17489:com.cnn.mobile.android.phone/u0a225 for service com.cnn.mobile.android.phone/.service.FeedService
W/ContextImpl(16734): Calling a method in the system process without a qualified user: android.app.ContextImpl.startService:1692 android.content.ContextWrapper.startService:516 android.content.ContextWrapper.startService:516 com.android.settings.bluetooth.DockEventReceiver.beginStartingService:134 com.android.settings.bluetooth.DockEventReceiver.onReceive:115 
D/DockEventReceiver(16734): finishStartingService: stopping service
D/BluetoothAdapter(16734): 202442106: getState() :  mService = null. Returning STATE_OFF
W/ContentTaskController( 1323): Invalid newTask was provided to startTracking.
W/ContentTaskController( 1323): Invalid newTask was provided to startTracking.
V/Mms     (17000): onStart: #1 mResultCode: -1 = Activity.RESULT_OK
W/cr_BindingManager(15853): Cannot call determinedVisibility() - never saw a connection for the pid: 15853
W/cr_ScreenOrientation(15853): Removing an inexistent observer!
I/org.umd.logging(17489): Method > 1 com.cnn.mobile.android.phone.CNNApp.onCreate(com.cnn.mobile.android.phone.CNNApp@572129094)
E/ExecutionCriteria( 1323): Package unavailable for task: endpoint='com.google.android.talk/com.google.android.apps.hangouts.concurrent.impl.GcmTriggeredNotifier'
E/ExecutionCriteria( 1323): tag=':charging_wakeup', state=PENDING, u=0, jid=-1
E/ExecutionCriteria( 1323): Next execution: [early=338s, expires=339s]
E/ExecutionCriteria( 1323): Package unavailable for task: endpoint='com.google.android.talk/com.google.android.apps.hangouts.concurrent.impl.GcmTriggeredNotifier'
E/ExecutionCriteria( 1323): tag='network_connectivity_wakeup:persisted', state=PENDING, u=0, jid=-1
E/ExecutionCriteria( 1323): Next execution: [early=156612s, expires=156613s]
W/ContentTaskController( 1323): Invalid newTask was provided to startTracking.
W/ContentTaskController( 1323): Invalid newTask was provided to startTracking.
W/ContentTaskController( 1323): Invalid newTask was provided to startTracking.
E/OtherLevels-SDK(15853): HTTP POST response failure [URL: https://api.otherlevels.com/0.8/session/end] Error: + Unable to resolve host "api.otherlevels.com": No address associated with hostname
I/CrittercismInstance(17489): Initializing Crittercism...
W/ContentTaskController( 1323): Invalid newTask was provided to startTracking.
I/org.umd.logging(17489): Api > 1 java.lang.Thread.start(crittercism.android.dh@357642656<thread=3268>)
I/org.umd.logging(17489): Api < 1 java.lang.Thread.start()
I/org.umd.logging(17489): Method > 3268 crittercism.android.cq.run(crittercism.android.cm@289648926)
I/org.umd.logging(17489): Method > 3268 crittercism.android.cq.run(crittercism.android.co@841467852)
I/org.umd.logging(17489): Api > 1 java.lang.Thread.start(com.turner.android.player.nexstream.Player$1@460701994<thread=3272>)
I/org.umd.logging(17489): Api < 1 java.lang.Thread.start()
I/org.umd.logging(17489): Method > 3272 com.turner.android.player.nexstream.Player$1.run(com.turner.android.player.nexstream.Player$1@460701994<thread=3272>)
D/CvpPlayer(17489): init|start NexSystemInfo.getCPUInfo
D/CvpPlayer(17489): init|Device Pixel Format :  1
V/CvpPlayer(17489): init|DeviceInfo|android.os.Build.MODEL=Nexus 4|android.os.Build.VERSION.RELEASE=5.1.1
V/CvpPlayer(17489): init|NexPlayerSetting|mScreenPixelFormat=1|colorDepth=1|UseOpenGL=false
I/org.umd.logging(17489): Api > 1 java.lang.Thread.start(com.turner.android.player.CvpPlayer$1@1039111352<thread=3273>)
I/org.umd.logging(17489): Api < 1 java.lang.Thread.start()
D/NexSystemInfo(17489): cpu ABI: armeabi-v7a
D/NexSystemInfo(17489): cpuArchitecture: 7
D/NexSystemInfo(17489): CPU INFO: Processor	: ARMv7 Processor rev 2 (v7l)
D/NexSystemInfo(17489): processor	: 0
D/NexSystemInfo(17489): BogoMIPS	: 13.53
D/NexSystemInfo(17489): 
D/NexSystemInfo(17489): processor	: 1
D/NexSystemInfo(17489): BogoMIPS	: 13.53
D/NexSystemInfo(17489): 
D/NexSystemInfo(17489): processor	: 2
D/NexSystemInfo(17489): BogoMIPS	: 13.53
D/NexSystemInfo(17489): 
D/NexSystemInfo(17489): processor	: 3
D/NexSystemInfo(17489): BogoMIPS	: 13.53
D/NexSystemInfo(17489): 
D/NexSystemInfo(17489): Features	: swp half thumb fastmult vfp edsp neon vfpv3 tls vfpv4 
D/NexSystemInfo(17489): CPU implementer	: 0x51
D/NexSystemInfo(17489): CPU architecture: 7
D/NexSystemInfo(17489): CPU variant	: 0x0
D/NexSystemInfo(17489): CPU part	: 0x06f
D/NexSystemInfo(17489): CPU revision	: 2
D/NexSystemInfo(17489): 
D/NexSystemInfo(17489): Hardware	: QCT APQ8064 MAKO
D/NexSystemInfo(17489): Revision	: 000b
D/NexSystemInfo(17489): Serial		: 0000000000000000
D/CvpPlayer(17489): init|done NexSystemInfo.getCPUInfo
I/org.umd.logging(17489): Method < 3272 com.turner.android.player.nexstream.Player$1.run()
