W/ViewRootImpl(  729): Cancelling event due to no window focus: MotionEvent { action=ACTION_CANCEL, id[0]=0, x[0]=0.0, y[0]=0.0, toolType[0]=TOOL_TYPE_UNKNOWN, buttonState=0, metaState=0, flags=0x0, edgeFlags=0x0, pointerCount=1, historySize=0, eventTime=167347080, downTime=167347073, deviceId=0, source=0x10004 }
W/ViewRootImpl(  729): Cancelling event due to no window focus: MotionEvent { action=ACTION_CANCEL, id[0]=0, x[0]=0.0, y[0]=0.0, toolType[0]=TOOL_TYPE_UNKNOWN, buttonState=0, metaState=0, flags=0x0, edgeFlags=0x0, pointerCount=1, historySize=0, eventTime=167347080, downTime=167347073, deviceId=0, source=0x10004 }
W/ViewRootImpl(  729): Cancelling event due to no window focus: MotionEvent { action=ACTION_CANCEL, id[0]=0, x[0]=0.0, y[0]=0.0, toolType[0]=TOOL_TYPE_UNKNOWN, buttonState=0, metaState=0, flags=0x0, edgeFlags=0x0, pointerCount=1, historySize=0, eventTime=167347080, downTime=167347073, deviceId=0, source=0x10004 }
W/ViewRootImpl(  729): Cancelling event due to no window focus: MotionEvent { action=ACTION_CANCEL, id[0]=0, x[0]=0.0, y[0]=0.0, toolType[0]=TOOL_TYPE_UNKNOWN, buttonState=0, metaState=0, flags=0x0, edgeFlags=0x0, pointerCount=1, historySize=0, eventTime=167347080, downTime=167347073, deviceId=0, source=0x10004 }
W/ViewRootImpl(  729): Cancelling event due to no window focus: MotionEvent { action=ACTION_CANCEL, id[0]=0, x[0]=0.0, y[0]=0.0, toolType[0]=TOOL_TYPE_UNKNOWN, buttonState=0, metaState=0, flags=0x0, edgeFlags=0x0, pointerCount=1, historySize=0, eventTime=167347080, downTime=167347073, deviceId=0, source=0x10004 }
W/ViewRootImpl(  729): Cancelling event due to no window focus: MotionEvent { action=ACTION_CANCEL, id[0]=0, x[0]=0.0, y[0]=0.0, toolType[0]=TOOL_TYPE_UNKNOWN, buttonState=0, metaState=0, flags=0x0, edgeFlags=0x0, pointerCount=1, historySize=0, eventTime=167347080, downTime=167347073, deviceId=0, source=0x10004 }
W/ViewRootImpl(  729): Cancelling event due to no window focus: MotionEvent { action=ACTION_CANCEL, id[0]=0, x[0]=0.0, y[0]=0.0, toolType[0]=TOOL_TYPE_UNKNOWN, buttonState=0, metaState=0, flags=0x0, edgeFlags=0x0, pointerCount=1, historySize=0, eventTime=167347080, downTime=167347073, deviceId=0, source=0x10004 }
W/InputMethodManagerService(  591): Window already focused, ignoring focus gain of: com.android.internal.view.IInputMethodClient$Stub$Proxy@738be2b attribute=null, token = android.os.BinderProxy@245d4875
W/InputMethodManagerService(  591): Window already focused, ignoring focus gain of: com.android.internal.view.IInputMethodClient$Stub$Proxy@1d5c4288 attribute=null, token = android.os.BinderProxy@245d4875
W/ResourcesManager(15853): Asset path '/system/framework/com.android.media.remotedisplay.jar' does not exist or contains no resources.
W/ResourcesManager(15853): Asset path '/system/framework/com.android.location.provider.jar' does not exist or contains no resources.
D/ConnectivityService(  591): listenForNetwork for NetworkRequest [ id=118, legacyType=-1, [ Capabilities: INTERNET&NOT_RESTRICTED&TRUSTED] ]
D/ConnectivityService(  591): handleRegisterNetworkRequest checking NetworkAgentInfo [WIFI () - 101]
D/ConnectivityService(  591): apparently satisfied.  currentScore=60
D/ConnectivityService(  591): listenForNetwork for NetworkRequest [ id=119, legacyType=-1, [ Capabilities: INTERNET&NOT_RESTRICTED&TRUSTED] ]
D/ConnectivityService(  591): handleRegisterNetworkRequest checking NetworkAgentInfo [WIFI () - 101]
D/ConnectivityService(  591): apparently satisfied.  currentScore=60
I/ActivityManager(  591): Killing 13817:com.android.chrome/u0a32 (adj 15): empty #17
D/ConnectivityService(  591): listenForNetwork for NetworkRequest [ id=120, legacyType=-1, [ Capabilities: NOT_RESTRICTED&TRUSTED&NOT_VPN] ]
D/ConnectivityService(  591): handleRegisterNetworkRequest checking NetworkAgentInfo [WIFI () - 101]
D/ConnectivityService(  591): apparently satisfied.  currentScore=60
E/ActivityThread(15853): Failed to find provider info for com.facebook.katana.provider.AttributionIdProvider
W/BroadcastQueue(  591): Skipping deliver [background] BroadcastRecord{383aac97 u-1 android.net.conn.CONNECTIVITY_CHANGE} to ReceiverList{255bae84 16366 (unknown name)/0/u-1 remote:3015c831}: process crashing
I/ActivityManager(  591): START u0 {act=android.intent.action.MAIN cat=[android.intent.category.LAUNCHER] flg=0x10200000 cmp=com.halfbrick.fruitninjafree/com.halfbrick.mortar.MortarGameLauncherActivity} from uid 0 on display 0
W/ActivityManager(  591): getRunningAppProcesses: caller 10115 does not hold REAL_GET_TASKS; limiting output
W/InputManager(  591): Input event injection from pid 16366 failed.
I/ActivityManager(  591): START u0 {act=android.intent.action.MAIN cat=[android.intent.category.LAUNCHER] flg=0x10200000 cmp=com.halfbrick.fruitninjafree/com.halfbrick.mortar.MortarGameLauncherActivity} from uid 0 on display 0
W/ViewRootImpl(15853): Cancelling event due to no window focus: KeyEvent { action=ACTION_UP, keyCode=KEYCODE_DPAD_RIGHT, scanCode=0, metaState=0, flags=0x28, repeatCount=0, eventTime=167379203, downTime=167379190, deviceId=-1, source=0x101 }
W/ViewRootImpl(15853): Cancelling event due to no window focus: KeyEvent { action=ACTION_UP, keyCode=KEYCODE_DPAD_RIGHT, scanCode=0, metaState=0, flags=0x28, repeatCount=0, eventTime=167379203, downTime=167379190, deviceId=-1, source=0x101 }
W/ViewRootImpl(15853): Cancelling event due to no window focus: KeyEvent { action=ACTION_UP, keyCode=KEYCODE_DPAD_RIGHT, scanCode=0, metaState=0, flags=0x28, repeatCount=0, eventTime=167379203, downTime=167379190, deviceId=-1, source=0x101 }
W/ViewRootImpl(  729): Cancelling event due to no window focus: KeyEvent { action=ACTION_UP, keyCode=KEYCODE_DPAD_RIGHT, scanCode=0, metaState=0, flags=0x28, repeatCount=0, eventTime=167379191, downTime=167379191, deviceId=-1, source=0x101 }
W/ViewRootImpl(  729): Cancelling event due to no window focus: KeyEvent { action=ACTION_UP, keyCode=KEYCODE_DPAD_RIGHT, scanCode=0, metaState=0, flags=0x28, repeatCount=0, eventTime=167379191, downTime=167379191, deviceId=-1, source=0x101 }
W/ViewRootImpl(  729): Cancelling event due to no window focus: KeyEvent { action=ACTION_UP, keyCode=KEYCODE_DPAD_RIGHT, scanCode=0, metaState=0, flags=0x28, repeatCount=0, eventTime=167379191, downTime=167379191, deviceId=-1, source=0x101 }
W/ViewRootImpl(  729): Cancelling event due to no window focus: KeyEvent { action=ACTION_UP, keyCode=KEYCODE_DPAD_RIGHT, scanCode=0, metaState=0, flags=0x28, repeatCount=0, eventTime=167379191, downTime=167379191, deviceId=-1, source=0x101 }
W/ViewRootImpl(  729): Cancelling event due to no window focus: KeyEvent { action=ACTION_UP, keyCode=KEYCODE_DPAD_RIGHT, scanCode=0, metaState=0, flags=0x28, repeatCount=0, eventTime=167379191, downTime=167379191, deviceId=-1, source=0x101 }
W/ViewRootImpl(  729): Cancelling event due to no window focus: KeyEvent { action=ACTION_UP, keyCode=KEYCODE_DPAD_RIGHT, scanCode=0, metaState=0, flags=0x28, repeatCount=0, eventTime=167379191, downTime=167379191, deviceId=-1, source=0x101 }
W/ViewRootImpl(  729): Cancelling event due to no window focus: KeyEvent { action=ACTION_UP, keyCode=KEYCODE_DPAD_RIGHT, scanCode=0, metaState=0, flags=0x28, repeatCount=0, eventTime=167379191, downTime=167379191, deviceId=-1, source=0x101 }
W/ViewRootImpl(  729): Cancelling event due to no window focus: KeyEvent { action=ACTION_UP, keyCode=KEYCODE_DPAD_RIGHT, scanCode=0, metaState=0, flags=0x28, repeatCount=0, eventTime=167379191, downTime=167379191, deviceId=-1, source=0x101 }
W/ViewRootImpl(  729): Cancelling event due to no window focus: KeyEvent { action=ACTION_UP, keyCode=KEYCODE_DPAD_RIGHT, scanCode=0, metaState=0, flags=0x28, repeatCount=0, eventTime=167379191, downTime=167379191, deviceId=-1, source=0x101 }
W/InputMethodManagerService(  591): Window already focused, ignoring focus gain of: com.android.internal.view.IInputMethodClient$Stub$Proxy@292aef4d attribute=null, token = android.os.BinderProxy@245d4875
W/ViewRootImpl(15853): Dropping event due to no window focus: KeyEvent { action=ACTION_DOWN, keyCode=KEYCODE_DPAD_LEFT, scanCode=0, metaState=0, flags=0x400, repeatCount=0, eventTime=167381241, downTime=167381241, deviceId=-1, source=0x101 }
W/ViewRootImpl(15853): Cancelling event due to no window focus: KeyEvent { action=ACTION_UP, keyCode=KEYCODE_DPAD_LEFT, scanCode=0, metaState=0, flags=0x420, repeatCount=0, eventTime=167381241, downTime=167381241, deviceId=-1, source=0x101 }
W/ViewRootImpl(15853): Cancelling event due to no window focus: KeyEvent { action=ACTION_UP, keyCode=KEYCODE_DPAD_LEFT, scanCode=0, metaState=0, flags=0x420, repeatCount=0, eventTime=167381241, downTime=167381241, deviceId=-1, source=0x101 }
W/ViewRootImpl(15853): Cancelling event due to no window focus: KeyEvent { action=ACTION_UP, keyCode=KEYCODE_DPAD_LEFT, scanCode=0, metaState=0, flags=0x420, repeatCount=0, eventTime=167381241, downTime=167381241, deviceId=-1, source=0x101 }
W/InputMethodManagerService(  591): Window already focused, ignoring focus gain of: com.android.internal.view.IInputMethodClient$Stub$Proxy@38216303 attribute=null, token = android.os.BinderProxy@245d4875
W/BroadcastQueue(  591): Skipping deliver [background] BroadcastRecord{2d26f75 u-1 android.net.conn.CONNECTIVITY_CHANGE} to ReceiverList{3b0d4b0a 16440 (unknown name)/0/u-1 remote:3ccd2c5f}: process crashing
I/ActivityManager(  591): START u0 {act=android.intent.action.MAIN cat=[android.intent.category.LAUNCHER] flg=0x10200000 cmp=com.halfbrick.fruitninjafree/com.halfbrick.mortar.MortarGameLauncherActivity} from uid 0 on display 0
V/NotificationService(  591): pkg=com.android.vending canInterrupt=false intercept=true
W/BroadcastQueue(  591): Skipping deliver [background] BroadcastRecord{c56182d u-1 android.net.conn.CONNECTIVITY_CHANGE} to ReceiverList{1bd43162 16484 (unknown name)/0/u-1 remote:28bd0dd6}: process crashing
I/ActivityManager(  591): START u0 {act=android.intent.action.MAIN cat=[android.intent.category.LAUNCHER] flg=0x10200000 cmp=com.halfbrick.fruitninjafree/com.halfbrick.mortar.MortarGameLauncherActivity} from uid 0 on display 0
I/ActivityManager(  591): START u0 {act=android.intent.action.MAIN cat=[android.intent.category.LAUNCHER] flg=0x10200000 cmp=com.halfbrick.fruitninjafree/com.halfbrick.mortar.MortarGameLauncherActivity} from uid 0 on display 0
W/ViewRootImpl(  729): Dropping event due to no window focus: MotionEvent { action=ACTION_MOVE, id[0]=0, x[0]=-1.0, y[0]=-1.0, toolType[0]=TOOL_TYPE_UNKNOWN, buttonState=0, metaState=0, flags=0x0, edgeFlags=0x0, pointerCount=1, historySize=9, eventTime=167396781, downTime=-1, deviceId=0, source=0x10004 }
W/ViewRootImpl(  729): Dropping event due to no window focus: KeyEvent { action=ACTION_DOWN, keyCode=KEYCODE_DPAD_DOWN, scanCode=0, metaState=0, flags=0x8, repeatCount=0, eventTime=167396789, downTime=167396789, deviceId=-1, source=0x101 }
W/ViewRootImpl(  729): Cancelling event due to no window focus: KeyEvent { action=ACTION_UP, keyCode=KEYCODE_DPAD_DOWN, scanCode=0, metaState=0, flags=0x28, repeatCount=0, eventTime=167396888, downTime=167396888, deviceId=-1, source=0x101 }
W/ViewRootImpl(  729): Cancelling event due to no window focus: KeyEvent { action=ACTION_UP, keyCode=KEYCODE_DPAD_DOWN, scanCode=0, metaState=0, flags=0x28, repeatCount=0, eventTime=167396888, downTime=167396888, deviceId=-1, source=0x101 }
W/ViewRootImpl(  729): Cancelling event due to no window focus: KeyEvent { action=ACTION_UP, keyCode=KEYCODE_DPAD_DOWN, scanCode=0, metaState=0, flags=0x28, repeatCount=0, eventTime=167396888, downTime=167396888, deviceId=-1, source=0x101 }
W/ViewRootImpl(  729): Cancelling event due to no window focus: KeyEvent { action=ACTION_UP, keyCode=KEYCODE_DPAD_DOWN, scanCode=0, metaState=0, flags=0x28, repeatCount=0, eventTime=167396888, downTime=167396888, deviceId=-1, source=0x101 }
W/ViewRootImpl(  729): Cancelling event due to no window focus: KeyEvent { action=ACTION_UP, keyCode=KEYCODE_DPAD_DOWN, scanCode=0, metaState=0, flags=0x28, repeatCount=0, eventTime=167396888, downTime=167396888, deviceId=-1, source=0x101 }
W/ViewRootImpl(  729): Cancelling event due to no window focus: KeyEvent { action=ACTION_UP, keyCode=KEYCODE_DPAD_DOWN, scanCode=0, metaState=0, flags=0x28, repeatCount=0, eventTime=167396888, downTime=167396888, deviceId=-1, source=0x101 }
W/ViewRootImpl(  729): Cancelling event due to no window focus: KeyEvent { action=ACTION_UP, keyCode=KEYCODE_DPAD_DOWN, scanCode=0, metaState=0, flags=0x28, repeatCount=0, eventTime=167396888, downTime=167396888, deviceId=-1, source=0x101 }
W/ViewRootImpl(  729): Cancelling event due to no window focus: KeyEvent { action=ACTION_UP, keyCode=KEYCODE_DPAD_DOWN, scanCode=0, metaState=0, flags=0x28, repeatCount=0, eventTime=167396888, downTime=167396888, deviceId=-1, source=0x101 }
W/ViewRootImpl(  729): Cancelling event due to no window focus: KeyEvent { action=ACTION_UP, keyCode=KEYCODE_DPAD_DOWN, scanCode=0, metaState=0, flags=0x28, repeatCount=0, eventTime=167396888, downTime=167396888, deviceId=-1, source=0x101 }
I/ActivityManager(  591): START u0 {act=android.intent.action.MAIN cat=[android.intent.category.LAUNCHER] flg=0x10008000 cmp=com.android.settings/.UsbSettings} from uid 1000 on display 0
I/ActivityManager(  591): START u0 {act=android.intent.action.MAIN cat=[android.intent.category.LAUNCHER] flg=0x10008000 cmp=com.android.settings/.UsbSettings} from uid 1000 on display 0
I/ActivityManager(  591): START u0 {act=android.intent.action.MAIN cat=[android.intent.category.LAUNCHER] flg=0x10008000 cmp=com.android.settings/.DevelopmentSettings} from uid 1000 on display 0
I/ActivityManager(  591): START u0 {act=com.google.android.finsky.VIEW_MY_DOWNLOADS flg=0x10000000 cmp=com.android.vending/com.google.android.finsky.activities.MainActivity (has extras)} from uid 10018 on display 0
I/ActivityManager(  591): START u0 {act=android.intent.action.MAIN cat=[android.intent.category.LAUNCHER] flg=0x10008000 cmp=com.android.settings/.DevelopmentSettings} from uid 1000 on display 0
I/ActivityManager(  591): START u0 {act=android.intent.action.MAIN cat=[android.intent.category.LAUNCHER] flg=0x10008000 cmp=com.android.settings/.UsbSettings} from uid 1000 on display 0
W/InputMethodManagerService(  591): Window already focused, ignoring focus gain of: com.android.internal.view.IInputMethodClient$Stub$Proxy@356fb712 attribute=null, token = android.os.BinderProxy@245d4875
D/PackageManager(  591): /data/app/vmdl1919780651.tmp already staged; skipping copy
W/PackageParser(  591): Unknown element under <manifest>: uses-permission-sdk-23 at /data/app/vmdl1919780651.tmp/base.apk Binary XML file line #249
W/ProcessCpuTracker(  591): Skipping unknown process pid 16536
W/ProcessCpuTracker(  591): Skipping unknown process pid 16539
W/BroadcastQueue(  591): Skipping deliver [background] BroadcastRecord{37002672 u-1 android.net.conn.CONNECTIVITY_CHANGE} to ReceiverList{24f34ac3 16532 (unknown name)/0/u-1 remote:31ca89d4}: process crashing
I/ActivityManager(  591): START u0 {act=android.intent.action.MAIN cat=[android.intent.category.LAUNCHER] flg=0x10200000 cmp=com.halfbrick.fruitninjafree/com.halfbrick.mortar.MortarGameLauncherActivity} from uid 0 on display 0
I/ActivityManager(  591): START u0 {act=android.intent.action.MAIN cat=[android.intent.category.LAUNCHER] flg=0x10200000 cmp=com.halfbrick.fruitninjafree/com.halfbrick.mortar.MortarGameLauncherActivity} from uid 0 on display 0
W/ViewRootImpl(15853): Dropping event due to no window focus: KeyEvent { action=ACTION_DOWN, keyCode=KEYCODE_DPAD_CENTER, scanCode=0, metaState=0, flags=0x8, repeatCount=0, eventTime=167403227, downTime=167403227, deviceId=-1, source=0x101 }
W/ViewRootImpl(15853): Cancelling event due to no window focus: KeyEvent { action=ACTION_UP, keyCode=KEYCODE_DPAD_CENTER, scanCode=0, metaState=0, flags=0x28, repeatCount=0, eventTime=167403245, downTime=167403245, deviceId=-1, source=0x101 }
W/ViewRootImpl(15853): Cancelling event due to no window focus: KeyEvent { action=ACTION_UP, keyCode=KEYCODE_DPAD_CENTER, scanCode=0, metaState=0, flags=0x28, repeatCount=0, eventTime=167403245, downTime=167403245, deviceId=-1, source=0x101 }
W/ViewRootImpl(15853): Cancelling event due to no window focus: KeyEvent { action=ACTION_UP, keyCode=KEYCODE_DPAD_CENTER, scanCode=0, metaState=0, flags=0x28, repeatCount=0, eventTime=167403245, downTime=167403245, deviceId=-1, source=0x101 }
D/PackageManager(  591): Renaming /data/app/vmdl1919780651.tmp to /data/app/com.google.android.talk-1
I/ActivityManager(  591): Force stopping com.google.android.talk appid=10029 user=-1: replace sys pkg
W/PackageManager(  591): Trying to update system app code path from /data/app/com.google.android.talk-2 to /data/app/com.google.android.talk-1
W/InputMethodManagerService(  591): Window already focused, ignoring focus gain of: com.android.internal.view.IInputMethodClient$Stub$Proxy@38e1004 attribute=null, token = android.os.BinderProxy@245d4875
W/ViewRootImpl(  729): Dropping event due to no window focus: KeyEvent { action=ACTION_DOWN, keyCode=KEYCODE_DPAD_CENTER, scanCode=0, metaState=0, flags=0x8, repeatCount=0, eventTime=167404378, downTime=167404378, deviceId=-1, source=0x101 }
W/ViewRootImpl(  729): Cancelling event due to no window focus: KeyEvent { action=ACTION_UP, keyCode=KEYCODE_DPAD_CENTER, scanCode=0, metaState=0, flags=0x28, repeatCount=0, eventTime=167404460, downTime=167404460, deviceId=-1, source=0x101 }
W/ViewRootImpl(  729): Cancelling event due to no window focus: KeyEvent { action=ACTION_UP, keyCode=KEYCODE_DPAD_CENTER, scanCode=0, metaState=0, flags=0x28, repeatCount=0, eventTime=167404460, downTime=167404460, deviceId=-1, source=0x101 }
W/ViewRootImpl(  729): Cancelling event due to no window focus: KeyEvent { action=ACTION_UP, keyCode=KEYCODE_DPAD_CENTER, scanCode=0, metaState=0, flags=0x28, repeatCount=0, eventTime=167404460, downTime=167404460, deviceId=-1, source=0x101 }
W/ViewRootImpl(  729): Cancelling event due to no window focus: KeyEvent { action=ACTION_UP, keyCode=KEYCODE_DPAD_CENTER, scanCode=0, metaState=0, flags=0x28, repeatCount=0, eventTime=167404460, downTime=167404460, deviceId=-1, source=0x101 }
W/ViewRootImpl(  729): Cancelling event due to no window focus: KeyEvent { action=ACTION_UP, keyCode=KEYCODE_DPAD_CENTER, scanCode=0, metaState=0, flags=0x28, repeatCount=0, eventTime=167404460, downTime=167404460, deviceId=-1, source=0x101 }
W/ViewRootImpl(  729): Cancelling event due to no window focus: KeyEvent { action=ACTION_UP, keyCode=KEYCODE_DPAD_CENTER, scanCode=0, metaState=0, flags=0x28, repeatCount=0, eventTime=167404460, downTime=167404460, deviceId=-1, source=0x101 }
W/ViewRootImpl(  729): Cancelling event due to no window focus: KeyEvent { action=ACTION_UP, keyCode=KEYCODE_DPAD_CENTER, scanCode=0, metaState=0, flags=0x28, repeatCount=0, eventTime=167404460, downTime=167404460, deviceId=-1, source=0x101 }
W/ViewRootImpl(  729): Cancelling event due to no window focus: KeyEvent { action=ACTION_UP, keyCode=KEYCODE_DPAD_CENTER, scanCode=0, metaState=0, flags=0x28, repeatCount=0, eventTime=167404460, downTime=167404460, deviceId=-1, source=0x101 }
W/ViewRootImpl(  729): Cancelling event due to no window focus: KeyEvent { action=ACTION_UP, keyCode=KEYCODE_DPAD_CENTER, scanCode=0, metaState=0, flags=0x28, repeatCount=0, eventTime=167404460, downTime=167404460, deviceId=-1, source=0x101 }
W/ViewRootImpl(  729): Dropping event due to no window focus: KeyEvent { action=ACTION_DOWN, keyCode=KEYCODE_DPAD_CENTER, scanCode=0, metaState=0, flags=0x8, repeatCount=0, eventTime=167404485, downTime=167404485, deviceId=-1, source=0x101 }
W/ViewRootImpl(  729): Cancelling event due to no window focus: KeyEvent { action=ACTION_UP, keyCode=KEYCODE_DPAD_CENTER, scanCode=0, metaState=0, flags=0x28, repeatCount=0, eventTime=167404526, downTime=167404526, deviceId=-1, source=0x101 }
W/ViewRootImpl(  729): Cancelling event due to no window focus: KeyEvent { action=ACTION_UP, keyCode=KEYCODE_DPAD_CENTER, scanCode=0, metaState=0, flags=0x28, repeatCount=0, eventTime=167404526, downTime=167404526, deviceId=-1, source=0x101 }
W/ViewRootImpl(  729): Cancelling event due to no window focus: KeyEvent { action=ACTION_UP, keyCode=KEYCODE_DPAD_CENTER, scanCode=0, metaState=0, flags=0x28, repeatCount=0, eventTime=167404526, downTime=167404526, deviceId=-1, source=0x101 }
W/ViewRootImpl(  729): Cancelling event due to no window focus: KeyEvent { action=ACTION_UP, keyCode=KEYCODE_DPAD_CENTER, scanCode=0, metaState=0, flags=0x28, repeatCount=0, eventTime=167404526, downTime=167404526, deviceId=-1, source=0x101 }
W/ViewRootImpl(  729): Cancelling event due to no window focus: KeyEvent { action=ACTION_UP, keyCode=KEYCODE_DPAD_CENTER, scanCode=0, metaState=0, flags=0x28, repeatCount=0, eventTime=167404526, downTime=167404526, deviceId=-1, source=0x101 }
W/ViewRootImpl(  729): Cancelling event due to no window focus: KeyEvent { action=ACTION_UP, keyCode=KEYCODE_DPAD_CENTER, scanCode=0, metaState=0, flags=0x28, repeatCount=0, eventTime=167404526, downTime=167404526, deviceId=-1, source=0x101 }
W/ViewRootImpl(  729): Cancelling event due to no window focus: KeyEvent { action=ACTION_UP, keyCode=KEYCODE_DPAD_CENTER, scanCode=0, metaState=0, flags=0x28, repeatCount=0, eventTime=167404526, downTime=167404526, deviceId=-1, source=0x101 }
W/ViewRootImpl(  729): Cancelling event due to no window focus: KeyEvent { action=ACTION_UP, keyCode=KEYCODE_DPAD_CENTER, scanCode=0, metaState=0, flags=0x28, repeatCount=0, eventTime=167404526, downTime=167404526, deviceId=-1, source=0x101 }
W/ViewRootImpl(  729): Cancelling event due to no window focus: KeyEvent { action=ACTION_UP, keyCode=KEYCODE_DPAD_CENTER, scanCode=0, metaState=0, flags=0x28, repeatCount=0, eventTime=167404526, downTime=167404526, deviceId=-1, source=0x101 }
W/InputMethodManagerService(  591): Window already focused, ignoring focus gain of: com.android.internal.view.IInputMethodClient$Stub$Proxy@34c48da0 attribute=null, token = android.os.BinderProxy@245d4875
W/InputMethodManagerService(  591): Window already focused, ignoring focus gain of: com.android.internal.view.IInputMethodClient$Stub$Proxy@2b74e3cc attribute=null, token = android.os.BinderProxy@245d4875
W/InputManager(  591): Input event injection from pid 16532 failed.
W/InputManager(  591): Input event injection from pid 16532 failed.
W/InputManager(  591): Input event injection from pid 16532 failed.
W/InputManager(  591): Input event injection from pid 16532 failed.
W/InputManager(  591): Input event injection from pid 16532 failed.
W/InputManager(  591): Input event injection from pid 16532 failed.
W/InputManager(  591): Input event injection from pid 16532 failed.
W/InputManager(  591): Input event injection from pid 16532 failed.
I/ActivityManager(  591): START u0 {act=android.intent.action.MAIN cat=[android.intent.category.LAUNCHER] flg=0x10200000 cmp=com.halfbrick.fruitninjafree/com.halfbrick.mortar.MortarGameLauncherActivity} from uid 0 on display 0
W/BroadcastQueue(  591): Skipping deliver [background] BroadcastRecord{26db32cd u-1 android.net.conn.CONNECTIVITY_CHANGE} to ReceiverList{2c5d4782 16610 (unknown name)/0/u-1 remote:2b0cf9f7}: process crashing
I/ActivityManager(  591): START u0 {act=android.intent.action.MAIN cat=[android.intent.category.LAUNCHER] flg=0x10200000 cmp=com.halfbrick.fruitninjafree/com.halfbrick.mortar.MortarGameLauncherActivity} from uid 0 on display 0
W/ViewRootImpl(  729): Dropping event due to no window focus: KeyEvent { action=ACTION_DOWN, keyCode=KEYCODE_BUTTON_7, scanCode=0, metaState=0, flags=0x8, repeatCount=0, eventTime=167411208, downTime=167411208, deviceId=-1, source=0x101 }
W/ViewRootImpl(  729): Dropping event due to no window focus: KeyEvent { action=ACTION_DOWN, keyCode=KEYCODE_DPAD_CENTER, scanCode=0, metaState=0, flags=0x8, repeatCount=0, eventTime=167411208, downTime=167411208, deviceId=-1, source=0x101 }
W/ViewRootImpl(  729): Cancelling event due to no window focus: KeyEvent { action=ACTION_UP, keyCode=KEYCODE_BUTTON_7, scanCode=0, metaState=0, flags=0x28, repeatCount=0, eventTime=167411228, downTime=167411228, deviceId=-1, source=0x101 }
W/ViewRootImpl(  729): Cancelling event due to no window focus: KeyEvent { action=ACTION_UP, keyCode=KEYCODE_BUTTON_7, scanCode=0, metaState=0, flags=0x28, repeatCount=0, eventTime=167411228, downTime=167411228, deviceId=-1, source=0x101 }
W/ViewRootImpl(  729): Cancelling event due to no window focus: KeyEvent { action=ACTION_UP, keyCode=KEYCODE_BUTTON_7, scanCode=0, metaState=0, flags=0x28, repeatCount=0, eventTime=167411228, downTime=167411228, deviceId=-1, source=0x101 }
W/ViewRootImpl(  729): Cancelling event due to no window focus: KeyEvent { action=ACTION_UP, keyCode=KEYCODE_BUTTON_7, scanCode=0, metaState=0, flags=0x28, repeatCount=0, eventTime=167411228, downTime=167411228, deviceId=-1, source=0x101 }
W/ViewRootImpl(  729): Cancelling event due to no window focus: KeyEvent { action=ACTION_UP, keyCode=KEYCODE_BUTTON_7, scanCode=0, metaState=0, flags=0x28, repeatCount=0, eventTime=167411228, downTime=167411228, deviceId=-1, source=0x101 }
W/ViewRootImpl(  729): Cancelling event due to no window focus: KeyEvent { action=ACTION_UP, keyCode=KEYCODE_BUTTON_7, scanCode=0, metaState=0, flags=0x28, repeatCount=0, eventTime=167411228, downTime=167411228, deviceId=-1, source=0x101 }
W/ViewRootImpl(  729): Cancelling event due to no window focus: KeyEvent { action=ACTION_UP, keyCode=KEYCODE_BUTTON_7, scanCode=0, metaState=0, flags=0x28, repeatCount=0, eventTime=167411228, downTime=167411228, deviceId=-1, source=0x101 }
W/ViewRootImpl(  729): Cancelling event due to no window focus: KeyEvent { action=ACTION_UP, keyCode=KEYCODE_BUTTON_7, scanCode=0, metaState=0, flags=0x28, repeatCount=0, eventTime=167411228, downTime=167411228, deviceId=-1, source=0x101 }
W/ViewRootImpl(  729): Cancelling event due to no window focus: KeyEvent { action=ACTION_UP, keyCode=KEYCODE_BUTTON_7, scanCode=0, metaState=0, flags=0x28, repeatCount=0, eventTime=167411228, downTime=167411228, deviceId=-1, source=0x101 }
W/ViewRootImpl(  729): Cancelling event due to no window focus: KeyEvent { action=ACTION_UP, keyCode=KEYCODE_DPAD_CENTER, scanCode=0, metaState=0, flags=0x28, repeatCount=0, eventTime=167411228, downTime=167411228, deviceId=-1, source=0x101 }
W/ViewRootImpl(  729): Cancelling event due to no window focus: KeyEvent { action=ACTION_UP, keyCode=KEYCODE_DPAD_CENTER, scanCode=0, metaState=0, flags=0x28, repeatCount=0, eventTime=167411228, downTime=167411228, deviceId=-1, source=0x101 }
W/ViewRootImpl(  729): Cancelling event due to no window focus: KeyEvent { action=ACTION_UP, keyCode=KEYCODE_DPAD_CENTER, scanCode=0, metaState=0, flags=0x28, repeatCount=0, eventTime=167411228, downTime=167411228, deviceId=-1, source=0x101 }
W/ViewRootImpl(  729): Cancelling event due to no window focus: KeyEvent { action=ACTION_UP, keyCode=KEYCODE_DPAD_CENTER, scanCode=0, metaState=0, flags=0x28, repeatCount=0, eventTime=167411228, downTime=167411228, deviceId=-1, source=0x101 }
W/ViewRootImpl(  729): Cancelling event due to no window focus: KeyEvent { action=ACTION_UP, keyCode=KEYCODE_DPAD_CENTER, scanCode=0, metaState=0, flags=0x28, repeatCount=0, eventTime=167411228, downTime=167411228, deviceId=-1, source=0x101 }
W/ViewRootImpl(  729): Cancelling event due to no window focus: KeyEvent { action=ACTION_UP, keyCode=KEYCODE_DPAD_CENTER, scanCode=0, metaState=0, flags=0x28, repeatCount=0, eventTime=167411228, downTime=167411228, deviceId=-1, source=0x101 }
W/ViewRootImpl(  729): Cancelling event due to no window focus: KeyEvent { action=ACTION_UP, keyCode=KEYCODE_DPAD_CENTER, scanCode=0, metaState=0, flags=0x28, repeatCount=0, eventTime=167411228, downTime=167411228, deviceId=-1, source=0x101 }
W/ViewRootImpl(  729): Cancelling event due to no window focus: KeyEvent { action=ACTION_UP, keyCode=KEYCODE_DPAD_CENTER, scanCode=0, metaState=0, flags=0x28, repeatCount=0, eventTime=167411228, downTime=167411228, deviceId=-1, source=0x101 }
W/ViewRootImpl(  729): Cancelling event due to no window focus: KeyEvent { action=ACTION_UP, keyCode=KEYCODE_DPAD_CENTER, scanCode=0, metaState=0, flags=0x28, repeatCount=0, eventTime=167411228, downTime=167411228, deviceId=-1, source=0x101 }
I/ActivityManager(  591): START u0 {act=android.intent.action.MAIN cat=[android.intent.category.LAUNCHER] flg=0x10008000 cmp=com.android.settings/.DevelopmentSettings} from uid 1000 on display 0
I/ActivityManager(  591): START u0 {act=android.intent.action.MAIN cat=[android.intent.category.LAUNCHER] flg=0x10008000 cmp=com.android.settings/.UsbSettings} from uid 1000 on display 0
I/ActivityManager(  591): START u0 {act=android.intent.action.MAIN cat=[android.intent.category.LAUNCHER] flg=0x10008000 cmp=com.android.settings/.DevelopmentSettings} from uid 1000 on display 0
I/ActivityManager(  591): START u0 {act=android.intent.action.POWER_USAGE_SUMMARY flg=0x14000000 cmp=com.android.settings/.Settings$PowerUsageSummaryActivity} from uid 10022 on display 0
I/ActivityManager(  591): START u0 {act=android.intent.action.POWER_USAGE_SUMMARY flg=0x14000000 cmp=com.android.settings/.Settings$PowerUsageSummaryActivity} from uid 10022 on display 0
W/ViewRootImpl(15853): Dropping event due to no window focus: MotionEvent { action=ACTION_MOVE, id[0]=0, x[0]=4.0, y[0]=0.0, toolType[0]=TOOL_TYPE_UNKNOWN, buttonState=0, metaState=0, flags=0x0, edgeFlags=0x0, pointerCount=1, historySize=9, eventTime=167411510, downTime=-1, deviceId=0, source=0x10004 }
W/ViewRootImpl(15853): Dropping event due to no window focus: KeyEvent { action=ACTION_DOWN, keyCode=KEYCODE_DPAD_UP, scanCode=0, metaState=0, flags=0x8, repeatCount=0, eventTime=167411588, downTime=167411588, deviceId=-1, source=0x101 }
W/ViewRootImpl(15853): Cancelling event due to no window focus: KeyEvent { action=ACTION_UP, keyCode=KEYCODE_DPAD_UP, scanCode=0, metaState=0, flags=0x28, repeatCount=0, eventTime=167411742, downTime=167411742, deviceId=-1, source=0x101 }
W/ViewRootImpl(15853): Cancelling event due to no window focus: KeyEvent { action=ACTION_UP, keyCode=KEYCODE_DPAD_UP, scanCode=0, metaState=0, flags=0x28, repeatCount=0, eventTime=167411742, downTime=167411742, deviceId=-1, source=0x101 }
W/ViewRootImpl(15853): Cancelling event due to no window focus: KeyEvent { action=ACTION_UP, keyCode=KEYCODE_DPAD_UP, scanCode=0, metaState=0, flags=0x28, repeatCount=0, eventTime=167411742, downTime=167411742, deviceId=-1, source=0x101 }
W/ViewRootImpl(15853): Cancelling event due to no window focus: KeyEvent { action=ACTION_UP, keyCode=KEYCODE_DPAD_UP, scanCode=0, metaState=0, flags=0x28, repeatCount=0, eventTime=167411742, downTime=167411742, deviceId=-1, source=0x101 }
W/ViewRootImpl(15853): Cancelling event due to no window focus: KeyEvent { action=ACTION_UP, keyCode=KEYCODE_DPAD_UP, scanCode=0, metaState=0, flags=0x28, repeatCount=0, eventTime=167411742, downTime=167411742, deviceId=-1, source=0x101 }
W/ViewRootImpl(15853): Cancelling event due to no window focus: KeyEvent { action=ACTION_UP, keyCode=KEYCODE_DPAD_UP, scanCode=0, metaState=0, flags=0x28, repeatCount=0, eventTime=167411742, downTime=167411742, deviceId=-1, source=0x101 }
W/ViewRootImpl(15853): Dropping event due to no window focus: KeyEvent { action=ACTION_DOWN, keyCode=KEYCODE_TV_MEDIA_CONTEXT_MENU, scanCode=0, metaState=0, flags=0x8, repeatCount=0, eventTime=167411747, downTime=167411747, deviceId=-1, source=0x101 }
W/ViewRootImpl(15853): Cancelling event due to no window focus: KeyEvent { action=ACTION_UP, keyCode=KEYCODE_TV_MEDIA_CONTEXT_MENU, scanCode=0, metaState=0, flags=0x28, repeatCount=0, eventTime=167411751, downTime=167411751, deviceId=-1, source=0x101 }
W/ViewRootImpl(15853): Cancelling event due to no window focus: KeyEvent { action=ACTION_UP, keyCode=KEYCODE_TV_MEDIA_CONTEXT_MENU, scanCode=0, metaState=0, flags=0x28, repeatCount=0, eventTime=167411751, downTime=167411751, deviceId=-1, source=0x101 }
W/ViewRootImpl(15853): Cancelling event due to no window focus: KeyEvent { action=ACTION_UP, keyCode=KEYCODE_TV_MEDIA_CONTEXT_MENU, scanCode=0, metaState=0, flags=0x28, repeatCount=0, eventTime=167411751, downTime=167411751, deviceId=-1, source=0x101 }
W/ViewRootImpl(15853): Cancelling event due to no window focus: KeyEvent { action=ACTION_UP, keyCode=KEYCODE_TV_MEDIA_CONTEXT_MENU, scanCode=0, metaState=0, flags=0x28, repeatCount=0, eventTime=167411751, downTime=167411751, deviceId=-1, source=0x101 }
W/ViewRootImpl(15853): Cancelling event due to no window focus: KeyEvent { action=ACTION_UP, keyCode=KEYCODE_TV_MEDIA_CONTEXT_MENU, scanCode=0, metaState=0, flags=0x28, repeatCount=0, eventTime=167411751, downTime=167411751, deviceId=-1, source=0x101 }
W/ViewRootImpl(15853): Cancelling event due to no window focus: KeyEvent { action=ACTION_UP, keyCode=KEYCODE_TV_MEDIA_CONTEXT_MENU, scanCode=0, metaState=0, flags=0x28, repeatCount=0, eventTime=167411751, downTime=167411751, deviceId=-1, source=0x101 }
W/InputMethodManagerService(  591): Window already focused, ignoring focus gain of: com.android.internal.view.IInputMethodClient$Stub$Proxy@181c59ce attribute=null, token = android.os.BinderProxy@245d4875
W/ViewRootImpl(15853): Dropping event due to no window focus: MotionEvent { action=ACTION_MOVE, id[0]=0, x[0]=1.0, y[0]=-3.0, toolType[0]=TOOL_TYPE_UNKNOWN, buttonState=0, metaState=0, flags=0x0, edgeFlags=0x0, pointerCount=1, historySize=4, eventTime=167413035, downTime=-1, deviceId=0, source=0x10004 }
W/ViewRootImpl(15853): Dropping event due to no window focus: KeyEvent { action=ACTION_DOWN, keyCode=KEYCODE_DPAD_DOWN, scanCode=0, metaState=0, flags=0x400, repeatCount=0, eventTime=167413043, downTime=167413043, deviceId=-1, source=0x101 }
W/ViewRootImpl(15853): Cancelling event due to no window focus: KeyEvent { action=ACTION_UP, keyCode=KEYCODE_DPAD_DOWN, scanCode=0, metaState=0, flags=0x420, repeatCount=0, eventTime=167413043, downTime=167413043, deviceId=-1, source=0x101 }
W/ViewRootImpl(15853): Cancelling event due to no window focus: KeyEvent { action=ACTION_UP, keyCode=KEYCODE_DPAD_DOWN, scanCode=0, metaState=0, flags=0x420, repeatCount=0, eventTime=167413043, downTime=167413043, deviceId=-1, source=0x101 }
W/ViewRootImpl(15853): Cancelling event due to no window focus: KeyEvent { action=ACTION_UP, keyCode=KEYCODE_DPAD_DOWN, scanCode=0, metaState=0, flags=0x420, repeatCount=0, eventTime=167413043, downTime=167413043, deviceId=-1, source=0x101 }
W/ViewRootImpl(15853): Dropping event due to no window focus: KeyEvent { action=ACTION_DOWN, keyCode=KEYCODE_DPAD_DOWN, scanCode=0, metaState=0, flags=0x400, repeatCount=0, eventTime=167413044, downTime=167413044, deviceId=-1, source=0x101 }
W/ViewRootImpl(15853): Cancelling event due to no window focus: KeyEvent { action=ACTION_UP, keyCode=KEYCODE_DPAD_DOWN, scanCode=0, metaState=0, flags=0x420, repeatCount=0, eventTime=167413044, downTime=167413044, deviceId=-1, source=0x101 }
W/ViewRootImpl(15853): Cancelling event due to no window focus: KeyEvent { action=ACTION_UP, keyCode=KEYCODE_DPAD_DOWN, scanCode=0, metaState=0, flags=0x420, repeatCount=0, eventTime=167413044, downTime=167413044, deviceId=-1, source=0x101 }
W/ViewRootImpl(15853): Cancelling event due to no window focus: KeyEvent { action=ACTION_UP, keyCode=KEYCODE_DPAD_DOWN, scanCode=0, metaState=0, flags=0x420, repeatCount=0, eventTime=167413044, downTime=167413044, deviceId=-1, source=0x101 }
W/ViewRootImpl(15853): Dropping event due to no window focus: KeyEvent { action=ACTION_DOWN, keyCode=KEYCODE_DPAD_DOWN, scanCode=0, metaState=0, flags=0x400, repeatCount=0, eventTime=167413044, downTime=167413044, deviceId=-1, source=0x101 }
W/ViewRootImpl(15853): Cancelling event due to no window focus: KeyEvent { action=ACTION_UP, keyCode=KEYCODE_DPAD_DOWN, scanCode=0, metaState=0, flags=0x420, repeatCount=0, eventTime=167413044, downTime=167413044, deviceId=-1, source=0x101 }
W/ViewRootImpl(15853): Cancelling event due to no window focus: KeyEvent { action=ACTION_UP, keyCode=KEYCODE_DPAD_DOWN, scanCode=0, metaState=0, flags=0x420, repeatCount=0, eventTime=167413044, downTime=167413044, deviceId=-1, source=0x101 }
W/ViewRootImpl(15853): Cancelling event due to no window focus: KeyEvent { action=ACTION_UP, keyCode=KEYCODE_DPAD_DOWN, scanCode=0, metaState=0, flags=0x420, repeatCount=0, eventTime=167413044, downTime=167413044, deviceId=-1, source=0x101 }
W/ViewRootImpl(  729): Dropping event due to no window focus: KeyEvent { action=ACTION_DOWN, keyCode=KEYCODE_MENU, scanCode=0, metaState=0, flags=0x8, repeatCount=0, eventTime=167413091, downTime=167413091, deviceId=-1, source=0x101 }
I/ActivityManager(  591): START u0 {act=android.intent.action.MAIN cat=[android.intent.category.LAUNCHER] flg=0x10200000 cmp=com.halfbrick.fruitninjafree/com.halfbrick.mortar.MortarGameLauncherActivity} from uid 0 on display 0
W/InputMethodManagerService(  591): Window already focused, ignoring focus gain of: com.android.internal.view.IInputMethodClient$Stub$Proxy@d38d27e attribute=null, token = android.os.BinderProxy@245d4875
W/InputMethodManagerService(  591): Window already focused, ignoring focus gain of: com.android.internal.view.IInputMethodClient$Stub$Proxy@3a8b988a attribute=null, token = android.os.BinderProxy@245d4875
W/BroadcastQueue(  591): Skipping deliver [background] BroadcastRecord{b1e5971 u-1 android.net.conn.CONNECTIVITY_CHANGE} to ReceiverList{1992b356 16689 (unknown name)/0/u-1 remote:3aa62efb}: process crashing
I/ActivityManager(  591): START u0 {act=android.intent.action.MAIN cat=[android.intent.category.LAUNCHER] flg=0x10200000 cmp=com.halfbrick.fruitninjafree/com.halfbrick.mortar.MortarGameLauncherActivity} from uid 0 on display 0
W/BackupManagerService(  591): dataChanged but no participant pkg='com.android.providers.settings' uid=10022
I/ActivityManager(  591): START u0 {act=android.intent.action.POWER_USAGE_SUMMARY flg=0x14000000 cmp=com.android.settings/.Settings$PowerUsageSummaryActivity} from uid 10022 on display 0
I/ActivityManager(  591): START u0 {act=android.intent.action.MAIN cat=[android.intent.category.LAUNCHER] flg=0x10008000 cmp=com.android.settings/.DevelopmentSettings} from uid 1000 on display 0
I/ActivityManager(  591): Start proc 16709:com.android.bluetooth/1002 for service com.android.bluetooth/.btservice.AdapterService
W/ResourcesManager(16709): Asset path '/system/framework/javax.obex.jar' does not exist or contains no resources.
W/BackupManagerService(  591): dataChanged but no participant pkg='com.android.providers.settings' uid=10022
I/ActivityManager(  591): Start proc 16734:com.android.settings/1000 for broadcast com.android.settings/.bluetooth.DockEventReceiver
W/BackupManagerService(  591): dataChanged but no participant pkg='com.android.providers.settings' uid=10022
D/WifiService(  591): New client listening to asynchronous messages
I/ActivityManager(  591): START u0 {act=android.intent.action.MAIN cat=[android.intent.category.LAUNCHER] flg=0x10008000 cmp=com.android.settings/.DevelopmentSettings} from uid 1000 on display 0
I/ActivityManager(  591): START u0 {flg=0x10000000 cmp=com.google.android.gms/com.google.android.location.network.ConfirmAlertActivity (has extras)} from uid 10008 on display 0
W/InputManager(  591): Input event injection from pid 16689 failed.
W/InputManager(  591): Input event injection from pid 16689 failed.
I/ActivityManager(  591): Start proc 16803:com.weather.Weather/u0a236 for broadcast com.weather.Weather/com.weather.dal2.system.UniversalBroadcastReceiver
D/ConnectivityService(  591): NetworkAgentInfo [WIFI () - 101] EVENT_NETWORK_INFO_CHANGED, going from CONNECTED to DISCONNECTED
D/ConnectivityService(  591): NetworkAgentInfo [WIFI () - 101] got DISCONNECTED, was satisfying 11
W/InputManager(  591): Input event injection from pid 16689 failed.
W/InputManager(  591): Input event injection from pid 16689 failed.
W/BackupManagerService(  591): dataChanged but no participant pkg='com.android.providers.settings' uid=10022
D/ConnectivityService(  591): notifyType LOST for NetworkAgentInfo [WIFI () - 101]
W/AlarmManager(  591): Suspiciously short interval 46881 millis; expanding to 60 seconds
D/CSLegacyTypeTracker(  591): Sending disconnected broadcast for type 1 NetworkAgentInfo [WIFI () - 101] isDefaultNetwork=true
D/ConnectivityService(  591): sendStickyBroadcast: action=android.net.conn.CONNECTIVITY_CHANGE_IMMEDIATE
D/ConnectivityService(  591): sendStickyBroadcast: action=android.net.conn.CONNECTIVITY_CHANGE
D/ConnectivityService(  591): sendStickyBroadcast: action=android.net.conn.CONNECTIVITY_CHANGE_IMMEDIATE
W/BroadcastQueue(  591): Skipping deliver [background] BroadcastRecord{5439766 u-1 android.net.conn.CONNECTIVITY_CHANGE} to ReceiverList{1992b356 16689 (unknown name)/0/u-1 remote:3aa62efb}: process crashing
D/ConnectivityService(  591): sendStickyBroadcast: action=android.net.conn.CONNECTIVITY_CHANGE
D/ConnectivityService(  591): Checking for replacement network to handle request NetworkRequest [ id=1, legacyType=-1, [ Capabilities: INTERNET&NOT_RESTRICTED&TRUSTED&NOT_VPN] ]
E/ConnectivityService(  591): EVENT_NETWORK_INFO_CHANGED from unknown NetworkAgent
W/BroadcastQueue(  591): Skipping deliver [background] BroadcastRecord{14ccbaa7 u-1 android.net.conn.CONNECTIVITY_CHANGE} to ReceiverList{1992b356 16689 (unknown name)/0/u-1 remote:3aa62efb}: process crashing
W/ResourcesManager(16803): Asset path '/system/framework/com.google.android.maps.jar' does not exist or contains no resources.
W/AlarmManager(  591): Suspiciously short interval 10000 millis; expanding to 60 seconds
W/AlarmManager(  591): Suspiciously short interval 10000 millis; expanding to 60 seconds
W/ActivityManager(  591): getRunningAppProcesses: caller 10236 does not hold REAL_GET_TASKS; limiting output
I/ActivityManager(  591): Process com.android.bluetooth (pid 16709) has died
--------- beginning of main
I/org.umd.logging(16803): Method < 1 com.wsi.android.weather.utils.settings.AppConfigParser$13.start()
I/org.umd.logging(16803): Method > 1 com.wsi.android.weather.utils.settings.AppConfigParser$14.start(com.wsi.android.weather.utils.settings.AppConfigParser$14@813876420, org.apache.harmony.xml.ExpatParser$CurrentAttributes@493066386)
I/org.umd.logging(16803): Method < 1 com.wsi.android.weather.utils.settings.AppConfigParser$14.start()
I/org.umd.logging(16803): Method > 1 com.wsi.android.weather.utils.settings.AppConfigParser$14.start(com.wsi.android.weather.utils.settings.AppConfigParser$14@813876420, org.apache.harmony.xml.ExpatParser$CurrentAttributes@493066386)
I/org.umd.logging(16803): Method < 1 com.wsi.android.weather.utils.settings.AppConfigParser$14.start()
I/org.umd.logging(16803): Method > 1 com.wsi.android.weather.utils.settings.AppConfigParser$14.start(com.wsi.android.weather.utils.settings.AppConfigParser$14@813876420, org.apache.harmony.xml.ExpatParser$CurrentAttributes@493066386)
I/org.umd.logging(16803): Method < 1 com.wsi.android.weather.utils.settings.AppConfigParser$14.start()
I/org.umd.logging(16803): Method > 1 com.wsi.android.weather.utils.settings.AppConfigParser$14.start(com.wsi.android.weather.utils.settings.AppConfigParser$14@813876420, org.apache.harmony.xml.ExpatParser$CurrentAttributes@493066386)
I/org.umd.logging(16803): Method < 1 com.wsi.android.weather.utils.settings.AppConfigParser$14.start()
I/org.umd.logging(16803): Method > 1 com.wsi.android.weather.utils.settings.AppConfigParser$14.start(com.wsi.android.weather.utils.settings.AppConfigParser$14@813876420, org.apache.harmony.xml.ExpatParser$CurrentAttributes@493066386)
I/org.umd.logging(16803): Method < 1 com.wsi.android.weather.utils.settings.AppConfigParser$14.start()
I/org.umd.logging(16803): Method > 1 com.wsi.android.weather.utils.settings.AppConfigParser$14.start(com.wsi.android.weather.utils.settings.AppConfigParser$14@813876420, org.apache.harmony.xml.ExpatParser$CurrentAttributes@493066386)
I/org.umd.logging(16803): Method < 1 com.wsi.android.weather.utils.settings.AppConfigParser$14.start()
I/org.umd.logging(16803): Method > 1 com.wsi.android.weather.utils.settings.AppConfigParser$14.start(com.wsi.android.weather.utils.settings.AppConfigParser$14@813876420, org.apache.harmony.xml.ExpatParser$CurrentAttributes@493066386)
I/org.umd.logging(16803): Method < 1 com.wsi.android.weather.utils.settings.AppConfigParser$14.start()
I/org.umd.logging(16803): Method > 1 com.wsi.android.weather.utils.settings.AppConfigParser$14.start(com.wsi.android.weather.utils.settings.AppConfigParser$14@813876420, org.apache.harmony.xml.ExpatParser$CurrentAttributes@493066386)
I/org.umd.logging(16803): Method < 1 com.wsi.android.weather.utils.settings.AppConfigParser$14.start()
I/org.umd.logging(16803): Method > 1 com.wsi.android.weather.utils.settings.AppConfigParser$14.start(com.wsi.android.weather.utils.settings.AppConfigParser$14@813876420, org.apache.harmony.xml.ExpatParser$CurrentAttributes@493066386)
I/org.umd.logging(16803): Method < 1 com.wsi.android.weather.utils.settings.AppConfigParser$14.start()
I/org.umd.logging(16803): Method > 1 com.wsi.android.weather.utils.settings.AppConfigParser$14.start(com.wsi.android.weather.utils.settings.AppConfigParser$14@813876420, org.apache.harmony.xml.ExpatParser$CurrentAttributes@493066386)
I/org.umd.logging(16803): Method < 1 com.wsi.android.weather.utils.settings.AppConfigParser$14.start()
I/org.umd.logging(16803): Method > 1 com.wsi.android.weather.utils.settings.AppConfigParser$14.start(com.wsi.android.weather.utils.settings.AppConfigParser$14@813876420, org.apache.harmony.xml.ExpatParser$CurrentAttributes@493066386)
I/org.umd.logging(16803): Method < 1 com.wsi.android.weather.utils.settings.AppConfigParser$14.start()
I/org.umd.logging(16803): Method > 1 com.wsi.android.weather.utils.settings.AppConfigParser$14.start(com.wsi.android.weather.utils.settings.AppConfigParser$14@813876420, org.apache.harmony.xml.ExpatParser$CurrentAttributes@493066386)
I/org.umd.logging(16803): Method < 1 com.wsi.android.weather.utils.settings.AppConfigParser$14.start()
I/org.umd.logging(16803): Method > 1 com.wsi.android.weather.utils.settings.AppConfigParser$14.start(com.wsi.android.weather.utils.settings.AppConfigParser$14@813876420, org.apache.harmony.xml.ExpatParser$CurrentAttributes@493066386)
I/org.umd.logging(16803): Method < 1 com.wsi.android.weather.utils.settings.AppConfigParser$14.start()
I/org.umd.logging(16803): Method > 1 com.wsi.android.weather.utils.settings.AppConfigParser$14.start(com.wsi.android.weather.utils.settings.AppConfigParser$14@813876420, org.apache.harmony.xml.ExpatParser$CurrentAttributes@493066386)
I/org.umd.logging(16803): Method < 1 com.wsi.android.weather.utils.settings.AppConfigParser$14.start()
I/org.umd.logging(16803): Method > 1 com.wsi.android.weather.utils.settings.AppConfigParser$14.start(com.wsi.android.weather.utils.settings.AppConfigParser$14@813876420, org.apache.harmony.xml.ExpatParser$CurrentAttributes@493066386)
I/org.umd.logging(16803): Method < 1 com.wsi.android.weather.utils.settings.AppConfigParser$14.start()
I/org.umd.logging(16803): Method > 1 com.wsi.android.weather.utils.settings.AppConfigParser$14.start(com.wsi.android.weather.utils.settings.AppConfigParser$14@813876420, org.apache.harmony.xml.ExpatParser$CurrentAttributes@493066386)
I/org.umd.logging(16803): Method < 1 com.wsi.android.weather.utils.settings.AppConfigParser$14.start()
I/org.umd.logging(16803): Method > 1 com.wsi.android.weather.utils.settings.AppConfigParser$14.start(com.wsi.android.weather.utils.settings.AppConfigParser$14@813876420, org.apache.harmony.xml.ExpatParser$CurrentAttributes@493066386)
I/org.umd.logging(16803): Method < 1 com.wsi.android.weather.utils.settings.AppConfigParser$14.start()
I/org.umd.logging(16803): Method > 1 com.wsi.android.weather.utils.settings.AppConfigParser$14.start(com.wsi.android.weather.utils.settings.AppConfigParser$14@813876420, org.apache.harmony.xml.ExpatParser$CurrentAttributes@493066386)
I/org.umd.logging(16803): Method < 1 com.wsi.android.weather.utils.settings.AppConfigParser$14.start()
I/org.umd.logging(16803): Method > 1 com.wsi.android.weather.utils.settings.AppConfigParser$14.start(com.wsi.android.weather.utils.settings.AppConfigParser$14@813876420, org.apache.harmony.xml.ExpatParser$CurrentAttributes@493066386)
I/org.umd.logging(16803): Method < 1 com.wsi.android.weather.utils.settings.AppConfigParser$14.start()
I/org.umd.logging(16803): Method > 1 com.wsi.android.weather.utils.settings.AppConfigParser$14.start(com.wsi.android.weather.utils.settings.AppConfigParser$14@813876420, org.apache.harmony.xml.ExpatParser$CurrentAttributes@493066386)
I/org.umd.logging(16803): Method < 1 com.wsi.android.weather.utils.settings.AppConfigParser$14.start()
I/org.umd.logging(16803): Method > 1 com.wsi.android.weather.utils.settings.AppConfigParser$14.start(com.wsi.android.weather.utils.settings.AppConfigParser$14@813876420, org.apache.harmony.xml.ExpatParser$CurrentAttributes@493066386)
I/org.umd.logging(16803): Method < 1 com.wsi.android.weather.utils.settings.AppConfigParser$14.start()
I/org.umd.logging(16803): Method > 1 com.wsi.android.weather.utils.settings.AppConfigParser$14.start(com.wsi.android.weather.utils.settings.AppConfigParser$14@813876420, org.apache.harmony.xml.ExpatParser$CurrentAttributes@493066386)
I/org.umd.logging(16803): Method < 1 com.wsi.android.weather.utils.settings.AppConfigParser$14.start()
I/org.umd.logging(16803): Method > 1 com.wsi.android.weather.utils.settings.AppConfigParser$14.start(com.wsi.android.weather.utils.settings.AppConfigParser$14@813876420, org.apache.harmony.xml.ExpatParser$CurrentAttributes@493066386)
I/org.umd.logging(16803): Method < 1 com.wsi.android.weather.utils.settings.AppConfigParser$14.start()
I/org.umd.logging(16803): Method > 1 com.wsi.android.weather.utils.settings.AppConfigParser$14.start(com.wsi.android.weather.utils.settings.AppConfigParser$14@813876420, org.apache.harmony.xml.ExpatParser$CurrentAttributes@493066386)
