I/org.umd.logging(16803): Api > 1 android.location.LocationManager.getProviders(android.location.LocationManager@608876963, true)
I/org.umd.logging(16803): Api < 1 android.location.LocationManager.getProviders(java.util.ArrayList@693389401)
I/org.umd.logging(16803): Method < 1 com.weather.dal2.lbs.LbsServiceController.onReceive()
I/org.umd.logging(16803): Api > 3228 java.net.HttpURLConnection.<init>(com.squareup.okhttp.internal.huc.HttpURLConnectionImpl@893734143, java.net.URL@49811234<URL=https://dsx.weather.com/cms/assets/topstories?api=c58dba3f-01b0-45a6-bd9b-3a113dec4508>)
I/org.umd.logging(16803): Api < 3228 java.net.HttpURLConnection.<init>(com.squareup.okhttp.internal.huc.HttpURLConnectionImpl@893734143)
I/org.umd.logging(16803): Api > 3228 javax.net.ssl.HttpsURLConnection.<init>(com.squareup.okhttp.internal.huc.HttpsURLConnectionImpl@351801621, java.net.URL@49811234<URL=https://dsx.weather.com/cms/assets/topstories?api=c58dba3f-01b0-45a6-bd9b-3a113dec4508>)
I/org.umd.logging(16803): Api < 3228 javax.net.ssl.HttpsURLConnection.<init>(com.squareup.okhttp.internal.huc.HttpsURLConnectionImpl@351801621)
I/org.umd.logging(16803): Api < 3228 java.lang.Object.create(com.squareup.okhttp.internal.huc.HttpsURLConnectionImpl@351801621)
I/org.umd.logging(16803): Method > 3228 com.squareup.okhttp.internal.huc.HttpURLConnectionImpl.execute(com.squareup.okhttp.internal.huc.HttpURLConnectionImpl@893734143, true)
W/dex2oat (16578): Compilation of void ixf.a() took 156.813ms
I/GCoreNlp( 1323): shouldConfirmNlp, NLP off. Ensuring opt-in disabled
E/NewsDownloadService(16803): com.weather.util.net.HttpRequest$HttpRequestException: java.net.UnknownHostException: Unable to resolve host "dsx.weather.com": No address associated with hostname
I/org.umd.logging(16803): Api > 3228 java.lang.Object.create(com.weather.util.net.OkConnectionFactory@701224173, java.net.URL@236051498<URL=https://dsx.weather.com/cms/assets/bigimpact?api=c58dba3f-01b0-45a6-bd9b-3a113dec4508>)
I/org.umd.logging(16803): Api > 3228 java.net.HttpURLConnection.<init>(com.squareup.okhttp.internal.huc.HttpURLConnectionImpl@556513819, java.net.URL@236051498<URL=https://dsx.weather.com/cms/assets/bigimpact?api=c58dba3f-01b0-45a6-bd9b-3a113dec4508>)
I/org.umd.logging(16803): Api < 3228 java.net.HttpURLConnection.<init>(com.squareup.okhttp.internal.huc.HttpURLConnectionImpl@556513819)
I/org.umd.logging(16803): Api > 3228 javax.net.ssl.HttpsURLConnection.<init>(com.squareup.okhttp.internal.huc.HttpsURLConnectionImpl@1043638200, java.net.URL@236051498<URL=https://dsx.weather.com/cms/assets/bigimpact?api=c58dba3f-01b0-45a6-bd9b-3a113dec4508>)
I/org.umd.logging(16803): Api < 3228 javax.net.ssl.HttpsURLConnection.<init>(com.squareup.okhttp.internal.huc.HttpsURLConnectionImpl@1043638200)
I/org.umd.logging(16803): Api < 3228 java.lang.Object.create(com.squareup.okhttp.internal.huc.HttpsURLConnectionImpl@1043638200)
I/org.umd.logging(16803): Method > 3228 com.squareup.okhttp.internal.huc.HttpURLConnectionImpl.execute(com.squareup.okhttp.internal.huc.HttpURLConnectionImpl@556513819, true)
I/GCoreUlr( 1323): Starting service, intent=Intent { act=com.google.android.location.reporting.ACTION_UPDATE_WORLD cmp=com.google.android.gms/com.google.android.location.reporting.service.DispatchingService (has extras) }, extras=Bundle[{receiverAction=android.location.PROVIDERS_CHANGED}]
E/NewsDownloadService(16803): com.weather.util.net.HttpRequest$HttpRequestException: java.net.UnknownHostException: Unable to resolve host "dsx.weather.com": No address associated with hostname
I/org.umd.logging(16803): Method > 1 com.weather.dal2.system.UniversalBroadcastReceiver.onReceive(com.weather.dal2.system.UniversalBroadcastReceiver@382308598, android.app.ReceiverRestrictedContext@495473717, android.content.Intent@843177207<action=android.location.PROVIDERS_CHANGED><data=null><package=null><component=com.weather.Weather/com.weather.dal2.system.UniversalBroadcastReceiver><type=null><filter_hashcode=-1550471478><umd_Intent_key=None>)
I/org.umd.logging(16803): Method > 3226 com.weather.dal2.system.TwcBus$1.run(com.weather.dal2.system.TwcBus$1@404509309)
I/org.umd.logging(16803): Method > 1 com.weather.dal2.lbs.LbsServiceController.onReceive(com.weather.dal2.lbs.LbsServiceController@303713741, android.app.ReceiverRestrictedContext@495473717, android.content.Intent@846579330<action=android.location.PROVIDERS_CHANGED><data=null><package=null><component=com.weather.Weather/com.weather.dal2.lbs.LbsServiceController><type=null><filter_hashcode=-696859725><umd_Intent_key=None>)
I/org.umd.logging(16803): Api > 1 android.location.LocationManager.getProviders(android.location.LocationManager@608876963, true)
I/org.umd.logging(16803): Api < 1 android.location.LocationManager.getProviders(java.util.ArrayList@690835859)
I/org.umd.logging(16803): Method < 1 com.weather.dal2.lbs.LbsServiceController.onReceive()
I/ActivityManager(  591): Killing 14841:com.google.android.play.games.ui/u0a71 (adj 15): empty #17
I/GCoreUlr( 1323): WorldUpdater received intent Intent { act=com.google.android.location.reporting.ACTION_UPDATE_WORLD cmp=com.google.android.gms/com.google.android.location.reporting.service.DispatchingService (has extras) } with receiverAction android.location.PROVIDERS_CHANGED
I/GCoreNlp( 1323): shouldConfirmNlp, NLP off. Ensuring opt-in disabled
I/GCoreUlr( 1323): WorldUpdater:android.location.PROVIDERS_CHANGED: Ensuring that reporting is stopped because of reasons: {account#-6#=[InactiveReason{mVersionCode=0, mIdentifier=6, mName='ReportingNotEnabled'}, InactiveReason{mVersionCode=0, mIdentifier=14, mName='HistoryNotEnabled'}]}
I/GCoreUlr( 1323): Starting service, intent=Intent { act=com.google.android.location.reporting.ACTION_UPDATE_WORLD cmp=com.google.android.gms/com.google.android.location.reporting.service.DispatchingService (has extras) }, extras=Bundle[{receiverAction=android.location.PROVIDERS_CHANGED}]
I/GCoreUlr( 1323): Unbound from all location providers
I/GCoreUlr( 1323): Place inference reporting - stop
I/GCoreUlr( 1323): DispatchingService ignoring Intent { act=android.net.wifi.WIFI_STATE_CHANGED flg=0x4000010 (has extras) } because ULR inactive
I/GCoreUlr( 1323): WorldUpdater received intent Intent { act=com.google.android.location.reporting.ACTION_UPDATE_WORLD cmp=com.google.android.gms/com.google.android.location.reporting.service.DispatchingService (has extras) } with receiverAction android.location.PROVIDERS_CHANGED
I/GCoreUlr( 1323): WorldUpdater:android.location.PROVIDERS_CHANGED: Ensuring that reporting is stopped because of reasons: {account#-6#=[InactiveReason{mVersionCode=0, mIdentifier=6, mName='ReportingNotEnabled'}, InactiveReason{mVersionCode=0, mIdentifier=14, mName='HistoryNotEnabled'}]}
I/GCoreUlr( 1323): Unbound from all location providers
I/GCoreUlr( 1323): Place inference reporting - stop
I/GCoreUlr( 1323): DispatchingService.onDestroy()
I/GCoreUlr( 1323): Stopping handler for UlrDispSvcFast
I/GCoreUlr( 1323): Unbound from all location providers
I/GCoreUlr( 1323): Place inference reporting - stop
I/org.umd.logging(16803): Method > 1 com.weather.dal2.system.UniversalBroadcastReceiver.onReceive(com.weather.dal2.system.UniversalBroadcastReceiver@30979536, android.app.ReceiverRestrictedContext@495473717, android.content.Intent@1066072521<action=android.location.PROVIDERS_CHANGED><data=null><package=null><component=com.weather.Weather/com.weather.dal2.system.UniversalBroadcastReceiver><type=null><filter_hashcode=-1550471478><umd_Intent_key=None>)
I/org.umd.logging(16803): Method > 3226 com.weather.dal2.system.TwcBus$1.run(com.weather.dal2.system.TwcBus$1@404509309)
I/org.umd.logging(16803): Method > 1 com.weather.dal2.lbs.LbsServiceController.onReceive(com.weather.dal2.lbs.LbsServiceController@558986223, android.app.ReceiverRestrictedContext@495473717, android.content.Intent@450584316<action=android.location.PROVIDERS_CHANGED><data=null><package=null><component=com.weather.Weather/com.weather.dal2.lbs.LbsServiceController><type=null><filter_hashcode=-696859725><umd_Intent_key=None>)
I/org.umd.logging(16803): Api > 1 android.location.LocationManager.getProviders(android.location.LocationManager@608876963, true)
I/org.umd.logging(16803): Api < 1 android.location.LocationManager.getProviders(java.util.ArrayList@960522629)
I/org.umd.logging(16803): Method < 1 com.weather.dal2.lbs.LbsServiceController.onReceive()
I/ActivityManager(  591): Start proc 16949:com.android.cellbroadcastreceiver/u0a3 for broadcast com.android.cellbroadcastreceiver/.CellBroadcastReceiver
D/CellBroadcastReceiver(16949): onReceive Intent { act=android.intent.action.AIRPLANE_MODE flg=0x10 cmp=com.android.cellbroadcastreceiver/.CellBroadcastReceiver (has extras) }
W/CellBroadcastReceiver(16949): onReceive() unexpected action android.intent.action.AIRPLANE_MODE
I/GCoreNlp( 1323): shouldConfirmNlp, NLP off. Ensuring opt-in disabled
I/GCoreUlr( 1323): Starting service, intent=Intent { act=com.google.android.location.reporting.ACTION_UPDATE_WORLD cmp=com.google.android.gms/com.google.android.location.reporting.service.DispatchingService (has extras) }, extras=Bundle[{receiverAction=android.location.PROVIDERS_CHANGED}]
I/org.umd.logging(16803): Method > 1 com.weather.dal2.system.UniversalBroadcastReceiver.onReceive(com.weather.dal2.system.UniversalBroadcastReceiver@577872858, android.app.ReceiverRestrictedContext@495473717, android.content.Intent@518742027<action=android.location.PROVIDERS_CHANGED><data=null><package=null><component=com.weather.Weather/com.weather.dal2.system.UniversalBroadcastReceiver><type=null><filter_hashcode=-1550471478><umd_Intent_key=None>)
I/org.umd.logging(16803): Method > 3226 com.weather.dal2.system.TwcBus$1.run(com.weather.dal2.system.TwcBus$1@404509309)
I/org.umd.logging(16803): Method > 1 com.weather.dal2.lbs.LbsServiceController.onReceive(com.weather.dal2.lbs.LbsServiceController@925047041, android.app.ReceiverRestrictedContext@495473717, android.content.Intent@55976870<action=android.location.PROVIDERS_CHANGED><data=null><package=null><component=com.weather.Weather/com.weather.dal2.lbs.LbsServiceController><type=null><filter_hashcode=-696859725><umd_Intent_key=None>)
I/org.umd.logging(16803): Api > 1 android.location.LocationManager.getProviders(android.location.LocationManager@608876963, true)
I/org.umd.logging(16803): Api < 1 android.location.LocationManager.getProviders(java.util.ArrayList@586019303)
I/org.umd.logging(16803): Method < 1 com.weather.dal2.lbs.LbsServiceController.onReceive()
I/GCoreUlr( 1323): WorldUpdater received intent Intent { act=com.google.android.location.reporting.ACTION_UPDATE_WORLD cmp=com.google.android.gms/com.google.android.location.reporting.service.DispatchingService (has extras) } with receiverAction android.location.PROVIDERS_CHANGED
I/halfbrick.Mortar(15853): No network connection.  Dismissing web.
I/GCoreUlr( 1323): WorldUpdater:android.location.PROVIDERS_CHANGED: Ensuring that reporting is stopped because of reasons: {account#-6#=[InactiveReason{mVersionCode=0, mIdentifier=6, mName='ReportingNotEnabled'}, InactiveReason{mVersionCode=0, mIdentifier=14, mName='HistoryNotEnabled'}]}
I/ActivityManager(  591): Start proc 16968:com.google.android.keep/u0a76 for broadcast com.google.android.keep/.notification.AlertReceiver
I/ActivityManager(  591): Killing 15676:com.android.keychain/1000 (adj 15): empty #17
I/org.umd.logging(11423): Method > 1 com.cleanmaster.base.crash.util.debug.b.run(com.cleanmaster.base.crash.util.debug.b@614779553)
I/org.umd.logging(11423): Method < 1 com.cleanmaster.base.crash.util.debug.b.run()
I/GCoreUlr( 1323): Unbound from all location providers
I/GCoreUlr( 1323): Place inference reporting - stop
I/GCoreUlr( 1323): DispatchingService.onDestroy()
I/GCoreUlr( 1323): DispatchingService ignoring Intent { act=android.net.wifi.WIFI_STATE_CHANGED flg=0x4000010 (has extras) } because ULR inactive
I/GCoreUlr( 1323): Stopping handler for UlrDispSvcFast
I/GCoreUlr( 1323): Unbound from all location providers
I/GCoreUlr( 1323): Place inference reporting - stop
D/PhoneStatusBar(  729): disable: < expand ICONS* alerts SYSTEM_INFO* back home recent clock search >
D/PhoneStatusBar(  729): disable: < expand icons* alerts system_info* back home recent clock search >
D/PhoneStatusBar(  729): disable: < expand ICONS* alerts SYSTEM_INFO* back home recent clock search >
D/PhoneStatusBar(  729): disable: < expand icons* alerts system_info* back home recent clock search >
D/PhoneStatusBar(  729): disable: < expand ICONS* alerts SYSTEM_INFO* back home recent clock search >
D/PhoneStatusBar(  729): disable: < expand icons* alerts system_info* back home recent clock search >
E/SurfaceFlinger(  172): rejecting buffer: bufWidth=1280, bufHeight=768, front.active.{w=1280, h=50}
I/halfbrick.Mortar(15853): Touch has lost focus
I/halfbrick.Mortar(15853): Touch has gained focus
W/InputMethodManagerService(  591): Window already focused, ignoring focus gain of: com.android.internal.view.IInputMethodClient$Stub$Proxy@16f5b2b2 attribute=null, token = android.os.BinderProxy@245d4875
W/halfbrick.Mortar.Exception(15853): Exception thrown doing POST from url: https://api.bricknet.com/leaderboards
W/halfbrick.Mortar.Exception(15853): java.net.UnknownHostException
W/halfbrick.Mortar.Exception(15853): message: Unable to resolve host "api.bricknet.com": No address associated with hostname
W/halfbrick.Mortar.Exception(15853): stack trace:
W/halfbrick.Mortar.Exception(15853): 	at java.net.InetAddress.lookupHostByName(InetAddress.java:457)
W/halfbrick.Mortar.Exception(15853): 	at java.net.InetAddress.getAllByNameImpl(InetAddress.java:252)
W/halfbrick.Mortar.Exception(15853): 	at java.net.InetAddress.getAllByName(InetAddress.java:215)
W/halfbrick.Mortar.Exception(15853): 	at com.android.okhttp.HostResolver$1.getAllByName(HostResolver.java:29)
W/halfbrick.Mortar.Exception(15853): 	at com.android.okhttp.internal.http.RouteSelector.resetNextInetSocketAddress(RouteSelector.java:232)
W/halfbrick.Mortar.Exception(15853): 	at com.android.okhttp.internal.http.RouteSelector.next(RouteSelector.java:124)
W/halfbrick.Mortar.Exception(15853): 	at com.android.okhttp.internal.http.HttpEngine.connect(HttpEngine.java:272)
W/halfbrick.Mortar.Exception(15853): 	at com.android.okhttp.internal.http.HttpEngine.sendRequest(HttpEngine.java:211)
W/halfbrick.Mortar.Exception(15853): 	at com.android.okhttp.internal.http.HttpURLConnectionImpl.execute(HttpURLConnectionImpl.java:382)
W/halfbrick.Mortar.Exception(15853): 	at com.android.okhttp.internal.http.HttpURLConnectionImpl.connect(HttpURLConnectionImpl.java:106)
W/halfbrick.Mortar.Exception(15853): 	at com.android.okhttp.internal.http.HttpURLConnectionImpl.getOutputStream(HttpURLConnectionImpl.java:217)
W/halfbrick.Mortar.Exception(15853): 	at com.android.okhttp.internal.http.DelegatingHttpsURLConnection.getOutputStream(DelegatingHttpsURLConnection.java:218)
W/halfbrick.Mortar.Exception(15853): 	at com.android.okhttp.internal.http.HttpsURLConnectionImpl.getOutputStream(HttpsURLConnectionImpl.java:25)
W/halfbrick.Mortar.Exception(15853): 	at com.halfbrick.mortar.HttpClient$1.run(HttpClient.java:90)
W/halfbrick.Mortar.Exception(15853): caused by: android.system.GaiException
W/halfbrick.Mortar.Exception(15853): 	message: android_getaddrinfo failed: EAI_NODATA (No address associated with hostname)
W/halfbrick.Mortar.Exception(15853): 	stack trace:
W/halfbrick.Mortar.Exception(15853): 		at libcore.io.Posix.android_getaddrinfo(Native Method)
W/halfbrick.Mortar.Exception(15853): 		at libcore.io.ForwardingOs.android_getaddrinfo(ForwardingOs.java:55)
W/halfbrick.Mortar.Exception(15853): 		at java.net.InetAddress.lookupHostByName(InetAddress.java:438)
W/halfbrick.Mortar.Exception(15853): 		at java.net.InetAddress.getAllByNameImpl(InetAddress.java:252)
W/halfbrick.Mortar.Exception(15853): 		at java.net.InetAddress.getAllByName(InetAddress.java:215)
W/halfbrick.Mortar.Exception(15853): 		at com.android.okhttp.HostResolver$1.getAllByName(HostResolver.java:29)
W/halfbrick.Mortar.Exception(15853): 		at com.android.okhttp.internal.http.RouteSelector.resetNextInetSocketAddress(RouteSelector.java:232)
W/halfbrick.Mortar.Exception(15853): 		at com.android.okhttp.internal.http.RouteSelector.next(RouteSelector.java:124)
W/halfbrick.Mortar.Exception(15853): 		at com.android.okhttp.internal.http.HttpEngine.connect(HttpEngine.java:272)
W/halfbrick.Mortar.Exception(15853): 		at com.android.okhttp.internal.http.HttpEngine.sendRequest(HttpEngine.java:211)
W/halfbrick.Mortar.Exception(15853): 		at com.android.okhttp.internal.http.HttpURLConnectionImpl.execute(HttpURLConnectionImpl.java:382)
W/halfbrick.Mortar.Exception(15853): 		at com.android.okhttp.internal.http.HttpURLConnectionImpl.connect(HttpURLConnectionImpl.java:106)
W/halfbrick.Mortar.Exception(15853): 		at com.android.okhttp.internal.http.HttpURLConnectionImpl.getOutputStream(HttpURLConnectionImpl.java:217)
W/halfbrick.Mortar.Exception(15853): 		at com.android.okhttp.internal.http.DelegatingHttpsURLConnection.getOutputStream(DelegatingHttpsURLConnection.java:218)
W/halfbrick.Mortar.Exception(15853): 		at com.android.okhttp.internal.http.HttpsURLConnectionImpl.getOutputStream(HttpsURLConnectionImpl.java:25)
W/halfbrick.Mortar.Exception(15853): 		at com.halfbrick.mortar.HttpClient$1.run(HttpClient.java:90)
W/halfbrick.Mortar.Exception(15853): 
W/InstanceID/Rpc(16968): Found 10008
I/ActivityManager(  591): Killing 8042:com.google.android.partnersetup/u0a13 (adj 15): empty #17
D/PhoneStatusBar(  729): disable: < expand ICONS* alerts SYSTEM_INFO* back home recent clock search >
D/PhoneStatusBar(  729): disable: < expand icons* alerts system_info* back home recent clock search >
D/PhoneStatusBar(  729): disable: < expand ICONS* alerts SYSTEM_INFO* back home recent clock search >
W/ViewRootImpl(  729): Dropping event due to no window focus: KeyEvent { action=ACTION_DOWN, keyCode=KEYCODE_DPAD_DOWN, scanCode=0, metaState=0, flags=0x8, repeatCount=0, eventTime=167437781, downTime=167437781, deviceId=-1, source=0x101 }
W/ViewRootImpl(  729): Cancelling event due to no window focus: KeyEvent { action=ACTION_UP, keyCode=KEYCODE_DPAD_DOWN, scanCode=0, metaState=0, flags=0x28, repeatCount=0, eventTime=167437860, downTime=167437860, deviceId=-1, source=0x101 }
W/ViewRootImpl(  729): Cancelling event due to no window focus: KeyEvent { action=ACTION_UP, keyCode=KEYCODE_DPAD_DOWN, scanCode=0, metaState=0, flags=0x28, repeatCount=0, eventTime=167437860, downTime=167437860, deviceId=-1, source=0x101 }
W/ViewRootImpl(  729): Cancelling event due to no window focus: KeyEvent { action=ACTION_UP, keyCode=KEYCODE_DPAD_DOWN, scanCode=0, metaState=0, flags=0x28, repeatCount=0, eventTime=167437860, downTime=167437860, deviceId=-1, source=0x101 }
W/ViewRootImpl(  729): Cancelling event due to no window focus: KeyEvent { action=ACTION_UP, keyCode=KEYCODE_DPAD_DOWN, scanCode=0, metaState=0, flags=0x28, repeatCount=0, eventTime=167437860, downTime=167437860, deviceId=-1, source=0x101 }
W/ViewRootImpl(  729): Cancelling event due to no window focus: KeyEvent { action=ACTION_UP, keyCode=KEYCODE_DPAD_DOWN, scanCode=0, metaState=0, flags=0x28, repeatCount=0, eventTime=167437860, downTime=167437860, deviceId=-1, source=0x101 }
W/ViewRootImpl(  729): Cancelling event due to no window focus: KeyEvent { action=ACTION_UP, keyCode=KEYCODE_DPAD_DOWN, scanCode=0, metaState=0, flags=0x28, repeatCount=0, eventTime=167437860, downTime=167437860, deviceId=-1, source=0x101 }
W/ViewRootImpl(  729): Cancelling event due to no window focus: KeyEvent { action=ACTION_UP, keyCode=KEYCODE_DPAD_DOWN, scanCode=0, metaState=0, flags=0x28, repeatCount=0, eventTime=167437860, downTime=167437860, deviceId=-1, source=0x101 }
W/ViewRootImpl(  729): Cancelling event due to no window focus: KeyEvent { action=ACTION_UP, keyCode=KEYCODE_DPAD_DOWN, scanCode=0, metaState=0, flags=0x28, repeatCount=0, eventTime=167437860, downTime=167437860, deviceId=-1, source=0x101 }
W/ViewRootImpl(  729): Cancelling event due to no window focus: KeyEvent { action=ACTION_UP, keyCode=KEYCODE_DPAD_DOWN, scanCode=0, metaState=0, flags=0x28, repeatCount=0, eventTime=167437860, downTime=167437860, deviceId=-1, source=0x101 }
I/ActivityManager(  591): Start proc 17000:com.android.mms/u0a16 for broadcast com.android.mms/.transaction.MmsSystemEventReceiver
D/BluetoothAdapter(  729): 55976870: getState() :  mService = null. Returning STATE_OFF
D/BluetoothAdapter(  729): 55976870: getState() :  mService = null. Returning STATE_OFF
D/BluetoothAdapter(  729): 55976870: getState() :  mService = null. Returning STATE_OFF
D/BluetoothAdapter(  729): 55976870: getState() :  mService = null. Returning STATE_OFF
I/halfbrick.Mortar(15853): Touch has lost focus
I/cr_Ime  (15853): ImeThread is enabled.
I/ActivityManager(  591): START u0 {cmp=com.halfbrick.fruitninjafree/com.google.android.gms.ads.AdActivity (has extras)} from uid 10115 on display 0
D/CountryDetector(  591): The first listener is added
V/WindowManager(  591): addAppToken: AppWindowToken{4dc2c62 token=Token{32e51f2d ActivityRecord{2004244 u0 com.halfbrick.fruitninjafree/com.google.android.gms.ads.AdActivity t139}}} to stack=1 task=139 at 1
D/StatusBar(  729): Clicked on content of -1|android|17040644|null|1000
I/ActivityManager(  591): START u0 {act=android.intent.action.MAIN cat=[android.intent.category.LAUNCHER] flg=0x10008000 cmp=com.android.settings/.DevelopmentSettings} from uid 1000 on display 0
V/Mms     (17000): mnc/mcc: 
V/Mms     (17000): tag: bool value: enabledMMS - true
V/Mms     (17000): tag: int value: maxMessageSize - 307200
V/Mms     (17000): tag: int value: maxImageHeight - 480
V/Mms     (17000): tag: int value: maxImageWidth - 640
V/Mms     (17000): tag: int value: defaultSMSMessagesPerThread - 10000
V/Mms     (17000): tag: int value: defaultMMSMessagesPerThread - 1000
V/Mms     (17000): tag: int value: minMessageCountPerThread - 10
V/Mms     (17000): tag: int value: maxMessageCountPerThread - 5000
V/Mms     (17000): tag: string value: uaProfUrl - http://www.google.com/oha/rdf/ua-profile-kila.xml
V/Mms     (17000): tag: int value: recipientLimit - -1
V/Mms     (17000): tag: bool value: enableSlideDuration - true
V/Mms     (17000): tag: int value: maxMessageTextSize - -1
V/Mms     (17000): tag: string value: userAgent - Nexus4
D/PhoneStatusBar(  729): disable: < expand icons* alerts system_info* back home recent clock search >
W/dex2oat (16578): Compilation of kor kor.b(odc) took 129.894ms
I/art     (  591): Explicit concurrent mark sweep GC freed 53041(2MB) AllocSpace objects, 4(64KB) LOS objects, 33% free, 26MB/39MB, paused 2.166ms total 138.348ms
D/PhoneStatusBar(  729): disable: < expand ICONS* alerts SYSTEM_INFO* back home recent clock search >
D/PhoneStatusBar(  729): disable: < expand icons* alerts system_info* back home recent clock search >
D/ConnectivityManager(17000): getMobileDataEnabled()+ subId=-1
D/PhoneInterfaceManager( 1080): [PhoneIntfMgr] getDataEnabled: subId=-1 phoneId=-1
E/PhoneInterfaceManager( 1080): [PhoneIntfMgr] getDataEnabled: no phone subId=-1 retVal=false
D/ConnectivityManager(17000): getMobileDataEnabled()- subId=-1 retVal=false
D/PhoneStatusBar(  729): disable: < expand ICONS* alerts SYSTEM_INFO* back home recent clock search >
D/PhoneStatusBar(  729): disable: < expand icons* alerts system_info* back home recent clock search >
W/art     (17000): No such thread id for suspend: 15
I/ActivityManager(  591): Start proc 17036:com.google.android.apps.plus/u0a72 for broadcast com.google.android.apps.plus/com.google.android.libraries.social.autobackup.AutoBackupEnvironment$ConnectivityReceiver
D/ConnectivityManager(17000): getMobileDataEnabled()+ subId=-1
D/PhoneInterfaceManager( 1080): [PhoneIntfMgr] getDataEnabled: subId=-1 phoneId=-1
E/PhoneInterfaceManager( 1080): [PhoneIntfMgr] getDataEnabled: no phone subId=-1 retVal=false
D/ConnectivityManager(17000): getMobileDataEnabled()- subId=-1 retVal=false
I/ActivityManager(  591): Killing 8349:com.cnn.mobile.android.phone/u0a225 (adj 15): empty #17
W/ActivityManager(  591): Activity pause timeout for ActivityRecord{3e09d377 u0 com.halfbrick.fruitninjafree/com.halfbrick.mortar.MortarGameActivity t139}
W/ResourcesManager(17036): Asset path '/system/framework/com.google.android.maps.jar' does not exist or contains no resources.
W/GeneralUtilities.private.CallClassMethodAndReturn(15853): Method onPause not found! java.lang.NoSuchMethodException: onPause []
W/GeneralUtilities.private.CallClassMethodAndReturn(15853): Method onPause not found! java.lang.NoSuchMethodException: onPause []
W/GeneralUtilities.ClassFromName(15853): Class not found! java.lang.ClassNotFoundException: com.halfbrick.mortar.GameCircleManager
D/com.halfbrick.mortar.SamsungCarnivalManager(15853): onPause
W/GeneralUtilities.ClassFromName(15853): Class not found! java.lang.ClassNotFoundException: com.halfbrick.mortar.KTPlayAdaptor
I/Choreographer(15853): Skipped 58 frames!  The application may be doing too much work on its main thread.
D/DynamitePackage(15853): Instantiating com.google.android.gms.ads.ChimeraAdOverlayCreatorImpl
I/Ads     (15853): Ad opening.
W/Ads     (15853): Error while pinging URL: https://ads.bridgetrack.com/event/?type=-1&BTData=Jz5.B.gAB6f.Cx.zm.c6C6.orn.L0wP.F2.lp5.1.Bo.pL.E&r=1996752651. Unable to resolve host "ads.bridgetrack.com": No address associated with hostname
W/Ads     (15853): Error while pinging URL: https://googleads.g.doubleclick.net/pagead/adview?ai=CpqtPzn1JWJyUA9bYpgO1h46YAouh7rVH4u6emYQE38aivcABEAEg0-mJIGDJhu2IhKTsD8gBCagDAaoE1QFP0Cx-lKXxKF9irI3jMuWxaXem-rFYJtTFmVH4wgcdi0EFPI-hSxEyp48jFt1KvniClei0uXJgSUNvZopnLwWydRtlsoxedSvMlqC5mhHLx3QiCjrs-MrxUMcS412XlrQhRMKMbsYPA-7q3xciNw7l7mX1C0YXJIHbWeEyWOnlnNuUOtDdBphfXqESsVhRf_Pc5EcmwRFJUc3dyepjci2hpz1BrNwQMHWOvR9gk2Us9O9ZVmtjunRdBE4T8kEdE6F82RtOXAXfPIxrgS1P3ZQrieEvxrTABM2V6u1-iAXk0erBApIFCggDEAEYAToCCAWSBQQIBBgBkgUECAUYBJAGAaAGPcAGDNgGAoAH1cehYJgHAagHpr4b2AcA0ggFCIABEAE&sigh=Bdbz2pBUOqw&cid=CAASEuRoG5S3sqgREpVcBHvXfBSchQ&template_id=490. Unable to resolve host "googleads.g.doubleclick.net": No address associated with hostname
V/WindowManager(  591): Adding window Window{3e792d9d u0 com.halfbrick.fruitninjafree/com.google.android.gms.ads.AdActivity} at 5 of 11 (after Window{2749b00a u0 com.halfbrick.fruitninjafree/com.halfbrick.mortar.MortarGameActivity})
W/ViewRootImpl(15853): Dropping event due to no window focus: KeyEvent { action=ACTION_DOWN, keyCode=KEYCODE_DPAD_RIGHT, scanCode=0, metaState=0, flags=0x8, repeatCount=0, eventTime=167438172, downTime=167438172, deviceId=-1, source=0x101 }
W/ViewRootImpl(15853): Cancelling event due to no window focus: KeyEvent { action=ACTION_UP, keyCode=KEYCODE_DPAD_RIGHT, scanCode=0, metaState=0, flags=0x28, repeatCount=0, eventTime=167439283, downTime=167439283, deviceId=-1, source=0x101 }
W/ViewRootImpl(15853): Cancelling event due to no window focus: KeyEvent { action=ACTION_UP, keyCode=KEYCODE_DPAD_RIGHT, scanCode=0, metaState=0, flags=0x28, repeatCount=0, eventTime=167439283, downTime=167439283, deviceId=-1, source=0x101 }
W/ViewRootImpl(15853): Cancelling event due to no window focus: KeyEvent { action=ACTION_UP, keyCode=KEYCODE_DPAD_RIGHT, scanCode=0, metaState=0, flags=0x28, repeatCount=0, eventTime=167439283, downTime=167439283, deviceId=-1, source=0x101 }
W/ViewRootImpl(15853): Cancelling event due to no window focus: KeyEvent { action=ACTION_UP, keyCode=KEYCODE_DPAD_RIGHT, scanCode=0, metaState=0, flags=0x28, repeatCount=0, eventTime=167439283, downTime=167439283, deviceId=-1, source=0x101 }
W/ViewRootImpl(15853): Cancelling event due to no window focus: KeyEvent { action=ACTION_UP, keyCode=KEYCODE_DPAD_RIGHT, scanCode=0, metaState=0, flags=0x28, repeatCount=0, eventTime=167439283, downTime=167439283, deviceId=-1, source=0x101 }
W/ViewRootImpl(15853): Cancelling event due to no window focus: KeyEvent { action=ACTION_UP, keyCode=KEYCODE_DPAD_RIGHT, scanCode=0, metaState=0, flags=0x28, repeatCount=0, eventTime=167439283, downTime=167439283, deviceId=-1, source=0x101 }
I/ActivityManager(  591): START u0 {act=android.intent.action.MAIN cat=[android.intent.category.LAUNCHER] flg=0x10200000 cmp=com.halfbrick.fruitninjafree/com.halfbrick.mortar.MortarGameLauncherActivity} from uid 0 on display 0
W/ViewRootImpl(15853): Dropping event due to no window focus: KeyEvent { action=ACTION_DOWN, keyCode=KEYCODE_DPAD_DOWN, scanCode=0, metaState=0, flags=0x8, repeatCount=0, eventTime=167439443, downTime=167439443, deviceId=-1, source=0x101 }
W/cr_BindingManager(15853): Cannot call determinedVisibility() - never saw a connection for the pid: 15853
W/ViewRootImpl(15853): Cancelling event due to no window focus: KeyEvent { action=ACTION_UP, keyCode=KEYCODE_DPAD_DOWN, scanCode=0, metaState=0, flags=0x28, repeatCount=0, eventTime=167439490, downTime=167439490, deviceId=-1, source=0x101 }
W/ViewRootImpl(15853): Cancelling event due to no window focus: KeyEvent { action=ACTION_UP, keyCode=KEYCODE_DPAD_DOWN, scanCode=0, metaState=0, flags=0x28, repeatCount=0, eventTime=167439490, downTime=167439490, deviceId=-1, source=0x101 }
W/ViewRootImpl(15853): Cancelling event due to no window focus: KeyEvent { action=ACTION_UP, keyCode=KEYCODE_DPAD_DOWN, scanCode=0, metaState=0, flags=0x28, repeatCount=0, eventTime=167439490, downTime=167439490, deviceId=-1, source=0x101 }
W/ViewRootImpl(15853): Cancelling event due to no window focus: KeyEvent { action=ACTION_UP, keyCode=KEYCODE_DPAD_DOWN, scanCode=0, metaState=0, flags=0x28, repeatCount=0, eventTime=167439490, downTime=167439490, deviceId=-1, source=0x101 }
W/ViewRootImpl(15853): Cancelling event due to no window focus: KeyEvent { action=ACTION_UP, keyCode=KEYCODE_DPAD_DOWN, scanCode=0, metaState=0, flags=0x28, repeatCount=0, eventTime=167439490, downTime=167439490, deviceId=-1, source=0x101 }
W/ViewRootImpl(15853): Cancelling event due to no window focus: KeyEvent { action=ACTION_UP, keyCode=KEYCODE_DPAD_DOWN, scanCode=0, metaState=0, flags=0x28, repeatCount=0, eventTime=167439490, downTime=167439490, deviceId=-1, source=0x101 }
W/cr_BindingManager(15853): Cannot call determinedVisibility() - never saw a connection for the pid: 15853
E/chromium(15853): [ERROR:interface_registry.cc(99)] Failed to locate a binder for interface: autofill::mojom::AutofillDriver
E/Ads     (15853): JS: Uncaught TypeError: Cannot read property 'b' of undefined (https://s.ytimg.com/yts/jsbin/player-en_US-vfl8r3fjW/base.js:3528)
I/chromium(15853): [INFO:CONSOLE(3528)] "Uncaught TypeError: Cannot read property 'b' of undefined", source: https://s.ytimg.com/yts/jsbin/player-en_US-vfl8r3fjW/base.js (3528)
I/ActivityManager(  591): Displayed com.halfbrick.fruitninjafree/com.google.android.gms.ads.AdActivity: +940ms
E/Ads     (15853): JS: Uncaught TypeError: Cannot read property 'b' of undefined (https://s.ytimg.com/yts/jsbin/player-en_US-vfl8r3fjW/base.js:3528)
I/chromium(15853): [INFO:CONSOLE(3528)] "Uncaught TypeError: Cannot read property 'b' of undefined", source: https://s.ytimg.com/yts/jsbin/player-en_US-vfl8r3fjW/base.js (3528)
W/ViewRootImpl(15853): Dropping event due to no window focus: KeyEvent { action=ACTION_DOWN, keyCode=KEYCODE_DPAD_DOWN, scanCode=0, metaState=0, flags=0x8, repeatCount=0, eventTime=167439624, downTime=167439624, deviceId=-1, source=0x101 }
E/Ads     (15853): JS: Uncaught TypeError: Cannot read property 'b' of undefined (https://s.ytimg.com/yts/jsbin/player-en_US-vfl8r3fjW/base.js:3528)
I/chromium(15853): [INFO:CONSOLE(3528)] "Uncaught TypeError: Cannot read property 'b' of undefined", source: https://s.ytimg.com/yts/jsbin/player-en_US-vfl8r3fjW/base.js (3528)
E/Ads     (15853): JS: Uncaught TypeError: Cannot read property 'b' of undefined (https://s.ytimg.com/yts/jsbin/player-en_US-vfl8r3fjW/base.js:3528)
I/chromium(15853): [INFO:CONSOLE(3528)] "Uncaught TypeError: Cannot read property 'b' of undefined", source: https://s.ytimg.com/yts/jsbin/player-en_US-vfl8r3fjW/base.js (3528)
E/Ads     (15853): JS: Uncaught TypeError: Cannot read property 'b' of undefined (https://s.ytimg.com/yts/jsbin/player-en_US-vfl8r3fjW/base.js:3528)
I/chromium(15853): [INFO:CONSOLE(3528)] "Uncaught TypeError: Cannot read property 'b' of undefined", source: https://s.ytimg.com/yts/jsbin/player-en_US-vfl8r3fjW/base.js (3528)
E/Ads     (15853): JS: Uncaught TypeError: Cannot read property 'b' of undefined (https://s.ytimg.com/yts/jsbin/player-en_US-vfl8r3fjW/base.js:3528)
I/chromium(15853): [INFO:CONSOLE(3528)] "Uncaught TypeError: Cannot read property 'b' of undefined", source: https://s.ytimg.com/yts/jsbin/player-en_US-vfl8r3fjW/base.js (3528)
E/Ads     (15853): JS: Uncaught TypeError: Cannot read property 'b' of undefined (https://s.ytimg.com/yts/jsbin/player-en_US-vfl8r3fjW/base.js:3528)
I/chromium(15853): [INFO:CONSOLE(3528)] "Uncaught TypeError: Cannot read property 'b' of undefined", source: https://s.ytimg.com/yts/jsbin/player-en_US-vfl8r3fjW/base.js (3528)
E/Ads     (15853): JS: Uncaught TypeError: Cannot read property 'b' of undefined (https://s.ytimg.com/yts/jsbin/player-en_US-vfl8r3fjW/base.js:3528)
I/chromium(15853): [INFO:CONSOLE(3528)] "Uncaught TypeError: Cannot read property 'b' of undefined", source: https://s.ytimg.com/yts/jsbin/player-en_US-vfl8r3fjW/base.js (3528)
E/Ads     (15853): JS: Uncaught TypeError: Cannot read property 'b' of undefined (https://s.ytimg.com/yts/jsbin/player-en_US-vfl8r3fjW/base.js:3528)
I/chromium(15853): [INFO:CONSOLE(3528)] "Uncaught TypeError: Cannot read property 'b' of undefined", source: https://s.ytimg.com/yts/jsbin/player-en_US-vfl8r3fjW/base.js (3528)
E/Ads     (15853): JS: Uncaught TypeError: Cannot read property 'b' of undefined (https://s.ytimg.com/yts/jsbin/player-en_US-vfl8r3fjW/base.js:3528)
I/chromium(15853): [INFO:CONSOLE(3528)] "Uncaught TypeError: Cannot read property 'b' of undefined", source: https://s.ytimg.com/yts/jsbin/player-en_US-vfl8r3fjW/base.js (3528)
E/Ads     (15853): JS: Uncaught TypeError: Cannot read property 'b' of undefined (https://s.ytimg.com/yts/jsbin/player-en_US-vfl8r3fjW/base.js:3528)
I/chromium(15853): [INFO:CONSOLE(3528)] "Uncaught TypeError: Cannot read property 'b' of undefined", source: https://s.ytimg.com/yts/jsbin/player-en_US-vfl8r3fjW/base.js (3528)
E/Ads     (15853): JS: Uncaught TypeError: Cannot read property 'b' of undefined (https://s.ytimg.com/yts/jsbin/player-en_US-vfl8r3fjW/base.js:3528)
I/chromium(15853): [INFO:CONSOLE(3528)] "Uncaught TypeError: Cannot read property 'b' of undefined", source: https://s.ytimg.com/yts/jsbin/player-en_US-vfl8r3fjW/base.js (3528)
E/Ads     (15853): JS: Uncaught TypeError: Cannot read property 'b' of undefined (https://s.ytimg.com/yts/jsbin/player-en_US-vfl8r3fjW/base.js:3528)
I/chromium(15853): [INFO:CONSOLE(3528)] "Uncaught TypeError: Cannot read property 'b' of undefined", source: https://s.ytimg.com/yts/jsbin/player-en_US-vfl8r3fjW/base.js (3528)
E/Ads     (15853): JS: Uncaught TypeError: Cannot read property 'b' of undefined (https://s.ytimg.com/yts/jsbin/player-en_US-vfl8r3fjW/base.js:3528)
I/chromium(15853): [INFO:CONSOLE(3528)] "Uncaught TypeError: Cannot read property 'b' of undefined", source: https://s.ytimg.com/yts/jsbin/player-en_US-vfl8r3fjW/base.js (3528)
E/Ads     (15853): JS: Uncaught TypeError: Cannot read property 'b' of undefined (https://s.ytimg.com/yts/jsbin/player-en_US-vfl8r3fjW/base.js:3528)
I/chromium(15853): [INFO:CONSOLE(3528)] "Uncaught TypeError: Cannot read property 'b' of undefined", source: https://s.ytimg.com/yts/jsbin/player-en_US-vfl8r3fjW/base.js (3528)
I/ActivityManager(  591): START u0 {act=android.intent.action.ASSIST flg=0x34000000 cmp=com.google.android.googlequicksearchbox/.SearchActivity (has extras)} from uid 1000 on display 0
W/GeneralUtilities.private.CallClassMethodAndReturn(15853): Method onSaveInstanceState not found! java.lang.NoSuchMethodException: onSaveInstanceState [class android.os.Bundle]
W/dex2oat (16578): Compilation of java.lang.Object ljs.c() took 103.158ms
W/dex2oat (16578): Compilation of java.util.concurrent.Future mxg.submit(java.lang.Runnable) took 143.873ms
D/PhoneStatusBar(  729): disable: < expand ICONS* alerts SYSTEM_INFO* back home recent clock search >
D/PhoneStatusBar(  729): disable: < expand icons* alerts system_info* back home recent clock search >
W/dex2oat (16578): Compilation of java.lang.Object lms.a(int, java.lang.Object, java.lang.Object) took 136.059ms
I/art     (16894): System.exit called, status: 0
I/AndroidRuntime(16894): VM exiting with result code 0.
I/org.umd.logging(11423): Method > 1231 com.a.a.a.d.k.run(com.a.a.a.d.k@454598935)
I/org.umd.logging(11423): Api > 1231 android.net.ConnectivityManager.getActiveNetworkInfo(android.net.ConnectivityManager@517246612)
I/org.umd.logging(11423): Api < 1231 android.net.ConnectivityManager.getActiveNetworkInfo(null)
I/org.umd.logging(11423): Method < 1231 com.a.a.a.d.k.run()
W/ActivityManager(  591): getRunningAppProcesses: caller 10072 does not hold REAL_GET_TASKS; limiting output
I/ActivityManager(  591): Start proc 17079:com.pinterest/u0a212 for broadcast com.pinterest/.receiver.NetworkStatusReceiver
I/ActivityManager(  591): Killing 15723:com.google.android.apps.docs/u0a44 (adj 15): empty #17
D/audio_hw_primary(  188): disable_audio_route: reset and update mixer path: low-latency-playback
D/audio_hw_primary(  188): disable_snd_device: snd_device(2: speaker)
I/MultiDex(17079): VM with version 2.1.0 has multidex support
I/MultiDex(17079): install
I/MultiDex(17079): VM has multidex support, MultiDex support library is disabled.
I/FirebaseInitProvider(17079): FirebaseApp initialization unsuccessful
D/libcrashlytics(17079): Initializing libcrashlytics version 1.1.3
D/libcrashlytics(17079): Attempting to load unwinder...
D/libcrashlytics(17079): Done; using libunwind
D/libcrashlytics(17079): Attempting to register signal handler...
D/libcrashlytics(17079): Signal handler registered.
D/libcrashlytics(17079): Initializing native crash handling successful.
I/CrashlyticsCore(17079): Initializing Crashlytics 2.3.10.127
E/Beta    (17079): Failed to find this app in the PackageManager
E/Beta    (17079): android.content.pm.PackageManager$NameNotFoundException: io.crash.air
E/Beta    (17079): 	at android.app.ApplicationPackageManager.getApplicationInfo(ApplicationPackageManager.java:281)
E/Beta    (17079): 	at com.crashlytics.android.beta.j.b(SourceFile:1063)
E/Beta    (17079): 	at com.crashlytics.android.beta.j.a(SourceFile:21)
E/Beta    (17079): 	at io.a.a.a.a.a.a.a(SourceFile:39)
E/Beta    (17079): 	at com.crashlytics.android.beta.e.a(SourceFile:146)
E/Beta    (17079): 	at com.crashlytics.android.beta.e.e(SourceFile:114)
E/Beta    (17079): 	at io.a.a.a.a.b.y.h(SourceFile:281)
E/Beta    (17079): 	at com.crashlytics.android.answers.ac.a(SourceFile:34)
E/Beta    (17079): 	at com.crashlytics.android.answers.f.run(SourceFile:119)
E/Beta    (17079): 	at java.util.concurrent.Executors$RunnableAdapter.call(Executors.java:422)
E/Beta    (17079): 	at java.util.concurrent.FutureTask.run(FutureTask.java:237)
E/Beta    (17079): 	at java.util.concurrent.ScheduledThreadPoolExecutor$ScheduledFutureTask.access$201(ScheduledThreadPoolExecutor.java:152)
E/Beta    (17079): 	at java.util.concurrent.ScheduledThreadPoolExecutor$ScheduledFutureTask.run(ScheduledThreadPoolExecutor.java:265)
E/Beta    (17079): 	at java.util.concurrent.ThreadPoolExecutor.runWorker(ThreadPoolExecutor.java:1112)
E/Beta    (17079): 	at java.util.concurrent.ThreadPoolExecutor$Worker.run(ThreadPoolExecutor.java:587)
E/Beta    (17079): 	at io.a.a.a.a.b.w.a(SourceFile:75)
E/Beta    (17079): 	at io.a.a.a.a.b.k.run(SourceFile:30)
E/Beta    (17079): 	at java.lang.Thread.run(Thread.java:818)
I/DownloadManagerWrapper(  985): onReceive() : Charging = true
W/art     (17079): Suspending all threads took: 5.524ms
V/GoogleSignatureVerifier(17079): com.google.android.gms signature not valid.  Found: 
V/GoogleSignatureVerifier(17079): MIIEQzCCAyugAwIBAgIJAMLgh0ZkSjCNMA0GCSqGSIb3DQEBBAUAMHQxCzAJBgNVBAYTAlVTMRMw
V/GoogleSignatureVerifier(17079): EQYDVQQIEwpDYWxpZm9ybmlhMRYwFAYDVQQHEw1Nb3VudGFpbiBWaWV3MRQwEgYDVQQKEwtHb29n
V/GoogleSignatureVerifier(17079): bGUgSW5jLjEQMA4GA1UECxMHQW5kcm9pZDEQMA4GA1UEAxMHQW5kcm9pZDAeFw0wODA4MjEyMzEz
V/GoogleSignatureVerifier(17079): MzRaFw0zNjAxMDcyMzEzMzRaMHQxCzAJBgNVBAYTAlVTMRMwEQYDVQQIEwpDYWxpZm9ybmlhMRYw
V/GoogleSignatureVerifier(17079): FAYDVQQHEw1Nb3VudGFpbiBWaWV3MRQwEgYDVQQKEwtHb29nbGUgSW5jLjEQMA4GA1UECxMHQW5k
V/GoogleSignatureVerifier(17079): cm9pZDEQMA4GA1UEAxMHQW5kcm9pZDCCASAwDQYJKoZIhvcNAQEBBQADggENADCCAQgCggEBAKtW
V/GoogleSignatureVerifier(17079): LgDYO6IIrgqWbxJOKdoR8qtW0I9Y4sypEwPpt1TTcvZApxsdyxMJZ2JORland2qSGT2y5b+3JKke
V/GoogleSignatureVerifier(17079): dxiLDmpHpDsz2WCbdxgxRczfey5YZnTJ4VZbH0xqWVW/8lGmPav5xVwnIiJS6HXk+BVKZF+JcWjA
V/GoogleSignatureVerifier(17079): sb/GEuq/eFdpuzSqeYTcfi6idkyugwfYwXFU1+5fZKUaRKYCwkkFQVfcAs1fXA5V+++FGfvjJ/Cx
V/GoogleSignatureVerifier(17079): URaSxaBvGdGDhfXE28LWuT9ozCl5xw4Yq5OGazvV24mZVSoOO0yZ31j7kYvtwYK6NeADwbSxDdJE
V/GoogleSignatureVerifier(17079): qO4k//0zOHKrUiGYXtqw/A0LFFtqoZKFjnkCAQOjgdkwgdYwHQYDVR0OBBYEFMd9jMIhF1Ylmn/T
V/GoogleSignatureVerifier(17079): gt9r45jk14alMIGmBgNVHSMEgZ4wgZuAFMd9jMIhF1Ylmn/Tgt9r45jk14aloXikdjB0MQswCQYD
V/GoogleSignatureVerifier(17079): VQQGEwJVUzETMBEGA1UECBMKQ2FsaWZvcm5pYTEWMBQGA1UEBxMNTW91bnRhaW4gVmlldzEUMBIG
V/GoogleSignatureVerifier(17079): A1UEChMLR29vZ2xlIEluYy4xEDAOBgNVBAsTB0FuZHJvaWQxEDAOBgNVBAMTB0FuZHJvaWSCCQDC
V/GoogleSignatureVerifier(17079): 4IdGZEowjTAMBgNVHRMEBTADAQH/MA0GCSqGSIb3DQEBBAUAA4IBAQBt0lLO74UwLDYKqs6Tm8/y
V/GoogleSignatureVerifier(17079): zKkEu116FmH4rkaymUIE0P9KaMftGlMexFlaYjzmB2OxZyl6euNXEsQH8gjwyxCUKRJNexBiGcCE
V/GoogleSignatureVerifier(17079): yj6z+a1fuHHvkiaai+KL8W1EyNmgjmyy8AW7P+LLlkR+ho5zEHatRbM/YAnqGcFh5iZBqpknHf1S
V/GoogleSignatureVerifier(17079): KMXFh4dd239FJ1jWYfbMDMy3NS5CTMQ2XFI1MvcyUTdZPErjQfTbQe3aDQsQcafEQPD+nqActifK
V/GoogleSignatureVerifier(17079): Z0Np0IS9L9kR/wbNvyz6ENwPiTrjV2KRkEjH78ZMcUQXg0L3BYHJ3lc69Vs5Ddf9uUGGMYldX3Wf
V/GoogleSignatureVerifier(17079): MBEmh/9iFBDAaTCK
E/Fabric  (17079): Unknown error while loading Crashlytics settings. Crashes will be cached until settings can be retrieved.
E/Answers (17079): Failed to retrieve settings
W/CrashlyticsCore(17079): Received null settings, skipping initialization!
I/art     (17079): Rejecting re-init on previously-failed class java.lang.Class<org.greenrobot.greendao.database.DatabaseOpenHelper$EncryptedHelper>
I/art     (17079): Rejecting re-init on previously-failed class java.lang.Class<org.greenrobot.greendao.database.DatabaseOpenHelper$EncryptedHelper>
W/ActivityManager(  591): getRunningAppProcesses: caller 10115 does not hold REAL_GET_TASKS; limiting output
I/art     (17079): Rejecting re-init on previously-failed class java.lang.Class<org.greenrobot.greendao.database.DatabaseOpenHelper$EncryptedHelper>
I/art     (17079): Rejecting re-init on previously-failed class java.lang.Class<org.greenrobot.greendao.database.DatabaseOpenHelper$EncryptedHelper>
I/art     (17079): Rejecting re-init on previously-failed class java.lang.Class<org.greenrobot.greendao.database.DatabaseOpenHelper$EncryptedHelper>
I/art     (17079): Rejecting re-init on previously-failed class java.lang.Class<org.greenrobot.greendao.database.DatabaseOpenHelper$EncryptedHelper>
I/art     (17079): Rejecting re-init on previously-failed class java.lang.Class<org.greenrobot.greendao.database.DatabaseOpenHelper$EncryptedHelper>
I/art     (17079): Rejecting re-init on previously-failed class java.lang.Class<org.greenrobot.greendao.database.DatabaseOpenHelper$EncryptedHelper>
I/art     (17079): Rejecting re-init on previously-failed class java.lang.Class<org.greenrobot.greendao.database.DatabaseOpenHelper$EncryptedHelper>
I/art     (17079): Rejecting re-init on previously-failed class java.lang.Class<org.greenrobot.greendao.database.DatabaseOpenHelper$EncryptedHelper>
I/art     (17079): Rejecting re-init on previously-failed class java.lang.Class<org.greenrobot.greendao.database.DatabaseOpenHelper$EncryptedHelper>
I/art     (17079): Rejecting re-init on previously-failed class java.lang.Class<org.greenrobot.greendao.database.DatabaseOpenHelper$EncryptedHelper>
I/ActivityManager(  591): START u0 {act=android.intent.action.VIEW dat=https://adclick.g.doubleclick.net/aclk?sa=L&ai=Cmn4-zn1JWJyUA9bYpgO1h46YAouh7rVH4u6emYQE38aivcABEAEg0-mJIGDJhu2IhKTsD8gBCagDAaoE1QFP0Cx-lKXxKF9irI3jMuWxaXem-rFYJtTFmVH4wgcdi0EFPI-hSxEyp48jFt1KvniClei0uXJgSUNvZopnLwWydRtlsoxedSvMlqC5mhHLx3QiCjrs-MrxUMcS412XlrQhRMKMbsYPA-7q3xciNw7l7mX1C0YXJIHbWeEyWOnlnNuUOtDdBphfXqESsVhRf_Pc5EcmwRFJUc3dyepjci2hpz1BrNwQMHWOvR9gk2Us9O9ZVmtjunRdBE4T8kEdE6F82RtOXAXfPIxrgS1P3ZQrieEvxrSQBgGgBj3ABgzYBgKAB9XHoWCYBwGoB6a-G9gHANIIBQiAARAB&num=1&cid=CAASEuRoG5S3sqgREpVcBHvXfBSchQ&sig=AOD64_1OcvO60qwPPD7WSflU2KjA2toejw&client=ca-app-pub-4526847101233557&ctype=38&ms=CoACOH4cpHPdqNs_2P4QQZnwTt2L5fti1QcK_VW0ni-iPZxZyQa6HmC-E6JCguWUHbhL7qytrC7RLT5gAq3vqlDG4VbnfqTTM_FXvvjI38ZVlYXNLsUpdGZ44MQ6wZsEixkyTGYkLonmoNjGYnb0mrxb_A_XsPHbWO0qsY9XfH-tDETJhtBazrj0DBi6B6dDm-55vVCRuVanGUEpmtuMb5pR1vBT6unobOcWnamcDNVxa8t6VGiZS_AR0DbSZtzu605v5cUc9-Z8Quvb7GxFafa-MkyavXSYDxMmBjhjKbKNOaXEBOGwkMfP6bF0teHo9X4tQ9bJbaZCDoPj1j7_PIZqaAqAAicgz3L3IaI3awOsYWNe_MCIBXhjGZ1hR2Z8aGqcknKskhggCsiLA4oKO1b9d94QOB4qhDA06_UpPrp_sxaMVfmbOVrpbOvRJAGs9FhQA3-eJzpIuoFP54ZLsKf5qQoUjCSrUmsUGEfRyY93JUEO4iaF78hBIRJnDZLYUQAncmGRrqJjWr4XC4vk8wIQ0pIuojaixK2Sp2yWaUEH0XTih4GGNMs7oXfYRh6pwdGQdb6Rqpjnye6wnSV9XlHOUpNBjU6LuXaUdly5IWeo6LK0G6z4fX_-b1uv_LbBULVb3mYtwDquMJDu7n3tvegJqOcRPBQ1mnyH8clLIEgYqVfbbcYSEFH8wcvWyNNDRCzYMVWtta0&adurl=https://ads.bridgetrack.com/visitflorida/_redir.htm?BTData=G3h.B.gAB6f.Cx.zm.c6C6.opL.L0wP.F2.lhM.1.Bo.pL.E cmp=com.android.chrome/com.google.android.apps.chrome.Main} from uid 10115 on display 0
V/WindowManager(  591): addAppToken: AppWindowToken{2e4469c3 token=Token{2766172 ActivityRecord{801be7d u0 com.android.chrome/com.google.android.apps.chrome.Main t139}}} to stack=1 task=139 at 2
I/Ads     (15853): Ad leaving application.
I/ActivityManager(  591): Start proc 17123:com.android.chrome/u0a32 for activity com.android.chrome/com.google.android.apps.chrome.Main
W/DynamiteModule(17123): Local module descriptor class for com.google.android.gms.googlecertificates not found.
W/ResourcesManager(17123): Asset path '/system/framework/com.android.media.remotedisplay.jar' does not exist or contains no resources.
W/ResourcesManager(17123): Asset path '/system/framework/com.android.location.provider.jar' does not exist or contains no resources.
I/DynamiteModule(17123): Considering local module com.google.android.gms.googlecertificates:0 and remote module com.google.android.gms.googlecertificates:2
I/DynamiteModule(17123): Selected remote version of com.google.android.gms.googlecertificates, version >= 2
E/Ads     (15853): JS: Uncaught TypeError: Cannot read property 'b' of undefined (https://s.ytimg.com/yts/jsbin/player-en_US-vfl8r3fjW/base.js:3528)
I/chromium(15853): [INFO:CONSOLE(3528)] "Uncaught TypeError: Cannot read property 'b' of undefined", source: https://s.ytimg.com/yts/jsbin/player-en_US-vfl8r3fjW/base.js (3528)
E/Ads     (15853): JS: Uncaught TypeError: Cannot read property 'b' of undefined (https://s.ytimg.com/yts/jsbin/player-en_US-vfl8r3fjW/base.js:3528)
I/chromium(15853): [INFO:CONSOLE(3528)] "Uncaught TypeError: Cannot read property 'b' of undefined", source: https://s.ytimg.com/yts/jsbin/player-en_US-vfl8r3fjW/base.js (3528)
E/Ads     (15853): JS: Uncaught TypeError: Cannot read property 'b' of undefined (https://s.ytimg.com/yts/jsbin/player-en_US-vfl8r3fjW/base.js:3528)
I/chromium(15853): [INFO:CONSOLE(3528)] "Uncaught TypeError: Cannot read property 'b' of undefined", source: https://s.ytimg.com/yts/jsbin/player-en_US-vfl8r3fjW/base.js (3528)
E/Ads     (15853): JS: Uncaught TypeError: Cannot read property 'b' of undefined (https://s.ytimg.com/yts/jsbin/player-en_US-vfl8r3fjW/base.js:3528)
I/chromium(15853): [INFO:CONSOLE(3528)] "Uncaught TypeError: Cannot read property 'b' of undefined", source: https://s.ytimg.com/yts/jsbin/player-en_US-vfl8r3fjW/base.js (3528)
E/Ads     (15853): JS: Uncaught TypeError: Cannot read property 'b' of undefined (https://s.ytimg.com/yts/jsbin/player-en_US-vfl8r3fjW/base.js:3528)
I/chromium(15853): [INFO:CONSOLE(3528)] "Uncaught TypeError: Cannot read property 'b' of undefined", source: https://s.ytimg.com/yts/jsbin/player-en_US-vfl8r3fjW/base.js (3528)
W/dex2oat (16578): Compilation of ncr ncr.b(odc) took 108.042ms
W/dex2oat (16578): Compilation of nco nco.b(odc) took 114.085ms
W/Ads     (15853): JS: Blink deferred a task in order to make scrolling smoother. Your timer and network tasks should take less than 50ms to run to avoid this. Please see https://developers.google.com/web/tools/chrome-devtools/profile/evaluate-performance/rail and https://crbug.com/574343#c40 for more information. (data:text/html,chromewebdata:0)
I/chromium(15853): [INFO:CONSOLE(0)] "Blink deferred a task in order to make scrolling smoother. Your timer and network tasks should take less than 50ms to run to avoid this. Please see https://developers.google.com/web/tools/chrome-devtools/profile/evaluate-performance/rail and https://crbug.com/574343#c40 for more information.", source: data:text/html,chromewebdata (0)
I/chromium(15853): [INFO:CONSOLE(0)] "Blink deferred a task in order to make scrolling smoother. Your timer and network tasks should take less than 50ms to run to avoid this. Please see https://developers.google.com/web/tools/chrome-devtools/profile/evaluate-performance/rail and https://crbug.com/574343#c40 for more information.", source: file:///storage/emulated/0/Android/data/com.halfbrick.fruitninjafree/cache/UnityAdsCache/UnityAdsWebApp.html?platform=android&origin=https%3A%2F%2Fwebview.unityads.unity3d.com%2Fwebview%2F2.0.5%2Fe224a8bef312386111a9b37f0ab91d65d97734ba%2Frelease%2Findex.html&version=e224a8bef312386111a9b37f0ab91d65d97734ba (0)
