I/org.umd.logging(11633): Method > 936 org.cocos2dx.lib.Cocos2dxGLSurfaceView$6.run(org.cocos2dx.lib.Cocos2dxGLSurfaceView$6@5592526)
I/org.umd.logging(11633): Method < 936 org.cocos2dx.lib.Cocos2dxGLSurfaceView$6.run()
W/ResourceType(11633): No known package when getting name for resource number 0xffffffff
I/org.umd.logging(11633): Method > 1 org.cocos2dx.lib.Cocos2dxGLSurfaceView.onTouchEvent(org.cocos2dx.lib.Cocos2dxGLSurfaceView@839259446<file=><x=0><y=0><width=768><height=1184><id=-1>, android.view.MotionEvent@76580421)
I/org.umd.logging(11633): Method < 1 org.cocos2dx.lib.Cocos2dxGLSurfaceView.onTouchEvent(true)
I/org.umd.logging(11633): Method > 936 org.cocos2dx.lib.Cocos2dxGLSurfaceView$9.run(org.cocos2dx.lib.Cocos2dxGLSurfaceView$9@265190639)
I/org.umd.logging(11633): Method < 936 org.cocos2dx.lib.Cocos2dxGLSurfaceView$9.run()
W/ResourceType(11633): No known package when getting name for resource number 0xffffffff
I/org.umd.logging(11633): Method > 1 org.cocos2dx.lib.Cocos2dxGLSurfaceView.onTouchEvent(org.cocos2dx.lib.Cocos2dxGLSurfaceView@839259446<file=><x=0><y=0><width=768><height=1184><id=-1>, android.view.MotionEvent@76580421)
I/org.umd.logging(11633): Method < 1 org.cocos2dx.lib.Cocos2dxGLSurfaceView.onTouchEvent(true)
I/org.umd.logging(11633): Method > 936 org.cocos2dx.lib.Cocos2dxGLSurfaceView$6.run(org.cocos2dx.lib.Cocos2dxGLSurfaceView$6@886453244)
W/ResourceType(11633): No known package when getting name for resource number 0xffffffff
I/org.umd.logging(11633): Method > 1 org.cocos2dx.lib.Cocos2dxGLSurfaceView.onTouchEvent(org.cocos2dx.lib.Cocos2dxGLSurfaceView@839259446<file=><x=0><y=0><width=768><height=1184><id=-1>, android.view.MotionEvent@76580421)
I/org.umd.logging(11633): Method < 1 org.cocos2dx.lib.Cocos2dxGLSurfaceView.onTouchEvent(true)
W/ResourceType(11633): No known package when getting name for resource number 0xffffffff
I/org.umd.logging(11633): Method > 1 org.cocos2dx.lib.Cocos2dxGLSurfaceView.onTouchEvent(org.cocos2dx.lib.Cocos2dxGLSurfaceView@839259446<file=><x=0><y=0><width=768><height=1184><id=-1>, android.view.MotionEvent@76580421)
I/org.umd.logging(11633): Method < 1 org.cocos2dx.lib.Cocos2dxGLSurfaceView.onTouchEvent(true)
W/ResourceType(11633): No known package when getting name for resource number 0xffffffff
I/org.umd.logging(11633): Method > 1 org.cocos2dx.lib.Cocos2dxGLSurfaceView.onTouchEvent(org.cocos2dx.lib.Cocos2dxGLSurfaceView@839259446<file=><x=0><y=0><width=768><height=1184><id=-1>, android.view.MotionEvent@76580421)
I/org.umd.logging(11633): Method < 1 org.cocos2dx.lib.Cocos2dxGLSurfaceView.onTouchEvent(true)
I/org.umd.logging(11633): Method > 1 com.ninjajumprun.android.MainActivity$2.run(com.ninjajumprun.android.MainActivity$2@871570053)
I/org.umd.logging(11633): Method < 1 com.ninjajumprun.android.MainActivity$2.run()
D/audio_hw_primary(  190): out_set_parameters: enter: usecase(1: low-latency-playback) kvpairs: routing=2
W/AudioTrack(11633): AUDIO_OUTPUT_FLAG_FAST denied by client
I/org.umd.logging(11633): Method < 936 org.cocos2dx.lib.Cocos2dxGLSurfaceView$6.run()
I/org.umd.logging(11633): Method > 936 org.cocos2dx.lib.Cocos2dxGLSurfaceView$9.run(org.cocos2dx.lib.Cocos2dxGLSurfaceView$9@947192026)
W/ResourceType(11633): No known package when getting name for resource number 0xffffffff
I/org.umd.logging(11633): Method > 1 org.cocos2dx.lib.Cocos2dxGLSurfaceView.onKeyDown(org.cocos2dx.lib.Cocos2dxGLSurfaceView@839259446<file=><x=0><y=0><width=768><height=1184><id=-1>, 22, android.view.KeyEvent@850393355)
I/org.umd.logging(11633): Method < 1 org.cocos2dx.lib.Cocos2dxGLSurfaceView.onKeyDown(false)
D/luajc   (11633): CCLuaJavaBridge::callJavaStaticMethod(lua_State *L)
W/art     (11633): Call to JNI FindClass with dots in name: "com.ninjajumprun.android.MainActivity"
D/luajc   (11633): CCLuaJavaBridge::callJavaStaticMethod("com.ninjajumprun.android.MainActivity", "showBannerAd", args, "(Z)V") SUCCESS
I/org.umd.logging(11633): Method < 936 org.cocos2dx.lib.Cocos2dxGLSurfaceView$9.run()
I/org.umd.logging(11633): Method > 936 org.cocos2dx.lib.Cocos2dxGLSurfaceView$6.run(org.cocos2dx.lib.Cocos2dxGLSurfaceView$6@475042792)
I/org.umd.logging(11633): Method < 936 org.cocos2dx.lib.Cocos2dxGLSurfaceView$6.run()
I/org.umd.logging(11633): Method > 936 org.cocos2dx.lib.Cocos2dxGLSurfaceView$9.run(org.cocos2dx.lib.Cocos2dxGLSurfaceView$9@684710401)
I/org.umd.logging(11633): Method < 936 org.cocos2dx.lib.Cocos2dxGLSurfaceView$9.run()
W/ResourceType(11633): No known package when getting name for resource number 0xffffffff
I/org.umd.logging(11633): Method > 1 org.cocos2dx.lib.Cocos2dxGLSurfaceView.onTouchEvent(org.cocos2dx.lib.Cocos2dxGLSurfaceView@839259446<file=><x=0><y=0><width=768><height=1184><id=-1>, android.view.MotionEvent@76580421)
I/org.umd.logging(11633): Method < 1 org.cocos2dx.lib.Cocos2dxGLSurfaceView.onTouchEvent(true)
I/org.umd.logging(11633): Method > 936 org.cocos2dx.lib.Cocos2dxGLSurfaceView$6.run(org.cocos2dx.lib.Cocos2dxGLSurfaceView$6@313675942)
I/org.umd.logging(11633): Method < 936 org.cocos2dx.lib.Cocos2dxGLSurfaceView$6.run()
W/ResourceType(11633): No known package when getting name for resource number 0xffffffff
I/org.umd.logging(11633): Method > 1 org.cocos2dx.lib.Cocos2dxGLSurfaceView.onTouchEvent(org.cocos2dx.lib.Cocos2dxGLSurfaceView@839259446<file=><x=0><y=0><width=768><height=1184><id=-1>, android.view.MotionEvent@76580421)
I/org.umd.logging(11633): Method < 1 org.cocos2dx.lib.Cocos2dxGLSurfaceView.onTouchEvent(true)
I/org.umd.logging(11633): Method > 1 com.ninjajumprun.android.MainActivity$2.run(com.ninjajumprun.android.MainActivity$2@283319015)
I/org.umd.logging(11633): Method < 1 com.ninjajumprun.android.MainActivity$2.run()
I/org.umd.logging(11633): Method > 936 org.cocos2dx.lib.Cocos2dxGLSurfaceView$9.run(org.cocos2dx.lib.Cocos2dxGLSurfaceView$9@412026516)
I/org.umd.logging(11633): Method < 936 org.cocos2dx.lib.Cocos2dxGLSurfaceView$9.run()
W/ResourceType(11633): No known package when getting name for resource number 0xffffffff
I/org.umd.logging(11633): Method > 1 org.cocos2dx.lib.Cocos2dxGLSurfaceView.onKeyDown(org.cocos2dx.lib.Cocos2dxGLSurfaceView@839259446<file=><x=0><y=0><width=768><height=1184><id=-1>, 248, android.view.KeyEvent@861869373)
I/org.umd.logging(11633): Method < 1 org.cocos2dx.lib.Cocos2dxGLSurfaceView.onKeyDown(false)
W/ResourceType(11633): No known package when getting name for resource number 0xffffffff
I/org.umd.logging(11633): Method > 1 org.cocos2dx.lib.Cocos2dxGLSurfaceView.onTouchEvent(org.cocos2dx.lib.Cocos2dxGLSurfaceView@839259446<file=><x=0><y=0><width=768><height=1184><id=-1>, android.view.MotionEvent@76580421)
I/org.umd.logging(11633): Method < 1 org.cocos2dx.lib.Cocos2dxGLSurfaceView.onTouchEvent(true)
I/org.umd.logging(11633): Method > 936 org.cocos2dx.lib.Cocos2dxGLSurfaceView$6.run(org.cocos2dx.lib.Cocos2dxGLSurfaceView$6@35836210)
W/AudioTrack(11633): AUDIO_OUTPUT_FLAG_FAST denied by client
I/org.umd.logging(11633): Method < 936 org.cocos2dx.lib.Cocos2dxGLSurfaceView$6.run()
W/ResourceType(11633): No known package when getting name for resource number 0xffffffff
I/org.umd.logging(11633): Method > 1 org.cocos2dx.lib.Cocos2dxGLSurfaceView.onTouchEvent(org.cocos2dx.lib.Cocos2dxGLSurfaceView@839259446<file=><x=0><y=0><width=768><height=1184><id=-1>, android.view.MotionEvent@76580421)
I/org.umd.logging(11633): Method < 1 org.cocos2dx.lib.Cocos2dxGLSurfaceView.onTouchEvent(true)
I/org.umd.logging(11633): Method > 936 org.cocos2dx.lib.Cocos2dxGLSurfaceView$9.run(org.cocos2dx.lib.Cocos2dxGLSurfaceView$9@54296195)
I/org.umd.logging(11633): Method < 936 org.cocos2dx.lib.Cocos2dxGLSurfaceView$9.run()
W/ResourceType(11633): No known package when getting name for resource number 0xffffffff
I/org.umd.logging(11633): Method > 1 org.cocos2dx.lib.Cocos2dxGLSurfaceView.onTouchEvent(org.cocos2dx.lib.Cocos2dxGLSurfaceView@839259446<file=><x=0><y=0><width=768><height=1184><id=-1>, android.view.MotionEvent@76580421)
I/org.umd.logging(11633): Method < 1 org.cocos2dx.lib.Cocos2dxGLSurfaceView.onTouchEvent(true)
I/org.umd.logging(11633): Method > 936 org.cocos2dx.lib.Cocos2dxGLSurfaceView$6.run(org.cocos2dx.lib.Cocos2dxGLSurfaceView$6@731904000)
I/org.umd.logging(11633): Method < 936 org.cocos2dx.lib.Cocos2dxGLSurfaceView$6.run()
W/ResourceType(11633): No known package when getting name for resource number 0xffffffff
I/org.umd.logging(11633): Method > 1 org.cocos2dx.lib.Cocos2dxGLSurfaceView.onTouchEvent(org.cocos2dx.lib.Cocos2dxGLSurfaceView@839259446<file=><x=0><y=0><width=768><height=1184><id=-1>, android.view.MotionEvent@76580421)
I/org.umd.logging(11633): Method < 1 org.cocos2dx.lib.Cocos2dxGLSurfaceView.onTouchEvent(true)
I/org.umd.logging(11633): Method > 936 org.cocos2dx.lib.Cocos2dxGLSurfaceView$9.run(org.cocos2dx.lib.Cocos2dxGLSurfaceView$9@548194361)
I/org.umd.logging(11633): Method < 936 org.cocos2dx.lib.Cocos2dxGLSurfaceView$9.run()
W/ResourceType(11633): No known package when getting name for resource number 0xffffffff
I/org.umd.logging(11633): Method > 1 org.cocos2dx.lib.Cocos2dxGLSurfaceView.onTouchEvent(org.cocos2dx.lib.Cocos2dxGLSurfaceView@839259446<file=><x=0><y=0><width=768><height=1184><id=-1>, android.view.MotionEvent@76580421)
I/org.umd.logging(11633): Method < 1 org.cocos2dx.lib.Cocos2dxGLSurfaceView.onTouchEvent(true)
I/org.umd.logging(11633): Method > 936 org.cocos2dx.lib.Cocos2dxGLSurfaceView$6.run(org.cocos2dx.lib.Cocos2dxGLSurfaceView$6@598265470)
I/org.umd.logging(11633): Method < 936 org.cocos2dx.lib.Cocos2dxGLSurfaceView$6.run()
W/ResourceType(11633): No known package when getting name for resource number 0xffffffff
I/org.umd.logging(11633): Method > 1 org.cocos2dx.lib.Cocos2dxGLSurfaceView.onTouchEvent(org.cocos2dx.lib.Cocos2dxGLSurfaceView@839259446<file=><x=0><y=0><width=768><height=1184><id=-1>, android.view.MotionEvent@76580421)
I/org.umd.logging(11633): Method < 1 org.cocos2dx.lib.Cocos2dxGLSurfaceView.onTouchEvent(true)
I/org.umd.logging(11633): Method > 936 org.cocos2dx.lib.Cocos2dxGLSurfaceView$9.run(org.cocos2dx.lib.Cocos2dxGLSurfaceView$9@289308639)
I/org.umd.logging(11633): Method < 936 org.cocos2dx.lib.Cocos2dxGLSurfaceView$9.run()
W/ResourceType(11633): No known package when getting name for resource number 0xffffffff
I/org.umd.logging(11633): Method > 1 org.cocos2dx.lib.Cocos2dxGLSurfaceView.onTouchEvent(org.cocos2dx.lib.Cocos2dxGLSurfaceView@839259446<file=><x=0><y=0><width=768><height=1184><id=-1>, android.view.MotionEvent@76580421)
I/org.umd.logging(11633): Method < 1 org.cocos2dx.lib.Cocos2dxGLSurfaceView.onTouchEvent(true)
I/org.umd.logging(11633): Method > 936 org.cocos2dx.lib.Cocos2dxGLSurfaceView$6.run(org.cocos2dx.lib.Cocos2dxGLSurfaceView$6@671913004)
I/org.umd.logging(11633): Method < 936 org.cocos2dx.lib.Cocos2dxGLSurfaceView$6.run()
W/ResourceType(11633): No known package when getting name for resource number 0xffffffff
I/org.umd.logging(11633): Method > 1 org.cocos2dx.lib.Cocos2dxGLSurfaceView.onTouchEvent(org.cocos2dx.lib.Cocos2dxGLSurfaceView@839259446<file=><x=0><y=0><width=768><height=1184><id=-1>, android.view.MotionEvent@76580421)
I/org.umd.logging(11633): Method < 1 org.cocos2dx.lib.Cocos2dxGLSurfaceView.onTouchEvent(true)
I/org.umd.logging(11633): Method > 936 org.cocos2dx.lib.Cocos2dxGLSurfaceView$9.run(org.cocos2dx.lib.Cocos2dxGLSurfaceView$9@680046325)
I/org.umd.logging(11633): Method < 936 org.cocos2dx.lib.Cocos2dxGLSurfaceView$9.run()
W/ResourceType(11633): No known package when getting name for resource number 0xffffffff
I/org.umd.logging(11633): Method > 1 org.cocos2dx.lib.Cocos2dxGLSurfaceView.onTouchEvent(org.cocos2dx.lib.Cocos2dxGLSurfaceView@839259446<file=><x=0><y=0><width=768><height=1184><id=-1>, android.view.MotionEvent@76580421)
I/org.umd.logging(11633): Method < 1 org.cocos2dx.lib.Cocos2dxGLSurfaceView.onTouchEvent(true)
I/org.umd.logging(11633): Method > 936 org.cocos2dx.lib.Cocos2dxGLSurfaceView$6.run(org.cocos2dx.lib.Cocos2dxGLSurfaceView$6@771708042)
I/org.umd.logging(11633): Method < 936 org.cocos2dx.lib.Cocos2dxGLSurfaceView$6.run()
W/ResourceType(11633): No known package when getting name for resource number 0xffffffff
I/org.umd.logging(11633): Method > 1 org.cocos2dx.lib.Cocos2dxGLSurfaceView.onTouchEvent(org.cocos2dx.lib.Cocos2dxGLSurfaceView@839259446<file=><x=0><y=0><width=768><height=1184><id=-1>, android.view.MotionEvent@76580421)
I/org.umd.logging(11633): Method < 1 org.cocos2dx.lib.Cocos2dxGLSurfaceView.onTouchEvent(true)
I/org.umd.logging(11633): Method > 936 org.cocos2dx.lib.Cocos2dxGLSurfaceView$9.run(org.cocos2dx.lib.Cocos2dxGLSurfaceView$9@238369531)
I/org.umd.logging(11633): Method < 936 org.cocos2dx.lib.Cocos2dxGLSurfaceView$9.run()
W/ResourceType(11633): No known package when getting name for resource number 0xffffffff
I/org.umd.logging(11633): Method > 1 org.cocos2dx.lib.Cocos2dxGLSurfaceView.onTouchEvent(org.cocos2dx.lib.Cocos2dxGLSurfaceView@839259446<file=><x=0><y=0><width=768><height=1184><id=-1>, android.view.MotionEvent@76580421)
I/org.umd.logging(11633): Method < 1 org.cocos2dx.lib.Cocos2dxGLSurfaceView.onTouchEvent(true)
I/org.umd.logging(11633): Method > 936 org.cocos2dx.lib.Cocos2dxGLSurfaceView$6.run(org.cocos2dx.lib.Cocos2dxGLSurfaceView$6@499435288)
I/org.umd.logging(11633): Method < 936 org.cocos2dx.lib.Cocos2dxGLSurfaceView$6.run()
W/ResourceType(11633): No known package when getting name for resource number 0xffffffff
I/org.umd.logging(11633): Method > 1 org.cocos2dx.lib.Cocos2dxGLSurfaceView.onTouchEvent(org.cocos2dx.lib.Cocos2dxGLSurfaceView@839259446<file=><x=0><y=0><width=768><height=1184><id=-1>, android.view.MotionEvent@76580421)
I/org.umd.logging(11633): Method < 1 org.cocos2dx.lib.Cocos2dxGLSurfaceView.onTouchEvent(true)
I/org.umd.logging(11633): Method > 936 org.cocos2dx.lib.Cocos2dxGLSurfaceView$9.run(org.cocos2dx.lib.Cocos2dxGLSurfaceView$9@906118513)
I/org.umd.logging(11633): Method < 936 org.cocos2dx.lib.Cocos2dxGLSurfaceView$9.run()
W/ResourceType(11633): No known package when getting name for resource number 0xffffffff
I/org.umd.logging(11633): Method > 1 org.cocos2dx.lib.Cocos2dxGLSurfaceView.onTouchEvent(org.cocos2dx.lib.Cocos2dxGLSurfaceView@839259446<file=><x=0><y=0><width=768><height=1184><id=-1>, android.view.MotionEvent@76580421)
I/org.umd.logging(11633): Method < 1 org.cocos2dx.lib.Cocos2dxGLSurfaceView.onTouchEvent(true)
I/org.umd.logging(11633): Method > 936 org.cocos2dx.lib.Cocos2dxGLSurfaceView$6.run(org.cocos2dx.lib.Cocos2dxGLSurfaceView$6@377892694)
I/org.umd.logging(11633): Method < 936 org.cocos2dx.lib.Cocos2dxGLSurfaceView$6.run()
W/ResourceType(11633): No known package when getting name for resource number 0xffffffff
I/org.umd.logging(11633): Method > 1 org.cocos2dx.lib.Cocos2dxGLSurfaceView.onTouchEvent(org.cocos2dx.lib.Cocos2dxGLSurfaceView@839259446<file=><x=0><y=0><width=768><height=1184><id=-1>, android.view.MotionEvent@76580421)
I/org.umd.logging(11633): Method < 1 org.cocos2dx.lib.Cocos2dxGLSurfaceView.onTouchEvent(true)
I/org.umd.logging(11633): Method > 936 org.cocos2dx.lib.Cocos2dxGLSurfaceView$9.run(org.cocos2dx.lib.Cocos2dxGLSurfaceView$9@739412951)
I/org.umd.logging(11633): Method < 936 org.cocos2dx.lib.Cocos2dxGLSurfaceView$9.run()
W/ResourceType(11633): No known package when getting name for resource number 0xffffffff
I/org.umd.logging(11633): Method > 1 org.cocos2dx.lib.Cocos2dxGLSurfaceView.onTouchEvent(org.cocos2dx.lib.Cocos2dxGLSurfaceView@839259446<file=><x=0><y=0><width=768><height=1184><id=-1>, android.view.MotionEvent@76580421)
I/org.umd.logging(11633): Method < 1 org.cocos2dx.lib.Cocos2dxGLSurfaceView.onTouchEvent(true)
I/org.umd.logging(11633): Method > 936 org.cocos2dx.lib.Cocos2dxGLSurfaceView$6.run(org.cocos2dx.lib.Cocos2dxGLSurfaceView$6@701185220)
I/org.umd.logging(11633): Method < 936 org.cocos2dx.lib.Cocos2dxGLSurfaceView$6.run()
W/ResourceType(11633): No known package when getting name for resource number 0xffffffff
I/org.umd.logging(11633): Method > 1 org.cocos2dx.lib.Cocos2dxGLSurfaceView.onTouchEvent(org.cocos2dx.lib.Cocos2dxGLSurfaceView@839259446<file=><x=0><y=0><width=768><height=1184><id=-1>, android.view.MotionEvent@76580421)
I/org.umd.logging(11633): Method < 1 org.cocos2dx.lib.Cocos2dxGLSurfaceView.onTouchEvent(true)
I/org.umd.logging(11633): Method > 936 org.cocos2dx.lib.Cocos2dxGLSurfaceView$9.run(org.cocos2dx.lib.Cocos2dxGLSurfaceView$9@1000654765)
I/org.umd.logging(11633): Method < 936 org.cocos2dx.lib.Cocos2dxGLSurfaceView$9.run()
W/ResourceType(11633): No known package when getting name for resource number 0xffffffff
I/org.umd.logging(11633): Method > 1 org.cocos2dx.lib.Cocos2dxGLSurfaceView.onTouchEvent(org.cocos2dx.lib.Cocos2dxGLSurfaceView@839259446<file=><x=0><y=0><width=768><height=1184><id=-1>, android.view.MotionEvent@76580421)
I/org.umd.logging(11633): Method < 1 org.cocos2dx.lib.Cocos2dxGLSurfaceView.onTouchEvent(true)
I/org.umd.logging(11633): Method > 936 org.cocos2dx.lib.Cocos2dxGLSurfaceView$6.run(org.cocos2dx.lib.Cocos2dxGLSurfaceView$6@919464674)
I/org.umd.logging(11633): Method < 936 org.cocos2dx.lib.Cocos2dxGLSurfaceView$6.run()
W/ResourceType(11633): No known package when getting name for resource number 0xffffffff
I/org.umd.logging(11633): Method > 1 org.cocos2dx.lib.Cocos2dxGLSurfaceView.onTouchEvent(org.cocos2dx.lib.Cocos2dxGLSurfaceView@839259446<file=><x=0><y=0><width=768><height=1184><id=-1>, android.view.MotionEvent@76580421)
I/org.umd.logging(11633): Method < 1 org.cocos2dx.lib.Cocos2dxGLSurfaceView.onTouchEvent(true)
I/org.umd.logging(11633): Method > 936 org.cocos2dx.lib.Cocos2dxGLSurfaceView$9.run(org.cocos2dx.lib.Cocos2dxGLSurfaceView$9@537529971)
I/org.umd.logging(11633): Method < 936 org.cocos2dx.lib.Cocos2dxGLSurfaceView$9.run()
W/ResourceType(11633): No known package when getting name for resource number 0xffffffff
I/org.umd.logging(11633): Method > 1 org.cocos2dx.lib.Cocos2dxGLSurfaceView.onTouchEvent(org.cocos2dx.lib.Cocos2dxGLSurfaceView@839259446<file=><x=0><y=0><width=768><height=1184><id=-1>, android.view.MotionEvent@76580421)
I/org.umd.logging(11633): Method < 1 org.cocos2dx.lib.Cocos2dxGLSurfaceView.onTouchEvent(true)
I/org.umd.logging(11633): Method > 936 org.cocos2dx.lib.Cocos2dxGLSurfaceView$6.run(org.cocos2dx.lib.Cocos2dxGLSurfaceView$6@346120496)
I/org.umd.logging(11633): Method < 936 org.cocos2dx.lib.Cocos2dxGLSurfaceView$6.run()
W/ResourceType(11633): No known package when getting name for resource number 0xffffffff
I/org.umd.logging(11633): Method > 1 org.cocos2dx.lib.Cocos2dxGLSurfaceView.onTouchEvent(org.cocos2dx.lib.Cocos2dxGLSurfaceView@839259446<file=><x=0><y=0><width=768><height=1184><id=-1>, android.view.MotionEvent@76580421)
I/org.umd.logging(11633): Method < 1 org.cocos2dx.lib.Cocos2dxGLSurfaceView.onTouchEvent(true)
I/org.umd.logging(11633): Method > 936 org.cocos2dx.lib.Cocos2dxGLSurfaceView$9.run(org.cocos2dx.lib.Cocos2dxGLSurfaceView$9@259207593)
I/org.umd.logging(11633): Method < 936 org.cocos2dx.lib.Cocos2dxGLSurfaceView$9.run()
W/ResourceType(11633): No known package when getting name for resource number 0xffffffff
I/org.umd.logging(11633): Method > 1 org.cocos2dx.lib.Cocos2dxGLSurfaceView.onTouchEvent(org.cocos2dx.lib.Cocos2dxGLSurfaceView@839259446<file=><x=0><y=0><width=768><height=1184><id=-1>, android.view.MotionEvent@76580421)
I/org.umd.logging(11633): Method < 1 org.cocos2dx.lib.Cocos2dxGLSurfaceView.onTouchEvent(true)
I/org.umd.logging(11633): Method > 936 org.cocos2dx.lib.Cocos2dxGLSurfaceView$6.run(org.cocos2dx.lib.Cocos2dxGLSurfaceView$6@1055118126)
I/org.umd.logging(11633): Method < 936 org.cocos2dx.lib.Cocos2dxGLSurfaceView$6.run()
W/ResourceType(11633): No known package when getting name for resource number 0xffffffff
I/org.umd.logging(11633): Method > 1 org.cocos2dx.lib.Cocos2dxGLSurfaceView.onTouchEvent(org.cocos2dx.lib.Cocos2dxGLSurfaceView@839259446<file=><x=0><y=0><width=768><height=1184><id=-1>, android.view.MotionEvent@76580421)
I/org.umd.logging(11633): Method < 1 org.cocos2dx.lib.Cocos2dxGLSurfaceView.onTouchEvent(true)
I/org.umd.logging(11633): Method > 936 org.cocos2dx.lib.Cocos2dxGLSurfaceView$9.run(org.cocos2dx.lib.Cocos2dxGLSurfaceView$9@887955151)
I/org.umd.logging(11633): Method < 936 org.cocos2dx.lib.Cocos2dxGLSurfaceView$9.run()
W/ResourceType(11633): No known package when getting name for resource number 0xffffffff
I/org.umd.logging(11633): Method > 1 org.cocos2dx.lib.Cocos2dxGLSurfaceView.onTouchEvent(org.cocos2dx.lib.Cocos2dxGLSurfaceView@839259446<file=><x=0><y=0><width=768><height=1184><id=-1>, android.view.MotionEvent@76580421)
I/org.umd.logging(11633): Method < 1 org.cocos2dx.lib.Cocos2dxGLSurfaceView.onTouchEvent(true)
I/org.umd.logging(11633): Method > 936 org.cocos2dx.lib.Cocos2dxGLSurfaceView$6.run(org.cocos2dx.lib.Cocos2dxGLSurfaceView$6@728981596)
I/org.umd.logging(11633): Method < 936 org.cocos2dx.lib.Cocos2dxGLSurfaceView$6.run()
W/ResourceType(11633): No known package when getting name for resource number 0xffffffff
I/org.umd.logging(11633): Method > 1 org.cocos2dx.lib.Cocos2dxGLSurfaceView.onTouchEvent(org.cocos2dx.lib.Cocos2dxGLSurfaceView@839259446<file=><x=0><y=0><width=768><height=1184><id=-1>, android.view.MotionEvent@76580421)
I/org.umd.logging(11633): Method < 1 org.cocos2dx.lib.Cocos2dxGLSurfaceView.onTouchEvent(true)
I/org.umd.logging(11633): Method > 936 org.cocos2dx.lib.Cocos2dxGLSurfaceView$9.run(org.cocos2dx.lib.Cocos2dxGLSurfaceView$9@178536293)
I/org.umd.logging(11633): Method < 936 org.cocos2dx.lib.Cocos2dxGLSurfaceView$9.run()
W/ResourceType(11633): No known package when getting name for resource number 0xffffffff
I/org.umd.logging(11633): Method > 1 org.cocos2dx.lib.Cocos2dxGLSurfaceView.onKeyDown(org.cocos2dx.lib.Cocos2dxGLSurfaceView@839259446<file=><x=0><y=0><width=768><height=1184><id=-1>, 22, android.view.KeyEvent@6157370)
I/org.umd.logging(11633): Method < 1 org.cocos2dx.lib.Cocos2dxGLSurfaceView.onKeyDown(false)
W/ResourceType(11633): No known package when getting name for resource number 0xffffffff
I/org.umd.logging(11633): Method > 1 org.cocos2dx.lib.Cocos2dxGLSurfaceView.onKeyDown(org.cocos2dx.lib.Cocos2dxGLSurfaceView@839259446<file=><x=0><y=0><width=768><height=1184><id=-1>, 22, android.view.KeyEvent@658954475)
I/org.umd.logging(11633): Method < 1 org.cocos2dx.lib.Cocos2dxGLSurfaceView.onKeyDown(false)
I/org.umd.logging( 4986): Method > 1 com.cleanmaster.base.crash.util.debug.b.run(com.cleanmaster.base.crash.util.debug.b@453239735)
I/org.umd.logging( 4986): Method < 1 com.cleanmaster.base.crash.util.debug.b.run()
W/ResourceType(11633): No known package when getting name for resource number 0xffffffff
I/org.umd.logging(11633): Method > 1 org.cocos2dx.lib.Cocos2dxGLSurfaceView.onKeyDown(org.cocos2dx.lib.Cocos2dxGLSurfaceView@839259446<file=><x=0><y=0><width=768><height=1184><id=-1>, 22, android.view.KeyEvent@271944)
I/org.umd.logging(11633): Method < 1 org.cocos2dx.lib.Cocos2dxGLSurfaceView.onKeyDown(false)
W/ResourceType(11633): No known package when getting name for resource number 0xffffffff
I/org.umd.logging(11633): Method > 1 org.cocos2dx.lib.Cocos2dxGLSurfaceView.onKeyDown(org.cocos2dx.lib.Cocos2dxGLSurfaceView@839259446<file=><x=0><y=0><width=768><height=1184><id=-1>, 21, android.view.KeyEvent@689859809)
I/org.umd.logging(11633): Method < 1 org.cocos2dx.lib.Cocos2dxGLSurfaceView.onKeyDown(false)
W/ResourceType(11633): No known package when getting name for resource number 0xffffffff
I/org.umd.logging(11633): Method > 1 org.cocos2dx.lib.Cocos2dxGLSurfaceView.onTouchEvent(org.cocos2dx.lib.Cocos2dxGLSurfaceView@839259446<file=><x=0><y=0><width=768><height=1184><id=-1>, android.view.MotionEvent@76580421)
I/org.umd.logging(11633): Method < 1 org.cocos2dx.lib.Cocos2dxGLSurfaceView.onTouchEvent(true)
I/org.umd.logging(11633): Method > 936 org.cocos2dx.lib.Cocos2dxGLSurfaceView$6.run(org.cocos2dx.lib.Cocos2dxGLSurfaceView$6@505879046)
I/org.umd.logging(11633): Method < 936 org.cocos2dx.lib.Cocos2dxGLSurfaceView$6.run()
W/ResourceType(11633): No known package when getting name for resource number 0xffffffff
I/org.umd.logging(11633): Method > 1 org.cocos2dx.lib.Cocos2dxGLSurfaceView.onTouchEvent(org.cocos2dx.lib.Cocos2dxGLSurfaceView@839259446<file=><x=0><y=0><width=768><height=1184><id=-1>, android.view.MotionEvent@76580421)
I/org.umd.logging(11633): Method < 1 org.cocos2dx.lib.Cocos2dxGLSurfaceView.onTouchEvent(true)
I/org.umd.logging(11633): Method > 936 org.cocos2dx.lib.Cocos2dxGLSurfaceView$9.run(org.cocos2dx.lib.Cocos2dxGLSurfaceView$9@657987783)
I/org.umd.logging(11633): Method < 936 org.cocos2dx.lib.Cocos2dxGLSurfaceView$9.run()
W/ResourceType(11633): No known package when getting name for resource number 0xffffffff
I/org.umd.logging(11633): Method > 1 org.cocos2dx.lib.Cocos2dxGLSurfaceView.onKeyDown(org.cocos2dx.lib.Cocos2dxGLSurfaceView@839259446<file=><x=0><y=0><width=768><height=1184><id=-1>, 214, android.view.KeyEvent@995712756)
I/org.umd.logging(11633): Method < 1 org.cocos2dx.lib.Cocos2dxGLSurfaceView.onKeyDown(false)
W/ResourceType(11633): No known package when getting name for resource number 0xffffffff
I/org.umd.logging(11633): Method > 1 org.cocos2dx.lib.Cocos2dxGLSurfaceView.onTouchEvent(org.cocos2dx.lib.Cocos2dxGLSurfaceView@839259446<file=><x=0><y=0><width=768><height=1184><id=-1>, android.view.MotionEvent@76580421)
I/org.umd.logging(11633): Method < 1 org.cocos2dx.lib.Cocos2dxGLSurfaceView.onTouchEvent(true)
I/org.umd.logging(11633): Method > 936 org.cocos2dx.lib.Cocos2dxGLSurfaceView$6.run(org.cocos2dx.lib.Cocos2dxGLSurfaceView$6@615773725)
I/org.umd.logging(11633): Method < 936 org.cocos2dx.lib.Cocos2dxGLSurfaceView$6.run()
W/ResourceType(11633): No known package when getting name for resource number 0xffffffff
I/org.umd.logging(11633): Method > 1 org.cocos2dx.lib.Cocos2dxGLSurfaceView.onTouchEvent(org.cocos2dx.lib.Cocos2dxGLSurfaceView@839259446<file=><x=0><y=0><width=768><height=1184><id=-1>, android.view.MotionEvent@76580421)
I/org.umd.logging(11633): Method < 1 org.cocos2dx.lib.Cocos2dxGLSurfaceView.onTouchEvent(true)
I/org.umd.logging(11633): Method > 936 org.cocos2dx.lib.Cocos2dxGLSurfaceView$9.run(org.cocos2dx.lib.Cocos2dxGLSurfaceView$9@755683474)
I/org.umd.logging(11633): Method < 936 org.cocos2dx.lib.Cocos2dxGLSurfaceView$9.run()
W/ResourceType(11633): No known package when getting name for resource number 0xffffffff
I/org.umd.logging(11633): Method > 1 org.cocos2dx.lib.Cocos2dxGLSurfaceView.onTouchEvent(org.cocos2dx.lib.Cocos2dxGLSurfaceView@839259446<file=><x=0><y=0><width=768><height=1184><id=-1>, android.view.MotionEvent@76580421)
I/org.umd.logging(11633): Method < 1 org.cocos2dx.lib.Cocos2dxGLSurfaceView.onTouchEvent(true)
I/org.umd.logging(11633): Method > 936 org.cocos2dx.lib.Cocos2dxGLSurfaceView$6.run(org.cocos2dx.lib.Cocos2dxGLSurfaceView$6@471038563)
I/org.umd.logging(11633): Method < 936 org.cocos2dx.lib.Cocos2dxGLSurfaceView$6.run()
W/ResourceType(11633): No known package when getting name for resource number 0xffffffff
I/org.umd.logging(11633): Method > 1 org.cocos2dx.lib.Cocos2dxGLSurfaceView.onTouchEvent(org.cocos2dx.lib.Cocos2dxGLSurfaceView@839259446<file=><x=0><y=0><width=768><height=1184><id=-1>, android.view.MotionEvent@76580421)
I/org.umd.logging(11633): Method < 1 org.cocos2dx.lib.Cocos2dxGLSurfaceView.onTouchEvent(true)
I/org.umd.logging(11633): Method > 936 org.cocos2dx.lib.Cocos2dxGLSurfaceView$9.run(org.cocos2dx.lib.Cocos2dxGLSurfaceView$9@791115360)
I/org.umd.logging(11633): Method < 936 org.cocos2dx.lib.Cocos2dxGLSurfaceView$9.run()
W/ResourceType(11633): No known package when getting name for resource number 0xffffffff
I/org.umd.logging(11633): Method > 1 org.cocos2dx.lib.Cocos2dxGLSurfaceView.onKeyDown(org.cocos2dx.lib.Cocos2dxGLSurfaceView@839259446<file=><x=0><y=0><width=768><height=1184><id=-1>, 176, android.view.KeyEvent@136238873)
I/org.umd.logging(11633): Method < 1 org.cocos2dx.lib.Cocos2dxGLSurfaceView.onKeyDown(false)
W/ResourceType(11633): No known package when getting name for resource number 0xffffffff
I/org.umd.logging(11633): Method > 1 org.cocos2dx.lib.Cocos2dxGLSurfaceView.onKeyDown(org.cocos2dx.lib.Cocos2dxGLSurfaceView@839259446<file=><x=0><y=0><width=768><height=1184><id=-1>, 20, android.view.KeyEvent@285303774)
I/org.umd.logging(11633): Method < 1 org.cocos2dx.lib.Cocos2dxGLSurfaceView.onKeyDown(false)
I/ActivityManager(  594): START u0 {act=android.intent.action.MAIN cat=[android.intent.category.LAUNCHER] flg=0x10200000 cmp=com.ninjajumprun.android/.MainActivity} from uid 0 on display 0
I/art     (11633): Background sticky concurrent mark sweep GC freed 2148(111KB) AllocSpace objects, 2(6MB) LOS objects, 5% free, 39MB/41MB, paused 6.897ms total 19.166ms
W/ResourceType(11633): No known package when getting name for resource number 0xffffffff
I/org.umd.logging(11633): Method > 1 org.cocos2dx.lib.Cocos2dxGLSurfaceView.onTouchEvent(org.cocos2dx.lib.Cocos2dxGLSurfaceView@839259446<file=><x=0><y=0><width=768><height=1184><id=-1>, android.view.MotionEvent@76580421)
I/org.umd.logging(11633): Method < 1 org.cocos2dx.lib.Cocos2dxGLSurfaceView.onTouchEvent(true)
I/org.umd.logging(11633): Method > 936 org.cocos2dx.lib.Cocos2dxGLSurfaceView$6.run(org.cocos2dx.lib.Cocos2dxGLSurfaceView$6@96033215)
I/org.umd.logging(11633): Method < 936 org.cocos2dx.lib.Cocos2dxGLSurfaceView$6.run()
W/ResourceType(11633): No known package when getting name for resource number 0xffffffff
I/org.umd.logging(11633): Method > 1 org.cocos2dx.lib.Cocos2dxGLSurfaceView.onTouchEvent(org.cocos2dx.lib.Cocos2dxGLSurfaceView@839259446<file=><x=0><y=0><width=768><height=1184><id=-1>, android.view.MotionEvent@76580421)
I/org.umd.logging(11633): Method < 1 org.cocos2dx.lib.Cocos2dxGLSurfaceView.onTouchEvent(true)
I/org.umd.logging(11633): Method > 936 org.cocos2dx.lib.Cocos2dxGLSurfaceView$9.run(org.cocos2dx.lib.Cocos2dxGLSurfaceView$9@301832332)
I/org.umd.logging(11633): Method < 936 org.cocos2dx.lib.Cocos2dxGLSurfaceView$9.run()
W/ResourceType(11633): No known package when getting name for resource number 0xffffffff
I/org.umd.logging(11633): Method > 1 org.cocos2dx.lib.Cocos2dxGLSurfaceView.onTouchEvent(org.cocos2dx.lib.Cocos2dxGLSurfaceView@839259446<file=><x=0><y=0><width=768><height=1184><id=-1>, android.view.MotionEvent@76580421)
I/org.umd.logging(11633): Method < 1 org.cocos2dx.lib.Cocos2dxGLSurfaceView.onTouchEvent(true)
I/org.umd.logging(11633): Method > 936 org.cocos2dx.lib.Cocos2dxGLSurfaceView$6.run(org.cocos2dx.lib.Cocos2dxGLSurfaceView$6@901565397)
I/org.umd.logging(11633): Method < 936 org.cocos2dx.lib.Cocos2dxGLSurfaceView$6.run()
D/audio_hw_primary(  190): disable_audio_route: reset and update mixer path: deep-buffer-playback
W/ResourceType(11633): No known package when getting name for resource number 0xffffffff
I/org.umd.logging(11633): Method > 1 org.cocos2dx.lib.Cocos2dxGLSurfaceView.onTouchEvent(org.cocos2dx.lib.Cocos2dxGLSurfaceView@839259446<file=><x=0><y=0><width=768><height=1184><id=-1>, android.view.MotionEvent@76580421)
I/org.umd.logging(11633): Method < 1 org.cocos2dx.lib.Cocos2dxGLSurfaceView.onTouchEvent(true)
I/org.umd.logging(11633): Method > 936 org.cocos2dx.lib.Cocos2dxGLSurfaceView$9.run(org.cocos2dx.lib.Cocos2dxGLSurfaceView$9@591126506)
I/org.umd.logging(11633): Method < 936 org.cocos2dx.lib.Cocos2dxGLSurfaceView$9.run()
W/ResourceType(11633): No known package when getting name for resource number 0xffffffff
I/org.umd.logging(11633): Method > 1 org.cocos2dx.lib.Cocos2dxGLSurfaceView.onTouchEvent(org.cocos2dx.lib.Cocos2dxGLSurfaceView@839259446<file=><x=0><y=0><width=768><height=1184><id=-1>, android.view.MotionEvent@76580421)
I/org.umd.logging(11633): Method < 1 org.cocos2dx.lib.Cocos2dxGLSurfaceView.onTouchEvent(true)
I/org.umd.logging(11633): Method > 936 org.cocos2dx.lib.Cocos2dxGLSurfaceView$6.run(org.cocos2dx.lib.Cocos2dxGLSurfaceView$6@397660891)
I/org.umd.logging(11633): Method < 936 org.cocos2dx.lib.Cocos2dxGLSurfaceView$6.run()
W/ResourceType(11633): No known package when getting name for resource number 0xffffffff
I/org.umd.logging(11633): Method > 1 org.cocos2dx.lib.Cocos2dxGLSurfaceView.onTouchEvent(org.cocos2dx.lib.Cocos2dxGLSurfaceView@839259446<file=><x=0><y=0><width=768><height=1184><id=-1>, android.view.MotionEvent@76580421)
I/org.umd.logging(11633): Method < 1 org.cocos2dx.lib.Cocos2dxGLSurfaceView.onTouchEvent(true)
I/org.umd.logging(11633): Method > 936 org.cocos2dx.lib.Cocos2dxGLSurfaceView$9.run(org.cocos2dx.lib.Cocos2dxGLSurfaceView$9@305246584)
I/org.umd.logging(11633): Method < 936 org.cocos2dx.lib.Cocos2dxGLSurfaceView$9.run()
W/ResourceType(11633): No known package when getting name for resource number 0xffffffff
I/org.umd.logging(11633): Method > 1 org.cocos2dx.lib.Cocos2dxGLSurfaceView.onTouchEvent(org.cocos2dx.lib.Cocos2dxGLSurfaceView@839259446<file=><x=0><y=0><width=768><height=1184><id=-1>, android.view.MotionEvent@76580421)
I/org.umd.logging(11633): Method < 1 org.cocos2dx.lib.Cocos2dxGLSurfaceView.onTouchEvent(true)
I/org.umd.logging(11633): Method > 936 org.cocos2dx.lib.Cocos2dxGLSurfaceView$6.run(org.cocos2dx.lib.Cocos2dxGLSurfaceView$6@504057937)
I/org.umd.logging(11633): Method < 936 org.cocos2dx.lib.Cocos2dxGLSurfaceView$6.run()
W/ResourceType(11633): No known package when getting name for resource number 0xffffffff
I/org.umd.logging(11633): Method > 1 org.cocos2dx.lib.Cocos2dxGLSurfaceView.onTouchEvent(org.cocos2dx.lib.Cocos2dxGLSurfaceView@839259446<file=><x=0><y=0><width=768><height=1184><id=-1>, android.view.MotionEvent@76580421)
I/org.umd.logging(11633): Method < 1 org.cocos2dx.lib.Cocos2dxGLSurfaceView.onTouchEvent(true)
I/org.umd.logging(11633): Method > 936 org.cocos2dx.lib.Cocos2dxGLSurfaceView$9.run(org.cocos2dx.lib.Cocos2dxGLSurfaceView$9@753930422)
I/org.umd.logging(11633): Method < 936 org.cocos2dx.lib.Cocos2dxGLSurfaceView$9.run()
W/ResourceType(11633): No known package when getting name for resource number 0xffffffff
I/org.umd.logging(11633): Method > 1 org.cocos2dx.lib.Cocos2dxGLSurfaceView.onTouchEvent(org.cocos2dx.lib.Cocos2dxGLSurfaceView@839259446<file=><x=0><y=0><width=768><height=1184><id=-1>, android.view.MotionEvent@76580421)
I/org.umd.logging(11633): Method < 1 org.cocos2dx.lib.Cocos2dxGLSurfaceView.onTouchEvent(true)
I/org.umd.logging(11633): Method > 936 org.cocos2dx.lib.Cocos2dxGLSurfaceView$6.run(org.cocos2dx.lib.Cocos2dxGLSurfaceView$6@705872311)
I/org.umd.logging(11633): Method < 936 org.cocos2dx.lib.Cocos2dxGLSurfaceView$6.run()
W/ResourceType(11633): No known package when getting name for resource number 0xffffffff
I/org.umd.logging(11633): Method > 1 org.cocos2dx.lib.Cocos2dxGLSurfaceView.onTouchEvent(org.cocos2dx.lib.Cocos2dxGLSurfaceView@839259446<file=><x=0><y=0><width=768><height=1184><id=-1>, android.view.MotionEvent@76580421)
I/org.umd.logging(11633): Method < 1 org.cocos2dx.lib.Cocos2dxGLSurfaceView.onTouchEvent(true)
I/org.umd.logging(11633): Method > 936 org.cocos2dx.lib.Cocos2dxGLSurfaceView$9.run(org.cocos2dx.lib.Cocos2dxGLSurfaceView$9@730623268)
I/org.umd.logging(11633): Method < 936 org.cocos2dx.lib.Cocos2dxGLSurfaceView$9.run()
W/ResourceType(11633): No known package when getting name for resource number 0xffffffff
I/org.umd.logging(11633): Method > 1 org.cocos2dx.lib.Cocos2dxGLSurfaceView.onTouchEvent(org.cocos2dx.lib.Cocos2dxGLSurfaceView@839259446<file=><x=0><y=0><width=768><height=1184><id=-1>, android.view.MotionEvent@76580421)
I/org.umd.logging(11633): Method < 1 org.cocos2dx.lib.Cocos2dxGLSurfaceView.onTouchEvent(true)
I/org.umd.logging(11633): Method > 936 org.cocos2dx.lib.Cocos2dxGLSurfaceView$6.run(org.cocos2dx.lib.Cocos2dxGLSurfaceView$6@568565901)
I/org.umd.logging(11633): Method < 936 org.cocos2dx.lib.Cocos2dxGLSurfaceView$6.run()
W/ResourceType(11633): No known package when getting name for resource number 0xffffffff
I/org.umd.logging(11633): Method > 1 org.cocos2dx.lib.Cocos2dxGLSurfaceView.onTouchEvent(org.cocos2dx.lib.Cocos2dxGLSurfaceView@839259446<file=><x=0><y=0><width=768><height=1184><id=-1>, android.view.MotionEvent@76580421)
I/org.umd.logging(11633): Method < 1 org.cocos2dx.lib.Cocos2dxGLSurfaceView.onTouchEvent(true)
I/org.umd.logging(11633): Method > 936 org.cocos2dx.lib.Cocos2dxGLSurfaceView$7.run(org.cocos2dx.lib.Cocos2dxGLSurfaceView$7@48529986)
I/org.umd.logging(11633): Method < 936 org.cocos2dx.lib.Cocos2dxGLSurfaceView$7.run()
W/ResourceType(11633): No known package when getting name for resource number 0xffffffff
I/org.umd.logging(11633): Method > 1 org.cocos2dx.lib.Cocos2dxGLSurfaceView.onTouchEvent(org.cocos2dx.lib.Cocos2dxGLSurfaceView@839259446<file=><x=0><y=0><width=768><height=1184><id=-1>, android.view.MotionEvent@76580421)
I/org.umd.logging(11633): Method < 1 org.cocos2dx.lib.Cocos2dxGLSurfaceView.onTouchEvent(true)
I/org.umd.logging(11633): Method > 936 org.cocos2dx.lib.Cocos2dxGLSurfaceView$9.run(org.cocos2dx.lib.Cocos2dxGLSurfaceView$9@470270547)
I/org.umd.logging(11633): Method < 936 org.cocos2dx.lib.Cocos2dxGLSurfaceView$9.run()
W/ResourceType(11633): No known package when getting name for resource number 0xffffffff
I/org.umd.logging(11633): Method > 1 org.cocos2dx.lib.Cocos2dxGLSurfaceView.onTouchEvent(org.cocos2dx.lib.Cocos2dxGLSurfaceView@839259446<file=><x=0><y=0><width=768><height=1184><id=-1>, android.view.MotionEvent@76580421)
I/org.umd.logging(11633): Method < 1 org.cocos2dx.lib.Cocos2dxGLSurfaceView.onTouchEvent(true)
I/org.umd.logging(11633): Method > 936 org.cocos2dx.lib.Cocos2dxGLSurfaceView$6.run(org.cocos2dx.lib.Cocos2dxGLSurfaceView$6@733296528)
W/AudioTrack(11633): AUDIO_OUTPUT_FLAG_FAST denied by client
I/org.umd.logging(11633): Method < 936 org.cocos2dx.lib.Cocos2dxGLSurfaceView$6.run()
W/ResourceType(11633): No known package when getting name for resource number 0xffffffff
I/org.umd.logging(11633): Method > 1 org.cocos2dx.lib.Cocos2dxGLSurfaceView.onTouchEvent(org.cocos2dx.lib.Cocos2dxGLSurfaceView@839259446<file=><x=0><y=0><width=768><height=1184><id=-1>, android.view.MotionEvent@76580421)
I/org.umd.logging(11633): Method < 1 org.cocos2dx.lib.Cocos2dxGLSurfaceView.onTouchEvent(true)
I/org.umd.logging(11633): Method > 936 org.cocos2dx.lib.Cocos2dxGLSurfaceView$9.run(org.cocos2dx.lib.Cocos2dxGLSurfaceView$9@477542537)
I/org.umd.logging(11633): Method < 936 org.cocos2dx.lib.Cocos2dxGLSurfaceView$9.run()
W/ResourceType(11633): No known package when getting name for resource number 0xffffffff
I/org.umd.logging(11633): Method > 1 org.cocos2dx.lib.Cocos2dxGLSurfaceView.onTouchEvent(org.cocos2dx.lib.Cocos2dxGLSurfaceView@839259446<file=><x=0><y=0><width=768><height=1184><id=-1>, android.view.MotionEvent@76580421)
I/org.umd.logging(11633): Method < 1 org.cocos2dx.lib.Cocos2dxGLSurfaceView.onTouchEvent(true)
I/org.umd.logging(11633): Method > 936 org.cocos2dx.lib.Cocos2dxGLSurfaceView$6.run(org.cocos2dx.lib.Cocos2dxGLSurfaceView$6@230457486)
I/org.umd.logging(11633): Method < 936 org.cocos2dx.lib.Cocos2dxGLSurfaceView$6.run()
W/ResourceType(11633): No known package when getting name for resource number 0xffffffff
I/org.umd.logging(11633): Method > 1 org.cocos2dx.lib.Cocos2dxGLSurfaceView.onTouchEvent(org.cocos2dx.lib.Cocos2dxGLSurfaceView@839259446<file=><x=0><y=0><width=768><height=1184><id=-1>, android.view.MotionEvent@76580421)
I/org.umd.logging(11633): Method < 1 org.cocos2dx.lib.Cocos2dxGLSurfaceView.onTouchEvent(true)
I/org.umd.logging(11633): Method > 936 org.cocos2dx.lib.Cocos2dxGLSurfaceView$7.run(org.cocos2dx.lib.Cocos2dxGLSurfaceView$7@71446703)
I/org.umd.logging(11633): Method < 936 org.cocos2dx.lib.Cocos2dxGLSurfaceView$7.run()
W/ResourceType(11633): No known package when getting name for resource number 0xffffffff
I/org.umd.logging(11633): Method > 1 org.cocos2dx.lib.Cocos2dxGLSurfaceView.onTouchEvent(org.cocos2dx.lib.Cocos2dxGLSurfaceView@839259446<file=><x=0><y=0><width=768><height=1184><id=-1>, android.view.MotionEvent@76580421)
I/org.umd.logging(11633): Method < 1 org.cocos2dx.lib.Cocos2dxGLSurfaceView.onTouchEvent(true)
I/org.umd.logging(11633): Method > 1 com.ninjajumprun.android.MainActivity.onPause(com.ninjajumprun.android.MainActivity@410649080<activity=true>)
I/org.umd.logging(11633): Method > 1 org.cocos2dx.lib.Cocos2dxActivity.onPause(com.ninjajumprun.android.MainActivity@410649080<activity=true>)
I/org.umd.logging(11633): Method > 1 org.cocos2dx.lib.Cocos2dxHelper.onPause()
I/org.umd.logging(11633): Method < 1 org.cocos2dx.lib.Cocos2dxHelper.onPause()
I/org.umd.logging(11633): Method > 936 org.cocos2dx.lib.Cocos2dxGLSurfaceView$9.run(org.cocos2dx.lib.Cocos2dxGLSurfaceView$9@291388604)
I/org.umd.logging(11633): Method < 936 org.cocos2dx.lib.Cocos2dxGLSurfaceView$9.run()
W/ResourceType(11633): No known package when getting name for resource number 0xffffffff
I/org.umd.logging(11633): Method > 1 org.cocos2dx.lib.Cocos2dxGLSurfaceView.onPause(org.cocos2dx.lib.Cocos2dxGLSurfaceView@839259446<file=><x=0><y=0><width=768><height=1184><id=-1>)
I/org.umd.logging(11633): Method < 1 org.cocos2dx.lib.Cocos2dxGLSurfaceView.onPause()
I/org.umd.logging(11633): Method < 1 org.cocos2dx.lib.Cocos2dxActivity.onPause()
I/org.umd.logging(11633): Method < 1 com.ninjajumprun.android.MainActivity.onPause()
I/org.umd.logging(11633): Method > 1 com.ninjajumprun.android.MainActivity.onResume(com.ninjajumprun.android.MainActivity@410649080<activity=true>)
I/org.umd.logging(11633): Method > 1 org.cocos2dx.lib.Cocos2dxActivity.onResume(com.ninjajumprun.android.MainActivity@410649080<activity=true>)
I/org.umd.logging(11633): Method > 1 org.cocos2dx.lib.Cocos2dxHelper.onResume()
I/org.umd.logging(11633): Method < 1 org.cocos2dx.lib.Cocos2dxHelper.onResume()
I/org.umd.logging(11633): Method > 936 org.cocos2dx.lib.Cocos2dxGLSurfaceView$4.run(org.cocos2dx.lib.Cocos2dxGLSurfaceView$4@184817562)
I/org.umd.logging(11633): Method < 936 org.cocos2dx.lib.Cocos2dxGLSurfaceView$4.run()
W/ResourceType(11633): No known package when getting name for resource number 0xffffffff
I/org.umd.logging(11633): Method > 1 org.cocos2dx.lib.Cocos2dxGLSurfaceView.onResume(org.cocos2dx.lib.Cocos2dxGLSurfaceView@839259446<file=><x=0><y=0><width=768><height=1184><id=-1>)
I/org.umd.logging(11633): Method < 1 org.cocos2dx.lib.Cocos2dxGLSurfaceView.onResume()
I/org.umd.logging(11633): Method < 1 org.cocos2dx.lib.Cocos2dxActivity.onResume()
I/org.umd.logging(11633): Method < 1 com.ninjajumprun.android.MainActivity.onResume()
I/org.umd.logging(11633): Method > 936 org.cocos2dx.lib.Cocos2dxGLSurfaceView$3.run(org.cocos2dx.lib.Cocos2dxGLSurfaceView$3@185280715)
I/org.umd.logging(11633): Api > 936 android.media.MediaPlayer.start(android.media.MediaPlayer@250489092)
D/NuPlayerDriver(  190): start(0xb79c6780)
I/org.umd.logging(11633): Api < 936 android.media.MediaPlayer.start()
I/org.umd.logging(11633): Method < 936 org.cocos2dx.lib.Cocos2dxGLSurfaceView$3.run()
D/audio_hw_primary(  190): select_devices: out_snd_device(2: speaker) in_snd_device(0: none)
D/audio_hw_primary(  190): enable_audio_route: apply and update mixer path: deep-buffer-playback
W/ResourceType(11633): No known package when getting name for resource number 0xffffffff
I/org.umd.logging(11633): Method > 1 org.cocos2dx.lib.Cocos2dxGLSurfaceView.onKeyDown(org.cocos2dx.lib.Cocos2dxGLSurfaceView@839259446<file=><x=0><y=0><width=768><height=1184><id=-1>, 22, android.view.KeyEvent@842033320)
I/org.umd.logging(11633): Method < 1 org.cocos2dx.lib.Cocos2dxGLSurfaceView.onKeyDown(false)
W/ResourceType(11633): No known package when getting name for resource number 0xffffffff
I/org.umd.logging(11633): Method > 1 org.cocos2dx.lib.Cocos2dxGLSurfaceView.onKeyDown(org.cocos2dx.lib.Cocos2dxGLSurfaceView@839259446<file=><x=0><y=0><width=768><height=1184><id=-1>, 22, android.view.KeyEvent@946859969)
I/org.umd.logging(11633): Method < 1 org.cocos2dx.lib.Cocos2dxGLSurfaceView.onKeyDown(false)
W/ResourceType(11633): No known package when getting name for resource number 0xffffffff
I/org.umd.logging(11633): Method > 1 org.cocos2dx.lib.Cocos2dxGLSurfaceView.onKeyDown(org.cocos2dx.lib.Cocos2dxGLSurfaceView@839259446<file=><x=0><y=0><width=768><height=1184><id=-1>, 23, android.view.KeyEvent@318509926)
I/org.umd.logging(11633): Method < 1 org.cocos2dx.lib.Cocos2dxGLSurfaceView.onKeyDown(false)
D/audio_hw_primary(  190): out_set_parameters: enter: usecase(0: deep-buffer-playback) kvpairs: routing=2
W/ResourceType(11633): No known package when getting name for resource number 0xffffffff
I/org.umd.logging(11633): Method > 1 org.cocos2dx.lib.Cocos2dxGLSurfaceView.onKeyDown(org.cocos2dx.lib.Cocos2dxGLSurfaceView@839259446<file=><x=0><y=0><width=768><height=1184><id=-1>, 21, android.view.KeyEvent@169969319)
I/org.umd.logging(11633): Method < 1 org.cocos2dx.lib.Cocos2dxGLSurfaceView.onKeyDown(false)
W/ResourceType(11633): No known package when getting name for resource number 0xffffffff
I/org.umd.logging(11633): Method > 1 org.cocos2dx.lib.Cocos2dxGLSurfaceView.onKeyDown(org.cocos2dx.lib.Cocos2dxGLSurfaceView@839259446<file=><x=0><y=0><width=768><height=1184><id=-1>, 20, android.view.KeyEvent@326592340)
I/org.umd.logging(11633): Method < 1 org.cocos2dx.lib.Cocos2dxGLSurfaceView.onKeyDown(false)
W/ResourceType(11633): No known package when getting name for resource number 0xffffffff
I/org.umd.logging(11633): Method > 1 org.cocos2dx.lib.Cocos2dxGLSurfaceView.onTouchEvent(org.cocos2dx.lib.Cocos2dxGLSurfaceView@839259446<file=><x=0><y=0><width=768><height=1184><id=-1>, android.view.MotionEvent@76580421)
I/org.umd.logging(11633): Method < 1 org.cocos2dx.lib.Cocos2dxGLSurfaceView.onTouchEvent(true)
I/org.umd.logging(11633): Method > 936 org.cocos2dx.lib.Cocos2dxGLSurfaceView$6.run(org.cocos2dx.lib.Cocos2dxGLSurfaceView$6@709543677)
I/org.umd.logging(11633): Method < 936 org.cocos2dx.lib.Cocos2dxGLSurfaceView$6.run()
W/ResourceType(11633): No known package when getting name for resource number 0xffffffff
I/org.umd.logging(11633): Method > 1 org.cocos2dx.lib.Cocos2dxGLSurfaceView.onTouchEvent(org.cocos2dx.lib.Cocos2dxGLSurfaceView@839259446<file=><x=0><y=0><width=768><height=1184><id=-1>, android.view.MotionEvent@76580421)
I/org.umd.logging(11633): Method < 1 org.cocos2dx.lib.Cocos2dxGLSurfaceView.onTouchEvent(true)
I/org.umd.logging(11633): Method > 936 org.cocos2dx.lib.Cocos2dxGLSurfaceView$9.run(org.cocos2dx.lib.Cocos2dxGLSurfaceView$9@791019506)
I/org.umd.logging(11633): Method < 936 org.cocos2dx.lib.Cocos2dxGLSurfaceView$9.run()
W/ResourceType(11633): No known package when getting name for resource number 0xffffffff
I/org.umd.logging(11633): Method > 1 org.cocos2dx.lib.Cocos2dxGLSurfaceView.onTouchEvent(org.cocos2dx.lib.Cocos2dxGLSurfaceView@839259446<file=><x=0><y=0><width=768><height=1184><id=-1>, android.view.MotionEvent@76580421)
I/org.umd.logging(11633): Method < 1 org.cocos2dx.lib.Cocos2dxGLSurfaceView.onTouchEvent(true)
I/org.umd.logging(11633): Method > 936 org.cocos2dx.lib.Cocos2dxGLSurfaceView$6.run(org.cocos2dx.lib.Cocos2dxGLSurfaceView$6@240510531)
I/org.umd.logging(11633): Method < 936 org.cocos2dx.lib.Cocos2dxGLSurfaceView$6.run()
W/ResourceType(11633): No known package when getting name for resource number 0xffffffff
I/org.umd.logging(11633): Method > 1 org.cocos2dx.lib.Cocos2dxGLSurfaceView.onTouchEvent(org.cocos2dx.lib.Cocos2dxGLSurfaceView@839259446<file=><x=0><y=0><width=768><height=1184><id=-1>, android.view.MotionEvent@76580421)
I/org.umd.logging(11633): Method < 1 org.cocos2dx.lib.Cocos2dxGLSurfaceView.onTouchEvent(true)
I/org.umd.logging(11633): Method > 936 org.cocos2dx.lib.Cocos2dxGLSurfaceView$9.run(org.cocos2dx.lib.Cocos2dxGLSurfaceView$9@562930880)
I/org.umd.logging(11633): Method < 936 org.cocos2dx.lib.Cocos2dxGLSurfaceView$9.run()
W/ResourceType(11633): No known package when getting name for resource number 0xffffffff
I/org.umd.logging(11633): Method > 1 org.cocos2dx.lib.Cocos2dxGLSurfaceView.onTouchEvent(org.cocos2dx.lib.Cocos2dxGLSurfaceView@839259446<file=><x=0><y=0><width=768><height=1184><id=-1>, android.view.MotionEvent@76580421)
I/org.umd.logging(11633): Method < 1 org.cocos2dx.lib.Cocos2dxGLSurfaceView.onTouchEvent(true)
I/org.umd.logging(11633): Method > 936 org.cocos2dx.lib.Cocos2dxGLSurfaceView$6.run(org.cocos2dx.lib.Cocos2dxGLSurfaceView$6@503436793)
I/org.umd.logging(11633): Method < 936 org.cocos2dx.lib.Cocos2dxGLSurfaceView$6.run()
W/ResourceType(11633): No known package when getting name for resource number 0xffffffff
I/org.umd.logging(11633): Method > 1 org.cocos2dx.lib.Cocos2dxGLSurfaceView.onTouchEvent(org.cocos2dx.lib.Cocos2dxGLSurfaceView@839259446<file=><x=0><y=0><width=768><height=1184><id=-1>, android.view.MotionEvent@76580421)
I/org.umd.logging(11633): Method < 1 org.cocos2dx.lib.Cocos2dxGLSurfaceView.onTouchEvent(true)
I/org.umd.logging(11633): Method > 936 org.cocos2dx.lib.Cocos2dxGLSurfaceView$9.run(org.cocos2dx.lib.Cocos2dxGLSurfaceView$9@227551550)
I/org.umd.logging(11633): Method < 936 org.cocos2dx.lib.Cocos2dxGLSurfaceView$9.run()
W/ResourceType(11633): No known package when getting name for resource number 0xffffffff
I/org.umd.logging(11633): Method > 1 org.cocos2dx.lib.Cocos2dxGLSurfaceView.onKeyDown(org.cocos2dx.lib.Cocos2dxGLSurfaceView@839259446<file=><x=0><y=0><width=768><height=1184><id=-1>, 82, android.view.KeyEvent@384213919)
I/org.umd.logging(11633): Method < 1 org.cocos2dx.lib.Cocos2dxGLSurfaceView.onKeyDown(true)
I/org.umd.logging(11633): Method > 936 org.cocos2dx.lib.Cocos2dxGLSurfaceView$11.run(org.cocos2dx.lib.Cocos2dxGLSurfaceView$11@839404780)
I/org.umd.logging(11633): Method < 936 org.cocos2dx.lib.Cocos2dxGLSurfaceView$11.run()
W/ResourceType(11633): No known package when getting name for resource number 0xffffffff
I/org.umd.logging(11633): Method > 1 org.cocos2dx.lib.Cocos2dxGLSurfaceView.onTouchEvent(org.cocos2dx.lib.Cocos2dxGLSurfaceView@839259446<file=><x=0><y=0><width=768><height=1184><id=-1>, android.view.MotionEvent@76580421)
I/org.umd.logging(11633): Method < 1 org.cocos2dx.lib.Cocos2dxGLSurfaceView.onTouchEvent(true)
I/org.umd.logging(11633): Method > 936 org.cocos2dx.lib.Cocos2dxGLSurfaceView$6.run(org.cocos2dx.lib.Cocos2dxGLSurfaceView$6@1065408693)
