I/org.umd.logging(12608): Method > 1 org.cocos2dx.lib.Cocos2dxGLSurfaceView.onTouchEvent(org.cocos2dx.lib.Cocos2dxGLSurfaceView@461456243<file=><x=0><y=0><width=768><height=1184><id=-1>, android.view.MotionEvent@805824063)
I/org.umd.logging(12608): Method < 1 org.cocos2dx.lib.Cocos2dxGLSurfaceView.onTouchEvent(true)
I/org.umd.logging(12608): Method > 591 org.cocos2dx.lib.Cocos2dxGLSurfaceView$7.run(org.cocos2dx.lib.Cocos2dxGLSurfaceView$7@745966878)
I/org.umd.logging(12608): Method < 591 org.cocos2dx.lib.Cocos2dxGLSurfaceView$7.run()
W/ResourceType(12608): No known package when getting name for resource number 0xffffffff
I/org.umd.logging(12608): Method > 1 org.cocos2dx.lib.Cocos2dxGLSurfaceView.onTouchEvent(org.cocos2dx.lib.Cocos2dxGLSurfaceView@461456243<file=><x=0><y=0><width=768><height=1184><id=-1>, android.view.MotionEvent@805824063)
I/org.umd.logging(12608): Method > 591 org.cocos2dx.lib.Cocos2dxGLSurfaceView$7.run(org.cocos2dx.lib.Cocos2dxGLSurfaceView$7@279800319)
I/org.umd.logging(12608): Method < 591 org.cocos2dx.lib.Cocos2dxGLSurfaceView$7.run()
I/org.umd.logging(12608): Method < 1 org.cocos2dx.lib.Cocos2dxGLSurfaceView.onTouchEvent(true)
W/ResourceType(12608): No known package when getting name for resource number 0xffffffff
I/org.umd.logging(12608): Method > 1 org.cocos2dx.lib.Cocos2dxGLSurfaceView.onTouchEvent(org.cocos2dx.lib.Cocos2dxGLSurfaceView@461456243<file=><x=0><y=0><width=768><height=1184><id=-1>, android.view.MotionEvent@805824063)
I/org.umd.logging(12608): Method > 591 org.cocos2dx.lib.Cocos2dxGLSurfaceView$7.run(org.cocos2dx.lib.Cocos2dxGLSurfaceView$7@710673356)
I/org.umd.logging(12608): Method < 591 org.cocos2dx.lib.Cocos2dxGLSurfaceView$7.run()
I/org.umd.logging(12608): Method < 1 org.cocos2dx.lib.Cocos2dxGLSurfaceView.onTouchEvent(true)
W/ResourceType(12608): No known package when getting name for resource number 0xffffffff
I/org.umd.logging(12608): Method > 1 org.cocos2dx.lib.Cocos2dxGLSurfaceView.onTouchEvent(org.cocos2dx.lib.Cocos2dxGLSurfaceView@461456243<file=><x=0><y=0><width=768><height=1184><id=-1>, android.view.MotionEvent@805824063)
I/org.umd.logging(12608): Method > 591 org.cocos2dx.lib.Cocos2dxGLSurfaceView$9.run(org.cocos2dx.lib.Cocos2dxGLSurfaceView$9@236844565)
I/org.umd.logging(12608): Method < 1 org.cocos2dx.lib.Cocos2dxGLSurfaceView.onTouchEvent(true)
I/org.umd.logging(12608): Method < 591 org.cocos2dx.lib.Cocos2dxGLSurfaceView$9.run()
D/audio_hw_primary(  188): out_set_parameters: enter: usecase(0: deep-buffer-playback) kvpairs: routing=2
W/ResourceType(12608): No known package when getting name for resource number 0xffffffff
I/org.umd.logging(12608): Method > 1 org.cocos2dx.lib.Cocos2dxGLSurfaceView.onTouchEvent(org.cocos2dx.lib.Cocos2dxGLSurfaceView@461456243<file=><x=0><y=0><width=768><height=1184><id=-1>, android.view.MotionEvent@805824063)
I/org.umd.logging(12608): Method < 1 org.cocos2dx.lib.Cocos2dxGLSurfaceView.onTouchEvent(true)
I/org.umd.logging(12608): Method > 591 org.cocos2dx.lib.Cocos2dxGLSurfaceView$6.run(org.cocos2dx.lib.Cocos2dxGLSurfaceView$6@217734442)
W/AudioTrack(12608): AUDIO_OUTPUT_FLAG_FAST denied by client
I/org.umd.logging(12608): Method < 591 org.cocos2dx.lib.Cocos2dxGLSurfaceView$6.run()
W/ResourceType(12608): No known package when getting name for resource number 0xffffffff
I/org.umd.logging(12608): Method > 1 org.cocos2dx.lib.Cocos2dxGLSurfaceView.onTouchEvent(org.cocos2dx.lib.Cocos2dxGLSurfaceView@461456243<file=><x=0><y=0><width=768><height=1184><id=-1>, android.view.MotionEvent@805824063)
I/org.umd.logging(12608): Method < 1 org.cocos2dx.lib.Cocos2dxGLSurfaceView.onTouchEvent(true)
I/org.umd.logging(12608): Method > 591 org.cocos2dx.lib.Cocos2dxGLSurfaceView$7.run(org.cocos2dx.lib.Cocos2dxGLSurfaceView$7@125347611)
I/org.umd.logging(12608): Method < 591 org.cocos2dx.lib.Cocos2dxGLSurfaceView$7.run()
W/ResourceType(12608): No known package when getting name for resource number 0xffffffff
I/org.umd.logging(12608): Method > 1 org.cocos2dx.lib.Cocos2dxGLSurfaceView.onTouchEvent(org.cocos2dx.lib.Cocos2dxGLSurfaceView@461456243<file=><x=0><y=0><width=768><height=1184><id=-1>, android.view.MotionEvent@805824063)
I/org.umd.logging(12608): Method < 1 org.cocos2dx.lib.Cocos2dxGLSurfaceView.onTouchEvent(true)
I/org.umd.logging(12608): Method > 591 org.cocos2dx.lib.Cocos2dxGLSurfaceView$7.run(org.cocos2dx.lib.Cocos2dxGLSurfaceView$7@187404472)
I/org.umd.logging(12608): Method < 591 org.cocos2dx.lib.Cocos2dxGLSurfaceView$7.run()
W/ResourceType(12608): No known package when getting name for resource number 0xffffffff
I/org.umd.logging(12608): Method > 1 org.cocos2dx.lib.Cocos2dxGLSurfaceView.onTouchEvent(org.cocos2dx.lib.Cocos2dxGLSurfaceView@461456243<file=><x=0><y=0><width=768><height=1184><id=-1>, android.view.MotionEvent@805824063)
I/org.umd.logging(12608): Method < 1 org.cocos2dx.lib.Cocos2dxGLSurfaceView.onTouchEvent(true)
I/org.umd.logging(12608): Method > 591 org.cocos2dx.lib.Cocos2dxGLSurfaceView$7.run(org.cocos2dx.lib.Cocos2dxGLSurfaceView$7@771022481)
I/org.umd.logging(12608): Method < 591 org.cocos2dx.lib.Cocos2dxGLSurfaceView$7.run()
W/ResourceType(12608): No known package when getting name for resource number 0xffffffff
I/org.umd.logging(12608): Method > 1 org.cocos2dx.lib.Cocos2dxGLSurfaceView.onTouchEvent(org.cocos2dx.lib.Cocos2dxGLSurfaceView@461456243<file=><x=0><y=0><width=768><height=1184><id=-1>, android.view.MotionEvent@805824063)
I/org.umd.logging(12608): Method < 1 org.cocos2dx.lib.Cocos2dxGLSurfaceView.onTouchEvent(true)
I/org.umd.logging(12608): Method > 591 org.cocos2dx.lib.Cocos2dxGLSurfaceView$9.run(org.cocos2dx.lib.Cocos2dxGLSurfaceView$9@574169590)
I/org.umd.logging(12608): Method < 591 org.cocos2dx.lib.Cocos2dxGLSurfaceView$9.run()
W/AudioTrack(12608): AUDIO_OUTPUT_FLAG_FAST denied by client
W/AudioTrack(12608): AUDIO_OUTPUT_FLAG_FAST denied by client
D/audio_hw_primary(  188): out_set_parameters: enter: usecase(0: deep-buffer-playback) kvpairs: routing=2
I/org.umd.logging(12608): Api > 591 android.media.MediaPlayer.stop(android.media.MediaPlayer@724136201)
D/NuPlayerDriver(  188): stop(0xb769db20)
I/org.umd.logging(12608): Api < 591 android.media.MediaPlayer.stop()
D/NuPlayerDriver(  188): start(0xb76da0a8)
I/GenericSource(  188): start
D/NuPlayerDriver(  188): reset(0xb76da0a8)
D/NuPlayerDriver(  188): notifyResetComplete(0xb76da0a8)
W/AudioTrack(12608): AUDIO_OUTPUT_FLAG_FAST denied by client
W/ResourceType(12608): No known package when getting name for resource number 0xffffffff
I/org.umd.logging(12608): Method > 1 org.cocos2dx.lib.Cocos2dxGLSurfaceView.onTouchEvent(org.cocos2dx.lib.Cocos2dxGLSurfaceView@461456243<file=><x=0><y=0><width=768><height=1184><id=-1>, android.view.MotionEvent@805824063)
I/org.umd.logging(12608): Method < 1 org.cocos2dx.lib.Cocos2dxGLSurfaceView.onTouchEvent(true)
I/org.umd.logging(12608): Method > 591 org.cocos2dx.lib.Cocos2dxGLSurfaceView$6.run(org.cocos2dx.lib.Cocos2dxGLSurfaceView$6@888183287)
W/ResourceType(12608): No known package when getting name for resource number 0xffffffff
I/org.umd.logging(12608): Method > 1 org.cocos2dx.lib.Cocos2dxGLSurfaceView.onTouchEvent(org.cocos2dx.lib.Cocos2dxGLSurfaceView@461456243<file=><x=0><y=0><width=768><height=1184><id=-1>, android.view.MotionEvent@805824063)
I/org.umd.logging(12608): Method < 1 org.cocos2dx.lib.Cocos2dxGLSurfaceView.onTouchEvent(true)
D/NuPlayerDriver(  188): start(0xb7724dc0)
I/GenericSource(  188): start
D/NuPlayerDriver(  188): reset(0xb7724dc0)
D/NuPlayerDriver(  188): notifyResetComplete(0xb7724dc0)
W/AudioTrack(12608): AUDIO_OUTPUT_FLAG_FAST denied by client
I/org.umd.logging(12608): Method < 591 org.cocos2dx.lib.Cocos2dxGLSurfaceView$6.run()
I/org.umd.logging(12608): Method > 591 org.cocos2dx.lib.Cocos2dxGLSurfaceView$9.run(org.cocos2dx.lib.Cocos2dxGLSurfaceView$9@627376228)
D/luajc   (12608): CCLuaJavaBridge::callJavaStaticMethod(lua_State *L)
W/art     (12608): Call to JNI FindClass with dots in name: "com.ninjajumprun.android.MainActivity"
D/luajc   (12608): CCLuaJavaBridge::callJavaStaticMethod("com.ninjajumprun.android.MainActivity", "showBannerAd", args, "(Z)V") SUCCESS
I/org.umd.logging(12608): Method < 591 org.cocos2dx.lib.Cocos2dxGLSurfaceView$9.run()
I/org.umd.logging(12608): Method > 1 com.ninjajumprun.android.MainActivity$2.run(com.ninjajumprun.android.MainActivity$2@595055309)
I/org.umd.logging(12608): Method < 1 com.ninjajumprun.android.MainActivity$2.run()
I/DownloadManagerWrapper( 6250): onReceive() : Charging = true
W/ResourceType( 5970): No package identifier when getting value for resource number 0x00000000
W/PackageManager( 5970): Failure retrieving resources for com.ninjajumprun.android: Resource ID #0x0
I/ActivityManager(  601): START u0 {act=com.android.systemui.recents.SHOW_RECENTS flg=0x10804000 cmp=com.android.systemui/.recents.RecentsActivity} from uid 10022 on display 0
I/org.umd.logging(12608): Method > 1 com.ninjajumprun.android.MainActivity.onPause(com.ninjajumprun.android.MainActivity@562672813<activity=true>)
I/org.umd.logging(12608): Method > 1 org.cocos2dx.lib.Cocos2dxActivity.onPause(com.ninjajumprun.android.MainActivity@562672813<activity=true>)
I/org.umd.logging(12608): Method > 1 org.cocos2dx.lib.Cocos2dxHelper.onPause()
I/org.umd.logging(12608): Method < 1 org.cocos2dx.lib.Cocos2dxHelper.onPause()
W/ResourceType(12608): No known package when getting name for resource number 0xffffffff
I/org.umd.logging(12608): Method > 1 org.cocos2dx.lib.Cocos2dxGLSurfaceView.onPause(org.cocos2dx.lib.Cocos2dxGLSurfaceView@461456243<file=><x=0><y=0><width=768><height=1184><id=-1>)
I/org.umd.logging(12608): Method < 1 org.cocos2dx.lib.Cocos2dxGLSurfaceView.onPause()
I/org.umd.logging(12608): Method < 1 org.cocos2dx.lib.Cocos2dxActivity.onPause()
I/org.umd.logging(12608): Method < 1 com.ninjajumprun.android.MainActivity.onPause()
I/org.umd.logging(12608): Method > 591 org.cocos2dx.lib.Cocos2dxGLSurfaceView$4.run(org.cocos2dx.lib.Cocos2dxGLSurfaceView$4@881516179)
I/org.umd.logging(12608): Method < 591 org.cocos2dx.lib.Cocos2dxGLSurfaceView$4.run()
W/InputMethodManagerService(  601): Starting input on non-focused client com.android.internal.view.IInputMethodClient$Stub$Proxy@3098a9fb (uid=10223 pid=12608)
D/audio_hw_primary(  188): disable_audio_route: reset and update mixer path: deep-buffer-playback
I/ActivityManager(  601): Killing 12608:com.ninjajumprun.android/u0a223 (adj 9): remove task
I/org.umd.logging(12608): Method > 1 com.ninjajumprun.android.MainActivity.onDestroy(com.ninjajumprun.android.MainActivity@562672813<activity=true>)
D/ConnectivityService(  601): ConnectivityService NetworkRequestInfo binderDied(NetworkRequest [ id=16, legacyType=-1, [ Capabilities: INTERNET&NOT_RESTRICTED&TRUSTED] ], android.os.BinderProxy@27ed0a18)
I/WindowState(  601): WIN DEATH: Window{3905af64 u0 com.ninjajumprun.android/com.ninjajumprun.android.MainActivity}
W/WindowManager(  601): Force-removing child win Window{173d81c9 u0 SurfaceView} from container Window{3905af64 u0 com.ninjajumprun.android/com.ninjajumprun.android.MainActivity}
D/ConnectivityService(  601): releasing NetworkRequest NetworkRequest [ id=16, legacyType=-1, [ Capabilities: INTERNET&NOT_RESTRICTED&TRUSTED] ]
D/NuPlayerDriver(  188): reset(0xb769db20)
E/ConnectivityService(  601): RemoteException caught trying to send a callback msg for NetworkRequest [ id=16, legacyType=-1, [ Capabilities: INTERNET&NOT_RESTRICTED&TRUSTED] ]
D/NuPlayerDriver(  188): notifyResetComplete(0xb769db20)
W/AudioFlinger(  188): session id 59 not found for pid 12608
I/ActivityManager(  601): START u0 {act=android.intent.action.MAIN cat=[android.intent.category.HOME] flg=0x10200000 cmp=com.android.launcher/com.android.launcher2.Launcher} from uid 10022 on display 0
D/TaskPersister(  601): removeObsoleteFile: deleting file=5_task.xml
D/TaskPersister(  601): removeObsoleteFile: deleting file=5_task_thumbnail.png
W/OpenGLRenderer( 6361): Incorrectly called buildLayer on View: ShortcutAndWidgetContainer, destroying layer...
W/OpenGLRenderer( 6361): Incorrectly called buildLayer on View: ShortcutAndWidgetContainer, destroying layer...
D/audio_hw_primary(  188): disable_audio_route: reset and update mixer path: low-latency-playback
D/audio_hw_primary(  188): disable_snd_device: snd_device(2: speaker)
E/WifiStateMachine(  601): WifiStateMachine CMD_START_SCAN source -2 txSuccessRate=1.06 rxSuccessRate=0.51 targetRoamBSSID=b4:e9:b0:e5:06:d0 RSSI=-46
I/DownloadManagerWrapper( 6250): onReceive() : Charging = true
