--------- beginning of system
I/ActivityManager(  601): START u0 {act=android.intent.action.MAIN flg=0x10000000 cmp=com.ninjajumprun.android/.MainActivity bnds=[40,185][200,385] (has extras)} from uid 10014 on display 0
V/WindowManager(  601): addAppToken: AppWindowToken{1ae6cd72 token=Token{2b805a7d ActivityRecord{138118d4 u0 com.ninjajumprun.android/.MainActivity t5}}} to stack=1 task=5 at 0
V/WindowManager(  601): Adding window Window{1a40ee40 u0 Starting com.ninjajumprun.android} at 3 of 8 (after Window{1b922eb4 u0 com.android.launcher/com.android.launcher2.Launcher})
--------- beginning of main
D/audio_hw_primary(  188): select_devices: out_snd_device(2: speaker) in_snd_device(0: none)
D/ACDB-LOADER(  188): ACDB -> send_afe_cal
D/audio_hw_primary(  188): enable_snd_device: snd_device(2: speaker)
D/audio_hw_primary(  188): enable_audio_route: apply and update mixer path: low-latency-playback
I/ActivityManager(  601): Start proc 12608:com.ninjajumprun.android/u0a223 for activity com.ninjajumprun.android/.MainActivity
I/org.umd.logging(12608): Method > 1 com.ninjajumprun.android.MainActivity.onCreate(com.ninjajumprun.android.MainActivity@562672813<activity=true>, null)
I/org.umd.logging(12608): Method > 1 org.cocos2dx.lib.Cocos2dxActivity.onCreate(com.ninjajumprun.android.MainActivity@562672813<activity=true>, null)
I/org.umd.logging(12608): Method > 1 org.cocos2dx.lib.Cocos2dxActivity.onCreateView(com.ninjajumprun.android.MainActivity@562672813<activity=true>)
W/ResourceType(12608): No known package when getting name for resource number 0xffffffff
I/org.umd.logging(12608): Method < 1 org.cocos2dx.lib.Cocos2dxActivity.onCreateView(org.cocos2dx.lib.Cocos2dxGLSurfaceView@461456243<file=><x=0><y=0><width=0><height=0><id=-1>)
I/org.umd.logging(12608): Method < 1 org.cocos2dx.lib.Cocos2dxActivity.onCreate()
W/ResourcesManager(12608): Asset path '/system/framework/com.android.media.remotedisplay.jar' does not exist or contains no resources.
W/ResourcesManager(12608): Asset path '/system/framework/com.android.location.provider.jar' does not exist or contains no resources.
D/DynamitePackage(12608): Instantiated singleton DynamitePackage.
D/DynamitePackage(12608): Instantiating com.google.android.gms.ads.ChimeraAdManagerCreatorImpl
I/DynamiteModule(12608): Considering local module com.google.android.gms.piccard.dynamite:0 and remote module com.google.android.gms.piccard.dynamite:9
I/DynamiteModule(12608): Selected remote version of com.google.android.gms.piccard.dynamite, version >= 9
E/DynamiteModule(12608): Failed to load DynamiteLoader: java.lang.ClassNotFoundException: Didn't find class "com.google.android.gms.dynamite.DynamiteModule$DynamiteLoaderClassLoader" on path: DexPathList[[zip file "/data/app/com.ninjajumprun.android-1/base.apk"],nativeLibraryDirectories=[/data/app/com.ninjajumprun.android-1/lib/arm, /vendor/lib, /system/lib]]
W/DynamiteModule(12608): Failed to load remote module: Failed to get module context
W/DynamiteModule(12608): Failed to load module via fast routeajo: Remote load failed. No local fallback found.
I/DynamiteModule(12608): Considering local module com.google.android.gms.piccard.dynamite:0 and remote module com.google.android.gms.piccard.dynamite:9
I/DynamiteModule(12608): Selected remote version of com.google.android.gms.piccard.dynamite, version >= 9
I/WebViewFactory(12608): Loading com.google.android.webview version 54.0.2840.85 (code 284008500)
I/art     (12608): Rejecting re-init on previously-failed class java.lang.Class<com.android.webview.chromium.TokenBindingManagerAdapter>
I/art     (12608): Rejecting re-init on previously-failed class java.lang.Class<com.android.webview.chromium.TokenBindingManagerAdapter>
I/art     (12608): Rejecting re-init on previously-failed class java.lang.Class<com.android.webview.chromium.ServiceWorkerControllerAdapter>
I/art     (12608): Rejecting re-init on previously-failed class java.lang.Class<com.android.webview.chromium.ServiceWorkerControllerAdapter>
I/cr_LibraryLoader(12608): Time to load native libraries: 12 ms (timestamps 8049-8061)
I/cr_LibraryLoader(12608): Expected native library version number "54.0.2840.85", actual native library version number "54.0.2840.85"
I/cr_LibraryLoader(12608): Expected native library version number "54.0.2840.85", actual native library version number "54.0.2840.85"
I/chromium(12608): [INFO:library_loader_hooks.cc(151)] Chromium logging enabled: level = 0, default verbosity = 0
I/dex2oat (12661): /system/bin/dex2oat --runtime-arg -classpath --runtime-arg  --instruction-set=arm --instruction-set-features=div --runtime-arg -Xrelocate --boot-image=/system/framework/boot.art --dex-file=/data/data/com.ninjajumprun.android/cache/1470286953684.jar --oat-fd=25 --oat-location=/data/data/com.ninjajumprun.android/cache/1470286953684.dex --runtime-arg -Xms64m --runtime-arg -Xmx512m
I/VideoCapabilities(12608): Unsupported profile 4 for video/mp4v-es
I/cr_BrowserStartup(12608): Initializing chromium process, singleProcess=true
I/Adreno-EGL(12608): <qeglDrvAPI_eglInitialize:379>: QUALCOMM Build: 01/15/15, ab0075f, Id3510ff6dc
I/dex2oat (12661): dex2oat took 149.519ms (threads: 4) arena alloc=190KB java alloc=24KB native alloc=1174KB free=25KB
I/art     (  601): Explicit concurrent mark sweep GC freed 87017(3MB) AllocSpace objects, 2(32KB) LOS objects, 33% free, 21MB/32MB, paused 1.464ms total 113.810ms
I/Ads     (12608): Starting ad request.
I/Ads     (12608): Use AdRequest.Builder.addTestDevice("1F480C9603A7924489313051413E5A68") to get test ads on this device.
I/Ads     (12608): Please set theme of AdActivity to @android:style/Theme.Translucent to enable transparent background interstitial ad.
D/DynamitePackage(12608): Instantiating com.google.android.gms.ads.ChimeraAdManagerCreatorImpl
I/Ads     (12608): Starting ad request.
I/Ads     (12608): Use AdRequest.Builder.addTestDevice("1F480C9603A7924489313051413E5A68") to get test ads on this device.
I/Ads     (12608): Please set theme of AdActivity to @android:style/Theme.Translucent to enable transparent background interstitial ad.
I/org.umd.logging(12608): Method < 1 com.ninjajumprun.android.MainActivity.onCreate()
I/org.umd.logging(12608): Method > 1 com.ninjajumprun.android.MainActivity.onStart(com.ninjajumprun.android.MainActivity@562672813<activity=true>)
I/org.umd.logging(12608): Method > 1 org.cocos2dx.lib.Cocos2dxActivity.onStart(com.ninjajumprun.android.MainActivity@562672813<activity=true>)
I/org.umd.logging(12608): Method < 1 org.cocos2dx.lib.Cocos2dxActivity.onStart()
I/org.umd.logging(12608): Method < 1 com.ninjajumprun.android.MainActivity.onStart()
I/org.umd.logging(12608): Method > 1 com.ninjajumprun.android.MainActivity.onResume(com.ninjajumprun.android.MainActivity@562672813<activity=true>)
I/org.umd.logging(12608): Method > 1 org.cocos2dx.lib.Cocos2dxActivity.onResume(com.ninjajumprun.android.MainActivity@562672813<activity=true>)
I/org.umd.logging(12608): Method > 1 org.cocos2dx.lib.Cocos2dxHelper.onResume()
I/org.umd.logging(12608): Method < 1 org.cocos2dx.lib.Cocos2dxHelper.onResume()
W/ResourceType(12608): No known package when getting name for resource number 0xffffffff
I/org.umd.logging(12608): Method > 1 org.cocos2dx.lib.Cocos2dxGLSurfaceView.onResume(org.cocos2dx.lib.Cocos2dxGLSurfaceView@461456243<file=><x=0><y=0><width=0><height=0><id=-1>)
I/org.umd.logging(12608): Method < 1 org.cocos2dx.lib.Cocos2dxGLSurfaceView.onResume()
I/org.umd.logging(12608): Method < 1 org.cocos2dx.lib.Cocos2dxActivity.onResume()
I/org.umd.logging(12608): Method > 591 org.cocos2dx.lib.Cocos2dxGLSurfaceView$3.run(org.cocos2dx.lib.Cocos2dxGLSurfaceView$3@644005793)
I/org.umd.logging(12608): Method < 1 com.ninjajumprun.android.MainActivity.onResume()
I/org.umd.logging(12608): Method < 591 org.cocos2dx.lib.Cocos2dxGLSurfaceView$3.run()
W/ActivityManager(  601): getRunningAppProcesses: caller 10223 does not hold REAL_GET_TASKS; limiting output
W/ActivityManager(  601): getRunningAppProcesses: caller 10223 does not hold REAL_GET_TASKS; limiting output
D/OpenGLRenderer(12608): Use EGL_SWAP_BEHAVIOR_PRESERVED: true
D/Atlas   (12608): Validating map...
V/WindowManager(  601): Adding window Window{3905af64 u0 com.ninjajumprun.android/com.ninjajumprun.android.MainActivity} at 3 of 9 (before Window{1a40ee40 u0 Starting com.ninjajumprun.android})
D/ConnectivityService(  601): listenForNetwork for NetworkRequest [ id=16, legacyType=-1, [ Capabilities: INTERNET&NOT_RESTRICTED&TRUSTED] ]
D/ConnectivityService(  601): handleRegisterNetworkRequest checking NetworkAgentInfo [WIFI () - 100]
D/ConnectivityService(  601): apparently satisfied.  currentScore=60
D/ConnectivityManager.CallbackHandler(12608): CM callback handler got msg 524290
I/OpenGLRenderer(12608): Initialized EGL, version 1.4
D/OpenGLRenderer(12608): Enabling debug mode 0
V/WindowManager(  601): Adding window Window{173d81c9 u0 SurfaceView} at 3 of 10 (before Window{3905af64 u0 com.ninjajumprun.android/com.ninjajumprun.android.MainActivity})
I/ActivityManager(  601): Displayed com.ninjajumprun.android/.MainActivity: +1s206ms
I/Ads     ( 6798): Received log message: <Google:HTML> You are using version 4.5 of the Google Play services Ads SDK. Please consider updating your SDK to the most recent SDK version to get the latest features and bug fixes. See http://goo.gl/r2TRzC for instructions on how to get the latest version of Google Play services.
W/Ads     ( 6798): Received error HTTP response code: 403
W/Ads     (12608): There was a problem getting an ad response. ErrorCode: 0
W/Ads     (12608): Failed to load ad: 0
W/Ads     ( 6798): Received error HTTP response code: 403
W/Ads     (12608): There was a problem getting an ad response. ErrorCode: 0
W/Ads     (12608): Failed to load ad: 0
W/Adreno-ES20(12608): <core_glHint:84>: GL_INVALID_ENUM
D/audio_hw_primary(  188): disable_audio_route: reset and update mixer path: low-latency-playback
D/audio_hw_primary(  188): disable_snd_device: snd_device(2: speaker)
I/DownloadManagerWrapper( 6250): onReceive() : Charging = true
I/DownloadManagerWrapper( 6250): onReceive() : Charging = true
W/ResourceType(12608): No known package when getting name for resource number 0xffffffff
I/org.umd.logging(12608): Method > 1 org.cocos2dx.lib.Cocos2dxGLSurfaceView.onTouchEvent(org.cocos2dx.lib.Cocos2dxGLSurfaceView@461456243<file=><x=0><y=0><width=768><height=1184><id=-1>, android.view.MotionEvent@805824063)
I/org.umd.logging(12608): Method < 1 org.cocos2dx.lib.Cocos2dxGLSurfaceView.onTouchEvent(true)
I/org.umd.logging(12608): Method > 591 org.cocos2dx.lib.Cocos2dxGLSurfaceView$6.run(org.cocos2dx.lib.Cocos2dxGLSurfaceView$6@964258901)
W/ResourceType(12608): No known package when getting name for resource number 0xffffffff
I/org.umd.logging(12608): Method > 1 org.cocos2dx.lib.Cocos2dxGLSurfaceView.onTouchEvent(org.cocos2dx.lib.Cocos2dxGLSurfaceView@461456243<file=><x=0><y=0><width=768><height=1184><id=-1>, android.view.MotionEvent@805824063)
I/org.umd.logging(12608): Method < 591 org.cocos2dx.lib.Cocos2dxGLSurfaceView$6.run()
I/org.umd.logging(12608): Method < 1 org.cocos2dx.lib.Cocos2dxGLSurfaceView.onTouchEvent(true)
I/org.umd.logging(12608): Method > 591 org.cocos2dx.lib.Cocos2dxGLSurfaceView$7.run(org.cocos2dx.lib.Cocos2dxGLSurfaceView$7@698263387)
I/org.umd.logging(12608): Method < 591 org.cocos2dx.lib.Cocos2dxGLSurfaceView$7.run()
I/art     (12608): Background sticky concurrent mark sweep GC freed 20615(1194KB) AllocSpace objects, 7(110KB) LOS objects, 0% free, 25MB/25MB, paused 7.843ms total 54.936ms
W/ResourceType(12608): No known package when getting name for resource number 0xffffffff
I/org.umd.logging(12608): Method > 1 org.cocos2dx.lib.Cocos2dxGLSurfaceView.onTouchEvent(org.cocos2dx.lib.Cocos2dxGLSurfaceView@461456243<file=><x=0><y=0><width=768><height=1184><id=-1>, android.view.MotionEvent@805824063)
I/org.umd.logging(12608): Method < 1 org.cocos2dx.lib.Cocos2dxGLSurfaceView.onTouchEvent(true)
I/org.umd.logging(12608): Method > 591 org.cocos2dx.lib.Cocos2dxGLSurfaceView$9.run(org.cocos2dx.lib.Cocos2dxGLSurfaceView$9@875657425)
I/org.umd.logging(12608): Method < 591 org.cocos2dx.lib.Cocos2dxGLSurfaceView$9.run()
W/ResourceType(12608): No known package when getting name for resource number 0xffffffff
I/org.umd.logging(12608): Method > 1 org.cocos2dx.lib.Cocos2dxGLSurfaceView.onTouchEvent(org.cocos2dx.lib.Cocos2dxGLSurfaceView@461456243<file=><x=0><y=0><width=768><height=1184><id=-1>, android.view.MotionEvent@805824063)
I/org.umd.logging(12608): Method < 1 org.cocos2dx.lib.Cocos2dxGLSurfaceView.onTouchEvent(true)
I/org.umd.logging(12608): Method > 591 org.cocos2dx.lib.Cocos2dxGLSurfaceView$6.run(org.cocos2dx.lib.Cocos2dxGLSurfaceView$6@243683126)
I/org.umd.logging(12608): Method < 591 org.cocos2dx.lib.Cocos2dxGLSurfaceView$6.run()
W/ResourceType(12608): No known package when getting name for resource number 0xffffffff
I/org.umd.logging(12608): Method > 1 org.cocos2dx.lib.Cocos2dxGLSurfaceView.onTouchEvent(org.cocos2dx.lib.Cocos2dxGLSurfaceView@461456243<file=><x=0><y=0><width=768><height=1184><id=-1>, android.view.MotionEvent@805824063)
I/org.umd.logging(12608): Method < 1 org.cocos2dx.lib.Cocos2dxGLSurfaceView.onTouchEvent(true)
I/org.umd.logging(12608): Method > 591 org.cocos2dx.lib.Cocos2dxGLSurfaceView$7.run(org.cocos2dx.lib.Cocos2dxGLSurfaceView$7@353787447)
I/org.umd.logging(12608): Method < 591 org.cocos2dx.lib.Cocos2dxGLSurfaceView$7.run()
W/ResourceType(12608): No known package when getting name for resource number 0xffffffff
I/org.umd.logging(12608): Method > 1 org.cocos2dx.lib.Cocos2dxGLSurfaceView.onTouchEvent(org.cocos2dx.lib.Cocos2dxGLSurfaceView@461456243<file=><x=0><y=0><width=768><height=1184><id=-1>, android.view.MotionEvent@805824063)
I/org.umd.logging(12608): Method < 1 org.cocos2dx.lib.Cocos2dxGLSurfaceView.onTouchEvent(true)
I/org.umd.logging(12608): Method > 591 org.cocos2dx.lib.Cocos2dxGLSurfaceView$9.run(org.cocos2dx.lib.Cocos2dxGLSurfaceView$9@549785508)
I/org.umd.logging(12608): Method < 591 org.cocos2dx.lib.Cocos2dxGLSurfaceView$9.run()
D/luajc   (12608): CCLuaJavaBridge::callJavaStaticMethod(lua_State *L)
W/art     (12608): Call to JNI FindClass with dots in name: "com.ninjajumprun.android.MainActivity"
D/luajc   (12608): CCLuaJavaBridge::callJavaStaticMethod("com.ninjajumprun.android.MainActivity", "showBannerAd", args, "(Z)V") SUCCESS
D/luajc   (12608): CCLuaJavaBridge::callJavaStaticMethod(lua_State *L)
W/art     (12608): Call to JNI FindClass with dots in name: "com.ninjajumprun.android.MainActivity"
D/luajc   (12608): CCLuaJavaBridge::callJavaStaticMethod("com.ninjajumprun.android.MainActivity", "showBannerAd", args, "(Z)V") SUCCESS
I/org.umd.logging(12608): Method > 1 com.ninjajumprun.android.MainActivity$2.run(com.ninjajumprun.android.MainActivity$2@1038100674)
I/org.umd.logging(12608): Method < 1 com.ninjajumprun.android.MainActivity$2.run()
D/Device Model(12608): Nexus 4
I/org.umd.logging(12608): Method > 1 com.ninjajumprun.android.MainActivity$2.run(com.ninjajumprun.android.MainActivity$2@753444563)
I/org.umd.logging(12608): Method < 1 com.ninjajumprun.android.MainActivity$2.run()
E/MediaPlayer(12608): Should have subtitle controller already set
E/MediaPlayer(12608): Should have subtitle controller already set
I/org.umd.logging(12608): Api > 591 android.media.MediaPlayer.stop(android.media.MediaPlayer@724136201)
D/NuPlayerDriver(  188): stop(0xb769db20)
I/org.umd.logging(12608): Api < 591 android.media.MediaPlayer.stop()
E/MediaPlayer(12608): Should have subtitle controller already set
E/MediaPlayer(12608): Should have subtitle controller already set
D/NuPlayerDriver(  188): seekTo(0xb769db20) 0 ms
I/org.umd.logging(12608): Api > 591 android.media.MediaPlayer.start(android.media.MediaPlayer@724136201)
D/NuPlayerDriver(  188): start(0xb769db20)
I/GenericSource(  188): start
I/org.umd.logging(12608): Api < 591 android.media.MediaPlayer.start()
D/audio_hw_primary(  188): select_devices: out_snd_device(2: speaker) in_snd_device(0: none)
D/ACDB-LOADER(  188): ACDB -> send_afe_cal
D/audio_hw_primary(  188): enable_snd_device: snd_device(2: speaker)
D/audio_hw_primary(  188): enable_audio_route: apply and update mixer path: deep-buffer-playback
W/ResourceType(12608): No known package when getting name for resource number 0xffffffff
I/org.umd.logging(12608): Method > 1 org.cocos2dx.lib.Cocos2dxGLSurfaceView.onTouchEvent(org.cocos2dx.lib.Cocos2dxGLSurfaceView@461456243<file=><x=0><y=0><width=768><height=1184><id=-1>, android.view.MotionEvent@805824063)
I/org.umd.logging(12608): Method < 1 org.cocos2dx.lib.Cocos2dxGLSurfaceView.onTouchEvent(true)
I/org.umd.logging(12608): Method > 591 org.cocos2dx.lib.Cocos2dxGLSurfaceView$6.run(org.cocos2dx.lib.Cocos2dxGLSurfaceView$6@923537166)
W/ResourceType(12608): No known package when getting name for resource number 0xffffffff
I/org.umd.logging(12608): Method > 1 org.cocos2dx.lib.Cocos2dxGLSurfaceView.onTouchEvent(org.cocos2dx.lib.Cocos2dxGLSurfaceView@461456243<file=><x=0><y=0><width=768><height=1184><id=-1>, android.view.MotionEvent@805824063)
I/org.umd.logging(12608): Method < 1 org.cocos2dx.lib.Cocos2dxGLSurfaceView.onTouchEvent(true)
D/NuPlayerDriver(  188): start(0xb7713fa0)
I/GenericSource(  188): start
W/ResourceType(12608): No known package when getting name for resource number 0xffffffff
I/org.umd.logging(12608): Method > 1 org.cocos2dx.lib.Cocos2dxGLSurfaceView.onTouchEvent(org.cocos2dx.lib.Cocos2dxGLSurfaceView@461456243<file=><x=0><y=0><width=768><height=1184><id=-1>, android.view.MotionEvent@805824063)
I/org.umd.logging(12608): Method < 1 org.cocos2dx.lib.Cocos2dxGLSurfaceView.onTouchEvent(true)
W/ResourceType(12608): No known package when getting name for resource number 0xffffffff
I/org.umd.logging(12608): Method > 1 org.cocos2dx.lib.Cocos2dxGLSurfaceView.onTouchEvent(org.cocos2dx.lib.Cocos2dxGLSurfaceView@461456243<file=><x=0><y=0><width=768><height=1184><id=-1>, android.view.MotionEvent@805824063)
I/org.umd.logging(12608): Method < 1 org.cocos2dx.lib.Cocos2dxGLSurfaceView.onTouchEvent(true)
D/NuPlayerDriver(  188): reset(0xb7713fa0)
D/NuPlayerDriver(  188): notifyResetComplete(0xb7713fa0)
W/AudioTrack(12608): AUDIO_OUTPUT_FLAG_FAST denied by client
I/org.umd.logging(12608): Method < 591 org.cocos2dx.lib.Cocos2dxGLSurfaceView$6.run()
I/org.umd.logging(12608): Method > 591 org.cocos2dx.lib.Cocos2dxGLSurfaceView$7.run(org.cocos2dx.lib.Cocos2dxGLSurfaceView$7@260889903)
I/org.umd.logging(12608): Method < 591 org.cocos2dx.lib.Cocos2dxGLSurfaceView$7.run()
I/org.umd.logging(12608): Method > 591 org.cocos2dx.lib.Cocos2dxGLSurfaceView$7.run(org.cocos2dx.lib.Cocos2dxGLSurfaceView$7@196652860)
I/org.umd.logging(12608): Method < 591 org.cocos2dx.lib.Cocos2dxGLSurfaceView$7.run()
I/org.umd.logging(12608): Method > 591 org.cocos2dx.lib.Cocos2dxGLSurfaceView$9.run(org.cocos2dx.lib.Cocos2dxGLSurfaceView$9@124720325)
I/org.umd.logging(12608): Method < 591 org.cocos2dx.lib.Cocos2dxGLSurfaceView$9.run()
D/audio_hw_primary(  188): select_devices: out_snd_device(2: speaker) in_snd_device(0: none)
D/audio_hw_primary(  188): enable_audio_route: apply and update mixer path: low-latency-playback
D/audio_hw_primary(  188): out_set_parameters: enter: usecase(0: deep-buffer-playback) kvpairs: routing=2
W/ResourceType(12608): No known package when getting name for resource number 0xffffffff
I/org.umd.logging(12608): Method > 1 org.cocos2dx.lib.Cocos2dxGLSurfaceView.onTouchEvent(org.cocos2dx.lib.Cocos2dxGLSurfaceView@461456243<file=><x=0><y=0><width=768><height=1184><id=-1>, android.view.MotionEvent@805824063)
I/org.umd.logging(12608): Method < 1 org.cocos2dx.lib.Cocos2dxGLSurfaceView.onTouchEvent(true)
I/org.umd.logging(12608): Method > 591 org.cocos2dx.lib.Cocos2dxGLSurfaceView$6.run(org.cocos2dx.lib.Cocos2dxGLSurfaceView$6@402525722)
W/ResourceType(12608): No known package when getting name for resource number 0xffffffff
I/org.umd.logging(12608): Method > 1 org.cocos2dx.lib.Cocos2dxGLSurfaceView.onTouchEvent(org.cocos2dx.lib.Cocos2dxGLSurfaceView@461456243<file=><x=0><y=0><width=768><height=1184><id=-1>, android.view.MotionEvent@805824063)
I/org.umd.logging(12608): Method < 1 org.cocos2dx.lib.Cocos2dxGLSurfaceView.onTouchEvent(true)
W/AudioTrack(12608): AUDIO_OUTPUT_FLAG_FAST denied by client
I/org.umd.logging(12608): Method < 591 org.cocos2dx.lib.Cocos2dxGLSurfaceView$6.run()
I/org.umd.logging(12608): Method > 591 org.cocos2dx.lib.Cocos2dxGLSurfaceView$7.run(org.cocos2dx.lib.Cocos2dxGLSurfaceView$7@563354955)
I/org.umd.logging(12608): Method < 591 org.cocos2dx.lib.Cocos2dxGLSurfaceView$7.run()
W/ResourceType(12608): No known package when getting name for resource number 0xffffffff
I/org.umd.logging(12608): Method > 1 org.cocos2dx.lib.Cocos2dxGLSurfaceView.onTouchEvent(org.cocos2dx.lib.Cocos2dxGLSurfaceView@461456243<file=><x=0><y=0><width=768><height=1184><id=-1>, android.view.MotionEvent@805824063)
I/org.umd.logging(12608): Method < 1 org.cocos2dx.lib.Cocos2dxGLSurfaceView.onTouchEvent(true)
I/org.umd.logging(12608): Method > 591 org.cocos2dx.lib.Cocos2dxGLSurfaceView$7.run(org.cocos2dx.lib.Cocos2dxGLSurfaceView$7@536838952)
I/org.umd.logging(12608): Method < 591 org.cocos2dx.lib.Cocos2dxGLSurfaceView$7.run()
I/art     (12608): Background partial concurrent mark sweep GC freed 3023(144KB) AllocSpace objects, 7(24MB) LOS objects, 30% free, 36MB/52MB, paused 3.601ms total 122.997ms
W/ResourceType(12608): No known package when getting name for resource number 0xffffffff
I/org.umd.logging(12608): Method > 1 org.cocos2dx.lib.Cocos2dxGLSurfaceView.onTouchEvent(org.cocos2dx.lib.Cocos2dxGLSurfaceView@461456243<file=><x=0><y=0><width=768><height=1184><id=-1>, android.view.MotionEvent@805824063)
I/org.umd.logging(12608): Method < 1 org.cocos2dx.lib.Cocos2dxGLSurfaceView.onTouchEvent(true)
I/org.umd.logging(12608): Method > 591 org.cocos2dx.lib.Cocos2dxGLSurfaceView$9.run(org.cocos2dx.lib.Cocos2dxGLSurfaceView$9@313604161)
I/org.umd.logging(12608): Method < 591 org.cocos2dx.lib.Cocos2dxGLSurfaceView$9.run()
D/NuPlayerDriver(  188): start(0xb7740888)
I/GenericSource(  188): start
D/NuPlayerDriver(  188): reset(0xb7740888)
D/NuPlayerDriver(  188): notifyResetComplete(0xb7740888)
W/AudioTrack(12608): AUDIO_OUTPUT_FLAG_FAST denied by client
D/NuPlayerDriver(  188): start(0xb7715aa8)
I/GenericSource(  188): start
D/NuPlayerDriver(  188): reset(0xb7715aa8)
D/NuPlayerDriver(  188): notifyResetComplete(0xb7715aa8)
W/AudioTrack(12608): AUDIO_OUTPUT_FLAG_FAST denied by client
W/ResourceType(12608): No known package when getting name for resource number 0xffffffff
I/org.umd.logging(12608): Method > 1 org.cocos2dx.lib.Cocos2dxGLSurfaceView.onTouchEvent(org.cocos2dx.lib.Cocos2dxGLSurfaceView@461456243<file=><x=0><y=0><width=768><height=1184><id=-1>, android.view.MotionEvent@805824063)
I/org.umd.logging(12608): Method < 1 org.cocos2dx.lib.Cocos2dxGLSurfaceView.onTouchEvent(true)
I/org.umd.logging(12608): Method > 591 org.cocos2dx.lib.Cocos2dxGLSurfaceView$6.run(org.cocos2dx.lib.Cocos2dxGLSurfaceView$6@937357798)
W/AudioTrack(12608): AUDIO_OUTPUT_FLAG_FAST denied by client
I/org.umd.logging(12608): Method < 591 org.cocos2dx.lib.Cocos2dxGLSurfaceView$6.run()
W/ResourceType(12608): No known package when getting name for resource number 0xffffffff
I/org.umd.logging(12608): Method > 1 org.cocos2dx.lib.Cocos2dxGLSurfaceView.onTouchEvent(org.cocos2dx.lib.Cocos2dxGLSurfaceView@461456243<file=><x=0><y=0><width=768><height=1184><id=-1>, android.view.MotionEvent@805824063)
I/org.umd.logging(12608): Method > 591 org.cocos2dx.lib.Cocos2dxGLSurfaceView$7.run(org.cocos2dx.lib.Cocos2dxGLSurfaceView$7@897925927)
I/org.umd.logging(12608): Method < 591 org.cocos2dx.lib.Cocos2dxGLSurfaceView$7.run()
I/org.umd.logging(12608): Method < 1 org.cocos2dx.lib.Cocos2dxGLSurfaceView.onTouchEvent(true)
I/art     (12608): Background sticky concurrent mark sweep GC freed 3350(170KB) AllocSpace objects, 2(6MB) LOS objects, 0% free, 53MB/53MB, paused 5.310ms total 53.135ms
W/ResourceType(12608): No known package when getting name for resource number 0xffffffff
I/org.umd.logging(12608): Method > 1 org.cocos2dx.lib.Cocos2dxGLSurfaceView.onTouchEvent(org.cocos2dx.lib.Cocos2dxGLSurfaceView@461456243<file=><x=0><y=0><width=768><height=1184><id=-1>, android.view.MotionEvent@805824063)
I/org.umd.logging(12608): Method < 1 org.cocos2dx.lib.Cocos2dxGLSurfaceView.onTouchEvent(true)
I/org.umd.logging(12608): Method > 591 org.cocos2dx.lib.Cocos2dxGLSurfaceView$7.run(org.cocos2dx.lib.Cocos2dxGLSurfaceView$7@995994068)
I/org.umd.logging(12608): Method < 591 org.cocos2dx.lib.Cocos2dxGLSurfaceView$7.run()
W/ResourceType(12608): No known package when getting name for resource number 0xffffffff
I/org.umd.logging(12608): Method > 1 org.cocos2dx.lib.Cocos2dxGLSurfaceView.onTouchEvent(org.cocos2dx.lib.Cocos2dxGLSurfaceView@461456243<file=><x=0><y=0><width=768><height=1184><id=-1>, android.view.MotionEvent@805824063)
I/org.umd.logging(12608): Method < 1 org.cocos2dx.lib.Cocos2dxGLSurfaceView.onTouchEvent(true)
I/org.umd.logging(12608): Method > 591 org.cocos2dx.lib.Cocos2dxGLSurfaceView$7.run(org.cocos2dx.lib.Cocos2dxGLSurfaceView$7@1050154877)
I/org.umd.logging(12608): Method < 591 org.cocos2dx.lib.Cocos2dxGLSurfaceView$7.run()
W/ResourceType(12608): No known package when getting name for resource number 0xffffffff
I/org.umd.logging(12608): Method > 1 org.cocos2dx.lib.Cocos2dxGLSurfaceView.onTouchEvent(org.cocos2dx.lib.Cocos2dxGLSurfaceView@461456243<file=><x=0><y=0><width=768><height=1184><id=-1>, android.view.MotionEvent@805824063)
I/org.umd.logging(12608): Method < 1 org.cocos2dx.lib.Cocos2dxGLSurfaceView.onTouchEvent(true)
I/org.umd.logging(12608): Method > 591 org.cocos2dx.lib.Cocos2dxGLSurfaceView$7.run(org.cocos2dx.lib.Cocos2dxGLSurfaceView$7@630736498)
I/org.umd.logging(12608): Method < 591 org.cocos2dx.lib.Cocos2dxGLSurfaceView$7.run()
W/ResourceType(12608): No known package when getting name for resource number 0xffffffff
I/org.umd.logging(12608): Method > 1 org.cocos2dx.lib.Cocos2dxGLSurfaceView.onTouchEvent(org.cocos2dx.lib.Cocos2dxGLSurfaceView@461456243<file=><x=0><y=0><width=768><height=1184><id=-1>, android.view.MotionEvent@805824063)
I/org.umd.logging(12608): Method < 1 org.cocos2dx.lib.Cocos2dxGLSurfaceView.onTouchEvent(true)
I/org.umd.logging(12608): Method > 591 org.cocos2dx.lib.Cocos2dxGLSurfaceView$9.run(org.cocos2dx.lib.Cocos2dxGLSurfaceView$9@360245955)
I/org.umd.logging(12608): Method < 591 org.cocos2dx.lib.Cocos2dxGLSurfaceView$9.run()
D/audio_hw_primary(  188): out_set_parameters: enter: usecase(0: deep-buffer-playback) kvpairs: routing=2
W/ResourceType(12608): No known package when getting name for resource number 0xffffffff
I/org.umd.logging(12608): Method > 1 org.cocos2dx.lib.Cocos2dxGLSurfaceView.onTouchEvent(org.cocos2dx.lib.Cocos2dxGLSurfaceView@461456243<file=><x=0><y=0><width=768><height=1184><id=-1>, android.view.MotionEvent@805824063)
I/org.umd.logging(12608): Method < 1 org.cocos2dx.lib.Cocos2dxGLSurfaceView.onTouchEvent(true)
I/org.umd.logging(12608): Method > 591 org.cocos2dx.lib.Cocos2dxGLSurfaceView$6.run(org.cocos2dx.lib.Cocos2dxGLSurfaceView$6@299208512)
W/AudioTrack(12608): AUDIO_OUTPUT_FLAG_FAST denied by client
I/org.umd.logging(12608): Method < 591 org.cocos2dx.lib.Cocos2dxGLSurfaceView$6.run()
W/ResourceType(12608): No known package when getting name for resource number 0xffffffff
I/org.umd.logging(12608): Method > 1 org.cocos2dx.lib.Cocos2dxGLSurfaceView.onTouchEvent(org.cocos2dx.lib.Cocos2dxGLSurfaceView@461456243<file=><x=0><y=0><width=768><height=1184><id=-1>, android.view.MotionEvent@805824063)
I/org.umd.logging(12608): Method < 1 org.cocos2dx.lib.Cocos2dxGLSurfaceView.onTouchEvent(true)
I/org.umd.logging(12608): Method > 591 org.cocos2dx.lib.Cocos2dxGLSurfaceView$7.run(org.cocos2dx.lib.Cocos2dxGLSurfaceView$7@890482297)
I/org.umd.logging(12608): Method < 591 org.cocos2dx.lib.Cocos2dxGLSurfaceView$7.run()
W/ResourceType(12608): No known package when getting name for resource number 0xffffffff
I/org.umd.logging(12608): Method > 1 org.cocos2dx.lib.Cocos2dxGLSurfaceView.onTouchEvent(org.cocos2dx.lib.Cocos2dxGLSurfaceView@461456243<file=><x=0><y=0><width=768><height=1184><id=-1>, android.view.MotionEvent@805824063)
I/org.umd.logging(12608): Method < 1 org.cocos2dx.lib.Cocos2dxGLSurfaceView.onTouchEvent(true)
I/org.umd.logging(12608): Method > 591 org.cocos2dx.lib.Cocos2dxGLSurfaceView$7.run(org.cocos2dx.lib.Cocos2dxGLSurfaceView$7@52451262)
I/org.umd.logging(12608): Method < 591 org.cocos2dx.lib.Cocos2dxGLSurfaceView$7.run()
W/ResourceType(12608): No known package when getting name for resource number 0xffffffff
I/org.umd.logging(12608): Method > 1 org.cocos2dx.lib.Cocos2dxGLSurfaceView.onTouchEvent(org.cocos2dx.lib.Cocos2dxGLSurfaceView@461456243<file=><x=0><y=0><width=768><height=1184><id=-1>, android.view.MotionEvent@805824063)
I/org.umd.logging(12608): Method < 1 org.cocos2dx.lib.Cocos2dxGLSurfaceView.onTouchEvent(true)
I/org.umd.logging(12608): Method > 591 org.cocos2dx.lib.Cocos2dxGLSurfaceView$7.run(org.cocos2dx.lib.Cocos2dxGLSurfaceView$7@175468575)
I/org.umd.logging(12608): Method < 591 org.cocos2dx.lib.Cocos2dxGLSurfaceView$7.run()
W/ResourceType(12608): No known package when getting name for resource number 0xffffffff
I/org.umd.logging(12608): Method > 1 org.cocos2dx.lib.Cocos2dxGLSurfaceView.onTouchEvent(org.cocos2dx.lib.Cocos2dxGLSurfaceView@461456243<file=><x=0><y=0><width=768><height=1184><id=-1>, android.view.MotionEvent@805824063)
I/org.umd.logging(12608): Method < 1 org.cocos2dx.lib.Cocos2dxGLSurfaceView.onTouchEvent(true)
I/org.umd.logging(12608): Method > 591 org.cocos2dx.lib.Cocos2dxGLSurfaceView$9.run(org.cocos2dx.lib.Cocos2dxGLSurfaceView$9@321150828)
I/org.umd.logging(12608): Method < 591 org.cocos2dx.lib.Cocos2dxGLSurfaceView$9.run()
D/audio_hw_primary(  188): out_set_parameters: enter: usecase(0: deep-buffer-playback) kvpairs: routing=2
W/ResourceType(12608): No known package when getting name for resource number 0xffffffff
I/org.umd.logging(12608): Method > 1 org.cocos2dx.lib.Cocos2dxGLSurfaceView.onTouchEvent(org.cocos2dx.lib.Cocos2dxGLSurfaceView@461456243<file=><x=0><y=0><width=768><height=1184><id=-1>, android.view.MotionEvent@805824063)
I/org.umd.logging(12608): Method < 1 org.cocos2dx.lib.Cocos2dxGLSurfaceView.onTouchEvent(true)
I/org.umd.logging(12608): Method > 591 org.cocos2dx.lib.Cocos2dxGLSurfaceView$6.run(org.cocos2dx.lib.Cocos2dxGLSurfaceView$6@890747189)
W/AudioTrack(12608): AUDIO_OUTPUT_FLAG_FAST denied by client
I/org.umd.logging(12608): Method < 591 org.cocos2dx.lib.Cocos2dxGLSurfaceView$6.run()
W/ResourceType(12608): No known package when getting name for resource number 0xffffffff
I/org.umd.logging(12608): Method > 1 org.cocos2dx.lib.Cocos2dxGLSurfaceView.onTouchEvent(org.cocos2dx.lib.Cocos2dxGLSurfaceView@461456243<file=><x=0><y=0><width=768><height=1184><id=-1>, android.view.MotionEvent@805824063)
I/org.umd.logging(12608): Method < 1 org.cocos2dx.lib.Cocos2dxGLSurfaceView.onTouchEvent(true)
I/org.umd.logging(12608): Method > 591 org.cocos2dx.lib.Cocos2dxGLSurfaceView$7.run(org.cocos2dx.lib.Cocos2dxGLSurfaceView$7@159789514)
I/org.umd.logging(12608): Method < 591 org.cocos2dx.lib.Cocos2dxGLSurfaceView$7.run()
W/ResourceType(12608): No known package when getting name for resource number 0xffffffff
I/org.umd.logging(12608): Method > 1 org.cocos2dx.lib.Cocos2dxGLSurfaceView.onTouchEvent(org.cocos2dx.lib.Cocos2dxGLSurfaceView@461456243<file=><x=0><y=0><width=768><height=1184><id=-1>, android.view.MotionEvent@805824063)
I/org.umd.logging(12608): Method < 1 org.cocos2dx.lib.Cocos2dxGLSurfaceView.onTouchEvent(true)
I/org.umd.logging(12608): Method > 591 org.cocos2dx.lib.Cocos2dxGLSurfaceView$7.run(org.cocos2dx.lib.Cocos2dxGLSurfaceView$7@1032515387)
I/org.umd.logging(12608): Method < 591 org.cocos2dx.lib.Cocos2dxGLSurfaceView$7.run()
W/ResourceType(12608): No known package when getting name for resource number 0xffffffff
I/org.umd.logging(12608): Method > 1 org.cocos2dx.lib.Cocos2dxGLSurfaceView.onTouchEvent(org.cocos2dx.lib.Cocos2dxGLSurfaceView@461456243<file=><x=0><y=0><width=768><height=1184><id=-1>, android.view.MotionEvent@805824063)
I/org.umd.logging(12608): Method < 1 org.cocos2dx.lib.Cocos2dxGLSurfaceView.onTouchEvent(true)
I/org.umd.logging(12608): Method > 591 org.cocos2dx.lib.Cocos2dxGLSurfaceView$7.run(org.cocos2dx.lib.Cocos2dxGLSurfaceView$7@195954264)
I/org.umd.logging(12608): Method < 591 org.cocos2dx.lib.Cocos2dxGLSurfaceView$7.run()
W/ResourceType(12608): No known package when getting name for resource number 0xffffffff
I/org.umd.logging(12608): Method > 1 org.cocos2dx.lib.Cocos2dxGLSurfaceView.onTouchEvent(org.cocos2dx.lib.Cocos2dxGLSurfaceView@461456243<file=><x=0><y=0><width=768><height=1184><id=-1>, android.view.MotionEvent@805824063)
I/org.umd.logging(12608): Method < 1 org.cocos2dx.lib.Cocos2dxGLSurfaceView.onTouchEvent(true)
I/org.umd.logging(12608): Method > 591 org.cocos2dx.lib.Cocos2dxGLSurfaceView$9.run(org.cocos2dx.lib.Cocos2dxGLSurfaceView$9@1058517937)
I/org.umd.logging(12608): Method < 591 org.cocos2dx.lib.Cocos2dxGLSurfaceView$9.run()
W/AudioTrack(12608): AUDIO_OUTPUT_FLAG_FAST denied by client
W/AudioTrack(12608): AUDIO_OUTPUT_FLAG_FAST denied by client
W/ResourceType(12608): No known package when getting name for resource number 0xffffffff
I/org.umd.logging(12608): Method > 1 org.cocos2dx.lib.Cocos2dxGLSurfaceView.onTouchEvent(org.cocos2dx.lib.Cocos2dxGLSurfaceView@461456243<file=><x=0><y=0><width=768><height=1184><id=-1>, android.view.MotionEvent@805824063)
I/org.umd.logging(12608): Method < 1 org.cocos2dx.lib.Cocos2dxGLSurfaceView.onTouchEvent(true)
I/org.umd.logging(12608): Method > 591 org.cocos2dx.lib.Cocos2dxGLSurfaceView$6.run(org.cocos2dx.lib.Cocos2dxGLSurfaceView$6@29204630)
W/AudioTrack(12608): AUDIO_OUTPUT_FLAG_FAST denied by client
I/org.umd.logging(12608): Method < 591 org.cocos2dx.lib.Cocos2dxGLSurfaceView$6.run()
W/ResourceType(12608): No known package when getting name for resource number 0xffffffff
I/org.umd.logging(12608): Method > 1 org.cocos2dx.lib.Cocos2dxGLSurfaceView.onTouchEvent(org.cocos2dx.lib.Cocos2dxGLSurfaceView@461456243<file=><x=0><y=0><width=768><height=1184><id=-1>, android.view.MotionEvent@805824063)
I/org.umd.logging(12608): Method < 1 org.cocos2dx.lib.Cocos2dxGLSurfaceView.onTouchEvent(true)
I/org.umd.logging(12608): Method > 591 org.cocos2dx.lib.Cocos2dxGLSurfaceView$7.run(org.cocos2dx.lib.Cocos2dxGLSurfaceView$7@246367255)
I/org.umd.logging(12608): Method < 591 org.cocos2dx.lib.Cocos2dxGLSurfaceView$7.run()
I/art     (12608): WaitForGcToComplete blocked for 9.400ms for cause Background
W/ResourceType(12608): No known package when getting name for resource number 0xffffffff
I/org.umd.logging(12608): Method > 1 org.cocos2dx.lib.Cocos2dxGLSurfaceView.onTouchEvent(org.cocos2dx.lib.Cocos2dxGLSurfaceView@461456243<file=><x=0><y=0><width=768><height=1184><id=-1>, android.view.MotionEvent@805824063)
I/org.umd.logging(12608): Method < 1 org.cocos2dx.lib.Cocos2dxGLSurfaceView.onTouchEvent(true)
I/org.umd.logging(12608): Method > 591 org.cocos2dx.lib.Cocos2dxGLSurfaceView$7.run(org.cocos2dx.lib.Cocos2dxGLSurfaceView$7@673787908)
I/org.umd.logging(12608): Method < 591 org.cocos2dx.lib.Cocos2dxGLSurfaceView$7.run()
W/ResourceType(12608): No known package when getting name for resource number 0xffffffff
I/org.umd.logging(12608): Method > 1 org.cocos2dx.lib.Cocos2dxGLSurfaceView.onTouchEvent(org.cocos2dx.lib.Cocos2dxGLSurfaceView@461456243<file=><x=0><y=0><width=768><height=1184><id=-1>, android.view.MotionEvent@805824063)
I/org.umd.logging(12608): Method < 1 org.cocos2dx.lib.Cocos2dxGLSurfaceView.onTouchEvent(true)
I/org.umd.logging(12608): Method > 591 org.cocos2dx.lib.Cocos2dxGLSurfaceView$7.run(org.cocos2dx.lib.Cocos2dxGLSurfaceView$7@222484973)
I/org.umd.logging(12608): Method < 591 org.cocos2dx.lib.Cocos2dxGLSurfaceView$7.run()
W/ResourceType(12608): No known package when getting name for resource number 0xffffffff
I/org.umd.logging(12608): Method > 1 org.cocos2dx.lib.Cocos2dxGLSurfaceView.onTouchEvent(org.cocos2dx.lib.Cocos2dxGLSurfaceView@461456243<file=><x=0><y=0><width=768><height=1184><id=-1>, android.view.MotionEvent@805824063)
I/org.umd.logging(12608): Method < 1 org.cocos2dx.lib.Cocos2dxGLSurfaceView.onTouchEvent(true)
I/org.umd.logging(12608): Method > 591 org.cocos2dx.lib.Cocos2dxGLSurfaceView$9.run(org.cocos2dx.lib.Cocos2dxGLSurfaceView$9@1043017762)
I/org.umd.logging(12608): Method < 591 org.cocos2dx.lib.Cocos2dxGLSurfaceView$9.run()
E/WifiStateMachine(  601): WifiStateMachine CMD_START_SCAN source -2 txSuccessRate=3.44 rxSuccessRate=1.56 targetRoamBSSID=b4:e9:b0:e5:06:d0 RSSI=-47
D/audio_hw_primary(  188): out_set_parameters: enter: usecase(0: deep-buffer-playback) kvpairs: routing=2
I/DownloadManagerWrapper( 6250): onReceive() : Charging = true
W/ResourceType(12608): No known package when getting name for resource number 0xffffffff
I/org.umd.logging(12608): Method > 1 org.cocos2dx.lib.Cocos2dxGLSurfaceView.onTouchEvent(org.cocos2dx.lib.Cocos2dxGLSurfaceView@461456243<file=><x=0><y=0><width=768><height=1184><id=-1>, android.view.MotionEvent@805824063)
I/org.umd.logging(12608): Method < 1 org.cocos2dx.lib.Cocos2dxGLSurfaceView.onTouchEvent(true)
I/org.umd.logging(12608): Method > 591 org.cocos2dx.lib.Cocos2dxGLSurfaceView$6.run(org.cocos2dx.lib.Cocos2dxGLSurfaceView$6@1029311155)
W/AudioTrack(12608): AUDIO_OUTPUT_FLAG_FAST denied by client
I/org.umd.logging(12608): Method < 591 org.cocos2dx.lib.Cocos2dxGLSurfaceView$6.run()
W/ResourceType(12608): No known package when getting name for resource number 0xffffffff
I/org.umd.logging(12608): Method > 1 org.cocos2dx.lib.Cocos2dxGLSurfaceView.onTouchEvent(org.cocos2dx.lib.Cocos2dxGLSurfaceView@461456243<file=><x=0><y=0><width=768><height=1184><id=-1>, android.view.MotionEvent@805824063)
I/org.umd.logging(12608): Method < 1 org.cocos2dx.lib.Cocos2dxGLSurfaceView.onTouchEvent(true)
W/AudioTrack(12608): AUDIO_OUTPUT_FLAG_FAST denied by client
I/org.umd.logging(12608): Method > 591 org.cocos2dx.lib.Cocos2dxGLSurfaceView$7.run(org.cocos2dx.lib.Cocos2dxGLSurfaceView$7@134957168)
I/org.umd.logging(12608): Method < 591 org.cocos2dx.lib.Cocos2dxGLSurfaceView$7.run()
W/ResourceType(12608): No known package when getting name for resource number 0xffffffff
I/org.umd.logging(12608): Method > 1 org.cocos2dx.lib.Cocos2dxGLSurfaceView.onTouchEvent(org.cocos2dx.lib.Cocos2dxGLSurfaceView@461456243<file=><x=0><y=0><width=768><height=1184><id=-1>, android.view.MotionEvent@805824063)
I/org.umd.logging(12608): Method < 1 org.cocos2dx.lib.Cocos2dxGLSurfaceView.onTouchEvent(true)
I/org.umd.logging(12608): Method > 591 org.cocos2dx.lib.Cocos2dxGLSurfaceView$9.run(org.cocos2dx.lib.Cocos2dxGLSurfaceView$9@327165929)
I/org.umd.logging(12608): Method < 591 org.cocos2dx.lib.Cocos2dxGLSurfaceView$9.run()
W/AudioTrack(12608): AUDIO_OUTPUT_FLAG_FAST denied by client
W/AudioTrack(12608): AUDIO_OUTPUT_FLAG_FAST denied by client
W/AudioTrack(12608): AUDIO_OUTPUT_FLAG_FAST denied by client
W/AudioTrack(12608): AUDIO_OUTPUT_FLAG_FAST denied by client
W/ResourceType(12608): No known package when getting name for resource number 0xffffffff
I/org.umd.logging(12608): Method > 1 org.cocos2dx.lib.Cocos2dxGLSurfaceView.onTouchEvent(org.cocos2dx.lib.Cocos2dxGLSurfaceView@461456243<file=><x=0><y=0><width=768><height=1184><id=-1>, android.view.MotionEvent@805824063)
I/org.umd.logging(12608): Method < 1 org.cocos2dx.lib.Cocos2dxGLSurfaceView.onTouchEvent(true)
I/org.umd.logging(12608): Method > 591 org.cocos2dx.lib.Cocos2dxGLSurfaceView$6.run(org.cocos2dx.lib.Cocos2dxGLSurfaceView$6@552610926)
W/AudioTrack(12608): AUDIO_OUTPUT_FLAG_FAST denied by client
I/org.umd.logging(12608): Method < 591 org.cocos2dx.lib.Cocos2dxGLSurfaceView$6.run()
W/ResourceType(12608): No known package when getting name for resource number 0xffffffff
I/org.umd.logging(12608): Method > 1 org.cocos2dx.lib.Cocos2dxGLSurfaceView.onTouchEvent(org.cocos2dx.lib.Cocos2dxGLSurfaceView@461456243<file=><x=0><y=0><width=768><height=1184><id=-1>, android.view.MotionEvent@805824063)
I/org.umd.logging(12608): Method < 1 org.cocos2dx.lib.Cocos2dxGLSurfaceView.onTouchEvent(true)
I/org.umd.logging(12608): Method > 591 org.cocos2dx.lib.Cocos2dxGLSurfaceView$7.run(org.cocos2dx.lib.Cocos2dxGLSurfaceView$7@1054908175)
I/org.umd.logging(12608): Method < 591 org.cocos2dx.lib.Cocos2dxGLSurfaceView$7.run()
W/ResourceType(12608): No known package when getting name for resource number 0xffffffff
I/org.umd.logging(12608): Method > 1 org.cocos2dx.lib.Cocos2dxGLSurfaceView.onTouchEvent(org.cocos2dx.lib.Cocos2dxGLSurfaceView@461456243<file=><x=0><y=0><width=768><height=1184><id=-1>, android.view.MotionEvent@805824063)
I/org.umd.logging(12608): Method < 1 org.cocos2dx.lib.Cocos2dxGLSurfaceView.onTouchEvent(true)
I/org.umd.logging(12608): Method > 591 org.cocos2dx.lib.Cocos2dxGLSurfaceView$7.run(org.cocos2dx.lib.Cocos2dxGLSurfaceView$7@179600284)
I/org.umd.logging(12608): Method < 591 org.cocos2dx.lib.Cocos2dxGLSurfaceView$7.run()
W/ResourceType(12608): No known package when getting name for resource number 0xffffffff
I/org.umd.logging(12608): Method > 1 org.cocos2dx.lib.Cocos2dxGLSurfaceView.onTouchEvent(org.cocos2dx.lib.Cocos2dxGLSurfaceView@461456243<file=><x=0><y=0><width=768><height=1184><id=-1>, android.view.MotionEvent@805824063)
I/org.umd.logging(12608): Method < 1 org.cocos2dx.lib.Cocos2dxGLSurfaceView.onTouchEvent(true)
I/org.umd.logging(12608): Method > 591 org.cocos2dx.lib.Cocos2dxGLSurfaceView$7.run(org.cocos2dx.lib.Cocos2dxGLSurfaceView$7@53107109)
I/org.umd.logging(12608): Method < 591 org.cocos2dx.lib.Cocos2dxGLSurfaceView$7.run()
W/ResourceType(12608): No known package when getting name for resource number 0xffffffff
I/org.umd.logging(12608): Method > 1 org.cocos2dx.lib.Cocos2dxGLSurfaceView.onTouchEvent(org.cocos2dx.lib.Cocos2dxGLSurfaceView@461456243<file=><x=0><y=0><width=768><height=1184><id=-1>, android.view.MotionEvent@805824063)
I/org.umd.logging(12608): Method < 1 org.cocos2dx.lib.Cocos2dxGLSurfaceView.onTouchEvent(true)
I/org.umd.logging(12608): Method > 591 org.cocos2dx.lib.Cocos2dxGLSurfaceView$9.run(org.cocos2dx.lib.Cocos2dxGLSurfaceView$9@989241722)
I/org.umd.logging(12608): Method < 591 org.cocos2dx.lib.Cocos2dxGLSurfaceView$9.run()
D/audio_hw_primary(  188): out_set_parameters: enter: usecase(0: deep-buffer-playback) kvpairs: routing=2
W/ResourceType(12608): No known package when getting name for resource number 0xffffffff
I/org.umd.logging(12608): Method > 1 org.cocos2dx.lib.Cocos2dxGLSurfaceView.onTouchEvent(org.cocos2dx.lib.Cocos2dxGLSurfaceView@461456243<file=><x=0><y=0><width=768><height=1184><id=-1>, android.view.MotionEvent@805824063)
I/org.umd.logging(12608): Method < 1 org.cocos2dx.lib.Cocos2dxGLSurfaceView.onTouchEvent(true)
I/org.umd.logging(12608): Method > 591 org.cocos2dx.lib.Cocos2dxGLSurfaceView$6.run(org.cocos2dx.lib.Cocos2dxGLSurfaceView$6@512892203)
W/AudioTrack(12608): AUDIO_OUTPUT_FLAG_FAST denied by client
I/org.umd.logging(12608): Method < 591 org.cocos2dx.lib.Cocos2dxGLSurfaceView$6.run()
W/ResourceType(12608): No known package when getting name for resource number 0xffffffff
I/org.umd.logging(12608): Method > 1 org.cocos2dx.lib.Cocos2dxGLSurfaceView.onTouchEvent(org.cocos2dx.lib.Cocos2dxGLSurfaceView@461456243<file=><x=0><y=0><width=768><height=1184><id=-1>, android.view.MotionEvent@805824063)
I/org.umd.logging(12608): Method < 1 org.cocos2dx.lib.Cocos2dxGLSurfaceView.onTouchEvent(true)
I/org.umd.logging(12608): Method > 591 org.cocos2dx.lib.Cocos2dxGLSurfaceView$7.run(org.cocos2dx.lib.Cocos2dxGLSurfaceView$7@56341896)
I/org.umd.logging(12608): Method < 591 org.cocos2dx.lib.Cocos2dxGLSurfaceView$7.run()
W/ResourceType(12608): No known package when getting name for resource number 0xffffffff
I/org.umd.logging(12608): Method > 1 org.cocos2dx.lib.Cocos2dxGLSurfaceView.onTouchEvent(org.cocos2dx.lib.Cocos2dxGLSurfaceView@461456243<file=><x=0><y=0><width=768><height=1184><id=-1>, android.view.MotionEvent@805824063)
I/org.umd.logging(12608): Method < 1 org.cocos2dx.lib.Cocos2dxGLSurfaceView.onTouchEvent(true)
I/org.umd.logging(12608): Method > 591 org.cocos2dx.lib.Cocos2dxGLSurfaceView$7.run(org.cocos2dx.lib.Cocos2dxGLSurfaceView$7@244050721)
I/org.umd.logging(12608): Method < 591 org.cocos2dx.lib.Cocos2dxGLSurfaceView$7.run()
W/ResourceType(12608): No known package when getting name for resource number 0xffffffff
I/org.umd.logging(12608): Method > 1 org.cocos2dx.lib.Cocos2dxGLSurfaceView.onTouchEvent(org.cocos2dx.lib.Cocos2dxGLSurfaceView@461456243<file=><x=0><y=0><width=768><height=1184><id=-1>, android.view.MotionEvent@805824063)
I/org.umd.logging(12608): Method < 1 org.cocos2dx.lib.Cocos2dxGLSurfaceView.onTouchEvent(true)
I/org.umd.logging(12608): Method > 591 org.cocos2dx.lib.Cocos2dxGLSurfaceView$7.run(org.cocos2dx.lib.Cocos2dxGLSurfaceView$7@264067910)
I/org.umd.logging(12608): Method < 591 org.cocos2dx.lib.Cocos2dxGLSurfaceView$7.run()
W/ResourceType(12608): No known package when getting name for resource number 0xffffffff
I/org.umd.logging(12608): Method > 1 org.cocos2dx.lib.Cocos2dxGLSurfaceView.onTouchEvent(org.cocos2dx.lib.Cocos2dxGLSurfaceView@461456243<file=><x=0><y=0><width=768><height=1184><id=-1>, android.view.MotionEvent@805824063)
I/org.umd.logging(12608): Method < 1 org.cocos2dx.lib.Cocos2dxGLSurfaceView.onTouchEvent(true)
I/org.umd.logging(12608): Method > 591 org.cocos2dx.lib.Cocos2dxGLSurfaceView$9.run(org.cocos2dx.lib.Cocos2dxGLSurfaceView$9@59990279)
I/org.umd.logging(12608): Method < 591 org.cocos2dx.lib.Cocos2dxGLSurfaceView$9.run()
D/audio_hw_primary(  188): out_set_parameters: enter: usecase(0: deep-buffer-playback) kvpairs: routing=2
W/ResourceType(12608): No known package when getting name for resource number 0xffffffff
I/org.umd.logging(12608): Method > 1 org.cocos2dx.lib.Cocos2dxGLSurfaceView.onTouchEvent(org.cocos2dx.lib.Cocos2dxGLSurfaceView@461456243<file=><x=0><y=0><width=768><height=1184><id=-1>, android.view.MotionEvent@805824063)
I/org.umd.logging(12608): Method < 1 org.cocos2dx.lib.Cocos2dxGLSurfaceView.onTouchEvent(true)
I/org.umd.logging(12608): Method > 591 org.cocos2dx.lib.Cocos2dxGLSurfaceView$6.run(org.cocos2dx.lib.Cocos2dxGLSurfaceView$6@1069195828)
W/AudioTrack(12608): AUDIO_OUTPUT_FLAG_FAST denied by client
I/org.umd.logging(12608): Method < 591 org.cocos2dx.lib.Cocos2dxGLSurfaceView$6.run()
W/ResourceType(12608): No known package when getting name for resource number 0xffffffff
I/org.umd.logging(12608): Method > 1 org.cocos2dx.lib.Cocos2dxGLSurfaceView.onTouchEvent(org.cocos2dx.lib.Cocos2dxGLSurfaceView@461456243<file=><x=0><y=0><width=768><height=1184><id=-1>, android.view.MotionEvent@805824063)
I/org.umd.logging(12608): Method < 1 org.cocos2dx.lib.Cocos2dxGLSurfaceView.onTouchEvent(true)
W/AudioTrack(12608): AUDIO_OUTPUT_FLAG_FAST denied by client
I/org.umd.logging(12608): Method > 591 org.cocos2dx.lib.Cocos2dxGLSurfaceView$7.run(org.cocos2dx.lib.Cocos2dxGLSurfaceView$7@672864349)
I/org.umd.logging(12608): Method < 591 org.cocos2dx.lib.Cocos2dxGLSurfaceView$7.run()
W/ResourceType(12608): No known package when getting name for resource number 0xffffffff
I/org.umd.logging(12608): Method > 1 org.cocos2dx.lib.Cocos2dxGLSurfaceView.onTouchEvent(org.cocos2dx.lib.Cocos2dxGLSurfaceView@461456243<file=><x=0><y=0><width=768><height=1184><id=-1>, android.view.MotionEvent@805824063)
I/org.umd.logging(12608): Method < 1 org.cocos2dx.lib.Cocos2dxGLSurfaceView.onTouchEvent(true)
I/org.umd.logging(12608): Method > 591 org.cocos2dx.lib.Cocos2dxGLSurfaceView$7.run(org.cocos2dx.lib.Cocos2dxGLSurfaceView$7@165930450)
I/org.umd.logging(12608): Method < 591 org.cocos2dx.lib.Cocos2dxGLSurfaceView$7.run()
W/AudioTrack(12608): AUDIO_OUTPUT_FLAG_FAST denied by client
W/AudioTrack(12608): AUDIO_OUTPUT_FLAG_FAST denied by client
W/ResourceType(12608): No known package when getting name for resource number 0xffffffff
I/org.umd.logging(12608): Method > 1 org.cocos2dx.lib.Cocos2dxGLSurfaceView.onTouchEvent(org.cocos2dx.lib.Cocos2dxGLSurfaceView@461456243<file=><x=0><y=0><width=768><height=1184><id=-1>, android.view.MotionEvent@805824063)
I/org.umd.logging(12608): Method < 1 org.cocos2dx.lib.Cocos2dxGLSurfaceView.onTouchEvent(true)
I/org.umd.logging(12608): Method > 591 org.cocos2dx.lib.Cocos2dxGLSurfaceView$7.run(org.cocos2dx.lib.Cocos2dxGLSurfaceView$7@947586723)
I/org.umd.logging(12608): Method < 591 org.cocos2dx.lib.Cocos2dxGLSurfaceView$7.run()
W/ResourceType(12608): No known package when getting name for resource number 0xffffffff
I/org.umd.logging(12608): Method > 1 org.cocos2dx.lib.Cocos2dxGLSurfaceView.onTouchEvent(org.cocos2dx.lib.Cocos2dxGLSurfaceView@461456243<file=><x=0><y=0><width=768><height=1184><id=-1>, android.view.MotionEvent@805824063)
I/org.umd.logging(12608): Method < 1 org.cocos2dx.lib.Cocos2dxGLSurfaceView.onTouchEvent(true)
I/org.umd.logging(12608): Method > 591 org.cocos2dx.lib.Cocos2dxGLSurfaceView$9.run(org.cocos2dx.lib.Cocos2dxGLSurfaceView$9@226078112)
I/org.umd.logging(12608): Method < 591 org.cocos2dx.lib.Cocos2dxGLSurfaceView$9.run()
W/AudioTrack(12608): AUDIO_OUTPUT_FLAG_FAST denied by client
W/AudioTrack(12608): AUDIO_OUTPUT_FLAG_FAST denied by client
W/ResourceType(12608): No known package when getting name for resource number 0xffffffff
I/org.umd.logging(12608): Method > 1 org.cocos2dx.lib.Cocos2dxGLSurfaceView.onTouchEvent(org.cocos2dx.lib.Cocos2dxGLSurfaceView@461456243<file=><x=0><y=0><width=768><height=1184><id=-1>, android.view.MotionEvent@805824063)
I/org.umd.logging(12608): Method < 1 org.cocos2dx.lib.Cocos2dxGLSurfaceView.onTouchEvent(true)
I/org.umd.logging(12608): Method > 591 org.cocos2dx.lib.Cocos2dxGLSurfaceView$6.run(org.cocos2dx.lib.Cocos2dxGLSurfaceView$6@964025689)
W/AudioTrack(12608): AUDIO_OUTPUT_FLAG_FAST denied by client
I/org.umd.logging(12608): Method < 591 org.cocos2dx.lib.Cocos2dxGLSurfaceView$6.run()
W/ResourceType(12608): No known package when getting name for resource number 0xffffffff
