W/ResourceType(11633): No known package when getting name for resource number 0xffffffff
I/org.umd.logging(11633): Method > 1 org.cocos2dx.lib.Cocos2dxGLSurfaceView.onTouchEvent(org.cocos2dx.lib.Cocos2dxGLSurfaceView@839259446<file=><x=0><y=0><width=768><height=1184><id=-1>, android.view.MotionEvent@192988172)
I/org.umd.logging(11633): Method < 1 org.cocos2dx.lib.Cocos2dxGLSurfaceView.onTouchEvent(true)
I/org.umd.logging(11633): Method > 936 org.cocos2dx.lib.Cocos2dxGLSurfaceView$9.run(org.cocos2dx.lib.Cocos2dxGLSurfaceView$9@747383523)
I/org.umd.logging(11633): Method < 936 org.cocos2dx.lib.Cocos2dxGLSurfaceView$9.run()
W/ResourceType(11633): No known package when getting name for resource number 0xffffffff
I/org.umd.logging(11633): Method > 1 org.cocos2dx.lib.Cocos2dxGLSurfaceView.onTouchEvent(org.cocos2dx.lib.Cocos2dxGLSurfaceView@839259446<file=><x=0><y=0><width=768><height=1184><id=-1>, android.view.MotionEvent@192988172)
I/org.umd.logging(11633): Method < 1 org.cocos2dx.lib.Cocos2dxGLSurfaceView.onTouchEvent(true)
I/org.umd.logging(11633): Method > 936 org.cocos2dx.lib.Cocos2dxGLSurfaceView$6.run(org.cocos2dx.lib.Cocos2dxGLSurfaceView$6@995204320)
I/org.umd.logging(11633): Method < 936 org.cocos2dx.lib.Cocos2dxGLSurfaceView$6.run()
W/ResourceType(11633): No known package when getting name for resource number 0xffffffff
I/org.umd.logging(11633): Method > 1 org.cocos2dx.lib.Cocos2dxGLSurfaceView.onTouchEvent(org.cocos2dx.lib.Cocos2dxGLSurfaceView@839259446<file=><x=0><y=0><width=768><height=1184><id=-1>, android.view.MotionEvent@192988172)
I/org.umd.logging(11633): Method < 1 org.cocos2dx.lib.Cocos2dxGLSurfaceView.onTouchEvent(true)
I/org.umd.logging(11633): Method > 936 org.cocos2dx.lib.Cocos2dxGLSurfaceView$9.run(org.cocos2dx.lib.Cocos2dxGLSurfaceView$9@348928921)
I/org.umd.logging(11633): Method < 936 org.cocos2dx.lib.Cocos2dxGLSurfaceView$9.run()
W/ResourceType(11633): No known package when getting name for resource number 0xffffffff
I/org.umd.logging(11633): Method > 1 org.cocos2dx.lib.Cocos2dxGLSurfaceView.onTouchEvent(org.cocos2dx.lib.Cocos2dxGLSurfaceView@839259446<file=><x=0><y=0><width=768><height=1184><id=-1>, android.view.MotionEvent@192988172)
I/org.umd.logging(11633): Method < 1 org.cocos2dx.lib.Cocos2dxGLSurfaceView.onTouchEvent(true)
I/org.umd.logging(11633): Method > 936 org.cocos2dx.lib.Cocos2dxGLSurfaceView$6.run(org.cocos2dx.lib.Cocos2dxGLSurfaceView$6@108277342)
I/org.umd.logging(11633): Method < 936 org.cocos2dx.lib.Cocos2dxGLSurfaceView$6.run()
W/ResourceType(11633): No known package when getting name for resource number 0xffffffff
I/org.umd.logging(11633): Method > 1 org.cocos2dx.lib.Cocos2dxGLSurfaceView.onTouchEvent(org.cocos2dx.lib.Cocos2dxGLSurfaceView@839259446<file=><x=0><y=0><width=768><height=1184><id=-1>, android.view.MotionEvent@192988172)
I/org.umd.logging(11633): Method < 1 org.cocos2dx.lib.Cocos2dxGLSurfaceView.onTouchEvent(true)
I/org.umd.logging(11633): Method > 936 org.cocos2dx.lib.Cocos2dxGLSurfaceView$9.run(org.cocos2dx.lib.Cocos2dxGLSurfaceView$9@541889087)
I/org.umd.logging(11633): Method < 936 org.cocos2dx.lib.Cocos2dxGLSurfaceView$9.run()
W/ResourceType(11633): No known package when getting name for resource number 0xffffffff
I/org.umd.logging(11633): Method > 1 org.cocos2dx.lib.Cocos2dxGLSurfaceView.onTouchEvent(org.cocos2dx.lib.Cocos2dxGLSurfaceView@839259446<file=><x=0><y=0><width=768><height=1184><id=-1>, android.view.MotionEvent@192988172)
I/org.umd.logging(11633): Method < 1 org.cocos2dx.lib.Cocos2dxGLSurfaceView.onTouchEvent(true)
D/audio_hw_primary(  190): disable_audio_route: reset and update mixer path: deep-buffer-playback
I/org.umd.logging(11633): Method > 936 org.cocos2dx.lib.Cocos2dxGLSurfaceView$6.run(org.cocos2dx.lib.Cocos2dxGLSurfaceView$6@820225804)
I/org.umd.logging(11633): Method < 936 org.cocos2dx.lib.Cocos2dxGLSurfaceView$6.run()
W/ResourceType(11633): No known package when getting name for resource number 0xffffffff
I/org.umd.logging(11633): Method > 1 org.cocos2dx.lib.Cocos2dxGLSurfaceView.onTouchEvent(org.cocos2dx.lib.Cocos2dxGLSurfaceView@839259446<file=><x=0><y=0><width=768><height=1184><id=-1>, android.view.MotionEvent@192988172)
I/org.umd.logging(11633): Method < 1 org.cocos2dx.lib.Cocos2dxGLSurfaceView.onTouchEvent(true)
I/org.umd.logging(11633): Method > 936 org.cocos2dx.lib.Cocos2dxGLSurfaceView$9.run(org.cocos2dx.lib.Cocos2dxGLSurfaceView$9@756807765)
I/org.umd.logging(11633): Method < 936 org.cocos2dx.lib.Cocos2dxGLSurfaceView$9.run()
W/ResourceType(11633): No known package when getting name for resource number 0xffffffff
I/org.umd.logging(11633): Method > 1 org.cocos2dx.lib.Cocos2dxGLSurfaceView.onKeyDown(org.cocos2dx.lib.Cocos2dxGLSurfaceView@839259446<file=><x=0><y=0><width=768><height=1184><id=-1>, 22, android.view.KeyEvent@558944874)
I/org.umd.logging(11633): Method < 1 org.cocos2dx.lib.Cocos2dxGLSurfaceView.onKeyDown(false)
W/ResourceType(11633): No known package when getting name for resource number 0xffffffff
I/org.umd.logging(11633): Method > 1 org.cocos2dx.lib.Cocos2dxGLSurfaceView.onKeyDown(org.cocos2dx.lib.Cocos2dxGLSurfaceView@839259446<file=><x=0><y=0><width=768><height=1184><id=-1>, 22, android.view.KeyEvent@931271515)
I/org.umd.logging(11633): Method < 1 org.cocos2dx.lib.Cocos2dxGLSurfaceView.onKeyDown(false)
W/ResourceType(11633): No known package when getting name for resource number 0xffffffff
I/org.umd.logging(11633): Method > 1 org.cocos2dx.lib.Cocos2dxGLSurfaceView.onKeyDown(org.cocos2dx.lib.Cocos2dxGLSurfaceView@839259446<file=><x=0><y=0><width=768><height=1184><id=-1>, 22, android.view.KeyEvent@397027320)
I/org.umd.logging(11633): Method < 1 org.cocos2dx.lib.Cocos2dxGLSurfaceView.onKeyDown(false)
W/ResourceType(11633): No known package when getting name for resource number 0xffffffff
I/org.umd.logging(11633): Method > 1 org.cocos2dx.lib.Cocos2dxGLSurfaceView.onKeyDown(org.cocos2dx.lib.Cocos2dxGLSurfaceView@839259446<file=><x=0><y=0><width=768><height=1184><id=-1>, 22, android.view.KeyEvent@225494225)
I/org.umd.logging(11633): Method < 1 org.cocos2dx.lib.Cocos2dxGLSurfaceView.onKeyDown(false)
W/ResourceType(11633): No known package when getting name for resource number 0xffffffff
I/org.umd.logging(11633): Method > 1 org.cocos2dx.lib.Cocos2dxGLSurfaceView.onKeyDown(org.cocos2dx.lib.Cocos2dxGLSurfaceView@839259446<file=><x=0><y=0><width=768><height=1184><id=-1>, 22, android.view.KeyEvent@530688822)
I/org.umd.logging(11633): Method < 1 org.cocos2dx.lib.Cocos2dxGLSurfaceView.onKeyDown(false)
W/ResourceType(11633): No known package when getting name for resource number 0xffffffff
I/org.umd.logging(11633): Method > 1 org.cocos2dx.lib.Cocos2dxGLSurfaceView.onTouchEvent(org.cocos2dx.lib.Cocos2dxGLSurfaceView@839259446<file=><x=0><y=0><width=768><height=1184><id=-1>, android.view.MotionEvent@192988172)
I/org.umd.logging(11633): Method < 1 org.cocos2dx.lib.Cocos2dxGLSurfaceView.onTouchEvent(true)
I/org.umd.logging(11633): Method > 936 org.cocos2dx.lib.Cocos2dxGLSurfaceView$6.run(org.cocos2dx.lib.Cocos2dxGLSurfaceView$6@465865271)
I/org.umd.logging(11633): Method < 936 org.cocos2dx.lib.Cocos2dxGLSurfaceView$6.run()
W/ResourceType(11633): No known package when getting name for resource number 0xffffffff
I/org.umd.logging(11633): Method > 1 org.cocos2dx.lib.Cocos2dxGLSurfaceView.onTouchEvent(org.cocos2dx.lib.Cocos2dxGLSurfaceView@839259446<file=><x=0><y=0><width=768><height=1184><id=-1>, android.view.MotionEvent@192988172)
I/org.umd.logging(11633): Method < 1 org.cocos2dx.lib.Cocos2dxGLSurfaceView.onTouchEvent(true)
I/org.umd.logging(11633): Method > 936 org.cocos2dx.lib.Cocos2dxGLSurfaceView$9.run(org.cocos2dx.lib.Cocos2dxGLSurfaceView$9@307612580)
I/org.umd.logging(11633): Method < 936 org.cocos2dx.lib.Cocos2dxGLSurfaceView$9.run()
W/ResourceType(11633): No known package when getting name for resource number 0xffffffff
I/org.umd.logging(11633): Method > 1 org.cocos2dx.lib.Cocos2dxGLSurfaceView.onTouchEvent(org.cocos2dx.lib.Cocos2dxGLSurfaceView@839259446<file=><x=0><y=0><width=768><height=1184><id=-1>, android.view.MotionEvent@192988172)
I/org.umd.logging(11633): Method < 1 org.cocos2dx.lib.Cocos2dxGLSurfaceView.onTouchEvent(true)
I/org.umd.logging(11633): Method > 936 org.cocos2dx.lib.Cocos2dxGLSurfaceView$6.run(org.cocos2dx.lib.Cocos2dxGLSurfaceView$6@392944909)
I/org.umd.logging(11633): Method < 936 org.cocos2dx.lib.Cocos2dxGLSurfaceView$6.run()
W/ResourceType(11633): No known package when getting name for resource number 0xffffffff
I/org.umd.logging(11633): Method > 1 org.cocos2dx.lib.Cocos2dxGLSurfaceView.onTouchEvent(org.cocos2dx.lib.Cocos2dxGLSurfaceView@839259446<file=><x=0><y=0><width=768><height=1184><id=-1>, android.view.MotionEvent@192988172)
I/org.umd.logging(11633): Method < 1 org.cocos2dx.lib.Cocos2dxGLSurfaceView.onTouchEvent(true)
I/org.umd.logging(11633): Method > 936 org.cocos2dx.lib.Cocos2dxGLSurfaceView$9.run(org.cocos2dx.lib.Cocos2dxGLSurfaceView$9@458572994)
I/org.umd.logging(11633): Method < 936 org.cocos2dx.lib.Cocos2dxGLSurfaceView$9.run()
W/ResourceType(11633): No known package when getting name for resource number 0xffffffff
I/org.umd.logging(11633): Method > 1 org.cocos2dx.lib.Cocos2dxGLSurfaceView.onKeyDown(org.cocos2dx.lib.Cocos2dxGLSurfaceView@839259446<file=><x=0><y=0><width=768><height=1184><id=-1>, 38, android.view.KeyEvent@239964883)
I/org.umd.logging(11633): Method < 1 org.cocos2dx.lib.Cocos2dxGLSurfaceView.onKeyDown(false)
D/luajc   (11633): CCLuaJavaBridge::callJavaStaticMethod(lua_State *L)
W/art     (11633): Call to JNI FindClass with dots in name: "com.ninjajumprun.android.MainActivity"
D/luajc   (11633): CCLuaJavaBridge::callJavaStaticMethod("com.ninjajumprun.android.MainActivity", "showBannerAd", args, "(Z)V") SUCCESS
I/org.umd.logging(11633): Api > 936 android.media.MediaPlayer.start(android.media.MediaPlayer@250489092)
D/NuPlayerDriver(  190): start(0xb79c6780)
I/org.umd.logging(11633): Api < 936 android.media.MediaPlayer.start()
D/luajc   (11633): CCLuaJavaBridge::callJavaStaticMethod(lua_State *L)
D/audio_hw_primary(  190): select_devices: out_snd_device(2: speaker) in_snd_device(0: none)
D/audio_hw_primary(  190): enable_audio_route: apply and update mixer path: deep-buffer-playback
W/art     (11633): Call to JNI FindClass with dots in name: "com.ninjajumprun.android.MainActivity"
D/luajc   (11633): CCLuaJavaBridge::callJavaStaticMethod("com.ninjajumprun.android.MainActivity", "showBannerAd", args, "(Z)V") SUCCESS
W/ResourceType(11633): No known package when getting name for resource number 0xffffffff
I/org.umd.logging(11633): Method > 1 org.cocos2dx.lib.Cocos2dxGLSurfaceView.onTouchEvent(org.cocos2dx.lib.Cocos2dxGLSurfaceView@839259446<file=><x=0><y=0><width=768><height=1184><id=-1>, android.view.MotionEvent@192988172)
I/org.umd.logging(11633): Method < 1 org.cocos2dx.lib.Cocos2dxGLSurfaceView.onTouchEvent(true)
I/org.umd.logging(11633): Method > 936 org.cocos2dx.lib.Cocos2dxGLSurfaceView$6.run(org.cocos2dx.lib.Cocos2dxGLSurfaceView$6@469106192)
W/AudioTrack(11633): AUDIO_OUTPUT_FLAG_FAST denied by client
I/org.umd.logging(11633): Method < 936 org.cocos2dx.lib.Cocos2dxGLSurfaceView$6.run()
W/ResourceType(11633): No known package when getting name for resource number 0xffffffff
I/org.umd.logging(11633): Method > 1 org.cocos2dx.lib.Cocos2dxGLSurfaceView.onTouchEvent(org.cocos2dx.lib.Cocos2dxGLSurfaceView@839259446<file=><x=0><y=0><width=768><height=1184><id=-1>, android.view.MotionEvent@192988172)
I/org.umd.logging(11633): Method < 1 org.cocos2dx.lib.Cocos2dxGLSurfaceView.onTouchEvent(true)
I/org.umd.logging(11633): Method > 1 com.ninjajumprun.android.MainActivity$2.run(com.ninjajumprun.android.MainActivity$2@730217737)
I/org.umd.logging(11633): Method < 1 com.ninjajumprun.android.MainActivity$2.run()
I/org.umd.logging(11633): Method > 1 com.ninjajumprun.android.MainActivity$2.run(com.ninjajumprun.android.MainActivity$2@750185230)
I/org.umd.logging(11633): Method < 1 com.ninjajumprun.android.MainActivity$2.run()
I/org.umd.logging(11633): Method > 936 org.cocos2dx.lib.Cocos2dxGLSurfaceView$9.run(org.cocos2dx.lib.Cocos2dxGLSurfaceView$9@542411055)
I/org.umd.logging(11633): Method < 936 org.cocos2dx.lib.Cocos2dxGLSurfaceView$9.run()
W/ResourceType(11633): No known package when getting name for resource number 0xffffffff
I/org.umd.logging(11633): Method > 1 org.cocos2dx.lib.Cocos2dxGLSurfaceView.onKeyDown(org.cocos2dx.lib.Cocos2dxGLSurfaceView@839259446<file=><x=0><y=0><width=768><height=1184><id=-1>, 19, android.view.KeyEvent@254077756)
I/org.umd.logging(11633): Method < 1 org.cocos2dx.lib.Cocos2dxGLSurfaceView.onKeyDown(false)
W/ResourceType(11633): No known package when getting name for resource number 0xffffffff
I/org.umd.logging(11633): Method > 1 org.cocos2dx.lib.Cocos2dxGLSurfaceView.onTouchEvent(org.cocos2dx.lib.Cocos2dxGLSurfaceView@839259446<file=><x=0><y=0><width=768><height=1184><id=-1>, android.view.MotionEvent@192988172)
I/org.umd.logging(11633): Method < 1 org.cocos2dx.lib.Cocos2dxGLSurfaceView.onTouchEvent(true)
I/org.umd.logging(11633): Method > 936 org.cocos2dx.lib.Cocos2dxGLSurfaceView$6.run(org.cocos2dx.lib.Cocos2dxGLSurfaceView$6@516726981)
W/AudioTrack(11633): AUDIO_OUTPUT_FLAG_FAST denied by client
I/org.umd.logging(11633): Method < 936 org.cocos2dx.lib.Cocos2dxGLSurfaceView$6.run()
W/ResourceType(11633): No known package when getting name for resource number 0xffffffff
I/org.umd.logging(11633): Method > 1 org.cocos2dx.lib.Cocos2dxGLSurfaceView.onTouchEvent(org.cocos2dx.lib.Cocos2dxGLSurfaceView@839259446<file=><x=0><y=0><width=768><height=1184><id=-1>, android.view.MotionEvent@192988172)
I/org.umd.logging(11633): Method < 1 org.cocos2dx.lib.Cocos2dxGLSurfaceView.onTouchEvent(true)
I/org.umd.logging(11633): Method > 936 org.cocos2dx.lib.Cocos2dxGLSurfaceView$9.run(org.cocos2dx.lib.Cocos2dxGLSurfaceView$9@326806042)
I/org.umd.logging(11633): Method < 936 org.cocos2dx.lib.Cocos2dxGLSurfaceView$9.run()
W/ResourceType(11633): No known package when getting name for resource number 0xffffffff
I/org.umd.logging(11633): Method > 1 org.cocos2dx.lib.Cocos2dxGLSurfaceView.onTouchEvent(org.cocos2dx.lib.Cocos2dxGLSurfaceView@839259446<file=><x=0><y=0><width=768><height=1184><id=-1>, android.view.MotionEvent@192988172)
I/org.umd.logging(11633): Method < 1 org.cocos2dx.lib.Cocos2dxGLSurfaceView.onTouchEvent(true)
I/org.umd.logging(11633): Method > 936 org.cocos2dx.lib.Cocos2dxGLSurfaceView$6.run(org.cocos2dx.lib.Cocos2dxGLSurfaceView$6@355109195)
I/org.umd.logging(11633): Method < 936 org.cocos2dx.lib.Cocos2dxGLSurfaceView$6.run()
W/ResourceType(11633): No known package when getting name for resource number 0xffffffff
I/org.umd.logging(11633): Method > 1 org.cocos2dx.lib.Cocos2dxGLSurfaceView.onTouchEvent(org.cocos2dx.lib.Cocos2dxGLSurfaceView@839259446<file=><x=0><y=0><width=768><height=1184><id=-1>, android.view.MotionEvent@192988172)
I/org.umd.logging(11633): Method < 1 org.cocos2dx.lib.Cocos2dxGLSurfaceView.onTouchEvent(true)
I/org.umd.logging(11633): Method > 936 org.cocos2dx.lib.Cocos2dxGLSurfaceView$9.run(org.cocos2dx.lib.Cocos2dxGLSurfaceView$9@871595816)
I/org.umd.logging(11633): Method < 936 org.cocos2dx.lib.Cocos2dxGLSurfaceView$9.run()
W/ResourceType(11633): No known package when getting name for resource number 0xffffffff
I/org.umd.logging(11633): Method > 1 org.cocos2dx.lib.Cocos2dxGLSurfaceView.onTouchEvent(org.cocos2dx.lib.Cocos2dxGLSurfaceView@839259446<file=><x=0><y=0><width=768><height=1184><id=-1>, android.view.MotionEvent@192988172)
I/org.umd.logging(11633): Method < 1 org.cocos2dx.lib.Cocos2dxGLSurfaceView.onTouchEvent(true)
I/org.umd.logging(11633): Method > 936 org.cocos2dx.lib.Cocos2dxGLSurfaceView$6.run(org.cocos2dx.lib.Cocos2dxGLSurfaceView$6@274433089)
W/AudioTrack(11633): AUDIO_OUTPUT_FLAG_FAST denied by client
I/org.umd.logging(11633): Method < 936 org.cocos2dx.lib.Cocos2dxGLSurfaceView$6.run()
W/ResourceType(11633): No known package when getting name for resource number 0xffffffff
I/org.umd.logging(11633): Method > 1 org.cocos2dx.lib.Cocos2dxGLSurfaceView.onTouchEvent(org.cocos2dx.lib.Cocos2dxGLSurfaceView@839259446<file=><x=0><y=0><width=768><height=1184><id=-1>, android.view.MotionEvent@192988172)
I/org.umd.logging(11633): Method < 1 org.cocos2dx.lib.Cocos2dxGLSurfaceView.onTouchEvent(true)
I/org.umd.logging(11633): Method > 936 org.cocos2dx.lib.Cocos2dxGLSurfaceView$7.run(org.cocos2dx.lib.Cocos2dxGLSurfaceView$7@612978150)
I/org.umd.logging(11633): Method < 936 org.cocos2dx.lib.Cocos2dxGLSurfaceView$7.run()
W/ResourceType(11633): No known package when getting name for resource number 0xffffffff
I/org.umd.logging(11633): Method > 1 org.cocos2dx.lib.Cocos2dxGLSurfaceView.onTouchEvent(org.cocos2dx.lib.Cocos2dxGLSurfaceView@839259446<file=><x=0><y=0><width=768><height=1184><id=-1>, android.view.MotionEvent@192988172)
I/org.umd.logging(11633): Method < 1 org.cocos2dx.lib.Cocos2dxGLSurfaceView.onTouchEvent(true)
I/org.umd.logging(11633): Method > 936 org.cocos2dx.lib.Cocos2dxGLSurfaceView$9.run(org.cocos2dx.lib.Cocos2dxGLSurfaceView$9@169242407)
I/org.umd.logging(11633): Method < 936 org.cocos2dx.lib.Cocos2dxGLSurfaceView$9.run()
W/ResourceType(11633): No known package when getting name for resource number 0xffffffff
I/org.umd.logging(11633): Method > 1 org.cocos2dx.lib.Cocos2dxGLSurfaceView.onTouchEvent(org.cocos2dx.lib.Cocos2dxGLSurfaceView@839259446<file=><x=0><y=0><width=768><height=1184><id=-1>, android.view.MotionEvent@192988172)
I/org.umd.logging(11633): Method < 1 org.cocos2dx.lib.Cocos2dxGLSurfaceView.onTouchEvent(true)
I/org.umd.logging(11633): Method > 936 org.cocos2dx.lib.Cocos2dxGLSurfaceView$6.run(org.cocos2dx.lib.Cocos2dxGLSurfaceView$6@9790932)
I/org.umd.logging(11633): Method < 936 org.cocos2dx.lib.Cocos2dxGLSurfaceView$6.run()
W/ResourceType(11633): No known package when getting name for resource number 0xffffffff
I/org.umd.logging(11633): Method > 1 org.cocos2dx.lib.Cocos2dxGLSurfaceView.onTouchEvent(org.cocos2dx.lib.Cocos2dxGLSurfaceView@839259446<file=><x=0><y=0><width=768><height=1184><id=-1>, android.view.MotionEvent@192988172)
I/org.umd.logging(11633): Method < 1 org.cocos2dx.lib.Cocos2dxGLSurfaceView.onTouchEvent(true)
I/org.umd.logging(11633): Method > 936 org.cocos2dx.lib.Cocos2dxGLSurfaceView$9.run(org.cocos2dx.lib.Cocos2dxGLSurfaceView$9@446374781)
I/org.umd.logging(11633): Method < 936 org.cocos2dx.lib.Cocos2dxGLSurfaceView$9.run()
W/ResourceType(11633): No known package when getting name for resource number 0xffffffff
I/org.umd.logging(11633): Method > 1 org.cocos2dx.lib.Cocos2dxGLSurfaceView.onTouchEvent(org.cocos2dx.lib.Cocos2dxGLSurfaceView@839259446<file=><x=0><y=0><width=768><height=1184><id=-1>, android.view.MotionEvent@192988172)
I/org.umd.logging(11633): Method < 1 org.cocos2dx.lib.Cocos2dxGLSurfaceView.onTouchEvent(true)
I/org.umd.logging(11633): Method > 936 org.cocos2dx.lib.Cocos2dxGLSurfaceView$6.run(org.cocos2dx.lib.Cocos2dxGLSurfaceView$6@143417970)
I/org.umd.logging(11633): Method < 936 org.cocos2dx.lib.Cocos2dxGLSurfaceView$6.run()
W/ResourceType(11633): No known package when getting name for resource number 0xffffffff
I/org.umd.logging(11633): Method > 1 org.cocos2dx.lib.Cocos2dxGLSurfaceView.onTouchEvent(org.cocos2dx.lib.Cocos2dxGLSurfaceView@839259446<file=><x=0><y=0><width=768><height=1184><id=-1>, android.view.MotionEvent@192988172)
I/org.umd.logging(11633): Method < 1 org.cocos2dx.lib.Cocos2dxGLSurfaceView.onTouchEvent(true)
I/org.umd.logging(11633): Method > 936 org.cocos2dx.lib.Cocos2dxGLSurfaceView$7.run(org.cocos2dx.lib.Cocos2dxGLSurfaceView$7@1072748227)
I/org.umd.logging(11633): Method < 936 org.cocos2dx.lib.Cocos2dxGLSurfaceView$7.run()
W/ResourceType(11633): No known package when getting name for resource number 0xffffffff
I/org.umd.logging(11633): Method > 1 org.cocos2dx.lib.Cocos2dxGLSurfaceView.onTouchEvent(org.cocos2dx.lib.Cocos2dxGLSurfaceView@839259446<file=><x=0><y=0><width=768><height=1184><id=-1>, android.view.MotionEvent@192988172)
I/org.umd.logging(11633): Method < 1 org.cocos2dx.lib.Cocos2dxGLSurfaceView.onTouchEvent(true)
I/org.umd.logging(11633): Method > 936 org.cocos2dx.lib.Cocos2dxGLSurfaceView$9.run(org.cocos2dx.lib.Cocos2dxGLSurfaceView$9@952961856)
I/org.umd.logging(11633): Method < 936 org.cocos2dx.lib.Cocos2dxGLSurfaceView$9.run()
W/ResourceType(11633): No known package when getting name for resource number 0xffffffff
I/org.umd.logging(11633): Method > 1 org.cocos2dx.lib.Cocos2dxGLSurfaceView.onKeyDown(org.cocos2dx.lib.Cocos2dxGLSurfaceView@839259446<file=><x=0><y=0><width=768><height=1184><id=-1>, 19, android.view.KeyEvent@473660025)
I/org.umd.logging(11633): Method < 1 org.cocos2dx.lib.Cocos2dxGLSurfaceView.onKeyDown(false)
D/audio_hw_primary(  190): out_set_parameters: enter: usecase(0: deep-buffer-playback) kvpairs: routing=2
W/ResourceType(11633): No known package when getting name for resource number 0xffffffff
I/org.umd.logging(11633): Method > 1 org.cocos2dx.lib.Cocos2dxGLSurfaceView.onTouchEvent(org.cocos2dx.lib.Cocos2dxGLSurfaceView@839259446<file=><x=0><y=0><width=768><height=1184><id=-1>, android.view.MotionEvent@192988172)
I/org.umd.logging(11633): Method < 1 org.cocos2dx.lib.Cocos2dxGLSurfaceView.onTouchEvent(true)
I/org.umd.logging(11633): Method > 936 org.cocos2dx.lib.Cocos2dxGLSurfaceView$6.run(org.cocos2dx.lib.Cocos2dxGLSurfaceView$6@389690302)
W/AudioTrack(11633): AUDIO_OUTPUT_FLAG_FAST denied by client
I/org.umd.logging(11633): Method < 936 org.cocos2dx.lib.Cocos2dxGLSurfaceView$6.run()
W/AudioTrack(11633): AUDIO_OUTPUT_FLAG_FAST denied by client
I/DownloadManagerWrapper(  949): onReceive() : Charging = true
W/AudioTrack(11633): AUDIO_OUTPUT_FLAG_FAST denied by client
W/ResourceType(11633): No known package when getting name for resource number 0xffffffff
I/org.umd.logging(11633): Method > 1 org.cocos2dx.lib.Cocos2dxGLSurfaceView.onTouchEvent(org.cocos2dx.lib.Cocos2dxGLSurfaceView@839259446<file=><x=0><y=0><width=768><height=1184><id=-1>, android.view.MotionEvent@192988172)
I/org.umd.logging(11633): Method < 1 org.cocos2dx.lib.Cocos2dxGLSurfaceView.onTouchEvent(true)
W/AudioTrack(11633): AUDIO_OUTPUT_FLAG_FAST denied by client
I/org.umd.logging(11633): Method > 936 org.cocos2dx.lib.Cocos2dxGLSurfaceView$9.run(org.cocos2dx.lib.Cocos2dxGLSurfaceView$9@578821151)
I/org.umd.logging(11633): Method < 936 org.cocos2dx.lib.Cocos2dxGLSurfaceView$9.run()
W/ResourceType(11633): No known package when getting name for resource number 0xffffffff
I/org.umd.logging(11633): Method > 1 org.cocos2dx.lib.Cocos2dxGLSurfaceView.onTouchEvent(org.cocos2dx.lib.Cocos2dxGLSurfaceView@839259446<file=><x=0><y=0><width=768><height=1184><id=-1>, android.view.MotionEvent@192988172)
I/org.umd.logging(11633): Method < 1 org.cocos2dx.lib.Cocos2dxGLSurfaceView.onTouchEvent(true)
W/AudioTrack(11633): AUDIO_OUTPUT_FLAG_FAST denied by client
W/AudioTrack(11633): AUDIO_OUTPUT_FLAG_FAST denied by client
I/org.umd.logging(11633): Method > 936 org.cocos2dx.lib.Cocos2dxGLSurfaceView$6.run(org.cocos2dx.lib.Cocos2dxGLSurfaceView$6@404200300)
I/org.umd.logging(11633): Method < 936 org.cocos2dx.lib.Cocos2dxGLSurfaceView$6.run()
W/ResourceType(11633): No known package when getting name for resource number 0xffffffff
I/org.umd.logging(11633): Method > 1 org.cocos2dx.lib.Cocos2dxGLSurfaceView.onTouchEvent(org.cocos2dx.lib.Cocos2dxGLSurfaceView@839259446<file=><x=0><y=0><width=768><height=1184><id=-1>, android.view.MotionEvent@192988172)
I/org.umd.logging(11633): Method < 1 org.cocos2dx.lib.Cocos2dxGLSurfaceView.onTouchEvent(true)
I/org.umd.logging(11633): Method > 936 org.cocos2dx.lib.Cocos2dxGLSurfaceView$9.run(org.cocos2dx.lib.Cocos2dxGLSurfaceView$9@351290677)
I/org.umd.logging(11633): Method < 936 org.cocos2dx.lib.Cocos2dxGLSurfaceView$9.run()
W/ResourceType(11633): No known package when getting name for resource number 0xffffffff
I/org.umd.logging(11633): Method > 1 org.cocos2dx.lib.Cocos2dxGLSurfaceView.onTouchEvent(org.cocos2dx.lib.Cocos2dxGLSurfaceView@839259446<file=><x=0><y=0><width=768><height=1184><id=-1>, android.view.MotionEvent@192988172)
I/org.umd.logging(11633): Method < 1 org.cocos2dx.lib.Cocos2dxGLSurfaceView.onTouchEvent(true)
I/org.umd.logging(11633): Method > 936 org.cocos2dx.lib.Cocos2dxGLSurfaceView$6.run(org.cocos2dx.lib.Cocos2dxGLSurfaceView$6@459394506)
I/org.umd.logging(11633): Method < 936 org.cocos2dx.lib.Cocos2dxGLSurfaceView$6.run()
W/ResourceType(11633): No known package when getting name for resource number 0xffffffff
I/org.umd.logging(11633): Method > 1 org.cocos2dx.lib.Cocos2dxGLSurfaceView.onTouchEvent(org.cocos2dx.lib.Cocos2dxGLSurfaceView@839259446<file=><x=0><y=0><width=768><height=1184><id=-1>, android.view.MotionEvent@192988172)
I/org.umd.logging(11633): Method < 1 org.cocos2dx.lib.Cocos2dxGLSurfaceView.onTouchEvent(true)
I/org.umd.logging(11633): Method > 936 org.cocos2dx.lib.Cocos2dxGLSurfaceView$5.run(org.cocos2dx.lib.Cocos2dxGLSurfaceView$5@697588539)
I/org.umd.logging(11633): Method < 936 org.cocos2dx.lib.Cocos2dxGLSurfaceView$5.run()
W/ResourceType(11633): No known package when getting name for resource number 0xffffffff
I/org.umd.logging(11633): Method > 1 org.cocos2dx.lib.Cocos2dxGLSurfaceView.onTouchEvent(org.cocos2dx.lib.Cocos2dxGLSurfaceView@839259446<file=><x=0><y=0><width=768><height=1184><id=-1>, android.view.MotionEvent@192988172)
I/org.umd.logging(11633): Method < 1 org.cocos2dx.lib.Cocos2dxGLSurfaceView.onTouchEvent(true)
I/org.umd.logging(11633): Method > 936 org.cocos2dx.lib.Cocos2dxGLSurfaceView$7.run(org.cocos2dx.lib.Cocos2dxGLSurfaceView$7@848888408)
I/org.umd.logging(11633): Method < 936 org.cocos2dx.lib.Cocos2dxGLSurfaceView$7.run()
W/ResourceType(11633): No known package when getting name for resource number 0xffffffff
I/org.umd.logging(11633): Method > 1 org.cocos2dx.lib.Cocos2dxGLSurfaceView.onTouchEvent(org.cocos2dx.lib.Cocos2dxGLSurfaceView@839259446<file=><x=0><y=0><width=768><height=1184><id=-1>, android.view.MotionEvent@192988172)
I/org.umd.logging(11633): Method < 1 org.cocos2dx.lib.Cocos2dxGLSurfaceView.onTouchEvent(true)
I/org.umd.logging(11633): Method > 936 org.cocos2dx.lib.Cocos2dxGLSurfaceView$8.run(org.cocos2dx.lib.Cocos2dxGLSurfaceView$8@300744625)
I/org.umd.logging(11633): Method < 936 org.cocos2dx.lib.Cocos2dxGLSurfaceView$8.run()
W/ResourceType(11633): No known package when getting name for resource number 0xffffffff
I/org.umd.logging(11633): Method > 1 org.cocos2dx.lib.Cocos2dxGLSurfaceView.onTouchEvent(org.cocos2dx.lib.Cocos2dxGLSurfaceView@839259446<file=><x=0><y=0><width=768><height=1184><id=-1>, android.view.MotionEvent@192988172)
I/org.umd.logging(11633): Method > 936 org.cocos2dx.lib.Cocos2dxGLSurfaceView$9.run(org.cocos2dx.lib.Cocos2dxGLSurfaceView$9@196541590)
I/org.umd.logging(11633): Method < 1 org.cocos2dx.lib.Cocos2dxGLSurfaceView.onTouchEvent(true)
I/org.umd.logging(11633): Method < 936 org.cocos2dx.lib.Cocos2dxGLSurfaceView$9.run()
W/ResourceType(11633): No known package when getting name for resource number 0xffffffff
I/org.umd.logging(11633): Method > 1 org.cocos2dx.lib.Cocos2dxGLSurfaceView.onTouchEvent(org.cocos2dx.lib.Cocos2dxGLSurfaceView@839259446<file=><x=0><y=0><width=768><height=1184><id=-1>, android.view.MotionEvent@803434519)
I/org.umd.logging(11633): Method < 1 org.cocos2dx.lib.Cocos2dxGLSurfaceView.onTouchEvent(true)
I/org.umd.logging(11633): Method > 936 org.cocos2dx.lib.Cocos2dxGLSurfaceView$6.run(org.cocos2dx.lib.Cocos2dxGLSurfaceView$6@952626180)
W/AudioTrack(11633): AUDIO_OUTPUT_FLAG_FAST denied by client
I/org.umd.logging(11633): Method < 936 org.cocos2dx.lib.Cocos2dxGLSurfaceView$6.run()
E/WifiStateMachine(  594): WifiStateMachine CMD_START_SCAN source -2 txSuccessRate=5.08 rxSuccessRate=2.21 targetRoamBSSID=any RSSI=-49
W/ResourceType(11633): No known package when getting name for resource number 0xffffffff
I/org.umd.logging(11633): Method > 1 org.cocos2dx.lib.Cocos2dxGLSurfaceView.onTouchEvent(org.cocos2dx.lib.Cocos2dxGLSurfaceView@839259446<file=><x=0><y=0><width=768><height=1184><id=-1>, android.view.MotionEvent@803434519)
I/org.umd.logging(11633): Method < 1 org.cocos2dx.lib.Cocos2dxGLSurfaceView.onTouchEvent(true)
I/org.umd.logging(11633): Method > 936 org.cocos2dx.lib.Cocos2dxGLSurfaceView$9.run(org.cocos2dx.lib.Cocos2dxGLSurfaceView$9@639690221)
I/org.umd.logging(11633): Method < 936 org.cocos2dx.lib.Cocos2dxGLSurfaceView$9.run()
W/ResourceType(11633): No known package when getting name for resource number 0xffffffff
I/org.umd.logging(11633): Method > 1 org.cocos2dx.lib.Cocos2dxGLSurfaceView.onTouchEvent(org.cocos2dx.lib.Cocos2dxGLSurfaceView@839259446<file=><x=0><y=0><width=768><height=1184><id=-1>, android.view.MotionEvent@803434519)
I/org.umd.logging(11633): Method > 936 org.cocos2dx.lib.Cocos2dxGLSurfaceView$6.run(org.cocos2dx.lib.Cocos2dxGLSurfaceView$6@73288738)
I/org.umd.logging(11633): Method < 1 org.cocos2dx.lib.Cocos2dxGLSurfaceView.onTouchEvent(true)
I/org.umd.logging(11633): Method < 936 org.cocos2dx.lib.Cocos2dxGLSurfaceView$6.run()
W/ResourceType(11633): No known package when getting name for resource number 0xffffffff
I/org.umd.logging(11633): Method > 1 org.cocos2dx.lib.Cocos2dxGLSurfaceView.onTouchEvent(org.cocos2dx.lib.Cocos2dxGLSurfaceView@839259446<file=><x=0><y=0><width=768><height=1184><id=-1>, android.view.MotionEvent@803434519)
I/org.umd.logging(11633): Method < 1 org.cocos2dx.lib.Cocos2dxGLSurfaceView.onTouchEvent(true)
I/org.umd.logging(11633): Method > 936 org.cocos2dx.lib.Cocos2dxGLSurfaceView$9.run(org.cocos2dx.lib.Cocos2dxGLSurfaceView$9@463795891)
I/org.umd.logging(11633): Method < 936 org.cocos2dx.lib.Cocos2dxGLSurfaceView$9.run()
W/ResourceType(11633): No known package when getting name for resource number 0xffffffff
I/org.umd.logging(11633): Method > 1 org.cocos2dx.lib.Cocos2dxGLSurfaceView.onKeyDown(org.cocos2dx.lib.Cocos2dxGLSurfaceView@839259446<file=><x=0><y=0><width=768><height=1184><id=-1>, 22, android.view.KeyEvent@165266544)
I/org.umd.logging(11633): Method < 1 org.cocos2dx.lib.Cocos2dxGLSurfaceView.onKeyDown(false)
W/ResourceType(11633): No known package when getting name for resource number 0xffffffff
I/org.umd.logging(11633): Method > 1 org.cocos2dx.lib.Cocos2dxGLSurfaceView.onKeyDown(org.cocos2dx.lib.Cocos2dxGLSurfaceView@839259446<file=><x=0><y=0><width=768><height=1184><id=-1>, 22, android.view.KeyEvent@707982313)
I/org.umd.logging(11633): Method < 1 org.cocos2dx.lib.Cocos2dxGLSurfaceView.onKeyDown(false)
W/ResourceType(11633): No known package when getting name for resource number 0xffffffff
I/org.umd.logging(11633): Method > 1 org.cocos2dx.lib.Cocos2dxGLSurfaceView.onKeyDown(org.cocos2dx.lib.Cocos2dxGLSurfaceView@839259446<file=><x=0><y=0><width=768><height=1184><id=-1>, 22, android.view.KeyEvent@221841518)
I/org.umd.logging(11633): Method < 1 org.cocos2dx.lib.Cocos2dxGLSurfaceView.onKeyDown(false)
W/ResourceType(11633): No known package when getting name for resource number 0xffffffff
I/org.umd.logging(11633): Method > 1 org.cocos2dx.lib.Cocos2dxGLSurfaceView.onKeyDown(org.cocos2dx.lib.Cocos2dxGLSurfaceView@839259446<file=><x=0><y=0><width=768><height=1184><id=-1>, 22, android.view.KeyEvent@888032015)
I/org.umd.logging(11633): Method < 1 org.cocos2dx.lib.Cocos2dxGLSurfaceView.onKeyDown(false)
W/ResourceType(11633): No known package when getting name for resource number 0xffffffff
I/org.umd.logging(11633): Method > 1 org.cocos2dx.lib.Cocos2dxGLSurfaceView.onKeyDown(org.cocos2dx.lib.Cocos2dxGLSurfaceView@839259446<file=><x=0><y=0><width=768><height=1184><id=-1>, 23, android.view.KeyEvent@15644572)
I/org.umd.logging(11633): Method < 1 org.cocos2dx.lib.Cocos2dxGLSurfaceView.onKeyDown(false)
D/audio_hw_primary(  190): out_set_parameters: enter: usecase(0: deep-buffer-playback) kvpairs: routing=2
W/ResourceType(11633): No known package when getting name for resource number 0xffffffff
I/org.umd.logging(11633): Method > 1 org.cocos2dx.lib.Cocos2dxGLSurfaceView.onKeyDown(org.cocos2dx.lib.Cocos2dxGLSurfaceView@839259446<file=><x=0><y=0><width=768><height=1184><id=-1>, 24, android.view.KeyEvent@4056485)
I/org.umd.logging(11633): Method < 1 org.cocos2dx.lib.Cocos2dxGLSurfaceView.onKeyDown(false)
W/ResourceType(11633): No known package when getting name for resource number 0xffffffff
I/org.umd.logging(11633): Method > 1 org.cocos2dx.lib.Cocos2dxGLSurfaceView.onKeyDown(org.cocos2dx.lib.Cocos2dxGLSurfaceView@839259446<file=><x=0><y=0><width=768><height=1184><id=-1>, 20, android.view.KeyEvent@955334010)
I/org.umd.logging(11633): Method < 1 org.cocos2dx.lib.Cocos2dxGLSurfaceView.onKeyDown(false)
W/ResourceType(11633): No known package when getting name for resource number 0xffffffff
I/org.umd.logging(11633): Method > 1 org.cocos2dx.lib.Cocos2dxGLSurfaceView.onTouchEvent(org.cocos2dx.lib.Cocos2dxGLSurfaceView@839259446<file=><x=0><y=0><width=768><height=1184><id=-1>, android.view.MotionEvent@76580421)
I/org.umd.logging(11633): Method < 1 org.cocos2dx.lib.Cocos2dxGLSurfaceView.onTouchEvent(true)
I/org.umd.logging(11633): Method > 936 org.cocos2dx.lib.Cocos2dxGLSurfaceView$6.run(org.cocos2dx.lib.Cocos2dxGLSurfaceView$6@97421611)
W/AudioTrack(11633): AUDIO_OUTPUT_FLAG_FAST denied by client
I/org.umd.logging(11633): Method < 936 org.cocos2dx.lib.Cocos2dxGLSurfaceView$6.run()
W/ResourceType(11633): No known package when getting name for resource number 0xffffffff
I/org.umd.logging(11633): Method > 1 org.cocos2dx.lib.Cocos2dxGLSurfaceView.onTouchEvent(org.cocos2dx.lib.Cocos2dxGLSurfaceView@839259446<file=><x=0><y=0><width=768><height=1184><id=-1>, android.view.MotionEvent@76580421)
I/org.umd.logging(11633): Method < 1 org.cocos2dx.lib.Cocos2dxGLSurfaceView.onTouchEvent(true)
I/org.umd.logging(11633): Method > 936 org.cocos2dx.lib.Cocos2dxGLSurfaceView$9.run(org.cocos2dx.lib.Cocos2dxGLSurfaceView$9@687714696)
I/org.umd.logging(11633): Method < 936 org.cocos2dx.lib.Cocos2dxGLSurfaceView$9.run()
W/ResourceType(11633): No known package when getting name for resource number 0xffffffff
I/org.umd.logging(11633): Method > 1 org.cocos2dx.lib.Cocos2dxGLSurfaceView.onKeyDown(org.cocos2dx.lib.Cocos2dxGLSurfaceView@839259446<file=><x=0><y=0><width=768><height=1184><id=-1>, 19, android.view.KeyEvent@390870817)
I/org.umd.logging(11633): Method < 1 org.cocos2dx.lib.Cocos2dxGLSurfaceView.onKeyDown(false)
W/ResourceType(11633): No known package when getting name for resource number 0xffffffff
I/org.umd.logging(11633): Method > 1 org.cocos2dx.lib.Cocos2dxGLSurfaceView.onTouchEvent(org.cocos2dx.lib.Cocos2dxGLSurfaceView@839259446<file=><x=0><y=0><width=768><height=1184><id=-1>, android.view.MotionEvent@76580421)
I/org.umd.logging(11633): Method < 1 org.cocos2dx.lib.Cocos2dxGLSurfaceView.onTouchEvent(true)
I/org.umd.logging(11633): Method > 936 org.cocos2dx.lib.Cocos2dxGLSurfaceView$6.run(org.cocos2dx.lib.Cocos2dxGLSurfaceView$6@684046150)
I/org.umd.logging(11633): Method < 936 org.cocos2dx.lib.Cocos2dxGLSurfaceView$6.run()
W/ResourceType(11633): No known package when getting name for resource number 0xffffffff
I/org.umd.logging(11633): Method > 1 org.cocos2dx.lib.Cocos2dxGLSurfaceView.onTouchEvent(org.cocos2dx.lib.Cocos2dxGLSurfaceView@839259446<file=><x=0><y=0><width=768><height=1184><id=-1>, android.view.MotionEvent@76580421)
I/org.umd.logging(11633): Method < 1 org.cocos2dx.lib.Cocos2dxGLSurfaceView.onTouchEvent(true)
I/org.umd.logging(11633): Method > 936 org.cocos2dx.lib.Cocos2dxGLSurfaceView$9.run(org.cocos2dx.lib.Cocos2dxGLSurfaceView$9@539659527)
I/org.umd.logging(11633): Method < 936 org.cocos2dx.lib.Cocos2dxGLSurfaceView$9.run()
W/ResourceType(11633): No known package when getting name for resource number 0xffffffff
I/org.umd.logging(11633): Method > 1 org.cocos2dx.lib.Cocos2dxGLSurfaceView.onTouchEvent(org.cocos2dx.lib.Cocos2dxGLSurfaceView@839259446<file=><x=0><y=0><width=768><height=1184><id=-1>, android.view.MotionEvent@76580421)
I/org.umd.logging(11633): Method < 1 org.cocos2dx.lib.Cocos2dxGLSurfaceView.onTouchEvent(true)
I/org.umd.logging(11633): Method > 936 org.cocos2dx.lib.Cocos2dxGLSurfaceView$6.run(org.cocos2dx.lib.Cocos2dxGLSurfaceView$6@58744372)
I/org.umd.logging(11633): Method < 936 org.cocos2dx.lib.Cocos2dxGLSurfaceView$6.run()
W/ResourceType(11633): No known package when getting name for resource number 0xffffffff
I/org.umd.logging(11633): Method > 1 org.cocos2dx.lib.Cocos2dxGLSurfaceView.onTouchEvent(org.cocos2dx.lib.Cocos2dxGLSurfaceView@839259446<file=><x=0><y=0><width=768><height=1184><id=-1>, android.view.MotionEvent@76580421)
I/org.umd.logging(11633): Method < 1 org.cocos2dx.lib.Cocos2dxGLSurfaceView.onTouchEvent(true)
I/org.umd.logging(11633): Method > 936 org.cocos2dx.lib.Cocos2dxGLSurfaceView$9.run(org.cocos2dx.lib.Cocos2dxGLSurfaceView$9@714351709)
I/org.umd.logging(11633): Method < 936 org.cocos2dx.lib.Cocos2dxGLSurfaceView$9.run()
W/ResourceType(11633): No known package when getting name for resource number 0xffffffff
I/org.umd.logging(11633): Method > 1 org.cocos2dx.lib.Cocos2dxGLSurfaceView.onTouchEvent(org.cocos2dx.lib.Cocos2dxGLSurfaceView@839259446<file=><x=0><y=0><width=768><height=1184><id=-1>, android.view.MotionEvent@76580421)
I/org.umd.logging(11633): Method < 1 org.cocos2dx.lib.Cocos2dxGLSurfaceView.onTouchEvent(true)
I/org.umd.logging(11633): Method > 936 org.cocos2dx.lib.Cocos2dxGLSurfaceView$6.run(org.cocos2dx.lib.Cocos2dxGLSurfaceView$6@18219474)
W/AudioTrack(11633): AUDIO_OUTPUT_FLAG_FAST denied by client
I/org.umd.logging(11633): Method < 936 org.cocos2dx.lib.Cocos2dxGLSurfaceView$6.run()
W/AudioTrack(11633): AUDIO_OUTPUT_FLAG_FAST denied by client
W/ResourceType(11633): No known package when getting name for resource number 0xffffffff
I/org.umd.logging(11633): Method > 1 org.cocos2dx.lib.Cocos2dxGLSurfaceView.onTouchEvent(org.cocos2dx.lib.Cocos2dxGLSurfaceView@839259446<file=><x=0><y=0><width=768><height=1184><id=-1>, android.view.MotionEvent@76580421)
I/org.umd.logging(11633): Method < 1 org.cocos2dx.lib.Cocos2dxGLSurfaceView.onTouchEvent(true)
I/org.umd.logging(11633): Method > 936 org.cocos2dx.lib.Cocos2dxGLSurfaceView$9.run(org.cocos2dx.lib.Cocos2dxGLSurfaceView$9@626586275)
I/org.umd.logging(11633): Method < 936 org.cocos2dx.lib.Cocos2dxGLSurfaceView$9.run()
W/ResourceType(11633): No known package when getting name for resource number 0xffffffff
I/org.umd.logging(11633): Method > 1 org.cocos2dx.lib.Cocos2dxGLSurfaceView.onTouchEvent(org.cocos2dx.lib.Cocos2dxGLSurfaceView@839259446<file=><x=0><y=0><width=768><height=1184><id=-1>, android.view.MotionEvent@76580421)
I/org.umd.logging(11633): Method < 1 org.cocos2dx.lib.Cocos2dxGLSurfaceView.onTouchEvent(true)
I/org.umd.logging(11633): Method > 936 org.cocos2dx.lib.Cocos2dxGLSurfaceView$6.run(org.cocos2dx.lib.Cocos2dxGLSurfaceView$6@232728992)
I/org.umd.logging(11633): Method < 936 org.cocos2dx.lib.Cocos2dxGLSurfaceView$6.run()
W/ResourceType(11633): No known package when getting name for resource number 0xffffffff
I/org.umd.logging(11633): Method > 1 org.cocos2dx.lib.Cocos2dxGLSurfaceView.onTouchEvent(org.cocos2dx.lib.Cocos2dxGLSurfaceView@839259446<file=><x=0><y=0><width=768><height=1184><id=-1>, android.view.MotionEvent@76580421)
I/org.umd.logging(11633): Method < 1 org.cocos2dx.lib.Cocos2dxGLSurfaceView.onTouchEvent(true)
I/org.umd.logging(11633): Method > 936 org.cocos2dx.lib.Cocos2dxGLSurfaceView$9.run(org.cocos2dx.lib.Cocos2dxGLSurfaceView$9@947104089)
I/org.umd.logging(11633): Method < 936 org.cocos2dx.lib.Cocos2dxGLSurfaceView$9.run()
W/ResourceType(11633): No known package when getting name for resource number 0xffffffff
I/org.umd.logging(11633): Method > 1 org.cocos2dx.lib.Cocos2dxGLSurfaceView.onTouchEvent(org.cocos2dx.lib.Cocos2dxGLSurfaceView@839259446<file=><x=0><y=0><width=768><height=1184><id=-1>, android.view.MotionEvent@76580421)
I/org.umd.logging(11633): Method < 1 org.cocos2dx.lib.Cocos2dxGLSurfaceView.onTouchEvent(true)
I/org.umd.logging(11633): Method > 936 org.cocos2dx.lib.Cocos2dxGLSurfaceView$6.run(org.cocos2dx.lib.Cocos2dxGLSurfaceView$6@447637790)
I/org.umd.logging(11633): Method < 936 org.cocos2dx.lib.Cocos2dxGLSurfaceView$6.run()
W/ResourceType(11633): No known package when getting name for resource number 0xffffffff
I/org.umd.logging(11633): Method > 1 org.cocos2dx.lib.Cocos2dxGLSurfaceView.onTouchEvent(org.cocos2dx.lib.Cocos2dxGLSurfaceView@839259446<file=><x=0><y=0><width=768><height=1184><id=-1>, android.view.MotionEvent@76580421)
I/org.umd.logging(11633): Method > 936 org.cocos2dx.lib.Cocos2dxGLSurfaceView$9.run(org.cocos2dx.lib.Cocos2dxGLSurfaceView$9@729683455)
I/org.umd.logging(11633): Method < 936 org.cocos2dx.lib.Cocos2dxGLSurfaceView$9.run()
I/org.umd.logging(11633): Method < 1 org.cocos2dx.lib.Cocos2dxGLSurfaceView.onTouchEvent(true)
W/ResourceType(11633): No known package when getting name for resource number 0xffffffff
I/org.umd.logging(11633): Method > 1 org.cocos2dx.lib.Cocos2dxGLSurfaceView.onTouchEvent(org.cocos2dx.lib.Cocos2dxGLSurfaceView@839259446<file=><x=0><y=0><width=768><height=1184><id=-1>, android.view.MotionEvent@76580421)
I/org.umd.logging(11633): Method < 1 org.cocos2dx.lib.Cocos2dxGLSurfaceView.onTouchEvent(true)
I/org.umd.logging(11633): Method > 936 org.cocos2dx.lib.Cocos2dxGLSurfaceView$6.run(org.cocos2dx.lib.Cocos2dxGLSurfaceView$6@832389068)
W/AudioTrack(11633): AUDIO_OUTPUT_FLAG_FAST denied by client
I/org.umd.logging(11633): Method < 936 org.cocos2dx.lib.Cocos2dxGLSurfaceView$6.run()
W/ResourceType(11633): No known package when getting name for resource number 0xffffffff
I/org.umd.logging(11633): Method > 1 org.cocos2dx.lib.Cocos2dxGLSurfaceView.onTouchEvent(org.cocos2dx.lib.Cocos2dxGLSurfaceView@839259446<file=><x=0><y=0><width=768><height=1184><id=-1>, android.view.MotionEvent@76580421)
I/org.umd.logging(11633): Method < 1 org.cocos2dx.lib.Cocos2dxGLSurfaceView.onTouchEvent(true)
I/org.umd.logging(11633): Method > 936 org.cocos2dx.lib.Cocos2dxGLSurfaceView$9.run(org.cocos2dx.lib.Cocos2dxGLSurfaceView$9@757891605)
I/org.umd.logging(11633): Method < 936 org.cocos2dx.lib.Cocos2dxGLSurfaceView$9.run()
W/ResourceType(11633): No known package when getting name for resource number 0xffffffff
I/org.umd.logging(11633): Method > 1 org.cocos2dx.lib.Cocos2dxGLSurfaceView.onTouchEvent(org.cocos2dx.lib.Cocos2dxGLSurfaceView@839259446<file=><x=0><y=0><width=768><height=1184><id=-1>, android.view.MotionEvent@76580421)
I/org.umd.logging(11633): Method < 1 org.cocos2dx.lib.Cocos2dxGLSurfaceView.onTouchEvent(true)
I/org.umd.logging(11633): Method > 936 org.cocos2dx.lib.Cocos2dxGLSurfaceView$6.run(org.cocos2dx.lib.Cocos2dxGLSurfaceView$6@1020524842)
I/org.umd.logging(11633): Method < 936 org.cocos2dx.lib.Cocos2dxGLSurfaceView$6.run()
W/ResourceType(11633): No known package when getting name for resource number 0xffffffff
I/org.umd.logging(11633): Method > 1 org.cocos2dx.lib.Cocos2dxGLSurfaceView.onTouchEvent(org.cocos2dx.lib.Cocos2dxGLSurfaceView@839259446<file=><x=0><y=0><width=768><height=1184><id=-1>, android.view.MotionEvent@76580421)
I/org.umd.logging(11633): Method < 1 org.cocos2dx.lib.Cocos2dxGLSurfaceView.onTouchEvent(true)
I/org.umd.logging(11633): Method > 936 org.cocos2dx.lib.Cocos2dxGLSurfaceView$9.run(org.cocos2dx.lib.Cocos2dxGLSurfaceView$9@480776987)
I/org.umd.logging(11633): Method < 936 org.cocos2dx.lib.Cocos2dxGLSurfaceView$9.run()
W/ResourceType(11633): No known package when getting name for resource number 0xffffffff
I/org.umd.logging(11633): Method > 1 org.cocos2dx.lib.Cocos2dxGLSurfaceView.onTouchEvent(org.cocos2dx.lib.Cocos2dxGLSurfaceView@839259446<file=><x=0><y=0><width=768><height=1184><id=-1>, android.view.MotionEvent@76580421)
I/org.umd.logging(11633): Method < 1 org.cocos2dx.lib.Cocos2dxGLSurfaceView.onTouchEvent(true)
I/org.umd.logging(11633): Method > 936 org.cocos2dx.lib.Cocos2dxGLSurfaceView$6.run(org.cocos2dx.lib.Cocos2dxGLSurfaceView$6@189041848)
I/org.umd.logging(11633): Method < 936 org.cocos2dx.lib.Cocos2dxGLSurfaceView$6.run()
W/ResourceType(11633): No known package when getting name for resource number 0xffffffff
I/org.umd.logging(11633): Method > 1 org.cocos2dx.lib.Cocos2dxGLSurfaceView.onTouchEvent(org.cocos2dx.lib.Cocos2dxGLSurfaceView@839259446<file=><x=0><y=0><width=768><height=1184><id=-1>, android.view.MotionEvent@76580421)
I/org.umd.logging(11633): Method < 1 org.cocos2dx.lib.Cocos2dxGLSurfaceView.onTouchEvent(true)
I/org.umd.logging(11633): Method > 936 org.cocos2dx.lib.Cocos2dxGLSurfaceView$9.run(org.cocos2dx.lib.Cocos2dxGLSurfaceView$9@1029712529)
I/org.umd.logging(11633): Method < 936 org.cocos2dx.lib.Cocos2dxGLSurfaceView$9.run()
W/ResourceType(11633): No known package when getting name for resource number 0xffffffff
I/org.umd.logging(11633): Method > 1 org.cocos2dx.lib.Cocos2dxGLSurfaceView.onTouchEvent(org.cocos2dx.lib.Cocos2dxGLSurfaceView@839259446<file=><x=0><y=0><width=768><height=1184><id=-1>, android.view.MotionEvent@76580421)
I/org.umd.logging(11633): Method < 1 org.cocos2dx.lib.Cocos2dxGLSurfaceView.onTouchEvent(true)
I/org.umd.logging(11633): Method > 936 org.cocos2dx.lib.Cocos2dxGLSurfaceView$6.run(org.cocos2dx.lib.Cocos2dxGLSurfaceView$6@739278326)
I/org.umd.logging(11633): Method < 936 org.cocos2dx.lib.Cocos2dxGLSurfaceView$6.run()
W/ResourceType(11633): No known package when getting name for resource number 0xffffffff
I/org.umd.logging(11633): Method > 1 org.cocos2dx.lib.Cocos2dxGLSurfaceView.onTouchEvent(org.cocos2dx.lib.Cocos2dxGLSurfaceView@839259446<file=><x=0><y=0><width=768><height=1184><id=-1>, android.view.MotionEvent@76580421)
I/org.umd.logging(11633): Method < 1 org.cocos2dx.lib.Cocos2dxGLSurfaceView.onTouchEvent(true)
I/org.umd.logging(11633): Method > 936 org.cocos2dx.lib.Cocos2dxGLSurfaceView$9.run(org.cocos2dx.lib.Cocos2dxGLSurfaceView$9@732612087)
I/org.umd.logging(11633): Method < 936 org.cocos2dx.lib.Cocos2dxGLSurfaceView$9.run()
D/audio_hw_primary(  190): out_set_parameters: enter: usecase(0: deep-buffer-playback) kvpairs: routing=2
W/ResourceType(11633): No known package when getting name for resource number 0xffffffff
I/org.umd.logging(11633): Method > 1 org.cocos2dx.lib.Cocos2dxGLSurfaceView.onTouchEvent(org.cocos2dx.lib.Cocos2dxGLSurfaceView@839259446<file=><x=0><y=0><width=768><height=1184><id=-1>, android.view.MotionEvent@76580421)
I/org.umd.logging(11633): Method < 1 org.cocos2dx.lib.Cocos2dxGLSurfaceView.onTouchEvent(true)
I/org.umd.logging(11633): Method > 936 org.cocos2dx.lib.Cocos2dxGLSurfaceView$6.run(org.cocos2dx.lib.Cocos2dxGLSurfaceView$6@873577572)
W/AudioTrack(11633): AUDIO_OUTPUT_FLAG_FAST denied by client
I/org.umd.logging(11633): Method < 936 org.cocos2dx.lib.Cocos2dxGLSurfaceView$6.run()
W/ResourceType(11633): No known package when getting name for resource number 0xffffffff
I/org.umd.logging(11633): Method > 1 org.cocos2dx.lib.Cocos2dxGLSurfaceView.onTouchEvent(org.cocos2dx.lib.Cocos2dxGLSurfaceView@839259446<file=><x=0><y=0><width=768><height=1184><id=-1>, android.view.MotionEvent@76580421)
I/org.umd.logging(11633): Method < 1 org.cocos2dx.lib.Cocos2dxGLSurfaceView.onTouchEvent(true)
I/org.umd.logging(11633): Method > 936 org.cocos2dx.lib.Cocos2dxGLSurfaceView$9.run(org.cocos2dx.lib.Cocos2dxGLSurfaceView$9@743169741)
I/org.umd.logging(11633): Method < 936 org.cocos2dx.lib.Cocos2dxGLSurfaceView$9.run()
W/ResourceType(11633): No known package when getting name for resource number 0xffffffff
I/org.umd.logging(11633): Method > 1 org.cocos2dx.lib.Cocos2dxGLSurfaceView.onKeyDown(org.cocos2dx.lib.Cocos2dxGLSurfaceView@839259446<file=><x=0><y=0><width=768><height=1184><id=-1>, 82, android.view.KeyEvent@431915906)
I/org.umd.logging(11633): Method < 1 org.cocos2dx.lib.Cocos2dxGLSurfaceView.onKeyDown(true)
I/org.umd.logging(11633): Method > 936 org.cocos2dx.lib.Cocos2dxGLSurfaceView$11.run(org.cocos2dx.lib.Cocos2dxGLSurfaceView$11@985385619)
I/org.umd.logging(11633): Api > 936 android.media.MediaPlayer.pause(android.media.MediaPlayer@250489092)
I/org.umd.logging(11633): Api < 936 android.media.MediaPlayer.pause()
D/luajc   (11633): CCLuaJavaBridge::callJavaStaticMethod(lua_State *L)
W/art     (11633): Call to JNI FindClass with dots in name: "com.ninjajumprun.android.MainActivity"
D/luajc   (11633): CCLuaJavaBridge::callJavaStaticMethod("com.ninjajumprun.android.MainActivity", "showBannerAd", args, "(Z)V") SUCCESS
I/org.umd.logging(11633): Method < 936 org.cocos2dx.lib.Cocos2dxGLSurfaceView$11.run()
W/ResourceType(11633): No known package when getting name for resource number 0xffffffff
I/org.umd.logging(11633): Method > 1 org.cocos2dx.lib.Cocos2dxGLSurfaceView.onTouchEvent(org.cocos2dx.lib.Cocos2dxGLSurfaceView@839259446<file=><x=0><y=0><width=768><height=1184><id=-1>, android.view.MotionEvent@76580421)
I/org.umd.logging(11633): Method < 1 org.cocos2dx.lib.Cocos2dxGLSurfaceView.onTouchEvent(true)
I/org.umd.logging(11633): Method > 936 org.cocos2dx.lib.Cocos2dxGLSurfaceView$6.run(org.cocos2dx.lib.Cocos2dxGLSurfaceView$6@979385040)
I/org.umd.logging(11633): Method < 936 org.cocos2dx.lib.Cocos2dxGLSurfaceView$6.run()
W/ResourceType(11633): No known package when getting name for resource number 0xffffffff
I/org.umd.logging(11633): Method > 1 org.cocos2dx.lib.Cocos2dxGLSurfaceView.onTouchEvent(org.cocos2dx.lib.Cocos2dxGLSurfaceView@839259446<file=><x=0><y=0><width=768><height=1184><id=-1>, android.view.MotionEvent@76580421)
I/org.umd.logging(11633): Method < 1 org.cocos2dx.lib.Cocos2dxGLSurfaceView.onTouchEvent(true)
I/org.umd.logging(11633): Method > 936 org.cocos2dx.lib.Cocos2dxGLSurfaceView$9.run(org.cocos2dx.lib.Cocos2dxGLSurfaceView$9@969185993)
I/org.umd.logging(11633): Method < 936 org.cocos2dx.lib.Cocos2dxGLSurfaceView$9.run()
W/ResourceType(11633): No known package when getting name for resource number 0xffffffff
I/org.umd.logging(11633): Method > 1 org.cocos2dx.lib.Cocos2dxGLSurfaceView.onTouchEvent(org.cocos2dx.lib.Cocos2dxGLSurfaceView@839259446<file=><x=0><y=0><width=768><height=1184><id=-1>, android.view.MotionEvent@76580421)
I/org.umd.logging(11633): Method < 1 org.cocos2dx.lib.Cocos2dxGLSurfaceView.onTouchEvent(true)
