--------- beginning of main
E/WifiStateMachine(  601): WifiStateMachine CMD_START_SCAN source -2 txSuccessRate=0.18 rxSuccessRate=0.17 targetRoamBSSID=b4:e9:b0:e5:06:d0 RSSI=-54
I/DownloadManagerWrapper( 6250): onReceive() : Charging = true
I/DownloadManagerWrapper( 6250): onReceive() : Charging = true
E/WifiStateMachine(  601): WifiStateMachine CMD_START_SCAN source -2 txSuccessRate=0.00 rxSuccessRate=0.00 targetRoamBSSID=b4:e9:b0:e5:06:d0 RSSI=-54
I/DownloadManagerWrapper( 6250): onReceive() : Charging = true
--------- beginning of system
I/ActivityManager(  601): START u0 {act=android.intent.action.MAIN flg=0x10000000 cmp=com.ninjajumprun.android/.MainActivity bnds=[40,185][200,385] (has extras)} from uid 10014 on display 0
V/WindowManager(  601): addAppToken: AppWindowToken{381d2aea token=Token{357862d5 ActivityRecord{99d2b8c u0 com.ninjajumprun.android/.MainActivity t6}}} to stack=1 task=6 at 0
V/WindowManager(  601): Adding window Window{1fb77478 u0 Starting com.ninjajumprun.android} at 3 of 8 (after Window{1b922eb4 u0 com.android.launcher/com.android.launcher2.Launcher})
D/audio_hw_primary(  188): select_devices: out_snd_device(2: speaker) in_snd_device(0: none)
D/ACDB-LOADER(  188): ACDB -> send_afe_cal
D/audio_hw_primary(  188): enable_snd_device: snd_device(2: speaker)
D/audio_hw_primary(  188): enable_audio_route: apply and update mixer path: low-latency-playback
I/ActivityManager(  601): Start proc 13142:com.ninjajumprun.android/u0a223 for activity com.ninjajumprun.android/.MainActivity
I/org.umd.logging(13142): Method > 1 com.ninjajumprun.android.MainActivity.onCreate(com.ninjajumprun.android.MainActivity@562672813<activity=true>, null)
I/org.umd.logging(13142): Method > 1 org.cocos2dx.lib.Cocos2dxActivity.onCreate(com.ninjajumprun.android.MainActivity@562672813<activity=true>, null)
I/org.umd.logging(13142): Method > 1 org.cocos2dx.lib.Cocos2dxActivity.onCreateView(com.ninjajumprun.android.MainActivity@562672813<activity=true>)
W/ResourceType(13142): No known package when getting name for resource number 0xffffffff
I/org.umd.logging(13142): Method < 1 org.cocos2dx.lib.Cocos2dxActivity.onCreateView(org.cocos2dx.lib.Cocos2dxGLSurfaceView@461456243<file=><x=0><y=0><width=0><height=0><id=-1>)
I/org.umd.logging(13142): Method < 1 org.cocos2dx.lib.Cocos2dxActivity.onCreate()
W/ResourcesManager(13142): Asset path '/system/framework/com.android.media.remotedisplay.jar' does not exist or contains no resources.
W/ResourcesManager(13142): Asset path '/system/framework/com.android.location.provider.jar' does not exist or contains no resources.
D/DynamitePackage(13142): Instantiated singleton DynamitePackage.
D/DynamitePackage(13142): Instantiating com.google.android.gms.ads.ChimeraAdManagerCreatorImpl
I/DynamiteModule(13142): Considering local module com.google.android.gms.piccard.dynamite:0 and remote module com.google.android.gms.piccard.dynamite:9
I/DynamiteModule(13142): Selected remote version of com.google.android.gms.piccard.dynamite, version >= 9
E/DynamiteModule(13142): Failed to load DynamiteLoader: java.lang.ClassNotFoundException: Didn't find class "com.google.android.gms.dynamite.DynamiteModule$DynamiteLoaderClassLoader" on path: DexPathList[[zip file "/data/app/com.ninjajumprun.android-1/base.apk"],nativeLibraryDirectories=[/data/app/com.ninjajumprun.android-1/lib/arm, /vendor/lib, /system/lib]]
W/DynamiteModule(13142): Failed to load remote module: Failed to get module context
W/DynamiteModule(13142): Failed to load module via fast routeajo: Remote load failed. No local fallback found.
I/DynamiteModule(13142): Considering local module com.google.android.gms.piccard.dynamite:0 and remote module com.google.android.gms.piccard.dynamite:9
I/DynamiteModule(13142): Selected remote version of com.google.android.gms.piccard.dynamite, version >= 9
I/WebViewFactory(13142): Loading com.google.android.webview version 54.0.2840.85 (code 284008500)
I/art     (13142): Rejecting re-init on previously-failed class java.lang.Class<com.android.webview.chromium.TokenBindingManagerAdapter>
I/art     (13142): Rejecting re-init on previously-failed class java.lang.Class<com.android.webview.chromium.TokenBindingManagerAdapter>
I/art     (13142): Rejecting re-init on previously-failed class java.lang.Class<com.android.webview.chromium.ServiceWorkerControllerAdapter>
I/art     (13142): Rejecting re-init on previously-failed class java.lang.Class<com.android.webview.chromium.ServiceWorkerControllerAdapter>
I/cr_LibraryLoader(13142): Time to load native libraries: 3 ms (timestamps 1963-1966)
I/cr_LibraryLoader(13142): Expected native library version number "54.0.2840.85", actual native library version number "54.0.2840.85"
I/cr_LibraryLoader(13142): Expected native library version number "54.0.2840.85", actual native library version number "54.0.2840.85"
I/chromium(13142): [INFO:library_loader_hooks.cc(151)] Chromium logging enabled: level = 0, default verbosity = 0
I/cr_BrowserStartup(13142): Initializing chromium process, singleProcess=true
I/VideoCapabilities(13142): Unsupported profile 4 for video/mp4v-es
I/Adreno-EGL(13142): <qeglDrvAPI_eglInitialize:379>: QUALCOMM Build: 01/15/15, ab0075f, Id3510ff6dc
I/DownloadManagerWrapper( 6250): onReceive() : Charging = true
I/dex2oat (13192): /system/bin/dex2oat --runtime-arg -classpath --runtime-arg  --instruction-set=arm --instruction-set-features=div --runtime-arg -Xrelocate --boot-image=/system/framework/boot.art --dex-file=/data/data/com.ninjajumprun.android/cache/1470286953684.jar --oat-fd=29 --oat-location=/data/data/com.ninjajumprun.android/cache/1470286953684.dex --runtime-arg -Xms64m --runtime-arg -Xmx512m
I/dex2oat (13192): dex2oat took 101.968ms (threads: 4) arena alloc=129KB java alloc=24KB native alloc=1042KB free=25KB
I/Ads     (13142): Starting ad request.
I/Ads     (13142): Use AdRequest.Builder.addTestDevice("1F480C9603A7924489313051413E5A68") to get test ads on this device.
I/Ads     (13142): Please set theme of AdActivity to @android:style/Theme.Translucent to enable transparent background interstitial ad.
D/DynamitePackage(13142): Instantiating com.google.android.gms.ads.ChimeraAdManagerCreatorImpl
I/Ads     (13142): Starting ad request.
I/Ads     (13142): Use AdRequest.Builder.addTestDevice("1F480C9603A7924489313051413E5A68") to get test ads on this device.
I/Ads     (13142): Please set theme of AdActivity to @android:style/Theme.Translucent to enable transparent background interstitial ad.
I/org.umd.logging(13142): Method < 1 com.ninjajumprun.android.MainActivity.onCreate()
I/org.umd.logging(13142): Method > 1 com.ninjajumprun.android.MainActivity.onStart(com.ninjajumprun.android.MainActivity@562672813<activity=true>)
I/org.umd.logging(13142): Method > 1 org.cocos2dx.lib.Cocos2dxActivity.onStart(com.ninjajumprun.android.MainActivity@562672813<activity=true>)
I/org.umd.logging(13142): Method < 1 org.cocos2dx.lib.Cocos2dxActivity.onStart()
W/ActivityManager(  601): getRunningAppProcesses: caller 10223 does not hold REAL_GET_TASKS; limiting output
W/ActivityManager(  601): getRunningAppProcesses: caller 10223 does not hold REAL_GET_TASKS; limiting output
I/org.umd.logging(13142): Method < 1 com.ninjajumprun.android.MainActivity.onStart()
I/org.umd.logging(13142): Method > 1 com.ninjajumprun.android.MainActivity.onResume(com.ninjajumprun.android.MainActivity@562672813<activity=true>)
I/org.umd.logging(13142): Method > 1 org.cocos2dx.lib.Cocos2dxActivity.onResume(com.ninjajumprun.android.MainActivity@562672813<activity=true>)
I/org.umd.logging(13142): Method > 1 org.cocos2dx.lib.Cocos2dxHelper.onResume()
I/org.umd.logging(13142): Method < 1 org.cocos2dx.lib.Cocos2dxHelper.onResume()
W/ResourceType(13142): No known package when getting name for resource number 0xffffffff
I/org.umd.logging(13142): Method > 1 org.cocos2dx.lib.Cocos2dxGLSurfaceView.onResume(org.cocos2dx.lib.Cocos2dxGLSurfaceView@461456243<file=><x=0><y=0><width=0><height=0><id=-1>)
I/org.umd.logging(13142): Method > 596 org.cocos2dx.lib.Cocos2dxGLSurfaceView$3.run(org.cocos2dx.lib.Cocos2dxGLSurfaceView$3@785951087)
I/org.umd.logging(13142): Method < 1 org.cocos2dx.lib.Cocos2dxGLSurfaceView.onResume()
I/org.umd.logging(13142): Method < 1 org.cocos2dx.lib.Cocos2dxActivity.onResume()
I/org.umd.logging(13142): Method < 596 org.cocos2dx.lib.Cocos2dxGLSurfaceView$3.run()
I/org.umd.logging(13142): Method < 1 com.ninjajumprun.android.MainActivity.onResume()
D/OpenGLRenderer(13142): Use EGL_SWAP_BEHAVIOR_PRESERVED: true
D/Atlas   (13142): Validating map...
V/WindowManager(  601): Adding window Window{10fe9c1c u0 com.ninjajumprun.android/com.ninjajumprun.android.MainActivity} at 3 of 9 (before Window{1fb77478 u0 Starting com.ninjajumprun.android})
D/ConnectivityService(  601): listenForNetwork for NetworkRequest [ id=17, legacyType=-1, [ Capabilities: INTERNET&NOT_RESTRICTED&TRUSTED] ]
D/ConnectivityService(  601): handleRegisterNetworkRequest checking NetworkAgentInfo [WIFI () - 100]
D/ConnectivityService(  601): apparently satisfied.  currentScore=60
D/ConnectivityManager.CallbackHandler(13142): CM callback handler got msg 524290
I/OpenGLRenderer(13142): Initialized EGL, version 1.4
D/OpenGLRenderer(13142): Enabling debug mode 0
V/WindowManager(  601): Adding window Window{26d6d123 u0 SurfaceView} at 3 of 10 (before Window{10fe9c1c u0 com.ninjajumprun.android/com.ninjajumprun.android.MainActivity})
I/ActivityManager(  601): Displayed com.ninjajumprun.android/.MainActivity: +1s143ms
W/Herrevad( 6798): Invalid mccmnc 
W/Herrevad( 6798): Invalid mccmnc 
I/Ads     ( 6798): Received log message: <Google:HTML> You are using version 4.5 of the Google Play services Ads SDK. Please consider updating your SDK to the most recent SDK version to get the latest features and bug fixes. See http://goo.gl/r2TRzC for instructions on how to get the latest version of Google Play services.
W/Ads     ( 6798): Received error HTTP response code: 403
W/Ads     (13142): There was a problem getting an ad response. ErrorCode: 0
W/Ads     (13142): Failed to load ad: 0
W/Ads     ( 6798): Received error HTTP response code: 403
W/Ads     (13142): There was a problem getting an ad response. ErrorCode: 0
W/Ads     (13142): Failed to load ad: 0
W/Adreno-ES20(13142): <core_glHint:84>: GL_INVALID_ENUM
D/audio_hw_primary(  188): disable_audio_route: reset and update mixer path: low-latency-playback
D/audio_hw_primary(  188): disable_snd_device: snd_device(2: speaker)
W/ResourceType(13142): No known package when getting name for resource number 0xffffffff
I/org.umd.logging(13142): Method > 1 org.cocos2dx.lib.Cocos2dxGLSurfaceView.onTouchEvent(org.cocos2dx.lib.Cocos2dxGLSurfaceView@461456243<file=><x=0><y=0><width=768><height=1184><id=-1>, android.view.MotionEvent@249084038)
I/org.umd.logging(13142): Method < 1 org.cocos2dx.lib.Cocos2dxGLSurfaceView.onTouchEvent(true)
I/org.umd.logging(13142): Method > 596 org.cocos2dx.lib.Cocos2dxGLSurfaceView$6.run(org.cocos2dx.lib.Cocos2dxGLSurfaceView$6@445407604)
I/org.umd.logging(13142): Method < 596 org.cocos2dx.lib.Cocos2dxGLSurfaceView$6.run()
W/ResourceType(13142): No known package when getting name for resource number 0xffffffff
I/org.umd.logging(13142): Method > 1 org.cocos2dx.lib.Cocos2dxGLSurfaceView.onTouchEvent(org.cocos2dx.lib.Cocos2dxGLSurfaceView@461456243<file=><x=0><y=0><width=768><height=1184><id=-1>, android.view.MotionEvent@249084038)
I/org.umd.logging(13142): Method < 1 org.cocos2dx.lib.Cocos2dxGLSurfaceView.onTouchEvent(true)
I/org.umd.logging(13142): Method > 596 org.cocos2dx.lib.Cocos2dxGLSurfaceView$7.run(org.cocos2dx.lib.Cocos2dxGLSurfaceView$7@1031264018)
I/org.umd.logging(13142): Method < 596 org.cocos2dx.lib.Cocos2dxGLSurfaceView$7.run()
W/ResourceType(13142): No known package when getting name for resource number 0xffffffff
I/org.umd.logging(13142): Method > 1 org.cocos2dx.lib.Cocos2dxGLSurfaceView.onTouchEvent(org.cocos2dx.lib.Cocos2dxGLSurfaceView@461456243<file=><x=0><y=0><width=768><height=1184><id=-1>, android.view.MotionEvent@249084038)
I/org.umd.logging(13142): Method < 1 org.cocos2dx.lib.Cocos2dxGLSurfaceView.onTouchEvent(true)
I/org.umd.logging(13142): Method > 596 org.cocos2dx.lib.Cocos2dxGLSurfaceView$9.run(org.cocos2dx.lib.Cocos2dxGLSurfaceView$9@516432096)
I/org.umd.logging(13142): Method < 596 org.cocos2dx.lib.Cocos2dxGLSurfaceView$9.run()
W/ResourceType(13142): No known package when getting name for resource number 0xffffffff
I/org.umd.logging(13142): Method > 1 org.cocos2dx.lib.Cocos2dxGLSurfaceView.onTouchEvent(org.cocos2dx.lib.Cocos2dxGLSurfaceView@461456243<file=><x=0><y=0><width=768><height=1184><id=-1>, android.view.MotionEvent@249084038)
I/org.umd.logging(13142): Method < 1 org.cocos2dx.lib.Cocos2dxGLSurfaceView.onTouchEvent(true)
I/org.umd.logging(13142): Method > 596 org.cocos2dx.lib.Cocos2dxGLSurfaceView$6.run(org.cocos2dx.lib.Cocos2dxGLSurfaceView$6@578449305)
I/org.umd.logging(13142): Method < 596 org.cocos2dx.lib.Cocos2dxGLSurfaceView$6.run()
W/ResourceType(13142): No known package when getting name for resource number 0xffffffff
I/org.umd.logging(13142): Method > 1 org.cocos2dx.lib.Cocos2dxGLSurfaceView.onTouchEvent(org.cocos2dx.lib.Cocos2dxGLSurfaceView@461456243<file=><x=0><y=0><width=768><height=1184><id=-1>, android.view.MotionEvent@249084038)
I/org.umd.logging(13142): Method < 1 org.cocos2dx.lib.Cocos2dxGLSurfaceView.onTouchEvent(true)
I/org.umd.logging(13142): Method > 596 org.cocos2dx.lib.Cocos2dxGLSurfaceView$7.run(org.cocos2dx.lib.Cocos2dxGLSurfaceView$7@628642398)
I/org.umd.logging(13142): Method < 596 org.cocos2dx.lib.Cocos2dxGLSurfaceView$7.run()
W/ResourceType(13142): No known package when getting name for resource number 0xffffffff
I/org.umd.logging(13142): Method > 1 org.cocos2dx.lib.Cocos2dxGLSurfaceView.onTouchEvent(org.cocos2dx.lib.Cocos2dxGLSurfaceView@461456243<file=><x=0><y=0><width=768><height=1184><id=-1>, android.view.MotionEvent@249084038)
I/org.umd.logging(13142): Method < 1 org.cocos2dx.lib.Cocos2dxGLSurfaceView.onTouchEvent(true)
I/org.umd.logging(13142): Method > 596 org.cocos2dx.lib.Cocos2dxGLSurfaceView$9.run(org.cocos2dx.lib.Cocos2dxGLSurfaceView$9@805824063)
I/org.umd.logging(13142): Method < 596 org.cocos2dx.lib.Cocos2dxGLSurfaceView$9.run()
D/luajc   (13142): CCLuaJavaBridge::callJavaStaticMethod(lua_State *L)
W/art     (13142): Call to JNI FindClass with dots in name: "com.ninjajumprun.android.MainActivity"
D/luajc   (13142): CCLuaJavaBridge::callJavaStaticMethod("com.ninjajumprun.android.MainActivity", "showBannerAd", args, "(Z)V") SUCCESS
D/luajc   (13142): CCLuaJavaBridge::callJavaStaticMethod(lua_State *L)
W/art     (13142): Call to JNI FindClass with dots in name: "com.ninjajumprun.android.MainActivity"
D/luajc   (13142): CCLuaJavaBridge::callJavaStaticMethod("com.ninjajumprun.android.MainActivity", "showBannerAd", args, "(Z)V") SUCCESS
I/org.umd.logging(13142): Method > 1 com.ninjajumprun.android.MainActivity$2.run(com.ninjajumprun.android.MainActivity$2@964258901)
I/org.umd.logging(13142): Method < 1 com.ninjajumprun.android.MainActivity$2.run()
D/Device Model(13142): Nexus 4
I/org.umd.logging(13142): Method > 1 com.ninjajumprun.android.MainActivity$2.run(com.ninjajumprun.android.MainActivity$2@376649322)
I/org.umd.logging(13142): Method < 1 com.ninjajumprun.android.MainActivity$2.run()
E/MediaPlayer(13142): Should have subtitle controller already set
E/MediaPlayer(13142): Should have subtitle controller already set
I/org.umd.logging(13142): Api > 596 android.media.MediaPlayer.stop(android.media.MediaPlayer@451750904)
D/NuPlayerDriver(  188): stop(0xb769db20)
I/org.umd.logging(13142): Api < 596 android.media.MediaPlayer.stop()
E/MediaPlayer(13142): Should have subtitle controller already set
E/MediaPlayer(13142): Should have subtitle controller already set
D/NuPlayerDriver(  188): seekTo(0xb769db20) 0 ms
I/org.umd.logging(13142): Api > 596 android.media.MediaPlayer.start(android.media.MediaPlayer@451750904)
D/NuPlayerDriver(  188): start(0xb769db20)
I/GenericSource(  188): start
I/org.umd.logging(13142): Api < 596 android.media.MediaPlayer.start()
D/audio_hw_primary(  188): select_devices: out_snd_device(2: speaker) in_snd_device(0: none)
D/ACDB-LOADER(  188): ACDB -> send_afe_cal
D/audio_hw_primary(  188): enable_snd_device: snd_device(2: speaker)
D/audio_hw_primary(  188): enable_audio_route: apply and update mixer path: deep-buffer-playback
W/ResourceType(13142): No known package when getting name for resource number 0xffffffff
I/org.umd.logging(13142): Method > 1 org.cocos2dx.lib.Cocos2dxGLSurfaceView.onTouchEvent(org.cocos2dx.lib.Cocos2dxGLSurfaceView@461456243<file=><x=0><y=0><width=768><height=1184><id=-1>, android.view.MotionEvent@249084038)
I/org.umd.logging(13142): Method < 1 org.cocos2dx.lib.Cocos2dxGLSurfaceView.onTouchEvent(true)
I/org.umd.logging(13142): Method > 596 org.cocos2dx.lib.Cocos2dxGLSurfaceView$6.run(org.cocos2dx.lib.Cocos2dxGLSurfaceView$6@875657425)
W/ResourceType(13142): No known package when getting name for resource number 0xffffffff
I/org.umd.logging(13142): Method > 1 org.cocos2dx.lib.Cocos2dxGLSurfaceView.onTouchEvent(org.cocos2dx.lib.Cocos2dxGLSurfaceView@461456243<file=><x=0><y=0><width=768><height=1184><id=-1>, android.view.MotionEvent@249084038)
I/org.umd.logging(13142): Method < 1 org.cocos2dx.lib.Cocos2dxGLSurfaceView.onTouchEvent(true)
D/NuPlayerDriver(  188): start(0xb771a830)
I/GenericSource(  188): start
W/ResourceType(13142): No known package when getting name for resource number 0xffffffff
I/org.umd.logging(13142): Method > 1 org.cocos2dx.lib.Cocos2dxGLSurfaceView.onTouchEvent(org.cocos2dx.lib.Cocos2dxGLSurfaceView@461456243<file=><x=0><y=0><width=768><height=1184><id=-1>, android.view.MotionEvent@249084038)
I/org.umd.logging(13142): Method < 1 org.cocos2dx.lib.Cocos2dxGLSurfaceView.onTouchEvent(true)
D/NuPlayerDriver(  188): reset(0xb771a830)
D/NuPlayerDriver(  188): notifyResetComplete(0xb771a830)
W/ResourceType(13142): No known package when getting name for resource number 0xffffffff
I/org.umd.logging(13142): Method > 1 org.cocos2dx.lib.Cocos2dxGLSurfaceView.onTouchEvent(org.cocos2dx.lib.Cocos2dxGLSurfaceView@461456243<file=><x=0><y=0><width=768><height=1184><id=-1>, android.view.MotionEvent@249084038)
I/org.umd.logging(13142): Method < 1 org.cocos2dx.lib.Cocos2dxGLSurfaceView.onTouchEvent(true)
W/ResourceType(13142): No known package when getting name for resource number 0xffffffff
I/org.umd.logging(13142): Method > 1 org.cocos2dx.lib.Cocos2dxGLSurfaceView.onTouchEvent(org.cocos2dx.lib.Cocos2dxGLSurfaceView@461456243<file=><x=0><y=0><width=768><height=1184><id=-1>, android.view.MotionEvent@249084038)
I/org.umd.logging(13142): Method < 1 org.cocos2dx.lib.Cocos2dxGLSurfaceView.onTouchEvent(true)
W/AudioTrack(13142): AUDIO_OUTPUT_FLAG_FAST denied by client
I/org.umd.logging(13142): Method < 596 org.cocos2dx.lib.Cocos2dxGLSurfaceView$6.run()
I/org.umd.logging(13142): Method > 596 org.cocos2dx.lib.Cocos2dxGLSurfaceView$7.run(org.cocos2dx.lib.Cocos2dxGLSurfaceView$7@243683126)
I/org.umd.logging(13142): Method < 596 org.cocos2dx.lib.Cocos2dxGLSurfaceView$7.run()
I/org.umd.logging(13142): Method > 596 org.cocos2dx.lib.Cocos2dxGLSurfaceView$7.run(org.cocos2dx.lib.Cocos2dxGLSurfaceView$7@353787447)
I/org.umd.logging(13142): Method < 596 org.cocos2dx.lib.Cocos2dxGLSurfaceView$7.run()
I/org.umd.logging(13142): Method > 596 org.cocos2dx.lib.Cocos2dxGLSurfaceView$7.run(org.cocos2dx.lib.Cocos2dxGLSurfaceView$7@549785508)
I/org.umd.logging(13142): Method < 596 org.cocos2dx.lib.Cocos2dxGLSurfaceView$7.run()
I/org.umd.logging(13142): Method > 596 org.cocos2dx.lib.Cocos2dxGLSurfaceView$9.run(org.cocos2dx.lib.Cocos2dxGLSurfaceView$9@998494477)
I/org.umd.logging(13142): Method < 596 org.cocos2dx.lib.Cocos2dxGLSurfaceView$9.run()
D/audio_hw_primary(  188): select_devices: out_snd_device(2: speaker) in_snd_device(0: none)
D/audio_hw_primary(  188): enable_audio_route: apply and update mixer path: low-latency-playback
E/WifiStateMachine(  601): WifiStateMachine CMD_START_SCAN source -2 txSuccessRate=1.88 rxSuccessRate=1.63 targetRoamBSSID=b4:e9:b0:e5:06:d0 RSSI=-55
I/DownloadManagerWrapper( 6250): onReceive() : Charging = true
D/audio_hw_primary(  188): out_set_parameters: enter: usecase(0: deep-buffer-playback) kvpairs: routing=2
W/ResourceType(13142): No known package when getting name for resource number 0xffffffff
I/org.umd.logging(13142): Method > 1 org.cocos2dx.lib.Cocos2dxGLSurfaceView.onTouchEvent(org.cocos2dx.lib.Cocos2dxGLSurfaceView@461456243<file=><x=0><y=0><width=768><height=1184><id=-1>, android.view.MotionEvent@249084038)
I/org.umd.logging(13142): Method < 1 org.cocos2dx.lib.Cocos2dxGLSurfaceView.onTouchEvent(true)
I/org.umd.logging(13142): Method > 596 org.cocos2dx.lib.Cocos2dxGLSurfaceView$6.run(org.cocos2dx.lib.Cocos2dxGLSurfaceView$6@1038100674)
W/AudioTrack(13142): AUDIO_OUTPUT_FLAG_FAST denied by client
I/org.umd.logging(13142): Method < 596 org.cocos2dx.lib.Cocos2dxGLSurfaceView$6.run()
W/ResourceType(13142): No known package when getting name for resource number 0xffffffff
I/org.umd.logging(13142): Method > 1 org.cocos2dx.lib.Cocos2dxGLSurfaceView.onTouchEvent(org.cocos2dx.lib.Cocos2dxGLSurfaceView@461456243<file=><x=0><y=0><width=768><height=1184><id=-1>, android.view.MotionEvent@249084038)
I/org.umd.logging(13142): Method < 1 org.cocos2dx.lib.Cocos2dxGLSurfaceView.onTouchEvent(true)
I/org.umd.logging(13142): Method > 596 org.cocos2dx.lib.Cocos2dxGLSurfaceView$7.run(org.cocos2dx.lib.Cocos2dxGLSurfaceView$7@753444563)
I/org.umd.logging(13142): Method < 596 org.cocos2dx.lib.Cocos2dxGLSurfaceView$7.run()
W/ResourceType(13142): No known package when getting name for resource number 0xffffffff
I/org.umd.logging(13142): Method > 1 org.cocos2dx.lib.Cocos2dxGLSurfaceView.onTouchEvent(org.cocos2dx.lib.Cocos2dxGLSurfaceView@461456243<file=><x=0><y=0><width=768><height=1184><id=-1>, android.view.MotionEvent@249084038)
I/org.umd.logging(13142): Method < 1 org.cocos2dx.lib.Cocos2dxGLSurfaceView.onTouchEvent(true)
D/NuPlayerDriver(  188): start(0xb76ed2f8)
I/GenericSource(  188): start
W/ResourceType(13142): No known package when getting name for resource number 0xffffffff
I/org.umd.logging(13142): Method > 1 org.cocos2dx.lib.Cocos2dxGLSurfaceView.onTouchEvent(org.cocos2dx.lib.Cocos2dxGLSurfaceView@461456243<file=><x=0><y=0><width=768><height=1184><id=-1>, android.view.MotionEvent@249084038)
I/org.umd.logging(13142): Method < 1 org.cocos2dx.lib.Cocos2dxGLSurfaceView.onTouchEvent(true)
W/ResourceType(13142): No known package when getting name for resource number 0xffffffff
I/org.umd.logging(13142): Method > 1 org.cocos2dx.lib.Cocos2dxGLSurfaceView.onTouchEvent(org.cocos2dx.lib.Cocos2dxGLSurfaceView@461456243<file=><x=0><y=0><width=768><height=1184><id=-1>, android.view.MotionEvent@249084038)
I/org.umd.logging(13142): Method < 1 org.cocos2dx.lib.Cocos2dxGLSurfaceView.onTouchEvent(true)
D/NuPlayerDriver(  188): reset(0xb76ed2f8)
W/ResourceType(13142): No known package when getting name for resource number 0xffffffff
I/org.umd.logging(13142): Method > 1 org.cocos2dx.lib.Cocos2dxGLSurfaceView.onTouchEvent(org.cocos2dx.lib.Cocos2dxGLSurfaceView@461456243<file=><x=0><y=0><width=768><height=1184><id=-1>, android.view.MotionEvent@249084038)
I/org.umd.logging(13142): Method < 1 org.cocos2dx.lib.Cocos2dxGLSurfaceView.onTouchEvent(true)
D/NuPlayerDriver(  188): notifyResetComplete(0xb76ed2f8)
W/ResourceType(13142): No known package when getting name for resource number 0xffffffff
I/org.umd.logging(13142): Method > 1 org.cocos2dx.lib.Cocos2dxGLSurfaceView.onTouchEvent(org.cocos2dx.lib.Cocos2dxGLSurfaceView@461456243<file=><x=0><y=0><width=768><height=1184><id=-1>, android.view.MotionEvent@249084038)
I/org.umd.logging(13142): Method < 1 org.cocos2dx.lib.Cocos2dxGLSurfaceView.onTouchEvent(true)
W/AudioTrack(13142): AUDIO_OUTPUT_FLAG_FAST denied by client
I/org.umd.logging(13142): Method > 596 org.cocos2dx.lib.Cocos2dxGLSurfaceView$7.run(org.cocos2dx.lib.Cocos2dxGLSurfaceView$7@471171600)
I/org.umd.logging(13142): Method < 596 org.cocos2dx.lib.Cocos2dxGLSurfaceView$7.run()
I/org.umd.logging(13142): Method > 596 org.cocos2dx.lib.Cocos2dxGLSurfaceView$7.run(org.cocos2dx.lib.Cocos2dxGLSurfaceView$7@724136201)
I/org.umd.logging(13142): Method < 596 org.cocos2dx.lib.Cocos2dxGLSurfaceView$7.run()
I/org.umd.logging(13142): Method > 596 org.cocos2dx.lib.Cocos2dxGLSurfaceView$7.run(org.cocos2dx.lib.Cocos2dxGLSurfaceView$7@923537166)
I/org.umd.logging(13142): Method < 596 org.cocos2dx.lib.Cocos2dxGLSurfaceView$7.run()
I/org.umd.logging(13142): Method > 596 org.cocos2dx.lib.Cocos2dxGLSurfaceView$7.run(org.cocos2dx.lib.Cocos2dxGLSurfaceView$7@260889903)
I/org.umd.logging(13142): Method < 596 org.cocos2dx.lib.Cocos2dxGLSurfaceView$7.run()
I/org.umd.logging(13142): Method > 596 org.cocos2dx.lib.Cocos2dxGLSurfaceView$9.run(org.cocos2dx.lib.Cocos2dxGLSurfaceView$9@196652860)
I/org.umd.logging(13142): Method < 596 org.cocos2dx.lib.Cocos2dxGLSurfaceView$9.run()
W/ResourceType(13142): No known package when getting name for resource number 0xffffffff
I/org.umd.logging(13142): Method > 1 org.cocos2dx.lib.Cocos2dxGLSurfaceView.onTouchEvent(org.cocos2dx.lib.Cocos2dxGLSurfaceView@461456243<file=><x=0><y=0><width=768><height=1184><id=-1>, android.view.MotionEvent@249084038)
I/org.umd.logging(13142): Method > 596 org.cocos2dx.lib.Cocos2dxGLSurfaceView$6.run(org.cocos2dx.lib.Cocos2dxGLSurfaceView$6@124720325)
I/org.umd.logging(13142): Method < 1 org.cocos2dx.lib.Cocos2dxGLSurfaceView.onTouchEvent(true)
W/ResourceType(13142): No known package when getting name for resource number 0xffffffff
I/org.umd.logging(13142): Method > 1 org.cocos2dx.lib.Cocos2dxGLSurfaceView.onTouchEvent(org.cocos2dx.lib.Cocos2dxGLSurfaceView@461456243<file=><x=0><y=0><width=768><height=1184><id=-1>, android.view.MotionEvent@249084038)
I/org.umd.logging(13142): Method < 1 org.cocos2dx.lib.Cocos2dxGLSurfaceView.onTouchEvent(true)
D/audio_hw_primary(  188): out_set_parameters: enter: usecase(0: deep-buffer-playback) kvpairs: routing=2
W/AudioTrack(13142): AUDIO_OUTPUT_FLAG_FAST denied by client
I/org.umd.logging(13142): Method < 596 org.cocos2dx.lib.Cocos2dxGLSurfaceView$6.run()
I/org.umd.logging(13142): Method > 596 org.cocos2dx.lib.Cocos2dxGLSurfaceView$7.run(org.cocos2dx.lib.Cocos2dxGLSurfaceView$7@402525722)
I/org.umd.logging(13142): Method < 596 org.cocos2dx.lib.Cocos2dxGLSurfaceView$7.run()
W/ResourceType(13142): No known package when getting name for resource number 0xffffffff
I/org.umd.logging(13142): Method > 1 org.cocos2dx.lib.Cocos2dxGLSurfaceView.onTouchEvent(org.cocos2dx.lib.Cocos2dxGLSurfaceView@461456243<file=><x=0><y=0><width=768><height=1184><id=-1>, android.view.MotionEvent@249084038)
I/org.umd.logging(13142): Method > 596 org.cocos2dx.lib.Cocos2dxGLSurfaceView$7.run(org.cocos2dx.lib.Cocos2dxGLSurfaceView$7@563354955)
I/org.umd.logging(13142): Method < 1 org.cocos2dx.lib.Cocos2dxGLSurfaceView.onTouchEvent(true)
I/org.umd.logging(13142): Method < 596 org.cocos2dx.lib.Cocos2dxGLSurfaceView$7.run()
W/ResourceType(13142): No known package when getting name for resource number 0xffffffff
I/org.umd.logging(13142): Method > 1 org.cocos2dx.lib.Cocos2dxGLSurfaceView.onTouchEvent(org.cocos2dx.lib.Cocos2dxGLSurfaceView@461456243<file=><x=0><y=0><width=768><height=1184><id=-1>, android.view.MotionEvent@249084038)
I/org.umd.logging(13142): Method < 1 org.cocos2dx.lib.Cocos2dxGLSurfaceView.onTouchEvent(true)
I/org.umd.logging(13142): Method > 596 org.cocos2dx.lib.Cocos2dxGLSurfaceView$7.run(org.cocos2dx.lib.Cocos2dxGLSurfaceView$7@536838952)
I/org.umd.logging(13142): Method < 596 org.cocos2dx.lib.Cocos2dxGLSurfaceView$7.run()
W/ResourceType(13142): No known package when getting name for resource number 0xffffffff
I/org.umd.logging(13142): Method > 1 org.cocos2dx.lib.Cocos2dxGLSurfaceView.onTouchEvent(org.cocos2dx.lib.Cocos2dxGLSurfaceView@461456243<file=><x=0><y=0><width=768><height=1184><id=-1>, android.view.MotionEvent@249084038)
I/org.umd.logging(13142): Method < 1 org.cocos2dx.lib.Cocos2dxGLSurfaceView.onTouchEvent(true)
I/art     (13142): Background partial concurrent mark sweep GC freed 2503(121KB) AllocSpace objects, 7(24MB) LOS objects, 30% free, 36MB/52MB, paused 5.127ms total 49.656ms
I/org.umd.logging(13142): Method > 596 org.cocos2dx.lib.Cocos2dxGLSurfaceView$9.run(org.cocos2dx.lib.Cocos2dxGLSurfaceView$9@313604161)
I/org.umd.logging(13142): Method < 596 org.cocos2dx.lib.Cocos2dxGLSurfaceView$9.run()
D/audio_hw_primary(  188): out_set_parameters: enter: usecase(0: deep-buffer-playback) kvpairs: routing=2
W/ResourceType(13142): No known package when getting name for resource number 0xffffffff
I/org.umd.logging(13142): Method > 1 org.cocos2dx.lib.Cocos2dxGLSurfaceView.onTouchEvent(org.cocos2dx.lib.Cocos2dxGLSurfaceView@461456243<file=><x=0><y=0><width=768><height=1184><id=-1>, android.view.MotionEvent@249084038)
I/org.umd.logging(13142): Method < 1 org.cocos2dx.lib.Cocos2dxGLSurfaceView.onTouchEvent(true)
I/org.umd.logging(13142): Method > 596 org.cocos2dx.lib.Cocos2dxGLSurfaceView$6.run(org.cocos2dx.lib.Cocos2dxGLSurfaceView$6@937357798)
W/AudioTrack(13142): AUDIO_OUTPUT_FLAG_FAST denied by client
I/org.umd.logging(13142): Method < 596 org.cocos2dx.lib.Cocos2dxGLSurfaceView$6.run()
W/ResourceType(13142): No known package when getting name for resource number 0xffffffff
I/org.umd.logging(13142): Method > 1 org.cocos2dx.lib.Cocos2dxGLSurfaceView.onTouchEvent(org.cocos2dx.lib.Cocos2dxGLSurfaceView@461456243<file=><x=0><y=0><width=768><height=1184><id=-1>, android.view.MotionEvent@249084038)
I/org.umd.logging(13142): Method < 1 org.cocos2dx.lib.Cocos2dxGLSurfaceView.onTouchEvent(true)
I/org.umd.logging(13142): Method > 596 org.cocos2dx.lib.Cocos2dxGLSurfaceView$7.run(org.cocos2dx.lib.Cocos2dxGLSurfaceView$7@897925927)
I/org.umd.logging(13142): Method < 596 org.cocos2dx.lib.Cocos2dxGLSurfaceView$7.run()
W/ResourceType(13142): No known package when getting name for resource number 0xffffffff
I/org.umd.logging(13142): Method > 1 org.cocos2dx.lib.Cocos2dxGLSurfaceView.onTouchEvent(org.cocos2dx.lib.Cocos2dxGLSurfaceView@461456243<file=><x=0><y=0><width=768><height=1184><id=-1>, android.view.MotionEvent@249084038)
I/org.umd.logging(13142): Method < 1 org.cocos2dx.lib.Cocos2dxGLSurfaceView.onTouchEvent(true)
I/org.umd.logging(13142): Method > 596 org.cocos2dx.lib.Cocos2dxGLSurfaceView$7.run(org.cocos2dx.lib.Cocos2dxGLSurfaceView$7@995994068)
I/org.umd.logging(13142): Method < 596 org.cocos2dx.lib.Cocos2dxGLSurfaceView$7.run()
W/ResourceType(13142): No known package when getting name for resource number 0xffffffff
I/org.umd.logging(13142): Method > 1 org.cocos2dx.lib.Cocos2dxGLSurfaceView.onTouchEvent(org.cocos2dx.lib.Cocos2dxGLSurfaceView@461456243<file=><x=0><y=0><width=768><height=1184><id=-1>, android.view.MotionEvent@249084038)
I/org.umd.logging(13142): Method < 1 org.cocos2dx.lib.Cocos2dxGLSurfaceView.onTouchEvent(true)
I/org.umd.logging(13142): Method > 596 org.cocos2dx.lib.Cocos2dxGLSurfaceView$7.run(org.cocos2dx.lib.Cocos2dxGLSurfaceView$7@1050154877)
I/org.umd.logging(13142): Method < 596 org.cocos2dx.lib.Cocos2dxGLSurfaceView$7.run()
W/ResourceType(13142): No known package when getting name for resource number 0xffffffff
I/org.umd.logging(13142): Method > 1 org.cocos2dx.lib.Cocos2dxGLSurfaceView.onTouchEvent(org.cocos2dx.lib.Cocos2dxGLSurfaceView@461456243<file=><x=0><y=0><width=768><height=1184><id=-1>, android.view.MotionEvent@249084038)
I/org.umd.logging(13142): Method < 1 org.cocos2dx.lib.Cocos2dxGLSurfaceView.onTouchEvent(true)
I/org.umd.logging(13142): Method > 596 org.cocos2dx.lib.Cocos2dxGLSurfaceView$7.run(org.cocos2dx.lib.Cocos2dxGLSurfaceView$7@630736498)
I/org.umd.logging(13142): Method < 596 org.cocos2dx.lib.Cocos2dxGLSurfaceView$7.run()
W/ResourceType(13142): No known package when getting name for resource number 0xffffffff
I/org.umd.logging(13142): Method > 1 org.cocos2dx.lib.Cocos2dxGLSurfaceView.onTouchEvent(org.cocos2dx.lib.Cocos2dxGLSurfaceView@461456243<file=><x=0><y=0><width=768><height=1184><id=-1>, android.view.MotionEvent@249084038)
I/org.umd.logging(13142): Method < 1 org.cocos2dx.lib.Cocos2dxGLSurfaceView.onTouchEvent(true)
I/org.umd.logging(13142): Method > 596 org.cocos2dx.lib.Cocos2dxGLSurfaceView$9.run(org.cocos2dx.lib.Cocos2dxGLSurfaceView$9@360245955)
I/org.umd.logging(13142): Method < 596 org.cocos2dx.lib.Cocos2dxGLSurfaceView$9.run()
D/NuPlayerDriver(  188): start(0xb7704060)
I/GenericSource(  188): start
D/NuPlayerDriver(  188): reset(0xb7704060)
D/NuPlayerDriver(  188): notifyResetComplete(0xb7704060)
D/audio_hw_primary(  188): out_set_parameters: enter: usecase(0: deep-buffer-playback) kvpairs: routing=2
W/AudioTrack(13142): AUDIO_OUTPUT_FLAG_FAST denied by client
W/ResourceType(13142): No known package when getting name for resource number 0xffffffff
I/org.umd.logging(13142): Method > 1 org.cocos2dx.lib.Cocos2dxGLSurfaceView.onTouchEvent(org.cocos2dx.lib.Cocos2dxGLSurfaceView@461456243<file=><x=0><y=0><width=768><height=1184><id=-1>, android.view.MotionEvent@249084038)
I/org.umd.logging(13142): Method < 1 org.cocos2dx.lib.Cocos2dxGLSurfaceView.onTouchEvent(true)
I/org.umd.logging(13142): Method > 596 org.cocos2dx.lib.Cocos2dxGLSurfaceView$6.run(org.cocos2dx.lib.Cocos2dxGLSurfaceView$6@299208512)
W/AudioTrack(13142): AUDIO_OUTPUT_FLAG_FAST denied by client
I/org.umd.logging(13142): Method < 596 org.cocos2dx.lib.Cocos2dxGLSurfaceView$6.run()
W/ResourceType(13142): No known package when getting name for resource number 0xffffffff
I/org.umd.logging(13142): Method > 1 org.cocos2dx.lib.Cocos2dxGLSurfaceView.onTouchEvent(org.cocos2dx.lib.Cocos2dxGLSurfaceView@461456243<file=><x=0><y=0><width=768><height=1184><id=-1>, android.view.MotionEvent@249084038)
I/org.umd.logging(13142): Method < 1 org.cocos2dx.lib.Cocos2dxGLSurfaceView.onTouchEvent(true)
I/org.umd.logging(13142): Method > 596 org.cocos2dx.lib.Cocos2dxGLSurfaceView$7.run(org.cocos2dx.lib.Cocos2dxGLSurfaceView$7@890482297)
I/org.umd.logging(13142): Method < 596 org.cocos2dx.lib.Cocos2dxGLSurfaceView$7.run()
W/ResourceType(13142): No known package when getting name for resource number 0xffffffff
I/org.umd.logging(13142): Method > 1 org.cocos2dx.lib.Cocos2dxGLSurfaceView.onTouchEvent(org.cocos2dx.lib.Cocos2dxGLSurfaceView@461456243<file=><x=0><y=0><width=768><height=1184><id=-1>, android.view.MotionEvent@249084038)
I/org.umd.logging(13142): Method < 1 org.cocos2dx.lib.Cocos2dxGLSurfaceView.onTouchEvent(true)
I/org.umd.logging(13142): Method > 596 org.cocos2dx.lib.Cocos2dxGLSurfaceView$7.run(org.cocos2dx.lib.Cocos2dxGLSurfaceView$7@52451262)
I/org.umd.logging(13142): Method < 596 org.cocos2dx.lib.Cocos2dxGLSurfaceView$7.run()
W/ResourceType(13142): No known package when getting name for resource number 0xffffffff
I/org.umd.logging(13142): Method > 1 org.cocos2dx.lib.Cocos2dxGLSurfaceView.onTouchEvent(org.cocos2dx.lib.Cocos2dxGLSurfaceView@461456243<file=><x=0><y=0><width=768><height=1184><id=-1>, android.view.MotionEvent@249084038)
I/org.umd.logging(13142): Method < 1 org.cocos2dx.lib.Cocos2dxGLSurfaceView.onTouchEvent(true)
I/org.umd.logging(13142): Method > 596 org.cocos2dx.lib.Cocos2dxGLSurfaceView$7.run(org.cocos2dx.lib.Cocos2dxGLSurfaceView$7@175468575)
I/org.umd.logging(13142): Method < 596 org.cocos2dx.lib.Cocos2dxGLSurfaceView$7.run()
W/ResourceType(13142): No known package when getting name for resource number 0xffffffff
I/org.umd.logging(13142): Method > 1 org.cocos2dx.lib.Cocos2dxGLSurfaceView.onTouchEvent(org.cocos2dx.lib.Cocos2dxGLSurfaceView@461456243<file=><x=0><y=0><width=768><height=1184><id=-1>, android.view.MotionEvent@249084038)
I/org.umd.logging(13142): Method < 1 org.cocos2dx.lib.Cocos2dxGLSurfaceView.onTouchEvent(true)
I/org.umd.logging(13142): Method > 596 org.cocos2dx.lib.Cocos2dxGLSurfaceView$7.run(org.cocos2dx.lib.Cocos2dxGLSurfaceView$7@321150828)
I/org.umd.logging(13142): Method < 596 org.cocos2dx.lib.Cocos2dxGLSurfaceView$7.run()
W/ResourceType(13142): No known package when getting name for resource number 0xffffffff
I/org.umd.logging(13142): Method > 1 org.cocos2dx.lib.Cocos2dxGLSurfaceView.onTouchEvent(org.cocos2dx.lib.Cocos2dxGLSurfaceView@461456243<file=><x=0><y=0><width=768><height=1184><id=-1>, android.view.MotionEvent@249084038)
I/org.umd.logging(13142): Method < 1 org.cocos2dx.lib.Cocos2dxGLSurfaceView.onTouchEvent(true)
I/org.umd.logging(13142): Method > 596 org.cocos2dx.lib.Cocos2dxGLSurfaceView$9.run(org.cocos2dx.lib.Cocos2dxGLSurfaceView$9@890747189)
I/org.umd.logging(13142): Method < 596 org.cocos2dx.lib.Cocos2dxGLSurfaceView$9.run()
W/AudioTrack(13142): AUDIO_OUTPUT_FLAG_FAST denied by client
W/AudioTrack(13142): AUDIO_OUTPUT_FLAG_FAST denied by client
W/ResourceType(13142): No known package when getting name for resource number 0xffffffff
I/org.umd.logging(13142): Method > 1 org.cocos2dx.lib.Cocos2dxGLSurfaceView.onTouchEvent(org.cocos2dx.lib.Cocos2dxGLSurfaceView@461456243<file=><x=0><y=0><width=768><height=1184><id=-1>, android.view.MotionEvent@249084038)
I/org.umd.logging(13142): Method < 1 org.cocos2dx.lib.Cocos2dxGLSurfaceView.onTouchEvent(true)
I/org.umd.logging(13142): Method > 596 org.cocos2dx.lib.Cocos2dxGLSurfaceView$6.run(org.cocos2dx.lib.Cocos2dxGLSurfaceView$6@159789514)
W/AudioTrack(13142): AUDIO_OUTPUT_FLAG_FAST denied by client
I/org.umd.logging(13142): Method < 596 org.cocos2dx.lib.Cocos2dxGLSurfaceView$6.run()
W/ResourceType(13142): No known package when getting name for resource number 0xffffffff
I/org.umd.logging(13142): Method > 1 org.cocos2dx.lib.Cocos2dxGLSurfaceView.onTouchEvent(org.cocos2dx.lib.Cocos2dxGLSurfaceView@461456243<file=><x=0><y=0><width=768><height=1184><id=-1>, android.view.MotionEvent@249084038)
I/org.umd.logging(13142): Method < 1 org.cocos2dx.lib.Cocos2dxGLSurfaceView.onTouchEvent(true)
I/org.umd.logging(13142): Method > 596 org.cocos2dx.lib.Cocos2dxGLSurfaceView$7.run(org.cocos2dx.lib.Cocos2dxGLSurfaceView$7@1032515387)
I/org.umd.logging(13142): Method < 596 org.cocos2dx.lib.Cocos2dxGLSurfaceView$7.run()
W/ResourceType(13142): No known package when getting name for resource number 0xffffffff
I/org.umd.logging(13142): Method > 1 org.cocos2dx.lib.Cocos2dxGLSurfaceView.onTouchEvent(org.cocos2dx.lib.Cocos2dxGLSurfaceView@461456243<file=><x=0><y=0><width=768><height=1184><id=-1>, android.view.MotionEvent@249084038)
I/org.umd.logging(13142): Method < 1 org.cocos2dx.lib.Cocos2dxGLSurfaceView.onTouchEvent(true)
I/org.umd.logging(13142): Method > 596 org.cocos2dx.lib.Cocos2dxGLSurfaceView$7.run(org.cocos2dx.lib.Cocos2dxGLSurfaceView$7@195954264)
I/org.umd.logging(13142): Method < 596 org.cocos2dx.lib.Cocos2dxGLSurfaceView$7.run()
W/ResourceType(13142): No known package when getting name for resource number 0xffffffff
I/org.umd.logging(13142): Method > 1 org.cocos2dx.lib.Cocos2dxGLSurfaceView.onTouchEvent(org.cocos2dx.lib.Cocos2dxGLSurfaceView@461456243<file=><x=0><y=0><width=768><height=1184><id=-1>, android.view.MotionEvent@249084038)
I/org.umd.logging(13142): Method < 1 org.cocos2dx.lib.Cocos2dxGLSurfaceView.onTouchEvent(true)
I/org.umd.logging(13142): Method > 596 org.cocos2dx.lib.Cocos2dxGLSurfaceView$7.run(org.cocos2dx.lib.Cocos2dxGLSurfaceView$7@1058517937)
I/org.umd.logging(13142): Method < 596 org.cocos2dx.lib.Cocos2dxGLSurfaceView$7.run()
W/ResourceType(13142): No known package when getting name for resource number 0xffffffff
I/org.umd.logging(13142): Method > 1 org.cocos2dx.lib.Cocos2dxGLSurfaceView.onTouchEvent(org.cocos2dx.lib.Cocos2dxGLSurfaceView@461456243<file=><x=0><y=0><width=768><height=1184><id=-1>, android.view.MotionEvent@249084038)
I/org.umd.logging(13142): Method < 1 org.cocos2dx.lib.Cocos2dxGLSurfaceView.onTouchEvent(true)
I/org.umd.logging(13142): Method > 596 org.cocos2dx.lib.Cocos2dxGLSurfaceView$7.run(org.cocos2dx.lib.Cocos2dxGLSurfaceView$7@29204630)
I/org.umd.logging(13142): Method < 596 org.cocos2dx.lib.Cocos2dxGLSurfaceView$7.run()
W/ResourceType(13142): No known package when getting name for resource number 0xffffffff
I/org.umd.logging(13142): Method > 1 org.cocos2dx.lib.Cocos2dxGLSurfaceView.onTouchEvent(org.cocos2dx.lib.Cocos2dxGLSurfaceView@461456243<file=><x=0><y=0><width=768><height=1184><id=-1>, android.view.MotionEvent@249084038)
I/org.umd.logging(13142): Method < 1 org.cocos2dx.lib.Cocos2dxGLSurfaceView.onTouchEvent(true)
I/org.umd.logging(13142): Method > 596 org.cocos2dx.lib.Cocos2dxGLSurfaceView$9.run(org.cocos2dx.lib.Cocos2dxGLSurfaceView$9@246367255)
I/org.umd.logging(13142): Method < 596 org.cocos2dx.lib.Cocos2dxGLSurfaceView$9.run()
D/audio_hw_primary(  188): out_set_parameters: enter: usecase(0: deep-buffer-playback) kvpairs: routing=2
W/ResourceType(13142): No known package when getting name for resource number 0xffffffff
I/org.umd.logging(13142): Method > 1 org.cocos2dx.lib.Cocos2dxGLSurfaceView.onTouchEvent(org.cocos2dx.lib.Cocos2dxGLSurfaceView@461456243<file=><x=0><y=0><width=768><height=1184><id=-1>, android.view.MotionEvent@249084038)
I/org.umd.logging(13142): Method < 1 org.cocos2dx.lib.Cocos2dxGLSurfaceView.onTouchEvent(true)
I/org.umd.logging(13142): Method > 596 org.cocos2dx.lib.Cocos2dxGLSurfaceView$6.run(org.cocos2dx.lib.Cocos2dxGLSurfaceView$6@673787908)
W/AudioTrack(13142): AUDIO_OUTPUT_FLAG_FAST denied by client
I/org.umd.logging(13142): Method < 596 org.cocos2dx.lib.Cocos2dxGLSurfaceView$6.run()
W/ResourceType(13142): No known package when getting name for resource number 0xffffffff
I/org.umd.logging(13142): Method > 1 org.cocos2dx.lib.Cocos2dxGLSurfaceView.onTouchEvent(org.cocos2dx.lib.Cocos2dxGLSurfaceView@461456243<file=><x=0><y=0><width=768><height=1184><id=-1>, android.view.MotionEvent@249084038)
I/org.umd.logging(13142): Method < 1 org.cocos2dx.lib.Cocos2dxGLSurfaceView.onTouchEvent(true)
I/org.umd.logging(13142): Method > 596 org.cocos2dx.lib.Cocos2dxGLSurfaceView$7.run(org.cocos2dx.lib.Cocos2dxGLSurfaceView$7@222484973)
I/org.umd.logging(13142): Method < 596 org.cocos2dx.lib.Cocos2dxGLSurfaceView$7.run()
W/AudioTrack(13142): AUDIO_OUTPUT_FLAG_FAST denied by client
W/AudioTrack(13142): AUDIO_OUTPUT_FLAG_FAST denied by client
W/ResourceType(13142): No known package when getting name for resource number 0xffffffff
I/org.umd.logging(13142): Method > 1 org.cocos2dx.lib.Cocos2dxGLSurfaceView.onTouchEvent(org.cocos2dx.lib.Cocos2dxGLSurfaceView@461456243<file=><x=0><y=0><width=768><height=1184><id=-1>, android.view.MotionEvent@249084038)
I/org.umd.logging(13142): Method < 1 org.cocos2dx.lib.Cocos2dxGLSurfaceView.onTouchEvent(true)
I/org.umd.logging(13142): Method > 596 org.cocos2dx.lib.Cocos2dxGLSurfaceView$7.run(org.cocos2dx.lib.Cocos2dxGLSurfaceView$7@1043017762)
I/org.umd.logging(13142): Method < 596 org.cocos2dx.lib.Cocos2dxGLSurfaceView$7.run()
W/ResourceType(13142): No known package when getting name for resource number 0xffffffff
I/org.umd.logging(13142): Method > 1 org.cocos2dx.lib.Cocos2dxGLSurfaceView.onTouchEvent(org.cocos2dx.lib.Cocos2dxGLSurfaceView@461456243<file=><x=0><y=0><width=768><height=1184><id=-1>, android.view.MotionEvent@249084038)
I/org.umd.logging(13142): Method < 1 org.cocos2dx.lib.Cocos2dxGLSurfaceView.onTouchEvent(true)
I/org.umd.logging(13142): Method > 596 org.cocos2dx.lib.Cocos2dxGLSurfaceView$9.run(org.cocos2dx.lib.Cocos2dxGLSurfaceView$9@1029311155)
I/org.umd.logging(13142): Method < 596 org.cocos2dx.lib.Cocos2dxGLSurfaceView$9.run()
W/AudioTrack(13142): AUDIO_OUTPUT_FLAG_FAST denied by client
W/AudioTrack(13142): AUDIO_OUTPUT_FLAG_FAST denied by client
W/AudioTrack(13142): AUDIO_OUTPUT_FLAG_FAST denied by client
W/ResourceType(13142): No known package when getting name for resource number 0xffffffff
I/org.umd.logging(13142): Method > 1 org.cocos2dx.lib.Cocos2dxGLSurfaceView.onTouchEvent(org.cocos2dx.lib.Cocos2dxGLSurfaceView@461456243<file=><x=0><y=0><width=768><height=1184><id=-1>, android.view.MotionEvent@249084038)
I/org.umd.logging(13142): Method < 1 org.cocos2dx.lib.Cocos2dxGLSurfaceView.onTouchEvent(true)
I/org.umd.logging(13142): Method > 596 org.cocos2dx.lib.Cocos2dxGLSurfaceView$6.run(org.cocos2dx.lib.Cocos2dxGLSurfaceView$6@134957168)
W/AudioTrack(13142): AUDIO_OUTPUT_FLAG_FAST denied by client
I/org.umd.logging(13142): Method < 596 org.cocos2dx.lib.Cocos2dxGLSurfaceView$6.run()
W/ResourceType(13142): No known package when getting name for resource number 0xffffffff
I/org.umd.logging(13142): Method > 1 org.cocos2dx.lib.Cocos2dxGLSurfaceView.onTouchEvent(org.cocos2dx.lib.Cocos2dxGLSurfaceView@461456243<file=><x=0><y=0><width=768><height=1184><id=-1>, android.view.MotionEvent@249084038)
I/org.umd.logging(13142): Method < 1 org.cocos2dx.lib.Cocos2dxGLSurfaceView.onTouchEvent(true)
I/org.umd.logging(13142): Method > 596 org.cocos2dx.lib.Cocos2dxGLSurfaceView$7.run(org.cocos2dx.lib.Cocos2dxGLSurfaceView$7@327165929)
I/org.umd.logging(13142): Method < 596 org.cocos2dx.lib.Cocos2dxGLSurfaceView$7.run()
W/ResourceType(13142): No known package when getting name for resource number 0xffffffff
I/org.umd.logging(13142): Method > 1 org.cocos2dx.lib.Cocos2dxGLSurfaceView.onTouchEvent(org.cocos2dx.lib.Cocos2dxGLSurfaceView@461456243<file=><x=0><y=0><width=768><height=1184><id=-1>, android.view.MotionEvent@249084038)
I/org.umd.logging(13142): Method < 1 org.cocos2dx.lib.Cocos2dxGLSurfaceView.onTouchEvent(true)
I/org.umd.logging(13142): Method > 596 org.cocos2dx.lib.Cocos2dxGLSurfaceView$7.run(org.cocos2dx.lib.Cocos2dxGLSurfaceView$7@552610926)
I/org.umd.logging(13142): Method < 596 org.cocos2dx.lib.Cocos2dxGLSurfaceView$7.run()
W/ResourceType(13142): No known package when getting name for resource number 0xffffffff
I/org.umd.logging(13142): Method > 1 org.cocos2dx.lib.Cocos2dxGLSurfaceView.onTouchEvent(org.cocos2dx.lib.Cocos2dxGLSurfaceView@461456243<file=><x=0><y=0><width=768><height=1184><id=-1>, android.view.MotionEvent@249084038)
I/org.umd.logging(13142): Method < 1 org.cocos2dx.lib.Cocos2dxGLSurfaceView.onTouchEvent(true)
I/art     (13142): Background partial concurrent mark sweep GC freed 1457(70KB) AllocSpace objects, 5(17MB) LOS objects, 35% free, 29MB/45MB, paused 7.599ms total 53.929ms
I/org.umd.logging(13142): Method > 596 org.cocos2dx.lib.Cocos2dxGLSurfaceView$7.run(org.cocos2dx.lib.Cocos2dxGLSurfaceView$7@1054908175)
I/org.umd.logging(13142): Method < 596 org.cocos2dx.lib.Cocos2dxGLSurfaceView$7.run()
W/ResourceType(13142): No known package when getting name for resource number 0xffffffff
I/org.umd.logging(13142): Method > 1 org.cocos2dx.lib.Cocos2dxGLSurfaceView.onTouchEvent(org.cocos2dx.lib.Cocos2dxGLSurfaceView@461456243<file=><x=0><y=0><width=768><height=1184><id=-1>, android.view.MotionEvent@249084038)
I/org.umd.logging(13142): Method < 1 org.cocos2dx.lib.Cocos2dxGLSurfaceView.onTouchEvent(true)
I/org.umd.logging(13142): Method > 596 org.cocos2dx.lib.Cocos2dxGLSurfaceView$7.run(org.cocos2dx.lib.Cocos2dxGLSurfaceView$7@179600284)
I/org.umd.logging(13142): Method < 596 org.cocos2dx.lib.Cocos2dxGLSurfaceView$7.run()
W/ResourceType(13142): No known package when getting name for resource number 0xffffffff
I/org.umd.logging(13142): Method > 1 org.cocos2dx.lib.Cocos2dxGLSurfaceView.onTouchEvent(org.cocos2dx.lib.Cocos2dxGLSurfaceView@461456243<file=><x=0><y=0><width=768><height=1184><id=-1>, android.view.MotionEvent@249084038)
I/org.umd.logging(13142): Method < 1 org.cocos2dx.lib.Cocos2dxGLSurfaceView.onTouchEvent(true)
I/org.umd.logging(13142): Method > 596 org.cocos2dx.lib.Cocos2dxGLSurfaceView$9.run(org.cocos2dx.lib.Cocos2dxGLSurfaceView$9@53107109)
I/org.umd.logging(13142): Method < 596 org.cocos2dx.lib.Cocos2dxGLSurfaceView$9.run()
D/audio_hw_primary(  188): out_set_parameters: enter: usecase(0: deep-buffer-playback) kvpairs: routing=2
W/ResourceType(13142): No known package when getting name for resource number 0xffffffff
I/org.umd.logging(13142): Method > 1 org.cocos2dx.lib.Cocos2dxGLSurfaceView.onTouchEvent(org.cocos2dx.lib.Cocos2dxGLSurfaceView@461456243<file=><x=0><y=0><width=768><height=1184><id=-1>, android.view.MotionEvent@249084038)
I/org.umd.logging(13142): Method < 1 org.cocos2dx.lib.Cocos2dxGLSurfaceView.onTouchEvent(true)
I/org.umd.logging(13142): Method > 596 org.cocos2dx.lib.Cocos2dxGLSurfaceView$6.run(org.cocos2dx.lib.Cocos2dxGLSurfaceView$6@989241722)
W/AudioTrack(13142): AUDIO_OUTPUT_FLAG_FAST denied by client
I/org.umd.logging(13142): Method < 596 org.cocos2dx.lib.Cocos2dxGLSurfaceView$6.run()
W/ResourceType(13142): No known package when getting name for resource number 0xffffffff
I/org.umd.logging(13142): Method > 1 org.cocos2dx.lib.Cocos2dxGLSurfaceView.onTouchEvent(org.cocos2dx.lib.Cocos2dxGLSurfaceView@461456243<file=><x=0><y=0><width=768><height=1184><id=-1>, android.view.MotionEvent@249084038)
I/org.umd.logging(13142): Method < 1 org.cocos2dx.lib.Cocos2dxGLSurfaceView.onTouchEvent(true)
I/org.umd.logging(13142): Method > 596 org.cocos2dx.lib.Cocos2dxGLSurfaceView$7.run(org.cocos2dx.lib.Cocos2dxGLSurfaceView$7@512892203)
I/org.umd.logging(13142): Method < 596 org.cocos2dx.lib.Cocos2dxGLSurfaceView$7.run()
W/ResourceType(13142): No known package when getting name for resource number 0xffffffff
I/org.umd.logging(13142): Method > 1 org.cocos2dx.lib.Cocos2dxGLSurfaceView.onTouchEvent(org.cocos2dx.lib.Cocos2dxGLSurfaceView@461456243<file=><x=0><y=0><width=768><height=1184><id=-1>, android.view.MotionEvent@249084038)
I/org.umd.logging(13142): Method < 1 org.cocos2dx.lib.Cocos2dxGLSurfaceView.onTouchEvent(true)
I/org.umd.logging(13142): Method > 596 org.cocos2dx.lib.Cocos2dxGLSurfaceView$7.run(org.cocos2dx.lib.Cocos2dxGLSurfaceView$7@56341896)
I/org.umd.logging(13142): Method < 596 org.cocos2dx.lib.Cocos2dxGLSurfaceView$7.run()
W/ResourceType(13142): No known package when getting name for resource number 0xffffffff
I/org.umd.logging(13142): Method > 1 org.cocos2dx.lib.Cocos2dxGLSurfaceView.onTouchEvent(org.cocos2dx.lib.Cocos2dxGLSurfaceView@461456243<file=><x=0><y=0><width=768><height=1184><id=-1>, android.view.MotionEvent@249084038)
I/org.umd.logging(13142): Method < 1 org.cocos2dx.lib.Cocos2dxGLSurfaceView.onTouchEvent(true)
