I/org.umd.logging(13142): Method > 596 org.cocos2dx.lib.Cocos2dxGLSurfaceView$7.run(org.cocos2dx.lib.Cocos2dxGLSurfaceView$7@244050721)
I/org.umd.logging(13142): Method < 596 org.cocos2dx.lib.Cocos2dxGLSurfaceView$7.run()
W/ResourceType(13142): No known package when getting name for resource number 0xffffffff
I/org.umd.logging(13142): Method > 1 org.cocos2dx.lib.Cocos2dxGLSurfaceView.onTouchEvent(org.cocos2dx.lib.Cocos2dxGLSurfaceView@461456243<file=><x=0><y=0><width=768><height=1184><id=-1>, android.view.MotionEvent@249084038)
I/org.umd.logging(13142): Method < 1 org.cocos2dx.lib.Cocos2dxGLSurfaceView.onTouchEvent(true)
I/org.umd.logging(13142): Method > 596 org.cocos2dx.lib.Cocos2dxGLSurfaceView$7.run(org.cocos2dx.lib.Cocos2dxGLSurfaceView$7@264067910)
I/org.umd.logging(13142): Method < 596 org.cocos2dx.lib.Cocos2dxGLSurfaceView$7.run()
W/ResourceType(13142): No known package when getting name for resource number 0xffffffff
I/org.umd.logging(13142): Method > 1 org.cocos2dx.lib.Cocos2dxGLSurfaceView.onTouchEvent(org.cocos2dx.lib.Cocos2dxGLSurfaceView@461456243<file=><x=0><y=0><width=768><height=1184><id=-1>, android.view.MotionEvent@249084038)
I/org.umd.logging(13142): Method < 1 org.cocos2dx.lib.Cocos2dxGLSurfaceView.onTouchEvent(true)
I/org.umd.logging(13142): Method > 596 org.cocos2dx.lib.Cocos2dxGLSurfaceView$9.run(org.cocos2dx.lib.Cocos2dxGLSurfaceView$9@59990279)
I/org.umd.logging(13142): Method < 596 org.cocos2dx.lib.Cocos2dxGLSurfaceView$9.run()
D/audio_hw_primary(  188): out_set_parameters: enter: usecase(0: deep-buffer-playback) kvpairs: routing=2
W/ResourceType(13142): No known package when getting name for resource number 0xffffffff
I/org.umd.logging(13142): Method > 1 org.cocos2dx.lib.Cocos2dxGLSurfaceView.onTouchEvent(org.cocos2dx.lib.Cocos2dxGLSurfaceView@461456243<file=><x=0><y=0><width=768><height=1184><id=-1>, android.view.MotionEvent@249084038)
I/org.umd.logging(13142): Method < 1 org.cocos2dx.lib.Cocos2dxGLSurfaceView.onTouchEvent(true)
I/org.umd.logging(13142): Method > 596 org.cocos2dx.lib.Cocos2dxGLSurfaceView$6.run(org.cocos2dx.lib.Cocos2dxGLSurfaceView$6@1069195828)
W/AudioTrack(13142): AUDIO_OUTPUT_FLAG_FAST denied by client
I/org.umd.logging(13142): Method < 596 org.cocos2dx.lib.Cocos2dxGLSurfaceView$6.run()
W/AudioTrack(13142): AUDIO_OUTPUT_FLAG_FAST denied by client
W/ResourceType(13142): No known package when getting name for resource number 0xffffffff
I/org.umd.logging(13142): Method > 1 org.cocos2dx.lib.Cocos2dxGLSurfaceView.onTouchEvent(org.cocos2dx.lib.Cocos2dxGLSurfaceView@461456243<file=><x=0><y=0><width=768><height=1184><id=-1>, android.view.MotionEvent@249084038)
I/org.umd.logging(13142): Method < 1 org.cocos2dx.lib.Cocos2dxGLSurfaceView.onTouchEvent(true)
I/org.umd.logging(13142): Method > 596 org.cocos2dx.lib.Cocos2dxGLSurfaceView$7.run(org.cocos2dx.lib.Cocos2dxGLSurfaceView$7@672864349)
I/org.umd.logging(13142): Method < 596 org.cocos2dx.lib.Cocos2dxGLSurfaceView$7.run()
W/ResourceType(13142): No known package when getting name for resource number 0xffffffff
I/org.umd.logging(13142): Method > 1 org.cocos2dx.lib.Cocos2dxGLSurfaceView.onTouchEvent(org.cocos2dx.lib.Cocos2dxGLSurfaceView@461456243<file=><x=0><y=0><width=768><height=1184><id=-1>, android.view.MotionEvent@249084038)
I/org.umd.logging(13142): Method < 1 org.cocos2dx.lib.Cocos2dxGLSurfaceView.onTouchEvent(true)
W/AudioTrack(13142): AUDIO_OUTPUT_FLAG_FAST denied by client
I/org.umd.logging(13142): Method > 596 org.cocos2dx.lib.Cocos2dxGLSurfaceView$7.run(org.cocos2dx.lib.Cocos2dxGLSurfaceView$7@165930450)
I/org.umd.logging(13142): Method < 596 org.cocos2dx.lib.Cocos2dxGLSurfaceView$7.run()
I/art     (13142): Background partial concurrent mark sweep GC freed 3270(160KB) AllocSpace objects, 9(31MB) LOS objects, 27% free, 43MB/59MB, paused 1.190ms total 116.130ms
W/ResourceType(13142): No known package when getting name for resource number 0xffffffff
I/org.umd.logging(13142): Method > 1 org.cocos2dx.lib.Cocos2dxGLSurfaceView.onTouchEvent(org.cocos2dx.lib.Cocos2dxGLSurfaceView@461456243<file=><x=0><y=0><width=768><height=1184><id=-1>, android.view.MotionEvent@249084038)
I/org.umd.logging(13142): Method < 1 org.cocos2dx.lib.Cocos2dxGLSurfaceView.onTouchEvent(true)
W/AudioTrack(13142): AUDIO_OUTPUT_FLAG_FAST denied by client
I/org.umd.logging(13142): Method > 596 org.cocos2dx.lib.Cocos2dxGLSurfaceView$7.run(org.cocos2dx.lib.Cocos2dxGLSurfaceView$7@947586723)
I/org.umd.logging(13142): Method < 596 org.cocos2dx.lib.Cocos2dxGLSurfaceView$7.run()
W/AudioTrack(13142): AUDIO_OUTPUT_FLAG_FAST denied by client
W/ResourceType(13142): No known package when getting name for resource number 0xffffffff
I/org.umd.logging(13142): Method > 1 org.cocos2dx.lib.Cocos2dxGLSurfaceView.onTouchEvent(org.cocos2dx.lib.Cocos2dxGLSurfaceView@461456243<file=><x=0><y=0><width=768><height=1184><id=-1>, android.view.MotionEvent@249084038)
I/org.umd.logging(13142): Method < 1 org.cocos2dx.lib.Cocos2dxGLSurfaceView.onTouchEvent(true)
I/org.umd.logging(13142): Method > 596 org.cocos2dx.lib.Cocos2dxGLSurfaceView$9.run(org.cocos2dx.lib.Cocos2dxGLSurfaceView$9@226078112)
I/org.umd.logging(13142): Method < 596 org.cocos2dx.lib.Cocos2dxGLSurfaceView$9.run()
W/AudioTrack(13142): AUDIO_OUTPUT_FLAG_FAST denied by client
W/ResourceType(13142): No known package when getting name for resource number 0xffffffff
I/org.umd.logging(13142): Method > 1 org.cocos2dx.lib.Cocos2dxGLSurfaceView.onTouchEvent(org.cocos2dx.lib.Cocos2dxGLSurfaceView@461456243<file=><x=0><y=0><width=768><height=1184><id=-1>, android.view.MotionEvent@249084038)
I/org.umd.logging(13142): Method < 1 org.cocos2dx.lib.Cocos2dxGLSurfaceView.onTouchEvent(true)
I/org.umd.logging(13142): Method > 596 org.cocos2dx.lib.Cocos2dxGLSurfaceView$6.run(org.cocos2dx.lib.Cocos2dxGLSurfaceView$6@964025689)
W/AudioTrack(13142): AUDIO_OUTPUT_FLAG_FAST denied by client
I/org.umd.logging(13142): Method < 596 org.cocos2dx.lib.Cocos2dxGLSurfaceView$6.run()
W/ResourceType(13142): No known package when getting name for resource number 0xffffffff
I/org.umd.logging(13142): Method > 1 org.cocos2dx.lib.Cocos2dxGLSurfaceView.onTouchEvent(org.cocos2dx.lib.Cocos2dxGLSurfaceView@461456243<file=><x=0><y=0><width=768><height=1184><id=-1>, android.view.MotionEvent@249084038)
I/org.umd.logging(13142): Method < 1 org.cocos2dx.lib.Cocos2dxGLSurfaceView.onTouchEvent(true)
I/org.umd.logging(13142): Method > 596 org.cocos2dx.lib.Cocos2dxGLSurfaceView$7.run(org.cocos2dx.lib.Cocos2dxGLSurfaceView$7@745966878)
I/org.umd.logging(13142): Method < 596 org.cocos2dx.lib.Cocos2dxGLSurfaceView$7.run()
W/ResourceType(13142): No known package when getting name for resource number 0xffffffff
I/org.umd.logging(13142): Method > 1 org.cocos2dx.lib.Cocos2dxGLSurfaceView.onTouchEvent(org.cocos2dx.lib.Cocos2dxGLSurfaceView@461456243<file=><x=0><y=0><width=768><height=1184><id=-1>, android.view.MotionEvent@249084038)
I/org.umd.logging(13142): Method < 1 org.cocos2dx.lib.Cocos2dxGLSurfaceView.onTouchEvent(true)
I/org.umd.logging(13142): Method > 596 org.cocos2dx.lib.Cocos2dxGLSurfaceView$7.run(org.cocos2dx.lib.Cocos2dxGLSurfaceView$7@279800319)
I/org.umd.logging(13142): Method < 596 org.cocos2dx.lib.Cocos2dxGLSurfaceView$7.run()
W/ResourceType(13142): No known package when getting name for resource number 0xffffffff
I/org.umd.logging(13142): Method > 1 org.cocos2dx.lib.Cocos2dxGLSurfaceView.onTouchEvent(org.cocos2dx.lib.Cocos2dxGLSurfaceView@461456243<file=><x=0><y=0><width=768><height=1184><id=-1>, android.view.MotionEvent@249084038)
I/org.umd.logging(13142): Method < 1 org.cocos2dx.lib.Cocos2dxGLSurfaceView.onTouchEvent(true)
I/org.umd.logging(13142): Method > 596 org.cocos2dx.lib.Cocos2dxGLSurfaceView$7.run(org.cocos2dx.lib.Cocos2dxGLSurfaceView$7@710673356)
I/org.umd.logging(13142): Method < 596 org.cocos2dx.lib.Cocos2dxGLSurfaceView$7.run()
W/ResourceType(13142): No known package when getting name for resource number 0xffffffff
I/org.umd.logging(13142): Method > 1 org.cocos2dx.lib.Cocos2dxGLSurfaceView.onTouchEvent(org.cocos2dx.lib.Cocos2dxGLSurfaceView@461456243<file=><x=0><y=0><width=768><height=1184><id=-1>, android.view.MotionEvent@249084038)
I/org.umd.logging(13142): Method < 1 org.cocos2dx.lib.Cocos2dxGLSurfaceView.onTouchEvent(true)
I/org.umd.logging(13142): Method > 596 org.cocos2dx.lib.Cocos2dxGLSurfaceView$9.run(org.cocos2dx.lib.Cocos2dxGLSurfaceView$9@236844565)
I/org.umd.logging(13142): Method < 596 org.cocos2dx.lib.Cocos2dxGLSurfaceView$9.run()
D/audio_hw_primary(  188): out_set_parameters: enter: usecase(0: deep-buffer-playback) kvpairs: routing=2
W/ResourceType(13142): No known package when getting name for resource number 0xffffffff
I/org.umd.logging(13142): Method > 1 org.cocos2dx.lib.Cocos2dxGLSurfaceView.onTouchEvent(org.cocos2dx.lib.Cocos2dxGLSurfaceView@461456243<file=><x=0><y=0><width=768><height=1184><id=-1>, android.view.MotionEvent@249084038)
I/org.umd.logging(13142): Method < 1 org.cocos2dx.lib.Cocos2dxGLSurfaceView.onTouchEvent(true)
I/org.umd.logging(13142): Method > 596 org.cocos2dx.lib.Cocos2dxGLSurfaceView$6.run(org.cocos2dx.lib.Cocos2dxGLSurfaceView$6@217734442)
W/AudioTrack(13142): AUDIO_OUTPUT_FLAG_FAST denied by client
I/org.umd.logging(13142): Method < 596 org.cocos2dx.lib.Cocos2dxGLSurfaceView$6.run()
W/ResourceType(13142): No known package when getting name for resource number 0xffffffff
I/org.umd.logging(13142): Method > 1 org.cocos2dx.lib.Cocos2dxGLSurfaceView.onTouchEvent(org.cocos2dx.lib.Cocos2dxGLSurfaceView@461456243<file=><x=0><y=0><width=768><height=1184><id=-1>, android.view.MotionEvent@249084038)
I/org.umd.logging(13142): Method < 1 org.cocos2dx.lib.Cocos2dxGLSurfaceView.onTouchEvent(true)
I/org.umd.logging(13142): Method > 596 org.cocos2dx.lib.Cocos2dxGLSurfaceView$7.run(org.cocos2dx.lib.Cocos2dxGLSurfaceView$7@125347611)
I/org.umd.logging(13142): Method < 596 org.cocos2dx.lib.Cocos2dxGLSurfaceView$7.run()
W/ResourceType(13142): No known package when getting name for resource number 0xffffffff
I/org.umd.logging(13142): Method > 1 org.cocos2dx.lib.Cocos2dxGLSurfaceView.onTouchEvent(org.cocos2dx.lib.Cocos2dxGLSurfaceView@461456243<file=><x=0><y=0><width=768><height=1184><id=-1>, android.view.MotionEvent@249084038)
I/org.umd.logging(13142): Method < 1 org.cocos2dx.lib.Cocos2dxGLSurfaceView.onTouchEvent(true)
I/org.umd.logging(13142): Method > 596 org.cocos2dx.lib.Cocos2dxGLSurfaceView$7.run(org.cocos2dx.lib.Cocos2dxGLSurfaceView$7@187404472)
I/org.umd.logging(13142): Method < 596 org.cocos2dx.lib.Cocos2dxGLSurfaceView$7.run()
W/ResourceType(13142): No known package when getting name for resource number 0xffffffff
I/org.umd.logging(13142): Method > 1 org.cocos2dx.lib.Cocos2dxGLSurfaceView.onTouchEvent(org.cocos2dx.lib.Cocos2dxGLSurfaceView@461456243<file=><x=0><y=0><width=768><height=1184><id=-1>, android.view.MotionEvent@249084038)
I/org.umd.logging(13142): Method < 1 org.cocos2dx.lib.Cocos2dxGLSurfaceView.onTouchEvent(true)
I/org.umd.logging(13142): Method > 596 org.cocos2dx.lib.Cocos2dxGLSurfaceView$7.run(org.cocos2dx.lib.Cocos2dxGLSurfaceView$7@771022481)
I/org.umd.logging(13142): Method < 596 org.cocos2dx.lib.Cocos2dxGLSurfaceView$7.run()
W/ResourceType(13142): No known package when getting name for resource number 0xffffffff
I/org.umd.logging(13142): Method > 1 org.cocos2dx.lib.Cocos2dxGLSurfaceView.onTouchEvent(org.cocos2dx.lib.Cocos2dxGLSurfaceView@461456243<file=><x=0><y=0><width=768><height=1184><id=-1>, android.view.MotionEvent@249084038)
I/org.umd.logging(13142): Method < 1 org.cocos2dx.lib.Cocos2dxGLSurfaceView.onTouchEvent(true)
I/org.umd.logging(13142): Method > 596 org.cocos2dx.lib.Cocos2dxGLSurfaceView$9.run(org.cocos2dx.lib.Cocos2dxGLSurfaceView$9@574169590)
I/org.umd.logging(13142): Method < 596 org.cocos2dx.lib.Cocos2dxGLSurfaceView$9.run()
W/AudioTrack(13142): AUDIO_OUTPUT_FLAG_FAST denied by client
W/AudioTrack(13142): AUDIO_OUTPUT_FLAG_FAST denied by client
I/DownloadManagerWrapper( 6250): onReceive() : Charging = true
I/DownloadManagerWrapper( 6250): onReceive() : Charging = true
D/audio_hw_primary(  188): out_set_parameters: enter: usecase(0: deep-buffer-playback) kvpairs: routing=2
D/audio_hw_primary(  188): disable_audio_route: reset and update mixer path: low-latency-playback
I/org.umd.logging(13142): Api > 596 android.media.MediaPlayer.stop(android.media.MediaPlayer@451750904)
D/NuPlayerDriver(  188): stop(0xb769db20)
I/org.umd.logging(13142): Api < 596 android.media.MediaPlayer.stop()
D/NuPlayerDriver(  188): start(0xb77320e0)
I/GenericSource(  188): start
W/ResourceType(13142): No known package when getting name for resource number 0xffffffff
I/org.umd.logging(13142): Method > 1 org.cocos2dx.lib.Cocos2dxGLSurfaceView.onTouchEvent(org.cocos2dx.lib.Cocos2dxGLSurfaceView@461456243<file=><x=0><y=0><width=768><height=1184><id=-1>, android.view.MotionEvent@249084038)
I/org.umd.logging(13142): Method < 1 org.cocos2dx.lib.Cocos2dxGLSurfaceView.onTouchEvent(true)
W/ResourceType(13142): No known package when getting name for resource number 0xffffffff
I/org.umd.logging(13142): Method > 1 org.cocos2dx.lib.Cocos2dxGLSurfaceView.onTouchEvent(org.cocos2dx.lib.Cocos2dxGLSurfaceView@461456243<file=><x=0><y=0><width=768><height=1184><id=-1>, android.view.MotionEvent@249084038)
I/org.umd.logging(13142): Method < 1 org.cocos2dx.lib.Cocos2dxGLSurfaceView.onTouchEvent(true)
D/NuPlayerDriver(  188): reset(0xb77320e0)
D/NuPlayerDriver(  188): notifyResetComplete(0xb77320e0)
W/AudioTrack(13142): AUDIO_OUTPUT_FLAG_FAST denied by client
D/audio_hw_primary(  188): select_devices: out_snd_device(2: speaker) in_snd_device(0: none)
D/audio_hw_primary(  188): enable_audio_route: apply and update mixer path: low-latency-playback
I/org.umd.logging(13142): Method > 596 org.cocos2dx.lib.Cocos2dxGLSurfaceView$6.run(org.cocos2dx.lib.Cocos2dxGLSurfaceView$6@888183287)
D/NuPlayerDriver(  188): start(0xb76d5968)
I/GenericSource(  188): start
D/NuPlayerDriver(  188): reset(0xb76d5968)
D/NuPlayerDriver(  188): notifyResetComplete(0xb76d5968)
W/AudioTrack(13142): AUDIO_OUTPUT_FLAG_FAST denied by client
I/org.umd.logging(13142): Method < 596 org.cocos2dx.lib.Cocos2dxGLSurfaceView$6.run()
I/org.umd.logging(13142): Method > 596 org.cocos2dx.lib.Cocos2dxGLSurfaceView$9.run(org.cocos2dx.lib.Cocos2dxGLSurfaceView$9@627376228)
D/luajc   (13142): CCLuaJavaBridge::callJavaStaticMethod(lua_State *L)
W/art     (13142): Call to JNI FindClass with dots in name: "com.ninjajumprun.android.MainActivity"
D/luajc   (13142): CCLuaJavaBridge::callJavaStaticMethod("com.ninjajumprun.android.MainActivity", "showBannerAd", args, "(Z)V") SUCCESS
I/org.umd.logging(13142): Method < 596 org.cocos2dx.lib.Cocos2dxGLSurfaceView$9.run()
I/org.umd.logging(13142): Method > 1 com.ninjajumprun.android.MainActivity$2.run(com.ninjajumprun.android.MainActivity$2@595055309)
I/org.umd.logging(13142): Method < 1 com.ninjajumprun.android.MainActivity$2.run()
W/ResourceType( 5970): No package identifier when getting value for resource number 0x00000000
W/PackageManager( 5970): Failure retrieving resources for com.ninjajumprun.android: Resource ID #0x0
I/ActivityManager(  601): START u0 {act=com.android.systemui.recents.SHOW_RECENTS flg=0x10804000 cmp=com.android.systemui/.recents.RecentsActivity} from uid 10022 on display 0
I/org.umd.logging(13142): Method > 1 com.ninjajumprun.android.MainActivity.onPause(com.ninjajumprun.android.MainActivity@562672813<activity=true>)
I/org.umd.logging(13142): Method > 1 org.cocos2dx.lib.Cocos2dxActivity.onPause(com.ninjajumprun.android.MainActivity@562672813<activity=true>)
I/org.umd.logging(13142): Method > 1 org.cocos2dx.lib.Cocos2dxHelper.onPause()
I/org.umd.logging(13142): Method < 1 org.cocos2dx.lib.Cocos2dxHelper.onPause()
W/ResourceType(13142): No known package when getting name for resource number 0xffffffff
I/org.umd.logging(13142): Method > 1 org.cocos2dx.lib.Cocos2dxGLSurfaceView.onPause(org.cocos2dx.lib.Cocos2dxGLSurfaceView@461456243<file=><x=0><y=0><width=768><height=1184><id=-1>)
I/org.umd.logging(13142): Method > 596 org.cocos2dx.lib.Cocos2dxGLSurfaceView$4.run(org.cocos2dx.lib.Cocos2dxGLSurfaceView$4@881516179)
I/org.umd.logging(13142): Method < 1 org.cocos2dx.lib.Cocos2dxGLSurfaceView.onPause()
I/org.umd.logging(13142): Method < 1 org.cocos2dx.lib.Cocos2dxActivity.onPause()
I/org.umd.logging(13142): Method < 1 com.ninjajumprun.android.MainActivity.onPause()
I/org.umd.logging(13142): Method < 596 org.cocos2dx.lib.Cocos2dxGLSurfaceView$4.run()
I/art     ( 5970): Background sticky concurrent mark sweep GC freed 77561(3MB) AllocSpace objects, 0(0B) LOS objects, 18% free, 14MB/17MB, paused 1.342ms total 111.613ms
I/ActivityManager(  601): Killing 13142:com.ninjajumprun.android/u0a223 (adj 9): remove task
D/NuPlayerDriver(  188): reset(0xb769db20)
D/ConnectivityService(  601): ConnectivityService NetworkRequestInfo binderDied(NetworkRequest [ id=17, legacyType=-1, [ Capabilities: INTERNET&NOT_RESTRICTED&TRUSTED] ], android.os.BinderProxy@3fa3c78b)
I/WindowState(  601): WIN DEATH: Window{10fe9c1c u0 com.ninjajumprun.android/com.ninjajumprun.android.MainActivity}
W/WindowManager(  601): Force-removing child win Window{26d6d123 u0 SurfaceView} from container Window{10fe9c1c u0 com.ninjajumprun.android/com.ninjajumprun.android.MainActivity}
D/ConnectivityService(  601): releasing NetworkRequest NetworkRequest [ id=17, legacyType=-1, [ Capabilities: INTERNET&NOT_RESTRICTED&TRUSTED] ]
E/ConnectivityService(  601): RemoteException caught trying to send a callback msg for NetworkRequest [ id=17, legacyType=-1, [ Capabilities: INTERNET&NOT_RESTRICTED&TRUSTED] ]
D/NuPlayerDriver(  188): notifyResetComplete(0xb769db20)
W/AudioFlinger(  188): session id 100 not found for pid 13142
W/WindowManager(  601): Failed looking up window
W/WindowManager(  601): java.lang.IllegalArgumentException: Requested window android.os.BinderProxy@2d7e4a52 does not exist
W/WindowManager(  601): 	at com.android.server.wm.WindowManagerService.windowForClientLocked(WindowManagerService.java:8539)
W/WindowManager(  601): 	at com.android.server.wm.WindowManagerService.windowForClientLocked(WindowManagerService.java:8530)
W/WindowManager(  601): 	at com.android.server.wm.WindowState$DeathRecipient.binderDied(WindowState.java:1142)
W/WindowManager(  601): 	at android.os.BinderProxy.sendDeathNotice(Binder.java:551)
I/WindowState(  601): WIN DEATH: null
I/ActivityManager(  601): START u0 {act=android.intent.action.MAIN cat=[android.intent.category.HOME] flg=0x10200000 cmp=com.android.launcher/com.android.launcher2.Launcher} from uid 10022 on display 0
D/TaskPersister(  601): removeObsoleteFile: deleting file=6_task.xml
D/TaskPersister(  601): removeObsoleteFile: deleting file=6_task_thumbnail.png
W/OpenGLRenderer( 6361): Incorrectly called buildLayer on View: ShortcutAndWidgetContainer, destroying layer...
W/OpenGLRenderer( 6361): Incorrectly called buildLayer on View: ShortcutAndWidgetContainer, destroying layer...
D/audio_hw_primary(  188): disable_audio_route: reset and update mixer path: deep-buffer-playback
D/audio_hw_primary(  188): disable_audio_route: reset and update mixer path: low-latency-playback
D/audio_hw_primary(  188): disable_snd_device: snd_device(2: speaker)
E/WifiStateMachine(  601): WifiStateMachine CMD_START_SCAN source -2 txSuccessRate=0.01 rxSuccessRate=0.01 targetRoamBSSID=b4:e9:b0:e5:06:d0 RSSI=-54
I/DownloadManagerWrapper( 6250): onReceive() : Charging = true
I/DownloadManagerWrapper( 6250): onReceive() : Charging = true
E/WifiStateMachine(  601): WifiStateMachine CMD_START_SCAN source -2 txSuccessRate=0.00 rxSuccessRate=0.00 targetRoamBSSID=b4:e9:b0:e5:06:d0 RSSI=-52
I/DownloadManagerWrapper( 6250): onReceive() : Charging = true
I/DeviceStateChecker( 6469): screenOn: true, isCharging: true
I/DownloadManagerWrapper( 6250): onReceive() : Charging = true
E/WifiStateMachine(  601): WifiStateMachine CMD_START_SCAN source -2 txSuccessRate=0.01 rxSuccessRate=0.01 targetRoamBSSID=b4:e9:b0:e5:06:d0 RSSI=-51
I/DownloadManagerWrapper( 6250): onReceive() : Charging = true
I/DownloadManagerWrapper( 6250): onReceive() : Charging = true
I/DownloadManagerWrapper( 6250): onReceive() : Charging = true
E/WifiStateMachine(  601): WifiStateMachine CMD_START_SCAN source -2 txSuccessRate=0.01 rxSuccessRate=0.01 targetRoamBSSID=b4:e9:b0:e5:06:d0 RSSI=-51
I/DownloadManagerWrapper( 6250): onReceive() : Charging = true
I/DownloadManagerWrapper( 6250): onReceive() : Charging = true
E/WifiStateMachine(  601): WifiStateMachine CMD_START_SCAN source -2 txSuccessRate=0.25 rxSuccessRate=0.25 targetRoamBSSID=b4:e9:b0:e5:06:d0 RSSI=-52
I/DownloadManagerWrapper( 6250): onReceive() : Charging = true
I/DownloadManagerWrapper( 6250): onReceive() : Charging = true
E/WifiStateMachine(  601): WifiStateMachine CMD_START_SCAN source -2 txSuccessRate=0.25 rxSuccessRate=0.25 targetRoamBSSID=b4:e9:b0:e5:06:d0 RSSI=-50
I/DownloadManagerWrapper( 6250): onReceive() : Charging = true
I/DownloadManagerWrapper( 6250): onReceive() : Charging = true
I/DownloadManagerWrapper( 6250): onReceive() : Charging = true
E/WifiStateMachine(  601): WifiStateMachine CMD_START_SCAN source -2 txSuccessRate=0.00 rxSuccessRate=0.00 targetRoamBSSID=b4:e9:b0:e5:06:d0 RSSI=-52
I/DownloadManagerWrapper( 6250): onReceive() : Charging = true
I/DownloadManagerWrapper( 6250): onReceive() : Charging = true
E/WifiStateMachine(  601): WifiStateMachine CMD_START_SCAN source -2 txSuccessRate=0.03 rxSuccessRate=0.03 targetRoamBSSID=b4:e9:b0:e5:06:d0 RSSI=-53
W/Settings( 7263): Setting stay_on_while_plugged_in has moved from android.provider.Settings.System to android.provider.Settings.Global, returning read-only value.
E/MtpServerJNI( 5991): server is null in send_object_removed
I/DownloadManagerWrapper( 6250): onReceive() : Charging = true
I/DownloadManagerWrapper( 6250): onReceive() : Charging = true
E/WifiStateMachine(  601): WifiStateMachine CMD_START_SCAN source -2 txSuccessRate=0.00 rxSuccessRate=0.00 targetRoamBSSID=b4:e9:b0:e5:06:d0 RSSI=-53
I/DownloadManagerWrapper( 6250): onReceive() : Charging = true
I/DownloadManagerWrapper( 6250): onReceive() : Charging = true
I/DownloadManagerWrapper( 6250): onReceive() : Charging = true
E/WifiStateMachine(  601): WifiStateMachine CMD_START_SCAN source -2 txSuccessRate=0.17 rxSuccessRate=0.19 targetRoamBSSID=b4:e9:b0:e5:06:d0 RSSI=-46
I/DownloadManagerWrapper( 6250): onReceive() : Charging = true
I/DownloadManagerWrapper( 6250): onReceive() : Charging = true
E/WifiStateMachine(  601): WifiStateMachine CMD_START_SCAN source -2 txSuccessRate=0.00 rxSuccessRate=0.00 targetRoamBSSID=b4:e9:b0:e5:06:d0 RSSI=-51
I/DownloadManagerWrapper( 6250): onReceive() : Charging = true
I/DeviceStateChecker( 6469): screenOn: true, isCharging: true
I/DownloadManagerWrapper( 6250): onReceive() : Charging = true
E/WifiStateMachine(  601): WifiStateMachine CMD_START_SCAN source -2 txSuccessRate=0.25 rxSuccessRate=0.25 targetRoamBSSID=b4:e9:b0:e5:06:d0 RSSI=-45
I/DownloadManagerWrapper( 6250): onReceive() : Charging = true
I/DownloadManagerWrapper( 6250): onReceive() : Charging = true
I/DownloadManagerWrapper( 6250): onReceive() : Charging = true
E/WifiStateMachine(  601): WifiStateMachine CMD_START_SCAN source -2 txSuccessRate=0.00 rxSuccessRate=0.00 targetRoamBSSID=b4:e9:b0:e5:06:d0 RSSI=-44
I/DownloadManagerWrapper( 6250): onReceive() : Charging = true
E/WifiStateMachine(  601): WifiStateMachine CMD_START_SCAN source -2 txSuccessRate=0.13 rxSuccessRate=0.13 targetRoamBSSID=b4:e9:b0:e5:06:d0 RSSI=-48
I/DownloadManagerWrapper( 6250): onReceive() : Charging = true
I/DownloadManagerWrapper( 6250): onReceive() : Charging = true
E/WifiStateMachine(  601): WifiStateMachine CMD_START_SCAN source -2 txSuccessRate=0.00 rxSuccessRate=0.00 targetRoamBSSID=b4:e9:b0:e5:06:d0 RSSI=-52
I/DownloadManagerWrapper( 6250): onReceive() : Charging = true
I/DownloadManagerWrapper( 6250): onReceive() : Charging = true
I/DownloadManagerWrapper( 6250): onReceive() : Charging = true
