I/org.umd.logging(  708): Method < 1 com.cleanmaster.base.crash.util.debug.b.run()
E/Cataloger( 5092): syncFile:/storage/emulated/0/2016-12-06_03:14:59.950.jpg
E/Cataloger( 5092): syncFile:/storage/emulated/0/2016-12-06_03:15:00.011.jpg
W/ResourceType(  854): No known package when getting name for resource number 0xffffffff
I/org.umd.logging(  854): Method > 1183 com.unity3d.player.UnityPlayer.executeGLThreadJobs(com.unity3d.player.UnityPlayer@814445863<file=2016-12-06_03:14:59.950><x=0><y=0><width=768><height=1280><id=-1>)
I/org.umd.logging(  854): Method > 1183 com.unity3d.player.UnityPlayer$21.run(com.unity3d.player.UnityPlayer$21@432273919)
E/Cataloger( 5092): syncFile:/storage/emulated/0/2016-12-06_03:14:59.950.jpg
W/ResourceType(  854): No known package when getting name for resource number 0xffffffff
I/org.umd.logging(  854): Method > 1 com.unity3d.player.UnityPlayer.onTouchEvent(com.unity3d.player.UnityPlayer@814445863<file=2016-12-06_03:15:00.011><x=0><y=0><width=768><height=1280><id=-1>, android.view.MotionEvent@989791765)
E/Cataloger( 5092): syncFile:/storage/emulated/0/2016-12-06_03:15:00.011.jpg
I/org.umd.logging(  854): Method < 1 com.unity3d.player.UnityPlayer.onTouchEvent(true)
I/org.umd.logging(  854): Method < 1183 com.unity3d.player.UnityPlayer$21.run()
E/Cataloger( 5092): syncFile:/storage/emulated/0/2016-12-06_03:15:00.128.jpg
E/Cataloger( 5092): syncFile:/storage/emulated/0/2016-12-06_03:15:00.125.jpg
W/ResourceType(  854): No known package when getting name for resource number 0xffffffff
I/org.umd.logging(  854): Method > 1 com.unity3d.player.UnityPlayer.onTouchEvent(com.unity3d.player.UnityPlayer@814445863<file=2016-12-06_03:15:00.125><x=0><y=0><width=768><height=1280><id=-1>, android.view.MotionEvent@989791765)
I/org.umd.logging(  854): Method < 1 com.unity3d.player.UnityPlayer.onTouchEvent(true)
I/org.umd.logging(  854): Method > 1279 com.xsj.crasheye.NativeExceptionHandler$2.run(com.xsj.crasheye.NativeExceptionHandler$2@1071715560)
E/Cataloger( 5092): syncFile:/storage/emulated/0/2016-12-06_03:15:00.125.jpg
W/ResourceType(  854): No known package when getting name for resource number 0xffffffff
I/org.umd.logging(  854): Method > 1183 com.unity3d.player.UnityPlayer.executeGLThreadJobs(com.unity3d.player.UnityPlayer@814445863<file=2016-12-06_03:15:00.128><x=0><y=0><width=768><height=1280><id=-1>)
I/org.umd.logging(  854): Method > 1183 com.unity3d.player.UnityPlayer$20.run(com.unity3d.player.UnityPlayer$20@464399658)
I/org.umd.logging(  854): Method < 1183 com.unity3d.player.UnityPlayer$20.run()
E/Cataloger( 5092): syncFile:/storage/emulated/0/2016-12-06_03:15:00.128.jpg
E/Cataloger( 5092): syncFile:/storage/emulated/0/2016-12-06_03:15:00.268.jpg
E/Cataloger( 5092): syncFile:/storage/emulated/0/2016-12-06_03:15:00.291.jpg
I/DownloadManagerWrapper(  985): onReceive() : Charging = true
W/ResourceType(  854): No known package when getting name for resource number 0xffffffff
I/org.umd.logging(  854): Method > 1 com.unity3d.player.UnityPlayer.onTouchEvent(com.unity3d.player.UnityPlayer@814445863<file=2016-12-06_03:15:00.268><x=0><y=0><width=768><height=1280><id=-1>, android.view.MotionEvent@989791765)
I/org.umd.logging(  854): Method < 1 com.unity3d.player.UnityPlayer.onTouchEvent(true)
E/Cataloger( 5092): syncFile:/storage/emulated/0/2016-12-06_03:15:00.268.jpg
I/org.umd.logging(  854): Method > 1 com.cleanmaster.base.crash.util.debug.b.run(com.cleanmaster.base.crash.util.debug.b@1071576509)
I/org.umd.logging(  854): Method < 1 com.cleanmaster.base.crash.util.debug.b.run()
W/ResourceType(  854): No known package when getting name for resource number 0xffffffff
I/org.umd.logging(  854): Method > 1183 com.unity3d.player.UnityPlayer.executeGLThreadJobs(com.unity3d.player.UnityPlayer@814445863<file=2016-12-06_03:15:00.291><x=0><y=0><width=768><height=1280><id=-1>)
I/org.umd.logging(  854): Method < 1183 com.unity3d.player.UnityPlayer.executeGLThreadJobs()
I/MediaFocusControl(  591):  AudioFocus  requestAudioFocus() from android.media.AudioManager@216c7271<native proxy object> req=1flags=0x0
E/Cataloger( 5092): syncFile:/storage/emulated/0/2016-12-06_03:15:00.291.jpg
W/libc    (  854): pthread_create sched_setscheduler call failed: Operation not permitted
I/org.umd.logging(  854): Method > 1183 com.umeng.analytics.MobclickAgent.onPause(com.turbochilli.rollingsky.AppActivity@50521844<activity=true>)
I/org.umd.logging(  854): Method < 1183 com.umeng.analytics.MobclickAgent.onPause()
I/org.umd.logging(  854): Method > 1287 com.umeng.analytics.g.run(com.umeng.analytics.d$2@862467867)
I/org.umd.logging(  854): Method < 1287 com.umeng.analytics.g.run()
I/org.umd.logging(  854): Method > 1288 com.umeng.analytics.g.run(u.aly.m$3@504094904)
I/org.umd.logging(  854): Method < 1288 com.umeng.analytics.g.run()
I/org.umd.logging(  854): Method > 1288 com.umeng.analytics.g.run(u.aly.m$1@802614929)
I/org.umd.logging(  854): Api > 1288 android.net.ConnectivityManager.getActiveNetworkInfo(android.net.ConnectivityManager@406545147)
I/org.umd.logging(  854): Api < 1288 android.net.ConnectivityManager.getActiveNetworkInfo(android.net.NetworkInfo@811201014)
I/org.umd.logging(  854): Method < 1288 com.umeng.analytics.g.run()
I/org.umd.logging(  854): Api > 1183 java.lang.Thread.start(com.unity3d.player.WWW@407448055<thread=1301>)
I/org.umd.logging(  854): Api < 1183 java.lang.Thread.start()
I/org.umd.logging(  854): Method > 1301 com.unity3d.player.WWW.run(com.unity3d.player.WWW@407448055<thread=1301>)
I/org.umd.logging(  854): Method > 1301 com.unity3d.player.WWW.runSafe(com.unity3d.player.WWW@407448055<thread=1301>)
I/org.umd.logging(  854): Api > 1301 java.net.URL.openConnection(java.net.URL@234508388<URL=http://cmprs.cmcm.com/rs/1_4_0/Repositorys/ANDROID/Repository.maggic>)
I/org.umd.logging(  854): Api < 1301 java.net.URL.openConnection(com.android.okhttp.internal.http.HttpURLConnectionImpl@157999821)
I/org.umd.logging(  854): Api > 1301 java.net.URLConnection.getInputStream(com.android.okhttp.internal.http.HttpURLConnectionImpl@157999821)
I/org.umd.logging(  854): Api < 1301 java.net.URLConnection.getInputStream(com.android.okio.RealBufferedSource$1@187381634)
I/org.umd.logging(  854): Method < 1301 com.unity3d.player.WWW.runSafe()
I/org.umd.logging(  854): Method < 1301 com.unity3d.player.WWW.run()
E/Cataloger( 5092): syncFile:/storage/emulated/0/2016-12-06_03:15:00.676.jpg
W/ResourceType(  854): No known package when getting name for resource number 0xffffffff
I/org.umd.logging(  854): Method > 1183 com.unity3d.player.UnityPlayer.executeGLThreadJobs(com.unity3d.player.UnityPlayer@814445863<file=2016-12-06_03:15:00.676><x=0><y=0><width=768><height=1280><id=-1>)
I/org.umd.logging(  854): Method < 1183 com.unity3d.player.UnityPlayer.executeGLThreadJobs()
E/Cataloger( 5092): syncFile:/storage/emulated/0/2016-12-06_03:15:00.676.jpg
I/org.umd.logging(  854): Method > 1 com.unity3d.player.b$2.run(com.unity3d.player.b$2@484208275)
I/org.umd.logging(  854): Method < 1 com.unity3d.player.b$2.run()
I/org.umd.logging(  854): Method > 1 com.chartboost.sdk.Libraries.e$1.run(com.chartboost.sdk.Libraries.e$1@607823216)
I/org.umd.logging(  854): Method < 1 com.chartboost.sdk.Libraries.e$1.run()
I/org.umd.logging(  854): Method > 1 com.unity3d.player.b$2.run(com.unity3d.player.b$2@205393616)
I/org.umd.logging(  854): Method < 1 com.unity3d.player.b$2.run()
E/Cataloger( 5092): syncFile:/storage/emulated/0/2016-12-06_03:15:01.017.jpg
I/art     (  854): Background partial concurrent mark sweep GC freed 1862(102KB) AllocSpace objects, 4(14MB) LOS objects, 24% free, 48MB/64MB, paused 2.319ms total 102.914ms
E/Cataloger( 5092): syncFile:/storage/emulated/0/2016-12-06_03:15:01.108.jpg
W/ResourceType(  854): No known package when getting name for resource number 0xffffffff
I/org.umd.logging(  854): Method > 1183 com.unity3d.player.UnityPlayer.executeGLThreadJobs(com.unity3d.player.UnityPlayer@814445863<file=2016-12-06_03:15:01.017><x=0><y=0><width=768><height=1280><id=-1>)
I/org.umd.logging(  854): Method < 1183 com.unity3d.player.UnityPlayer.executeGLThreadJobs()
E/Cataloger( 5092): syncFile:/storage/emulated/0/2016-12-06_03:15:01.017.jpg
W/ResourceType(  854): No known package when getting name for resource number 0xffffffff
I/org.umd.logging(  854): Method > 1 com.unity3d.player.UnityPlayer.onTouchEvent(com.unity3d.player.UnityPlayer@814445863<file=2016-12-06_03:15:01.108><x=0><y=0><width=768><height=1280><id=-1>, android.view.MotionEvent@989791765)
I/org.umd.logging(  854): Method < 1 com.unity3d.player.UnityPlayer.onTouchEvent(true)
E/Cataloger( 5092): syncFile:/storage/emulated/0/2016-12-06_03:15:01.108.jpg
E/Cataloger( 5092): syncFile:/storage/emulated/0/2016-12-06_03:15:01.210.jpg
E/Cataloger( 5092): syncFile:/storage/emulated/0/2016-12-06_03:15:01.238.jpg
I/org.umd.logging(  854): Method > 1279 com.xsj.crasheye.NativeExceptionHandler$2.run(com.xsj.crasheye.NativeExceptionHandler$2@1071715560)
W/ResourceType(  854): No known package when getting name for resource number 0xffffffff
I/org.umd.logging(  854): Method > 1183 com.unity3d.player.UnityPlayer.executeGLThreadJobs(com.unity3d.player.UnityPlayer@814445863<file=2016-12-06_03:15:01.210><x=0><y=0><width=768><height=1280><id=-1>)
I/org.umd.logging(  854): Method < 1183 com.unity3d.player.UnityPlayer.executeGLThreadJobs()
E/Cataloger( 5092): syncFile:/storage/emulated/0/2016-12-06_03:15:01.210.jpg
W/ResourceType(  854): No known package when getting name for resource number 0xffffffff
I/org.umd.logging(  854): Method > 1 com.unity3d.player.UnityPlayer.onTouchEvent(com.unity3d.player.UnityPlayer@814445863<file=2016-12-06_03:15:01.238><x=0><y=0><width=768><height=1280><id=-1>, android.view.MotionEvent@989791765)
I/org.umd.logging(  854): Method < 1 com.unity3d.player.UnityPlayer.onTouchEvent(true)
E/Cataloger( 5092): syncFile:/storage/emulated/0/2016-12-06_03:15:01.238.jpg
E/Cataloger( 5092): syncFile:/storage/emulated/0/2016-12-06_03:15:01.369.jpg
W/ResourceType(  854): No known package when getting name for resource number 0xffffffff
I/org.umd.logging(  854): Method > 1183 com.unity3d.player.UnityPlayer.executeGLThreadJobs(com.unity3d.player.UnityPlayer@814445863<file=2016-12-06_03:15:01.369><x=0><y=0><width=768><height=1280><id=-1>)
I/org.umd.logging(  854): Method < 1183 com.unity3d.player.UnityPlayer.executeGLThreadJobs()
E/Cataloger( 5092): syncFile:/storage/emulated/0/2016-12-06_03:15:01.369.jpg
E/Cataloger( 5092): syncFile:/storage/emulated/0/2016-12-06_03:15:01.566.jpg
W/ResourceType(  854): No known package when getting name for resource number 0xffffffff
I/org.umd.logging(  854): Method > 1183 com.unity3d.player.UnityPlayer.executeGLThreadJobs(com.unity3d.player.UnityPlayer@814445863<file=2016-12-06_03:15:01.566><x=0><y=0><width=768><height=1280><id=-1>)
I/org.umd.logging(  854): Method < 1183 com.unity3d.player.UnityPlayer.executeGLThreadJobs()
E/Cataloger( 5092): syncFile:/storage/emulated/0/2016-12-06_03:15:01.566.jpg
E/Cataloger( 5092): syncFile:/storage/emulated/0/2016-12-06_03:15:01.742.jpg
W/ResourceType(  854): No known package when getting name for resource number 0xffffffff
I/org.umd.logging(  854): Method > 1183 com.unity3d.player.UnityPlayer.executeGLThreadJobs(com.unity3d.player.UnityPlayer@814445863<file=2016-12-06_03:15:01.742><x=0><y=0><width=768><height=1280><id=-1>)
I/org.umd.logging(  854): Method < 1183 com.unity3d.player.UnityPlayer.executeGLThreadJobs()
E/Cataloger( 5092): syncFile:/storage/emulated/0/2016-12-06_03:15:01.742.jpg
I/org.umd.logging(  854): Method > 1242 com.turbochilli.rollingsky.util.g.run(com.turbochilli.rollingsky.util.g@600825545)
I/org.umd.logging(  854): Api > 1242 android.net.ConnectivityManager.getActiveNetworkInfo(android.net.ConnectivityManager@406545147)
I/org.umd.logging(  854): Api < 1242 android.net.ConnectivityManager.getActiveNetworkInfo(android.net.NetworkInfo@769214926)
I/org.umd.logging(  854): Api > 1242 android.net.ConnectivityManager.getActiveNetworkInfo(android.net.ConnectivityManager@406545147)
I/org.umd.logging(  854): Api < 1242 android.net.ConnectivityManager.getActiveNetworkInfo(android.net.NetworkInfo@492134639)
I/org.umd.logging(  854): Method < 1242 com.turbochilli.rollingsky.util.g.run()
I/org.umd.logging(  854): Api > 1244 android.content.Context.startService(com.turbochilli.rollingsky.GameApp@724061, android.content.Intent@683493372<action=start_service><data=null><package=null><component=com.turbochilli.rollingsky/com.cmplay.kinfoc.report.service.KinfocReportSerivce><type=null><filter_hashcode=877350283><table=None><umd_Intent_key=None><extra_type=None>)
I/org.umd.logging(  854): Api < 1244 android.content.Context.startService()
I/org.umd.logging(  708): Method > 1 com.cmplay.kinfoc.report.service.KinfocReportSerivce.onStartCommand(com.cmplay.kinfoc.report.service.KinfocReportSerivce@346551588, android.content.Intent@937357795<action=start_service><data=null><package=null><component=com.turbochilli.rollingsky/com.cmplay.kinfoc.report.service.KinfocReportSerivce><type=null><filter_hashcode=877350283><table=None><umd_Intent_key=None><extra_type=None>, 0, 42)
I/org.umd.logging(  708): Method < 1 com.cmplay.kinfoc.report.service.KinfocReportSerivce.onStartCommand(1)
E/Cataloger( 5092): syncFile:/storage/emulated/0/2016-12-06_03:15:01.950.jpg
W/ResourceType(  854): No known package when getting name for resource number 0xffffffff
I/org.umd.logging(  854): Method > 1183 com.unity3d.player.UnityPlayer.executeGLThreadJobs(com.unity3d.player.UnityPlayer@814445863<file=2016-12-06_03:15:01.950><x=0><y=0><width=768><height=1280><id=-1>)
I/org.umd.logging(  854): Method < 1183 com.unity3d.player.UnityPlayer.executeGLThreadJobs()
E/Cataloger( 5092): syncFile:/storage/emulated/0/2016-12-06_03:15:01.950.jpg
E/Cataloger( 5092): syncFile:/storage/emulated/0/2016-12-06_03:15:02.207.jpg
I/org.umd.logging(  854): Method > 1279 com.xsj.crasheye.NativeExceptionHandler$2.run(com.xsj.crasheye.NativeExceptionHandler$2@1071715560)
W/ResourceType(  854): No known package when getting name for resource number 0xffffffff
I/org.umd.logging(  854): Method > 1183 com.unity3d.player.UnityPlayer.executeGLThreadJobs(com.unity3d.player.UnityPlayer@814445863<file=2016-12-06_03:15:02.207><x=0><y=0><width=768><height=1280><id=-1>)
I/org.umd.logging(  854): Method < 1183 com.unity3d.player.UnityPlayer.executeGLThreadJobs()
E/Cataloger( 5092): syncFile:/storage/emulated/0/2016-12-06_03:15:02.207.jpg
E/Cataloger( 5092): syncFile:/storage/emulated/0/2016-12-06_03:15:02.387.jpg
W/ResourceType(  854): No known package when getting name for resource number 0xffffffff
I/org.umd.logging(  854): Method > 1183 com.unity3d.player.UnityPlayer.executeGLThreadJobs(com.unity3d.player.UnityPlayer@814445863<file=2016-12-06_03:15:02.387><x=0><y=0><width=768><height=1280><id=-1>)
I/org.umd.logging(  854): Method < 1183 com.unity3d.player.UnityPlayer.executeGLThreadJobs()
E/Cataloger( 5092): syncFile:/storage/emulated/0/2016-12-06_03:15:02.387.jpg
E/Cataloger( 5092): syncFile:/storage/emulated/0/2016-12-06_03:15:02.527.jpg
W/ResourceType(  854): No known package when getting name for resource number 0xffffffff
I/org.umd.logging(  854): Method > 1183 com.unity3d.player.UnityPlayer.executeGLThreadJobs(com.unity3d.player.UnityPlayer@814445863<file=2016-12-06_03:15:02.527><x=0><y=0><width=768><height=1280><id=-1>)
I/org.umd.logging(  854): Method < 1183 com.unity3d.player.UnityPlayer.executeGLThreadJobs()
E/Cataloger( 5092): syncFile:/storage/emulated/0/2016-12-06_03:15:02.527.jpg
E/Cataloger( 5092): syncFile:/storage/emulated/0/2016-12-06_03:15:02.698.jpg
E/Cataloger( 5092): syncFile:/storage/emulated/0/2016-12-06_03:15:02.693.jpg
W/ResourceType(  854): No known package when getting name for resource number 0xffffffff
I/org.umd.logging(  854): Method > 1 com.unity3d.player.UnityPlayer.onTouchEvent(com.unity3d.player.UnityPlayer@814445863<file=2016-12-06_03:15:02.698><x=0><y=0><width=768><height=1280><id=-1>, android.view.MotionEvent@762224261)
I/org.umd.logging(  854): Method < 1 com.unity3d.player.UnityPlayer.onTouchEvent(true)
E/Cataloger( 5092): syncFile:/storage/emulated/0/2016-12-06_03:15:02.698.jpg
E/Cataloger( 5092): syncFile:/storage/emulated/0/2016-12-06_03:15:02.828.jpg
W/ResourceType(  854): No known package when getting name for resource number 0xffffffff
I/org.umd.logging(  854): Method > 1183 com.unity3d.player.UnityPlayer.executeGLThreadJobs(com.unity3d.player.UnityPlayer@814445863<file=2016-12-06_03:15:02.693><x=0><y=0><width=768><height=1280><id=-1>)
I/org.umd.logging(  854): Method < 1183 com.unity3d.player.UnityPlayer.executeGLThreadJobs()
E/Cataloger( 5092): syncFile:/storage/emulated/0/2016-12-06_03:15:02.693.jpg
E/Cataloger( 5092): syncFile:/storage/emulated/0/2016-12-06_03:15:02.876.jpg
W/ResourceType(  854): No known package when getting name for resource number 0xffffffff
I/org.umd.logging(  854): Method > 1 com.unity3d.player.UnityPlayer.onTouchEvent(com.unity3d.player.UnityPlayer@814445863<file=2016-12-06_03:15:02.828><x=0><y=0><width=768><height=1280><id=-1>, android.view.MotionEvent@762224261)
I/org.umd.logging(  854): Method < 1 com.unity3d.player.UnityPlayer.onTouchEvent(true)
E/Cataloger( 5092): syncFile:/storage/emulated/0/2016-12-06_03:15:02.828.jpg
E/Cataloger( 5092): syncFile:/storage/emulated/0/2016-12-06_03:15:02.993.jpg
W/ResourceType(  854): No known package when getting name for resource number 0xffffffff
I/org.umd.logging(  854): Method > 1183 com.unity3d.player.UnityPlayer.executeGLThreadJobs(com.unity3d.player.UnityPlayer@814445863<file=2016-12-06_03:15:02.876><x=0><y=0><width=768><height=1280><id=-1>)
I/org.umd.logging(  854): Method < 1183 com.unity3d.player.UnityPlayer.executeGLThreadJobs()
E/Cataloger( 5092): syncFile:/storage/emulated/0/2016-12-06_03:15:02.876.jpg
E/Cataloger( 5092): syncFile:/storage/emulated/0/2016-12-06_03:15:03.046.jpg
W/ResourceType(  854): No known package when getting name for resource number 0xffffffff
I/org.umd.logging(  854): Method > 1 com.unity3d.player.UnityPlayer.onTouchEvent(com.unity3d.player.UnityPlayer@814445863<file=2016-12-06_03:15:02.993><x=0><y=0><width=768><height=1280><id=-1>, android.view.MotionEvent@762224261)
I/org.umd.logging(  854): Method < 1 com.unity3d.player.UnityPlayer.onTouchEvent(true)
E/Cataloger( 5092): syncFile:/storage/emulated/0/2016-12-06_03:15:02.993.jpg
I/org.umd.logging(  854): Method > 1 com.cmplay.internalpush.ui.OpenScreenActivity.onDestroy(com.cmplay.internalpush.ui.OpenScreenActivity@544074221<activity=true>)
W/ResourceType(  854): No known package when getting name for resource number 0xffffffff
I/org.umd.logging(  854): Method > 1183 com.unity3d.player.UnityPlayer.executeGLThreadJobs(com.unity3d.player.UnityPlayer@814445863<file=2016-12-06_03:15:03.046><x=0><y=0><width=768><height=1280><id=-1>)
I/org.umd.logging(  854): Method < 1183 com.unity3d.player.UnityPlayer.executeGLThreadJobs()
E/Cataloger( 5092): syncFile:/storage/emulated/0/2016-12-06_03:15:03.046.jpg
I/art     (  854): Explicit concurrent mark sweep GC freed 1148(78KB) AllocSpace objects, 5(17MB) LOS objects, 29% free, 38MB/54MB, paused 2.868ms total 84.083ms
I/org.umd.logging(  854): Method < 1 com.cmplay.internalpush.ui.OpenScreenActivity.onDestroy()
E/Cataloger( 5092): syncFile:/storage/emulated/0/2016-12-06_03:15:03.217.jpg
W/ResourceType(  854): No known package when getting name for resource number 0xffffffff
I/org.umd.logging(  854): Method > 1183 com.unity3d.player.UnityPlayer.executeGLThreadJobs(com.unity3d.player.UnityPlayer@814445863<file=2016-12-06_03:15:03.217><x=0><y=0><width=768><height=1280><id=-1>)
I/org.umd.logging(  854): Method < 1183 com.unity3d.player.UnityPlayer.executeGLThreadJobs()
E/Cataloger( 5092): syncFile:/storage/emulated/0/2016-12-06_03:15:03.217.jpg
E/Cataloger( 5092): syncFile:/storage/emulated/0/2016-12-06_03:15:03.349.jpg
I/org.umd.logging(  854): Method > 1279 com.xsj.crasheye.NativeExceptionHandler$2.run(com.xsj.crasheye.NativeExceptionHandler$2@1071715560)
W/ResourceType(  854): No known package when getting name for resource number 0xffffffff
I/org.umd.logging(  854): Method > 1183 com.unity3d.player.UnityPlayer.executeGLThreadJobs(com.unity3d.player.UnityPlayer@814445863<file=2016-12-06_03:15:03.349><x=0><y=0><width=768><height=1280><id=-1>)
I/org.umd.logging(  854): Method < 1183 com.unity3d.player.UnityPlayer.executeGLThreadJobs()
E/Cataloger( 5092): syncFile:/storage/emulated/0/2016-12-06_03:15:03.349.jpg
E/Cataloger( 5092): syncFile:/storage/emulated/0/2016-12-06_03:15:03.514.jpg
W/ResourceType(  854): No known package when getting name for resource number 0xffffffff
I/org.umd.logging(  854): Method > 1183 com.unity3d.player.UnityPlayer.executeGLThreadJobs(com.unity3d.player.UnityPlayer@814445863<file=2016-12-06_03:15:03.514><x=0><y=0><width=768><height=1280><id=-1>)
I/org.umd.logging(  854): Method < 1183 com.unity3d.player.UnityPlayer.executeGLThreadJobs()
E/Cataloger( 5092): syncFile:/storage/emulated/0/2016-12-06_03:15:03.514.jpg
E/Cataloger( 5092): syncFile:/storage/emulated/0/2016-12-06_03:15:03.683.jpg
W/ResourceType(  854): No known package when getting name for resource number 0xffffffff
I/org.umd.logging(  854): Method > 1183 com.unity3d.player.UnityPlayer.executeGLThreadJobs(com.unity3d.player.UnityPlayer@814445863<file=2016-12-06_03:15:03.683><x=0><y=0><width=768><height=1280><id=-1>)
I/org.umd.logging(  854): Method < 1183 com.unity3d.player.UnityPlayer.executeGLThreadJobs()
E/Cataloger( 5092): syncFile:/storage/emulated/0/2016-12-06_03:15:03.683.jpg
E/Cataloger( 5092): syncFile:/storage/emulated/0/2016-12-06_03:15:03.824.jpg
W/ResourceType(  854): No known package when getting name for resource number 0xffffffff
I/org.umd.logging(  854): Method > 1183 com.unity3d.player.UnityPlayer.executeGLThreadJobs(com.unity3d.player.UnityPlayer@814445863<file=2016-12-06_03:15:03.824><x=0><y=0><width=768><height=1280><id=-1>)
I/org.umd.logging(  854): Method < 1183 com.unity3d.player.UnityPlayer.executeGLThreadJobs()
E/Cataloger( 5092): syncFile:/storage/emulated/0/2016-12-06_03:15:03.824.jpg
E/Cataloger( 5092): syncFile:/storage/emulated/0/2016-12-06_03:15:03.973.jpg
E/Cataloger( 5092): syncFile:/storage/emulated/0/2016-12-06_03:15:03.973.jpg
W/ResourceType(  854): No known package when getting name for resource number 0xffffffff
I/org.umd.logging(  854): Method > 1183 com.unity3d.player.UnityPlayer.executeGLThreadJobs(com.unity3d.player.UnityPlayer@814445863<file=2016-12-06_03:15:03.973><x=0><y=0><width=768><height=1280><id=-1>)
I/org.umd.logging(  854): Method < 1183 com.unity3d.player.UnityPlayer.executeGLThreadJobs()
E/Cataloger( 5092): syncFile:/storage/emulated/0/2016-12-06_03:15:04.110.jpg
W/ResourceType(  854): No known package when getting name for resource number 0xffffffff
I/org.umd.logging(  854): Method > 1183 com.unity3d.player.UnityPlayer.executeGLThreadJobs(com.unity3d.player.UnityPlayer@814445863<file=2016-12-06_03:15:04.110><x=0><y=0><width=768><height=1280><id=-1>)
I/org.umd.logging(  854): Method < 1183 com.unity3d.player.UnityPlayer.executeGLThreadJobs()
E/Cataloger( 5092): syncFile:/storage/emulated/0/2016-12-06_03:15:04.110.jpg
E/Cataloger( 5092): syncFile:/storage/emulated/0/2016-12-06_03:15:04.269.jpg
W/ResourceType(  854): No known package when getting name for resource number 0xffffffff
I/org.umd.logging(  854): Method > 1183 com.unity3d.player.UnityPlayer.executeGLThreadJobs(com.unity3d.player.UnityPlayer@814445863<file=2016-12-06_03:15:04.269><x=0><y=0><width=768><height=1280><id=-1>)
I/org.umd.logging(  854): Method < 1183 com.unity3d.player.UnityPlayer.executeGLThreadJobs()
I/org.umd.logging(  854): Method > 1279 com.xsj.crasheye.NativeExceptionHandler$2.run(com.xsj.crasheye.NativeExceptionHandler$2@1071715560)
E/Cataloger( 5092): syncFile:/storage/emulated/0/2016-12-06_03:15:04.269.jpg
E/Cataloger( 5092): syncFile:/storage/emulated/0/2016-12-06_03:15:04.443.jpg
W/ResourceType(  854): No known package when getting name for resource number 0xffffffff
E/Cataloger( 5092): syncFile:/storage/emulated/0/2016-12-06_03:15:04.443.jpg
I/org.umd.logging(  854): Method > 1183 com.unity3d.player.UnityPlayer.executeGLThreadJobs(com.unity3d.player.UnityPlayer@814445863<file=2016-12-06_03:15:04.443><x=0><y=0><width=768><height=1280><id=-1>)
I/org.umd.logging(  854): Method < 1183 com.unity3d.player.UnityPlayer.executeGLThreadJobs()
I/org.umd.logging(  854): Api > 1183 android.net.ConnectivityManager.getActiveNetworkInfo(android.net.ConnectivityManager@406545147)
I/org.umd.logging(  854): Api < 1183 android.net.ConnectivityManager.getActiveNetworkInfo(android.net.NetworkInfo@465640715)
E/Cataloger( 5092): syncFile:/storage/emulated/0/2016-12-06_03:15:04.598.jpg
W/ResourceType(  854): No known package when getting name for resource number 0xffffffff
I/org.umd.logging(  854): Method > 1183 com.unity3d.player.UnityPlayer.executeGLThreadJobs(com.unity3d.player.UnityPlayer@814445863<file=2016-12-06_03:15:04.598><x=0><y=0><width=768><height=1280><id=-1>)
I/org.umd.logging(  854): Method < 1183 com.unity3d.player.UnityPlayer.executeGLThreadJobs()
E/Cataloger( 5092): syncFile:/storage/emulated/0/2016-12-06_03:15:04.598.jpg
E/Cataloger( 5092): syncFile:/storage/emulated/0/2016-12-06_03:15:04.946.jpg
W/ResourceType(  854): No known package when getting name for resource number 0xffffffff
I/org.umd.logging(  854): Method > 1183 com.unity3d.player.UnityPlayer.executeGLThreadJobs(com.unity3d.player.UnityPlayer@814445863<file=2016-12-06_03:15:04.946><x=0><y=0><width=768><height=1280><id=-1>)
I/org.umd.logging(  854): Method < 1183 com.unity3d.player.UnityPlayer.executeGLThreadJobs()
E/Cataloger( 5092): syncFile:/storage/emulated/0/2016-12-06_03:15:04.946.jpg
I/org.umd.logging(  854): Method > 1288 com.umeng.analytics.g.run(u.aly.m$1@697624552)
I/org.umd.logging(  854): Api > 1288 android.net.ConnectivityManager.getActiveNetworkInfo(android.net.ConnectivityManager@406545147)
I/org.umd.logging(  854): Api < 1288 android.net.ConnectivityManager.getActiveNetworkInfo(android.net.NetworkInfo@411016705)
I/org.umd.logging(  854): Method < 1288 com.umeng.analytics.g.run()
W/Adreno-ES20(  854): <process_gl_state_enables:519>: GL_INVALID_ENUM
W/Adreno-ES20(  854): <process_gl_state_enables:519>: GL_INVALID_ENUM
W/Adreno-ES20(  854): <process_gl_state_enables:519>: GL_INVALID_ENUM
W/Adreno-ES20(  854): <process_gl_state_enables:519>: GL_INVALID_ENUM
W/Adreno-ES20(  854): <process_gl_state_enables:519>: GL_INVALID_ENUM
W/Adreno-ES20(  854): <process_gl_state_enables:519>: GL_INVALID_ENUM
W/Adreno-ES20(  854): <process_gl_state_enables:519>: GL_INVALID_ENUM
W/Adreno-ES20(  854): <process_gl_state_enables:519>: GL_INVALID_ENUM
W/Adreno-ES20(  854): <process_gl_state_enables:519>: GL_INVALID_ENUM
W/Adreno-ES20(  854): <process_gl_state_enables:519>: GL_INVALID_ENUM
W/Adreno-ES20(  854): <process_gl_state_enables:519>: GL_INVALID_ENUM
I/org.umd.logging(  854): Method > 1279 com.xsj.crasheye.NativeExceptionHandler$2.run(com.xsj.crasheye.NativeExceptionHandler$2@1071715560)
W/Adreno-ES20(  854): <process_gl_state_enables:519>: GL_INVALID_ENUM
W/Adreno-ES20(  854): <process_gl_state_enables:519>: GL_INVALID_ENUM
W/Adreno-ES20(  854): <process_gl_state_enables:519>: GL_INVALID_ENUM
W/Adreno-ES20(  854): <process_gl_state_enables:519>: GL_INVALID_ENUM
W/Adreno-ES20(  854): <process_gl_state_enables:519>: GL_INVALID_ENUM
I/org.umd.logging(  854): Method > 1279 com.xsj.crasheye.NativeExceptionHandler$2.run(com.xsj.crasheye.NativeExceptionHandler$2@1071715560)
E/Cataloger( 5092): syncFile:/storage/emulated/0/2016-12-06_03:15:06.646.jpg
W/ResourceType(  854): No known package when getting name for resource number 0xffffffff
I/org.umd.logging(  854): Method > 1183 com.unity3d.player.UnityPlayer.executeGLThreadJobs(com.unity3d.player.UnityPlayer@814445863<file=2016-12-06_03:15:06.646><x=0><y=0><width=768><height=1280><id=-1>)
I/org.umd.logging(  854): Method < 1183 com.unity3d.player.UnityPlayer.executeGLThreadJobs()
E/Cataloger( 5092): syncFile:/storage/emulated/0/2016-12-06_03:15:06.646.jpg
E/Cataloger( 5092): syncFile:/storage/emulated/0/2016-12-06_03:15:06.965.jpg
I/art     (  854): Background partial concurrent mark sweep GC freed 462(37KB) AllocSpace objects, 6(22MB) LOS objects, 29% free, 38MB/54MB, paused 1.709ms total 101.785ms
W/ResourceType(  854): No known package when getting name for resource number 0xffffffff
I/org.umd.logging(  854): Method > 1183 com.unity3d.player.UnityPlayer.executeGLThreadJobs(com.unity3d.player.UnityPlayer@814445863<file=2016-12-06_03:15:06.965><x=0><y=0><width=768><height=1280><id=-1>)
I/org.umd.logging(  854): Method < 1183 com.unity3d.player.UnityPlayer.executeGLThreadJobs()
E/Cataloger( 5092): syncFile:/storage/emulated/0/2016-12-06_03:15:06.965.jpg
E/Cataloger( 5092): syncFile:/storage/emulated/0/2016-12-06_03:15:07.163.jpg
W/ResourceType(  854): No known package when getting name for resource number 0xffffffff
I/org.umd.logging(  854): Method > 1183 com.unity3d.player.UnityPlayer.executeGLThreadJobs(com.unity3d.player.UnityPlayer@814445863<file=2016-12-06_03:15:07.163><x=0><y=0><width=768><height=1280><id=-1>)
I/org.umd.logging(  854): Method < 1183 com.unity3d.player.UnityPlayer.executeGLThreadJobs()
E/Cataloger( 5092): syncFile:/storage/emulated/0/2016-12-06_03:15:07.163.jpg
W/ResourceType(  854): No known package when getting name for resource number 0xffffffff
I/org.umd.logging(  854): Method > 1 com.unity3d.player.UnityPlayer.onTouchEvent(com.unity3d.player.UnityPlayer@814445863<file=><x=0><y=0><width=768><height=1280><id=-1>, android.view.MotionEvent@989791765)
I/org.umd.logging(  854): Method < 1 com.unity3d.player.UnityPlayer.onTouchEvent(true)
E/Cataloger( 5092): syncFile:/storage/emulated/0/2016-12-06_03:15:07.356.jpg
E/Cataloger( 5092): syncFile:/storage/emulated/0/2016-12-06_03:15:07.405.jpg
W/ResourceType(  854): No known package when getting name for resource number 0xffffffff
I/org.umd.logging(  854): Method > 1183 com.unity3d.player.UnityPlayer.executeGLThreadJobs(com.unity3d.player.UnityPlayer@814445863<file=2016-12-06_03:15:07.356><x=0><y=0><width=768><height=1280><id=-1>)
I/org.umd.logging(  854): Method < 1183 com.unity3d.player.UnityPlayer.executeGLThreadJobs()
E/Cataloger( 5092): syncFile:/storage/emulated/0/2016-12-06_03:15:07.356.jpg
I/org.umd.logging(  854): Method > 1242 com.turbochilli.rollingsky.util.g.run(com.turbochilli.rollingsky.util.g@104907942)
I/org.umd.logging(  854): Method > 1287 com.umeng.analytics.g.run(com.umeng.analytics.game.c$1@398760596)
I/org.umd.logging(  854): Api > 1242 android.net.ConnectivityManager.getActiveNetworkInfo(android.net.ConnectivityManager@406545147)
I/org.umd.logging(  854): Api < 1242 android.net.ConnectivityManager.getActiveNetworkInfo(android.net.NetworkInfo@304383282)
I/org.umd.logging(  854): Api > 1242 android.net.ConnectivityManager.getActiveNetworkInfo(android.net.ConnectivityManager@406545147)
I/org.umd.logging(  854): Api < 1242 android.net.ConnectivityManager.getActiveNetworkInfo(android.net.NetworkInfo@281944707)
I/org.umd.logging(  854): Method < 1242 com.turbochilli.rollingsky.util.g.run()
I/org.umd.logging(  854): Method < 1287 com.umeng.analytics.g.run()
I/org.umd.logging(  854): Method > 1288 com.umeng.analytics.g.run(u.aly.m$1@714787840)
I/org.umd.logging(  854): Api > 1288 android.net.ConnectivityManager.getActiveNetworkInfo(android.net.ConnectivityManager@406545147)
I/org.umd.logging(  854): Api > 1244 android.content.Context.startService(com.turbochilli.rollingsky.GameApp@724061, android.content.Intent@370215993<action=start_service><data=null><package=null><component=com.turbochilli.rollingsky/com.cmplay.kinfoc.report.service.KinfocReportSerivce><type=null><filter_hashcode=877350283><table=None><umd_Intent_key=None><extra_type=None>)
I/org.umd.logging(  854): Api < 1288 android.net.ConnectivityManager.getActiveNetworkInfo(android.net.NetworkInfo@68272766)
I/org.umd.logging(  854): Method < 1288 com.umeng.analytics.g.run()
I/org.umd.logging(  708): Method > 1 com.cmplay.kinfoc.report.service.KinfocReportSerivce.onStartCommand(com.cmplay.kinfoc.report.service.KinfocReportSerivce@346551588, android.content.Intent@808605664<action=start_service><data=null><package=null><component=com.turbochilli.rollingsky/com.cmplay.kinfoc.report.service.KinfocReportSerivce><type=null><filter_hashcode=877350283><table=None><umd_Intent_key=None><extra_type=None>, 0, 43)
I/org.umd.logging(  708): Method < 1 com.cmplay.kinfoc.report.service.KinfocReportSerivce.onStartCommand(1)
I/org.umd.logging(  854): Api < 1244 android.content.Context.startService()
I/AppsFlyer_3.0(  854): AsendTrackingWithEvent from activity: com.turbochilli.rollingsky.GameApp
I/AppsFlyer_3.0-055307524(  854): ******* sendTrackingWithEvent: af_game_playing
E/ActivityThread(  854): Failed to find provider info for com.facebook.katana.provider.AttributionIdProvider
I/AppsFlyer_3.0(  854): WARNING:READ_PHONE_STATE is missing
W/ResourceType(  854): No known package when getting name for resource number 0xffffffff
I/org.umd.logging(  854): Method > 1 com.unity3d.player.UnityPlayer.onTouchEvent(com.unity3d.player.UnityPlayer@814445863<file=2016-12-06_03:15:07.405><x=0><y=0><width=768><height=1280><id=-1>, android.view.MotionEvent@989791765)
I/org.umd.logging(  854): Method < 1 com.unity3d.player.UnityPlayer.onTouchEvent(true)
E/Cataloger( 5092): syncFile:/storage/emulated/0/2016-12-06_03:15:07.405.jpg
I/org.umd.logging(  854): Method > 1279 com.xsj.crasheye.NativeExceptionHandler$2.run(com.xsj.crasheye.NativeExceptionHandler$2@1071715560)
I/AppsFlyer_3.0(  854): AppsFlyer: first launch date: 2016-12-06_0313-0500
I/System.out(  854): AppsFlyerLib.sendTrackingWithEvent
I/AppsFlyer_3.0-055307524(  854): url: https://events.appsflyer.com/api/v3/androidevent?buildnumber=3.0&app_id=com.turbochilli.rollingsky
I/AppsFlyer_(  854): data: device=mako&firstLaunchDate=2016-12-06_0313-0500&installDate=2016-12-06_0312-0500&sdk=22&carrier=&date1=2016-12-06_0312-0500&af_preinstalled=false&advertiserIdEnabled=true&iaecounter=2&lang_code=en&appsflyerKey=JS****************D2nb&app_version_name=1.3.6.1&lang=English&timepassedsincelastlaunch=25&currency=CNY&eventName=af_game_playing&dkh=JS4D7K6o&android_id=d7a6658b0c374c37&advertiserId=229d4aea-d76e-47c3-ad88-1eafdf3529f0&deviceType=user&af_v=b6d91e33b313e856e62485746e8df3217c179e55&app_version_code=10100045&eventValue=%7B%22af_event_type%22%3A%22StartGame%22%7D&af_events_api=1&platformextension=android_unity&network=WIFI&operator=&country=US&date2=2016-12-06_0312-0500&brand=google&af_timestamp=1481055307524&uid=1481055149034-6148206745541362123&isFirstCall=false&counter=2&model=Nexus+4&product=occam
E/Cataloger( 5092): syncFile:/storage/emulated/0/2016-12-06_03:15:07.601.jpg
E/Cataloger( 5092): syncFile:/storage/emulated/0/2016-12-06_03:15:07.705.jpg
W/ResourceType(  854): No known package when getting name for resource number 0xffffffff
I/org.umd.logging(  854): Method > 1183 com.unity3d.player.UnityPlayer.executeGLThreadJobs(com.unity3d.player.UnityPlayer@814445863<file=2016-12-06_03:15:07.601><x=0><y=0><width=768><height=1280><id=-1>)
I/org.umd.logging(  854): Method < 1183 com.unity3d.player.UnityPlayer.executeGLThreadJobs()
E/Cataloger( 5092): syncFile:/storage/emulated/0/2016-12-06_03:15:07.601.jpg
E/Cataloger( 5092): syncFile:/storage/emulated/0/2016-12-06_03:15:07.781.jpg
W/ResourceType(  854): No known package when getting name for resource number 0xffffffff
I/org.umd.logging(  854): Method > 1 com.unity3d.player.UnityPlayer.onTouchEvent(com.unity3d.player.UnityPlayer@814445863<file=2016-12-06_03:15:07.705><x=0><y=0><width=768><height=1280><id=-1>, android.view.MotionEvent@989791765)
I/org.umd.logging(  854): Method < 1 com.unity3d.player.UnityPlayer.onTouchEvent(true)
E/Cataloger( 5092): syncFile:/storage/emulated/0/2016-12-06_03:15:07.705.jpg
E/Cataloger( 5092): syncFile:/storage/emulated/0/2016-12-06_03:15:07.838.jpg
W/ResourceType(  854): No known package when getting name for resource number 0xffffffff
I/org.umd.logging(  854): Method > 1183 com.unity3d.player.UnityPlayer.executeGLThreadJobs(com.unity3d.player.UnityPlayer@814445863<file=2016-12-06_03:15:07.781><x=0><y=0><width=768><height=1280><id=-1>)
I/org.umd.logging(  854): Method < 1183 com.unity3d.player.UnityPlayer.executeGLThreadJobs()
E/Cataloger( 5092): syncFile:/storage/emulated/0/2016-12-06_03:15:07.781.jpg
E/Cataloger( 5092): syncFile:/storage/emulated/0/2016-12-06_03:15:07.927.jpg
W/ResourceType(  854): No known package when getting name for resource number 0xffffffff
I/org.umd.logging(  854): Method > 1 com.unity3d.player.UnityPlayer.onTouchEvent(com.unity3d.player.UnityPlayer@814445863<file=2016-12-06_03:15:07.838><x=0><y=0><width=768><height=1280><id=-1>, android.view.MotionEvent@989791765)
I/org.umd.logging(  854): Method < 1 com.unity3d.player.UnityPlayer.onTouchEvent(true)
E/Cataloger( 5092): syncFile:/storage/emulated/0/2016-12-06_03:15:07.838.jpg
E/Cataloger( 5092): syncFile:/storage/emulated/0/2016-12-06_03:15:07.971.jpg
W/ResourceType(  854): No known package when getting name for resource number 0xffffffff
I/org.umd.logging(  854): Method > 1183 com.unity3d.player.UnityPlayer.executeGLThreadJobs(com.unity3d.player.UnityPlayer@814445863<file=2016-12-06_03:15:07.927><x=0><y=0><width=768><height=1280><id=-1>)
I/org.umd.logging(  854): Method < 1183 com.unity3d.player.UnityPlayer.executeGLThreadJobs()
E/Cataloger( 5092): syncFile:/storage/emulated/0/2016-12-06_03:15:07.927.jpg
W/ResourceType(  854): No known package when getting name for resource number 0xffffffff
I/org.umd.logging(  854): Method > 1 com.unity3d.player.UnityPlayer.onTouchEvent(com.unity3d.player.UnityPlayer@814445863<file=2016-12-06_03:15:07.971><x=0><y=0><width=768><height=1280><id=-1>, android.view.MotionEvent@989791765)
I/org.umd.logging(  854): Method < 1 com.unity3d.player.UnityPlayer.onTouchEvent(true)
E/Cataloger( 5092): syncFile:/storage/emulated/0/2016-12-06_03:15:07.971.jpg
E/Cataloger( 5092): syncFile:/storage/emulated/0/2016-12-06_03:15:08.070.jpg
E/Cataloger( 5092): syncFile:/storage/emulated/0/2016-12-06_03:15:08.107.jpg
W/ResourceType(  854): No known package when getting name for resource number 0xffffffff
I/org.umd.logging(  854): Method > 1183 com.unity3d.player.UnityPlayer.executeGLThreadJobs(com.unity3d.player.UnityPlayer@814445863<file=2016-12-06_03:15:08.070><x=0><y=0><width=768><height=1280><id=-1>)
I/org.umd.logging(  854): Method < 1183 com.unity3d.player.UnityPlayer.executeGLThreadJobs()
E/Cataloger( 5092): syncFile:/storage/emulated/0/2016-12-06_03:15:08.070.jpg
W/ResourceType(  854): No known package when getting name for resource number 0xffffffff
I/org.umd.logging(  854): Method > 1 com.unity3d.player.UnityPlayer.onTouchEvent(com.unity3d.player.UnityPlayer@814445863<file=2016-12-06_03:15:08.107><x=0><y=0><width=768><height=1280><id=-1>, android.view.MotionEvent@989791765)
E/Cataloger( 5092): syncFile:/storage/emulated/0/2016-12-06_03:15:08.107.jpg
I/org.umd.logging(  854): Method < 1 com.unity3d.player.UnityPlayer.onTouchEvent(true)
W/ResourceType(  854): No known package when getting name for resource number 0xffffffff
I/org.umd.logging(  854): Method > 1 com.unity3d.player.UnityPlayer.onTouchEvent(com.unity3d.player.UnityPlayer@814445863<file=><x=0><y=0><width=768><height=1280><id=-1>, android.view.MotionEvent@989791765)
I/org.umd.logging(  854): Method < 1 com.unity3d.player.UnityPlayer.onTouchEvent(true)
E/Cataloger( 5092): syncFile:/storage/emulated/0/2016-12-06_03:15:08.211.jpg
E/Cataloger( 5092): syncFile:/storage/emulated/0/2016-12-06_03:15:08.272.jpg
W/ResourceType(  854): No known package when getting name for resource number 0xffffffff
I/org.umd.logging(  854): Method > 1183 com.unity3d.player.UnityPlayer.executeGLThreadJobs(com.unity3d.player.UnityPlayer@814445863<file=2016-12-06_03:15:08.211><x=0><y=0><width=768><height=1280><id=-1>)
I/org.umd.logging(  854): Method < 1183 com.unity3d.player.UnityPlayer.executeGLThreadJobs()
E/Cataloger( 5092): syncFile:/storage/emulated/0/2016-12-06_03:15:08.211.jpg
W/ResourceType(  854): No known package when getting name for resource number 0xffffffff
I/org.umd.logging(  854): Method > 1 com.unity3d.player.UnityPlayer.onTouchEvent(com.unity3d.player.UnityPlayer@814445863<file=2016-12-06_03:15:08.272><x=0><y=0><width=768><height=1280><id=-1>, android.view.MotionEvent@989791765)
I/org.umd.logging(  854): Method < 1 com.unity3d.player.UnityPlayer.onTouchEvent(true)
E/Cataloger( 5092): syncFile:/storage/emulated/0/2016-12-06_03:15:08.272.jpg
E/Cataloger( 5092): syncFile:/storage/emulated/0/2016-12-06_03:15:08.363.jpg
E/Cataloger( 5092): syncFile:/storage/emulated/0/2016-12-06_03:15:08.405.jpg
W/ResourceType(  854): No known package when getting name for resource number 0xffffffff
I/org.umd.logging(  854): Method > 1183 com.unity3d.player.UnityPlayer.executeGLThreadJobs(com.unity3d.player.UnityPlayer@814445863<file=2016-12-06_03:15:08.363><x=0><y=0><width=768><height=1280><id=-1>)
I/org.umd.logging(  854): Method < 1183 com.unity3d.player.UnityPlayer.executeGLThreadJobs()
E/Cataloger( 5092): syncFile:/storage/emulated/0/2016-12-06_03:15:08.363.jpg
W/ResourceType(  854): No known package when getting name for resource number 0xffffffff
I/org.umd.logging(  854): Method > 1 com.unity3d.player.UnityPlayer.onTouchEvent(com.unity3d.player.UnityPlayer@814445863<file=2016-12-06_03:15:08.405><x=0><y=0><width=768><height=1280><id=-1>, android.view.MotionEvent@989791765)
I/org.umd.logging(  854): Method < 1 com.unity3d.player.UnityPlayer.onTouchEvent(true)
E/Cataloger( 5092): syncFile:/storage/emulated/0/2016-12-06_03:15:08.405.jpg
E/Cataloger( 5092): syncFile:/storage/emulated/0/2016-12-06_03:15:08.518.jpg
E/Cataloger( 5092): syncFile:/storage/emulated/0/2016-12-06_03:15:08.555.jpg
I/org.umd.logging(  854): Method > 1279 com.xsj.crasheye.NativeExceptionHandler$2.run(com.xsj.crasheye.NativeExceptionHandler$2@1071715560)
W/ResourceType(  854): No known package when getting name for resource number 0xffffffff
I/org.umd.logging(  854): Method > 1183 com.unity3d.player.UnityPlayer.executeGLThreadJobs(com.unity3d.player.UnityPlayer@814445863<file=2016-12-06_03:15:08.518><x=0><y=0><width=768><height=1280><id=-1>)
I/org.umd.logging(  854): Method < 1183 com.unity3d.player.UnityPlayer.executeGLThreadJobs()
E/Cataloger( 5092): syncFile:/storage/emulated/0/2016-12-06_03:15:08.518.jpg
W/ResourceType(  854): No known package when getting name for resource number 0xffffffff
I/org.umd.logging(  854): Method > 1 com.unity3d.player.UnityPlayer.onTouchEvent(com.unity3d.player.UnityPlayer@814445863<file=2016-12-06_03:15:08.555><x=0><y=0><width=768><height=1280><id=-1>, android.view.MotionEvent@989791765)
I/org.umd.logging(  854): Method < 1 com.unity3d.player.UnityPlayer.onTouchEvent(true)
E/Cataloger( 5092): syncFile:/storage/emulated/0/2016-12-06_03:15:08.555.jpg
E/Cataloger( 5092): syncFile:/storage/emulated/0/2016-12-06_03:15:08.682.jpg
I/AppsFlyer_3.0-055307524(  854): response code: 200
E/Cataloger( 5092): syncFile:/storage/emulated/0/2016-12-06_03:15:08.772.jpg
W/ResourceType(  854): No known package when getting name for resource number 0xffffffff
I/org.umd.logging(  854): Method > 1183 com.unity3d.player.UnityPlayer.executeGLThreadJobs(com.unity3d.player.UnityPlayer@814445863<file=2016-12-06_03:15:08.682><x=0><y=0><width=768><height=1280><id=-1>)
I/org.umd.logging(  854): Method < 1183 com.unity3d.player.UnityPlayer.executeGLThreadJobs()
E/Cataloger( 5092): syncFile:/storage/emulated/0/2016-12-06_03:15:08.682.jpg
E/Cataloger( 5092): syncFile:/storage/emulated/0/2016-12-06_03:15:08.830.jpg
W/ResourceType(  854): No known package when getting name for resource number 0xffffffff
I/org.umd.logging(  854): Method > 1 com.unity3d.player.UnityPlayer.onTouchEvent(com.unity3d.player.UnityPlayer@814445863<file=2016-12-06_03:15:08.772><x=0><y=0><width=768><height=1280><id=-1>, android.view.MotionEvent@989791765)
I/org.umd.logging(  854): Method < 1 com.unity3d.player.UnityPlayer.onTouchEvent(true)
E/Cataloger( 5092): syncFile:/storage/emulated/0/2016-12-06_03:15:08.772.jpg
E/Cataloger( 5092): syncFile:/storage/emulated/0/2016-12-06_03:15:08.906.jpg
W/ResourceType(  854): No known package when getting name for resource number 0xffffffff
I/org.umd.logging(  854): Method > 1183 com.unity3d.player.UnityPlayer.executeGLThreadJobs(com.unity3d.player.UnityPlayer@814445863<file=2016-12-06_03:15:08.830><x=0><y=0><width=768><height=1280><id=-1>)
I/org.umd.logging(  854): Method < 1183 com.unity3d.player.UnityPlayer.executeGLThreadJobs()
E/Cataloger( 5092): syncFile:/storage/emulated/0/2016-12-06_03:15:08.830.jpg
E/Cataloger( 5092): syncFile:/storage/emulated/0/2016-12-06_03:15:08.967.jpg
W/ResourceType(  854): No known package when getting name for resource number 0xffffffff
I/org.umd.logging(  854): Method > 1 com.unity3d.player.UnityPlayer.onTouchEvent(com.unity3d.player.UnityPlayer@814445863<file=2016-12-06_03:15:08.906><x=0><y=0><width=768><height=1280><id=-1>, android.view.MotionEvent@989791765)
E/Cataloger( 5092): syncFile:/storage/emulated/0/2016-12-06_03:15:08.906.jpg
I/org.umd.logging(  854): Method < 1 com.unity3d.player.UnityPlayer.onTouchEvent(true)
E/Cataloger( 5092): syncFile:/storage/emulated/0/2016-12-06_03:15:09.039.jpg
W/ResourceType(  854): No known package when getting name for resource number 0xffffffff
I/org.umd.logging(  854): Method > 1183 com.unity3d.player.UnityPlayer.executeGLThreadJobs(com.unity3d.player.UnityPlayer@814445863<file=2016-12-06_03:15:08.967><x=0><y=0><width=768><height=1280><id=-1>)
I/org.umd.logging(  854): Method < 1183 com.unity3d.player.UnityPlayer.executeGLThreadJobs()
E/Cataloger( 5092): syncFile:/storage/emulated/0/2016-12-06_03:15:08.967.jpg
E/Cataloger( 5092): syncFile:/storage/emulated/0/2016-12-06_03:15:09.101.jpg
W/ResourceType(  854): No known package when getting name for resource number 0xffffffff
I/org.umd.logging(  854): Method > 1 com.unity3d.player.UnityPlayer.onTouchEvent(com.unity3d.player.UnityPlayer@814445863<file=2016-12-06_03:15:09.039><x=0><y=0><width=768><height=1280><id=-1>, android.view.MotionEvent@989791765)
E/Cataloger( 5092): syncFile:/storage/emulated/0/2016-12-06_03:15:09.039.jpg
I/org.umd.logging(  854): Method < 1 com.unity3d.player.UnityPlayer.onTouchEvent(true)
E/Cataloger( 5092): syncFile:/storage/emulated/0/2016-12-06_03:15:09.173.jpg
W/ResourceType(  854): No known package when getting name for resource number 0xffffffff
I/org.umd.logging(  854): Method > 1183 com.unity3d.player.UnityPlayer.executeGLThreadJobs(com.unity3d.player.UnityPlayer@814445863<file=2016-12-06_03:15:09.101><x=0><y=0><width=768><height=1280><id=-1>)
I/org.umd.logging(  854): Method < 1183 com.unity3d.player.UnityPlayer.executeGLThreadJobs()
E/Cataloger( 5092): syncFile:/storage/emulated/0/2016-12-06_03:15:09.101.jpg
I/org.umd.logging(  854): Api > 1183 android.net.ConnectivityManager.getActiveNetworkInfo(android.net.ConnectivityManager@406545147)
I/org.umd.logging(  854): Api < 1183 android.net.ConnectivityManager.getActiveNetworkInfo(android.net.NetworkInfo@590023025)
E/Cataloger( 5092): syncFile:/storage/emulated/0/2016-12-06_03:15:09.246.jpg
D/ThermalDaemon(  194): Sensor 'tsens_tz_sensor8' - alarm raised 1 at 61.0 degC
D/ThermalDaemon(  194): Sensor 'tsens_tz_sensor9' - alarm raised 1 at 60.0 degC
W/ResourceType(  854): No known package when getting name for resource number 0xffffffff
I/org.umd.logging(  854): Method > 1 com.unity3d.player.UnityPlayer.onTouchEvent(com.unity3d.player.UnityPlayer@814445863<file=2016-12-06_03:15:09.173><x=0><y=0><width=768><height=1280><id=-1>, android.view.MotionEvent@989791765)
E/Cataloger( 5092): syncFile:/storage/emulated/0/2016-12-06_03:15:09.173.jpg
I/org.umd.logging(  854): Method < 1 com.unity3d.player.UnityPlayer.onTouchEvent(true)
W/ResourceType(  854): No known package when getting name for resource number 0xffffffff
I/org.umd.logging(  854): Method > 1183 com.unity3d.player.UnityPlayer.executeGLThreadJobs(com.unity3d.player.UnityPlayer@814445863<file=2016-12-06_03:15:09.246><x=0><y=0><width=768><height=1280><id=-1>)
I/org.umd.logging(  854): Method < 1183 com.unity3d.player.UnityPlayer.executeGLThreadJobs()
E/Cataloger( 5092): syncFile:/storage/emulated/0/2016-12-06_03:15:09.246.jpg
E/Cataloger( 5092): syncFile:/storage/emulated/0/2016-12-06_03:15:09.339.jpg
E/Cataloger( 5092): syncFile:/storage/emulated/0/2016-12-06_03:15:09.383.jpg
W/ResourceType(  854): No known package when getting name for resource number 0xffffffff
I/org.umd.logging(  854): Method > 1 com.unity3d.player.UnityPlayer.onTouchEvent(com.unity3d.player.UnityPlayer@814445863<file=2016-12-06_03:15:09.339><x=0><y=0><width=768><height=1280><id=-1>, android.view.MotionEvent@989791765)
E/Cataloger( 5092): syncFile:/storage/emulated/0/2016-12-06_03:15:09.339.jpg
I/org.umd.logging(  854): Method < 1 com.unity3d.player.UnityPlayer.onTouchEvent(true)
E/Cataloger( 5092): syncFile:/storage/emulated/0/2016-12-06_03:15:09.473.jpg
W/ResourceType(  854): No known package when getting name for resource number 0xffffffff
I/org.umd.logging(  854): Method > 1183 com.unity3d.player.UnityPlayer.executeGLThreadJobs(com.unity3d.player.UnityPlayer@814445863<file=2016-12-06_03:15:09.383><x=0><y=0><width=768><height=1280><id=-1>)
I/org.umd.logging(  854): Method < 1183 com.unity3d.player.UnityPlayer.executeGLThreadJobs()
E/Cataloger( 5092): syncFile:/storage/emulated/0/2016-12-06_03:15:09.383.jpg
E/Cataloger( 5092): syncFile:/storage/emulated/0/2016-12-06_03:15:09.542.jpg
W/ResourceType(  854): No known package when getting name for resource number 0xffffffff
I/org.umd.logging(  854): Method > 1 com.unity3d.player.UnityPlayer.onTouchEvent(com.unity3d.player.UnityPlayer@814445863<file=2016-12-06_03:15:09.473><x=0><y=0><width=768><height=1280><id=-1>, android.view.MotionEvent@989791765)
