I/org.umd.logging( 1930): Method < 1 com.unity3d.ads.android.UnityAdsUtils.runOnUiThread()
I/org.umd.logging( 1930): Method < 1 com.unity3d.ads.android.UnityAdsUtils.runOnUiThread()
I/org.umd.logging( 1930): Method < 1 com.unity3d.ads.android.webapp.UnityAdsWebData$UnityAdsUrlLoader.onPostExecute()
E/Cataloger( 5092): syncFile:/storage/emulated/0/2016-12-06_03:16:16.218.jpg
I/org.umd.logging( 1930): Method > 1 com.unity3d.ads.android.UnityAds$3.run(com.unity3d.ads.android.UnityAds$3@263609963)
I/org.umd.logging( 1930): Api > 1297 java.net.URL.openConnection(java.net.URL@182089287<URL=http://cdn-highwinds.unityads.unity3d.com/impact/videos/23013/36734c905a27e4fa/snow-org-peak-19s-1920x1080-all-vid-en/m31-1000.mp4>)
I/org.umd.logging( 1930): Api < 1297 java.net.URL.openConnection(com.android.okhttp.internal.http.HttpURLConnectionImpl@821571188)
I/org.umd.logging( 1930): Api > 1297 java.net.URLConnection.connect(com.android.okhttp.internal.http.HttpURLConnectionImpl@821571188)
I/org.umd.logging( 1930): Api < 1297 java.net.URLConnection.connect()
I/org.umd.logging( 1930): Api > 1297 java.net.URLConnection.getInputStream(com.android.okhttp.internal.http.HttpURLConnectionImpl@821571188)
E/Cataloger( 5092): syncFile:/storage/emulated/0/2016-12-06_03:16:16.379.jpg
I/org.umd.logging( 1930): Api < 1297 java.net.URLConnection.getInputStream(com.android.okio.RealBufferedSource$1@77195071)
W/ResourceType( 1930): No known package when getting name for resource number 0xffffffff
I/org.umd.logging( 1930): Api > 1 android.webkit.WebView.<init>(com.unity3d.ads.android.webapp.UnityAdsWebView@614710752<file=2016-12-06_03:16:16.379><x=0><y=0><width=0><height=0><id=-1>, com.turbochilli.rollingsky.GameApp@724061)
E/Cataloger( 5092): syncFile:/storage/emulated/0/2016-12-06_03:16:16.379.jpg
E/Cataloger( 5092): syncFile:/storage/emulated/0/2016-12-06_03:16:16.501.jpg
W/ResourceType( 1930): No known package when getting name for resource number 0xffffffff
I/org.umd.logging( 1930): Api < 1 android.webkit.WebView.<init>(com.unity3d.ads.android.webapp.UnityAdsWebView@614710752<file=2016-12-06_03:16:16.501><x=0><y=0><width=0><height=0><id=-1>)
I/cr_Ime  ( 1930): ImeThread is enabled.
E/Cataloger( 5092): syncFile:/storage/emulated/0/2016-12-06_03:16:16.501.jpg
I/org.umd.logging( 1930): Method < 1 com.unity3d.ads.android.UnityAds$3.run()
I/org.umd.logging( 1930): Method > 1 com.unity3d.player.UnityPlayer$2.run(com.unity3d.player.UnityPlayer$2@392817514)
I/org.umd.logging( 1930): Method < 1 com.unity3d.player.UnityPlayer$2.run()
E/chromium( 1930): [ERROR:interface_registry.cc(99)] Failed to locate a binder for interface: autofill::mojom::AutofillDriver
I/Ads     ( 1930): Ad finished loading.
W/cr_BindingManager( 1930): Cannot call determinedVisibility() - never saw a connection for the pid: 1930
E/Cataloger( 5092): syncFile:/storage/emulated/0/Android/data/com.turbochilli.rollingsky/cache/UnityAdsVideoCache/UnityAds-583df8cdefe827a6099a0140-m31-1000.mp4
E/WifiStateMachine(  591): WifiStateMachine CMD_START_SCAN source -2 txSuccessRate=193.13 rxSuccessRate=180.40 targetRoamBSSID=b4:e9:b0:e5:06:d0 RSSI=-46
E/chromium( 1930): [ERROR:interface_registry.cc(99)] Failed to locate a binder for interface: autofill::mojom::AutofillDriver
I/org.umd.logging( 1930): Method > 1 com.unity3d.ads.android.UnityAdsUtils.runOnUiThread(com.unity3d.ads.android.webapp.UnityAdsWebView$UnityAdsJavascriptRunner@814445009)
I/org.umd.logging( 1930): Method > 1 com.unity3d.ads.android.UnityAdsUtils.runOnUiThread(com.unity3d.ads.android.webapp.UnityAdsWebView$UnityAdsJavascriptRunner@814445009, 0, null)
I/org.umd.logging( 1930): Method < 1 com.unity3d.ads.android.UnityAdsUtils.runOnUiThread()
I/org.umd.logging( 1930): Method < 1 com.unity3d.ads.android.UnityAdsUtils.runOnUiThread()
I/org.umd.logging( 1930): Method > 1 com.unity3d.ads.android.webapp.UnityAdsWebView$UnityAdsJavascriptRunner.run(com.unity3d.ads.android.webapp.UnityAdsWebView$UnityAdsJavascriptRunner@814445009)
I/org.umd.logging( 1930): Method < 1 com.unity3d.ads.android.webapp.UnityAdsWebView$UnityAdsJavascriptRunner.run()
I/chromium( 1930): [INFO:CONSOLE(5186)] "Resize handler called", source: http://cdn-highwinds.unityads.unity3d.com/impact/webview/production/impact/index.html?version=355d07711ebe2b50428210d9faa943e8ed31b253 (5186)
I/org.umd.logging( 1930): Method > 1295 com.unity3d.ads.android.UnityAdsUtils.runOnUiThread(com.unity3d.ads.android.webapp.UnityAdsWebView$UnityAdsJavascriptRunner@11752502)
I/org.umd.logging( 1930): Method > 1295 com.unity3d.ads.android.UnityAdsUtils.runOnUiThread(com.unity3d.ads.android.webapp.UnityAdsWebView$UnityAdsJavascriptRunner@11752502, 0, null)
I/org.umd.logging( 1930): Method < 1295 com.unity3d.ads.android.UnityAdsUtils.runOnUiThread()
I/org.umd.logging( 1930): Method > 1 com.unity3d.ads.android.webapp.UnityAdsWebView$UnityAdsJavascriptRunner.run(com.unity3d.ads.android.webapp.UnityAdsWebView$UnityAdsJavascriptRunner@11752502)
I/org.umd.logging( 1930): Method < 1295 com.unity3d.ads.android.UnityAdsUtils.runOnUiThread()
I/org.umd.logging( 1930): Method < 1 com.unity3d.ads.android.webapp.UnityAdsWebView$UnityAdsJavascriptRunner.run()
I/org.umd.logging( 1930): Method > 1295 com.unity3d.ads.android.UnityAdsUtils.runOnUiThread(com.unity3d.ads.android.view.UnityAdsMainView$2$1@876485796)
I/org.umd.logging( 1930): Method > 1295 com.unity3d.ads.android.UnityAdsUtils.runOnUiThread(com.unity3d.ads.android.view.UnityAdsMainView$2$1@876485796, 0, null)
I/org.umd.logging( 1930): Method < 1295 com.unity3d.ads.android.UnityAdsUtils.runOnUiThread()
I/org.umd.logging( 1930): Method > 1 com.unity3d.ads.android.view.UnityAdsMainView$2$1.run(com.unity3d.ads.android.view.UnityAdsMainView$2$1@876485796)
I/org.umd.logging( 1930): Method < 1295 com.unity3d.ads.android.UnityAdsUtils.runOnUiThread()
I/org.umd.logging( 1930): Method < 1 com.unity3d.ads.android.view.UnityAdsMainView$2$1.run()
I/chromium( 1930): [INFO:CONSOLE(4674)] "true", source: http://cdn-highwinds.unityads.unity3d.com/impact/webview/production/impact/index.html?version=355d07711ebe2b50428210d9faa943e8ed31b253 (4674)
I/chromium( 1930): [INFO:CONSOLE(5169)] "Hiding all views", source: http://cdn-highwinds.unityads.unity3d.com/impact/webview/production/impact/index.html?version=355d07711ebe2b50428210d9faa943e8ed31b253 (5169)
I/chromium( 1930): [INFO:CONSOLE(5167)] "Showing: none", source: http://cdn-highwinds.unityads.unity3d.com/impact/webview/production/impact/index.html?version=355d07711ebe2b50428210d9faa943e8ed31b253 (5167)
I/org.umd.logging( 1930): Method > 1203 com.unity3d.player.UnityPlayer$c.run(com.unity3d.player.UnityPlayer$8@106462658)
I/org.umd.logging( 1930): Method < 1203 com.unity3d.player.UnityPlayer$c.run()
I/org.umd.logging( 1930): Method > 1 com.unity3d.player.UnityPlayer$7.run(com.unity3d.player.UnityPlayer$7@43147024)
I/org.umd.logging( 1930): Method < 1 com.unity3d.player.UnityPlayer$7.run()
I/org.umd.logging( 1676): Method > 1 com.cleanmaster.base.crash.util.debug.b.run(com.cleanmaster.base.crash.util.debug.b@614779553)
I/org.umd.logging( 1676): Method < 1 com.cleanmaster.base.crash.util.debug.b.run()
I/org.umd.logging( 1930): Api > 1203 android.net.ConnectivityManager.getActiveNetworkInfo(android.net.ConnectivityManager@967203900)
I/org.umd.logging( 1930): Api < 1203 android.net.ConnectivityManager.getActiveNetworkInfo(android.net.NetworkInfo@240631237)
I/Crasheye( 1930): Registering the exception handler
I/org.umd.logging( 1930): Api > 1203 java.lang.Thread.start(java.lang.Thread@579601178<thread=1301>)
I/org.umd.logging( 1930): Api < 1203 java.lang.Thread.start()
I/Crasheye( 1930): init success!
I/CrasheyeNDK( 1930): --------JNI_OnLoad---------
I/CrasheyeNDK( 1930): Init  install handler from java
I/CrasheyeNDK( 1930): crasheye ndk version 2.1.1
I/CrasheyeNDK( 1930): ndk crash hanler init sucess
I/org.umd.logging( 1930): Method > 1301 com.xsj.crasheye.Crasheye$1.run(com.xsj.crasheye.Crasheye$1@597360680)
I/org.umd.logging( 1930): Api > 1203 java.lang.Thread.start(java.lang.Thread@704344385<thread=1302>)
I/org.umd.logging( 1930): Api < 1203 java.lang.Thread.start()
I/org.umd.logging( 1930): Method > 1302 com.xsj.crasheye.NativeExceptionHandler$2.run(com.xsj.crasheye.NativeExceptionHandler$2@994092071)
I/org.umd.logging( 1930): Api > 1301 android.net.ConnectivityManager.getActiveNetworkInfo(android.net.ConnectivityManager@967203900)
I/org.umd.logging( 1930): Api < 1301 android.net.ConnectivityManager.getActiveNetworkInfo(android.net.NetworkInfo@162789076)
W/ActivityManager(  591): getRunningAppProcesses: caller 10242 does not hold REAL_GET_TASKS; limiting output
W/ActivityManager(  591): getRunningAppProcesses: caller 10242 does not hold REAL_GET_TASKS; limiting output
I/Crasheye( 1930): NetSender: Sending data to url: http://rp.crasheye.cn/session?appkey=221df7a0&uid=fd559710bee26811259eb07d40f56cba&sig=d41d8cd98f00b204e9800998ecf8427e
I/Crasheye( 1930): NetSender: Sending data value: {"appstarttime":"1481055379","sdkversion":"2.2.1","appkey":"221df7a0","platform":"Android","device":"LGE Nexus 4","osversion":"5.1.1","locale":"US","uuid":"fd559710bee26811259eb07d40f56cba","useridentifier":"NA","appversioncode":"10100045","appversionname":"1.3.6.1","packagename":"com.turbochilli.rollingsky","netstatus":"WIFI","connection":"CONNECTED","screenorientation":"Portrait","screensize":"768 * 1184","channel":"GooglePlay","sessioncount":1,"extradata":{},"transactions":[],"sessionid":"55379046"}{^1^ping^1481055379}
I/org.umd.logging( 1930): Api > 1301 org.apache.http.impl.client.DefaultHttpClient.<init>(org.apache.http.impl.client.DefaultHttpClient@600026176)
I/org.umd.logging( 1930): Api < 1301 org.apache.http.impl.client.DefaultHttpClient.<init>(org.apache.http.impl.client.DefaultHttpClient@600026176)
I/org.umd.logging( 1930): Method > 1 com.unity3d.player.UnityPlayer$3.run(com.unity3d.player.UnityPlayer$3@805085749)
I/org.umd.logging( 1930): Method < 1 com.unity3d.player.UnityPlayer$3.run()
I/org.umd.logging( 1930): Method > 1203 com.umeng.analytics.MobclickAgent.onPause(com.turbochilli.rollingsky.AppActivity@50521844<activity=true>)
I/org.umd.logging( 1930): Method < 1203 com.umeng.analytics.MobclickAgent.onPause()
I/org.umd.logging( 1930): Method > 1310 com.umeng.analytics.g.run(com.umeng.analytics.d$2@796001570)
I/org.umd.logging( 1930): Method < 1310 com.umeng.analytics.g.run()
I/org.umd.logging( 1930): Method > 1311 com.umeng.analytics.g.run(u.aly.m$3@805355753)
I/org.umd.logging( 1930): Method < 1311 com.umeng.analytics.g.run()
E/Cataloger( 5092): syncFile:/storage/emulated/0/2016-12-06_03:16:19.510.jpg
W/ResourceType( 1930): No known package when getting name for resource number 0xffffffff
I/org.umd.logging( 1930): Method > 1203 com.unity3d.player.UnityPlayer.executeGLThreadJobs(com.unity3d.player.UnityPlayer@478631621<file=2016-12-06_03:16:19.510><x=0><y=0><width=768><height=1280><id=-1>)
I/org.umd.logging( 1930): Method < 1203 com.unity3d.player.UnityPlayer.executeGLThreadJobs()
W/SensorService(  591): sensor 00000000 already enabled in connection 0xb8354678 (ignoring)
E/Cataloger( 5092): syncFile:/storage/emulated/0/2016-12-06_03:16:19.510.jpg
I/MediaFocusControl(  591):  AudioFocus  requestAudioFocus() from android.media.AudioManager@84f516e<native proxy object> req=1flags=0x0
I/Crasheye( 1930): net send status code 200
W/Crasheye( 1930): NetSender: Transmitting result {"ret":0,"msg":"","data":{"appkeyvalid":true}}
W/ActivityManager(  591): getRunningAppProcesses: caller 10242 does not hold REAL_GET_TASKS; limiting output
I/org.umd.logging( 1930): Method < 1301 com.xsj.crasheye.Crasheye$1.run()
I/org.umd.logging( 1930): Method > 1314 com.xsj.crasheye.DataFlusher$1.run(com.xsj.crasheye.DataFlusher$1@128314923)
I/org.umd.logging( 1930): Method < 1314 com.xsj.crasheye.DataFlusher$1.run()
I/org.umd.logging( 1930): Method > 1302 com.xsj.crasheye.NativeExceptionHandler$2.run(com.xsj.crasheye.NativeExceptionHandler$2@994092071)
I/org.umd.logging( 1930): Api > 1203 android.content.ContentResolver.insert(android.app.ContextImpl$ApplicationContentResolver@357642656, android.net.Uri$StringUri@352173567<URI=content://com.turbochilli.rollingsky.ipc_provider>, android.content.ContentValues@813281928)
I/org.umd.logging( 1930): Api < 1203 android.content.ContentResolver.insert(android.net.Uri$StringUri@893132870<URI=content://com.turbochilli.rollingsky.ipc_provider/>)
I/org.umd.logging( 1930): Api > 1203 android.content.ContentResolver.insert(android.app.ContextImpl$ApplicationContentResolver@357642656, android.net.Uri$StringUri@352173567<URI=content://com.turbochilli.rollingsky.ipc_provider>, android.content.ContentValues@949174791)
I/org.umd.logging( 1930): Api < 1203 android.content.ContentResolver.insert(android.net.Uri$StringUri@221998900<URI=content://com.turbochilli.rollingsky.ipc_provider/>)
I/org.umd.logging( 1930): Api > 1203 android.content.ContentResolver.insert(android.app.ContextImpl$ApplicationContentResolver@357642656, android.net.Uri$StringUri@352173567<URI=content://com.turbochilli.rollingsky.ipc_provider>, android.content.ContentValues@879255901)
I/org.umd.logging( 1930): Api < 1203 android.content.ContentResolver.insert(android.net.Uri$StringUri@151648978<URI=content://com.turbochilli.rollingsky.ipc_provider/>)
I/org.umd.logging( 1930): Api > 1203 android.content.ContentResolver.insert(android.app.ContextImpl$ApplicationContentResolver@357642656, android.net.Uri$StringUri@721289659<URI=content://com.turbochilli.rollingsky.internalpush_provider>, android.content.ContentValues@873985955)
I/org.umd.logging( 1930): Api < 1203 android.content.ContentResolver.insert(android.net.Uri$StringUri@399423065<URI=content://com.turbochilli.rollingsky.internalpush_provider/en>)
I/org.umd.logging( 1930): Api > 1203 android.content.ContentResolver.insert(android.app.ContextImpl$ApplicationContentResolver@357642656, android.net.Uri$StringUri@721289659<URI=content://com.turbochilli.rollingsky.internalpush_provider>, android.content.ContentValues@6877726)
I/DownloadManagerWrapper(  985): onReceive() : Charging = true
I/org.umd.logging( 1930): Api < 1203 android.content.ContentResolver.insert(android.net.Uri$StringUri@128477951<URI=content://com.turbochilli.rollingsky.internalpush_provider/>)
I/org.umd.logging( 1930): Api > 1 android.content.ContentResolver.insert(android.app.ContextImpl$ApplicationContentResolver@357642656, android.net.Uri$StringUri@352173567<URI=content://com.turbochilli.rollingsky.ipc_provider>, android.content.ContentValues@327774412)
I/org.umd.logging( 1676): Method > 1206 com.turbochilli.rollingsky.cloud.b$3.run(com.turbochilli.rollingsky.cloud.b$3@224832343)
I/org.umd.logging( 1676): Method < 1206 com.turbochilli.rollingsky.cloud.b$3.run()
I/org.umd.logging( 1930): Api < 1 android.content.ContentResolver.insert(android.net.Uri$StringUri@1001086741<URI=content://com.turbochilli.rollingsky.ipc_provider/>)
I/DownloadManagerWrapper(  985): onReceive() : Charging = true
I/org.umd.logging( 1930): Api > 1203 android.content.ContentResolver.insert(android.app.ContextImpl$ApplicationContentResolver@357642656, android.net.Uri$StringUri@352173567<URI=content://com.turbochilli.rollingsky.ipc_provider>, android.content.ContentValues@1043206698)
I/org.umd.logging( 1930): Api < 1203 android.content.ContentResolver.insert(android.net.Uri$StringUri@966965275<URI=content://com.turbochilli.rollingsky.ipc_provider/{"messeng_show_id":"2016112311","messeng_show_type":"1","messeng_icon":"http:\/\/dl.cm.ksmobile.com\/static\/res\/03\/7d\/Lv14icon1201.png","messeng_jump_to":"http:\/\/board.cmcm.com\/rs\/20161123.html?eventname=newlevel14android","messeng_start_time":"20161123:14","messeng_stop_time":"20161216:23","messeng_reddot_show":"2"}>)
I/org.umd.logging( 1930): Api > 1203 android.content.ContentResolver.insert(android.app.ContextImpl$ApplicationContentResolver@357642656, android.net.Uri$StringUri@352173567<URI=content://com.turbochilli.rollingsky.ipc_provider>, android.content.ContentValues@507694520)
I/org.umd.logging( 1930): Api < 1203 android.content.ContentResolver.insert(android.net.Uri$StringUri@292542353<URI=content://com.turbochilli.rollingsky.ipc_provider/0>)
I/org.umd.logging( 1930): Method > 1203 com.umeng.analytics.MobclickAgent.onResume(com.turbochilli.rollingsky.AppActivity@50521844<activity=true>, "572c79c3e0f55a654b002f85", "GooglePlay")
I/org.umd.logging( 1930): Method < 1203 com.umeng.analytics.MobclickAgent.onResume()
I/org.umd.logging( 1930): Method > 1310 com.umeng.analytics.g.run(com.umeng.analytics.d$1@237681399)
I/org.umd.logging( 1930): Method < 1310 com.umeng.analytics.g.run()
I/org.umd.logging( 1930): Api > 1203 android.os.HandlerThread.start(android.os.HandlerThread@523439460<thread=1316>)
I/org.umd.logging( 1930): Api < 1203 android.os.HandlerThread.start()
I/org.umd.logging( 1930): Api > 1203 android.content.Context.bindService(com.turbochilli.rollingsky.GameApp@724061, android.content.Intent@371809229<action=com.android.vending.billing.InAppBillingService.BIND><data=null><package=com.android.vending><component=null><type=null><filter_hashcode=-457082858><umd_Intent_key=None>, com.turbochilli.rollingsky.a.a.d$1@1036390291, 1)
I/org.umd.logging( 1930): Api < 1203 android.content.Context.bindService()
I/Finsky  (31789): [1115] com.google.android.finsky.billing.iab.s.a(196): com.turbochilli.rollingsky: Account from first account - [H2HZkLhZAwneGgDylh5vNEKO7fg]
I/Finsky  (31789): [1149] com.google.android.finsky.billing.iab.s.a(196): com.turbochilli.rollingsky: Account from first account - [H2HZkLhZAwneGgDylh5vNEKO7fg]
I/org.umd.logging( 1930): Api > 1 java.lang.Thread.start(java.lang.Thread@276621257<thread=1317>)
I/org.umd.logging( 1930): Api < 1 java.lang.Thread.start()
I/org.umd.logging( 1930): Method > 1 com.turbochilli.rollingsky.a.b$a.onReceive(com.turbochilli.rollingsky.a.b$a@80059344, com.turbochilli.rollingsky.AppActivity@50521844, android.content.Intent@968364527<action=android.net.conn.CONNECTIVITY_CHANGE><data=null><package=null><component=null><type=null><filter_hashcode=-1172645946><networkInfo=None><networkType=None><inetCondition=None><extraInfo=None><umd_Intent_key=None>)
I/org.umd.logging( 1930): Api > 1 android.net.ConnectivityManager.getActiveNetworkInfo(android.net.ConnectivityManager@967203900)
I/org.umd.logging( 1930): Api < 1 android.net.ConnectivityManager.getActiveNetworkInfo(android.net.NetworkInfo@917546236)
I/org.umd.logging( 1930): Method < 1 com.turbochilli.rollingsky.a.b$a.onReceive()
I/org.umd.logging( 1930): Method > 1317 com.turbochilli.rollingsky.a.a.d$2.run(com.turbochilli.rollingsky.a.a.d$2@621238746)
I/Finsky  (31789): [1114] com.google.android.finsky.billing.iab.s.a(196): com.turbochilli.rollingsky: Account from first account - [H2HZkLhZAwneGgDylh5vNEKO7fg]
I/Finsky  (31789): [1115] com.google.android.finsky.billing.iab.s.a(196): com.turbochilli.rollingsky: Account from first account - [H2HZkLhZAwneGgDylh5vNEKO7fg]
I/org.umd.logging( 1930): Method < 1317 com.turbochilli.rollingsky.a.a.d$2.run()
I/org.umd.logging( 1930): Method > 1 com.turbochilli.rollingsky.a.a.d$2$1.run(com.turbochilli.rollingsky.a.a.d$2$1@1071715560)
I/org.umd.logging( 1930): Method < 1 com.turbochilli.rollingsky.a.a.d$2$1.run()
I/org.umd.logging( 1930): Method > 1316 com.turbochilli.rollingsky.a.b$1.run(com.turbochilli.rollingsky.a.b$1@949041574)
I/Finsky  (31789): [1149] com.google.android.finsky.billing.iab.s.a(196): com.turbochilli.rollingsky: Account from first account - [H2HZkLhZAwneGgDylh5vNEKO7fg]
I/org.umd.logging( 1930): Method < 1316 com.turbochilli.rollingsky.a.b$1.run()
I/org.umd.logging( 1930): Method > 1302 com.xsj.crasheye.NativeExceptionHandler$2.run(com.xsj.crasheye.NativeExceptionHandler$2@994092071)
I/org.umd.logging( 1930): Method > 1267 com.turbochilli.rollingsky.util.g.run(com.turbochilli.rollingsky.util.g@298471399)
I/org.umd.logging( 1930): Api > 1267 android.net.ConnectivityManager.getActiveNetworkInfo(android.net.ConnectivityManager@379104625)
I/org.umd.logging( 1930): Api < 1267 android.net.ConnectivityManager.getActiveNetworkInfo(android.net.NetworkInfo@723949460)
I/org.umd.logging( 1930): Api > 1267 android.net.ConnectivityManager.getActiveNetworkInfo(android.net.ConnectivityManager@379104625)
I/org.umd.logging( 1930): Api < 1267 android.net.ConnectivityManager.getActiveNetworkInfo(android.net.NetworkInfo@840290877)
I/org.umd.logging( 1930): Method < 1267 com.turbochilli.rollingsky.util.g.run()
I/org.umd.logging( 1930): Api > 1273 android.content.Context.startService(com.turbochilli.rollingsky.GameApp@724061, android.content.Intent@294079026<action=start_service><data=null><package=null><component=com.turbochilli.rollingsky/com.cmplay.kinfoc.report.service.KinfocReportSerivce><type=null><filter_hashcode=877350283><table=None><umd_Intent_key=None><extra_type=None>)
I/org.umd.logging( 1930): Api < 1273 android.content.Context.startService()
I/org.umd.logging( 1676): Method > 1 com.cmplay.kinfoc.report.service.KinfocReportSerivce.onStartCommand(com.cmplay.kinfoc.report.service.KinfocReportSerivce@906791053, android.content.Intent@422946372<action=start_service><data=null><package=null><component=com.turbochilli.rollingsky/com.cmplay.kinfoc.report.service.KinfocReportSerivce><type=null><filter_hashcode=877350283><table=None><umd_Intent_key=None><extra_type=None>, 0, 57)
I/org.umd.logging( 1676): Method < 1 com.cmplay.kinfoc.report.service.KinfocReportSerivce.onStartCommand(1)
I/org.umd.logging( 1930): Method > 1302 com.xsj.crasheye.NativeExceptionHandler$2.run(com.xsj.crasheye.NativeExceptionHandler$2@994092071)
I/org.umd.logging( 1930): Method > 1267 com.turbochilli.rollingsky.util.g.run(com.turbochilli.rollingsky.util.g@65143683)
I/org.umd.logging( 1930): Api > 1267 android.net.ConnectivityManager.getActiveNetworkInfo(android.net.ConnectivityManager@379104625)
I/org.umd.logging( 1930): Api < 1267 android.net.ConnectivityManager.getActiveNetworkInfo(android.net.NetworkInfo@1050646784)
I/org.umd.logging( 1930): Api > 1267 android.net.ConnectivityManager.getActiveNetworkInfo(android.net.ConnectivityManager@379104625)
I/org.umd.logging( 1930): Api < 1267 android.net.ConnectivityManager.getActiveNetworkInfo(android.net.NetworkInfo@546460985)
I/org.umd.logging( 1930): Method < 1267 com.turbochilli.rollingsky.util.g.run()
I/org.umd.logging( 1930): Api > 1273 android.content.Context.startService(com.turbochilli.rollingsky.GameApp@724061, android.content.Intent@391894910<action=start_service><data=null><package=null><component=com.turbochilli.rollingsky/com.cmplay.kinfoc.report.service.KinfocReportSerivce><type=null><filter_hashcode=877350283><table=None><umd_Intent_key=None><extra_type=None>)
I/org.umd.logging( 1930): Api < 1273 android.content.Context.startService()
I/org.umd.logging( 1676): Method > 1 com.cmplay.kinfoc.report.service.KinfocReportSerivce.onStartCommand(com.cmplay.kinfoc.report.service.KinfocReportSerivce@906791053, android.content.Intent@823702317<action=start_service><data=null><package=null><component=com.turbochilli.rollingsky/com.cmplay.kinfoc.report.service.KinfocReportSerivce><type=null><filter_hashcode=877350283><table=None><umd_Intent_key=None><extra_type=None>, 0, 58)
I/org.umd.logging( 1676): Method < 1 com.cmplay.kinfoc.report.service.KinfocReportSerivce.onStartCommand(1)
I/org.umd.logging( 1930): Method > 1 com.cleanmaster.base.crash.util.debug.b.run(com.cleanmaster.base.crash.util.debug.b@364514293)
I/org.umd.logging( 1930): Method < 1 com.cleanmaster.base.crash.util.debug.b.run()
W/Adreno-ES20( 1930): <process_gl_state_enables:519>: GL_INVALID_ENUM
W/Adreno-ES20( 1930): <process_gl_state_enables:519>: GL_INVALID_ENUM
W/Adreno-ES20( 1930): <process_gl_state_enables:519>: GL_INVALID_ENUM
W/Adreno-ES20( 1930): <process_gl_state_enables:519>: GL_INVALID_ENUM
I/org.umd.logging( 1930): Method > 1 com.unity3d.player.UnityPlayer$5.run(com.unity3d.player.UnityPlayer$5@609873290)
I/org.umd.logging( 1930): Method < 1 com.unity3d.player.UnityPlayer$5.run()
W/Adreno-EGLSUB( 1930): <SwapBuffers:1348>: Invalid native buffer. Failed to queueBuffer
W/Adreno-EGLSUB( 1930): <updater_thread:436>: native buffer is NULL
E/Cataloger( 5092): syncFile:/storage/emulated/0/2016-12-06_03:16:23.024.jpg
W/ResourceType( 1930): No known package when getting name for resource number 0xffffffff
I/org.umd.logging( 1930): Method > 1203 com.unity3d.player.UnityPlayer.executeGLThreadJobs(com.unity3d.player.UnityPlayer@478631621<file=2016-12-06_03:16:23.024><x=0><y=0><width=768><height=1280><id=-1>)
I/org.umd.logging( 1930): Method < 1203 com.unity3d.player.UnityPlayer.executeGLThreadJobs()
E/Cataloger( 5092): syncFile:/storage/emulated/0/2016-12-06_03:16:23.024.jpg
I/org.umd.logging( 1930): Method > 1302 com.xsj.crasheye.NativeExceptionHandler$2.run(com.xsj.crasheye.NativeExceptionHandler$2@994092071)
E/Cataloger( 5092): syncFile:/storage/emulated/0/2016-12-06_03:16:23.271.jpg
W/ResourceType( 1930): No known package when getting name for resource number 0xffffffff
I/org.umd.logging( 1930): Method > 1203 com.unity3d.player.UnityPlayer.executeGLThreadJobs(com.unity3d.player.UnityPlayer@478631621<file=2016-12-06_03:16:23.271><x=0><y=0><width=768><height=1280><id=-1>)
I/org.umd.logging( 1930): Method < 1203 com.unity3d.player.UnityPlayer.executeGLThreadJobs()
E/Cataloger( 5092): syncFile:/storage/emulated/0/2016-12-06_03:16:23.271.jpg
E/Cataloger( 5092): syncFile:/storage/emulated/0/2016-12-06_03:16:23.445.jpg
W/ResourceType( 1930): No known package when getting name for resource number 0xffffffff
I/org.umd.logging( 1930): Method > 1203 com.unity3d.player.UnityPlayer.executeGLThreadJobs(com.unity3d.player.UnityPlayer@478631621<file=2016-12-06_03:16:23.445><x=0><y=0><width=768><height=1280><id=-1>)
E/Cataloger( 5092): syncFile:/storage/emulated/0/2016-12-06_03:16:23.445.jpg
I/org.umd.logging( 1930): Method < 1203 com.unity3d.player.UnityPlayer.executeGLThreadJobs()
E/Cataloger( 5092): syncFile:/storage/emulated/0/2016-12-06_03:16:23.620.jpg
W/ResourceType( 1930): No known package when getting name for resource number 0xffffffff
I/org.umd.logging( 1930): Method > 1203 com.unity3d.player.UnityPlayer.executeGLThreadJobs(com.unity3d.player.UnityPlayer@478631621<file=2016-12-06_03:16:23.620><x=0><y=0><width=768><height=1280><id=-1>)
I/org.umd.logging( 1930): Method < 1203 com.unity3d.player.UnityPlayer.executeGLThreadJobs()
E/Cataloger( 5092): syncFile:/storage/emulated/0/2016-12-06_03:16:23.620.jpg
E/Cataloger( 5092): syncFile:/storage/emulated/0/2016-12-06_03:16:23.803.jpg
W/ResourceType( 1930): No known package when getting name for resource number 0xffffffff
I/org.umd.logging( 1930): Method > 1203 com.unity3d.player.UnityPlayer.executeGLThreadJobs(com.unity3d.player.UnityPlayer@478631621<file=2016-12-06_03:16:23.803><x=0><y=0><width=768><height=1280><id=-1>)
I/org.umd.logging( 1930): Method < 1203 com.unity3d.player.UnityPlayer.executeGLThreadJobs()
E/Cataloger( 5092): syncFile:/storage/emulated/0/2016-12-06_03:16:23.803.jpg
E/Cataloger( 5092): syncFile:/storage/emulated/0/2016-12-06_03:16:24.004.jpg
W/ResourceType( 1930): No known package when getting name for resource number 0xffffffff
I/org.umd.logging( 1930): Method > 1203 com.unity3d.player.UnityPlayer.executeGLThreadJobs(com.unity3d.player.UnityPlayer@478631621<file=2016-12-06_03:16:24.004><x=0><y=0><width=768><height=1280><id=-1>)
I/org.umd.logging( 1930): Method < 1203 com.unity3d.player.UnityPlayer.executeGLThreadJobs()
E/Cataloger( 5092): syncFile:/storage/emulated/0/2016-12-06_03:16:24.004.jpg
I/org.umd.logging( 1930): Method > 1302 com.xsj.crasheye.NativeExceptionHandler$2.run(com.xsj.crasheye.NativeExceptionHandler$2@994092071)
I/org.umd.logging( 1930): Method > 1302 com.xsj.crasheye.NativeExceptionHandler$2.run(com.xsj.crasheye.NativeExceptionHandler$2@994092071)
I/org.umd.logging( 1930): Method > 1302 com.xsj.crasheye.NativeExceptionHandler$2.run(com.xsj.crasheye.NativeExceptionHandler$2@994092071)
E/Cataloger( 5092): syncFile:/storage/emulated/0/2016-12-06_03:16:26.570.jpg
W/ResourceType( 1930): No known package when getting name for resource number 0xffffffff
I/org.umd.logging( 1930): Method > 1203 com.unity3d.player.UnityPlayer.executeGLThreadJobs(com.unity3d.player.UnityPlayer@478631621<file=2016-12-06_03:16:26.570><x=0><y=0><width=768><height=1280><id=-1>)
I/org.umd.logging( 1930): Method < 1203 com.unity3d.player.UnityPlayer.executeGLThreadJobs()
E/Cataloger( 5092): syncFile:/storage/emulated/0/2016-12-06_03:16:26.570.jpg
E/Cataloger( 5092): syncFile:/storage/emulated/0/2016-12-06_03:16:26.735.jpg
W/ResourceType( 1930): No known package when getting name for resource number 0xffffffff
I/org.umd.logging( 1930): Method > 1203 com.unity3d.player.UnityPlayer.executeGLThreadJobs(com.unity3d.player.UnityPlayer@478631621<file=2016-12-06_03:16:26.735><x=0><y=0><width=768><height=1280><id=-1>)
I/org.umd.logging( 1930): Method < 1203 com.unity3d.player.UnityPlayer.executeGLThreadJobs()
E/Cataloger( 5092): syncFile:/storage/emulated/0/2016-12-06_03:16:26.735.jpg
E/Cataloger( 5092): syncFile:/storage/emulated/0/2016-12-06_03:16:26.890.jpg
W/ResourceType( 1930): No known package when getting name for resource number 0xffffffff
I/org.umd.logging( 1930): Method > 1203 com.unity3d.player.UnityPlayer.executeGLThreadJobs(com.unity3d.player.UnityPlayer@478631621<file=2016-12-06_03:16:26.890><x=0><y=0><width=768><height=1280><id=-1>)
I/org.umd.logging( 1930): Method < 1203 com.unity3d.player.UnityPlayer.executeGLThreadJobs()
E/Cataloger( 5092): syncFile:/storage/emulated/0/2016-12-06_03:16:26.890.jpg
I/org.umd.logging( 1930): Method > 1302 com.xsj.crasheye.NativeExceptionHandler$2.run(com.xsj.crasheye.NativeExceptionHandler$2@994092071)
E/Cataloger( 5092): syncFile:/storage/emulated/0/2016-12-06_03:16:27.865.jpg
W/ResourceType( 1930): No known package when getting name for resource number 0xffffffff
I/org.umd.logging( 1930): Method > 1203 com.unity3d.player.UnityPlayer.executeGLThreadJobs(com.unity3d.player.UnityPlayer@478631621<file=2016-12-06_03:16:27.865><x=0><y=0><width=768><height=1280><id=-1>)
I/org.umd.logging( 1930): Method < 1203 com.unity3d.player.UnityPlayer.executeGLThreadJobs()
E/Cataloger( 5092): syncFile:/storage/emulated/0/2016-12-06_03:16:27.865.jpg
E/Cataloger( 5092): syncFile:/storage/emulated/0/2016-12-06_03:16:28.001.jpg
I/art     ( 1930): Background sticky concurrent mark sweep GC freed 958(62KB) AllocSpace objects, 2(7MB) LOS objects, 1% free, 52MB/53MB, paused 5.341ms total 48.893ms
W/ResourceType( 1930): No known package when getting name for resource number 0xffffffff
I/org.umd.logging( 1930): Method > 1203 com.unity3d.player.UnityPlayer.executeGLThreadJobs(com.unity3d.player.UnityPlayer@478631621<file=2016-12-06_03:16:28.001><x=0><y=0><width=768><height=1280><id=-1>)
I/org.umd.logging( 1930): Method < 1203 com.unity3d.player.UnityPlayer.executeGLThreadJobs()
E/Cataloger( 5092): syncFile:/storage/emulated/0/2016-12-06_03:16:28.001.jpg
E/Cataloger( 5092): syncFile:/storage/emulated/0/2016-12-06_03:16:28.146.jpg
W/ResourceType( 1930): No known package when getting name for resource number 0xffffffff
I/org.umd.logging( 1930): Method > 1203 com.unity3d.player.UnityPlayer.executeGLThreadJobs(com.unity3d.player.UnityPlayer@478631621<file=2016-12-06_03:16:28.146><x=0><y=0><width=768><height=1280><id=-1>)
I/org.umd.logging( 1930): Method < 1203 com.unity3d.player.UnityPlayer.executeGLThreadJobs()
E/Cataloger( 5092): syncFile:/storage/emulated/0/2016-12-06_03:16:28.146.jpg
I/org.umd.logging( 1930): Method > 1302 com.xsj.crasheye.NativeExceptionHandler$2.run(com.xsj.crasheye.NativeExceptionHandler$2@994092071)
I/org.umd.logging( 1930): Api > 1203 android.content.ContentResolver.insert(android.app.ContextImpl$ApplicationContentResolver@357642656, android.net.Uri$StringUri@721289659<URI=content://com.turbochilli.rollingsky.internalpush_provider>, android.content.ContentValues@593911803)
I/org.umd.logging( 1930): Api < 1203 android.content.ContentResolver.insert(android.net.Uri$StringUri@560755313<URI=content://com.turbochilli.rollingsky.internalpush_provider//data/data/com.turbochilli.rollingsky/cache/9cdc962ef6321ea84f87f91f1d0ff948_en.png>)
I/org.umd.logging( 1930): Api > 1203 android.content.ContentResolver.insert(android.app.ContextImpl$ApplicationContentResolver@357642656, android.net.Uri$StringUri@721289659<URI=content://com.turbochilli.rollingsky.internalpush_provider>, android.content.ContentValues@980506710)
I/org.umd.logging( 1930): Api < 1203 android.content.ContentResolver.insert(android.net.Uri$StringUri@330367191<URI=content://com.turbochilli.rollingsky.internalpush_provider//data/data/com.turbochilli.rollingsky/cache/fe9b1be39358ad1738a6f67078f96d3d_en1.png>)
I/org.umd.logging( 1930): Api > 1203 android.content.ContentResolver.insert(android.app.ContextImpl$ApplicationContentResolver@357642656, android.net.Uri$StringUri@721289659<URI=content://com.turbochilli.rollingsky.internalpush_provider>, android.content.ContentValues@233377220)
I/org.umd.logging( 1930): Api < 1203 android.content.ContentResolver.insert(android.net.Uri$StringUri@402965677<URI=content://com.turbochilli.rollingsky.internalpush_provider//data/data/com.turbochilli.rollingsky/cache/88e70bf59d3e1f0b6ef244601a16d09f_en.png>)
I/org.umd.logging( 1930): Api > 1203 android.content.ContentResolver.insert(android.app.ContextImpl$ApplicationContentResolver@357642656, android.net.Uri$StringUri@721289659<URI=content://com.turbochilli.rollingsky.internalpush_provider>, android.content.ContentValues@952280034)
I/org.umd.logging( 1930): Api < 1203 android.content.ContentResolver.insert(android.net.Uri$StringUri@463131507<URI=content://com.turbochilli.rollingsky.internalpush_provider//data/data/com.turbochilli.rollingsky/cache/fe9b1be39358ad1738a6f67078f96d3d_en1.png>)
I/org.umd.logging( 1930): Api > 1203 android.content.ContentResolver.insert(android.app.ContextImpl$ApplicationContentResolver@357642656, android.net.Uri$StringUri@721289659<URI=content://com.turbochilli.rollingsky.internalpush_provider>, android.content.ContentValues@726352432)
I/org.umd.logging( 1930): Api < 1203 android.content.ContentResolver.insert(android.net.Uri$StringUri@1045823145<URI=content://com.turbochilli.rollingsky.internalpush_provider//data/data/com.turbochilli.rollingsky/cache/a4d1149cece61974cad55bbe01c886ea_en120310.png>)
I/org.umd.logging( 1930): Api > 1203 android.content.ContentResolver.insert(android.app.ContextImpl$ApplicationContentResolver@357642656, android.net.Uri$StringUri@721289659<URI=content://com.turbochilli.rollingsky.internalpush_provider>, android.content.ContentValues@501947438)
I/org.umd.logging( 1930): Api < 1203 android.content.ContentResolver.insert(android.net.Uri$StringUri@423965647<URI=content://com.turbochilli.rollingsky.internalpush_provider//data/data/com.turbochilli.rollingsky/cache/026e8955ba4dd7386d0d9c63bd1b2cd2_en120311.png>)
I/org.umd.logging( 1930): Api > 1203 android.content.ContentResolver.insert(android.app.ContextImpl$ApplicationContentResolver@357642656, android.net.Uri$StringUri@721289659<URI=content://com.turbochilli.rollingsky.internalpush_provider>, android.content.ContentValues@962220380)
I/org.umd.logging( 1930): Api < 1203 android.content.ContentResolver.insert(android.net.Uri$StringUri@963042405<URI=content://com.turbochilli.rollingsky.internalpush_provider/true>)
I/org.umd.logging( 1930): Api > 1203 android.net.ConnectivityManager.getActiveNetworkInfo(android.net.ConnectivityManager@379104625)
I/org.umd.logging( 1930): Api < 1203 android.net.ConnectivityManager.getActiveNetworkInfo(android.net.NetworkInfo@588303674)
I/org.umd.logging( 1930): Api > 1203 android.net.ConnectivityManager.getActiveNetworkInfo(android.net.ConnectivityManager@379104625)
I/org.umd.logging( 1930): Api < 1203 android.net.ConnectivityManager.getActiveNetworkInfo(android.net.NetworkInfo@25902571)
I/org.umd.logging( 1930): Api > 1203 android.content.Context.startService(com.turbochilli.rollingsky.GameApp@724061, android.content.Intent@602482504<action=null><data=null><package=null><component=com.turbochilli.rollingsky/.commons.RollingSkyService><type=null><filter_hashcode=958551757><report_str_params=None><report_key_table_name=None><report_is_force=None><umd_Intent_key=None><command_start_key=None>)
I/org.umd.logging( 1930): Api < 1203 android.content.Context.startService()
I/org.umd.logging( 1676): Method > 1 com.turbochilli.rollingsky.commons.RollingSkyService.onStartCommand(com.turbochilli.rollingsky.commons.RollingSkyService@35564510, android.content.Intent@803876962<action=null><data=null><package=null><component=com.turbochilli.rollingsky/.commons.RollingSkyService><type=null><filter_hashcode=958551757><report_str_params=None><report_key_table_name=None><report_is_force=None><umd_Intent_key=None><command_start_key=None>, 0, 23)
I/org.umd.logging( 1676): Method < 1 com.turbochilli.rollingsky.commons.RollingSkyService.onStartCommand(1)
I/org.umd.logging( 1676): Method > 1206 com.turbochilli.rollingsky.util.f.run(com.turbochilli.rollingsky.util.f@255895027)
I/org.umd.logging( 1676): Method < 1206 com.turbochilli.rollingsky.util.f.run()
I/org.umd.logging( 1930): Api > 1203 android.net.ConnectivityManager.getActiveNetworkInfo(android.net.ConnectivityManager@379104625)
I/org.umd.logging( 1676): Api > 1207 android.content.Context.startService(com.turbochilli.rollingsky.GameApp@357642656, android.content.Intent@1040769712<action=start_service><data=null><package=null><component=com.turbochilli.rollingsky/com.cmplay.kinfoc.report.service.KinfocReportSerivce><type=null><filter_hashcode=877350283><table=None><umd_Intent_key=None><extra_type=None>)
I/org.umd.logging( 1930): Api < 1203 android.net.ConnectivityManager.getActiveNetworkInfo(android.net.NetworkInfo@1038997985)
I/org.umd.logging( 1930): Api > 1203 android.net.ConnectivityManager.getActiveNetworkInfo(android.net.ConnectivityManager@379104625)
I/org.umd.logging( 1930): Api < 1203 android.net.ConnectivityManager.getActiveNetworkInfo(android.net.NetworkInfo@1001292550)
I/org.umd.logging( 1676): Api < 1207 android.content.Context.startService()
I/org.umd.logging( 1930): Api > 1203 android.content.Context.startService(com.turbochilli.rollingsky.GameApp@724061, android.content.Intent@836619719<action=null><data=null><package=null><component=com.turbochilli.rollingsky/.commons.RollingSkyService><type=null><filter_hashcode=958551757><report_str_params=None><report_key_table_name=None><report_is_force=None><umd_Intent_key=None><command_start_key=None>)
I/org.umd.logging( 1930): Api < 1203 android.content.Context.startService()
I/org.umd.logging( 1676): Method > 1 com.cmplay.kinfoc.report.service.KinfocReportSerivce.onStartCommand(com.cmplay.kinfoc.report.service.KinfocReportSerivce@906791053, android.content.Intent@586831145<action=start_service><data=null><package=null><component=com.turbochilli.rollingsky/com.cmplay.kinfoc.report.service.KinfocReportSerivce><type=null><filter_hashcode=877350283><table=None><umd_Intent_key=None><extra_type=None>, 0, 59)
I/org.umd.logging( 1930): Method > 1 com.turbochilli.rollingsky.util.NativeUtil$1.run(com.turbochilli.rollingsky.util.NativeUtil$1@999109405)
I/org.umd.logging( 1930): Method < 1 com.turbochilli.rollingsky.util.NativeUtil$1.run()
I/org.umd.logging( 1676): Method < 1 com.cmplay.kinfoc.report.service.KinfocReportSerivce.onStartCommand(1)
I/org.umd.logging( 1676): Method > 1 com.turbochilli.rollingsky.commons.RollingSkyService.onStartCommand(com.turbochilli.rollingsky.commons.RollingSkyService@35564510, android.content.Intent@826208430<action=null><data=null><package=null><component=com.turbochilli.rollingsky/.commons.RollingSkyService><type=null><filter_hashcode=958551757><report_str_params=None><report_key_table_name=None><report_is_force=None><umd_Intent_key=None><command_start_key=None>, 0, 24)
I/org.umd.logging( 1676): Method > 1206 com.turbochilli.rollingsky.util.f.run(com.turbochilli.rollingsky.util.f@968207951)
I/org.umd.logging( 1676): Method < 1206 com.turbochilli.rollingsky.util.f.run()
I/org.umd.logging( 1676): Method < 1 com.turbochilli.rollingsky.commons.RollingSkyService.onStartCommand(1)
I/org.umd.logging( 1676): Api > 1207 android.content.Context.startService(com.turbochilli.rollingsky.GameApp@357642656, android.content.Intent@227637724<action=start_service><data=null><package=null><component=com.turbochilli.rollingsky/com.cmplay.kinfoc.report.service.KinfocReportSerivce><type=null><filter_hashcode=877350283><table=None><umd_Intent_key=None><extra_type=None>)
I/org.umd.logging( 1676): Api < 1207 android.content.Context.startService()
I/org.umd.logging( 1676): Method > 1 com.cmplay.kinfoc.report.service.KinfocReportSerivce.onStartCommand(com.cmplay.kinfoc.report.service.KinfocReportSerivce@906791053, android.content.Intent@909777637<action=start_service><data=null><package=null><component=com.turbochilli.rollingsky/com.cmplay.kinfoc.report.service.KinfocReportSerivce><type=null><filter_hashcode=877350283><table=None><umd_Intent_key=None><extra_type=None>, 0, 60)
I/org.umd.logging( 1676): Method < 1 com.cmplay.kinfoc.report.service.KinfocReportSerivce.onStartCommand(1)
I/org.umd.logging( 1930): Api > 1203 java.lang.Thread.start(com.unity3d.player.WWW@64978787<thread=1319>)
I/org.umd.logging( 1930): Api < 1203 java.lang.Thread.start()
I/org.umd.logging( 1930): Method > 1319 com.unity3d.player.WWW.run(com.unity3d.player.WWW@64978787<thread=1319>)
I/org.umd.logging( 1930): Method > 1319 com.unity3d.player.WWW.runSafe(com.unity3d.player.WWW@64978787<thread=1319>)
I/org.umd.logging( 1930): Api > 1319 java.net.URL.openConnection(java.net.URL@680236896<URL=file:///storage/emulated/0/Android/data/com.turbochilli.rollingsky/files/ANDROID/Resources/201611231103/7d/Lv14icon1201.png>)
I/org.umd.logging( 1930): Api < 1319 java.net.URL.openConnection(libcore.net.url.FileURLConnection@1052815039)
I/org.umd.logging( 1930): Api > 1319 java.net.URLConnection.getInputStream(libcore.net.url.FileURLConnection@1052815039)
I/org.umd.logging( 1930): Api < 1319 java.net.URLConnection.getInputStream(java.io.BufferedInputStream@416741610)
I/org.umd.logging( 1930): Method < 1319 com.unity3d.player.WWW.runSafe()
I/org.umd.logging( 1930): Method < 1319 com.unity3d.player.WWW.run()
I/org.umd.logging( 1930): Api > 1203 android.net.ConnectivityManager.getActiveNetworkInfo(android.net.ConnectivityManager@379104625)
I/org.umd.logging( 1930): Api < 1203 android.net.ConnectivityManager.getActiveNetworkInfo(android.net.NetworkInfo@39548891)
I/UnityAds( 1930): com.unity3d.ads.android.UnityAds.canShow() (line:-1) :: Unity Ads is ready to show ads
I/org.umd.logging( 1676): Method > 1 com.cleanmaster.base.crash.util.debug.b.run(com.cleanmaster.base.crash.util.debug.b@614779553)
I/org.umd.logging( 1676): Method < 1 com.cleanmaster.base.crash.util.debug.b.run()
W/Adreno-ES20( 1930): <process_gl_state_enables:519>: GL_INVALID_ENUM
W/Adreno-ES20( 1930): <process_gl_state_enables:519>: GL_INVALID_ENUM
W/Adreno-ES20( 1930): <process_gl_state_enables:519>: GL_INVALID_ENUM
I/org.umd.logging( 1676): Method > 1196 com.a.a.a.d.m.run(com.a.a.a.d.m@348708971)
I/org.umd.logging( 1930): Method > 1196 com.facebook.a.c$1.run(com.facebook.a.c$1@61061558)
I/org.umd.logging( 1930): Api > 1196 java.net.URL.openConnection(java.net.URL@135247543<URL=https://graph.facebook.com/v2.6/1082192451854187/activities?access_token=&format=json&sdk=android>)
I/org.umd.logging( 1930): Api < 1196 java.net.URL.openConnection(com.android.okhttp.internal.http.HttpsURLConnectionImpl@15121956)
W/Settings( 1676): Setting android_id has moved from android.provider.Settings.System to android.provider.Settings.Secure, returning read-only value.
I/org.umd.logging( 1930): Method > 1267 com.turbochilli.rollingsky.util.g.run(com.turbochilli.rollingsky.util.g@604380557)
I/org.umd.logging( 1930): Api > 1267 android.net.ConnectivityManager.getActiveNetworkInfo(android.net.ConnectivityManager@379104625)
I/org.umd.logging( 1930): Api < 1267 android.net.ConnectivityManager.getActiveNetworkInfo(android.net.NetworkInfo@464108354)
I/org.umd.logging( 1930): Api > 1267 android.net.ConnectivityManager.getActiveNetworkInfo(android.net.ConnectivityManager@379104625)
I/org.umd.logging( 1930): Api < 1267 android.net.ConnectivityManager.getActiveNetworkInfo(android.net.NetworkInfo@358549331)
I/org.umd.logging( 1930): Method < 1267 com.turbochilli.rollingsky.util.g.run()
I/org.umd.logging( 1930): Api > 1273 android.content.Context.startService(com.turbochilli.rollingsky.GameApp@724061, android.content.Intent@182687888<action=start_service><data=null><package=null><component=com.turbochilli.rollingsky/com.cmplay.kinfoc.report.service.KinfocReportSerivce><type=null><filter_hashcode=877350283><table=None><umd_Intent_key=None><extra_type=None>)
I/org.umd.logging( 1930): Api < 1273 android.content.Context.startService()
I/org.umd.logging( 1676): Method > 1 com.cmplay.kinfoc.report.service.KinfocReportSerivce.onStartCommand(com.cmplay.kinfoc.report.service.KinfocReportSerivce@906791053, android.content.Intent@195712968<action=start_service><data=null><package=null><component=com.turbochilli.rollingsky/com.cmplay.kinfoc.report.service.KinfocReportSerivce><type=null><filter_hashcode=877350283><table=None><umd_Intent_key=None><extra_type=None>, 0, 61)
I/org.umd.logging( 1676): Method < 1 com.cmplay.kinfoc.report.service.KinfocReportSerivce.onStartCommand(1)
W/libc    ( 1930): pthread_create sched_setscheduler call failed: Operation not permitted
I/org.umd.logging( 1676): Method < 1196 com.a.a.a.d.m.run()
W/Adreno-ES20( 1930): <process_gl_state_enables:519>: GL_INVALID_ENUM
W/Adreno-ES20( 1930): <process_gl_state_enables:519>: GL_INVALID_ENUM
W/Adreno-ES20( 1930): <process_gl_state_enables:519>: GL_INVALID_ENUM
I/org.umd.logging( 1930): Api > 1203 java.lang.Thread.start(com.unity3d.player.WWW@180618633<thread=1320>)
I/org.umd.logging( 1930): Api < 1203 java.lang.Thread.start()
I/org.umd.logging( 1930): Method > 1320 com.unity3d.player.WWW.run(com.unity3d.player.WWW@180618633<thread=1320>)
I/org.umd.logging( 1930): Method > 1320 com.unity3d.player.WWW.runSafe(com.unity3d.player.WWW@180618633<thread=1320>)
I/org.umd.logging( 1930): Api > 1320 java.net.URL.openConnection(java.net.URL@538724750<URL=http://cmprs.cmcm.com/rs/versionBase.maggic>)
I/org.umd.logging( 1930): Api < 1320 java.net.URL.openConnection(com.android.okhttp.internal.http.HttpURLConnectionImpl@1011402159)
W/Adreno-ES20( 1930): <process_gl_state_enables:519>: GL_INVALID_ENUM
I/org.umd.logging( 1930): Api > 1320 java.net.URLConnection.getInputStream(com.android.okhttp.internal.http.HttpURLConnectionImpl@1011402159)
I/org.umd.logging( 1930): Api < 1320 java.net.URLConnection.getInputStream(com.android.okio.RealBufferedSource$1@730967484)
I/org.umd.logging( 1930): Method < 1320 com.unity3d.player.WWW.runSafe()
I/org.umd.logging( 1930): Method < 1320 com.unity3d.player.WWW.run()
I/org.umd.logging( 1930): Method > 1196 com.facebook.GraphRequest$3.run(com.facebook.GraphRequest$3@1041723546)
I/org.umd.logging( 1930): Method < 1196 com.facebook.GraphRequest$3.run()
I/org.umd.logging( 1930): Method < 1196 com.facebook.a.c$1.run()
E/Cataloger( 5092): syncFile:/storage/emulated/0/2016-12-06_03:16:29.354.jpg
I/org.umd.logging( 1930): Method > 1302 com.xsj.crasheye.NativeExceptionHandler$2.run(com.xsj.crasheye.NativeExceptionHandler$2@994092071)
W/ResourceType( 1930): No known package when getting name for resource number 0xffffffff
I/org.umd.logging( 1930): Method > 1203 com.unity3d.player.UnityPlayer.executeGLThreadJobs(com.unity3d.player.UnityPlayer@478631621<file=2016-12-06_03:16:29.354><x=0><y=0><width=768><height=1280><id=-1>)
I/org.umd.logging( 1930): Method < 1203 com.unity3d.player.UnityPlayer.executeGLThreadJobs()
E/Cataloger( 5092): syncFile:/storage/emulated/0/2016-12-06_03:16:29.354.jpg
I/org.umd.logging( 1930): Method > 1311 com.umeng.analytics.g.run(u.aly.m$1@277346388)
I/org.umd.logging( 1930): Api > 1311 android.net.ConnectivityManager.getActiveNetworkInfo(android.net.ConnectivityManager@379104625)
I/org.umd.logging( 1930): Api < 1311 android.net.ConnectivityManager.getActiveNetworkInfo(android.net.NetworkInfo@478577661)
I/org.umd.logging( 1930): Method < 1311 com.umeng.analytics.g.run()
I/org.umd.logging( 1930): Api > 1203 java.lang.Thread.start(com.unity3d.player.WWW@875264242<thread=1321>)
I/org.umd.logging( 1930): Api < 1203 java.lang.Thread.start()
I/org.umd.logging( 1930): Method > 1321 com.unity3d.player.WWW.run(com.unity3d.player.WWW@875264242<thread=1321>)
I/org.umd.logging( 1930): Method > 1321 com.unity3d.player.WWW.runSafe(com.unity3d.player.WWW@875264242<thread=1321>)
I/org.umd.logging( 1930): Api > 1321 java.net.URL.openConnection(java.net.URL@847801155<URL=http://cmprs.cmcm.com/rs/1_4_0/Repositorys/ANDROID/Repository.maggic>)
I/org.umd.logging( 1930): Api < 1321 java.net.URL.openConnection(com.android.okhttp.internal.http.HttpURLConnectionImpl@227952064)
I/org.umd.logging( 1930): Api > 1321 java.net.URLConnection.getInputStream(com.android.okhttp.internal.http.HttpURLConnectionImpl@227952064)
I/org.umd.logging( 1930): Api < 1321 java.net.URLConnection.getInputStream(com.android.okio.RealBufferedSource$1@79454969)
I/org.umd.logging( 1930): Method < 1321 com.unity3d.player.WWW.runSafe()
I/org.umd.logging( 1930): Method < 1321 com.unity3d.player.WWW.run()
E/Cataloger( 5092): syncFile:/storage/emulated/0/2016-12-06_03:16:29.759.jpg
W/ResourceType( 1930): No known package when getting name for resource number 0xffffffff
I/org.umd.logging( 1930): Method > 1203 com.unity3d.player.UnityPlayer.executeGLThreadJobs(com.unity3d.player.UnityPlayer@478631621<file=2016-12-06_03:16:29.759><x=0><y=0><width=768><height=1280><id=-1>)
I/org.umd.logging( 1930): Method < 1203 com.unity3d.player.UnityPlayer.executeGLThreadJobs()
E/Cataloger( 5092): syncFile:/storage/emulated/0/2016-12-06_03:16:29.759.jpg
E/Cataloger( 5092): syncFile:/storage/emulated/0/2016-12-06_03:16:30.096.jpg
