I/org.umd.logging( 1263): Method > 1204 com.squareup.okhttp.internal.huc.HttpURLConnectionImpl.execute(com.squareup.okhttp.internal.huc.HttpURLConnectionImpl@317802985, true)
I/org.umd.logging( 1263): Api > 1205 java.net.Socket.<init>(java.net.Socket@381391119, java.net.Proxy@148263826)
I/org.umd.logging( 1263): Api < 1205 java.net.Socket.<init>(java.net.Socket@381391119)
W/ResourceType(  854): No known package when getting name for resource number 0xffffffff
I/org.umd.logging(  854): Method > 1183 com.unity3d.player.UnityPlayer.executeGLThreadJobs(com.unity3d.player.UnityPlayer@814445863<file=2016-12-06_03:14:51.064><x=0><y=0><width=768><height=1280><id=-1>)
I/org.umd.logging(  854): Method < 1183 com.unity3d.player.UnityPlayer.executeGLThreadJobs()
E/Cataloger( 5092): syncFile:/storage/emulated/0/2016-12-06_03:14:51.064.jpg
I/org.umd.logging( 1263): Method < 1201 com.weather.facade.WeatherDataManager.onReceiveWeatherData()
I/org.umd.logging( 1263): Method > 1201 com.weather.dal2.system.TwcBus$1.run(com.weather.dal2.system.TwcBus$1@846579330)
I/org.umd.logging( 1263): Method > 1201 com.weather.dal2.system.TwcBus$1.run(com.weather.dal2.system.TwcBus$1@846579330)
I/org.umd.logging( 1263): Method > 1201 com.weather.dal2.system.TwcBus$1.run(com.weather.dal2.system.TwcBus$1@846579330)
E/Cataloger( 5092): syncFile:/storage/emulated/0/2016-12-06_03:14:51.225.jpg
I/org.umd.logging( 1263): Method < 1204 com.squareup.okhttp.internal.huc.HttpURLConnectionImpl.execute(true)
I/org.umd.logging( 1263): Method > 1204 com.weather.util.net.HttpRequest$8.run(com.weather.util.net.HttpRequest$8@209435514)
I/org.umd.logging( 1263): Method < 1204 com.weather.util.net.HttpRequest$8.run(com.weather.util.net.HttpRequest@1042951979)
I/org.umd.logging( 1263): Api > 1204 android.content.ContentResolver.delete(android.app.ContextImpl$ApplicationContentResolver@1060377364, android.net.Uri$HierarchicalUri@949444488<URI=content://com.weather.weather.provider.breakingnews/breaking_news>, null, null)
I/org.umd.logging( 1263): Api > 1204 android.content.UriMatcher.match(android.content.UriMatcher@966431495, android.net.Uri$HierarchicalUri@503770164<URI=content://com.weather.weather.provider.breakingnews/breaking_news>)
I/org.umd.logging( 1263): Api < 1204 android.content.UriMatcher.match(100)
I/org.umd.logging( 1263): Api < 1204 android.content.ContentResolver.delete()
I/org.umd.logging( 1263): Method > 1201 com.weather.dal2.system.TwcBus$1.run(com.weather.dal2.system.TwcBus$1@846579330)
I/ActivityManager(  591): Killing 29986:com.google.android.apps.maps/u0a61 (adj 15): empty #17
D/WifiService(  591): Client connection lost with reason: 4
E/Cataloger( 5092): syncFile:/storage/emulated/0/Android/data/com.google.android.apps.maps/cache/cache_r.m
E/Cataloger( 5092): need not sync path:/storage/emulated/0/Android/data/com.google.android.apps.maps/cache/cache_r.m
W/ResourceType(  854): No known package when getting name for resource number 0xffffffff
I/org.umd.logging(  854): Method > 1183 com.unity3d.player.UnityPlayer.executeGLThreadJobs(com.unity3d.player.UnityPlayer@814445863<file=2016-12-06_03:14:51.225><x=0><y=0><width=768><height=1280><id=-1>)
I/org.umd.logging(  854): Method < 1183 com.unity3d.player.UnityPlayer.executeGLThreadJobs()
E/Cataloger( 5092): syncFile:/storage/emulated/0/2016-12-06_03:14:51.225.jpg
E/Cataloger( 5092): syncFile:/storage/emulated/0/2016-12-06_03:14:51.373.jpg
I/org.umd.logging( 1263): Method < 1205 com.squareup.okhttp.internal.huc.HttpURLConnectionImpl.execute(true)
I/org.umd.logging( 1263): Method > 1205 com.weather.util.net.HttpRequest$8.run(com.weather.util.net.HttpRequest$8@624990112)
I/org.umd.logging( 1263): Method < 1205 com.weather.util.net.HttpRequest$8.run(com.weather.util.net.HttpRequest@812875609)
W/ResourceType(  854): No known package when getting name for resource number 0xffffffff
I/org.umd.logging(  854): Method > 1183 com.unity3d.player.UnityPlayer.executeGLThreadJobs(com.unity3d.player.UnityPlayer@814445863<file=2016-12-06_03:14:51.373><x=0><y=0><width=768><height=1280><id=-1>)
I/org.umd.logging(  854): Method < 1183 com.unity3d.player.UnityPlayer.executeGLThreadJobs()
E/Cataloger( 5092): syncFile:/storage/emulated/0/2016-12-06_03:14:51.373.jpg
I/org.umd.logging( 1263): Method > 1201 com.weather.facade.WeatherDataManager.onReceiveWeatherData(com.weather.facade.WeatherDataManager@111625792, com.weather.dal2.dsx.RecordSets@701531934)
E/Cataloger( 5092): syncFile:/storage/emulated/0/2016-12-06_03:14:51.578.jpg
I/org.umd.logging( 1263): Method < 1201 com.weather.facade.WeatherDataManager.onReceiveWeatherData()
I/org.umd.logging( 1263): Method > 1201 com.weather.dal2.system.TwcBus$1.run(com.weather.dal2.system.TwcBus$1@846579330)
I/org.umd.logging( 1263): Method > 1201 com.weather.dal2.system.TwcBus$1.run(com.weather.dal2.system.TwcBus$1@846579330)
I/org.umd.logging( 1263): Method > 1201 com.weather.dal2.system.TwcBus$1.run(com.weather.dal2.system.TwcBus$1@846579330)
I/org.umd.logging( 1263): Method > 1201 com.weather.dal2.system.TwcBus$1.run(com.weather.dal2.system.TwcBus$1@846579330)
W/ResourceType(  854): No known package when getting name for resource number 0xffffffff
I/org.umd.logging(  854): Method > 1183 com.unity3d.player.UnityPlayer.executeGLThreadJobs(com.unity3d.player.UnityPlayer@814445863<file=2016-12-06_03:14:51.578><x=0><y=0><width=768><height=1280><id=-1>)
I/org.umd.logging(  854): Method < 1183 com.unity3d.player.UnityPlayer.executeGLThreadJobs()
E/Cataloger( 5092): syncFile:/storage/emulated/0/2016-12-06_03:14:51.578.jpg
E/Cataloger( 5092): syncFile:/storage/emulated/0/2016-12-06_03:14:51.715.jpg
W/ResourceType(  854): No known package when getting name for resource number 0xffffffff
I/org.umd.logging(  854): Method > 1183 com.unity3d.player.UnityPlayer.executeGLThreadJobs(com.unity3d.player.UnityPlayer@814445863<file=2016-12-06_03:14:51.715><x=0><y=0><width=768><height=1280><id=-1>)
I/org.umd.logging(  854): Method < 1183 com.unity3d.player.UnityPlayer.executeGLThreadJobs()
E/Cataloger( 5092): syncFile:/storage/emulated/0/2016-12-06_03:14:51.715.jpg
I/org.umd.logging(  854): Method > 1279 com.xsj.crasheye.NativeExceptionHandler$2.run(com.xsj.crasheye.NativeExceptionHandler$2@1071715560)
I/org.umd.logging(  854): Method > 1279 com.xsj.crasheye.NativeExceptionHandler$2.run(com.xsj.crasheye.NativeExceptionHandler$2@1071715560)
I/org.umd.logging(  854): Method > 1279 com.xsj.crasheye.NativeExceptionHandler$2.run(com.xsj.crasheye.NativeExceptionHandler$2@1071715560)
E/Cataloger( 5092): syncFile:/storage/emulated/0/2016-12-06_03:14:54.202.jpg
W/ResourceType(  854): No known package when getting name for resource number 0xffffffff
I/org.umd.logging(  854): Method > 1183 com.unity3d.player.UnityPlayer.executeGLThreadJobs(com.unity3d.player.UnityPlayer@814445863<file=2016-12-06_03:14:54.202><x=0><y=0><width=768><height=1280><id=-1>)
I/org.umd.logging(  854): Method < 1183 com.unity3d.player.UnityPlayer.executeGLThreadJobs()
E/Cataloger( 5092): syncFile:/storage/emulated/0/2016-12-06_03:14:54.202.jpg
E/Cataloger( 5092): syncFile:/storage/emulated/0/2016-12-06_03:14:54.398.jpg
W/ResourceType(  854): No known package when getting name for resource number 0xffffffff
I/org.umd.logging(  854): Method > 1183 com.unity3d.player.UnityPlayer.executeGLThreadJobs(com.unity3d.player.UnityPlayer@814445863<file=2016-12-06_03:14:54.398><x=0><y=0><width=768><height=1280><id=-1>)
I/org.umd.logging(  854): Method < 1183 com.unity3d.player.UnityPlayer.executeGLThreadJobs()
E/Cataloger( 5092): syncFile:/storage/emulated/0/2016-12-06_03:14:54.398.jpg
E/Cataloger( 5092): syncFile:/storage/emulated/0/2016-12-06_03:14:54.556.jpg
W/ResourceType(  854): No known package when getting name for resource number 0xffffffff
I/org.umd.logging(  854): Method > 1183 com.unity3d.player.UnityPlayer.executeGLThreadJobs(com.unity3d.player.UnityPlayer@814445863<file=2016-12-06_03:14:54.556><x=0><y=0><width=768><height=1280><id=-1>)
I/org.umd.logging(  854): Method < 1183 com.unity3d.player.UnityPlayer.executeGLThreadJobs()
E/Cataloger( 5092): syncFile:/storage/emulated/0/2016-12-06_03:14:54.556.jpg
E/Cataloger( 5092): syncFile:/storage/emulated/0/2016-12-06_03:14:54.717.jpg
W/ResourceType(  854): No known package when getting name for resource number 0xffffffff
I/org.umd.logging(  854): Method > 1183 com.unity3d.player.UnityPlayer.executeGLThreadJobs(com.unity3d.player.UnityPlayer@814445863<file=2016-12-06_03:14:54.717><x=0><y=0><width=768><height=1280><id=-1>)
I/org.umd.logging(  854): Method < 1183 com.unity3d.player.UnityPlayer.executeGLThreadJobs()
E/Cataloger( 5092): syncFile:/storage/emulated/0/2016-12-06_03:14:54.717.jpg
I/org.umd.logging(  854): Method > 1279 com.xsj.crasheye.NativeExceptionHandler$2.run(com.xsj.crasheye.NativeExceptionHandler$2@1071715560)
E/Cataloger( 5092): syncFile:/storage/emulated/0/2016-12-06_03:14:55.614.jpg
W/ResourceType(  854): No known package when getting name for resource number 0xffffffff
I/org.umd.logging(  854): Method > 1183 com.unity3d.player.UnityPlayer.executeGLThreadJobs(com.unity3d.player.UnityPlayer@814445863<file=2016-12-06_03:14:55.614><x=0><y=0><width=768><height=1280><id=-1>)
I/org.umd.logging(  854): Method < 1183 com.unity3d.player.UnityPlayer.executeGLThreadJobs()
E/Cataloger( 5092): syncFile:/storage/emulated/0/2016-12-06_03:14:55.614.jpg
E/Cataloger( 5092): syncFile:/storage/emulated/0/2016-12-06_03:14:55.795.jpg
W/ResourceType(  854): No known package when getting name for resource number 0xffffffff
I/org.umd.logging(  854): Method > 1183 com.unity3d.player.UnityPlayer.executeGLThreadJobs(com.unity3d.player.UnityPlayer@814445863<file=2016-12-06_03:14:55.795><x=0><y=0><width=768><height=1280><id=-1>)
I/org.umd.logging(  854): Method < 1183 com.unity3d.player.UnityPlayer.executeGLThreadJobs()
E/Cataloger( 5092): syncFile:/storage/emulated/0/2016-12-06_03:14:55.795.jpg
E/Cataloger( 5092): syncFile:/storage/emulated/0/2016-12-06_03:14:55.943.jpg
W/ResourceType(  854): No known package when getting name for resource number 0xffffffff
I/org.umd.logging(  854): Method > 1183 com.unity3d.player.UnityPlayer.executeGLThreadJobs(com.unity3d.player.UnityPlayer@814445863<file=2016-12-06_03:14:55.943><x=0><y=0><width=768><height=1280><id=-1>)
I/org.umd.logging(  854): Method < 1183 com.unity3d.player.UnityPlayer.executeGLThreadJobs()
E/Cataloger( 5092): syncFile:/storage/emulated/0/2016-12-06_03:14:55.943.jpg
I/org.umd.logging(  854): Method > 1279 com.xsj.crasheye.NativeExceptionHandler$2.run(com.xsj.crasheye.NativeExceptionHandler$2@1071715560)
I/org.umd.logging(  854): Api > 1183 android.content.ContentResolver.insert(android.app.ContextImpl$ApplicationContentResolver@357642656, android.net.Uri$StringUri@333167258<URI=content://com.turbochilli.rollingsky.internalpush_provider>, android.content.ContentValues@680145081)
I/org.umd.logging(  854): Api < 1183 android.content.ContentResolver.insert(android.net.Uri$StringUri@485186655<URI=content://com.turbochilli.rollingsky.internalpush_provider//data/data/com.turbochilli.rollingsky/cache/9cdc962ef6321ea84f87f91f1d0ff948_en.png>)
I/org.umd.logging(  854): Api > 1183 android.content.ContentResolver.insert(android.app.ContextImpl$ApplicationContentResolver@357642656, android.net.Uri$StringUri@333167258<URI=content://com.turbochilli.rollingsky.internalpush_provider>, android.content.ContentValues@383088300)
I/org.umd.logging(  854): Api < 1183 android.content.ContentResolver.insert(android.net.Uri$StringUri@940842869<URI=content://com.turbochilli.rollingsky.internalpush_provider//data/data/com.turbochilli.rollingsky/cache/fe9b1be39358ad1738a6f67078f96d3d_en1.png>)
I/org.umd.logging(  854): Api > 1183 android.content.ContentResolver.insert(android.app.ContextImpl$ApplicationContentResolver@357642656, android.net.Uri$StringUri@333167258<URI=content://com.turbochilli.rollingsky.internalpush_provider>, android.content.ContentValues@195377930)
I/org.umd.logging(  854): Api < 1183 android.content.ContentResolver.insert(android.net.Uri$StringUri@18046843<URI=content://com.turbochilli.rollingsky.internalpush_provider//data/data/com.turbochilli.rollingsky/cache/88e70bf59d3e1f0b6ef244601a16d09f_en.png>)
I/org.umd.logging(  854): Api > 1183 android.content.ContentResolver.insert(android.app.ContextImpl$ApplicationContentResolver@357642656, android.net.Uri$StringUri@333167258<URI=content://com.turbochilli.rollingsky.internalpush_provider>, android.content.ContentValues@813257112)
I/org.umd.logging(  854): Api < 1183 android.content.ContentResolver.insert(android.net.Uri$StringUri@236207601<URI=content://com.turbochilli.rollingsky.internalpush_provider//data/data/com.turbochilli.rollingsky/cache/fe9b1be39358ad1738a6f67078f96d3d_en1.png>)
I/org.umd.logging(  854): Api > 1183 android.content.ContentResolver.insert(android.app.ContextImpl$ApplicationContentResolver@357642656, android.net.Uri$StringUri@333167258<URI=content://com.turbochilli.rollingsky.internalpush_provider>, android.content.ContentValues@48496086)
I/org.umd.logging(  854): Api < 1183 android.content.ContentResolver.insert(android.net.Uri$StringUri@468613207<URI=content://com.turbochilli.rollingsky.internalpush_provider//data/data/com.turbochilli.rollingsky/cache/a4d1149cece61974cad55bbe01c886ea_en120310.png>)
I/org.umd.logging(  854): Api > 1183 android.content.ContentResolver.insert(android.app.ContextImpl$ApplicationContentResolver@357642656, android.net.Uri$StringUri@333167258<URI=content://com.turbochilli.rollingsky.internalpush_provider>, android.content.ContentValues@931000132)
I/org.umd.logging(  854): Api < 1183 android.content.ContentResolver.insert(android.net.Uri$StringUri@303941677<URI=content://com.turbochilli.rollingsky.internalpush_provider//data/data/com.turbochilli.rollingsky/cache/026e8955ba4dd7386d0d9c63bd1b2cd2_en120311.png>)
I/org.umd.logging(  854): Api > 1183 android.content.ContentResolver.insert(android.app.ContextImpl$ApplicationContentResolver@357642656, android.net.Uri$StringUri@333167258<URI=content://com.turbochilli.rollingsky.internalpush_provider>, android.content.ContentValues@158998882)
I/org.umd.logging(  854): Api < 1183 android.content.ContentResolver.insert(android.net.Uri$StringUri@855130867<URI=content://com.turbochilli.rollingsky.internalpush_provider/true>)
I/org.umd.logging(  854): Api > 1183 android.net.ConnectivityManager.getActiveNetworkInfo(android.net.ConnectivityManager@406545147)
I/org.umd.logging(  854): Api < 1183 android.net.ConnectivityManager.getActiveNetworkInfo(android.net.NetworkInfo@319601584)
I/org.umd.logging(  854): Api > 1183 android.net.ConnectivityManager.getActiveNetworkInfo(android.net.ConnectivityManager@406545147)
I/org.umd.logging(  854): Api < 1183 android.net.ConnectivityManager.getActiveNetworkInfo(android.net.NetworkInfo@398178857)
I/org.umd.logging(  854): Api > 1183 android.content.Context.startService(com.turbochilli.rollingsky.GameApp@724061, android.content.Intent@844951982<action=null><data=null><package=null><component=com.turbochilli.rollingsky/.commons.RollingSkyService><type=null><filter_hashcode=958551757><report_str_params=None><report_key_table_name=None><report_is_force=None><umd_Intent_key=None><command_start_key=None>)
I/org.umd.logging(  854): Api < 1183 android.content.Context.startService()
I/org.umd.logging(  708): Method > 1 com.turbochilli.rollingsky.commons.RollingSkyService.onStartCommand(com.turbochilli.rollingsky.commons.RollingSkyService@35564510, android.content.Intent@803876962<action=null><data=null><package=null><component=com.turbochilli.rollingsky/.commons.RollingSkyService><type=null><filter_hashcode=958551757><report_str_params=None><report_key_table_name=None><report_is_force=None><umd_Intent_key=None><command_start_key=None>, 0, 14)
I/org.umd.logging(  854): Method > 1 com.turbochilli.rollingsky.util.NativeUtil$1.run(com.turbochilli.rollingsky.util.NativeUtil$1@830071516)
I/org.umd.logging(  708): Method > 1190 com.turbochilli.rollingsky.util.f.run(com.turbochilli.rollingsky.util.f@255895027)
I/org.umd.logging(  708): Method < 1190 com.turbochilli.rollingsky.util.f.run()
I/org.umd.logging(  854): Api > 1 android.net.ConnectivityManager.getActiveNetworkInfo(android.net.ConnectivityManager@406545147)
I/org.umd.logging(  708): Method < 1 com.turbochilli.rollingsky.commons.RollingSkyService.onStartCommand(1)
I/org.umd.logging(  854): Api < 1 android.net.ConnectivityManager.getActiveNetworkInfo(android.net.NetworkInfo@103600101)
I/org.umd.logging(  854): Api > 1 android.net.ConnectivityManager.getActiveNetworkInfo(android.net.ConnectivityManager@406545147)
I/org.umd.logging(  854): Api < 1 android.net.ConnectivityManager.getActiveNetworkInfo(android.net.NetworkInfo@948599482)
I/org.umd.logging(  854): Api > 1 android.content.Context.startService(com.turbochilli.rollingsky.GameApp@724061, android.content.Intent@708255083<action=null><data=null><package=null><component=com.turbochilli.rollingsky/.commons.RollingSkyService><type=null><filter_hashcode=958551757><report_str_params=None><report_key_table_name=None><report_is_force=None><umd_Intent_key=None><command_start_key=None>)
I/org.umd.logging(  854): Api < 1 android.content.Context.startService()
I/org.umd.logging(  708): Method > 1 com.turbochilli.rollingsky.commons.RollingSkyService.onStartCommand(com.turbochilli.rollingsky.commons.RollingSkyService@35564510, android.content.Intent@586831145<action=null><data=null><package=null><component=com.turbochilli.rollingsky/.commons.RollingSkyService><type=null><filter_hashcode=958551757><report_str_params=None><report_key_table_name=None><report_is_force=None><umd_Intent_key=None><command_start_key=None>, 0, 15)
I/ActivityManager(  591): START u0 {cmp=com.turbochilli.rollingsky/com.cmplay.internalpush.ui.OpenScreenActivity (has extras)} from uid 10242 on display 0
I/org.umd.logging(  708): Api > 1191 android.content.Context.startService(com.turbochilli.rollingsky.GameApp@357642656, android.content.Intent@1040769712<action=start_service><data=null><package=null><component=com.turbochilli.rollingsky/com.cmplay.kinfoc.report.service.KinfocReportSerivce><type=null><filter_hashcode=877350283><table=None><umd_Intent_key=None><extra_type=None>)
I/org.umd.logging(  708): Method > 1190 com.turbochilli.rollingsky.util.f.run(com.turbochilli.rollingsky.util.f@826208430)
I/org.umd.logging(  708): Method < 1190 com.turbochilli.rollingsky.util.f.run()
V/WindowManager(  591): addAppToken: AppWindowToken{1204470b token=Token{1651c6da ActivityRecord{3bcf3885 u0 com.turbochilli.rollingsky/com.cmplay.internalpush.ui.OpenScreenActivity t100}}} to stack=1 task=100 at 1
I/org.umd.logging(  708): Method < 1 com.turbochilli.rollingsky.commons.RollingSkyService.onStartCommand(1)
I/org.umd.logging(  708): Api < 1191 android.content.Context.startService()
I/org.umd.logging(  854): Api > 1183 java.lang.Thread.start(com.unity3d.player.WWW@808472776<thread=1299>)
I/org.umd.logging(  854): Api < 1183 java.lang.Thread.start()
I/org.umd.logging(  708): Method > 1 com.cmplay.kinfoc.report.service.KinfocReportSerivce.onStartCommand(com.cmplay.kinfoc.report.service.KinfocReportSerivce@346551588, android.content.Intent@968207951<action=start_service><data=null><package=null><component=com.turbochilli.rollingsky/com.cmplay.kinfoc.report.service.KinfocReportSerivce><type=null><filter_hashcode=877350283><table=None><umd_Intent_key=None><extra_type=None>, 0, 34)
I/org.umd.logging(  708): Method < 1 com.cmplay.kinfoc.report.service.KinfocReportSerivce.onStartCommand(1)
I/org.umd.logging(  854): Method < 1 com.turbochilli.rollingsky.util.NativeUtil$1.run()
I/org.umd.logging(  854): Method > 1 com.turbochilli.rollingsky.AppActivity.onPause(com.turbochilli.rollingsky.AppActivity@50521844<activity=true>)
I/org.umd.logging(  854): Method > 1 com.prime31.UnityPlayerNativeActivity.onPause(com.turbochilli.rollingsky.AppActivity@50521844<activity=true>)
I/org.umd.logging(  854): Method > 1 com.unity3d.player.UnityPlayerNativeActivity.onPause(com.turbochilli.rollingsky.AppActivity@50521844<activity=true>)
I/org.umd.logging(  854): Method > 1299 com.unity3d.player.WWW.run(com.unity3d.player.WWW@808472776<thread=1299>)
I/org.umd.logging(  854): Method > 1 com.unity3d.player.UnityPlayerActivity.onPause(com.turbochilli.rollingsky.AppActivity@50521844<activity=true>)
I/org.umd.logging(  708): Api > 1191 android.content.Context.startService(com.turbochilli.rollingsky.GameApp@357642656, android.content.Intent@227637724<action=start_service><data=null><package=null><component=com.turbochilli.rollingsky/com.cmplay.kinfoc.report.service.KinfocReportSerivce><type=null><filter_hashcode=877350283><table=None><umd_Intent_key=None><extra_type=None>)
I/org.umd.logging(  854): Method > 1299 com.unity3d.player.WWW.runSafe(com.unity3d.player.WWW@808472776<thread=1299>)
I/org.umd.logging(  854): Api > 1299 java.net.URL.openConnection(java.net.URL@1071613281<URL=file:///storage/emulated/0/Android/data/com.turbochilli.rollingsky/files/ANDROID/Resources/201611231103/7d/Lv14icon1201.png>)
I/org.umd.logging(  854): Api < 1299 java.net.URL.openConnection(libcore.net.url.FileURLConnection@375239028)
I/org.umd.logging(  854): Api > 1299 java.net.URLConnection.getInputStream(libcore.net.url.FileURLConnection@375239028)
I/org.umd.logging(  854): Api < 1299 java.net.URLConnection.getInputStream(java.io.BufferedInputStream@725077731)
I/org.umd.logging(  854): Method < 1299 com.unity3d.player.WWW.runSafe()
I/org.umd.logging(  854): Method < 1299 com.unity3d.player.WWW.run()
I/org.umd.logging(  708): Api < 1191 android.content.Context.startService()
I/org.umd.logging(  708): Method > 1 com.cmplay.kinfoc.report.service.KinfocReportSerivce.onStartCommand(com.cmplay.kinfoc.report.service.KinfocReportSerivce@346551588, android.content.Intent@909777637<action=start_service><data=null><package=null><component=com.turbochilli.rollingsky/com.cmplay.kinfoc.report.service.KinfocReportSerivce><type=null><filter_hashcode=877350283><table=None><umd_Intent_key=None><extra_type=None>, 0, 35)
I/org.umd.logging(  708): Method < 1 com.cmplay.kinfoc.report.service.KinfocReportSerivce.onStartCommand(1)
I/org.umd.logging(  854): Api > 1183 android.net.ConnectivityManager.getActiveNetworkInfo(android.net.ConnectivityManager@406545147)
I/org.umd.logging(  854): Api < 1183 android.net.ConnectivityManager.getActiveNetworkInfo(android.net.NetworkInfo@241070304)
I/UnityAds(  854): com.unity3d.ads.android.UnityAds.canShow() (line:-1) :: Unity Ads is ready to show ads
W/ActivityManager(  591): Activity pause timeout for ActivityRecord{2cca6ed8 u0 com.turbochilli.rollingsky/.AppActivity t100}
W/Adreno-ES20(  854): <process_gl_state_enables:519>: GL_INVALID_ENUM
W/Adreno-ES20(  854): <process_gl_state_enables:519>: GL_INVALID_ENUM
W/Adreno-ES20(  854): <process_gl_state_enables:519>: GL_INVALID_ENUM
I/org.umd.logging(  854): Method > 1176 com.facebook.a.c$1.run(com.facebook.a.c$1@135165503)
I/org.umd.logging(  854): Api > 1176 java.net.URL.openConnection(java.net.URL@166312716<URL=https://graph.facebook.com/v2.6/1082192451854187/activities?access_token=&format=json&sdk=android>)
I/org.umd.logging(  854): Api < 1176 java.net.URL.openConnection(com.android.okhttp.internal.http.HttpsURLConnectionImpl@650804309)
I/org.umd.logging(  854): Method > 1242 com.turbochilli.rollingsky.util.g.run(com.turbochilli.rollingsky.util.g@886507114)
I/org.umd.logging(  854): Api > 1242 android.net.ConnectivityManager.getActiveNetworkInfo(android.net.ConnectivityManager@406545147)
I/org.umd.logging(  854): Api < 1242 android.net.ConnectivityManager.getActiveNetworkInfo(android.net.NetworkInfo@595474267)
I/org.umd.logging(  854): Api > 1242 android.net.ConnectivityManager.getActiveNetworkInfo(android.net.ConnectivityManager@406545147)
E/WifiStateMachine(  591): WifiStateMachine CMD_START_SCAN source -2 txSuccessRate=109.25 rxSuccessRate=149.24 targetRoamBSSID=b4:e9:b0:e5:06:d0 RSSI=-48
I/org.umd.logging(  854): Api < 1242 android.net.ConnectivityManager.getActiveNetworkInfo(android.net.NetworkInfo@1023245304)
I/org.umd.logging(  854): Method < 1242 com.turbochilli.rollingsky.util.g.run()
I/org.umd.logging(  854): Api > 1244 android.content.Context.startService(com.turbochilli.rollingsky.GameApp@724061, android.content.Intent@226724049<action=start_service><data=null><package=null><component=com.turbochilli.rollingsky/com.cmplay.kinfoc.report.service.KinfocReportSerivce><type=null><filter_hashcode=877350283><table=None><umd_Intent_key=None><extra_type=None>)
I/org.umd.logging(  854): Api < 1244 android.content.Context.startService()
I/org.umd.logging(  708): Method > 1 com.cmplay.kinfoc.report.service.KinfocReportSerivce.onStartCommand(com.cmplay.kinfoc.report.service.KinfocReportSerivce@346551588, android.content.Intent@1024289210<action=start_service><data=null><package=null><component=com.turbochilli.rollingsky/com.cmplay.kinfoc.report.service.KinfocReportSerivce><type=null><filter_hashcode=877350283><table=None><umd_Intent_key=None><extra_type=None>, 0, 36)
I/org.umd.logging(  708): Method < 1 com.cmplay.kinfoc.report.service.KinfocReportSerivce.onStartCommand(1)
W/libc    (  854): pthread_create sched_setscheduler call failed: Operation not permitted
W/Adreno-ES20(  854): <process_gl_state_enables:519>: GL_INVALID_ENUM
W/Adreno-ES20(  854): <process_gl_state_enables:519>: GL_INVALID_ENUM
W/Adreno-ES20(  854): <process_gl_state_enables:519>: GL_INVALID_ENUM
I/org.umd.logging(  854): Api > 1183 java.lang.Thread.start(com.unity3d.player.WWW@928456502<thread=1300>)
I/org.umd.logging(  854): Api < 1183 java.lang.Thread.start()
I/org.umd.logging(  854): Method > 1300 com.unity3d.player.WWW.run(com.unity3d.player.WWW@928456502<thread=1300>)
I/org.umd.logging(  854): Method > 1300 com.unity3d.player.WWW.runSafe(com.unity3d.player.WWW@928456502<thread=1300>)
I/org.umd.logging(  854): Api > 1300 java.net.URL.openConnection(java.net.URL@895413815<URL=http://cmprs.cmcm.com/rs/versionBase.maggic>)
I/org.umd.logging(  854): Method > 1242 com.turbochilli.rollingsky.util.g.run(com.turbochilli.rollingsky.util.g@462053284)
I/org.umd.logging(  854): Api > 1242 android.net.ConnectivityManager.getActiveNetworkInfo(android.net.ConnectivityManager@406545147)
I/org.umd.logging(  854): Api < 1242 android.net.ConnectivityManager.getActiveNetworkInfo(android.net.NetworkInfo@1072095501)
I/org.umd.logging(  854): Api > 1242 android.net.ConnectivityManager.getActiveNetworkInfo(android.net.ConnectivityManager@406545147)
I/org.umd.logging(  854): Api < 1242 android.net.ConnectivityManager.getActiveNetworkInfo(android.net.NetworkInfo@720238786)
I/org.umd.logging(  854): Method < 1242 com.turbochilli.rollingsky.util.g.run()
I/org.umd.logging(  854): Api > 1244 android.content.Context.startService(com.turbochilli.rollingsky.GameApp@724061, android.content.Intent@824850131<action=start_service><data=null><package=null><component=com.turbochilli.rollingsky/com.cmplay.kinfoc.report.service.KinfocReportSerivce><type=null><filter_hashcode=877350283><table=None><umd_Intent_key=None><extra_type=None>)
I/org.umd.logging(  854): Api < 1244 android.content.Context.startService()
I/org.umd.logging(  708): Method > 1 com.cmplay.kinfoc.report.service.KinfocReportSerivce.onStartCommand(com.cmplay.kinfoc.report.service.KinfocReportSerivce@346551588, android.content.Intent@348708971<action=start_service><data=null><package=null><component=com.turbochilli.rollingsky/com.cmplay.kinfoc.report.service.KinfocReportSerivce><type=null><filter_hashcode=877350283><table=None><umd_Intent_key=None><extra_type=None>, 0, 37)
I/org.umd.logging(  708): Method < 1 com.cmplay.kinfoc.report.service.KinfocReportSerivce.onStartCommand(1)
I/org.umd.logging(  854): Api < 1300 java.net.URL.openConnection(com.android.okhttp.internal.http.HttpURLConnectionImpl@98554384)
I/org.umd.logging(  854): Method > 1242 com.turbochilli.rollingsky.util.g.run(com.turbochilli.rollingsky.util.g@984449289)
I/org.umd.logging(  854): Api > 1242 android.net.ConnectivityManager.getActiveNetworkInfo(android.net.ConnectivityManager@406545147)
I/org.umd.logging(  854): Method > 1288 com.umeng.analytics.g.run(u.aly.m$1@791076622)
I/org.umd.logging(  854): Api > 1288 android.net.ConnectivityManager.getActiveNetworkInfo(android.net.ConnectivityManager@406545147)
I/org.umd.logging(  854): Api < 1288 android.net.ConnectivityManager.getActiveNetworkInfo(android.net.NetworkInfo@1045916975)
I/org.umd.logging(  854): Api < 1242 android.net.ConnectivityManager.getActiveNetworkInfo(android.net.NetworkInfo@265813820)
I/org.umd.logging(  854): Api > 1242 android.net.ConnectivityManager.getActiveNetworkInfo(android.net.ConnectivityManager@406545147)
I/org.umd.logging(  854): Api < 1242 android.net.ConnectivityManager.getActiveNetworkInfo(android.net.NetworkInfo@858006725)
I/org.umd.logging(  854): Method < 1242 com.turbochilli.rollingsky.util.g.run()
I/org.umd.logging(  854): Method < 1288 com.umeng.analytics.g.run()
I/org.umd.logging(  854): Api > 1244 android.content.Context.startService(com.turbochilli.rollingsky.GameApp@724061, android.content.Intent@1056300570<action=start_service><data=null><package=null><component=com.turbochilli.rollingsky/com.cmplay.kinfoc.report.service.KinfocReportSerivce><type=null><filter_hashcode=877350283><table=None><umd_Intent_key=None><extra_type=None>)
I/org.umd.logging(  854): Api < 1244 android.content.Context.startService()
I/org.umd.logging(  708): Method > 1 com.cmplay.kinfoc.report.service.KinfocReportSerivce.onStartCommand(com.cmplay.kinfoc.report.service.KinfocReportSerivce@346551588, android.content.Intent@195712968<action=start_service><data=null><package=null><component=com.turbochilli.rollingsky/com.cmplay.kinfoc.report.service.KinfocReportSerivce><type=null><filter_hashcode=877350283><table=None><umd_Intent_key=None><extra_type=None>, 0, 38)
I/org.umd.logging(  708): Method < 1 com.cmplay.kinfoc.report.service.KinfocReportSerivce.onStartCommand(1)
I/org.umd.logging(  854): Method > 1242 com.turbochilli.rollingsky.util.g.run(com.turbochilli.rollingsky.util.g@444050763)
I/org.umd.logging(  854): Api > 1242 android.net.ConnectivityManager.getActiveNetworkInfo(android.net.ConnectivityManager@406545147)
I/org.umd.logging(  854): Api < 1242 android.net.ConnectivityManager.getActiveNetworkInfo(android.net.NetworkInfo@247714600)
I/org.umd.logging(  854): Api > 1242 android.net.ConnectivityManager.getActiveNetworkInfo(android.net.ConnectivityManager@406545147)
I/org.umd.logging(  854): Api < 1242 android.net.ConnectivityManager.getActiveNetworkInfo(android.net.NetworkInfo@749160513)
I/org.umd.logging(  854): Api > 1244 android.content.Context.startService(com.turbochilli.rollingsky.GameApp@724061, android.content.Intent@511951334<action=start_service><data=null><package=null><component=com.turbochilli.rollingsky/com.cmplay.kinfoc.report.service.KinfocReportSerivce><type=null><filter_hashcode=877350283><table=None><umd_Intent_key=None><extra_type=None>)
I/org.umd.logging(  708): Method > 1 com.cmplay.kinfoc.report.service.KinfocReportSerivce.onStartCommand(com.cmplay.kinfoc.report.service.KinfocReportSerivce@346551588, android.content.Intent@183926881<action=start_service><data=null><package=null><component=com.turbochilli.rollingsky/com.cmplay.kinfoc.report.service.KinfocReportSerivce><type=null><filter_hashcode=877350283><table=None><umd_Intent_key=None><extra_type=None>, 0, 39)
I/org.umd.logging(  708): Method < 1 com.cmplay.kinfoc.report.service.KinfocReportSerivce.onStartCommand(1)
I/org.umd.logging(  854): Api < 1244 android.content.Context.startService()
I/org.umd.logging(  854): Method < 1242 com.turbochilli.rollingsky.util.g.run()
I/org.umd.logging(  854): Method > 1242 com.turbochilli.rollingsky.util.g.run(com.turbochilli.rollingsky.util.g@17945383)
I/org.umd.logging(  854): Api > 1242 android.net.ConnectivityManager.getActiveNetworkInfo(android.net.ConnectivityManager@406545147)
I/org.umd.logging(  854): Api < 1242 android.net.ConnectivityManager.getActiveNetworkInfo(android.net.NetworkInfo@437713364)
I/org.umd.logging(  854): Api > 1242 android.net.ConnectivityManager.getActiveNetworkInfo(android.net.ConnectivityManager@406545147)
I/org.umd.logging(  854): Api < 1242 android.net.ConnectivityManager.getActiveNetworkInfo(android.net.NetworkInfo@702490493)
I/org.umd.logging(  854): Method < 1242 com.turbochilli.rollingsky.util.g.run()
I/org.umd.logging(  854): Api > 1244 android.content.Context.startService(com.turbochilli.rollingsky.GameApp@724061, android.content.Intent@431625842<action=start_service><data=null><package=null><component=com.turbochilli.rollingsky/com.cmplay.kinfoc.report.service.KinfocReportSerivce><type=null><filter_hashcode=877350283><table=None><umd_Intent_key=None><extra_type=None>)
I/org.umd.logging(  854): Api < 1244 android.content.Context.startService()
I/org.umd.logging(  708): Method > 1 com.cmplay.kinfoc.report.service.KinfocReportSerivce.onStartCommand(com.cmplay.kinfoc.report.service.KinfocReportSerivce@346551588, android.content.Intent@840460166<action=start_service><data=null><package=null><component=com.turbochilli.rollingsky/com.cmplay.kinfoc.report.service.KinfocReportSerivce><type=null><filter_hashcode=877350283><table=None><umd_Intent_key=None><extra_type=None>, 0, 40)
I/org.umd.logging(  708): Method < 1 com.cmplay.kinfoc.report.service.KinfocReportSerivce.onStartCommand(1)
I/org.umd.logging(  854): Method > 1279 com.xsj.crasheye.NativeExceptionHandler$2.run(com.xsj.crasheye.NativeExceptionHandler$2@1071715560)
W/Adreno-ES20(  854): <process_gl_state_enables:519>: GL_INVALID_ENUM
I/org.umd.logging(  854): Api > 1300 java.net.URLConnection.getInputStream(com.android.okhttp.internal.http.HttpURLConnectionImpl@98554384)
I/org.umd.logging(  854): Api < 1300 java.net.URLConnection.getInputStream(com.android.okio.RealBufferedSource$1@893287107)
I/org.umd.logging(  854): Method < 1300 com.unity3d.player.WWW.runSafe()
I/org.umd.logging(  854): Method < 1300 com.unity3d.player.WWW.run()
E/Cataloger( 5092): syncFile:/storage/emulated/0/2016-12-06_03:14:57.193.jpg
W/ResourceType(  854): No known package when getting name for resource number 0xffffffff
I/org.umd.logging(  854): Method > 1183 com.unity3d.player.UnityPlayer.executeGLThreadJobs(com.unity3d.player.UnityPlayer@814445863<file=2016-12-06_03:14:57.193><x=0><y=0><width=768><height=1280><id=-1>)
I/org.umd.logging(  854): Method > 1183 com.unity3d.player.UnityPlayer$c.run(com.unity3d.player.UnityPlayer$8@718528320)
E/Cataloger( 5092): syncFile:/storage/emulated/0/2016-12-06_03:14:57.193.jpg
I/org.umd.logging(  854): Method < 1183 com.unity3d.player.UnityPlayer$c.run()
E/Cataloger( 5092): syncFile:/storage/emulated/0/2016-12-06_03:14:57.316.jpg
W/ResourceType(  854): No known package when getting name for resource number 0xffffffff
I/org.umd.logging(  854): Method > 1183 com.unity3d.player.UnityPlayer.executeGLThreadJobs(com.unity3d.player.UnityPlayer@814445863<file=2016-12-06_03:14:57.316><x=0><y=0><width=768><height=1280><id=-1>)
I/org.umd.logging(  854): Method > 1183 com.unity3d.player.UnityPlayer$c.run(com.unity3d.player.UnityPlayer$10@529475518)
E/Cataloger( 5092): syncFile:/storage/emulated/0/2016-12-06_03:14:57.316.jpg
I/org.umd.logging(  854): Method < 1183 com.unity3d.player.UnityPlayer$c.run()
I/org.umd.logging(  854): Method > 1176 com.facebook.GraphRequest$3.run(com.facebook.GraphRequest$3@95924076)
I/org.umd.logging(  854): Method < 1176 com.facebook.GraphRequest$3.run()
I/org.umd.logging(  854): Method < 1176 com.facebook.a.c$1.run()
E/Cataloger( 5092): syncFile:/storage/emulated/0/2016-12-06_03:14:57.437.jpg
W/ResourceType(  854): No known package when getting name for resource number 0xffffffff
I/org.umd.logging(  854): Method > 1183 com.unity3d.player.UnityPlayer.executeGLThreadJobs(com.unity3d.player.UnityPlayer@814445863<file=2016-12-06_03:14:57.437><x=0><y=0><width=768><height=1280><id=-1>)
I/org.umd.logging(  854): Method > 1183 com.unity3d.player.UnityPlayer$19.run(com.unity3d.player.UnityPlayer$19@101843402)
E/Cataloger( 5092): syncFile:/storage/emulated/0/2016-12-06_03:14:57.437.jpg
I/org.umd.logging(  854): Method > 1183 com.umeng.analytics.MobclickAgent.onResume(com.turbochilli.rollingsky.AppActivity@50521844<activity=true>, "572c79c3e0f55a654b002f85", "GooglePlay")
I/org.umd.logging(  854): Method < 1183 com.umeng.analytics.MobclickAgent.onResume()
I/org.umd.logging(  854): Method > 1287 com.umeng.analytics.g.run(com.umeng.analytics.d$1@1047691067)
I/MediaFocusControl(  591):  AudioFocus  abandonAudioFocus() from android.media.AudioManager@216c7271<native proxy object>
I/org.umd.logging(  854): Method < 1183 com.unity3d.player.UnityPlayer$19.run()
I/org.umd.logging(  854): Method < 1 com.unity3d.player.UnityPlayerActivity.onPause()
I/org.umd.logging(  854): Method < 1 com.unity3d.player.UnityPlayerNativeActivity.onPause()
I/org.umd.logging(  854): Method > 1 com.prime31.EtceteraPlugin.onPause()
I/org.umd.logging(  854): Method < 1 com.prime31.EtceteraPlugin.onPause()
I/org.umd.logging(  854): Method < 1 com.prime31.UnityPlayerNativeActivity.onPause()
I/AppsFlyer_3.0(  854): onActivityPause called
I/org.umd.logging(  854): Method > 1 com.turbochilli.rollingsky.ad.b.d.a.onPaused(com.turbochilli.rollingsky.ad.b.d.a@498929835, com.turbochilli.rollingsky.AppActivity@50521844)
I/org.umd.logging(  854): Method < 1 com.turbochilli.rollingsky.ad.b.d.a.onPaused()
I/org.umd.logging(  854): Method > 1175 com.facebook.a.e$2.run(com.facebook.a.e$2@179422129)
I/org.umd.logging(  854): Method > 1 com.turbochilli.rollingsky.ad.b.b.a.onPaused(com.turbochilli.rollingsky.ad.b.b.a@83011508, com.turbochilli.rollingsky.AppActivity@50521844)
I/org.umd.logging(  854): Method > 1 com.chartboost.sdk.Chartboost.onPause(com.turbochilli.rollingsky.AppActivity@50521844<activity=true>)
I/org.umd.logging(  854): Method < 1175 com.facebook.a.e$2.run()
I/org.umd.logging(  854): Method > 1 com.chartboost.sdk.Chartboost$34.run(com.chartboost.sdk.Chartboost$34@511693847)
I/org.umd.logging(  854): Method < 1 com.chartboost.sdk.Chartboost$34.run()
I/org.umd.logging(  854): Method < 1 com.chartboost.sdk.Chartboost.onPause()
I/org.umd.logging(  854): Method < 1 com.turbochilli.rollingsky.ad.b.b.a.onPaused()
I/org.umd.logging(  854): Method > 1 com.turbochilli.rollingsky.ad.a.b.onPaused(com.turbochilli.rollingsky.ad.interstitial.admob.AdmobAds@603875850, com.turbochilli.rollingsky.AppActivity@50521844)
I/org.umd.logging(  854): Method < 1 com.turbochilli.rollingsky.ad.a.b.onPaused()
I/org.umd.logging(  854): Method > 1 com.turbochilli.rollingsky.ad.a.b.onPaused(com.turbochilli.rollingsky.ad.b.c.a@701224173, com.turbochilli.rollingsky.AppActivity@50521844)
I/org.umd.logging(  854): Method < 1 com.turbochilli.rollingsky.ad.a.b.onPaused()
I/org.umd.logging(  854): Method < 1 com.turbochilli.rollingsky.AppActivity.onPause()
I/org.umd.logging(  854): Method < 1287 com.umeng.analytics.g.run()
I/Choreographer(  854): Skipped 83 frames!  The application may be doing too much work on its main thread.
I/org.umd.logging(  854): Method > 1 com.cmplay.internalpush.ui.OpenScreenActivity.onCreate(com.cmplay.internalpush.ui.OpenScreenActivity@544074221<activity=true>, null)
E/Cataloger( 5092): syncFile:/storage/emulated/0/2016-12-06_03:14:57.610.jpg
I/org.umd.logging(  854): Method < 1 com.cmplay.internalpush.ui.OpenScreenActivity.onCreate()
I/org.umd.logging(  854): Method > 1 com.cmplay.internalpush.ui.OpenScreenActivity.onStart(com.cmplay.internalpush.ui.OpenScreenActivity@544074221<activity=true>)
I/org.umd.logging(  854): Method < 1 com.cmplay.internalpush.ui.OpenScreenActivity.onStart()
I/org.umd.logging(  854): Method > 1 com.cmplay.internalpush.ui.OpenScreenActivity.onResume(com.cmplay.internalpush.ui.OpenScreenActivity@544074221<activity=true>)
I/org.umd.logging(  854): Method < 1 com.cmplay.internalpush.ui.OpenScreenActivity.onResume()
V/WindowManager(  591): Adding window Window{154fd801 u0 com.turbochilli.rollingsky/com.cmplay.internalpush.ui.OpenScreenActivity} at 5 of 11 (after Window{3568f09d u0 com.turbochilli.rollingsky/com.turbochilli.rollingsky.AppActivity})
I/org.umd.logging(  854): Method > 1 com.unity3d.player.UnityPlayer$7.run(com.unity3d.player.UnityPlayer$7@437678458)
I/org.umd.logging(  854): Method < 1 com.unity3d.player.UnityPlayer$7.run()
W/ResourceType(  854): No known package when getting name for resource number 0xffffffff
I/org.umd.logging(  854): Method > 1183 com.unity3d.player.UnityPlayer.executeGLThreadJobs(com.unity3d.player.UnityPlayer@814445863<file=2016-12-06_03:14:57.610><x=0><y=0><width=768><height=1280><id=-1>)
I/org.umd.logging(  854): Method > 1183 com.unity3d.player.UnityPlayer$21.run(com.unity3d.player.UnityPlayer$21@813542699)
E/Cataloger( 5092): syncFile:/storage/emulated/0/2016-12-06_03:14:57.610.jpg
I/org.umd.logging(  854): Method < 1183 com.unity3d.player.UnityPlayer$21.run()
W/ResourceType(  854): No known package when getting name for resource number 0xffffffff
I/org.umd.logging(  854): Method > 1183 com.unity3d.player.UnityPlayer.executeGLThreadJobs(com.unity3d.player.UnityPlayer@814445863<file=><x=0><y=0><width=768><height=1280><id=-1>)
I/org.umd.logging(  854): Method < 1183 com.unity3d.player.UnityPlayer.executeGLThreadJobs()
W/ResourceType(  854): No known package when getting name for resource number 0xffffffff
I/org.umd.logging(  854): Method > 1183 com.unity3d.player.UnityPlayer.executeGLThreadJobs(com.unity3d.player.UnityPlayer@814445863<file=><x=0><y=0><width=768><height=1280><id=-1>)
I/org.umd.logging(  854): Method < 1183 com.unity3d.player.UnityPlayer.executeGLThreadJobs()
W/ResourceType(  854): No known package when getting name for resource number 0xffffffff
I/org.umd.logging(  854): Method > 1183 com.unity3d.player.UnityPlayer.executeGLThreadJobs(com.unity3d.player.UnityPlayer@814445863<file=><x=0><y=0><width=768><height=1280><id=-1>)
I/org.umd.logging(  854): Method < 1183 com.unity3d.player.UnityPlayer.executeGLThreadJobs()
I/ActivityManager(  591): Displayed com.turbochilli.rollingsky/com.cmplay.internalpush.ui.OpenScreenActivity: +1s116ms
E/Cataloger( 5092): syncFile:/storage/emulated/0/2016-12-06_03:14:57.775.jpg
W/ResourceType(  854): No known package when getting name for resource number 0xffffffff
E/Cataloger( 5092): syncFile:/storage/emulated/0/2016-12-06_03:14:57.775.jpg
I/org.umd.logging(  854): Method > 1183 com.unity3d.player.UnityPlayer.executeGLThreadJobs(com.unity3d.player.UnityPlayer@814445863<file=2016-12-06_03:14:57.775><x=0><y=0><width=768><height=1280><id=-1>)
I/org.umd.logging(  854): Method < 1183 com.unity3d.player.UnityPlayer.executeGLThreadJobs()
I/org.umd.logging(  854): Method > 1279 com.xsj.crasheye.NativeExceptionHandler$2.run(com.xsj.crasheye.NativeExceptionHandler$2@1071715560)
I/org.umd.logging(  854): Method > 1279 com.xsj.crasheye.NativeExceptionHandler$2.run(com.xsj.crasheye.NativeExceptionHandler$2@1071715560)
E/Cataloger( 5092): syncFile:/storage/emulated/0/2016-12-06_03:14:59.624.jpg
W/ResourceType(  854): No package identifier when getting name for resource number 0x00000002
I/org.umd.logging(  854): Method > 1 com.cmplay.internalpush.ui.OpenScreenActivity.onClick(com.cmplay.internalpush.ui.OpenScreenActivity@544074221<activity=true>, android.widget.ImageView@1019869985<file=2016-12-06_03:14:59.624><x=625><y=58><width=70><height=70><id=2>)
I/org.umd.logging(  854): Api > 1 android.net.ConnectivityManager.getActiveNetworkInfo(android.net.ConnectivityManager@406545147)
E/Cataloger( 5092): syncFile:/storage/emulated/0/2016-12-06_03:14:59.624.jpg
I/org.umd.logging(  854): Api < 1 android.net.ConnectivityManager.getActiveNetworkInfo(android.net.NetworkInfo@151661382)
I/org.umd.logging(  854): Api > 1 android.net.ConnectivityManager.getActiveNetworkInfo(android.net.ConnectivityManager@406545147)
I/org.umd.logging(  854): Api < 1 android.net.ConnectivityManager.getActiveNetworkInfo(android.net.NetworkInfo@816312583)
I/org.umd.logging(  854): Api > 1 android.content.Context.startService(com.turbochilli.rollingsky.GameApp@724061, android.content.Intent@358347316<action=null><data=null><package=null><component=com.turbochilli.rollingsky/.commons.RollingSkyService><type=null><filter_hashcode=958551757><report_str_params=None><report_key_table_name=None><report_is_force=None><umd_Intent_key=None><command_start_key=None>)
I/org.umd.logging(  854): Api < 1 android.content.Context.startService()
I/org.umd.logging(  708): Method > 1 com.turbochilli.rollingsky.commons.RollingSkyService.onStartCommand(com.turbochilli.rollingsky.commons.RollingSkyService@35564510, android.content.Intent@462624839<action=null><data=null><package=null><component=com.turbochilli.rollingsky/.commons.RollingSkyService><type=null><filter_hashcode=958551757><report_str_params=None><report_key_table_name=None><report_is_force=None><umd_Intent_key=None><command_start_key=None>, 0, 16)
I/org.umd.logging(  708): Method > 1190 com.turbochilli.rollingsky.util.f.run(com.turbochilli.rollingsky.util.f@485566580)
I/org.umd.logging(  708): Method < 1190 com.turbochilli.rollingsky.util.f.run()
I/org.umd.logging(  708): Method < 1 com.turbochilli.rollingsky.commons.RollingSkyService.onStartCommand(1)
I/org.umd.logging(  708): Api > 1191 android.content.Context.startService(com.turbochilli.rollingsky.GameApp@357642656, android.content.Intent@179945885<action=start_service><data=null><package=null><component=com.turbochilli.rollingsky/com.cmplay.kinfoc.report.service.KinfocReportSerivce><type=null><filter_hashcode=877350283><table=None><umd_Intent_key=None><extra_type=None>)
I/org.umd.logging(  854): Method < 1 com.cmplay.internalpush.ui.OpenScreenActivity.onClick()
I/org.umd.logging(  854): Method > 1 com.cmplay.internalpush.ui.OpenScreenActivity.onPause(com.cmplay.internalpush.ui.OpenScreenActivity@544074221<activity=true>)
I/org.umd.logging(  708): Api < 1191 android.content.Context.startService()
I/org.umd.logging(  854): Method < 1 com.cmplay.internalpush.ui.OpenScreenActivity.onPause()
I/org.umd.logging(  708): Method > 1 com.cmplay.kinfoc.report.service.KinfocReportSerivce.onStartCommand(com.cmplay.kinfoc.report.service.KinfocReportSerivce@346551588, android.content.Intent@109278738<action=start_service><data=null><package=null><component=com.turbochilli.rollingsky/com.cmplay.kinfoc.report.service.KinfocReportSerivce><type=null><filter_hashcode=877350283><table=None><umd_Intent_key=None><extra_type=None>, 0, 41)
I/org.umd.logging(  708): Method < 1 com.cmplay.kinfoc.report.service.KinfocReportSerivce.onStartCommand(1)
I/org.umd.logging(  854): Method > 1 com.turbochilli.rollingsky.AppActivity.onResume(com.turbochilli.rollingsky.AppActivity@50521844<activity=true>)
I/org.umd.logging(  854): Method > 1 com.prime31.UnityPlayerNativeActivity.onResume(com.turbochilli.rollingsky.AppActivity@50521844<activity=true>)
I/org.umd.logging(  854): Method > 1 com.unity3d.player.UnityPlayerNativeActivity.onResume(com.turbochilli.rollingsky.AppActivity@50521844<activity=true>)
I/org.umd.logging(  854): Method > 1 com.unity3d.player.UnityPlayerActivity.onResume(com.turbochilli.rollingsky.AppActivity@50521844<activity=true>)
I/org.umd.logging(  854): Method < 1 com.unity3d.player.UnityPlayerActivity.onResume()
I/org.umd.logging(  854): Method < 1 com.unity3d.player.UnityPlayerNativeActivity.onResume()
I/org.umd.logging(  854): Method > 1 com.prime31.PlayGameServicesPlugin.onResume()
I/Prime31-TBMP(  854): wiring up OnTurnBasedMatchUpdateReceivedListener
I/org.umd.logging(  854): Method > 1 com.prime31.EtceteraPlugin.onResume()
I/org.umd.logging(  854): Method < 1 com.prime31.EtceteraPlugin.onResume()
I/org.umd.logging(  854): Method < 1 com.prime31.UnityPlayerNativeActivity.onResume()
I/AppsFlyer_3.0(  854): onActivityResume called
I/org.umd.logging(  854): Method > 1175 com.facebook.a.e$1.run(com.facebook.a.e$1@606742621)
I/org.umd.logging(  854): Method > 1169 com.facebook.i$4.run(com.facebook.i$4@321762770)
I/org.umd.logging(  854): Method > 1 com.turbochilli.rollingsky.ad.b.d.a.onResume(com.turbochilli.rollingsky.ad.b.d.a@498929835, com.turbochilli.rollingsky.AppActivity@50521844)
I/org.umd.logging(  854): Method < 1175 com.facebook.a.e$1.run()
I/org.umd.logging(  854): Method < 1 com.turbochilli.rollingsky.ad.b.d.a.onResume()
I/org.umd.logging(  854): Method > 1 com.turbochilli.rollingsky.ad.b.b.a.onResume(com.turbochilli.rollingsky.ad.b.b.a@83011508, com.turbochilli.rollingsky.AppActivity@50521844)
I/org.umd.logging(  854): Method > 1 com.chartboost.sdk.Chartboost.onResume(com.turbochilli.rollingsky.AppActivity@50521844<activity=true>)
I/org.umd.logging(  854): Method > 1 com.chartboost.sdk.Chartboost$33.run(com.chartboost.sdk.Chartboost$33@172529315)
I/org.umd.logging(  854): Method < 1 com.chartboost.sdk.Chartboost$33.run()
I/org.umd.logging(  854): Method < 1 com.chartboost.sdk.Chartboost.onResume()
I/org.umd.logging(  854): Method < 1169 com.facebook.i$4.run()
I/org.umd.logging(  854): Method > 1 com.chartboost.sdk.Chartboost$5.run(com.chartboost.sdk.Chartboost$5@258338137)
I/org.umd.logging(  854): Method < 1 com.chartboost.sdk.Chartboost$5.run()
I/org.umd.logging(  854): Method < 1 com.turbochilli.rollingsky.ad.b.b.a.onResume()
I/org.umd.logging(  854): Method > 1 com.turbochilli.rollingsky.ad.a.b.onResume(com.turbochilli.rollingsky.ad.interstitial.admob.AdmobAds@603875850, com.turbochilli.rollingsky.AppActivity@50521844)
I/org.umd.logging(  854): Method < 1 com.turbochilli.rollingsky.ad.a.b.onResume()
I/org.umd.logging(  854): Method > 1 com.turbochilli.rollingsky.ad.b.c.a.onResume(com.turbochilli.rollingsky.ad.b.c.a@701224173, com.turbochilli.rollingsky.AppActivity@50521844)
I/org.umd.logging(  854): Method < 1 com.turbochilli.rollingsky.ad.b.c.a.onResume()
I/org.umd.logging(  854): Method < 1 com.turbochilli.rollingsky.AppActivity.onResume()
I/org.umd.logging(  708): Method > 1 com.cleanmaster.base.crash.util.debug.b.run(com.cleanmaster.base.crash.util.debug.b@614779553)
