--------- beginning of system
I/ActivityManager(  591): START u0 {act=android.intent.action.MAIN cat=[android.intent.category.LAUNCHER] flg=0x10200000 cmp=com.turbochilli.rollingsky/.AppActivity (has extras)} from uid 10014 on display 0
V/WindowManager(  591): addAppToken: AppWindowToken{19a34698 token=Token{f88087b ActivityRecord{37cee80a u0 com.turbochilli.rollingsky/.AppActivity t101}}} to stack=1 task=101 at 0
V/WindowManager(  591): Adding window Window{26382b29 u0 Starting com.turbochilli.rollingsky} at 3 of 9 (after Window{23fbe5b3 u0 com.android.launcher/com.android.launcher2.Launcher})
I/ActivityManager(  591): Start proc 1930:com.turbochilli.rollingsky/u0a242 for activity com.turbochilli.rollingsky/.AppActivity
E/ActivityThread( 1930): Failed to find provider info for com.facebook.katana.provider.AttributionIdProvider
D/ConnectivityService(  591): listenForNetwork for NetworkRequest [ id=65, legacyType=-1, [ Capabilities: INTERNET&NOT_RESTRICTED&TRUSTED] ]
D/ConnectivityService(  591): handleRegisterNetworkRequest checking NetworkAgentInfo [WIFI () - 100]
D/ConnectivityService(  591): apparently satisfied.  currentScore=60
W/ResourcesManager( 1930): Asset path '/system/framework/com.android.media.remotedisplay.jar' does not exist or contains no resources.
W/ResourcesManager( 1930): Asset path '/system/framework/com.android.location.provider.jar' does not exist or contains no resources.
W/ResourcesManager( 1930): Asset path '/system/framework/com.android.media.remotedisplay.jar' does not exist or contains no resources.
W/ResourcesManager( 1930): Asset path '/system/framework/com.android.location.provider.jar' does not exist or contains no resources.
W/ActivityManager(  591): getRunningAppProcesses: caller 10242 does not hold REAL_GET_TASKS; limiting output
V/WindowManager(  591): Adding window Window{365f6a07 u0 com.turbochilli.rollingsky/com.turbochilli.rollingsky.AppActivity} at 3 of 10 (before Window{26382b29 u0 Starting com.turbochilli.rollingsky})
D/ConnectivityService(  591): listenForNetwork for NetworkRequest [ id=66, legacyType=-1, [ Capabilities: INTERNET&NOT_RESTRICTED&TRUSTED] ]
D/ConnectivityService(  591): handleRegisterNetworkRequest checking NetworkAgentInfo [WIFI () - 100]
D/ConnectivityService(  591): apparently satisfied.  currentScore=60
--------- beginning of main
W/System.err( 1930): 	at com.cmplay.libinnerpushvideo.video.d.a(InnerPushVideoManager.java)
W/System.err( 1930): 	at com.turbochilli.rollingsky.cloud.CloudUpdateReceiver.onReceive(CloudUpdateReceiver.java)
W/System.err( 1930): 	at android.app.LoadedApk$ReceiverDispatcher$Args.run(LoadedApk.java:866)
W/System.err( 1930): 	at android.os.Handler.handleCallback(Handler.java:739)
W/System.err( 1930): 	at android.os.Handler.dispatchMessage(Handler.java:95)
W/System.err( 1930): 	at android.os.Looper.loop(Looper.java:135)
W/System.err( 1930): 	at android.app.ActivityThread.main(ActivityThread.java:5254)
W/System.err( 1930): 	at java.lang.reflect.Method.invoke(Native Method)
W/System.err( 1930): 	at java.lang.reflect.Method.invoke(Method.java:372)
W/System.err( 1930): 	at com.android.internal.os.ZygoteInit$MethodAndArgsCaller.run(ZygoteInit.java:903)
W/System.err( 1930): 	at com.android.internal.os.ZygoteInit.main(ZygoteInit.java:698)
I/org.umd.logging( 1930): Method > 1265 com.cmplay.libinnerpushvideo.data.ParseCloudDataVideo$1.run(com.cmplay.libinnerpushvideo.data.ParseCloudDataVideo$1@753018917)
I/org.umd.logging( 1930): Api > 1199 android.content.ContentResolver.insert(android.app.ContextImpl$ApplicationContentResolver@357642656, android.net.Uri$StringUri@721289659<URI=content://com.turbochilli.rollingsky.internalpush_provider>, android.content.ContentValues@908365306)
I/org.umd.logging( 1930): Api < 1199 android.content.ContentResolver.insert(android.net.Uri$StringUri@976146347<URI=content://com.turbochilli.rollingsky.internalpush_provider/>)
I/org.umd.logging( 1930): Method < 1265 com.cmplay.libinnerpushvideo.data.ParseCloudDataVideo$1.run()
I/org.umd.logging( 1930): Api > 1 android.net.ConnectivityManager.getActiveNetworkInfo(android.net.ConnectivityManager@379104625)
I/org.umd.logging( 1930): Method > 1238 com.applovin.impl.sdk.dc.run(com.applovin.impl.sdk.cs@439493025)
I/org.umd.logging( 1930): Api < 1 android.net.ConnectivityManager.getActiveNetworkInfo(android.net.NetworkInfo@287150022)
I/org.umd.logging( 1930): Api > 1 android.net.ConnectivityManager.getActiveNetworkInfo(android.net.ConnectivityManager@379104625)
I/org.umd.logging( 1930): Api < 1 android.net.ConnectivityManager.getActiveNetworkInfo(android.net.NetworkInfo@76069767)
I/org.umd.logging( 1930): Api > 1 android.content.Context.startService(com.turbochilli.rollingsky.GameApp@724061, android.content.Intent@684010164<action=null><data=null><package=null><component=com.turbochilli.rollingsky/.commons.RollingSkyService><type=null><filter_hashcode=958551757><report_str_params=None><report_key_table_name=None><report_is_force=None><umd_Intent_key=None><command_start_key=None>)
I/org.umd.logging( 1930): Api < 1 android.content.Context.startService()
I/org.umd.logging( 1930): Method < 1 com.turbochilli.rollingsky.cloud.CloudUpdateReceiver.onReceive()
I/org.umd.logging( 1676): Method > 1 com.turbochilli.rollingsky.commons.RollingSkyService.onStartCommand(com.turbochilli.rollingsky.commons.RollingSkyService@35564510, android.content.Intent@603875850<action=null><data=null><package=null><component=com.turbochilli.rollingsky/.commons.RollingSkyService><type=null><filter_hashcode=958551757><report_str_params=None><report_key_table_name=None><report_is_force=None><umd_Intent_key=None><command_start_key=None>, 0, 22)
I/org.umd.logging( 1676): Method < 1 com.turbochilli.rollingsky.commons.RollingSkyService.onStartCommand(1)
I/org.umd.logging( 1676): Method > 1206 com.turbochilli.rollingsky.util.f.run(com.turbochilli.rollingsky.util.f@626942587)
I/org.umd.logging( 1676): Method < 1206 com.turbochilli.rollingsky.util.f.run()
I/org.umd.logging( 1676): Api > 1207 android.content.Context.startService(com.turbochilli.rollingsky.GameApp@357642656, android.content.Intent@290691224<action=start_service><data=null><package=null><component=com.turbochilli.rollingsky/com.cmplay.kinfoc.report.service.KinfocReportSerivce><type=null><filter_hashcode=877350283><table=None><umd_Intent_key=None><extra_type=None>)
I/org.umd.logging( 1676): Method > 1 com.cmplay.kinfoc.report.service.KinfocReportSerivce.onStartCommand(com.cmplay.kinfoc.report.service.KinfocReportSerivce@906791053, android.content.Intent@916879601<action=start_service><data=null><package=null><component=com.turbochilli.rollingsky/com.cmplay.kinfoc.report.service.KinfocReportSerivce><type=null><filter_hashcode=877350283><table=None><umd_Intent_key=None><extra_type=None>, 0, 56)
I/org.umd.logging( 1676): Method < 1 com.cmplay.kinfoc.report.service.KinfocReportSerivce.onStartCommand(1)
I/org.umd.logging( 1676): Api < 1207 android.content.Context.startService()
I/org.umd.logging( 1930): Method > 1 com.mobvista.msdk.mvnative.c.b$4$1.run(com.mobvista.msdk.mvnative.c.b$4$1@531335459)
I/b       ( 1930): START LOAD MV MVNATIVE
D/MD5     ( 1930): 29629453be707068939dc327bcdd597191d39
E/b       ( 1930): nativeinfo[{"id":2,"ad_num":10}]
I/org.umd.logging( 1930): Api > 1231 android.telephony.TelephonyManager.getDeviceId(android.telephony.TelephonyManager@266101721)
I/org.umd.logging( 1930): Api > 1231 android.net.wifi.WifiManager.getConnectionInfo(android.net.wifi.WifiManager@497070736)
I/org.umd.logging( 1930): Api < 1231 android.net.wifi.WifiManager.getConnectionInfo(android.net.wifi.WifiInfo@974705054)
I/org.umd.logging( 1930): Api > 1238 android.net.ConnectivityManager.getActiveNetworkInfo(android.net.ConnectivityManager@379104625)
I/org.umd.logging( 1930): Api < 1238 android.net.ConnectivityManager.getActiveNetworkInfo(android.net.NetworkInfo@178492543)
I/org.umd.logging( 1930): Api > 1 android.net.ConnectivityManager.getActiveNetworkInfo(android.net.ConnectivityManager@379104625)
I/org.umd.logging( 1930): Api < 1 android.net.ConnectivityManager.getActiveNetworkInfo(android.net.NetworkInfo@941562956)
I/org.umd.logging( 1930): Api > 1 android.net.ConnectivityManager.getActiveNetworkInfo(android.net.ConnectivityManager@379104625)
I/org.umd.logging( 1930): Api < 1 android.net.ConnectivityManager.getActiveNetworkInfo(android.net.NetworkInfo@245785749)
I/org.umd.logging( 1930): Api > 1199 android.content.ContentResolver.insert(android.app.ContextImpl$ApplicationContentResolver@357642656, android.net.Uri$StringUri@721289659<URI=content://com.turbochilli.rollingsky.internalpush_provider>, android.content.ContentValues@289911096)
I/System  ( 1930): Loaded time zone names for "en" in 81ms (79ms in ICU)
D/BaseHttpRequest( 1930): request url: http://net.rayjump.com/openapi/ad/v3
D/BaseHttpRequest( 1930): request params: app_id=29629&unit_id=3444&req_type=1&only_impression=1&sign=ae01c2aa30d78836cb18bc4405456410&ad_num=10&native_info=[{"id":2,"ad_num":10}]&ping_mode=1&ttc_ids=[]&tnum=10&offset=0&ad_type=42&ad_source_id=1&platform=1&os_version=5.1.1&package_name=com.turbochilli.rollingsky&app_version_name=1.3.6.1&app_version_code=10100045&orientation=1&model=Nexus 4&brand=google&gaid=229d4aea-d76e-47c3-ad88-1eafdf3529f0&mnc=&mcc=&network_type=9&language=en&timezone=EST&useragent=Mozilla/5.0 (Linux; Android 5.1.1; Nexus 4 Build/LMY48T; wv) AppleWebKit/537.36 (KHTML, like Gecko) Version/4.0 Chrome/54.0.2840.85 Mobile Safari/537.36&sdk_version=MAL_7.6.39&gp_version=7.2.13.J-all [0] [PR] 138561921&screen_size=768x1184&dvi=4BztYrxBYFQ3+FQ3RUE0HaJtfUD2G7RMDAibf7iAfBzK
D/BaseHttpRequest( 1930): request method: GET
I/org.umd.logging( 1930): Api > 1 android.net.ConnectivityManager.getActiveNetworkInfo(android.net.ConnectivityManager@379104625)
I/org.umd.logging( 1930): Api < 1 android.net.ConnectivityManager.getActiveNetworkInfo(android.net.NetworkInfo@1020638481)
D/NetConnectManager( 1930): current net connect type is wifi
I/org.umd.logging( 1930): Method < 1 com.mobvista.msdk.mvnative.c.b$4$1.run()
I/org.umd.logging( 1930): Method > 1 com.mobvista.msdk.mvnative.c.b$4$1.run(com.mobvista.msdk.mvnative.c.b$4$1@684280960)
I/org.umd.logging( 1930): Api < 1199 android.content.ContentResolver.insert(android.net.Uri$StringUri@503628473<URI=content://com.turbochilli.rollingsky.internalpush_provider/>)
I/b       ( 1930): START LOAD MV MVNATIVE
D/MD5     ( 1930): 29629453be707068939dc327bcdd597191d39
I/org.umd.logging( 1930): Method < 1 com.mobvista.msdk.mvnative.c.b$4$1.run()
I/org.umd.logging( 1930): Method > 1279 com.mobvista.msdk.base.b.d.a.run(com.mobvista.msdk.base.b.b.f@34541553)
I/org.umd.logging( 1930): Method > 1 com.chartboost.sdk.impl.ax$a.onReceive(com.chartboost.sdk.impl.ax$a@359171940, com.turbochilli.rollingsky.GameApp@724061, android.content.Intent@1017866198<action=android.net.conn.CONNECTIVITY_CHANGE><data=null><package=null><component=null><type=null><filter_hashcode=-1172645946><networkInfo=None><networkType=None><inetCondition=None><extraInfo=None><umd_Intent_key=None>)
I/org.umd.logging( 1930): Api > 1 android.net.ConnectivityManager.getActiveNetworkInfo(android.net.ConnectivityManager@379104625)
D/CommonHttpRequest( 1930): request is started
I/org.umd.logging( 1930): Api < 1 android.net.ConnectivityManager.getActiveNetworkInfo(android.net.NetworkInfo@874682967)
I/org.umd.logging( 1930): Api > 1 android.os.CountDownTimer.start(com.chartboost.sdk.impl.az$1@873228612)
I/org.umd.logging( 1930): Api < 1 android.os.CountDownTimer.start(com.chartboost.sdk.impl.az$1@873228612)
I/org.umd.logging( 1930): Api > 1279 org.apache.http.impl.client.DefaultHttpClient.<init>(com.mobvista.msdk.base.b.b.i@156117858)
I/org.umd.logging( 1930): Method < 1 com.chartboost.sdk.impl.ax$a.onReceive()
I/org.umd.logging( 1930): Api < 1279 org.apache.http.impl.client.DefaultHttpClient.<init>(com.mobvista.msdk.base.b.b.i@156117858)
I/org.umd.logging( 1930): Method < 1196 com.facebook.a.c$3.run()
I/org.umd.logging( 1930): Method > 1196 com.facebook.a.c$3.run(com.facebook.a.c$3@587781552)
I/org.umd.logging( 1930): Method < 1196 com.facebook.a.c$3.run()
I/org.umd.logging( 1930): Api > 1199 android.content.ContentResolver.insert(android.app.ContextImpl$ApplicationContentResolver@357642656, android.net.Uri$StringUri@721289659<URI=content://com.turbochilli.rollingsky.internalpush_provider>, android.content.ContentValues@476552110)
I/org.umd.logging( 1930): Method < 1239 com.applovin.impl.sdk.cn.run()
I/org.umd.logging( 1930): Api < 1199 android.content.ContentResolver.insert(android.net.Uri$StringUri@2129231<URI=content://com.turbochilli.rollingsky.internalpush_provider/>)
I/OpenGLRenderer( 1930): Initialized EGL, version 1.4
I/org.umd.logging( 1930): Method > 1281 com.applovin.impl.sdk.cz.run(com.applovin.impl.sdk.cz@378470885)
I/org.umd.logging( 1930): Method > 1281 com.applovin.impl.sdk.cp.run(com.applovin.impl.sdk.cp@412196715)
I/org.umd.logging( 1930): Method > 1281 com.applovin.impl.sdk.dc.run(com.applovin.impl.sdk.cq@959633249)
I/org.umd.logging( 1930): Api > 1281 java.net.URL.openConnection(java.net.URL@239825542<URL=http://rt.applovin.com/pix?event=landing&ts=1481055373395&platform=Android&model=Nexus%204&package_name=com.turbochilli.rollingsky&sdk_key=UdAAPq-zrVhcaaKovlmPEn8qXmrUnzGFbRP_FOz5uehTE0G7l0X-nfpJPepBc3QCVrClEAr7qWa2XsAHshGdM4&idfa=229d4aea-d76e-47c3-ad88-1eafdf3529f0&dnt=false&ia=1481055145000&api_did=107dcd1331f53c4ac0&brand=LGE&model=Nexus%204&revision=mako&sdk_version=6.3.2&os=5.1.1&orientation_lock=portrait&app_version=1.3.6.1&country_code=null&carrier=null&tz_offset=-5.0&postback_ts=1481055374046>)
I/org.umd.logging( 1930): Method < 1239 com.applovin.impl.sdk.cz.run()
I/org.umd.logging( 1930): Api < 1281 java.net.URL.openConnection(com.android.okhttp.internal.http.HttpURLConnectionImpl@367298717)
I/org.umd.logging( 1930): Method < 1191 com.facebook.i$4.run()
D/OpenGLRenderer( 1930): Enabling debug mode 0
E/LocationUtil( 1930): get location error
I/org.umd.logging( 1930): Method < 1231 com.mobvista.msdk.base.c.a$1.run()
I/org.umd.logging( 1930): Api > 1281 android.net.ConnectivityManager.getActiveNetworkInfo(android.net.ConnectivityManager@379104625)
I/org.umd.logging( 1930): Api < 1281 android.net.ConnectivityManager.getActiveNetworkInfo(android.net.NetworkInfo@979120402)
V/WindowManager(  591): Adding window Window{2aa75a2a u0 SurfaceView} at 3 of 11 (before Window{365f6a07 u0 com.turbochilli.rollingsky/com.turbochilli.rollingsky.AppActivity})
I/org.umd.logging( 1930): Method < 1281 com.applovin.impl.sdk.dc.run()
I/org.umd.logging( 1930): Method < 1281 com.applovin.impl.sdk.cp.run()
I/org.umd.logging( 1930): Method > 1 com.unity3d.ads.android.webapp.UnityAdsWebData$UnityAdsUrlLoaderCreator.run(com.unity3d.ads.android.webapp.UnityAdsWebData$UnityAdsUrlLoaderCreator@82447522)
I/org.umd.logging( 1930): Method > 1 com.unity3d.ads.android.webapp.UnityAdsWebData$UnityAdsUrlLoader.onPreExecute(com.unity3d.ads.android.webapp.UnityAdsWebData$UnityAdsUrlLoader@335942041<atask=true>)
I/org.umd.logging( 1930): Method < 1 com.unity3d.ads.android.webapp.UnityAdsWebData$UnityAdsUrlLoader.onPreExecute()
I/org.umd.logging( 1930): Method < 1 com.unity3d.ads.android.webapp.UnityAdsWebData$UnityAdsUrlLoaderCreator.run()
I/org.umd.logging( 1930): Method > 1193 com.unity3d.ads.android.webapp.UnityAdsWebData$UnityAdsUrlLoader.doInBackground(com.unity3d.ads.android.webapp.UnityAdsWebData$UnityAdsUrlLoader@335942041<atask=true>, [Ljava.lang.String;@354233941)
I/org.umd.logging( 1930): Api > 1193 java.net.URL.openConnection(java.net.URL@206098538<URL=https://impact.applifier.com/mobile/campaigns?platform=android&trackingEnabled=1&advertisingTrackingId=7301a265623e38c1cf6f1c2529f1e785&rawAdvertisingTrackingId=229d4aea-d76e-47c3-ad88-1eafdf3529f0&gameId=112146&sdkVersion=1506&softwareVersion=22&hardwareVersion=LGE+Nexus+4&deviceType=268435538&connectionType=wifi&screenSize=268435538&screenDensity=320&encrypted=true>)
I/org.umd.logging( 1930): Api < 1193 java.net.URL.openConnection(com.android.okhttp.internal.http.HttpsURLConnectionImpl@108869979)
I/org.umd.logging( 1930): Method < 1281 com.applovin.impl.sdk.cz.run()
I/org.umd.logging( 1930): Api > 1238 java.net.URL.openConnection(java.net.URL@890997046<URL=http://a.applovin.com/2.0/ad?accept=custom_size,launch_app,video&api_did=107dcd1331f53c4ac0&country_code=&size=INTER&carrier=&preloading=true&idfa=229d4aea-d76e-47c3-ad88-1eafdf3529f0&wvvc=284008500&dy=1184&format=json&orientation_lock=portrait&require=REGULAR&sdk_key=UdAAPq-zrVhcaaKovlmPEn8qXmrUnzGFbRP_FOz5uehTE0G7l0X-nfpJPepBc3QCVrClEAr7qWa2XsAHshGdM4&v1=true&si=0&dnt=false&dx=768&locale=en_US&revision=mako&ia=1481055145000&li=0&os=5.1.1&tz_offset=-5.0&network=wifi&platform=android&app_version=1.3.6.1&brand=LGE&sdk_version=6.3.2&v2=true&vz=07af5c9721a1f790&model=Nexus+4>)
I/org.umd.logging( 1930): Api < 1238 java.net.URL.openConnection(com.android.okhttp.internal.http.HttpURLConnectionImpl@374083639)
I/org.umd.logging( 1930): Api > 1199 android.content.ContentResolver.insert(android.app.ContextImpl$ApplicationContentResolver@357642656, android.net.Uri$StringUri@721289659<URI=content://com.turbochilli.rollingsky.internalpush_provider>, android.content.ContentValues@752736676)
I/org.umd.logging( 1930): Api < 1199 android.content.ContentResolver.insert(android.net.Uri$StringUri@731763469<URI=content://com.turbochilli.rollingsky.internalpush_provider/>)
I/org.umd.logging( 1930): Api > 1279 android.net.ConnectivityManager.getActiveNetworkInfo(android.net.ConnectivityManager@379104625)
I/org.umd.logging( 1930): Api < 1279 android.net.ConnectivityManager.getActiveNetworkInfo(android.net.NetworkInfo@831455938)
D/CommonHttpRequest( 1930): request status code 200
I/org.umd.logging( 1930): Api > 1199 android.content.ContentResolver.insert(android.app.ContextImpl$ApplicationContentResolver@357642656, android.net.Uri$StringUri@721289659<URI=content://com.turbochilli.rollingsky.internalpush_provider>, android.content.ContentValues@837872656)
I/org.umd.logging( 1930): Api < 1199 android.content.ContentResolver.insert(android.net.Uri$StringUri@266441481<URI=content://com.turbochilli.rollingsky.internalpush_provider/>)
I/ActivityManager(  591): Displayed com.turbochilli.rollingsky/.AppActivity: +2s161ms
I/org.umd.logging( 1930): Method > 1 com.mobvista.msdk.base.b.d.a.run(com.mobvista.msdk.mvnative.c.b$3@345910568)
I/org.umd.logging( 1930): Method < 1 com.mobvista.msdk.base.b.d.a.run()
I/org.umd.logging( 1930): Method > 1 com.mobvista.msdk.base.b.d.a.run(com.mobvista.msdk.mvnative.c.b$3@235641409)
I/org.umd.logging( 1930): Method < 1 com.mobvista.msdk.base.b.d.a.run()
I/org.umd.logging( 1930): Api > 1238 android.net.ConnectivityManager.getActiveNetworkInfo(android.net.ConnectivityManager@379104625)
I/org.umd.logging( 1930): Api < 1238 android.net.ConnectivityManager.getActiveNetworkInfo(android.net.NetworkInfo@322350054)
I/org.umd.logging( 1930): Method < 1238 com.applovin.impl.sdk.dc.run()
I/org.umd.logging( 1930): Method < 1238 com.applovin.impl.sdk.cr.run()
I/org.umd.logging( 1930): Api > 1238 android.net.ConnectivityManager.getActiveNetworkInfo(android.net.ConnectivityManager@379104625)
I/org.umd.logging( 1930): Api < 1238 android.net.ConnectivityManager.getActiveNetworkInfo(android.net.NetworkInfo@305568125)
I/art     ( 1930): Background sticky concurrent mark sweep GC freed 23612(1565KB) AllocSpace objects, 10(160KB) LOS objects, 0% free, 25MB/25MB, paused 5.402ms total 319.945ms
D/CommonHttpRequest( 1930): request is finished
I/org.umd.logging( 1930): Method < 1279 com.mobvista.msdk.base.b.d.a.run()
I/org.umd.logging( 1930): Method < 1238 com.applovin.impl.sdk.cz.run()
I/org.umd.logging( 1930): Method > 1238 com.applovin.impl.sdk.cz.run(com.applovin.impl.sdk.cz@1042951979)
I/org.umd.logging( 1930): Method > 1238 com.applovin.impl.sdk.cr.run(com.applovin.impl.sdk.cr@949444488)
E/        ( 1930): content = {"status":1,"msg":"success","data":{"session_id":"58471c8d294d71a7099409c4","parent_session_id":"58471c8d294d71a7099409c5","ad_type":42,"template":2,"unit_size":"","ads":[{"id":103812854,"title":"Brightest Flashlight-Multi LED","desc":"Brightest Flashlight is a highly-recommended flashlight app with multiple features. Well-designed lighthouse and The unique feature of flashing LED reminder for calls and messages is cool and practical, making you special in any random crowd.  It’s more t","package_name":"com.flashlight.brightestflashlightpro","icon_url":"http:\/\/res.rayjump.com\/common\/2016\/08\/31\/16\/35\/d41d8cd98f00b204e9800998ecf8427e_201608311635061472632506980_128X128.png","image_url":"http:\/\/res.rayjump.com\/common\/2016\/08\/31\/16\/28\/com.flashlight.brightestflashlightpro1472632061.32_1200X627.JPEG","image_size":"1200x627","impression_url":"http:\/\/us.rayjump.com\/impression?k=58471c8d294d71a709409c64&p=fHx8fHwxMDk1NzcxOXx8bmF0aXZlfDEyMDB4NjI3fHxhbmRyb2lkfDUuMS4xfG1hbF83LjYuMzl8TmV4dXMgNHx8MXx8ZW58d2lmaXx8fHxEZWZhdWx0Rm9yTVNlcGFyYXRlUmFua2VyX29sZF8xLjUuMC4wfDU4NDcxYzhkMjk0ZDcxYTcwOTQwOWM2NHx8fDEwfHx8fHwxNTUuNDEuNDguMTUwfHx8ZDdhNjY1OGIwYzM3NGMzN3x8fHx8MjI5ZDRhZWEtZDc2ZS00N2MzLWFkODgtMWVhZmRmMzUyOWYwfHx8Z29vZ2xlfDE3Mi4zMS4xOS4xMjl8NTg0NzFjOGQyOTRkNzFhNzA5OTQwOWM0fDU4NDcxYzhkMjk0ZDcxYTcwOTk0MDljNXx8fHx8fHwwLDB8fHw%3D&q=MS4wfHVzMDEucmF5anVtcC5jb218NTg0NzFjOGQyOTRkNzFhNzA5NDA5ZDI0fDU4NDcxYzhkMjk0ZDcxYTcwOTQwOWM2NHw5MjkzfDI5NjI5fDM0NDR8NDU3fDEwMzgxMjg1NHwwLjl8MC45fGFkX3NlcnZlcnw3fFVTfC0xfDV8MXwyOTYyOXwyMHwxLjMuNi4xfG9wZW5hcGl8Mnw%3D&x=0","video_url":"","video_length":"","video_size":"","video_resolution":"","watch_mile":"","ctype":1,"adv_imp":[],"ad_url_list":[],"t_imp":0,"adv_id":"","click_url":"http:\/\/tracking.lenzmx.com\/click?mb_pl=android&mb_nt=cb441&mb_campid=flashlight_us&aff_sub=MS4wfHVzMDEucmF5anVtcC5jb218NTg0NzFjOGQyOTRkNzFhNzA5NDA5ZDI0fDU4NDcxYzhkMjk0ZDcxYTcwOTQwOWM2NHw5MjkzfDI5NjI5fDM0NDR8NDU3fDEwMzgxMjg1NHwwLjl8MC45fGFkX3NlcnZlcnw3fFVTfC0xfDV8MXwyOTYyOXwyMHwxLjMuNi4xfG9wZW5hcGl8Mnw%3D&mb_subid=29629&mb_devid=d7a6658b0c374c37&mb_gaid=229d4aea-d76e-47c3-ad88-1eafdf3529f0","notice_url":"http:\/\/us01.rayjump.com\/click?k=58471c8d294d71a709409d24&p=fHx8fHwxMDk1NzcxOXx8bmF0aXZlfDEyMDB4NjI3fHxhbmRyb2lkfDUuMS4xfG1hbF83LjYuMzl8TmV4dXMgNHx8MXx8ZW58d2lmaXx8fHxEZWZhdWx0Rm9yTVNlcGFyYXRlUmFua2VyX29sZF8xLjUuMC4wfDU4NDcxYzhkMjk0ZDcxYTcwOTQwOWM2NHx8fDEwfHx8fHwxNTUuNDEuNDguMTUwfHx8ZDdhNjY1OGIwYzM3NGMzN3x8fHx8MjI5ZDRhZWEtZDc2ZS00N2MzLWFkODgtMWVhZmRmMzUyOWYwfHx8Z29vZ2xlfDE3Mi4zMS4xOS4xMjl8NTg0NzFjOGQyOTRkNzFhNzA5OTQwOWM0fDU4NDcxYzhkMjk0ZDcxYTcwOTk0MDljNXx8fHx8fHwwLDB8fHw%3D&q=MS4wfHVzMDEucmF5anVtcC5jb218NTg0NzFjOGQyOTRkNzFhNzA5NDA5ZDI0fDU4NDcxYzhkMjk0ZDcxYTcwOTQwOWM2NHw5MjkzfDI5NjI5fDM0NDR8NDU3fDEwMzgxMjg1NHwwLjl8MC45fGFkX3NlcnZlcnw3fFVTfC0xfDV8MXwyOTYyOXwyMHwxLjMuNi4xfG9wZW5hcGl8Mnw%3D&notice=1","fca":5,"fcb":10,"template":2,"ad_source_id":1,"app_size":"5","click_mode":5,"rating":4,"landing_type":3,"ctatext":"Install","c_ct":86400,"ttc_ct":604800,"link_type":2,"guidelines":"","reward_amount":"","reward_name":"","offer_type":"","ttc":false},{"id":102550932,"title":"Gardenscapes - New Acres","desc":"Welcome to Gardenscapes! Rake your way through a storyline full of unexpected twists to restore a wonderful garden to its former glory!Embark on an adventurous journey: beat match-3 levels, restore and decorate different areas in the garden, get to the bo","package_name":"com.playrix.gardenscapes","icon_url":"http:\/\/res.rayjump.com\/common\/2016\/08\/16\/17\/35\/d41d8cd98f00b204e9800998ecf8427e_201608161735031471340103535_128X128.png","image_url":"http:\/\/res.rayjump.com\/common\/2016\/08\/24\/17\/11\/com.playrix.gardenscapes1472029855.93_1200X627.JPEG","image_size":"1200x627","impression_url":"http:\/\/us.rayjump.com\/impression?k=58471c8d294d71a709409c64&p=fHx8fHwxMDk1NzcxOXx8bmF0aXZlfDEyMDB4NjI3fHxhbmRyb2lkfDUuMS4xfG1hbF83LjYuMzl8TmV4dXMgNHx8MXx8ZW58d2lmaXx8fHxEZWZhdWx0Rm9yTVNlcGFyYXRlUmFua2VyX29sZF8xLjUuMC4wfDU4NDcxYzhkMjk0ZDcxYTcwOTQwOWM2NHx8fDEwfHx8fHwxNTUuNDEuNDguMTUwfHx8ZDdhNj
I/org.umd.logging( 1930): Method > 1 com.mobvista.msdk.mvnative.c.b$d$1.run(com.mobvista.msdk.mvnative.c.b$d$1@494540102)
I/b       ( 1930): REMOVE CANCEL TASK ON SUCCESS
E/b       ( 1930): onSuccess
I/org.umd.logging( 1930): Method > 1238 com.applovin.impl.sdk.dc.run(com.applovin.impl.sdk.cs@966431495)
I/org.umd.logging( 1930): Api > 1238 android.net.ConnectivityManager.getActiveNetworkInfo(android.net.ConnectivityManager@379104625)
I/org.umd.logging( 1930): Api < 1238 android.net.ConnectivityManager.getActiveNetworkInfo(android.net.NetworkInfo@503770164)
E/Cataloger( 5092): syncFile:/storage/emulated/0/2016-12-06_03:16:14.414.jpg
I/org.umd.logging( 1930): Api > 1199 android.content.ContentResolver.insert(android.app.ContextImpl$ApplicationContentResolver@357642656, android.net.Uri$StringUri@721289659<URI=content://com.turbochilli.rollingsky.internalpush_provider>, android.content.ContentValues@214128803)
I/org.umd.logging( 1930): Api < 1199 android.content.ContentResolver.insert(android.net.Uri$StringUri@701531934<URI=content://com.turbochilli.rollingsky.internalpush_provider/>)
W/Ads     ( 1608): App does not have the required permissions to get location
I/art     ( 1930): Background partial concurrent mark sweep GC freed 18965(1139KB) AllocSpace objects, 17(563KB) LOS objects, 35% free, 29MB/45MB, paused 5.463ms total 165.328ms
I/org.umd.logging( 1930): Method > 1270 com.chartboost.sdk.impl.e$1.execute(com.chartboost.sdk.impl.e$1@775502107, com.chartboost.sdk.impl.e$a@247775377)
I/org.umd.logging( 1930): Method < 1270 com.chartboost.sdk.impl.e$1.execute()
I/org.umd.logging( 1930): Api > 1199 android.content.ContentResolver.insert(android.app.ContextImpl$ApplicationContentResolver@357642656, android.net.Uri$StringUri@721289659<URI=content://com.turbochilli.rollingsky.internalpush_provider>, android.content.ContentValues@1009273847)
I/org.umd.logging( 1930): Api < 1199 android.content.ContentResolver.insert(android.net.Uri$StringUri@475515492<URI=content://com.turbochilli.rollingsky.internalpush_provider/>)
I/org.umd.logging( 1930): Method < 1199 com.cmplay.internalpush.b.a.b$1.run()
I/org.umd.logging( 1930): Method > 1199 com.cmplay.internalpush.b.a.b$1.run(com.cmplay.internalpush.b.a.b$1@518406530)
I/org.umd.logging( 1930): Api > 1199 android.content.ContentResolver.insert(android.app.ContextImpl$ApplicationContentResolver@357642656, android.net.Uri$StringUri@721289659<URI=content://com.turbochilli.rollingsky.internalpush_provider>, android.content.ContentValues@1015787667)
I/org.umd.logging( 1930): Api < 1199 android.content.ContentResolver.insert(android.net.Uri$StringUri@1006184656<URI=content://com.turbochilli.rollingsky.internalpush_provider/>)
I/org.umd.logging( 1930): Api > 1199 android.content.ContentResolver.insert(android.app.ContextImpl$ApplicationContentResolver@357642656, android.net.Uri$StringUri@721289659<URI=content://com.turbochilli.rollingsky.internalpush_provider>, android.content.ContentValues@342225097)
I/org.umd.logging( 1930): Api < 1199 android.content.ContentResolver.insert(android.net.Uri$StringUri@54195150<URI=content://com.turbochilli.rollingsky.internalpush_provider/>)
I/org.umd.logging( 1930): Api > 1199 android.content.ContentResolver.insert(android.app.ContextImpl$ApplicationContentResolver@357642656, android.net.Uri$StringUri@721289659<URI=content://com.turbochilli.rollingsky.internalpush_provider>, android.content.ContentValues@901169903)
I/org.umd.logging( 1930): Api < 1199 android.content.ContentResolver.insert(android.net.Uri$StringUri@34603516<URI=content://com.turbochilli.rollingsky.internalpush_provider/>)
I/AppsFlyer_3.0-055372668( 1930): response code: 200
I/org.umd.logging( 1930): Api > 1199 android.content.ContentResolver.insert(android.app.ContextImpl$ApplicationContentResolver@357642656, android.net.Uri$StringUri@721289659<URI=content://com.turbochilli.rollingsky.internalpush_provider>, android.content.ContentValues@366386955)
I/org.umd.logging( 1930): Api < 1199 android.content.ContentResolver.insert(android.net.Uri$StringUri@1046036968<URI=content://com.turbochilli.rollingsky.internalpush_provider/>)
I/Ads     ( 1608): Received log message: <Google:HTML> You are using version 7.6 of the Google Play services Ads SDK. Please consider updating your SDK to the most recent SDK version to get the latest features and bug fixes. See http://goo.gl/r2TRzC for instructions on how to get the latest version of Google Play services.
I/org.umd.logging( 1930): Api > 1199 android.content.ContentResolver.insert(android.app.ContextImpl$ApplicationContentResolver@357642656, android.net.Uri$StringUri@721289659<URI=content://com.turbochilli.rollingsky.internalpush_provider>, android.content.ContentValues@1031050388)
I/org.umd.logging( 1930): Api < 1199 android.content.ContentResolver.insert(android.net.Uri$StringUri@778079037<URI=content://com.turbochilli.rollingsky.internalpush_provider/>)
I/org.umd.logging( 1930): Method > 1271 com.chartboost.sdk.impl.e$1.execute(com.chartboost.sdk.impl.e$1@775502107, com.chartboost.sdk.impl.e$a@64087171)
I/org.umd.logging( 1930): Method < 1271 com.chartboost.sdk.impl.e$1.execute()
W/ResourceType( 1930): No known package when getting name for resource number 0xffffffff
I/org.umd.logging( 1930): Method > 1203 com.unity3d.player.UnityPlayer.executeGLThreadJobs(com.unity3d.player.UnityPlayer@478631621<file=2016-12-06_03:16:14.414><x=0><y=0><width=768><height=1280><id=-1>)
I/org.umd.logging( 1930): Method > 1203 com.unity3d.player.UnityPlayer$21.run(com.unity3d.player.UnityPlayer$21@305261694)
I/org.umd.logging( 1930): Method < 1203 com.unity3d.player.UnityPlayer$21.run()
I/org.umd.logging( 1930): Api > 1199 android.content.ContentResolver.insert(android.app.ContextImpl$ApplicationContentResolver@357642656, android.net.Uri$StringUri@721289659<URI=content://com.turbochilli.rollingsky.internalpush_provider>, android.content.ContentValues@482624991)
E/Cataloger( 5092): syncFile:/storage/emulated/0/2016-12-06_03:16:14.414.jpg
I/org.umd.logging( 1930): Api < 1199 android.content.ContentResolver.insert(android.net.Uri$StringUri@911598124<URI=content://com.turbochilli.rollingsky.internalpush_provider/>)
I/org.umd.logging( 1930): Api > 1199 android.content.ContentResolver.insert(android.app.ContextImpl$ApplicationContentResolver@357642656, android.net.Uri$StringUri@721289659<URI=content://com.turbochilli.rollingsky.internalpush_provider>, android.content.ContentValues@1056723594)
I/org.umd.logging( 1930): Api < 1199 android.content.ContentResolver.insert(android.net.Uri$StringUri@324100347<URI=content://com.turbochilli.rollingsky.internalpush_provider/>)
I/org.umd.logging( 1930): Method < 1199 com.cmplay.internalpush.b.a.b$1.run()
E/Cataloger( 5092): syncFile:/storage/emulated/0/2016-12-06_03:16:14.745.jpg
I/org.umd.logging( 1930): Method < 1 com.mobvista.msdk.mvnative.c.b$d$1.run()
D/ConnectivityService(  591): releasing NetworkRequest NetworkRequest [ id=65, legacyType=-1, [ Capabilities: INTERNET&NOT_RESTRICTED&TRUSTED] ]
D/ConnectivityManager.CallbackHandler( 1930): CM callback handler got msg 524296
I/org.umd.logging( 1930): Api > 1238 java.net.URL.openConnection(java.net.URL@39122200<URL=http://a.applovin.com/2.0/ad?accept=custom_size,launch_app,video&api_did=107dcd1331f53c4ac0&country_code=&size=INTER&carrier=&preloading=true&idfa=229d4aea-d76e-47c3-ad88-1eafdf3529f0&wvvc=284008500&dy=1184&format=json&orientation_lock=portrait&require=VIDEOA&etf=530&sdk_key=UdAAPq-zrVhcaaKovlmPEn8qXmrUnzGFbRP_FOz5uehTE0G7l0X-nfpJPepBc3QCVrClEAr7qWa2XsAHshGdM4&v1=true&si=0&dnt=false&dx=768&locale=en_US&revision=mako&ia=1481055145000&li=0&os=5.1.1&tz_offset=-5.0&network=wifi&platform=android&app_version=1.3.6.1&brand=LGE&sdk_version=6.3.2&ntf=wifi&v2=true&vz=07af5c9721a1f790&model=Nexus+4>)
I/org.umd.logging( 1930): Method > 1 com.chartboost.sdk.impl.e$a.run(com.chartboost.sdk.impl.e$a@247775377)
I/org.umd.logging( 1930): Api < 1238 java.net.URL.openConnection(com.android.okhttp.internal.http.HttpURLConnectionImpl@499847639)
I/org.umd.logging( 1930): Method > 1 com.chartboost.sdk.impl.az$e.run(com.chartboost.sdk.impl.az$e@842025668)
I/org.umd.logging( 1930): Method < 1 com.chartboost.sdk.impl.az$e.run()
I/org.umd.logging( 1930): Api > 1 android.os.CountDownTimer.start(com.chartboost.sdk.h$2@149975342)
I/org.umd.logging( 1930): Api < 1 android.os.CountDownTimer.start()
I/org.umd.logging( 1930): Api > 1269 java.net.URL.openConnection(java.net.URL@141583567<URL=https://live.chartboost.com/api/install>)
I/org.umd.logging( 1930): Api < 1269 java.net.URL.openConnection(com.android.okhttp.internal.http.HttpsURLConnectionImpl@497823324)
I/org.umd.logging( 1930): Method > 1 com.chartboost.sdk.impl.az$e.run(com.chartboost.sdk.impl.az$e@563507770)
I/org.umd.logging( 1930): Method < 1 com.chartboost.sdk.impl.az$e.run()
I/org.umd.logging( 1930): Api > 1272 java.net.URL.openConnection(java.net.URL@402379848<URL=https://live.chartboost.com/api/video-prefetch>)
I/org.umd.logging( 1930): Api < 1272 java.net.URL.openConnection(com.android.okhttp.internal.http.HttpsURLConnectionImpl@857611975)
I/org.umd.logging( 1930): Method < 1 com.chartboost.sdk.impl.e$a.run()
I/org.umd.logging( 1930): Method > 1 com.chartboost.sdk.impl.e$a.run(com.chartboost.sdk.impl.e$a@64087171)
I/org.umd.logging( 1930): Method > 1 com.chartboost.sdk.e$4$1.run(com.chartboost.sdk.e$4$1@1017570400)
I/org.umd.logging( 1930): Method < 1 com.chartboost.sdk.e$4$1.run()
I/org.umd.logging( 1930): Method < 1 com.chartboost.sdk.impl.e$a.run()
I/org.umd.logging( 1930): Method > 1 com.chartboost.sdk.Libraries.j$2.run(com.chartboost.sdk.Libraries.j$2@786462383)
I/org.umd.logging( 1930): Method < 1 com.chartboost.sdk.Libraries.j$2.run()
I/org.umd.logging( 1930): Method > 1 com.chartboost.sdk.Libraries.j$2.run(com.chartboost.sdk.Libraries.j$2@336988860)
I/org.umd.logging( 1930): Method < 1 com.chartboost.sdk.Libraries.j$2.run()
I/org.umd.logging( 1930): Method > 1 com.chartboost.sdk.Libraries.j$2.run(com.chartboost.sdk.Libraries.j$2@235932229)
I/org.umd.logging( 1930): Method < 1 com.chartboost.sdk.Libraries.j$2.run()
I/org.umd.logging( 1930): Method > 1 com.chartboost.sdk.Libraries.j$2.run(com.chartboost.sdk.Libraries.j$2@374576538)
I/org.umd.logging( 1930): Method < 1 com.chartboost.sdk.Libraries.j$2.run()
I/org.umd.logging( 1930): Method > 1 com.chartboost.sdk.Libraries.j$2.run(com.chartboost.sdk.Libraries.j$2@138923723)
I/org.umd.logging( 1930): Method < 1 com.chartboost.sdk.Libraries.j$2.run()
I/org.umd.logging( 1930): Method > 1 com.chartboost.sdk.Libraries.j$2.run(com.chartboost.sdk.Libraries.j$2@597104296)
I/org.umd.logging( 1930): Method < 1 com.chartboost.sdk.Libraries.j$2.run()
I/org.umd.logging( 1930): Method > 1 com.chartboost.sdk.Libraries.j$2.run(com.chartboost.sdk.Libraries.j$2@506201537)
I/org.umd.logging( 1930): Method < 1 com.chartboost.sdk.Libraries.j$2.run()
I/org.umd.logging( 1930): Method > 1 com.chartboost.sdk.Libraries.j$2.run(com.chartboost.sdk.Libraries.j$2@918909286)
I/org.umd.logging( 1930): Method < 1 com.chartboost.sdk.Libraries.j$2.run()
I/org.umd.logging( 1930): Method > 1 com.chartboost.sdk.Libraries.j$2.run(com.chartboost.sdk.Libraries.j$2@360877223)
I/org.umd.logging( 1930): Method < 1 com.chartboost.sdk.Libraries.j$2.run()
I/org.umd.logging( 1930): Method > 1 com.chartboost.sdk.Libraries.j$2.run(com.chartboost.sdk.Libraries.j$2@530249044)
I/org.umd.logging( 1930): Method < 1 com.chartboost.sdk.Libraries.j$2.run()
W/ResourceType( 1930): No known package when getting name for resource number 0xffffffff
I/org.umd.logging( 1930): Method > 1203 com.unity3d.player.UnityPlayer.executeGLThreadJobs(com.unity3d.player.UnityPlayer@478631621<file=2016-12-06_03:16:14.745><x=0><y=0><width=768><height=1280><id=-1>)
I/org.umd.logging( 1930): Method > 1203 com.unity3d.player.UnityPlayer$20.run(com.unity3d.player.UnityPlayer$20@364989507)
I/org.umd.logging( 1930): Method < 1203 com.unity3d.player.UnityPlayer$20.run()
E/Cataloger( 5092): syncFile:/storage/emulated/0/2016-12-06_03:16:14.745.jpg
I/org.umd.logging( 1930): Api > 1238 android.net.ConnectivityManager.getActiveNetworkInfo(android.net.ConnectivityManager@379104625)
I/org.umd.logging( 1930): Api < 1238 android.net.ConnectivityManager.getActiveNetworkInfo(android.net.NetworkInfo@660345536)
I/org.umd.logging( 1930): Method > 1269 com.chartboost.sdk.impl.e$1.execute(com.chartboost.sdk.impl.e$1@775502107, com.chartboost.sdk.impl.e$a@963069758)
I/org.umd.logging( 1930): Method > 1 com.chartboost.sdk.impl.e$a.run(com.chartboost.sdk.impl.e$a@963069758)
I/org.umd.logging( 1930): Method < 1 com.chartboost.sdk.impl.e$a.run()
I/org.umd.logging( 1930): Method < 1269 com.chartboost.sdk.impl.e$1.execute()
E/Cataloger( 5092): syncFile:/storage/emulated/0/2016-12-06_03:16:14.902.jpg
I/org.umd.logging( 1930): Method < 1238 com.applovin.impl.sdk.dc.run()
I/org.umd.logging( 1930): Method < 1238 com.applovin.impl.sdk.cr.run()
I/org.umd.logging( 1930): Api > 1238 android.net.ConnectivityManager.getActiveNetworkInfo(android.net.ConnectivityManager@379104625)
I/org.umd.logging( 1930): Api < 1238 android.net.ConnectivityManager.getActiveNetworkInfo(android.net.NetworkInfo@1062076603)
I/org.umd.logging( 1930): Method < 1238 com.applovin.impl.sdk.cz.run()
I/org.umd.logging( 1930): Method > 1238 com.applovin.impl.sdk.cz.run(com.applovin.impl.sdk.cz@597745969)
I/org.umd.logging( 1930): Method > 1238 com.applovin.impl.sdk.cr.run(com.applovin.impl.sdk.cr@218300438)
I/org.umd.logging( 1930): Method > 1238 com.applovin.impl.sdk.dc.run(com.applovin.impl.sdk.cs@458354071)
I/org.umd.logging( 1930): Api > 1238 android.net.ConnectivityManager.getActiveNetworkInfo(android.net.ConnectivityManager@379104625)
I/org.umd.logging( 1930): Api < 1238 android.net.ConnectivityManager.getActiveNetworkInfo(android.net.NetworkInfo@839932804)
I/org.umd.logging( 1930): Api > 1238 java.net.URL.openConnection(java.net.URL@623314850<URL=http://a.applovin.com/2.0/ad?accept=custom_size,launch_app,video&api_did=107dcd1331f53c4ac0&country_code=&size=INTER&carrier=&preloading=true&idfa=229d4aea-d76e-47c3-ad88-1eafdf3529f0&wvvc=284008500&dy=1184&format=json&orientation_lock=portrait&require=VIDEOA&etf=494&sdk_key=UdAAPq-zrVhcaaKovlmPEn8qXmrUnzGFbRP_FOz5uehTE0G7l0X-nfpJPepBc3QCVrClEAr7qWa2XsAHshGdM4&v1=true&si=0&dnt=false&dx=768&locale=en_US&revision=mako&ia=1481055145000&li=0&os=5.1.1&tz_offset=-5.0&network=wifi&platform=android&app_version=1.3.6.1&brand=LGE&sdk_version=6.3.2&ntf=wifi&v2=true&vz=07af5c9721a1f790&model=Nexus+4>)
I/org.umd.logging( 1930): Api < 1238 java.net.URL.openConnection(com.android.okhttp.internal.http.HttpURLConnectionImpl@1061014579)
I/org.umd.logging( 1930): Method > 1272 com.chartboost.sdk.impl.e$1.execute(com.chartboost.sdk.impl.e$1@775502107, com.chartboost.sdk.impl.e$a@257000809)
I/org.umd.logging( 1930): Method < 1272 com.chartboost.sdk.impl.e$1.execute()
I/org.umd.logging( 1930): Method > 1 com.chartboost.sdk.impl.e$a.run(com.chartboost.sdk.impl.e$a@257000809)
I/org.umd.logging( 1930): Method < 1 com.chartboost.sdk.impl.e$a.run()
W/ResourceType( 1930): No known package when getting name for resource number 0xffffffff
I/org.umd.logging( 1930): Method > 1203 com.unity3d.player.UnityPlayer.executeGLThreadJobs(com.unity3d.player.UnityPlayer@478631621<file=2016-12-06_03:16:14.902><x=0><y=0><width=768><height=1280><id=-1>)
I/org.umd.logging( 1930): Method < 1203 com.unity3d.player.UnityPlayer.executeGLThreadJobs()
E/Cataloger( 5092): syncFile:/storage/emulated/0/2016-12-06_03:16:14.902.jpg
I/org.umd.logging( 1930): Api > 1238 android.net.ConnectivityManager.getActiveNetworkInfo(android.net.ConnectivityManager@379104625)
I/org.umd.logging( 1930): Api < 1238 android.net.ConnectivityManager.getActiveNetworkInfo(android.net.NetworkInfo@903160703)
W/Adreno-EGL( 1930): <qeglDrvAPI_eglGetConfigAttrib:607>: EGL_BAD_ATTRIBUTE
W/Adreno-EGL( 1930): <qeglDrvAPI_eglGetConfigAttrib:607>: EGL_BAD_ATTRIBUTE
I/org.umd.logging( 1930): Method > 1 com.unity3d.player.UnityPlayer$5.run(com.unity3d.player.UnityPlayer$5@264961868)
I/org.umd.logging( 1930): Method < 1 com.unity3d.player.UnityPlayer$5.run()
D/Unity   ( 1930): GL_AMD_compressed_ATC_texture GL_AMD_performance_monitor GL_AMD_program_binary_Z400 GL_EXT_debug_label GL_EXT_debug_marker GL_EXT_discard_framebuffer GL_EXT_robustness GL_EXT_texture_format_BGRA8888 GL_EXT_texture_type_2_10_10_10_REV GL_NV_fence GL_OES_compressed_ETC1_RGB8_texture GL_OES_depth_texture GL_OES_depth24 GL_OES_EGL_image GL_OES_EGL_sync GL_OES_EGL_image_external GL_OES_element_index_uint GL_OES_fbo_render_mipmap GL_OES_fragment_precision_high GL_OES_get_program_binary GL_OES_packed_depth_stencil GL_OES_depth_texture_cube_map GL_OES_rgb8_rgba8 GL_OES_standard_derivatives GL_OES_texture_3D GL_OES_texture_float GL_OES_texture_half_float GL_OES_texture_half_float_linear GL_OES_texture_npot GL_OES_vertex_half_float GL_OES_vertex_type_10_10_10_2 GL_OES_vertex_array_object GL_QCOM_alpha_test GL_QCOM_binning_control GL_QCOM_driver_control GL_QCOM_perfmon_global_mode GL_QCOM_extended_get GL_QCOM_extended_get2 GL_QCOM_tiled_rendering GL_QCOM_writeonly_rendering GL_EXT_sRGB GL_EXT_sRGB_write_control GL_EXT_
D/Unity   ( 1930): texture_sRGB_decode GL_EXT_multisampled_render_to_texture GL_EXT_color_buffer_float GL_EXT_color_buffer_half_float GL_EXT_disjoint_timer_query 
I/org.umd.logging( 1930): Method < 1238 com.applovin.impl.sdk.dc.run()
I/org.umd.logging( 1930): Method < 1238 com.applovin.impl.sdk.cr.run()
I/org.umd.logging( 1930): Api > 1238 android.net.ConnectivityManager.getActiveNetworkInfo(android.net.ConnectivityManager@379104625)
I/org.umd.logging( 1930): Api < 1238 android.net.ConnectivityManager.getActiveNetworkInfo(android.net.NetworkInfo@335547285)
I/org.umd.logging( 1930): Method < 1238 com.applovin.impl.sdk.cz.run()
I/org.umd.logging( 1930): Method > 1238 com.applovin.impl.sdk.cz.run(com.applovin.impl.sdk.cz@298484906)
I/org.umd.logging( 1930): Method > 1238 com.applovin.impl.sdk.cr.run(com.applovin.impl.sdk.ct@1000524817)
I/org.umd.logging( 1930): Method > 1238 com.applovin.impl.sdk.dc.run(com.applovin.impl.sdk.cs@614744438)
I/org.umd.logging( 1930): Api > 1238 android.net.ConnectivityManager.getActiveNetworkInfo(android.net.ConnectivityManager@379104625)
I/org.umd.logging( 1930): Api < 1238 android.net.ConnectivityManager.getActiveNetworkInfo(android.net.NetworkInfo@1025901431)
I/org.umd.logging( 1930): Api > 1238 java.net.URL.openConnection(java.net.URL@634853453<URL=http://a.applovin.com/nad?accept=custom_size,launch_app,video&api_did=107dcd1331f53c4ac0&country_code=&size=NATIVE&carrier=&preloading=true&idfa=229d4aea-d76e-47c3-ad88-1eafdf3529f0&slot_count=1&wvvc=284008500&dy=1184&format=json&orientation_lock=portrait&sdk_key=UdAAPq-zrVhcaaKovlmPEn8qXmrUnzGFbRP_FOz5uehTE0G7l0X-nfpJPepBc3QCVrClEAr7qWa2XsAHshGdM4&v1=true&si=0&dnt=false&dx=768&locale=en_US&revision=mako&ia=1481055145000&li=0&os=5.1.1&tz_offset=-5.0&network=wifi&platform=android&app_version=1.3.6.1&brand=LGE&sdk_version=6.3.2&v2=true&vz=07af5c9721a1f790&model=Nexus+4>)
I/org.umd.logging( 1930): Api < 1238 java.net.URL.openConnection(com.android.okhttp.internal.http.HttpURLConnectionImpl@1049296642)
W/libc    ( 1930): pthread_create sched_setscheduler call failed: Operation not permitted
W/libc    ( 1930): pthread_create sched_setscheduler call failed: Operation not permitted
D/ConnectivityService(  591): listenForNetwork for NetworkRequest [ id=67, legacyType=-1, [ Capabilities: INTERNET&NOT_RESTRICTED&TRUSTED] ]
D/ConnectivityService(  591): handleRegisterNetworkRequest checking NetworkAgentInfo [WIFI () - 100]
D/ConnectivityService(  591): apparently satisfied.  currentScore=60
D/ConnectivityManager.CallbackHandler( 1930): CM callback handler got msg 524290
I/org.umd.logging( 1930): Api > 1238 android.net.ConnectivityManager.getActiveNetworkInfo(android.net.ConnectivityManager@379104625)
I/org.umd.logging( 1930): Api < 1238 android.net.ConnectivityManager.getActiveNetworkInfo(android.net.NetworkInfo@137234766)
I/org.umd.logging( 1930): Method < 1238 com.applovin.impl.sdk.dc.run()
I/org.umd.logging( 1930): Method < 1238 com.applovin.impl.sdk.cr.run()
I/org.umd.logging( 1930): Api > 1238 android.net.ConnectivityManager.getActiveNetworkInfo(android.net.ConnectivityManager@379104625)
I/org.umd.logging( 1930): Api < 1238 android.net.ConnectivityManager.getActiveNetworkInfo(android.net.NetworkInfo@531813244)
I/org.umd.logging( 1930): Method < 1238 com.applovin.impl.sdk.cz.run()
I/org.umd.logging( 1930): Method > 1238 com.applovin.impl.sdk.cz.run(com.applovin.impl.sdk.cz@659472011)
I/org.umd.logging( 1930): Method > 1238 com.applovin.impl.sdk.ci.run(com.applovin.impl.sdk.ci@259912742)
W/cr_media( 1930): Requires BLUETOOTH permission
I/cr_Ime  ( 1930): ImeThread is enabled.
I/org.umd.logging( 1930): Method > 1 com.unity3d.player.b$2.run(com.unity3d.player.b$2@71466880)
I/org.umd.logging( 1930): Method < 1 com.unity3d.player.b$2.run()
I/org.umd.logging( 1930): Method > 1238 com.applovin.impl.sdk.dc.run(com.applovin.impl.sdk.cj@47538686)
I/org.umd.logging( 1930): Api > 1238 java.net.URL.openConnection(java.net.URL@19549535<URL=http://d.applovin.com/device?device_token=MaznYs97JTiqaqEwnZGZ5uqTTP-DrjUyKyVOiqTJdQRy9pLJqUkDRbeQsFMFEmeAKKu3fwiLoC4NcHfFCEX0DRtTT2Eq2K4iA1lBFS6ADLef2Iwmr_mjW8Nyen-ZztrimLxaQhCDqxHYp4WY4wfxQ1wA7OTjhhcRlSopkliFrgM=>)
I/org.umd.logging( 1930): Api < 1238 java.net.URL.openConnection(com.android.okhttp.internal.http.HttpURLConnectionImpl@420484012)
E/libEGL  ( 1930): validate_display:255 error 3008 (EGL_BAD_DISPLAY)
W/cr_BindingManager( 1930): Cannot call determinedVisibility() - never saw a connection for the pid: 1930
I/org.umd.logging( 1930): Api > 1238 android.net.ConnectivityManager.getActiveNetworkInfo(android.net.ConnectivityManager@379104625)
I/org.umd.logging( 1930): Api < 1238 android.net.ConnectivityManager.getActiveNetworkInfo(android.net.NetworkInfo@887027829)
I/org.umd.logging( 1930): Method < 1238 com.applovin.impl.sdk.dc.run()
I/org.umd.logging( 1930): Method < 1238 com.applovin.impl.sdk.ci.run()
I/org.umd.logging( 1930): Method < 1238 com.applovin.impl.sdk.cz.run()
I/org.umd.logging( 1930): Method > 1238 com.applovin.impl.sdk.cz.run(com.applovin.impl.sdk.cz@304193546)
I/org.umd.logging( 1930): Method > 1238 com.applovin.impl.sdk.da.run(com.applovin.impl.sdk.da@406896280)
I/org.umd.logging( 1930): Method < 1238 com.applovin.impl.sdk.da.run()
I/org.umd.logging( 1930): Api > 1238 android.net.ConnectivityManager.getActiveNetworkInfo(android.net.ConnectivityManager@379104625)
I/org.umd.logging( 1930): Api < 1238 android.net.ConnectivityManager.getActiveNetworkInfo(android.net.NetworkInfo@88191702)
I/org.umd.logging( 1930): Method < 1238 com.applovin.impl.sdk.cz.run()
I/org.umd.logging( 1930): Method > 1238 com.applovin.impl.sdk.cz.run(com.applovin.impl.sdk.cz@416230468)
I/org.umd.logging( 1930): Method > 1238 com.applovin.impl.sdk.da.run(com.applovin.impl.sdk.da@810205485)
I/org.umd.logging( 1930): Method < 1238 com.applovin.impl.sdk.da.run()
I/org.umd.logging( 1930): Api > 1238 android.net.ConnectivityManager.getActiveNetworkInfo(android.net.ConnectivityManager@379104625)
I/org.umd.logging( 1930): Api < 1238 android.net.ConnectivityManager.getActiveNetworkInfo(android.net.NetworkInfo@859071475)
I/org.umd.logging( 1930): Method < 1238 com.applovin.impl.sdk.cz.run()
W/Unity   ( 1930): OnLevelWasLoaded was found on Clock
W/Unity   ( 1930): This message has been deprecated and will be removed in a later version of Unity.
W/Unity   ( 1930): Add a delegate to SceneManager.sceneLoaded instead to get notifications after scene loading has completed
W/Unity   ( 1930):  
W/Unity   ( 1930): (Filename:  Line: 375)
W/Unity   ( 1930): 
W/Unity   ( 1930): OnLevelWasLoaded was found on ClockUtils
W/Unity   ( 1930): This message has been deprecated and will be removed in a later version of Unity.
W/Unity   ( 1930): Add a delegate to SceneManager.sceneLoaded instead to get notifications after scene loading has completed
W/Unity   ( 1930):  
W/Unity   ( 1930): (Filename:  Line: 375)
W/Unity   ( 1930): 
I/org.umd.logging( 1930): Method > 1 com.chartboost.sdk.Libraries.e$1.run(com.chartboost.sdk.Libraries.e$1@1009208399)
I/org.umd.logging( 1930): Method < 1 com.chartboost.sdk.Libraries.e$1.run()
E/Cataloger( 5092): syncFile:/storage/emulated/0/2016-12-06_03:16:16.218.jpg
I/org.umd.logging( 1930): Method < 1193 com.unity3d.ads.android.webapp.UnityAdsWebData$UnityAdsUrlLoader.doInBackground(null)
I/org.umd.logging( 1930): Method > 1 com.unity3d.ads.android.webapp.UnityAdsWebData$UnityAdsUrlLoader.onPostExecute(com.unity3d.ads.android.webapp.UnityAdsWebData$UnityAdsUrlLoader@335942041<atask=true>, null)
I/UnityAds( 1930): com.unity3d.ads.android.webapp.UnityAdsWebData.campaignDataReceived() (line:-1) :: Unity Ads initialized with 21 campaigns and 2 zones
I/org.umd.logging( 1930): Api > 1 java.lang.Thread.start(com.unity3d.ads.android.cache.UnityAdsCacheThread@199223525<thread=1297>)
I/org.umd.logging( 1930): Api < 1 java.lang.Thread.start()
W/ResourceType( 1930): No known package when getting name for resource number 0xffffffff
I/org.umd.logging( 1930): Method > 1203 com.unity3d.player.UnityPlayer.executeGLThreadJobs(com.unity3d.player.UnityPlayer@478631621<file=2016-12-06_03:16:16.218><x=0><y=0><width=768><height=1280><id=-1>)
I/org.umd.logging( 1930): Method < 1203 com.unity3d.player.UnityPlayer.executeGLThreadJobs()
I/org.umd.logging( 1930): Api > 1297 android.net.ConnectivityManager.getActiveNetworkInfo(android.net.ConnectivityManager@379104625)
I/org.umd.logging( 1930): Method > 1 com.unity3d.ads.android.UnityAdsUtils.runOnUiThread(com.unity3d.ads.android.UnityAds$3@263609963)
I/org.umd.logging( 1930): Api < 1297 android.net.ConnectivityManager.getActiveNetworkInfo(android.net.NetworkInfo@858586568)
I/org.umd.logging( 1930): Method > 1 com.unity3d.ads.android.UnityAdsUtils.runOnUiThread(com.unity3d.ads.android.UnityAds$3@263609963, 0, null)
