I/org.umd.logging( 1263): Method < 1176 com.comscore.utils.f.run()
I/org.umd.logging( 1263): Api > 1 java.lang.Thread.start(java.lang.Thread@586831145<thread=1197>)
I/org.umd.logging( 1263): Api < 1 java.lang.Thread.start()
I/org.umd.logging( 1263): Method > 1197 com.weather.Weather.app.FlagshipApplication$1.run(com.weather.Weather.app.FlagshipApplication$1@968207951)
I/org.umd.logging( 1263): Api > 1197 android.os.HandlerThread.start(android.os.HandlerThread@495473717<thread=1198>)
I/org.umd.logging( 1263): Api < 1197 android.os.HandlerThread.start()
I/org.umd.logging( 1263): Api > 1197 android.os.HandlerThread.start(com.squareup.picasso.Dispatcher$DispatcherThread@762773169<thread=1199>)
I/org.umd.logging( 1263): Api < 1197 android.os.HandlerThread.start()
W/Settings( 1263): Setting airplane_mode_on has moved from android.provider.Settings.System to android.provider.Settings.Global, returning read-only value.
I/org.umd.logging( 1263): Api > 1197 java.lang.Thread.start(com.squareup.picasso.Picasso$CleanupThread@604663851<thread=1200>)
I/org.umd.logging( 1263): Api < 1197 java.lang.Thread.start()
I/org.umd.logging( 1263): Method < 1197 com.weather.Weather.app.FlagshipApplication$1.run()
I/org.umd.logging( 1263): Method > 1200 com.squareup.picasso.Picasso$CleanupThread.run(com.squareup.picasso.Picasso$CleanupThread@604663851<thread=1200>)
I/org.umd.logging( 1263): Method > 1 com.weather.dal2.system.TwcBus.start(com.weather.dal2.system.TwcBus@844682077)
I/org.umd.logging( 1263): Method < 1 com.weather.dal2.system.TwcBus.start()
I/org.umd.logging( 1263): Method > 1194 com.weather.util.net.HttpRequest$8.run(com.weather.util.net.HttpRequest$8@608876963)
I/org.umd.logging( 1263): Method < 1194 com.weather.util.net.HttpRequest$8.run(com.weather.util.net.HttpRequest@796058784)
I/org.umd.logging( 1263): Method > 1195 com.weather.util.net.HttpRequest$8.run(com.weather.util.net.HttpRequest$8@693389401)
I/org.umd.logging( 1263): Method < 1195 com.weather.util.net.HttpRequest$8.run(com.weather.util.net.HttpRequest@348396574)
I/org.umd.logging( 1263): Method < 1195 com.weather.Weather.config.ConfigurationManagers$1.run()
I/org.umd.logging( 1263): Method > 1195 com.weather.Weather.config.ConfigurationManagers$1.run(com.weather.Weather.config.ConfigurationManagers$1@893734143)
D/MConfig ( 1263): id=breaking-news, beacon=news:breaking:news:displayed, isHideable=false
I/org.umd.logging( 1263): Api > 1195 java.lang.Object.create(com.weather.util.net.OkConnectionFactory@351801621, java.net.URL@236051498<URL=https://s.w-x.co/mobile.prod.twc/android/config/phone/5.2.0/properties_app_ratings_v5.properties>)
I/org.umd.logging( 1263): Method < 1 com.weather.Weather.app.FlagshipApplication.onCreate()
D/MConfig ( 1263): id=current-conditions, beacon=weather:current:conditions:displayed, isHideable=false
D/MConfig ( 1263): id=hourly, beacon=weather:hourly:displayed, isHideable=false
D/MConfig ( 1263): id=ten-day, beacon=weather:10-day:displayed, isHideable=false
D/MConfig ( 1263): id=video, beacon=video:video:displayed, isHideable=false
D/MConfig ( 1263): id=map, beacon=map:map:displayed, isHideable=false
D/MConfig ( 1263): id=check-in, beacon=weather:weather-checkin-module, isHideable=false
D/MConfig ( 1263): id=pollen, beacon=pollen:pollen:displayed, isHideable=false
D/MConfig ( 1263): id=news, beacon=news:news:displayed, isHideable=false
D/MConfig ( 1263): id=airport, beacon=airport:airport:displayed, isHideable=false
D/MConfig ( 1263): id=boat, beacon=boatbeach:boatbeach-displayed, isHideable=true
I/org.umd.logging( 1263): Method < 1194 com.weather.Weather.config.ConfigurationManagers$1.run()
I/org.umd.logging( 1263): Method > 1194 com.weather.Weather.config.ConfigurationManagers$1.run(com.weather.Weather.config.ConfigurationManagers$1@556513819)
I/org.umd.logging( 1263): Api > 1194 java.lang.Object.create(com.weather.util.net.OkConnectionFactory@351801621, java.net.URL@1043638200<URL=https://s.w-x.co/mobile.prod.twc/android/config/phone/5.2.0/android_ads_prod_phone_500.json>)
I/org.umd.logging( 1263): Method > 1193 com.weather.util.net.HttpRequest$8.run(com.weather.util.net.HttpRequest$8@936749457)
I/org.umd.logging( 1263): Method < 1193 com.weather.util.net.HttpRequest$8.run(com.weather.util.net.HttpRequest@382308598)
I/org.umd.logging( 1263): Method < 1193 com.weather.Weather.config.ConfigurationManagers$1.run()
I/org.umd.logging( 1263): Method > 1193 com.weather.Weather.config.ConfigurationManagers$1.run(com.weather.Weather.config.ConfigurationManagers$1@843177207)
I/org.umd.logging( 1263): Api > 1193 java.lang.Object.create(com.weather.util.net.OkConnectionFactory@351801621, java.net.URL@359171940<URL=https://s.w-x.co/mobile.prod.twc/android/config/phone/5.2.0/dal_config.json>)
I/org.umd.logging( 1263): Method > 1201 com.weather.dal2.system.TwcBus$1.run(com.weather.dal2.system.TwcBus$1@846579330)
I/org.umd.logging( 1263): Method > 1201 com.weather.dal2.system.TwcBus$1.run(com.weather.dal2.system.TwcBus$1@846579330)
I/org.umd.logging( 1263): Method > 1201 com.weather.dal2.system.TwcBus$1.run(com.weather.dal2.system.TwcBus$1@846579330)
I/org.umd.logging( 1263): Method > 1201 com.weather.dal2.system.TwcBus$1.run(com.weather.dal2.system.TwcBus$1@846579330)
I/org.umd.logging( 1263): Method > 1201 com.weather.dal2.system.TwcBus$1.run(com.weather.dal2.system.TwcBus$1@846579330)
I/org.umd.logging( 1263): Method > 1201 com.weather.dal2.system.TwcBus$1.run(com.weather.dal2.system.TwcBus$1@846579330)
I/org.umd.logging( 1263): Method > 1201 com.weather.dal2.system.TwcBus$1.run(com.weather.dal2.system.TwcBus$1@846579330)
I/org.umd.logging( 1263): Method > 1201 com.weather.dal2.system.TwcBus$1.run(com.weather.dal2.system.TwcBus$1@846579330)
I/org.umd.logging( 1263): Method > 1201 com.weather.dal2.system.TwcBus$1.run(com.weather.dal2.system.TwcBus$1@846579330)
I/org.umd.logging( 1263): Api > 1187 java.lang.Object.create(com.weather.util.net.OkConnectionFactory@351801621, java.net.URL@450584316<URL=http://bcp.crwdcntrl.net/5/c=2215/tp=TWCN/tpid=nl/mid=229d4aea-d76e-47c3-ad88-1eafdf3529f0/e=app/seg=nl/seg=nl/seg=mobile/pe=y>)
I/org.umd.logging( 1263): Api > 1187 java.net.HttpURLConnection.<init>(com.squareup.okhttp.internal.huc.HttpURLConnectionImpl@960522629, java.net.URL@450584316<URL=http://bcp.crwdcntrl.net/5/c=2215/tp=TWCN/tpid=nl/mid=229d4aea-d76e-47c3-ad88-1eafdf3529f0/e=app/seg=nl/seg=nl/seg=mobile/pe=y>)
I/org.umd.logging( 1263): Api < 1187 java.net.HttpURLConnection.<init>(com.squareup.okhttp.internal.huc.HttpURLConnectionImpl@960522629)
I/org.umd.logging( 1263): Api < 1187 java.lang.Object.create(com.squareup.okhttp.internal.huc.HttpURLConnectionImpl@960522629)
I/org.umd.logging( 1263): Method > 1201 com.weather.dal2.system.TwcBus$1.run(com.weather.dal2.system.TwcBus$1@846579330)
I/org.umd.logging( 1263): Api > 1204 java.lang.Object.create(com.weather.util.net.OkConnectionFactory@351801621, java.net.URL@925047041<URL=https://dsx.weather.com/cms/assets/topstories?api=c58dba3f-01b0-45a6-bd9b-3a113dec4508>)
I/org.umd.logging( 1263): Api > 1204 java.net.HttpURLConnection.<init>(com.squareup.okhttp.internal.huc.HttpURLConnectionImpl@55976870, java.net.URL@925047041<URL=https://dsx.weather.com/cms/assets/topstories?api=c58dba3f-01b0-45a6-bd9b-3a113dec4508>)
I/org.umd.logging( 1263): Api < 1204 java.net.HttpURLConnection.<init>(com.squareup.okhttp.internal.huc.HttpURLConnectionImpl@55976870)
I/org.umd.logging( 1263): Api > 1204 javax.net.ssl.HttpsURLConnection.<init>(com.squareup.okhttp.internal.huc.HttpsURLConnectionImpl@514757012, java.net.URL@925047041<URL=https://dsx.weather.com/cms/assets/topstories?api=c58dba3f-01b0-45a6-bd9b-3a113dec4508>)
I/org.umd.logging( 1263): Api < 1204 javax.net.ssl.HttpsURLConnection.<init>(com.squareup.okhttp.internal.huc.HttpsURLConnectionImpl@514757012)
I/org.umd.logging( 1263): Api < 1204 java.lang.Object.create(com.squareup.okhttp.internal.huc.HttpsURLConnectionImpl@514757012)
I/org.umd.logging( 1263): Method > 1204 com.squareup.okhttp.internal.huc.HttpURLConnectionImpl.execute(com.squareup.okhttp.internal.huc.HttpURLConnectionImpl@55976870, true)
I/org.umd.logging( 1263): Method > 1187 com.squareup.okhttp.internal.huc.HttpURLConnectionImpl.execute(com.squareup.okhttp.internal.huc.HttpURLConnectionImpl@960522629, true)
I/org.umd.logging( 1263): Api > 1193 java.net.HttpURLConnection.<init>(com.squareup.okhttp.internal.huc.HttpURLConnectionImpl@757548093, java.net.URL@359171940<URL=https://s.w-x.co/mobile.prod.twc/android/config/phone/5.2.0/dal_config.json>)
I/org.umd.logging( 1263): Api > 1194 java.net.HttpURLConnection.<init>(com.squareup.okhttp.internal.huc.HttpURLConnectionImpl@884003890, java.net.URL@1043638200<URL=https://s.w-x.co/mobile.prod.twc/android/config/phone/5.2.0/android_ads_prod_phone_500.json>)
I/org.umd.logging( 1263): Api < 1193 java.net.HttpURLConnection.<init>(com.squareup.okhttp.internal.huc.HttpURLConnectionImpl@757548093)
I/org.umd.logging( 1263): Api < 1194 java.net.HttpURLConnection.<init>(com.squareup.okhttp.internal.huc.HttpURLConnectionImpl@884003890)
I/org.umd.logging( 1263): Api > 1193 javax.net.ssl.HttpsURLConnection.<init>(com.squareup.okhttp.internal.huc.HttpsURLConnectionImpl@547210627, java.net.URL@359171940<URL=https://s.w-x.co/mobile.prod.twc/android/config/phone/5.2.0/dal_config.json>)
I/org.umd.logging( 1263): Api > 1194 javax.net.ssl.HttpsURLConnection.<init>(com.squareup.okhttp.internal.huc.HttpsURLConnectionImpl@1001206528, java.net.URL@1043638200<URL=https://s.w-x.co/mobile.prod.twc/android/config/phone/5.2.0/android_ads_prod_phone_500.json>)
I/org.umd.logging( 1263): Api < 1193 javax.net.ssl.HttpsURLConnection.<init>(com.squareup.okhttp.internal.huc.HttpsURLConnectionImpl@547210627)
I/org.umd.logging( 1263): Api < 1194 javax.net.ssl.HttpsURLConnection.<init>(com.squareup.okhttp.internal.huc.HttpsURLConnectionImpl@1001206528)
I/org.umd.logging( 1263): Api < 1193 java.lang.Object.create(com.squareup.okhttp.internal.huc.HttpsURLConnectionImpl@547210627)
I/org.umd.logging( 1263): Api < 1194 java.lang.Object.create(com.squareup.okhttp.internal.huc.HttpsURLConnectionImpl@1001206528)
I/org.umd.logging( 1263): Api > 1195 java.net.HttpURLConnection.<init>(com.squareup.okhttp.internal.huc.HttpURLConnectionImpl@541648697, java.net.URL@236051498<URL=https://s.w-x.co/mobile.prod.twc/android/config/phone/5.2.0/properties_app_ratings_v5.properties>)
I/org.umd.logging( 1263): Api < 1195 java.net.HttpURLConnection.<init>(com.squareup.okhttp.internal.huc.HttpURLConnectionImpl@541648697)
I/org.umd.logging( 1263): Method > 1193 com.squareup.okhttp.internal.huc.HttpURLConnectionImpl.execute(com.squareup.okhttp.internal.huc.HttpURLConnectionImpl@757548093, true)
I/org.umd.logging( 1263): Method > 1194 com.squareup.okhttp.internal.huc.HttpURLConnectionImpl.execute(com.squareup.okhttp.internal.huc.HttpURLConnectionImpl@884003890, true)
I/org.umd.logging( 1263): Api > 1195 javax.net.ssl.HttpsURLConnection.<init>(com.squareup.okhttp.internal.huc.HttpsURLConnectionImpl@76808574, java.net.URL@236051498<URL=https://s.w-x.co/mobile.prod.twc/android/config/phone/5.2.0/properties_app_ratings_v5.properties>)
I/org.umd.logging( 1263): Api < 1195 javax.net.ssl.HttpsURLConnection.<init>(com.squareup.okhttp.internal.huc.HttpsURLConnectionImpl@76808574)
I/org.umd.logging( 1263): Api < 1195 java.lang.Object.create(com.squareup.okhttp.internal.huc.HttpsURLConnectionImpl@76808574)
I/org.umd.logging( 1263): Method > 1195 com.squareup.okhttp.internal.huc.HttpURLConnectionImpl.execute(com.squareup.okhttp.internal.huc.HttpURLConnectionImpl@541648697, true)
I/org.umd.logging( 1263): Method < 1181 com.weather.ads2.targeting.StaticAdParameters$1.run()
I/org.umd.logging( 1263): Method > 1201 com.weather.dal2.system.TwcBus$1.run(com.weather.dal2.system.TwcBus$1@846579330)
I/org.umd.logging( 1263): Method > 1 com.squareup.picasso.Dispatcher$NetworkBroadcastReceiver.onReceive(com.squareup.picasso.Dispatcher$NetworkBroadcastReceiver@846705829, com.weather.Weather.app.FlagshipApplication@460701994, android.content.Intent@530080251<action=android.net.conn.CONNECTIVITY_CHANGE><data=null><package=null><component=null><type=null><filter_hashcode=-1172645946><networkInfo=None><networkType=None><inetCondition=None><extraInfo=None><umd_Intent_key=None>)
I/org.umd.logging( 1263): Api > 1206 java.lang.Object.create(com.weather.util.net.OkConnectionFactory@351801621, java.net.URL@1027916374<URL=http://mobile.aws.weather.com/mobile.prod.twc/presents/presents.json>)
I/org.umd.logging( 1263): Api > 1206 java.net.HttpURLConnection.<init>(com.squareup.okhttp.internal.huc.HttpURLConnectionImpl@771826391, java.net.URL@1027916374<URL=http://mobile.aws.weather.com/mobile.prod.twc/presents/presents.json>)
I/org.umd.logging( 1263): Api < 1206 java.net.HttpURLConnection.<init>(com.squareup.okhttp.internal.huc.HttpURLConnectionImpl@771826391)
I/org.umd.logging( 1263): Api < 1206 java.lang.Object.create(com.squareup.okhttp.internal.huc.HttpURLConnectionImpl@771826391)
I/org.umd.logging( 1263): Method > 1206 com.squareup.okhttp.internal.huc.HttpURLConnectionImpl.execute(com.squareup.okhttp.internal.huc.HttpURLConnectionImpl@771826391, true)
I/org.umd.logging( 1263): Api > 1 android.net.ConnectivityManager.getActiveNetworkInfo(android.net.ConnectivityManager@458667693)
I/org.umd.logging( 1263): Api < 1 android.net.ConnectivityManager.getActiveNetworkInfo(android.net.NetworkInfo@468933680)
I/org.umd.logging( 1263): Method < 1 com.squareup.picasso.Dispatcher$NetworkBroadcastReceiver.onReceive()
I/org.umd.logging( 1263): Method < 1195 com.squareup.okhttp.internal.huc.HttpURLConnectionImpl.execute(true)
I/org.umd.logging( 1263): Method > 1195 com.weather.util.net.HttpRequest$8.run(com.weather.util.net.HttpRequest$8@624399823)
I/org.umd.logging( 1263): Method < 1194 com.squareup.okhttp.internal.huc.HttpURLConnectionImpl.execute(true)
I/org.umd.logging( 1263): Method > 1194 com.weather.util.net.HttpRequest$8.run(com.weather.util.net.HttpRequest$8@896142172)
I/org.umd.logging( 1263): Method < 1194 com.weather.util.net.HttpRequest$8.run(com.weather.util.net.HttpRequest@851775077)
I/org.umd.logging( 1263): Method < 1195 com.weather.util.net.HttpRequest$8.run(com.weather.util.net.HttpRequest@872229857)
I/org.umd.logging( 1263): Api > 1204 java.net.Socket.<init>(java.net.Socket@964325319, java.net.Proxy@148263826)
I/org.umd.logging( 1263): Api < 1204 java.net.Socket.<init>(java.net.Socket@964325319)
I/org.umd.logging( 1263): Method < 1195 com.weather.Weather.config.ConfigurationManagers$1.run()
I/org.umd.logging( 1263): Method > 1195 com.weather.Weather.config.ConfigurationManagers$1.run(com.weather.Weather.config.ConfigurationManagers$1@94650723)
I/org.umd.logging( 1263): Api > 1195 java.lang.Object.create(com.weather.util.net.OkConnectionFactory@351801621, java.net.URL@678310240<URL=https://s.w-x.co/mobile.prod.twc/android/config/phone/5.2.0/factual_audience_map.json>)
I/org.umd.logging( 1263): Api > 1195 java.net.HttpURLConnection.<init>(com.squareup.okhttp.internal.huc.HttpURLConnectionImpl@439776793, java.net.URL@678310240<URL=https://s.w-x.co/mobile.prod.twc/android/config/phone/5.2.0/factual_audience_map.json>)
I/org.umd.logging( 1263): Api < 1195 java.net.HttpURLConnection.<init>(com.squareup.okhttp.internal.huc.HttpURLConnectionImpl@439776793)
I/org.umd.logging( 1263): Api > 1195 javax.net.ssl.HttpsURLConnection.<init>(com.squareup.okhttp.internal.huc.HttpsURLConnectionImpl@830609118, java.net.URL@678310240<URL=https://s.w-x.co/mobile.prod.twc/android/config/phone/5.2.0/factual_audience_map.json>)
I/org.umd.logging( 1263): Api < 1195 javax.net.ssl.HttpsURLConnection.<init>(com.squareup.okhttp.internal.huc.HttpsURLConnectionImpl@830609118)
I/org.umd.logging( 1263): Api < 1195 java.lang.Object.create(com.squareup.okhttp.internal.huc.HttpsURLConnectionImpl@830609118)
I/org.umd.logging( 1263): Method > 1195 com.squareup.okhttp.internal.huc.HttpURLConnectionImpl.execute(com.squareup.okhttp.internal.huc.HttpURLConnectionImpl@439776793, true)
I/org.umd.logging( 1263): Method < 1193 com.squareup.okhttp.internal.huc.HttpURLConnectionImpl.execute(true)
I/org.umd.logging( 1263): Method > 1193 com.weather.util.net.HttpRequest$8.run(com.weather.util.net.HttpRequest$8@84906175)
I/org.umd.logging( 1263): Method < 1193 com.weather.util.net.HttpRequest$8.run(com.weather.util.net.HttpRequest@410321804)
I/org.umd.logging( 1263): Method < 1193 com.weather.Weather.config.ConfigurationManagers$1.run()
I/org.umd.logging( 1263): Method > 1193 com.weather.Weather.config.ConfigurationManagers$1.run(com.weather.Weather.config.ConfigurationManagers$1@456088277)
I/org.umd.logging( 1263): Api > 1193 java.lang.Object.create(com.weather.util.net.OkConnectionFactory@351801621, java.net.URL@378847978<URL=https://s.w-x.co/mobile.prod.twc/android/config/phone/5.2.0/beacon_config.json>)
I/org.umd.logging( 1263): Api > 1193 java.net.HttpURLConnection.<init>(com.squareup.okhttp.internal.huc.HttpURLConnectionImpl@464943579, java.net.URL@378847978<URL=https://s.w-x.co/mobile.prod.twc/android/config/phone/5.2.0/beacon_config.json>)
I/org.umd.logging( 1263): Api < 1193 java.net.HttpURLConnection.<init>(com.squareup.okhttp.internal.huc.HttpURLConnectionImpl@464943579)
I/org.umd.logging( 1263): Api > 1193 javax.net.ssl.HttpsURLConnection.<init>(com.squareup.okhttp.internal.huc.HttpsURLConnectionImpl@3460216, java.net.URL@378847978<URL=https://s.w-x.co/mobile.prod.twc/android/config/phone/5.2.0/beacon_config.json>)
I/org.umd.logging( 1263): Api < 1193 javax.net.ssl.HttpsURLConnection.<init>(com.squareup.okhttp.internal.huc.HttpsURLConnectionImpl@3460216)
I/org.umd.logging( 1263): Api < 1193 java.lang.Object.create(com.squareup.okhttp.internal.huc.HttpsURLConnectionImpl@3460216)
I/org.umd.logging( 1263): Method < 1194 com.weather.Weather.config.ConfigurationManagers$1.run()
I/org.umd.logging( 1263): Method > 1193 com.squareup.okhttp.internal.huc.HttpURLConnectionImpl.execute(com.squareup.okhttp.internal.huc.HttpURLConnectionImpl@464943579, true)
I/org.umd.logging( 1263): Api > 1187 java.net.Socket.<init>(java.net.Socket@160943953, java.net.Proxy@148263826)
I/org.umd.logging( 1263): Api < 1187 java.net.Socket.<init>(java.net.Socket@160943953)
I/org.umd.logging( 1263): Method < 1195 com.squareup.okhttp.internal.huc.HttpURLConnectionImpl.execute(true)
I/org.umd.logging(  854): Method > 1 com.unity3d.player.UnityPlayer$5.run(com.unity3d.player.UnityPlayer$5@771516338)
I/org.umd.logging(  854): Method < 1 com.unity3d.player.UnityPlayer$5.run()
I/org.umd.logging( 1263): Method > 1195 com.weather.util.net.HttpRequest$8.run(com.weather.util.net.HttpRequest$8@7611318)
I/org.umd.logging( 1263): Method < 1195 com.weather.util.net.HttpRequest$8.run(com.weather.util.net.HttpRequest@689494199)
I/org.umd.logging( 1263): Method < 1193 com.squareup.okhttp.internal.huc.HttpURLConnectionImpl.execute(true)
I/org.umd.logging( 1263): Method > 1193 com.weather.util.net.HttpRequest$8.run(com.weather.util.net.HttpRequest$8@640038948)
I/org.umd.logging( 1263): Method < 1193 com.weather.util.net.HttpRequest$8.run(com.weather.util.net.HttpRequest@102155586)
I/org.umd.logging( 1263): Method < 1193 com.weather.Weather.config.ConfigurationManagers$1.run()
I/org.umd.logging( 1263): Api > 1206 java.net.Socket.<init>(java.net.Socket@497070736, java.net.Proxy@148263826)
I/org.umd.logging( 1263): Api < 1206 java.net.Socket.<init>(java.net.Socket@497070736)
E/Cataloger( 5092): syncFile:/storage/emulated/0/2016-12-06_03:14:50.785.jpg
I/org.umd.logging( 1263): Method < 1195 com.weather.Weather.config.ConfigurationManagers$1.run()
I/org.umd.logging( 1263): Method < 1187 com.squareup.okhttp.internal.huc.HttpURLConnectionImpl.execute(true)
I/org.umd.logging( 1263): Method > 1187 com.weather.util.net.HttpRequest$8.run(com.weather.util.net.HttpRequest$8@219424687)
I/org.umd.logging( 1263): Method < 1187 com.weather.util.net.HttpRequest$8.run(com.weather.util.net.HttpRequest@731524801)
I/org.umd.logging( 1263): Api > 1206 java.lang.Thread.start(okio.AsyncTimeout$Watchdog@43071468<thread=1208>)
I/org.umd.logging( 1263): Api < 1206 java.lang.Thread.start()
I/org.umd.logging( 1263): Method < 1206 com.squareup.okhttp.internal.huc.HttpURLConnectionImpl.execute(true)
I/org.umd.logging( 1263): Method > 1206 com.weather.util.net.HttpRequest$8.run(com.weather.util.net.HttpRequest$8@946339402)
I/org.umd.logging( 1263): Method < 1204 com.squareup.okhttp.internal.huc.HttpURLConnectionImpl.execute(true)
I/org.umd.logging( 1263): Method > 1204 com.weather.util.net.HttpRequest$8.run(com.weather.util.net.HttpRequest$8@292244017)
I/org.umd.logging( 1263): Method < 1206 com.weather.util.net.HttpRequest$8.run(com.weather.util.net.HttpRequest@774878486)
I/org.umd.logging(  854): Method > 1279 com.xsj.crasheye.NativeExceptionHandler$2.run(com.xsj.crasheye.NativeExceptionHandler$2@1071715560)
I/org.umd.logging( 1263): Api > 1206 android.content.ContentResolver.delete(android.app.ContextImpl$ApplicationContentResolver@752881257, android.net.Uri$HierarchicalUri@893940764<URI=content://com.weather.weather.provider.twcpresents/twc_presents_items>, null, null)
I/org.umd.logging( 1263): Api > 1206 android.content.UriMatcher.match(android.content.UriMatcher@684010164, android.net.Uri$HierarchicalUri@707671773<URI=content://com.weather.weather.provider.twcpresents/twc_presents_items>)
I/org.umd.logging( 1263): Api < 1206 android.content.UriMatcher.match(100)
I/org.umd.logging( 1263): Method < 1204 com.weather.util.net.HttpRequest$8.run(com.weather.util.net.HttpRequest@374530642)
I/org.umd.logging( 1263): Method > 1201 com.weather.dal2.system.TwcBus$1.run(com.weather.dal2.system.TwcBus$1@846579330)
W/ResourceType(  854): No known package when getting name for resource number 0xffffffff
I/org.umd.logging(  854): Method > 1183 com.unity3d.player.UnityPlayer.executeGLThreadJobs(com.unity3d.player.UnityPlayer@814445863<file=2016-12-06_03:14:50.785><x=0><y=0><width=768><height=1280><id=-1>)
I/org.umd.logging(  854): Method < 1183 com.unity3d.player.UnityPlayer.executeGLThreadJobs()
E/Cataloger( 5092): syncFile:/storage/emulated/0/2016-12-06_03:14:50.785.jpg
I/org.umd.logging( 1263): Api < 1206 android.content.ContentResolver.delete()
I/org.umd.logging( 1263): Api > 1206 android.content.ContentProviderOperation.newInsert(android.net.Uri$HierarchicalUri@893940764<URI=content://com.weather.weather.provider.twcpresents/twc_presents_items>)
I/org.umd.logging( 1263): Api < 1206 android.content.ContentProviderOperation.newInsert(android.content.ContentProviderOperation$Builder@1055324571)
I/org.umd.logging( 1263): Api > 1206 android.content.ContentProviderOperation.newInsert(android.net.Uri$HierarchicalUri@893940764<URI=content://com.weather.weather.provider.twcpresents/twc_presents_items>)
I/org.umd.logging( 1263): Api < 1206 android.content.ContentProviderOperation.newInsert(android.content.ContentProviderOperation$Builder@289911096)
I/org.umd.logging( 1263): Api > 1206 android.content.ContentProviderOperation.newInsert(android.net.Uri$HierarchicalUri@893940764<URI=content://com.weather.weather.provider.twcpresents/twc_presents_items>)
I/org.umd.logging( 1263): Api < 1206 android.content.ContentProviderOperation.newInsert(android.content.ContentProviderOperation$Builder@1020638481)
I/org.umd.logging( 1263): Api > 1206 android.content.ContentProviderOperation.newInsert(android.net.Uri$HierarchicalUri@893940764<URI=content://com.weather.weather.provider.twcpresents/twc_presents_items>)
I/org.umd.logging( 1263): Api < 1206 android.content.ContentProviderOperation.newInsert(android.content.ContentProviderOperation$Builder@542078582)
I/org.umd.logging( 1263): Api > 1206 android.content.ContentProviderOperation.newInsert(android.net.Uri$HierarchicalUri@893940764<URI=content://com.weather.weather.provider.twcpresents/twc_presents_items>)
I/org.umd.logging( 1263): Api < 1206 android.content.ContentProviderOperation.newInsert(android.content.ContentProviderOperation$Builder@221353079)
I/org.umd.logging( 1263): Api > 1206 android.content.ContentProviderOperation.newInsert(android.net.Uri$HierarchicalUri@893940764<URI=content://com.weather.weather.provider.twcpresents/twc_presents_items>)
I/org.umd.logging( 1263): Api < 1206 android.content.ContentProviderOperation.newInsert(android.content.ContentProviderOperation$Builder@73574628)
I/org.umd.logging( 1263): Api > 1206 android.content.ContentProviderOperation.newInsert(android.net.Uri$HierarchicalUri@893940764<URI=content://com.weather.weather.provider.twcpresents/twc_presents_items>)
I/org.umd.logging( 1263): Api < 1206 android.content.ContentProviderOperation.newInsert(android.content.ContentProviderOperation$Builder@835686733)
I/org.umd.logging( 1263): Api > 1206 android.content.UriMatcher.match(android.content.UriMatcher@684010164, android.net.Uri$HierarchicalUri@893940764<URI=content://com.weather.weather.provider.twcpresents/twc_presents_items>)
I/org.umd.logging( 1263): Api < 1206 android.content.UriMatcher.match(100)
I/org.umd.logging( 1263): Api > 1206 android.content.ContentResolver.notifyChange(android.app.ContextImpl$ApplicationContentResolver@740360467, android.net.Uri$HierarchicalUri@893940764<URI=content://com.weather.weather.provider.twcpresents/twc_presents_items>, null)
I/org.umd.logging( 1263): Api < 1206 android.content.ContentResolver.notifyChange()
I/org.umd.logging( 1263): Api > 1206 android.content.ContentUris.withAppendedId(android.net.Uri$StringUri@470873417<URI=content://com.weather.weather.provider.twcpresents/contentPath>, 36)
I/org.umd.logging( 1263): Api < 1206 android.content.ContentUris.withAppendedId(android.net.Uri$HierarchicalUri@493542990<URI=content://com.weather.weather.provider.twcpresents/contentPath/36>)
I/org.umd.logging( 1263): Api > 1206 android.content.UriMatcher.match(android.content.UriMatcher@684010164, android.net.Uri$HierarchicalUri@893940764<URI=content://com.weather.weather.provider.twcpresents/twc_presents_items>)
I/org.umd.logging( 1263): Api < 1206 android.content.UriMatcher.match(100)
I/org.umd.logging( 1263): Api > 1206 android.content.ContentResolver.notifyChange(android.app.ContextImpl$ApplicationContentResolver@740360467, android.net.Uri$HierarchicalUri@893940764<URI=content://com.weather.weather.provider.twcpresents/twc_presents_items>, null)
I/org.umd.logging( 1263): Api < 1206 android.content.ContentResolver.notifyChange()
I/org.umd.logging( 1263): Api > 1206 android.content.ContentUris.withAppendedId(android.net.Uri$StringUri@470873417<URI=content://com.weather.weather.provider.twcpresents/contentPath>, 37)
I/org.umd.logging( 1263): Api < 1206 android.content.ContentUris.withAppendedId(android.net.Uri$HierarchicalUri@345021295<URI=content://com.weather.weather.provider.twcpresents/contentPath/37>)
I/org.umd.logging( 1263): Api > 1206 android.content.UriMatcher.match(android.content.UriMatcher@684010164, android.net.Uri$HierarchicalUri@893940764<URI=content://com.weather.weather.provider.twcpresents/twc_presents_items>)
I/org.umd.logging( 1263): Api < 1206 android.content.UriMatcher.match(100)
I/org.umd.logging( 1263): Api > 1206 android.content.ContentResolver.notifyChange(android.app.ContextImpl$ApplicationContentResolver@740360467, android.net.Uri$HierarchicalUri@893940764<URI=content://com.weather.weather.provider.twcpresents/twc_presents_items>, null)
I/org.umd.logging( 1263): Api < 1206 android.content.ContentResolver.notifyChange()
I/org.umd.logging( 1263): Api > 1206 android.content.ContentUris.withAppendedId(android.net.Uri$StringUri@470873417<URI=content://com.weather.weather.provider.twcpresents/contentPath>, 38)
I/org.umd.logging( 1263): Api < 1206 android.content.ContentUris.withAppendedId(android.net.Uri$HierarchicalUri@935866492<URI=content://com.weather.weather.provider.twcpresents/contentPath/38>)
I/org.umd.logging( 1263): Api > 1206 android.content.UriMatcher.match(android.content.UriMatcher@684010164, android.net.Uri$HierarchicalUri@893940764<URI=content://com.weather.weather.provider.twcpresents/twc_presents_items>)
I/org.umd.logging( 1263): Api < 1206 android.content.UriMatcher.match(100)
I/org.umd.logging( 1263): Api > 1206 android.content.ContentResolver.notifyChange(android.app.ContextImpl$ApplicationContentResolver@740360467, android.net.Uri$HierarchicalUri@893940764<URI=content://com.weather.weather.provider.twcpresents/twc_presents_items>, null)
I/org.umd.logging( 1263): Api < 1206 android.content.ContentResolver.notifyChange()
I/org.umd.logging( 1263): Api > 1206 android.content.ContentUris.withAppendedId(android.net.Uri$StringUri@470873417<URI=content://com.weather.weather.provider.twcpresents/contentPath>, 39)
I/org.umd.logging( 1263): Api < 1206 android.content.ContentUris.withAppendedId(android.net.Uri$HierarchicalUri@988454149<URI=content://com.weather.weather.provider.twcpresents/contentPath/39>)
I/org.umd.logging( 1263): Api > 1206 android.content.UriMatcher.match(android.content.UriMatcher@684010164, android.net.Uri$HierarchicalUri@893940764<URI=content://com.weather.weather.provider.twcpresents/twc_presents_items>)
I/org.umd.logging( 1263): Api < 1206 android.content.UriMatcher.match(100)
I/org.umd.logging( 1263): Api > 1206 android.content.ContentResolver.notifyChange(android.app.ContextImpl$ApplicationContentResolver@740360467, android.net.Uri$HierarchicalUri@893940764<URI=content://com.weather.weather.provider.twcpresents/twc_presents_items>, null)
I/org.umd.logging( 1263): Api < 1206 android.content.ContentResolver.notifyChange()
I/org.umd.logging( 1263): Api > 1206 android.content.ContentUris.withAppendedId(android.net.Uri$StringUri@470873417<URI=content://com.weather.weather.provider.twcpresents/contentPath>, 40)
I/org.umd.logging( 1263): Api < 1206 android.content.ContentUris.withAppendedId(android.net.Uri$HierarchicalUri@144347482<URI=content://com.weather.weather.provider.twcpresents/contentPath/40>)
I/org.umd.logging( 1263): Api > 1206 android.content.UriMatcher.match(android.content.UriMatcher@684010164, android.net.Uri$HierarchicalUri@893940764<URI=content://com.weather.weather.provider.twcpresents/twc_presents_items>)
I/org.umd.logging( 1263): Api < 1206 android.content.UriMatcher.match(100)
I/org.umd.logging( 1263): Api > 1206 android.content.ContentResolver.notifyChange(android.app.ContextImpl$ApplicationContentResolver@740360467, android.net.Uri$HierarchicalUri@893940764<URI=content://com.weather.weather.provider.twcpresents/twc_presents_items>, null)
I/org.umd.logging( 1263): Api < 1206 android.content.ContentResolver.notifyChange()
I/org.umd.logging( 1263): Api > 1206 android.content.ContentUris.withAppendedId(android.net.Uri$StringUri@470873417<URI=content://com.weather.weather.provider.twcpresents/contentPath>, 41)
I/org.umd.logging( 1263): Api < 1206 android.content.ContentUris.withAppendedId(android.net.Uri$HierarchicalUri@129335179<URI=content://com.weather.weather.provider.twcpresents/contentPath/41>)
I/org.umd.logging( 1263): Api > 1206 android.content.UriMatcher.match(android.content.UriMatcher@684010164, android.net.Uri$HierarchicalUri@893940764<URI=content://com.weather.weather.provider.twcpresents/twc_presents_items>)
I/org.umd.logging( 1263): Api < 1206 android.content.UriMatcher.match(100)
I/org.umd.logging( 1263): Api > 1206 android.content.ContentResolver.notifyChange(android.app.ContextImpl$ApplicationContentResolver@740360467, android.net.Uri$HierarchicalUri@893940764<URI=content://com.weather.weather.provider.twcpresents/twc_presents_items>, null)
I/org.umd.logging( 1263): Api < 1206 android.content.ContentResolver.notifyChange()
I/org.umd.logging( 1263): Api > 1206 android.content.ContentUris.withAppendedId(android.net.Uri$StringUri@470873417<URI=content://com.weather.weather.provider.twcpresents/contentPath>, 42)
I/org.umd.logging( 1263): Api < 1206 android.content.ContentUris.withAppendedId(android.net.Uri$HierarchicalUri@939328641<URI=content://com.weather.weather.provider.twcpresents/contentPath/42>)
I/org.umd.logging( 1263): Api > 1204 android.content.ContentResolver.delete(android.app.ContextImpl$ApplicationContentResolver@1060377364, android.net.Uri$HierarchicalUri@477390781<URI=content://com.weather.weather.provider.topstories/top_stories>, null, null)
E/Cataloger( 5092): syncFile:/storage/emulated/0/Android/data/com.turbochilli.rollingsky/files/ANDROID/Resources/201611231103/7d/Lv14icon1201.png
I/org.umd.logging( 1263): Api > 1204 android.content.UriMatcher.match(android.content.UriMatcher@1017866198, android.net.Uri$HierarchicalUri@874682967<URI=content://com.weather.weather.provider.topstories/top_stories>)
I/org.umd.logging( 1263): Api < 1204 android.content.UriMatcher.match(100)
E/Cataloger( 5092): syncFile:/storage/emulated/0/Android/data/com.turbochilli.rollingsky/files/ANDROID/Resources/201611231103/7d/Lv14icon1201.png
I/org.umd.logging(  854): Method > 1288 com.umeng.analytics.g.run(u.aly.m$1@566006531)
I/org.umd.logging(  854): Api > 1288 android.net.ConnectivityManager.getActiveNetworkInfo(android.net.ConnectivityManager@406545147)
I/org.umd.logging(  854): Api < 1288 android.net.ConnectivityManager.getActiveNetworkInfo(android.net.NetworkInfo@157790848)
I/org.umd.logging(  854): Method < 1288 com.umeng.analytics.g.run()
I/org.umd.logging( 1263): Api < 1204 android.content.ContentResolver.delete()
I/org.umd.logging( 1263): Api > 1204 android.content.ContentProviderOperation.newInsert(android.net.Uri$HierarchicalUri@477390781<URI=content://com.weather.weather.provider.topstories/top_stories>)
I/org.umd.logging( 1263): Api < 1204 android.content.ContentProviderOperation.newInsert(android.content.ContentProviderOperation$Builder@607858507)
I/org.umd.logging( 1263): Api > 1204 android.content.ContentProviderOperation.newInsert(android.net.Uri$HierarchicalUri@477390781<URI=content://com.weather.weather.provider.topstories/top_stories>)
I/org.umd.logging( 1263): Api < 1204 android.content.ContentProviderOperation.newInsert(android.content.ContentProviderOperation$Builder@345910568)
I/org.umd.logging( 1263): Api > 1204 android.content.ContentProviderOperation.newInsert(android.net.Uri$HierarchicalUri@477390781<URI=content://com.weather.weather.provider.topstories/top_stories>)
I/org.umd.logging( 1263): Api < 1204 android.content.ContentProviderOperation.newInsert(android.content.ContentProviderOperation$Builder@235641409)
I/org.umd.logging( 1263): Api > 1204 android.content.ContentProviderOperation.newInsert(android.net.Uri$HierarchicalUri@477390781<URI=content://com.weather.weather.provider.topstories/top_stories>)
I/org.umd.logging( 1263): Api < 1204 android.content.ContentProviderOperation.newInsert(android.content.ContentProviderOperation$Builder@322350054)
I/org.umd.logging( 1263): Api > 1204 android.content.ContentProviderOperation.newInsert(android.net.Uri$HierarchicalUri@477390781<URI=content://com.weather.weather.provider.topstories/top_stories>)
I/org.umd.logging( 1263): Api < 1204 android.content.ContentProviderOperation.newInsert(android.content.ContentProviderOperation$Builder@814445863)
I/org.umd.logging( 1263): Api > 1204 android.content.ContentProviderOperation.newInsert(android.net.Uri$HierarchicalUri@477390781<URI=content://com.weather.weather.provider.topstories/top_stories>)
I/org.umd.logging( 1263): Api < 1204 android.content.ContentProviderOperation.newInsert(android.content.ContentProviderOperation$Builder@742192084)
I/org.umd.logging( 1263): Api > 1204 android.content.ContentProviderOperation.newInsert(android.net.Uri$HierarchicalUri@477390781<URI=content://com.weather.weather.provider.topstories/top_stories>)
I/org.umd.logging( 1263): Api < 1204 android.content.ContentProviderOperation.newInsert(android.content.ContentProviderOperation$Builder@305568125)
I/org.umd.logging( 1263): Api > 1204 android.content.ContentProviderOperation.newInsert(android.net.Uri$HierarchicalUri@477390781<URI=content://com.weather.weather.provider.topstories/top_stories>)
I/org.umd.logging( 1263): Api < 1204 android.content.ContentProviderOperation.newInsert(android.content.ContentProviderOperation$Builder@397516914)
I/org.umd.logging( 1263): Api > 1204 android.content.ContentProviderOperation.newInsert(android.net.Uri$HierarchicalUri@477390781<URI=content://com.weather.weather.provider.topstories/top_stories>)
I/org.umd.logging( 1263): Api < 1204 android.content.ContentProviderOperation.newInsert(android.content.ContentProviderOperation$Builder@1068514499)
I/org.umd.logging( 1263): Api > 1204 android.content.ContentProviderOperation.newInsert(android.net.Uri$HierarchicalUri@477390781<URI=content://com.weather.weather.provider.topstories/top_stories>)
I/org.umd.logging( 1263): Api < 1204 android.content.ContentProviderOperation.newInsert(android.content.ContentProviderOperation$Builder@308246848)
I/org.umd.logging( 1263): Api > 1204 android.content.UriMatcher.match(android.content.UriMatcher@1017866198, android.net.Uri$HierarchicalUri@477390781<URI=content://com.weather.weather.provider.topstories/top_stories>)
I/org.umd.logging( 1263): Api < 1204 android.content.UriMatcher.match(100)
I/org.umd.logging( 1263): Api > 1204 android.content.ContentResolver.notifyChange(android.app.ContextImpl$ApplicationContentResolver@740360467, android.net.Uri$HierarchicalUri@477390781<URI=content://com.weather.weather.provider.topstories/top_stories>, null)
E/Cataloger( 5092): syncFile:/storage/emulated/0/2016-12-06_03:14:51.064.jpg
I/org.umd.logging( 1263): Api < 1204 android.content.ContentResolver.notifyChange()
I/org.umd.logging( 1263): Api > 1204 android.content.ContentUris.withAppendedId(android.net.Uri$StringUri@823677049<URI=content://com.weather.weather.provider.topstories/contentPath>, 51)
I/org.umd.logging( 1263): Api < 1204 android.content.ContentUris.withAppendedId(android.net.Uri$HierarchicalUri@108351934<URI=content://com.weather.weather.provider.topstories/contentPath/51>)
I/org.umd.logging( 1263): Api > 1204 android.content.UriMatcher.match(android.content.UriMatcher@1017866198, android.net.Uri$HierarchicalUri@477390781<URI=content://com.weather.weather.provider.topstories/top_stories>)
I/org.umd.logging( 1263): Api < 1204 android.content.UriMatcher.match(100)
I/org.umd.logging( 1263): Api > 1204 android.content.ContentResolver.notifyChange(android.app.ContextImpl$ApplicationContentResolver@740360467, android.net.Uri$HierarchicalUri@477390781<URI=content://com.weather.weather.provider.topstories/top_stories>, null)
I/org.umd.logging( 1263): Api < 1204 android.content.ContentResolver.notifyChange()
I/org.umd.logging( 1263): Api > 1204 android.content.ContentUris.withAppendedId(android.net.Uri$StringUri@823677049<URI=content://com.weather.weather.provider.topstories/contentPath>, 52)
I/org.umd.logging( 1263): Api < 1204 android.content.ContentUris.withAppendedId(android.net.Uri$HierarchicalUri@902816287<URI=content://com.weather.weather.provider.topstories/contentPath/52>)
I/org.umd.logging( 1263): Api > 1204 android.content.UriMatcher.match(android.content.UriMatcher@1017866198, android.net.Uri$HierarchicalUri@477390781<URI=content://com.weather.weather.provider.topstories/top_stories>)
I/org.umd.logging( 1263): Api < 1204 android.content.UriMatcher.match(100)
I/org.umd.logging( 1263): Api > 1204 android.content.ContentResolver.notifyChange(android.app.ContextImpl$ApplicationContentResolver@740360467, android.net.Uri$HierarchicalUri@477390781<URI=content://com.weather.weather.provider.topstories/top_stories>, null)
I/org.umd.logging( 1263): Api < 1204 android.content.ContentResolver.notifyChange()
I/org.umd.logging( 1263): Api > 1204 android.content.ContentUris.withAppendedId(android.net.Uri$StringUri@823677049<URI=content://com.weather.weather.provider.topstories/contentPath>, 53)
I/org.umd.logging( 1263): Api < 1204 android.content.ContentUris.withAppendedId(android.net.Uri$HierarchicalUri@56813932<URI=content://com.weather.weather.provider.topstories/contentPath/53>)
I/org.umd.logging( 1263): Api > 1204 android.content.UriMatcher.match(android.content.UriMatcher@1017866198, android.net.Uri$HierarchicalUri@477390781<URI=content://com.weather.weather.provider.topstories/top_stories>)
I/org.umd.logging( 1263): Api < 1204 android.content.UriMatcher.match(100)
I/org.umd.logging( 1263): Api > 1204 android.content.ContentResolver.notifyChange(android.app.ContextImpl$ApplicationContentResolver@740360467, android.net.Uri$HierarchicalUri@477390781<URI=content://com.weather.weather.provider.topstories/top_stories>, null)
I/org.umd.logging( 1263): Api > 1205 android.net.ConnectivityManager.getActiveNetworkInfo(android.net.ConnectivityManager@458667693)
I/org.umd.logging( 1263): Api < 1204 android.content.ContentResolver.notifyChange()
I/org.umd.logging( 1263): Api > 1204 android.content.ContentUris.withAppendedId(android.net.Uri$StringUri@823677049<URI=content://com.weather.weather.provider.topstories/contentPath>, 54)
I/org.umd.logging( 1263): Api < 1204 android.content.ContentUris.withAppendedId(android.net.Uri$HierarchicalUri@163871541<URI=content://com.weather.weather.provider.topstories/contentPath/54>)
I/org.umd.logging( 1263): Api > 1204 android.content.UriMatcher.match(android.content.UriMatcher@1017866198, android.net.Uri$HierarchicalUri@477390781<URI=content://com.weather.weather.provider.topstories/top_stories>)
I/org.umd.logging( 1263): Api < 1204 android.content.UriMatcher.match(100)
I/org.umd.logging( 1263): Api > 1204 android.content.ContentResolver.notifyChange(android.app.ContextImpl$ApplicationContentResolver@740360467, android.net.Uri$HierarchicalUri@477390781<URI=content://com.weather.weather.provider.topstories/top_stories>, null)
I/org.umd.logging( 1263): Api < 1205 android.net.ConnectivityManager.getActiveNetworkInfo(android.net.NetworkInfo@103861194)
I/org.umd.logging( 1263): Api < 1204 android.content.ContentResolver.notifyChange()
I/org.umd.logging( 1263): Api > 1204 android.content.ContentUris.withAppendedId(android.net.Uri$StringUri@823677049<URI=content://com.weather.weather.provider.topstories/contentPath>, 55)
I/org.umd.logging( 1263): Api < 1204 android.content.ContentUris.withAppendedId(android.net.Uri$HierarchicalUri@689602875<URI=content://com.weather.weather.provider.topstories/contentPath/55>)
I/org.umd.logging( 1263): Api > 1204 android.content.UriMatcher.match(android.content.UriMatcher@1017866198, android.net.Uri$HierarchicalUri@477390781<URI=content://com.weather.weather.provider.topstories/top_stories>)
I/org.umd.logging( 1263): Api < 1204 android.content.UriMatcher.match(100)
I/org.umd.logging( 1263): Api > 1204 android.content.ContentResolver.notifyChange(android.app.ContextImpl$ApplicationContentResolver@740360467, android.net.Uri$HierarchicalUri@477390781<URI=content://com.weather.weather.provider.topstories/top_stories>, null)
I/org.umd.logging( 1263): Api < 1204 android.content.ContentResolver.notifyChange()
I/org.umd.logging( 1263): Api > 1204 android.content.ContentUris.withAppendedId(android.net.Uri$StringUri@823677049<URI=content://com.weather.weather.provider.topstories/contentPath>, 56)
I/org.umd.logging( 1263): Api < 1204 android.content.ContentUris.withAppendedId(android.net.Uri$HierarchicalUri@38482008<URI=content://com.weather.weather.provider.topstories/contentPath/56>)
I/org.umd.logging( 1263): Api > 1204 android.content.UriMatcher.match(android.content.UriMatcher@1017866198, android.net.Uri$HierarchicalUri@477390781<URI=content://com.weather.weather.provider.topstories/top_stories>)
I/org.umd.logging( 1263): Api < 1204 android.content.UriMatcher.match(100)
I/org.umd.logging( 1263): Api > 1204 android.content.ContentResolver.notifyChange(android.app.ContextImpl$ApplicationContentResolver@740360467, android.net.Uri$HierarchicalUri@477390781<URI=content://com.weather.weather.provider.topstories/top_stories>, null)
I/org.umd.logging( 1263): Api < 1204 android.content.ContentResolver.notifyChange()
I/org.umd.logging( 1263): Api > 1204 android.content.ContentUris.withAppendedId(android.net.Uri$StringUri@823677049<URI=content://com.weather.weather.provider.topstories/contentPath>, 57)
I/org.umd.logging( 1263): Api < 1204 android.content.ContentUris.withAppendedId(android.net.Uri$HierarchicalUri@516855217<URI=content://com.weather.weather.provider.topstories/contentPath/57>)
I/org.umd.logging( 1263): Api > 1204 android.content.UriMatcher.match(android.content.UriMatcher@1017866198, android.net.Uri$HierarchicalUri@477390781<URI=content://com.weather.weather.provider.topstories/top_stories>)
I/org.umd.logging( 1263): Api < 1204 android.content.UriMatcher.match(100)
I/org.umd.logging( 1263): Api > 1204 android.content.ContentResolver.notifyChange(android.app.ContextImpl$ApplicationContentResolver@740360467, android.net.Uri$HierarchicalUri@477390781<URI=content://com.weather.weather.provider.topstories/top_stories>, null)
I/org.umd.logging( 1263): Api < 1204 android.content.ContentResolver.notifyChange()
I/org.umd.logging( 1263): Api > 1204 android.content.ContentUris.withAppendedId(android.net.Uri$StringUri@823677049<URI=content://com.weather.weather.provider.topstories/contentPath>, 58)
I/org.umd.logging( 1263): Api < 1204 android.content.ContentUris.withAppendedId(android.net.Uri$HierarchicalUri@125295254<URI=content://com.weather.weather.provider.topstories/contentPath/58>)
I/org.umd.logging( 1263): Api > 1204 android.content.UriMatcher.match(android.content.UriMatcher@1017866198, android.net.Uri$HierarchicalUri@477390781<URI=content://com.weather.weather.provider.topstories/top_stories>)
I/org.umd.logging( 1263): Api < 1204 android.content.UriMatcher.match(100)
I/org.umd.logging( 1263): Api > 1204 android.content.ContentResolver.notifyChange(android.app.ContextImpl$ApplicationContentResolver@740360467, android.net.Uri$HierarchicalUri@477390781<URI=content://com.weather.weather.provider.topstories/top_stories>, null)
I/org.umd.logging( 1263): Api < 1204 android.content.ContentResolver.notifyChange()
I/org.umd.logging( 1263): Api > 1204 android.content.ContentUris.withAppendedId(android.net.Uri$StringUri@823677049<URI=content://com.weather.weather.provider.topstories/contentPath>, 59)
I/org.umd.logging( 1263): Api < 1204 android.content.ContentUris.withAppendedId(android.net.Uri$HierarchicalUri@413529623<URI=content://com.weather.weather.provider.topstories/contentPath/59>)
I/org.umd.logging( 1263): Api > 1204 android.content.UriMatcher.match(android.content.UriMatcher@1017866198, android.net.Uri$HierarchicalUri@477390781<URI=content://com.weather.weather.provider.topstories/top_stories>)
I/org.umd.logging( 1263): Api < 1204 android.content.UriMatcher.match(100)
I/org.umd.logging( 1263): Api > 1204 android.content.ContentResolver.notifyChange(android.app.ContextImpl$ApplicationContentResolver@740360467, android.net.Uri$HierarchicalUri@477390781<URI=content://com.weather.weather.provider.topstories/top_stories>, null)
I/org.umd.logging( 1263): Api < 1204 android.content.ContentResolver.notifyChange()
I/org.umd.logging( 1263): Api > 1204 android.content.ContentUris.withAppendedId(android.net.Uri$StringUri@823677049<URI=content://com.weather.weather.provider.topstories/contentPath>, 60)
I/org.umd.logging( 1263): Api < 1204 android.content.ContentUris.withAppendedId(android.net.Uri$HierarchicalUri@1013905924<URI=content://com.weather.weather.provider.topstories/contentPath/60>)
I/org.umd.logging( 1263): Method > 1201 com.weather.facade.WeatherDataManager.onReceiveWeatherData(com.weather.facade.WeatherDataManager@111625792, com.weather.dal2.dsx.RecordSets@780524525)
I/org.umd.logging( 1263): Api > 1205 java.lang.Object.create(com.weather.util.net.OkConnectionFactory@351801621, java.net.URL@508496418<URL=http://dsx.weather.com/(wxd/v2/MORecord;wxd/v2/SKRecord;wxd/v2/PastFlu;wxd/v2/DIRecord;wxd/v2/DFRecord;wxd/v2/DHRecord;wxd/v2/BERecord;wxd/v2/Pollen;wxd/v2/airportDelays;wxd/v2/TIRecord;wxd/v2/WMRecord)/(en_US/USMA0046:1:US)?groupedByResource&api=c58dba3f-01b0-45a6-bd9b-3a113dec4508>)
I/org.umd.logging( 1263): Api > 1205 java.net.HttpURLConnection.<init>(com.squareup.okhttp.internal.huc.HttpURLConnectionImpl@889838771, java.net.URL@508496418<URL=http://dsx.weather.com/(wxd/v2/MORecord;wxd/v2/SKRecord;wxd/v2/PastFlu;wxd/v2/DIRecord;wxd/v2/DFRecord;wxd/v2/DHRecord;wxd/v2/BERecord;wxd/v2/Pollen;wxd/v2/airportDelays;wxd/v2/TIRecord;wxd/v2/WMRecord)/(en_US/USMA0046:1:US)?groupedByResource&api=c58dba3f-01b0-45a6-bd9b-3a113dec4508>)
I/org.umd.logging( 1263): Api < 1205 java.net.HttpURLConnection.<init>(com.squareup.okhttp.internal.huc.HttpURLConnectionImpl@889838771)
I/org.umd.logging( 1263): Api < 1205 java.lang.Object.create(com.squareup.okhttp.internal.huc.HttpURLConnectionImpl@889838771)
I/org.umd.logging( 1263): Method > 1205 com.squareup.okhttp.internal.huc.HttpURLConnectionImpl.execute(com.squareup.okhttp.internal.huc.HttpURLConnectionImpl@889838771, true)
I/org.umd.logging( 1263): Api > 1204 java.lang.Object.create(com.weather.util.net.OkConnectionFactory@351801621, java.net.URL@1004778096<URL=https://dsx.weather.com/cms/assets/bigimpact?api=c58dba3f-01b0-45a6-bd9b-3a113dec4508>)
I/org.umd.logging( 1263): Api > 1204 java.net.HttpURLConnection.<init>(com.squareup.okhttp.internal.huc.HttpURLConnectionImpl@317802985, java.net.URL@1004778096<URL=https://dsx.weather.com/cms/assets/bigimpact?api=c58dba3f-01b0-45a6-bd9b-3a113dec4508>)
I/org.umd.logging( 1263): Api < 1204 java.net.HttpURLConnection.<init>(com.squareup.okhttp.internal.huc.HttpURLConnectionImpl@317802985)
I/org.umd.logging( 1263): Api > 1204 javax.net.ssl.HttpsURLConnection.<init>(com.squareup.okhttp.internal.huc.HttpsURLConnectionImpl@678930030, java.net.URL@1004778096<URL=https://dsx.weather.com/cms/assets/bigimpact?api=c58dba3f-01b0-45a6-bd9b-3a113dec4508>)
I/org.umd.logging( 1263): Api < 1204 javax.net.ssl.HttpsURLConnection.<init>(com.squareup.okhttp.internal.huc.HttpsURLConnectionImpl@678930030)
I/org.umd.logging( 1263): Api < 1204 java.lang.Object.create(com.squareup.okhttp.internal.huc.HttpsURLConnectionImpl@678930030)
