I/art     ( 1930): Background partial concurrent mark sweep GC freed 779(51KB) AllocSpace objects, 6(22MB) LOS objects, 32% free, 33MB/49MB, paused 1.617ms total 110.117ms
W/ResourceType( 1930): No known package when getting name for resource number 0xffffffff
I/org.umd.logging( 1930): Method > 1203 com.unity3d.player.UnityPlayer.executeGLThreadJobs(com.unity3d.player.UnityPlayer@478631621<file=2016-12-06_03:16:30.096><x=0><y=0><width=768><height=1280><id=-1>)
I/org.umd.logging( 1930): Method < 1203 com.unity3d.player.UnityPlayer.executeGLThreadJobs()
E/Cataloger( 5092): syncFile:/storage/emulated/0/2016-12-06_03:16:30.096.jpg
E/Cataloger( 5092): syncFile:/storage/emulated/0/2016-12-06_03:16:30.261.jpg
E/Cataloger( 5092): syncFile:/storage/emulated/0/2016-12-06_03:16:30.289.jpg
I/DownloadManagerWrapper(  985): onReceive() : Charging = true
W/ResourceType( 1930): No known package when getting name for resource number 0xffffffff
I/org.umd.logging( 1930): Method > 1203 com.unity3d.player.UnityPlayer.executeGLThreadJobs(com.unity3d.player.UnityPlayer@478631621<file=2016-12-06_03:16:30.261><x=0><y=0><width=768><height=1280><id=-1>)
I/org.umd.logging( 1930): Method < 1203 com.unity3d.player.UnityPlayer.executeGLThreadJobs()
W/ResourceType( 1930): No known package when getting name for resource number 0xffffffff
I/org.umd.logging( 1930): Method > 1 com.unity3d.player.UnityPlayer.onTouchEvent(com.unity3d.player.UnityPlayer@478631621<file=2016-12-06_03:16:30.289><x=0><y=0><width=768><height=1280><id=-1>, android.view.MotionEvent@746192364)
I/org.umd.logging( 1930): Method < 1 com.unity3d.player.UnityPlayer.onTouchEvent(true)
E/Cataloger( 5092): syncFile:/storage/emulated/0/2016-12-06_03:16:30.261.jpg
E/Cataloger( 5092): syncFile:/storage/emulated/0/2016-12-06_03:16:30.289.jpg
E/Cataloger( 5092): syncFile:/storage/emulated/0/2016-12-06_03:16:30.443.jpg
I/org.umd.logging( 1930): Method > 1302 com.xsj.crasheye.NativeExceptionHandler$2.run(com.xsj.crasheye.NativeExceptionHandler$2@994092071)
E/Cataloger( 5092): syncFile:/storage/emulated/0/2016-12-06_03:16:30.421.jpg
W/ResourceType( 1930): No known package when getting name for resource number 0xffffffff
W/ResourceType( 1930): No known package when getting name for resource number 0xffffffff
I/org.umd.logging( 1930): Method > 1203 com.unity3d.player.UnityPlayer.executeGLThreadJobs(com.unity3d.player.UnityPlayer@478631621<file=2016-12-06_03:16:30.443><x=0><y=0><width=768><height=1280><id=-1>)
I/org.umd.logging( 1930): Method > 1 com.unity3d.player.UnityPlayer.onTouchEvent(com.unity3d.player.UnityPlayer@478631621<file=2016-12-06_03:16:30.421><x=0><y=0><width=768><height=1280><id=-1>, android.view.MotionEvent@746192364)
I/org.umd.logging( 1930): Method < 1203 com.unity3d.player.UnityPlayer.executeGLThreadJobs()
I/org.umd.logging( 1930): Method < 1 com.unity3d.player.UnityPlayer.onTouchEvent(true)
E/Cataloger( 5092): syncFile:/storage/emulated/0/2016-12-06_03:16:30.443.jpg
E/Cataloger( 5092): syncFile:/storage/emulated/0/2016-12-06_03:16:30.421.jpg
E/Cataloger( 5092): syncFile:/storage/emulated/0/2016-12-06_03:16:30.587.jpg
W/ResourceType( 1930): No known package when getting name for resource number 0xffffffff
I/org.umd.logging( 1930): Method > 1203 com.unity3d.player.UnityPlayer.executeGLThreadJobs(com.unity3d.player.UnityPlayer@478631621<file=2016-12-06_03:16:30.587><x=0><y=0><width=768><height=1280><id=-1>)
I/org.umd.logging( 1930): Method < 1203 com.unity3d.player.UnityPlayer.executeGLThreadJobs()
E/Cataloger( 5092): syncFile:/storage/emulated/0/2016-12-06_03:16:30.587.jpg
E/Cataloger( 5092): syncFile:/storage/emulated/0/2016-12-06_03:16:30.821.jpg
W/ResourceType( 1930): No known package when getting name for resource number 0xffffffff
I/org.umd.logging( 1930): Method > 1203 com.unity3d.player.UnityPlayer.executeGLThreadJobs(com.unity3d.player.UnityPlayer@478631621<file=2016-12-06_03:16:30.821><x=0><y=0><width=768><height=1280><id=-1>)
I/org.umd.logging( 1930): Method < 1203 com.unity3d.player.UnityPlayer.executeGLThreadJobs()
E/Cataloger( 5092): syncFile:/storage/emulated/0/2016-12-06_03:16:30.821.jpg
E/Cataloger( 5092): syncFile:/storage/emulated/0/2016-12-06_03:16:30.968.jpg
W/ResourceType( 1930): No known package when getting name for resource number 0xffffffff
I/org.umd.logging( 1930): Method > 1203 com.unity3d.player.UnityPlayer.executeGLThreadJobs(com.unity3d.player.UnityPlayer@478631621<file=2016-12-06_03:16:30.968><x=0><y=0><width=768><height=1280><id=-1>)
I/org.umd.logging( 1930): Method < 1203 com.unity3d.player.UnityPlayer.executeGLThreadJobs()
E/Cataloger( 5092): syncFile:/storage/emulated/0/2016-12-06_03:16:30.968.jpg
I/org.umd.logging( 1930): Method > 1267 com.turbochilli.rollingsky.util.g.run(com.turbochilli.rollingsky.util.g@735524277)
I/org.umd.logging( 1930): Api > 1267 android.net.ConnectivityManager.getActiveNetworkInfo(android.net.ConnectivityManager@379104625)
I/org.umd.logging( 1930): Api < 1267 android.net.ConnectivityManager.getActiveNetworkInfo(android.net.NetworkInfo@1006449738)
I/org.umd.logging( 1930): Api > 1267 android.net.ConnectivityManager.getActiveNetworkInfo(android.net.ConnectivityManager@379104625)
I/org.umd.logging( 1930): Api < 1267 android.net.ConnectivityManager.getActiveNetworkInfo(android.net.NetworkInfo@737804219)
I/org.umd.logging( 1930): Method < 1267 com.turbochilli.rollingsky.util.g.run()
I/org.umd.logging( 1930): Api > 1273 android.content.Context.startService(com.turbochilli.rollingsky.GameApp@724061, android.content.Intent@721358040<action=start_service><data=null><package=null><component=com.turbochilli.rollingsky/com.cmplay.kinfoc.report.service.KinfocReportSerivce><type=null><filter_hashcode=877350283><table=None><umd_Intent_key=None><extra_type=None>)
I/org.umd.logging( 1930): Api < 1273 android.content.Context.startService()
I/org.umd.logging( 1676): Method > 1 com.cmplay.kinfoc.report.service.KinfocReportSerivce.onStartCommand(com.cmplay.kinfoc.report.service.KinfocReportSerivce@906791053, android.content.Intent@183926881<action=start_service><data=null><package=null><component=com.turbochilli.rollingsky/com.cmplay.kinfoc.report.service.KinfocReportSerivce><type=null><filter_hashcode=877350283><table=None><umd_Intent_key=None><extra_type=None>, 0, 62)
I/org.umd.logging( 1676): Method < 1 com.cmplay.kinfoc.report.service.KinfocReportSerivce.onStartCommand(1)
W/ResourceType( 1930): No known package when getting name for resource number 0xffffffff
I/org.umd.logging( 1930): Method > 1203 com.unity3d.player.UnityPlayer.executeGLThreadJobs(com.unity3d.player.UnityPlayer@478631621<file=><x=0><y=0><width=768><height=1280><id=-1>)
I/org.umd.logging( 1930): Method < 1203 com.unity3d.player.UnityPlayer.executeGLThreadJobs()
E/Cataloger( 5092): syncFile:/storage/emulated/0/2016-12-06_03:16:31.148.jpg
W/ResourceType( 1930): No known package when getting name for resource number 0xffffffff
I/org.umd.logging( 1930): Method > 1 com.unity3d.player.UnityPlayer.onTouchEvent(com.unity3d.player.UnityPlayer@478631621<file=2016-12-06_03:16:31.148><x=0><y=0><width=768><height=1280><id=-1>, android.view.MotionEvent@746192364)
I/org.umd.logging( 1930): Method < 1 com.unity3d.player.UnityPlayer.onTouchEvent(true)
E/Cataloger( 5092): syncFile:/storage/emulated/0/2016-12-06_03:16:31.148.jpg
E/Cataloger( 5092): syncFile:/storage/emulated/0/2016-12-06_03:16:31.273.jpg
E/Cataloger( 5092): syncFile:/storage/emulated/0/2016-12-06_03:16:31.312.jpg
W/ResourceType( 1930): No known package when getting name for resource number 0xffffffff
I/org.umd.logging( 1930): Method > 1 com.unity3d.player.UnityPlayer.onTouchEvent(com.unity3d.player.UnityPlayer@478631621<file=2016-12-06_03:16:31.273><x=0><y=0><width=768><height=1280><id=-1>, android.view.MotionEvent@746192364)
I/org.umd.logging( 1930): Method < 1 com.unity3d.player.UnityPlayer.onTouchEvent(true)
E/Cataloger( 5092): syncFile:/storage/emulated/0/2016-12-06_03:16:31.273.jpg
W/ResourceType( 1930): No known package when getting name for resource number 0xffffffff
I/org.umd.logging( 1930): Method > 1203 com.unity3d.player.UnityPlayer.executeGLThreadJobs(com.unity3d.player.UnityPlayer@478631621<file=2016-12-06_03:16:31.312><x=0><y=0><width=768><height=1280><id=-1>)
I/org.umd.logging( 1930): Method < 1203 com.unity3d.player.UnityPlayer.executeGLThreadJobs()
E/Cataloger( 5092): syncFile:/storage/emulated/0/2016-12-06_03:16:31.312.jpg
E/Cataloger( 5092): syncFile:/storage/emulated/0/2016-12-06_03:16:31.447.jpg
E/Cataloger( 5092): syncFile:/storage/emulated/0/2016-12-06_03:16:31.480.jpg
I/org.umd.logging( 1930): Method > 1302 com.xsj.crasheye.NativeExceptionHandler$2.run(com.xsj.crasheye.NativeExceptionHandler$2@994092071)
W/ResourceType( 1930): No known package when getting name for resource number 0xffffffff
I/org.umd.logging( 1930): Method > 1 com.unity3d.player.UnityPlayer.onTouchEvent(com.unity3d.player.UnityPlayer@478631621<file=2016-12-06_03:16:31.447><x=0><y=0><width=768><height=1280><id=-1>, android.view.MotionEvent@887245590)
E/Cataloger( 5092): syncFile:/storage/emulated/0/2016-12-06_03:16:31.447.jpg
I/org.umd.logging( 1930): Method < 1 com.unity3d.player.UnityPlayer.onTouchEvent(true)
E/Cataloger( 5092): syncFile:/storage/emulated/0/2016-12-06_03:16:31.594.jpg
W/ResourceType( 1930): No known package when getting name for resource number 0xffffffff
I/org.umd.logging( 1930): Method > 1203 com.unity3d.player.UnityPlayer.executeGLThreadJobs(com.unity3d.player.UnityPlayer@478631621<file=2016-12-06_03:16:31.480><x=0><y=0><width=768><height=1280><id=-1>)
I/org.umd.logging( 1930): Method < 1203 com.unity3d.player.UnityPlayer.executeGLThreadJobs()
E/Cataloger( 5092): syncFile:/storage/emulated/0/2016-12-06_03:16:31.480.jpg
W/Adreno-ES20( 1930): <process_gl_state_enables:519>: GL_INVALID_ENUM
W/Adreno-ES20( 1930): <process_gl_state_enables:519>: GL_INVALID_ENUM
W/Adreno-ES20( 1930): <process_gl_state_enables:519>: GL_INVALID_ENUM
W/ResourceType( 1930): No known package when getting name for resource number 0xffffffff
W/Adreno-ES20( 1930): <process_gl_state_enables:519>: GL_INVALID_ENUM
I/org.umd.logging( 1930): Method > 1 com.unity3d.player.UnityPlayer.onTouchEvent(com.unity3d.player.UnityPlayer@478631621<file=2016-12-06_03:16:31.594><x=0><y=0><width=768><height=1280><id=-1>, android.view.MotionEvent@887245590)
I/org.umd.logging( 1930): Method < 1 com.unity3d.player.UnityPlayer.onTouchEvent(true)
E/Cataloger( 5092): syncFile:/storage/emulated/0/2016-12-06_03:16:31.594.jpg
E/Cataloger( 5092): syncFile:/storage/emulated/0/2016-12-06_03:16:31.723.jpg
E/Cataloger( 5092): syncFile:/storage/emulated/0/2016-12-06_03:16:31.766.jpg
W/ResourceType( 1930): No known package when getting name for resource number 0xffffffff
I/org.umd.logging( 1930): Method > 1 com.unity3d.player.UnityPlayer.onTouchEvent(com.unity3d.player.UnityPlayer@478631621<file=2016-12-06_03:16:31.723><x=0><y=0><width=768><height=1280><id=-1>, android.view.MotionEvent@887245590)
E/Cataloger( 5092): syncFile:/storage/emulated/0/2016-12-06_03:16:31.723.jpg
I/org.umd.logging( 1930): Method < 1 com.unity3d.player.UnityPlayer.onTouchEvent(true)
E/Cataloger( 5092): syncFile:/storage/emulated/0/2016-12-06_03:16:31.849.jpg
W/ResourceType( 1930): No known package when getting name for resource number 0xffffffff
I/org.umd.logging( 1930): Method > 1203 com.unity3d.player.UnityPlayer.executeGLThreadJobs(com.unity3d.player.UnityPlayer@478631621<file=2016-12-06_03:16:31.766><x=0><y=0><width=768><height=1280><id=-1>)
I/org.umd.logging( 1930): Method < 1203 com.unity3d.player.UnityPlayer.executeGLThreadJobs()
E/Cataloger( 5092): syncFile:/storage/emulated/0/2016-12-06_03:16:31.766.jpg
E/Cataloger( 5092): syncFile:/storage/emulated/0/2016-12-06_03:16:31.932.jpg
W/ResourceType( 1930): No known package when getting name for resource number 0xffffffff
I/org.umd.logging( 1930): Method > 1 com.unity3d.player.UnityPlayer.onTouchEvent(com.unity3d.player.UnityPlayer@478631621<file=2016-12-06_03:16:31.849><x=0><y=0><width=768><height=1280><id=-1>, android.view.MotionEvent@887245590)
I/org.umd.logging( 1930): Method < 1 com.unity3d.player.UnityPlayer.onTouchEvent(true)
E/Cataloger( 5092): syncFile:/storage/emulated/0/2016-12-06_03:16:31.849.jpg
E/Cataloger( 5092): syncFile:/storage/emulated/0/2016-12-06_03:16:31.973.jpg
W/ResourceType( 1930): No known package when getting name for resource number 0xffffffff
I/org.umd.logging( 1930): Method > 1203 com.unity3d.player.UnityPlayer.executeGLThreadJobs(com.unity3d.player.UnityPlayer@478631621<file=2016-12-06_03:16:31.932><x=0><y=0><width=768><height=1280><id=-1>)
I/org.umd.logging( 1930): Method < 1203 com.unity3d.player.UnityPlayer.executeGLThreadJobs()
E/Cataloger( 5092): syncFile:/storage/emulated/0/2016-12-06_03:16:31.932.jpg
W/ResourceType( 1930): No known package when getting name for resource number 0xffffffff
I/org.umd.logging( 1930): Method > 1 com.unity3d.player.UnityPlayer.onTouchEvent(com.unity3d.player.UnityPlayer@478631621<file=2016-12-06_03:16:31.973><x=0><y=0><width=768><height=1280><id=-1>, android.view.MotionEvent@887245590)
I/org.umd.logging( 1930): Method < 1 com.unity3d.player.UnityPlayer.onTouchEvent(true)
E/Cataloger( 5092): syncFile:/storage/emulated/0/2016-12-06_03:16:31.973.jpg
E/Cataloger( 5092): syncFile:/storage/emulated/0/2016-12-06_03:16:32.087.jpg
E/Cataloger( 5092): syncFile:/storage/emulated/0/2016-12-06_03:16:32.114.jpg
W/ResourceType( 1930): No known package when getting name for resource number 0xffffffff
I/org.umd.logging( 1930): Method > 1203 com.unity3d.player.UnityPlayer.executeGLThreadJobs(com.unity3d.player.UnityPlayer@478631621<file=2016-12-06_03:16:32.087><x=0><y=0><width=768><height=1280><id=-1>)
I/org.umd.logging( 1930): Method < 1203 com.unity3d.player.UnityPlayer.executeGLThreadJobs()
E/Cataloger( 5092): syncFile:/storage/emulated/0/2016-12-06_03:16:32.087.jpg
W/ResourceType( 1930): No known package when getting name for resource number 0xffffffff
I/org.umd.logging( 1930): Method > 1 com.unity3d.player.UnityPlayer.onTouchEvent(com.unity3d.player.UnityPlayer@478631621<file=2016-12-06_03:16:32.114><x=0><y=0><width=768><height=1280><id=-1>, android.view.MotionEvent@887245590)
E/Cataloger( 5092): syncFile:/storage/emulated/0/2016-12-06_03:16:32.114.jpg
I/org.umd.logging( 1930): Method < 1 com.unity3d.player.UnityPlayer.onTouchEvent(true)
I/Choreographer( 1930): Skipped 46 frames!  The application may be doing too much work on its main thread.
E/Cataloger( 5092): syncFile:/storage/emulated/0/2016-12-06_03:16:32.294.jpg
E/Cataloger( 5092): syncFile:/storage/emulated/0/2016-12-06_03:16:32.340.jpg
W/ResourceType( 1930): No known package when getting name for resource number 0xffffffff
I/org.umd.logging( 1930): Method > 1 com.unity3d.player.UnityPlayer.onTouchEvent(com.unity3d.player.UnityPlayer@478631621<file=2016-12-06_03:16:32.294><x=0><y=0><width=768><height=1280><id=-1>, android.view.MotionEvent@887245590)
I/org.umd.logging( 1930): Method < 1 com.unity3d.player.UnityPlayer.onTouchEvent(true)
E/Cataloger( 5092): syncFile:/storage/emulated/0/2016-12-06_03:16:32.294.jpg
E/Cataloger( 5092): syncFile:/storage/emulated/0/2016-12-06_03:16:32.441.jpg
W/ResourceType( 1930): No known package when getting name for resource number 0xffffffff
I/org.umd.logging( 1930): Method > 1203 com.unity3d.player.UnityPlayer.executeGLThreadJobs(com.unity3d.player.UnityPlayer@478631621<file=2016-12-06_03:16:32.340><x=0><y=0><width=768><height=1280><id=-1>)
I/org.umd.logging( 1930): Method < 1203 com.unity3d.player.UnityPlayer.executeGLThreadJobs()
E/Cataloger( 5092): syncFile:/storage/emulated/0/2016-12-06_03:16:32.340.jpg
W/Adreno-ES20( 1930): <process_gl_state_enables:519>: GL_INVALID_ENUM
W/Adreno-ES20( 1930): <process_gl_state_enables:519>: GL_INVALID_ENUM
W/Adreno-ES20( 1930): <process_gl_state_enables:519>: GL_INVALID_ENUM
I/org.umd.logging( 1930): Method > 1302 com.xsj.crasheye.NativeExceptionHandler$2.run(com.xsj.crasheye.NativeExceptionHandler$2@994092071)
W/ResourceType( 1930): No known package when getting name for resource number 0xffffffff
I/org.umd.logging( 1930): Method > 1 com.unity3d.player.UnityPlayer.onTouchEvent(com.unity3d.player.UnityPlayer@478631621<file=2016-12-06_03:16:32.441><x=0><y=0><width=768><height=1280><id=-1>, android.view.MotionEvent@887245590)
I/org.umd.logging( 1930): Method < 1 com.unity3d.player.UnityPlayer.onTouchEvent(true)
E/Cataloger( 5092): syncFile:/storage/emulated/0/2016-12-06_03:16:32.441.jpg
W/Adreno-ES20( 1930): <process_gl_state_enables:519>: GL_INVALID_ENUM
E/Cataloger( 5092): syncFile:/storage/emulated/0/2016-12-06_03:16:32.568.jpg
E/Cataloger( 5092): syncFile:/storage/emulated/0/2016-12-06_03:16:32.594.jpg
W/ResourceType( 1930): No known package when getting name for resource number 0xffffffff
I/org.umd.logging( 1930): Method > 1 com.unity3d.player.UnityPlayer.onTouchEvent(com.unity3d.player.UnityPlayer@478631621<file=2016-12-06_03:16:32.568><x=0><y=0><width=768><height=1280><id=-1>, android.view.MotionEvent@887245590)
I/org.umd.logging( 1930): Method < 1 com.unity3d.player.UnityPlayer.onTouchEvent(true)
I/org.umd.logging( 1930): Method > 1 com.cleanmaster.base.crash.util.debug.b.run(com.cleanmaster.base.crash.util.debug.b@364514293)
I/org.umd.logging( 1930): Method < 1 com.cleanmaster.base.crash.util.debug.b.run()
E/Cataloger( 5092): syncFile:/storage/emulated/0/2016-12-06_03:16:32.568.jpg
W/ResourceType( 1930): No known package when getting name for resource number 0xffffffff
I/org.umd.logging( 1930): Method > 1203 com.unity3d.player.UnityPlayer.executeGLThreadJobs(com.unity3d.player.UnityPlayer@478631621<file=2016-12-06_03:16:32.594><x=0><y=0><width=768><height=1280><id=-1>)
I/org.umd.logging( 1930): Method < 1203 com.unity3d.player.UnityPlayer.executeGLThreadJobs()
E/Cataloger( 5092): syncFile:/storage/emulated/0/2016-12-06_03:16:32.594.jpg
E/Cataloger( 5092): syncFile:/storage/emulated/0/2016-12-06_03:16:32.717.jpg
W/ResourceType( 1930): No known package when getting name for resource number 0xffffffff
I/org.umd.logging( 1930): Method > 1203 com.unity3d.player.UnityPlayer.executeGLThreadJobs(com.unity3d.player.UnityPlayer@478631621<file=2016-12-06_03:16:32.717><x=0><y=0><width=768><height=1280><id=-1>)
I/org.umd.logging( 1930): Method < 1203 com.unity3d.player.UnityPlayer.executeGLThreadJobs()
E/Cataloger( 5092): syncFile:/storage/emulated/0/2016-12-06_03:16:32.717.jpg
W/Adreno-ES20( 1930): <process_gl_state_enables:519>: GL_INVALID_ENUM
E/Cataloger( 5092): syncFile:/storage/emulated/0/2016-12-06_03:16:32.932.jpg
W/ResourceType( 1930): No known package when getting name for resource number 0xffffffff
I/org.umd.logging( 1930): Method > 1203 com.unity3d.player.UnityPlayer.executeGLThreadJobs(com.unity3d.player.UnityPlayer@478631621<file=2016-12-06_03:16:32.932><x=0><y=0><width=768><height=1280><id=-1>)
I/org.umd.logging( 1930): Method < 1203 com.unity3d.player.UnityPlayer.executeGLThreadJobs()
E/Cataloger( 5092): syncFile:/storage/emulated/0/2016-12-06_03:16:32.932.jpg
E/Cataloger( 5092): syncFile:/storage/emulated/0/2016-12-06_03:16:33.313.jpg
E/Cataloger( 5092): syncFile:/storage/emulated/0/2016-12-06_03:16:33.391.jpg
W/ResourceType( 1930): No known package when getting name for resource number 0xffffffff
I/org.umd.logging( 1930): Method > 1203 com.unity3d.player.UnityPlayer.executeGLThreadJobs(com.unity3d.player.UnityPlayer@478631621<file=2016-12-06_03:16:33.313><x=0><y=0><width=768><height=1280><id=-1>)
I/org.umd.logging( 1930): Method < 1203 com.unity3d.player.UnityPlayer.executeGLThreadJobs()
E/Cataloger( 5092): syncFile:/storage/emulated/0/2016-12-06_03:16:33.313.jpg
W/ResourceType( 1930): No known package when getting name for resource number 0xffffffff
I/org.umd.logging( 1930): Method > 1 com.unity3d.player.UnityPlayer.onTouchEvent(com.unity3d.player.UnityPlayer@478631621<file=2016-12-06_03:16:33.391><x=0><y=0><width=768><height=1280><id=-1>, android.view.MotionEvent@746192364)
I/org.umd.logging( 1930): Method < 1 com.unity3d.player.UnityPlayer.onTouchEvent(true)
E/Cataloger( 5092): syncFile:/storage/emulated/0/2016-12-06_03:16:33.391.jpg
E/Cataloger( 5092): syncFile:/storage/emulated/0/2016-12-06_03:16:33.523.jpg
I/org.umd.logging( 1930): Method > 1302 com.xsj.crasheye.NativeExceptionHandler$2.run(com.xsj.crasheye.NativeExceptionHandler$2@994092071)
W/ResourceType( 1930): No known package when getting name for resource number 0xffffffff
I/org.umd.logging( 1930): Method > 1 com.unity3d.player.UnityPlayer.onTouchEvent(com.unity3d.player.UnityPlayer@478631621<file=2016-12-06_03:16:33.523><x=0><y=0><width=768><height=1280><id=-1>, android.view.MotionEvent@746192364)
I/org.umd.logging( 1930): Method < 1 com.unity3d.player.UnityPlayer.onTouchEvent(true)
E/Cataloger( 5092): syncFile:/storage/emulated/0/2016-12-06_03:16:33.523.jpg
E/Cataloger( 5092): syncFile:/storage/emulated/0/2016-12-06_03:16:33.643.jpg
W/ResourceType( 1930): No known package when getting name for resource number 0xffffffff
I/org.umd.logging( 1930): Method > 1203 com.unity3d.player.UnityPlayer.executeGLThreadJobs(com.unity3d.player.UnityPlayer@478631621<file=2016-12-06_03:16:33.643><x=0><y=0><width=768><height=1280><id=-1>)
I/org.umd.logging( 1930): Method < 1203 com.unity3d.player.UnityPlayer.executeGLThreadJobs()
E/Cataloger( 5092): syncFile:/storage/emulated/0/2016-12-06_03:16:33.643.jpg
E/Cataloger( 5092): syncFile:/storage/emulated/0/2016-12-06_03:16:33.787.jpg
W/ResourceType( 1930): No known package when getting name for resource number 0xffffffff
I/org.umd.logging( 1930): Method > 1203 com.unity3d.player.UnityPlayer.executeGLThreadJobs(com.unity3d.player.UnityPlayer@478631621<file=2016-12-06_03:16:33.787><x=0><y=0><width=768><height=1280><id=-1>)
I/org.umd.logging( 1930): Method < 1203 com.unity3d.player.UnityPlayer.executeGLThreadJobs()
E/Cataloger( 5092): syncFile:/storage/emulated/0/2016-12-06_03:16:33.787.jpg
E/Cataloger( 5092): syncFile:/storage/emulated/0/2016-12-06_03:16:34.015.jpg
W/ResourceType( 1930): No known package when getting name for resource number 0xffffffff
I/org.umd.logging( 1930): Method > 1203 com.unity3d.player.UnityPlayer.executeGLThreadJobs(com.unity3d.player.UnityPlayer@478631621<file=2016-12-06_03:16:34.015><x=0><y=0><width=768><height=1280><id=-1>)
I/org.umd.logging( 1930): Method < 1203 com.unity3d.player.UnityPlayer.executeGLThreadJobs()
E/Cataloger( 5092): syncFile:/storage/emulated/0/2016-12-06_03:16:34.015.jpg
E/Cataloger( 5092): syncFile:/storage/emulated/0/2016-12-06_03:16:34.160.jpg
W/ResourceType( 1930): No known package when getting name for resource number 0xffffffff
I/org.umd.logging( 1930): Method > 1203 com.unity3d.player.UnityPlayer.executeGLThreadJobs(com.unity3d.player.UnityPlayer@478631621<file=2016-12-06_03:16:34.160><x=0><y=0><width=768><height=1280><id=-1>)
I/org.umd.logging( 1930): Method < 1203 com.unity3d.player.UnityPlayer.executeGLThreadJobs()
E/Cataloger( 5092): syncFile:/storage/emulated/0/2016-12-06_03:16:34.160.jpg
E/Cataloger( 5092): syncFile:/storage/emulated/0/2016-12-06_03:16:34.315.jpg
W/ResourceType( 1930): No known package when getting name for resource number 0xffffffff
I/org.umd.logging( 1930): Method > 1203 com.unity3d.player.UnityPlayer.executeGLThreadJobs(com.unity3d.player.UnityPlayer@478631621<file=2016-12-06_03:16:34.315><x=0><y=0><width=768><height=1280><id=-1>)
I/org.umd.logging( 1930): Method < 1203 com.unity3d.player.UnityPlayer.executeGLThreadJobs()
E/Cataloger( 5092): syncFile:/storage/emulated/0/2016-12-06_03:16:34.315.jpg
E/Cataloger( 5092): syncFile:/storage/emulated/0/2016-12-06_03:16:34.492.jpg
I/org.umd.logging( 1930): Method > 1302 com.xsj.crasheye.NativeExceptionHandler$2.run(com.xsj.crasheye.NativeExceptionHandler$2@994092071)
W/ResourceType( 1930): No known package when getting name for resource number 0xffffffff
I/org.umd.logging( 1930): Method > 1203 com.unity3d.player.UnityPlayer.executeGLThreadJobs(com.unity3d.player.UnityPlayer@478631621<file=2016-12-06_03:16:34.492><x=0><y=0><width=768><height=1280><id=-1>)
I/org.umd.logging( 1930): Method < 1203 com.unity3d.player.UnityPlayer.executeGLThreadJobs()
E/Cataloger( 5092): syncFile:/storage/emulated/0/2016-12-06_03:16:34.492.jpg
E/Cataloger( 5092): syncFile:/storage/emulated/0/2016-12-06_03:16:34.670.jpg
W/ResourceType( 1930): No known package when getting name for resource number 0xffffffff
I/org.umd.logging( 1930): Method > 1203 com.unity3d.player.UnityPlayer.executeGLThreadJobs(com.unity3d.player.UnityPlayer@478631621<file=2016-12-06_03:16:34.670><x=0><y=0><width=768><height=1280><id=-1>)
I/org.umd.logging( 1930): Method < 1203 com.unity3d.player.UnityPlayer.executeGLThreadJobs()
E/Cataloger( 5092): syncFile:/storage/emulated/0/2016-12-06_03:16:34.670.jpg
E/Cataloger( 5092): syncFile:/storage/emulated/0/2016-12-06_03:16:34.817.jpg
W/ResourceType( 1930): No known package when getting name for resource number 0xffffffff
I/org.umd.logging( 1930): Method > 1203 com.unity3d.player.UnityPlayer.executeGLThreadJobs(com.unity3d.player.UnityPlayer@478631621<file=2016-12-06_03:16:34.817><x=0><y=0><width=768><height=1280><id=-1>)
I/org.umd.logging( 1930): Method < 1203 com.unity3d.player.UnityPlayer.executeGLThreadJobs()
E/Cataloger( 5092): syncFile:/storage/emulated/0/2016-12-06_03:16:34.817.jpg
E/Cataloger( 5092): syncFile:/storage/emulated/0/2016-12-06_03:16:34.978.jpg
E/Cataloger( 5092): syncFile:/storage/emulated/0/2016-12-06_03:16:34.970.jpg
W/ResourceType( 1930): No known package when getting name for resource number 0xffffffff
I/org.umd.logging( 1930): Method > 1 com.unity3d.player.UnityPlayer.onTouchEvent(com.unity3d.player.UnityPlayer@478631621<file=2016-12-06_03:16:34.978><x=0><y=0><width=768><height=1280><id=-1>, android.view.MotionEvent@887245590)
E/Cataloger( 5092): syncFile:/storage/emulated/0/2016-12-06_03:16:34.978.jpg
I/org.umd.logging( 1930): Method < 1 com.unity3d.player.UnityPlayer.onTouchEvent(true)
W/ResourceType( 1930): No known package when getting name for resource number 0xffffffff
I/org.umd.logging( 1930): Method > 1203 com.unity3d.player.UnityPlayer.executeGLThreadJobs(com.unity3d.player.UnityPlayer@478631621<file=2016-12-06_03:16:34.970><x=0><y=0><width=768><height=1280><id=-1>)
I/org.umd.logging( 1930): Method < 1203 com.unity3d.player.UnityPlayer.executeGLThreadJobs()
E/Cataloger( 5092): syncFile:/storage/emulated/0/2016-12-06_03:16:34.970.jpg
W/ResourceType( 1930): No known package when getting name for resource number 0xffffffff
I/org.umd.logging( 1930): Method > 1203 com.unity3d.player.UnityPlayer.executeGLThreadJobs(com.unity3d.player.UnityPlayer@478631621<file=><x=0><y=0><width=768><height=1280><id=-1>)
I/org.umd.logging( 1930): Method < 1203 com.unity3d.player.UnityPlayer.executeGLThreadJobs()
E/Cataloger( 5092): syncFile:/storage/emulated/0/2016-12-06_03:16:35.116.jpg
E/Cataloger( 5092): syncFile:/storage/emulated/0/2016-12-06_03:16:35.147.jpg
W/ResourceType( 1930): No known package when getting name for resource number 0xffffffff
I/org.umd.logging( 1930): Method > 1 com.unity3d.player.UnityPlayer.onTouchEvent(com.unity3d.player.UnityPlayer@478631621<file=2016-12-06_03:16:35.116><x=0><y=0><width=768><height=1280><id=-1>, android.view.MotionEvent@887245590)
E/Cataloger( 5092): syncFile:/storage/emulated/0/2016-12-06_03:16:35.116.jpg
I/org.umd.logging( 1930): Method < 1 com.unity3d.player.UnityPlayer.onTouchEvent(true)
W/ResourceType( 1930): No known package when getting name for resource number 0xffffffff
I/org.umd.logging( 1930): Method > 1203 com.unity3d.player.UnityPlayer.executeGLThreadJobs(com.unity3d.player.UnityPlayer@478631621<file=2016-12-06_03:16:35.147><x=0><y=0><width=768><height=1280><id=-1>)
I/org.umd.logging( 1930): Method < 1203 com.unity3d.player.UnityPlayer.executeGLThreadJobs()
E/Cataloger( 5092): syncFile:/storage/emulated/0/2016-12-06_03:16:35.147.jpg
E/Cataloger( 5092): syncFile:/storage/emulated/0/2016-12-06_03:16:35.243.jpg
E/Cataloger( 5092): syncFile:/storage/emulated/0/2016-12-06_03:16:35.280.jpg
W/ResourceType( 1930): No known package when getting name for resource number 0xffffffff
I/org.umd.logging( 1930): Method > 1 com.unity3d.player.UnityPlayer.onTouchEvent(com.unity3d.player.UnityPlayer@478631621<file=2016-12-06_03:16:35.243><x=0><y=0><width=768><height=1280><id=-1>, android.view.MotionEvent@887245590)
E/Cataloger( 5092): syncFile:/storage/emulated/0/2016-12-06_03:16:35.243.jpg
I/org.umd.logging( 1930): Method < 1 com.unity3d.player.UnityPlayer.onTouchEvent(true)
W/ResourceType( 1930): No known package when getting name for resource number 0xffffffff
I/org.umd.logging( 1930): Method > 1203 com.unity3d.player.UnityPlayer.executeGLThreadJobs(com.unity3d.player.UnityPlayer@478631621<file=2016-12-06_03:16:35.280><x=0><y=0><width=768><height=1280><id=-1>)
I/org.umd.logging( 1930): Method < 1203 com.unity3d.player.UnityPlayer.executeGLThreadJobs()
E/Cataloger( 5092): syncFile:/storage/emulated/0/2016-12-06_03:16:35.280.jpg
E/Cataloger( 5092): syncFile:/storage/emulated/0/2016-12-06_03:16:35.414.jpg
W/ResourceType( 1930): No known package when getting name for resource number 0xffffffff
I/org.umd.logging( 1930): Method > 1203 com.unity3d.player.UnityPlayer.executeGLThreadJobs(com.unity3d.player.UnityPlayer@478631621<file=2016-12-06_03:16:35.414><x=0><y=0><width=768><height=1280><id=-1>)
I/org.umd.logging( 1930): Method < 1203 com.unity3d.player.UnityPlayer.executeGLThreadJobs()
E/Cataloger( 5092): syncFile:/storage/emulated/0/2016-12-06_03:16:35.414.jpg
I/org.umd.logging( 1930): Method > 1302 com.xsj.crasheye.NativeExceptionHandler$2.run(com.xsj.crasheye.NativeExceptionHandler$2@994092071)
E/Cataloger( 5092): syncFile:/storage/emulated/0/2016-12-06_03:16:35.835.jpg
W/ResourceType( 1930): No known package when getting name for resource number 0xffffffff
I/org.umd.logging( 1930): Method > 1203 com.unity3d.player.UnityPlayer.executeGLThreadJobs(com.unity3d.player.UnityPlayer@478631621<file=2016-12-06_03:16:35.835><x=0><y=0><width=768><height=1280><id=-1>)
I/org.umd.logging( 1930): Method < 1203 com.unity3d.player.UnityPlayer.executeGLThreadJobs()
E/Cataloger( 5092): syncFile:/storage/emulated/0/2016-12-06_03:16:35.835.jpg
I/org.umd.logging( 1930): Method > 1311 com.umeng.analytics.g.run(u.aly.m$1@540990615)
I/org.umd.logging( 1930): Api > 1311 android.net.ConnectivityManager.getActiveNetworkInfo(android.net.ConnectivityManager@379104625)
I/org.umd.logging( 1930): Api < 1311 android.net.ConnectivityManager.getActiveNetworkInfo(android.net.NetworkInfo@365174404)
I/org.umd.logging( 1930): Method < 1311 com.umeng.analytics.g.run()
W/Adreno-ES20( 1930): <process_gl_state_enables:519>: GL_INVALID_ENUM
W/Adreno-ES20( 1930): <process_gl_state_enables:519>: GL_INVALID_ENUM
W/Adreno-ES20( 1930): <process_gl_state_enables:519>: GL_INVALID_ENUM
W/Adreno-ES20( 1930): <process_gl_state_enables:519>: GL_INVALID_ENUM
W/Adreno-ES20( 1930): <process_gl_state_enables:519>: GL_INVALID_ENUM
W/Adreno-ES20( 1930): <process_gl_state_enables:519>: GL_INVALID_ENUM
W/Adreno-ES20( 1930): <process_gl_state_enables:519>: GL_INVALID_ENUM
W/Adreno-ES20( 1930): <process_gl_state_enables:519>: GL_INVALID_ENUM
W/Adreno-ES20( 1930): <process_gl_state_enables:519>: GL_INVALID_ENUM
W/Adreno-ES20( 1930): <process_gl_state_enables:519>: GL_INVALID_ENUM
W/Adreno-ES20( 1930): <process_gl_state_enables:519>: GL_INVALID_ENUM
W/Adreno-ES20( 1930): <process_gl_state_enables:519>: GL_INVALID_ENUM
W/Adreno-ES20( 1930): <process_gl_state_enables:519>: GL_INVALID_ENUM
W/Adreno-ES20( 1930): <process_gl_state_enables:519>: GL_INVALID_ENUM
W/Adreno-ES20( 1930): <process_gl_state_enables:519>: GL_INVALID_ENUM
I/org.umd.logging( 1930): Method > 1302 com.xsj.crasheye.NativeExceptionHandler$2.run(com.xsj.crasheye.NativeExceptionHandler$2@994092071)
E/WifiStateMachine(  591): WifiStateMachine CMD_START_SCAN source -2 txSuccessRate=30.75 rxSuccessRate=38.58 targetRoamBSSID=b4:e9:b0:e5:06:d0 RSSI=-43
W/Adreno-ES20( 1930): <process_gl_state_enables:519>: GL_INVALID_ENUM
I/org.umd.logging( 1930): Method > 1302 com.xsj.crasheye.NativeExceptionHandler$2.run(com.xsj.crasheye.NativeExceptionHandler$2@994092071)
E/Cataloger( 5092): syncFile:/storage/emulated/0/2016-12-06_03:16:37.771.jpg
W/ResourceType( 1930): No known package when getting name for resource number 0xffffffff
I/org.umd.logging( 1930): Method > 1203 com.unity3d.player.UnityPlayer.executeGLThreadJobs(com.unity3d.player.UnityPlayer@478631621<file=2016-12-06_03:16:37.771><x=0><y=0><width=768><height=1280><id=-1>)
I/org.umd.logging( 1930): Method < 1203 com.unity3d.player.UnityPlayer.executeGLThreadJobs()
E/Cataloger( 5092): syncFile:/storage/emulated/0/2016-12-06_03:16:37.771.jpg
E/Cataloger( 5092): syncFile:/storage/emulated/0/2016-12-06_03:16:38.066.jpg
W/ResourceType( 1930): No known package when getting name for resource number 0xffffffff
I/org.umd.logging( 1930): Method > 1203 com.unity3d.player.UnityPlayer.executeGLThreadJobs(com.unity3d.player.UnityPlayer@478631621<file=2016-12-06_03:16:38.066><x=0><y=0><width=768><height=1280><id=-1>)
E/Cataloger( 5092): syncFile:/storage/emulated/0/2016-12-06_03:16:38.066.jpg
I/org.umd.logging( 1930): Method < 1203 com.unity3d.player.UnityPlayer.executeGLThreadJobs()
E/Cataloger( 5092): syncFile:/storage/emulated/0/2016-12-06_03:16:38.228.jpg
W/ResourceType( 1930): No known package when getting name for resource number 0xffffffff
I/org.umd.logging( 1930): Method > 1203 com.unity3d.player.UnityPlayer.executeGLThreadJobs(com.unity3d.player.UnityPlayer@478631621<file=2016-12-06_03:16:38.228><x=0><y=0><width=768><height=1280><id=-1>)
I/org.umd.logging( 1930): Method < 1203 com.unity3d.player.UnityPlayer.executeGLThreadJobs()
E/Cataloger( 5092): syncFile:/storage/emulated/0/2016-12-06_03:16:38.228.jpg
E/Cataloger( 5092): syncFile:/storage/emulated/0/2016-12-06_03:16:38.386.jpg
W/ResourceType( 1930): No known package when getting name for resource number 0xffffffff
I/org.umd.logging( 1930): Method > 1203 com.unity3d.player.UnityPlayer.executeGLThreadJobs(com.unity3d.player.UnityPlayer@478631621<file=2016-12-06_03:16:38.386><x=0><y=0><width=768><height=1280><id=-1>)
I/org.umd.logging( 1930): Method < 1203 com.unity3d.player.UnityPlayer.executeGLThreadJobs()
E/Cataloger( 5092): syncFile:/storage/emulated/0/2016-12-06_03:16:38.386.jpg
E/Cataloger( 5092): syncFile:/storage/emulated/0/2016-12-06_03:16:38.547.jpg
W/ResourceType( 1930): No known package when getting name for resource number 0xffffffff
I/org.umd.logging( 1930): Method > 1203 com.unity3d.player.UnityPlayer.executeGLThreadJobs(com.unity3d.player.UnityPlayer@478631621<file=2016-12-06_03:16:38.547><x=0><y=0><width=768><height=1280><id=-1>)
I/org.umd.logging( 1930): Method < 1203 com.unity3d.player.UnityPlayer.executeGLThreadJobs()
E/Cataloger( 5092): syncFile:/storage/emulated/0/2016-12-06_03:16:38.547.jpg
E/Cataloger( 5092): syncFile:/storage/emulated/0/2016-12-06_03:16:38.748.jpg
I/org.umd.logging( 1930): Method > 1302 com.xsj.crasheye.NativeExceptionHandler$2.run(com.xsj.crasheye.NativeExceptionHandler$2@994092071)
W/ResourceType( 1930): No known package when getting name for resource number 0xffffffff
I/org.umd.logging( 1930): Method > 1203 com.unity3d.player.UnityPlayer.executeGLThreadJobs(com.unity3d.player.UnityPlayer@478631621<file=2016-12-06_03:16:38.748><x=0><y=0><width=768><height=1280><id=-1>)
I/org.umd.logging( 1930): Method < 1203 com.unity3d.player.UnityPlayer.executeGLThreadJobs()
E/Cataloger( 5092): syncFile:/storage/emulated/0/2016-12-06_03:16:38.748.jpg
E/Cataloger( 5092): syncFile:/storage/emulated/0/2016-12-06_03:16:38.911.jpg
I/org.umd.logging( 1676): Method > 1 com.cleanmaster.base.crash.util.debug.b.run(com.cleanmaster.base.crash.util.debug.b@614779553)
I/org.umd.logging( 1676): Method < 1 com.cleanmaster.base.crash.util.debug.b.run()
W/ResourceType( 1930): No known package when getting name for resource number 0xffffffff
I/org.umd.logging( 1930): Method > 1203 com.unity3d.player.UnityPlayer.executeGLThreadJobs(com.unity3d.player.UnityPlayer@478631621<file=2016-12-06_03:16:38.911><x=0><y=0><width=768><height=1280><id=-1>)
I/org.umd.logging( 1930): Method < 1203 com.unity3d.player.UnityPlayer.executeGLThreadJobs()
E/Cataloger( 5092): syncFile:/storage/emulated/0/2016-12-06_03:16:38.911.jpg
E/Cataloger( 5092): syncFile:/storage/emulated/0/2016-12-06_03:16:39.056.jpg
W/ResourceType( 1930): No known package when getting name for resource number 0xffffffff
I/org.umd.logging( 1930): Method > 1203 com.unity3d.player.UnityPlayer.executeGLThreadJobs(com.unity3d.player.UnityPlayer@478631621<file=2016-12-06_03:16:39.056><x=0><y=0><width=768><height=1280><id=-1>)
I/org.umd.logging( 1930): Method < 1203 com.unity3d.player.UnityPlayer.executeGLThreadJobs()
E/Cataloger( 5092): syncFile:/storage/emulated/0/2016-12-06_03:16:39.056.jpg
E/Cataloger( 5092): syncFile:/storage/emulated/0/2016-12-06_03:16:39.192.jpg
W/ResourceType( 1930): No known package when getting name for resource number 0xffffffff
I/org.umd.logging( 1930): Method > 1203 com.unity3d.player.UnityPlayer.executeGLThreadJobs(com.unity3d.player.UnityPlayer@478631621<file=2016-12-06_03:16:39.192><x=0><y=0><width=768><height=1280><id=-1>)
I/org.umd.logging( 1930): Method < 1203 com.unity3d.player.UnityPlayer.executeGLThreadJobs()
E/Cataloger( 5092): syncFile:/storage/emulated/0/2016-12-06_03:16:39.192.jpg
E/Cataloger( 5092): syncFile:/storage/emulated/0/2016-12-06_03:16:39.375.jpg
W/ResourceType( 1930): No known package when getting name for resource number 0xffffffff
I/org.umd.logging( 1930): Method > 1203 com.unity3d.player.UnityPlayer.executeGLThreadJobs(com.unity3d.player.UnityPlayer@478631621<file=2016-12-06_03:16:39.375><x=0><y=0><width=768><height=1280><id=-1>)
I/org.umd.logging( 1930): Method < 1203 com.unity3d.player.UnityPlayer.executeGLThreadJobs()
E/Cataloger( 5092): syncFile:/storage/emulated/0/2016-12-06_03:16:39.375.jpg
E/Cataloger( 5092): syncFile:/storage/emulated/0/2016-12-06_03:16:39.539.jpg
W/ResourceType( 1930): No known package when getting name for resource number 0xffffffff
I/org.umd.logging( 1930): Method > 1203 com.unity3d.player.UnityPlayer.executeGLThreadJobs(com.unity3d.player.UnityPlayer@478631621<file=2016-12-06_03:16:39.539><x=0><y=0><width=768><height=1280><id=-1>)
I/org.umd.logging( 1930): Method < 1203 com.unity3d.player.UnityPlayer.executeGLThreadJobs()
E/Cataloger( 5092): syncFile:/storage/emulated/0/2016-12-06_03:16:39.539.jpg
E/Cataloger( 5092): syncFile:/storage/emulated/0/2016-12-06_03:16:39.668.jpg
E/Cataloger( 5092): syncFile:/storage/emulated/0/2016-12-06_03:16:39.717.jpg
W/ResourceType( 1930): No known package when getting name for resource number 0xffffffff
I/org.umd.logging( 1930): Method > 1 com.unity3d.player.UnityPlayer.onTouchEvent(com.unity3d.player.UnityPlayer@478631621<file=2016-12-06_03:16:39.668><x=0><y=0><width=768><height=1280><id=-1>, android.view.MotionEvent@602236525)
I/org.umd.logging( 1930): Method < 1 com.unity3d.player.UnityPlayer.onTouchEvent(true)
E/Cataloger( 5092): syncFile:/storage/emulated/0/2016-12-06_03:16:39.668.jpg
I/org.umd.logging( 1930): Method > 1302 com.xsj.crasheye.NativeExceptionHandler$2.run(com.xsj.crasheye.NativeExceptionHandler$2@994092071)
E/Cataloger( 5092): syncFile:/storage/emulated/0/2016-12-06_03:16:39.804.jpg
W/ResourceType( 1930): No known package when getting name for resource number 0xffffffff
I/org.umd.logging( 1930): Method > 1203 com.unity3d.player.UnityPlayer.executeGLThreadJobs(com.unity3d.player.UnityPlayer@478631621<file=2016-12-06_03:16:39.717><x=0><y=0><width=768><height=1280><id=-1>)
I/org.umd.logging( 1930): Method < 1203 com.unity3d.player.UnityPlayer.executeGLThreadJobs()
E/Cataloger( 5092): syncFile:/storage/emulated/0/2016-12-06_03:16:39.717.jpg
I/org.umd.logging( 1930): Method > 1310 com.umeng.analytics.g.run(com.umeng.analytics.game.c$1@931834675)
I/org.umd.logging( 1930): Method > 1267 com.turbochilli.rollingsky.util.g.run(com.turbochilli.rollingsky.util.g@44474096)
I/org.umd.logging( 1930): Api > 1267 android.net.ConnectivityManager.getActiveNetworkInfo(android.net.ConnectivityManager@379104625)
I/org.umd.logging( 1930): Api < 1267 android.net.ConnectivityManager.getActiveNetworkInfo(android.net.NetworkInfo@50265193)
I/org.umd.logging( 1930): Method < 1310 com.umeng.analytics.g.run()
I/org.umd.logging( 1930): Api > 1267 android.net.ConnectivityManager.getActiveNetworkInfo(android.net.ConnectivityManager@379104625)
I/org.umd.logging( 1930): Method > 1311 com.umeng.analytics.g.run(u.aly.m$1@1052428175)
I/org.umd.logging( 1930): Api > 1311 android.net.ConnectivityManager.getActiveNetworkInfo(android.net.ConnectivityManager@379104625)
I/org.umd.logging( 1930): Api < 1267 android.net.ConnectivityManager.getActiveNetworkInfo(android.net.NetworkInfo@99531292)
I/org.umd.logging( 1930): Method < 1267 com.turbochilli.rollingsky.util.g.run()
I/org.umd.logging( 1930): Api < 1311 android.net.ConnectivityManager.getActiveNetworkInfo(android.net.NetworkInfo@285341221)
I/org.umd.logging( 1930): Method < 1311 com.umeng.analytics.g.run()
I/org.umd.logging( 1930): Api > 1273 android.content.Context.startService(com.turbochilli.rollingsky.GameApp@724061, android.content.Intent@477316090<action=start_service><data=null><package=null><component=com.turbochilli.rollingsky/com.cmplay.kinfoc.report.service.KinfocReportSerivce><type=null><filter_hashcode=877350283><table=None><umd_Intent_key=None><extra_type=None>)
I/org.umd.logging( 1930): Api < 1273 android.content.Context.startService()
I/org.umd.logging( 1676): Method > 1 com.cmplay.kinfoc.report.service.KinfocReportSerivce.onStartCommand(com.cmplay.kinfoc.report.service.KinfocReportSerivce@906791053, android.content.Intent@840460166<action=start_service><data=null><package=null><component=com.turbochilli.rollingsky/com.cmplay.kinfoc.report.service.KinfocReportSerivce><type=null><filter_hashcode=877350283><table=None><umd_Intent_key=None><extra_type=None>, 0, 63)
I/org.umd.logging( 1676): Method < 1 com.cmplay.kinfoc.report.service.KinfocReportSerivce.onStartCommand(1)
I/AppsFlyer_3.0( 1930): AsendTrackingWithEvent from activity: com.turbochilli.rollingsky.GameApp
I/AppsFlyer_3.0-055399874( 1930): ******* sendTrackingWithEvent: af_game_playing
E/ActivityThread( 1930): Failed to find provider info for com.facebook.katana.provider.AttributionIdProvider
I/AppsFlyer_3.0( 1930): WARNING:READ_PHONE_STATE is missing
W/ResourceType( 1930): No known package when getting name for resource number 0xffffffff
I/org.umd.logging( 1930): Method > 1 com.unity3d.player.UnityPlayer.onTouchEvent(com.unity3d.player.UnityPlayer@478631621<file=2016-12-06_03:16:39.804><x=0><y=0><width=768><height=1280><id=-1>, android.view.MotionEvent@602236525)
E/Cataloger( 5092): syncFile:/storage/emulated/0/2016-12-06_03:16:39.804.jpg
I/org.umd.logging( 1930): Method < 1 com.unity3d.player.UnityPlayer.onTouchEvent(true)
I/AppsFlyer_3.0( 1930): AppsFlyer: first launch date: 2016-12-06_0313-0500
I/System.out( 1930): AppsFlyerLib.sendTrackingWithEvent
I/AppsFlyer_3.0-055399874( 1930): url: https://events.appsflyer.com/api/v3/androidevent?buildnumber=3.0&app_id=com.turbochilli.rollingsky
I/AppsFlyer_( 1930): data: device=mako&firstLaunchDate=2016-12-06_0313-0500&installDate=2016-12-06_0312-0500&sdk=22&carrier=&date1=2016-12-06_0312-0500&af_preinstalled=false&advertiserIdEnabled=true&iaecounter=3&lang_code=en&appsflyerKey=JS****************D2nb&app_version_name=1.3.6.1&lang=English&timepassedsincelastlaunch=26&currency=CNY&eventName=af_game_playing&dkh=JS4D7K6o&android_id=d7a6658b0c374c37&advertiserId=229d4aea-d76e-47c3-ad88-1eafdf3529f0&deviceType=user&af_v=39b63aba2d57a2830c02e5009af0f894f2bb13ef&app_version_code=10100045&eventValue=%7B%22af_event_type%22%3A%22StartGame%22%7D&af_events_api=1&platformextension=android_unity&network=WIFI&operator=&country=US&date2=2016-12-06_0312-0500&brand=google&af_timestamp=1481055399874&uid=1481055149034-6148206745541362123&isFirstCall=false&counter=3&model=Nexus+4&product=occam
E/Cataloger( 5092): syncFile:/storage/emulated/0/2016-12-06_03:16:39.957.jpg
E/Cataloger( 5092): syncFile:/storage/emulated/0/2016-12-06_03:16:40.000.jpg
W/ResourceType( 1930): No known package when getting name for resource number 0xffffffff
I/org.umd.logging( 1930): Method > 1203 com.unity3d.player.UnityPlayer.executeGLThreadJobs(com.unity3d.player.UnityPlayer@478631621<file=2016-12-06_03:16:39.957><x=0><y=0><width=768><height=1280><id=-1>)
I/org.umd.logging( 1930): Method < 1203 com.unity3d.player.UnityPlayer.executeGLThreadJobs()
E/Cataloger( 5092): syncFile:/storage/emulated/0/2016-12-06_03:16:39.957.jpg
W/ResourceType( 1930): No known package when getting name for resource number 0xffffffff
I/org.umd.logging( 1930): Method > 1 com.unity3d.player.UnityPlayer.onTouchEvent(com.unity3d.player.UnityPlayer@478631621<file=2016-12-06_03:16:40.000><x=0><y=0><width=768><height=1280><id=-1>, android.view.MotionEvent@602236525)
E/Cataloger( 5092): syncFile:/storage/emulated/0/2016-12-06_03:16:40.000.jpg
I/org.umd.logging( 1930): Method < 1 com.unity3d.player.UnityPlayer.onTouchEvent(true)
W/ResourceType( 1930): No known package when getting name for resource number 0xffffffff
I/org.umd.logging( 1930): Method > 1 com.unity3d.player.UnityPlayer.onTouchEvent(com.unity3d.player.UnityPlayer@478631621<file=><x=0><y=0><width=768><height=1280><id=-1>, android.view.MotionEvent@602236525)
I/org.umd.logging( 1930): Method < 1 com.unity3d.player.UnityPlayer.onTouchEvent(true)
E/Cataloger( 5092): syncFile:/storage/emulated/0/2016-12-06_03:16:40.130.jpg
E/Cataloger( 5092): syncFile:/storage/emulated/0/2016-12-06_03:16:40.170.jpg
W/ResourceType( 1930): No known package when getting name for resource number 0xffffffff
I/org.umd.logging( 1930): Method > 1203 com.unity3d.player.UnityPlayer.executeGLThreadJobs(com.unity3d.player.UnityPlayer@478631621<file=2016-12-06_03:16:40.130><x=0><y=0><width=768><height=1280><id=-1>)
I/org.umd.logging( 1930): Method < 1203 com.unity3d.player.UnityPlayer.executeGLThreadJobs()
E/Cataloger( 5092): syncFile:/storage/emulated/0/2016-12-06_03:16:40.130.jpg
W/ResourceType( 1930): No known package when getting name for resource number 0xffffffff
I/org.umd.logging( 1930): Method > 1 com.unity3d.player.UnityPlayer.onTouchEvent(com.unity3d.player.UnityPlayer@478631621<file=2016-12-06_03:16:40.170><x=0><y=0><width=768><height=1280><id=-1>, android.view.MotionEvent@602236525)
I/org.umd.logging( 1930): Method < 1 com.unity3d.player.UnityPlayer.onTouchEvent(true)
E/Cataloger( 5092): syncFile:/storage/emulated/0/2016-12-06_03:16:40.170.jpg
E/Cataloger( 5092): syncFile:/storage/emulated/0/2016-12-06_03:16:40.301.jpg
E/Cataloger( 5092): syncFile:/storage/emulated/0/2016-12-06_03:16:40.282.jpg
I/DownloadManagerWrapper(  985): onReceive() : Charging = true
W/ResourceType( 1930): No known package when getting name for resource number 0xffffffff
I/org.umd.logging( 1930): Method > 1 com.unity3d.player.UnityPlayer.onTouchEvent(com.unity3d.player.UnityPlayer@478631621<file=2016-12-06_03:16:40.301><x=0><y=0><width=768><height=1280><id=-1>, android.view.MotionEvent@602236525)
I/org.umd.logging( 1930): Method < 1 com.unity3d.player.UnityPlayer.onTouchEvent(true)
E/Cataloger( 5092): syncFile:/storage/emulated/0/2016-12-06_03:16:40.301.jpg
W/ResourceType( 1930): No known package when getting name for resource number 0xffffffff
I/org.umd.logging( 1930): Method > 1203 com.unity3d.player.UnityPlayer.executeGLThreadJobs(com.unity3d.player.UnityPlayer@478631621<file=2016-12-06_03:16:40.282><x=0><y=0><width=768><height=1280><id=-1>)
I/org.umd.logging( 1930): Method < 1203 com.unity3d.player.UnityPlayer.executeGLThreadJobs()
E/Cataloger( 5092): syncFile:/storage/emulated/0/2016-12-06_03:16:40.282.jpg
W/ResourceType( 1930): No known package when getting name for resource number 0xffffffff
I/org.umd.logging( 1930): Method > 1203 com.unity3d.player.UnityPlayer.executeGLThreadJobs(com.unity3d.player.UnityPlayer@478631621<file=><x=0><y=0><width=768><height=1280><id=-1>)
I/org.umd.logging( 1930): Method < 1203 com.unity3d.player.UnityPlayer.executeGLThreadJobs()
E/Cataloger( 5092): syncFile:/storage/emulated/0/2016-12-06_03:16:40.451.jpg
E/Cataloger( 5092): syncFile:/storage/emulated/0/2016-12-06_03:16:40.495.jpg
W/ResourceType( 1930): No known package when getting name for resource number 0xffffffff
I/org.umd.logging( 1930): Method > 1 com.unity3d.player.UnityPlayer.onTouchEvent(com.unity3d.player.UnityPlayer@478631621<file=2016-12-06_03:16:40.451><x=0><y=0><width=768><height=1280><id=-1>, android.view.MotionEvent@887245590)
E/Cataloger( 5092): syncFile:/storage/emulated/0/2016-12-06_03:16:40.451.jpg
I/org.umd.logging( 1930): Method < 1 com.unity3d.player.UnityPlayer.onTouchEvent(true)
W/ResourceType( 1930): No known package when getting name for resource number 0xffffffff
I/org.umd.logging( 1930): Method > 1203 com.unity3d.player.UnityPlayer.executeGLThreadJobs(com.unity3d.player.UnityPlayer@478631621<file=2016-12-06_03:16:40.495><x=0><y=0><width=768><height=1280><id=-1>)
I/org.umd.logging( 1930): Method < 1203 com.unity3d.player.UnityPlayer.executeGLThreadJobs()
E/Cataloger( 5092): syncFile:/storage/emulated/0/2016-12-06_03:16:40.495.jpg
E/Cataloger( 5092): syncFile:/storage/emulated/0/2016-12-06_03:16:40.600.jpg
E/Cataloger( 5092): syncFile:/storage/emulated/0/2016-12-06_03:16:40.656.jpg
W/ResourceType( 1930): No known package when getting name for resource number 0xffffffff
I/org.umd.logging( 1930): Method > 1 com.unity3d.player.UnityPlayer.onTouchEvent(com.unity3d.player.UnityPlayer@478631621<file=2016-12-06_03:16:40.600><x=0><y=0><width=768><height=1280><id=-1>, android.view.MotionEvent@887245590)
I/org.umd.logging( 1930): Method < 1 com.unity3d.player.UnityPlayer.onTouchEvent(true)
E/Cataloger( 5092): syncFile:/storage/emulated/0/2016-12-06_03:16:40.600.jpg
E/Cataloger( 5092): syncFile:/storage/emulated/0/2016-12-06_03:16:40.750.jpg
W/ResourceType( 1930): No known package when getting name for resource number 0xffffffff
