I/org.umd.logging( 1930): Method > 1 com.unity3d.player.UnityPlayer.onTouchEvent(com.unity3d.player.UnityPlayer@478631621<file=2016-12-06_03:16:46.557><x=0><y=0><width=768><height=1280><id=-1>, android.view.MotionEvent@602236525)
E/Cataloger( 5092): syncFile:/storage/emulated/0/2016-12-06_03:16:46.557.jpg
I/org.umd.logging( 1930): Method < 1 com.unity3d.player.UnityPlayer.onTouchEvent(true)
E/Cataloger( 5092): syncFile:/storage/emulated/0/2016-12-06_03:16:46.690.jpg
W/ResourceType( 1930): No known package when getting name for resource number 0xffffffff
I/org.umd.logging( 1930): Method > 1203 com.unity3d.player.UnityPlayer.executeGLThreadJobs(com.unity3d.player.UnityPlayer@478631621<file=2016-12-06_03:16:46.605><x=0><y=0><width=768><height=1280><id=-1>)
I/org.umd.logging( 1930): Method < 1203 com.unity3d.player.UnityPlayer.executeGLThreadJobs()
E/Cataloger( 5092): syncFile:/storage/emulated/0/2016-12-06_03:16:46.605.jpg
E/Cataloger( 5092): syncFile:/storage/emulated/0/2016-12-06_03:16:46.736.jpg
W/ResourceType( 1930): No known package when getting name for resource number 0xffffffff
I/org.umd.logging( 1930): Method > 1 com.unity3d.player.UnityPlayer.onTouchEvent(com.unity3d.player.UnityPlayer@478631621<file=2016-12-06_03:16:46.690><x=0><y=0><width=768><height=1280><id=-1>, android.view.MotionEvent@602236525)
I/org.umd.logging( 1930): Method < 1 com.unity3d.player.UnityPlayer.onTouchEvent(true)
E/Cataloger( 5092): syncFile:/storage/emulated/0/2016-12-06_03:16:46.690.jpg
W/ResourceType( 1930): No known package when getting name for resource number 0xffffffff
I/org.umd.logging( 1930): Method > 1203 com.unity3d.player.UnityPlayer.executeGLThreadJobs(com.unity3d.player.UnityPlayer@478631621<file=2016-12-06_03:16:46.736><x=0><y=0><width=768><height=1280><id=-1>)
I/org.umd.logging( 1930): Method < 1203 com.unity3d.player.UnityPlayer.executeGLThreadJobs()
E/Cataloger( 5092): syncFile:/storage/emulated/0/2016-12-06_03:16:46.824.jpg
E/Cataloger( 5092): syncFile:/storage/emulated/0/2016-12-06_03:16:46.736.jpg
E/Cataloger( 5092): syncFile:/storage/emulated/0/2016-12-06_03:16:46.864.jpg
W/ResourceType( 1930): No known package when getting name for resource number 0xffffffff
I/org.umd.logging( 1930): Method > 1 com.unity3d.player.UnityPlayer.onTouchEvent(com.unity3d.player.UnityPlayer@478631621<file=2016-12-06_03:16:46.824><x=0><y=0><width=768><height=1280><id=-1>, android.view.MotionEvent@602236525)
I/org.umd.logging( 1930): Method < 1 com.unity3d.player.UnityPlayer.onTouchEvent(true)
E/Cataloger( 5092): syncFile:/storage/emulated/0/2016-12-06_03:16:46.824.jpg
E/Cataloger( 5092): syncFile:/storage/emulated/0/2016-12-06_03:16:46.944.jpg
W/ResourceType( 1930): No known package when getting name for resource number 0xffffffff
I/org.umd.logging( 1930): Method > 1203 com.unity3d.player.UnityPlayer.executeGLThreadJobs(com.unity3d.player.UnityPlayer@478631621<file=2016-12-06_03:16:46.864><x=0><y=0><width=768><height=1280><id=-1>)
I/org.umd.logging( 1930): Method < 1203 com.unity3d.player.UnityPlayer.executeGLThreadJobs()
E/Cataloger( 5092): syncFile:/storage/emulated/0/2016-12-06_03:16:46.864.jpg
E/Cataloger( 5092): syncFile:/storage/emulated/0/2016-12-06_03:16:47.007.jpg
W/ResourceType( 1930): No known package when getting name for resource number 0xffffffff
I/org.umd.logging( 1930): Method > 1 com.unity3d.player.UnityPlayer.onTouchEvent(com.unity3d.player.UnityPlayer@478631621<file=2016-12-06_03:16:46.944><x=0><y=0><width=768><height=1280><id=-1>, android.view.MotionEvent@602236525)
I/org.umd.logging( 1930): Method < 1 com.unity3d.player.UnityPlayer.onTouchEvent(true)
E/Cataloger( 5092): syncFile:/storage/emulated/0/2016-12-06_03:16:46.944.jpg
E/Cataloger( 5092): syncFile:/storage/emulated/0/2016-12-06_03:16:47.077.jpg
I/org.umd.logging( 1930): Method > 1302 com.xsj.crasheye.NativeExceptionHandler$2.run(com.xsj.crasheye.NativeExceptionHandler$2@994092071)
W/ResourceType( 1930): No known package when getting name for resource number 0xffffffff
I/org.umd.logging( 1930): Method > 1203 com.unity3d.player.UnityPlayer.executeGLThreadJobs(com.unity3d.player.UnityPlayer@478631621<file=2016-12-06_03:16:47.007><x=0><y=0><width=768><height=1280><id=-1>)
I/org.umd.logging( 1930): Method < 1203 com.unity3d.player.UnityPlayer.executeGLThreadJobs()
E/Cataloger( 5092): syncFile:/storage/emulated/0/2016-12-06_03:16:47.007.jpg
W/ResourceType( 1930): No known package when getting name for resource number 0xffffffff
I/org.umd.logging( 1930): Method > 1 com.unity3d.player.UnityPlayer.onTouchEvent(com.unity3d.player.UnityPlayer@478631621<file=2016-12-06_03:16:47.077><x=0><y=0><width=768><height=1280><id=-1>, android.view.MotionEvent@602236525)
E/Cataloger( 5092): syncFile:/storage/emulated/0/2016-12-06_03:16:47.077.jpg
I/org.umd.logging( 1930): Method < 1 com.unity3d.player.UnityPlayer.onTouchEvent(true)
E/Cataloger( 5092): syncFile:/storage/emulated/0/2016-12-06_03:16:47.174.jpg
W/ResourceType( 1930): No known package when getting name for resource number 0xffffffff
I/org.umd.logging( 1930): Method > 1203 com.unity3d.player.UnityPlayer.executeGLThreadJobs(com.unity3d.player.UnityPlayer@478631621<file=2016-12-06_03:16:47.174><x=0><y=0><width=768><height=1280><id=-1>)
I/org.umd.logging( 1930): Method < 1203 com.unity3d.player.UnityPlayer.executeGLThreadJobs()
E/Cataloger( 5092): syncFile:/storage/emulated/0/2016-12-06_03:16:47.174.jpg
E/Cataloger( 5092): syncFile:/storage/emulated/0/2016-12-06_03:16:47.305.jpg
W/ResourceType( 1930): No known package when getting name for resource number 0xffffffff
I/org.umd.logging( 1930): Method > 1203 com.unity3d.player.UnityPlayer.executeGLThreadJobs(com.unity3d.player.UnityPlayer@478631621<file=2016-12-06_03:16:47.305><x=0><y=0><width=768><height=1280><id=-1>)
I/org.umd.logging( 1930): Method < 1203 com.unity3d.player.UnityPlayer.executeGLThreadJobs()
E/Cataloger( 5092): syncFile:/storage/emulated/0/2016-12-06_03:16:47.305.jpg
E/Cataloger( 5092): syncFile:/storage/emulated/0/2016-12-06_03:16:47.434.jpg
W/ResourceType( 1930): No known package when getting name for resource number 0xffffffff
I/org.umd.logging( 1930): Method > 1203 com.unity3d.player.UnityPlayer.executeGLThreadJobs(com.unity3d.player.UnityPlayer@478631621<file=2016-12-06_03:16:47.434><x=0><y=0><width=768><height=1280><id=-1>)
I/org.umd.logging( 1930): Method < 1203 com.unity3d.player.UnityPlayer.executeGLThreadJobs()
E/Cataloger( 5092): syncFile:/storage/emulated/0/2016-12-06_03:16:47.434.jpg
E/Cataloger( 5092): syncFile:/storage/emulated/0/2016-12-06_03:16:47.622.jpg
W/ResourceType( 1930): No known package when getting name for resource number 0xffffffff
I/org.umd.logging( 1930): Method > 1203 com.unity3d.player.UnityPlayer.executeGLThreadJobs(com.unity3d.player.UnityPlayer@478631621<file=2016-12-06_03:16:47.622><x=0><y=0><width=768><height=1280><id=-1>)
I/org.umd.logging( 1930): Method < 1203 com.unity3d.player.UnityPlayer.executeGLThreadJobs()
E/Cataloger( 5092): syncFile:/storage/emulated/0/2016-12-06_03:16:47.622.jpg
E/Cataloger( 5092): syncFile:/storage/emulated/0/2016-12-06_03:16:47.765.jpg
W/ResourceType( 1930): No known package when getting name for resource number 0xffffffff
I/org.umd.logging( 1930): Method > 1203 com.unity3d.player.UnityPlayer.executeGLThreadJobs(com.unity3d.player.UnityPlayer@478631621<file=2016-12-06_03:16:47.765><x=0><y=0><width=768><height=1280><id=-1>)
I/org.umd.logging( 1930): Method < 1203 com.unity3d.player.UnityPlayer.executeGLThreadJobs()
E/Cataloger( 5092): syncFile:/storage/emulated/0/2016-12-06_03:16:47.765.jpg
E/Cataloger( 5092): syncFile:/storage/emulated/0/2016-12-06_03:16:47.914.jpg
W/ResourceType( 1930): No known package when getting name for resource number 0xffffffff
I/org.umd.logging( 1930): Method > 1203 com.unity3d.player.UnityPlayer.executeGLThreadJobs(com.unity3d.player.UnityPlayer@478631621<file=2016-12-06_03:16:47.914><x=0><y=0><width=768><height=1280><id=-1>)
I/org.umd.logging( 1930): Method < 1203 com.unity3d.player.UnityPlayer.executeGLThreadJobs()
E/Cataloger( 5092): syncFile:/storage/emulated/0/2016-12-06_03:16:47.914.jpg
E/Cataloger( 5092): syncFile:/storage/emulated/0/2016-12-06_03:16:48.083.jpg
I/org.umd.logging( 1930): Method > 1302 com.xsj.crasheye.NativeExceptionHandler$2.run(com.xsj.crasheye.NativeExceptionHandler$2@994092071)
W/ResourceType( 1930): No known package when getting name for resource number 0xffffffff
I/org.umd.logging( 1930): Method > 1203 com.unity3d.player.UnityPlayer.executeGLThreadJobs(com.unity3d.player.UnityPlayer@478631621<file=2016-12-06_03:16:48.083><x=0><y=0><width=768><height=1280><id=-1>)
I/org.umd.logging( 1930): Method < 1203 com.unity3d.player.UnityPlayer.executeGLThreadJobs()
E/Cataloger( 5092): syncFile:/storage/emulated/0/2016-12-06_03:16:48.083.jpg
E/Cataloger( 5092): syncFile:/storage/emulated/0/2016-12-06_03:16:48.227.jpg
W/ResourceType( 1930): No known package when getting name for resource number 0xffffffff
I/org.umd.logging( 1930): Method > 1203 com.unity3d.player.UnityPlayer.executeGLThreadJobs(com.unity3d.player.UnityPlayer@478631621<file=2016-12-06_03:16:48.227><x=0><y=0><width=768><height=1280><id=-1>)
I/org.umd.logging( 1930): Method < 1203 com.unity3d.player.UnityPlayer.executeGLThreadJobs()
E/Cataloger( 5092): syncFile:/storage/emulated/0/2016-12-06_03:16:48.227.jpg
E/Cataloger( 5092): syncFile:/storage/emulated/0/2016-12-06_03:16:48.395.jpg
W/ResourceType( 1930): No known package when getting name for resource number 0xffffffff
I/org.umd.logging( 1930): Method > 1203 com.unity3d.player.UnityPlayer.executeGLThreadJobs(com.unity3d.player.UnityPlayer@478631621<file=2016-12-06_03:16:48.395><x=0><y=0><width=768><height=1280><id=-1>)
I/org.umd.logging( 1930): Method < 1203 com.unity3d.player.UnityPlayer.executeGLThreadJobs()
E/Cataloger( 5092): syncFile:/storage/emulated/0/2016-12-06_03:16:48.395.jpg
E/Cataloger( 5092): syncFile:/storage/emulated/0/2016-12-06_03:16:48.528.jpg
W/ResourceType( 1930): No known package when getting name for resource number 0xffffffff
I/org.umd.logging( 1930): Method > 1203 com.unity3d.player.UnityPlayer.executeGLThreadJobs(com.unity3d.player.UnityPlayer@478631621<file=2016-12-06_03:16:48.528><x=0><y=0><width=768><height=1280><id=-1>)
I/org.umd.logging( 1930): Method < 1203 com.unity3d.player.UnityPlayer.executeGLThreadJobs()
E/Cataloger( 5092): syncFile:/storage/emulated/0/2016-12-06_03:16:48.528.jpg
E/Cataloger( 5092): syncFile:/storage/emulated/0/2016-12-06_03:16:48.674.jpg
W/ResourceType( 1930): No known package when getting name for resource number 0xffffffff
I/org.umd.logging( 1930): Method > 1203 com.unity3d.player.UnityPlayer.executeGLThreadJobs(com.unity3d.player.UnityPlayer@478631621<file=2016-12-06_03:16:48.674><x=0><y=0><width=768><height=1280><id=-1>)
I/org.umd.logging( 1930): Method < 1203 com.unity3d.player.UnityPlayer.executeGLThreadJobs()
E/Cataloger( 5092): syncFile:/storage/emulated/0/2016-12-06_03:16:48.674.jpg
E/Cataloger( 5092): syncFile:/storage/emulated/0/2016-12-06_03:16:48.851.jpg
I/org.umd.logging( 1676): Method > 1 com.cleanmaster.base.crash.util.debug.b.run(com.cleanmaster.base.crash.util.debug.b@614779553)
W/ResourceType( 1930): No known package when getting name for resource number 0xffffffff
I/org.umd.logging( 1676): Method < 1 com.cleanmaster.base.crash.util.debug.b.run()
I/org.umd.logging( 1930): Method > 1203 com.unity3d.player.UnityPlayer.executeGLThreadJobs(com.unity3d.player.UnityPlayer@478631621<file=2016-12-06_03:16:48.851><x=0><y=0><width=768><height=1280><id=-1>)
I/org.umd.logging( 1930): Method < 1203 com.unity3d.player.UnityPlayer.executeGLThreadJobs()
E/Cataloger( 5092): syncFile:/storage/emulated/0/2016-12-06_03:16:48.851.jpg
E/Cataloger( 5092): syncFile:/storage/emulated/0/2016-12-06_03:16:48.998.jpg
W/ResourceType( 1930): No known package when getting name for resource number 0xffffffff
I/org.umd.logging( 1930): Method > 1203 com.unity3d.player.UnityPlayer.executeGLThreadJobs(com.unity3d.player.UnityPlayer@478631621<file=2016-12-06_03:16:48.998><x=0><y=0><width=768><height=1280><id=-1>)
I/org.umd.logging( 1930): Method < 1203 com.unity3d.player.UnityPlayer.executeGLThreadJobs()
E/Cataloger( 5092): syncFile:/storage/emulated/0/2016-12-06_03:16:48.998.jpg
E/Cataloger( 5092): syncFile:/storage/emulated/0/2016-12-06_03:16:49.125.jpg
I/org.umd.logging( 1930): Method > 1302 com.xsj.crasheye.NativeExceptionHandler$2.run(com.xsj.crasheye.NativeExceptionHandler$2@994092071)
W/ResourceType( 1930): No known package when getting name for resource number 0xffffffff
I/org.umd.logging( 1930): Method > 1203 com.unity3d.player.UnityPlayer.executeGLThreadJobs(com.unity3d.player.UnityPlayer@478631621<file=2016-12-06_03:16:49.125><x=0><y=0><width=768><height=1280><id=-1>)
I/org.umd.logging( 1930): Method < 1203 com.unity3d.player.UnityPlayer.executeGLThreadJobs()
E/Cataloger( 5092): syncFile:/storage/emulated/0/2016-12-06_03:16:49.125.jpg
D/ThermalDaemon(  194): Sensor 'tsens_tz_sensor10' - alarm cleared 1 at 52.0 degC
E/Cataloger( 5092): syncFile:/storage/emulated/0/2016-12-06_03:16:49.282.jpg
W/ResourceType( 1930): No known package when getting name for resource number 0xffffffff
I/org.umd.logging( 1930): Method > 1203 com.unity3d.player.UnityPlayer.executeGLThreadJobs(com.unity3d.player.UnityPlayer@478631621<file=2016-12-06_03:16:49.282><x=0><y=0><width=768><height=1280><id=-1>)
I/org.umd.logging( 1930): Method < 1203 com.unity3d.player.UnityPlayer.executeGLThreadJobs()
E/Cataloger( 5092): syncFile:/storage/emulated/0/2016-12-06_03:16:49.282.jpg
E/Cataloger( 5092): syncFile:/storage/emulated/0/2016-12-06_03:16:49.434.jpg
W/ResourceType( 1930): No known package when getting name for resource number 0xffffffff
I/org.umd.logging( 1930): Method > 1203 com.unity3d.player.UnityPlayer.executeGLThreadJobs(com.unity3d.player.UnityPlayer@478631621<file=2016-12-06_03:16:49.434><x=0><y=0><width=768><height=1280><id=-1>)
I/org.umd.logging( 1930): Method < 1203 com.unity3d.player.UnityPlayer.executeGLThreadJobs()
E/Cataloger( 5092): syncFile:/storage/emulated/0/2016-12-06_03:16:49.434.jpg
E/Cataloger( 5092): syncFile:/storage/emulated/0/2016-12-06_03:16:49.583.jpg
W/ResourceType( 1930): No known package when getting name for resource number 0xffffffff
I/org.umd.logging( 1930): Method > 1203 com.unity3d.player.UnityPlayer.executeGLThreadJobs(com.unity3d.player.UnityPlayer@478631621<file=2016-12-06_03:16:49.583><x=0><y=0><width=768><height=1280><id=-1>)
I/org.umd.logging( 1930): Method < 1203 com.unity3d.player.UnityPlayer.executeGLThreadJobs()
E/Cataloger( 5092): syncFile:/storage/emulated/0/2016-12-06_03:16:49.583.jpg
E/Cataloger( 5092): syncFile:/storage/emulated/0/2016-12-06_03:16:49.722.jpg
W/ResourceType( 1930): No known package when getting name for resource number 0xffffffff
I/org.umd.logging( 1930): Method > 1203 com.unity3d.player.UnityPlayer.executeGLThreadJobs(com.unity3d.player.UnityPlayer@478631621<file=2016-12-06_03:16:49.722><x=0><y=0><width=768><height=1280><id=-1>)
I/org.umd.logging( 1930): Method < 1203 com.unity3d.player.UnityPlayer.executeGLThreadJobs()
E/Cataloger( 5092): syncFile:/storage/emulated/0/2016-12-06_03:16:49.722.jpg
E/Cataloger( 5092): syncFile:/storage/emulated/0/2016-12-06_03:16:49.852.jpg
W/ResourceType( 1930): No known package when getting name for resource number 0xffffffff
I/org.umd.logging( 1930): Method > 1203 com.unity3d.player.UnityPlayer.executeGLThreadJobs(com.unity3d.player.UnityPlayer@478631621<file=2016-12-06_03:16:49.852><x=0><y=0><width=768><height=1280><id=-1>)
I/org.umd.logging( 1930): Method < 1203 com.unity3d.player.UnityPlayer.executeGLThreadJobs()
E/Cataloger( 5092): syncFile:/storage/emulated/0/2016-12-06_03:16:49.852.jpg
I/art     ( 1930): Background sticky concurrent mark sweep GC freed 730(56KB) AllocSpace objects, 2(7MB) LOS objects, 8% free, 48MB/53MB, paused 6.958ms total 19.288ms
E/Cataloger( 5092): syncFile:/storage/emulated/0/2016-12-06_03:16:49.993.jpg
W/ResourceType( 1930): No known package when getting name for resource number 0xffffffff
I/org.umd.logging( 1930): Method > 1203 com.unity3d.player.UnityPlayer.executeGLThreadJobs(com.unity3d.player.UnityPlayer@478631621<file=2016-12-06_03:16:49.993><x=0><y=0><width=768><height=1280><id=-1>)
I/org.umd.logging( 1930): Method < 1203 com.unity3d.player.UnityPlayer.executeGLThreadJobs()
E/Cataloger( 5092): syncFile:/storage/emulated/0/2016-12-06_03:16:49.993.jpg
I/org.umd.logging( 1930): Method > 1302 com.xsj.crasheye.NativeExceptionHandler$2.run(com.xsj.crasheye.NativeExceptionHandler$2@994092071)
E/Cataloger( 5092): syncFile:/storage/emulated/0/2016-12-06_03:16:50.213.jpg
W/ResourceType( 1930): No known package when getting name for resource number 0xffffffff
I/org.umd.logging( 1930): Method > 1203 com.unity3d.player.UnityPlayer.executeGLThreadJobs(com.unity3d.player.UnityPlayer@478631621<file=2016-12-06_03:16:50.213><x=0><y=0><width=768><height=1280><id=-1>)
I/org.umd.logging( 1930): Method < 1203 com.unity3d.player.UnityPlayer.executeGLThreadJobs()
E/Cataloger( 5092): syncFile:/storage/emulated/0/2016-12-06_03:16:50.213.jpg
I/DownloadManagerWrapper(  985): onReceive() : Charging = true
E/Cataloger( 5092): syncFile:/storage/emulated/0/2016-12-06_03:16:50.376.jpg
W/ResourceType( 1930): No known package when getting name for resource number 0xffffffff
I/org.umd.logging( 1930): Method > 1203 com.unity3d.player.UnityPlayer.executeGLThreadJobs(com.unity3d.player.UnityPlayer@478631621<file=2016-12-06_03:16:50.376><x=0><y=0><width=768><height=1280><id=-1>)
I/org.umd.logging( 1930): Method < 1203 com.unity3d.player.UnityPlayer.executeGLThreadJobs()
E/Cataloger( 5092): syncFile:/storage/emulated/0/2016-12-06_03:16:50.376.jpg
E/Cataloger( 5092): syncFile:/storage/emulated/0/2016-12-06_03:16:50.517.jpg
W/ResourceType( 1930): No known package when getting name for resource number 0xffffffff
I/org.umd.logging( 1930): Method > 1203 com.unity3d.player.UnityPlayer.executeGLThreadJobs(com.unity3d.player.UnityPlayer@478631621<file=2016-12-06_03:16:50.517><x=0><y=0><width=768><height=1280><id=-1>)
I/org.umd.logging( 1930): Method < 1203 com.unity3d.player.UnityPlayer.executeGLThreadJobs()
E/Cataloger( 5092): syncFile:/storage/emulated/0/2016-12-06_03:16:50.517.jpg
E/Cataloger( 5092): syncFile:/storage/emulated/0/2016-12-06_03:16:50.726.jpg
W/ResourceType( 1930): No known package when getting name for resource number 0xffffffff
I/org.umd.logging( 1930): Method > 1203 com.unity3d.player.UnityPlayer.executeGLThreadJobs(com.unity3d.player.UnityPlayer@478631621<file=2016-12-06_03:16:50.726><x=0><y=0><width=768><height=1280><id=-1>)
I/org.umd.logging( 1930): Method < 1203 com.unity3d.player.UnityPlayer.executeGLThreadJobs()
E/Cataloger( 5092): syncFile:/storage/emulated/0/2016-12-06_03:16:50.726.jpg
E/Cataloger( 5092): syncFile:/storage/emulated/0/2016-12-06_03:16:50.867.jpg
W/ResourceType( 1930): No known package when getting name for resource number 0xffffffff
I/org.umd.logging( 1930): Method > 1203 com.unity3d.player.UnityPlayer.executeGLThreadJobs(com.unity3d.player.UnityPlayer@478631621<file=2016-12-06_03:16:50.867><x=0><y=0><width=768><height=1280><id=-1>)
I/org.umd.logging( 1930): Method < 1203 com.unity3d.player.UnityPlayer.executeGLThreadJobs()
E/Cataloger( 5092): syncFile:/storage/emulated/0/2016-12-06_03:16:50.867.jpg
E/Cataloger( 5092): syncFile:/storage/emulated/0/2016-12-06_03:16:51.014.jpg
W/ResourceType( 1930): No known package when getting name for resource number 0xffffffff
I/org.umd.logging( 1930): Method > 1203 com.unity3d.player.UnityPlayer.executeGLThreadJobs(com.unity3d.player.UnityPlayer@478631621<file=2016-12-06_03:16:51.014><x=0><y=0><width=768><height=1280><id=-1>)
I/org.umd.logging( 1930): Method < 1203 com.unity3d.player.UnityPlayer.executeGLThreadJobs()
E/Cataloger( 5092): syncFile:/storage/emulated/0/2016-12-06_03:16:51.014.jpg
E/Cataloger( 5092): syncFile:/storage/emulated/0/2016-12-06_03:16:51.216.jpg
I/org.umd.logging( 1930): Method > 1302 com.xsj.crasheye.NativeExceptionHandler$2.run(com.xsj.crasheye.NativeExceptionHandler$2@994092071)
W/ResourceType( 1930): No known package when getting name for resource number 0xffffffff
I/org.umd.logging( 1930): Method > 1203 com.unity3d.player.UnityPlayer.executeGLThreadJobs(com.unity3d.player.UnityPlayer@478631621<file=2016-12-06_03:16:51.216><x=0><y=0><width=768><height=1280><id=-1>)
I/org.umd.logging( 1930): Method < 1203 com.unity3d.player.UnityPlayer.executeGLThreadJobs()
E/Cataloger( 5092): syncFile:/storage/emulated/0/2016-12-06_03:16:51.216.jpg
E/Cataloger( 5092): syncFile:/storage/emulated/0/2016-12-06_03:16:51.382.jpg
W/ResourceType( 1930): No known package when getting name for resource number 0xffffffff
I/org.umd.logging( 1930): Method > 1203 com.unity3d.player.UnityPlayer.executeGLThreadJobs(com.unity3d.player.UnityPlayer@478631621<file=2016-12-06_03:16:51.382><x=0><y=0><width=768><height=1280><id=-1>)
I/org.umd.logging( 1930): Method < 1203 com.unity3d.player.UnityPlayer.executeGLThreadJobs()
E/Cataloger( 5092): syncFile:/storage/emulated/0/2016-12-06_03:16:51.382.jpg
E/Cataloger( 5092): syncFile:/storage/emulated/0/2016-12-06_03:16:51.518.jpg
W/ResourceType( 1930): No known package when getting name for resource number 0xffffffff
I/org.umd.logging( 1930): Method > 1203 com.unity3d.player.UnityPlayer.executeGLThreadJobs(com.unity3d.player.UnityPlayer@478631621<file=2016-12-06_03:16:51.518><x=0><y=0><width=768><height=1280><id=-1>)
I/org.umd.logging( 1930): Method < 1203 com.unity3d.player.UnityPlayer.executeGLThreadJobs()
E/Cataloger( 5092): syncFile:/storage/emulated/0/2016-12-06_03:16:51.518.jpg
E/Cataloger( 5092): syncFile:/storage/emulated/0/2016-12-06_03:16:51.706.jpg
W/ResourceType( 1930): No known package when getting name for resource number 0xffffffff
I/org.umd.logging( 1930): Method > 1203 com.unity3d.player.UnityPlayer.executeGLThreadJobs(com.unity3d.player.UnityPlayer@478631621<file=2016-12-06_03:16:51.706><x=0><y=0><width=768><height=1280><id=-1>)
I/org.umd.logging( 1930): Method < 1203 com.unity3d.player.UnityPlayer.executeGLThreadJobs()
E/Cataloger( 5092): syncFile:/storage/emulated/0/2016-12-06_03:16:51.706.jpg
E/Cataloger( 5092): syncFile:/storage/emulated/0/2016-12-06_03:16:51.874.jpg
W/ResourceType( 1930): No known package when getting name for resource number 0xffffffff
I/org.umd.logging( 1930): Method > 1203 com.unity3d.player.UnityPlayer.executeGLThreadJobs(com.unity3d.player.UnityPlayer@478631621<file=2016-12-06_03:16:51.874><x=0><y=0><width=768><height=1280><id=-1>)
I/org.umd.logging( 1930): Method < 1203 com.unity3d.player.UnityPlayer.executeGLThreadJobs()
E/Cataloger( 5092): syncFile:/storage/emulated/0/2016-12-06_03:16:51.874.jpg
I/art     ( 1930): Background sticky concurrent mark sweep GC freed 757(65KB) AllocSpace objects, 2(7MB) LOS objects, 1% free, 52MB/53MB, paused 5.310ms total 20.265ms
E/Cataloger( 5092): syncFile:/storage/emulated/0/2016-12-06_03:16:52.044.jpg
W/ResourceType( 1930): No known package when getting name for resource number 0xffffffff
I/org.umd.logging( 1930): Method > 1203 com.unity3d.player.UnityPlayer.executeGLThreadJobs(com.unity3d.player.UnityPlayer@478631621<file=2016-12-06_03:16:52.044><x=0><y=0><width=768><height=1280><id=-1>)
I/org.umd.logging( 1930): Method < 1203 com.unity3d.player.UnityPlayer.executeGLThreadJobs()
E/Cataloger( 5092): syncFile:/storage/emulated/0/2016-12-06_03:16:52.044.jpg
E/Cataloger( 5092): syncFile:/storage/emulated/0/2016-12-06_03:16:52.216.jpg
I/org.umd.logging( 1930): Method > 1302 com.xsj.crasheye.NativeExceptionHandler$2.run(com.xsj.crasheye.NativeExceptionHandler$2@994092071)
W/ResourceType( 1930): No known package when getting name for resource number 0xffffffff
I/org.umd.logging( 1930): Method > 1203 com.unity3d.player.UnityPlayer.executeGLThreadJobs(com.unity3d.player.UnityPlayer@478631621<file=2016-12-06_03:16:52.216><x=0><y=0><width=768><height=1280><id=-1>)
I/org.umd.logging( 1930): Method < 1203 com.unity3d.player.UnityPlayer.executeGLThreadJobs()
E/Cataloger( 5092): syncFile:/storage/emulated/0/2016-12-06_03:16:52.216.jpg
E/Cataloger( 5092): syncFile:/storage/emulated/0/2016-12-06_03:16:52.477.jpg
W/ResourceType( 1930): No known package when getting name for resource number 0xffffffff
I/org.umd.logging( 1930): Method > 1203 com.unity3d.player.UnityPlayer.executeGLThreadJobs(com.unity3d.player.UnityPlayer@478631621<file=2016-12-06_03:16:52.477><x=0><y=0><width=768><height=1280><id=-1>)
I/org.umd.logging( 1930): Method < 1203 com.unity3d.player.UnityPlayer.executeGLThreadJobs()
E/Cataloger( 5092): syncFile:/storage/emulated/0/2016-12-06_03:16:52.477.jpg
E/Cataloger( 5092): syncFile:/storage/emulated/0/2016-12-06_03:16:52.688.jpg
I/org.umd.logging( 1930): Method > 1 com.cleanmaster.base.crash.util.debug.b.run(com.cleanmaster.base.crash.util.debug.b@364514293)
I/org.umd.logging( 1930): Method < 1 com.cleanmaster.base.crash.util.debug.b.run()
W/ResourceType( 1930): No known package when getting name for resource number 0xffffffff
I/org.umd.logging( 1930): Method > 1203 com.unity3d.player.UnityPlayer.executeGLThreadJobs(com.unity3d.player.UnityPlayer@478631621<file=2016-12-06_03:16:52.688><x=0><y=0><width=768><height=1280><id=-1>)
I/org.umd.logging( 1930): Method < 1203 com.unity3d.player.UnityPlayer.executeGLThreadJobs()
E/Cataloger( 5092): syncFile:/storage/emulated/0/2016-12-06_03:16:52.688.jpg
E/Cataloger( 5092): syncFile:/storage/emulated/0/2016-12-06_03:16:52.851.jpg
W/ResourceType( 1930): No known package when getting name for resource number 0xffffffff
I/org.umd.logging( 1930): Method > 1203 com.unity3d.player.UnityPlayer.executeGLThreadJobs(com.unity3d.player.UnityPlayer@478631621<file=2016-12-06_03:16:52.851><x=0><y=0><width=768><height=1280><id=-1>)
I/org.umd.logging( 1930): Method < 1203 com.unity3d.player.UnityPlayer.executeGLThreadJobs()
E/Cataloger( 5092): syncFile:/storage/emulated/0/2016-12-06_03:16:52.851.jpg
E/Cataloger( 5092): syncFile:/storage/emulated/0/2016-12-06_03:16:53.040.jpg
W/ResourceType( 1930): No known package when getting name for resource number 0xffffffff
I/org.umd.logging( 1930): Method > 1203 com.unity3d.player.UnityPlayer.executeGLThreadJobs(com.unity3d.player.UnityPlayer@478631621<file=2016-12-06_03:16:53.040><x=0><y=0><width=768><height=1280><id=-1>)
I/org.umd.logging( 1930): Method < 1203 com.unity3d.player.UnityPlayer.executeGLThreadJobs()
E/Cataloger( 5092): syncFile:/storage/emulated/0/2016-12-06_03:16:53.040.jpg
E/Cataloger( 5092): syncFile:/storage/emulated/0/2016-12-06_03:16:53.228.jpg
I/org.umd.logging( 1930): Method > 1302 com.xsj.crasheye.NativeExceptionHandler$2.run(com.xsj.crasheye.NativeExceptionHandler$2@994092071)
W/ResourceType( 1930): No known package when getting name for resource number 0xffffffff
I/org.umd.logging( 1930): Method > 1203 com.unity3d.player.UnityPlayer.executeGLThreadJobs(com.unity3d.player.UnityPlayer@478631621<file=2016-12-06_03:16:53.228><x=0><y=0><width=768><height=1280><id=-1>)
I/org.umd.logging( 1930): Method < 1203 com.unity3d.player.UnityPlayer.executeGLThreadJobs()
E/Cataloger( 5092): syncFile:/storage/emulated/0/2016-12-06_03:16:53.228.jpg
E/Cataloger( 5092): syncFile:/storage/emulated/0/2016-12-06_03:16:53.459.jpg
W/ResourceType( 1930): No known package when getting name for resource number 0xffffffff
E/Cataloger( 5092): syncFile:/storage/emulated/0/2016-12-06_03:16:53.459.jpg
I/org.umd.logging( 1930): Method > 1203 com.unity3d.player.UnityPlayer.executeGLThreadJobs(com.unity3d.player.UnityPlayer@478631621<file=2016-12-06_03:16:53.459><x=0><y=0><width=768><height=1280><id=-1>)
I/org.umd.logging( 1930): Method < 1203 com.unity3d.player.UnityPlayer.executeGLThreadJobs()
E/Cataloger( 5092): syncFile:/storage/emulated/0/2016-12-06_03:16:53.613.jpg
W/ResourceType( 1930): No known package when getting name for resource number 0xffffffff
I/org.umd.logging( 1930): Method > 1203 com.unity3d.player.UnityPlayer.executeGLThreadJobs(com.unity3d.player.UnityPlayer@478631621<file=2016-12-06_03:16:53.613><x=0><y=0><width=768><height=1280><id=-1>)
I/org.umd.logging( 1930): Method < 1203 com.unity3d.player.UnityPlayer.executeGLThreadJobs()
E/Cataloger( 5092): syncFile:/storage/emulated/0/2016-12-06_03:16:53.613.jpg
E/Cataloger( 5092): syncFile:/storage/emulated/0/2016-12-06_03:16:53.774.jpg
W/ResourceType( 1930): No known package when getting name for resource number 0xffffffff
I/org.umd.logging( 1930): Method > 1203 com.unity3d.player.UnityPlayer.executeGLThreadJobs(com.unity3d.player.UnityPlayer@478631621<file=2016-12-06_03:16:53.774><x=0><y=0><width=768><height=1280><id=-1>)
I/org.umd.logging( 1930): Method < 1203 com.unity3d.player.UnityPlayer.executeGLThreadJobs()
E/Cataloger( 5092): syncFile:/storage/emulated/0/2016-12-06_03:16:53.774.jpg
E/Cataloger( 5092): syncFile:/storage/emulated/0/2016-12-06_03:16:53.921.jpg
W/ResourceType( 1930): No known package when getting name for resource number 0xffffffff
I/org.umd.logging( 1930): Method > 1203 com.unity3d.player.UnityPlayer.executeGLThreadJobs(com.unity3d.player.UnityPlayer@478631621<file=2016-12-06_03:16:53.921><x=0><y=0><width=768><height=1280><id=-1>)
I/org.umd.logging( 1930): Method < 1203 com.unity3d.player.UnityPlayer.executeGLThreadJobs()
E/Cataloger( 5092): syncFile:/storage/emulated/0/2016-12-06_03:16:53.921.jpg
E/Cataloger( 5092): syncFile:/storage/emulated/0/2016-12-06_03:16:54.042.jpg
W/ResourceType( 1930): No known package when getting name for resource number 0xffffffff
I/org.umd.logging( 1930): Method > 1203 com.unity3d.player.UnityPlayer.executeGLThreadJobs(com.unity3d.player.UnityPlayer@478631621<file=2016-12-06_03:16:54.042><x=0><y=0><width=768><height=1280><id=-1>)
I/org.umd.logging( 1930): Method < 1203 com.unity3d.player.UnityPlayer.executeGLThreadJobs()
E/Cataloger( 5092): syncFile:/storage/emulated/0/2016-12-06_03:16:54.042.jpg
E/Cataloger( 5092): syncFile:/storage/emulated/0/2016-12-06_03:16:54.174.jpg
W/ResourceType( 1930): No known package when getting name for resource number 0xffffffff
I/org.umd.logging( 1930): Method > 1203 com.unity3d.player.UnityPlayer.executeGLThreadJobs(com.unity3d.player.UnityPlayer@478631621<file=2016-12-06_03:16:54.174><x=0><y=0><width=768><height=1280><id=-1>)
I/org.umd.logging( 1930): Method < 1203 com.unity3d.player.UnityPlayer.executeGLThreadJobs()
E/Cataloger( 5092): syncFile:/storage/emulated/0/2016-12-06_03:16:54.174.jpg
I/org.umd.logging( 1930): Method > 1302 com.xsj.crasheye.NativeExceptionHandler$2.run(com.xsj.crasheye.NativeExceptionHandler$2@994092071)
E/Cataloger( 5092): syncFile:/storage/emulated/0/2016-12-06_03:16:54.407.jpg
I/art     ( 1930): Background partial concurrent mark sweep GC freed 481(39KB) AllocSpace objects, 6(22MB) LOS objects, 29% free, 37MB/53MB, paused 2.655ms total 107.706ms
W/ResourceType( 1930): No known package when getting name for resource number 0xffffffff
I/org.umd.logging( 1930): Method > 1203 com.unity3d.player.UnityPlayer.executeGLThreadJobs(com.unity3d.player.UnityPlayer@478631621<file=2016-12-06_03:16:54.407><x=0><y=0><width=768><height=1280><id=-1>)
I/org.umd.logging( 1930): Method < 1203 com.unity3d.player.UnityPlayer.executeGLThreadJobs()
E/Cataloger( 5092): syncFile:/storage/emulated/0/2016-12-06_03:16:54.407.jpg
E/Cataloger( 5092): syncFile:/storage/emulated/0/2016-12-06_03:16:54.620.jpg
W/ResourceType( 1930): No known package when getting name for resource number 0xffffffff
I/org.umd.logging( 1930): Method > 1203 com.unity3d.player.UnityPlayer.executeGLThreadJobs(com.unity3d.player.UnityPlayer@478631621<file=2016-12-06_03:16:54.620><x=0><y=0><width=768><height=1280><id=-1>)
I/org.umd.logging( 1930): Method < 1203 com.unity3d.player.UnityPlayer.executeGLThreadJobs()
E/Cataloger( 5092): syncFile:/storage/emulated/0/2016-12-06_03:16:54.620.jpg
E/Cataloger( 5092): syncFile:/storage/emulated/0/2016-12-06_03:16:54.796.jpg
W/ResourceType( 1930): No known package when getting name for resource number 0xffffffff
I/org.umd.logging( 1930): Method > 1203 com.unity3d.player.UnityPlayer.executeGLThreadJobs(com.unity3d.player.UnityPlayer@478631621<file=2016-12-06_03:16:54.796><x=0><y=0><width=768><height=1280><id=-1>)
I/org.umd.logging( 1930): Method < 1203 com.unity3d.player.UnityPlayer.executeGLThreadJobs()
E/Cataloger( 5092): syncFile:/storage/emulated/0/2016-12-06_03:16:54.796.jpg
E/Cataloger( 5092): syncFile:/storage/emulated/0/2016-12-06_03:16:54.913.jpg
W/ResourceType( 1930): No known package when getting name for resource number 0xffffffff
I/org.umd.logging( 1930): Method > 1203 com.unity3d.player.UnityPlayer.executeGLThreadJobs(com.unity3d.player.UnityPlayer@478631621<file=2016-12-06_03:16:54.913><x=0><y=0><width=768><height=1280><id=-1>)
I/org.umd.logging( 1930): Method < 1203 com.unity3d.player.UnityPlayer.executeGLThreadJobs()
E/Cataloger( 5092): syncFile:/storage/emulated/0/2016-12-06_03:16:54.913.jpg
E/Cataloger( 5092): syncFile:/storage/emulated/0/2016-12-06_03:16:55.075.jpg
I/art     ( 1930): Background partial concurrent mark sweep GC freed 433(37KB) AllocSpace objects, 6(22MB) LOS objects, 29% free, 37MB/53MB, paused 1.648ms total 101.907ms
W/ResourceType( 1930): No known package when getting name for resource number 0xffffffff
I/org.umd.logging( 1930): Method > 1203 com.unity3d.player.UnityPlayer.executeGLThreadJobs(com.unity3d.player.UnityPlayer@478631621<file=2016-12-06_03:16:55.075><x=0><y=0><width=768><height=1280><id=-1>)
I/org.umd.logging( 1930): Method < 1203 com.unity3d.player.UnityPlayer.executeGLThreadJobs()
E/Cataloger( 5092): syncFile:/storage/emulated/0/2016-12-06_03:16:55.075.jpg
E/Cataloger( 5092): syncFile:/storage/emulated/0/2016-12-06_03:16:55.270.jpg
W/ResourceType( 1930): No known package when getting name for resource number 0xffffffff
I/org.umd.logging( 1930): Method > 1203 com.unity3d.player.UnityPlayer.executeGLThreadJobs(com.unity3d.player.UnityPlayer@478631621<file=2016-12-06_03:16:55.270><x=0><y=0><width=768><height=1280><id=-1>)
I/org.umd.logging( 1930): Method < 1203 com.unity3d.player.UnityPlayer.executeGLThreadJobs()
E/Cataloger( 5092): syncFile:/storage/emulated/0/2016-12-06_03:16:55.270.jpg
I/org.umd.logging( 1930): Method > 1302 com.xsj.crasheye.NativeExceptionHandler$2.run(com.xsj.crasheye.NativeExceptionHandler$2@994092071)
E/Cataloger( 5092): syncFile:/storage/emulated/0/2016-12-06_03:16:55.412.jpg
W/ResourceType( 1930): No known package when getting name for resource number 0xffffffff
I/org.umd.logging( 1930): Method > 1203 com.unity3d.player.UnityPlayer.executeGLThreadJobs(com.unity3d.player.UnityPlayer@478631621<file=2016-12-06_03:16:55.412><x=0><y=0><width=768><height=1280><id=-1>)
I/org.umd.logging( 1930): Method < 1203 com.unity3d.player.UnityPlayer.executeGLThreadJobs()
E/Cataloger( 5092): syncFile:/storage/emulated/0/2016-12-06_03:16:55.412.jpg
E/Cataloger( 5092): syncFile:/storage/emulated/0/2016-12-06_03:16:55.548.jpg
W/ResourceType( 1930): No known package when getting name for resource number 0xffffffff
I/org.umd.logging( 1930): Method > 1203 com.unity3d.player.UnityPlayer.executeGLThreadJobs(com.unity3d.player.UnityPlayer@478631621<file=2016-12-06_03:16:55.548><x=0><y=0><width=768><height=1280><id=-1>)
I/org.umd.logging( 1930): Method < 1203 com.unity3d.player.UnityPlayer.executeGLThreadJobs()
E/Cataloger( 5092): syncFile:/storage/emulated/0/2016-12-06_03:16:55.548.jpg
E/Cataloger( 5092): syncFile:/storage/emulated/0/2016-12-06_03:16:55.676.jpg
I/art     ( 1930): Background partial concurrent mark sweep GC freed 416(36KB) AllocSpace objects, 6(22MB) LOS objects, 29% free, 37MB/53MB, paused 1.648ms total 104.898ms
W/ResourceType( 1930): No known package when getting name for resource number 0xffffffff
I/org.umd.logging( 1930): Method > 1203 com.unity3d.player.UnityPlayer.executeGLThreadJobs(com.unity3d.player.UnityPlayer@478631621<file=2016-12-06_03:16:55.676><x=0><y=0><width=768><height=1280><id=-1>)
I/org.umd.logging( 1930): Method < 1203 com.unity3d.player.UnityPlayer.executeGLThreadJobs()
E/Cataloger( 5092): syncFile:/storage/emulated/0/2016-12-06_03:16:55.676.jpg
E/Cataloger( 5092): syncFile:/storage/emulated/0/2016-12-06_03:16:55.818.jpg
W/ResourceType( 1930): No known package when getting name for resource number 0xffffffff
I/org.umd.logging( 1930): Method > 1203 com.unity3d.player.UnityPlayer.executeGLThreadJobs(com.unity3d.player.UnityPlayer@478631621<file=2016-12-06_03:16:55.818><x=0><y=0><width=768><height=1280><id=-1>)
E/Cataloger( 5092): syncFile:/storage/emulated/0/2016-12-06_03:16:55.818.jpg
I/org.umd.logging( 1930): Method < 1203 com.unity3d.player.UnityPlayer.executeGLThreadJobs()
E/Cataloger( 5092): syncFile:/storage/emulated/0/2016-12-06_03:16:55.970.jpg
W/ResourceType( 1930): No known package when getting name for resource number 0xffffffff
I/org.umd.logging( 1930): Method > 1203 com.unity3d.player.UnityPlayer.executeGLThreadJobs(com.unity3d.player.UnityPlayer@478631621<file=2016-12-06_03:16:55.970><x=0><y=0><width=768><height=1280><id=-1>)
I/org.umd.logging( 1930): Method < 1203 com.unity3d.player.UnityPlayer.executeGLThreadJobs()
E/Cataloger( 5092): syncFile:/storage/emulated/0/2016-12-06_03:16:55.970.jpg
E/Cataloger( 5092): syncFile:/storage/emulated/0/2016-12-06_03:16:56.197.jpg
I/art     ( 1930): Background sticky concurrent mark sweep GC freed 750(57KB) AllocSpace objects, 3(11MB) LOS objects, 8% free, 49MB/53MB, paused 6.836ms total 60.033ms
W/ResourceType( 1930): No known package when getting name for resource number 0xffffffff
I/org.umd.logging( 1930): Method > 1203 com.unity3d.player.UnityPlayer.executeGLThreadJobs(com.unity3d.player.UnityPlayer@478631621<file=2016-12-06_03:16:56.197><x=0><y=0><width=768><height=1280><id=-1>)
I/org.umd.logging( 1930): Method < 1203 com.unity3d.player.UnityPlayer.executeGLThreadJobs()
E/Cataloger( 5092): syncFile:/storage/emulated/0/2016-12-06_03:16:56.197.jpg
E/Cataloger( 5092): syncFile:/storage/emulated/0/2016-12-06_03:16:56.314.jpg
W/ResourceType( 1930): No known package when getting name for resource number 0xffffffff
I/org.umd.logging( 1930): Method > 1203 com.unity3d.player.UnityPlayer.executeGLThreadJobs(com.unity3d.player.UnityPlayer@478631621<file=2016-12-06_03:16:56.314><x=0><y=0><width=768><height=1280><id=-1>)
I/org.umd.logging( 1930): Method < 1203 com.unity3d.player.UnityPlayer.executeGLThreadJobs()
E/Cataloger( 5092): syncFile:/storage/emulated/0/2016-12-06_03:16:56.314.jpg
E/Cataloger( 5092): syncFile:/storage/emulated/0/2016-12-06_03:16:56.437.jpg
I/org.umd.logging( 1930): Method > 1302 com.xsj.crasheye.NativeExceptionHandler$2.run(com.xsj.crasheye.NativeExceptionHandler$2@994092071)
W/ResourceType( 1930): No known package when getting name for resource number 0xffffffff
I/org.umd.logging( 1930): Method > 1203 com.unity3d.player.UnityPlayer.executeGLThreadJobs(com.unity3d.player.UnityPlayer@478631621<file=2016-12-06_03:16:56.437><x=0><y=0><width=768><height=1280><id=-1>)
I/org.umd.logging( 1930): Method < 1203 com.unity3d.player.UnityPlayer.executeGLThreadJobs()
E/Cataloger( 5092): syncFile:/storage/emulated/0/2016-12-06_03:16:56.437.jpg
E/Cataloger( 5092): syncFile:/storage/emulated/0/2016-12-06_03:16:56.558.jpg
W/ResourceType( 1930): No known package when getting name for resource number 0xffffffff
I/org.umd.logging( 1930): Method > 1203 com.unity3d.player.UnityPlayer.executeGLThreadJobs(com.unity3d.player.UnityPlayer@478631621<file=2016-12-06_03:16:56.558><x=0><y=0><width=768><height=1280><id=-1>)
I/org.umd.logging( 1930): Method < 1203 com.unity3d.player.UnityPlayer.executeGLThreadJobs()
E/Cataloger( 5092): syncFile:/storage/emulated/0/2016-12-06_03:16:56.558.jpg
E/Cataloger( 5092): syncFile:/storage/emulated/0/2016-12-06_03:16:56.739.jpg
W/ResourceType( 1930): No known package when getting name for resource number 0xffffffff
I/org.umd.logging( 1930): Method > 1203 com.unity3d.player.UnityPlayer.executeGLThreadJobs(com.unity3d.player.UnityPlayer@478631621<file=2016-12-06_03:16:56.739><x=0><y=0><width=768><height=1280><id=-1>)
I/org.umd.logging( 1930): Method < 1203 com.unity3d.player.UnityPlayer.executeGLThreadJobs()
E/Cataloger( 5092): syncFile:/storage/emulated/0/2016-12-06_03:16:56.739.jpg
E/WifiStateMachine(  591): WifiStateMachine CMD_START_SCAN source -2 txSuccessRate=3.23 rxSuccessRate=2.32 targetRoamBSSID=b4:e9:b0:e5:06:d0 RSSI=-44
E/Cataloger( 5092): syncFile:/storage/emulated/0/2016-12-06_03:16:56.877.jpg
W/ResourceType( 1930): No known package when getting name for resource number 0xffffffff
I/org.umd.logging( 1930): Method > 1203 com.unity3d.player.UnityPlayer.executeGLThreadJobs(com.unity3d.player.UnityPlayer@478631621<file=2016-12-06_03:16:56.877><x=0><y=0><width=768><height=1280><id=-1>)
I/org.umd.logging( 1930): Method < 1203 com.unity3d.player.UnityPlayer.executeGLThreadJobs()
E/Cataloger( 5092): syncFile:/storage/emulated/0/2016-12-06_03:16:56.877.jpg
E/Cataloger( 5092): syncFile:/storage/emulated/0/2016-12-06_03:16:57.132.jpg
W/ResourceType( 1930): No known package when getting name for resource number 0xffffffff
I/org.umd.logging( 1930): Method > 1203 com.unity3d.player.UnityPlayer.executeGLThreadJobs(com.unity3d.player.UnityPlayer@478631621<file=2016-12-06_03:16:57.132><x=0><y=0><width=768><height=1280><id=-1>)
I/org.umd.logging( 1930): Method < 1203 com.unity3d.player.UnityPlayer.executeGLThreadJobs()
E/Cataloger( 5092): syncFile:/storage/emulated/0/2016-12-06_03:16:57.132.jpg
E/Cataloger( 5092): syncFile:/storage/emulated/0/2016-12-06_03:16:57.340.jpg
I/org.umd.logging( 1930): Method > 1302 com.xsj.crasheye.NativeExceptionHandler$2.run(com.xsj.crasheye.NativeExceptionHandler$2@994092071)
W/ResourceType( 1930): No known package when getting name for resource number 0xffffffff
E/Cataloger( 5092): syncFile:/storage/emulated/0/2016-12-06_03:16:57.340.jpg
I/org.umd.logging( 1930): Method > 1203 com.unity3d.player.UnityPlayer.executeGLThreadJobs(com.unity3d.player.UnityPlayer@478631621<file=2016-12-06_03:16:57.340><x=0><y=0><width=768><height=1280><id=-1>)
I/org.umd.logging( 1930): Method < 1203 com.unity3d.player.UnityPlayer.executeGLThreadJobs()
E/Cataloger( 5092): syncFile:/storage/emulated/0/2016-12-06_03:16:57.546.jpg
W/ResourceType( 1930): No known package when getting name for resource number 0xffffffff
I/org.umd.logging( 1930): Method > 1203 com.unity3d.player.UnityPlayer.executeGLThreadJobs(com.unity3d.player.UnityPlayer@478631621<file=2016-12-06_03:16:57.546><x=0><y=0><width=768><height=1280><id=-1>)
I/org.umd.logging( 1930): Method < 1203 com.unity3d.player.UnityPlayer.executeGLThreadJobs()
E/Cataloger( 5092): syncFile:/storage/emulated/0/2016-12-06_03:16:57.546.jpg
E/Cataloger( 5092): syncFile:/storage/emulated/0/2016-12-06_03:16:57.710.jpg
W/ResourceType( 1930): No known package when getting name for resource number 0xffffffff
I/org.umd.logging( 1930): Method > 1203 com.unity3d.player.UnityPlayer.executeGLThreadJobs(com.unity3d.player.UnityPlayer@478631621<file=2016-12-06_03:16:57.710><x=0><y=0><width=768><height=1280><id=-1>)
I/org.umd.logging( 1930): Method < 1203 com.unity3d.player.UnityPlayer.executeGLThreadJobs()
E/Cataloger( 5092): syncFile:/storage/emulated/0/2016-12-06_03:16:57.710.jpg
E/Cataloger( 5092): syncFile:/storage/emulated/0/2016-12-06_03:16:57.859.jpg
W/ResourceType( 1930): No known package when getting name for resource number 0xffffffff
I/org.umd.logging( 1930): Method > 1203 com.unity3d.player.UnityPlayer.executeGLThreadJobs(com.unity3d.player.UnityPlayer@478631621<file=2016-12-06_03:16:57.859><x=0><y=0><width=768><height=1280><id=-1>)
I/org.umd.logging( 1930): Method < 1203 com.unity3d.player.UnityPlayer.executeGLThreadJobs()
E/Cataloger( 5092): syncFile:/storage/emulated/0/2016-12-06_03:16:57.859.jpg
E/Cataloger( 5092): syncFile:/storage/emulated/0/2016-12-06_03:16:58.010.jpg
W/ResourceType( 1930): No known package when getting name for resource number 0xffffffff
I/org.umd.logging( 1930): Method > 1203 com.unity3d.player.UnityPlayer.executeGLThreadJobs(com.unity3d.player.UnityPlayer@478631621<file=2016-12-06_03:16:58.010><x=0><y=0><width=768><height=1280><id=-1>)
I/org.umd.logging( 1930): Method < 1203 com.unity3d.player.UnityPlayer.executeGLThreadJobs()
E/Cataloger( 5092): syncFile:/storage/emulated/0/2016-12-06_03:16:58.010.jpg
E/Cataloger( 5092): syncFile:/storage/emulated/0/2016-12-06_03:16:58.175.jpg
W/ResourceType( 1930): No known package when getting name for resource number 0xffffffff
I/org.umd.logging( 1930): Method > 1203 com.unity3d.player.UnityPlayer.executeGLThreadJobs(com.unity3d.player.UnityPlayer@478631621<file=2016-12-06_03:16:58.175><x=0><y=0><width=768><height=1280><id=-1>)
I/org.umd.logging( 1930): Method < 1203 com.unity3d.player.UnityPlayer.executeGLThreadJobs()
E/Cataloger( 5092): syncFile:/storage/emulated/0/2016-12-06_03:16:58.175.jpg
E/Cataloger( 5092): syncFile:/storage/emulated/0/2016-12-06_03:16:58.328.jpg
W/ResourceType( 1930): No known package when getting name for resource number 0xffffffff
I/org.umd.logging( 1930): Method > 1203 com.unity3d.player.UnityPlayer.executeGLThreadJobs(com.unity3d.player.UnityPlayer@478631621<file=2016-12-06_03:16:58.328><x=0><y=0><width=768><height=1280><id=-1>)
I/org.umd.logging( 1930): Method < 1203 com.unity3d.player.UnityPlayer.executeGLThreadJobs()
E/Cataloger( 5092): syncFile:/storage/emulated/0/2016-12-06_03:16:58.328.jpg
E/Cataloger( 5092): syncFile:/storage/emulated/0/2016-12-06_03:16:58.476.jpg
I/org.umd.logging( 1930): Method > 1302 com.xsj.crasheye.NativeExceptionHandler$2.run(com.xsj.crasheye.NativeExceptionHandler$2@994092071)
W/ResourceType( 1930): No known package when getting name for resource number 0xffffffff
I/org.umd.logging( 1930): Method > 1203 com.unity3d.player.UnityPlayer.executeGLThreadJobs(com.unity3d.player.UnityPlayer@478631621<file=2016-12-06_03:16:58.476><x=0><y=0><width=768><height=1280><id=-1>)
I/org.umd.logging( 1930): Method < 1203 com.unity3d.player.UnityPlayer.executeGLThreadJobs()
E/Cataloger( 5092): syncFile:/storage/emulated/0/2016-12-06_03:16:58.476.jpg
E/Cataloger( 5092): syncFile:/storage/emulated/0/2016-12-06_03:16:58.680.jpg
W/ResourceType( 1930): No known package when getting name for resource number 0xffffffff
I/org.umd.logging( 1930): Method > 1203 com.unity3d.player.UnityPlayer.executeGLThreadJobs(com.unity3d.player.UnityPlayer@478631621<file=2016-12-06_03:16:58.680><x=0><y=0><width=768><height=1280><id=-1>)
I/org.umd.logging( 1930): Method < 1203 com.unity3d.player.UnityPlayer.executeGLThreadJobs()
E/Cataloger( 5092): syncFile:/storage/emulated/0/2016-12-06_03:16:58.680.jpg
I/PlayCommon(31789): [1135] com.google.android.play.a.g.e(853): Preparing logs for uploading
E/Cataloger( 5092): syncFile:/storage/emulated/0/2016-12-06_03:16:58.892.jpg
I/PlayCommon(31789): [1135] com.google.android.play.a.g.a(993): Connecting to server: https://play.googleapis.com/play/log?format=raw&proto_v2=true
I/org.umd.logging( 1676): Method > 1 com.cleanmaster.base.crash.util.debug.b.run(com.cleanmaster.base.crash.util.debug.b@614779553)
I/org.umd.logging( 1676): Method < 1 com.cleanmaster.base.crash.util.debug.b.run()
W/ResourceType( 1930): No known package when getting name for resource number 0xffffffff
I/org.umd.logging( 1930): Method > 1203 com.unity3d.player.UnityPlayer.executeGLThreadJobs(com.unity3d.player.UnityPlayer@478631621<file=2016-12-06_03:16:58.892><x=0><y=0><width=768><height=1280><id=-1>)
I/org.umd.logging( 1930): Method < 1203 com.unity3d.player.UnityPlayer.executeGLThreadJobs()
E/Cataloger( 5092): syncFile:/storage/emulated/0/2016-12-06_03:16:58.892.jpg
E/Cataloger( 5092): syncFile:/storage/emulated/0/2016-12-06_03:16:59.048.jpg
W/ResourceType( 1930): No known package when getting name for resource number 0xffffffff
I/org.umd.logging( 1930): Method > 1203 com.unity3d.player.UnityPlayer.executeGLThreadJobs(com.unity3d.player.UnityPlayer@478631621<file=2016-12-06_03:16:59.048><x=0><y=0><width=768><height=1280><id=-1>)
I/org.umd.logging( 1930): Method < 1203 com.unity3d.player.UnityPlayer.executeGLThreadJobs()
E/Cataloger( 5092): syncFile:/storage/emulated/0/2016-12-06_03:16:59.048.jpg
E/Cataloger( 5092): syncFile:/storage/emulated/0/2016-12-06_03:16:59.222.jpg
D/ThermalDaemon(  194): Sensor 'tsens_tz_sensor8' - alarm cleared 1 at 53.0 degC
D/ThermalDaemon(  194): Sensor 'tsens_tz_sensor9' - alarm cleared 1 at 54.0 degC
D/ThermalDaemon(  194): Sensor 'tsens_tz_sensor7' - alarm cleared 1 at 56.0 degC
W/ResourceType( 1930): No known package when getting name for resource number 0xffffffff
I/org.umd.logging( 1930): Method > 1203 com.unity3d.player.UnityPlayer.executeGLThreadJobs(com.unity3d.player.UnityPlayer@478631621<file=2016-12-06_03:16:59.222><x=0><y=0><width=768><height=1280><id=-1>)
I/org.umd.logging( 1930): Method < 1203 com.unity3d.player.UnityPlayer.executeGLThreadJobs()
E/Cataloger( 5092): syncFile:/storage/emulated/0/2016-12-06_03:16:59.222.jpg
I/PlayCommon(31789): [1135] com.google.android.play.a.g.a(1068): Successfully uploaded logs.
E/Cataloger( 5092): syncFile:/storage/emulated/0/2016-12-06_03:16:59.356.jpg
W/ResourceType( 1930): No known package when getting name for resource number 0xffffffff
I/org.umd.logging( 1930): Method > 1203 com.unity3d.player.UnityPlayer.executeGLThreadJobs(com.unity3d.player.UnityPlayer@478631621<file=2016-12-06_03:16:59.356><x=0><y=0><width=768><height=1280><id=-1>)
I/org.umd.logging( 1930): Method < 1203 com.unity3d.player.UnityPlayer.executeGLThreadJobs()
E/Cataloger( 5092): syncFile:/storage/emulated/0/2016-12-06_03:16:59.356.jpg
E/Cataloger( 5092): syncFile:/storage/emulated/0/2016-12-06_03:16:59.510.jpg
I/art     ( 1930): Background sticky concurrent mark sweep GC freed 740(57KB) AllocSpace objects, 2(7MB) LOS objects, 1% free, 52MB/53MB, paused 6.134ms total 32.687ms
I/org.umd.logging( 1930): Method > 1302 com.xsj.crasheye.NativeExceptionHandler$2.run(com.xsj.crasheye.NativeExceptionHandler$2@994092071)
W/ResourceType( 1930): No known package when getting name for resource number 0xffffffff
