E/Cataloger( 5092): syncFile:/storage/emulated/0/2016-12-06_03:15:09.473.jpg
I/org.umd.logging(  854): Method < 1 com.unity3d.player.UnityPlayer.onTouchEvent(true)
I/org.umd.logging(  854): Method > 1279 com.xsj.crasheye.NativeExceptionHandler$2.run(com.xsj.crasheye.NativeExceptionHandler$2@1071715560)
E/Cataloger( 5092): syncFile:/storage/emulated/0/2016-12-06_03:15:09.606.jpg
W/ResourceType(  854): No known package when getting name for resource number 0xffffffff
I/org.umd.logging(  854): Method > 1183 com.unity3d.player.UnityPlayer.executeGLThreadJobs(com.unity3d.player.UnityPlayer@814445863<file=2016-12-06_03:15:09.542><x=0><y=0><width=768><height=1280><id=-1>)
I/org.umd.logging(  854): Method < 1183 com.unity3d.player.UnityPlayer.executeGLThreadJobs()
E/Cataloger( 5092): syncFile:/storage/emulated/0/2016-12-06_03:15:09.542.jpg
W/ResourceType(  854): No known package when getting name for resource number 0xffffffff
I/org.umd.logging(  854): Method > 1 com.unity3d.player.UnityPlayer.onTouchEvent(com.unity3d.player.UnityPlayer@814445863<file=2016-12-06_03:15:09.606><x=0><y=0><width=768><height=1280><id=-1>, android.view.MotionEvent@989791765)
E/Cataloger( 5092): syncFile:/storage/emulated/0/2016-12-06_03:15:09.606.jpg
I/org.umd.logging(  854): Method < 1 com.unity3d.player.UnityPlayer.onTouchEvent(true)
E/Cataloger( 5092): syncFile:/storage/emulated/0/2016-12-06_03:15:09.685.jpg
E/Cataloger( 5092): syncFile:/storage/emulated/0/2016-12-06_03:15:09.740.jpg
W/ResourceType(  854): No known package when getting name for resource number 0xffffffff
I/org.umd.logging(  854): Method > 1183 com.unity3d.player.UnityPlayer.executeGLThreadJobs(com.unity3d.player.UnityPlayer@814445863<file=2016-12-06_03:15:09.685><x=0><y=0><width=768><height=1280><id=-1>)
I/org.umd.logging(  854): Method < 1183 com.unity3d.player.UnityPlayer.executeGLThreadJobs()
E/Cataloger( 5092): syncFile:/storage/emulated/0/2016-12-06_03:15:09.685.jpg
W/ResourceType(  854): No known package when getting name for resource number 0xffffffff
I/org.umd.logging(  854): Method > 1 com.unity3d.player.UnityPlayer.onTouchEvent(com.unity3d.player.UnityPlayer@814445863<file=2016-12-06_03:15:09.740><x=0><y=0><width=768><height=1280><id=-1>, android.view.MotionEvent@989791765)
I/org.umd.logging(  854): Method < 1 com.unity3d.player.UnityPlayer.onTouchEvent(true)
E/Cataloger( 5092): syncFile:/storage/emulated/0/2016-12-06_03:15:09.740.jpg
E/Cataloger( 5092): syncFile:/storage/emulated/0/2016-12-06_03:15:09.856.jpg
E/Cataloger( 5092): syncFile:/storage/emulated/0/2016-12-06_03:15:09.907.jpg
I/org.umd.logging(  708): Method > 1 com.cleanmaster.base.crash.util.debug.b.run(com.cleanmaster.base.crash.util.debug.b@614779553)
I/org.umd.logging(  708): Method < 1 com.cleanmaster.base.crash.util.debug.b.run()
W/ResourceType(  854): No known package when getting name for resource number 0xffffffff
I/org.umd.logging(  854): Method > 1183 com.unity3d.player.UnityPlayer.executeGLThreadJobs(com.unity3d.player.UnityPlayer@814445863<file=2016-12-06_03:15:09.856><x=0><y=0><width=768><height=1280><id=-1>)
I/org.umd.logging(  854): Method < 1183 com.unity3d.player.UnityPlayer.executeGLThreadJobs()
E/Cataloger( 5092): syncFile:/storage/emulated/0/2016-12-06_03:15:09.856.jpg
W/ResourceType(  854): No known package when getting name for resource number 0xffffffff
I/org.umd.logging(  854): Method > 1 com.unity3d.player.UnityPlayer.onTouchEvent(com.unity3d.player.UnityPlayer@814445863<file=2016-12-06_03:15:09.907><x=0><y=0><width=768><height=1280><id=-1>, android.view.MotionEvent@989791765)
I/org.umd.logging(  854): Method < 1 com.unity3d.player.UnityPlayer.onTouchEvent(true)
E/Cataloger( 5092): syncFile:/storage/emulated/0/2016-12-06_03:15:09.907.jpg
E/Cataloger( 5092): syncFile:/storage/emulated/0/2016-12-06_03:15:09.995.jpg
E/Cataloger( 5092): syncFile:/storage/emulated/0/2016-12-06_03:15:10.040.jpg
W/ResourceType(  854): No known package when getting name for resource number 0xffffffff
I/org.umd.logging(  854): Method > 1183 com.unity3d.player.UnityPlayer.executeGLThreadJobs(com.unity3d.player.UnityPlayer@814445863<file=2016-12-06_03:15:09.995><x=0><y=0><width=768><height=1280><id=-1>)
I/org.umd.logging(  854): Method < 1183 com.unity3d.player.UnityPlayer.executeGLThreadJobs()
E/Cataloger( 5092): syncFile:/storage/emulated/0/2016-12-06_03:15:09.995.jpg
W/ResourceType(  854): No known package when getting name for resource number 0xffffffff
I/org.umd.logging(  854): Method > 1 com.unity3d.player.UnityPlayer.onTouchEvent(com.unity3d.player.UnityPlayer@814445863<file=2016-12-06_03:15:10.040><x=0><y=0><width=768><height=1280><id=-1>, android.view.MotionEvent@989791765)
I/org.umd.logging(  854): Method < 1 com.unity3d.player.UnityPlayer.onTouchEvent(true)
E/Cataloger( 5092): syncFile:/storage/emulated/0/2016-12-06_03:15:10.040.jpg
E/Cataloger( 5092): syncFile:/storage/emulated/0/2016-12-06_03:15:10.138.jpg
E/Cataloger( 5092): syncFile:/storage/emulated/0/2016-12-06_03:15:10.174.jpg
W/ResourceType(  854): No known package when getting name for resource number 0xffffffff
I/org.umd.logging(  854): Method > 1183 com.unity3d.player.UnityPlayer.executeGLThreadJobs(com.unity3d.player.UnityPlayer@814445863<file=2016-12-06_03:15:10.138><x=0><y=0><width=768><height=1280><id=-1>)
I/org.umd.logging(  854): Method < 1183 com.unity3d.player.UnityPlayer.executeGLThreadJobs()
E/Cataloger( 5092): syncFile:/storage/emulated/0/2016-12-06_03:15:10.138.jpg
W/ResourceType(  854): No known package when getting name for resource number 0xffffffff
I/org.umd.logging(  854): Method > 1 com.unity3d.player.UnityPlayer.onTouchEvent(com.unity3d.player.UnityPlayer@814445863<file=2016-12-06_03:15:10.174><x=0><y=0><width=768><height=1280><id=-1>, android.view.MotionEvent@989791765)
I/org.umd.logging(  854): Method < 1 com.unity3d.player.UnityPlayer.onTouchEvent(true)
E/Cataloger( 5092): syncFile:/storage/emulated/0/2016-12-06_03:15:10.174.jpg
E/Cataloger( 5092): syncFile:/storage/emulated/0/2016-12-06_03:15:10.270.jpg
I/DownloadManagerWrapper(  985): onReceive() : Charging = true
W/ResourceType(  854): No known package when getting name for resource number 0xffffffff
I/org.umd.logging(  854): Method > 1183 com.unity3d.player.UnityPlayer.executeGLThreadJobs(com.unity3d.player.UnityPlayer@814445863<file=2016-12-06_03:15:10.270><x=0><y=0><width=768><height=1280><id=-1>)
I/org.umd.logging(  854): Method < 1183 com.unity3d.player.UnityPlayer.executeGLThreadJobs()
E/Cataloger( 5092): syncFile:/storage/emulated/0/2016-12-06_03:15:10.270.jpg
E/Cataloger( 5092): syncFile:/storage/emulated/0/2016-12-06_03:15:10.307.jpg
E/Cataloger( 5092): syncFile:/storage/emulated/0/2016-12-06_03:15:10.432.jpg
W/ResourceType(  854): No known package when getting name for resource number 0xffffffff
E/Cataloger( 5092): syncFile:/storage/emulated/0/2016-12-06_03:15:10.307.jpg
I/org.umd.logging(  854): Method > 1 com.unity3d.player.UnityPlayer.onTouchEvent(com.unity3d.player.UnityPlayer@814445863<file=2016-12-06_03:15:10.307><x=0><y=0><width=768><height=1280><id=-1>, android.view.MotionEvent@989791765)
W/ResourceType(  854): No known package when getting name for resource number 0xffffffff
I/org.umd.logging(  854): Method > 1183 com.unity3d.player.UnityPlayer.executeGLThreadJobs(com.unity3d.player.UnityPlayer@814445863<file=2016-12-06_03:15:10.432><x=0><y=0><width=768><height=1280><id=-1>)
I/org.umd.logging(  854): Method < 1183 com.unity3d.player.UnityPlayer.executeGLThreadJobs()
I/org.umd.logging(  854): Method < 1 com.unity3d.player.UnityPlayer.onTouchEvent(true)
I/org.umd.logging(  854): Method > 1 com.cleanmaster.base.crash.util.debug.b.run(com.cleanmaster.base.crash.util.debug.b@1071576509)
I/org.umd.logging(  854): Method < 1 com.cleanmaster.base.crash.util.debug.b.run()
E/Cataloger( 5092): syncFile:/storage/emulated/0/2016-12-06_03:15:10.432.jpg
W/ResourceType(  854): No known package when getting name for resource number 0xffffffff
I/org.umd.logging(  854): Method > 1 com.unity3d.player.UnityPlayer.onTouchEvent(com.unity3d.player.UnityPlayer@814445863<file=><x=0><y=0><width=768><height=1280><id=-1>, android.view.MotionEvent@989791765)
I/org.umd.logging(  854): Method < 1 com.unity3d.player.UnityPlayer.onTouchEvent(true)
E/Cataloger( 5092): syncFile:/storage/emulated/0/2016-12-06_03:15:10.620.jpg
I/org.umd.logging(  854): Method > 1279 com.xsj.crasheye.NativeExceptionHandler$2.run(com.xsj.crasheye.NativeExceptionHandler$2@1071715560)
E/Cataloger( 5092): syncFile:/storage/emulated/0/2016-12-06_03:15:10.674.jpg
W/ResourceType(  854): No known package when getting name for resource number 0xffffffff
I/org.umd.logging(  854): Method > 1183 com.unity3d.player.UnityPlayer.executeGLThreadJobs(com.unity3d.player.UnityPlayer@814445863<file=2016-12-06_03:15:10.620><x=0><y=0><width=768><height=1280><id=-1>)
I/org.umd.logging(  854): Method < 1183 com.unity3d.player.UnityPlayer.executeGLThreadJobs()
E/Cataloger( 5092): syncFile:/storage/emulated/0/2016-12-06_03:15:10.620.jpg
E/Cataloger( 5092): syncFile:/storage/emulated/0/2016-12-06_03:15:10.765.jpg
W/ResourceType(  854): No known package when getting name for resource number 0xffffffff
I/org.umd.logging(  854): Method > 1 com.unity3d.player.UnityPlayer.onTouchEvent(com.unity3d.player.UnityPlayer@814445863<file=2016-12-06_03:15:10.674><x=0><y=0><width=768><height=1280><id=-1>, android.view.MotionEvent@989791765)
E/Cataloger( 5092): syncFile:/storage/emulated/0/2016-12-06_03:15:10.674.jpg
I/org.umd.logging(  854): Method < 1 com.unity3d.player.UnityPlayer.onTouchEvent(true)
E/Cataloger( 5092): syncFile:/storage/emulated/0/2016-12-06_03:15:10.808.jpg
W/ResourceType(  854): No known package when getting name for resource number 0xffffffff
I/org.umd.logging(  854): Method > 1183 com.unity3d.player.UnityPlayer.executeGLThreadJobs(com.unity3d.player.UnityPlayer@814445863<file=2016-12-06_03:15:10.765><x=0><y=0><width=768><height=1280><id=-1>)
I/org.umd.logging(  854): Method < 1183 com.unity3d.player.UnityPlayer.executeGLThreadJobs()
E/Cataloger( 5092): syncFile:/storage/emulated/0/2016-12-06_03:15:10.765.jpg
E/Cataloger( 5092): syncFile:/storage/emulated/0/2016-12-06_03:15:10.895.jpg
W/ResourceType(  854): No known package when getting name for resource number 0xffffffff
I/org.umd.logging(  854): Method > 1 com.unity3d.player.UnityPlayer.onTouchEvent(com.unity3d.player.UnityPlayer@814445863<file=2016-12-06_03:15:10.808><x=0><y=0><width=768><height=1280><id=-1>, android.view.MotionEvent@989791765)
I/org.umd.logging(  854): Method < 1 com.unity3d.player.UnityPlayer.onTouchEvent(true)
E/Cataloger( 5092): syncFile:/storage/emulated/0/2016-12-06_03:15:10.808.jpg
E/Cataloger( 5092): syncFile:/storage/emulated/0/2016-12-06_03:15:10.943.jpg
W/ResourceType(  854): No known package when getting name for resource number 0xffffffff
I/org.umd.logging(  854): Method > 1183 com.unity3d.player.UnityPlayer.executeGLThreadJobs(com.unity3d.player.UnityPlayer@814445863<file=2016-12-06_03:15:10.895><x=0><y=0><width=768><height=1280><id=-1>)
I/org.umd.logging(  854): Method < 1183 com.unity3d.player.UnityPlayer.executeGLThreadJobs()
E/Cataloger( 5092): syncFile:/storage/emulated/0/2016-12-06_03:15:10.895.jpg
E/Cataloger( 5092): syncFile:/storage/emulated/0/2016-12-06_03:15:11.027.jpg
W/ResourceType(  854): No known package when getting name for resource number 0xffffffff
I/org.umd.logging(  854): Method > 1 com.unity3d.player.UnityPlayer.onTouchEvent(com.unity3d.player.UnityPlayer@814445863<file=2016-12-06_03:15:10.943><x=0><y=0><width=768><height=1280><id=-1>, android.view.MotionEvent@989791765)
I/org.umd.logging(  854): Method < 1 com.unity3d.player.UnityPlayer.onTouchEvent(true)
E/Cataloger( 5092): syncFile:/storage/emulated/0/2016-12-06_03:15:10.943.jpg
E/Cataloger( 5092): syncFile:/storage/emulated/0/2016-12-06_03:15:11.076.jpg
W/ResourceType(  854): No known package when getting name for resource number 0xffffffff
I/org.umd.logging(  854): Method > 1183 com.unity3d.player.UnityPlayer.executeGLThreadJobs(com.unity3d.player.UnityPlayer@814445863<file=2016-12-06_03:15:11.027><x=0><y=0><width=768><height=1280><id=-1>)
I/org.umd.logging(  854): Method < 1183 com.unity3d.player.UnityPlayer.executeGLThreadJobs()
E/Cataloger( 5092): syncFile:/storage/emulated/0/2016-12-06_03:15:11.027.jpg
E/Cataloger( 5092): syncFile:/storage/emulated/0/2016-12-06_03:15:11.153.jpg
W/ResourceType(  854): No known package when getting name for resource number 0xffffffff
I/org.umd.logging(  854): Method > 1 com.unity3d.player.UnityPlayer.onTouchEvent(com.unity3d.player.UnityPlayer@814445863<file=2016-12-06_03:15:11.076><x=0><y=0><width=768><height=1280><id=-1>, android.view.MotionEvent@989791765)
E/Cataloger( 5092): syncFile:/storage/emulated/0/2016-12-06_03:15:11.076.jpg
I/org.umd.logging(  854): Method < 1 com.unity3d.player.UnityPlayer.onTouchEvent(true)
W/ResourceType(  854): No known package when getting name for resource number 0xffffffff
I/org.umd.logging(  854): Method > 1183 com.unity3d.player.UnityPlayer.executeGLThreadJobs(com.unity3d.player.UnityPlayer@814445863<file=2016-12-06_03:15:11.153><x=0><y=0><width=768><height=1280><id=-1>)
I/org.umd.logging(  854): Method < 1183 com.unity3d.player.UnityPlayer.executeGLThreadJobs()
E/Cataloger( 5092): syncFile:/storage/emulated/0/2016-12-06_03:15:11.153.jpg
W/ResourceType(  854): No known package when getting name for resource number 0xffffffff
I/org.umd.logging(  854): Method > 1183 com.unity3d.player.UnityPlayer.executeGLThreadJobs(com.unity3d.player.UnityPlayer@814445863<file=><x=0><y=0><width=768><height=1280><id=-1>)
I/org.umd.logging(  854): Method < 1183 com.unity3d.player.UnityPlayer.executeGLThreadJobs()
E/Cataloger( 5092): syncFile:/storage/emulated/0/2016-12-06_03:15:11.358.jpg
E/Cataloger( 5092): syncFile:/storage/emulated/0/2016-12-06_03:15:11.434.jpg
W/ResourceType(  854): No known package when getting name for resource number 0xffffffff
I/org.umd.logging(  854): Method > 1 com.unity3d.player.UnityPlayer.onTouchEvent(com.unity3d.player.UnityPlayer@814445863<file=2016-12-06_03:15:11.358><x=0><y=0><width=768><height=1280><id=-1>, android.view.MotionEvent@1068691415)
I/org.umd.logging(  854): Method < 1 com.unity3d.player.UnityPlayer.onTouchEvent(true)
E/Cataloger( 5092): syncFile:/storage/emulated/0/2016-12-06_03:15:11.358.jpg
E/Cataloger( 5092): syncFile:/storage/emulated/0/2016-12-06_03:15:11.545.jpg
I/org.umd.logging(  854): Method > 1175 com.facebook.a.e$a$1.run(com.facebook.a.e$a$1@883203810)
I/org.umd.logging(  854): Method < 1175 com.facebook.a.e$a$1.run()
W/ResourceType(  854): No known package when getting name for resource number 0xffffffff
I/org.umd.logging(  854): Method > 1183 com.unity3d.player.UnityPlayer.executeGLThreadJobs(com.unity3d.player.UnityPlayer@814445863<file=2016-12-06_03:15:11.434><x=0><y=0><width=768><height=1280><id=-1>)
I/org.umd.logging(  854): Method < 1183 com.unity3d.player.UnityPlayer.executeGLThreadJobs()
E/Cataloger( 5092): syncFile:/storage/emulated/0/2016-12-06_03:15:11.434.jpg
W/ResourceType(  854): No known package when getting name for resource number 0xffffffff
I/org.umd.logging(  854): Method > 1 com.unity3d.player.UnityPlayer.onTouchEvent(com.unity3d.player.UnityPlayer@814445863<file=2016-12-06_03:15:11.545><x=0><y=0><width=768><height=1280><id=-1>, android.view.MotionEvent@1068691415)
I/org.umd.logging(  854): Method < 1 com.unity3d.player.UnityPlayer.onTouchEvent(true)
E/Cataloger( 5092): syncFile:/storage/emulated/0/2016-12-06_03:15:11.636.jpg
E/Cataloger( 5092): syncFile:/storage/emulated/0/2016-12-06_03:15:11.545.jpg
E/Cataloger( 5092): syncFile:/storage/emulated/0/2016-12-06_03:15:11.676.jpg
I/org.umd.logging(  854): Method > 1279 com.xsj.crasheye.NativeExceptionHandler$2.run(com.xsj.crasheye.NativeExceptionHandler$2@1071715560)
W/ResourceType(  854): No known package when getting name for resource number 0xffffffff
I/org.umd.logging(  854): Method > 1183 com.unity3d.player.UnityPlayer.executeGLThreadJobs(com.unity3d.player.UnityPlayer@814445863<file=2016-12-06_03:15:11.636><x=0><y=0><width=768><height=1280><id=-1>)
I/org.umd.logging(  854): Method < 1183 com.unity3d.player.UnityPlayer.executeGLThreadJobs()
E/Cataloger( 5092): syncFile:/storage/emulated/0/2016-12-06_03:15:11.636.jpg
W/ResourceType(  854): No known package when getting name for resource number 0xffffffff
I/org.umd.logging(  854): Method > 1 com.unity3d.player.UnityPlayer.onTouchEvent(com.unity3d.player.UnityPlayer@814445863<file=2016-12-06_03:15:11.676><x=0><y=0><width=768><height=1280><id=-1>, android.view.MotionEvent@1068691415)
E/Cataloger( 5092): syncFile:/storage/emulated/0/2016-12-06_03:15:11.676.jpg
I/org.umd.logging(  854): Method < 1 com.unity3d.player.UnityPlayer.onTouchEvent(true)
E/Cataloger( 5092): syncFile:/storage/emulated/0/2016-12-06_03:15:11.774.jpg
E/Cataloger( 5092): syncFile:/storage/emulated/0/2016-12-06_03:15:11.809.jpg
W/ResourceType(  854): No known package when getting name for resource number 0xffffffff
I/org.umd.logging(  854): Method > 1183 com.unity3d.player.UnityPlayer.executeGLThreadJobs(com.unity3d.player.UnityPlayer@814445863<file=2016-12-06_03:15:11.774><x=0><y=0><width=768><height=1280><id=-1>)
I/org.umd.logging(  854): Method < 1183 com.unity3d.player.UnityPlayer.executeGLThreadJobs()
E/Cataloger( 5092): syncFile:/storage/emulated/0/2016-12-06_03:15:11.774.jpg
E/Cataloger( 5092): syncFile:/storage/emulated/0/2016-12-06_03:15:11.906.jpg
W/ResourceType(  854): No known package when getting name for resource number 0xffffffff
I/org.umd.logging(  854): Method > 1 com.unity3d.player.UnityPlayer.onTouchEvent(com.unity3d.player.UnityPlayer@814445863<file=2016-12-06_03:15:11.809><x=0><y=0><width=768><height=1280><id=-1>, android.view.MotionEvent@1068691415)
I/org.umd.logging(  854): Method < 1 com.unity3d.player.UnityPlayer.onTouchEvent(true)
E/Cataloger( 5092): syncFile:/storage/emulated/0/2016-12-06_03:15:11.809.jpg
W/ResourceType(  854): No known package when getting name for resource number 0xffffffff
I/org.umd.logging(  854): Method > 1183 com.unity3d.player.UnityPlayer.executeGLThreadJobs(com.unity3d.player.UnityPlayer@814445863<file=2016-12-06_03:15:11.906><x=0><y=0><width=768><height=1280><id=-1>)
I/org.umd.logging(  854): Method < 1183 com.unity3d.player.UnityPlayer.executeGLThreadJobs()
E/Cataloger( 5092): syncFile:/storage/emulated/0/2016-12-06_03:15:11.906.jpg
E/Cataloger( 5092): syncFile:/storage/emulated/0/2016-12-06_03:15:12.037.jpg
W/ResourceType(  854): No known package when getting name for resource number 0xffffffff
I/org.umd.logging(  854): Method > 1183 com.unity3d.player.UnityPlayer.executeGLThreadJobs(com.unity3d.player.UnityPlayer@814445863<file=2016-12-06_03:15:12.037><x=0><y=0><width=768><height=1280><id=-1>)
I/org.umd.logging(  854): Method < 1183 com.unity3d.player.UnityPlayer.executeGLThreadJobs()
E/Cataloger( 5092): syncFile:/storage/emulated/0/2016-12-06_03:15:12.037.jpg
E/Cataloger( 5092): syncFile:/storage/emulated/0/2016-12-06_03:15:12.171.jpg
W/ResourceType(  854): No known package when getting name for resource number 0xffffffff
I/org.umd.logging(  854): Method > 1183 com.unity3d.player.UnityPlayer.executeGLThreadJobs(com.unity3d.player.UnityPlayer@814445863<file=2016-12-06_03:15:12.171><x=0><y=0><width=768><height=1280><id=-1>)
I/org.umd.logging(  854): Method < 1183 com.unity3d.player.UnityPlayer.executeGLThreadJobs()
E/Cataloger( 5092): syncFile:/storage/emulated/0/2016-12-06_03:15:12.171.jpg
E/Cataloger( 5092): syncFile:/storage/emulated/0/2016-12-06_03:15:12.337.jpg
W/ResourceType(  854): No known package when getting name for resource number 0xffffffff
I/org.umd.logging(  854): Method > 1183 com.unity3d.player.UnityPlayer.executeGLThreadJobs(com.unity3d.player.UnityPlayer@814445863<file=2016-12-06_03:15:12.337><x=0><y=0><width=768><height=1280><id=-1>)
I/org.umd.logging(  854): Method < 1183 com.unity3d.player.UnityPlayer.executeGLThreadJobs()
E/Cataloger( 5092): syncFile:/storage/emulated/0/2016-12-06_03:15:12.337.jpg
E/Cataloger( 5092): syncFile:/storage/emulated/0/2016-12-06_03:15:12.507.jpg
E/Cataloger( 5092): syncFile:/storage/emulated/0/2016-12-06_03:15:12.529.jpg
W/ResourceType(  854): No known package when getting name for resource number 0xffffffff
I/org.umd.logging(  854): Method > 1 com.unity3d.player.UnityPlayer.onTouchEvent(com.unity3d.player.UnityPlayer@814445863<file=2016-12-06_03:15:12.529><x=0><y=0><width=768><height=1280><id=-1>, android.view.MotionEvent@989791765)
E/Cataloger( 5092): syncFile:/storage/emulated/0/2016-12-06_03:15:12.529.jpg
I/org.umd.logging(  854): Method < 1 com.unity3d.player.UnityPlayer.onTouchEvent(true)
W/ResourceType(  854): No known package when getting name for resource number 0xffffffff
I/org.umd.logging(  854): Method > 1183 com.unity3d.player.UnityPlayer.executeGLThreadJobs(com.unity3d.player.UnityPlayer@814445863<file=2016-12-06_03:15:12.507><x=0><y=0><width=768><height=1280><id=-1>)
I/org.umd.logging(  854): Method < 1183 com.unity3d.player.UnityPlayer.executeGLThreadJobs()
E/Cataloger( 5092): syncFile:/storage/emulated/0/2016-12-06_03:15:12.507.jpg
E/Cataloger( 5092): syncFile:/storage/emulated/0/2016-12-06_03:15:12.643.jpg
E/Cataloger( 5092): syncFile:/storage/emulated/0/2016-12-06_03:15:12.649.jpg
I/org.umd.logging(  854): Method > 1279 com.xsj.crasheye.NativeExceptionHandler$2.run(com.xsj.crasheye.NativeExceptionHandler$2@1071715560)
W/ResourceType(  854): No known package when getting name for resource number 0xffffffff
I/org.umd.logging(  854): Method > 1 com.unity3d.player.UnityPlayer.onTouchEvent(com.unity3d.player.UnityPlayer@814445863<file=2016-12-06_03:15:12.643><x=0><y=0><width=768><height=1280><id=-1>, android.view.MotionEvent@989791765)
E/Cataloger( 5092): syncFile:/storage/emulated/0/2016-12-06_03:15:12.643.jpg
I/org.umd.logging(  854): Method < 1 com.unity3d.player.UnityPlayer.onTouchEvent(true)
W/ResourceType(  854): No known package when getting name for resource number 0xffffffff
I/org.umd.logging(  854): Method > 1183 com.unity3d.player.UnityPlayer.executeGLThreadJobs(com.unity3d.player.UnityPlayer@814445863<file=2016-12-06_03:15:12.649><x=0><y=0><width=768><height=1280><id=-1>)
I/org.umd.logging(  854): Method < 1183 com.unity3d.player.UnityPlayer.executeGLThreadJobs()
E/Cataloger( 5092): syncFile:/storage/emulated/0/2016-12-06_03:15:12.649.jpg
W/ResourceType(  854): No known package when getting name for resource number 0xffffffff
I/org.umd.logging(  854): Method > 1183 com.unity3d.player.UnityPlayer.executeGLThreadJobs(com.unity3d.player.UnityPlayer@814445863<file=><x=0><y=0><width=768><height=1280><id=-1>)
E/Cataloger( 5092): syncFile:/storage/emulated/0/2016-12-06_03:15:12.778.jpg
I/org.umd.logging(  854): Method < 1183 com.unity3d.player.UnityPlayer.executeGLThreadJobs()
E/Cataloger( 5092): syncFile:/storage/emulated/0/2016-12-06_03:15:12.881.jpg
W/ResourceType(  854): No known package when getting name for resource number 0xffffffff
I/org.umd.logging(  854): Method > 1 com.unity3d.player.UnityPlayer.onTouchEvent(com.unity3d.player.UnityPlayer@814445863<file=2016-12-06_03:15:12.778><x=0><y=0><width=768><height=1280><id=-1>, android.view.MotionEvent@1068691415)
I/org.umd.logging(  854): Method < 1 com.unity3d.player.UnityPlayer.onTouchEvent(true)
E/Cataloger( 5092): syncFile:/storage/emulated/0/2016-12-06_03:15:12.778.jpg
E/Cataloger( 5092): syncFile:/storage/emulated/0/2016-12-06_03:15:12.928.jpg
W/ResourceType(  854): No known package when getting name for resource number 0xffffffff
I/org.umd.logging(  854): Method > 1183 com.unity3d.player.UnityPlayer.executeGLThreadJobs(com.unity3d.player.UnityPlayer@814445863<file=2016-12-06_03:15:12.881><x=0><y=0><width=768><height=1280><id=-1>)
I/org.umd.logging(  854): Method < 1183 com.unity3d.player.UnityPlayer.executeGLThreadJobs()
E/Cataloger( 5092): syncFile:/storage/emulated/0/2016-12-06_03:15:12.881.jpg
W/ResourceType(  854): No known package when getting name for resource number 0xffffffff
E/Cataloger( 5092): syncFile:/storage/emulated/0/2016-12-06_03:15:12.928.jpg
I/org.umd.logging(  854): Method > 1 com.unity3d.player.UnityPlayer.onTouchEvent(com.unity3d.player.UnityPlayer@814445863<file=2016-12-06_03:15:12.928><x=0><y=0><width=768><height=1280><id=-1>, android.view.MotionEvent@1068691415)
I/org.umd.logging(  854): Method < 1 com.unity3d.player.UnityPlayer.onTouchEvent(true)
E/Cataloger( 5092): syncFile:/storage/emulated/0/2016-12-06_03:15:13.018.jpg
E/Cataloger( 5092): syncFile:/storage/emulated/0/2016-12-06_03:15:13.060.jpg
W/ResourceType(  854): No known package when getting name for resource number 0xffffffff
I/org.umd.logging(  854): Method > 1183 com.unity3d.player.UnityPlayer.executeGLThreadJobs(com.unity3d.player.UnityPlayer@814445863<file=2016-12-06_03:15:13.018><x=0><y=0><width=768><height=1280><id=-1>)
I/org.umd.logging(  854): Method < 1183 com.unity3d.player.UnityPlayer.executeGLThreadJobs()
E/Cataloger( 5092): syncFile:/storage/emulated/0/2016-12-06_03:15:13.018.jpg
W/ResourceType(  854): No known package when getting name for resource number 0xffffffff
I/org.umd.logging(  854): Method > 1 com.unity3d.player.UnityPlayer.onTouchEvent(com.unity3d.player.UnityPlayer@814445863<file=2016-12-06_03:15:13.060><x=0><y=0><width=768><height=1280><id=-1>, android.view.MotionEvent@1068691415)
E/Cataloger( 5092): syncFile:/storage/emulated/0/2016-12-06_03:15:13.060.jpg
I/org.umd.logging(  854): Method < 1 com.unity3d.player.UnityPlayer.onTouchEvent(true)
E/Cataloger( 5092): syncFile:/storage/emulated/0/2016-12-06_03:15:13.164.jpg
E/Cataloger( 5092): syncFile:/storage/emulated/0/2016-12-06_03:15:13.193.jpg
W/ResourceType(  854): No known package when getting name for resource number 0xffffffff
I/org.umd.logging(  854): Method > 1183 com.unity3d.player.UnityPlayer.executeGLThreadJobs(com.unity3d.player.UnityPlayer@814445863<file=2016-12-06_03:15:13.164><x=0><y=0><width=768><height=1280><id=-1>)
I/org.umd.logging(  854): Method < 1183 com.unity3d.player.UnityPlayer.executeGLThreadJobs()
E/Cataloger( 5092): syncFile:/storage/emulated/0/2016-12-06_03:15:13.164.jpg
W/ResourceType(  854): No known package when getting name for resource number 0xffffffff
I/org.umd.logging(  854): Method > 1 com.unity3d.player.UnityPlayer.onTouchEvent(com.unity3d.player.UnityPlayer@814445863<file=2016-12-06_03:15:13.193><x=0><y=0><width=768><height=1280><id=-1>, android.view.MotionEvent@1068691415)
I/org.umd.logging(  854): Method < 1 com.unity3d.player.UnityPlayer.onTouchEvent(true)
E/Cataloger( 5092): syncFile:/storage/emulated/0/2016-12-06_03:15:13.193.jpg
W/ResourceType(  854): No known package when getting name for resource number 0xffffffff
I/org.umd.logging(  854): Method > 1 com.unity3d.player.UnityPlayer.onTouchEvent(com.unity3d.player.UnityPlayer@814445863<file=><x=0><y=0><width=768><height=1280><id=-1>, android.view.MotionEvent@1068691415)
I/org.umd.logging(  854): Method < 1 com.unity3d.player.UnityPlayer.onTouchEvent(true)
E/Cataloger( 5092): syncFile:/storage/emulated/0/2016-12-06_03:15:13.290.jpg
E/Cataloger( 5092): syncFile:/storage/emulated/0/2016-12-06_03:15:13.343.jpg
W/ResourceType(  854): No known package when getting name for resource number 0xffffffff
I/org.umd.logging(  854): Method > 1183 com.unity3d.player.UnityPlayer.executeGLThreadJobs(com.unity3d.player.UnityPlayer@814445863<file=2016-12-06_03:15:13.290><x=0><y=0><width=768><height=1280><id=-1>)
I/org.umd.logging(  854): Method < 1183 com.unity3d.player.UnityPlayer.executeGLThreadJobs()
E/Cataloger( 5092): syncFile:/storage/emulated/0/2016-12-06_03:15:13.290.jpg
W/ResourceType(  854): No known package when getting name for resource number 0xffffffff
I/org.umd.logging(  854): Method > 1 com.unity3d.player.UnityPlayer.onTouchEvent(com.unity3d.player.UnityPlayer@814445863<file=2016-12-06_03:15:13.343><x=0><y=0><width=768><height=1280><id=-1>, android.view.MotionEvent@1068691415)
E/Cataloger( 5092): syncFile:/storage/emulated/0/2016-12-06_03:15:13.343.jpg
I/org.umd.logging(  854): Method < 1 com.unity3d.player.UnityPlayer.onTouchEvent(true)
E/Cataloger( 5092): syncFile:/storage/emulated/0/2016-12-06_03:15:13.449.jpg
E/Cataloger( 5092): syncFile:/storage/emulated/0/2016-12-06_03:15:13.477.jpg
W/ResourceType(  854): No known package when getting name for resource number 0xffffffff
I/org.umd.logging(  854): Method > 1183 com.unity3d.player.UnityPlayer.executeGLThreadJobs(com.unity3d.player.UnityPlayer@814445863<file=2016-12-06_03:15:13.449><x=0><y=0><width=768><height=1280><id=-1>)
I/org.umd.logging(  854): Method < 1183 com.unity3d.player.UnityPlayer.executeGLThreadJobs()
E/Cataloger( 5092): syncFile:/storage/emulated/0/2016-12-06_03:15:13.449.jpg
W/ResourceType(  854): No known package when getting name for resource number 0xffffffff
I/org.umd.logging(  854): Method > 1 com.unity3d.player.UnityPlayer.onTouchEvent(com.unity3d.player.UnityPlayer@814445863<file=2016-12-06_03:15:13.477><x=0><y=0><width=768><height=1280><id=-1>, android.view.MotionEvent@1068691415)
I/org.umd.logging(  854): Method < 1 com.unity3d.player.UnityPlayer.onTouchEvent(true)
E/Cataloger( 5092): syncFile:/storage/emulated/0/2016-12-06_03:15:13.477.jpg
W/ResourceType(  854): No known package when getting name for resource number 0xffffffff
I/org.umd.logging(  854): Method > 1 com.unity3d.player.UnityPlayer.onTouchEvent(com.unity3d.player.UnityPlayer@814445863<file=><x=0><y=0><width=768><height=1280><id=-1>, android.view.MotionEvent@1068691415)
I/org.umd.logging(  854): Method < 1 com.unity3d.player.UnityPlayer.onTouchEvent(true)
E/Cataloger( 5092): syncFile:/storage/emulated/0/2016-12-06_03:15:13.586.jpg
E/Cataloger( 5092): syncFile:/storage/emulated/0/2016-12-06_03:15:13.678.jpg
W/ResourceType(  854): No known package when getting name for resource number 0xffffffff
I/org.umd.logging(  854): Method > 1183 com.unity3d.player.UnityPlayer.executeGLThreadJobs(com.unity3d.player.UnityPlayer@814445863<file=2016-12-06_03:15:13.586><x=0><y=0><width=768><height=1280><id=-1>)
I/org.umd.logging(  854): Method < 1183 com.unity3d.player.UnityPlayer.executeGLThreadJobs()
E/Cataloger( 5092): syncFile:/storage/emulated/0/2016-12-06_03:15:13.586.jpg
I/org.umd.logging(  854): Method > 1279 com.xsj.crasheye.NativeExceptionHandler$2.run(com.xsj.crasheye.NativeExceptionHandler$2@1071715560)
W/ResourceType(  854): No known package when getting name for resource number 0xffffffff
I/org.umd.logging(  854): Method > 1 com.unity3d.player.UnityPlayer.onTouchEvent(com.unity3d.player.UnityPlayer@814445863<file=2016-12-06_03:15:13.678><x=0><y=0><width=768><height=1280><id=-1>, android.view.MotionEvent@1068691415)
I/org.umd.logging(  854): Method < 1 com.unity3d.player.UnityPlayer.onTouchEvent(true)
E/Cataloger( 5092): syncFile:/storage/emulated/0/2016-12-06_03:15:13.678.jpg
E/Cataloger( 5092): syncFile:/storage/emulated/0/2016-12-06_03:15:13.765.jpg
E/Cataloger( 5092): syncFile:/storage/emulated/0/2016-12-06_03:15:13.813.jpg
W/ResourceType(  854): No known package when getting name for resource number 0xffffffff
I/org.umd.logging(  854): Method > 1183 com.unity3d.player.UnityPlayer.executeGLThreadJobs(com.unity3d.player.UnityPlayer@814445863<file=2016-12-06_03:15:13.765><x=0><y=0><width=768><height=1280><id=-1>)
I/org.umd.logging(  854): Method < 1183 com.unity3d.player.UnityPlayer.executeGLThreadJobs()
E/Cataloger( 5092): syncFile:/storage/emulated/0/2016-12-06_03:15:13.765.jpg
W/ResourceType(  854): No known package when getting name for resource number 0xffffffff
I/org.umd.logging(  854): Method > 1 com.unity3d.player.UnityPlayer.onTouchEvent(com.unity3d.player.UnityPlayer@814445863<file=2016-12-06_03:15:13.813><x=0><y=0><width=768><height=1280><id=-1>, android.view.MotionEvent@1068691415)
E/Cataloger( 5092): syncFile:/storage/emulated/0/2016-12-06_03:15:13.813.jpg
I/org.umd.logging(  854): Method < 1 com.unity3d.player.UnityPlayer.onTouchEvent(true)
E/Cataloger( 5092): syncFile:/storage/emulated/0/2016-12-06_03:15:13.915.jpg
E/Cataloger( 5092): syncFile:/storage/emulated/0/2016-12-06_03:15:13.944.jpg
W/ResourceType(  854): No known package when getting name for resource number 0xffffffff
I/org.umd.logging(  854): Method > 1183 com.unity3d.player.UnityPlayer.executeGLThreadJobs(com.unity3d.player.UnityPlayer@814445863<file=2016-12-06_03:15:13.915><x=0><y=0><width=768><height=1280><id=-1>)
I/org.umd.logging(  854): Method < 1183 com.unity3d.player.UnityPlayer.executeGLThreadJobs()
E/Cataloger( 5092): syncFile:/storage/emulated/0/2016-12-06_03:15:13.915.jpg
W/ResourceType(  854): No known package when getting name for resource number 0xffffffff
I/org.umd.logging(  854): Method > 1 com.unity3d.player.UnityPlayer.onTouchEvent(com.unity3d.player.UnityPlayer@814445863<file=2016-12-06_03:15:13.944><x=0><y=0><width=768><height=1280><id=-1>, android.view.MotionEvent@1068691415)
E/Cataloger( 5092): syncFile:/storage/emulated/0/2016-12-06_03:15:13.944.jpg
I/org.umd.logging(  854): Method < 1 com.unity3d.player.UnityPlayer.onTouchEvent(true)
E/Cataloger( 5092): syncFile:/storage/emulated/0/2016-12-06_03:15:14.053.jpg
E/Cataloger( 5092): syncFile:/storage/emulated/0/2016-12-06_03:15:14.078.jpg
W/ResourceType(  854): No known package when getting name for resource number 0xffffffff
I/org.umd.logging(  854): Method > 1183 com.unity3d.player.UnityPlayer.executeGLThreadJobs(com.unity3d.player.UnityPlayer@814445863<file=2016-12-06_03:15:14.053><x=0><y=0><width=768><height=1280><id=-1>)
I/org.umd.logging(  854): Method < 1183 com.unity3d.player.UnityPlayer.executeGLThreadJobs()
E/Cataloger( 5092): syncFile:/storage/emulated/0/2016-12-06_03:15:14.053.jpg
W/ResourceType(  854): No known package when getting name for resource number 0xffffffff
E/Cataloger( 5092): syncFile:/storage/emulated/0/2016-12-06_03:15:14.078.jpg
I/org.umd.logging(  854): Method > 1 com.unity3d.player.UnityPlayer.onTouchEvent(com.unity3d.player.UnityPlayer@814445863<file=2016-12-06_03:15:14.078><x=0><y=0><width=768><height=1280><id=-1>, android.view.MotionEvent@1068691415)
I/org.umd.logging(  854): Method < 1 com.unity3d.player.UnityPlayer.onTouchEvent(true)
W/ResourceType(  854): No known package when getting name for resource number 0xffffffff
I/org.umd.logging(  854): Method > 1 com.unity3d.player.UnityPlayer.onTouchEvent(com.unity3d.player.UnityPlayer@814445863<file=><x=0><y=0><width=768><height=1280><id=-1>, android.view.MotionEvent@1068691415)
I/org.umd.logging(  854): Method < 1 com.unity3d.player.UnityPlayer.onTouchEvent(true)
E/Cataloger( 5092): syncFile:/storage/emulated/0/2016-12-06_03:15:14.184.jpg
E/Cataloger( 5092): syncFile:/storage/emulated/0/2016-12-06_03:15:14.228.jpg
D/ThermalDaemon(  194): Sensor 'tsens_tz_sensor10' - alarm raised 1 at 61.0 degC
D/ThermalDaemon(  194): Sensor 'tsens_tz_sensor7' - alarm raised 1 at 61.0 degC
W/ResourceType(  854): No known package when getting name for resource number 0xffffffff
I/org.umd.logging(  854): Method > 1183 com.unity3d.player.UnityPlayer.executeGLThreadJobs(com.unity3d.player.UnityPlayer@814445863<file=2016-12-06_03:15:14.184><x=0><y=0><width=768><height=1280><id=-1>)
I/org.umd.logging(  854): Method < 1183 com.unity3d.player.UnityPlayer.executeGLThreadJobs()
E/Cataloger( 5092): syncFile:/storage/emulated/0/2016-12-06_03:15:14.184.jpg
E/Cataloger( 5092): syncFile:/storage/emulated/0/2016-12-06_03:15:14.326.jpg
W/ResourceType(  854): No known package when getting name for resource number 0xffffffff
E/Cataloger( 5092): syncFile:/storage/emulated/0/2016-12-06_03:15:14.228.jpg
I/org.umd.logging(  854): Method > 1 com.unity3d.player.UnityPlayer.onTouchEvent(com.unity3d.player.UnityPlayer@814445863<file=2016-12-06_03:15:14.228><x=0><y=0><width=768><height=1280><id=-1>, android.view.MotionEvent@1068691415)
I/org.umd.logging(  854): Method < 1 com.unity3d.player.UnityPlayer.onTouchEvent(true)
E/Cataloger( 5092): syncFile:/storage/emulated/0/2016-12-06_03:15:14.364.jpg
W/ResourceType(  854): No known package when getting name for resource number 0xffffffff
I/org.umd.logging(  854): Method > 1183 com.unity3d.player.UnityPlayer.executeGLThreadJobs(com.unity3d.player.UnityPlayer@814445863<file=2016-12-06_03:15:14.326><x=0><y=0><width=768><height=1280><id=-1>)
I/org.umd.logging(  854): Method < 1183 com.unity3d.player.UnityPlayer.executeGLThreadJobs()
E/Cataloger( 5092): syncFile:/storage/emulated/0/2016-12-06_03:15:14.326.jpg
W/ResourceType(  854): No known package when getting name for resource number 0xffffffff
I/org.umd.logging(  854): Method > 1 com.unity3d.player.UnityPlayer.onTouchEvent(com.unity3d.player.UnityPlayer@814445863<file=2016-12-06_03:15:14.364><x=0><y=0><width=768><height=1280><id=-1>, android.view.MotionEvent@1068691415)
I/org.umd.logging(  854): Method < 1 com.unity3d.player.UnityPlayer.onTouchEvent(true)
E/Cataloger( 5092): syncFile:/storage/emulated/0/2016-12-06_03:15:14.364.jpg
E/Cataloger( 5092): syncFile:/storage/emulated/0/2016-12-06_03:15:14.469.jpg
W/ResourceType(  854): No known package when getting name for resource number 0xffffffff
I/org.umd.logging(  854): Method > 1 com.unity3d.player.UnityPlayer.onTouchEvent(com.unity3d.player.UnityPlayer@814445863<file=><x=0><y=0><width=768><height=1280><id=-1>, android.view.MotionEvent@1068691415)
I/org.umd.logging(  854): Method < 1 com.unity3d.player.UnityPlayer.onTouchEvent(true)
W/ResourceType(  854): No known package when getting name for resource number 0xffffffff
I/org.umd.logging(  854): Method > 1183 com.unity3d.player.UnityPlayer.executeGLThreadJobs(com.unity3d.player.UnityPlayer@814445863<file=2016-12-06_03:15:14.469><x=0><y=0><width=768><height=1280><id=-1>)
I/org.umd.logging(  854): Method < 1183 com.unity3d.player.UnityPlayer.executeGLThreadJobs()
E/Cataloger( 5092): syncFile:/storage/emulated/0/2016-12-06_03:15:14.469.jpg
E/Cataloger( 5092): syncFile:/storage/emulated/0/2016-12-06_03:15:14.622.jpg
W/ResourceType(  854): No known package when getting name for resource number 0xffffffff
I/org.umd.logging(  854): Method > 1183 com.unity3d.player.UnityPlayer.executeGLThreadJobs(com.unity3d.player.UnityPlayer@814445863<file=2016-12-06_03:15:14.622><x=0><y=0><width=768><height=1280><id=-1>)
I/org.umd.logging(  854): Method < 1183 com.unity3d.player.UnityPlayer.executeGLThreadJobs()
E/Cataloger( 5092): syncFile:/storage/emulated/0/2016-12-06_03:15:14.622.jpg
E/Cataloger( 5092): syncFile:/storage/emulated/0/2016-12-06_03:15:14.782.jpg
I/org.umd.logging(  854): Method > 1279 com.xsj.crasheye.NativeExceptionHandler$2.run(com.xsj.crasheye.NativeExceptionHandler$2@1071715560)
W/ResourceType(  854): No known package when getting name for resource number 0xffffffff
I/org.umd.logging(  854): Method > 1183 com.unity3d.player.UnityPlayer.executeGLThreadJobs(com.unity3d.player.UnityPlayer@814445863<file=2016-12-06_03:15:14.782><x=0><y=0><width=768><height=1280><id=-1>)
I/org.umd.logging(  854): Method < 1183 com.unity3d.player.UnityPlayer.executeGLThreadJobs()
E/Cataloger( 5092): syncFile:/storage/emulated/0/2016-12-06_03:15:14.782.jpg
E/Cataloger( 5092): syncFile:/storage/emulated/0/2016-12-06_03:15:14.935.jpg
W/ResourceType(  854): No known package when getting name for resource number 0xffffffff
I/org.umd.logging(  854): Method > 1183 com.unity3d.player.UnityPlayer.executeGLThreadJobs(com.unity3d.player.UnityPlayer@814445863<file=2016-12-06_03:15:14.935><x=0><y=0><width=768><height=1280><id=-1>)
E/Cataloger( 5092): syncFile:/storage/emulated/0/2016-12-06_03:15:14.935.jpg
I/org.umd.logging(  854): Method < 1183 com.unity3d.player.UnityPlayer.executeGLThreadJobs()
E/Cataloger( 5092): syncFile:/storage/emulated/0/2016-12-06_03:15:15.095.jpg
W/ResourceType(  854): No known package when getting name for resource number 0xffffffff
I/org.umd.logging(  854): Method > 1183 com.unity3d.player.UnityPlayer.executeGLThreadJobs(com.unity3d.player.UnityPlayer@814445863<file=2016-12-06_03:15:15.095><x=0><y=0><width=768><height=1280><id=-1>)
I/org.umd.logging(  854): Method < 1183 com.unity3d.player.UnityPlayer.executeGLThreadJobs()
E/Cataloger( 5092): syncFile:/storage/emulated/0/2016-12-06_03:15:15.095.jpg
E/Cataloger( 5092): syncFile:/storage/emulated/0/2016-12-06_03:15:15.325.jpg
W/ResourceType(  854): No known package when getting name for resource number 0xffffffff
I/org.umd.logging(  854): Method > 1183 com.unity3d.player.UnityPlayer.executeGLThreadJobs(com.unity3d.player.UnityPlayer@814445863<file=2016-12-06_03:15:15.325><x=0><y=0><width=768><height=1280><id=-1>)
I/org.umd.logging(  854): Method < 1183 com.unity3d.player.UnityPlayer.executeGLThreadJobs()
E/Cataloger( 5092): syncFile:/storage/emulated/0/2016-12-06_03:15:15.325.jpg
E/Cataloger( 5092): syncFile:/storage/emulated/0/2016-12-06_03:15:15.530.jpg
W/ResourceType(  854): No known package when getting name for resource number 0xffffffff
I/org.umd.logging(  854): Method > 1183 com.unity3d.player.UnityPlayer.executeGLThreadJobs(com.unity3d.player.UnityPlayer@814445863<file=2016-12-06_03:15:15.530><x=0><y=0><width=768><height=1280><id=-1>)
I/org.umd.logging(  854): Method < 1183 com.unity3d.player.UnityPlayer.executeGLThreadJobs()
E/Cataloger( 5092): syncFile:/storage/emulated/0/2016-12-06_03:15:15.530.jpg
E/Cataloger( 5092): syncFile:/storage/emulated/0/2016-12-06_03:15:15.698.jpg
W/ResourceType(  854): No known package when getting name for resource number 0xffffffff
I/org.umd.logging(  854): Method > 1183 com.unity3d.player.UnityPlayer.executeGLThreadJobs(com.unity3d.player.UnityPlayer@814445863<file=2016-12-06_03:15:15.698><x=0><y=0><width=768><height=1280><id=-1>)
I/org.umd.logging(  854): Method < 1183 com.unity3d.player.UnityPlayer.executeGLThreadJobs()
E/Cataloger( 5092): syncFile:/storage/emulated/0/2016-12-06_03:15:15.698.jpg
I/org.umd.logging(  854): Method > 1279 com.xsj.crasheye.NativeExceptionHandler$2.run(com.xsj.crasheye.NativeExceptionHandler$2@1071715560)
E/Cataloger( 5092): syncFile:/storage/emulated/0/2016-12-06_03:15:15.834.jpg
W/ResourceType(  854): No known package when getting name for resource number 0xffffffff
I/org.umd.logging(  854): Method > 1183 com.unity3d.player.UnityPlayer.executeGLThreadJobs(com.unity3d.player.UnityPlayer@814445863<file=2016-12-06_03:15:15.834><x=0><y=0><width=768><height=1280><id=-1>)
I/org.umd.logging(  854): Method < 1183 com.unity3d.player.UnityPlayer.executeGLThreadJobs()
E/Cataloger( 5092): syncFile:/storage/emulated/0/2016-12-06_03:15:15.834.jpg
E/Cataloger( 5092): syncFile:/storage/emulated/0/2016-12-06_03:15:15.974.jpg
W/ResourceType(  854): No known package when getting name for resource number 0xffffffff
I/org.umd.logging(  854): Method > 1183 com.unity3d.player.UnityPlayer.executeGLThreadJobs(com.unity3d.player.UnityPlayer@814445863<file=2016-12-06_03:15:15.974><x=0><y=0><width=768><height=1280><id=-1>)
I/org.umd.logging(  854): Method < 1183 com.unity3d.player.UnityPlayer.executeGLThreadJobs()
E/Cataloger( 5092): syncFile:/storage/emulated/0/2016-12-06_03:15:15.974.jpg
E/Cataloger( 5092): syncFile:/storage/emulated/0/2016-12-06_03:15:16.121.jpg
W/ResourceType(  854): No known package when getting name for resource number 0xffffffff
I/org.umd.logging(  854): Method > 1183 com.unity3d.player.UnityPlayer.executeGLThreadJobs(com.unity3d.player.UnityPlayer@814445863<file=2016-12-06_03:15:16.121><x=0><y=0><width=768><height=1280><id=-1>)
I/org.umd.logging(  854): Method < 1183 com.unity3d.player.UnityPlayer.executeGLThreadJobs()
E/Cataloger( 5092): syncFile:/storage/emulated/0/2016-12-06_03:15:16.121.jpg
E/Cataloger( 5092): syncFile:/storage/emulated/0/2016-12-06_03:15:16.268.jpg
W/ResourceType(  854): No known package when getting name for resource number 0xffffffff
I/org.umd.logging(  854): Method > 1183 com.unity3d.player.UnityPlayer.executeGLThreadJobs(com.unity3d.player.UnityPlayer@814445863<file=2016-12-06_03:15:16.268><x=0><y=0><width=768><height=1280><id=-1>)
I/org.umd.logging(  854): Method < 1183 com.unity3d.player.UnityPlayer.executeGLThreadJobs()
E/Cataloger( 5092): syncFile:/storage/emulated/0/2016-12-06_03:15:16.268.jpg
E/Cataloger( 5092): syncFile:/storage/emulated/0/2016-12-06_03:15:16.395.jpg
W/ResourceType(  854): No known package when getting name for resource number 0xffffffff
I/org.umd.logging(  854): Method > 1183 com.unity3d.player.UnityPlayer.executeGLThreadJobs(com.unity3d.player.UnityPlayer@814445863<file=2016-12-06_03:15:16.395><x=0><y=0><width=768><height=1280><id=-1>)
I/org.umd.logging(  854): Method < 1183 com.unity3d.player.UnityPlayer.executeGLThreadJobs()
E/Cataloger( 5092): syncFile:/storage/emulated/0/2016-12-06_03:15:16.395.jpg
I/org.umd.logging(  854): Api > 1183 android.net.ConnectivityManager.getActiveNetworkInfo(android.net.ConnectivityManager@406545147)
I/org.umd.logging(  854): Api < 1183 android.net.ConnectivityManager.getActiveNetworkInfo(android.net.NetworkInfo@644679032)
E/Cataloger( 5092): syncFile:/storage/emulated/0/2016-12-06_03:15:16.560.jpg
W/ResourceType(  854): No known package when getting name for resource number 0xffffffff
I/org.umd.logging(  854): Method > 1183 com.unity3d.player.UnityPlayer.executeGLThreadJobs(com.unity3d.player.UnityPlayer@814445863<file=2016-12-06_03:15:16.560><x=0><y=0><width=768><height=1280><id=-1>)
I/org.umd.logging(  854): Method < 1183 com.unity3d.player.UnityPlayer.executeGLThreadJobs()
E/Cataloger( 5092): syncFile:/storage/emulated/0/2016-12-06_03:15:16.560.jpg
E/Cataloger( 5092): syncFile:/storage/emulated/0/2016-12-06_03:15:16.700.jpg
W/ResourceType(  854): No known package when getting name for resource number 0xffffffff
I/org.umd.logging(  854): Method > 1183 com.unity3d.player.UnityPlayer.executeGLThreadJobs(com.unity3d.player.UnityPlayer@814445863<file=2016-12-06_03:15:16.700><x=0><y=0><width=768><height=1280><id=-1>)
I/org.umd.logging(  854): Method < 1183 com.unity3d.player.UnityPlayer.executeGLThreadJobs()
E/Cataloger( 5092): syncFile:/storage/emulated/0/2016-12-06_03:15:16.700.jpg
E/Cataloger( 5092): syncFile:/storage/emulated/0/2016-12-06_03:15:16.842.jpg
E/WifiStateMachine(  591): WifiStateMachine CMD_START_SCAN source -2 txSuccessRate=10.77 rxSuccessRate=7.16 targetRoamBSSID=b4:e9:b0:e5:06:d0 RSSI=-46
I/org.umd.logging(  854): Method > 1279 com.xsj.crasheye.NativeExceptionHandler$2.run(com.xsj.crasheye.NativeExceptionHandler$2@1071715560)
W/ResourceType(  854): No known package when getting name for resource number 0xffffffff
I/org.umd.logging(  854): Method > 1183 com.unity3d.player.UnityPlayer.executeGLThreadJobs(com.unity3d.player.UnityPlayer@814445863<file=2016-12-06_03:15:16.842><x=0><y=0><width=768><height=1280><id=-1>)
I/org.umd.logging(  854): Method < 1183 com.unity3d.player.UnityPlayer.executeGLThreadJobs()
E/Cataloger( 5092): syncFile:/storage/emulated/0/2016-12-06_03:15:16.842.jpg
E/Cataloger( 5092): syncFile:/storage/emulated/0/2016-12-06_03:15:16.972.jpg
W/ResourceType(  854): No known package when getting name for resource number 0xffffffff
I/org.umd.logging(  854): Method > 1183 com.unity3d.player.UnityPlayer.executeGLThreadJobs(com.unity3d.player.UnityPlayer@814445863<file=2016-12-06_03:15:16.972><x=0><y=0><width=768><height=1280><id=-1>)
I/org.umd.logging(  854): Method < 1183 com.unity3d.player.UnityPlayer.executeGLThreadJobs()
E/Cataloger( 5092): syncFile:/storage/emulated/0/2016-12-06_03:15:16.972.jpg
E/Cataloger( 5092): syncFile:/storage/emulated/0/2016-12-06_03:15:17.100.jpg
W/ResourceType(  854): No known package when getting name for resource number 0xffffffff
I/org.umd.logging(  854): Method > 1183 com.unity3d.player.UnityPlayer.executeGLThreadJobs(com.unity3d.player.UnityPlayer@814445863<file=2016-12-06_03:15:17.100><x=0><y=0><width=768><height=1280><id=-1>)
I/org.umd.logging(  854): Method < 1183 com.unity3d.player.UnityPlayer.executeGLThreadJobs()
E/Cataloger( 5092): syncFile:/storage/emulated/0/2016-12-06_03:15:17.100.jpg
E/Cataloger( 5092): syncFile:/storage/emulated/0/2016-12-06_03:15:17.226.jpg
W/ResourceType(  854): No known package when getting name for resource number 0xffffffff
I/org.umd.logging(  854): Method > 1183 com.unity3d.player.UnityPlayer.executeGLThreadJobs(com.unity3d.player.UnityPlayer@814445863<file=2016-12-06_03:15:17.226><x=0><y=0><width=768><height=1280><id=-1>)
I/org.umd.logging(  854): Method < 1183 com.unity3d.player.UnityPlayer.executeGLThreadJobs()
E/Cataloger( 5092): syncFile:/storage/emulated/0/2016-12-06_03:15:17.226.jpg
E/Cataloger( 5092): syncFile:/storage/emulated/0/2016-12-06_03:15:17.365.jpg
W/ResourceType(  854): No known package when getting name for resource number 0xffffffff
I/org.umd.logging(  854): Method > 1183 com.unity3d.player.UnityPlayer.executeGLThreadJobs(com.unity3d.player.UnityPlayer@814445863<file=2016-12-06_03:15:17.365><x=0><y=0><width=768><height=1280><id=-1>)
I/org.umd.logging(  854): Method < 1183 com.unity3d.player.UnityPlayer.executeGLThreadJobs()
E/Cataloger( 5092): syncFile:/storage/emulated/0/2016-12-06_03:15:17.365.jpg
E/Cataloger( 5092): syncFile:/storage/emulated/0/2016-12-06_03:15:17.542.jpg
W/ResourceType(  854): No known package when getting name for resource number 0xffffffff
I/org.umd.logging(  854): Method > 1183 com.unity3d.player.UnityPlayer.executeGLThreadJobs(com.unity3d.player.UnityPlayer@814445863<file=2016-12-06_03:15:17.542><x=0><y=0><width=768><height=1280><id=-1>)
E/Cataloger( 5092): syncFile:/storage/emulated/0/2016-12-06_03:15:17.542.jpg
I/org.umd.logging(  854): Method < 1183 com.unity3d.player.UnityPlayer.executeGLThreadJobs()
E/Cataloger( 5092): syncFile:/storage/emulated/0/2016-12-06_03:15:17.736.jpg
W/ResourceType(  854): No known package when getting name for resource number 0xffffffff
I/org.umd.logging(  854): Method > 1183 com.unity3d.player.UnityPlayer.executeGLThreadJobs(com.unity3d.player.UnityPlayer@814445863<file=2016-12-06_03:15:17.736><x=0><y=0><width=768><height=1280><id=-1>)
I/org.umd.logging(  854): Method < 1183 com.unity3d.player.UnityPlayer.executeGLThreadJobs()
E/Cataloger( 5092): syncFile:/storage/emulated/0/2016-12-06_03:15:17.736.jpg
