I/org.umd.logging( 9877): Method > 2127 com.tapsense.android.publisher.TapSenseAdsUtils$AdvertisingIdTask.doInBackground(com.tapsense.android.publisher.TapSenseAdsUtils$AdvertisingIdTask@677992549<atask=true>, [Landroid.content.Context;@306115005)
I/org.umd.logging( 9877): Method > 1 com.mobilityware.solitaire.AnimationManager$1.run(com.mobilityware.solitaire.AnimationManager$1@129401168)
I/org.umd.logging( 9877): Method < 1 com.mobilityware.solitaire.AnimationManager$1.run()
I/org.umd.logging( 9877): Method < 2122 com.vungle.publisher.env.AdvertisingDeviceIdStrategy$FetchAdvertisingPreferencesRunnable.run()
I/org.umd.logging( 9877): Method < 2122 com.vungle.publisher.async.ScheduledPriorityExecutor$a$a.run()
I/org.umd.logging( 9877): Method > 1 com.greystripe.sdk.core.AdModel$RetrieveGooglePlayServiceTask.onPostExecute(com.greystripe.sdk.core.AdModel$RetrieveGooglePlayServiceTask@277418897<atask=true>, true)
I/org.umd.logging( 9877): Method < 1 com.greystripe.sdk.core.AdModel$RetrieveGooglePlayServiceTask.onPostExecute()
I/org.umd.logging( 9877): Method < 2127 com.tapsense.android.publisher.TapSenseAdsUtils$AdvertisingIdTask.doInBackground(null)
I/org.umd.logging( 9877): Method > 2129 com.facebook.ads.internal.AdRequest$1.doInBackground(com.facebook.ads.internal.AdRequest$1@770515747<atask=true>, [Ljava.lang.Void;@273997440)
I/org.umd.logging( 9877): Method > 2129 com.facebook.ads.internal.AdRequest.executeConnectionAndWait(com.facebook.ads.internal.AdRequest@503625095)
I/org.umd.logging( 9877): Api > 2129 java.net.URL.openConnection(java.net.URL@653126841<URL=https://graph.facebook.com/network_ads>)
I/org.umd.logging( 9877): Api < 2129 java.net.URL.openConnection(com.android.okhttp.internal.http.HttpsURLConnectionImpl@562321662)
I/org.umd.logging( 9877): Api > 2129 android.content.ContentResolver.query(android.app.ContextImpl$ApplicationContentResolver@1056414581, android.net.Uri$StringUri@843646730<URI=content://com.facebook.katana.provider.AttributionIdProvider>, [Ljava.lang.String;@95648241, null, null, null)
E/ActivityThread( 9877): Failed to find provider info for com.facebook.katana.provider.AttributionIdProvider
I/org.umd.logging( 9877): Api < 2129 android.content.ContentResolver.query(null)
I/org.umd.logging( 9877): Method > 1 com.mobilityware.solitaire.AnimationManager$1.run(com.mobilityware.solitaire.AnimationManager$1@129401168)
I/org.umd.logging( 9877): Method < 1 com.mobilityware.solitaire.AnimationManager$1.run()
I/org.umd.logging( 9877): Method > 1 com.greystripe.sdk.core.AdWebView$1.run(com.greystripe.sdk.core.AdWebView$1@777393239)
I/cr_Ime  ( 9877): ImeThread is enabled.
I/org.umd.logging( 9877): Method < 1 com.greystripe.sdk.core.AdWebView$1.run()
W/cr_BindingManager( 9877): Cannot call determinedVisibility() - never saw a connection for the pid: 9877
I/org.umd.logging( 9877): Method > 1 com.mobilityware.solitaire.AnimationManager$1.run(com.mobilityware.solitaire.AnimationManager$1@129401168)
I/org.umd.logging( 9877): Method < 1 com.mobilityware.solitaire.AnimationManager$1.run()
E/chromium( 9877): [ERROR:interface_registry.cc(99)] Failed to locate a binder for interface: autofill::mojom::AutofillDriver
I/org.umd.logging( 9877): Method > 1 com.mobilityware.solitaire.AnimationManager$1.run(com.mobilityware.solitaire.AnimationManager$1@129401168)
I/org.umd.logging( 9877): Method < 1 com.mobilityware.solitaire.AnimationManager$1.run()
I/org.umd.logging( 9877): Method > 1 com.mobilityware.solitaire.AnimationManager$1.run(com.mobilityware.solitaire.AnimationManager$1@129401168)
I/org.umd.logging( 9877): Method < 1 com.mobilityware.solitaire.AnimationManager$1.run()
I/org.umd.logging( 9877): Method > 1 com.mobilityware.solitaire.AnimationManager$1.run(com.mobilityware.solitaire.AnimationManager$1@129401168)
I/org.umd.logging( 9877): Method < 1 com.mobilityware.solitaire.AnimationManager$1.run()
I/org.umd.logging( 9877): Api > 2129 java.net.HttpURLConnection.connect(com.android.okhttp.internal.http.HttpsURLConnectionImpl@562321662)
I/org.umd.logging( 9877): Api < 2129 java.net.HttpURLConnection.connect()
W/cr_BindingManager( 9877): Cannot call determinedVisibility() - never saw a connection for the pid: 9877
I/chromium( 9877): [INFO:CONSOLE(3)] "The value "device-width;" for key "width" is invalid, and has been ignored.", source: http://adsx.greystripe.com/openx/www/delivery/ia.php?z=1481667323666&s=fs&source=saveimage%20port%20wifi%20Android-5.1.1%20asdk-2.4.2%20land&guid=28c67532-a45d-4129-a14f-96cf44bc81e3&screen_size=768x1184&gaid=229d4aea-d76e-47c3-ad88-1eafdf3529f0&res=2.0&lang=en (3)
I/chromium( 9877): [INFO:CONSOLE(3)] "The value "1.0;" for key "initial-scale" was truncated to its numeric prefix.", source: http://adsx.greystripe.com/openx/www/delivery/ia.php?z=1481667323666&s=fs&source=saveimage%20port%20wifi%20Android-5.1.1%20asdk-2.4.2%20land&guid=28c67532-a45d-4129-a14f-96cf44bc81e3&screen_size=768x1184&gaid=229d4aea-d76e-47c3-ad88-1eafdf3529f0&res=2.0&lang=en (3)
I/chromium( 9877): [INFO:CONSOLE(3)] "The value "1.0;" for key "maximum-scale" was truncated to its numeric prefix.", source: http://adsx.greystripe.com/openx/www/delivery/ia.php?z=1481667323666&s=fs&source=saveimage%20port%20wifi%20Android-5.1.1%20asdk-2.4.2%20land&guid=28c67532-a45d-4129-a14f-96cf44bc81e3&screen_size=768x1184&gaid=229d4aea-d76e-47c3-ad88-1eafdf3529f0&res=2.0&lang=en (3)
I/chromium( 9877): [INFO:CONSOLE(3)] "The value "0;" for key "user-scalable" was truncated to its numeric prefix.", source: http://adsx.greystripe.com/openx/www/delivery/ia.php?z=1481667323666&s=fs&source=saveimage%20port%20wifi%20Android-5.1.1%20asdk-2.4.2%20land&guid=28c67532-a45d-4129-a14f-96cf44bc81e3&screen_size=768x1184&gaid=229d4aea-d76e-47c3-ad88-1eafdf3529f0&res=2.0&lang=en (3)
I/chromium( 9877): [INFO:CONSOLE(3)] "Error parsing a meta element's content: ';' is not a valid key-value pair separator. Please use ',' instead.", source: http://adsx.greystripe.com/openx/www/delivery/ia.php?z=1481667323666&s=fs&source=saveimage%20port%20wifi%20Android-5.1.1%20asdk-2.4.2%20land&guid=28c67532-a45d-4129-a14f-96cf44bc81e3&screen_size=768x1184&gaid=229d4aea-d76e-47c3-ad88-1eafdf3529f0&res=2.0&lang=en (3)
I/org.umd.logging( 9877): Method < 2129 com.facebook.ads.internal.AdRequest.executeConnectionAndWait(com.facebook.ads.internal.AdRequest$AdRequestResponse@827062635)
I/org.umd.logging( 9877): Method < 2129 com.facebook.ads.internal.AdRequest$1.doInBackground(com.facebook.ads.internal.AdRequest$AdRequestResponse@827062635)
I/org.umd.logging( 9877): Method > 1 com.facebook.ads.internal.AdRequest$1.onPostExecute(com.facebook.ads.internal.AdRequest$1@770515747<atask=true>, com.facebook.ads.internal.AdRequest$AdRequestResponse@827062635)
I/org.umd.logging( 9877): Method < 1 com.facebook.ads.internal.AdRequest$1.onPostExecute()
E/chromium( 9877): [ERROR:interface_registry.cc(99)] Failed to locate a binder for interface: autofill::mojom::AutofillDriver
I/org.umd.logging( 9877): Method > 1 com.greystripe.sdk.core.AdWebView$1.run(com.greystripe.sdk.core.AdWebView$1@734380385)
I/org.umd.logging( 9877): Method < 1 com.greystripe.sdk.core.AdWebView$1.run()
E/WifiStateMachine(  594): WifiStateMachine CMD_START_SCAN source -2 txSuccessRate=4.97 rxSuccessRate=3.60 targetRoamBSSID=any RSSI=-44
E/WifiStateMachine(  594): WifiStateMachine L2Connected CMD_START_SCAN source -2 5314, 5315 -> obsolete
I/org.umd.logging( 9877): Method > 1 com.greystripe.sdk.core.AdModel$2.run(com.greystripe.sdk.core.AdModel$2@531546439)
I/org.umd.logging( 9877): Method < 1 com.greystripe.sdk.core.AdModel$2.run()
I/org.umd.logging( 9877): Method > 1 com.greystripe.sdk.core.AdModel$3.run(com.greystripe.sdk.core.AdModel$3@263983773)
I/org.umd.logging( 9877): Method < 1 com.greystripe.sdk.core.AdModel$3.run()
I/org.umd.logging( 9877): Method > 1 com.mobilityware.solitaire.MWView$4.run(com.mobilityware.solitaire.MWView$4@882586314)
I/org.umd.logging( 9877): Method < 1 com.mobilityware.solitaire.MWView$4.run()
I/org.umd.logging( 9877): Method > 1 com.mobilityware.advertising.AdControl$4.run(com.mobilityware.advertising.AdControl$4@747383523)
W/ResourcesManager( 9877): Asset path '/system/framework/com.android.media.remotedisplay.jar' does not exist or contains no resources.
W/ResourcesManager( 9877): Asset path '/system/framework/com.android.location.provider.jar' does not exist or contains no resources.
D/DynamitePackage( 9877): Instantiated singleton DynamitePackage.
D/DynamitePackage( 9877): Instantiating com.google.android.gms.ads.ChimeraAdManagerCreatorImpl
I/DynamiteModule( 9877): Considering local module com.google.android.gms.piccard.dynamite:0 and remote module com.google.android.gms.piccard.dynamite:9
I/DynamiteModule( 9877): Selected remote version of com.google.android.gms.piccard.dynamite, version >= 9
E/DynamiteModule( 9877): Failed to load DynamiteLoader: java.lang.ClassNotFoundException: Didn't find class "com.google.android.gms.dynamite.DynamiteModule$DynamiteLoaderClassLoader" on path: DexPathList[[zip file "/data/app/com.mobilityware.solitaire-1/base.apk"],nativeLibraryDirectories=[/vendor/lib, /system/lib]]
W/DynamiteModule( 9877): Failed to load remote module: Failed to get module context
W/DynamiteModule( 9877): Failed to load module via fast routeajo: Remote load failed. No local fallback found.
I/DynamiteModule( 9877): Considering local module com.google.android.gms.piccard.dynamite:0 and remote module com.google.android.gms.piccard.dynamite:9
I/DynamiteModule( 9877): Selected remote version of com.google.android.gms.piccard.dynamite, version >= 9
I/Ads     ( 9877): Starting ad request.
I/Ads     ( 9877): Use AdRequest.Builder.addTestDevice("1F480C9603A7924489313051413E5A68") to get test ads on this device.
I/Ads     ( 9877): Please set theme of AdActivity to @android:style/Theme.Translucent to enable transparent background interstitial ad.
I/org.umd.logging( 9877): Method < 1 com.mobilityware.advertising.AdControl$4.run()
I/dex2oat (10040): /system/bin/dex2oat --runtime-arg -classpath --runtime-arg  --instruction-set=arm --instruction-set-features=div --runtime-arg -Xrelocate --boot-image=/system/framework/boot.art --dex-file=/data/data/com.mobilityware.solitaire/cache/1470286953684.jar --oat-fd=131 --oat-location=/data/data/com.mobilityware.solitaire/cache/1470286953684.dex --runtime-arg -Xms64m --runtime-arg -Xmx512m
I/dex2oat (10040): dex2oat took 99.069ms (threads: 4) arena alloc=178KB java alloc=26KB native alloc=1042KB free=25KB
W/ActivityManager(  594): getRunningAppProcesses: caller 10216 does not hold REAL_GET_TASKS; limiting output
I/org.umd.logging( 9877): Method > 1 com.mobilityware.solitaire.MWView$4.run(com.mobilityware.solitaire.MWView$4@882586314)
I/org.umd.logging( 9877): Method < 1 com.mobilityware.solitaire.MWView$4.run()
I/org.umd.logging( 9877): Method > 2121 com.vungle.publisher.async.ScheduledPriorityExecutor$a$a.run(com.vungle.publisher.async.ScheduledPriorityExecutor$a$a@238369531)
I/org.umd.logging( 9877): Method > 2121 com.vungle.publisher.VunglePubBase$AsyncInitEventListener$1.run(com.vungle.publisher.VunglePubBase$AsyncInitEventListener$1@377892694)
I/org.umd.logging( 9877): Method > 2122 com.vungle.publisher.async.ScheduledPriorityExecutor$a$a.run(com.vungle.publisher.async.ScheduledPriorityExecutor$a$a@739412951)
I/org.umd.logging( 9877): Method > 2122 com.vungle.publisher.env.AdvertisingDeviceIdStrategy$FetchAdvertisingPreferencesRunnable.run(com.vungle.publisher.env.AdvertisingDeviceIdStrategy$FetchAdvertisingPreferencesRunnable@1000654765)
I/org.umd.logging( 9877): Api > 2121 android.content.Context.startService(com.mobilityware.solitaire.SolitaireApplication@410649080, android.content.Intent@701185220<action=com.vungle.publisher.VungleService.SESSION><data=null><package=null><component=com.mobilityware.solitaire/com.vungle.publisher.VungleService><type=null><filter_hashcode=-2112753303><activityEvent=None><sessionStartMillis=None><umd_Intent_key=None>)
I/org.umd.logging( 9877): Api < 2121 android.content.Context.startService()
I/org.umd.logging( 9877): Method > 1 com.vungle.publisher.VungleService.onCreate(com.vungle.publisher.VungleService@537529971)
I/org.umd.logging( 9877): Api > 2121 android.content.Intent.<init>(android.content.Intent@346120496<action=com.vungle.publisher.VungleService.PROTOCOL><data=http://api.vungle.com/api/v1/config><package=null><component=com.mobilityware.solitaire/com.vungle.publisher.VungleService><type=null><filter_hashcode=-559033505><umd_Intent_key=None>, "com.vungle.publisher.VungleService.PROTOCOL", android.net.Uri$StringUri@259207593<URI=http://api.vungle.com/api/v1/config>, com.mobilityware.solitaire.SolitaireApplication@410649080, com.vungle.publisher.VungleService)
I/org.umd.logging( 9877): Api < 2121 android.content.Intent.<init>(android.content.Intent@346120496<action=com.vungle.publisher.VungleService.PROTOCOL><data=http://api.vungle.com/api/v1/config><package=null><component=com.mobilityware.solitaire/com.vungle.publisher.VungleService><type=null><filter_hashcode=-559033505><umd_Intent_key=None>)
I/org.umd.logging( 9877): Api > 2121 android.content.Context.startService(com.mobilityware.solitaire.SolitaireApplication@410649080, android.content.Intent@346120496<action=com.vungle.publisher.VungleService.PROTOCOL><data=http://api.vungle.com/api/v1/config><package=null><component=com.mobilityware.solitaire/com.vungle.publisher.VungleService><type=null><filter_hashcode=-559033505><umd_Intent_key=None><transaction=None>)
I/org.umd.logging( 9877): Method < 1 com.vungle.publisher.VungleService.onCreate()
I/org.umd.logging( 9877): Method > 1 com.vungle.publisher.VungleService.onStartCommand(com.vungle.publisher.VungleService@537529971, android.content.Intent@6157370<action=com.vungle.publisher.VungleService.SESSION><data=null><package=null><component=com.mobilityware.solitaire/com.vungle.publisher.VungleService><type=null><filter_hashcode=-2112753303><activityEvent=None><sessionStartMillis=None><umd_Intent_key=None>, 0, 1)
I/org.umd.logging( 9877): Method > 1 com.vungle.publisher.VungleService.onStart(com.vungle.publisher.VungleService@537529971, android.content.Intent@6157370<action=com.vungle.publisher.VungleService.SESSION><data=null><package=null><component=com.mobilityware.solitaire/com.vungle.publisher.VungleService><type=null><filter_hashcode=-2112753303><activityEvent=None><sessionStartMillis=None><umd_Intent_key=None>, 1)
I/org.umd.logging( 9877): Api < 2121 android.content.Context.startService()
I/org.umd.logging( 9877): Api > 1 android.os.HandlerThread.start(android.os.HandlerThread@658954475<thread=2179>)
I/org.umd.logging( 9877): Api < 1 android.os.HandlerThread.start()
I/org.umd.logging( 9877): Method < 1 com.vungle.publisher.VungleService.onStartCommand(2)
I/org.umd.logging( 9877): Method > 1 com.vungle.publisher.VungleService.onStartCommand(com.vungle.publisher.VungleService@537529971, android.content.Intent@271944<action=com.vungle.publisher.VungleService.PROTOCOL><data=http://api.vungle.com/api/v1/config><package=null><component=com.mobilityware.solitaire/com.vungle.publisher.VungleService><type=null><filter_hashcode=-559033505><umd_Intent_key=None><transaction=None>, 0, 2)
I/org.umd.logging( 9877): Method > 1 com.vungle.publisher.VungleService.onStart(com.vungle.publisher.VungleService@537529971, android.content.Intent@271944<action=com.vungle.publisher.VungleService.PROTOCOL><data=http://api.vungle.com/api/v1/config><package=null><component=com.mobilityware.solitaire/com.vungle.publisher.VungleService><type=null><filter_hashcode=-559033505><umd_Intent_key=None><transaction=None>, 2)
I/org.umd.logging( 9877): Api > 2179 android.content.Intent.<init>(android.content.Intent@657987783<action=com.vungle.publisher.VungleService.PROTOCOL><data=http://api.vungle.com/api/v1/sessionStart><package=null><component=com.mobilityware.solitaire/com.vungle.publisher.VungleService><type=null><filter_hashcode=-1259389943><umd_Intent_key=None>, "com.vungle.publisher.VungleService.PROTOCOL", android.net.Uri$StringUri@995712756<URI=http://api.vungle.com/api/v1/sessionStart>, com.mobilityware.solitaire.SolitaireApplication@410649080, com.vungle.publisher.VungleService)
I/org.umd.logging( 9877): Api < 2179 android.content.Intent.<init>(android.content.Intent@657987783<action=com.vungle.publisher.VungleService.PROTOCOL><data=http://api.vungle.com/api/v1/sessionStart><package=null><component=com.mobilityware.solitaire/com.vungle.publisher.VungleService><type=null><filter_hashcode=-1259389943><umd_Intent_key=None>)
I/org.umd.logging( 9877): Api > 2179 android.content.Context.startService(com.mobilityware.solitaire.SolitaireApplication@410649080, android.content.Intent@657987783<action=com.vungle.publisher.VungleService.PROTOCOL><data=http://api.vungle.com/api/v1/sessionStart><package=null><component=com.mobilityware.solitaire/com.vungle.publisher.VungleService><type=null><filter_hashcode=-1259389943><umd_Intent_key=None><transaction=None>)
I/org.umd.logging( 9877): Api < 2179 android.content.Context.startService()
I/org.umd.logging( 9877): Method < 1 com.vungle.publisher.VungleService.onStartCommand(2)
I/org.umd.logging( 9877): Method > 1 com.vungle.publisher.VungleService.onStartCommand(com.vungle.publisher.VungleService@537529971, android.content.Intent@755683474<action=com.vungle.publisher.VungleService.PROTOCOL><data=http://api.vungle.com/api/v1/sessionStart><package=null><component=com.mobilityware.solitaire/com.vungle.publisher.VungleService><type=null><filter_hashcode=-1259389943><umd_Intent_key=None><transaction=None>, 0, 3)
I/org.umd.logging( 9877): Method > 1 com.vungle.publisher.VungleService.onStart(com.vungle.publisher.VungleService@537529971, android.content.Intent@755683474<action=com.vungle.publisher.VungleService.PROTOCOL><data=http://api.vungle.com/api/v1/sessionStart><package=null><component=com.mobilityware.solitaire/com.vungle.publisher.VungleService><type=null><filter_hashcode=-1259389943><umd_Intent_key=None><transaction=None>, 3)
I/org.umd.logging( 9877): Method < 1 com.vungle.publisher.VungleService.onStartCommand(2)
I/org.umd.logging( 9877): Api > 2180 android.net.ConnectivityManager.getActiveNetworkInfo(android.net.ConnectivityManager@36278807)
I/org.umd.logging( 9877): Method < 2122 com.vungle.publisher.env.AdvertisingDeviceIdStrategy$FetchAdvertisingPreferencesRunnable.run()
I/org.umd.logging( 9877): Method < 2122 com.vungle.publisher.async.ScheduledPriorityExecutor$a$a.run()
I/org.umd.logging( 9877): Api < 2180 android.net.ConnectivityManager.getActiveNetworkInfo(android.net.NetworkInfo@471038563)
I/org.umd.logging( 9877): Method > 2180 com.vungle.publisher.bt$a.run(com.vungle.publisher.bt$a@136238873)
I/org.umd.logging( 9877): Method > 2180 com.vungle.publisher.bx.run(com.vungle.publisher.bx@96033215)
I/org.umd.logging( 9877): Api > 2180 java.net.URL.openConnection(java.net.URL@301832332<URL=http://api.vungle.com/api/v1/config>)
I/org.umd.logging( 9877): Api < 2180 java.net.URL.openConnection(com.android.okhttp.internal.http.HttpURLConnectionImpl@305246584)
W/VungleFile( 9877): could not delete: /storage/emulated/0/Android/data/com.mobilityware.solitaire/files/.vungle/5768656694604ed45c000109_58014ae2d3ebbc8a26000081_datasci--primary--success
W/VungleDatabase( 9877): unable to delete files for {ad:: id: 5768656694604ed45c000109|58014ae2d3ebbc8a26000081|datasci--primary--success, type: local} attempt 1
I/org.umd.logging( 9877): Method < 2180 com.vungle.publisher.bx.run()
I/org.umd.logging( 9877): Method < 2180 com.vungle.publisher.bt$a.run()
I/org.umd.logging( 9877): Api > 2180 android.net.ConnectivityManager.getActiveNetworkInfo(android.net.ConnectivityManager@36278807)
I/org.umd.logging( 9877): Api < 2180 android.net.ConnectivityManager.getActiveNetworkInfo(android.net.NetworkInfo@568565901)
I/Ads     ( 1667): Received log message: <Google:HTML> You are using version 4.2 of the Google Play services Ads SDK. Please consider updating your SDK to the most recent SDK version to get the latest features and bug fixes. See http://goo.gl/r2TRzC for instructions on how to get the latest version of Google Play services.
I/org.umd.logging( 9877): Method > 2180 com.vungle.publisher.bt$a.run(com.vungle.publisher.bt$a@48529986)
I/org.umd.logging( 9877): Method > 2180 com.vungle.publisher.bx.run(com.vungle.publisher.bx@470270547)
I/org.umd.logging( 9877): Api > 2180 java.net.URL.openConnection(java.net.URL@733296528<URL=http://api.vungle.com/api/v1/sessionStart>)
I/org.umd.logging( 9877): Api < 2180 java.net.URL.openConnection(com.android.okhttp.internal.http.HttpURLConnectionImpl@477542537)
I/org.umd.logging( 9877): Method < 2121 com.vungle.publisher.VunglePubBase$AsyncInitEventListener$1.run()
I/org.umd.logging( 9877): Method < 2121 com.vungle.publisher.async.ScheduledPriorityExecutor$a$a.run()
I/org.umd.logging( 9877): Method < 2180 com.vungle.publisher.bx.run()
I/org.umd.logging( 9877): Method < 2180 com.vungle.publisher.bt$a.run()
I/ActivityManager(  594): Start proc 10088:com.creativemobile.dragracingbe/u0a230 for broadcast com.creativemobile.dragracingbe/com.getjar.sdk.data.metadata.PackageMonitor
I/org.umd.logging(10088): Method > 1 com.getjar.sdk.data.metadata.PackageMonitor.onReceive(com.getjar.sdk.data.metadata.PackageMonitor@410649080, android.app.ReceiverRestrictedContext@80849975, android.content.Intent@546721474<action=null><data=null><package=null><component=com.creativemobile.dragracingbe/com.getjar.sdk.data.metadata.PackageMonitor><type=null><filter_hashcode=673338452><umd_Intent_key=None><usageMonitoringAlarm=None><android.intent.extra.ALARM_COUNT=None>)
D/GetJar SDK(10088): OS_ENTRY_POINT: PackageMonitor: onReceive(): START
I/org.umd.logging(10088): Api > 1 java.lang.Thread.start(java.lang.Thread@933697552<thread=2086>)
I/org.umd.logging(10088): Api < 1 java.lang.Thread.start()
I/org.umd.logging(10088): Method < 1 com.getjar.sdk.data.metadata.PackageMonitor.onReceive()
I/org.umd.logging(10088): Method > 2086 com.getjar.sdk.data.metadata.PackageMonitor$1.run(com.getjar.sdk.data.metadata.PackageMonitor$1@100570382)
D/GetJar SDK(10088): OS_ENTRY_POINT: PackageMonitor: doOnReceive(): START
I/GetJar SDK(10088): STORAGE: DBCache: Opened caching database 'google.play.launch.cache'
D/GetJar SDK(10088): STORAGE: database:GetJarDBApplicationKey
D/GetJar SDK(10088): STORAGE: database:GetJarDBApplicationKey-journal
D/GetJar SDK(10088): STORAGE: database:authCache
D/GetJar SDK(10088): STORAGE: database:authCache-journal
D/GetJar SDK(10088): STORAGE: database:settings
D/GetJar SDK(10088): STORAGE: database:settings-journal
D/GetJar SDK(10088): STORAGE: database:androidAccountUserAuthCache
D/GetJar SDK(10088): STORAGE: database:androidAccountUserAuthCache-journal
D/GetJar SDK(10088): STORAGE: database:commResultCache
D/GetJar SDK(10088): STORAGE: database:commResultCache-journal
D/GetJar SDK(10088): STORAGE: database:Quantcast.db
D/GetJar SDK(10088): STORAGE: database:Quantcast.db-journal
I/cr_Ime  ( 9877): ImeThread is enabled.
V/GetJar SDK(10088): STORAGE: ApplicationTokenDatabase: getApplicationToken() [58de12ef-de22-4893-b6ce-4ab70f6c4474]
W/cr_BindingManager( 9877): Cannot call determinedVisibility() - never saw a connection for the pid: 9877
V/GetJar SDK(10088): STORAGE: ApplicationTokenDatabase: getApplicationToken() [58de12ef-de22-4893-b6ce-4ab70f6c4474]
V/GetJar SDK(10088): COMM: CommManager: createContext() [thread:2086] Calling configureAppenders()
V/GetJar SDK(10088): LOGGING: LogCatAppender: configureAppender() START
V/GetJar SDK [com.creativemobile.dragracingbe](10088): LOGGING: LogCatAppender: configureAppender() GetJarConfig.getInstance() start
D/GetJar SDK [com.creativemobile.dragracingbe](10088): CONFIG: GetJarConfig()::getInstance() -- creating a new GetJarConfig instance
D/GetJar SDK [com.creativemobile.dragracingbe](10088): CONFIG: _initialize() -- OK: config is ready (using DEFAULTS)..
V/GetJar SDK [com.creativemobile.dragracingbe](10088): STORAGE: ApplicationTokenDatabase: getApplicationToken() [58de12ef-de22-4893-b6ce-4ab70f6c4474]
V/GetJar SDK [com.creativemobile.dragracingbe](10088): COMM: CommContext: creating DeviceMetadata instance
I/org.umd.logging(10088): Api > 2086 android.telephony.TelephonyManager.getDeviceId(android.telephony.TelephonyManager@366753766)
I/org.umd.logging(10088): Api < 2086 android.telephony.TelephonyManager.getDeviceId("353918052133903")
V/GetJar SDK [com.creativemobile.dragracingbe](10088): COMM: UserAgentValuesManager: getWebKitUserAgent() START
V/GetJar SDK [com.creativemobile.dragracingbe](10088): COMM: UserAgentValuesManager: getWebKitUserAgent() checking overrides
V/GetJar SDK [com.creativemobile.dragracingbe](10088): COMM: UserAgentValuesManager: getWebKitUserAgent() checking shared prefs
I/GetJar SDK [com.creativemobile.dragracingbe](10088): COMM: WebKit User Agent value: 'Mozilla/5.0 (Linux; Android 5.1.1; Nexus 4 Build/LMY48T; wv) AppleWebKit/537.36 (KHTML, like Gecko) Version/4.0 Chrome/54.0.2840.85 Mobile Safari/537.36'
V/GetJar SDK [com.creativemobile.dragracingbe](10088): COMM: UserAgentValuesManager: getWebKitUserAgent() FINISHED
V/GetJar SDK [com.creativemobile.dragracingbe](10088): COMM: UserAgentValuesManager: getWebKitUserAgent() START
V/GetJar SDK [com.creativemobile.dragracingbe](10088): COMM: UserAgentValuesManager: getWebKitUserAgent() FINISHED
V/GetJar SDK [com.creativemobile.dragracingbe](10088): COMM: CommContext: calling UserAgentValuesManager.getSdkUserAgent()
I/GetJar SDK [com.creativemobile.dragracingbe](10088): COMM: SDK User Agent value: 'GetJarSDK/20140421.03 (16) com.creativemobile.dragracingbe/1001017 android/5.1.1 (google; occam; Nexus 4)'
D/GetJar SDK [com.creativemobile.dragracingbe](10088): COMM: CommManager: createContextForAuth() [thread:2086] Created a NEW CommContext for Auth from com.getjar.sdk.comm.auth.AuthManager.<init>() [PID:10088] [AppToken:58de12ef-de22-4893-b6ce-4ab70f6c4474] [CommContext.Id:a38448a7-44e9-4562-8a42-4084be53f376]
I/GetJar SDK [com.creativemobile.dragracingbe](10088): STORAGE: DBCache: Opened caching database 'authCache'
I/GetJar SDK [com.creativemobile.dragracingbe](10088): STORAGE: DBCache: Opened caching database 'claimsAndCapsCache'
I/GetJar SDK [com.creativemobile.dragracingbe](10088): STORAGE: DBCache: Opened caching database 'settings'
V/GetJar SDK [com.creativemobile.dragracingbe](10088): AUTH: AuthFlow: AuthManager initialized [userAuthProviderFilter:null authToken:null userAccessId:null userDeviceId:null authTTL:0 authTimestamp:0]
D/GetJar SDK [com.creativemobile.dragracingbe](10088): AUTH: registerCallbacks() registered 'bacf2814-18e7-4edf-831f-f2e1b5f5c41c'
V/GetJar SDK [com.creativemobile.dragracingbe](10088): LOGGING: LogCatAppender: configureAppender() GetJarConfig.getInstance() finished
V/GetJar SDK [com.creativemobile.dragracingbe](10088): CONFIG: GetJarConfig getDirectiveValue() START [key='logging.logcat.enabled']
V/GetJar SDK [com.creativemobile.dragracingbe](10088): CONFIG: GetJarConfig getDirectiveValue() Using CONFIG value: 'logging.logcat.enabled' = 'true'
V/GetJar SDK [com.creativemobile.dragracingbe](10088): CONFIG: GetJarConfig getDirectiveValue() FINISHED [key='logging.logcat.enabled']
V/GetJar SDK [com.creativemobile.dragracingbe](10088): LOGGING: LogCatAppender: configureAppender() got enabled = true
V/GetJar SDK [com.creativemobile.dragracingbe](10088): CONFIG: GetJarConfig getDirectiveValue() START [key='logging.logcat.level']
V/GetJar SDK [com.creativemobile.dragracingbe](10088): CONFIG: GetJarConfig getDirectiveValue() Using CONFIG value: 'logging.logcat.level' = 'WARN'
V/GetJar SDK [com.creativemobile.dragracingbe](10088): CONFIG: GetJarConfig getDirectiveValue() FINISHED [key='logging.logcat.level']
V/GetJar SDK [com.creativemobile.dragracingbe](10088): LOGGING: LogCatAppender: configureAppender() got levelStr = WARN
V/GetJar SDK [com.creativemobile.dragracingbe](10088): CONFIG: GetJarConfig getDirectiveValue() START [key='logging.logcat.areas']
V/GetJar SDK [com.creativemobile.dragracingbe](10088): CONFIG: GetJarConfig getDirectiveValue() Using CONFIG value: 'logging.logcat.areas' = 'ALL'
V/GetJar SDK [com.creativemobile.dragracingbe](10088): CONFIG: GetJarConfig getDirectiveValue() FINISHED [key='logging.logcat.areas']
V/GetJar SDK [com.creativemobile.dragracingbe](10088): LOGGING: LogCatAppender: configureAppender() got areasStr = ALL
V/GetJar SDK [com.creativemobile.dragracingbe](10088): LOGGING: LogCatAppender: configureAppender() calling AppenderBase.configureAppender()
D/GetJar SDK [com.creativemobile.dragracingbe](10088): LOGGING|CONFIG: AppenderBase: configureAppender() Appender com.getjar.sdk.logging.LogCatAppender configured [enabled=true level=WARN areas=ALL]
D/GetJar SDK [com.creativemobile.dragracingbe](10088): LOGGING|CONFIG: AppenderBase: configureAppender() Appender com.getjar.sdk.logging.RemoteAppender configured [enabled=false level=WARN areas=ALL]
I/org.umd.logging(10088): Api > 2086 android.telephony.TelephonyManager.getDeviceId(android.telephony.TelephonyManager@366753766)
I/org.umd.logging(10088): Api < 2086 android.telephony.TelephonyManager.getDeviceId("353918052133903")
I/org.umd.logging(10088): Api > 2086 android.accounts.AccountManager.getAccountsByType(android.accounts.AccountManager@784358846, "com.google")
I/org.umd.logging(10088): Api < 2086 android.accounts.AccountManager.getAccountsByType([Landroid.accounts.Account;@1067710261)
I/org.umd.logging(10088): Method > 2088 com.getjar.sdk.comm.auth.AuthManager$AuthFlow.run(com.getjar.sdk.comm.auth.AuthManager$AuthFlow@721446404)
I/org.umd.logging(10088): Method > 1 com.getjar.sdk.comm.NetworkStateReceiver.onReceive(com.getjar.sdk.comm.NetworkStateReceiver@882402966, android.app.Application@959041969, android.content.Intent@2088560<action=android.net.conn.CONNECTIVITY_CHANGE><data=null><package=null><component=null><type=null><filter_hashcode=-1172645946><networkInfo=None><networkType=None><inetCondition=None><extraInfo=None><umd_Intent_key=None>)
I/org.umd.logging(10088): Api > 1 java.lang.Thread.start(java.lang.Thread@1048342940<thread=2089>)
I/org.umd.logging(10088): Api < 1 java.lang.Thread.start()
I/org.umd.logging(10088): Method < 1 com.getjar.sdk.comm.NetworkStateReceiver.onReceive()
I/org.umd.logging(10088): Method > 2089 com.getjar.sdk.comm.NetworkStateReceiver$1.run(com.getjar.sdk.comm.NetworkStateReceiver$1@771131258)
D/GetJar SDK [com.creativemobile.dragracingbe](10088): LOGGING|CONFIG: AppenderBase: configureAppender() Appender com.getjar.sdk.logging.LogCatAppender configured [enabled=true level=WARN areas=ALL]
D/GetJar SDK [com.creativemobile.dragracingbe](10088): LOGGING|CONFIG: AppenderBase: configureAppender() Appender com.getjar.sdk.logging.RemoteAppender configured [enabled=false level=WARN areas=ALL]
I/org.umd.logging(10088): Api > 2089 android.telephony.TelephonyManager.getDeviceId(android.telephony.TelephonyManager@366753766)
I/org.umd.logging(10088): Api < 2089 android.telephony.TelephonyManager.getDeviceId("353918052133903")
I/org.umd.logging(10088): Api > 2088 java.lang.Thread.start(java.lang.Thread@832244523<thread=2090>)
I/org.umd.logging(10088): Api < 2088 java.lang.Thread.start()
I/art     (10088): Note: end time exceeds epoch: 
I/art     (10088): Note: end time exceeds epoch: 
I/org.umd.logging(10088): Api > 2091 org.apache.http.impl.client.DefaultHttpClient.<init>(com.getjar.sdk.comm.GetJarHttpClient@1017943645, org.apache.http.impl.conn.tsccm.ThreadSafeClientConnManager@920634272, org.apache.http.params.BasicHttpParams@201521151)
I/org.umd.logging(10088): Api < 2091 org.apache.http.impl.client.DefaultHttpClient.<init>(com.getjar.sdk.comm.GetJarHttpClient@1017943645)
E/GetJar SDK [com.creativemobile.dragracingbe](10088): AUTH: AuthFlow: authorizeApplication() failed
E/GetJar SDK [com.creativemobile.dragracingbe](10088): com.getjar.sdk.exceptions.CommunicationException: java.util.concurrent.ExecutionException: org.apache.http.conn.HttpHostConnectException: Connection to https://auth20120430.getjar.com:443 refused
E/GetJar SDK [com.creativemobile.dragracingbe](10088): 	at com.getjar.sdk.comm.CommManager.waitOnOperation(SourceFile)
E/GetJar SDK [com.creativemobile.dragracingbe](10088): 	at com.getjar.sdk.comm.Operation.get(SourceFile)
E/GetJar SDK [com.creativemobile.dragracingbe](10088): 	at com.getjar.sdk.comm.auth.AppAuthProvider.authorizeApplication(SourceFile)
E/GetJar SDK [com.creativemobile.dragracingbe](10088): 	at com.getjar.sdk.comm.auth.AuthManager$AuthFlow.performAuth(SourceFile)
E/GetJar SDK [com.creativemobile.dragracingbe](10088): 	at com.getjar.sdk.comm.auth.AuthManager$AuthFlow.run(SourceFile)
E/GetJar SDK [com.creativemobile.dragracingbe](10088): 	at java.util.concurrent.ThreadPoolExecutor.runWorker(ThreadPoolExecutor.java:1112)
E/GetJar SDK [com.creativemobile.dragracingbe](10088): 	at java.util.concurrent.ThreadPoolExecutor$Worker.run(ThreadPoolExecutor.java:587)
E/GetJar SDK [com.creativemobile.dragracingbe](10088): 	at java.lang.Thread.run(Thread.java:818)
E/GetJar SDK [com.creativemobile.dragracingbe](10088): Caused by: java.util.concurrent.ExecutionException: org.apache.http.conn.HttpHostConnectException: Connection to https://auth20120430.getjar.com:443 refused
E/GetJar SDK [com.creativemobile.dragracingbe](10088): 	at java.util.concurrent.FutureTask.report(FutureTask.java:93)
E/GetJar SDK [com.creativemobile.dragracingbe](10088): 	at java.util.concurrent.FutureTask.get(FutureTask.java:163)
E/GetJar SDK [com.creativemobile.dragracingbe](10088): 	... 8 more
E/GetJar SDK [com.creativemobile.dragracingbe](10088): Caused by: org.apache.http.conn.HttpHostConnectException: Connection to https://auth20120430.getjar.com:443 refused
E/GetJar SDK [com.creativemobile.dragracingbe](10088): 	at org.apache.http.impl.conn.DefaultClientConnectionOperator.openConnection(DefaultClientConnectionOperator.java:188)
E/GetJar SDK [com.creativemobile.dragracingbe](10088): 	at org.apache.http.impl.conn.AbstractPoolEntry.open(AbstractPoolEntry.java:169)
E/GetJar SDK [com.creativemobile.dragracingbe](10088): 	at org.apache.http.impl.conn.AbstractPooledConnAdapter.open(AbstractPooledConnAdapter.java:124)
E/GetJar SDK [com.creativemobile.dragracingbe](10088): 	at org.apache.http.impl.client.DefaultRequestDirector.execute(DefaultRequestDirector.java:365)
E/GetJar SDK [com.creativemobile.dragracingbe](10088): 	at org.apache.http.impl.client.AbstractHttpClient.execute(AbstractHttpClient.java:560)
E/GetJar SDK [com.creativemobile.dragracingbe](10088): 	at org.apache.http.impl.client.AbstractHttpClient.execute(AbstractHttpClient.java:492)
E/GetJar SDK [com.creativemobile.dragracingbe](10088): 	at org.apache.http.impl.client.AbstractHttpClient.execute(AbstractHttpClient.java:470)
E/GetJar SDK [com.creativemobile.dragracingbe](10088): 	at com.getjar.sdk.comm.CommManager.processesRequest(SourceFile)
E/GetJar SDK [com.creativemobile.dragracingbe](10088): 	at com.getjar.sdk.comm.CommManager.processesRequestWithRetries(SourceFile)
E/GetJar SDK [com.creativemobile.dragracingbe](10088): 	at com.getjar.sdk.comm.CommManager.access$200(SourceFile)
E/GetJar SDK [com.creativemobile.dragracingbe](10088): 	at com.getjar.sdk.comm.CommManager$RequestCallable.call(SourceFile)
E/GetJar SDK [com.creativemobile.dragracingbe](10088): 	at com.getjar.sdk.comm.CommManager$RequestCallable.call(SourceFile)
E/GetJar SDK [com.creativemobile.dragracingbe](10088): 	at java.util.concurrent.FutureTask.run(FutureTask.java:237)
E/GetJar SDK [com.creativemobile.dragracingbe](10088): 	... 3 more
E/GetJar SDK [com.creativemobile.dragracingbe](10088): Caused by: java.net.ConnectException: failed to connect to /67.227.166.193 (port 443) after 30000ms: isConnected failed: ECONNREFUSED (Connection refused)
E/GetJar SDK [com.creativemobile.dragracingbe](10088): 	at libcore.io.IoBridge.isConnected(IoBridge.java:238)
E/GetJar SDK [com.creativemobile.dragracingbe](10088): 	at libcore.io.IoBridge.connectErrno(IoBridge.java:171)
E/GetJar SDK [com.creativemobile.dragracingbe](10088): 	at libcore.io.IoBridge.connect(IoBridge.java:122)
E/GetJar SDK [com.creativemobile.dragracingbe](10088): 	at java.net.PlainSocketImpl.connect(PlainSocketImpl.java:183)
E/GetJar SDK [com.creativemobile.dragracingbe](10088): 	at java.net.PlainSocketImpl.connect(PlainSocketImpl.java:456)
E/GetJar SDK [com.creativemobile.dragracingbe](10088): 	at java.net.Socket.connect(Socket.java:882)
E/GetJar SDK [com.creativemobile.dragracingbe](10088): 	at org.apache.http.conn.scheme.PlainSocketFactory.connectSocket(PlainSocketFactory.java:124)
E/GetJar SDK [com.creativemobile.dragracingbe](10088): 	at org.apache.http.impl.conn.DefaultClientConnectionOperator.openConnection(DefaultClientConnectionOperator.java:149)
E/GetJar SDK [com.creativemobile.dragracingbe](10088): 	... 15 more
E/GetJar SDK [com.creativemobile.dragracingbe](10088): Caused by: android.system.ErrnoException: isConnected failed: ECONNREFUSED (Connection refused)
E/GetJar SDK [com.creativemobile.dragracingbe](10088): 	at libcore.io.IoBridge.isConnected(IoBridge.java:223)
E/GetJar SDK [com.creativemobile.dragracingbe](10088): 	... 22 more
I/org.umd.logging(10088): Method < 2088 com.getjar.sdk.comm.auth.AuthManager$AuthFlow.run()
E/GetJar SDK [com.creativemobile.dragracingbe](10088): OS_ENTRY_POINT: PackageMonitor: doOnReceive() AuthFlowState = FAILED after _authFlowEvent.waitForOpen()
I/org.umd.logging(10088): Method < 2086 com.getjar.sdk.data.metadata.PackageMonitor$1.run()
W/GetJar SDK [com.creativemobile.dragracingbe](10088): AUTH|COMM|TRANSACTION: NetworkStateReceiver: onReceive() not yet authed [AuthFlowState = FAILED after _authFlowEvent.waitForOpen()]
I/org.umd.logging(10088): Method < 2089 com.getjar.sdk.comm.NetworkStateReceiver$1.run()
I/org.umd.logging( 4986): Method > 1 com.cleanmaster.base.crash.util.debug.b.run(com.cleanmaster.base.crash.util.debug.b@453239735)
I/org.umd.logging( 4986): Method < 1 com.cleanmaster.base.crash.util.debug.b.run()
I/org.umd.logging( 9877): Method > 1 com.mobilityware.solitaire.MWView$4.run(com.mobilityware.solitaire.MWView$4@882586314)
I/org.umd.logging( 9877): Method < 1 com.mobilityware.solitaire.MWView$4.run()
D/audio_hw_primary(  190): disable_audio_route: reset and update mixer path: low-latency-playback
D/audio_hw_primary(  190): disable_snd_device: snd_device(2: speaker)
E/Cataloger( 6490): syncFile:/storage/emulated/0/2016-12-13_05:15:27.315.jpg
E/Cataloger( 6490): syncFile:/storage/emulated/0/2016-12-13_05:15:27.315.jpg
I/org.umd.logging( 9877): Method > 1 com.mobilityware.solitaire.MWView.onTouchEvent(com.mobilityware.solitaire.MWView@422459951<file=2016-12-13_05:15:27.315><x=0><y=0><width=768><height=1184><id=2131165254><imagename=mwview>, android.view.MotionEvent@274779930)
I/org.umd.logging( 9877): Method < 1 com.mobilityware.solitaire.MWView.onTouchEvent(true)
E/Cataloger( 6490): syncFile:/storage/emulated/0/2016-12-13_05:15:27.544.jpg
I/org.umd.logging( 9877): Method > 1 com.mobilityware.solitaire.MWView.onTouchEvent(com.mobilityware.solitaire.MWView@422459951<file=2016-12-13_05:15:27.544><x=0><y=0><width=768><height=1184><id=2131165254><imagename=mwview>, android.view.MotionEvent@274779930)
I/org.umd.logging( 9877): Method < 1 com.mobilityware.solitaire.MWView.onTouchEvent(true)
E/Cataloger( 6490): syncFile:/storage/emulated/0/2016-12-13_05:15:27.544.jpg
E/Cataloger( 6490): syncFile:/storage/emulated/0/2016-12-13_05:15:27.769.jpg
I/org.umd.logging( 9877): Method > 1 com.mobilityware.solitaire.MWView.onTouchEvent(com.mobilityware.solitaire.MWView@422459951<file=2016-12-13_05:15:27.769><x=0><y=0><width=768><height=1184><id=2131165254><imagename=mwview>, android.view.MotionEvent@274779930)
I/org.umd.logging( 9877): Api > 1 android.animation.AnimatorSet.start(android.animation.AnimatorSet@709543677)
I/org.umd.logging( 9877): Api < 1 android.animation.AnimatorSet.start()
I/org.umd.logging( 9877): Api > 1 android.animation.AnimatorSet.start(android.animation.AnimatorSet@562930880)
I/org.umd.logging( 9877): Api < 1 android.animation.AnimatorSet.start()
I/org.umd.logging( 9877): Api > 1 android.animation.AnimatorSet.start(android.animation.AnimatorSet@384213919)
I/org.umd.logging( 9877): Api < 1 android.animation.AnimatorSet.start()
I/org.umd.logging( 9877): Api > 1 android.animation.AnimatorSet.start(android.animation.AnimatorSet@484547402)
I/org.umd.logging( 9877): Api < 1 android.animation.AnimatorSet.start()
I/org.umd.logging( 9877): Api > 1 android.animation.AnimatorSet.start(android.animation.AnimatorSet@330517297)
I/org.umd.logging( 9877): Api < 1 android.animation.AnimatorSet.start()
I/org.umd.logging( 9877): Api > 1 android.media.MediaPlayer.start(android.media.MediaPlayer@1032271980)
D/NuPlayerDriver(  190): start(0xb7a3ea08)
D/audio_hw_primary(  190): select_devices: out_snd_device(2: speaker) in_snd_device(0: none)
D/ACDB-LOADER(  190): ACDB -> send_afe_cal
D/audio_hw_primary(  190): enable_snd_device: snd_device(2: speaker)
I/NuPlayerDecoder(  190): [OMX.google.vorbis.decoder] resubmitting CSD
I/NuPlayerDecoder(  190): [OMX.google.vorbis.decoder] resubmitting CSD
I/org.umd.logging( 9877): Api < 1 android.media.MediaPlayer.start()
W/SoftVorbis(  190): vorbis_dsp_synthesis returned -135
W/SoftVorbis(  190): vorbis_dsp_synthesis returned -135
I/org.umd.logging( 9877): Method < 1 com.mobilityware.solitaire.MWView.onTouchEvent(true)
I/Choreographer( 9877): Skipped 43 frames!  The application may be doing too much work on its main thread.
D/audio_hw_primary(  190): enable_audio_route: apply and update mixer path: low-latency-playback
I/org.umd.logging( 9877): Method > 1 com.mobilityware.solitaire.MWView$4.run(com.mobilityware.solitaire.MWView$4@882586314)
I/org.umd.logging( 9877): Method < 1 com.mobilityware.solitaire.MWView$4.run()
I/org.umd.logging( 9877): Method > 1 com.mobilityware.solitaire.AnimationManager$1.run(com.mobilityware.solitaire.AnimationManager$1@129401168)
I/org.umd.logging( 9877): Method < 1 com.mobilityware.solitaire.AnimationManager$1.run()
E/Cataloger( 6490): syncFile:/storage/emulated/0/2016-12-13_05:15:27.769.jpg
I/org.umd.logging( 9877): Method > 1 com.mobilityware.solitaire.AnimationManager$1.run(com.mobilityware.solitaire.AnimationManager$1@129401168)
I/org.umd.logging( 9877): Method < 1 com.mobilityware.solitaire.AnimationManager$1.run()
I/org.umd.logging( 9877): Method > 1 com.mobilityware.solitaire.AnimationManager$1.run(com.mobilityware.solitaire.AnimationManager$1@129401168)
I/org.umd.logging( 9877): Method < 1 com.mobilityware.solitaire.AnimationManager$1.run()
I/org.umd.logging( 9877): Method > 1 com.mobilityware.solitaire.AnimationManager$1.run(com.mobilityware.solitaire.AnimationManager$1@129401168)
I/org.umd.logging( 9877): Method < 1 com.mobilityware.solitaire.AnimationManager$1.run()
I/org.umd.logging( 9877): Method > 1 com.mobilityware.solitaire.AnimationManager$1.run(com.mobilityware.solitaire.AnimationManager$1@129401168)
I/org.umd.logging( 9877): Method < 1 com.mobilityware.solitaire.AnimationManager$1.run()
I/org.umd.logging( 9877): Method > 1 com.mobilityware.solitaire.AnimationManager$1.run(com.mobilityware.solitaire.AnimationManager$1@129401168)
I/org.umd.logging( 9877): Method < 1 com.mobilityware.solitaire.AnimationManager$1.run()
I/org.umd.logging( 9877): Method > 1 com.mobilityware.solitaire.AnimationManager$1.run(com.mobilityware.solitaire.AnimationManager$1@129401168)
I/org.umd.logging( 9877): Method < 1 com.mobilityware.solitaire.AnimationManager$1.run()
E/chromium( 9877): [ERROR:interface_registry.cc(99)] Failed to locate a binder for interface: autofill::mojom::AutofillDriver
I/org.umd.logging( 9877): Method > 1 com.mobilityware.solitaire.AnimationManager$1.run(com.mobilityware.solitaire.AnimationManager$1@129401168)
I/org.umd.logging( 9877): Method < 1 com.mobilityware.solitaire.AnimationManager$1.run()
I/org.umd.logging( 9877): Method > 1 com.mobilityware.solitaire.MWView$4.run(com.mobilityware.solitaire.MWView$4@882586314)
I/org.umd.logging( 9877): Method < 1 com.mobilityware.solitaire.MWView$4.run()
I/Ads     ( 9877): Ad finished loading.
E/Cataloger( 6490): syncFile:/storage/emulated/0/2016-12-13_05:15:29.657.jpg
I/org.umd.logging( 9877): Method > 1 com.mobilityware.solitaire.MWView.onTouchEvent(com.mobilityware.solitaire.MWView@422459951<file=2016-12-13_05:15:29.657><x=0><y=0><width=768><height=1184><id=2131165254><imagename=mwview>, android.view.MotionEvent@274779930)
E/Cataloger( 6490): syncFile:/storage/emulated/0/2016-12-13_05:15:29.657.jpg
I/org.umd.logging( 9877): Method < 1 com.mobilityware.solitaire.MWView.onTouchEvent(true)
E/Cataloger( 6490): syncFile:/storage/emulated/0/2016-12-13_05:15:29.910.jpg
I/org.umd.logging( 9877): Method > 1 com.mobilityware.solitaire.MWView.onTouchEvent(com.mobilityware.solitaire.MWView@422459951<file=2016-12-13_05:15:29.910><x=0><y=0><width=768><height=1184><id=2131165254><imagename=mwview>, android.view.MotionEvent@274779930)
I/org.umd.logging( 9877): Method < 1 com.mobilityware.solitaire.MWView.onTouchEvent(true)
E/Cataloger( 6490): syncFile:/storage/emulated/0/2016-12-13_05:15:29.910.jpg
I/ExoPlayerImpl( 9877): Init 1.3.1
I/org.umd.logging( 9877): Method > 1 com.mobilityware.solitaire.MWView$4.run(com.mobilityware.solitaire.MWView$4@882586314)
I/org.umd.logging( 9877): Method < 1 com.mobilityware.solitaire.MWView$4.run()
E/Cataloger( 6490): syncFile:/storage/emulated/0/2016-12-13_05:15:30.148.jpg
I/OMXClient( 9877): Using client-side OMX mux.
E/OMXMaster( 9877): A component of name 'OMX.qcom.audio.decoder.aac' already exists, ignoring this one.
I/org.umd.logging( 9877): Method > 1 com.mobilityware.solitaire.MWView.onTouchEvent(com.mobilityware.solitaire.MWView@422459951<file=2016-12-13_05:15:30.148><x=0><y=0><width=768><height=1184><id=2131165254><imagename=mwview>, android.view.MotionEvent@274779930)
I/org.umd.logging( 9877): Method < 1 com.mobilityware.solitaire.MWView.onTouchEvent(true)
E/Cataloger( 6490): syncFile:/storage/emulated/0/2016-12-13_05:15:30.148.jpg
I/SoftAAC2( 9877): Reconfiguring decoder: 0->44100 Hz, 0->2 channels
E/Cataloger( 6490): syncFile:/storage/emulated/0/2016-12-13_05:15:30.373.jpg
I/org.umd.logging( 9877): Method > 1 com.mobilityware.solitaire.MWView.onTouchEvent(com.mobilityware.solitaire.MWView@422459951<file=2016-12-13_05:15:30.373><x=0><y=0><width=768><height=1184><id=2131165254><imagename=mwview>, android.view.MotionEvent@274779930)
I/org.umd.logging( 9877): Method < 1 com.mobilityware.solitaire.MWView.onTouchEvent(true)
E/Cataloger( 6490): syncFile:/storage/emulated/0/2016-12-13_05:15:30.373.jpg
E/Cataloger( 6490): syncFile:/storage/emulated/0/2016-12-13_05:15:30.617.jpg
I/org.umd.logging( 9877): Method > 1 com.mobilityware.solitaire.MWView.onTouchEvent(com.mobilityware.solitaire.MWView@422459951<file=2016-12-13_05:15:30.617><x=0><y=0><width=768><height=1184><id=2131165254><imagename=mwview>, android.view.MotionEvent@274779930)
I/org.umd.logging( 9877): Api > 1 android.animation.AnimatorSet.start(android.animation.AnimatorSet@235351913)
I/org.umd.logging( 9877): Api < 1 android.animation.AnimatorSet.start()
E/Cataloger( 6490): syncFile:/storage/emulated/0/2016-12-13_05:15:30.617.jpg
I/org.umd.logging( 9877): Method < 1 com.mobilityware.solitaire.MWView.onTouchEvent(true)
I/DownloadManagerWrapper(  949): onReceive() : Charging = true
I/DownloadManagerWrapper(  949): onReceive() : Charging = true
I/org.umd.logging( 9877): Method > 1 com.mobilityware.solitaire.MWView$4.run(com.mobilityware.solitaire.MWView$4@882586314)
I/org.umd.logging( 9877): Method < 1 com.mobilityware.solitaire.MWView$4.run()
D/audio_hw_primary(  190): disable_audio_route: reset and update mixer path: low-latency-playback
D/audio_hw_primary(  190): disable_snd_device: snd_device(2: speaker)
I/org.umd.logging( 9877): Method > 1 com.mobilityware.solitaire.MWView$4.run(com.mobilityware.solitaire.MWView$4@882586314)
I/org.umd.logging( 9877): Method < 1 com.mobilityware.solitaire.MWView$4.run()
E/WifiStateMachine(  594): WifiStateMachine CMD_START_SCAN source -2 txSuccessRate=237.12 rxSuccessRate=401.82 targetRoamBSSID=any RSSI=-39
E/Cataloger( 6490): syncFile:/storage/emulated/0/2016-12-13_05:15:32.462.jpg
I/org.umd.logging( 9877): Method > 1 com.mobilityware.solitaire.MWView.onTouchEvent(com.mobilityware.solitaire.MWView@422459951<file=2016-12-13_05:15:32.462><x=0><y=0><width=768><height=1184><id=2131165254><imagename=mwview>, android.view.MotionEvent@274779930)
E/Cataloger( 6490): syncFile:/storage/emulated/0/2016-12-13_05:15:32.462.jpg
I/org.umd.logging( 9877): Method < 1 com.mobilityware.solitaire.MWView.onTouchEvent(true)
E/Cataloger( 6490): syncFile:/storage/emulated/0/2016-12-13_05:15:32.710.jpg
I/org.umd.logging( 9877): Method > 1 com.mobilityware.solitaire.MWView.onTouchEvent(com.mobilityware.solitaire.MWView@422459951<file=2016-12-13_05:15:32.710><x=0><y=0><width=768><height=1184><id=2131165254><imagename=mwview>, android.view.MotionEvent@274779930)
I/org.umd.logging( 9877): Method < 1 com.mobilityware.solitaire.MWView.onTouchEvent(true)
E/Cataloger( 6490): syncFile:/storage/emulated/0/2016-12-13_05:15:32.710.jpg
E/Cataloger( 6490): syncFile:/storage/emulated/0/2016-12-13_05:15:32.958.jpg
I/org.umd.logging( 9877): Method > 1 com.mobilityware.solitaire.MWView.onTouchEvent(com.mobilityware.solitaire.MWView@422459951<file=2016-12-13_05:15:32.958><x=0><y=0><width=768><height=1184><id=2131165254><imagename=mwview>, android.view.MotionEvent@274779930)
I/org.umd.logging( 9877): Api > 1 android.animation.AnimatorSet.start(android.animation.AnimatorSet@515861242)
I/org.umd.logging( 9877): Api < 1 android.animation.AnimatorSet.start()
I/org.umd.logging( 9877): Api > 1 android.animation.AnimatorSet.start(android.animation.AnimatorSet@855401121)
I/org.umd.logging( 9877): Api < 1 android.animation.AnimatorSet.start()
E/Cataloger( 6490): syncFile:/storage/emulated/0/2016-12-13_05:15:32.958.jpg
I/org.umd.logging( 9877): Api > 1 android.animation.AnimatorSet.start(android.animation.AnimatorSet@880877492)
