V/WindowManager(  594): addAppToken: AppWindowToken{16add7cc token=Token{1e920dff ActivityRecord{e37411e u0 com.mobilityware.solitaire/com.google.android.gms.ads.AdActivity t34}}} to stack=1 task=34 at 1
I/org.umd.logging( 9877): Method < 1 com.mobilityware.advertising.AdControl$6.run()
I/org.umd.logging( 9877): Method > 1 com.mobilityware.solitaire.Solitaire.onPause(com.mobilityware.solitaire.Solitaire@839259446<activity=true>)
I/org.umd.logging( 9877): Method > 1 com.vungle.publisher.VunglePub.onPause(com.vungle.publisher.VunglePub@916015046)
I/org.umd.logging( 9877): Method > 1 com.vungle.publisher.VunglePubBase.onPause(com.vungle.publisher.VunglePub@916015046)
I/org.umd.logging( 9877): Api > 1 android.content.Context.startService(com.mobilityware.solitaire.SolitaireApplication@410649080, android.content.Intent@1011225479<action=com.vungle.publisher.VungleService.SESSION><data=null><package=null><component=com.mobilityware.solitaire/com.vungle.publisher.VungleService><type=null><filter_hashcode=-2112753303><activityPauseMillis=None><activityEvent=None><sessionStartMillis=None><umd_Intent_key=None>)
I/org.umd.logging( 9877): Api < 1 android.content.Context.startService()
I/org.umd.logging( 9877): Method < 1 com.vungle.publisher.VunglePubBase.onPause()
I/org.umd.logging( 9877): Method < 1 com.vungle.publisher.VunglePub.onPause()
I/org.umd.logging( 9877): Method < 1 com.mobilityware.solitaire.Solitaire.onPause()
I/org.umd.logging( 9877): Method > 1 com.vungle.publisher.VungleService.onStartCommand(com.vungle.publisher.VungleService@537529971, android.content.Intent@624140980<action=com.vungle.publisher.VungleService.SESSION><data=null><package=null><component=com.mobilityware.solitaire/com.vungle.publisher.VungleService><type=null><filter_hashcode=-2112753303><activityPauseMillis=None><activityEvent=None><sessionStartMillis=None><umd_Intent_key=None>, 0, 4)
I/org.umd.logging( 9877): Method > 1 com.vungle.publisher.VungleService.onStart(com.vungle.publisher.VungleService@537529971, android.content.Intent@624140980<action=com.vungle.publisher.VungleService.SESSION><data=null><package=null><component=com.mobilityware.solitaire/com.vungle.publisher.VungleService><type=null><filter_hashcode=-2112753303><activityPauseMillis=None><activityEvent=None><sessionStartMillis=None><umd_Intent_key=None>, 4)
I/org.umd.logging( 9877): Method < 1 com.vungle.publisher.VungleService.onStartCommand(2)
D/DynamitePackage( 9877): Instantiating com.google.android.gms.ads.ChimeraAdOverlayCreatorImpl
I/Ads     ( 9877): Ad opening.
V/WindowManager(  594): Adding window Window{1c12512a u0 com.mobilityware.solitaire/com.google.android.gms.ads.AdActivity} at 4 of 10 (after Window{f6ca9bd u0 com.mobilityware.solitaire/com.mobilityware.solitaire.Solitaire})
W/Ads     ( 9877): Unknown video action: mimetype
I/OMXClient( 9877): Using client-side OMX mux.
I/ActivityManager(  594): Displayed com.mobilityware.solitaire/com.google.android.gms.ads.AdActivity: +171ms
W/cr_BindingManager( 9877): Cannot call determinedVisibility() - never saw a connection for the pid: 9877
E/OMX-VDEC-1080P(  190): Extension: OMX.google.android.index.storeMetaDataInBuffers not implemented
E/OMXNodeInstance(  190): getExtensionIndex(40:qcom.decoder.avc, OMX.google.android.index.storeMetaDataInBuffers) ERROR: NotImplemented(0x80001006)
E/ACodec  ( 9877): [OMX.qcom.video.decoder.avc] storeMetaDataInBuffers failed w/ err -2147483648
E/OMX-VDEC-1080P(  190): 
E/OMX-VDEC-1080P(  190):  No color conversion required
E/OMX-VDEC-1080P(  190): 
E/OMX-VDEC-1080P(  190):  No color conversion required
E/OMX-VDEC-1080P(  190): 
E/OMX-VDEC-1080P(  190):  No color conversion required
E/OMX-VDEC-1080P(  190): 
E/OMX-VDEC-1080P(  190):  No color conversion required
E/OMX-VDEC-1080P(  190): 
E/OMX-VDEC-1080P(  190):  No color conversion required
E/OMX-VDEC-1080P(  190): 
E/OMX-VDEC-1080P(  190):  No color conversion required
E/OMX-VDEC-1080P(  190): 
E/OMX-VDEC-1080P(  190):  No color conversion required
E/OMX-VDEC-1080P(  190): 
E/OMX-VDEC-1080P(  190):  No color conversion required
E/OMX-VDEC-1080P(  190): 
E/OMX-VDEC-1080P(  190):  No color conversion required
E/OMX-VDEC-1080P(  190): GET_MV_BUFFER_SIZE returned: Size: 24576 and alignment: 8192
E/OMX-VDEC-1080P(  190): 
E/OMX-VDEC-1080P(  190):  No color conversion required
E/OMX-VDEC-1080P(  190): 
E/OMX-VDEC-1080P(  190):  No color conversion required
E/OMX-VDEC-1080P(  190): 
E/OMX-VDEC-1080P(  190):  No color conversion required
E/OMX-VDEC-1080P(  190): 
E/OMX-VDEC-1080P(  190):  No color conversion required
E/OMX-VDEC-1080P(  190): 
E/OMX-VDEC-1080P(  190):  No color conversion required
E/OMX-VDEC-1080P(  190): 
E/OMX-VDEC-1080P(  190):  No color conversion required
E/OMX-VDEC-1080P(  190): 
E/OMX-VDEC-1080P(  190):  No color conversion required
E/OMX-VDEC-1080P(  190): 
E/OMX-VDEC-1080P(  190):  No color conversion required
E/OMX-VDEC-1080P(  190): 
E/OMX-VDEC-1080P(  190):  No color conversion required
E/OMX-VDEC-1080P(  190): 
E/OMX-VDEC-1080P(  190):  No color conversion required
E/OMX-VDEC-1080P(  190): 
E/OMX-VDEC-1080P(  190):  No color conversion required
E/OMX-VDEC-1080P(  190): 
E/OMX-VDEC-1080P(  190):  No color conversion required
E/OMX-VDEC-1080P(  190): 
E/OMX-VDEC-1080P(  190):  No color conversion required
E/OMX-VDEC-1080P(  190): 
E/OMX-VDEC-1080P(  190):  No color conversion required
E/OMX-VDEC-1080P(  190): 
E/OMX-VDEC-1080P(  190):  No color conversion required
E/OMX-VDEC-1080P(  190): 
E/OMX-VDEC-1080P(  190):  No color conversion required
E/OMX-VDEC-1080P(  190): 
E/OMX-VDEC-1080P(  190):  No color conversion required
E/OMX-VDEC-1080P(  190): 
E/OMX-VDEC-1080P(  190):  No color conversion required
E/OMX-VDEC-1080P(  190): 
E/OMX-VDEC-1080P(  190):  No color conversion required
E/OMX-VDEC-1080P(  190): 
E/OMX-VDEC-1080P(  190):  No color conversion required
E/OMX-VDEC-1080P(  190): 
E/OMX-VDEC-1080P(  190):  No color conversion required
E/OMX-VDEC-1080P(  190): 
E/OMX-VDEC-1080P(  190):  No color conversion required
I/org.umd.logging( 4986): Method > 1 com.cleanmaster.base.crash.util.debug.b.run(com.cleanmaster.base.crash.util.debug.b@453239735)
I/org.umd.logging( 4986): Method < 1 com.cleanmaster.base.crash.util.debug.b.run()
E/OMX-VDEC-1080P(  190): 
E/OMX-VDEC-1080P(  190):  No color conversion required
E/OMX-VDEC-1080P(  190): 
E/OMX-VDEC-1080P(  190):  No color conversion required
E/OMX-VDEC-1080P(  190): 
E/OMX-VDEC-1080P(  190):  No color conversion required
E/OMX-VDEC-1080P(  190): 
E/OMX-VDEC-1080P(  190):  No color conversion required
E/OMX-VDEC-1080P(  190): 
E/OMX-VDEC-1080P(  190):  No color conversion required
E/OMX-VDEC-1080P(  190): GET_MV_BUFFER_SIZE returned: Size: 24576 and alignment: 8192
E/OMX-VDEC-1080P(  190): 
E/OMX-VDEC-1080P(  190):  No color conversion required
E/OMX-VDEC-1080P(  190): 
E/OMX-VDEC-1080P(  190):  No color conversion required
E/OMX-VDEC-1080P(  190): 
E/OMX-VDEC-1080P(  190):  No color conversion required
E/OMX-VDEC-1080P(  190): 
E/OMX-VDEC-1080P(  190):  No color conversion required
E/OMX-VDEC-1080P(  190): 
E/OMX-VDEC-1080P(  190):  No color conversion required
E/OMX-VDEC-1080P(  190): 
E/OMX-VDEC-1080P(  190):  No color conversion required
E/OMX-VDEC-1080P(  190): 
E/OMX-VDEC-1080P(  190):  No color conversion required
E/        (  190): 
E/        (  190):  not in avi mode
E/OMX-VDEC-1080P(  190): 
E/OMX-VDEC-1080P(  190):  No color conversion required
I/MediaFocusControl(  594):  AudioFocus  requestAudioFocus() from android.media.AudioManager@18292e76com.google.android.gms.ads.internal.overlay.bd@3af4ec77 req=2flags=0x0
I/chromium( 9877): [INFO:CONSOLE(0)] "Document was loaded from Application Cache with manifest https://googleads.g.doubleclick.net/mads/static/mad/sdk/native/sdk-core-v40-loader.appcache", source: https://googleads.g.doubleclick.net/mads/static/mad/sdk/native/sdk-core-v40-loader.html (0)
I/chromium( 9877): [INFO:CONSOLE(0)] "Application Cache Checking event", source: https://googleads.g.doubleclick.net/mads/static/mad/sdk/native/sdk-core-v40-loader.html (0)
I/Solitaire( 9877): onStop early exit
I/chromium( 9877): [INFO:CONSOLE(0)] "Application Cache NoUpdate event", source: https://googleads.g.doubleclick.net/mads/static/mad/sdk/native/sdk-core-v40-loader.html (0)
E/chromium( 9877): [ERROR:interface_registry.cc(99)] Failed to locate a binder for interface: autofill::mojom::AutofillDriver
I/MediaFocusControl(  594):  AudioFocus  abandonAudioFocus() from android.media.AudioManager@18292e76com.google.android.gms.ads.internal.overlay.bd@3af4ec77
I/DownloadManagerWrapper(  949): onReceive() : Charging = true
W/ActivityManager(  594): getRunningAppProcesses: caller 10216 does not hold REAL_GET_TASKS; limiting output
W/Ads     ( 9877): JS: Synchronous XMLHttpRequest on the main thread is deprecated because of its detrimental effects to the end user's experience. For more help, check https://xhr.spec.whatwg.org/. (https://imasdk.googleapis.com/admob/sdkloader/video_ctd_v5_si.js:120)
I/chromium( 9877): [INFO:CONSOLE(120)] "Synchronous XMLHttpRequest on the main thread is deprecated because of its detrimental effects to the end user's experience. For more help, check https://xhr.spec.whatwg.org/.", source: https://imasdk.googleapis.com/admob/sdkloader/video_ctd_v5_si.js (120)
I/ActivityManager(  594): START u0 {act=android.intent.action.VIEW dat=market://details?id=net.peakgames.amy&referrer=adsplayload=CAE&ai=CvEzK83JQWIX6F8eOpgPbrqCYB6Czg7RH7M-46fID_Pvtyp0CEAEgnunhImDJhu2IhKTsD6ABiYzzwAOoAwHIAwiqBLQBT9C55PiQjmTBRGymX5b3hjWVMm6lzc9OtdJ1yjeo1SAHCYidu9jVqd0tNBv4l5D3RO7ggnMKewWkBmC7x1xpCdt-jwEKB7Zi7L4_PIsSrZV2GANSkUcJDGMGs2j0GN-w0anskn4DaZYgBLHHAmqewuKHSLuUdqPxoEiuatblJUuGCsifQD0-VpXsN0dr6QcflUfd3Fh6KfhxEp6PVagvB-6DjEESLNwb5qVun41JltDXj5jdiAXGv57PApAGAaAGHLAGAYAH3_OMP5gHAagHpr4buAfg3syg-sacrgzAB4rVA8AH6NQD2AcB-gcRbmV0LnBlYWtnYW1lcy5hbXmwCAK4CAHSCAUIgAEQAbgTsQM&gclid=CNbLv_yY8tACFcSCswodMS4KBQ&conv=941409801&network=d cmp=com.android.vending/com.google.android.finsky.activities.LaunchUrlHandlerActivity} from uid 10216 on display 0
V/WindowManager(  594): addAppToken: AppWindowToken{370d52d0 token=Token{280e4293 ActivityRecord{276fdb82 u0 com.android.vending/com.google.android.finsky.activities.LaunchUrlHandlerActivity t34}}} to stack=1 task=34 at 2
I/Ads     ( 9877): Ad leaving application.
D/OpenGLRenderer( 7489): Use EGL_SWAP_BEHAVIOR_PRESERVED: true
D/Atlas   ( 7489): Validating map...
V/WindowManager(  594): Adding window Window{2ff1d285 u0 com.android.vending/com.google.android.finsky.activities.LaunchUrlHandlerActivity} at 5 of 11 (after Window{1c12512a u0 com.mobilityware.solitaire/com.google.android.gms.ads.AdActivity})
E/Finsky  ( 7489): [1] com.google.android.finsky.activities.LaunchUrlHandlerActivity.a(229): Launch URL without continue URL
I/ActivityManager(  594): START u0 {act=android.intent.action.VIEW dat=http://market.android.com/details?id=net.peakgames.amy&referrer=adsplayload=CAE&ai=CvEzK83JQWIX6F8eOpgPbrqCYB6Czg7RH7M-46fID_Pvtyp0CEAEgnunhImDJhu2IhKTsD6ABiYzzwAOoAwHIAwiqBLQBT9C55PiQjmTBRGymX5b3hjWVMm6lzc9OtdJ1yjeo1SAHCYidu9jVqd0tNBv4l5D3RO7ggnMKewWkBmC7x1xpCdt-jwEKB7Zi7L4_PIsSrZV2GANSkUcJDGMGs2j0GN-w0anskn4DaZYgBLHHAmqewuKHSLuUdqPxoEiuatblJUuGCsifQD0-VpXsN0dr6QcflUfd3Fh6KfhxEp6PVagvB-6DjEESLNwb5qVun41JltDXj5jdiAXGv57PApAGAaAGHLAGAYAH3_OMP5gHAagHpr4buAfg3syg-sacrgzAB4rVA8AH6NQD2AcB-gcRbmV0LnBlYWtnYW1lcy5hbXmwCAK4CAHSCAUIgAEQAbgTsQM&gclid=CNbLv_yY8tACFcSCswodMS4KBQ&conv=941409801&network=d cmp=com.android.vending/com.google.android.finsky.activities.MainActivity (has extras)} from uid 10018 on display 0
V/WindowManager(  594): addAppToken: AppWindowToken{2e88abe8 token=Token{38d9710b ActivityRecord{2ff958da u0 com.android.vending/com.google.android.finsky.activities.MainActivity t35}}} to stack=1 task=35 at 0
V/WindowManager(  594): Adding window Window{61cf683 u0 Starting com.android.vending} at 6 of 12 (after Window{2ff1d285 u0 com.android.vending/com.google.android.finsky.activities.LaunchUrlHandlerActivity})
I/Adreno-EGL( 7489): <qeglDrvAPI_eglInitialize:379>: QUALCOMM Build: 01/15/15, ab0075f, Id3510ff6dc
I/OpenGLRenderer( 7489): Initialized EGL, version 1.4
D/OpenGLRenderer( 7489): Enabling debug mode 0
W/Finsky  ( 7489): [1] com.google.android.finsky.b.s.a(263): No LoggingContext in the bundle, which breaks event chain!. Creating a new logging context.
E/OMX-VDEC-1080P(  190): 
E/OMX-VDEC-1080P(  190):  Error in ioctl read next msg
E/        (  190): 
E/        (  190):  Destroy C2D instance
E/        (  190): 
E/        (  190):  Destroy C2D instance
W/Ads     ( 9877): Received non-success response code 301 from pinging URL: http://app.adjust.io/hgf1ag?google_network=d&google_placement=mobileapp%3A%3A2-com.mobilityware.solitaire&campaign=tb_and_ggl_disp-vid_all_0-100b_interest_us_all_all_cpi&adgroup=mobileapp%3A%3A2-com.mobilityware.solitaire&creative=smplegmply-colorbrick-peak-13s_1080x1920_all_vid_en&lpurl=http://play.google.com/store/apps/details%3Fid%3Dnet.peakgames.amy&tracker_limit=100000&gclid=CNbLv_yY8tACFcSCswodMS4KBQ&referrer=adsplayload%3DCAE%26ai%3DCvEzK83JQWIX6F8eOpgPbrqCYB6Czg7RH7M-46fID_Pvtyp0CEAEgnunhImDJhu2IhKTsD6ABiYzzwAOoAwHIAwiqBLQBT9C55PiQjmTBRGymX5b3hjWVMm6lzc9OtdJ1yjeo1SAHCYidu9jVqd0tNBv4l5D3RO7ggnMKewWkBmC7x1xpCdt-jwEKB7Zi7L4_PIsSrZV2GANSkUcJDGMGs2j0GN-w0anskn4DaZYgBLHHAmqewuKHSLuUdqPxoEiuatblJUuGCsifQD0-VpXsN0dr6QcflUfd3Fh6KfhxEp6PVagvB-6DjEESLNwb5qVun41JltDXj5jdiAXGv57PApAGAaAGHLAGAYAH3_OMP5gHAagHpr4buAfg3syg-sacrgzAB4rVA8AH6NQD2AcB-gcRbmV0LnBlYWtnYW1lcy5hbXmwCAK4CAHSCAUIgAEQAbgTsQM%26gclid%3DCNbLv_yY8tACFcSCswodMS4KBQ%26conv%3D941409801%26network%3Dd&urlloadedinbrowser=false
I/Finsky  ( 7489): [1] com.google.android.finsky.utils.di.a(1045): Starting LocationRefresher
V/WindowManager(  594): Adding window Window{47269a9 u0 com.android.vending/com.google.android.finsky.activities.MainActivity} at 6 of 13 (before Window{61cf683 u0 Starting com.android.vending})
I/Finsky  ( 7489): [1] com.google.android.finsky.selfupdate.f.a(165): Skipping DFE self-update. Local Version [80721300] >= Server Version [-1]
I/Finsky  ( 7489): [1] com.google.android.finsky.utils.ji.a(101): TOS is accepted (pref)
E/WifiStateMachine(  594): WifiStateMachine CMD_START_SCAN source -2 txSuccessRate=16.45 rxSuccessRate=19.76 targetRoamBSSID=any RSSI=-41
I/Finsky  ( 7489): [1] com.google.android.finsky.receivers.UpdateWidgetsReceiver.onReceive(38): Updated 0 MarketWidgetProvider widgets (com.google.android.finsky.action.TOC_SET)
I/Finsky  ( 7489): [1] com.google.android.finsky.receivers.UpdateWidgetsReceiver.onReceive(38): Updated 0 RecommendedWidgetProvider widgets (com.google.android.finsky.action.TOC_SET)
I/Finsky  ( 7489): [1] com.google.android.finsky.receivers.UpdateWidgetsReceiver.onReceive(38): Updated 0 NowPlayingWidgetProvider widgets (com.google.android.finsky.action.TOC_SET)
I/ActivityManager(  594): Displayed com.android.vending/com.google.android.finsky.activities.MainActivity: +573ms (total +728ms)
W/Settings( 7489): Setting install_non_market_apps has moved from android.provider.Settings.Global to android.provider.Settings.Secure, returning read-only value.
W/Settings( 7489): Setting download_manager_max_bytes_over_mobile has moved from android.provider.Settings.Secure to android.provider.Settings.Global.
W/Finsky  ( 7489): [1] com.google.android.finsky.b.s.a(263): No LoggingContext in the bundle, which breaks event chain!. Creating a new logging context.
W/ResourceType(  738): No package identifier when getting value for resource number 0x00000000
W/PackageManager(  738): Failure retrieving resources for com.android.vending: Resource ID #0x0
I/ActivityManager(  594): START u0 {act=com.android.systemui.recents.SHOW_RECENTS flg=0x10804000 cmp=com.android.systemui/.recents.RecentsActivity} from uid 10022 on display 0
W/ResourceType(  738): No package identifier when getting value for resource number 0x00000000
W/PackageManager(  738): Failure retrieving resources for com.mobilityware.solitaire: Resource ID #0x0
I/Finsky  ( 7489): [1] com.google.android.finsky.utils.dl.a(70): Connection with LocationServices established
W/GCoreFlp( 1301): No location to return for getLastLocation()
I/Finsky  ( 7489): [1] com.google.android.finsky.utils.dl.a(97): Requesting Location Updates; Interval: 300000
I/Finsky  ( 7489): [1] com.google.android.finsky.widget.a.onReceive(137): Received ACTION_APPWIDGET_UPDATE, updating 0 widgets.
W/GCoreFlp( 1301): No location to return for getLastLocation()
I/PlayCommon( 7489): [2075] com.google.android.play.a.g.e(853): Preparing logs for uploading
I/PlayCommon( 7489): [2075] com.google.android.play.a.g.a(993): Connecting to server: https://play.googleapis.com/play/log?format=raw&proto_v2=true
I/Finsky  ( 7489): [1] com.google.android.finsky.utils.di.b(2059): Stopping LocationRefresher
I/Finsky  ( 7489): [1] com.google.android.finsky.utils.do.onTrimMemory(17): Memory trim requested to level 20
I/Finsky  ( 7489): [1] com.google.android.finsky.utils.do.onTrimMemory(21): Flushing in-memory image cache
W/InputMethodManagerService(  594): Starting input on non-focused client com.android.internal.view.IInputMethodClient$Stub$Proxy@30fe6769 (uid=10018 pid=7489)
I/Finsky  ( 7489): [1] com.google.android.finsky.widget.a.onReceive(137): Received ACTION_APPWIDGET_UPDATE, updating 0 widgets.
I/Finsky  ( 7489): [1] com.google.android.finsky.widget.a.onReceive(137): Received ACTION_APPWIDGET_UPDATE, updating 0 widgets.
I/art     (  594): Explicit concurrent mark sweep GC freed 29565(1376KB) AllocSpace objects, 6(1688KB) LOS objects, 33% free, 25MB/38MB, paused 1.770ms total 107.858ms
I/PlayCommon( 7489): [2075] com.google.android.play.a.g.a(1068): Successfully uploaded logs.
I/PlayCommon( 7489): [2075] com.google.android.play.a.g.e(853): Preparing logs for uploading
I/PlayCommon( 7489): [2075] com.google.android.play.a.g.e(855): No file ready to send
I/PlayCommon( 7489): [2075] com.google.android.play.a.g.e(853): Preparing logs for uploading
I/PlayCommon( 7489): [2075] com.google.android.play.a.g.a(993): Connecting to server: https://play.googleapis.com/play/log?format=raw&proto_v2=true
W/Herrevad( 1667): Invalid mccmnc 
W/Herrevad( 1667): Invalid mccmnc 
I/Scheduler( 1301): Cleaning up unwanted schedulers, if there are any.
I/PlayCommon( 7489): [2075] com.google.android.play.a.g.a(1068): Successfully uploaded logs.
I/PlayCommon( 7489): [2075] com.google.android.play.a.g.e(853): Preparing logs for uploading
I/PlayCommon( 7489): [2075] com.google.android.play.a.g.e(855): No file ready to send
I/PlayCommon( 7489): [2075] com.google.android.play.a.g.e(853): Preparing logs for uploading
I/PlayCommon( 7489): [2075] com.google.android.play.a.g.a(993): Connecting to server: https://play.googleapis.com/play/log?format=raw&proto_v2=true
I/ActivityManager(  594): Killing 7489:com.android.vending/u0a18 (adj 9): remove task
I/WindowState(  594): WIN DEATH: Window{47269a9 u0 com.android.vending/com.google.android.finsky.activities.MainActivity}
D/audio_hw_primary(  190): disable_audio_route: reset and update mixer path: low-latency-playback
D/audio_hw_primary(  190): disable_snd_device: snd_device(2: speaker)
I/org.umd.logging( 9877): Api > 2179 android.content.Intent.<init>(android.content.Intent@77347304<action=com.vungle.publisher.VungleService.PROTOCOL><data=http://api.vungle.com/api/v1/sessionEnd><package=null><component=com.mobilityware.solitaire/com.vungle.publisher.VungleService><type=null><filter_hashcode=-1784864382><umd_Intent_key=None>, "com.vungle.publisher.VungleService.PROTOCOL", android.net.Uri$StringUri@26839041<URI=http://api.vungle.com/api/v1/sessionEnd>, com.mobilityware.solitaire.SolitaireApplication@410649080, com.vungle.publisher.VungleService)
I/org.umd.logging( 9877): Api < 2179 android.content.Intent.<init>(android.content.Intent@77347304<action=com.vungle.publisher.VungleService.PROTOCOL><data=http://api.vungle.com/api/v1/sessionEnd><package=null><component=com.mobilityware.solitaire/com.vungle.publisher.VungleService><type=null><filter_hashcode=-1784864382><umd_Intent_key=None>)
I/org.umd.logging( 9877): Api > 2179 android.content.Context.startService(com.mobilityware.solitaire.SolitaireApplication@410649080, android.content.Intent@77347304<action=com.vungle.publisher.VungleService.PROTOCOL><data=http://api.vungle.com/api/v1/sessionEnd><package=null><component=com.mobilityware.solitaire/com.vungle.publisher.VungleService><type=null><filter_hashcode=-1784864382><umd_Intent_key=None><transaction=None>)
I/org.umd.logging( 9877): Api < 2179 android.content.Context.startService()
I/org.umd.logging( 9877): Method > 1 com.vungle.publisher.VungleService.onStartCommand(com.vungle.publisher.VungleService@537529971, android.content.Intent@664102566<action=com.vungle.publisher.VungleService.PROTOCOL><data=http://api.vungle.com/api/v1/sessionEnd><package=null><component=com.mobilityware.solitaire/com.vungle.publisher.VungleService><type=null><filter_hashcode=-1784864382><umd_Intent_key=None><transaction=None>, 0, 5)
I/org.umd.logging( 9877): Method > 1 com.vungle.publisher.VungleService.onStart(com.vungle.publisher.VungleService@537529971, android.content.Intent@664102566<action=com.vungle.publisher.VungleService.PROTOCOL><data=http://api.vungle.com/api/v1/sessionEnd><package=null><component=com.mobilityware.solitaire/com.vungle.publisher.VungleService><type=null><filter_hashcode=-1784864382><umd_Intent_key=None><transaction=None>, 5)
I/org.umd.logging( 9877): Method < 1 com.vungle.publisher.VungleService.onStartCommand(2)
I/org.umd.logging( 9877): Api > 2286 android.net.ConnectivityManager.getActiveNetworkInfo(android.net.ConnectivityManager@36278807)
I/org.umd.logging( 9877): Api < 2286 android.net.ConnectivityManager.getActiveNetworkInfo(android.net.NetworkInfo@820972692)
I/org.umd.logging( 9877): Method > 2286 com.vungle.publisher.bt$a.run(com.vungle.publisher.bt$a@974496573)
I/org.umd.logging( 9877): Method > 2286 com.vungle.publisher.bx.run(com.vungle.publisher.bx@287393586)
I/org.umd.logging( 9877): Api > 2286 java.net.URL.openConnection(java.net.URL@831044739<URL=http://api.vungle.com/api/v1/sessionEnd>)
I/org.umd.logging( 9877): Api < 2286 java.net.URL.openConnection(com.android.okhttp.internal.http.HttpURLConnectionImpl@284843520)
I/org.umd.logging( 9877): Method < 2286 com.vungle.publisher.bx.run()
I/org.umd.logging( 9877): Method < 2286 com.vungle.publisher.bt$a.run()
I/org.umd.logging( 4986): Method > 1 com.cleanmaster.base.crash.util.debug.b.run(com.cleanmaster.base.crash.util.debug.b@453239735)
I/org.umd.logging( 4986): Method < 1 com.cleanmaster.base.crash.util.debug.b.run()
I/org.umd.logging( 9877): Method > 1 com.mobilityware.solitaire.MWView$8.run(com.mobilityware.solitaire.MWView$8@588817534)
I/org.umd.logging( 9877): Method < 1 com.mobilityware.solitaire.MWView$8.run()
I/DownloadManagerWrapper(  949): onReceive() : Charging = true
E/MtpServerJNI(  761): server is null in send_object_removed
E/SQLiteLog( 1301): (2067) abort at 35 in [INSERT INTO context(context_name,end_time,context_family,module_id,version,sync_state_mod_time_millis,start_time,sync_state,context_id,time_type,proto_blob) VALUES (?,?,?,?,?,?,?,?,?,?,?)]: UNI
E/SQLiteLog( 1301): (2067) abort at 35 in [INSERT INTO context(context_name,end_time,context_family,module_id,version,sync_state_mod_time_millis,start_time,sync_state,context_id,time_type,proto_blob) VALUES (?,?,?,?,?,?,?,?,?,?,?)]: UNI
E/SQLiteLog( 1301): (2067) abort at 35 in [INSERT INTO context(context_name,end_time,context_family,module_id,version,sync_state_mod_time_millis,start_time,sync_state,context_id,time_type,proto_blob) VALUES (?,?,?,?,?,?,?,?,?,?,?)]: UNI
E/SQLiteLog( 1301): (2067) abort at 35 in [INSERT INTO context(context_name,end_time,context_family,module_id,version,sync_state_mod_time_millis,start_time,sync_state,context_id,time_type,proto_blob) VALUES (?,?,?,?,?,?,?,?,?,?,?)]: UNI
E/SQLiteLog( 1301): (2067) abort at 35 in [INSERT INTO context(context_name,end_time,context_family,module_id,version,sync_state_mod_time_millis,start_time,sync_state,context_id,time_type,proto_blob) VALUES (?,?,?,?,?,?,?,?,?,?,?)]: UNI
E/SQLiteLog( 1301): (2067) abort at 35 in [INSERT INTO context(context_name,end_time,context_family,module_id,version,sync_state_mod_time_millis,start_time,sync_state,context_id,time_type,proto_blob) VALUES (?,?,?,?,?,?,?,?,?,?,?)]: UNI
E/SQLiteLog( 1301): (2067) abort at 35 in [INSERT INTO context(context_name,end_time,context_family,module_id,version,sync_state_mod_time_millis,start_time,sync_state,context_id,time_type,proto_blob) VALUES (?,?,?,?,?,?,?,?,?,?,?)]: UNI
E/SQLiteLog( 1301): (2067) abort at 35 in [INSERT INTO context(context_name,end_time,context_family,module_id,version,sync_state_mod_time_millis,start_time,sync_state,context_id,time_type,proto_blob) VALUES (?,?,?,?,?,?,?,?,?,?,?)]: UNI
E/SQLiteLog( 1301): (2067) abort at 35 in [INSERT INTO context(context_name,end_time,context_family,module_id,version,sync_state_mod_time_millis,start_time,sync_state,context_id,time_type,proto_blob) VALUES (?,?,?,?,?,?,?,?,?,?,?)]: UNI
E/SQLiteLog( 1301): (2067) abort at 35 in [INSERT INTO context(context_name,end_time,context_family,module_id,version,sync_state_mod_time_millis,start_time,sync_state,context_id,time_type,proto_blob) VALUES (?,?,?,?,?,?,?,?,?,?,?)]: UNI
