I/org.umd.logging( 9877): Api < 1 android.animation.AnimatorSet.start()
I/org.umd.logging( 9877): Api > 1 android.animation.AnimatorSet.start(android.animation.AnimatorSet@343654947)
I/org.umd.logging( 9877): Api < 1 android.animation.AnimatorSet.start()
I/org.umd.logging( 9877): Api > 1 android.animation.AnimatorSet.start(android.animation.AnimatorSet@271392414)
I/org.umd.logging( 9877): Api < 1 android.animation.AnimatorSet.start()
I/org.umd.logging( 9877): Api > 1 android.media.MediaPlayer.start(android.media.MediaPlayer@1032271980)
D/NuPlayerDriver(  190): start(0xb7a3ea08)
D/audio_hw_primary(  190): select_devices: out_snd_device(2: speaker) in_snd_device(0: none)
D/ACDB-LOADER(  190): ACDB -> send_afe_cal
D/audio_hw_primary(  190): enable_snd_device: snd_device(2: speaker)
I/org.umd.logging( 9877): Api < 1 android.media.MediaPlayer.start()
D/audio_hw_primary(  190): enable_audio_route: apply and update mixer path: low-latency-playback
I/org.umd.logging( 9877): Method < 1 com.mobilityware.solitaire.MWView.onTouchEvent(true)
I/org.umd.logging( 9877): Method > 1 com.mobilityware.solitaire.MWView$4.run(com.mobilityware.solitaire.MWView$4@882586314)
I/org.umd.logging( 9877): Method < 1 com.mobilityware.solitaire.MWView$4.run()
I/org.umd.logging( 9877): Method > 1 com.mobilityware.solitaire.AnimationManager$1.run(com.mobilityware.solitaire.AnimationManager$1@129401168)
I/org.umd.logging( 9877): Method < 1 com.mobilityware.solitaire.AnimationManager$1.run()
I/NuPlayerDecoder(  190): [OMX.google.vorbis.decoder] resubmitting CSD
W/SoftVorbis(  190): vorbis_dsp_synthesis returned -135
I/NuPlayerDecoder(  190): [OMX.google.vorbis.decoder] resubmitting CSD
W/SoftVorbis(  190): vorbis_dsp_synthesis returned -135
I/org.umd.logging( 9877): Method > 1 com.mobilityware.solitaire.AnimationManager$1.run(com.mobilityware.solitaire.AnimationManager$1@129401168)
I/org.umd.logging( 9877): Method < 1 com.mobilityware.solitaire.AnimationManager$1.run()
I/org.umd.logging( 9877): Method > 1 com.mobilityware.solitaire.AnimationManager$1.run(com.mobilityware.solitaire.AnimationManager$1@129401168)
I/org.umd.logging( 9877): Method < 1 com.mobilityware.solitaire.AnimationManager$1.run()
I/org.umd.logging( 9877): Method > 1 com.mobilityware.solitaire.AnimationManager$1.run(com.mobilityware.solitaire.AnimationManager$1@129401168)
I/org.umd.logging( 9877): Method < 1 com.mobilityware.solitaire.AnimationManager$1.run()
I/org.umd.logging( 9877): Method > 1 com.mobilityware.solitaire.AnimationManager$1.run(com.mobilityware.solitaire.AnimationManager$1@129401168)
I/org.umd.logging( 9877): Method < 1 com.mobilityware.solitaire.AnimationManager$1.run()
I/org.umd.logging( 9877): Method > 1 com.mobilityware.solitaire.AnimationManager$1.run(com.mobilityware.solitaire.AnimationManager$1@129401168)
I/org.umd.logging( 9877): Method < 1 com.mobilityware.solitaire.AnimationManager$1.run()
I/org.umd.logging( 9877): Method > 1 com.mobilityware.solitaire.AnimationManager$1.run(com.mobilityware.solitaire.AnimationManager$1@129401168)
I/org.umd.logging( 9877): Method < 1 com.mobilityware.solitaire.AnimationManager$1.run()
I/org.umd.logging( 9877): Method > 1 com.mobilityware.solitaire.AnimationManager$1.run(com.mobilityware.solitaire.AnimationManager$1@129401168)
I/org.umd.logging( 9877): Method < 1 com.mobilityware.solitaire.AnimationManager$1.run()
I/org.umd.logging( 9877): Method > 1 com.mobilityware.solitaire.AnimationManager$1.run(com.mobilityware.solitaire.AnimationManager$1@129401168)
I/org.umd.logging( 9877): Method < 1 com.mobilityware.solitaire.AnimationManager$1.run()
I/org.umd.logging( 9877): Method > 1 com.mobilityware.solitaire.AnimationManager$1.run(com.mobilityware.solitaire.AnimationManager$1@129401168)
I/org.umd.logging( 9877): Method < 1 com.mobilityware.solitaire.AnimationManager$1.run()
I/org.umd.logging( 9877): Method > 1 com.mobilityware.solitaire.MWView$4.run(com.mobilityware.solitaire.MWView$4@882586314)
I/org.umd.logging( 9877): Method < 1 com.mobilityware.solitaire.MWView$4.run()
E/Cataloger( 6490): syncFile:/storage/emulated/0/2016-12-13_05:15:34.224.jpg
I/org.umd.logging( 9877): Method > 1 com.mobilityware.solitaire.MWView.onTouchEvent(com.mobilityware.solitaire.MWView@422459951<file=2016-12-13_05:15:34.224><x=0><y=0><width=768><height=1184><id=2131165254><imagename=mwview>, android.view.MotionEvent@274779930)
I/org.umd.logging( 9877): Method < 1 com.mobilityware.solitaire.MWView.onTouchEvent(true)
E/Cataloger( 6490): syncFile:/storage/emulated/0/2016-12-13_05:15:34.224.jpg
E/Cataloger( 6490): syncFile:/storage/emulated/0/2016-12-13_05:15:34.499.jpg
I/org.umd.logging( 9877): Method > 1 com.mobilityware.solitaire.MWView.onTouchEvent(com.mobilityware.solitaire.MWView@422459951<file=2016-12-13_05:15:34.499><x=0><y=0><width=768><height=1184><id=2131165254><imagename=mwview>, android.view.MotionEvent@274779930)
E/Cataloger( 6490): syncFile:/storage/emulated/0/2016-12-13_05:15:34.499.jpg
I/org.umd.logging( 9877): Method < 1 com.mobilityware.solitaire.MWView.onTouchEvent(true)
E/Cataloger( 6490): syncFile:/storage/emulated/0/2016-12-13_05:15:34.741.jpg
I/org.umd.logging( 9877): Method > 1 com.mobilityware.solitaire.MWView.onTouchEvent(com.mobilityware.solitaire.MWView@422459951<file=2016-12-13_05:15:34.741><x=0><y=0><width=768><height=1184><id=2131165254><imagename=mwview>, android.view.MotionEvent@274779930)
I/org.umd.logging( 9877): Method < 1 com.mobilityware.solitaire.MWView.onTouchEvent(true)
E/Cataloger( 6490): syncFile:/storage/emulated/0/2016-12-13_05:15:34.741.jpg
E/Cataloger( 6490): syncFile:/storage/emulated/0/2016-12-13_05:15:34.985.jpg
I/org.umd.logging( 9877): Method > 1 com.mobilityware.solitaire.MWView.onTouchEvent(com.mobilityware.solitaire.MWView@422459951<file=2016-12-13_05:15:34.985><x=0><y=0><width=768><height=1184><id=2131165254><imagename=mwview>, android.view.MotionEvent@274779930)
I/org.umd.logging( 9877): Api > 1 android.animation.AnimatorSet.start(android.animation.AnimatorSet@747427221)
I/org.umd.logging( 9877): Api < 1 android.animation.AnimatorSet.start()
E/Cataloger( 6490): syncFile:/storage/emulated/0/2016-12-13_05:15:34.985.jpg
I/org.umd.logging( 9877): Method < 1 com.mobilityware.solitaire.MWView.onTouchEvent(true)
I/org.umd.logging( 9877): Method > 1 com.mobilityware.solitaire.MWView$4.run(com.mobilityware.solitaire.MWView$4@882586314)
I/org.umd.logging( 9877): Method < 1 com.mobilityware.solitaire.MWView$4.run()
E/Cataloger( 6490): syncFile:/storage/emulated/0/2016-12-13_05:15:35.922.jpg
I/org.umd.logging( 9877): Method > 1 com.mobilityware.solitaire.MWView.onTouchEvent(com.mobilityware.solitaire.MWView@422459951<file=2016-12-13_05:15:35.922><x=0><y=0><width=768><height=1184><id=2131165254><imagename=mwview>, android.view.MotionEvent@274779930)
I/org.umd.logging( 9877): Method < 1 com.mobilityware.solitaire.MWView.onTouchEvent(true)
E/Cataloger( 6490): syncFile:/storage/emulated/0/2016-12-13_05:15:35.922.jpg
E/Cataloger( 6490): syncFile:/storage/emulated/0/2016-12-13_05:15:36.160.jpg
I/org.umd.logging( 9877): Method > 1 com.mobilityware.solitaire.MWView.onTouchEvent(com.mobilityware.solitaire.MWView@422459951<file=2016-12-13_05:15:36.160><x=0><y=0><width=768><height=1184><id=2131165254><imagename=mwview>, android.view.MotionEvent@274779930)
I/org.umd.logging( 9877): Method < 1 com.mobilityware.solitaire.MWView.onTouchEvent(true)
E/Cataloger( 6490): syncFile:/storage/emulated/0/2016-12-13_05:15:36.160.jpg
E/Cataloger( 6490): syncFile:/storage/emulated/0/2016-12-13_05:15:36.375.jpg
D/audio_hw_primary(  190): disable_audio_route: reset and update mixer path: low-latency-playback
D/audio_hw_primary(  190): disable_snd_device: snd_device(2: speaker)
I/org.umd.logging( 9877): Method > 1 com.mobilityware.solitaire.MWView.onTouchEvent(com.mobilityware.solitaire.MWView@422459951<file=2016-12-13_05:15:36.375><x=0><y=0><width=768><height=1184><id=2131165254><imagename=mwview>, android.view.MotionEvent@274779930)
I/org.umd.logging( 9877): Api > 1 android.animation.AnimatorSet.start(android.animation.AnimatorSet@489788984)
I/org.umd.logging( 9877): Api < 1 android.animation.AnimatorSet.start()
I/org.umd.logging( 9877): Api > 1 android.animation.AnimatorSet.start(android.animation.AnimatorSet@247233911)
I/org.umd.logging( 9877): Api < 1 android.animation.AnimatorSet.start()
I/org.umd.logging( 9877): Api > 1 android.animation.AnimatorSet.start(android.animation.AnimatorSet@25641218)
E/Cataloger( 6490): syncFile:/storage/emulated/0/2016-12-13_05:15:36.375.jpg
I/org.umd.logging( 9877): Api < 1 android.animation.AnimatorSet.start()
I/org.umd.logging( 9877): Api > 1 android.animation.AnimatorSet.start(android.animation.AnimatorSet@224171593)
I/org.umd.logging( 9877): Api < 1 android.animation.AnimatorSet.start()
I/org.umd.logging( 9877): Api > 1 android.animation.AnimatorSet.start(android.animation.AnimatorSet@964494716)
I/org.umd.logging( 9877): Api < 1 android.animation.AnimatorSet.start()
I/org.umd.logging( 9877): Api > 1 android.media.MediaPlayer.start(android.media.MediaPlayer@1032271980)
D/NuPlayerDriver(  190): start(0xb7a3ea08)
I/org.umd.logging( 9877): Api < 1 android.media.MediaPlayer.start()
I/org.umd.logging( 9877): Method < 1 com.mobilityware.solitaire.MWView.onTouchEvent(true)
D/audio_hw_primary(  190): select_devices: out_snd_device(2: speaker) in_snd_device(0: none)
D/ACDB-LOADER(  190): ACDB -> send_afe_cal
D/audio_hw_primary(  190): enable_snd_device: snd_device(2: speaker)
I/NuPlayerDecoder(  190): [OMX.google.vorbis.decoder] resubmitting CSD
D/audio_hw_primary(  190): enable_audio_route: apply and update mixer path: low-latency-playback
I/NuPlayerDecoder(  190): [OMX.google.vorbis.decoder] resubmitting CSD
W/SoftVorbis(  190): vorbis_dsp_synthesis returned -135
W/SoftVorbis(  190): vorbis_dsp_synthesis returned -135
I/org.umd.logging( 9877): Method > 1 com.mobilityware.solitaire.MWView$4.run(com.mobilityware.solitaire.MWView$4@882586314)
I/org.umd.logging( 4986): Method > 1 com.cleanmaster.base.crash.util.debug.b.run(com.cleanmaster.base.crash.util.debug.b@453239735)
I/org.umd.logging( 4986): Method < 1 com.cleanmaster.base.crash.util.debug.b.run()
I/org.umd.logging( 9877): Method < 1 com.mobilityware.solitaire.MWView$4.run()
I/org.umd.logging( 9877): Method > 1 com.mobilityware.solitaire.AnimationManager$1.run(com.mobilityware.solitaire.AnimationManager$1@129401168)
I/org.umd.logging( 9877): Method < 1 com.mobilityware.solitaire.AnimationManager$1.run()
I/org.umd.logging( 9877): Method > 1 com.mobilityware.solitaire.AnimationManager$1.run(com.mobilityware.solitaire.AnimationManager$1@129401168)
I/org.umd.logging( 9877): Method < 1 com.mobilityware.solitaire.AnimationManager$1.run()
I/org.umd.logging( 9877): Method > 1 com.mobilityware.solitaire.AnimationManager$1.run(com.mobilityware.solitaire.AnimationManager$1@129401168)
I/org.umd.logging( 9877): Method < 1 com.mobilityware.solitaire.AnimationManager$1.run()
I/org.umd.logging( 9877): Method > 1 com.mobilityware.solitaire.AnimationManager$1.run(com.mobilityware.solitaire.AnimationManager$1@129401168)
I/org.umd.logging( 9877): Method < 1 com.mobilityware.solitaire.AnimationManager$1.run()
I/org.umd.logging( 9877): Method > 1 com.mobilityware.solitaire.AnimationManager$1.run(com.mobilityware.solitaire.AnimationManager$1@129401168)
I/org.umd.logging( 9877): Method < 1 com.mobilityware.solitaire.AnimationManager$1.run()
I/org.umd.logging( 9877): Method > 1 com.mobilityware.solitaire.AnimationManager$1.run(com.mobilityware.solitaire.AnimationManager$1@129401168)
I/org.umd.logging( 9877): Method < 1 com.mobilityware.solitaire.AnimationManager$1.run()
I/org.umd.logging( 9877): Method > 1 com.mobilityware.solitaire.AnimationManager$1.run(com.mobilityware.solitaire.AnimationManager$1@129401168)
I/org.umd.logging( 9877): Method < 1 com.mobilityware.solitaire.AnimationManager$1.run()
I/org.umd.logging( 9877): Method > 1 com.mobilityware.solitaire.AnimationManager$1.run(com.mobilityware.solitaire.AnimationManager$1@129401168)
I/org.umd.logging( 9877): Method < 1 com.mobilityware.solitaire.AnimationManager$1.run()
I/org.umd.logging( 9877): Method > 1 com.mobilityware.solitaire.AnimationManager$1.run(com.mobilityware.solitaire.AnimationManager$1@129401168)
I/org.umd.logging( 9877): Method < 1 com.mobilityware.solitaire.AnimationManager$1.run()
I/org.umd.logging( 9877): Method > 1 com.mobilityware.solitaire.AnimationManager$1.run(com.mobilityware.solitaire.AnimationManager$1@129401168)
I/org.umd.logging( 9877): Method < 1 com.mobilityware.solitaire.AnimationManager$1.run()
I/org.umd.logging( 9877): Method > 1 com.mobilityware.solitaire.AnimationManager$1.run(com.mobilityware.solitaire.AnimationManager$1@129401168)
I/org.umd.logging( 9877): Method < 1 com.mobilityware.solitaire.AnimationManager$1.run()
E/Cataloger( 6490): syncFile:/storage/emulated/0/2016-12-13_05:15:37.598.jpg
I/org.umd.logging( 9877): Method > 1 com.mobilityware.solitaire.MWView.onTouchEvent(com.mobilityware.solitaire.MWView@422459951<file=2016-12-13_05:15:37.598><x=0><y=0><width=768><height=1184><id=2131165254><imagename=mwview>, android.view.MotionEvent@274779930)
I/org.umd.logging( 9877): Method < 1 com.mobilityware.solitaire.MWView.onTouchEvent(true)
I/org.umd.logging( 9877): Method > 1 com.mobilityware.solitaire.MWView$4.run(com.mobilityware.solitaire.MWView$4@882586314)
E/Cataloger( 6490): syncFile:/storage/emulated/0/2016-12-13_05:15:37.598.jpg
I/org.umd.logging( 9877): Method < 1 com.mobilityware.solitaire.MWView$4.run()
E/Cataloger( 6490): syncFile:/storage/emulated/0/2016-12-13_05:15:37.836.jpg
I/org.umd.logging( 9877): Method > 1 com.mobilityware.solitaire.MWView.onTouchEvent(com.mobilityware.solitaire.MWView@422459951<file=2016-12-13_05:15:37.836><x=0><y=0><width=768><height=1184><id=2131165254><imagename=mwview>, android.view.MotionEvent@274779930)
I/org.umd.logging( 9877): Method < 1 com.mobilityware.solitaire.MWView.onTouchEvent(true)
E/Cataloger( 6490): syncFile:/storage/emulated/0/2016-12-13_05:15:37.836.jpg
E/Cataloger( 6490): syncFile:/storage/emulated/0/2016-12-13_05:15:38.087.jpg
I/org.umd.logging( 9877): Method > 1 com.mobilityware.solitaire.MWView.onTouchEvent(com.mobilityware.solitaire.MWView@422459951<file=2016-12-13_05:15:38.087><x=0><y=0><width=768><height=1184><id=2131165254><imagename=mwview>, android.view.MotionEvent@274779930)
E/Cataloger( 6490): syncFile:/storage/emulated/0/2016-12-13_05:15:38.087.jpg
I/org.umd.logging( 9877): Method < 1 com.mobilityware.solitaire.MWView.onTouchEvent(true)
E/Cataloger( 6490): syncFile:/storage/emulated/0/2016-12-13_05:15:38.362.jpg
I/org.umd.logging( 9877): Method > 1 com.mobilityware.solitaire.MWView.onTouchEvent(com.mobilityware.solitaire.MWView@422459951<file=2016-12-13_05:15:38.362><x=0><y=0><width=768><height=1184><id=2131165254><imagename=mwview>, android.view.MotionEvent@274779930)
I/org.umd.logging( 9877): Method < 1 com.mobilityware.solitaire.MWView.onTouchEvent(true)
E/Cataloger( 6490): syncFile:/storage/emulated/0/2016-12-13_05:15:38.362.jpg
E/Cataloger( 6490): syncFile:/storage/emulated/0/2016-12-13_05:15:38.622.jpg
I/org.umd.logging( 9877): Method > 1 com.mobilityware.solitaire.MWView.onTouchEvent(com.mobilityware.solitaire.MWView@422459951<file=2016-12-13_05:15:38.622><x=0><y=0><width=768><height=1184><id=2131165254><imagename=mwview>, android.view.MotionEvent@274779930)
I/org.umd.logging( 9877): Api > 1 android.animation.AnimatorSet.start(android.animation.AnimatorSet@167516299)
I/org.umd.logging( 9877): Api < 1 android.animation.AnimatorSet.start()
E/Cataloger( 6490): syncFile:/storage/emulated/0/2016-12-13_05:15:38.622.jpg
I/org.umd.logging( 9877): Method < 1 com.mobilityware.solitaire.MWView.onTouchEvent(true)
I/org.umd.logging( 9877): Method > 1 com.mobilityware.solitaire.MWView$4.run(com.mobilityware.solitaire.MWView$4@882586314)
I/org.umd.logging( 9877): Method < 1 com.mobilityware.solitaire.MWView$4.run()
I/org.umd.logging( 9877): Method > 1 com.mobilityware.solitaire.MWView$4.run(com.mobilityware.solitaire.MWView$4@882586314)
I/org.umd.logging( 9877): Method < 1 com.mobilityware.solitaire.MWView$4.run()
D/audio_hw_primary(  190): disable_audio_route: reset and update mixer path: low-latency-playback
D/audio_hw_primary(  190): disable_snd_device: snd_device(2: speaker)
D/audio_hw_primary(  190): select_devices: out_snd_device(2: speaker) in_snd_device(0: none)
D/ACDB-LOADER(  190): ACDB -> send_afe_cal
D/audio_hw_primary(  190): enable_snd_device: snd_device(2: speaker)
D/audio_hw_primary(  190): enable_audio_route: apply and update mixer path: low-latency-playback
E/Cataloger( 6490): syncFile:/storage/emulated/0/2016-12-13_05:15:40.580.jpg
I/org.umd.logging( 9877): Method > 2180 com.vungle.publisher.bt$a.run(com.vungle.publisher.bt$a@710274738)
I/org.umd.logging( 9877): Method > 2180 com.vungle.publisher.bt$c.run(com.vungle.publisher.bt$c@324407680)
I/org.umd.logging( 9877): Method < 2180 com.vungle.publisher.bt$c.run()
I/org.umd.logging( 9877): Method < 2180 com.vungle.publisher.bt$a.run()
W/ResourceType( 9877): No known package when getting name for resource number 0xffffffff
I/org.umd.logging( 9877): Method > 1 com.mobilityware.solitaire.Toolbar$8.onClick(com.mobilityware.solitaire.Toolbar$8@338073126, android.widget.ImageButton@220084413<file=2016-12-13_05:15:40.580><x=249><y=1082><width=65><height=72><id=-1>)
E/Cataloger( 6490): syncFile:/storage/emulated/0/2016-12-13_05:15:40.580.jpg
V/WindowManager(  594): not Base app: Adding window Window{27dc012b u0 com.mobilityware.solitaire/com.mobilityware.solitaire.Solitaire} at 4 of 10
I/org.umd.logging( 9877): Method < 1 com.mobilityware.solitaire.Toolbar$8.onClick()
I/org.umd.logging( 9877): Method > 1 com.mobilityware.solitaire.MWView$4.run(com.mobilityware.solitaire.MWView$4@882586314)
I/org.umd.logging( 9877): Method < 1 com.mobilityware.solitaire.MWView$4.run()
I/DownloadManagerWrapper(  949): onReceive() : Charging = true
I/org.umd.logging( 9877): Method > 1 com.mobilityware.solitaire.MWView$4.run(com.mobilityware.solitaire.MWView$4@882586314)
I/org.umd.logging( 9877): Method < 1 com.mobilityware.solitaire.MWView$4.run()
E/Cataloger( 6490): syncFile:/storage/emulated/0/2016-12-13_05:15:42.362.jpg
I/org.umd.logging( 9877): Method > 1 com.mobilityware.solitaire.MWView$18.onClick(com.mobilityware.solitaire.MWView$18@1001889908, android.app.AlertDialog@974827026<file=2016-12-13_05:15:42.362><x=0><y=0><width=640><height=822>, 1)
E/Cataloger( 6490): syncFile:/storage/emulated/0/2016-12-13_05:15:42.362.jpg
V/WindowManager(  594): not Base app: Adding window Window{2275f634 u0 com.mobilityware.solitaire/com.mobilityware.solitaire.Solitaire} at 5 of 11
I/org.umd.logging( 9877): Method < 1 com.mobilityware.solitaire.MWView$18.onClick()
I/org.umd.logging( 9877): Method > 1 com.mobilityware.solitaire.MWView$4.run(com.mobilityware.solitaire.MWView$4@882586314)
I/org.umd.logging( 9877): Method < 1 com.mobilityware.solitaire.MWView$4.run()
E/Cataloger( 6490): syncFile:/storage/emulated/0/2016-12-13_05:15:43.936.jpg
I/org.umd.logging( 9877): Method > 1 com.mobilityware.solitaire.MWView$19.onClick(com.mobilityware.solitaire.MWView$19@1048351323, android.app.AlertDialog@486816504<file=2016-12-13_05:15:43.936><x=0><y=0><width=704><height=510>, -1)
E/Cataloger( 6490): syncFile:/storage/emulated/0/2016-12-13_05:15:43.936.jpg
E/MediaPlayer( 9877): Should have subtitle controller already set
I/org.umd.logging( 9877): Api > 1 android.media.MediaPlayer.start(android.media.MediaPlayer@949279697)
D/NuPlayerDriver(  190): start(0xb79f6b08)
I/GenericSource(  190): start
I/org.umd.logging( 9877): Api < 1 android.media.MediaPlayer.start()
I/org.umd.logging( 9877): Method < 1 com.mobilityware.solitaire.MWView$19.onClick()
E/MediaPlayer( 9877): Should have subtitle controller already set
W/InputMethodManagerService(  594): Window already focused, ignoring focus gain of: com.android.internal.view.IInputMethodClient$Stub$Proxy@214159d2 attribute=null, token = android.os.BinderProxy@31bc1d14
I/org.umd.logging( 9877): Method > 1 com.mobilityware.solitaire.MWView$1.run(com.mobilityware.solitaire.MWView$1@641360909)
I/org.umd.logging( 9877): Api > 1 android.animation.AnimatorSet.start(android.animation.AnimatorSet@706703632)
I/org.umd.logging( 9877): Api < 1 android.animation.AnimatorSet.start()
I/org.umd.logging( 9877): Method < 1 com.mobilityware.solitaire.MWView$1.run()
I/org.umd.logging( 9877): Method > 1 com.mobilityware.solitaire.AnimationManager$1.run(com.mobilityware.solitaire.AnimationManager$1@129401168)
I/org.umd.logging( 9877): Method < 1 com.mobilityware.solitaire.AnimationManager$1.run()
I/org.umd.logging( 9877): Method > 1 com.mobilityware.solitaire.MWView$1.run(com.mobilityware.solitaire.MWView$1@641360909)
I/org.umd.logging( 9877): Api > 1 android.animation.AnimatorSet.start(android.animation.AnimatorSet@991352879)
I/org.umd.logging( 9877): Api < 1 android.animation.AnimatorSet.start()
I/org.umd.logging( 9877): Method < 1 com.mobilityware.solitaire.MWView$1.run()
I/org.umd.logging( 9877): Method > 1 com.mobilityware.solitaire.AnimationManager$1.run(com.mobilityware.solitaire.AnimationManager$1@129401168)
I/org.umd.logging( 9877): Method < 1 com.mobilityware.solitaire.AnimationManager$1.run()
I/org.umd.logging( 9877): Method > 1 com.mobilityware.solitaire.MWView$1.run(com.mobilityware.solitaire.MWView$1@641360909)
I/org.umd.logging( 9877): Api > 1 android.animation.AnimatorSet.start(android.animation.AnimatorSet@65045786)
I/org.umd.logging( 9877): Api < 1 android.animation.AnimatorSet.start()
I/org.umd.logging( 9877): Method < 1 com.mobilityware.solitaire.MWView$1.run()
I/org.umd.logging( 9877): Method > 1 com.mobilityware.solitaire.AnimationManager$1.run(com.mobilityware.solitaire.AnimationManager$1@129401168)
I/org.umd.logging( 9877): Method < 1 com.mobilityware.solitaire.AnimationManager$1.run()
I/org.umd.logging( 9877): Method > 1 com.mobilityware.solitaire.MWView$1.run(com.mobilityware.solitaire.MWView$1@641360909)
I/org.umd.logging( 9877): Api > 1 android.animation.AnimatorSet.start(android.animation.AnimatorSet@70474561)
I/org.umd.logging( 9877): Api < 1 android.animation.AnimatorSet.start()
I/org.umd.logging( 9877): Method < 1 com.mobilityware.solitaire.MWView$1.run()
I/org.umd.logging( 9877): Method > 1 com.mobilityware.solitaire.AnimationManager$1.run(com.mobilityware.solitaire.AnimationManager$1@129401168)
I/org.umd.logging( 9877): Method < 1 com.mobilityware.solitaire.AnimationManager$1.run()
I/org.umd.logging( 9877): Method > 1 com.mobilityware.solitaire.MWView$1.run(com.mobilityware.solitaire.MWView$1@641360909)
I/org.umd.logging( 9877): Api > 1 android.animation.AnimatorSet.start(android.animation.AnimatorSet@622094548)
I/org.umd.logging( 9877): Api < 1 android.animation.AnimatorSet.start()
I/org.umd.logging( 9877): Method < 1 com.mobilityware.solitaire.MWView$1.run()
I/org.umd.logging( 9877): Method > 1 com.mobilityware.solitaire.AnimationManager$1.run(com.mobilityware.solitaire.AnimationManager$1@129401168)
I/org.umd.logging( 9877): Method < 1 com.mobilityware.solitaire.AnimationManager$1.run()
I/org.umd.logging( 9877): Method > 1 com.mobilityware.solitaire.AnimationManager$1.run(com.mobilityware.solitaire.AnimationManager$1@129401168)
I/org.umd.logging( 9877): Method < 1 com.mobilityware.solitaire.AnimationManager$1.run()
I/org.umd.logging( 9877): Method > 1 com.mobilityware.solitaire.MWView$1.run(com.mobilityware.solitaire.MWView$1@641360909)
I/org.umd.logging( 9877): Api > 1 android.animation.AnimatorSet.start(android.animation.AnimatorSet@183629251)
I/org.umd.logging( 9877): Api < 1 android.animation.AnimatorSet.start()
I/org.umd.logging( 9877): Method < 1 com.mobilityware.solitaire.MWView$1.run()
I/org.umd.logging( 9877): Method > 1 com.mobilityware.solitaire.AnimationManager$1.run(com.mobilityware.solitaire.AnimationManager$1@129401168)
I/org.umd.logging( 9877): Method < 1 com.mobilityware.solitaire.AnimationManager$1.run()
I/org.umd.logging( 9877): Method > 1 com.mobilityware.solitaire.MWView$1.run(com.mobilityware.solitaire.MWView$1@641360909)
I/org.umd.logging( 9877): Api > 1 android.animation.AnimatorSet.start(android.animation.AnimatorSet@348724926)
I/org.umd.logging( 9877): Api < 1 android.animation.AnimatorSet.start()
I/org.umd.logging( 9877): Method < 1 com.mobilityware.solitaire.MWView$1.run()
I/org.umd.logging( 9877): Method > 1 com.mobilityware.solitaire.AnimationManager$1.run(com.mobilityware.solitaire.AnimationManager$1@129401168)
I/org.umd.logging( 9877): Method < 1 com.mobilityware.solitaire.AnimationManager$1.run()
I/org.umd.logging( 9877): Method > 1 com.mobilityware.solitaire.MWView$1.run(com.mobilityware.solitaire.MWView$1@641360909)
I/org.umd.logging( 9877): Method < 1 com.mobilityware.solitaire.MWView$1.run()
I/org.umd.logging( 9877): Method > 1 com.mobilityware.solitaire.AnimationManager$1.run(com.mobilityware.solitaire.AnimationManager$1@129401168)
I/org.umd.logging( 9877): Method < 1 com.mobilityware.solitaire.AnimationManager$1.run()
I/org.umd.logging( 9877): Method > 1 com.mobilityware.solitaire.AnimationManager$1.run(com.mobilityware.solitaire.AnimationManager$1@129401168)
I/org.umd.logging( 9877): Method < 1 com.mobilityware.solitaire.AnimationManager$1.run()
I/org.umd.logging( 9877): Method > 1 com.mobilityware.solitaire.MWView$1.run(com.mobilityware.solitaire.MWView$1@641360909)
I/org.umd.logging( 9877): Api > 1 android.animation.AnimatorSet.start(android.animation.AnimatorSet@244345909)
I/org.umd.logging( 9877): Api < 1 android.animation.AnimatorSet.start()
I/org.umd.logging( 9877): Method < 1 com.mobilityware.solitaire.MWView$1.run()
I/org.umd.logging( 9877): Method > 1 com.mobilityware.solitaire.AnimationManager$1.run(com.mobilityware.solitaire.AnimationManager$1@129401168)
I/org.umd.logging( 9877): Method < 1 com.mobilityware.solitaire.AnimationManager$1.run()
I/org.umd.logging( 9877): Method > 1 com.mobilityware.solitaire.MWView$1.run(com.mobilityware.solitaire.MWView$1@641360909)
I/org.umd.logging( 9877): Api > 1 android.animation.AnimatorSet.start(android.animation.AnimatorSet@410555736)
I/org.umd.logging( 9877): Api < 1 android.animation.AnimatorSet.start()
I/org.umd.logging( 9877): Method < 1 com.mobilityware.solitaire.MWView$1.run()
I/org.umd.logging( 9877): Method > 1 com.mobilityware.solitaire.AnimationManager$1.run(com.mobilityware.solitaire.AnimationManager$1@129401168)
I/org.umd.logging( 9877): Method < 1 com.mobilityware.solitaire.AnimationManager$1.run()
I/org.umd.logging( 9877): Method > 1 com.mobilityware.solitaire.MWView$1.run(com.mobilityware.solitaire.MWView$1@641360909)
I/org.umd.logging( 9877): Api > 1 android.animation.AnimatorSet.start(android.animation.AnimatorSet@770334487)
I/org.umd.logging( 9877): Api < 1 android.animation.AnimatorSet.start()
I/org.umd.logging( 9877): Method < 1 com.mobilityware.solitaire.MWView$1.run()
I/org.umd.logging( 9877): Method > 1 com.mobilityware.solitaire.AnimationManager$1.run(com.mobilityware.solitaire.AnimationManager$1@129401168)
I/org.umd.logging( 9877): Method < 1 com.mobilityware.solitaire.AnimationManager$1.run()
I/org.umd.logging( 9877): Method > 1 com.mobilityware.solitaire.MWView$1.run(com.mobilityware.solitaire.MWView$1@641360909)
I/org.umd.logging( 9877): Api > 1 android.animation.AnimatorSet.start(android.animation.AnimatorSet@701056802)
I/org.umd.logging( 9877): Api < 1 android.animation.AnimatorSet.start()
I/org.umd.logging( 9877): Method < 1 com.mobilityware.solitaire.MWView$1.run()
I/org.umd.logging( 9877): Method > 1 com.mobilityware.solitaire.AnimationManager$1.run(com.mobilityware.solitaire.AnimationManager$1@129401168)
I/org.umd.logging( 9877): Method < 1 com.mobilityware.solitaire.AnimationManager$1.run()
I/org.umd.logging( 9877): Method > 1 com.mobilityware.solitaire.AnimationManager$1.run(com.mobilityware.solitaire.AnimationManager$1@129401168)
I/org.umd.logging( 9877): Method < 1 com.mobilityware.solitaire.AnimationManager$1.run()
I/org.umd.logging( 9877): Method > 1 com.mobilityware.solitaire.MWView$1.run(com.mobilityware.solitaire.MWView$1@641360909)
I/org.umd.logging( 9877): Api > 1 android.animation.AnimatorSet.start(android.animation.AnimatorSet@1042967273)
I/org.umd.logging( 9877): Api < 1 android.animation.AnimatorSet.start()
I/org.umd.logging( 9877): Method < 1 com.mobilityware.solitaire.MWView$1.run()
I/org.umd.logging( 9877): Method > 1 com.mobilityware.solitaire.AnimationManager$1.run(com.mobilityware.solitaire.AnimationManager$1@129401168)
I/org.umd.logging( 9877): Method < 1 com.mobilityware.solitaire.AnimationManager$1.run()
I/org.umd.logging( 9877): Method > 1 com.mobilityware.solitaire.MWView$1.run(com.mobilityware.solitaire.MWView$1@641360909)
I/org.umd.logging( 9877): Api > 1 android.animation.AnimatorSet.start(android.animation.AnimatorSet@894032540)
I/org.umd.logging( 9877): Api < 1 android.animation.AnimatorSet.start()
I/org.umd.logging( 9877): Method < 1 com.mobilityware.solitaire.MWView$1.run()
I/org.umd.logging( 9877): Method > 1 com.mobilityware.solitaire.AnimationManager$1.run(com.mobilityware.solitaire.AnimationManager$1@129401168)
I/org.umd.logging( 9877): Method < 1 com.mobilityware.solitaire.AnimationManager$1.run()
I/org.umd.logging( 9877): Method > 1 com.mobilityware.solitaire.MWView$1.run(com.mobilityware.solitaire.MWView$1@641360909)
I/org.umd.logging( 9877): Method < 1 com.mobilityware.solitaire.MWView$1.run()
I/org.umd.logging( 9877): Method > 1 com.mobilityware.solitaire.AnimationManager$1.run(com.mobilityware.solitaire.AnimationManager$1@129401168)
I/org.umd.logging( 9877): Method < 1 com.mobilityware.solitaire.AnimationManager$1.run()
I/org.umd.logging( 9877): Method > 1 com.mobilityware.solitaire.AnimationManager$1.run(com.mobilityware.solitaire.AnimationManager$1@129401168)
I/org.umd.logging( 9877): Method < 1 com.mobilityware.solitaire.AnimationManager$1.run()
I/org.umd.logging( 9877): Method > 1 com.mobilityware.solitaire.MWView$1.run(com.mobilityware.solitaire.MWView$1@641360909)
I/org.umd.logging( 9877): Api > 1 android.animation.AnimatorSet.start(android.animation.AnimatorSet@250759211)
I/org.umd.logging( 9877): Api < 1 android.animation.AnimatorSet.start()
I/org.umd.logging( 9877): Method < 1 com.mobilityware.solitaire.MWView$1.run()
I/org.umd.logging( 9877): Method > 1 com.mobilityware.solitaire.AnimationManager$1.run(com.mobilityware.solitaire.AnimationManager$1@129401168)
I/org.umd.logging( 9877): Method < 1 com.mobilityware.solitaire.AnimationManager$1.run()
I/org.umd.logging( 9877): Method > 1 com.mobilityware.solitaire.MWView$1.run(com.mobilityware.solitaire.MWView$1@641360909)
I/org.umd.logging( 9877): Api > 1 android.animation.AnimatorSet.start(android.animation.AnimatorSet@575652422)
I/org.umd.logging( 9877): Api < 1 android.animation.AnimatorSet.start()
I/org.umd.logging( 9877): Method < 1 com.mobilityware.solitaire.MWView$1.run()
I/org.umd.logging( 9877): Method > 1 com.mobilityware.solitaire.AnimationManager$1.run(com.mobilityware.solitaire.AnimationManager$1@129401168)
I/org.umd.logging( 9877): Method < 1 com.mobilityware.solitaire.AnimationManager$1.run()
I/org.umd.logging( 9877): Method > 1 com.mobilityware.solitaire.MWView$1.run(com.mobilityware.solitaire.MWView$1@641360909)
I/org.umd.logging( 9877): Api > 1 android.animation.AnimatorSet.start(android.animation.AnimatorSet@406973277)
I/org.umd.logging( 9877): Api < 1 android.animation.AnimatorSet.start()
I/org.umd.logging( 9877): Method < 1 com.mobilityware.solitaire.MWView$1.run()
I/org.umd.logging( 9877): Method > 1 com.mobilityware.solitaire.AnimationManager$1.run(com.mobilityware.solitaire.AnimationManager$1@129401168)
I/org.umd.logging( 9877): Method < 1 com.mobilityware.solitaire.AnimationManager$1.run()
I/org.umd.logging( 9877): Method > 1 com.mobilityware.solitaire.MWView$1.run(com.mobilityware.solitaire.MWView$1@641360909)
I/org.umd.logging( 9877): Api > 1 android.animation.AnimatorSet.start(android.animation.AnimatorSet@585161888)
I/org.umd.logging( 9877): Api < 1 android.animation.AnimatorSet.start()
I/org.umd.logging( 9877): Method < 1 com.mobilityware.solitaire.MWView$1.run()
I/org.umd.logging( 9877): Method > 1 com.mobilityware.solitaire.AnimationManager$1.run(com.mobilityware.solitaire.AnimationManager$1@129401168)
I/org.umd.logging( 9877): Method < 1 com.mobilityware.solitaire.AnimationManager$1.run()
I/org.umd.logging( 9877): Method > 1 com.mobilityware.solitaire.AnimationManager$1.run(com.mobilityware.solitaire.AnimationManager$1@129401168)
I/org.umd.logging( 9877): Method < 1 com.mobilityware.solitaire.AnimationManager$1.run()
I/org.umd.logging( 9877): Method > 1 com.mobilityware.solitaire.MWView$1.run(com.mobilityware.solitaire.MWView$1@641360909)
I/org.umd.logging( 9877): Api > 1 android.animation.AnimatorSet.start(android.animation.AnimatorSet@740664575)
I/org.umd.logging( 9877): Api < 1 android.animation.AnimatorSet.start()
I/org.umd.logging( 9877): Method < 1 com.mobilityware.solitaire.MWView$1.run()
I/org.umd.logging( 9877): Method > 1 com.mobilityware.solitaire.AnimationManager$1.run(com.mobilityware.solitaire.AnimationManager$1@129401168)
I/org.umd.logging( 9877): Method < 1 com.mobilityware.solitaire.AnimationManager$1.run()
I/org.umd.logging( 9877): Method > 1 com.mobilityware.solitaire.MWView$1.run(com.mobilityware.solitaire.MWView$1@641360909)
I/org.umd.logging( 9877): Method < 1 com.mobilityware.solitaire.MWView$1.run()
I/org.umd.logging( 9877): Method > 1 com.mobilityware.solitaire.AnimationManager$1.run(com.mobilityware.solitaire.AnimationManager$1@129401168)
I/org.umd.logging( 9877): Method < 1 com.mobilityware.solitaire.AnimationManager$1.run()
I/org.umd.logging( 9877): Method > 1 com.mobilityware.solitaire.MWView$1.run(com.mobilityware.solitaire.MWView$1@641360909)
I/org.umd.logging( 9877): Api > 1 android.animation.AnimatorSet.start(android.animation.AnimatorSet@324015146)
I/org.umd.logging( 9877): Api < 1 android.animation.AnimatorSet.start()
I/org.umd.logging( 9877): Method < 1 com.mobilityware.solitaire.MWView$1.run()
I/org.umd.logging( 9877): Method > 1 com.mobilityware.solitaire.AnimationManager$1.run(com.mobilityware.solitaire.AnimationManager$1@129401168)
I/org.umd.logging( 9877): Method < 1 com.mobilityware.solitaire.AnimationManager$1.run()
I/org.umd.logging( 9877): Method > 1 com.mobilityware.solitaire.AnimationManager$1.run(com.mobilityware.solitaire.AnimationManager$1@129401168)
I/org.umd.logging( 9877): Method < 1 com.mobilityware.solitaire.AnimationManager$1.run()
I/org.umd.logging( 9877): Method > 1 com.mobilityware.solitaire.MWView$1.run(com.mobilityware.solitaire.MWView$1@641360909)
I/org.umd.logging( 9877): Api > 1 android.animation.AnimatorSet.start(android.animation.AnimatorSet@905134481)
I/org.umd.logging( 9877): Api < 1 android.animation.AnimatorSet.start()
I/org.umd.logging( 9877): Method < 1 com.mobilityware.solitaire.MWView$1.run()
I/org.umd.logging( 9877): Method > 1 com.mobilityware.solitaire.AnimationManager$1.run(com.mobilityware.solitaire.AnimationManager$1@129401168)
I/org.umd.logging( 9877): Method < 1 com.mobilityware.solitaire.AnimationManager$1.run()
I/org.umd.logging( 9877): Method > 1 com.mobilityware.solitaire.MWView$1.run(com.mobilityware.solitaire.MWView$1@641360909)
I/org.umd.logging( 9877): Api > 1 android.animation.AnimatorSet.start(android.animation.AnimatorSet@871694180)
I/org.umd.logging( 9877): Api < 1 android.animation.AnimatorSet.start()
I/org.umd.logging( 9877): Method < 1 com.mobilityware.solitaire.MWView$1.run()
I/org.umd.logging( 9877): Method > 1 com.mobilityware.solitaire.AnimationManager$1.run(com.mobilityware.solitaire.AnimationManager$1@129401168)
I/org.umd.logging( 9877): Method < 1 com.mobilityware.solitaire.AnimationManager$1.run()
I/org.umd.logging( 9877): Method > 1 com.mobilityware.solitaire.AnimationManager$1.run(com.mobilityware.solitaire.AnimationManager$1@129401168)
I/org.umd.logging( 9877): Method < 1 com.mobilityware.solitaire.AnimationManager$1.run()
I/org.umd.logging( 9877): Method > 1 com.mobilityware.solitaire.MWView$1.run(com.mobilityware.solitaire.MWView$1@641360909)
I/org.umd.logging( 9877): Api > 1 android.animation.AnimatorSet.start(android.animation.AnimatorSet@43919763)
I/org.umd.logging( 9877): Api < 1 android.animation.AnimatorSet.start()
I/org.umd.logging( 9877): Method < 1 com.mobilityware.solitaire.MWView$1.run()
I/org.umd.logging( 9877): Method > 1 com.mobilityware.solitaire.AnimationManager$1.run(com.mobilityware.solitaire.AnimationManager$1@129401168)
I/org.umd.logging( 9877): Method < 1 com.mobilityware.solitaire.AnimationManager$1.run()
I/org.umd.logging( 9877): Method > 1 com.mobilityware.solitaire.MWView$1.run(com.mobilityware.solitaire.MWView$1@641360909)
I/org.umd.logging( 9877): Method < 1 com.mobilityware.solitaire.MWView$1.run()
I/org.umd.logging( 9877): Method > 1 com.mobilityware.solitaire.AnimationManager$1.run(com.mobilityware.solitaire.AnimationManager$1@129401168)
I/org.umd.logging( 9877): Method < 1 com.mobilityware.solitaire.AnimationManager$1.run()
I/org.umd.logging( 9877): Method > 1 com.mobilityware.solitaire.MWView$1.run(com.mobilityware.solitaire.MWView$1@641360909)
I/org.umd.logging( 9877): Api > 1 android.animation.AnimatorSet.start(android.animation.AnimatorSet@874938574)
I/org.umd.logging( 9877): Api < 1 android.animation.AnimatorSet.start()
I/org.umd.logging( 9877): Method < 1 com.mobilityware.solitaire.MWView$1.run()
I/org.umd.logging( 9877): Method > 1 com.mobilityware.solitaire.AnimationManager$1.run(com.mobilityware.solitaire.AnimationManager$1@129401168)
I/org.umd.logging( 9877): Method < 1 com.mobilityware.solitaire.AnimationManager$1.run()
I/org.umd.logging( 9877): Method > 1 com.mobilityware.solitaire.AnimationManager$1.run(com.mobilityware.solitaire.AnimationManager$1@129401168)
I/org.umd.logging( 9877): Method < 1 com.mobilityware.solitaire.AnimationManager$1.run()
I/org.umd.logging( 9877): Method > 1 com.mobilityware.solitaire.MWView$1.run(com.mobilityware.solitaire.MWView$1@641360909)
I/org.umd.logging( 9877): Api > 1 android.animation.AnimatorSet.start(android.animation.AnimatorSet@829063557)
I/org.umd.logging( 9877): Api < 1 android.animation.AnimatorSet.start()
I/org.umd.logging( 9877): Method < 1 com.mobilityware.solitaire.MWView$1.run()
I/org.umd.logging( 9877): Method > 1 com.mobilityware.solitaire.AnimationManager$1.run(com.mobilityware.solitaire.AnimationManager$1@129401168)
I/org.umd.logging( 9877): Method < 1 com.mobilityware.solitaire.AnimationManager$1.run()
I/org.umd.logging( 9877): Method > 1 com.mobilityware.solitaire.MWView$1.run(com.mobilityware.solitaire.MWView$1@641360909)
I/org.umd.logging( 9877): Api > 1 android.animation.AnimatorSet.start(android.animation.AnimatorSet@207644392)
I/org.umd.logging( 9877): Api < 1 android.animation.AnimatorSet.start()
I/org.umd.logging( 9877): Method < 1 com.mobilityware.solitaire.MWView$1.run()
I/org.umd.logging( 9877): Method > 1 com.mobilityware.solitaire.AnimationManager$1.run(com.mobilityware.solitaire.AnimationManager$1@129401168)
I/org.umd.logging( 9877): Method < 1 com.mobilityware.solitaire.AnimationManager$1.run()
I/org.umd.logging( 9877): Method > 1 com.mobilityware.solitaire.MWView$1.run(com.mobilityware.solitaire.MWView$1@641360909)
I/org.umd.logging( 9877): Method < 1 com.mobilityware.solitaire.MWView$1.run()
I/org.umd.logging( 9877): Method > 1 com.mobilityware.solitaire.AnimationManager$1.run(com.mobilityware.solitaire.AnimationManager$1@129401168)
I/org.umd.logging( 9877): Method < 1 com.mobilityware.solitaire.AnimationManager$1.run()
I/org.umd.logging( 9877): Method > 1 com.mobilityware.solitaire.AnimationManager$1.run(com.mobilityware.solitaire.AnimationManager$1@129401168)
I/org.umd.logging( 9877): Method < 1 com.mobilityware.solitaire.AnimationManager$1.run()
I/org.umd.logging( 9877): Method > 1 com.mobilityware.solitaire.MWView$1.run(com.mobilityware.solitaire.MWView$1@641360909)
I/org.umd.logging( 9877): Api > 1 android.animation.AnimatorSet.start(android.animation.AnimatorSet@839338471)
I/org.umd.logging( 9877): Api < 1 android.animation.AnimatorSet.start()
I/org.umd.logging( 9877): Method < 1 com.mobilityware.solitaire.MWView$1.run()
I/org.umd.logging( 9877): Method > 1 com.mobilityware.solitaire.AnimationManager$1.run(com.mobilityware.solitaire.AnimationManager$1@129401168)
I/org.umd.logging( 9877): Method < 1 com.mobilityware.solitaire.AnimationManager$1.run()
I/org.umd.logging( 9877): Method > 1 com.mobilityware.solitaire.MWView$1.run(com.mobilityware.solitaire.MWView$1@641360909)
I/org.umd.logging( 9877): Api > 1 android.animation.AnimatorSet.start(android.animation.AnimatorSet@909904946)
I/org.umd.logging( 9877): Api < 1 android.animation.AnimatorSet.start()
I/org.umd.logging( 9877): Method < 1 com.mobilityware.solitaire.MWView$1.run()
I/org.umd.logging( 9877): Method > 1 com.mobilityware.solitaire.AnimationManager$1.run(com.mobilityware.solitaire.AnimationManager$1@129401168)
I/org.umd.logging( 9877): Method < 1 com.mobilityware.solitaire.AnimationManager$1.run()
I/org.umd.logging( 9877): Method > 1 com.mobilityware.solitaire.MWView$1.run(com.mobilityware.solitaire.MWView$1@641360909)
I/org.umd.logging( 9877): Method < 1 com.mobilityware.solitaire.MWView$1.run()
I/org.umd.logging( 9877): Method > 1 com.mobilityware.solitaire.AnimationManager$1.run(com.mobilityware.solitaire.AnimationManager$1@129401168)
I/org.umd.logging( 9877): Method < 1 com.mobilityware.solitaire.AnimationManager$1.run()
I/org.umd.logging( 9877): Method > 1 com.mobilityware.solitaire.AnimationManager$1.run(com.mobilityware.solitaire.AnimationManager$1@129401168)
I/org.umd.logging( 9877): Method < 1 com.mobilityware.solitaire.AnimationManager$1.run()
I/org.umd.logging( 9877): Method > 1 com.mobilityware.solitaire.MWView$1.run(com.mobilityware.solitaire.MWView$1@641360909)
I/org.umd.logging( 9877): Api > 1 android.animation.AnimatorSet.start(android.animation.AnimatorSet@215449401)
I/org.umd.logging( 9877): Api < 1 android.animation.AnimatorSet.start()
I/org.umd.logging( 9877): Method < 1 com.mobilityware.solitaire.MWView$1.run()
I/org.umd.logging( 9877): Method > 1 com.mobilityware.solitaire.AnimationManager$1.run(com.mobilityware.solitaire.AnimationManager$1@129401168)
I/org.umd.logging( 9877): Method < 1 com.mobilityware.solitaire.AnimationManager$1.run()
I/org.umd.logging( 9877): Method > 1 com.mobilityware.solitaire.MWView$1.run(com.mobilityware.solitaire.MWView$1@641360909)
I/org.umd.logging( 9877): Api > 1 android.animation.AnimatorSet.start(android.animation.AnimatorSet@463730476)
I/org.umd.logging( 9877): Api < 1 android.animation.AnimatorSet.start()
I/org.umd.logging( 9877): Api > 1 android.animation.AnimatorSet.start(android.animation.AnimatorSet@200423931)
I/org.umd.logging( 9877): Api < 1 android.animation.AnimatorSet.start()
I/org.umd.logging( 9877): Api > 1 android.animation.AnimatorSet.start(android.animation.AnimatorSet@191527510)
I/org.umd.logging( 9877): Api < 1 android.animation.AnimatorSet.start()
I/org.umd.logging( 9877): Api > 1 android.animation.AnimatorSet.start(android.animation.AnimatorSet@656527021)
I/org.umd.logging( 9877): Api < 1 android.animation.AnimatorSet.start()
I/org.umd.logging( 9877): Api > 1 android.animation.AnimatorSet.start(android.animation.AnimatorSet@271275056)
I/org.umd.logging( 9877): Api < 1 android.animation.AnimatorSet.start()
I/org.umd.logging( 9877): Api > 1 android.animation.AnimatorSet.start(android.animation.AnimatorSet@48885199)
I/org.umd.logging( 9877): Api < 1 android.animation.AnimatorSet.start()
I/org.umd.logging( 9877): Api > 1 android.animation.AnimatorSet.start(android.animation.AnimatorSet@522211130)
I/org.umd.logging( 9877): Api < 1 android.animation.AnimatorSet.start()
I/org.umd.logging( 9877): Api > 1 android.animation.AnimatorSet.start(android.animation.AnimatorSet@308069345)
I/org.umd.logging( 9877): Api < 1 android.animation.AnimatorSet.start()
I/org.umd.logging( 9877): Api > 1 android.animation.AnimatorSet.start(android.animation.AnimatorSet@659612148)
I/org.umd.logging( 9877): Api < 1 android.animation.AnimatorSet.start()
I/org.umd.logging( 9877): Api > 1 android.animation.AnimatorSet.start(android.animation.AnimatorSet@759634275)
I/org.umd.logging( 9877): Api < 1 android.animation.AnimatorSet.start()
I/org.umd.logging( 9877): Api > 1 android.animation.AnimatorSet.start(android.animation.AnimatorSet@105172702)
I/org.umd.logging( 9877): Api < 1 android.animation.AnimatorSet.start()
I/org.umd.logging( 9877): Api > 1 android.animation.AnimatorSet.start(android.animation.AnimatorSet@536572629)
I/org.umd.logging( 9877): Api < 1 android.animation.AnimatorSet.start()
I/org.umd.logging( 9877): Api > 1 android.animation.AnimatorSet.start(android.animation.AnimatorSet@1042400376)
I/org.umd.logging( 9877): Api < 1 android.animation.AnimatorSet.start()
I/org.umd.logging( 9877): Api > 1 android.animation.AnimatorSet.start(android.animation.AnimatorSet@264515767)
I/org.umd.logging( 9877): Api < 1 android.animation.AnimatorSet.start()
I/org.umd.logging( 9877): Api > 1 android.animation.AnimatorSet.start(android.animation.AnimatorSet@702283074)
I/org.umd.logging( 9877): Api < 1 android.animation.AnimatorSet.start()
I/org.umd.logging( 9877): Api > 1 android.animation.AnimatorSet.start(android.animation.AnimatorSet@918859657)
I/org.umd.logging( 9877): Api < 1 android.animation.AnimatorSet.start()
I/org.umd.logging( 9877): Api > 1 android.animation.AnimatorSet.start(android.animation.AnimatorSet@115466172)
I/org.umd.logging( 9877): Api < 1 android.animation.AnimatorSet.start()
I/org.umd.logging( 9877): Api > 1 android.animation.AnimatorSet.start(android.animation.AnimatorSet@600926155)
I/org.umd.logging( 9877): Api < 1 android.animation.AnimatorSet.start()
I/org.umd.logging( 9877): Api > 1 android.animation.AnimatorSet.start(android.animation.AnimatorSet@812293734)
I/org.umd.logging( 9877): Api < 1 android.animation.AnimatorSet.start()
I/org.umd.logging( 9877): Api > 1 android.animation.AnimatorSet.start(android.animation.AnimatorSet@109514237)
I/org.umd.logging( 9877): Api < 1 android.animation.AnimatorSet.start()
I/org.umd.logging( 9877): Api > 1 android.animation.AnimatorSet.start(android.animation.AnimatorSet@122673088)
I/org.umd.logging( 9877): Api < 1 android.animation.AnimatorSet.start()
I/org.umd.logging( 9877): Api > 1 android.animation.AnimatorSet.start(android.animation.AnimatorSet@229159583)
I/org.umd.logging( 9877): Api < 1 android.animation.AnimatorSet.start()
I/org.umd.logging( 9877): Api > 1 android.animation.AnimatorSet.start(android.animation.AnimatorSet@706360906)
I/org.umd.logging( 9877): Api < 1 android.animation.AnimatorSet.start()
I/org.umd.logging( 9877): Api > 1 android.animation.AnimatorSet.start(android.animation.AnimatorSet@764207665)
I/org.umd.logging( 9877): Api < 1 android.animation.AnimatorSet.start()
I/org.umd.logging( 9877): Method < 1 com.mobilityware.solitaire.MWView$1.run()
I/org.umd.logging( 9877): Method > 1 com.mobilityware.solitaire.AnimationManager$1.run(com.mobilityware.solitaire.AnimationManager$1@129401168)
I/org.umd.logging( 9877): Method < 1 com.mobilityware.solitaire.AnimationManager$1.run()
I/org.umd.logging( 9877): Method > 1 com.mobilityware.solitaire.AnimationManager$1.run(com.mobilityware.solitaire.AnimationManager$1@129401168)
I/org.umd.logging( 9877): Method < 1 com.mobilityware.solitaire.AnimationManager$1.run()
I/org.umd.logging( 9877): Method > 1 com.mobilityware.solitaire.AnimationManager$1.run(com.mobilityware.solitaire.AnimationManager$1@129401168)
I/org.umd.logging( 9877): Method < 1 com.mobilityware.solitaire.AnimationManager$1.run()
I/org.umd.logging( 9877): Method > 1 com.mobilityware.solitaire.AnimationManager$1.run(com.mobilityware.solitaire.AnimationManager$1@129401168)
I/org.umd.logging( 9877): Method < 1 com.mobilityware.solitaire.AnimationManager$1.run()
I/org.umd.logging( 9877): Method > 1 com.mobilityware.solitaire.AnimationManager$1.run(com.mobilityware.solitaire.AnimationManager$1@129401168)
I/org.umd.logging( 9877): Method < 1 com.mobilityware.solitaire.AnimationManager$1.run()
I/org.umd.logging( 9877): Method > 1 com.mobilityware.solitaire.AnimationManager$1.run(com.mobilityware.solitaire.AnimationManager$1@129401168)
I/org.umd.logging( 9877): Method < 1 com.mobilityware.solitaire.AnimationManager$1.run()
I/org.umd.logging( 9877): Method > 1 com.mobilityware.solitaire.AnimationManager$1.run(com.mobilityware.solitaire.AnimationManager$1@129401168)
I/org.umd.logging( 9877): Method < 1 com.mobilityware.solitaire.AnimationManager$1.run()
I/org.umd.logging( 9877): Method > 1 com.mobilityware.solitaire.AnimationManager$1.run(com.mobilityware.solitaire.AnimationManager$1@129401168)
I/org.umd.logging( 9877): Method < 1 com.mobilityware.solitaire.AnimationManager$1.run()
I/org.umd.logging( 9877): Method > 1 com.mobilityware.solitaire.AnimationManager$1.run(com.mobilityware.solitaire.AnimationManager$1@129401168)
I/org.umd.logging( 9877): Method < 1 com.mobilityware.solitaire.AnimationManager$1.run()
I/org.umd.logging( 9877): Method > 1 com.mobilityware.solitaire.AnimationManager$1.run(com.mobilityware.solitaire.AnimationManager$1@129401168)
I/org.umd.logging( 9877): Method < 1 com.mobilityware.solitaire.AnimationManager$1.run()
I/org.umd.logging( 9877): Method > 1 com.mobilityware.solitaire.AnimationManager$1.run(com.mobilityware.solitaire.AnimationManager$1@129401168)
I/org.umd.logging( 9877): Method < 1 com.mobilityware.solitaire.AnimationManager$1.run()
I/org.umd.logging( 9877): Method > 1 com.mobilityware.solitaire.AnimationManager$1.run(com.mobilityware.solitaire.AnimationManager$1@129401168)
I/org.umd.logging( 9877): Method < 1 com.mobilityware.solitaire.AnimationManager$1.run()
I/org.umd.logging( 9877): Method > 1 com.mobilityware.advertising.AdControl$6.run(com.mobilityware.advertising.AdControl$6@61411460)
I/cr_Ime  ( 9877): ImeThread is enabled.
I/ActivityManager(  594): START u0 {cmp=com.mobilityware.solitaire/com.google.android.gms.ads.AdActivity (has extras)} from uid 10216 on display 0
