--------- beginning of main
I/DownloadManagerWrapper(  949): onReceive() : Charging = true
E/native  (  594): do suspend false
E/WifiStateMachine(  594): Unexpected BatchedScanResults :OK
I/dhcpcd  ( 9836): sending signal 14 to pid 24779
I/dhcpcd  (24779): received SIGALRM, renewing
I/dhcpcd  (24779): wlan0: renewing lease of 155.41.36.90
I/dhcpcd  (24779): wlan0: acknowledged 155.41.36.90 from 10.127.1.1 `BU DHCP Server #22'
I/dhcpcd  (24779): wlan0: leased 155.41.36.90 for 3600 seconds
--------- beginning of system
D/ConnectivityService(  594): NetworkAgentInfo [WIFI () - 102] EVENT_NETWORK_INFO_CHANGED, going from CONNECTED to CONNECTING
D/ConnectivityService(  594): NetworkAgentInfo [WIFI () - 102] EVENT_NETWORK_INFO_CHANGED, going from CONNECTING to CONNECTED
E/WifiStateMachine(  594): WifiStateMachine: Leaving Connected state
I/org.umd.logging( 4986): Method > 1 com.turbochilli.rollingsky.cloud.d$1.onReceive(com.turbochilli.rollingsky.cloud.d$1@201521151, com.turbochilli.rollingsky.GameApp@546721474, android.content.Intent@906181922<action=android.net.wifi.STATE_CHANGE><data=null><package=null><component=null><type=null><filter_hashcode=-343630553><networkInfo=None><linkProperties=None><umd_Intent_key=None>)
I/org.umd.logging( 4986): Method < 1 com.turbochilli.rollingsky.cloud.d$1.onReceive()
I/org.umd.logging( 4986): Method > 1 com.turbochilli.rollingsky.cloud.d$1.onReceive(com.turbochilli.rollingsky.cloud.d$1@201521151, com.turbochilli.rollingsky.GameApp@546721474, android.content.Intent@642618291<action=android.net.wifi.STATE_CHANGE><data=null><package=null><component=null><type=null><filter_hashcode=-343630553><networkInfo=None><linkProperties=None><bssid=None><umd_Intent_key=None>)
I/org.umd.logging( 4986): Method < 1 com.turbochilli.rollingsky.cloud.d$1.onReceive()
I/org.umd.logging( 4986): Method > 1 com.turbochilli.rollingsky.cloud.d$1.onReceive(com.turbochilli.rollingsky.cloud.d$1@201521151, com.turbochilli.rollingsky.GameApp@546721474, android.content.Intent@561683824<action=android.net.wifi.STATE_CHANGE><data=null><package=null><component=null><type=null><filter_hashcode=-343630553><networkInfo=None><wifiInfo=None><linkProperties=None><umd_Intent_key=None>)
I/org.umd.logging( 4986): Method < 1 com.turbochilli.rollingsky.cloud.d$1.onReceive()
I/org.umd.logging( 4986): Method > 1 com.turbochilli.rollingsky.cloud.d$1.onReceive(com.turbochilli.rollingsky.cloud.d$1@201521151, com.turbochilli.rollingsky.GameApp@546721474, android.content.Intent@298670313<action=android.net.wifi.STATE_CHANGE><data=null><package=null><component=null><type=null><filter_hashcode=-343630553><networkInfo=None><wifiInfo=None><linkProperties=None><bssid=None><umd_Intent_key=None>)
I/org.umd.logging( 4986): Method < 1 com.turbochilli.rollingsky.cloud.d$1.onReceive()
I/org.umd.logging( 4986): Method > 1 com.turbochilli.rollingsky.cloud.d$1$1.run(com.turbochilli.rollingsky.cloud.d$1$1@314313070)
I/org.umd.logging( 4986): Method < 1 com.turbochilli.rollingsky.cloud.d$1$1.run()
I/org.umd.logging( 4986): Method > 1 com.turbochilli.rollingsky.cloud.d$1$1.run(com.turbochilli.rollingsky.cloud.d$1$1@1040431119)
I/org.umd.logging( 4986): Method < 1 com.turbochilli.rollingsky.cloud.d$1$1.run()
I/ActivityManager(  594): START u0 {act=android.intent.action.MAIN cat=[android.intent.category.LAUNCHER] flg=0x10200000 cmp=com.mobilityware.solitaire/.Solitaire (has extras)} from uid 10014 on display 0
V/WindowManager(  594): addAppToken: AppWindowToken{11df9313 token=Token{386a1e02 ActivityRecord{3353534d u0 com.mobilityware.solitaire/.Solitaire t34}}} to stack=1 task=34 at 0
V/WindowManager(  594): Adding window Window{1f0ed749 u0 Starting com.mobilityware.solitaire} at 3 of 9 (after Window{1c6549af u0 com.android.launcher/com.android.launcher2.Launcher})
D/audio_hw_primary(  190): select_devices: out_snd_device(2: speaker) in_snd_device(0: none)
D/ACDB-LOADER(  190): ACDB -> send_afe_cal
D/audio_hw_primary(  190): enable_snd_device: snd_device(2: speaker)
D/audio_hw_primary(  190): enable_audio_route: apply and update mixer path: low-latency-playback
I/ActivityManager(  594): Start proc 9877:com.mobilityware.solitaire/u0a216 for activity com.mobilityware.solitaire/.Solitaire
I/art     (  594): Explicit concurrent mark sweep GC freed 63781(3MB) AllocSpace objects, 7(858KB) LOS objects, 33% free, 26MB/39MB, paused 1.617ms total 168.289ms
I/org.umd.logging( 9877): Method > 1 com.mobilityware.solitaire.SolitaireApplication.onCreate(com.mobilityware.solitaire.SolitaireApplication@410649080)
I/org.umd.logging( 9877): Method < 1 com.mobilityware.solitaire.SolitaireApplication.onCreate()
I/org.umd.logging( 9877): Method > 1 com.mobilityware.solitaire.Solitaire.onCreate(com.mobilityware.solitaire.Solitaire@839259446<activity=true>, null)
I/org.umd.logging( 9877): Api > 1 android.content.Intent.<init>(android.content.Intent@424232356, "android.intent.action.VIEW", android.net.Uri$StringUri@403363027<URI=market://details?id=com.mobilityware.solitaire>)
I/org.umd.logging( 9877): Api < 1 android.content.Intent.<init>(android.content.Intent@424232356)
I/org.umd.logging( 9877): Method > 1 com.mobilityware.solitaire.PlayServices.onCreate(com.mobilityware.solitaire.PlayServices@131747593, com.mobilityware.solitaire.Solitaire@839259446, com.mobilityware.solitaire.Solitaire@839259446, true)
W/PopupManager( 9877): You have not specified a View to use as content view for popups. Falling back to the Activity content view which may not work properly in future versions of the API. Use setViewForPopups() to set your content view.
I/org.umd.logging( 9877): Method < 1 com.mobilityware.solitaire.PlayServices.onCreate()
I/org.umd.logging( 9877): Api > 1 java.lang.Thread.start(com.mobilityware.advertising.AdParams@162533671<thread=2083>)
I/org.umd.logging( 9877): Api < 1 java.lang.Thread.start()
I/org.umd.logging( 9877): Method > 2083 com.mobilityware.advertising.AdParams.onResume(com.mobilityware.advertising.AdParams@162533671<thread=2083>)
D/AdParams( 9877): download url:http://ads.mobilityware.com/adparams/AndroidSolitaire.xml
I/org.umd.logging( 9877): Api > 2083 java.net.URL.openConnection(java.net.URL@538088829<URL=http://ads.mobilityware.com/adparams/AndroidSolitaire.xml>)
I/org.umd.logging( 9877): Api < 2083 java.net.URL.openConnection(com.android.okhttp.internal.http.HttpURLConnectionImpl@784358846)
I/org.umd.logging( 9877): Api > 2083 java.net.URLConnection.getInputStream(com.android.okhttp.internal.http.HttpURLConnectionImpl@784358846)
I/org.umd.logging( 9877): Method < 1 com.mobilityware.solitaire.Solitaire.onCreate()
I/org.umd.logging( 9877): Method > 1 com.mobilityware.solitaire.Solitaire.onStart(com.mobilityware.solitaire.Solitaire@839259446<activity=true>)
I/Solitaire( 9877): onStart
I/org.umd.logging( 9877): Api > 1 android.os.HandlerThread.start(android.os.HandlerThread@959041969<thread=2087>)
I/org.umd.logging( 9877): Api < 1 android.os.HandlerThread.start()
I/org.umd.logging( 9877): Api > 1 android.net.ConnectivityManager.getActiveNetworkInfo(android.net.ConnectivityManager@36278807)
I/org.umd.logging( 9877): Api < 1 android.net.ConnectivityManager.getActiveNetworkInfo(android.net.NetworkInfo@2088560)
I/org.umd.logging( 9877): Api > 1 android.net.ConnectivityManager.getActiveNetworkInfo(android.net.ConnectivityManager@36278807)
I/org.umd.logging( 9877): Api < 1 android.net.ConnectivityManager.getActiveNetworkInfo(android.net.NetworkInfo@1039664617)
I/org.umd.logging( 9877): Method > 2087 com.flurry.sdk.fc.run(com.flurry.sdk.dg$1@4331429)
I/org.umd.logging( 9877): Api > 1 android.location.LocationManager.getBestProvider(android.location.LocationManager@832244523, android.location.Criteria@409045281, true)
I/org.umd.logging( 9877): Api < 1 android.location.LocationManager.getBestProvider(null)
I/org.umd.logging( 9877): Method > 1 com.mobilityware.solitaire.PlayServices.onStart(com.mobilityware.solitaire.PlayServices@131747593)
I/org.umd.logging( 9877): Method < 1 com.mobilityware.solitaire.PlayServices.onStart()
I/org.umd.logging( 9877): Method < 1 com.mobilityware.solitaire.Solitaire.onStart()
I/org.umd.logging( 9877): Method > 1 com.mobilityware.solitaire.Solitaire.onResume(com.mobilityware.solitaire.Solitaire@839259446<activity=true>)
I/org.umd.logging( 9877): Method < 1 com.mobilityware.solitaire.Solitaire.onResume()
D/OpenGLRenderer( 9877): Use EGL_SWAP_BEHAVIOR_PRESERVED: true
D/Atlas   ( 9877): Validating map...
V/WindowManager(  594): Adding window Window{f6ca9bd u0 com.mobilityware.solitaire/com.mobilityware.solitaire.Solitaire} at 3 of 10 (before Window{1f0ed749 u0 Starting com.mobilityware.solitaire})
I/org.umd.logging( 9877): Method > 1 com.mobilityware.solitaire.Solitaire$1.run(com.mobilityware.solitaire.Solitaire$1@1017943645)
I/org.umd.logging( 9877): Method < 1 com.mobilityware.solitaire.Solitaire$1.run()
I/org.umd.logging( 9877): Method > 1 com.flurry.sdk.es.onReceive(com.flurry.sdk.es@798863982, com.mobilityware.solitaire.SolitaireApplication@410649080, android.content.Intent@703837347<action=android.net.conn.CONNECTIVITY_CHANGE><data=null><package=null><component=null><type=null><filter_hashcode=-1172645946><networkInfo=None><networkType=None><inetCondition=None><extraInfo=None><umd_Intent_key=None>)
I/org.umd.logging( 9877): Api > 1 android.net.ConnectivityManager.getActiveNetworkInfo(android.net.ConnectivityManager@36278807)
I/org.umd.logging( 9877): Api < 1 android.net.ConnectivityManager.getActiveNetworkInfo(android.net.NetworkInfo@920634272)
I/org.umd.logging( 9877): Method < 1 com.flurry.sdk.es.onReceive()
I/org.umd.logging( 9877): Method < 2087 com.flurry.sdk.fc.run()
I/org.umd.logging( 9877): Method > 2087 com.flurry.sdk.fc.run(com.flurry.sdk.dg$2@1016173342)
I/org.umd.logging( 9877): Api > 2087 android.telephony.TelephonyManager.getDeviceId(android.telephony.TelephonyManager@319650252)
I/org.umd.logging( 9877): Api < 2087 android.telephony.TelephonyManager.getDeviceId("353918052133903")
I/org.umd.logging( 9877): Method < 2087 com.flurry.sdk.fc.run()
I/org.umd.logging( 9877): Method > 2087 com.flurry.sdk.fc.run(com.flurry.sdk.dg$3@717210410)
I/org.umd.logging( 9877): Method < 2087 com.flurry.sdk.fc.run()
I/org.umd.logging( 9877): Method > 2087 com.flurry.sdk.fc.run(com.flurry.sdk.dg$4@1064172689)
I/Adreno-EGL( 9877): <qeglDrvAPI_eglInitialize:379>: QUALCOMM Build: 01/15/15, ab0075f, Id3510ff6dc
I/org.umd.logging( 9877): Method < 2087 com.flurry.sdk.fc.run()
I/OpenGLRenderer( 9877): Initialized EGL, version 1.4
I/org.umd.logging( 9877): Method > 2087 com.flurry.sdk.fc.run(com.flurry.sdk.dg$5@933881847)
I/org.umd.logging( 9877): Method < 2087 com.flurry.sdk.fc.run()
I/org.umd.logging( 9877): Method > 2087 com.flurry.sdk.fc.run(com.flurry.sdk.db$1@203001218)
I/org.umd.logging( 9877): Method < 2087 com.flurry.sdk.fc.run()
I/org.umd.logging( 9877): Method > 2087 com.flurry.sdk.fc.run(com.flurry.sdk.db$3@968578256)
I/org.umd.logging( 9877): Method < 2087 com.flurry.sdk.fc.run()
I/org.umd.logging( 9877): Method > 2087 com.flurry.sdk.fc.run(com.flurry.sdk.db$2@1045888974)
I/org.umd.logging( 9877): Method < 2087 com.flurry.sdk.fc.run()
I/org.umd.logging( 9877): Method > 2087 com.flurry.sdk.fc.run(com.flurry.sdk.db$3@877649647)
D/OpenGLRenderer( 9877): Enabling debug mode 0
I/org.umd.logging( 9877): Method < 2087 com.flurry.sdk.fc.run()
I/org.umd.logging( 9877): Method > 2089 com.flurry.sdk.fc.run(com.flurry.sdk.ed$1$1@452340737)
I/org.umd.logging( 9877): Method < 2089 com.flurry.sdk.fc.run()
I/org.umd.logging( 9877): Method > 2089 com.flurry.sdk.fc.run(com.flurry.sdk.ei@635914970)
I/org.umd.logging( 9877): Api > 2089 java.net.URL.openConnection(java.net.URL@334413031<URL=https://data.flurry.com/aap.do>)
I/org.umd.logging( 9877): Api < 2089 java.net.URL.openConnection(com.android.okhttp.internal.http.HttpsURLConnectionImpl@915965757)
I/org.umd.logging( 9877): Method > 1 com.mobilityware.solitaire.Solitaire$1.run(com.mobilityware.solitaire.Solitaire$1@1017943645)
I/org.umd.logging( 9877): Method < 1 com.mobilityware.solitaire.Solitaire$1.run()
I/org.umd.logging( 9877): Method > 1 com.mobilityware.solitaire.Solitaire$1.run(com.mobilityware.solitaire.Solitaire$1@1017943645)
I/org.umd.logging( 9877): Method < 1 com.mobilityware.solitaire.Solitaire$1.run()
I/ActivityManager(  594): Displayed com.mobilityware.solitaire/.Solitaire: +614ms
I/org.umd.logging( 9877): Method > 1 com.mobilityware.solitaire.Solitaire$1.run(com.mobilityware.solitaire.Solitaire$1@1017943645)
I/org.umd.logging( 9877): Method < 1 com.mobilityware.solitaire.Solitaire$1.run()
I/org.umd.logging( 9877): Method > 1 com.mobilityware.solitaire.Solitaire$1.run(com.mobilityware.solitaire.Solitaire$1@1017943645)
I/org.umd.logging( 9877): Method < 1 com.mobilityware.solitaire.Solitaire$1.run()
I/org.umd.logging( 9877): Method > 1 com.mobilityware.solitaire.Solitaire$1.run(com.mobilityware.solitaire.Solitaire$1@1017943645)
I/org.umd.logging( 9877): Method < 1 com.mobilityware.solitaire.Solitaire$1.run()
I/org.umd.logging( 9877): Method > 1 com.mobilityware.solitaire.Solitaire$1.run(com.mobilityware.solitaire.Solitaire$1@1017943645)
I/org.umd.logging( 9877): Method < 1 com.mobilityware.solitaire.Solitaire$1.run()
I/org.umd.logging( 9877): Method > 1 com.mobilityware.solitaire.Solitaire$1.run(com.mobilityware.solitaire.Solitaire$1@1017943645)
I/org.umd.logging( 9877): Method < 1 com.mobilityware.solitaire.Solitaire$1.run()
I/org.umd.logging( 9877): Method > 1 com.mobilityware.solitaire.Solitaire$1.run(com.mobilityware.solitaire.Solitaire$1@1017943645)
I/org.umd.logging( 9877): Method < 1 com.mobilityware.solitaire.Solitaire$1.run()
I/org.umd.logging( 9877): Method > 1 com.mobilityware.solitaire.Solitaire$1.run(com.mobilityware.solitaire.Solitaire$1@1017943645)
I/org.umd.logging( 9877): Method < 1 com.mobilityware.solitaire.Solitaire$1.run()
I/org.umd.logging( 9877): Method > 1 com.mobilityware.solitaire.Solitaire$1.run(com.mobilityware.solitaire.Solitaire$1@1017943645)
I/org.umd.logging( 9877): Method < 1 com.mobilityware.solitaire.Solitaire$1.run()
I/org.umd.logging( 9877): Method > 1 com.mobilityware.solitaire.Solitaire$1.run(com.mobilityware.solitaire.Solitaire$1@1017943645)
I/org.umd.logging( 9877): Method < 1 com.mobilityware.solitaire.Solitaire$1.run()
I/org.umd.logging( 9877): Method > 1 com.mobilityware.solitaire.Solitaire$1.run(com.mobilityware.solitaire.Solitaire$1@1017943645)
I/org.umd.logging( 9877): Method < 1 com.mobilityware.solitaire.Solitaire$1.run()
I/org.umd.logging( 9877): Method > 1 com.mobilityware.solitaire.Solitaire$1.run(com.mobilityware.solitaire.Solitaire$1@1017943645)
I/org.umd.logging( 9877): Method < 1 com.mobilityware.solitaire.Solitaire$1.run()
I/org.umd.logging( 9877): Method > 1 com.mobilityware.solitaire.Solitaire$1.run(com.mobilityware.solitaire.Solitaire$1@1017943645)
I/org.umd.logging( 9877): Method < 1 com.mobilityware.solitaire.Solitaire$1.run()
I/org.umd.logging( 9877): Method > 1 com.mobilityware.solitaire.Solitaire$1.run(com.mobilityware.solitaire.Solitaire$1@1017943645)
I/org.umd.logging( 9877): Method < 1 com.mobilityware.solitaire.Solitaire$1.run()
I/org.umd.logging( 9877): Method > 1 com.mobilityware.solitaire.Solitaire$1.run(com.mobilityware.solitaire.Solitaire$1@1017943645)
I/org.umd.logging( 9877): Method < 1 com.mobilityware.solitaire.Solitaire$1.run()
I/org.umd.logging( 9877): Method > 1 com.mobilityware.solitaire.Solitaire$1.run(com.mobilityware.solitaire.Solitaire$1@1017943645)
I/org.umd.logging( 9877): Method < 1 com.mobilityware.solitaire.Solitaire$1.run()
I/org.umd.logging( 9877): Method > 1 com.mobilityware.solitaire.Solitaire$1.run(com.mobilityware.solitaire.Solitaire$1@1017943645)
I/org.umd.logging( 9877): Method < 1 com.mobilityware.solitaire.Solitaire$1.run()
I/org.umd.logging( 9877): Method > 1 com.mobilityware.solitaire.Solitaire$1.run(com.mobilityware.solitaire.Solitaire$1@1017943645)
I/org.umd.logging( 9877): Method < 1 com.mobilityware.solitaire.Solitaire$1.run()
I/org.umd.logging( 9877): Method > 1 com.mobilityware.solitaire.Solitaire$1.run(com.mobilityware.solitaire.Solitaire$1@1017943645)
I/org.umd.logging( 9877): Method < 1 com.mobilityware.solitaire.Solitaire$1.run()
I/org.umd.logging( 9877): Method > 1 com.mobilityware.solitaire.Solitaire$1.run(com.mobilityware.solitaire.Solitaire$1@1017943645)
I/org.umd.logging( 9877): Method < 1 com.mobilityware.solitaire.Solitaire$1.run()
I/org.umd.logging( 9877): Method > 1 com.mobilityware.solitaire.Solitaire$1.run(com.mobilityware.solitaire.Solitaire$1@1017943645)
I/org.umd.logging( 9877): Method < 1 com.mobilityware.solitaire.Solitaire$1.run()
I/org.umd.logging( 9877): Method > 1 com.mobilityware.solitaire.Solitaire$1.run(com.mobilityware.solitaire.Solitaire$1@1017943645)
I/org.umd.logging( 9877): Method < 1 com.mobilityware.solitaire.Solitaire$1.run()
I/org.umd.logging( 9877): Method > 1 com.mobilityware.solitaire.Solitaire$1.run(com.mobilityware.solitaire.Solitaire$1@1017943645)
I/org.umd.logging( 9877): Method < 1 com.mobilityware.solitaire.Solitaire$1.run()
I/org.umd.logging( 9877): Method > 1 com.mobilityware.solitaire.Solitaire$1.run(com.mobilityware.solitaire.Solitaire$1@1017943645)
I/org.umd.logging( 9877): Method < 1 com.mobilityware.solitaire.Solitaire$1.run()
I/org.umd.logging( 9877): Method > 1 com.mobilityware.solitaire.Solitaire$1.run(com.mobilityware.solitaire.Solitaire$1@1017943645)
I/org.umd.logging( 9877): Method < 1 com.mobilityware.solitaire.Solitaire$1.run()
I/org.umd.logging( 9877): Method > 1 com.mobilityware.solitaire.Solitaire$1.run(com.mobilityware.solitaire.Solitaire$1@1017943645)
I/org.umd.logging( 9877): Method < 1 com.mobilityware.solitaire.Solitaire$1.run()
I/org.umd.logging( 9877): Method > 1 com.mobilityware.solitaire.Solitaire$1.run(com.mobilityware.solitaire.Solitaire$1@1017943645)
I/org.umd.logging( 9877): Method < 1 com.mobilityware.solitaire.Solitaire$1.run()
I/org.umd.logging( 9877): Method > 1 com.mobilityware.solitaire.Solitaire$1.run(com.mobilityware.solitaire.Solitaire$1@1017943645)
I/org.umd.logging( 9877): Method < 1 com.mobilityware.solitaire.Solitaire$1.run()
I/org.umd.logging( 9877): Method > 1 com.mobilityware.solitaire.Solitaire$1.run(com.mobilityware.solitaire.Solitaire$1@1017943645)
I/org.umd.logging( 9877): Method < 1 com.mobilityware.solitaire.Solitaire$1.run()
I/org.umd.logging( 9877): Method > 1 com.mobilityware.solitaire.Solitaire$1.run(com.mobilityware.solitaire.Solitaire$1@1017943645)
I/org.umd.logging( 9877): Method < 1 com.mobilityware.solitaire.Solitaire$1.run()
I/org.umd.logging( 9877): Method > 1 com.mobilityware.solitaire.Solitaire$1.run(com.mobilityware.solitaire.Solitaire$1@1017943645)
I/org.umd.logging( 9877): Method < 1 com.mobilityware.solitaire.Solitaire$1.run()
I/org.umd.logging( 9877): Method > 2087 com.flurry.sdk.fc.run(com.flurry.sdk.da$2@653278143)
I/org.umd.logging( 9877): Method < 2087 com.flurry.sdk.fc.run()
I/org.umd.logging( 9877): Method < 2089 com.flurry.sdk.fc.run()
I/org.umd.logging( 9877): Method > 2087 com.flurry.sdk.fc.run(com.flurry.sdk.db$4@489913813)
I/org.umd.logging( 9877): Method > 2089 com.flurry.sdk.fc.run(com.flurry.sdk.ed$1$2@309777627)
I/org.umd.logging( 9877): Method < 2089 com.flurry.sdk.fc.run()
I/org.umd.logging( 9877): Method < 2087 com.flurry.sdk.fc.run()
I/org.umd.logging( 9877): Method > 2087 com.flurry.sdk.fc.run(com.flurry.sdk.db$3@232098680)
I/org.umd.logging( 9877): Method < 2087 com.flurry.sdk.fc.run()
I/org.umd.logging( 9877): Method > 1 com.mobilityware.solitaire.Solitaire$1.run(com.mobilityware.solitaire.Solitaire$1@1017943645)
I/org.umd.logging( 9877): Method < 1 com.mobilityware.solitaire.Solitaire$1.run()
I/org.umd.logging( 9877): Method > 1 com.mobilityware.solitaire.Solitaire$1.run(com.mobilityware.solitaire.Solitaire$1@1017943645)
I/org.umd.logging( 9877): Method < 1 com.mobilityware.solitaire.Solitaire$1.run()
I/org.umd.logging( 9877): Method > 1 com.mobilityware.solitaire.Solitaire$1.run(com.mobilityware.solitaire.Solitaire$1@1017943645)
I/org.umd.logging( 9877): Method < 1 com.mobilityware.solitaire.Solitaire$1.run()
I/org.umd.logging( 9877): Method > 1 com.mobilityware.solitaire.Solitaire$1.run(com.mobilityware.solitaire.Solitaire$1@1017943645)
I/org.umd.logging( 9877): Method < 1 com.mobilityware.solitaire.Solitaire$1.run()
I/org.umd.logging( 9877): Method > 1 com.mobilityware.solitaire.Solitaire$1.run(com.mobilityware.solitaire.Solitaire$1@1017943645)
I/org.umd.logging( 9877): Method < 1 com.mobilityware.solitaire.Solitaire$1.run()
I/org.umd.logging( 9877): Method > 1 com.mobilityware.solitaire.Solitaire$1.run(com.mobilityware.solitaire.Solitaire$1@1017943645)
I/org.umd.logging( 9877): Method < 1 com.mobilityware.solitaire.Solitaire$1.run()
I/org.umd.logging( 9877): Method > 1 com.mobilityware.solitaire.Solitaire$1.run(com.mobilityware.solitaire.Solitaire$1@1017943645)
I/org.umd.logging( 9877): Method < 1 com.mobilityware.solitaire.Solitaire$1.run()
I/org.umd.logging( 9877): Method > 1 com.mobilityware.solitaire.Solitaire$1.run(com.mobilityware.solitaire.Solitaire$1@1017943645)
I/org.umd.logging( 9877): Method < 1 com.mobilityware.solitaire.Solitaire$1.run()
I/org.umd.logging( 9877): Method > 1 com.mobilityware.solitaire.Solitaire$1.run(com.mobilityware.solitaire.Solitaire$1@1017943645)
I/org.umd.logging( 9877): Method < 1 com.mobilityware.solitaire.Solitaire$1.run()
I/org.umd.logging( 9877): Method > 1 com.mobilityware.solitaire.Solitaire$1.run(com.mobilityware.solitaire.Solitaire$1@1017943645)
I/org.umd.logging( 9877): Method < 1 com.mobilityware.solitaire.Solitaire$1.run()
I/org.umd.logging( 9877): Method > 1 com.mobilityware.solitaire.Solitaire$1.run(com.mobilityware.solitaire.Solitaire$1@1017943645)
I/org.umd.logging( 9877): Method < 1 com.mobilityware.solitaire.Solitaire$1.run()
I/org.umd.logging( 9877): Method > 1 com.mobilityware.solitaire.Solitaire$1.run(com.mobilityware.solitaire.Solitaire$1@1017943645)
I/org.umd.logging( 9877): Method < 1 com.mobilityware.solitaire.Solitaire$1.run()
I/org.umd.logging( 9877): Method > 1 com.mobilityware.solitaire.Solitaire$1.run(com.mobilityware.solitaire.Solitaire$1@1017943645)
I/org.umd.logging( 9877): Method < 1 com.mobilityware.solitaire.Solitaire$1.run()
I/org.umd.logging( 9877): Method > 1 com.mobilityware.solitaire.Solitaire$1.run(com.mobilityware.solitaire.Solitaire$1@1017943645)
I/org.umd.logging( 9877): Method < 1 com.mobilityware.solitaire.Solitaire$1.run()
I/org.umd.logging( 9877): Method > 1 com.mobilityware.solitaire.Solitaire$1.run(com.mobilityware.solitaire.Solitaire$1@1017943645)
I/org.umd.logging( 9877): Method < 1 com.mobilityware.solitaire.Solitaire$1.run()
I/org.umd.logging( 9877): Method > 1 com.mobilityware.solitaire.Solitaire$1.run(com.mobilityware.solitaire.Solitaire$1@1017943645)
I/org.umd.logging( 9877): Method < 1 com.mobilityware.solitaire.Solitaire$1.run()
I/org.umd.logging( 9877): Method > 1 com.mobilityware.solitaire.Solitaire$1.run(com.mobilityware.solitaire.Solitaire$1@1017943645)
I/org.umd.logging( 9877): Method < 1 com.mobilityware.solitaire.Solitaire$1.run()
I/org.umd.logging( 9877): Method > 1 com.mobilityware.solitaire.Solitaire$1.run(com.mobilityware.solitaire.Solitaire$1@1017943645)
I/org.umd.logging( 9877): Method < 1 com.mobilityware.solitaire.Solitaire$1.run()
I/org.umd.logging( 9877): Method > 1 com.mobilityware.solitaire.Solitaire$1.run(com.mobilityware.solitaire.Solitaire$1@1017943645)
I/org.umd.logging( 9877): Method < 1 com.mobilityware.solitaire.Solitaire$1.run()
I/org.umd.logging( 9877): Api < 2083 java.net.URLConnection.getInputStream(com.android.okio.RealBufferedSource$1@453239735)
D/AdParams( 9877): downloaded in 1 secs
I/org.umd.logging( 9877): Method > 1 com.mobilityware.solitaire.Solitaire$1.run(com.mobilityware.solitaire.Solitaire$1@1017943645)
I/org.umd.logging( 9877): Method < 1 com.mobilityware.solitaire.Solitaire$1.run()
D/AdParams( 9877): Cached file read successfully
I/org.umd.logging( 9877): Method < 2083 com.mobilityware.advertising.AdParams.onResume()
D/AdParams( 9877): Thread wait
I/org.umd.logging( 9877): Method > 1 com.mobilityware.solitaire.Solitaire$1.run(com.mobilityware.solitaire.Solitaire$1@1017943645)
I/org.umd.logging( 9877): Method < 1 com.mobilityware.solitaire.Solitaire$1.run()
I/org.umd.logging( 9877): Method > 1 com.mobilityware.solitaire.Solitaire$1.run(com.mobilityware.solitaire.Solitaire$1@1017943645)
I/org.umd.logging( 9877): Method < 1 com.mobilityware.solitaire.Solitaire$1.run()
I/org.umd.logging( 9877): Method > 1 com.mobilityware.solitaire.Solitaire$1.run(com.mobilityware.solitaire.Solitaire$1@1017943645)
I/org.umd.logging( 9877): Method < 1 com.mobilityware.solitaire.Solitaire$1.run()
I/org.umd.logging( 9877): Method > 1 com.mobilityware.solitaire.Solitaire$1.run(com.mobilityware.solitaire.Solitaire$1@1017943645)
I/org.umd.logging( 9877): Method < 1 com.mobilityware.solitaire.Solitaire$1.run()
I/org.umd.logging( 9877): Method > 1 com.mobilityware.solitaire.Solitaire$1.run(com.mobilityware.solitaire.Solitaire$1@1017943645)
I/org.umd.logging( 9877): Method < 1 com.mobilityware.solitaire.Solitaire$1.run()
I/org.umd.logging( 9877): Method > 1 com.mobilityware.solitaire.Solitaire$1.run(com.mobilityware.solitaire.Solitaire$1@1017943645)
I/org.umd.logging( 9877): Method < 1 com.mobilityware.solitaire.Solitaire$1.run()
I/org.umd.logging( 9877): Method > 1 com.mobilityware.solitaire.Solitaire$1.run(com.mobilityware.solitaire.Solitaire$1@1017943645)
I/org.umd.logging( 9877): Method < 1 com.mobilityware.solitaire.Solitaire$1.run()
I/org.umd.logging( 9877): Method > 1 com.mobilityware.solitaire.Solitaire$1.run(com.mobilityware.solitaire.Solitaire$1@1017943645)
I/org.umd.logging( 9877): Method < 1 com.mobilityware.solitaire.Solitaire$1.run()
I/org.umd.logging( 9877): Method > 1 com.mobilityware.solitaire.Solitaire$1.run(com.mobilityware.solitaire.Solitaire$1@1017943645)
I/org.umd.logging( 9877): Method < 1 com.mobilityware.solitaire.Solitaire$1.run()
I/org.umd.logging( 9877): Method > 1 com.mobilityware.solitaire.Solitaire$1.run(com.mobilityware.solitaire.Solitaire$1@1017943645)
I/org.umd.logging( 4986): Method > 1 com.cleanmaster.base.crash.util.debug.b.run(com.cleanmaster.base.crash.util.debug.b@453239735)
I/org.umd.logging( 4986): Method < 1 com.cleanmaster.base.crash.util.debug.b.run()
I/org.umd.logging( 9877): Api > 1 java.lang.Thread.start(com.mobilityware.solitaire.WinDeal@998508561<thread=2092>)
I/org.umd.logging( 9877): Api < 1 java.lang.Thread.start()
I/org.umd.logging( 9877): Method > 2092 com.mobilityware.solitaire.WinDeal.run(com.mobilityware.solitaire.WinDeal@998508561<thread=2092>)
I/org.umd.logging( 9877): Api > 2092 java.net.URL.openStream(java.net.URL@533908854<URL=http://apps.mobilityware.com/Solitaire/VerifiedA.php?&v=0&d=3&g=0&z=190&statRows=10&statTabs=3&signature=8bc888937df44c1e387ca90fb0a86a08>)
I/AdControl( 9877): Version=1.0.5
I/org.umd.logging( 9877): Method < 1 com.mobilityware.solitaire.Solitaire$1.run()
I/Choreographer( 9877): Skipped 48 frames!  The application may be doing too much work on its main thread.
D/Solitaire.MWView( 9877): w=768 h=1184 oldw=0 oldh=0 tolerance=20
I/org.umd.logging( 9877): Method > 1 com.mobilityware.solitaire.MWView$22.run(com.mobilityware.solitaire.MWView$22@635013284)
I/org.umd.logging( 9877): Method < 1 com.mobilityware.solitaire.MWView$22.run()
I/org.umd.logging( 9877): Method > 1 com.mobilityware.solitaire.MWView$23.run(com.mobilityware.solitaire.MWView$23@907004354)
I/org.umd.logging( 9877): Method < 1 com.mobilityware.solitaire.MWView$23.run()
I/org.umd.logging( 9877): Method > 1 com.mobilityware.solitaire.MWView$24.run(com.mobilityware.solitaire.MWView$24@1007830537)
I/org.umd.logging( 9877): Method < 1 com.mobilityware.solitaire.MWView$24.run()
D/audio_hw_primary(  190): disable_audio_route: reset and update mixer path: low-latency-playback
D/audio_hw_primary(  190): disable_snd_device: snd_device(2: speaker)
E/Cataloger( 6490): syncFile:/storage/emulated/0/2016-12-13_05:15:19.606.jpg
I/org.umd.logging( 9877): Method > 1 com.mobilityware.solitaire.MWView.onTouchEvent(com.mobilityware.solitaire.MWView@422459951<file=2016-12-13_05:15:19.606><x=0><y=0><width=768><height=1184><id=2131165254><imagename=mwview>, android.view.MotionEvent@274779930)
I/org.umd.logging( 9877): Method < 1 com.mobilityware.solitaire.MWView.onTouchEvent(true)
E/Cataloger( 6490): syncFile:/storage/emulated/0/2016-12-13_05:15:19.606.jpg
E/Cataloger( 6490): syncFile:/storage/emulated/0/2016-12-13_05:15:19.942.jpg
I/org.umd.logging( 9877): Method > 1 com.mobilityware.solitaire.MWView.onTouchEvent(com.mobilityware.solitaire.MWView@422459951<file=2016-12-13_05:15:19.942><x=0><y=0><width=768><height=1184><id=2131165254><imagename=mwview>, android.view.MotionEvent@274779930)
I/org.umd.logging( 9877): Method < 1 com.mobilityware.solitaire.MWView.onTouchEvent(true)
E/Cataloger( 6490): syncFile:/storage/emulated/0/2016-12-13_05:15:19.942.jpg
E/Cataloger( 6490): syncFile:/storage/emulated/0/2016-12-13_05:15:20.209.jpg
I/org.umd.logging( 9877): Method > 1 com.mobilityware.solitaire.MWView.onTouchEvent(com.mobilityware.solitaire.MWView@422459951<file=2016-12-13_05:15:20.209><x=0><y=0><width=768><height=1184><id=2131165254><imagename=mwview>, android.view.MotionEvent@274779930)
E/Cataloger( 6490): syncFile:/storage/emulated/0/2016-12-13_05:15:20.209.jpg
I/org.umd.logging( 9877): Api > 1 android.animation.AnimatorSet.start(android.animation.AnimatorSet@206913575)
I/org.umd.logging( 9877): Api < 1 android.animation.AnimatorSet.start()
I/org.umd.logging( 9877): Api > 1 android.animation.AnimatorSet.start(android.animation.AnimatorSet@902543299)
I/org.umd.logging( 9877): Api < 1 android.animation.AnimatorSet.start()
I/org.umd.logging( 9877): Api > 1 android.animation.AnimatorSet.start(android.animation.AnimatorSet@87509182)
I/org.umd.logging( 9877): Api < 1 android.animation.AnimatorSet.start()
E/MediaPlayer( 9877): Should have subtitle controller already set
I/org.umd.logging( 9877): Api > 1 android.media.MediaPlayer.start(android.media.MediaPlayer@1032271980)
D/NuPlayerDriver(  190): start(0xb7a3ea08)
I/GenericSource(  190): start
I/org.umd.logging( 9877): Api < 1 android.media.MediaPlayer.start()
I/org.umd.logging( 9877): Method < 1 com.mobilityware.solitaire.MWView.onTouchEvent(true)
I/org.umd.logging( 9877): Method > 1 com.mobilityware.solitaire.MWView$4.run(com.mobilityware.solitaire.MWView$4@882586314)
I/org.umd.logging( 9877): Method < 1 com.mobilityware.solitaire.MWView$4.run()
I/Choreographer( 9877): Skipped 31 frames!  The application may be doing too much work on its main thread.
I/org.umd.logging( 9877): Method > 1 com.mobilityware.advertising.AdControl$5.run(com.mobilityware.advertising.AdControl$5@1004891992)
D/audio_hw_primary(  190): select_devices: out_snd_device(2: speaker) in_snd_device(0: none)
D/ACDB-LOADER(  190): ACDB -> send_afe_cal
D/audio_hw_primary(  190): enable_snd_device: snd_device(2: speaker)
D/audio_hw_primary(  190): enable_audio_route: apply and update mixer path: low-latency-playback
I/org.umd.logging( 9877): Method > 1 com.mobilityware.advertising.AdControl$1.run(com.mobilityware.advertising.AdControl$1@262254998)
I/WebViewFactory( 9877): Loading com.google.android.webview version 54.0.2840.85 (code 284008500)
I/art     ( 9877): Rejecting re-init on previously-failed class java.lang.Class<com.android.webview.chromium.TokenBindingManagerAdapter>
I/art     ( 9877): Rejecting re-init on previously-failed class java.lang.Class<com.android.webview.chromium.TokenBindingManagerAdapter>
I/art     ( 9877): Rejecting re-init on previously-failed class java.lang.Class<com.android.webview.chromium.ServiceWorkerControllerAdapter>
I/art     ( 9877): Rejecting re-init on previously-failed class java.lang.Class<com.android.webview.chromium.ServiceWorkerControllerAdapter>
I/cr_LibraryLoader( 9877): Time to load native libraries: 1 ms (timestamps 1594-1595)
I/cr_LibraryLoader( 9877): Expected native library version number "54.0.2840.85", actual native library version number "54.0.2840.85"
I/cr_LibraryLoader( 9877): Expected native library version number "54.0.2840.85", actual native library version number "54.0.2840.85"
I/chromium( 9877): [INFO:library_loader_hooks.cc(151)] Chromium logging enabled: level = 0, default verbosity = 0
I/cr_BrowserStartup( 9877): Initializing chromium process, singleProcess=true
I/art     ( 9877): Rejecting re-init on previously-failed class java.lang.Class<com.android.webview.chromium.WebViewContentsClientAdapter$WebResourceErrorImpl>
I/art     ( 9877): Rejecting re-init on previously-failed class java.lang.Class<com.android.webview.chromium.WebViewContentsClientAdapter$WebResourceErrorImpl>
D/ConnectivityService(  594): listenForNetwork for NetworkRequest [ id=58, legacyType=-1, [ Capabilities: INTERNET&NOT_RESTRICTED&TRUSTED] ]
D/ConnectivityService(  594): handleRegisterNetworkRequest checking NetworkAgentInfo [WIFI () - 102]
D/ConnectivityService(  594): apparently satisfied.  currentScore=60
D/ConnectivityManager.CallbackHandler( 9877): CM callback handler got msg 524290
I/art     ( 9877): Rejecting re-init on previously-failed class java.lang.Class<org.chromium.content.browser.FloatingWebActionModeCallback>
I/art     ( 9877): Rejecting re-init on previously-failed class java.lang.Class<org.chromium.content.browser.FloatingWebActionModeCallback>
E/Cataloger( 6490): syncFile:/storage/emulated/0/2016-12-13_05:15:20.803.jpg
I/DownloadManagerWrapper(  949): onReceive() : Charging = true
W/ResourceType( 9877): No known package when getting name for resource number 0xffffffff
I/org.umd.logging( 9877): Api > 1 android.webkit.WebView.<init>(com.greystripe.sdk.core.AdWebView@952065672<file=2016-12-13_05:15:20.803><x=0><y=0><width=0><height=0><id=-1>, com.mobilityware.solitaire.SolitaireApplication@410649080)
E/Cataloger( 6490): syncFile:/storage/emulated/0/2016-12-13_05:15:20.803.jpg
E/Cataloger( 6490): syncFile:/storage/emulated/0/2016-12-13_05:15:21.030.jpg
I/DownloadManagerWrapper(  949): onReceive() : Charging = true
I/DownloadManagerWrapper(  949): onReceive() : Charging = true
I/DownloadManagerWrapper(  949): onReceive() : Charging = true
W/ResourceType( 9877): No known package when getting name for resource number 0xffffffff
I/org.umd.logging( 9877): Api < 1 android.webkit.WebView.<init>(com.greystripe.sdk.core.AdWebView@952065672<file=2016-12-13_05:15:21.030><x=0><y=0><width=0><height=0><id=-1>)
E/Cataloger( 6490): syncFile:/storage/emulated/0/2016-12-13_05:15:21.030.jpg
I/org.umd.logging( 9877): Api > 1 android.net.ConnectivityManager.getActiveNetworkInfo(android.net.ConnectivityManager@36278807)
I/org.umd.logging( 9877): Api < 1 android.net.ConnectivityManager.getActiveNetworkInfo(android.net.NetworkInfo@644406037)
I/org.umd.logging( 9877): Api > 1 android.net.ConnectivityManager.getActiveNetworkInfo(android.net.ConnectivityManager@36278807)
I/org.umd.logging( 9877): Api < 1 android.net.ConnectivityManager.getActiveNetworkInfo(android.net.NetworkInfo@346283562)
I/org.umd.logging( 9877): Api > 1 android.net.ConnectivityManager.getActiveNetworkInfo(android.net.ConnectivityManager@36278807)
I/org.umd.logging( 9877): Api < 1 android.net.ConnectivityManager.getActiveNetworkInfo(android.net.NetworkInfo@905090075)
I/org.umd.logging( 9877): Method > 1 com.greystripe.sdk.core.AdModel$RetrieveGooglePlayServiceTask.onPreExecute(com.greystripe.sdk.core.AdModel$RetrieveGooglePlayServiceTask@277418897<atask=true>)
I/org.umd.logging( 9877): Method < 1 com.greystripe.sdk.core.AdModel$RetrieveGooglePlayServiceTask.onPreExecute()
I/org.umd.logging( 9877): Method > 2110 com.greystripe.sdk.core.AdModel$RetrieveGooglePlayServiceTask.doInBackground(com.greystripe.sdk.core.AdModel$RetrieveGooglePlayServiceTask@277418897<atask=true>, [Ljava.lang.Void;@865753037)
I/org.umd.logging( 9877): Api > 1 java.lang.Thread.start(java.lang.Thread@74236136<thread=2111>)
I/org.umd.logging( 9877): Api < 1 java.lang.Thread.start()
I/org.umd.logging( 9877): Method > 2111 com.mopub.common.GpsHelper$1.run(com.mopub.common.GpsHelper$1@383445991)
I/org.umd.logging( 9877): Api > 1 android.location.LocationManager.getLastKnownLocation(android.location.LocationManager@180421524, "gps")
I/org.umd.logging( 9877): Method > 2111 com.mopub.common.util.Reflection$MethodBuilder.execute(com.mopub.common.util.Reflection$MethodBuilder@81106482)
I/org.umd.logging( 9877): Method > 1 com.tapsense.android.publisher.TapSenseAds.start(com.mobilityware.solitaire.Solitaire@839259446<activity=true>, "mobilityware", "com.mobilityware.solitaire", "42b8dfb005")
I/org.umd.logging( 9877): Api > 1 org.apache.http.impl.client.DefaultHttpClient.<init>(org.apache.http.impl.client.DefaultHttpClient@524477310, org.apache.http.impl.conn.tsccm.ThreadSafeClientConnManager@887457781, org.apache.http.params.BasicHttpParams@215235579)
I/org.umd.logging( 9877): Api < 1 org.apache.http.impl.client.DefaultHttpClient.<init>(org.apache.http.impl.client.DefaultHttpClient@524477310)
I/org.umd.logging( 9877): Api > 1 org.apache.http.impl.client.DefaultHttpClient.<init>(org.apache.http.impl.client.DefaultHttpClient@283687593, org.apache.http.impl.conn.tsccm.ThreadSafeClientConnManager@598550574, org.apache.http.params.BasicHttpParams@881610703)
I/org.umd.logging( 9877): Api < 1 org.apache.http.impl.client.DefaultHttpClient.<init>(org.apache.http.impl.client.DefaultHttpClient@283687593)
I/org.umd.logging( 9877): Method > 1 com.tapsense.android.publisher.TapSenseAdsUtils$AdvertisingIdTask.onPreExecute(com.tapsense.android.publisher.TapSenseAdsUtils$AdvertisingIdTask@677992549<atask=true>)
I/org.umd.logging( 9877): Method < 1 com.tapsense.android.publisher.TapSenseAdsUtils$AdvertisingIdTask.onPreExecute()
I/org.umd.logging( 9877): Api > 1 android.net.ConnectivityManager.getActiveNetworkInfo(android.net.ConnectivityManager@2628075)
I/org.umd.logging( 9877): Api < 1 android.net.ConnectivityManager.getActiveNetworkInfo(android.net.NetworkInfo@1069208392)
I/org.umd.logging( 9877): Api > 1 android.net.ConnectivityManager.getActiveNetworkInfo(android.net.ConnectivityManager@2628075)
I/org.umd.logging( 9877): Api < 1 android.net.ConnectivityManager.getActiveNetworkInfo(android.net.NetworkInfo@505810694)
I/org.umd.logging( 9877): Api > 1 android.location.LocationManager.getLastKnownLocation(android.location.LocationManager@180421524, "gps")
I/org.umd.logging( 9877): Api > 1 android.telephony.TelephonyManager.getDeviceId(android.telephony.TelephonyManager@325872071)
I/org.umd.logging( 9877): Api < 1 android.telephony.TelephonyManager.getDeviceId("353918052133903")
I/org.umd.logging( 9877): Api > 1 android.telephony.TelephonyManager.getDeviceId(android.telephony.TelephonyManager@325872071)
I/org.umd.logging( 9877): Api < 1 android.telephony.TelephonyManager.getDeviceId("353918052133903")
W/Settings( 9877): Setting android_id has moved from android.provider.Settings.System to android.provider.Settings.Secure, returning read-only value.
I/org.umd.logging( 9877): Api > 1 android.net.wifi.WifiManager.getConnectionInfo(android.net.wifi.WifiManager@14888733)
E/Cataloger( 6490): syncFile:/storage/emulated/0/2016-12-13_05:15:21.408.jpg
W/ResourceType( 9877): No known package when getting name for resource number 0xffffffff
I/org.umd.logging( 9877): Api > 1 android.webkit.WebView.<init>(android.webkit.WebView@713596953<file=2016-12-13_05:15:21.408><x=0><y=0><width=0><height=0><id=-1>, com.mobilityware.solitaire.Solitaire@839259446)
E/Cataloger( 6490): syncFile:/storage/emulated/0/2016-12-13_05:15:21.408.jpg
E/Cataloger( 6490): syncFile:/storage/emulated/0/2016-12-13_05:15:21.654.jpg
W/ResourceType( 9877): No known package when getting name for resource number 0xffffffff
I/org.umd.logging( 9877): Api < 1 android.webkit.WebView.<init>(android.webkit.WebView@713596953<file=2016-12-13_05:15:21.654><x=0><y=0><width=0><height=0><id=-1>)
E/Cataloger( 6490): syncFile:/storage/emulated/0/2016-12-13_05:15:21.654.jpg
I/org.umd.logging( 9877): Api > 1 android.net.ConnectivityManager.getActiveNetworkInfo(android.net.ConnectivityManager@2628075)
I/org.umd.logging( 9877): Api < 1 android.net.ConnectivityManager.getActiveNetworkInfo(android.net.NetworkInfo@692713694)
I/org.umd.logging( 9877): Api > 1 android.telephony.TelephonyManager.getDeviceId(android.telephony.TelephonyManager@325872071)
I/org.umd.logging( 9877): Api < 1 android.telephony.TelephonyManager.getDeviceId("353918052133903")
I/org.umd.logging( 9877): Api > 1 android.telephony.TelephonyManager.getDeviceId(android.telephony.TelephonyManager@325872071)
I/org.umd.logging( 9877): Api < 1 android.telephony.TelephonyManager.getDeviceId("353918052133903")
W/Settings( 9877): Setting android_id has moved from android.provider.Settings.System to android.provider.Settings.Secure, returning read-only value.
I/org.umd.logging( 9877): Api > 1 android.net.wifi.WifiManager.getConnectionInfo(android.net.wifi.WifiManager@14888733)
I/org.umd.logging( 9877): Method < 1 com.tapsense.android.publisher.TapSenseAds.start()
I/org.umd.logging( 9877): Method > 2114 com.ts.loopj.android.http.AsyncHttpRequest.run(com.ts.loopj.android.http.AsyncHttpRequest@796533973)
I/org.umd.logging( 9877): Method < 2114 com.ts.loopj.android.http.AsyncHttpRequest.run()
E/Cataloger( 6490): syncFile:/storage/emulated/0/2016-12-13_05:15:21.970.jpg
W/ResourceType( 9877): No known package when getting name for resource number 0xffffffff
I/org.umd.logging( 9877): Api > 1 android.webkit.WebView.<init>(android.webkit.WebView@952449361<file=2016-12-13_05:15:21.970><x=0><y=0><width=0><height=0><id=-1>, com.mobilityware.solitaire.Solitaire@839259446)
E/Cataloger( 6490): syncFile:/storage/emulated/0/2016-12-13_05:15:21.970.jpg
E/Cataloger( 6490): syncFile:/storage/emulated/0/2016-12-13_05:15:22.230.jpg
W/ResourceType( 9877): No known package when getting name for resource number 0xffffffff
I/org.umd.logging( 9877): Api < 1 android.webkit.WebView.<init>(android.webkit.WebView@952449361<file=2016-12-13_05:15:22.230><x=0><y=0><width=0><height=0><id=-1>)
E/Cataloger( 6490): syncFile:/storage/emulated/0/2016-12-13_05:15:22.230.jpg
W/cr_media( 9877): Requires BLUETOOTH permission
I/cr_Ime  ( 9877): ImeThread is enabled.
E/libEGL  ( 9877): validate_display:255 error 3008 (EGL_BAD_DISPLAY)
I/VideoCapabilities( 9877): Unsupported profile 4 for video/mp4v-es
I/org.umd.logging( 9877): Api > 1 android.os.HandlerThread.start(android.os.HandlerThread@894364997<thread=2120>)
I/org.umd.logging( 9877): Api < 1 android.os.HandlerThread.start()
I/org.umd.logging( 9877): Method > 2121 com.vungle.publisher.async.ScheduledPriorityExecutor$a$a.run(com.vungle.publisher.async.ScheduledPriorityExecutor$a$a@77972722)
I/org.umd.logging( 9877): Method > 2121 com.vungle.publisher.db.DatabaseHelper$1.run(com.vungle.publisher.db.DatabaseHelper$1@964129216)
I/org.umd.logging( 9877): Method < 2121 com.vungle.publisher.db.DatabaseHelper$1.run()
I/org.umd.logging( 9877): Method < 2121 com.vungle.publisher.async.ScheduledPriorityExecutor$a$a.run()
I/org.umd.logging( 9877): Method > 2122 com.vungle.publisher.async.ScheduledPriorityExecutor$a$a.run(com.vungle.publisher.async.ScheduledPriorityExecutor$a$a@798340145)
I/org.umd.logging( 9877): Method > 2122 com.vungle.publisher.env.AdvertisingDeviceIdStrategy$FetchAdvertisingPreferencesRunnable.run(com.vungle.publisher.env.AdvertisingDeviceIdStrategy$FetchAdvertisingPreferencesRunnable@262830231)
I/org.umd.logging( 9877): Api > 1 android.net.ConnectivityManager.getActiveNetworkInfo(android.net.ConnectivityManager@2628075)
I/org.umd.logging( 9877): Api < 1 android.net.ConnectivityManager.getActiveNetworkInfo(android.net.NetworkInfo@348851105)
D/AdSettings( 9877): Test mode device hash: fb6e0265c5a72a8ae7ff02137d92e922
D/AdSettings( 9877): When testing your app with Facebook's ad units you must specify the device hashed ID to ensure the delivery of test ads, add the following code before loading an ad: AdSettings.addTestDevice("fb6e0265c5a72a8ae7ff02137d92e922");
I/org.umd.logging( 9877): Method > 1 com.facebook.ads.internal.AdRequest.executeAsync(com.facebook.ads.internal.AdRequest@503625095)
I/org.umd.logging( 9877): Method > 1 com.facebook.ads.internal.AdRequest$1.onPreExecute(com.facebook.ads.internal.AdRequest$1@770515747<atask=true>)
I/org.umd.logging( 9877): Method < 1 com.facebook.ads.internal.AdRequest$1.onPreExecute()
I/org.umd.logging( 9877): Method < 1 com.facebook.ads.internal.AdRequest.executeAsync(com.facebook.ads.internal.AdRequest$1@770515747<atask=true>)
I/org.umd.logging( 9877): Method < 1 com.mobilityware.advertising.AdControl$1.run()
I/org.umd.logging( 9877): Method < 1 com.mobilityware.advertising.AdControl$5.run()
E/Cataloger( 6490): syncFile:/storage/emulated/0/2016-12-13_05:15:22.844.jpg
I/org.umd.logging( 9877): Method > 1 com.mobilityware.solitaire.MWView.onTouchEvent(com.mobilityware.solitaire.MWView@422459951<file=2016-12-13_05:15:22.844><x=0><y=0><width=768><height=1184><id=2131165254><imagename=mwview>, android.view.MotionEvent@274779930)
E/Cataloger( 6490): syncFile:/storage/emulated/0/2016-12-13_05:15:22.844.jpg
I/org.umd.logging( 9877): Method < 1 com.mobilityware.solitaire.MWView.onTouchEvent(true)
E/qcom_sensors_hal(  594): hal_process_report_ind: Bad item quality: 11 
E/Cataloger( 6490): syncFile:/storage/emulated/0/2016-12-13_05:15:23.104.jpg
I/org.umd.logging( 9877): Method > 1 com.mobilityware.solitaire.MWView.onTouchEvent(com.mobilityware.solitaire.MWView@422459951<file=2016-12-13_05:15:23.104><x=0><y=0><width=768><height=1184><id=2131165254><imagename=mwview>, android.view.MotionEvent@274779930)
I/org.umd.logging( 9877): Method < 1 com.mobilityware.solitaire.MWView.onTouchEvent(true)
E/Cataloger( 6490): syncFile:/storage/emulated/0/2016-12-13_05:15:23.104.jpg
E/Cataloger( 6490): syncFile:/storage/emulated/0/2016-12-13_05:15:23.323.jpg
I/org.umd.logging( 9877): Method > 1 com.mobilityware.solitaire.MWView.onTouchEvent(com.mobilityware.solitaire.MWView@422459951<file=2016-12-13_05:15:23.323><x=0><y=0><width=768><height=1184><id=2131165254><imagename=mwview>, android.view.MotionEvent@274779930)
I/org.umd.logging( 9877): Api > 1 android.animation.AnimatorSet.start(android.animation.AnimatorSet@764588958)
I/org.umd.logging( 9877): Api < 1 android.animation.AnimatorSet.start()
E/Cataloger( 6490): syncFile:/storage/emulated/0/2016-12-13_05:15:23.323.jpg
I/org.umd.logging( 9877): Api > 1 android.animation.AnimatorSet.start(android.animation.AnimatorSet@264973973)
I/org.umd.logging( 9877): Api < 1 android.animation.AnimatorSet.start()
I/org.umd.logging( 9877): Api > 1 android.animation.AnimatorSet.start(android.animation.AnimatorSet@111313720)
I/org.umd.logging( 9877): Api < 1 android.animation.AnimatorSet.start()
I/org.umd.logging( 9877): Api > 1 android.animation.AnimatorSet.start(android.animation.AnimatorSet@44043895)
I/org.umd.logging( 9877): Api < 1 android.animation.AnimatorSet.start()
I/org.umd.logging( 9877): Api > 1 android.animation.AnimatorSet.start(android.animation.AnimatorSet@485017090)
I/org.umd.logging( 9877): Api < 1 android.animation.AnimatorSet.start()
I/org.umd.logging( 9877): Api > 1 android.media.MediaPlayer.start(android.media.MediaPlayer@1032271980)
D/NuPlayerDriver(  190): start(0xb7a3ea08)
I/org.umd.logging( 9877): Api < 1 android.media.MediaPlayer.start()
I/NuPlayerDecoder(  190): [OMX.google.vorbis.decoder] resubmitting CSD
W/SoftVorbis(  190): vorbis_dsp_synthesis returned -135
I/NuPlayerDecoder(  190): [OMX.google.vorbis.decoder] resubmitting CSD
W/SoftVorbis(  190): vorbis_dsp_synthesis returned -135
I/org.umd.logging( 9877): Method < 1 com.mobilityware.solitaire.MWView.onTouchEvent(true)
I/org.umd.logging( 9877): Method > 1 com.mobilityware.solitaire.AnimationManager$1.run(com.mobilityware.solitaire.AnimationManager$1@129401168)
I/org.umd.logging( 9877): Method < 1 com.mobilityware.solitaire.AnimationManager$1.run()
E/MediaPlayer( 9877): Should have subtitle controller already set
I/Choreographer( 9877): Skipped 185 frames!  The application may be doing too much work on its main thread.
D/ConnectivityService(  594): listenForNetwork for NetworkRequest [ id=59, legacyType=-1, [ Capabilities: INTERNET&NOT_RESTRICTED&TRUSTED] ]
D/ConnectivityService(  594): handleRegisterNetworkRequest checking NetworkAgentInfo [WIFI () - 102]
D/ConnectivityService(  594): apparently satisfied.  currentScore=60
D/ConnectivityManager.CallbackHandler( 9877): CM callback handler got msg 524290
I/org.umd.logging( 9877): Method > 1 com.greystripe.sdk.core.AdModel$1.run(com.greystripe.sdk.core.AdModel$1@193618556)
I/org.umd.logging( 9877): Method < 1 com.greystripe.sdk.core.AdModel$1.run()
I/org.umd.logging( 9877): Method > 1 com.mobilityware.solitaire.MWView$4.run(com.mobilityware.solitaire.MWView$4@882586314)
I/org.umd.logging( 9877): Method < 2111 com.mopub.common.util.Reflection$MethodBuilder.execute(com.google.android.gms.ads.identifier.AdvertisingIdClient$Info@425005914)
I/org.umd.logging( 9877): Method > 2111 com.mopub.common.util.Reflection$MethodBuilder.execute(com.mopub.common.util.Reflection$MethodBuilder@112908683)
I/org.umd.logging( 9877): Method < 2111 com.mopub.common.util.Reflection$MethodBuilder.execute("229d4aea-d76e-47c3-ad88-1eafdf3529f0")
I/org.umd.logging( 9877): Method > 2111 com.mopub.common.util.Reflection$MethodBuilder.execute(com.mopub.common.util.Reflection$MethodBuilder@408496744)
I/org.umd.logging( 9877): Method < 2111 com.mopub.common.util.Reflection$MethodBuilder.execute(false)
I/org.umd.logging( 9877): Method < 2110 com.greystripe.sdk.core.AdModel$RetrieveGooglePlayServiceTask.doInBackground(true)
I/org.umd.logging( 9877): Method < 1 com.mobilityware.solitaire.MWView$4.run()
I/org.umd.logging( 9877): Method > 1 com.ts.loopj.android.http.AsyncHttpResponseHandler.onStart(com.tapsense.android.publisher.TapSenseAdsPinger@234586983)
I/org.umd.logging( 9877): Method < 1 com.ts.loopj.android.http.AsyncHttpResponseHandler.onStart()
I/org.umd.logging( 9877): Method < 2111 com.mopub.common.GpsHelper$1.run()
