I/org.umd.logging(21645): Api > 1025 java.net.HttpURLConnection.connect(com.android.okhttp.internal.http.HttpsURLConnectionImpl@586811926)
I/org.umd.logging(21645): Api < 1025 java.net.HttpURLConnection.connect()
I/org.umd.logging(21645): Method > 1 com.mobilityware.solitaire.AnimationManager$1.run(com.mobilityware.solitaire.AnimationManager$1@708804506)
I/org.umd.logging(21645): Method < 1 com.mobilityware.solitaire.AnimationManager$1.run()
I/org.umd.logging(21645): Method > 1 com.mobilityware.solitaire.AnimationManager$1.run(com.mobilityware.solitaire.AnimationManager$1@708804506)
I/org.umd.logging(21645): Method < 1 com.mobilityware.solitaire.AnimationManager$1.run()
I/chromium(21645): [INFO:CONSOLE(3)] "The value "device-width;" for key "width" is invalid, and has been ignored.", source: http://adsx.greystripe.com/openx/www/delivery/ia.php?z=1479240293976&s=fs&source=saveimage%20port%20wifi%20Android-5.1.1%20asdk-2.4.2%20land&guid=28c67532-a45d-4129-a14f-96cf44bc81e3&screen_size=768x1184&gaid=229d4aea-d76e-47c3-ad88-1eafdf3529f0&res=2.0&lang=en (3)
I/chromium(21645): [INFO:CONSOLE(3)] "The value "1.0;" for key "initial-scale" was truncated to its numeric prefix.", source: http://adsx.greystripe.com/openx/www/delivery/ia.php?z=1479240293976&s=fs&source=saveimage%20port%20wifi%20Android-5.1.1%20asdk-2.4.2%20land&guid=28c67532-a45d-4129-a14f-96cf44bc81e3&screen_size=768x1184&gaid=229d4aea-d76e-47c3-ad88-1eafdf3529f0&res=2.0&lang=en (3)
I/chromium(21645): [INFO:CONSOLE(3)] "The value "1.0;" for key "maximum-scale" was truncated to its numeric prefix.", source: http://adsx.greystripe.com/openx/www/delivery/ia.php?z=1479240293976&s=fs&source=saveimage%20port%20wifi%20Android-5.1.1%20asdk-2.4.2%20land&guid=28c67532-a45d-4129-a14f-96cf44bc81e3&screen_size=768x1184&gaid=229d4aea-d76e-47c3-ad88-1eafdf3529f0&res=2.0&lang=en (3)
I/chromium(21645): [INFO:CONSOLE(3)] "The value "0;" for key "user-scalable" was truncated to its numeric prefix.", source: http://adsx.greystripe.com/openx/www/delivery/ia.php?z=1479240293976&s=fs&source=saveimage%20port%20wifi%20Android-5.1.1%20asdk-2.4.2%20land&guid=28c67532-a45d-4129-a14f-96cf44bc81e3&screen_size=768x1184&gaid=229d4aea-d76e-47c3-ad88-1eafdf3529f0&res=2.0&lang=en (3)
I/chromium(21645): [INFO:CONSOLE(3)] "Error parsing a meta element's content: ';' is not a valid key-value pair separator. Please use ',' instead.", source: http://adsx.greystripe.com/openx/www/delivery/ia.php?z=1479240293976&s=fs&source=saveimage%20port%20wifi%20Android-5.1.1%20asdk-2.4.2%20land&guid=28c67532-a45d-4129-a14f-96cf44bc81e3&screen_size=768x1184&gaid=229d4aea-d76e-47c3-ad88-1eafdf3529f0&res=2.0&lang=en (3)
I/org.umd.logging(21645): Method > 1 com.mobilityware.solitaire.AnimationManager$1.run(com.mobilityware.solitaire.AnimationManager$1@708804506)
I/org.umd.logging(21645): Method < 1 com.mobilityware.solitaire.AnimationManager$1.run()
I/org.umd.logging(21645): Method > 1 com.mobilityware.solitaire.AnimationManager$1.run(com.mobilityware.solitaire.AnimationManager$1@708804506)
I/org.umd.logging(21645): Method < 1 com.mobilityware.solitaire.AnimationManager$1.run()
I/org.umd.logging(21645): Method > 1 com.mobilityware.solitaire.AnimationManager$1.run(com.mobilityware.solitaire.AnimationManager$1@708804506)
I/org.umd.logging(21645): Method < 1 com.mobilityware.solitaire.AnimationManager$1.run()
I/org.umd.logging(21645): Method > 1 com.mobilityware.solitaire.AnimationManager$1.run(com.mobilityware.solitaire.AnimationManager$1@708804506)
I/org.umd.logging(21645): Method < 1 com.mobilityware.solitaire.AnimationManager$1.run()
I/org.umd.logging(21645): Method > 1 com.mobilityware.solitaire.AnimationManager$1.run(com.mobilityware.solitaire.AnimationManager$1@708804506)
I/org.umd.logging(21645): Method < 1 com.mobilityware.solitaire.AnimationManager$1.run()
I/org.umd.logging(21645): Method > 1 com.mobilityware.solitaire.AnimationManager$1.run(com.mobilityware.solitaire.AnimationManager$1@708804506)
I/org.umd.logging(21645): Method < 1 com.mobilityware.solitaire.AnimationManager$1.run()
I/org.umd.logging(21645): Method < 1025 com.facebook.ads.internal.AdRequest.executeConnectionAndWait(com.facebook.ads.internal.AdRequest$AdRequestResponse@396934673)
I/org.umd.logging(21645): Method < 1025 com.facebook.ads.internal.AdRequest$1.doInBackground(com.facebook.ads.internal.AdRequest$AdRequestResponse@396934673)
I/org.umd.logging(21645): Method > 1 com.facebook.ads.internal.AdRequest$1.onPostExecute(com.facebook.ads.internal.AdRequest$1@814835854<atask=true>, com.facebook.ads.internal.AdRequest$AdRequestResponse@396934673)
I/org.umd.logging(21645): Method < 1 com.facebook.ads.internal.AdRequest$1.onPostExecute()
E/chromium(21645): [ERROR:interface_registry.cc(99)] Failed to locate a binder for interface: autofill::mojom::AutofillDriver
I/org.umd.logging(21645): Method > 1 com.greystripe.sdk.core.AdWebView$1.run(com.greystripe.sdk.core.AdWebView$1@858408311)
I/org.umd.logging(21645): Method < 1 com.greystripe.sdk.core.AdWebView$1.run()
I/org.umd.logging(21645): Method > 1 com.greystripe.sdk.core.AdModel$2.run(com.greystripe.sdk.core.AdModel$2@558508621)
I/org.umd.logging(21645): Method < 1 com.greystripe.sdk.core.AdModel$2.run()
I/org.umd.logging(21645): Method > 1 com.greystripe.sdk.core.AdModel$3.run(com.greystripe.sdk.core.AdModel$3@930333203)
I/org.umd.logging(21645): Method < 1 com.greystripe.sdk.core.AdModel$3.run()
I/org.umd.logging(21645): Method > 1 com.mobilityware.advertising.AdControl$4.run(com.mobilityware.advertising.AdControl$4@723263049)
W/ResourcesManager(21645): Asset path '/system/framework/com.android.media.remotedisplay.jar' does not exist or contains no resources.
W/ResourcesManager(21645): Asset path '/system/framework/com.android.location.provider.jar' does not exist or contains no resources.
I/org.umd.logging(21645): Method > 1016 com.vungle.publisher.async.ScheduledPriorityExecutor$a$a.run(com.vungle.publisher.async.ScheduledPriorityExecutor$a$a@564745038)
I/org.umd.logging(21645): Method > 1016 com.vungle.publisher.VunglePubBase$AsyncInitEventListener$1.run(com.vungle.publisher.VunglePubBase$AsyncInitEventListener$1@298331516)
I/org.umd.logging(21645): Method > 1017 com.vungle.publisher.async.ScheduledPriorityExecutor$a$a.run(com.vungle.publisher.async.ScheduledPriorityExecutor$a$a@973035013)
I/org.umd.logging(21645): Method > 1017 com.vungle.publisher.env.AdvertisingDeviceIdStrategy$FetchAdvertisingPreferencesRunnable.run(com.vungle.publisher.env.AdvertisingDeviceIdStrategy$FetchAdvertisingPreferencesRunnable@181098074)
I/org.umd.logging(21645): Api > 1016 android.content.Context.startService(com.mobilityware.solitaire.SolitaireApplication@851751613, android.content.Intent@813654155<action=com.vungle.publisher.VungleService.SESSION><data=null><package=null><component=com.mobilityware.solitaire/com.vungle.publisher.VungleService><type=null><filter_hashcode=-2112753303><activityEvent=None><sessionStartMillis=None><umd_Intent_key=None>)
I/org.umd.logging(21645): Api < 1016 android.content.Context.startService()
I/org.umd.logging(21645): Api > 1016 android.content.Intent.<init>(android.content.Intent@740861288<action=com.vungle.publisher.VungleService.PROTOCOL><data=http://api.vungle.com/api/v1/config><package=null><component=com.mobilityware.solitaire/com.vungle.publisher.VungleService><type=null><filter_hashcode=-559033505><umd_Intent_key=None>, "com.vungle.publisher.VungleService.PROTOCOL", android.net.Uri$StringUri@534281766<URI=http://api.vungle.com/api/v1/config>, com.mobilityware.solitaire.SolitaireApplication@851751613, com.vungle.publisher.VungleService)
I/org.umd.logging(21645): Api < 1016 android.content.Intent.<init>(android.content.Intent@740861288<action=com.vungle.publisher.VungleService.PROTOCOL><data=http://api.vungle.com/api/v1/config><package=null><component=com.mobilityware.solitaire/com.vungle.publisher.VungleService><type=null><filter_hashcode=-559033505><umd_Intent_key=None>)
I/org.umd.logging(21645): Api > 1016 android.content.Context.startService(com.mobilityware.solitaire.SolitaireApplication@851751613, android.content.Intent@740861288<action=com.vungle.publisher.VungleService.PROTOCOL><data=http://api.vungle.com/api/v1/config><package=null><component=com.mobilityware.solitaire/com.vungle.publisher.VungleService><type=null><filter_hashcode=-559033505><umd_Intent_key=None><transaction=None>)
I/org.umd.logging(21645): Api < 1016 android.content.Context.startService()
I/org.umd.logging(21645): Method < 1016 com.vungle.publisher.VunglePubBase$AsyncInitEventListener$1.run()
I/org.umd.logging(21645): Method < 1016 com.vungle.publisher.async.ScheduledPriorityExecutor$a$a.run()
D/DynamitePackage(21645): Instantiated singleton DynamitePackage.
D/DynamitePackage(21645): Instantiating com.google.android.gms.ads.ChimeraAdManagerCreatorImpl
I/DynamiteModule(21645): Considering local module com.google.android.gms.piccard.dynamite:0 and remote module com.google.android.gms.piccard.dynamite:9
I/DynamiteModule(21645): Selected remote version of com.google.android.gms.piccard.dynamite, version >= 9
E/DynamiteModule(21645): Failed to load DynamiteLoader: java.lang.ClassNotFoundException: Didn't find class "com.google.android.gms.dynamite.DynamiteModule$DynamiteLoaderClassLoader" on path: DexPathList[[zip file "/data/app/com.mobilityware.solitaire-1/base.apk"],nativeLibraryDirectories=[/vendor/lib, /system/lib]]
W/DynamiteModule(21645): Failed to load remote module: Failed to get module context
W/DynamiteModule(21645): Failed to load module via fast routeajo: Remote load failed. No local fallback found.
I/DynamiteModule(21645): Considering local module com.google.android.gms.piccard.dynamite:0 and remote module com.google.android.gms.piccard.dynamite:9
I/DynamiteModule(21645): Selected remote version of com.google.android.gms.piccard.dynamite, version >= 9
I/Ads     (21645): Starting ad request.
I/Ads     (21645): Use AdRequest.Builder.addTestDevice("1F480C9603A7924489313051413E5A68") to get test ads on this device.
I/Ads     (21645): Please set theme of AdActivity to @android:style/Theme.Translucent to enable transparent background interstitial ad.
I/org.umd.logging(21645): Method < 1 com.mobilityware.advertising.AdControl$4.run()
E/Cataloger( 3812): syncFile:/storage/emulated/0/2016-11-15_03:04:56.229.jpg
W/ActivityManager(  598): getRunningAppProcesses: caller 10216 does not hold REAL_GET_TASKS; limiting output
I/org.umd.logging(21645): Method > 1 com.mobilityware.solitaire.MWView.onTouchEvent(com.mobilityware.solitaire.MWView@586023409<file=2016-11-15_03:04:56.229><x=0><y=0><width=768><height=1184><id=2131165254><imagename=mwview>, android.view.MotionEvent@358974276)
E/Cataloger( 3812): syncFile:/storage/emulated/0/2016-11-15_03:04:56.229.jpg
I/org.umd.logging(21645): Method < 1 com.mobilityware.solitaire.MWView.onTouchEvent(true)
E/Cataloger( 3812): syncFile:/storage/emulated/0/2016-11-15_03:04:56.445.jpg
I/org.umd.logging(21645): Method > 1 com.mobilityware.solitaire.MWView.onTouchEvent(com.mobilityware.solitaire.MWView@586023409<file=2016-11-15_03:04:56.445><x=0><y=0><width=768><height=1184><id=2131165254><imagename=mwview>, android.view.MotionEvent@358974276)
I/org.umd.logging(21645): Api > 1 android.animation.AnimatorSet.start(android.animation.AnimatorSet@130023546)
I/org.umd.logging(21645): Api < 1 android.animation.AnimatorSet.start()
I/org.umd.logging(21645): Api > 1 android.animation.AnimatorSet.start(android.animation.AnimatorSet@498079265)
I/org.umd.logging(21645): Api < 1 android.animation.AnimatorSet.start()
I/org.umd.logging(21645): Api > 1 android.animation.AnimatorSet.start(android.animation.AnimatorSet@48302388)
I/org.umd.logging(21645): Api < 1 android.animation.AnimatorSet.start()
E/Cataloger( 3812): syncFile:/storage/emulated/0/2016-11-15_03:04:56.445.jpg
I/org.umd.logging(21645): Api > 1 android.media.MediaPlayer.start(android.media.MediaPlayer@810220678)
D/NuPlayerDriver(  191): start(0xb7697e88)
I/org.umd.logging(21645): Api < 1 android.media.MediaPlayer.start()
I/org.umd.logging(21645): Method < 1 com.mobilityware.solitaire.MWView.onTouchEvent(true)
I/Choreographer(21645): Skipped 44 frames!  The application may be doing too much work on its main thread.
I/NuPlayerDecoder(  191): [OMX.google.vorbis.decoder] resubmitting CSD
I/NuPlayerDecoder(  191): [OMX.google.vorbis.decoder] resubmitting CSD
W/SoftVorbis(  191): vorbis_dsp_synthesis returned -135
W/SoftVorbis(  191): vorbis_dsp_synthesis returned -135
I/org.umd.logging(21645): Method > 1 com.mobilityware.solitaire.MWView$4.run(com.mobilityware.solitaire.MWView$4@1044473020)
I/org.umd.logging(21645): Method < 1 com.mobilityware.solitaire.MWView$4.run()
I/org.umd.logging(21645): Method > 1 com.vungle.publisher.VungleService.onCreate(com.vungle.publisher.VungleService@479864018)
I/org.umd.logging(21645): Method < 1 com.vungle.publisher.VungleService.onCreate()
I/org.umd.logging(21645): Method > 1 com.vungle.publisher.VungleService.onStartCommand(com.vungle.publisher.VungleService@479864018, android.content.Intent@975144096<action=com.vungle.publisher.VungleService.SESSION><data=null><package=null><component=com.mobilityware.solitaire/com.vungle.publisher.VungleService><type=null><filter_hashcode=-2112753303><activityEvent=None><sessionStartMillis=None><umd_Intent_key=None>, 0, 1)
I/org.umd.logging(21645): Method > 1 com.vungle.publisher.VungleService.onStart(com.vungle.publisher.VungleService@479864018, android.content.Intent@975144096<action=com.vungle.publisher.VungleService.SESSION><data=null><package=null><component=com.mobilityware.solitaire/com.vungle.publisher.VungleService><type=null><filter_hashcode=-2112753303><activityEvent=None><sessionStartMillis=None><umd_Intent_key=None>, 1)
I/org.umd.logging(21645): Api > 1 android.os.HandlerThread.start(android.os.HandlerThread@227829849<thread=1052>)
I/org.umd.logging(21645): Api < 1 android.os.HandlerThread.start()
I/org.umd.logging(21645): Method < 1 com.vungle.publisher.VungleService.onStartCommand(2)
I/org.umd.logging(21645): Api > 1052 android.content.Intent.<init>(android.content.Intent@231848990<action=com.vungle.publisher.VungleService.PROTOCOL><data=http://api.vungle.com/api/v1/sessionStart><package=null><component=com.mobilityware.solitaire/com.vungle.publisher.VungleService><type=null><filter_hashcode=-1259389943><umd_Intent_key=None>, "com.vungle.publisher.VungleService.PROTOCOL", android.net.Uri$StringUri@822627020<URI=http://api.vungle.com/api/v1/sessionStart>, com.mobilityware.solitaire.SolitaireApplication@851751613, com.vungle.publisher.VungleService)
I/org.umd.logging(21645): Api < 1052 android.content.Intent.<init>(android.content.Intent@231848990<action=com.vungle.publisher.VungleService.PROTOCOL><data=http://api.vungle.com/api/v1/sessionStart><package=null><component=com.mobilityware.solitaire/com.vungle.publisher.VungleService><type=null><filter_hashcode=-1259389943><umd_Intent_key=None>)
I/org.umd.logging(21645): Api > 1052 android.content.Context.startService(com.mobilityware.solitaire.SolitaireApplication@851751613, android.content.Intent@231848990<action=com.vungle.publisher.VungleService.PROTOCOL><data=http://api.vungle.com/api/v1/sessionStart><package=null><component=com.mobilityware.solitaire/com.vungle.publisher.VungleService><type=null><filter_hashcode=-1259389943><umd_Intent_key=None><transaction=None>)
I/org.umd.logging(21645): Method > 1 com.vungle.publisher.VungleService.onStartCommand(com.vungle.publisher.VungleService@479864018, android.content.Intent@651324671<action=com.vungle.publisher.VungleService.PROTOCOL><data=http://api.vungle.com/api/v1/config><package=null><component=com.mobilityware.solitaire/com.vungle.publisher.VungleService><type=null><filter_hashcode=-559033505><umd_Intent_key=None><transaction=None>, 0, 2)
I/org.umd.logging(21645): Api < 1052 android.content.Context.startService()
I/org.umd.logging(21645): Method > 1 com.vungle.publisher.VungleService.onStart(com.vungle.publisher.VungleService@479864018, android.content.Intent@651324671<action=com.vungle.publisher.VungleService.PROTOCOL><data=http://api.vungle.com/api/v1/config><package=null><component=com.mobilityware.solitaire/com.vungle.publisher.VungleService><type=null><filter_hashcode=-559033505><umd_Intent_key=None><transaction=None>, 2)
I/org.umd.logging(21645): Method < 1 com.vungle.publisher.VungleService.onStartCommand(2)
I/org.umd.logging(21645): Api > 1053 android.net.ConnectivityManager.getActiveNetworkInfo(android.net.ConnectivityManager@712872416)
I/org.umd.logging(21645): Api < 1053 android.net.ConnectivityManager.getActiveNetworkInfo(android.net.NetworkInfo@442072106)
I/org.umd.logging(21645): Method > 1053 com.vungle.publisher.bt$a.run(com.vungle.publisher.bt$a@500516792)
I/org.umd.logging(21645): Method > 1053 com.vungle.publisher.bx.run(com.vungle.publisher.bx@803942646)
I/org.umd.logging(21645): Api > 1053 java.net.URL.openConnection(java.net.URL@609418487<URL=http://api.vungle.com/api/v1/config>)
I/org.umd.logging(21645): Method < 1017 com.vungle.publisher.env.AdvertisingDeviceIdStrategy$FetchAdvertisingPreferencesRunnable.run()
I/org.umd.logging(21645): Method < 1017 com.vungle.publisher.async.ScheduledPriorityExecutor$a$a.run()
I/org.umd.logging(21645): Api < 1053 java.net.URL.openConnection(com.android.okhttp.internal.http.HttpURLConnectionImpl@510863204)
I/org.umd.logging(21645): Method > 1 com.mobilityware.solitaire.AnimationManager$1.run(com.mobilityware.solitaire.AnimationManager$1@708804506)
I/org.umd.logging(21645): Method < 1 com.mobilityware.solitaire.AnimationManager$1.run()
I/org.umd.logging(21645): Method > 1 com.vungle.publisher.VungleService.onStartCommand(com.vungle.publisher.VungleService@479864018, android.content.Intent@677408205<action=com.vungle.publisher.VungleService.PROTOCOL><data=http://api.vungle.com/api/v1/sessionStart><package=null><component=com.mobilityware.solitaire/com.vungle.publisher.VungleService><type=null><filter_hashcode=-1259389943><umd_Intent_key=None><transaction=None>, 0, 3)
I/org.umd.logging(21645): Method > 1 com.vungle.publisher.VungleService.onStart(com.vungle.publisher.VungleService@479864018, android.content.Intent@677408205<action=com.vungle.publisher.VungleService.PROTOCOL><data=http://api.vungle.com/api/v1/sessionStart><package=null><component=com.mobilityware.solitaire/com.vungle.publisher.VungleService><type=null><filter_hashcode=-1259389943><umd_Intent_key=None><transaction=None>, 3)
I/org.umd.logging(21645): Method < 1 com.vungle.publisher.VungleService.onStartCommand(2)
I/org.umd.logging(21645): Method > 1 com.mobilityware.solitaire.AnimationManager$1.run(com.mobilityware.solitaire.AnimationManager$1@708804506)
I/org.umd.logging(21645): Method < 1 com.mobilityware.solitaire.AnimationManager$1.run()
I/org.umd.logging(21645): Method > 1 com.mobilityware.solitaire.AnimationManager$1.run(com.mobilityware.solitaire.AnimationManager$1@708804506)
I/org.umd.logging(21645): Method < 1 com.mobilityware.solitaire.AnimationManager$1.run()
I/org.umd.logging(21645): Method > 1 com.mobilityware.solitaire.AnimationManager$1.run(com.mobilityware.solitaire.AnimationManager$1@708804506)
I/org.umd.logging(21645): Method < 1 com.mobilityware.solitaire.AnimationManager$1.run()
I/Ads     ( 9866): Received log message: <Google:HTML> You are using version 4.2 of the Google Play services Ads SDK. Please consider updating your SDK to the most recent SDK version to get the latest features and bug fixes. See http://goo.gl/r2TRzC for instructions on how to get the latest version of Google Play services.
I/org.umd.logging(21645): Method > 1 com.mobilityware.solitaire.AnimationManager$1.run(com.mobilityware.solitaire.AnimationManager$1@708804506)
I/org.umd.logging(21645): Method < 1 com.mobilityware.solitaire.AnimationManager$1.run()
I/org.umd.logging(21645): Method > 1 com.mobilityware.solitaire.AnimationManager$1.run(com.mobilityware.solitaire.AnimationManager$1@708804506)
I/org.umd.logging(21645): Method < 1 com.mobilityware.solitaire.AnimationManager$1.run()
E/Cataloger( 3812): syncFile:/storage/emulated/0/2016-11-15_03:04:57.276.jpg
I/org.umd.logging(21645): Method < 1053 com.vungle.publisher.bx.run()
I/org.umd.logging(21645): Method < 1053 com.vungle.publisher.bt$a.run()
I/org.umd.logging(21645): Api > 1053 android.net.ConnectivityManager.getActiveNetworkInfo(android.net.ConnectivityManager@712872416)
I/org.umd.logging(21645): Api < 1053 android.net.ConnectivityManager.getActiveNetworkInfo(android.net.NetworkInfo@993030547)
I/org.umd.logging(21645): Method > 1053 com.vungle.publisher.bt$a.run(com.vungle.publisher.bt$a@552424912)
I/org.umd.logging(21645): Method > 1053 com.vungle.publisher.bx.run(com.vungle.publisher.bx@68360649)
I/org.umd.logging(21645): Api > 1053 java.net.URL.openConnection(java.net.URL@141781198<URL=http://api.vungle.com/api/v1/sessionStart>)
I/org.umd.logging(21645): Api < 1053 java.net.URL.openConnection(com.android.okhttp.internal.http.HttpURLConnectionImpl@543593455)
I/org.umd.logging(21645): Method > 1 com.mobilityware.solitaire.MWView.onTouchEvent(com.mobilityware.solitaire.MWView@586023409<file=2016-11-15_03:04:57.276><x=0><y=0><width=768><height=1184><id=2131165254><imagename=mwview>, android.view.MotionEvent@358974276)
I/org.umd.logging(21645): Method < 1 com.mobilityware.solitaire.MWView.onTouchEvent(true)
E/Cataloger( 3812): syncFile:/storage/emulated/0/2016-11-15_03:04:57.276.jpg
E/Cataloger( 3812): syncFile:/storage/emulated/0/2016-11-15_03:04:57.490.jpg
I/org.umd.logging(21645): Method > 1 com.mobilityware.solitaire.MWView.onTouchEvent(com.mobilityware.solitaire.MWView@586023409<file=2016-11-15_03:04:57.490><x=0><y=0><width=768><height=1184><id=2131165254><imagename=mwview>, android.view.MotionEvent@358974276)
I/org.umd.logging(21645): Method < 1 com.mobilityware.solitaire.MWView.onTouchEvent(true)
E/Cataloger( 3812): syncFile:/storage/emulated/0/2016-11-15_03:04:57.490.jpg
E/Cataloger( 3812): syncFile:/storage/emulated/0/2016-11-15_03:04:57.687.jpg
I/org.umd.logging(21645): Method > 1 com.mobilityware.solitaire.MWView.onTouchEvent(com.mobilityware.solitaire.MWView@586023409<file=2016-11-15_03:04:57.687><x=0><y=0><width=768><height=1184><id=2131165254><imagename=mwview>, android.view.MotionEvent@358974276)
I/org.umd.logging(21645): Api > 1 android.animation.AnimatorSet.start(android.animation.AnimatorSet@262222228)
I/org.umd.logging(21645): Api < 1 android.animation.AnimatorSet.start()
I/org.umd.logging(21645): Api > 1 android.animation.AnimatorSet.start(android.animation.AnimatorSet@162063747)
I/org.umd.logging(21645): Api < 1 android.animation.AnimatorSet.start()
I/org.umd.logging(21645): Api > 1 android.animation.AnimatorSet.start(android.animation.AnimatorSet@351379838)
I/org.umd.logging(21645): Api < 1 android.animation.AnimatorSet.start()
I/org.umd.logging(21645): Api > 1 android.media.MediaPlayer.start(android.media.MediaPlayer@810220678)
D/NuPlayerDriver(  191): start(0xb7697e88)
I/org.umd.logging(21645): Api < 1 android.media.MediaPlayer.start()
I/org.umd.logging(21645): Method < 1 com.mobilityware.solitaire.MWView.onTouchEvent(true)
I/Choreographer(21645): Skipped 36 frames!  The application may be doing too much work on its main thread.
I/NuPlayerDecoder(  191): [OMX.google.vorbis.decoder] resubmitting CSD
I/NuPlayerDecoder(  191): [OMX.google.vorbis.decoder] resubmitting CSD
W/SoftVorbis(  191): vorbis_dsp_synthesis returned -135
W/SoftVorbis(  191): vorbis_dsp_synthesis returned -135
E/Cataloger( 3812): syncFile:/storage/emulated/0/2016-11-15_03:04:57.687.jpg
I/org.umd.logging(21645): Method > 1 com.mobilityware.solitaire.MWView$4.run(com.mobilityware.solitaire.MWView$4@1044473020)
I/org.umd.logging(21645): Method < 1 com.mobilityware.solitaire.MWView$4.run()
I/cr_Ime  (21645): ImeThread is enabled.
I/org.umd.logging(21645): Method > 1 com.mobilityware.solitaire.AnimationManager$1.run(com.mobilityware.solitaire.AnimationManager$1@708804506)
I/org.umd.logging(21645): Method < 1 com.mobilityware.solitaire.AnimationManager$1.run()
I/org.umd.logging(21645): Method > 1 com.mobilityware.solitaire.AnimationManager$1.run(com.mobilityware.solitaire.AnimationManager$1@708804506)
I/org.umd.logging(21645): Method < 1 com.mobilityware.solitaire.AnimationManager$1.run()
W/cr_BindingManager(21645): Cannot call determinedVisibility() - never saw a connection for the pid: 21645
I/org.umd.logging(21645): Method > 1 com.mobilityware.solitaire.AnimationManager$1.run(com.mobilityware.solitaire.AnimationManager$1@708804506)
I/org.umd.logging(21645): Method < 1 com.mobilityware.solitaire.AnimationManager$1.run()
E/Cataloger( 3812): syncFile:/storage/emulated/0/2016-11-15_03:04:58.592.jpg
I/org.umd.logging(21645): Method > 1 com.mobilityware.solitaire.MWView.onTouchEvent(com.mobilityware.solitaire.MWView@586023409<file=2016-11-15_03:04:58.592><x=0><y=0><width=768><height=1184><id=2131165254><imagename=mwview>, android.view.MotionEvent@358974276)
I/org.umd.logging(21645): Method < 1 com.mobilityware.solitaire.MWView.onTouchEvent(true)
E/Cataloger( 3812): syncFile:/storage/emulated/0/2016-11-15_03:04:58.592.jpg
E/Cataloger( 3812): syncFile:/storage/emulated/0/2016-11-15_03:04:58.794.jpg
I/org.umd.logging(21645): Method > 1 com.mobilityware.solitaire.MWView.onTouchEvent(com.mobilityware.solitaire.MWView@586023409<file=2016-11-15_03:04:58.794><x=0><y=0><width=768><height=1184><id=2131165254><imagename=mwview>, android.view.MotionEvent@358974276)
I/org.umd.logging(21645): Method < 1 com.mobilityware.solitaire.MWView.onTouchEvent(true)
E/Cataloger( 3812): syncFile:/storage/emulated/0/2016-11-15_03:04:58.794.jpg
I/OMXClient(21645): Using client-side OMX mux.
E/Cataloger( 3812): syncFile:/storage/emulated/0/2016-11-15_03:04:58.966.jpg
E/OMX-VDEC-1080P(  191): Extension: OMX.google.android.index.storeMetaDataInBuffers not implemented
E/OMXNodeInstance(  191): getExtensionIndex(32:qcom.decoder.avc, OMX.google.android.index.storeMetaDataInBuffers) ERROR: NotImplemented(0x80001006)
E/ACodec  (21645): [OMX.qcom.video.decoder.avc] storeMetaDataInBuffers failed w/ err -2147483648
E/OMX-VDEC-1080P(  191): Enabling Adaptive playback for 640 x 358
E/OMX-VDEC-1080P(  191): 
E/OMX-VDEC-1080P(  191):  No color conversion required
E/OMX-VDEC-1080P(  191): 
E/OMX-VDEC-1080P(  191):  No color conversion required
E/OMX-VDEC-1080P(  191): 
E/OMX-VDEC-1080P(  191):  No color conversion required
E/OMX-VDEC-1080P(  191): 
E/OMX-VDEC-1080P(  191):  No color conversion required
E/OMX-VDEC-1080P(  191): 
E/OMX-VDEC-1080P(  191):  No color conversion required
E/OMX-VDEC-1080P(  191): 
E/OMX-VDEC-1080P(  191):  No color conversion required
E/OMX-VDEC-1080P(  191): 
E/OMX-VDEC-1080P(  191):  No color conversion required
E/OMX-VDEC-1080P(  191): 
E/OMX-VDEC-1080P(  191):  No color conversion required
E/OMX-VDEC-1080P(  191): 
E/OMX-VDEC-1080P(  191):  No color conversion required
E/OMX-VDEC-1080P(  191): 
E/OMX-VDEC-1080P(  191):  No color conversion required
E/OMX-VDEC-1080P(  191): GET_MV_BUFFER_SIZE returned: Size: 65536 and alignment: 8192
E/OMX-VDEC-1080P(  191): 
E/OMX-VDEC-1080P(  191):  No color conversion required
E/OMX-VDEC-1080P(  191): 
E/OMX-VDEC-1080P(  191):  No color conversion required
E/OMX-VDEC-1080P(  191): 
E/OMX-VDEC-1080P(  191):  No color conversion required
E/OMX-VDEC-1080P(  191): 
E/OMX-VDEC-1080P(  191):  No color conversion required
E/OMX-VDEC-1080P(  191): 
E/OMX-VDEC-1080P(  191):  No color conversion required
E/OMX-VDEC-1080P(  191): 
E/OMX-VDEC-1080P(  191):  No color conversion required
E/OMX-VDEC-1080P(  191): 
E/OMX-VDEC-1080P(  191):  No color conversion required
E/OMX-VDEC-1080P(  191): 
E/OMX-VDEC-1080P(  191):  No color conversion required
E/OMX-VDEC-1080P(  191): 
E/OMX-VDEC-1080P(  191):  No color conversion required
E/OMX-VDEC-1080P(  191): 
E/OMX-VDEC-1080P(  191):  No color conversion required
E/OMX-VDEC-1080P(  191): 
E/OMX-VDEC-1080P(  191):  No color conversion required
E/OMX-VDEC-1080P(  191): 
E/OMX-VDEC-1080P(  191):  No color conversion required
E/OMX-VDEC-1080P(  191): 
E/OMX-VDEC-1080P(  191):  No color conversion required
E/OMX-VDEC-1080P(  191): 
E/OMX-VDEC-1080P(  191):  No color conversion required
E/OMX-VDEC-1080P(  191): 
E/OMX-VDEC-1080P(  191):  No color conversion required
E/OMX-VDEC-1080P(  191): 
E/OMX-VDEC-1080P(  191):  No color conversion required
E/OMX-VDEC-1080P(  191): 
E/OMX-VDEC-1080P(  191):  No color conversion required
E/OMX-VDEC-1080P(  191): 
E/OMX-VDEC-1080P(  191):  No color conversion required
E/OMX-VDEC-1080P(  191): 
E/OMX-VDEC-1080P(  191):  No color conversion required
E/OMX-VDEC-1080P(  191): 
E/OMX-VDEC-1080P(  191):  No color conversion required
E/OMX-VDEC-1080P(  191): 
E/OMX-VDEC-1080P(  191):  No color conversion required
E/OMX-VDEC-1080P(  191): 
E/OMX-VDEC-1080P(  191):  No color conversion required
I/org.umd.logging(21645): Method > 1 com.mobilityware.solitaire.MWView.onTouchEvent(com.mobilityware.solitaire.MWView@586023409<file=2016-11-15_03:04:58.966><x=0><y=0><width=768><height=1184><id=2131165254><imagename=mwview>, android.view.MotionEvent@358974276)
I/org.umd.logging(21645): Method < 1 com.mobilityware.solitaire.MWView.onTouchEvent(true)
E/Cataloger( 3812): syncFile:/storage/emulated/0/2016-11-15_03:04:58.966.jpg
I/org.umd.logging(21645): Method > 1 com.mobilityware.solitaire.MWView$4.run(com.mobilityware.solitaire.MWView$4@1044473020)
I/org.umd.logging(21645): Method < 1 com.mobilityware.solitaire.MWView$4.run()
E/OMX-VDEC-1080P(  191): 
E/OMX-VDEC-1080P(  191):  No color conversion required
E/chromium(21645): [ERROR:interface_registry.cc(99)] Failed to locate a binder for interface: autofill::mojom::AutofillDriver
I/org.umd.logging(21645): Method > 1 com.mobilityware.solitaire.MWView$4.run(com.mobilityware.solitaire.MWView$4@1044473020)
I/org.umd.logging(21645): Method < 1 com.mobilityware.solitaire.MWView$4.run()
E/Cataloger( 3812): syncFile:/storage/emulated/0/2016-11-15_03:05:00.593.jpg
I/org.umd.logging(21645): Method > 1 com.mobilityware.solitaire.MWView.onTouchEvent(com.mobilityware.solitaire.MWView@586023409<file=2016-11-15_03:05:00.593><x=0><y=0><width=768><height=1184><id=2131165254><imagename=mwview>, android.view.MotionEvent@358974276)
I/org.umd.logging(21645): Method < 1 com.mobilityware.solitaire.MWView.onTouchEvent(true)
E/Cataloger( 3812): syncFile:/storage/emulated/0/2016-11-15_03:05:00.593.jpg
E/Cataloger( 3812): syncFile:/storage/emulated/0/2016-11-15_03:05:00.804.jpg
I/art     (21645): Background partial concurrent mark sweep GC freed 4980(222KB) AllocSpace objects, 8(20MB) LOS objects, 24% free, 48MB/64MB, paused 1.678ms total 115.794ms
I/org.umd.logging(21645): Method > 1 com.mobilityware.solitaire.MWView.onTouchEvent(com.mobilityware.solitaire.MWView@586023409<file=2016-11-15_03:05:00.804><x=0><y=0><width=768><height=1184><id=2131165254><imagename=mwview>, android.view.MotionEvent@358974276)
I/org.umd.logging(21645): Method < 1 com.mobilityware.solitaire.MWView.onTouchEvent(true)
E/Cataloger( 3812): syncFile:/storage/emulated/0/2016-11-15_03:05:00.804.jpg
E/Cataloger( 3812): syncFile:/storage/emulated/0/2016-11-15_03:05:00.990.jpg
I/org.umd.logging(21645): Method > 1 com.mobilityware.solitaire.MWView.onTouchEvent(com.mobilityware.solitaire.MWView@586023409<file=2016-11-15_03:05:00.990><x=0><y=0><width=768><height=1184><id=2131165254><imagename=mwview>, android.view.MotionEvent@358974276)
I/org.umd.logging(21645): Api > 1 android.animation.AnimatorSet.start(android.animation.AnimatorSet@374230498)
I/org.umd.logging(21645): Api < 1 android.animation.AnimatorSet.start()
I/org.umd.logging(21645): Api > 1 android.animation.AnimatorSet.start(android.animation.AnimatorSet@887959721)
I/org.umd.logging(21645): Api < 1 android.animation.AnimatorSet.start()
I/org.umd.logging(21645): Api > 1 android.animation.AnimatorSet.start(android.animation.AnimatorSet@83405660)
I/org.umd.logging(21645): Api < 1 android.animation.AnimatorSet.start()
I/org.umd.logging(21645): Api > 1 android.media.MediaPlayer.start(android.media.MediaPlayer@810220678)
E/Cataloger( 3812): syncFile:/storage/emulated/0/2016-11-15_03:05:00.990.jpg
D/NuPlayerDriver(  191): start(0xb7697e88)
I/org.umd.logging(21645): Api < 1 android.media.MediaPlayer.start()
I/org.umd.logging(21645): Method < 1 com.mobilityware.solitaire.MWView.onTouchEvent(true)
I/NuPlayerDecoder(  191): [OMX.google.vorbis.decoder] resubmitting CSD
I/NuPlayerDecoder(  191): [OMX.google.vorbis.decoder] resubmitting CSD
W/SoftVorbis(  191): vorbis_dsp_synthesis returned -135
W/SoftVorbis(  191): vorbis_dsp_synthesis returned -135
I/org.umd.logging(21645): Method > 1 com.mobilityware.solitaire.AnimationManager$1.run(com.mobilityware.solitaire.AnimationManager$1@708804506)
I/org.umd.logging(21645): Method < 1 com.mobilityware.solitaire.AnimationManager$1.run()
I/org.umd.logging(21645): Method > 1 com.mobilityware.solitaire.MWView$4.run(com.mobilityware.solitaire.MWView$4@1044473020)
I/org.umd.logging(21645): Method < 1 com.mobilityware.solitaire.MWView$4.run()
I/org.umd.logging(21645): Method > 1 com.mobilityware.solitaire.AnimationManager$1.run(com.mobilityware.solitaire.AnimationManager$1@708804506)
I/org.umd.logging(21645): Method < 1 com.mobilityware.solitaire.AnimationManager$1.run()
I/org.umd.logging(21645): Method > 1 com.mobilityware.solitaire.AnimationManager$1.run(com.mobilityware.solitaire.AnimationManager$1@708804506)
I/org.umd.logging(21645): Method < 1 com.mobilityware.solitaire.AnimationManager$1.run()
I/org.umd.logging(21645): Method > 1 com.mobilityware.solitaire.AnimationManager$1.run(com.mobilityware.solitaire.AnimationManager$1@708804506)
I/org.umd.logging(21645): Method < 1 com.mobilityware.solitaire.AnimationManager$1.run()
I/org.umd.logging(21645): Method > 1 com.mobilityware.solitaire.AnimationManager$1.run(com.mobilityware.solitaire.AnimationManager$1@708804506)
I/org.umd.logging(21645): Method < 1 com.mobilityware.solitaire.AnimationManager$1.run()
I/org.umd.logging(21645): Method > 1 com.mobilityware.solitaire.AnimationManager$1.run(com.mobilityware.solitaire.AnimationManager$1@708804506)
I/org.umd.logging(21645): Method < 1 com.mobilityware.solitaire.AnimationManager$1.run()
I/org.umd.logging(21645): Method > 1 com.mobilityware.solitaire.AnimationManager$1.run(com.mobilityware.solitaire.AnimationManager$1@708804506)
I/org.umd.logging(21645): Method < 1 com.mobilityware.solitaire.AnimationManager$1.run()
I/org.umd.logging(21645): Method > 1 com.mobilityware.solitaire.AnimationManager$1.run(com.mobilityware.solitaire.AnimationManager$1@708804506)
I/org.umd.logging(21645): Method < 1 com.mobilityware.solitaire.AnimationManager$1.run()
I/Ads     (21645): Ad finished loading.
I/org.umd.logging(21645): Method > 1 com.mobilityware.solitaire.AnimationManager$1.run(com.mobilityware.solitaire.AnimationManager$1@708804506)
I/org.umd.logging(21645): Method < 1 com.mobilityware.solitaire.AnimationManager$1.run()
I/org.umd.logging(21645): Method > 1 com.mobilityware.solitaire.AnimationManager$1.run(com.mobilityware.solitaire.AnimationManager$1@708804506)
I/org.umd.logging(21645): Method < 1 com.mobilityware.solitaire.AnimationManager$1.run()
I/org.umd.logging(21645): Method > 1 com.mobilityware.solitaire.AnimationManager$1.run(com.mobilityware.solitaire.AnimationManager$1@708804506)
I/org.umd.logging(21645): Method < 1 com.mobilityware.solitaire.AnimationManager$1.run()
E/Cataloger( 3812): syncFile:/storage/emulated/0/2016-11-15_03:05:02.067.jpg
I/org.umd.logging(21645): Method > 1 com.mobilityware.solitaire.MWView.onTouchEvent(com.mobilityware.solitaire.MWView@586023409<file=2016-11-15_03:05:02.067><x=0><y=0><width=768><height=1184><id=2131165254><imagename=mwview>, android.view.MotionEvent@358974276)
E/Cataloger( 3812): syncFile:/storage/emulated/0/2016-11-15_03:05:02.067.jpg
I/org.umd.logging(21645): Method < 1 com.mobilityware.solitaire.MWView.onTouchEvent(true)
E/Cataloger( 3812): syncFile:/storage/emulated/0/2016-11-15_03:05:02.248.jpg
I/org.umd.logging(21645): Method > 1 com.mobilityware.solitaire.MWView.onTouchEvent(com.mobilityware.solitaire.MWView@586023409<file=2016-11-15_03:05:02.248><x=0><y=0><width=768><height=1184><id=2131165254><imagename=mwview>, android.view.MotionEvent@358974276)
I/org.umd.logging(21645): Method < 1 com.mobilityware.solitaire.MWView.onTouchEvent(true)
E/Cataloger( 3812): syncFile:/storage/emulated/0/2016-11-15_03:05:02.248.jpg
E/Cataloger( 3812): syncFile:/storage/emulated/0/2016-11-15_03:05:02.479.jpg
I/org.umd.logging(21645): Method > 1 com.mobilityware.solitaire.MWView.onTouchEvent(com.mobilityware.solitaire.MWView@586023409<file=2016-11-15_03:05:02.479><x=0><y=0><width=768><height=1184><id=2131165254><imagename=mwview>, android.view.MotionEvent@358974276)
I/org.umd.logging(21645): Api > 1 android.animation.AnimatorSet.start(android.animation.AnimatorSet@336798024)
I/org.umd.logging(21645): Api < 1 android.animation.AnimatorSet.start()
E/Cataloger( 3812): syncFile:/storage/emulated/0/2016-11-15_03:05:02.479.jpg
I/org.umd.logging(21645): Api > 1 android.animation.AnimatorSet.start(android.animation.AnimatorSet@623087559)
I/org.umd.logging(21645): Api < 1 android.animation.AnimatorSet.start()
I/org.umd.logging(21645): Api > 1 android.animation.AnimatorSet.start(android.animation.AnimatorSet@988410770)
I/org.umd.logging(21645): Api < 1 android.animation.AnimatorSet.start()
I/org.umd.logging(21645): Api > 1 android.media.MediaPlayer.start(android.media.MediaPlayer@810220678)
D/NuPlayerDriver(  191): start(0xb7697e88)
I/org.umd.logging(21645): Api < 1 android.media.MediaPlayer.start()
I/NuPlayerDecoder(  191): [OMX.google.vorbis.decoder] resubmitting CSD
I/NuPlayerDecoder(  191): [OMX.google.vorbis.decoder] resubmitting CSD
W/SoftVorbis(  191): vorbis_dsp_synthesis returned -135
W/SoftVorbis(  191): vorbis_dsp_synthesis returned -135
I/org.umd.logging(21645): Method < 1 com.mobilityware.solitaire.MWView.onTouchEvent(true)
I/org.umd.logging(21645): Method > 1 com.mobilityware.solitaire.MWView$4.run(com.mobilityware.solitaire.MWView$4@1044473020)
I/org.umd.logging(21645): Method < 1 com.mobilityware.solitaire.MWView$4.run()
I/org.umd.logging(21645): Method > 1 com.mobilityware.solitaire.AnimationManager$1.run(com.mobilityware.solitaire.AnimationManager$1@708804506)
I/org.umd.logging(21645): Method < 1 com.mobilityware.solitaire.AnimationManager$1.run()
I/org.umd.logging(21645): Method > 1 com.mobilityware.solitaire.AnimationManager$1.run(com.mobilityware.solitaire.AnimationManager$1@708804506)
I/org.umd.logging(21645): Method < 1 com.mobilityware.solitaire.AnimationManager$1.run()
I/org.umd.logging(21645): Method > 1 com.mobilityware.solitaire.AnimationManager$1.run(com.mobilityware.solitaire.AnimationManager$1@708804506)
I/org.umd.logging(21645): Method < 1 com.mobilityware.solitaire.AnimationManager$1.run()
I/org.umd.logging(21645): Method > 1 com.mobilityware.solitaire.AnimationManager$1.run(com.mobilityware.solitaire.AnimationManager$1@708804506)
I/org.umd.logging(21645): Method < 1 com.mobilityware.solitaire.AnimationManager$1.run()
I/org.umd.logging(21645): Method > 1 com.mobilityware.solitaire.AnimationManager$1.run(com.mobilityware.solitaire.AnimationManager$1@708804506)
I/org.umd.logging(21645): Method < 1 com.mobilityware.solitaire.AnimationManager$1.run()
I/org.umd.logging(21645): Method > 1 com.mobilityware.solitaire.AnimationManager$1.run(com.mobilityware.solitaire.AnimationManager$1@708804506)
I/org.umd.logging(21645): Method < 1 com.mobilityware.solitaire.AnimationManager$1.run()
I/org.umd.logging(21645): Method > 1 com.mobilityware.solitaire.AnimationManager$1.run(com.mobilityware.solitaire.AnimationManager$1@708804506)
I/org.umd.logging(21645): Method < 1 com.mobilityware.solitaire.AnimationManager$1.run()
I/org.umd.logging(21645): Method > 1 com.mobilityware.solitaire.AnimationManager$1.run(com.mobilityware.solitaire.AnimationManager$1@708804506)
I/org.umd.logging(21645): Method < 1 com.mobilityware.solitaire.AnimationManager$1.run()
I/org.umd.logging(21645): Method > 1 com.mobilityware.solitaire.AnimationManager$1.run(com.mobilityware.solitaire.AnimationManager$1@708804506)
I/org.umd.logging(21645): Method < 1 com.mobilityware.solitaire.AnimationManager$1.run()
I/org.umd.logging(21645): Method > 1 com.mobilityware.solitaire.AnimationManager$1.run(com.mobilityware.solitaire.AnimationManager$1@708804506)
I/org.umd.logging(21645): Method < 1 com.mobilityware.solitaire.AnimationManager$1.run()
I/org.umd.logging(21645): Method > 1 com.mobilityware.solitaire.AnimationManager$1.run(com.mobilityware.solitaire.AnimationManager$1@708804506)
I/org.umd.logging(21645): Method < 1 com.mobilityware.solitaire.AnimationManager$1.run()
E/Cataloger( 3812): syncFile:/storage/emulated/0/2016-11-15_03:05:03.271.jpg
I/org.umd.logging(21645): Method > 1 com.mobilityware.solitaire.MWView.onTouchEvent(com.mobilityware.solitaire.MWView@586023409<file=2016-11-15_03:05:03.271><x=0><y=0><width=768><height=1184><id=2131165254><imagename=mwview>, android.view.MotionEvent@358974276)
E/Cataloger( 3812): syncFile:/storage/emulated/0/2016-11-15_03:05:03.271.jpg
I/org.umd.logging(21645): Method < 1 com.mobilityware.solitaire.MWView.onTouchEvent(true)
E/Cataloger( 3812): syncFile:/storage/emulated/0/2016-11-15_03:05:03.460.jpg
I/org.umd.logging(21645): Method > 1 com.mobilityware.solitaire.MWView.onTouchEvent(com.mobilityware.solitaire.MWView@586023409<file=2016-11-15_03:05:03.460><x=0><y=0><width=768><height=1184><id=2131165254><imagename=mwview>, android.view.MotionEvent@358974276)
I/org.umd.logging(21645): Api > 1 android.animation.AnimatorSet.start(android.animation.AnimatorSet@19904222)
I/org.umd.logging(21645): Api < 1 android.animation.AnimatorSet.start()
I/org.umd.logging(21645): Api > 1 android.media.MediaPlayer.start(android.media.MediaPlayer@810220678)
D/NuPlayerDriver(  191): start(0xb7697e88)
E/Cataloger( 3812): syncFile:/storage/emulated/0/2016-11-15_03:05:03.460.jpg
I/org.umd.logging(21645): Api < 1 android.media.MediaPlayer.start()
I/org.umd.logging(21645): Method < 1 com.mobilityware.solitaire.MWView.onTouchEvent(true)
I/NuPlayerDecoder(  191): [OMX.google.vorbis.decoder] resubmitting CSD
W/SoftVorbis(  191): vorbis_dsp_synthesis returned -135
I/NuPlayerDecoder(  191): [OMX.google.vorbis.decoder] resubmitting CSD
W/SoftVorbis(  191): vorbis_dsp_synthesis returned -135
I/org.umd.logging(21645): Method > 1 com.mobilityware.solitaire.MWView$4.run(com.mobilityware.solitaire.MWView$4@1044473020)
I/org.umd.logging(21645): Method < 1 com.mobilityware.solitaire.MWView$4.run()
E/Cataloger( 3812): syncFile:/storage/emulated/0/2016-11-15_03:05:04.615.jpg
I/DownloadManagerWrapper( 1581): onReceive() : Charging = true
I/DownloadManagerWrapper( 1581): onReceive() : Charging = true
W/Settings( 3812): Setting stay_on_while_plugged_in has moved from android.provider.Settings.System to android.provider.Settings.Global, returning read-only value.
E/MtpServerJNI( 1368): server is null in send_object_removed
I/org.umd.logging(21645): Method > 1 com.mobilityware.solitaire.MWView.onTouchEvent(com.mobilityware.solitaire.MWView@586023409<file=2016-11-15_03:05:04.615><x=0><y=0><width=768><height=1184><id=2131165254><imagename=mwview>, android.view.MotionEvent@358974276)
E/Cataloger( 3812): syncFile:/storage/emulated/0/2016-11-15_03:05:04.615.jpg
I/org.umd.logging(21645): Method < 1 com.mobilityware.solitaire.MWView.onTouchEvent(true)
E/Cataloger( 3812): syncFile:/storage/emulated/0/2016-11-15_03:05:04.842.jpg
I/org.umd.logging(21645): Method > 1 com.mobilityware.solitaire.MWView.onTouchEvent(com.mobilityware.solitaire.MWView@586023409<file=2016-11-15_03:05:04.842><x=0><y=0><width=768><height=1184><id=2131165254><imagename=mwview>, android.view.MotionEvent@358974276)
I/org.umd.logging(21645): Method < 1 com.mobilityware.solitaire.MWView.onTouchEvent(true)
E/Cataloger( 3812): syncFile:/storage/emulated/0/2016-11-15_03:05:04.842.jpg
E/Cataloger( 3812): syncFile:/storage/emulated/0/2016-11-15_03:05:05.009.jpg
I/org.umd.logging(21645): Method > 1 com.mobilityware.solitaire.MWView.onTouchEvent(com.mobilityware.solitaire.MWView@586023409<file=2016-11-15_03:05:05.009><x=0><y=0><width=768><height=1184><id=2131165254><imagename=mwview>, android.view.MotionEvent@358974276)
I/org.umd.logging(21645): Api > 1 android.animation.AnimatorSet.start(android.animation.AnimatorSet@309426901)
I/org.umd.logging(21645): Api < 1 android.animation.AnimatorSet.start()
I/org.umd.logging(21645): Api > 1 android.media.MediaPlayer.start(android.media.MediaPlayer@810220678)
E/Cataloger( 3812): syncFile:/storage/emulated/0/2016-11-15_03:05:05.009.jpg
D/NuPlayerDriver(  191): start(0xb7697e88)
I/org.umd.logging(21645): Api < 1 android.media.MediaPlayer.start()
I/NuPlayerDecoder(  191): [OMX.google.vorbis.decoder] resubmitting CSD
I/NuPlayerDecoder(  191): [OMX.google.vorbis.decoder] resubmitting CSD
W/SoftVorbis(  191): vorbis_dsp_synthesis returned -135
W/SoftVorbis(  191): vorbis_dsp_synthesis returned -135
I/org.umd.logging(21645): Method < 1 com.mobilityware.solitaire.MWView.onTouchEvent(true)
I/org.umd.logging(21645): Method > 1 com.mobilityware.solitaire.MWView$4.run(com.mobilityware.solitaire.MWView$4@1044473020)
I/org.umd.logging(21645): Method < 1 com.mobilityware.solitaire.MWView$4.run()
E/Cataloger( 3812): syncFile:/storage/emulated/0/2016-11-15_03:05:05.746.jpg
I/org.umd.logging(21645): Method > 1 com.mobilityware.solitaire.MWView.onTouchEvent(com.mobilityware.solitaire.MWView@586023409<file=2016-11-15_03:05:05.746><x=0><y=0><width=768><height=1184><id=2131165254><imagename=mwview>, android.view.MotionEvent@358974276)
E/Cataloger( 3812): syncFile:/storage/emulated/0/2016-11-15_03:05:05.746.jpg
I/org.umd.logging(21645): Method < 1 com.mobilityware.solitaire.MWView.onTouchEvent(true)
E/Cataloger( 3812): syncFile:/storage/emulated/0/2016-11-15_03:05:05.940.jpg
I/org.umd.logging(21645): Method > 1 com.mobilityware.solitaire.MWView.onTouchEvent(com.mobilityware.solitaire.MWView@586023409<file=2016-11-15_03:05:05.940><x=0><y=0><width=768><height=1184><id=2131165254><imagename=mwview>, android.view.MotionEvent@358974276)
I/org.umd.logging(21645): Method < 1 com.mobilityware.solitaire.MWView.onTouchEvent(true)
E/Cataloger( 3812): syncFile:/storage/emulated/0/2016-11-15_03:05:05.940.jpg
E/Cataloger( 3812): syncFile:/storage/emulated/0/2016-11-15_03:05:06.134.jpg
I/org.umd.logging(21645): Method > 1 com.mobilityware.solitaire.MWView.onTouchEvent(com.mobilityware.solitaire.MWView@586023409<file=2016-11-15_03:05:06.134><x=0><y=0><width=768><height=1184><id=2131165254><imagename=mwview>, android.view.MotionEvent@358974276)
E/Cataloger( 3812): syncFile:/storage/emulated/0/2016-11-15_03:05:06.134.jpg
I/org.umd.logging(21645): Method < 1 com.mobilityware.solitaire.MWView.onTouchEvent(true)
I/org.umd.logging(21645): Method > 1 com.mobilityware.solitaire.MWView$4.run(com.mobilityware.solitaire.MWView$4@1044473020)
I/org.umd.logging(21645): Method < 1 com.mobilityware.solitaire.MWView$4.run()
E/Cataloger( 3812): syncFile:/storage/emulated/0/2016-11-15_03:05:06.707.jpg
I/org.umd.logging(21645): Method > 1 com.mobilityware.solitaire.MWView.onTouchEvent(com.mobilityware.solitaire.MWView@586023409<file=2016-11-15_03:05:06.707><x=0><y=0><width=768><height=1184><id=2131165254><imagename=mwview>, android.view.MotionEvent@358974276)
E/Cataloger( 3812): syncFile:/storage/emulated/0/2016-11-15_03:05:06.707.jpg
I/org.umd.logging(21645): Method < 1 com.mobilityware.solitaire.MWView.onTouchEvent(true)
E/WifiStateMachine(  598): WifiStateMachine CMD_START_SCAN source -2 txSuccessRate=235.84 rxSuccessRate=366.82 targetRoamBSSID=b4:e9:b0:e5:06:d0 RSSI=-51
E/Cataloger( 3812): syncFile:/storage/emulated/0/2016-11-15_03:05:06.927.jpg
I/org.umd.logging(21645): Method > 1 com.mobilityware.solitaire.MWView.onTouchEvent(com.mobilityware.solitaire.MWView@586023409<file=2016-11-15_03:05:06.927><x=0><y=0><width=768><height=1184><id=2131165254><imagename=mwview>, android.view.MotionEvent@358974276)
I/org.umd.logging(21645): Method < 1 com.mobilityware.solitaire.MWView.onTouchEvent(true)
E/Cataloger( 3812): syncFile:/storage/emulated/0/2016-11-15_03:05:06.927.jpg
E/Cataloger( 3812): syncFile:/storage/emulated/0/2016-11-15_03:05:07.158.jpg
I/org.umd.logging(21645): Method > 1 com.mobilityware.solitaire.MWView.onTouchEvent(com.mobilityware.solitaire.MWView@586023409<file=2016-11-15_03:05:07.158><x=0><y=0><width=768><height=1184><id=2131165254><imagename=mwview>, android.view.MotionEvent@358974276)
I/org.umd.logging(21645): Api > 1 android.animation.AnimatorSet.start(android.animation.AnimatorSet@24472696)
I/org.umd.logging(21645): Api < 1 android.animation.AnimatorSet.start()
I/org.umd.logging(21645): Api > 1 android.media.MediaPlayer.start(android.media.MediaPlayer@810220678)
E/Cataloger( 3812): syncFile:/storage/emulated/0/2016-11-15_03:05:07.158.jpg
D/NuPlayerDriver(  191): start(0xb7697e88)
I/org.umd.logging(21645): Api < 1 android.media.MediaPlayer.start()
I/org.umd.logging(21645): Method < 1 com.mobilityware.solitaire.MWView.onTouchEvent(true)
I/NuPlayerDecoder(  191): [OMX.google.vorbis.decoder] resubmitting CSD
I/NuPlayerDecoder(  191): [OMX.google.vorbis.decoder] resubmitting CSD
W/SoftVorbis(  191): vorbis_dsp_synthesis returned -135
W/SoftVorbis(  191): vorbis_dsp_synthesis returned -135
I/org.umd.logging(21645): Method > 1 com.mobilityware.solitaire.MWView$4.run(com.mobilityware.solitaire.MWView$4@1044473020)
I/org.umd.logging(21645): Method < 1 com.mobilityware.solitaire.MWView$4.run()
I/org.umd.logging(21645): Method > 1 com.mobilityware.solitaire.MWView$4.run(com.mobilityware.solitaire.MWView$4@1044473020)
I/org.umd.logging(21645): Method < 1 com.mobilityware.solitaire.MWView$4.run()
E/AudioTrackShared(  191): mFlush 0 -> 0x560, front 0x74b80, rear 0x74d60, mask 0x3ff, newFront 0x74960, filled 1024=0x400
E/Cataloger( 3812): syncFile:/storage/emulated/0/2016-11-15_03:05:09.315.jpg
