I/org.umd.logging(21645): Method > 1 com.mobilityware.solitaire.Toolbar$1.run(com.mobilityware.solitaire.Toolbar$1@229258321)
I/org.umd.logging(21645): Method < 1 com.mobilityware.solitaire.Toolbar$1.run()
I/org.umd.logging(21645): Method > 1 com.mobilityware.solitaire.MWProgressBar$1.run(com.mobilityware.solitaire.MWProgressBar$1@258360759)
I/org.umd.logging(21645): Method < 1 com.mobilityware.solitaire.MWProgressBar$1.run()
I/org.umd.logging(21645): Method > 1 com.mobilityware.solitaire.Toolbar$1.run(com.mobilityware.solitaire.Toolbar$1@229258321)
I/org.umd.logging(21645): Method < 1 com.mobilityware.solitaire.Toolbar$1.run()
I/org.umd.logging(21645): Method > 1 com.mobilityware.solitaire.MWProgressBar$1.run(com.mobilityware.solitaire.MWProgressBar$1@258360759)
I/org.umd.logging(21645): Method < 1 com.mobilityware.solitaire.MWProgressBar$1.run()
I/org.umd.logging(21645): Method > 1 com.mobilityware.solitaire.Toolbar$1.run(com.mobilityware.solitaire.Toolbar$1@229258321)
I/org.umd.logging(21645): Method < 1 com.mobilityware.solitaire.Toolbar$1.run()
I/org.umd.logging(21645): Method > 1 com.mobilityware.solitaire.MWProgressBar$1.run(com.mobilityware.solitaire.MWProgressBar$1@258360759)
I/org.umd.logging(21645): Method < 1 com.mobilityware.solitaire.MWProgressBar$1.run()
I/org.umd.logging(21645): Method > 1 com.mobilityware.solitaire.Toolbar$1.run(com.mobilityware.solitaire.Toolbar$1@229258321)
I/org.umd.logging(21645): Method < 1 com.mobilityware.solitaire.Toolbar$1.run()
I/org.umd.logging(21645): Method > 1 com.mobilityware.solitaire.MWProgressBar$1.run(com.mobilityware.solitaire.MWProgressBar$1@258360759)
I/org.umd.logging(21645): Method < 1 com.mobilityware.solitaire.MWProgressBar$1.run()
I/org.umd.logging(21645): Method > 1 com.mobilityware.solitaire.Toolbar$1.run(com.mobilityware.solitaire.Toolbar$1@229258321)
I/org.umd.logging(21645): Method < 1 com.mobilityware.solitaire.Toolbar$1.run()
I/org.umd.logging(21645): Method > 1 com.mobilityware.solitaire.MWProgressBar$1.run(com.mobilityware.solitaire.MWProgressBar$1@258360759)
I/org.umd.logging(21645): Method < 1 com.mobilityware.solitaire.MWProgressBar$1.run()
I/org.umd.logging(21645): Method > 1 com.mobilityware.solitaire.Toolbar$1.run(com.mobilityware.solitaire.Toolbar$1@229258321)
I/org.umd.logging(21645): Method < 1 com.mobilityware.solitaire.Toolbar$1.run()
I/org.umd.logging(21645): Method > 1 com.mobilityware.solitaire.MWProgressBar$1.run(com.mobilityware.solitaire.MWProgressBar$1@258360759)
I/org.umd.logging(21645): Method < 1 com.mobilityware.solitaire.MWProgressBar$1.run()
I/org.umd.logging(21645): Method > 1 com.mobilityware.solitaire.Toolbar$1.run(com.mobilityware.solitaire.Toolbar$1@229258321)
I/org.umd.logging(21645): Method < 1 com.mobilityware.solitaire.Toolbar$1.run()
I/org.umd.logging(21645): Method > 1 com.mobilityware.solitaire.MWProgressBar$1.run(com.mobilityware.solitaire.MWProgressBar$1@258360759)
I/org.umd.logging(21645): Method < 1 com.mobilityware.solitaire.MWProgressBar$1.run()
I/org.umd.logging(21645): Method > 1 com.mobilityware.solitaire.Toolbar$1.run(com.mobilityware.solitaire.Toolbar$1@229258321)
I/org.umd.logging(21645): Method < 1 com.mobilityware.solitaire.Toolbar$1.run()
I/org.umd.logging(21645): Method > 1 com.mobilityware.solitaire.MWProgressBar$1.run(com.mobilityware.solitaire.MWProgressBar$1@258360759)
I/org.umd.logging(21645): Method < 1 com.mobilityware.solitaire.MWProgressBar$1.run()
I/org.umd.logging(21645): Method > 1 com.mobilityware.solitaire.Toolbar$1.run(com.mobilityware.solitaire.Toolbar$1@229258321)
I/org.umd.logging(21645): Method < 1 com.mobilityware.solitaire.Toolbar$1.run()
I/org.umd.logging(21645): Method > 1 com.mobilityware.solitaire.MWProgressBar$1.run(com.mobilityware.solitaire.MWProgressBar$1@258360759)
I/org.umd.logging(21645): Method < 1 com.mobilityware.solitaire.MWProgressBar$1.run()
I/org.umd.logging(21645): Method > 1 com.mobilityware.solitaire.Toolbar$1.run(com.mobilityware.solitaire.Toolbar$1@229258321)
I/org.umd.logging(21645): Method < 1 com.mobilityware.solitaire.Toolbar$1.run()
I/org.umd.logging(21645): Method > 1 com.mobilityware.solitaire.MWProgressBar$1.run(com.mobilityware.solitaire.MWProgressBar$1@258360759)
I/org.umd.logging(21645): Method < 1 com.mobilityware.solitaire.MWProgressBar$1.run()
I/org.umd.logging(21645): Method > 1 com.mobilityware.solitaire.Toolbar$1.run(com.mobilityware.solitaire.Toolbar$1@229258321)
I/org.umd.logging(21645): Method < 1 com.mobilityware.solitaire.Toolbar$1.run()
I/org.umd.logging(21645): Method > 1 com.mobilityware.solitaire.MWProgressBar$1.run(com.mobilityware.solitaire.MWProgressBar$1@258360759)
I/org.umd.logging(21645): Method < 1 com.mobilityware.solitaire.MWProgressBar$1.run()
I/org.umd.logging(21645): Method > 1 com.mobilityware.solitaire.Toolbar$1.run(com.mobilityware.solitaire.Toolbar$1@229258321)
I/org.umd.logging(21645): Method < 1 com.mobilityware.solitaire.Toolbar$1.run()
I/org.umd.logging(21645): Method > 1 com.mobilityware.solitaire.MWProgressBar$1.run(com.mobilityware.solitaire.MWProgressBar$1@258360759)
I/org.umd.logging(21645): Method < 1 com.mobilityware.solitaire.MWProgressBar$1.run()
I/org.umd.logging(21645): Method > 1 com.mobilityware.solitaire.Toolbar$1.run(com.mobilityware.solitaire.Toolbar$1@229258321)
I/org.umd.logging(21645): Method < 1 com.mobilityware.solitaire.Toolbar$1.run()
I/org.umd.logging(21645): Method > 1 com.mobilityware.solitaire.MWProgressBar$1.run(com.mobilityware.solitaire.MWProgressBar$1@258360759)
I/org.umd.logging(21645): Method < 1 com.mobilityware.solitaire.MWProgressBar$1.run()
E/Cataloger( 3812): syncFile:/storage/emulated/0/2016-11-15_03:05:35.942.jpg
I/org.umd.logging(21645): Method > 1 com.mobilityware.solitaire.MWView$15.onClick(com.mobilityware.solitaire.MWView$15@915195021, android.app.AlertDialog@803264066<file=2016-11-15_03:05:35.942><x=0><y=0><width=640><height=467>, 0)
E/Cataloger( 3812): syncFile:/storage/emulated/0/2016-11-15_03:05:35.942.jpg
V/WindowManager(  598): not Base app: Adding window Window{1613328 u0 com.mobilityware.solitaire/com.mobilityware.solitaire.Solitaire} at 5 of 10
I/org.umd.logging(21645): Method < 1 com.mobilityware.solitaire.MWView$15.onClick()
E/Cataloger( 3812): syncFile:/storage/emulated/0/2016-11-15_03:05:37.296.jpg
I/org.umd.logging(21645): Method > 1 com.mobilityware.solitaire.MWView$18.onClick(com.mobilityware.solitaire.MWView$18@683076506, android.app.AlertDialog@617049291<file=2016-11-15_03:05:37.296><x=0><y=0><width=640><height=822>, 4)
I/org.umd.logging(21645): Method < 1 com.mobilityware.solitaire.MWView$18.onClick()
E/Cataloger( 3812): syncFile:/storage/emulated/0/2016-11-15_03:05:37.296.jpg
W/InputMethodManagerService(  598): Window already focused, ignoring focus gain of: com.android.internal.view.IInputMethodClient$Stub$Proxy@cd021e6 attribute=null, token = android.os.BinderProxy@1de72d3a
W/ResourceType( 1344): No package identifier when getting value for resource number 0x00000000
W/PackageManager( 1344): Failure retrieving resources for com.mobilityware.solitaire: Resource ID #0x0
I/ActivityManager(  598): START u0 {act=com.android.systemui.recents.SHOW_RECENTS flg=0x10804000 cmp=com.android.systemui/.recents.RecentsActivity} from uid 10022 on display 0
I/org.umd.logging(21645): Method > 1 com.mobilityware.solitaire.Solitaire.onPause(com.mobilityware.solitaire.Solitaire@262739971<activity=true>)
I/org.umd.logging(21645): Method > 1 com.vungle.publisher.VunglePub.onPause(com.vungle.publisher.VunglePub@417085321)
I/org.umd.logging(21645): Method > 1 com.vungle.publisher.VunglePubBase.onPause(com.vungle.publisher.VunglePub@417085321)
I/org.umd.logging(21645): Api > 1 android.content.Context.startService(com.mobilityware.solitaire.SolitaireApplication@851751613, android.content.Intent@1029573287<action=com.vungle.publisher.VungleService.SESSION><data=null><package=null><component=com.mobilityware.solitaire/com.vungle.publisher.VungleService><type=null><filter_hashcode=-2112753303><activityPauseMillis=None><activityEvent=None><sessionStartMillis=None><umd_Intent_key=None>)
I/org.umd.logging(21645): Api < 1 android.content.Context.startService()
I/org.umd.logging(21645): Method < 1 com.vungle.publisher.VunglePubBase.onPause()
I/org.umd.logging(21645): Method < 1 com.vungle.publisher.VunglePub.onPause()
I/org.umd.logging(21645): Method < 1 com.mobilityware.solitaire.Solitaire.onPause()
I/Solitaire(21645): onStop
I/org.umd.logging(21645): Api > 1 android.location.LocationManager.getBestProvider(android.location.LocationManager@649048228, android.location.Criteria@745773908, true)
I/org.umd.logging(21645): Api < 1 android.location.LocationManager.getBestProvider(null)
I/org.umd.logging(21645): Method > 982 com.flurry.sdk.fc.run(com.flurry.sdk.dg$9@232739826)
I/org.umd.logging(21645): Method < 982 com.flurry.sdk.fc.run()
I/org.umd.logging(21645): Method > 982 com.flurry.sdk.fc.run(com.flurry.sdk.dg$7@884619769)
I/org.umd.logging(21645): Method < 982 com.flurry.sdk.fc.run()
I/org.umd.logging(21645): Method > 1 com.vungle.publisher.VungleService.onStartCommand(com.vungle.publisher.VungleService@479864018, android.content.Intent@9092414<action=com.vungle.publisher.VungleService.SESSION><data=null><package=null><component=com.mobilityware.solitaire/com.vungle.publisher.VungleService><type=null><filter_hashcode=-2112753303><activityPauseMillis=None><activityEvent=None><sessionStartMillis=None><umd_Intent_key=None>, 0, 8)
I/org.umd.logging(21645): Method > 1 com.vungle.publisher.VungleService.onStart(com.vungle.publisher.VungleService@479864018, android.content.Intent@9092414<action=com.vungle.publisher.VungleService.SESSION><data=null><package=null><component=com.mobilityware.solitaire/com.vungle.publisher.VungleService><type=null><filter_hashcode=-2112753303><activityPauseMillis=None><activityEvent=None><sessionStartMillis=None><umd_Intent_key=None>, 8)
I/org.umd.logging(21645): Method < 1 com.vungle.publisher.VungleService.onStartCommand(2)
W/InputMethodManagerService(  598): Starting input on non-focused client com.android.internal.view.IInputMethodClient$Stub$Proxy@6cca935 (uid=10216 pid=21645)
I/UsageStatsService(  598): User[0] Flushing usage stats to disk
I/org.umd.logging(21645): Method > 1 com.mobilityware.solitaire.Solitaire.onDestroy(com.mobilityware.solitaire.Solitaire@262739971<activity=true>)
I/Solitaire(21645): onDestroy
I/ActivityManager(  598): START u0 {act=android.intent.action.MAIN cat=[android.intent.category.HOME] flg=0x10200000 cmp=com.android.launcher/com.android.launcher2.Launcher} from uid 10022 on display 0
I/art     (21645): Explicit concurrent mark sweep GC freed 6266(486KB) AllocSpace objects, 21(25MB) LOS objects, 17% free, 38MB/46MB, paused 6.867ms total 139.050ms
I/org.umd.logging(21645): Method < 1 com.mobilityware.solitaire.Solitaire.onDestroy()
I/ActivityManager(  598): Killing 21645:com.mobilityware.solitaire/u0a216 (adj 16): remove task
D/ConnectivityService(  598): ConnectivityService NetworkRequestInfo binderDied(NetworkRequest [ id=34, legacyType=-1, [ Capabilities: INTERNET&NOT_RESTRICTED&TRUSTED] ], android.os.BinderProxy@39215f3b)
D/NuPlayerDriver(  191): reset(0xb7697e88)
D/ConnectivityService(  598): ConnectivityService NetworkRequestInfo binderDied(NetworkRequest [ id=35, legacyType=-1, [ Capabilities: INTERNET&NOT_RESTRICTED&TRUSTED] ], android.os.BinderProxy@20dbb658)
D/ConnectivityService(  598): releasing NetworkRequest NetworkRequest [ id=34, legacyType=-1, [ Capabilities: INTERNET&NOT_RESTRICTED&TRUSTED] ]
E/ConnectivityService(  598): RemoteException caught trying to send a callback msg for NetworkRequest [ id=34, legacyType=-1, [ Capabilities: INTERNET&NOT_RESTRICTED&TRUSTED] ]
D/ConnectivityService(  598): releasing NetworkRequest NetworkRequest [ id=35, legacyType=-1, [ Capabilities: INTERNET&NOT_RESTRICTED&TRUSTED] ]
E/ConnectivityService(  598): RemoteException caught trying to send a callback msg for NetworkRequest [ id=35, legacyType=-1, [ Capabilities: INTERNET&NOT_RESTRICTED&TRUSTED] ]
D/NuPlayerDriver(  191): notifyResetComplete(0xb7697e88)
W/AudioFlinger(  191): session id 99 not found for pid 21645
D/NuPlayerDriver(  191): reset(0xb7668430)
D/NuPlayerDriver(  191): notifyResetComplete(0xb7668430)
W/AudioFlinger(  191): session id 107 not found for pid 21645
W/ActivityManager(  598): Scheduling restart of crashed service com.mobilityware.solitaire/com.vungle.publisher.VungleService in 1000ms
D/TaskPersister(  598): removeObsoleteFile: deleting file=22_task.xml
D/TaskPersister(  598): removeObsoleteFile: deleting file=22_task_thumbnail.png
W/OpenGLRenderer( 1698): Incorrectly called buildLayer on View: ShortcutAndWidgetContainer, destroying layer...
W/OpenGLRenderer( 1698): Incorrectly called buildLayer on View: ShortcutAndWidgetContainer, destroying layer...
D/audio_hw_primary(  191): disable_audio_route: reset and update mixer path: low-latency-playback
D/audio_hw_primary(  191): disable_snd_device: snd_device(2: speaker)
I/DownloadManagerWrapper( 1581): onReceive() : Charging = true
I/DownloadManagerWrapper( 1581): onReceive() : Charging = true
E/WifiStateMachine(  598): WifiStateMachine CMD_START_SCAN source -2 txSuccessRate=6.60 rxSuccessRate=4.87 targetRoamBSSID=b4:e9:b0:e5:06:d0 RSSI=-60
