I/org.umd.logging(21645): Method > 1 com.mobilityware.solitaire.MWView$1.run(com.mobilityware.solitaire.MWView$1@124531159)
I/org.umd.logging(21645): Api > 1 android.animation.AnimatorSet.start(android.animation.AnimatorSet@985193630)
I/org.umd.logging(21645): Api < 1 android.animation.AnimatorSet.start()
I/org.umd.logging(21645): Method < 1 com.mobilityware.solitaire.MWView$1.run()
I/org.umd.logging(21645): Method > 1 com.mobilityware.solitaire.AnimationManager$1.run(com.mobilityware.solitaire.AnimationManager$1@708804506)
I/org.umd.logging(21645): Method < 1 com.mobilityware.solitaire.AnimationManager$1.run()
I/org.umd.logging(21645): Method > 1 com.mobilityware.solitaire.MWView$1.run(com.mobilityware.solitaire.MWView$1@124531159)
I/org.umd.logging(21645): Api > 1 android.animation.AnimatorSet.start(android.animation.AnimatorSet@652356501)
I/org.umd.logging(21645): Api < 1 android.animation.AnimatorSet.start()
I/org.umd.logging(21645): Api > 1 android.animation.AnimatorSet.start(android.animation.AnimatorSet@78603320)
I/org.umd.logging(21645): Api < 1 android.animation.AnimatorSet.start()
I/org.umd.logging(21645): Api > 1 android.animation.AnimatorSet.start(android.animation.AnimatorSet@871834487)
I/org.umd.logging(21645): Api < 1 android.animation.AnimatorSet.start()
I/org.umd.logging(21645): Api > 1 android.animation.AnimatorSet.start(android.animation.AnimatorSet@870752002)
I/org.umd.logging(21645): Api < 1 android.animation.AnimatorSet.start()
I/org.umd.logging(21645): Api > 1 android.animation.AnimatorSet.start(android.animation.AnimatorSet@433196105)
I/org.umd.logging(21645): Api < 1 android.animation.AnimatorSet.start()
I/org.umd.logging(21645): Api > 1 android.animation.AnimatorSet.start(android.animation.AnimatorSet@691106684)
I/org.umd.logging(21645): Api < 1 android.animation.AnimatorSet.start()
I/org.umd.logging(21645): Api > 1 android.animation.AnimatorSet.start(android.animation.AnimatorSet@995483275)
I/org.umd.logging(21645): Api < 1 android.animation.AnimatorSet.start()
I/org.umd.logging(21645): Api > 1 android.animation.AnimatorSet.start(android.animation.AnimatorSet@336040998)
I/org.umd.logging(21645): Api < 1 android.animation.AnimatorSet.start()
I/org.umd.logging(21645): Api > 1 android.animation.AnimatorSet.start(android.animation.AnimatorSet@934923965)
I/org.umd.logging(21645): Api < 1 android.animation.AnimatorSet.start()
I/org.umd.logging(21645): Api > 1 android.animation.AnimatorSet.start(android.animation.AnimatorSet@863969152)
I/org.umd.logging(21645): Api < 1 android.animation.AnimatorSet.start()
I/org.umd.logging(21645): Api > 1 android.animation.AnimatorSet.start(android.animation.AnimatorSet@210201951)
I/org.umd.logging(21645): Api < 1 android.animation.AnimatorSet.start()
I/org.umd.logging(21645): Api > 1 android.animation.AnimatorSet.start(android.animation.AnimatorSet@511262730)
I/org.umd.logging(21645): Api < 1 android.animation.AnimatorSet.start()
I/org.umd.logging(21645): Api > 1 android.animation.AnimatorSet.start(android.animation.AnimatorSet@44549873)
I/org.umd.logging(21645): Api < 1 android.animation.AnimatorSet.start()
I/org.umd.logging(21645): Api > 1 android.animation.AnimatorSet.start(android.animation.AnimatorSet@560581700)
I/org.umd.logging(21645): Api < 1 android.animation.AnimatorSet.start()
I/org.umd.logging(21645): Api > 1 android.animation.AnimatorSet.start(android.animation.AnimatorSet@906462195)
I/org.umd.logging(21645): Api < 1 android.animation.AnimatorSet.start()
I/org.umd.logging(21645): Api > 1 android.animation.AnimatorSet.start(android.animation.AnimatorSet@216131246)
I/org.umd.logging(21645): Api < 1 android.animation.AnimatorSet.start()
I/org.umd.logging(21645): Api > 1 android.animation.AnimatorSet.start(android.animation.AnimatorSet@186255589)
I/org.umd.logging(21645): Api < 1 android.animation.AnimatorSet.start()
I/org.umd.logging(21645): Api > 1 android.animation.AnimatorSet.start(android.animation.AnimatorSet@918920648)
I/org.umd.logging(21645): Api < 1 android.animation.AnimatorSet.start()
I/org.umd.logging(21645): Api > 1 android.animation.AnimatorSet.start(android.animation.AnimatorSet@188978759)
I/org.umd.logging(21645): Api < 1 android.animation.AnimatorSet.start()
I/org.umd.logging(21645): Api > 1 android.animation.AnimatorSet.start(android.animation.AnimatorSet@550800402)
I/org.umd.logging(21645): Api < 1 android.animation.AnimatorSet.start()
I/org.umd.logging(21645): Api > 1 android.animation.AnimatorSet.start(android.animation.AnimatorSet@418539673)
I/org.umd.logging(21645): Api < 1 android.animation.AnimatorSet.start()
I/org.umd.logging(21645): Api > 1 android.animation.AnimatorSet.start(android.animation.AnimatorSet@569210892)
I/org.umd.logging(21645): Api < 1 android.animation.AnimatorSet.start()
I/org.umd.logging(21645): Api > 1 android.animation.AnimatorSet.start(android.animation.AnimatorSet@636409947)
I/org.umd.logging(21645): Api < 1 android.animation.AnimatorSet.start()
I/org.umd.logging(21645): Api > 1 android.animation.AnimatorSet.start(android.animation.AnimatorSet@70579254)
I/org.umd.logging(21645): Api < 1 android.animation.AnimatorSet.start()
I/org.umd.logging(21645): Method < 1 com.mobilityware.solitaire.MWView$1.run()
I/org.umd.logging(21645): Method > 1 com.mobilityware.solitaire.AnimationManager$1.run(com.mobilityware.solitaire.AnimationManager$1@708804506)
I/org.umd.logging(21645): Method < 1 com.mobilityware.solitaire.AnimationManager$1.run()
I/org.umd.logging(21645): Method > 1 com.mobilityware.solitaire.AnimationManager$1.run(com.mobilityware.solitaire.AnimationManager$1@708804506)
I/org.umd.logging(21645): Method < 1 com.mobilityware.solitaire.AnimationManager$1.run()
I/org.umd.logging(21645): Method > 1 com.mobilityware.solitaire.AnimationManager$1.run(com.mobilityware.solitaire.AnimationManager$1@708804506)
I/org.umd.logging(21645): Method < 1 com.mobilityware.solitaire.AnimationManager$1.run()
I/org.umd.logging(21645): Method > 1 com.mobilityware.solitaire.AnimationManager$1.run(com.mobilityware.solitaire.AnimationManager$1@708804506)
I/org.umd.logging(21645): Method < 1 com.mobilityware.solitaire.AnimationManager$1.run()
I/org.umd.logging(21645): Method > 1 com.mobilityware.solitaire.AnimationManager$1.run(com.mobilityware.solitaire.AnimationManager$1@708804506)
I/org.umd.logging(21645): Method < 1 com.mobilityware.solitaire.AnimationManager$1.run()
I/org.umd.logging(21645): Method > 1 com.mobilityware.solitaire.AnimationManager$1.run(com.mobilityware.solitaire.AnimationManager$1@708804506)
I/org.umd.logging(21645): Method < 1 com.mobilityware.solitaire.AnimationManager$1.run()
I/org.umd.logging(21645): Method > 1 com.mobilityware.solitaire.AnimationManager$1.run(com.mobilityware.solitaire.AnimationManager$1@708804506)
I/org.umd.logging(21645): Method < 1 com.mobilityware.solitaire.AnimationManager$1.run()
I/org.umd.logging(21645): Method > 1 com.mobilityware.solitaire.AnimationManager$1.run(com.mobilityware.solitaire.AnimationManager$1@708804506)
I/org.umd.logging(21645): Method < 1 com.mobilityware.solitaire.AnimationManager$1.run()
I/org.umd.logging(21645): Method > 1 com.mobilityware.solitaire.AnimationManager$1.run(com.mobilityware.solitaire.AnimationManager$1@708804506)
I/org.umd.logging(21645): Method < 1 com.mobilityware.solitaire.AnimationManager$1.run()
I/org.umd.logging(21645): Method > 1 com.mobilityware.solitaire.AnimationManager$1.run(com.mobilityware.solitaire.AnimationManager$1@708804506)
I/org.umd.logging(21645): Method < 1 com.mobilityware.solitaire.AnimationManager$1.run()
I/org.umd.logging(21645): Method > 1 com.mobilityware.solitaire.AnimationManager$1.run(com.mobilityware.solitaire.AnimationManager$1@708804506)
I/org.umd.logging(21645): Method < 1 com.mobilityware.solitaire.AnimationManager$1.run()
I/org.umd.logging(21645): Method > 1 com.mobilityware.solitaire.AnimationManager$1.run(com.mobilityware.solitaire.AnimationManager$1@708804506)
I/org.umd.logging(21645): Method < 1 com.mobilityware.solitaire.AnimationManager$1.run()
I/DownloadManagerWrapper( 1581): onReceive() : Charging = true
I/org.umd.logging(21645): Method > 1 com.mobilityware.advertising.AdControl$6.run(com.mobilityware.advertising.AdControl$6@514374820)
I/cr_Ime  (21645): ImeThread is enabled.
I/ActivityManager(  598): START u0 {cmp=com.mobilityware.solitaire/com.google.android.gms.ads.AdActivity (has extras)} from uid 10216 on display 0
V/WindowManager(  598): addAppToken: AppWindowToken{337aaee3 token=Token{16740712 ActivityRecord{32bdf69d u0 com.mobilityware.solitaire/com.google.android.gms.ads.AdActivity t22}}} to stack=1 task=22 at 1
I/DownloadManagerWrapper( 1581): onReceive() : Charging = true
I/org.umd.logging(21645): Method < 1 com.mobilityware.advertising.AdControl$6.run()
I/org.umd.logging(21645): Method > 1 com.mobilityware.solitaire.Solitaire.onPause(com.mobilityware.solitaire.Solitaire@262739971<activity=true>)
I/org.umd.logging(21645): Method > 1 com.vungle.publisher.VunglePub.onPause(com.vungle.publisher.VunglePub@417085321)
I/org.umd.logging(21645): Method > 1 com.vungle.publisher.VunglePubBase.onPause(com.vungle.publisher.VunglePub@417085321)
I/org.umd.logging(21645): Api > 1 android.content.Context.startService(com.mobilityware.solitaire.SolitaireApplication@851751613, android.content.Intent@621729369<action=com.vungle.publisher.VungleService.SESSION><data=null><package=null><component=com.mobilityware.solitaire/com.vungle.publisher.VungleService><type=null><filter_hashcode=-2112753303><activityPauseMillis=None><activityEvent=None><sessionStartMillis=None><umd_Intent_key=None>)
I/org.umd.logging(21645): Api < 1 android.content.Context.startService()
I/org.umd.logging(21645): Method < 1 com.vungle.publisher.VunglePubBase.onPause()
I/org.umd.logging(21645): Method < 1 com.vungle.publisher.VunglePub.onPause()
I/org.umd.logging(21645): Method < 1 com.mobilityware.solitaire.Solitaire.onPause()
I/org.umd.logging(21645): Method > 1 com.vungle.publisher.VungleService.onStartCommand(com.vungle.publisher.VungleService@479864018, android.content.Intent@779522590<action=com.vungle.publisher.VungleService.SESSION><data=null><package=null><component=com.mobilityware.solitaire/com.vungle.publisher.VungleService><type=null><filter_hashcode=-2112753303><activityPauseMillis=None><activityEvent=None><sessionStartMillis=None><umd_Intent_key=None>, 0, 6)
I/org.umd.logging(21645): Method > 1 com.vungle.publisher.VungleService.onStart(com.vungle.publisher.VungleService@479864018, android.content.Intent@779522590<action=com.vungle.publisher.VungleService.SESSION><data=null><package=null><component=com.mobilityware.solitaire/com.vungle.publisher.VungleService><type=null><filter_hashcode=-2112753303><activityPauseMillis=None><activityEvent=None><sessionStartMillis=None><umd_Intent_key=None>, 6)
I/org.umd.logging(21645): Method < 1 com.vungle.publisher.VungleService.onStartCommand(2)
D/DynamitePackage(21645): Instantiating com.google.android.gms.ads.ChimeraAdOverlayCreatorImpl
I/Ads     (21645): Ad opening.
V/WindowManager(  598): Adding window Window{30085f99 u0 com.mobilityware.solitaire/com.google.android.gms.ads.AdActivity} at 4 of 9 (after Window{20121deb u0 com.mobilityware.solitaire/com.mobilityware.solitaire.Solitaire})
I/ActivityManager(  598): Displayed com.mobilityware.solitaire/com.google.android.gms.ads.AdActivity: +187ms
W/cr_BindingManager(21645): Cannot call determinedVisibility() - never saw a connection for the pid: 21645
I/chromium(21645): [INFO:CONSOLE(0)] "Creating Application Cache with manifest https://googleads.g.doubleclick.net/mads/static/mad/sdk/native/sdk-core-v40-loader.appcache", source: https://googleads.g.doubleclick.net/mads/static/mad/sdk/native/sdk-core-v40-loader.html (0)
I/chromium(21645): [INFO:CONSOLE(0)] "Application Cache Checking event", source: https://googleads.g.doubleclick.net/mads/static/mad/sdk/native/sdk-core-v40-loader.html (0)
E/chromium(21645): [ERROR:interface_registry.cc(99)] Failed to locate a binder for interface: autofill::mojom::AutofillDriver
I/chromium(21645): [INFO:CONSOLE(0)] "Application Cache Downloading event", source: https://googleads.g.doubleclick.net/mads/static/mad/sdk/native/sdk-core-v40-loader.html (0)
I/Solitaire(21645): onStop early exit
I/chromium(21645): [INFO:CONSOLE(0)] "Application Cache Progress event (0 of 3) https://googleads.g.doubleclick.net/mads/static/mad/sdk/native/canary/sdk-core-v40-impl.js", source: https://googleads.g.doubleclick.net/mads/static/mad/sdk/native/sdk-core-v40-loader.html (0)
I/chromium(21645): [INFO:CONSOLE(0)] "Application Cache Progress event (1 of 3) https://googleads.g.doubleclick.net/mads/static/mad/sdk/native/sdk-core-v40-loader.js", source: https://googleads.g.doubleclick.net/mads/static/mad/sdk/native/sdk-core-v40-loader.html (0)
I/chromium(21645): [INFO:CONSOLE(0)] "Application Cache Progress event (2 of 3) https://googleads.g.doubleclick.net/mads/static/mad/sdk/native/production/sdk-core-v40-impl.js", source: https://googleads.g.doubleclick.net/mads/static/mad/sdk/native/sdk-core-v40-loader.html (0)
I/chromium(21645): [INFO:CONSOLE(0)] "Application Cache Progress event (3 of 3) ", source: https://googleads.g.doubleclick.net/mads/static/mad/sdk/native/sdk-core-v40-loader.html (0)
I/chromium(21645): [INFO:CONSOLE(0)] "Application Cache Cached event", source: https://googleads.g.doubleclick.net/mads/static/mad/sdk/native/sdk-core-v40-loader.html (0)
W/ActivityManager(  598): Duplicate finish request for ActivityRecord{32bdf69d u0 com.mobilityware.solitaire/com.google.android.gms.ads.AdActivity t22 f}
I/Ads     (21645): Ad closing.
I/org.umd.logging(21645): Method > 1 com.mobilityware.solitaire.Solitaire.onStart(com.mobilityware.solitaire.Solitaire@262739971<activity=true>)
I/org.umd.logging(21645): Method > 1 com.mobilityware.advertising.AdControl.onStart(com.mobilityware.advertising.AdControl@713477416)
I/org.umd.logging(21645): Method < 1 com.mobilityware.advertising.AdControl.onStart()
I/Solitaire(21645): onStart early exit
I/org.umd.logging(21645): Method < 1 com.mobilityware.solitaire.Solitaire.onStart()
I/org.umd.logging(21645): Method > 1 com.mobilityware.solitaire.Solitaire.onResume(com.mobilityware.solitaire.Solitaire@262739971<activity=true>)
I/org.umd.logging(21645): Method > 1 com.vungle.publisher.VunglePub.onResume(com.vungle.publisher.VunglePub@417085321)
I/org.umd.logging(21645): Method > 1 com.vungle.publisher.VunglePubBase.onResume(com.vungle.publisher.VunglePub@417085321)
I/org.umd.logging(21645): Api > 1 android.content.Context.startService(com.mobilityware.solitaire.SolitaireApplication@851751613, android.content.Intent@717759238<action=com.vungle.publisher.VungleService.SESSION><data=null><package=null><component=com.mobilityware.solitaire/com.vungle.publisher.VungleService><type=null><filter_hashcode=-2112753303><activityEvent=None><umd_Intent_key=None>)
I/org.umd.logging(21645): Api < 1 android.content.Context.startService()
I/org.umd.logging(21645): Method < 1 com.vungle.publisher.VunglePubBase.onResume()
I/org.umd.logging(21645): Method < 1 com.vungle.publisher.VunglePub.onResume()
I/org.umd.logging(21645): Method < 1 com.mobilityware.solitaire.Solitaire.onResume()
I/org.umd.logging(21645): Method > 1068 com.vungle.publisher.async.ScheduledPriorityExecutor$a$a.run(com.vungle.publisher.async.ScheduledPriorityExecutor$a$a@243723719)
I/org.umd.logging(21645): Method > 1068 com.vungle.publisher.env.AdvertisingDeviceIdStrategy$FetchAdvertisingPreferencesRunnable.run(com.vungle.publisher.env.AdvertisingDeviceIdStrategy$FetchAdvertisingPreferencesRunnable@986714100)
I/org.umd.logging(21645): Method > 1 com.vungle.publisher.VungleService.onStartCommand(com.vungle.publisher.VungleService@479864018, android.content.Intent@489908626<action=com.vungle.publisher.VungleService.SESSION><data=null><package=null><component=com.mobilityware.solitaire/com.vungle.publisher.VungleService><type=null><filter_hashcode=-2112753303><activityEvent=None><umd_Intent_key=None>, 0, 7)
I/org.umd.logging(21645): Method > 1 com.vungle.publisher.VungleService.onStart(com.vungle.publisher.VungleService@479864018, android.content.Intent@489908626<action=com.vungle.publisher.VungleService.SESSION><data=null><package=null><component=com.mobilityware.solitaire/com.vungle.publisher.VungleService><type=null><filter_hashcode=-2112753303><activityEvent=None><umd_Intent_key=None>, 7)
I/org.umd.logging(21645): Method < 1 com.vungle.publisher.VungleService.onStartCommand(2)
I/org.umd.logging(21645): Method < 1068 com.vungle.publisher.env.AdvertisingDeviceIdStrategy$FetchAdvertisingPreferencesRunnable.run()
I/org.umd.logging(21645): Method < 1068 com.vungle.publisher.async.ScheduledPriorityExecutor$a$a.run()
W/cr_BindingManager(21645): Cannot call determinedVisibility() - never saw a connection for the pid: 21645
W/cr_ScreenOrientation(21645): Removing an inexistent observer!
E/WifiStateMachine(  598): WifiStateMachine CMD_START_SCAN source -2 txSuccessRate=68.44 rxSuccessRate=85.04 targetRoamBSSID=b4:e9:b0:e5:06:d0 RSSI=-53
D/audio_hw_primary(  191): disable_audio_route: reset and update mixer path: low-latency-playback
D/audio_hw_primary(  191): disable_snd_device: snd_device(2: speaker)
D/audio_hw_primary(  191): select_devices: out_snd_device(2: speaker) in_snd_device(0: none)
D/ACDB-LOADER(  191): ACDB -> send_afe_cal
D/audio_hw_primary(  191): enable_snd_device: snd_device(2: speaker)
D/audio_hw_primary(  191): enable_audio_route: apply and update mixer path: low-latency-playback
I/art     (21645): Background partial concurrent mark sweep GC freed 30907(1783KB) AllocSpace objects, 22(19MB) LOS objects, 24% free, 49MB/65MB, paused 1.403ms total 102.456ms
E/Cataloger( 3812): syncFile:/storage/emulated/0/2016-11-15_03:05:28.145.jpg
W/ResourceType(21645): No known package when getting name for resource number 0xffffffff
I/org.umd.logging(21645): Method > 1 com.mobilityware.solitaire.Toolbar$12.onClick(com.mobilityware.solitaire.Toolbar$12@712523090, android.widget.ImageButton@927811619<file=2016-11-15_03:05:28.145><x=356><y=1082><width=65><height=72><id=-1>)
E/Cataloger( 3812): syncFile:/storage/emulated/0/2016-11-15_03:05:28.145.jpg
I/org.umd.logging(21645): Method < 1 com.mobilityware.solitaire.Toolbar$12.onClick()
V/RenderScript(21645): Application requested CPU execution
V/RenderScript(21645): 0xb81b4240 Launching thread(s), CPUs 4
I/org.umd.logging(21645): Api > 1 android.animation.AnimatorSet.start(android.animation.AnimatorSet@997321102)
I/org.umd.logging(21645): Api < 1 android.animation.AnimatorSet.start()
I/org.umd.logging(21645): Api > 1 android.animation.AnimatorSet.start(android.animation.AnimatorSet@543723845)
I/org.umd.logging(21645): Api < 1 android.animation.AnimatorSet.start()
I/org.umd.logging(21645): Api > 1 android.animation.AnimatorSet.start(android.animation.AnimatorSet@173181352)
I/org.umd.logging(21645): Api < 1 android.animation.AnimatorSet.start()
I/org.umd.logging(21645): Api > 1 android.animation.AnimatorSet.start(android.animation.AnimatorSet@125754279)
I/org.umd.logging(21645): Api < 1 android.animation.AnimatorSet.start()
I/org.umd.logging(21645): Api > 1 android.animation.AnimatorSet.start(android.animation.AnimatorSet@495917298)
I/org.umd.logging(21645): Api < 1 android.animation.AnimatorSet.start()
I/org.umd.logging(21645): Api > 1 android.animation.AnimatorSet.start(android.animation.AnimatorSet@296518393)
I/org.umd.logging(21645): Api < 1 android.animation.AnimatorSet.start()
I/org.umd.logging(21645): Api > 1 android.animation.AnimatorSet.start(android.animation.AnimatorSet@163618284)
I/org.umd.logging(21645): Api < 1 android.animation.AnimatorSet.start()
I/org.umd.logging(21645): Api > 1 android.animation.AnimatorSet.start(android.animation.AnimatorSet@476651451)
I/org.umd.logging(21645): Api < 1 android.animation.AnimatorSet.start()
I/org.umd.logging(21645): Api > 1 android.animation.AnimatorSet.start(android.animation.AnimatorSet@787737366)
I/org.umd.logging(21645): Api < 1 android.animation.AnimatorSet.start()
I/org.umd.logging(21645): Api > 1 android.animation.AnimatorSet.start(android.animation.AnimatorSet@64718445)
I/org.umd.logging(21645): Api < 1 android.animation.AnimatorSet.start()
I/org.umd.logging(21645): Api > 1 android.animation.AnimatorSet.start(android.animation.AnimatorSet@992689904)
I/org.umd.logging(21645): Api < 1 android.animation.AnimatorSet.start()
I/org.umd.logging(21645): Api > 1 android.animation.AnimatorSet.start(android.animation.AnimatorSet@973072271)
I/org.umd.logging(21645): Api < 1 android.animation.AnimatorSet.start()
I/org.umd.logging(21645): Api > 1 android.animation.AnimatorSet.start(android.animation.AnimatorSet@668132346)
I/org.umd.logging(21645): Api < 1 android.animation.AnimatorSet.start()
I/org.umd.logging(21645): Api > 1 android.animation.AnimatorSet.start(android.animation.AnimatorSet@1067249569)
I/org.umd.logging(21645): Api < 1 android.animation.AnimatorSet.start()
I/org.umd.logging(21645): Api > 1 android.animation.AnimatorSet.start(android.animation.AnimatorSet@579915956)
I/org.umd.logging(21645): Api < 1 android.animation.AnimatorSet.start()
I/org.umd.logging(21645): Api > 1 android.animation.AnimatorSet.start(android.animation.AnimatorSet@412084003)
I/org.umd.logging(21645): Api < 1 android.animation.AnimatorSet.start()
I/org.umd.logging(21645): Api > 1 android.animation.AnimatorSet.start(android.animation.AnimatorSet@244795294)
I/org.umd.logging(21645): Api < 1 android.animation.AnimatorSet.start()
I/org.umd.logging(21645): Api > 1 android.animation.AnimatorSet.start(android.animation.AnimatorSet@146264725)
I/org.umd.logging(21645): Api < 1 android.animation.AnimatorSet.start()
I/org.umd.logging(21645): Api > 1 android.animation.AnimatorSet.start(android.animation.AnimatorSet@576878392)
I/org.umd.logging(21645): Api < 1 android.animation.AnimatorSet.start()
I/org.umd.logging(21645): Api > 1 android.animation.AnimatorSet.start(android.animation.AnimatorSet@1015517815)
I/org.umd.logging(21645): Api < 1 android.animation.AnimatorSet.start()
I/org.umd.logging(21645): Api > 1 android.animation.AnimatorSet.start(android.animation.AnimatorSet@109648386)
I/org.umd.logging(21645): Api < 1 android.animation.AnimatorSet.start()
I/org.umd.logging(21645): Api > 1 android.animation.AnimatorSet.start(android.animation.AnimatorSet@671548233)
I/org.umd.logging(21645): Api < 1 android.animation.AnimatorSet.start()
I/org.umd.logging(21645): Api > 1 android.animation.AnimatorSet.start(android.animation.AnimatorSet@889722492)
I/org.umd.logging(21645): Api < 1 android.animation.AnimatorSet.start()
I/org.umd.logging(21645): Api > 1 android.animation.AnimatorSet.start(android.animation.AnimatorSet@281746827)
I/org.umd.logging(21645): Api < 1 android.animation.AnimatorSet.start()
I/org.umd.logging(21645): Api > 1 android.animation.AnimatorSet.start(android.animation.AnimatorSet@489758502)
I/org.umd.logging(21645): Api < 1 android.animation.AnimatorSet.start()
I/org.umd.logging(21645): Api > 1 android.animation.AnimatorSet.start(android.animation.AnimatorSet@321721789)
I/org.umd.logging(21645): Api < 1 android.animation.AnimatorSet.start()
I/org.umd.logging(21645): Api > 1 android.animation.AnimatorSet.start(android.animation.AnimatorSet@790909568)
I/org.umd.logging(21645): Api < 1 android.animation.AnimatorSet.start()
I/org.umd.logging(21645): Api > 1 android.animation.AnimatorSet.start(android.animation.AnimatorSet@818445407)
I/org.umd.logging(21645): Api < 1 android.animation.AnimatorSet.start()
I/org.umd.logging(21645): Api > 1 android.animation.AnimatorSet.start(android.animation.AnimatorSet@444390154)
I/org.umd.logging(21645): Api < 1 android.animation.AnimatorSet.start()
I/org.umd.logging(21645): Api > 1 android.animation.AnimatorSet.start(android.animation.AnimatorSet@101211633)
I/org.umd.logging(21645): Api < 1 android.animation.AnimatorSet.start()
I/org.umd.logging(21645): Api > 1 android.animation.AnimatorSet.start(android.animation.AnimatorSet@781750084)
I/org.umd.logging(21645): Api < 1 android.animation.AnimatorSet.start()
I/org.umd.logging(21645): Api > 1 android.animation.AnimatorSet.start(android.animation.AnimatorSet@374039283)
I/org.umd.logging(21645): Api < 1 android.animation.AnimatorSet.start()
I/org.umd.logging(21645): Api > 1 android.animation.AnimatorSet.start(android.animation.AnimatorSet@396530094)
I/org.umd.logging(21645): Api < 1 android.animation.AnimatorSet.start()
I/org.umd.logging(21645): Api > 1 android.animation.AnimatorSet.start(android.animation.AnimatorSet@568782821)
I/org.umd.logging(21645): Api < 1 android.animation.AnimatorSet.start()
I/org.umd.logging(21645): Api > 1 android.animation.AnimatorSet.start(android.animation.AnimatorSet@440987848)
I/org.umd.logging(21645): Api < 1 android.animation.AnimatorSet.start()
I/org.umd.logging(21645): Api > 1 android.animation.AnimatorSet.start(android.animation.AnimatorSet@521225543)
I/org.umd.logging(21645): Api < 1 android.animation.AnimatorSet.start()
I/org.umd.logging(21645): Api > 1 android.animation.AnimatorSet.start(android.animation.AnimatorSet@549799698)
I/org.umd.logging(21645): Api < 1 android.animation.AnimatorSet.start()
I/org.umd.logging(21645): Api > 1 android.animation.AnimatorSet.start(android.animation.AnimatorSet@645570457)
I/org.umd.logging(21645): Api < 1 android.animation.AnimatorSet.start()
I/org.umd.logging(21645): Api > 1 android.animation.AnimatorSet.start(android.animation.AnimatorSet@379607820)
I/org.umd.logging(21645): Api < 1 android.animation.AnimatorSet.start()
I/org.umd.logging(21645): Api > 1 android.animation.AnimatorSet.start(android.animation.AnimatorSet@505239387)
I/org.umd.logging(21645): Api < 1 android.animation.AnimatorSet.start()
I/org.umd.logging(21645): Api > 1 android.animation.AnimatorSet.start(android.animation.AnimatorSet@626573110)
I/org.umd.logging(21645): Api < 1 android.animation.AnimatorSet.start()
I/org.umd.logging(21645): Api > 1 android.animation.AnimatorSet.start(android.animation.AnimatorSet@411894029)
I/org.umd.logging(21645): Api < 1 android.animation.AnimatorSet.start()
I/org.umd.logging(21645): Api > 1 android.animation.AnimatorSet.start(android.animation.AnimatorSet@315912720)
I/org.umd.logging(21645): Api < 1 android.animation.AnimatorSet.start()
I/org.umd.logging(21645): Api > 1 android.animation.AnimatorSet.start(android.animation.AnimatorSet@751602991)
I/org.umd.logging(21645): Api < 1 android.animation.AnimatorSet.start()
I/org.umd.logging(21645): Api > 1 android.animation.AnimatorSet.start(android.animation.AnimatorSet@994410010)
I/org.umd.logging(21645): Api < 1 android.animation.AnimatorSet.start()
I/org.umd.logging(21645): Api > 1 android.animation.AnimatorSet.start(android.animation.AnimatorSet@712206401)
I/org.umd.logging(21645): Api < 1 android.animation.AnimatorSet.start()
I/org.umd.logging(21645): Api > 1 android.animation.AnimatorSet.start(android.animation.AnimatorSet@317299156)
I/org.umd.logging(21645): Api < 1 android.animation.AnimatorSet.start()
I/org.umd.logging(21645): Api > 1 android.animation.AnimatorSet.start(android.animation.AnimatorSet@799644355)
I/org.umd.logging(21645): Api < 1 android.animation.AnimatorSet.start()
I/org.umd.logging(21645): Api > 1 android.animation.AnimatorSet.start(android.animation.AnimatorSet@952944574)
I/org.umd.logging(21645): Api < 1 android.animation.AnimatorSet.start()
I/org.umd.logging(21645): Api > 1 android.animation.AnimatorSet.start(android.animation.AnimatorSet@977463605)
I/org.umd.logging(21645): Api < 1 android.animation.AnimatorSet.start()
I/org.umd.logging(21645): Api > 1 android.animation.AnimatorSet.start(android.animation.AnimatorSet@444003928)
I/org.umd.logging(21645): Api < 1 android.animation.AnimatorSet.start()
I/org.umd.logging(21645): Api > 1 android.animation.AnimatorSet.start(android.animation.AnimatorSet@50394135)
I/org.umd.logging(21645): Api < 1 android.animation.AnimatorSet.start()
I/org.umd.logging(21645): Method > 1 com.mobilityware.solitaire.SolutionPlayer.start(com.mobilityware.solitaire.SolutionPlayer@311991406)
I/org.umd.logging(21645): Method < 1 com.mobilityware.solitaire.SolutionPlayer.start()
I/org.umd.logging(21645): Method > 1 com.mobilityware.solitaire.AnimationManager$1.run(com.mobilityware.solitaire.AnimationManager$1@708804506)
I/org.umd.logging(21645): Method < 1 com.mobilityware.solitaire.AnimationManager$1.run()
I/org.umd.logging(21645): Method > 1 com.mobilityware.solitaire.AnimationManager$1.run(com.mobilityware.solitaire.AnimationManager$1@708804506)
I/org.umd.logging(21645): Method < 1 com.mobilityware.solitaire.AnimationManager$1.run()
I/org.umd.logging(21645): Method > 1 com.mobilityware.solitaire.AnimationManager$1.run(com.mobilityware.solitaire.AnimationManager$1@708804506)
I/org.umd.logging(21645): Method < 1 com.mobilityware.solitaire.AnimationManager$1.run()
I/org.umd.logging(21645): Method > 1 com.mobilityware.solitaire.AnimationManager$1.run(com.mobilityware.solitaire.AnimationManager$1@708804506)
I/org.umd.logging(21645): Method < 1 com.mobilityware.solitaire.AnimationManager$1.run()
I/org.umd.logging(21645): Method > 1 com.mobilityware.solitaire.AnimationManager$1.run(com.mobilityware.solitaire.AnimationManager$1@708804506)
I/org.umd.logging(21645): Method < 1 com.mobilityware.solitaire.AnimationManager$1.run()
I/org.umd.logging(21645): Method > 1 com.mobilityware.solitaire.AnimationManager$1.run(com.mobilityware.solitaire.AnimationManager$1@708804506)
I/org.umd.logging(21645): Method < 1 com.mobilityware.solitaire.AnimationManager$1.run()
I/org.umd.logging(21645): Method > 1 com.mobilityware.solitaire.AnimationManager$1.run(com.mobilityware.solitaire.AnimationManager$1@708804506)
I/org.umd.logging(21645): Method < 1 com.mobilityware.solitaire.AnimationManager$1.run()
I/org.umd.logging(21645): Method > 1 com.mobilityware.solitaire.AnimationManager$1.run(com.mobilityware.solitaire.AnimationManager$1@708804506)
I/org.umd.logging(21645): Method < 1 com.mobilityware.solitaire.AnimationManager$1.run()
I/org.umd.logging(21645): Method > 1 com.mobilityware.solitaire.AnimationManager$1.run(com.mobilityware.solitaire.AnimationManager$1@708804506)
I/org.umd.logging(21645): Method < 1 com.mobilityware.solitaire.AnimationManager$1.run()
I/org.umd.logging(21645): Method > 1 com.mobilityware.solitaire.AnimationManager$1.run(com.mobilityware.solitaire.AnimationManager$1@708804506)
I/org.umd.logging(21645): Method < 1 com.mobilityware.solitaire.AnimationManager$1.run()
I/org.umd.logging(21645): Method > 1 com.mobilityware.solitaire.AnimationManager$1.run(com.mobilityware.solitaire.AnimationManager$1@708804506)
I/org.umd.logging(21645): Method < 1 com.mobilityware.solitaire.AnimationManager$1.run()
I/org.umd.logging(21645): Method > 1 com.mobilityware.solitaire.AnimationManager$1.run(com.mobilityware.solitaire.AnimationManager$1@708804506)
I/org.umd.logging(21645): Method < 1 com.mobilityware.solitaire.AnimationManager$1.run()
E/Cataloger( 3812): syncFile:/storage/emulated/0/2016-11-15_03:05:30.611.jpg
W/ResourceType(21645): No known package when getting name for resource number 0xffffffff
I/org.umd.logging(21645): Method > 1 com.mobilityware.solitaire.MWView$13.onClick(com.mobilityware.solitaire.MWView$13@472542108, android.widget.ImageButton@25266597<file=2016-11-15_03:05:30.611><x=445><y=1056><width=122><height=98><id=-1>)
E/Cataloger( 3812): syncFile:/storage/emulated/0/2016-11-15_03:05:30.611.jpg
I/org.umd.logging(21645): Method < 1 com.mobilityware.solitaire.MWView$13.onClick()
I/org.umd.logging(21645): Method > 1 com.mobilityware.solitaire.SolutionPlayer$1.run(com.mobilityware.solitaire.SolutionPlayer$1@53792043)
I/org.umd.logging(21645): Api > 1 android.media.MediaPlayer.start(android.media.MediaPlayer@810220678)
D/NuPlayerDriver(  191): start(0xb7697e88)
I/NuPlayerDecoder(  191): [OMX.google.vorbis.decoder] resubmitting CSD
I/NuPlayerDecoder(  191): [OMX.google.vorbis.decoder] resubmitting CSD
W/SoftVorbis(  191): vorbis_dsp_synthesis returned -135
W/SoftVorbis(  191): vorbis_dsp_synthesis returned -135
I/org.umd.logging(21645): Api < 1 android.media.MediaPlayer.start()
I/org.umd.logging(21645): Api > 1 android.animation.AnimatorSet.start(android.animation.AnimatorSet@537119558)
I/org.umd.logging(21645): Api < 1 android.animation.AnimatorSet.start()
I/org.umd.logging(21645): Method < 1 com.mobilityware.solitaire.SolutionPlayer$1.run()
E/Cataloger( 3812): syncFile:/storage/emulated/0/2016-11-15_03:05:31.581.jpg
W/ResourceType(21645): No known package when getting name for resource number 0xffffffff
I/org.umd.logging(21645): Method > 1 com.mobilityware.solitaire.MWView$13.onClick(com.mobilityware.solitaire.MWView$13@472542108, android.widget.ImageButton@25266597<file=2016-11-15_03:05:31.581><x=445><y=1056><width=122><height=98><id=-1>)
I/org.umd.logging(21645): Method < 1 com.mobilityware.solitaire.MWView$13.onClick()
E/Cataloger( 3812): syncFile:/storage/emulated/0/2016-11-15_03:05:31.581.jpg
I/org.umd.logging(21645): Method > 1 com.mobilityware.solitaire.SolutionPlayer$1.run(com.mobilityware.solitaire.SolutionPlayer$1@53792043)
I/org.umd.logging(21645): Api > 1 android.media.MediaPlayer.start(android.media.MediaPlayer@810220678)
D/NuPlayerDriver(  191): start(0xb7697e88)
I/org.umd.logging(21645): Api < 1 android.media.MediaPlayer.start()
I/org.umd.logging(21645): Api > 1 android.animation.AnimatorSet.start(android.animation.AnimatorSet@338184285)
I/org.umd.logging(21645): Api < 1 android.animation.AnimatorSet.start()
I/org.umd.logging(21645): Method < 1 com.mobilityware.solitaire.SolutionPlayer$1.run()
I/NuPlayerDecoder(  191): [OMX.google.vorbis.decoder] resubmitting CSD
I/NuPlayerDecoder(  191): [OMX.google.vorbis.decoder] resubmitting CSD
W/SoftVorbis(  191): vorbis_dsp_synthesis returned -135
W/SoftVorbis(  191): vorbis_dsp_synthesis returned -135
I/org.umd.logging(21645): Method > 1 com.mobilityware.solitaire.AnimationManager$1.run(com.mobilityware.solitaire.AnimationManager$1@708804506)
I/org.umd.logging(21645): Method < 1 com.mobilityware.solitaire.AnimationManager$1.run()
I/org.umd.logging(21645): Method > 1 com.mobilityware.solitaire.AnimationManager$1.run(com.mobilityware.solitaire.AnimationManager$1@708804506)
I/org.umd.logging(21645): Method < 1 com.mobilityware.solitaire.AnimationManager$1.run()
I/org.umd.logging(21645): Method > 1 com.mobilityware.solitaire.AnimationManager$1.run(com.mobilityware.solitaire.AnimationManager$1@708804506)
I/org.umd.logging(21645): Method < 1 com.mobilityware.solitaire.AnimationManager$1.run()
I/org.umd.logging(21645): Method > 1 com.mobilityware.solitaire.AnimationManager$1.run(com.mobilityware.solitaire.AnimationManager$1@708804506)
I/org.umd.logging(21645): Method < 1 com.mobilityware.solitaire.AnimationManager$1.run()
I/org.umd.logging(21645): Method > 1 com.mobilityware.solitaire.AnimationManager$1.run(com.mobilityware.solitaire.AnimationManager$1@708804506)
I/org.umd.logging(21645): Method < 1 com.mobilityware.solitaire.AnimationManager$1.run()
I/org.umd.logging(21645): Method > 1 com.mobilityware.solitaire.AnimationManager$1.run(com.mobilityware.solitaire.AnimationManager$1@708804506)
I/org.umd.logging(21645): Method < 1 com.mobilityware.solitaire.AnimationManager$1.run()
I/org.umd.logging(21645): Method > 1 com.mobilityware.solitaire.AnimationManager$1.run(com.mobilityware.solitaire.AnimationManager$1@708804506)
I/org.umd.logging(21645): Method < 1 com.mobilityware.solitaire.AnimationManager$1.run()
I/org.umd.logging(21645): Method > 1 com.mobilityware.solitaire.AnimationManager$1.run(com.mobilityware.solitaire.AnimationManager$1@708804506)
I/org.umd.logging(21645): Method < 1 com.mobilityware.solitaire.AnimationManager$1.run()
I/org.umd.logging(21645): Method > 1 com.mobilityware.solitaire.AnimationManager$1.run(com.mobilityware.solitaire.AnimationManager$1@708804506)
I/org.umd.logging(21645): Method < 1 com.mobilityware.solitaire.AnimationManager$1.run()
I/org.umd.logging(21645): Method > 1 com.mobilityware.solitaire.AnimationManager$1.run(com.mobilityware.solitaire.AnimationManager$1@708804506)
I/org.umd.logging(21645): Method < 1 com.mobilityware.solitaire.AnimationManager$1.run()
I/org.umd.logging(21645): Method > 1 com.mobilityware.solitaire.AnimationManager$1.run(com.mobilityware.solitaire.AnimationManager$1@708804506)
I/org.umd.logging(21645): Method < 1 com.mobilityware.solitaire.AnimationManager$1.run()
I/org.umd.logging(21645): Method > 1 com.mobilityware.solitaire.AnimationManager$1.run(com.mobilityware.solitaire.AnimationManager$1@708804506)
I/org.umd.logging(21645): Method < 1 com.mobilityware.solitaire.AnimationManager$1.run()
I/org.umd.logging(21645): Method > 1 com.mobilityware.solitaire.SolutionPlayer$1.run(com.mobilityware.solitaire.SolutionPlayer$1@53792043)
I/org.umd.logging(21645): Api > 1 android.media.MediaPlayer.start(android.media.MediaPlayer@810220678)
D/NuPlayerDriver(  191): start(0xb7697e88)
I/NuPlayerDecoder(  191): [OMX.google.vorbis.decoder] resubmitting CSD
I/NuPlayerDecoder(  191): [OMX.google.vorbis.decoder] resubmitting CSD
W/SoftVorbis(  191): vorbis_dsp_synthesis returned -135
W/SoftVorbis(  191): vorbis_dsp_synthesis returned -135
I/org.umd.logging(21645): Api < 1 android.media.MediaPlayer.start()
I/org.umd.logging(21645): Api > 1 android.animation.AnimatorSet.start(android.animation.AnimatorSet@302816672)
I/org.umd.logging(21645): Api < 1 android.animation.AnimatorSet.start()
I/org.umd.logging(21645): Method < 1 com.mobilityware.solitaire.SolutionPlayer$1.run()
E/Cataloger( 3812): syncFile:/storage/emulated/0/2016-11-15_03:05:32.510.jpg
W/ResourceType(21645): No known package when getting name for resource number 0xffffffff
I/org.umd.logging(21645): Method > 1 com.mobilityware.solitaire.MWView$13.onClick(com.mobilityware.solitaire.MWView$13@472542108, android.widget.ImageButton@25266597<file=2016-11-15_03:05:32.510><x=445><y=1056><width=122><height=98><id=-1>)
E/Cataloger( 3812): syncFile:/storage/emulated/0/2016-11-15_03:05:32.510.jpg
I/org.umd.logging(21645): Method < 1 com.mobilityware.solitaire.MWView$13.onClick()
I/org.umd.logging(21645): Method > 1053 com.vungle.publisher.bt$a.run(com.vungle.publisher.bt$a@287706457)
I/org.umd.logging(21645): Method > 1053 com.vungle.publisher.bt$c.run(com.vungle.publisher.bt$c@617683455)
I/org.umd.logging(21645): Method < 1053 com.vungle.publisher.bt$c.run()
I/org.umd.logging(21645): Method < 1053 com.vungle.publisher.bt$a.run()
I/org.umd.logging(21645): Method > 1 com.mobilityware.solitaire.SolutionPlayer$1.run(com.mobilityware.solitaire.SolutionPlayer$1@53792043)
I/org.umd.logging(21645): Api > 1 android.media.MediaPlayer.start(android.media.MediaPlayer@810220678)
D/NuPlayerDriver(  191): start(0xb7697e88)
I/org.umd.logging(21645): Api < 1 android.media.MediaPlayer.start()
I/org.umd.logging(21645): Api > 1 android.animation.AnimatorSet.start(android.animation.AnimatorSet@796249386)
I/org.umd.logging(21645): Api < 1 android.animation.AnimatorSet.start()
I/org.umd.logging(21645): Api > 1 android.animation.AnimatorSet.start(android.animation.AnimatorSet@628821649)
I/org.umd.logging(21645): Api < 1 android.animation.AnimatorSet.start()
I/org.umd.logging(21645): Api > 1 android.animation.AnimatorSet.start(android.animation.AnimatorSet@579137636)
I/org.umd.logging(21645): Api < 1 android.animation.AnimatorSet.start()
I/org.umd.logging(21645): Method < 1 com.mobilityware.solitaire.SolutionPlayer$1.run()
I/NuPlayerDecoder(  191): [OMX.google.vorbis.decoder] resubmitting CSD
I/NuPlayerDecoder(  191): [OMX.google.vorbis.decoder] resubmitting CSD
W/SoftVorbis(  191): vorbis_dsp_synthesis returned -135
W/SoftVorbis(  191): vorbis_dsp_synthesis returned -135
I/org.umd.logging(21645): Method > 1 com.mobilityware.solitaire.AnimationManager$1.run(com.mobilityware.solitaire.AnimationManager$1@708804506)
I/org.umd.logging(21645): Method < 1 com.mobilityware.solitaire.AnimationManager$1.run()
I/org.umd.logging(21645): Method > 1 com.mobilityware.solitaire.AnimationManager$1.run(com.mobilityware.solitaire.AnimationManager$1@708804506)
I/org.umd.logging(21645): Method < 1 com.mobilityware.solitaire.AnimationManager$1.run()
I/org.umd.logging(21645): Method > 1 com.mobilityware.solitaire.AnimationManager$1.run(com.mobilityware.solitaire.AnimationManager$1@708804506)
I/org.umd.logging(21645): Method < 1 com.mobilityware.solitaire.AnimationManager$1.run()
I/org.umd.logging(21645): Method > 1 com.mobilityware.solitaire.AnimationManager$1.run(com.mobilityware.solitaire.AnimationManager$1@708804506)
I/org.umd.logging(21645): Method < 1 com.mobilityware.solitaire.AnimationManager$1.run()
I/org.umd.logging(21645): Method > 1 com.mobilityware.solitaire.AnimationManager$1.run(com.mobilityware.solitaire.AnimationManager$1@708804506)
I/org.umd.logging(21645): Method < 1 com.mobilityware.solitaire.AnimationManager$1.run()
I/org.umd.logging(21645): Method > 1 com.mobilityware.solitaire.AnimationManager$1.run(com.mobilityware.solitaire.AnimationManager$1@708804506)
I/org.umd.logging(21645): Method < 1 com.mobilityware.solitaire.AnimationManager$1.run()
I/org.umd.logging(21645): Method > 1 com.mobilityware.solitaire.AnimationManager$1.run(com.mobilityware.solitaire.AnimationManager$1@708804506)
I/org.umd.logging(21645): Method < 1 com.mobilityware.solitaire.AnimationManager$1.run()
I/org.umd.logging(21645): Method > 1 com.mobilityware.solitaire.AnimationManager$1.run(com.mobilityware.solitaire.AnimationManager$1@708804506)
I/org.umd.logging(21645): Method < 1 com.mobilityware.solitaire.AnimationManager$1.run()
I/org.umd.logging(21645): Method > 1 com.mobilityware.solitaire.AnimationManager$1.run(com.mobilityware.solitaire.AnimationManager$1@708804506)
I/org.umd.logging(21645): Method < 1 com.mobilityware.solitaire.AnimationManager$1.run()
I/org.umd.logging(21645): Method > 1 com.mobilityware.solitaire.AnimationManager$1.run(com.mobilityware.solitaire.AnimationManager$1@708804506)
I/org.umd.logging(21645): Method < 1 com.mobilityware.solitaire.AnimationManager$1.run()
I/org.umd.logging(21645): Method > 1 com.mobilityware.solitaire.AnimationManager$1.run(com.mobilityware.solitaire.AnimationManager$1@708804506)
I/org.umd.logging(21645): Method < 1 com.mobilityware.solitaire.AnimationManager$1.run()
I/org.umd.logging(21645): Method > 1 com.mobilityware.solitaire.SolutionPlayer$1.run(com.mobilityware.solitaire.SolutionPlayer$1@53792043)
I/org.umd.logging(21645): Api > 1 android.media.MediaPlayer.start(android.media.MediaPlayer@810220678)
D/NuPlayerDriver(  191): start(0xb7697e88)
I/NuPlayerDecoder(  191): [OMX.google.vorbis.decoder] resubmitting CSD
I/NuPlayerDecoder(  191): [OMX.google.vorbis.decoder] resubmitting CSD
W/SoftVorbis(  191): vorbis_dsp_synthesis returned -135
W/SoftVorbis(  191): vorbis_dsp_synthesis returned -135
I/org.umd.logging(21645): Api < 1 android.media.MediaPlayer.start()
I/org.umd.logging(21645): Api > 1 android.animation.AnimatorSet.start(android.animation.AnimatorSet@274697875)
I/org.umd.logging(21645): Api < 1 android.animation.AnimatorSet.start()
I/org.umd.logging(21645): Api > 1 android.animation.AnimatorSet.start(android.animation.AnimatorSet@84863438)
I/org.umd.logging(21645): Api < 1 android.animation.AnimatorSet.start()
I/org.umd.logging(21645): Api > 1 android.animation.AnimatorSet.start(android.animation.AnimatorSet@400080517)
I/org.umd.logging(21645): Api < 1 android.animation.AnimatorSet.start()
I/org.umd.logging(21645): Api > 1 android.animation.AnimatorSet.start(android.animation.AnimatorSet@907905000)
I/org.umd.logging(21645): Api < 1 android.animation.AnimatorSet.start()
I/org.umd.logging(21645): Api > 1 android.animation.AnimatorSet.start(android.animation.AnimatorSet@905682663)
I/org.umd.logging(21645): Api < 1 android.animation.AnimatorSet.start()
I/org.umd.logging(21645): Method < 1 com.mobilityware.solitaire.SolutionPlayer$1.run()
I/org.umd.logging(21645): Method > 1 com.mobilityware.solitaire.AnimationManager$1.run(com.mobilityware.solitaire.AnimationManager$1@708804506)
I/org.umd.logging(21645): Method < 1 com.mobilityware.solitaire.AnimationManager$1.run()
E/Cataloger( 3812): syncFile:/storage/emulated/0/2016-11-15_03:05:33.521.jpg
W/ResourceType(21645): No known package when getting name for resource number 0xffffffff
I/org.umd.logging(21645): Method > 1 com.mobilityware.solitaire.MWView$13.onClick(com.mobilityware.solitaire.MWView$13@472542108, android.widget.ImageButton@25266597<file=2016-11-15_03:05:33.521><x=445><y=1056><width=122><height=98><id=-1>)
I/org.umd.logging(21645): Method < 1 com.mobilityware.solitaire.MWView$13.onClick()
E/Cataloger( 3812): syncFile:/storage/emulated/0/2016-11-15_03:05:33.521.jpg
I/org.umd.logging(21645): Method > 1 com.mobilityware.solitaire.SolutionPlayer$1.run(com.mobilityware.solitaire.SolutionPlayer$1@53792043)
I/org.umd.logging(21645): Api > 1 android.media.MediaPlayer.start(android.media.MediaPlayer@810220678)
D/NuPlayerDriver(  191): start(0xb7697e88)
I/org.umd.logging(21645): Api < 1 android.media.MediaPlayer.start()
I/org.umd.logging(21645): Api > 1 android.animation.AnimatorSet.start(android.animation.AnimatorSet@828908850)
I/org.umd.logging(21645): Api < 1 android.animation.AnimatorSet.start()
I/org.umd.logging(21645): Api > 1 android.animation.AnimatorSet.start(android.animation.AnimatorSet@979446841)
I/org.umd.logging(21645): Api < 1 android.animation.AnimatorSet.start()
I/org.umd.logging(21645): Api > 1 android.animation.AnimatorSet.start(android.animation.AnimatorSet@570902572)
I/org.umd.logging(21645): Api < 1 android.animation.AnimatorSet.start()
I/org.umd.logging(21645): Api > 1 android.animation.AnimatorSet.start(android.animation.AnimatorSet@212238075)
I/org.umd.logging(21645): Api < 1 android.animation.AnimatorSet.start()
I/org.umd.logging(21645): Api > 1 android.animation.AnimatorSet.start(android.animation.AnimatorSet@512443222)
I/org.umd.logging(21645): Api < 1 android.animation.AnimatorSet.start()
I/org.umd.logging(21645): Method < 1 com.mobilityware.solitaire.SolutionPlayer$1.run()
I/NuPlayerDecoder(  191): [OMX.google.vorbis.decoder] resubmitting CSD
I/NuPlayerDecoder(  191): [OMX.google.vorbis.decoder] resubmitting CSD
W/SoftVorbis(  191): vorbis_dsp_synthesis returned -135
W/SoftVorbis(  191): vorbis_dsp_synthesis returned -135
I/org.umd.logging(21645): Method > 1 com.mobilityware.solitaire.AnimationManager$1.run(com.mobilityware.solitaire.AnimationManager$1@708804506)
I/org.umd.logging(21645): Method < 1 com.mobilityware.solitaire.AnimationManager$1.run()
I/org.umd.logging(21645): Method > 1 com.mobilityware.solitaire.AnimationManager$1.run(com.mobilityware.solitaire.AnimationManager$1@708804506)
I/org.umd.logging(21645): Method < 1 com.mobilityware.solitaire.AnimationManager$1.run()
I/org.umd.logging(21645): Method > 1 com.mobilityware.solitaire.AnimationManager$1.run(com.mobilityware.solitaire.AnimationManager$1@708804506)
I/org.umd.logging(21645): Method < 1 com.mobilityware.solitaire.AnimationManager$1.run()
I/org.umd.logging(21645): Method > 1 com.mobilityware.solitaire.AnimationManager$1.run(com.mobilityware.solitaire.AnimationManager$1@708804506)
I/org.umd.logging(21645): Method < 1 com.mobilityware.solitaire.AnimationManager$1.run()
I/org.umd.logging(21645): Method > 1 com.mobilityware.solitaire.AnimationManager$1.run(com.mobilityware.solitaire.AnimationManager$1@708804506)
I/org.umd.logging(21645): Method < 1 com.mobilityware.solitaire.AnimationManager$1.run()
I/org.umd.logging(21645): Method > 1 com.mobilityware.solitaire.AnimationManager$1.run(com.mobilityware.solitaire.AnimationManager$1@708804506)
I/org.umd.logging(21645): Method < 1 com.mobilityware.solitaire.AnimationManager$1.run()
I/org.umd.logging(21645): Method > 1 com.mobilityware.solitaire.AnimationManager$1.run(com.mobilityware.solitaire.AnimationManager$1@708804506)
I/org.umd.logging(21645): Method < 1 com.mobilityware.solitaire.AnimationManager$1.run()
I/org.umd.logging(21645): Method > 1 com.mobilityware.solitaire.AnimationManager$1.run(com.mobilityware.solitaire.AnimationManager$1@708804506)
I/org.umd.logging(21645): Method < 1 com.mobilityware.solitaire.AnimationManager$1.run()
I/org.umd.logging(21645): Method > 1 com.mobilityware.solitaire.AnimationManager$1.run(com.mobilityware.solitaire.AnimationManager$1@708804506)
I/org.umd.logging(21645): Method < 1 com.mobilityware.solitaire.AnimationManager$1.run()
I/org.umd.logging(21645): Method > 1 com.mobilityware.solitaire.AnimationManager$1.run(com.mobilityware.solitaire.AnimationManager$1@708804506)
I/org.umd.logging(21645): Method < 1 com.mobilityware.solitaire.AnimationManager$1.run()
I/org.umd.logging(21645): Method > 1 com.mobilityware.solitaire.AnimationManager$1.run(com.mobilityware.solitaire.AnimationManager$1@708804506)
I/org.umd.logging(21645): Method < 1 com.mobilityware.solitaire.AnimationManager$1.run()
E/Cataloger( 3812): syncFile:/storage/emulated/0/2016-11-15_03:05:34.379.jpg
W/ResourceType(21645): No known package when getting name for resource number 0xffffffff
I/org.umd.logging(21645): Method > 1 com.mobilityware.solitaire.MWView$10.onClick(com.mobilityware.solitaire.MWView$10@703099076, android.widget.ImageButton@636218285<file=2016-11-15_03:05:34.379><x=79><y=1056><width=122><height=98><id=-1>)
E/Cataloger( 3812): syncFile:/storage/emulated/0/2016-11-15_03:05:34.379.jpg
V/WindowManager(  598): not Base app: Adding window Window{2de04d2f u0 com.mobilityware.solitaire/com.mobilityware.solitaire.Solitaire} at 4 of 9
I/org.umd.logging(21645): Method < 1 com.mobilityware.solitaire.MWView$10.onClick()
I/DownloadManagerWrapper( 1581): onReceive() : Charging = true
I/org.umd.logging(21645): Method > 1 com.mobilityware.solitaire.Toolbar$1.run(com.mobilityware.solitaire.Toolbar$1@229258321)
I/org.umd.logging(21645): Method < 1 com.mobilityware.solitaire.Toolbar$1.run()
I/org.umd.logging(21645): Method > 1 com.mobilityware.solitaire.MWProgressBar$1.run(com.mobilityware.solitaire.MWProgressBar$1@258360759)
I/org.umd.logging(21645): Method < 1 com.mobilityware.solitaire.MWProgressBar$1.run()
