W/ResourceType(21645): No known package when getting name for resource number 0xffffffff
I/org.umd.logging(21645): Method > 1 com.mobilityware.solitaire.Toolbar$3.onClick(com.mobilityware.solitaire.Toolbar$3@607503286, android.widget.TextView@211758989<file=2016-11-15_03:05:09.315><x=5><y=1149><width=126><height=34><text=Settings><id=-1>)
E/Cataloger( 3812): syncFile:/storage/emulated/0/2016-11-15_03:05:09.315.jpg
I/ActivityManager(  598): START u0 {cmp=com.mobilityware.solitaire/.Preferences} from uid 10216 on display 0
V/WindowManager(  598): addAppToken: AppWindowToken{33709f13 token=Token{8a7da02 ActivityRecord{23427f4d u0 com.mobilityware.solitaire/.Preferences t22}}} to stack=1 task=22 at 1
I/org.umd.logging(21645): Method < 1 com.mobilityware.solitaire.Toolbar$3.onClick()
I/org.umd.logging(21645): Method > 1 com.mobilityware.solitaire.MWView$4.run(com.mobilityware.solitaire.MWView$4@1044473020)
I/org.umd.logging(21645): Method < 1 com.mobilityware.solitaire.MWView$4.run()
I/org.umd.logging(21645): Method > 1 com.mobilityware.solitaire.Solitaire.onPause(com.mobilityware.solitaire.Solitaire@262739971<activity=true>)
I/org.umd.logging(21645): Method > 1 com.vungle.publisher.VunglePub.onPause(com.vungle.publisher.VunglePub@417085321)
I/org.umd.logging(21645): Method > 1 com.vungle.publisher.VunglePubBase.onPause(com.vungle.publisher.VunglePub@417085321)
I/org.umd.logging(21645): Api > 1 android.content.Context.startService(com.mobilityware.solitaire.SolitaireApplication@851751613, android.content.Intent@732271502<action=com.vungle.publisher.VungleService.SESSION><data=null><package=null><component=com.mobilityware.solitaire/com.vungle.publisher.VungleService><type=null><filter_hashcode=-2112753303><activityPauseMillis=None><activityEvent=None><sessionStartMillis=None><umd_Intent_key=None>)
I/org.umd.logging(21645): Api < 1 android.content.Context.startService()
I/org.umd.logging(21645): Method < 1 com.vungle.publisher.VunglePubBase.onPause()
I/org.umd.logging(21645): Method < 1 com.vungle.publisher.VunglePub.onPause()
I/org.umd.logging(21645): Method < 1 com.mobilityware.solitaire.Solitaire.onPause()
I/org.umd.logging(21645): Method > 1 com.vungle.publisher.VungleService.onStartCommand(com.vungle.publisher.VungleService@479864018, android.content.Intent@910772143<action=com.vungle.publisher.VungleService.SESSION><data=null><package=null><component=com.mobilityware.solitaire/com.vungle.publisher.VungleService><type=null><filter_hashcode=-2112753303><activityPauseMillis=None><activityEvent=None><sessionStartMillis=None><umd_Intent_key=None>, 0, 4)
I/org.umd.logging(21645): Method > 1 com.vungle.publisher.VungleService.onStart(com.vungle.publisher.VungleService@479864018, android.content.Intent@910772143<action=com.vungle.publisher.VungleService.SESSION><data=null><package=null><component=com.mobilityware.solitaire/com.vungle.publisher.VungleService><type=null><filter_hashcode=-2112753303><activityPauseMillis=None><activityEvent=None><sessionStartMillis=None><umd_Intent_key=None>, 4)
I/org.umd.logging(21645): Method < 1 com.vungle.publisher.VungleService.onStartCommand(2)
I/org.umd.logging(21645): Method > 1 com.mobilityware.solitaire.Preferences.onCreate(com.mobilityware.solitaire.Preferences@667403077<activity=true>, null)
W/Resources(21645): Converting to string: TypedValue{t=0x10/d=0x1 a=-1}
W/Resources(21645): Converting to string: TypedValue{t=0x10/d=0x1 a=-1}
W/Resources(21645): Converting to string: TypedValue{t=0x10/d=0x1 a=-1}
W/Resources(21645): Converting to string: TypedValue{t=0x10/d=0x2 a=-1}
W/Resources(21645): Converting to string: TypedValue{t=0x10/d=0x1 a=-1}
I/org.umd.logging(21645): Method < 1 com.mobilityware.solitaire.Preferences.onCreate()
I/org.umd.logging(21645): Method > 1 com.mobilityware.solitaire.Preferences.onResume(com.mobilityware.solitaire.Preferences@667403077<activity=true>)
I/org.umd.logging(21645): Method < 1 com.mobilityware.solitaire.Preferences.onResume()
V/WindowManager(  598): Adding window Window{3cc4c349 u0 com.mobilityware.solitaire/com.mobilityware.solitaire.Preferences} at 4 of 9 (after Window{20121deb u0 com.mobilityware.solitaire/com.mobilityware.solitaire.Solitaire})
I/ActivityManager(  598): Displayed com.mobilityware.solitaire/.Preferences: +375ms
I/Solitaire(21645): onStop early exit
I/org.umd.logging(21645): Api > 1 android.preference.CheckBoxPreference.isChecked(android.preference.CheckBoxPreference@715083349)
I/org.umd.logging(21645): Api < 1 android.preference.CheckBoxPreference.isChecked(true)
I/org.umd.logging(21645): Api > 1 java.lang.Thread.start(com.mobilityware.solitaire.WinDeal@443576426<thread=1064>)
I/org.umd.logging(21645): Api < 1 java.lang.Thread.start()
I/org.umd.logging(21645): Method > 1064 com.mobilityware.solitaire.WinDeal.run(com.mobilityware.solitaire.WinDeal@443576426<thread=1064>)
I/org.umd.logging(21645): Api > 1064 java.net.URL.openStream(java.net.URL@248740561<URL=http://apps.mobilityware.com/Solitaire/VerifiedA.php?&v=0&d=3&g=0&z=647&statRows=10&statTabs=3&signature=bed34c44f540b8efdefb6f5b9de074d6>)
I/org.umd.logging(21645): Api < 1064 java.net.URL.openStream(com.android.okio.RealBufferedSource$1@300256272)
I/org.umd.logging(21645): Method < 1064 com.mobilityware.solitaire.WinDeal.run()
E/Cataloger( 3812): syncFile:/storage/emulated/0/2016-11-15_03:05:11.988.jpg
I/org.umd.logging(21645): Method > 1 com.mobilityware.solitaire.Preferences$24.onClick(com.mobilityware.solitaire.Preferences$24@56895758, android.widget.Button@83619631<file=2016-11-15_03:05:11.988><x=8><y=1085><width=752><height=97><text=Done><id=2131165332><imagename=settings_done>)
I/org.umd.logging(21645): Method < 1 com.mobilityware.solitaire.Preferences$24.onClick()
E/Cataloger( 3812): syncFile:/storage/emulated/0/2016-11-15_03:05:11.988.jpg
I/org.umd.logging(21645): Method > 1 com.mobilityware.solitaire.Preferences.onPause(com.mobilityware.solitaire.Preferences@667403077<activity=true>)
D/Solitaire.MWView(21645): w=768 h=1184 oldw=768 oldh=1184 tolerance=20
I/org.umd.logging(21645): Method < 1 com.mobilityware.solitaire.Preferences.onPause()
I/org.umd.logging(21645): Method > 1 com.mobilityware.solitaire.MWView$22.run(com.mobilityware.solitaire.MWView$22@260004156)
I/org.umd.logging(21645): Method < 1 com.mobilityware.solitaire.MWView$22.run()
I/org.umd.logging(21645): Method > 1 com.mobilityware.solitaire.MWView$23.run(com.mobilityware.solitaire.MWView$23@651261637)
I/org.umd.logging(21645): Method < 1 com.mobilityware.solitaire.MWView$23.run()
I/org.umd.logging(21645): Method > 1 com.mobilityware.solitaire.MWView$24.run(com.mobilityware.solitaire.MWView$24@985516058)
I/org.umd.logging(21645): Method < 1 com.mobilityware.solitaire.MWView$24.run()
I/org.umd.logging(21645): Method > 1 com.mobilityware.solitaire.Solitaire.onStart(com.mobilityware.solitaire.Solitaire@262739971<activity=true>)
I/org.umd.logging(21645): Method > 1 com.mobilityware.advertising.AdControl.onStart(com.mobilityware.advertising.AdControl@713477416)
I/org.umd.logging(21645): Method < 1 com.mobilityware.advertising.AdControl.onStart()
I/Solitaire(21645): onStart early exit
I/org.umd.logging(21645): Method < 1 com.mobilityware.solitaire.Solitaire.onStart()
I/org.umd.logging(21645): Method > 1 com.mobilityware.solitaire.Solitaire.onResume(com.mobilityware.solitaire.Solitaire@262739971<activity=true>)
I/org.umd.logging(21645): Method > 1 com.vungle.publisher.VunglePub.onResume(com.vungle.publisher.VunglePub@417085321)
I/org.umd.logging(21645): Method > 1 com.vungle.publisher.VunglePubBase.onResume(com.vungle.publisher.VunglePub@417085321)
I/org.umd.logging(21645): Api > 1 android.content.Context.startService(com.mobilityware.solitaire.SolitaireApplication@851751613, android.content.Intent@47692353<action=com.vungle.publisher.VungleService.SESSION><data=null><package=null><component=com.mobilityware.solitaire/com.vungle.publisher.VungleService><type=null><filter_hashcode=-2112753303><activityEvent=None><umd_Intent_key=None>)
I/org.umd.logging(21645): Method > 1016 com.vungle.publisher.async.ScheduledPriorityExecutor$a$a.run(com.vungle.publisher.async.ScheduledPriorityExecutor$a$a@1071664102)
I/org.umd.logging(21645): Method > 1016 com.vungle.publisher.env.AdvertisingDeviceIdStrategy$FetchAdvertisingPreferencesRunnable.run(com.vungle.publisher.env.AdvertisingDeviceIdStrategy$FetchAdvertisingPreferencesRunnable@595891495)
I/org.umd.logging(21645): Api < 1 android.content.Context.startService()
I/org.umd.logging(21645): Method < 1 com.vungle.publisher.VunglePubBase.onResume()
I/org.umd.logging(21645): Method < 1 com.vungle.publisher.VunglePub.onResume()
I/org.umd.logging(21645): Method < 1 com.mobilityware.solitaire.Solitaire.onResume()
I/org.umd.logging(21645): Method > 1 com.mobilityware.solitaire.MWView$4.run(com.mobilityware.solitaire.MWView$4@1044473020)
I/org.umd.logging(21645): Method < 1 com.mobilityware.solitaire.MWView$4.run()
I/org.umd.logging(21645): Method > 1 com.vungle.publisher.VungleService.onStartCommand(com.vungle.publisher.VungleService@479864018, android.content.Intent@396671357<action=com.vungle.publisher.VungleService.SESSION><data=null><package=null><component=com.mobilityware.solitaire/com.vungle.publisher.VungleService><type=null><filter_hashcode=-2112753303><activityEvent=None><umd_Intent_key=None>, 0, 5)
I/org.umd.logging(21645): Method > 1 com.vungle.publisher.VungleService.onStart(com.vungle.publisher.VungleService@479864018, android.content.Intent@396671357<action=com.vungle.publisher.VungleService.SESSION><data=null><package=null><component=com.mobilityware.solitaire/com.vungle.publisher.VungleService><type=null><filter_hashcode=-2112753303><activityEvent=None><umd_Intent_key=None>, 5)
I/org.umd.logging(21645): Method < 1 com.vungle.publisher.VungleService.onStartCommand(2)
I/org.umd.logging(21645): Method < 1016 com.vungle.publisher.env.AdvertisingDeviceIdStrategy$FetchAdvertisingPreferencesRunnable.run()
I/org.umd.logging(21645): Method < 1016 com.vungle.publisher.async.ScheduledPriorityExecutor$a$a.run()
I/org.umd.logging(21645): Method > 1 com.mobilityware.solitaire.Preferences.onDestroy(com.mobilityware.solitaire.Preferences@667403077<activity=true>)
I/org.umd.logging(21645): Method < 1 com.mobilityware.solitaire.Preferences.onDestroy()
I/org.umd.logging(21645): Method > 1 com.mobilityware.solitaire.MWView$4.run(com.mobilityware.solitaire.MWView$4@1044473020)
I/org.umd.logging(21645): Method < 1 com.mobilityware.solitaire.MWView$4.run()
E/Cataloger( 3812): syncFile:/storage/emulated/0/2016-11-15_03:05:13.668.jpg
I/org.umd.logging(21645): Method > 1 com.mobilityware.solitaire.MWView.onTouchEvent(com.mobilityware.solitaire.MWView@586023409<file=2016-11-15_03:05:13.668><x=0><y=0><width=768><height=1184><id=2131165254><imagename=mwview>, android.view.MotionEvent@358974276)
I/org.umd.logging(21645): Method < 1 com.mobilityware.solitaire.MWView.onTouchEvent(true)
E/Cataloger( 3812): syncFile:/storage/emulated/0/2016-11-15_03:05:13.668.jpg
E/Cataloger( 3812): syncFile:/storage/emulated/0/2016-11-15_03:05:13.836.jpg
I/org.umd.logging(21645): Method > 1 com.mobilityware.solitaire.MWView.onTouchEvent(com.mobilityware.solitaire.MWView@586023409<file=2016-11-15_03:05:13.836><x=0><y=0><width=768><height=1184><id=2131165254><imagename=mwview>, android.view.MotionEvent@358974276)
I/org.umd.logging(21645): Method < 1 com.mobilityware.solitaire.MWView.onTouchEvent(true)
E/Cataloger( 3812): syncFile:/storage/emulated/0/2016-11-15_03:05:13.836.jpg
E/Cataloger( 3812): syncFile:/storage/emulated/0/2016-11-15_03:05:14.044.jpg
I/org.umd.logging(21645): Method > 1 com.mobilityware.solitaire.MWView.onTouchEvent(com.mobilityware.solitaire.MWView@586023409<file=2016-11-15_03:05:14.044><x=0><y=0><width=768><height=1184><id=2131165254><imagename=mwview>, android.view.MotionEvent@358974276)
I/org.umd.logging(21645): Api > 1 android.animation.AnimatorSet.start(android.animation.AnimatorSet@793276537)
I/org.umd.logging(21645): Api < 1 android.animation.AnimatorSet.start()
I/org.umd.logging(21645): Api > 1 android.animation.AnimatorSet.start(android.animation.AnimatorSet@854165868)
I/org.umd.logging(21645): Api < 1 android.animation.AnimatorSet.start()
I/org.umd.logging(21645): Api > 1 android.animation.AnimatorSet.start(android.animation.AnimatorSet@13214011)
I/org.umd.logging(21645): Api < 1 android.animation.AnimatorSet.start()
I/org.umd.logging(21645): Api > 1 android.animation.AnimatorSet.start(android.animation.AnimatorSet@29981334)
I/org.umd.logging(21645): Api < 1 android.animation.AnimatorSet.start()
I/org.umd.logging(21645): Api > 1 android.animation.AnimatorSet.start(android.animation.AnimatorSet@1002175469)
I/org.umd.logging(21645): Api < 1 android.animation.AnimatorSet.start()
I/org.umd.logging(21645): Api > 1 android.media.MediaPlayer.start(android.media.MediaPlayer@810220678)
D/NuPlayerDriver(  191): start(0xb7697e88)
I/NuPlayerDecoder(  191): [OMX.google.vorbis.decoder] resubmitting CSD
I/NuPlayerDecoder(  191): [OMX.google.vorbis.decoder] resubmitting CSD
W/SoftVorbis(  191): vorbis_dsp_synthesis returned -135
W/SoftVorbis(  191): vorbis_dsp_synthesis returned -135
I/org.umd.logging(21645): Api < 1 android.media.MediaPlayer.start()
I/org.umd.logging(21645): Method < 1 com.mobilityware.solitaire.MWView.onTouchEvent(true)
I/org.umd.logging(21645): Method > 1 com.mobilityware.solitaire.MWView$4.run(com.mobilityware.solitaire.MWView$4@1044473020)
I/org.umd.logging(21645): Method < 1 com.mobilityware.solitaire.MWView$4.run()
I/org.umd.logging(21645): Method > 1 com.mobilityware.solitaire.AnimationManager$1.run(com.mobilityware.solitaire.AnimationManager$1@708804506)
I/org.umd.logging(21645): Method < 1 com.mobilityware.solitaire.AnimationManager$1.run()
E/Cataloger( 3812): syncFile:/storage/emulated/0/2016-11-15_03:05:14.044.jpg
I/org.umd.logging(21645): Method > 1 com.mobilityware.solitaire.AnimationManager$1.run(com.mobilityware.solitaire.AnimationManager$1@708804506)
I/org.umd.logging(21645): Method < 1 com.mobilityware.solitaire.AnimationManager$1.run()
I/org.umd.logging(21645): Method > 1 com.mobilityware.solitaire.AnimationManager$1.run(com.mobilityware.solitaire.AnimationManager$1@708804506)
I/org.umd.logging(21645): Method < 1 com.mobilityware.solitaire.AnimationManager$1.run()
I/org.umd.logging(21645): Method > 1 com.mobilityware.solitaire.AnimationManager$1.run(com.mobilityware.solitaire.AnimationManager$1@708804506)
I/org.umd.logging(21645): Method < 1 com.mobilityware.solitaire.AnimationManager$1.run()
I/org.umd.logging(21645): Method > 1 com.mobilityware.solitaire.AnimationManager$1.run(com.mobilityware.solitaire.AnimationManager$1@708804506)
I/org.umd.logging(21645): Method < 1 com.mobilityware.solitaire.AnimationManager$1.run()
I/org.umd.logging(21645): Method > 1 com.mobilityware.solitaire.AnimationManager$1.run(com.mobilityware.solitaire.AnimationManager$1@708804506)
I/org.umd.logging(21645): Method < 1 com.mobilityware.solitaire.AnimationManager$1.run()
I/org.umd.logging(21645): Method > 1 com.mobilityware.solitaire.AnimationManager$1.run(com.mobilityware.solitaire.AnimationManager$1@708804506)
I/org.umd.logging(21645): Method < 1 com.mobilityware.solitaire.AnimationManager$1.run()
I/org.umd.logging(21645): Method > 1 com.mobilityware.solitaire.AnimationManager$1.run(com.mobilityware.solitaire.AnimationManager$1@708804506)
I/org.umd.logging(21645): Method < 1 com.mobilityware.solitaire.AnimationManager$1.run()
W/cr_media(21645): calling MediaCodec.release() on OMX.qcom.video.decoder.avc
E/BufferQueueProducer(21645): [unnamed-21645-0] cancelBuffer: BufferQueue has been abandoned
E/BufferQueueProducer(21645): [unnamed-21645-0] cancelBuffer: BufferQueue has been abandoned
E/BufferQueueProducer(21645): [unnamed-21645-0] cancelBuffer: BufferQueue has been abandoned
E/BufferQueueProducer(21645): [unnamed-21645-0] cancelBuffer: BufferQueue has been abandoned
E/BufferQueueProducer(21645): [unnamed-21645-0] cancelBuffer: BufferQueue has been abandoned
I/org.umd.logging(21645): Method > 1 com.mobilityware.solitaire.AnimationManager$1.run(com.mobilityware.solitaire.AnimationManager$1@708804506)
E/BufferQueueProducer(21645): [unnamed-21645-0] cancelBuffer: BufferQueue has been abandoned
E/BufferQueueProducer(21645): [unnamed-21645-0] cancelBuffer: BufferQueue has been abandoned
I/org.umd.logging(21645): Method < 1 com.mobilityware.solitaire.AnimationManager$1.run()
E/BufferQueueProducer(21645): [unnamed-21645-0] cancelBuffer: BufferQueue has been abandoned
E/BufferQueueProducer(21645): [unnamed-21645-0] cancelBuffer: BufferQueue has been abandoned
E/BufferQueueProducer(21645): [unnamed-21645-0] cancelBuffer: BufferQueue has been abandoned
E/BufferQueueProducer(21645): [unnamed-21645-0] cancelBuffer: BufferQueue has been abandoned
E/BufferQueueProducer(21645): [unnamed-21645-0] cancelBuffer: BufferQueue has been abandoned
E/BufferQueueProducer(21645): [unnamed-21645-0] cancelBuffer: BufferQueue has been abandoned
E/BufferQueueProducer(21645): [unnamed-21645-0] cancelBuffer: BufferQueue has been abandoned
E/BufferQueueProducer(21645): [unnamed-21645-0] cancelBuffer: BufferQueue has been abandoned
E/BufferQueueProducer(21645): [unnamed-21645-0] cancelBuffer: BufferQueue has been abandoned
E/BufferQueueProducer(21645): [unnamed-21645-0] cancelBuffer: BufferQueue has been abandoned
E/BufferQueueProducer(21645): [unnamed-21645-0] cancelBuffer: BufferQueue has been abandoned
I/org.umd.logging(21645): Method > 1 com.mobilityware.solitaire.AnimationManager$1.run(com.mobilityware.solitaire.AnimationManager$1@708804506)
I/org.umd.logging(21645): Method < 1 com.mobilityware.solitaire.AnimationManager$1.run()
E/OMX-VDEC-1080P(  191): 
E/OMX-VDEC-1080P(  191):  Error in ioctl read next msg
E/        (  191): 
E/        (  191):  Destroy C2D instance
E/        (  191): 
E/        (  191):  Destroy C2D instance
I/DownloadManagerWrapper( 1581): onReceive() : Charging = true
E/Cataloger( 3812): syncFile:/storage/emulated/0/2016-11-15_03:05:15.144.jpg
I/org.umd.logging(21645): Method > 1 com.mobilityware.solitaire.MWView.onTouchEvent(com.mobilityware.solitaire.MWView@586023409<file=2016-11-15_03:05:15.144><x=0><y=0><width=768><height=1184><id=2131165254><imagename=mwview>, android.view.MotionEvent@358974276)
I/org.umd.logging(21645): Method < 1 com.mobilityware.solitaire.MWView.onTouchEvent(true)
E/Cataloger( 3812): syncFile:/storage/emulated/0/2016-11-15_03:05:15.144.jpg
E/Cataloger( 3812): syncFile:/storage/emulated/0/2016-11-15_03:05:15.317.jpg
I/org.umd.logging(21645): Method > 1 com.mobilityware.solitaire.MWView.onTouchEvent(com.mobilityware.solitaire.MWView@586023409<file=2016-11-15_03:05:15.317><x=0><y=0><width=768><height=1184><id=2131165254><imagename=mwview>, android.view.MotionEvent@358974276)
I/org.umd.logging(21645): Method < 1 com.mobilityware.solitaire.MWView.onTouchEvent(true)
E/Cataloger( 3812): syncFile:/storage/emulated/0/2016-11-15_03:05:15.317.jpg
E/Cataloger( 3812): syncFile:/storage/emulated/0/2016-11-15_03:05:15.495.jpg
I/org.umd.logging(21645): Method > 1 com.mobilityware.solitaire.MWView.onTouchEvent(com.mobilityware.solitaire.MWView@586023409<file=2016-11-15_03:05:15.495><x=0><y=0><width=768><height=1184><id=2131165254><imagename=mwview>, android.view.MotionEvent@358974276)
I/org.umd.logging(21645): Api > 1 android.animation.AnimatorSet.start(android.animation.AnimatorSet@849891952)
I/org.umd.logging(21645): Api < 1 android.animation.AnimatorSet.start()
I/org.umd.logging(21645): Api > 1 android.animation.AnimatorSet.start(android.animation.AnimatorSet@356561167)
E/Cataloger( 3812): syncFile:/storage/emulated/0/2016-11-15_03:05:15.495.jpg
I/org.umd.logging(21645): Api < 1 android.animation.AnimatorSet.start()
I/org.umd.logging(21645): Api > 1 android.animation.AnimatorSet.start(android.animation.AnimatorSet@605772666)
I/org.umd.logging(21645): Api < 1 android.animation.AnimatorSet.start()
I/org.umd.logging(21645): Api > 1 android.animation.AnimatorSet.start(android.animation.AnimatorSet@807103777)
I/org.umd.logging(21645): Api < 1 android.animation.AnimatorSet.start()
I/org.umd.logging(21645): Api > 1 android.animation.AnimatorSet.start(android.animation.AnimatorSet@396987444)
I/org.umd.logging(21645): Api < 1 android.animation.AnimatorSet.start()
I/org.umd.logging(21645): Api > 1 android.media.MediaPlayer.start(android.media.MediaPlayer@810220678)
D/NuPlayerDriver(  191): start(0xb7697e88)
I/org.umd.logging(21645): Api < 1 android.media.MediaPlayer.start()
I/org.umd.logging(21645): Method < 1 com.mobilityware.solitaire.MWView.onTouchEvent(true)
I/org.umd.logging(21645): Method > 1 com.mobilityware.solitaire.MWView$4.run(com.mobilityware.solitaire.MWView$4@1044473020)
I/org.umd.logging(21645): Method < 1 com.mobilityware.solitaire.MWView$4.run()
I/org.umd.logging(21645): Method > 1 com.mobilityware.solitaire.AnimationManager$1.run(com.mobilityware.solitaire.AnimationManager$1@708804506)
I/org.umd.logging(21645): Method < 1 com.mobilityware.solitaire.AnimationManager$1.run()
I/org.umd.logging(21645): Method > 1 com.mobilityware.solitaire.AnimationManager$1.run(com.mobilityware.solitaire.AnimationManager$1@708804506)
I/org.umd.logging(21645): Method < 1 com.mobilityware.solitaire.AnimationManager$1.run()
I/NuPlayerDecoder(  191): [OMX.google.vorbis.decoder] resubmitting CSD
W/SoftVorbis(  191): vorbis_dsp_synthesis returned -135
I/NuPlayerDecoder(  191): [OMX.google.vorbis.decoder] resubmitting CSD
W/SoftVorbis(  191): vorbis_dsp_synthesis returned -135
I/org.umd.logging(21645): Method > 1 com.mobilityware.solitaire.AnimationManager$1.run(com.mobilityware.solitaire.AnimationManager$1@708804506)
I/org.umd.logging(21645): Method < 1 com.mobilityware.solitaire.AnimationManager$1.run()
I/org.umd.logging(21645): Method > 1 com.mobilityware.solitaire.AnimationManager$1.run(com.mobilityware.solitaire.AnimationManager$1@708804506)
I/org.umd.logging(21645): Method < 1 com.mobilityware.solitaire.AnimationManager$1.run()
I/org.umd.logging(21645): Method > 1 com.mobilityware.solitaire.AnimationManager$1.run(com.mobilityware.solitaire.AnimationManager$1@708804506)
I/org.umd.logging(21645): Method < 1 com.mobilityware.solitaire.AnimationManager$1.run()
I/org.umd.logging(21645): Method > 1 com.mobilityware.solitaire.AnimationManager$1.run(com.mobilityware.solitaire.AnimationManager$1@708804506)
I/org.umd.logging(21645): Method < 1 com.mobilityware.solitaire.AnimationManager$1.run()
I/org.umd.logging(21645): Method > 1 com.mobilityware.solitaire.AnimationManager$1.run(com.mobilityware.solitaire.AnimationManager$1@708804506)
I/org.umd.logging(21645): Method < 1 com.mobilityware.solitaire.AnimationManager$1.run()
I/org.umd.logging(21645): Method > 1 com.mobilityware.solitaire.AnimationManager$1.run(com.mobilityware.solitaire.AnimationManager$1@708804506)
I/org.umd.logging(21645): Method < 1 com.mobilityware.solitaire.AnimationManager$1.run()
I/org.umd.logging(21645): Method > 1 com.mobilityware.solitaire.AnimationManager$1.run(com.mobilityware.solitaire.AnimationManager$1@708804506)
I/org.umd.logging(21645): Method < 1 com.mobilityware.solitaire.AnimationManager$1.run()
I/org.umd.logging(21645): Method > 1 com.mobilityware.solitaire.AnimationManager$1.run(com.mobilityware.solitaire.AnimationManager$1@708804506)
I/org.umd.logging(21645): Method < 1 com.mobilityware.solitaire.AnimationManager$1.run()
I/org.umd.logging(21645): Method > 1 com.mobilityware.solitaire.AnimationManager$1.run(com.mobilityware.solitaire.AnimationManager$1@708804506)
I/org.umd.logging(21645): Method < 1 com.mobilityware.solitaire.AnimationManager$1.run()
I/org.umd.logging(21645): Method > 1 com.mobilityware.solitaire.MWView$4.run(com.mobilityware.solitaire.MWView$4@1044473020)
I/org.umd.logging(21645): Method < 1 com.mobilityware.solitaire.MWView$4.run()
I/org.umd.logging(21645): Method < 1053 com.vungle.publisher.bx.run()
I/org.umd.logging(21645): Method < 1053 com.vungle.publisher.bt$a.run()
I/org.umd.logging(21645): Api > 1053 android.net.ConnectivityManager.getActiveNetworkInfo(android.net.ConnectivityManager@712872416)
I/org.umd.logging(21645): Api < 1053 android.net.ConnectivityManager.getActiveNetworkInfo(android.net.NetworkInfo@539015773)
I/org.umd.logging(21645): Method > 1053 com.vungle.publisher.bt$a.run(com.vungle.publisher.bt$a@665182162)
I/org.umd.logging(21645): Method > 1053 com.vungle.publisher.bx.run(com.vungle.publisher.bx@440301731)
I/org.umd.logging(21645): Api > 1053 java.net.URL.openConnection(java.net.URL@644691872<URL=http://api.vungle.com/api/v1/sessionStart>)
I/org.umd.logging(21645): Api < 1053 java.net.URL.openConnection(com.android.okhttp.internal.http.HttpURLConnectionImpl@154378073)
I/org.umd.logging(21645): Method > 1 com.mobilityware.solitaire.MWView$4.run(com.mobilityware.solitaire.MWView$4@1044473020)
I/org.umd.logging(21645): Method < 1 com.mobilityware.solitaire.MWView$4.run()
I/org.umd.logging(21645): Method < 1053 com.vungle.publisher.bx.run()
I/org.umd.logging(21645): Method < 1053 com.vungle.publisher.bt$a.run()
I/org.umd.logging(21645): Method > 1 com.mobilityware.solitaire.MWView$4.run(com.mobilityware.solitaire.MWView$4@1044473020)
I/org.umd.logging(21645): Method < 1 com.mobilityware.solitaire.MWView$4.run()
D/audio_hw_primary(  191): disable_audio_route: reset and update mixer path: low-latency-playback
D/audio_hw_primary(  191): disable_snd_device: snd_device(2: speaker)
I/org.umd.logging(21645): Method > 1 com.mobilityware.solitaire.MWView$4.run(com.mobilityware.solitaire.MWView$4@1044473020)
I/org.umd.logging(21645): Method < 1 com.mobilityware.solitaire.MWView$4.run()
D/audio_hw_primary(  191): select_devices: out_snd_device(2: speaker) in_snd_device(0: none)
D/ACDB-LOADER(  191): ACDB -> send_afe_cal
D/audio_hw_primary(  191): enable_snd_device: snd_device(2: speaker)
D/audio_hw_primary(  191): enable_audio_route: apply and update mixer path: low-latency-playback
E/Cataloger( 3812): syncFile:/storage/emulated/0/2016-11-15_03:05:20.334.jpg
W/ResourceType(21645): No known package when getting name for resource number 0xffffffff
I/org.umd.logging(21645): Method > 1 com.mobilityware.solitaire.Toolbar$8.onClick(com.mobilityware.solitaire.Toolbar$8@808844287, android.widget.ImageButton@767661866<file=2016-11-15_03:05:20.334><x=249><y=1082><width=65><height=72><id=-1>)
E/Cataloger( 3812): syncFile:/storage/emulated/0/2016-11-15_03:05:20.334.jpg
V/WindowManager(  598): not Base app: Adding window Window{23d142dc u0 com.mobilityware.solitaire/com.mobilityware.solitaire.Solitaire} at 4 of 9
I/org.umd.logging(21645): Method < 1 com.mobilityware.solitaire.Toolbar$8.onClick()
I/org.umd.logging(21645): Method > 1 com.mobilityware.solitaire.MWView$4.run(com.mobilityware.solitaire.MWView$4@1044473020)
I/org.umd.logging(21645): Method < 1 com.mobilityware.solitaire.MWView$4.run()
I/org.umd.logging(21645): Method > 1 com.mobilityware.solitaire.MWView$4.run(com.mobilityware.solitaire.MWView$4@1044473020)
I/org.umd.logging(21645): Method < 1 com.mobilityware.solitaire.MWView$4.run()
E/Cataloger( 3812): syncFile:/storage/emulated/0/2016-11-15_03:05:22.322.jpg
I/org.umd.logging(21645): Method > 1 com.mobilityware.solitaire.MWView$18.onClick(com.mobilityware.solitaire.MWView$18@1024429182, android.app.AlertDialog@494699052<file=2016-11-15_03:05:22.322><x=0><y=0><width=640><height=822>, 1)
I/org.umd.logging(21645): Api > 1 java.lang.Thread.start(com.mobilityware.solitaire.WinDeal@397739253<thread=1065>)
I/org.umd.logging(21645): Api < 1 java.lang.Thread.start()
I/org.umd.logging(21645): Method > 1065 com.mobilityware.solitaire.WinDeal.run(com.mobilityware.solitaire.WinDeal@397739253<thread=1065>)
I/org.umd.logging(21645): Api > 1065 java.net.URL.openStream(java.net.URL@169079434<URL=http://apps.mobilityware.com/Solitaire/VerifiedA.php?&v=0&d=3&g=0&z=402&statRows=10&statTabs=3&signature=8e1688494c197b75c3083fe6a0877a12>)
E/Cataloger( 3812): syncFile:/storage/emulated/0/2016-11-15_03:05:22.322.jpg
E/MediaPlayer(21645): Should have subtitle controller already set
I/org.umd.logging(21645): Api > 1 android.media.MediaPlayer.start(android.media.MediaPlayer@1059094779)
D/NuPlayerDriver(  191): start(0xb7668430)
I/GenericSource(  191): start
I/org.umd.logging(21645): Api < 1 android.media.MediaPlayer.start()
I/org.umd.logging(21645): Method < 1 com.mobilityware.solitaire.MWView$18.onClick()
E/MediaPlayer(21645): Should have subtitle controller already set
W/InputMethodManagerService(  598): Window already focused, ignoring focus gain of: com.android.internal.view.IInputMethodClient$Stub$Proxy@31b16561 attribute=null, token = android.os.BinderProxy@1de72d3a
I/org.umd.logging(21645): Api < 1065 java.net.URL.openStream(com.android.okio.RealBufferedSource$1@446561137)
I/org.umd.logging(21645): Method < 1065 com.mobilityware.solitaire.WinDeal.run()
I/org.umd.logging(21645): Method > 1 com.mobilityware.solitaire.MWView$1.run(com.mobilityware.solitaire.MWView$1@124531159)
I/org.umd.logging(21645): Api > 1 android.animation.AnimatorSet.start(android.animation.AnimatorSet@823675106)
I/org.umd.logging(21645): Api < 1 android.animation.AnimatorSet.start()
I/org.umd.logging(21645): Method < 1 com.mobilityware.solitaire.MWView$1.run()
I/org.umd.logging(21645): Method > 1 com.mobilityware.solitaire.AnimationManager$1.run(com.mobilityware.solitaire.AnimationManager$1@708804506)
I/org.umd.logging(21645): Method < 1 com.mobilityware.solitaire.AnimationManager$1.run()
I/org.umd.logging(21645): Method > 1 com.mobilityware.solitaire.MWView$1.run(com.mobilityware.solitaire.MWView$1@124531159)
I/org.umd.logging(21645): Api > 1 android.animation.AnimatorSet.start(android.animation.AnimatorSet@152020905)
I/org.umd.logging(21645): Api < 1 android.animation.AnimatorSet.start()
I/org.umd.logging(21645): Method < 1 com.mobilityware.solitaire.MWView$1.run()
I/org.umd.logging(21645): Method > 1 com.mobilityware.solitaire.AnimationManager$1.run(com.mobilityware.solitaire.AnimationManager$1@708804506)
I/org.umd.logging(21645): Method < 1 com.mobilityware.solitaire.AnimationManager$1.run()
I/org.umd.logging(21645): Method > 1 com.mobilityware.solitaire.MWView$1.run(com.mobilityware.solitaire.MWView$1@124531159)
I/org.umd.logging(21645): Api > 1 android.animation.AnimatorSet.start(android.animation.AnimatorSet@733662812)
I/org.umd.logging(21645): Api < 1 android.animation.AnimatorSet.start()
I/org.umd.logging(21645): Method < 1 com.mobilityware.solitaire.MWView$1.run()
I/org.umd.logging(21645): Method > 1 com.mobilityware.solitaire.AnimationManager$1.run(com.mobilityware.solitaire.AnimationManager$1@708804506)
I/org.umd.logging(21645): Method < 1 com.mobilityware.solitaire.AnimationManager$1.run()
I/org.umd.logging(21645): Method > 1 com.mobilityware.solitaire.MWView$1.run(com.mobilityware.solitaire.MWView$1@124531159)
I/org.umd.logging(21645): Api > 1 android.animation.AnimatorSet.start(android.animation.AnimatorSet@76521195)
I/org.umd.logging(21645): Api < 1 android.animation.AnimatorSet.start()
I/org.umd.logging(21645): Method < 1 com.mobilityware.solitaire.MWView$1.run()
I/org.umd.logging(21645): Method > 1 com.mobilityware.solitaire.AnimationManager$1.run(com.mobilityware.solitaire.AnimationManager$1@708804506)
I/org.umd.logging(21645): Method < 1 com.mobilityware.solitaire.AnimationManager$1.run()
I/org.umd.logging(21645): Method > 1 com.mobilityware.solitaire.AnimationManager$1.run(com.mobilityware.solitaire.AnimationManager$1@708804506)
I/org.umd.logging(21645): Method < 1 com.mobilityware.solitaire.AnimationManager$1.run()
I/org.umd.logging(21645): Method > 1 com.mobilityware.solitaire.MWView$1.run(com.mobilityware.solitaire.MWView$1@124531159)
I/org.umd.logging(21645): Api > 1 android.animation.AnimatorSet.start(android.animation.AnimatorSet@839063558)
I/org.umd.logging(21645): Api < 1 android.animation.AnimatorSet.start()
I/org.umd.logging(21645): Method < 1 com.mobilityware.solitaire.MWView$1.run()
I/org.umd.logging(21645): Method > 1 com.mobilityware.solitaire.AnimationManager$1.run(com.mobilityware.solitaire.AnimationManager$1@708804506)
I/org.umd.logging(21645): Method < 1 com.mobilityware.solitaire.AnimationManager$1.run()
I/org.umd.logging(21645): Method > 1 com.mobilityware.solitaire.MWView$1.run(com.mobilityware.solitaire.MWView$1@124531159)
I/org.umd.logging(21645): Api > 1 android.animation.AnimatorSet.start(android.animation.AnimatorSet@63343645)
I/org.umd.logging(21645): Api < 1 android.animation.AnimatorSet.start()
I/org.umd.logging(21645): Method < 1 com.mobilityware.solitaire.MWView$1.run()
I/org.umd.logging(21645): Method > 1 com.mobilityware.solitaire.AnimationManager$1.run(com.mobilityware.solitaire.AnimationManager$1@708804506)
I/org.umd.logging(21645): Method < 1 com.mobilityware.solitaire.AnimationManager$1.run()
I/org.umd.logging(21645): Method > 1 com.mobilityware.solitaire.MWView$1.run(com.mobilityware.solitaire.MWView$1@124531159)
I/org.umd.logging(21645): Api > 1 android.animation.AnimatorSet.start(android.animation.AnimatorSet@192119904)
I/org.umd.logging(21645): Api < 1 android.animation.AnimatorSet.start()
I/org.umd.logging(21645): Method < 1 com.mobilityware.solitaire.MWView$1.run()
I/org.umd.logging(21645): Method > 1 com.mobilityware.solitaire.AnimationManager$1.run(com.mobilityware.solitaire.AnimationManager$1@708804506)
I/org.umd.logging(21645): Method < 1 com.mobilityware.solitaire.AnimationManager$1.run()
I/org.umd.logging(21645): Method > 1 com.mobilityware.solitaire.MWView$1.run(com.mobilityware.solitaire.MWView$1@124531159)
I/org.umd.logging(21645): Method < 1 com.mobilityware.solitaire.MWView$1.run()
I/org.umd.logging(21645): Method > 1 com.mobilityware.solitaire.AnimationManager$1.run(com.mobilityware.solitaire.AnimationManager$1@708804506)
I/org.umd.logging(21645): Method < 1 com.mobilityware.solitaire.AnimationManager$1.run()
I/org.umd.logging(21645): Method > 1 com.mobilityware.solitaire.AnimationManager$1.run(com.mobilityware.solitaire.AnimationManager$1@708804506)
I/org.umd.logging(21645): Method < 1 com.mobilityware.solitaire.AnimationManager$1.run()
I/org.umd.logging(21645): Method > 1 com.mobilityware.solitaire.MWView$1.run(com.mobilityware.solitaire.MWView$1@124531159)
I/org.umd.logging(21645): Api > 1 android.animation.AnimatorSet.start(android.animation.AnimatorSet@935804863)
I/org.umd.logging(21645): Api < 1 android.animation.AnimatorSet.start()
I/org.umd.logging(21645): Method < 1 com.mobilityware.solitaire.MWView$1.run()
I/org.umd.logging(21645): Method > 1 com.mobilityware.solitaire.AnimationManager$1.run(com.mobilityware.solitaire.AnimationManager$1@708804506)
I/org.umd.logging(21645): Method < 1 com.mobilityware.solitaire.AnimationManager$1.run()
I/org.umd.logging(21645): Method > 1 com.mobilityware.solitaire.MWView$1.run(com.mobilityware.solitaire.MWView$1@124531159)
I/org.umd.logging(21645): Api > 1 android.animation.AnimatorSet.start(android.animation.AnimatorSet@167214570)
I/org.umd.logging(21645): Api < 1 android.animation.AnimatorSet.start()
I/org.umd.logging(21645): Method < 1 com.mobilityware.solitaire.MWView$1.run()
I/org.umd.logging(21645): Method > 1 com.mobilityware.solitaire.AnimationManager$1.run(com.mobilityware.solitaire.AnimationManager$1@708804506)
I/org.umd.logging(21645): Method < 1 com.mobilityware.solitaire.AnimationManager$1.run()
I/org.umd.logging(21645): Method > 1 com.mobilityware.solitaire.MWView$1.run(com.mobilityware.solitaire.MWView$1@124531159)
I/org.umd.logging(21645): Api > 1 android.animation.AnimatorSet.start(android.animation.AnimatorSet@783943249)
I/org.umd.logging(21645): Api < 1 android.animation.AnimatorSet.start()
I/org.umd.logging(21645): Method < 1 com.mobilityware.solitaire.MWView$1.run()
I/org.umd.logging(21645): Method > 1 com.mobilityware.solitaire.AnimationManager$1.run(com.mobilityware.solitaire.AnimationManager$1@708804506)
I/org.umd.logging(21645): Method < 1 com.mobilityware.solitaire.AnimationManager$1.run()
I/org.umd.logging(21645): Method > 1 com.mobilityware.solitaire.MWView$1.run(com.mobilityware.solitaire.MWView$1@124531159)
I/org.umd.logging(21645): Api > 1 android.animation.AnimatorSet.start(android.animation.AnimatorSet@582687524)
I/org.umd.logging(21645): Api < 1 android.animation.AnimatorSet.start()
I/org.umd.logging(21645): Method < 1 com.mobilityware.solitaire.MWView$1.run()
I/org.umd.logging(21645): Method > 1 com.mobilityware.solitaire.AnimationManager$1.run(com.mobilityware.solitaire.AnimationManager$1@708804506)
I/org.umd.logging(21645): Method < 1 com.mobilityware.solitaire.AnimationManager$1.run()
I/org.umd.logging(21645): Method > 1 com.mobilityware.solitaire.AnimationManager$1.run(com.mobilityware.solitaire.AnimationManager$1@708804506)
I/org.umd.logging(21645): Method < 1 com.mobilityware.solitaire.AnimationManager$1.run()
I/org.umd.logging(21645): Method > 1 com.mobilityware.solitaire.MWView$1.run(com.mobilityware.solitaire.MWView$1@124531159)
I/org.umd.logging(21645): Api > 1 android.animation.AnimatorSet.start(android.animation.AnimatorSet@500222035)
I/org.umd.logging(21645): Api < 1 android.animation.AnimatorSet.start()
I/org.umd.logging(21645): Method < 1 com.mobilityware.solitaire.MWView$1.run()
I/org.umd.logging(21645): Method > 1 com.mobilityware.solitaire.AnimationManager$1.run(com.mobilityware.solitaire.AnimationManager$1@708804506)
I/org.umd.logging(21645): Method < 1 com.mobilityware.solitaire.AnimationManager$1.run()
I/org.umd.logging(21645): Method > 1 com.mobilityware.solitaire.MWView$1.run(com.mobilityware.solitaire.MWView$1@124531159)
I/org.umd.logging(21645): Api > 1 android.animation.AnimatorSet.start(android.animation.AnimatorSet@524664462)
I/org.umd.logging(21645): Api < 1 android.animation.AnimatorSet.start()
I/org.umd.logging(21645): Method < 1 com.mobilityware.solitaire.MWView$1.run()
I/org.umd.logging(21645): Method > 1 com.mobilityware.solitaire.AnimationManager$1.run(com.mobilityware.solitaire.AnimationManager$1@708804506)
I/org.umd.logging(21645): Method < 1 com.mobilityware.solitaire.AnimationManager$1.run()
I/org.umd.logging(21645): Method > 1 com.mobilityware.solitaire.MWView$1.run(com.mobilityware.solitaire.MWView$1@124531159)
I/org.umd.logging(21645): Method < 1 com.mobilityware.solitaire.MWView$1.run()
I/org.umd.logging(21645): Method > 1 com.mobilityware.solitaire.AnimationManager$1.run(com.mobilityware.solitaire.AnimationManager$1@708804506)
I/org.umd.logging(21645): Method < 1 com.mobilityware.solitaire.AnimationManager$1.run()
I/org.umd.logging(21645): Method > 1 com.mobilityware.solitaire.MWView$1.run(com.mobilityware.solitaire.MWView$1@124531159)
I/org.umd.logging(21645): Api > 1 android.animation.AnimatorSet.start(android.animation.AnimatorSet@110766661)
I/org.umd.logging(21645): Api < 1 android.animation.AnimatorSet.start()
I/org.umd.logging(21645): Method < 1 com.mobilityware.solitaire.MWView$1.run()
I/org.umd.logging(21645): Method > 1 com.mobilityware.solitaire.AnimationManager$1.run(com.mobilityware.solitaire.AnimationManager$1@708804506)
I/org.umd.logging(21645): Method < 1 com.mobilityware.solitaire.AnimationManager$1.run()
I/org.umd.logging(21645): Method > 1 com.mobilityware.solitaire.MWView$1.run(com.mobilityware.solitaire.MWView$1@124531159)
I/org.umd.logging(21645): Api > 1 android.animation.AnimatorSet.start(android.animation.AnimatorSet@750761640)
I/org.umd.logging(21645): Api < 1 android.animation.AnimatorSet.start()
I/org.umd.logging(21645): Method < 1 com.mobilityware.solitaire.MWView$1.run()
I/org.umd.logging(21645): Method > 1 com.mobilityware.solitaire.AnimationManager$1.run(com.mobilityware.solitaire.AnimationManager$1@708804506)
I/org.umd.logging(21645): Method < 1 com.mobilityware.solitaire.AnimationManager$1.run()
I/org.umd.logging(21645): Method > 1 com.mobilityware.solitaire.MWView$1.run(com.mobilityware.solitaire.MWView$1@124531159)
I/org.umd.logging(21645): Api > 1 android.animation.AnimatorSet.start(android.animation.AnimatorSet@79408295)
I/org.umd.logging(21645): Api < 1 android.animation.AnimatorSet.start()
I/org.umd.logging(21645): Method < 1 com.mobilityware.solitaire.MWView$1.run()
I/org.umd.logging(21645): Method > 1 com.mobilityware.solitaire.AnimationManager$1.run(com.mobilityware.solitaire.AnimationManager$1@708804506)
I/org.umd.logging(21645): Method < 1 com.mobilityware.solitaire.AnimationManager$1.run()
I/org.umd.logging(21645): Method > 1 com.mobilityware.solitaire.MWView$1.run(com.mobilityware.solitaire.MWView$1@124531159)
I/org.umd.logging(21645): Api > 1 android.animation.AnimatorSet.start(android.animation.AnimatorSet@537583090)
I/org.umd.logging(21645): Api < 1 android.animation.AnimatorSet.start()
I/org.umd.logging(21645): Method < 1 com.mobilityware.solitaire.MWView$1.run()
I/org.umd.logging(21645): Method > 1 com.mobilityware.solitaire.AnimationManager$1.run(com.mobilityware.solitaire.AnimationManager$1@708804506)
I/org.umd.logging(21645): Method < 1 com.mobilityware.solitaire.AnimationManager$1.run()
I/org.umd.logging(21645): Method > 1 com.mobilityware.solitaire.MWView$1.run(com.mobilityware.solitaire.MWView$1@124531159)
I/org.umd.logging(21645): Api > 1 android.animation.AnimatorSet.start(android.animation.AnimatorSet@685427705)
I/org.umd.logging(21645): Api < 1 android.animation.AnimatorSet.start()
I/org.umd.logging(21645): Method < 1 com.mobilityware.solitaire.MWView$1.run()
I/org.umd.logging(21645): Method > 1 com.mobilityware.solitaire.AnimationManager$1.run(com.mobilityware.solitaire.AnimationManager$1@708804506)
I/org.umd.logging(21645): Method < 1 com.mobilityware.solitaire.AnimationManager$1.run()
I/org.umd.logging(21645): Method > 1 com.mobilityware.solitaire.AnimationManager$1.run(com.mobilityware.solitaire.AnimationManager$1@708804506)
I/org.umd.logging(21645): Method < 1 com.mobilityware.solitaire.AnimationManager$1.run()
I/org.umd.logging(21645): Method > 1 com.mobilityware.solitaire.MWView$1.run(com.mobilityware.solitaire.MWView$1@124531159)
I/org.umd.logging(21645): Method < 1 com.mobilityware.solitaire.MWView$1.run()
I/org.umd.logging(21645): Method > 1 com.mobilityware.solitaire.AnimationManager$1.run(com.mobilityware.solitaire.AnimationManager$1@708804506)
I/org.umd.logging(21645): Method < 1 com.mobilityware.solitaire.AnimationManager$1.run()
I/org.umd.logging(21645): Method > 1 com.mobilityware.solitaire.MWView$1.run(com.mobilityware.solitaire.MWView$1@124531159)
I/org.umd.logging(21645): Api > 1 android.animation.AnimatorSet.start(android.animation.AnimatorSet@269892332)
I/org.umd.logging(21645): Api < 1 android.animation.AnimatorSet.start()
I/org.umd.logging(21645): Method < 1 com.mobilityware.solitaire.MWView$1.run()
I/org.umd.logging(21645): Method > 1 com.mobilityware.solitaire.AnimationManager$1.run(com.mobilityware.solitaire.AnimationManager$1@708804506)
I/org.umd.logging(21645): Method < 1 com.mobilityware.solitaire.AnimationManager$1.run()
I/org.umd.logging(21645): Method > 1 com.mobilityware.solitaire.MWView$1.run(com.mobilityware.solitaire.MWView$1@124531159)
I/org.umd.logging(21645): Api > 1 android.animation.AnimatorSet.start(android.animation.AnimatorSet@524099771)
I/org.umd.logging(21645): Api < 1 android.animation.AnimatorSet.start()
I/org.umd.logging(21645): Method < 1 com.mobilityware.solitaire.MWView$1.run()
I/org.umd.logging(21645): Method > 1 com.mobilityware.solitaire.AnimationManager$1.run(com.mobilityware.solitaire.AnimationManager$1@708804506)
I/org.umd.logging(21645): Method < 1 com.mobilityware.solitaire.AnimationManager$1.run()
I/org.umd.logging(21645): Method > 1 com.mobilityware.solitaire.AnimationManager$1.run(com.mobilityware.solitaire.AnimationManager$1@708804506)
I/org.umd.logging(21645): Method < 1 com.mobilityware.solitaire.AnimationManager$1.run()
I/org.umd.logging(21645): Method > 1 com.mobilityware.solitaire.MWView$1.run(com.mobilityware.solitaire.MWView$1@124531159)
I/org.umd.logging(21645): Api > 1 android.animation.AnimatorSet.start(android.animation.AnimatorSet@479502358)
I/org.umd.logging(21645): Api < 1 android.animation.AnimatorSet.start()
I/org.umd.logging(21645): Method < 1 com.mobilityware.solitaire.MWView$1.run()
I/org.umd.logging(21645): Method > 1 com.mobilityware.solitaire.AnimationManager$1.run(com.mobilityware.solitaire.AnimationManager$1@708804506)
I/org.umd.logging(21645): Method < 1 com.mobilityware.solitaire.AnimationManager$1.run()
I/org.umd.logging(21645): Method > 1 com.mobilityware.solitaire.MWView$1.run(com.mobilityware.solitaire.MWView$1@124531159)
I/org.umd.logging(21645): Api > 1 android.animation.AnimatorSet.start(android.animation.AnimatorSet@744980333)
I/org.umd.logging(21645): Api < 1 android.animation.AnimatorSet.start()
I/org.umd.logging(21645): Method < 1 com.mobilityware.solitaire.MWView$1.run()
I/org.umd.logging(21645): Method > 1 com.mobilityware.solitaire.AnimationManager$1.run(com.mobilityware.solitaire.AnimationManager$1@708804506)
I/org.umd.logging(21645): Method < 1 com.mobilityware.solitaire.AnimationManager$1.run()
I/org.umd.logging(21645): Method > 1 com.mobilityware.solitaire.MWView$1.run(com.mobilityware.solitaire.MWView$1@124531159)
I/org.umd.logging(21645): Method < 1 com.mobilityware.solitaire.MWView$1.run()
I/org.umd.logging(21645): Method > 1 com.mobilityware.solitaire.AnimationManager$1.run(com.mobilityware.solitaire.AnimationManager$1@708804506)
I/org.umd.logging(21645): Method < 1 com.mobilityware.solitaire.AnimationManager$1.run()
I/org.umd.logging(21645): Method > 1 com.mobilityware.solitaire.MWView$1.run(com.mobilityware.solitaire.MWView$1@124531159)
I/org.umd.logging(21645): Api > 1 android.animation.AnimatorSet.start(android.animation.AnimatorSet@100551664)
I/org.umd.logging(21645): Api < 1 android.animation.AnimatorSet.start()
I/org.umd.logging(21645): Method < 1 com.mobilityware.solitaire.MWView$1.run()
I/org.umd.logging(21645): Method > 1 com.mobilityware.solitaire.AnimationManager$1.run(com.mobilityware.solitaire.AnimationManager$1@708804506)
I/org.umd.logging(21645): Method < 1 com.mobilityware.solitaire.AnimationManager$1.run()
I/org.umd.logging(21645): Method > 1 com.mobilityware.solitaire.AnimationManager$1.run(com.mobilityware.solitaire.AnimationManager$1@708804506)
I/org.umd.logging(21645): Method < 1 com.mobilityware.solitaire.AnimationManager$1.run()
I/org.umd.logging(21645): Method > 1 com.mobilityware.solitaire.MWView$1.run(com.mobilityware.solitaire.MWView$1@124531159)
I/org.umd.logging(21645): Api > 1 android.animation.AnimatorSet.start(android.animation.AnimatorSet@935598223)
I/org.umd.logging(21645): Api < 1 android.animation.AnimatorSet.start()
I/org.umd.logging(21645): Method < 1 com.mobilityware.solitaire.MWView$1.run()
I/org.umd.logging(21645): Method > 1 com.mobilityware.solitaire.AnimationManager$1.run(com.mobilityware.solitaire.AnimationManager$1@708804506)
I/org.umd.logging(21645): Method < 1 com.mobilityware.solitaire.AnimationManager$1.run()
I/org.umd.logging(21645): Method > 1 com.mobilityware.solitaire.MWView$1.run(com.mobilityware.solitaire.MWView$1@124531159)
I/org.umd.logging(21645): Api > 1 android.animation.AnimatorSet.start(android.animation.AnimatorSet@344295674)
I/org.umd.logging(21645): Api < 1 android.animation.AnimatorSet.start()
I/org.umd.logging(21645): Method < 1 com.mobilityware.solitaire.MWView$1.run()
I/org.umd.logging(21645): Method > 1 com.mobilityware.solitaire.AnimationManager$1.run(com.mobilityware.solitaire.AnimationManager$1@708804506)
I/org.umd.logging(21645): Method < 1 com.mobilityware.solitaire.AnimationManager$1.run()
I/org.umd.logging(21645): Method > 1 com.mobilityware.solitaire.MWView$1.run(com.mobilityware.solitaire.MWView$1@124531159)
I/org.umd.logging(21645): Method < 1 com.mobilityware.solitaire.MWView$1.run()
I/org.umd.logging(21645): Method > 1 com.mobilityware.solitaire.AnimationManager$1.run(com.mobilityware.solitaire.AnimationManager$1@708804506)
I/org.umd.logging(21645): Method < 1 com.mobilityware.solitaire.AnimationManager$1.run()
I/org.umd.logging(21645): Method > 1 com.mobilityware.solitaire.MWView$1.run(com.mobilityware.solitaire.MWView$1@124531159)
I/org.umd.logging(21645): Api > 1 android.animation.AnimatorSet.start(android.animation.AnimatorSet@471308449)
I/org.umd.logging(21645): Api < 1 android.animation.AnimatorSet.start()
I/org.umd.logging(21645): Method < 1 com.mobilityware.solitaire.MWView$1.run()
I/org.umd.logging(21645): Method > 1 com.mobilityware.solitaire.AnimationManager$1.run(com.mobilityware.solitaire.AnimationManager$1@708804506)
I/org.umd.logging(21645): Method < 1 com.mobilityware.solitaire.AnimationManager$1.run()
I/org.umd.logging(21645): Method > 1 com.mobilityware.solitaire.MWView$1.run(com.mobilityware.solitaire.MWView$1@124531159)
I/org.umd.logging(21645): Api > 1 android.animation.AnimatorSet.start(android.animation.AnimatorSet@510021044)
I/org.umd.logging(21645): Api < 1 android.animation.AnimatorSet.start()
I/org.umd.logging(21645): Method < 1 com.mobilityware.solitaire.MWView$1.run()
I/org.umd.logging(21645): Method > 1 com.mobilityware.solitaire.AnimationManager$1.run(com.mobilityware.solitaire.AnimationManager$1@708804506)
I/org.umd.logging(21645): Method < 1 com.mobilityware.solitaire.AnimationManager$1.run()
I/org.umd.logging(21645): Method > 1 com.mobilityware.solitaire.MWView$1.run(com.mobilityware.solitaire.MWView$1@124531159)
I/org.umd.logging(21645): Method < 1 com.mobilityware.solitaire.MWView$1.run()
E/Cataloger( 3812): syncFile:/storage/emulated/0/2016-11-15_03:05:24.205.jpg
W/ResourceType(21645): No known package when getting name for resource number 0xffffffff
I/org.umd.logging(21645): Method > 1 com.mobilityware.solitaire.Toolbar$12.onClick(com.mobilityware.solitaire.Toolbar$12@712523090, android.widget.ImageButton@927811619<file=2016-11-15_03:05:24.205><x=356><y=1082><width=65><height=72><id=-1>)
I/org.umd.logging(21645): Method < 1 com.mobilityware.solitaire.Toolbar$12.onClick()
E/Cataloger( 3812): syncFile:/storage/emulated/0/2016-11-15_03:05:24.205.jpg
